Test Suite 'All tests' started at 2026-05-11 15:38:12.420.
Test Suite 'All tests' passed at 2026-05-11 15:38:12.422.
	 Executed 0 tests, with 0 failures (0 unexpected) in 0.000 (0.002) seconds
◇ Test run started.
↳ Testing Library Version: 1743
↳ Target Platform: arm64e-apple-macos14.0
➜ Suite CASFSNodePerfTests skipped: "Skipping performance test"
◇ Suite WindowsTaskConstructionTests started.
◇ Suite CopyPlistTaskTests started.
◇ Suite GenericTaskCachingTests started.
◇ Suite BuildDescriptionTests started.
◇ Suite CacheTests started.
◇ Suite CommandLineToolSpecDiscoveredInfoTests started.
◇ Suite WebAssemblyIntegrationTests started.
◇ Suite SignatureCollectionActionTests started.
◇ Suite AppIntentsNLTrainingTests started.
◇ Suite HeadermapModuleCompatibilityTests started.
◇ Suite StaticTests started.
◇ Suite EnvironmentKeyTests started.
◇ Suite OrderedSetTests started.
◇ Suite SwiftHeaderToolTaskActionTests started.
◇ Suite StaleFileRemovalTests started.
◇ Suite RegisterExecutionPolicyExceptionTaskActionTests started.
◇ Suite ExportLocBuildOperationTests started.
◇ Suite InstallAPIBuildOperationTests started.
◇ Suite PathTestsPlatformSpecific started.
◇ Suite ConcatenateTaskTests started.
◇ Suite CopyTiffTaskTests started.
◇ Suite LazyCacheTests started.
◇ Suite ProcessProductEntitlementsTaskTests started.
◇ Suite CopyStringsFileTaskTests started.
◇ Suite InfoPlistProcessorTaskTests started.
◇ Suite LinkerTests started.
◇ Suite DependencyInfoTests started.
◇ Suite SwiftDriverTests started.
◇ Suite FileCopyTaskTests started.
◇ Suite UnifdefTests started.
◇ Suite AuxiliaryFileTaskTests started.
◇ Suite ProcessProductEntitlementsTaskActionTests started.
◇ Suite ObjectLibraryAssemblerTaskActionTests started.
◇ Suite ClangBuildOperationTests started.
◇ Suite ArchitectureTests started.
◇ Suite RegistryTests started.
◇ Suite ClangModuleVerifierTaskTests started.
◇ Suite BuildDependencyInfoTests started.
◇ Suite StatisticsTests started.
◇ Suite DependencyValidationTests started.
◇ Suite ScopedKeepAliveCacheTests started.
◇ Suite HeadermapTests started.
◇ Suite PrefixHeaderAsModuleTests started.
➜ Suite ArgumentSplittingPerfTests skipped: "Skipping performance test"
◇ Suite PropertyListTests started.
◇ Suite BuildServiceTests started.
➜ Suite MsgPackSerializationPerfTests skipped: "Skipping performance test"
◇ Suite APIDigesterBuildOperationTests started.
◇ Suite ProcessXCFrameworkLibraryTaskActionTests started.
➜ Suite ByteStringPerfTests skipped: "Skipping performance test"
◇ Suite CreateBuildDirectoryTaskActionTests started.
◇ Suite ClangExplicitModulesTests started.
◇ Suite ClangModuleVerifierTests started.
➜ Suite PathPerfTests skipped: "Skipping performance test"
◇ Suite ProcessProductProvisioningProfileTaskTests started.
◇ Suite XCBuildDataArchiveTests started.
➜ Suite StringPerfTests skipped: "Skipping performance test"
◇ Suite LSRegisterURLTests started.
◇ Suite PBXCpTests started.
◇ Suite DocumentationTaskConstructionTests started.
◇ Suite CodeSignTaskConstructionTests started.
◇ Suite TestValidateProductTaskAction started.
◇ Suite VFSTests started.
◇ Suite FnmatchTests started.
◇ Suite MachOTests started.
◇ Suite ObjectLibraryBuildOperationTests started.
◇ Suite DiscoveredDependenciesBuildOperationTests started.
◇ Suite ShellScriptSandboxingTests started.
◇ Suite ClangTests started.
◇ Suite PlatformFilteringTaskConstructionTests started.
➜ Suite GraphAlgorithmsPerfTests skipped: "Skipping performance test"
➜ Suite OrderedSetPerfTests skipped: "Skipping performance test"
◇ Suite DevelopmentAssetsDiagnosticTests started.
◇ Suite VersionTests started.
➜ Suite OutputByteStreamPerfTests skipped: "Skipping performance test"
◇ Suite ClangStaticAnalyzerTests started.
◇ Suite BuildOperationTests started.
◇ Suite ModuleMapTaskConstructionTests started.
◇ Suite CopyTests started.
➜ Suite QueuePerfTests skipped: "Skipping performance test"
◇ Suite HeavyCacheTests started.
◇ Suite LLBuildTests started.
◇ Suite MathTests started.
◇ Suite BuildTaskBehaviorTests started.
➜ Suite DependencyInfoPerfTests skipped: "Skipping performance test"
◇ Suite SwiftModuleOnlyTaskConstructionTests started.
◇ Suite StringTests started.
➜ Suite UtilPerfTests skipped: "Skipping performance test"
◇ Suite ClangStatCacheTests started.
◇ Suite ExportLocTaskConstructionTests started.
◇ Suite BuildToolTaskConstructionTests started.
◇ Suite BuildRuleTaskConstructionTests started.
◇ Suite SwiftBuildOperationTests started.
◇ Suite RateLimiterTests started.
◇ Suite EntitlementsBuildOperationTests started.
◇ Suite PreviewsTaskConstructionTests started.
◇ Suite LinuxDistributionTests started.
◇ Suite SWBWebAssemblyPlatformTests started.
◇ Suite FSProxyTests started.
◇ Suite SWBProtocolUnexpectedTypecodeTests started.
◇ Suite StaticLibraryBuildOperationTests started.
◇ Suite WatchKitTests started.
◇ Suite MessageSerializationTests started.
◇ Suite ServiceCoreTests started.
◇ Suite LinkerTaskConstructionTests started.
◇ Suite MultiPlatformTaskConstructionTests started.
◇ Suite RegExTests started.
➜ Suite TaskConstructionPerfTests skipped: "Skipping performance test"
◇ Suite SceneKitBuildOperationTests started.
◇ Suite PathTests started.
◇ Suite XCStringsTaskConstructionTests started.
◇ Suite HostBuildToolBuildOperationTests started.
◇ Suite ArrayTests started.
◇ Suite ImageFormatTests started.
◇ Suite InstrumentsPackageBuildOperationTests started.
◇ Suite PackageProductConstructionTests started.
◇ Suite WatchBuildOperationTests started.
◇ Suite PluginManagerTests started.
◇ Suite DebugInformationTests started.
◇ Suite ElapsedTimerTests started.
◇ Suite GenerateAppPlaygroundAssetCatalogTaskConstructionTests started.
◇ Suite InstallAPITaskConstructionTests started.
◇ Suite WaitConditionTests started.
◇ Suite SpriteKitBuildOperationTests started.
◇ Suite IndexBuildOperationTests started.
◇ Suite InAppPurchaseContentTaskConstructionTests started.
◇ Suite TAPIFileListTests started.
◇ Suite PreviewsBuildOperationTests started.
◇ Suite LineReaderTests started.
◇ Suite ResponseFileTests started.
◇ Suite SwiftABICheckerTaskConstructionTests started.
◇ Suite GenerixUnixBuildOperationTests started.
◇ Suite LLVMTripleTests started.
◇ Suite BuildOperationDescriptionTests started.
◇ Suite ClangModulesTaskConstructionTests started.
◇ Suite PostprocessingTaskConstructionTests started.
◇ Suite CodeSigningBuildOperationTests started.
◇ Suite QNXBuildOperationTests started.
◇ Suite FileHandleTests started.
◇ Suite GenericUnixSwiftSDKTaskConstructionTests started.
◇ Suite AppIntentsMetadataTaskConstructionTests started.
◇ Suite NumericArrayTests started.
◇ Suite CompilationCachingTaskConstructionTests started.
➜ Suite ClangExplicitModulesPerfTests skipped: "Skipping performance test"
◇ Suite RebuildTests started.
◇ Suite ArgumentSplittingTests started.
◇ Suite SDKImportsBuildOperationTests started.
◇ Suite BuildBacktraceTests started.
➜ Suite SwiftDriverPerfTests skipped: "Skipping performance test"
◇ Suite AssetCatalogTaskConstructionTests started.
➜ Suite DependencyValidatorPerfTests skipped: "Skipping performance test"
◇ Suite DsymGenerationBuildOperationTests started.
◇ Suite MiscTests started.
◇ Suite MsgPackSerializationTests started.
◇ Suite XCStringsSymbolGenTests started.
◇ Suite ToolchainCASPluginTests started.
◇ Suite DeviceFamilyBuildOperationTests started.
◇ Suite UserDefaultsTests started.
➜ Suite PathWindowsTests skipped: "This test requires a [SWBUtil.OperatingSystem.windows] host OS."
◇ Suite CASFSNodeTests started.
◇ Suite QueueTests started.
◇ Suite IndexBuildTaskConstructionTests started.
➜ Suite SerializationPerfTests skipped: "Skipping performance test"
◇ Suite HostBuildToolTaskConstructionTests started.
◇ Suite AndroidTaskConstructionTests started.
◇ Suite CustomTaskBuildOperationTests started.
◇ Suite CustomTaskConstructionTests started.
◇ Suite OnDemandResourcesTests started.
◇ Suite CountedSetTests started.
➜ Suite MacroConfigFileParsingPerfTests skipped: "Skipping performance test"
◇ Suite MergeableLibrariesBuildOperationTests started.
◇ Suite BuildCommandTests started.
◇ Suite PIFSerializationTests started.
◇ Suite SignaturesTests started.
➜ Suite MacroEvaluationPerfTests skipped: "Skipping performance test"
◇ Suite GraphAlgorithmsTests started.
◇ Suite AndroidBuildOperationTests started.
◇ Suite PackageBuildOperationTests started.
◇ Suite AndroidNDKTests started.
◇ Suite CleanOperationTests started.
◇ Suite ObjectiveCSymbolExtractorTests started.
◇ Suite ShellScriptTaskConstructionTests started.
◇ Suite IntTests started.
◇ Suite AssertionTests started.
◇ Suite ProcessTests started.
◇ Suite TaskCheckingTests started.
➜ Suite BuildOperationPerfTests skipped: "Skipping performance test"
➜ Suite CommandLineSpecPerfTests skipped: "Skipping performance test"
◇ Suite ClangCompilationCachingTests started.
◇ Suite TrackedDomainTaskConstructionTests started.
◇ Suite CodeCoverageTaskConstructionTests started.
◇ Suite EXUtilTaskConstructionTests started.
◇ Suite PrelinkedObjectFileTests started.
➜ Suite BuildServicePerfTests skipped: "Skipping performance test"
◇ Suite OutputByteStreamTests started.
◇ Suite MacroConfigFileParsingTests started.
◇ Suite StaticLinuxSDKIntegrationTests started.
◇ Suite StaleFileRemovalTests started.
➜ Suite MacroExpressionParsingPerfTests skipped: "Skipping performance test"
➜ Suite ModulesVerifierPerfTests skipped: "Skipping performance test"
➜ Suite FilePathResolverPerfTests skipped: "Skipping performance test"
◇ Suite AppleInputFileGroupingStrategyTests started.
◇ Suite EmbeddedBinaryValidationTests started.
◇ Suite BuildDescriptionConstructionTests started.
➜ Suite CorePerfTests skipped: "Skipping performance test"
◇ Suite AppleCommandLineToolSpecDiscoveredInfoTests started.
➜ Suite XCFrameworkCreationPerfTests skipped: "Skipping performance test"
➜ Suite OptimizationRemarksTests skipped: "Skipping because libRemarks.dylib is not available."
➜ Suite SettingsPerfTests skipped: "Skipping performance test"
◇ Suite AppleCommandLineSpecTests started.
◇ Suite DriverKitTaskConstructionTests started.
➜ Suite BuildParameterPerfTests skipped: "Skipping performance test"
◇ Suite InfoPlistBuildOperationTests started.
◇ Suite MacroNameParsingTests started.
◇ Suite AndroidSDKTests started.
◇ Suite ByteStringTests started.
◇ Suite CollectionDifferenceExtensionsTests started.
◇ Suite HashContextTests started.
◇ Suite DependencyScopingTaskConstructionTests started.
◇ Suite WatchTaskConstructionTests started.
◇ Suite CodeGenerationToolTests started.
◇ Suite DictionaryTests started.
◇ Suite FlagPatternTests started.
◇ Suite MacroStringListEvaluationTests started.
◇ Suite MacroStringListParsingTests started.
◇ Suite XCFrameworkBuildOperationTests started.
◇ Suite EnvironmentTests started.
◇ Suite InspectBuildDescriptionTests started.
◇ Suite ProductTypesTests started.
◇ Suite DependencyClosureTests started.
◇ Suite BuildCommandTests started.
◇ Suite MacroBasicTests started.
◇ Suite ObjectLibraryTaskConstructionTests started.
◇ Suite EagerCompilationTests started.
◇ Suite GeneratePreviewInfoTests started.
◇ Suite MacroPropertyListEvaluationTests started.
◇ Suite TrackedDomainOperationTests started.
◇ Suite BuildParametersTests started.
◇ Suite BuildServerTests started.
◇ Suite IntermediateStubTaskConstructionTests started.
◇ Suite MacroStringEvaluationTests started.
◇ Suite DependencyScopingTests started.
◇ Suite CircularDependencyTests started.
◇ Suite ClangModuleVerifierBuiltinTaskConstructionTests started.
◇ Suite PlatformFilterTests started.
◇ Suite CSVTests started.
◇ Suite DependencyCycleDiagnosticsTests started.
◇ Suite InstallLocTaskConstructionTests started.
◇ Suite DeferredExecutionTests started.
◇ Suite InfoPlistTaskConstructionTests started.
◇ Suite MacroStringParsingTests started.
◇ Suite AppShortcutsStringsValidationTests started.
◇ Suite SwiftBuildTraceTests started.
◇ Suite CoreTests started.
◇ Suite EagerLinkingTests started.
◇ Suite MacroPathAndPathListEvaluationTests started.
◇ Suite SettingsLookupTests started.
◇ Suite BuildConfigTests started.
◇ Suite DriverKitBuildOperationTests started.
◇ Suite MacroConditionTripleTests started.
◇ Suite MacroNamespaceTests started.
◇ Suite SwiftTaskConstructionTests started.
◇ Suite DiagnosticsTests started.
◇ Suite OnDemandResourcesTaskConstructionTests started.
◇ Suite UnitTestBuildOperationTests started.
◇ Suite WorkspaceDiagnosticsTests started.
◇ Suite DocumentationBuildTests started.
◇ Suite ModuleVerifierFilenameMapTests started.
◇ Suite BuildActionTaskConstructionTests started.
◇ Suite MacroConditionExpressionTests started.
◇ Suite LibtoolTaskConstructionTests started.
◇ Suite SwiftCompilationCachingTests started.
◇ Suite AppleScriptTests started.
◇ Suite ServiceConsoleTests started.
◇ Suite ArenaIndexingInfoTests started.
◇ Suite AppClipsTests started.
◇ Suite ModuleVerifierTaskConstructionTests started.
◇ Suite XcodeCommandsTests started.
◇ Suite ReadOnlySettingsTaskConstructionTests started.
◇ Suite SDKRegistryTests started.
◇ Suite ResourcesTaskConstructionTests started.
◇ Suite FilePathResolverTests started.
◇ Suite MacCatalystTests started.
◇ Suite XCFrameworkTests started.
◇ Suite XCFrameworkTaskConstructionTests started.
◇ Suite XCFrameworkCreationParsingTests started.
◇ Suite ModuleVerifierFrameworkTests started.
◇ Suite ImplicitDependencyResolutionTests started.
◇ Suite ValidationTests started.
◇ Suite XCFrameworkInfoPlistv1ParsingTests started.
◇ Suite DocumentationDiagnosticsOutputParserTests started.
◇ Suite ToolsetTaskConstructionTests started.
◇ Suite TaskOrderingTests started.
➜ Suite LocalizationInfoTests skipped: "swift-driver does not support localized string extraction"
◇ Suite BuildFileTests started.
◇ Suite SerializationTests started.
◇ Suite SwiftSDKToolsetSettingsTests started.
◇ Suite ProvisioningTaskInputsTests started.
◇ Suite ToolchainRegistryTests started.
◇ Suite ClangStatCacheTaskConstructionTests started.
◇ Suite InstallTaskConstructionTests started.
◇ Suite HeadermapTaskConstructionTests started.
◇ Suite AppClipTaskConstructionTests started.
◇ Suite ImpartedBuildPropertiesTests started.
◇ Suite PlatformRegistryTests started.
◇ Suite BuildPhaseFusionTests started.
◇ Suite WatchTests started.
◇ Suite PIFLoadingUnitTests started.
◇ Suite IndexSelectConfiguredTargetTests started.
◇ Suite PrebuiltsTaskConstructionTests started.
◇ Suite TargetDependencyTests started.
◇ Suite MergeableLibraryTests started.
◇ Suite SwiftCompilerSpecTests started.
◇ Suite DocumentationInfoTests started.
◇ Suite RealityAssetsTaskConstructionTests started.
◇ Suite GeneralCommandsTests started.
◇ Suite UnitTestTaskConstructionTests started.
◇ Suite SandboxingOverrideTests started.
◇ Suite SignatureCollectionTaskConstructionTests started.
◇ Suite SettingsEditorTests started.
◇ Suite XCConfigTests started.
◇ Suite ClangModuleVerifierCommonTaskConstructionTests started.
◇ Suite LocalizationInfoSymbolGenTests started.
◇ Suite BuildDescriptionLifecycleTests started.
◇ Suite KernelExtensionTaskConstructionTests started.
◇ Suite DriverKitTests started.
◇ Suite ServiceTests started.
◇ Suite ArtifactBundleTaskConstructionTests started.
◇ Suite SessionCommandsTests started.
◇ Suite PlannedNodeTests started.
◇ Suite UnsupportedBehaviorTaskConstructionTests started.
◇ Suite CreateXCFrameworkCommandTests started.
◇ Suite SpecRegistryTests started.
◇ Suite FileToBuildTests started.
◇ Suite AppExtensionTaskConstructionTests started.
◇ Suite PIFTests started.
◇ Suite ProvisioningTests started.
◇ Suite MacroEvaluationTests started.
◇ Suite SettingsTests started.
◇ Suite ClangResponseFileTaskConstructionTests started.
◇ Suite ModuleVerifierHeaderTests started.
◇ Suite WorkspaceHeaderIndexTests started.
◇ Suite FileTextEncodingTests started.
◇ Suite TaskConstructionTests started.
◇ Suite CommandLineToolSpecDiscoveredInfoTests started.
◇ Suite DocumentationCompilerSpecTests started.
◇ Suite XCFrameworkCreationCommandTests started.
◇ Suite BuildPhasesTests started.
◇ Suite BuildRuleTests started.
◇ Suite ProductPlannerTests started.
◇ Suite PIFLoadingFunctionalTests started.
◇ Suite BuildRuleTests started.
◇ Suite DependencyResolutionSupportTests started.
◇ Suite CommandLineSpecTests started.
◇ Suite PlatformTaskConstructionTests started.
◇ Suite BuildOperationTests started.
◇ Suite IndexDependencyResolutionTests started.
◇ Suite ProjectTests started.
◇ Suite BuildCommandTests started.
◇ Suite BuildSettingsTests started.
◇ Suite FileToBuildGroupTests started.
◇ Suite CustomTaskTests started.
◇ Suite SpecParserTests started.
◇ Suite WorkspaceDiffTests started.
◇ Suite IndexingInfoTests started.
◇ Suite BuildLogTests started.
◇ Suite SettingsRunDestinationsTests started.
◇ Suite TargetsTests started.
◇ Suite ReferencesTests started.
◇ Suite SpecLoadingTests started.
◇ Suite ProjectModelItemUnitTests started.
◇ Suite RecursiveSearchPathResolverTests started.
◇ Suite MetalTests started.
◇ Suite ModuleVerifierModuleMapTests started.
◇ Suite ClangSerializedDiagnosticsTests started.
◇ Suite PlatformFilteringTests started.
◇ Suite CommandLineSpecSimulatedTests started.
◇ Suite MultiPlatformDependencyResolverTests started.
◇ Suite InputFileGroupingStrategyTests started.
◇ Suite XCFrameworkCreationParsingErrorsTests started.
◇ Suite IncrementalPIFLoadingTests started.
◇ Suite PIFInlineLoadingTests started.
◇ Suite ShellScriptEnvironmentTests started.
◇ Suite MacroEvaluationExtensionsTests started.
◇ Suite ModuleVerifierTargetTests started.
◇ Suite SwiftCompilerOutputParserTests started.
◇ Suite ToolchainTests started.
◇ Suite SuperimposedPropertiesTests started.
◇ Suite ExplicitDependencyResolutionTests started.
➜ Test largeDirectoryHierarchyImportPerf() skipped: "Skipping performance test"
➜ Test largeFileImportPerf() skipped: "Skipping performance test"
➜ Test largeDirectoryHierarchyExportPerf() skipped: "Skipping performance test"
➜ Test largeFileExportPerf() skipped: "Skipping performance test"
◇ Suite BuiltinMacrosTests started.
➜ Test windowsLibcFlags(runtime:) skipped: "required SDKs are not installed."
◇ Test openStepToXMLCopy() started.
◇ Test openStepToBinaryCopy() started.
◇ Test openStepToOpenStepCopy() started.
◇ Test validation() started.
◇ Test repeatedReplay() started.
◇ Test bundleWithNoArchs() started.
◇ Test diagnostics() started.
◇ Test manifestWithDeviceAgnosticDisabled() started.
◇ Test basicCopy() started.
◇ Test bundleWithNoArchsAndSourceFile() started.
➜ Test discoveredLdLinkerSpecInfo_Windows() skipped: "required SDKs are not installed."
◇ Test determinism() started.
◇ Test multipleCreators() started.
◇ Test ibtoolCachingBasics() started.
◇ Test manifestWithDeviceAgnosticDefault() started.
◇ Test basics() started.
◇ Test manifestWithDeviceAgnosticEnabled() started.
◇ Test assetCatalogCachingBasics() started.
➜ Test basicCExecutable() skipped: "no matching Swift SDK found"
◇ Test recursiveSearchPathValidation() started.
➜ Test basicSwiftExecutable() skipped: "no matching Swift SDK found"
➜ Test hostToolAndWasmExecutable() skipped: "no matching Swift SDK found"
◇ Test manifestStructure() started.
➜ Test unitTestWithGeneratedEntryPoint(framework:) skipped: "no matching Swift SDK found"
◇ Test multipleFrameworkTargetsWithSamePackage() started.
➜ Test signatureCollectionOutputAdHocSigned() skipped: "Test is not supported when building Swift Build as a package"
◇ Test bundleWithNoSources() started.
◇ Test SHA256HexString() started.
◇ Test serializable() started.
◇ Test basic() started.
◇ Test comparable() started.
◇ Test equatable() started.
◇ Test appIntentsNLTraining() started.
◇ Test customStringConvertible() started.
◇ Test basics() started.
◇ Test encodable() started.
◇ Test signatureCollectionOutputAppleSigned() started.
◇ Test expressibleByStringLiteral() started.
◇ Test signatureCollectionOutputNotSigned() started.
◇ Test hashable() started.
◇ Test conversion() started.
◇ Test nodeIdentifier() started.
◇ Test subtraction() started.
◇ Test errors() started.
◇ Test arrayLiteralConversion() started.
◇ Test testMultiArchDoesNotRewriteIdenticalOutput() started.
◇ Test diagnostics() started.
◇ Test implicitDependency() started.
◇ Test testSingleArchDoesNotRewriteIdenticalOutput() started.
◇ Test testSingleArch() started.
➜ Test staleFileRemovalBasics() skipped: "required SDKs are not installed."
◇ Test testTwoArchs() started.
◇ Test decodable() started.
➜ Test embeddedExecutable() skipped: "no matching Swift SDK found"
◇ Test stubifyAvoidsRelinkingWhenExportedSymbolsDoNotChange() started.
◇ Test locExportGeneratesIntermediateStubs() started.
◇ Test locExportBuildsHeaders() started.
◇ Test frameworkIncrementalInstallAPI() started.
◇ Test UTF16LEToUTF16() started.
◇ Test testFallbackArch() started.
◇ Test tiffutilBasedFailingCopy() started.
◇ Test dylibIncrementalInstallAPI() started.
◇ Test rawRepresentable() started.
◇ Test UTF32LEToUTF16() started.
◇ Test basicCopy() started.
◇ Test realityToolCachingBasics() started.
◇ Test testNoFallbackArch() started.
◇ Test entitlementsBasics() started.
◇ Test UTF16ImpliedToUTF16() started.
◇ Test concatenate() started.
◇ Test frameworkIncrementalInstallAPIPostHeaderRemoval() started.
◇ Test diagnostics() started.
◇ Test failedRegister() started.
◇ Test conformantPathsPOSIX() started.
◇ Test linkerDriverDiagnosticsParsing() started.
◇ Test unknownEncoding() started.
◇ Test orderedSetBasicFunctionality() started.
◇ Test append() started.
◇ Test objCxxTargetLinksWithSwiftStdlibIfDepUsesSwiftCxxInterop() started.
◇ Test UTF8ImpliedBOMToUTF16() started.
◇ Test alternateLinkerSelection() started.
◇ Test UTF16BEToUTF16() started.
◇ Test binaryPlistConversionFailure() started.
◇ Test UTF16ToUTF16() started.
◇ Test prelinkingPropagatesPlatformVersion() started.
◇ Test emptyFileWithUTF16OutputEncoding() started.
◇ Test signatureCollectionDiagnostics() started.
◇ Test wrongEncoding() started.
◇ Test diagnostics() started.
◇ Test encoding() started.
◇ Test installAPIHeaderPlatformFiltering() started.
◇ Test UTF32BEToUTF16() started.
◇ Test encodingErrors() started.
◇ Test UTF8BOMToUTF16() started.
◇ Test renameInfoPlistStringsName() started.
◇ Test singleThreadedWMOCompilation() started.
◇ Test decoding() started.
◇ Test systemModuleOutsideSysrootHeaderChangeInvalidatesPlanning() started.
◇ Test decodingErrors() started.
◇ Test swiftDriverJobExecutionEnvironment() started.
◇ Test swiftEagerLinking() started.
◇ Test explicitBuildWithMultipleProjects(arch:) started.
◇ Test uTF8ImpliedToUTF16() started.
◇ Test roundTrip() started.
◇ Test wrongEncodingUTF8ReallyUTF16() started.
◇ Test incrementalBuild_invalidateDownstreamPlanning() started.
◇ Test normalization() started.
◇ Test incrementalBuildRecordCorrectlyPersistsCompileFailures() started.
◇ Test threadSafety() started.
➜ Test ensureIdenticalCommandLinesWithDifferentDependenciesAreNotDeduplicated() skipped: "Test is not supported when building Swift Build as a package"
◇ Test emptyFile() started.
◇ Test UTF8ToBinaryPlist() started.
◇ Test explicitPCMDeduplicationWithBuildVariant() started.
➜ Test explicitBuildModuleSharingWithResponseFiles() skipped: "Skip test in debug builds for performance reasons"
◇ Test userModuleHeaderChangeInvalidatesPlanning() started.
◇ Test diagnostics() started.
➜ Test conformantPathsWindows() skipped: "This test requires a [SWBUtil.OperatingSystem.windows] host OS."
◇ Test incrementalBuild_changeSameFile() started.
◇ Test explicitBuildWithAPrecompiledHeader() started.
◇ Test UTF8ToUTF16() started.
◇ Test jobDiscoveryDoesNotFailAfterNonFatalError() started.
◇ Test validationFailure() started.
◇ Test documentationBuild() started.
◇ Test verifyModule(enableWMO:) started.
◇ Test diagnosingMissingTargetDependenciesWithDependencyDomains() started.
◇ Test driverInitDiagnostics() started.
◇ Test explicitBuild() started.
◇ Test prepareForIndexing() started.
◇ Test swiftEagerLinkingFrameworkWithShallowBundle() started.
◇ Test unifdefActionSignatureChange() started.
◇ Test jobDiscoveryActivityLog() started.
◇ Test swiftEagerCompilation_WMObutNoLibraryEvolution() started.
◇ Test diagnostics() started.
◇ Test planningErrorsFailTask() started.
◇ Test manySwiftFlags() started.
◇ Test basics() started.
◇ Test logContents() started.
◇ Test swiftEagerCompilation() started.
◇ Test missingFileCopy() started.
◇ Test multipleArchs() started.
◇ Test incrementalBuild_nullBuildPlanning() started.
◇ Test incrementalBuild_eagerCompilation() started.
◇ Test skipInstall() started.
◇ Test progressStatistics() started.
◇ Test explicitBuildWithMixedSourceTarget() started.
◇ Test swiftDriverPlanning() started.
◇ Test swiftEagerCompilation_WMO() started.
◇ Test diagnostics_WMO() started.
◇ Test simpleDirectoryCopy() started.
◇ Test explicitBuildDefaultFromBlocklist() started.
◇ Test precompiledHeader() started.
◇ Test singleFileCopy() started.
◇ Test indexingAndPreviewInfo() started.
◇ Test incrementalExplicitModulesLinkerSwiftmoduleRegistration() started.
◇ Test macOSEntitlements() started.
◇ Test noDuplicates() started.
◇ Test explicitModuleDeduplicationBasics() started.
◇ Test diagnosingLanguageFeatureEnablement() started.
◇ Test diagnosingMissingTargetDependencies() started.
◇ Test hostArchitecture() started.
◇ Test discoveredDependencies() started.
◇ Test signature() started.
◇ Test compatibleArchs() started.
◇ Test lazyKeyValueCache() started.
◇ Test inputGenerationNoPublicMap() started.
◇ Test headerDependenciesOnSystemModuleOutsideSysroot() started.
◇ Test inputGenerationCommandLineErrors() started.
◇ Test registryFunctionality() started.
◇ Test dependencyValidationModuleCache() started.
◇ Test duplicateFileHandling() started.
◇ Test lazyCache() started.
◇ Test serialization() started.
◇ Test keepInfoPlistStrings() started.
◇ Test performTaskAction() started.
◇ Test basicsSwift4_2() started.
◇ Test dependencyValidationWithSymlinks() started.
◇ Test dependencyValidationError() started.
◇ Test minimumSystemVersionValidation_macOS() started.
◇ Test threadSafety() started.
◇ Test dependencyValidationWarning() started.
◇ Test processingInfoPlistConfiguredForPlatform_MacCatalyst() started.
◇ Test dependencyValidation() started.
◇ Test infoPlistWithRequiredArchitecturesDictionary() started.
◇ Test scopedKeepAliveCacheCache() started.
◇ Test precompiledHeaderAsModuleCxx() started.
◇ Test explicitModulesLinkerSwiftmoduleRegistration() started.
◇ Test fourCodeCharacterDiagnosticForGeneratingPackage() started.
◇ Test precompiledHeaderAsModule() started.
◇ Test frameworksPhaseInputs() started.
◇ Test processingInfoPlistConfiguredForPlatform_watchOS() started.
◇ Test processingInfoPlistConfiguredForPlatform_tvOS() started.
◇ Test NSExceptionMinimumTLSVersionDeprecationWarning_iOS() started.
◇ Test scopedKeepAliveCacheConcurrent() started.
◇ Test moduleMapFileVerifier() started.
◇ Test swiftEagerCompilationWithExplicitModules() started.
➜ Test commandLineEncodingPerformance() skipped: "Skipping performance test"
◇ Test inputGenerationNoPrivateMap() started.
◇ Test inputGenerationBasic() started.
◇ Test JSONDictEncoding() started.
◇ Test inputGenerationPrivate() started.
◇ Test UILaunchImagesDeprecationWarning_iOS() started.
◇ Test defaultKeyAdditions() started.
◇ Test keyPaths() started.
◇ Test buildSettingsInputs() started.
◇ Test dependencyValidationNone() started.
◇ Test processingInfoPlistConfiguredForBothMacCatalystAndIOS() started.
◇ Test infoPlistProcessorTask() started.
◇ Test propertyListConversionErrorEquatableErrorType() started.
➜ Test processingInfoPlistConfiguredForPlatform_visionOS() skipped: "required SDKs are not installed."
◇ Test processingInfoPlistConfiguredForPlatform_iOS() started.
◇ Test NSExceptionMinimumTLSVersionDeprecationWarning_watchOS() started.
◇ Test CLKComplicationSupportedFamiliesDeprecationWarning() started.
◇ Test usageDescriptionKeyWarning() started.
◇ Test infoPlistFileContentsBuildSetting() started.
◇ Test bundleIdentifierWithAllValidCharacters() started.
◇ Test readMinimalHmap() started.
◇ Test deterministicBinarySerialization() started.
◇ Test valueProperties() started.
◇ Test precompiledHeaderAsModuleImplicit() started.
◇ Test deterministicDescription() started.
◇ Test loadingJSONFile() started.
◇ Test UILaunchImagesDeprecationWarning_tvOS() started.
➜ Test initialization() skipped: "Skipping performance test"
◇ Test mergingTrackedDomainsInfo_WithTopLevelAppDomains() started.
◇ Test tSanSpecialKeyAddition() started.
◇ Test basicCopy() started.
◇ Test apiDigesterDisableFailOnError() started.
◇ Test concreteBooleans() started.
◇ Test loadingData() started.
◇ Test isEmpty() started.
◇ Test JSONEncoding() started.
◇ Test errorMessageForMissingFramework() started.
➜ Test deserializingDictionary_2X3Elements_X100000() skipped: "Skipping performance test"
➜ Test deserializingArray_5X5Elements_X100000() skipped: "Skipping performance test"
◇ Test processingInfoPlistConfiguredForPlatform_macOS() started.
◇ Test macCatalystSupportsProductTypes() started.
◇ Test loadingDate() started.
◇ Test buildTargetInfoUnrecognizedTriple() started.
◇ Test comparison() started.
◇ Test loadingBasics() started.
◇ Test infoPlistRequiredArchitecturesCleanup() started.
◇ Test objectFileVerifier() started.
◇ Test writeMinimalHmap() started.
◇ Test insert() started.
◇ Test infoPlistWithRequiredArchitecturesArray() started.
➜ Test deserializingString_5Elements_X100000() skipped: "Skipping performance test"
➜ Test serializingArray_5X5Elements_X100000() skipped: "Skipping performance test"
◇ Test createXCFramework() started.
➜ Test deserializingCustomElement_100Elements_X10000() skipped: "Skipping performance test"
◇ Test signature() started.
◇ Test processingInfoPlistForMacCatalyst() started.
◇ Test buildTargetInfo(_:) started.
◇ Test scannerDiagnostics() started.
➜ Test serializingCustomElement_100Elements_X10000() skipped: "Skipping performance test"
◇ Test cachedBuild() started.
◇ Test JSONStringEncoding() started.
◇ Test macOSDocumentAppWithOpenInPlaceSettingNO() started.
◇ Test explicitModulesLibclangOpenFailure() started.
➜ Test deserializingCustomElementHierarchy_100X100X100Elements_X1() skipped: "Skipping performance test"
◇ Test mergingPlatformAdditionalInfo() started.
◇ Test NSExceptionMinimumTLSVersionDeprecationWarning_macOS() started.
◇ Test convertingToBytes() started.
◇ Test copyForLibraryWithHeaders() started.
◇ Test fileNameMap() started.
◇ Test bundleIdentifierNonString() started.
◇ Test explicitModulesWithLauncher() started.
◇ Test incrementalBuildHeaderRemoval() started.
➜ Test normalizePerf_X100000() skipped: "Skipping performance test"
◇ Test bundlePackageTypeAndBundleSignatureAreProperlyEvaluated() started.
➜ Test serializingDictionary_2X3Elements_X100000() skipped: "Skipping performance test"
◇ Test infoPlistWithRequiredArchitecturesEmpty() started.
➜ Test serializingString_5Elements_X100000() skipped: "Skipping performance test"
◇ Test incrementalHeaderRename() started.
◇ Test minimumSystemVersionValidation_iOS() started.
➜ Test serializingScalar_13Elements_X100000() skipped: "Skipping performance test"
◇ Test explicitModules() started.
◇ Test diagnostics() started.
◇ Test incrementalBuildsDoNotAccumulateModuleVariantsWhenSignaturesChange() started.
➜ Test joinPerf_X100000() skipped: "Skipping performance test"
◇ Test incrementalBuildBasics() started.
◇ Test mergingTrackedDomainsInfo_WithNoTopLevelAppDomains() started.
◇ Test bundleIdentifierWithInvalidCharacters() started.
➜ Test creationFromASCIIBuffer_X100000() skipped: "Skipping performance test"
➜ Test dirnamePerf_X100000() skipped: "Skipping performance test"
➜ Test deserializingScalar_13Elements_X100000() skipped: "Skipping performance test"
➜ Test fileExtensionPerf_X100000() skipped: "Skipping performance test"
◇ Test explicitModulesProducesCorrectDependencyInfoWhenPathContainsWhitespace() started.
➜ Test serializingCustomElementHierarchy_100X100X100Elements_X1() skipped: "Skipping performance test"
➜ Test fileSuffixPerf_X100000() skipped: "Skipping performance test"
◇ Test UILaunchImagesDeprecationWarning_tvOSLegacy() started.
◇ Test diagnostics() started.
◇ Test explicitModulesSharingOfDependencies() started.
➜ Test basenamePerf_X100000() skipped: "Skipping performance test"
◇ Test failedRegister() started.
◇ Test appClipUnusedKeysWarning() started.
◇ Test skipCopyIfContentsEqual() started.
➜ Test splitPerf_X100000() skipped: "Skipping performance test"
◇ Test appendBuildDataSerial() started.
➜ Test basenameWithoutSuffixPerf_X100000() skipped: "Skipping performance test"
◇ Test bundleIdentifierWithTeamIdentifierPrefix() started.
◇ Test diagnostics() started.
➜ Test explicitModulesEnvironment() skipped: "setting global environment interferes concurrent tests"
◇ Test dependencyInfoIngestion() started.
◇ Test mergeCFBundleIcons() started.
◇ Test diagnosingMissingTargetDependencies() started.
◇ Test relativeDestinationToCWD() started.
◇ Test explicitModulesMultipleSources() started.
◇ Test codesignOptionFlags() started.
◇ Test codesignHardenedRuntimeForSupportedDestinations() started.
◇ Test clangExplicitModulesScannerDependencyRollupIsComplete() started.
◇ Test runDocumentationCompilerInRegularBuild() started.
◇ Test generatedInfoPlistWithExistingKeys() started.
◇ Test iOSDocumentAppWithoutOpenInPlaceSetting() started.
◇ Test VFSSerialization() started.
◇ Test codesignWithLaunchConstraints() started.
➜ Test withoutSuffixPerf_X100000() skipped: "Skipping performance test"
◇ Test embeddedFrameworksValidationHaveShallowBundleFormatForDeepBundle() started.
◇ Test additionalBuildVariantsDoNotCauseDuplicateBuilds() started.
◇ Test additionalCodeSignInputs() started.
◇ Test entitlementsDictionaryProcessing() started.
◇ Test expandedTargetTypesSupportBuildingDocumentation() started.
◇ Test provisioningProfileBasics() started.
◇ Test incrementalTUChangeDoesNotForceModuleRebuilds() started.
◇ Test appSandboxEntitlementAndBuildSettingConflictEmitsExpectedDiagnostics() started.
◇ Test codesignWithKeychainPathOverride() started.
◇ Test codesignWithLibraryConstraints() started.
◇ Test NSExceptionMinimumTLSVersionDeprecationWarning_tvOS() started.
◇ Test swiftABIVersion() started.
◇ Test badInput() started.
◇ Test buildDocumentationWithoutInstalledCompatibilityHeader() started.
➜ Test minimumSystemVersionValidation_DriverKit() skipped: "required SDKs are not installed."
◇ Test embeddedFrameworksValidationInvalidInfoPlist() started.
◇ Test thinMachO() started.
◇ Test addingTranslationUnit() started.
◇ Test largerFile() started.
◇ Test excludeSubpath() started.
◇ Test disablement() started.
◇ Test atomInfo() started.
◇ Test embeddedFrameworksValidationHaveDeepBundleFormatForShallowBundle() started.
◇ Test errors() started.
◇ Test analyzerRequestedPrecompilesDoNotAttemptSerializedDiagnosticsParsing() started.
◇ Test buildDocumentationWithoutExtensionSymbolsSupport() started.
◇ Test appendBuildDataConcurrent() started.
◇ Test embeddedFrameworksValidationInvalidBundleIdentifier() started.
◇ Test thinStaticArchive_MachO() started.
◇ Test pathnameMatch(isWindows:) started.
◇ Test noStrip() started.
◇ Test minimumSystemVersionValidation_tvOS() started.
◇ Test fatStaticArchives() started.
◇ Test includeOnlySubpath() started.
◇ Test buildDocumentationWithOldSwiftVersion() started.
◇ Test fixedSizeCArrayStringParsing() started.
◇ Test byteString() started.
◇ Test ignoreMissingInputs() started.
◇ Test incrementalBuildsDoNotAccumulateModuleVariantsWhenImportedModulesChange() started.
◇ Test outputPath() started.
◇ Test staticArchives() started.
◇ Test buildVersionPlatformInit() started.
◇ Test byteStringReader() started.
◇ Test forwardAndBackSlashMatch() started.
➜ Test minimumDistanceIn10kNodeGrid_X10() skipped: "Skipping performance test"
◇ Test incrementalUpdateToTransitiveModuleDependency() started.
◇ Test bundleIdentifierBuildSettingMismatch() started.
◇ Test caseInsensitivityMatch() started.
◇ Test embeddedFrameworksValidationNoBundleIdentifier() started.
◇ Test clangCacheEnableLauncher() started.
◇ Test nonMachO() started.
◇ Test deploymentTarget() started.
◇ Test fatStaticArchive_MachO() started.
◇ Test binaryReader() started.
◇ Test rangeMatch() started.
◇ Test platformFiltering_macOS() started.
◇ Test linkerDiscoversIntermediateTBDDependencies() started.
◇ Test usageParallel() started.
◇ Test basicMatch() started.
◇ Test rPaths() started.
◇ Test buildDocumentationWithObjectiveCDeclarationsForSwiftSymbols() started.
◇ Test withClangWrapperScript() started.
◇ Test embeddedFrameworksValidationBasic() started.
◇ Test consumingObjectLibrary_ld() started.
◇ Test iPadMultiTaskingSplitViewValidation() started.
◇ Test buildDocumentationWithoutARC() started.
◇ Test indexOptions() started.
◇ Test fatMachO() started.
◇ Test embeddedFrameworksValidationNoPlist() started.
◇ Test consumingObjectLibraryIncrementalBuild() started.
◇ Test dynamicLibraryConsumingObjectLibraryWithCodeCoverage() started.
➜ Test platformFiltering_Linux() skipped: "required SDKs are not installed."
◇ Test stripSubpath() started.
◇ Test swiftDiscoveredDeps() started.
◇ Test discoveredDependenciesSetupFailure() started.
◇ Test consumingObjectLibrary_libtool() started.
◇ Test explicitModulesWorkingDirectory() started.
◇ Test workingDirectoryOverride() started.
◇ Test explicitModulesWithFramework() started.
◇ Test nonSwift() started.
◇ Test explicitModulesWithPrecompiledHeader() started.
◇ Test cPlusPlusLibrary() started.
➜ Test appendTwice100k_X10() skipped: "Skipping performance test"
◇ Test buildDocumentationWithoutTransformingForStaticHosting() started.
◇ Test bitcodeStrip() started.
◇ Test platformFiltering_tvOS() started.
◇ Test stripUnstrippedBinaries() started.
◇ Test buildDocumentationWithContradictingObjectiveCRelatedBuildSettings() started.
◇ Test incrementalBuildsDoNotRebuildModuleDepsWhenModuleChanges() started.
◇ Test objectLibraryBasics() started.
◇ Test copyWithDifferentName() started.
◇ Test platformFiltering_macCatalyst() started.
◇ Test developmentAssetsExcludeNoDirectory() started.
◇ Test complexSymlinkCaseWithDiscoveredDependencies() started.
◇ Test platformFiltering_watchOS() started.
◇ Test codeSignOnCopyShallowBundleHandling() started.
◇ Test symlinkedFileWithResolvedSym() started.
◇ Test legacyMacOSAttributes() started.
◇ Test buildActionsWithoutBuildComponentDoesNotBuildRunSymbolExtractWhenBuildSettingIsSet() started.
◇ Test platformFiltering_iOS() started.
◇ Test developmentAssetsNoExcludeNotSpecified() started.
◇ Test bitcodeStripInPlace() started.
◇ Test sharingBetweenTargets() started.
◇ Test developmentAssetsFileRemovedRebuild() started.
◇ Test usage() started.
◇ Test sharingBetweenProjects() started.
◇ Test developmentAssetsExcludeNoDirectoryTwoProjects() started.
◇ Test precompileDiagnostics() started.
◇ Test signedComponents() started.
◇ Test documentationBuildBuildsDocumentation() started.
➜ Test platformFiltering_DriverKit() skipped: "required SDKs are not installed."
◇ Test privateHeadersDoesNotCauseDocumentationBuild() started.
◇ Test macOSAppStoreCategoryValidation() started.
◇ Test documentationTemplateBuildSetting() started.
◇ Test explicitModulesBasic() started.
◇ Test indexOptionsNotAddedIfIndexingIsDisabled() started.
◇ Test explicitModulesIncrementalBuildInvalidatingProjectModule() started.
➜ Test test1MBOf1KByteData_X1000() skipped: "Skipping performance test"
◇ Test buildActionsWithoutBuildComponentDoesNotBuildDocumentationWhenBuildSettingIsSet() started.
◇ Test developmentAssetsExcludeDeploymentPostprocessing() started.
➜ Test test1MBOf1KByteArrays_X1000() skipped: "Skipping performance test"
◇ Test buildAndAnalyze() started.
◇ Test developmentAssetsOverriddenSRCROOT() started.
◇ Test objectiveCDeclarationsForSwiftSymbolsWithoutModule() started.
◇ Test buildDocumentationWithOtherDocCFlags() started.
◇ Test buildAppDocumentationWithoutHeaderBuildPhase() started.
◇ Test exclude() started.
◇ Test staticlibInstallAPITBDSigning() started.
◇ Test developmentAssetsExclude() started.
◇ Test explicitModulesWithResponseFiles() started.
◇ Test simulatedBuildPhaseOrder() started.
◇ Test explicitModulesDriverExpandsToMultipleCC1s() started.
◇ Test multipleDocumentationCatalogsError() started.
◇ Test buildAndAnalyzeCustomAnalyzer() started.
◇ Test explicitModulesMixedSources() started.
➜ Test test1MBOf16ByteArrays_X100() skipped: "Skipping performance test"
➜ Test interleavedPushPop10k_X10() skipped: "Skipping performance test"
◇ Test developmentAssetsNoExcludeDevelopment() started.
◇ Test hashValue() started.
➜ Test unitTestWithGeneratedEntryPoint_testabilityDisabled() skipped: "This test cannot run on a .macOS host OS."
➜ Test test1MBOfJSONEncoded16ByteStrings_X10() skipped: "Skipping performance test"
◇ Test skippingStaticAnalyzer() started.
◇ Test moduleMapGeneration() started.
◇ Test incrementalFwkTAPI() started.
◇ Test dontInstallModule() started.
➜ Test test1MBOf1KByteStrings_X100() skipped: "Skipping performance test"
◇ Test buildRuleXcfilelistTrackedAsInvalidationPath() started.
◇ Test runDocumentationCompilerInRegularBuildWithoutDocsCatalogInput() started.
◇ Test decodable() started.
◇ Test zeroTrimmed() started.
◇ Test fuzzyVersion() started.
◇ Test buildDocumentationWithHostingBasePath() started.
◇ Test fuzzyVersionRange() started.
◇ Test cycle() started.
◇ Test version3() started.
◇ Test documentationIdentifierFallbackValues() started.
◇ Test unexpectedErrors() started.
◇ Test versionRange() started.
◇ Test definesModuleOff() started.
◇ Test basics() started.
◇ Test zeroPadded() started.
➜ Test test1MBOf16ByteStrings_X10() skipped: "Skipping performance test"
◇ Test version4() started.
◇ Test isPowerOfTwo() started.
➜ Test formattedJSONOutput() skipped: "Skipping performance test"
◇ Test withoutLSB() started.
◇ Test copySymlinkedDirectoryTree() started.
◇ Test staticModuleMapContents() started.
◇ Test buildWithAllFilesExcludedDoesNotBuildDocumentation() started.
◇ Test processHandling() started.
◇ Test subscripting() started.
◇ Test customToolHandling() started.
◇ Test copiedFrameworkContentPruning(runDestination:) started.
◇ Test copySwiftLibs_preSwiftOS_macos() started.
◇ Test basics() started.
◇ Test codeSignCycleInEmptyTarget() started.
◇ Test subprocessEnvironment() started.
◇ Test description() started.
➜ Test performance_Encoding() skipped: "Skipping performance test"
➜ Test performance_Normalize() skipped: "Skipping performance test"
◇ Test fileSystemHandling() started.
◇ Test fileErrors() started.
◇ Test LRU() started.
◇ Test assetCatalogIncrementalRebuild() started.
◇ Test operatingSystemVersion() started.
◇ Test roundUpToPowerOfTwo() started.
◇ Test scriptWithSymlinkedInputRerunsWhenTargetChanges() started.
◇ Test customBuildRulesInputAndOutputFileList() started.
◇ Test copyModuleMaps() started.
➜ Test performance_Decoding() skipped: "Skipping performance test"
◇ Test safariExtensionLaunchServicesRegistration() started.
◇ Test missingInputFailsBuild() started.
◇ Test maxSize() started.
◇ Test buildDocumentationWithoutModuleSupport() started.
◇ Test buildDocumentationWithSPIObjectiveCDocumentation() started.
◇ Test pointerAuthenticationBuildSetting_iOS() started.
◇ Test documentationBuildDoesNotBuildDocumentationWhenSkipBuildingDocumentationIsSet() started.
◇ Test commandSkipping() started.
◇ Test arraySliceOfUInt8Init() started.
◇ Test basicMutatedNode() started.
◇ Test runDocumentationCompilerWithZipperedProduct() started.
◇ Test swiftModuleOnlyArchsDynamicLibraryReleaseBuild() started.
◇ Test installLocEmbeddedFrameworks() started.
◇ Test withIndefiniteArticle() started.
◇ Test buildDocumentationWithSwiftDeclarationsForObjectiveCSymbols() started.
◇ Test globalClear() started.
◇ Test shellScriptPath() started.
◇ Test TTL_accessRefresh() started.
◇ Test nextPowerOfTwo() started.
◇ Test buildEnvironment() started.
◇ Test dylibInstallAPITBDSigningWithBuildVariants() started.
◇ Test withoutSuffix() started.
◇ Test swiftModuleOnlyArchsFrameworkDebugBuild() started.
◇ Test progressReportingWithCachedBuildSystem() started.
◇ Test ensureProperlyDeclaredInputOutputSucceeds() started.
◇ Test hashableConformance() started.
◇ Test quoting() started.
◇ Test buildWithAllSwiftFilesExcludedViaDirectoryGlobBuildsDocumentation() started.
◇ Test auxiliaryFileDiagnostics() started.
◇ Test unicodeDecoding() started.
◇ Test TTL_after() started.
◇ Test customLocationForBuildDatabaseWithinTargets() started.
◇ Test simulatedDiamondGraph() started.
◇ Test swiftModuleOnlyArchsStaticLibraryReleaseBuild() started.
◇ Test dylibInstallAPITBDSigning() started.
➜ Test JSONEncoding() skipped: "Skipping performance test"
◇ Test stringListEscapingOfStringSequences() started.
◇ Test codeSignCycleWithInstallAPI() started.
◇ Test substringSplit() started.
◇ Test TTL_initial() started.
◇ Test test32BitMacCatalystPrimaryVariantNoop() started.
◇ Test clangStatCacheBasics() started.
◇ Test escaped() started.
◇ Test regularBuildDoesNotBuildDocumentation() started.
◇ Test padded() started.
➜ Test unitTestWithGeneratedEntryPoint_verifyContents() skipped: "This test cannot run on a .macOS host OS."
◇ Test multipleInvocationsOfCustomBuildRuleWithFileList() started.
◇ Test buildWithSymbolExtractWithoutDocumentation() started.
◇ Test runDocumentationCompilerWithReverseZipperedProduct() started.
◇ Test complexMutatingSequence() started.
◇ Test clangStatCacheUsageBySwift() started.
◇ Test directoryTreeInputs() started.
◇ Test minimalNullIncrementalRebuild() started.
◇ Test asLegalBundleIdentifier() started.
◇ Test simulatedAuxiliaryFileWrite() started.
◇ Test overloadedArchDeploymentTarget() started.
◇ Test swiftModuleOnlyArchsStaticLibraryDebugBuild() started.
◇ Test deeplyLinkedStaticLibraryIncrementalBuild() started.
◇ Test stringSplit() started.
◇ Test multipleMutatedNodes() started.
◇ Test stringListEscapingOfStrings() started.
◇ Test missingShellScriptInputs() started.
◇ Test withoutPrefix() started.
◇ Test simulatedMustPrecede() started.
◇ Test userEnvironment() started.
◇ Test stringEnumerateSplits() started.
◇ Test noSwiftModuleOnlyRuleScriptExecutionTasksGenerated() started.
◇ Test simulatedSingleInputlessOutputlessCommand() started.
◇ Test outputAgnosticsFlagsRebuild() started.
➜ Test exportLocBasics() skipped: "swift-driver does not support localized string extraction"
◇ Test asLegalCIdentifier() started.
◇ Test arrayOfUInt8Init() started.
◇ Test asLegalRFC1034Identifier() started.
◇ Test swiftModuleOnlyArchsFrameworkReleaseBuild() started.
◇ Test externalTargetBuild() started.
◇ Test multiStatCacheBuild() started.
◇ Test chainedMutatedInput() started.
◇ Test unifdef() started.
◇ Test immediateCancellation() started.
◇ Test chainedMutatedInputErrors() started.
◇ Test incrementalArchive(enableBuildSystemCaching:) started.
◇ Test buildRuleAppliedToAnothersOutputWithSameConfigurationBuildDirOverride() started.
◇ Test compilerLanguageDialectSelection() started.
◇ Test unsafeToInterrupt() started.
◇ Test openCL() started.
◇ Test stubAppNullBuild() started.
◇ Test metalCompilerEnableModules() started.
◇ Test metalCompilerOptimizationLevelDefault() started.
◇ Test missingRuleDiagnostic() started.
◇ Test actualMinimalFramework() started.
◇ Test cancellationAfterStart() started.
◇ Test buildLibraryForDistributionIgnoresExecutables() started.
◇ Test mangledToC99Identifier() started.
◇ Test simulatedTargetDependencies() started.
◇ Test additionalInfoOutput() started.
➜ Test buildActionEmittingLocStrings() skipped: "swift-driver does not support localized string extraction"
◇ Test embeddedInfoPlistLinkerDependency() started.
◇ Test buildActionNotEmittingLocStrings() started.
◇ Test metalCompilerOptimizationLevelSize() started.
◇ Test archNeutralCompilerSpecs() started.
◇ Test mkdir() started.
◇ Test dependencyInfoDebugActivityLogs() started.
◇ Test swiftModuleOnlyArchsWithGeneratedObjectiveCHeaders() started.
◇ Test rateLimiterTwoSeconds() started.
◇ Test continueBuildingAfterErrorsOn() started.
◇ Test incrementalMetalLinkWithCodeSign() started.
◇ Test overrideVersionCBuildRule() started.
◇ Test rateLimiterNoCrashNever() started.
◇ Test swiftModuleOnlyArchsDynamicLibraryDebugBuild() started.
◇ Test simulatedInternalCommand() started.
◇ Test avoidEmitModuleSourceInfo() started.
◇ Test customBuildRulesInputAndOutputFileList() started.
◇ Test coreMLCompiler() started.
◇ Test macOSEmptyBuildSettingsBasedEntitlements() started.
◇ Test buildRuleWithDuplicateFileReferences() started.
◇ Test multipleFileProcessedError() started.
◇ Test mutatedInputOrderingStability() started.
◇ Test setFileAttributesIncrementalBehaviors() started.
◇ Test macOSHardenedRuntimeEnabledEntitlementsWithConflict() started.
◇ Test buildRulesWithUnsupportedPhases() started.
◇ Test scriptRuleWithNoOutputs() started.
◇ Test customBuildRulesSpecialBehaviors() started.
◇ Test macOSUserSelectedFilesReadWriteEntitlement() started.
◇ Test pointerAuthenticationBuildSetting_macOS() started.
➜ Test metalCompilerLanguageRevision() skipped: "required SDKs are not installed."
◇ Test linkerSelection() started.
◇ Test simulatedTasksWithGate() started.
◇ Test stressConcurrentCancellation() started.
◇ Test rateLimiterNanoseconds() started.
◇ Test staleSwiftStdlibDylibRemovedOnIncrementalBuild() started.
◇ Test metalCompilerFastMath() started.
◇ Test metalCompilerWithSameBasenameSources() started.
◇ Test rateLimiterMicroseconds() started.
◇ Test macOSAppSandboxEnabledEntitlements() started.
◇ Test rateLimiterSeconds() started.
◇ Test customBuildRules() started.
◇ Test continueBuildingAfterErrorsOff() started.
◇ Test dylibStubifyTBDSigning() started.
◇ Test coreDataCompiler() started.
◇ Test rateLimiterMilliseconds() started.
◇ Test copiedFrameworks() started.
◇ Test staticlibStubifyTBDSigning() started.
◇ Test copySwiftLibs_postSwiftOS_preSwiftConcurrency_macos() started.
◇ Test XOJITBasics() started.
◇ Test moduleMapGetRewrittenIfSourceChanges() started.
◇ Test versionCGeneratedFileIsExcluded() started.
◇ Test previewsDylibModeSimulatorEntitlements() started.
◇ Test iOSAppSandboxAndHardenedRuntimeBuildSettingEnabled() started.
◇ Test simulatorEntitlementsSections() started.
◇ Test detectAlpineFromOSRelease() started.
◇ Test intentsCompiler() started.
◇ Test swiftSDKToolsets() started.
◇ Test metalCompiler() started.
◇ Test macOSAppSandboxEnabledEntitlement() started.
◇ Test commandLineTool(linkerDriver:optimizationLevel:) started.
➜ Test optimizationRemarksDiagnostics() skipped: "Skipping because libRemarks.dylib is not available."
◇ Test macOSUserSelectedFilesReadOnlyEntitlement() started.
◇ Test unitTestHostGetsPreviewsDylibLinkedAsLibraryWhenPresent() started.
◇ Test commandLineTool_whitespaceEscaping() started.
◇ Test metalCompilerMathModes() started.
◇ Test multipleSourceFilesWithSameBaseName() started.
◇ Test staticFrameworkStubifyTBDSigning() started.
◇ Test ldClientNameBuildSettingWithNoDebugDylib() started.
◇ Test macOSHardenedRuntimeEnabledEntitlements() started.
◇ Test detectArchFromOSRelease() started.
◇ Test wasmSwiftSDKRunDestination() started.
◇ Test metalCompilerFP32MathFunctions() started.
◇ Test XOJITPropagatingRpaths() started.
◇ Test macOSAppSandboxEnabledEntitlementOff() started.
◇ Test buildableItemGUID() started.
◇ Test previewsDylibStubExecutorDependsOnDebugDylibMultiArch() started.
◇ Test pseudoSymlink() started.
◇ Test linkMissingProjectReference() started.
◇ Test staticlibInstallAPITBDSigningWithBuildVariants() started.
◇ Test XOJITEmbeddedInfoPlist() started.
◇ Test unitTestWithGeneratedEntryPointViaMacOSOverride() started.
◇ Test localModificationDate() started.
◇ Test app() started.
◇ Test PIFObject() started.
◇ Test detectAmazonLinuxFromOSRelease() started.
◇ Test detectRHELFromOSRelease() started.
◇ Test detectUbuntuFromFallbackFile() started.
◇ Test inputSpecifier() started.
◇ Test copySwiftLibs_postSwiftSpan_macos() started.
◇ Test WKExtensionMainLinking(runDestination:deploymentTarget:) started.
◇ Test fallbackPriorityOrder() started.
◇ Test macroExpressionSource() started.
◇ Test staticLibraryLinkingStaticLibrary() started.
◇ Test localSetPermissions() started.
◇ Test previewsDylibMode() started.
◇ Test previewsDylibStubExecutorDependsOnDebugDylib() started.
◇ Test localRemoveFile() started.
◇ Test provisioningStyle() started.
◇ Test detectDebianFromFallbackFile() started.
◇ Test pseudoMoveInSameVolume() started.
◇ Test XOJITOtherLDFlags() started.
◇ Test osReleaseWithoutIDField() started.
◇ Test shellScriptIncrementalBehaviors() started.
◇ Test commandLineToolAutolinkingFoundation() started.
◇ Test customLocationForBuildDatabase() started.
◇ Test unitTestHostWithoutBundleLoaderDoesNotGetPreviewsDylibLinkedAsLibrary() started.
◇ Test pseudoRemoveFile() started.
◇ Test xOJITLdClientNamePropagatedAsInstallNameToPreviewsDylib() started.
◇ Test IPCMessageSerialization() started.
◇ Test handleMalformedOSRelease() started.
◇ Test sourceTree() started.
◇ Test nonUTF8ShellScript() started.
◇ Test treeFilesSignatureHonorIgnoreDeviceInodeChangesSettingPseudoFS() started.
◇ Test pseudoAppendFile() started.
◇ Test clientExchangeMessagesRoundTrip() started.
◇ Test basicMessagesRoundTrip() started.
◇ Test pseudoTraverse() started.
◇ Test macroEvaluationMessages() started.
◇ Test osReleaseWithUnknownID() started.
◇ Test fileSignatureHonorIgnoreDeviceInodeChangesSettingLocalFS() started.
◇ Test handleEmptyOSRelease() started.
◇ Test localWriteFile() started.
◇ Test actionSpecifier() started.
◇ Test previewInfoMessagesRoundTrip() started.
◇ Test infoPlistAffectsCodeSigning() started.
◇ Test frameworkInstallAPITBDSigningWithBuildVariants() started.
◇ Test emptyFilesSignature() started.
◇ Test wishfullySimulatedMinimalFramework() started.
➜ Test createBuildDirectoryTaskGenerationWith500Targets() skipped: "Skipping performance test"
◇ Test targetDiagnosticsRestoration() started.
◇ Test toolchainBackDeployRPathsPredatingOSSupport() started.
◇ Test firstMatchResult() started.
◇ Test detectDebianFromOSRelease() started.
◇ Test detectUbuntuFromOSRelease() started.
◇ Test treeFilesSignatureHonorIgnoreDeviceInodeChangesSettingLocalFS() started.
◇ Test fileSignatureHonorIgnoreDeviceInodeChangesSettingPseudoFS() started.
◇ Test singleTopLevelTargetSpecializedDeps_PublicSDK_ImplicitDependencies() started.
◇ Test detectOpenSUSEFromOSRelease() started.
➜ Test optimizationRemarksLTODiagnostics() skipped: "Skipping because libRemarks.dylib is not available."
◇ Test basicMultiPlatformScenario_PublicSDK_ExplicitDeps() started.
◇ Test indexingMessagesRoundTrip() started.
◇ Test detectFedoraFromOSRelease() started.
◇ Test copySwiftLibs_postSwiftConcurrency_macos() started.
◇ Test basics() started.
◇ Test actualHeadermapUse() started.
◇ Test toolchainBackDeployRPathsIgnoredOnNonApplePlatforms() started.
◇ Test pseudoCopyFile() started.
◇ Test replace() started.
◇ Test linkerDriverSelection() started.
◇ Test wrapperFileTypeMonitoring() started.
◇ Test linkingAgainstSymlinks() started.
◇ Test buildOperationMessages() started.
◇ Test detectFromIDLikeFallback() started.
◇ Test stdlibRpathSuppression() started.
◇ Test toolchainBackDeployRPathsSkippedWhenOSSupportPresent() started.
◇ Test dynamicLibraryWithNoSourcesButStaticLibrariesInFrameworksPhase_Package() started.
◇ Test macCatalystRunDestinationSDKVariantOverride_macOS() started.
◇ Test isDirectory() started.
◇ Test dynamicLibraryWithNoSourcesButStaticLibrariesInFrameworksPhase_Xcode() started.
◇ Test noDistributionFilesFound() started.
◇ Test compileMixedProjectWithTableOverlap() started.
◇ Test sceneKitTools() started.
◇ Test matchGroups() started.
◇ Test ldSanitizerArgumentsAppearsOnCommandLine(buildSettingNameUT:linkerDriverUT:expectedArgument:) started.
◇ Test firstMatch() started.
◇ Test localMove() started.
◇ Test nWayMerge() started.
◇ Test macCatalystRunDestinationSDKVariantOverride_macCatalyst() started.
◇ Test multipleProducersEmptyTarget() started.
◇ Test appendingFileNameSuffix() started.
◇ Test withoutXCStrings() started.
➜ Test linuxSoname() skipped: "This test requires a [SWBUtil.OperatingSystem.linux] host OS."
◇ Test pseudoCopyTree() started.
◇ Test deeplyLinkedStaticLibraryIncrementalBuildForInstallBuilds() started.
◇ Test projectPlannerTypesSerialization() started.
◇ Test basicCompile() started.
◇ Test xcstringsInVariantGroup_WithKnownLocalizations() started.
◇ Test joinPreservingRoot() started.
◇ Test localReadFile() started.
◇ Test hostToolBuildFailuresDoNotBlockDownstreamModuleGenerationDuringIndexPreparation() started.
◇ Test macCatalystRunDestinationSDKVariantOverride_iOS() started.
◇ Test pseudoBasics() started.
◇ Test compileMultipleLangsDuringInstallloc() started.
◇ Test errors() started.
◇ Test compileWithSameNameTablesInSeparateTargets() started.
◇ Test archSpecificSwiftInterfaces() started.
◇ Test shellScriptContentAwareIncrementalBehaviorWithTwoPhases() started.
◇ Test modificationTimestamp() started.
◇ Test copySwiftLibs_postSwiftOS_macos() started.
◇ Test exists() started.
◇ Test localAppendFile() started.
◇ Test split() started.
◇ Test xcstringsInVariantGroup() started.
◇ Test localCopyTree() started.
◇ Test testHostToolsAndDependenciesAreBuiltDuringIndexingPreparationForPackage(destination:targetBuild:) started.
◇ Test compileMixedProject_WithKnownLocalizations() started.
◇ Test relativeSubpaths() started.
◇ Test localMoveInSameVolume() started.
◇ Test macCatalystRunDestinationSDKVariantOverride_macCatalyst_Auto() started.
◇ Test ancestors() started.
◇ Test planningOperationMessages() started.
◇ Test buildContextDependentHeadermapNonDependency() started.
◇ Test pseudoReadWriteFile() started.
◇ Test macho() started.
◇ Test flatFilesSignature() started.
◇ Test xcstringsOutputsAreSorted() started.
◇ Test buildingHostTools() started.
◇ Test instrumentsPackage() started.
◇ Test actualMutableBehaviors() started.
◇ Test toolsConsumedByScriptPhasesAreBuiltDuringIndexingPreparation() started.
◇ Test packageProductReferences() started.
◇ Test exportLoc() started.
◇ Test elf() started.
◇ Test wasm() started.
◇ Test macCatalystRunDestinationSDKVariantOverride_iOS_Auto() started.
◇ Test hostToolsAreNotFullyBuiltWhenNotPreparingDependents() started.
◇ Test testHostToolsAndDependenciesAreBuiltDuringIndexingPreparation(destination:) started.
◇ Test copyXCAppExtensionPointsFile() started.
◇ Test writeIfChanged() started.
◇ Test pseudoCreateDirectory() started.
◇ Test shellScriptContentAwareIncrementalBehaviors() started.
◇ Test forceBuildAllStrings() started.
◇ Test moduleMapGeneration() started.
◇ Test pe() started.
◇ Test localTraverse() started.
◇ Test compileDuringInstallloc() started.
◇ Test resolveSymlink() started.
◇ Test pseudoSetPermissions() started.
◇ Test macCatalystRunDestinationSDKVariantOverride_macOS_Auto() started.
◇ Test minimalCopiedBundle() started.
◇ Test swiftArchitectureFallbackInGeneratedHeader() started.
◇ Test singleTopLevelTargetSpecializedDeps_PublicSDK_ExplicitDependencies() started.
◇ Test resourceEmbedInCodeGeneration() started.
◇ Test toolsConsumedByCustomTasksPreparingForIndexingAreBuiltDuringIndexingPreparation() started.
◇ Test xcstringsInVariantGroupWithTableOverlap() started.
◇ Test listDir() started.
◇ Test dSYMGeneration() started.
◇ Test macAndMacCatalystFrameworksDoNotCollide() started.
◇ Test dsymutilEmbedResources() started.
◇ Test linkageGraphHasAllLevelTargets() started.
◇ Test extensionsHaveStableOrdering() started.
◇ Test buildingSpecializedFramework_PublicSDK() started.
◇ Test frameworkStubifyTBDSigning() started.
◇ Test basicMultiPlatformScenario_PublicSDK_ImplicitDeps() started.
◇ Test noOutputs() started.
◇ Test time() started.
◇ Test duplicatedDSYMName() started.
◇ Test debugInformationVersion() started.
◇ Test extensionsHaveStableOrderingAfterFreezing() started.
◇ Test normalizingJoin() started.
◇ Test splitext() started.
◇ Test installlocCopyFiles() started.
➜ Test codeViewDebugInformation() skipped: "required SDKs are not installed."
◇ Test compileMultipleXCStrings() started.
➜ Test macOSTestingEntitlements() skipped: "llbuild needs to consult Swift Build for the rule signature on each build"
◇ Test watchOnlyAppPlatformConstraints() started.
◇ Test assetCatalogGenerationEnabled() started.
◇ Test hostToolsAreSkippedDuringIndexingPreparationWhenUnapproved() started.
◇ Test configSwitchNullBuild() started.
◇ Test packageResourceBundleEmbedding() started.
◇ Test frameworkInstallAPITBDSigning() started.
◇ Test misc() started.
◇ Test regionVariantName() started.
◇ Test basics() started.
◇ Test compileWithTableOverlap() started.
◇ Test normalize() started.
◇ Test packageProductCannotBeInStandardTarget() started.
◇ Test progress() started.
◇ Test canLinkUsingObjectOnlyFrameworkBuildPhase() started.
◇ Test frameworkPath() started.
◇ Test frameworkBasicsSRCROOTSupportEnabled() started.
◇ Test dirname() started.
◇ Test extendedAttributesSupport() started.
◇ Test extensionOps() started.
◇ Test incrementalCodesignForCopyFileChanges() started.
◇ Test isSymlink() started.
◇ Test staticFrameworkInstallAPITBDSigningWithBuildVariants() started.
◇ Test join() started.
◇ Test simulatedEmptyTarget() started.
◇ Test compileMixedProject() started.
◇ Test resourceBundleAccessorGeneration() started.
◇ Test endsWithPath() started.
◇ Test objCHeaderGenerationWithModuleMapContents() started.
◇ Test regionVariantPathComponent() started.
◇ Test pseudoGetFileInfo() started.
◇ Test dylibBasics() started.
◇ Test staticFrameworkInstallAPITBDSigning() started.
◇ Test localSymlinks() started.
◇ Test constructors() started.
◇ Test prefixHeaderDependencies() started.
◇ Test legacyPrebuild() started.
◇ Test bundleLoader() started.
◇ Test compileMissingInputs() started.
◇ Test withoutTrailingSlash() started.
◇ Test multipleWaiters() started.
➜ Test realpathWindows() skipped: "This test requires a [SWBUtil.OperatingSystem.windows] host OS."
◇ Test assetCatalogGenerationDisabled() started.
◇ Test invalidDeploymentTargets() started.
◇ Test emptyFileAddedToMultipleTargets() started.
◇ Test preparingWithConflictingTargets() started.
◇ Test dsymutilEnvironment() started.
◇ Test spriteKitTools() started.
◇ Test pseudoRemoveDirectory() started.
◇ Test swiftInstallAPI() started.
◇ Test preparingForIndexingPackages() started.
◇ Test preparingWithBuildRuleOrPhaseScript() started.
◇ Test inAppPurchaseContent() started.
◇ Test xcstringsInVariantGroupDuringInstallloc() started.
◇ Test errorHandling() started.
◇ Test incrementalCodesignForCopyFileChanges_MixedOnOff() started.
◇ Test frameworkBasicsProjectHeadersEnabled() started.
◇ Test errorStrings() started.
◇ Test assetCatalogGenerationNotEnabled() started.
◇ Test assetCatalogGenerationWithOtherAssetCatalog() started.
◇ Test preparingForIndexingMetalFile() started.
◇ Test matchesFilenamePattern() started.
◇ Test previewThunkBuilds() started.
◇ Test installAPIErrors() started.
◇ Test preparePCH() started.
◇ Test versioning() started.
◇ Test preserveDeclarationOrder() started.
◇ Test preparingForIndexingSimulatorTarget() started.
◇ Test compileWithinLproj() started.
◇ Test sourcesPhaseKnownLocalizationsFiltering() started.
◇ Test basics() started.
◇ Test localFileOwnership() started.
◇ Test previewXOJITBuildsAppExtension() started.
◇ Test localReadMissing() started.
◇ Test unsafeFlags() started.
◇ Test idempotency() started.
◇ Test prepareXCFramework() started.
◇ Test packageResourceCoreData() started.
◇ Test localIsExcludedFromBackup() started.
◇ Test incrementalRebuildAcrossPlatforms() started.
◇ Test previewXOJITBuildsMultiFile() started.
◇ Test delimiterNotPresent() started.
◇ Test swiftInstallAPISkipInstall() started.
◇ Test legacyPrebuild2() started.
◇ Test linkerDependencyFileDirectoryCreation() started.
◇ Test cancellation() started.
◇ Test multiArchAndVariantNeutrality() started.
◇ Test previewXOJITBuilds(linkerDriver:) started.
◇ Test inCopyFiles() started.
◇ Test previewXOJITBuildsMultiArch() started.
◇ Test preparingForIndexingOnlyTheseTargets() started.
◇ Test responseFileRoundTripping(format:) started.
◇ Test localCreateDirectory() started.
◇ Test processLocalizableStrings() started.
◇ Test debuggableCommandLineTool() started.
◇ Test preparingWithDuplicateProducts() started.
◇ Test xcstringsInVariantGroupWithOverrideNib() started.
◇ Test localCopyFile() started.
◇ Test exactBufferSize() started.
◇ Test responseFileContentWindows() started.
◇ Test preparingWithDuplicateScriptOutput() started.
◇ Test swiftABICheckerDriverNoBaseline() started.
➜ Test unitTestWithGeneratedEntryPoint(framework:) skipped: "This test cannot run on a .macOS host OS."
◇ Test responseFileContentUnix() started.
◇ Test tapiReexport() started.
◇ Test lineReaderCustomDelimiter() started.
◇ Test previewThunkBuildsForPackages() started.
◇ Test swiftABIBaselineGenerationModes() started.
◇ Test incrementalCodesignForCopyFileChanges_iOS() started.
◇ Test lineReader() started.
◇ Test wasi() started.
◇ Test yaccRenaming() started.
◇ Test swiftABICheckerBasic() started.
◇ Test responseFileExpansion() started.
◇ Test androidUnversioned() started.
◇ Test freeBSDVersioned() started.
◇ Test eagerLinkingTBDSymlinkOwnershipAnalysis() started.
◇ Test removeDirectory() started.
◇ Test androidVersioned() started.
◇ Test noStubify() started.
◇ Test swiftModuleEmissionCriteria() started.
◇ Test treeFilesSignature() started.
◇ Test swiftSubtaskReporting() started.
◇ Test swiftInstallAPIBuildRuleScripts() started.
◇ Test lineReaderLongLines() started.
◇ Test dylibBasicsProjectHeadersEnabled() started.
◇ Test freeBSDUnversioned() started.
◇ Test qnxVersioned() started.
◇ Test lineReaderRewind() started.
◇ Test wasip1() started.
◇ Test clean() started.
◇ Test qnxUnversioned() started.
◇ Test buildDescriptionUseInBuildSystemCaching() started.
◇ Test swiftInstallAPIStaticLib() started.
◇ Test swiftInstallAPIErrors() started.
◇ Test macUnversioned() started.
◇ Test unversioned() started.
◇ Test swiftAPIBaselineGenerationClangImporterConfiguration() started.
◇ Test swiftInstallAPIMultiVariants() started.
◇ Test onDiskBuildDescriptionCache() started.
◇ Test macUnversionedWithEnv() started.
◇ Test swiftABICheckerModes() started.
◇ Test frameworkBasicsDisableDSYM() started.
➜ Test crossCompileCommandLineTool(operatingSystem:) skipped: "This test is incompatible with Xcode toolchains."
◇ Test onlySupportedLanguagesEnableModules() started.
◇ Test swiftABIBaselineGenerationBasic() started.
◇ Test setOwnerGroupAndModeWithVariants() started.
◇ Test macVersioned() started.
◇ Test frameworkStubifyMode() started.
◇ Test swiftInstallAPIMultiArch() started.
◇ Test emptyFile() started.
➜ Test qnxCommandLineTool(arch:) skipped: "required SDKs are not installed."
◇ Test swiftABICheckerTaskSequence() started.
◇ Test validateProductWithNonNormalVariant() started.
◇ Test macVersionedWithEnv() started.
◇ Test frameworkBasicsWithExtraSettings() started.
◇ Test inMemoryBuildDescriptionCache() started.
◇ Test registerExecutionPolicyExceptionSkippedOnNonDarwinPlatforms() started.
◇ Test staticLinuxSwiftSDKRunDestination(architecture:) started.
◇ Test dylibStubifyMode() started.
◇ Test entitlementsProcessingNotInvalidatedByUnrelatedSettingsChange() started.
◇ Test swiftInstallAPIDylibTarget() started.
◇ Test filelistSkipsExcludedHeaders() started.
◇ Test standardDeviation() started.
◇ Test asyncReadFileDescriptor() started.
◇ Test sum() started.
◇ Test entitlementsModificationInvalidatesBuildDescription() started.
◇ Test swiftInstallAPIPackageProducts() started.
◇ Test swiftABICheckerUsingSpecifiedBaseline() started.
◇ Test simulatedNonParallelTargetBuild() started.
◇ Test prepareForIndexResultInfo() started.
◇ Test bundleIdentifier() started.
◇ Test constValueExtractWMO() started.
◇ Test appIntentsMetadataDependencies() started.
◇ Test SSUTasksIfPublicSDKForNonIOS() started.
◇ Test average() started.
◇ Test appIntentsMetadataWithoutYamlGeneration() started.
◇ Test forceLinkGeneration() started.
◇ Test registerExecutionPolicyException() started.
◇ Test emptyBundleIdentifier() started.
◇ Test settingRemoteCacheSupportedLanguages() started.
◇ Test multipleBuildVariants() started.
◇ Test appIntentsMetadataWithAppNameOverrideAndDisable() started.
➜ Test testScanningIncrementalPerformance() skipped: "Skipping performance test"
◇ Test frameworkBasicsRPathAndDSYM() started.
◇ Test skipCompileTimeExtractionViaConfig() started.
◇ Test appIntentsMetadataWithYamlGenerationForRelease() started.
◇ Test appNameOverride() started.
◇ Test architectureSwitching() started.
◇ Test copyProductDefinition() started.
◇ Test skipInstall() started.
◇ Test disableAssistantIntentsProviderValidation() started.
◇ Test disableAppIntentsDeploymentAwareProcessing() started.
◇ Test quietWarnings() started.
◇ Test LLVMCommandOutputParsing() started.
◇ Test overrideSSUTasksIfPublicSDK() started.
◇ Test windowsProcessArgsEncoding() started.
◇ Test sSUTasksIfPublicSDK() started.
◇ Test TBDSigning() started.
◇ Test swiftABICheckerDriver() started.
◇ Test basic() started.
◇ Test LLVMCommandOutputParsingEOF() started.
◇ Test UNIXShellEncodingCustomJoinSequence() started.
◇ Test enableDefaultConstValueExtractIfPublicSDK() started.
◇ Test generateAssetSymbolsOptions() started.
◇ Test LLVMCommandOutputEncoding() started.
◇ Test appNameOverrideIsNotPresent() started.
➜ Test incrementalBuildPerformance() skipped: "Skipping performance test"
◇ Test UNIXShellEncoding() started.
◇ Test disabledAssetSymbolGeneration() started.
◇ Test disabledWhenLdClassicIsInUse() started.
◇ Test appIntentsMetadataWithYamlGeneration() started.
◇ Test assetCatalogEmptyKnownLocalizations() started.
◇ Test dSYMBundleCleanupOnDebugInfoFormatChange() started.
◇ Test dSYMBundlePreservedWhenBuildVariantRemoved() started.
◇ Test frameworkBasics() started.
◇ Test LLVMCommandOutputRoundtrip(_:) started.
◇ Test dSYMNullBuild() started.
◇ Test LLVMCommandOutputParsingUnnecessaryEscape() started.
◇ Test noFilters() started.
◇ Test plistStamping() started.
◇ Test filterForThinningDeviceConfigurationAndDeviceModel() started.
◇ Test uniqueSerializationSizeWin() started.
◇ Test objectHierarchySerialization() started.
◇ Test skipInstallViaConfig() started.
➜ Test swiftDriverBuildPerformance() skipped: "Skipping performance test"
◇ Test scalarValueSerialization() started.
◇ Test filterForThinningDeviceConfiguration() started.
➜ Test testDynamicTaskScaling() skipped: "Skipping performance test"
◇ Test stringToIntDictionarySerialization() started.
◇ Test backtraceOfAlwaysExecutingTasks() started.
◇ Test polymorphicArraySerialization() started.
◇ Test backtraceTextRendering() started.
◇ Test simpleObjectSerialization() started.
◇ Test LLBuildBacktraceRecording() started.
◇ Test polymorphicDictionarySerialization() started.
◇ Test filterForDeviceModel() started.
◇ Test optionalSerialization() started.
◇ Test userCacheDir() started.
◇ Test LLVMCommandOutputParsingUnexpectedEscape() started.
◇ Test parsingUmbrellaHeaderFromModuleMap() started.
◇ Test uniqueSerializationBasics() started.
➜ Test dependencyValidatorBuildOperationPerf(on:) skipped: "Skipping performance test"
◇ Test assetCatalogKnownLocalizationsFiltering() started.
◇ Test disabledSymbolGeneration() started.
◇ Test singleUseTaskBacktraceRecording() started.
◇ Test dSYMSwiftDependencies() started.
◇ Test backtracesForDeletedOutputs() started.
◇ Test loadingPlugin() started.
◇ Test LLVMCommandOutputParsingUnexpectedQuote() started.
◇ Test dSYMAccompaniesProductRebuild() started.
◇ Test symbolGenPlusTableOverlap() started.
◇ Test CASBasics() started.
◇ Test multipleXCStringsSymbolGenerationPlusCompile() started.
◇ Test exportLocSymbolGeneration() started.
◇ Test installlocCopyFileNoSymbolGeneration() started.
◇ Test LLVMCommandOutputParsingUnexpectedCharacter() started.
◇ Test signatureDiffing() started.
◇ Test mixedProjectWithSymbolGeneration() started.
◇ Test symbolGenerationPlusCompile() started.
◇ Test inSources() started.
◇ Test testNoSwiftSourcesNoSymbolGen() started.
◇ Test generateAssetSymbols() started.
◇ Test simpleArraySerialization() started.
◇ Test trivialObjectHierarchySerialization() started.
◇ Test targetedDeviceFamilyFiltering_iOS() started.
◇ Test stringAsStringArray() started.
◇ Test xcstringsInVariantGroupNoSymbolGeneration() started.
◇ Test string() started.
◇ Test targetedDeviceFamilyFiltering_watchOS() started.
◇ Test targetedDeviceFamilyFilteringMacCatalyst() started.
➜ Test targetedDeviceFamilyFiltering_visionOS() skipped: "required SDKs are not installed."
➜ Test testCanonicalPathRepresentation_absolute() skipped: "This test requires a [SWBUtil.OperatingSystem.windows] host OS."
➜ Test testCanonicalPathRepresentation_driveRelative() skipped: "This test requires a [SWBUtil.OperatingSystem.windows] host OS."
◇ Test targetedDeviceFamilyFiltering_tvOS() started.
◇ Test boolCheck() started.
◇ Test valueness() started.
◇ Test expressibleByArrayLiteral() started.
◇ Test inCopyFilesStillNoSymbolGeneration() started.
◇ Test clangExplicitModulesIndexingInfo() started.
◇ Test linkerSignedBinaryDetection() started.
◇ Test directoryBasics() started.
➜ Test testCanonicalPathRepresentation_deviceFiles() skipped: "This test requires a [SWBUtil.OperatingSystem.windows] host OS."
➜ Test testCanonicalPathRepresentation_relative() skipped: "This test requires a [SWBUtil.OperatingSystem.windows] host OS."
◇ Test fileBasics() started.
◇ Test targetedDeviceFamilyFiltering_macOS() started.
◇ Test symlinkBasics() started.
◇ Test actionCacheBasics() started.
➜ Test driverKitWithIndexBuildArena() skipped: "required SDKs are not installed."
◇ Test clangWithIndexBuildArena() started.
◇ Test withCompilationCaching() started.
◇ Test noIndexStorePathForGenerateSwiftModule() started.
◇ Test swiftMacroBinaryPluginSortedInputPaths() started.
◇ Test macCatalystAppWithZipperedFramework() started.
◇ Test scriptTargetWithoutOutputs() started.
◇ Test buildDirIndependentOfConfigurationName() started.
◇ Test installlocNoSymbolGeneration() started.
◇ Test vfsAndHeaderMapContents() started.
◇ Test ignoredDeploymentLocation() started.
◇ Test moduleMapTasks() started.
◇ Test singleVariantOnly() started.
◇ Test mutatingTaskBacktraceRecording() started.
◇ Test initFromEmptySequence() started.
◇ Test basics() started.
◇ Test swiftMacroPluginLoadingFlags() started.
◇ Test noAnalyzerTasks() started.
◇ Test swiftMacroBinaryPluginLoadingFlags() started.
◇ Test swiftMacroSwiftSyntaxSearchPaths() started.
◇ Test androidSwiftSDKRunDestination(architecture:) started.
◇ Test resourceBundleAccessorGeneration() started.
◇ Test multiPlatformTargets() started.
➜ Test serializingTargetScopePerf_X100() skipped: "Skipping performance test"
◇ Test customEffectivePlatformName() started.
◇ Test hostToolBuildsForHostPlatformWithSwiftSDK() started.
◇ Test swiftWithIndexBuildArena() started.
◇ Test customTasksWithDuplicateDescriptions() started.
➜ Test testCanonicalPathRepresentation_driveLetters() skipped: "This test requires a [SWBUtil.OperatingSystem.windows] host OS."
◇ Test swiftIndexBuildWithoutOptimizationOverride() started.
◇ Test basics() started.
◇ Test customTaskInjectsShellScriptEnvironment() started.
◇ Test customTasksAreIndependent() started.
◇ Test collectionConformance() started.
➜ Test deserializingTargetScopePerf_X100() skipped: "Skipping performance test"
◇ Test customTaskWithModuleMapOutputIsCompilationRequirement() started.
◇ Test onDemandResourcesDisabledForMacCatalyst() started.
◇ Test onDemandResourcesBasics() started.
◇ Test hostToolBuildsForHostPlatform() started.
◇ Test onDemandResourcesDisabled() started.
◇ Test assetPackManifestPlist() started.
◇ Test assetPackManifestEmbedding() started.
◇ Test countedSetBasicFunctionality() started.
➜ Test parsing1MBFile_X10() skipped: "Skipping performance test"
➜ Test parsingOfMultipleSimpleAssignments_X1000() skipped: "Skipping performance test"
◇ Test outputParsing() started.
◇ Test incrementalAssetPackUpdates() started.
➜ Test deserializingTargetScopePerf_X1000() skipped: "Skipping performance test"
◇ Test customTaskWithNonCompilationRequirementOutputDoesNotBlockCompilation() started.
➜ Test parsingOfEmptyStrings_X100000() skipped: "Skipping performance test"
◇ Test customTasksSucceedWithNoOutputs() started.
◇ Test basics() started.
◇ Test buildDescriptionInvalidation() started.
◇ Test assetPackOutputSpecificationsPlist() started.
◇ Test singleFileAnalyze() started.
◇ Test onDemandResourcesPlist() started.
◇ Test userAssetPackManifest() started.
◇ Test automaticMergedFrameworkCreation() started.
◇ Test assetPackFolderPath() started.
◇ Test aggregateTargetDependencies() started.
➜ Test serializingTargetScopePerf_X1000() skipped: "Skipping performance test"
◇ Test usingMergeableXCFramework() started.
◇ Test assembleSingleFile() started.
◇ Test preprocessSingleFile() started.
➜ Test simpleEvaluation() skipped: "Skipping performance test"
◇ Test mergedFrameworkCreationWithMultipleProjects() started.
◇ Test skipDependenciesFlag() started.
◇ Test documentationCatalogPIFFileReferenceFileType() started.
◇ Test singleFileCompile() started.
◇ Test minimumDistance() started.
◇ Test singleFileCompileWithSameBaseName() started.
◇ Test androidCommandLineTool(arch:) started.
◇ Test onDemandResourcesErrors() started.
◇ Test usingMergeableXCFrameworkWithInterveningFramework() started.
➜ Test simpleEvaluationOfLongStrings() skipped: "Skipping performance test"
➜ Test parsingOfSingleSimpleAssignments_X100000() skipped: "Skipping performance test"
◇ Test singleFileCompileMetal() started.
◇ Test transitiveClosureDupes() started.
◇ Test oDRAssetPackInfo() started.
◇ Test basics() started.
➜ Test androidCommandLineToolWithSwift_toolchain(arch:) skipped: "This test requires an Android SDK with Swift support, but this is an NDK-only SDK"
◇ Test aggregateScriptDependentByMacCatalyst() started.
◇ Test debian() started.
◇ Test RKAssetsWrongPlatform() started.
◇ Test overridingConfigurationNameForSwiftPackages() started.
◇ Test packageResourcesObjCPP() started.
◇ Test transitiveClosure() started.
◇ Test unsupportedVersions() started.
◇ Test shortestPath() started.
➜ Test androidCommandLineToolWithSwift_swiftSDK(arch:) skipped: "no matching Swift SDK found"
◇ Test resourceEmbedInCodeIncrementalRebuild() started.
◇ Test noErrorWithModifiedContentNoSignature() started.
◇ Test errorWithModifiedContent() started.
◇ Test packageResourcesSwift() started.
➜ Test RKAssetsIncrementalRebuild() skipped: "required SDKs are not installed."
◇ Test packageModuleAliasing() started.
◇ Test cleanDoesNotDeleteManuallyCreatedFolders() started.
◇ Test cleanFramework() started.
◇ Test cleanBuildFolderContainingProject() started.
◇ Test cleanExternalTargetsLegacy() started.
◇ Test packageNameFlag() started.
◇ Test cleanExternalTargetsError() started.
◇ Test cleanLegacy() started.
◇ Test cleanFrameworkInstall() started.
◇ Test shellScriptDependencyAnalysisNoOutputsWarning() started.
◇ Test skipsDocumentationWhenTargetHasPlusPlusHeader() started.
◇ Test documentationWithoutHeaderMembership() started.
◇ Test swiftExclusivity() started.
◇ Test abis_r27() started.
➜ Test shellScriptDeploymentTargetPruning_DriverKit() skipped: "required SDKs are not installed."
◇ Test deterministicPlatformFilterSerialization() started.
◇ Test shellScriptDeploymentTargetPruning_iOS() started.
◇ Test clearCaches() started.
◇ Test cXXFilesAreIgnoredWhenCXXSupportIsDisabled() started.
◇ Test shellScriptDeploymentTargetPruning_tvOS() started.
◇ Test shellScriptDeploymentTargetPruning_watchOS() started.
➜ Test shellScriptDeploymentTargetPruning_visionOS() skipped: "required SDKs are not installed."
◇ Test assertMatchStringLists() started.
➜ Test synthetic_SharedHeaders_T1F1000H10_X10() skipped: "Skipping performance test"
◇ Test objectiveCAppDocumentationHeaderHeuristic() started.
◇ Test intFormat() started.
◇ Test abis_r26_3() started.
◇ Test exitStatus() started.
◇ Test toOrdinal() started.
➜ Test synthetic_NoHeaders_T1F1000_X10() skipped: "Skipping performance test"
◇ Test ensureTaskBelongToCorrectBuild() started.
◇ Test uncaughtSignal() started.
➜ Test synthetic_NoHeaders_T1000F1() skipped: "Skipping performance test"
➜ Test synthetic_SharedHeaders_T1F1000H100_X10() skipped: "Skipping performance test"
◇ Test clearCachesEmpty() started.
◇ Test output() started.
◇ Test outputNotRedirectingStderr() started.
◇ Test exitCode() started.
➜ Test synthetic_SharedHeaders_T1F1000H1_X10() skipped: "Skipping performance test"
➜ Test clangCompileTaskConstruction_X1000() skipped: "Skipping performance test"
◇ Test ensureFillingStderrBeforeWritingToStdoutDoesNotDeadlock() started.
◇ Test shellScriptDeploymentTargetPruning_macOS() started.
➜ Test synthetic_SeparateHeaders_T1F1000H10_X10() skipped: "Skipping performance test"
➜ Test synthetic_NoHeaders_T10F100_X10() skipped: "Skipping performance test"
➜ Test synthetic_NoHeaders_T1F100_X100() skipped: "Skipping performance test"
◇ Test outputRedirectingStderr() started.
◇ Test cachingFineGrainedOutputsSet() started.
◇ Test basicDomainAggregation() started.
➜ Test synthetic_NoHeaders_T100F10_X10() skipped: "Skipping performance test"
➜ Test synthetic_NoHeaders_T1F10_X100() skipped: "Skipping performance test"
◇ Test cachingFineGrainedOutputsDisabled() started.
◇ Test cacheCleanup() started.
◇ Test workingDirectory() started.
◇ Test dependencyModuleMapsArePassedToExtractAPI() started.
◇ Test cachingModulesBasicPlugin() started.
◇ Test prefixMapping() started.
◇ Test extractExtensionPoint() started.
◇ Test implicitModules() started.
◇ Test cachingModulesBasic() started.
◇ Test validateCASRecovery() started.
◇ Test cleanEmpty() started.
◇ Test validateCASPostBuildError() started.
◇ Test incrementalDatabasePruningWithPrecompiledHeader() started.
◇ Test cachingFineGrainedOutputsNotSet() started.
◇ Test codeCoverageFlags() started.
◇ Test cachingModulesWithPrecompiledHeader() started.
◇ Test cachingMixedModulesAndNonModules() started.
◇ Test incrementalDatabasePruningWithModules() started.
◇ Test assembly() started.
◇ Test rebuildAfterEnablingCaching() started.
◇ Test noCacheCleanupInScript() started.
◇ Test cachePath() started.
◇ Test streamOperator() started.
◇ Test cachingBlockList() started.
◇ Test cachingBasicPlugin() started.
◇ Test prefixMappingWithModuleVerifier() started.
◇ Test cachingBasic() started.
◇ Test cachingFineGrainedOutputsCompileCacheDisabled() started.
◇ Test cachingFineGrainedOutputsVerifySet() started.
◇ Test prelinkedObjectFileGenerationVariant_zippered() started.
◇ Test prelinkedObjectFileGenerationVariant_ios() started.
◇ Test basics() started.
◇ Test generateExtensionPlist() started.
◇ Test prelinkedObjectFileGenerationVariant_ios_simulator() started.
◇ Test prelinkedObjectFileGenerationVariant_macCatalyst() started.
◇ Test prelinkedObjectFileGeneration() started.
◇ Test cachingPluginOniOSPlatform() started.
◇ Test jSONEncoding() started.
◇ Test formattedOutput() started.
◇ Test backslashInBothConditionAndRHS() started.
◇ Test parseControlCharacters() started.
◇ Test workspacesWithPackagesCreatePackageFrameworksDirectoryEagerly() started.
◇ Test ensureOldSingleLineBehavior() started.
◇ Test parserProvidesLocationInformation() started.
◇ Test macroSimpleConfigFileParsing() started.
◇ Test lineCntInsideDollarParen() started.
◇ Test multiline() started.
◇ Test nonterminalBackslash() started.
◇ Test staleTBDRemovedWhenFrameworkSwitchesDynamicToStatic() started.
➜ Test rebuildDeletedExplicitPrecompiledModule() skipped.
◇ Test incrementalDatabasePruningWithPrecompiledHeaderAndModules() started.
◇ Test basicMultilineExample() started.
◇ Test prelinkedObjectFileWithoutDependencyInfo() started.
◇ Test prelinkedObjectFileDependencyInfoTracking() started.
◇ Test validateCASMultipleExec() started.
◇ Test cachingCppModules() started.
◇ Test backslashInConditions() started.
➜ Test parsingOfSimpleMacroExpressions_X10000() skipped: "Skipping performance test"
◇ Test crossWorkspaceStaleEagerLinkingTBDRemoval() started.
➜ Test parsingOfLongLiteralStrings_X10000() skipped: "Skipping performance test"
◇ Test switchingBetweenSanitizerModesNew() started.
◇ Test installHeadersStaleFileRemoval() started.
➜ Test projectRelativeSourceTree_X100000() skipped: "Skipping performance test"
➜ Test parsingAllSpecMacrosPerf() skipped: "Skipping performance test"
◇ Test terminatingBackslashInsideStringLiteral() started.
◇ Test localizationInputFileGroupingStrategy() started.
◇ Test terminatingBackslashInsideEmptyLine() started.
➜ Test parsingOfEmptyStrings_X10000() skipped: "Skipping performance test"
➜ Test macOSDriverKitConflict() skipped: "required SDKs are not installed."
◇ Test workspaceSFRDoesNotDeleteOtherConfigurations() started.
➜ Test projectRelativeSourceTree_Cached_X100000() skipped: "Skipping performance test"
➜ Test parsingOfShortLiteralStrings_X10000() skipped: "Skipping performance test"
➜ Test pruneExplicitPrecompiledModulesIntervalThrottling() skipped.
➜ Test groupRelativeSourceTree_2Levels_X100000() skipped: "Skipping performance test"
◇ Test rebuildDeletedSwiftPCMAfterSourceChange() started.
◇ Test imageScaleFactorsInputFileGroupingStrategy() started.
➜ Test groupRelativeSourceTree_2Levels_Cached_X100000() skipped: "Skipping performance test"
➜ Test throughput_1K_Message_X10000() skipped: "Skipping performance test"
➜ Test statCachesExcludedFromStaleFileRemoval() skipped: "Requires running under case-sensitive I/O policy"
◇ Test sameWorkspaceRebuildPreservesEagerLinkingTBDs() started.
◇ Test prelinkedObjectFileGenerationVariant_reverseZippered() started.
◇ Test validateCAS(usePlugin:enableCaching:includePostBuild:) started.
◇ Test packageDiamondProblemDiagnosticUsesDynamicVariantIfAvailable() started.
➜ Test pruneStaleExplicitPrecompiledModules() skipped.
◇ Test finalLineAndColumnTracking() started.
➜ Test groupRelativeSourceTree_1Level_X100000() skipped: "Skipping performance test"
➜ Test oneMessageAsyncPerfX10000() skipped: "Skipping performance test"
➜ Test throughput_1MB_Message_X100() skipped: "Skipping performance test"
➜ Test singleMacroEvaluationPerf_X1000() skipped: "Skipping performance test"
➜ Test oneMessagePerfX10000() skipped: "Skipping performance test"
◇ Test packageDiamondProblemDiagnosticRequiresMultiPass() started.
➜ Test modulesVerifierPerf(verify:) skipped: "Skipping performance test"
◇ Test packageDiamondProblemDiagnosticOptOut() started.
◇ Test switchingBetweenSanitizerModes() started.
◇ Test packageDiamondProblemDiagnosticDoesNotFlagExecutables() started.
◇ Test buildDescriptionCacheDirectoryCreationWithEmptyArenaMultipleProjectsAndCustomSymroot() started.
◇ Test validateEmbeddedBinary() started.
◇ Test packageDiamondProblemDiagnosticWithBundleLoader() started.
◇ Test packageDiamondProblemDiagnosticRequiresMultiPassWithResources() started.
◇ Test copiedPathMap() started.
➜ Test absoluteSourceTree_X100000() skipped: "Skipping performance test"
➜ Test completeSpecLoadingPerf() skipped: "Skipping performance test"
◇ Test copiedPathMapDuplicates() started.
◇ Test copyAndResign() started.
◇ Test packageDiamondProblemDiagnosticDoesNotConsiderCopyResources() started.
➜ Test XCFrameworkCreationWithFrameworksPerf(useSwift:) skipped: "Skipping performance test"
◇ Test packageDiamondProblemDiagnosticForDylibs() started.
◇ Test packageDiamondProblemDiagnosticNoFalsePositives() started.
➜ Test basicExecutable() skipped: "no matching Swift SDK found"
◇ Test packageDiamondProblemDiagnosticConsidersConflictingPackageProducts() started.
◇ Test unifdefCopiedPathMap() started.
◇ Test discoveredMigSpecInfo() started.
◇ Test packageDiamondProblemDoesNotCrashDuringBuild() started.
◇ Test packageDiamondProblemDiagnosticConsidersPackageTargetsAndUsesDynamicVariantIfAvailable() started.
◇ Test packageDiamondProblemDiagnosticConsidersPackageTargets() started.
➜ Test XCFrameworkCreationWithDynamicLibrariesPerf(useSwift:) skipped: "Skipping performance test"
➜ Test isAlivePerfX10() skipped: "Skipping performance test"
◇ Test packageDiamondProblemDiagnosticUserDefault() started.
➜ Test specRegistrationPerf() skipped: "Skipping performance test"
◇ Test discoveredActoolSpecInfo() started.
◇ Test packageDiamondProblemDiagnostic() started.
➜ Test targetSettingsPerf_X100() skipped: "Skipping performance test"
◇ Test macroNameParsing() started.
◇ Test discoveredIbtoolSpecInfo() started.
◇ Test packageDiamondProblemDiagnosticTransitive() started.
◇ Test interfaceBuilderCompilerOutputParser() started.
➜ Test optimizationRemarksSwift() skipped: "Skipping because libRemarks.dylib is not available."
◇ Test resMergerLinkerTaskConstruction() started.
➜ Test minimalHash_X10_000_000() skipped: "Skipping performance test"
➜ Test init_X50_000() skipped: "Skipping performance test"
◇ Test packageDiamondProblemDoesNotCrashDuringIndexBuild() started.
➜ Test hash_X10_000_000() skipped: "Skipping performance test"
➜ Test driverKitFrameworkInstallHeaders(trace:) skipped: "required SDKs are not installed."
◇ Test stringCatalogCompilerOutputParser() started.
➜ Test driverAndFramework(runUnifdef:) skipped: "required SDKs are not installed."
➜ Test driverKitAnalyze() skipped: "required SDKs are not installed."
◇ Test discoveredStoryboardLinkerSpecInfo() started.
◇ Test hashable() started.
◇ Test accessors() started.
◇ Test assetCatalogCompilerOutputParser() started.
◇ Test discoveredIigSpecInfo() started.
➜ Test minimalInit_X100_000() skipped: "Skipping performance test"
◇ Test basics() started.
➜ Test optimizationRemarksClang() skipped: "Skipping because libRemarks.dylib is not available."
◇ Test variations() started.
◇ Test stringComparable() started.
◇ Test findInstallations() started.
◇ Test infoPlistIncrementalBehavior() started.
◇ Test watchOSAppBasics() started.
◇ Test hasPrefix() started.
◇ Test intentsCodeGeneration() started.
◇ Test byteStreamable() started.
◇ Test watchOnlyAppStubThinning() started.
➜ Test buildPerformance_xcframework() skipped: "Skipping performance test"
◇ Test contains() started.
◇ Test description() started.
◇ Test numbers() started.
◇ Test initializers() started.
◇ Test watchKitSettingsBundleDeprecation() started.
◇ Test infoPlistPreprocessingMerging() started.
◇ Test discoveredCoreMLSpecInfo() started.
◇ Test swiftModulesForArm64AndArm64_32() started.
◇ Test coreMLCodeGeneration() started.
◇ Test coreDataCodeGeneration() started.
◇ Test environmentDiffs() started.
◇ Test getOrInsert() started.
◇ Test mismatchingSignatureDoesNotProduceDiagnostics() started.
◇ Test tasksPlannedWithActiveDependencyScopeRemovingInteriorTarget() started.
◇ Test macroStringListExpressionParsing_Empty() started.
◇ Test addContentsOf() started.
◇ Test stringDiffs() started.
◇ Test macroStringListExpressionParsing_WhitespaceOnly() started.
◇ Test stringListDiffs() started.
◇ Test hasSuffix() started.
◇ Test ensureHeaderDiagnosticsForCollisions() started.
◇ Test watchOnlyApp() started.
◇ Test xCFrameworkProcessingStatic() started.
◇ Test basics() started.
◇ Test mismatchingSignatureProducesDiagnostics() started.
◇ Test xCFrameworkProcessingStaticSkipAutoEmbed() started.
◇ Test prependPath() started.
◇ Test archivingMultipleWatchSidecars() started.
◇ Test initDictionaryFromSelf() started.
◇ Test compactMapValues() started.
◇ Test collection() started.
◇ Test contains() started.
◇ Test asStringEvaluation() started.
◇ Test macroStringListExpressionParsing_SimpleTests() started.
◇ Test multiplatformFramework() started.
◇ Test testDeepFramework_FrameworksSymlink() started.
◇ Test xCFrameworkProcessingObjectSkipAutoEmbed() started.
◇ Test tasksPlannedWithActiveDependencyScope() started.
◇ Test value() started.
◇ Test expressibleByDictionaryLiteral() started.
◇ Test xCFrameworksAreCopiedIndependentlyOfUserBuildPhases() started.
◇ Test macroStringListExpressionParsing_Quoting() started.
◇ Test xCFrameworkProcessing() started.
◇ Test missingMetadataFoldersProducesDiagnostics() started.
◇ Test subscript() started.
◇ Test simpleEvaluation() started.
◇ Test xCFrameworkProcessingSkipDynamicAutoEmbed() started.
◇ Test asString() started.
◇ Test emptyEvaluation() started.
◇ Test configuredTargets() started.
◇ Test initSelfFromDictionary() started.
◇ Test appendPath() started.
◇ Test filterKeys() started.
◇ Test artifacts() started.
◇ Test computedMacroTogglingAsStringFlag() started.
◇ Test encodable() started.
◇ Test avoidSignatureFileCollisions() started.
◇ Test computeDependencyClosureBasic() started.
➜ Test objectLibraryAsOnlyStaticInput() skipped: "required SDKs are not installed."
◇ Test computeDependencyClosureWithImplicitDependencies() started.
◇ Test description() started.
◇ Test equatable() started.
◇ Test equality() started.
◇ Test combingGraphemeClusters() started.
◇ Test typeCoercion() started.
◇ Test indexCompilerArguments() started.
◇ Test selectConfiguredTargets() started.
◇ Test edgeCases() started.
◇ Test generatePreviewInfo() started.
◇ Test macroNamespaceInheritance() started.
◇ Test basicInheritance() started.
◇ Test deepNamespaceHierarchy() started.
◇ Test objectLibraryBasics() started.
◇ Test generatePreviewInfoXOJITWithStaticLibrary() started.
◇ Test eagerParallelCompilation_HeaderGeneratingShellScript() started.
◇ Test macroDeclarations() started.
◇ Test generatePreviewInfoXOJIT() started.
◇ Test eagerCompilationParallelBuild() started.
◇ Test xCFrameworkProcessingObject() started.
◇ Test computeDependencyClosureWithPlatformFilters() started.
◇ Test configuredTargetSources() started.
◇ Test eagerCompilationRequiredByTarget() started.
◇ Test eagerCompilationSerialBuild() started.
◇ Test eagerParallelCompilation_GateTasks() started.
◇ Test generatePreviewInfoTargetDependencyInfoXOJITWithCOnlyTarget() started.
◇ Test shellScriptBuildPhase() started.
◇ Test swiftEagerCompilation_explicitModules() started.
◇ Test eagerParallelCompilation_MixedProject() started.
◇ Test eagerCompilationWithScriptsAfterCompiling() started.
◇ Test objectLibraryConsumer() started.
◇ Test macroExpressionEquality() started.
◇ Test eagerParallelCompilation_PerTargetPrecompiledHeader() started.
◇ Test basicTrackedDomainAggregationEmptyDomains() started.
◇ Test decodable() started.
◇ Test empty() started.
◇ Test eagerParallelCompilation() started.
◇ Test headerGeneratingShellScriptsAreCompilationRequirements() started.
◇ Test eagerCompilationBasicsWithSandboxedScripts() started.
◇ Test intentCompilation() started.
◇ Test eagerCompilationRequiredWithDeploymentLocationAndNestedInstallPaths() started.
◇ Test swiftEagerCompilation_generatedHeaderDependencies() started.
◇ Test yaccCompilation() started.
◇ Test sandboxingDoesNotImplyEagerCompilationForAggregateTargetScripts() started.
◇ Test basicTrackedDomainAggregation() started.
◇ Test serializationDoesNotContainUnstableHash() started.
◇ Test eagerParallelCompilation_Precompile() started.
◇ Test customBuildRule() started.
◇ Test eagerCompilationWithTestHost() started.
◇ Test propertyListValueStringList() started.
◇ Test eagerCompilationWithScriptsBeforeCompiling() started.
◇ Test swiftEagerCompilation_WMO() started.
◇ Test macroResultBuilderNormalizationAndBridging() started.
◇ Test propertyListValueString() started.
◇ Test buildStringList() started.
◇ Test c99ExtIdentifierOperator() started.
◇ Test eagerCompilationWithDeploymentLocation() started.
◇ Test eagerCompilationDisabledAndRequiredByTarget() started.
◇ Test propertyListValueUserDefinedProducesNil() started.
◇ Test listsAsStringListParsing() started.
◇ Test propertyListValueEnum() started.
◇ Test targetWithUnsupportedMachOTypeGeneratesNoStubs() started.
◇ Test targetSupportingInstallAPIGeneratesNoStubs() started.
◇ Test buildRequestScopeWithPackages() started.
◇ Test construction() started.
◇ Test targetWithReexportsGeneratesNoIntermediateStubs() started.
◇ Test buildRequestScopeRemovingGroupOfInteriorTargets() started.
◇ Test basicInheritance() started.
◇ Test intermediateStubGeneration() started.
◇ Test operators() started.
◇ Test targetInstallingStubsGeneratesNoIntermediateStubs() started.
◇ Test buildRequestScopeRemovingInteriorTarget() started.
◇ Test skipBuildSetting() started.
◇ Test swiftEagerCompilation() started.
◇ Test eagerCompilationWithScriptsAllowed() started.
◇ Test unknownReplacementOperator() started.
◇ Test eagerCompilationDisabledByTarget() started.
◇ Test workspaceTargets() started.
◇ Test macroExpressionCreation() started.
◇ Test basicPreparationAndCompilerArgs() started.
◇ Test lookupWithEmptyMacro() started.
◇ Test evaluationOverrides() started.
◇ Test interleavedInheritance() started.
◇ Test unknownOperator() started.
◇ Test simpleEvaluation() started.
◇ Test generatedHeaders() started.
◇ Test unicodeEvaluation() started.
◇ Test macroNameEvaluation() started.
◇ Test replacementOperators() started.
◇ Test targetSources() started.
◇ Test defaultReplacementOperator() started.
◇ Test schemeOrderCycle() started.
◇ Test generateHeaderTaskOrdering() started.
◇ Test targetDependencyCycle() started.
◇ Test copyFiles() started.
◇ Test upwardIncludeModuleCycle(eagerParallelCompilation:) started.
◇ Test propertyListValueBoolean() started.
◇ Test undefinedMacrosEvaluation() started.
◇ Test installLocLanguageRespectsKnownLocalizations() started.
◇ Test prettyPrintingRuleInfo() started.
◇ Test installLocWithShellScriptPhase() started.
◇ Test copyFilesForLocalizableFiles() started.
◇ Test resourceBundles() started.
◇ Test generatedFilesCycle() started.
◇ Test buildRequestScopeBasics() started.
◇ Test installLocBasics() started.
◇ Test leadingTargetsAreElidedFromCyclePath() started.
◇ Test copyFilesRulesMergeRegion() started.
◇ Test isAncestorReplacementOperator() started.
◇ Test relativeToReplacementOperator() started.
◇ Test installLocForSettingsBundleInCopyFiles() started.
◇ Test originalMacroPreservation() started.
◇ Test packageResourceBundleEmbedding() started.
◇ Test embeddedExternalBundles() started.
◇ Test installLocForSettingsBundle() started.
◇ Test installLocForAppAndEmbeddedProductsInWorkspace() started.
◇ Test deeplyNestedEvaluation() started.
◇ Test installLocIgnoreUnlocalizedResources() started.
◇ Test installLocForUnlocalizedSettingsBundle() started.
◇ Test interiorTargetRemovalDoesNotAffectSpecialization() started.
◇ Test conditions() started.
◇ Test overlappingSymlinksForFrameworks() started.
◇ Test noModulesVerifierUnlessBuild() started.
◇ Test pifUpdate() started.
◇ Test installLocSkipCopyBaselinesTasksOnTestsTargets() started.
◇ Test installLocForFramework() started.
◇ Test simpleCycle() started.
◇ Test buildRequestScopeRemovingImplicitAndExplicitDependencies() started.
◇ Test embeddedBundles() started.
◇ Test CSVEscaping() started.
◇ Test infoPlistPreprocessing() started.
◇ Test installLocSkipVerifyModules() started.
◇ Test implicitTargetDependencyCycle() started.
◇ Test installLocSSUAppIntents() started.
◇ Test macroStringExpressionParsing_SimpleSubstitutions() started.
◇ Test macroStringExpressionParsing_InterestingCases() started.
◇ Test CSVStream() started.
◇ Test embeddedDirectoriesInCopyFiles() started.
◇ Test circularLayeringViolationDependency() started.
◇ Test shellScript() started.
◇ Test noHeaders() started.
◇ Test warningForMissingExternalBundles() started.
◇ Test toolchainLoading() started.
◇ Test coreLoadErrors() started.
◇ Test testDeferredExecution(isOn:) started.
◇ Test modulesVerifierEagerCompilation() started.
◇ Test basicEncoding() started.
◇ Test platformLoading_watchOS() started.
◇ Test platformLoading_iOS() started.
➜ Test platformLoading_visionOS() skipped: "required SDKs are not installed."
◇ Test embeddedDirectoriesInResources() started.
◇ Test simplePathListMacros() started.
◇ Test swiftObjCAPI() started.
◇ Test objCTaskDependenciesEagerLinkingEnabled() started.
◇ Test coreInvalidInferiorProductsPath() started.
◇ Test simplePathMacros() started.
◇ Test corePaths() started.
◇ Test swiftTaskDependenciesEagerLinkingEnabled() started.
◇ Test platformLoading_macOS() started.
◇ Test pathOrderedSetWithDuplicateAndPreserveFirstOccurrence() started.
◇ Test platformLoading_tvOS() started.
◇ Test appHostedTestTarget_iOS() started.
◇ Test externalToolchainsDir() started.
◇ Test serialization() started.
◇ Test eligibleTargetsEmitTBD() started.
◇ Test incrementalCodesignForCopyFileChangesWithAppHostedTests() started.
◇ Test parseTableWithConditions() started.
◇ Test objCTaskDependenciesEagerLinkingEnabledForAllButOneTarget() started.
◇ Test eagerLinkingEnablementCriteria() started.
◇ Test uITestTarget_macOS() started.
◇ Test uiTestTarget_iOS() started.
➜ Test driverKitPlistContent() skipped: "required SDKs are not installed."
◇ Test swiftBuildTraceEmission() started.
◇ Test macroStringExpressionParsing_SimpleLiterals() started.
◇ Test macroStringExpressionParsing_Operators() started.
◇ Test infoPlistPrivacyContentFileInputsSorted() started.
◇ Test macroTypeParsing() started.
◇ Test basicEncoding() started.
◇ Test normalizedUnversionedTripleConditionBasicMatching() started.
◇ Test serializationWithUnknownDiagnosticLocation() started.
◇ Test installhdrs() started.
➜ Test driverKitPlistFormat() skipped: "required SDKs are not installed."
◇ Test installWithUpwardsPath() started.
◇ Test onDemandResourcesBasics() started.
◇ Test objCLinkerInputsReadyDependsOnLipo() started.
◇ Test filenameMap() started.
◇ Test documentationBuild() started.
◇ Test autolinkingFlags() started.
◇ Test libtoolDeterministicMode() started.
◇ Test swiftModuleAndExplicitModuleMap() started.
◇ Test swiftTaskDependenciesEagerLinkingEnabledForAllButOneTarget() started.
◇ Test simpleBuildSettingConditionExpressions() started.
◇ Test installApi() started.
◇ Test libtoolNoWarningForNoSymbols() started.
◇ Test appHostedTestTargetRebuild() started.
◇ Test parseTable() started.
◇ Test appShortcutsStringsValidation() started.
◇ Test constantConditionExpressions() started.
◇ Test appShortcutsStringsValidation_InvalidStringsFile() started.
➜ Test relationalConditionExpressions() skipped: "Relational expressions were not implemented in Xcode's legacy build system support for macro condition expressions, and are not yet implemented in SWBMacro, so we don't test them here."
◇ Test appClipWorkspaceDiagnostic() started.
◇ Test otherConditionExpressions() started.
◇ Test appHostedTestTarget_macOS() started.
◇ Test validateCAS() started.
◇ Test embeddedSwiftEnablesWMO() started.
◇ Test languageModeOverriddenByOtherSwiftFlags() started.
◇ Test swiftAppBasics_preSwiftOS() started.
◇ Test libraryLevel() started.
◇ Test unaryConditionExpressions() started.
◇ Test commandLineSwiftFileList() started.
◇ Test swiftBridgingHeaderPathNormalized() started.
◇ Test swiftAppBasics_postSwiftOS() started.
◇ Test serviceShutdown() started.
➜ Test prefixMapping() skipped: "to be enabled in the future after swift compiler fix"
◇ Test ternaryConditionExpressions() started.
◇ Test nonConformantPathsCauseDiagnostics() started.
◇ Test layoutStringValueWitnesses() started.
◇ Test logicalConditionExpressions() started.
➜ Test autolinkExtract() skipped: "This test cannot run on a .macOS host OS."
◇ Test swiftCodesizeProfileBuildSetting() started.
◇ Test emptyInput() started.
◇ Test swiftCachingSwiftPM() started.
◇ Test warningAsWarningsGroups() started.
◇ Test dumpSerializedDiagnostics() started.
◇ Test erroneousConditionExpressions() started.
◇ Test automatorActionBuilding() started.
◇ Test installApiDynamicLibrary() started.
◇ Test buildDescriptionTargetInfo() started.
◇ Test appClips_MacCatalyst_Error(appClipSupportsMacCatalyst:) started.
◇ Test swiftSupplementaryOutputsWMOParallel() started.
◇ Test swiftInterfaceVerificationNotSkippedWithInstalledHeader(enableWMO:) started.
◇ Test appClips_iOS() started.
◇ Test swiftCASLimiting() started.
◇ Test appClips_MacCatalyst() started.
◇ Test equalityConditionExpressions() started.
◇ Test commandLineArguments() started.
◇ Test useBuildDescriptionAfterPIFChange() started.
◇ Test swiftCachingSimple() started.
◇ Test swiftAppBasics_postSwiftSpan() started.
◇ Test builtinModuleVerifyList() started.
◇ Test XcodeCommands() started.
◇ Test unparseableSwiftVersion() started.
◇ Test indexInfoForMultiPlatformTargets() started.
➜ Test multiPlatformAppWithDriver() skipped: "required SDKs are not installed."
◇ Test indexOptions() started.
◇ Test swiftOptimizationRecordsDisabledByDefault() started.
◇ Test swiftPerFileFlags() started.
◇ Test appClips_iOSSimulator() started.
◇ Test driver_enabled() started.
◇ Test appClips_EnterpriseTeamError() started.
◇ Test indexingInfoInvokeSwiftCommandLine() started.
◇ Test indexOutputUnitPathModifiesOutputInfo() started.
◇ Test swiftFileListFileNameWithNewLine() started.
◇ Test indexingInfoInvokeClangCommandLine() started.
◇ Test quotedPreprocessor() started.
◇ Test excludedFilesBuiltin() started.
◇ Test builtinModuleVerifierSDK() started.
◇ Test emitConstValues() started.
◇ Test swiftHeaderTool() started.
◇ Test excludedFilesExternal() started.
◇ Test builtinModuleVerifierSDKVariantFromIOSMac() started.
◇ Test workingDirectoryOverride() started.
◇ Test skipABIDescriptorInstall() started.
◇ Test settingsCaching() started.
◇ Test colorDiagnostics_disabled() started.
◇ Test builtinModuleVerifierSDKVariantFromMacOS() started.
◇ Test SDKBuildVersionPlatform_macOS() started.
◇ Test swiftLTO() started.
◇ Test builtinModuleVerifier() started.
◇ Test packageInterfaceGen() started.
◇ Test fixFor23297285DisabledForIndexBuild() started.
◇ Test swiftTakesCxxFlagsIfCxxInteropEnabled() started.
◇ Test lookup() started.
➜ Test SDKBuildVersionPlatform_DriverKit() skipped: "required SDKs are not installed."
◇ Test builtinModuleVerifierTargetSetDiagnostics() started.
◇ Test SDKVariantsEvaluatedTargetedDeviceFamilyIdentifierSkipping() started.
◇ Test externalModuleVerifier() started.
◇ Test readOnlySettings() started.
◇ Test modulesVerifierIndependence() started.
◇ Test enableBareSlashRegexLiterals() started.
◇ Test invalidCustomBuildSettings() started.
◇ Test emptySwiftVersion() started.
◇ Test loadingErrors() started.
◇ Test sparseSDKs() started.
◇ Test SDKBuildVersionPlatform_tvOS() started.
◇ Test SDKBuildVersionPlatform_watchOS() started.
◇ Test versionMap() started.
◇ Test swiftAstPathForStaticLibraries() started.
◇ Test swiftOptimizationRecords() started.
◇ Test noVersionMap() started.
◇ Test swiftMinimumSupportedSimulatorDeviceFallback() started.
◇ Test validateClangModulesOnce() started.
◇ Test cxxInteropLinkerArgGeneration() started.
◇ Test swiftDisabledHeadermaps() started.
◇ Test swiftBridgingHeader(isInternal:) started.
◇ Test SDKVariants() started.
◇ Test parsingCanonicalName() started.
◇ Test customBuildSettings() started.
◇ Test upcomingFeatures() started.
◇ Test swiftAppBasics_preSwiftOSDeploymentTarget_postSwiftOSTargetDevice() started.
◇ Test externalSDKs() started.
◇ Test swiftInBundleResourcesPhase() started.
◇ Test interfaceBuilderCompilers() started.
◇ Test swiftModuleCacheFlags() started.
◇ Test overridingSDKs() started.
◇ Test swiftSupplementaryOutputsWithCustomDirectories() started.
◇ Test argsCleaned() started.
◇ Test swiftInterfaceVerificationWithoutMergeHeaders(enableWMO:) started.
◇ Test builtinModuleVerifierDefaultStandards() started.
◇ Test warningAsErrorsGroups() started.
◇ Test precompiledPCH() started.
◇ Test interfaceBuilderCompilers_FullLocalization() started.
◇ Test unsupportedSwiftVersion() started.
◇ Test sourcesImageCombining() started.
◇ Test assetCatalogTool_tvOS() started.
◇ Test variantGroupResourceCopyingWithKnownLocalizationsFilter() started.
◇ Test SDKBuildVersionPlatform_iOS() started.
◇ Test driver_disabled() started.
◇ Test groupTreePaths() started.
◇ Test userModuleVersion() started.
◇ Test sourceRootToProjectDir() started.
◇ Test dtraceProcessing() started.
◇ Test swiftAppBasics_preSwiftOSDeploymentTarget_postSwiftOSTargetDevice_mixedPlatform() started.
◇ Test nullSourceTree() started.
◇ Test productReference() started.
◇ Test swiftInterfaceVerificationSkippedByDefault(enableWMO:) started.
◇ Test swiftModuleNotCopiedWhenAskedNotTo() started.
◇ Test copyLocalizedFilesProcessing() started.
◇ Test appleScriptBuildPhaseDeprecation() started.
◇ Test multipleArchs_watchOS() started.
◇ Test warningsOnEmptyArchs() started.
◇ Test dotDotEmbeddedInFileReferencePath() started.
◇ Test imageCombining() started.
◇ Test emptySourceTree() started.
◇ Test appleScriptProcessing() started.
◇ Test rezPhase() started.
◇ Test macIdiom() started.
◇ Test assetCatalogToolResourceOverrides() started.
◇ Test interfaceBuilderCompilers_LegacyLocalization_WithKnownLocalizationsFilter() started.
◇ Test symlink() started.
◇ Test interfaceBuilderCompilers_FullLocalization_WithKnownLocalizationsFilter() started.
◇ Test copyFilesProcessing() started.
◇ Test preprocessedLocalizedStringsFiles() started.
◇ Test variantGroupResourceCopying() started.
◇ Test copyFilesIntoModulesSymLink() started.
◇ Test copyResourceRuleSkipsBuildRules() started.
➜ Test SDKBuildVersionPlatform_visionOS() skipped: "required SDKs are not installed."
◇ Test undefinedSourceTree() started.
◇ Test findingLibraryReturnsNilForUnsupportedArchitecture() started.
◇ Test versioningStub() started.
◇ Test absolutePath() started.
◇ Test resourceProcessing() started.
◇ Test copyHeaderRemoval() started.
◇ Test multipleAssetCatalogsInSourcesPhase() started.
◇ Test sceneKitDAEProcessing() started.
◇ Test alternateProducersOfProductStructure() started.
◇ Test emptySwiftFileListUserDefaultOff() started.
◇ Test interfaceBuilderCompilers_BaseLocalization() started.
◇ Test multipleAssetCatalogs() started.
◇ Test interfaceBuilderCompilers_LegacyLocalization() started.
◇ Test copyLocalizedFilesWithKnownLocalizationsFilter() started.
◇ Test swiftAstPathForStaticLibrariesMultiPlatform() started.
◇ Test swiftAppBasics_postSwiftOSDeploymentTarget_preSwiftConcurrencySupportedNatively_DisallowRpathInjection() started.
◇ Test swiftSupplementaryOutputs() started.
◇ Test minorSwiftVersions() started.
◇ Test tBDOutput() started.
◇ Test colorDiagnostics_enabled() started.
◇ Test dotDotEmbeddedInFileGroupPath() started.
◇ Test basicXCFrameworkUsageWithTestsUsingHostBundle() started.
◇ Test findingLinuxLibraryFallsBackFromGNUVariantToNoVariant() started.
◇ Test XCFrameworkValidationErrors() started.
◇ Test multipleArchs_iOS() started.
◇ Test basicXCFrameworkUsage() started.
◇ Test relativeSourceTree() started.
◇ Test optOutIncrementalScanning() started.
◇ Test swiftInterfaceVerificationFollowsMergeHeaders(enableWMO:) started.
◇ Test xcodebuildInvocation() started.
◇ Test privateOnlyPublicModuleFramework() started.
◇ Test copyLocalizedFilesWithBuildRulesAndKnownLocalizationsFilter() started.
◇ Test findingLinuxLibraryPrefersMatchingArchitecture() started.
◇ Test assetCatalogTool() started.
◇ Test swift4DisablesExplicitModules() started.
◇ Test generateIndexingInfo() started.
◇ Test findingXCFrameworkLibrary() started.
◇ Test perfectFramework() started.
◇ Test basicXCFrameworkUsageWithSwift() started.
◇ Test multipleXCFrameworkAcrossMultipleTargetsUsage() started.
◇ Test swiftAppBasics_postSwiftOSDeploymentTarget_preSwiftConcurrencySupportedNatively() started.
◇ Test multipleFrameworks() started.
◇ Test basicXCFrameworkUsageWithArchive() started.
◇ Test headerIncludes() started.
◇ Test XCFrameworkParsingErrors() started.
◇ Test swiftDisableParseAsLibrarySettings() started.
◇ Test singleFramework() started.
◇ Test dSYMGeneration() started.
◇ Test relativeAndAbsolutePaths() started.
◇ Test selfBuild() started.
◇ Test singleLibrary() started.
◇ Test privateOnlyPublicPrivateModule() started.
◇ Test basicXCFrameworkWithSwift() started.
◇ Test swiftCompiler() started.
◇ Test interfaceBuilderCompilers_MultiVariant() started.
◇ Test singleLibraryWithHeaders() started.
◇ Test parseWithNoErrors() started.
◇ Test emptySwiftFileListUserDefaultOn() started.
◇ Test badFramework() started.
◇ Test multipleXCFrameworkUsage_ios() started.
◇ Test missingXCFramework() started.
◇ Test interfaceBuilderDeviceSpecificProcessing() started.
◇ Test parsingDiagnosticsFile() started.
◇ Test generateIndexingInfoWithEnableFixFor23297285() started.
◇ Test accessNotes() started.
◇ Test implicitDependencyPlatformFiltering() started.
◇ Test enableHardeningInSwift() started.
◇ Test ambiguousImplicitDependency() started.
◇ Test toolsetCustomization() started.
◇ Test swiftObjectiveCHeaderInstallation() started.
◇ Test swiftModuleWithoutUmbrellaHeader() started.
◇ Test newFramework() started.
◇ Test multipleLibrariesWithHeaders() started.
◇ Test implicitDependenciesWithNameCollisionOnPackageTarget() started.
◇ Test SDKVariantMatching() started.
◇ Test staticResourceDirectorySelection_toolsetImposesStaticStdlib() started.
◇ Test defaultIsolationFlag() started.
◇ Test swiftSupplementaryOutputsWMO() started.
◇ Test strictConcurrencyFlag() started.
➜ Test linuxFallbackSystemToolchainDoesNotPassSDKOrSysrootArg() skipped: "This test requires a [SWBUtil.OperatingSystem.linux] host OS."
◇ Test toolsetEnablingWMO() started.
◇ Test dynamicResourceDirectorySelection() started.
◇ Test packagesDoNotConsiderImplicitDependencies() started.
◇ Test architectureMatching() started.
◇ Test basicXCFrameworkWithHeaders() started.
◇ Test swiftLinkerSearchPaths() started.
◇ Test staticResourceDirectorySelection_requestImposesStaticStdlib() started.
◇ Test implicitDependencyStemMatching() started.
◇ Test appAndEmbeddedProducts() started.
◇ Test implicitDependenciesUseOverridingParameters() started.
◇ Test indexOptionsNotAddedIfIndexingIsDisabled() started.
◇ Test copyXCFramework() started.
◇ Test appAndFramework() started.
◇ Test implicitDependenciesUseOtherLinkerFlags() started.
◇ Test implicitDependencyResolutionMultiPlatDepsSameProductName() started.
◇ Test supportedPlatformsFilter() started.
◇ Test selfDependency() started.
◇ Test platformMatching() started.
◇ Test buildSettingEmbeddedInPath() started.
◇ Test basicEncoding() started.
◇ Test valueSanitation() started.
◇ Test implicitDependenciesHonorExcludedSourceFileNames() started.
◇ Test basicOrdering() started.
◇ Test implicitDependencySkippingIneligible() started.
◇ Test installAPISetting() started.
◇ Test unsupportedSchemaVersion() started.
◇ Test implicitDependencyDomain() started.
◇ Test implicitDependencySkipping() started.
◇ Test toolsetInBuildRequestOverrides() started.
◇ Test entitlementsViaBuildSetting() started.
◇ Test basicProjectSettingsSerialization() started.
◇ Test multipleToolsets() started.
◇ Test swiftCompilerFlagsPassedToLinkerDriver() started.
➜ Test XCStringsInCopyFiles() skipped: "swift-driver does not support localized string extraction"
➜ Test singleTargetIOSOnlyActiveArch() skipped: "swift-driver does not support localized string extraction"
◇ Test loadingDownloadableToolchain() started.
◇ Test deriveVersion() started.
◇ Test macroEvaluationScopeSerialization() started.
◇ Test loadingWarnings() started.
◇ Test cXXInteropDisablesExplicitModules() started.
◇ Test statCacheEligibility() started.
◇ Test toolsetBasics() started.
➜ Test compilerExtractionOff() skipped: "swift-driver does not support localized string extraction"
➜ Test multiTargetMacOS() skipped: "swift-driver does not support localized string extraction"
◇ Test verboseLogging() started.
◇ Test customBuildSettings() started.
➜ Test basicXCFrameworkUsageWithDriver() skipped: "required SDKs are not installed."
◇ Test deriveDisplayName() started.
➜ Test singleTargetIOSSimOnlyActiveArch() skipped: "swift-driver does not support localized string extraction"
➜ Test targetFiltering() skipped: "swift-driver does not support localized string extraction"
➜ Test singleTargetMacOSAllArchs() skipped: "swift-driver does not support localized string extraction"
◇ Test swiftDeveloperToolchainSet() started.
◇ Test hierarchicalSYMROOTLayout() started.
➜ Test XCStringsNotNeedingBuiltInCopyFiles() skipped: "swift-driver does not support localized string extraction"
◇ Test implicitDependencyMixedStemMatching() started.
◇ Test eagerCompilation() started.
◇ Test consistentlyUseParametersFromBuildRequest() started.
◇ Test roundTripEncoding() started.
◇ Test toolPathResolution() started.
◇ Test loadingErrors() started.
➜ Test singleTargetMacCatalyst() skipped: "swift-driver does not support localized string extraction"
◇ Test allHeadersHeadermapUse() started.
◇ Test multipleHeadersOfSameName() started.
◇ Test basicEncoding() started.
➜ Test XCStringsNotNeedingBuilt() skipped: "swift-driver does not support localized string extraction"
◇ Test frameworkEntriesForTargetsNotBeingBuilt() started.
◇ Test multipleHeadersOfSameName2() started.
◇ Test basicCopyResourcesCompileSourcesFusion() started.
◇ Test appAndBundle() started.
◇ Test scriptPhaseBlocksCopyResourcesCompileSourcesFusion() started.
◇ Test extensionBasedWatchApp() started.
◇ Test statCacheTaskConstruction() started.
◇ Test scriptPhaseRelocationBasic() started.
➜ Test singleTargetMacOSOnlyActiveArch() skipped: "swift-driver does not support localized string extraction"
◇ Test scriptPhaseRelocationBasicWithUnsandboxedScripts() started.
◇ Test selectConfiguredTarget() started.
➜ Test withSanitizer() skipped: "swift-driver does not support localized string extraction"
➜ Test XCStringsInVariantGroup() skipped: "swift-driver does not support localized string extraction"
◇ Test scriptPhaseRelocationBasicWithSandboxedScriptsProducingHeaders() started.
◇ Test interestingInstallationDirectories() started.
◇ Test verbosityMismatchNoDuplicateTasks() started.
◇ Test scriptPhaseRelocationBasicWithSandboxedScriptsNotProducingHeaders() started.
◇ Test prebuiltsAreHostOnly() started.
◇ Test loadingExternalTarget() started.
◇ Test loadingBuildRule() started.
◇ Test appClip() started.
◇ Test loadingVersionGroupNoChildren() started.
◇ Test extensionlessWatchApp() started.
◇ Test deriveAliases() started.
◇ Test loadingBuildFile_fileReference() started.
➜ Test singleTargetMultiPlatformOnlyActiveArch() skipped: "swift-driver does not support localized string extraction"
◇ Test copyFilesFusion() started.
◇ Test loadingBuildPhase() started.
◇ Test loadingVersionGroup() started.
◇ Test headermapDeterminism() started.
◇ Test loadingFileGroup() started.
◇ Test loadingStandardTarget() started.
◇ Test scriptFusion() started.
◇ Test loadingBuildConfiguration() started.
◇ Test unsupportedArchitectureErrors() started.
◇ Test loadingProject() started.
◇ Test loadingVariantGroup() started.
◇ Test standardLibraryLinkingMacOS() started.
◇ Test loadingBuildFile_targetReference() started.
◇ Test loadingErrors() started.
◇ Test disambiguatedImplicitDependency() started.
◇ Test swiftABIVersionParsing() started.
◇ Test xCFrameworkWithMergeableLibrary_iOS() started.
◇ Test standardLibraryLinkingAllPlatforms(linkerDriverUT:) started.
◇ Test manualMergedFrameworkCreation() started.
◇ Test loadingIndirect() started.
◇ Test documentationInfo(runDocumentationCompiler:) started.
◇ Test loadingWorkspace() started.
◇ Test ignoringBuildPhases() started.
◇ Test versionCommandLineInvocation() started.
◇ Test automaticMergedFrameworkCreation_macOS() started.
◇ Test mergeableLibraryWithNoSources() started.
◇ Test dependenciesOfMergeableLibraryTargets() started.
◇ Test automaticMergedFrameworkCreation_iOS() started.
◇ Test helpCommandLineInvocation() started.
◇ Test applicationUnitTestTarget_usingSerializedTargetBuild_withAdditionalDependency() started.
◇ Test buildPhaseFusionDisabled() started.
◇ Test basicEncoding() started.
◇ Test multiProjectAutomaticMergedFrameworkCreation() started.
◇ Test editorBasics() started.
◇ Test frameworkUnitTestTarget_macOS() started.
◇ Test loadingFileReference() started.
◇ Test generateTestAnchor() started.
◇ Test includeWithoutFileExtension() started.
◇ Test loadsNestedConfig() started.
➜ Test realityAssets() skipped: "required SDKs are not installed."
◇ Test generalCommands() started.
◇ Test applicationUnitTestTarget_macCatalyst() started.
◇ Test uiTestTarget_iOS() started.
◇ Test simpleCycleInConfigs() started.
◇ Test xCFrameworkWithMergeableLibrary_macOS() started.
◇ Test noModulesVerifierUnlessBuild() started.
◇ Test applicationUnitTestTarget_usingSerializedTargetBuild() started.
◇ Test applicationUnitTestTarget_watchOS() started.
◇ Test generatedHeaders() started.
◇ Test uITestTarget_macOS() started.
◇ Test basicSignatureCollection() started.
◇ Test settingsSignature() started.
◇ Test singleFileCycleInConfigs() started.
◇ Test appExtensionUnitTestTarget_watchOS() started.
◇ Test includesSymbolFiles() started.
◇ Test mergedBinaryDSYMCreation() started.
◇ Test modulesVerifierEagerCompilation() started.
◇ Test recursiveSearchPaths() started.
◇ Test settingsSignatureChangesWhenXCConfigsChange() started.
◇ Test noHeaders() started.
◇ Test symlinkCycleInConfigs() started.
◇ Test includeCacheSharing() started.
◇ Test swiftObjCAPI() started.
◇ Test createNestedConfig() started.
◇ Test configuredTargets() started.
◇ Test infoGathersNestedConfigs() started.
◇ Test duplicatePathsInIncludeGraph() started.
◇ Test basicEncoding() started.
◇ Test includeWithAbsolutePathAndMissingFileExtension() started.
◇ Test artifactBundleWithStaticLibrary() started.
◇ Test copyFiles() started.
◇ Test shellScript() started.
◇ Test artifactBundleInfoPropagatesThroughPackageProductTarget() started.
◇ Test applicationUnitTestTarget_macOS() started.
➜ Test unitTestRunnerTarget() skipped: "This test cannot run on a .macOS host OS."
◇ Test XCStringsNotNeedingBuilt() started.
➜ Test ASanBuildService() skipped: "Test is not supported when building Swift Build as a package"
◇ Test isAlive() started.
◇ Test buildSettingsTripleCondition() started.
◇ Test includeWithoutFileExtensionIfOneIsNeeded() started.
◇ Test showSpecs() started.
➜ Test appWithDriver() skipped: "required SDKs are not installed."
◇ Test basics() started.
◇ Test sessionCrashRecovery() started.
◇ Test overridingTargetBuildDirInApplicationUnitTestTarget() started.
◇ Test changeNestedConfig() started.
◇ Test overridingProductType() started.
◇ Test commandInvocation() started.
◇ Test closing() started.
◇ Test infoPlistKeyConfigurations() started.
◇ Test specLookup() started.
◇ Test deferredTargetDiagnosticsWithDuplicateTargetPreparation() started.
◇ Test sessionCommands() started.
◇ Test specFindInSubregistry() started.
◇ Test specScanning() started.
◇ Test noDuplicatedIdentifiersFindingProxiesIncludingInheritedDomains() started.
◇ Test wildcardExcludedSourceFileNames() started.
◇ Test specRegistryLoadingErrors() started.
◇ Test commandInvocationInProcess() started.
◇ Test appExtensionSwiftEmbedding() started.
◇ Test developerDir() started.
◇ Test specScanningErrors() started.
◇ Test loadingAggregateTarget() started.
◇ Test subregistryNames() started.
◇ Test lookupEntitlementsFilePath() started.
◇ Test deploymentTargetValidation() started.
◇ Test overrideKernelExtensionModuleInfoBuildRule() started.
◇ Test sessionPIFLoading() started.
◇ Test modulesVerifierIndependence() started.
◇ Test sendPIFIncrementallyWithAuditing() started.
◇ Test computeSigningCertificateIdentifier() started.
◇ Test failingCommandInvocation() started.
◇ Test sendCorruptPIFIncrementallyWithAuditing() started.
◇ Test computeBundleIdentifierForTestRunner() started.
◇ Test macroEvaluationBasics() started.
◇ Test provisioningStyle() started.
◇ Test sendPIFIncrementallyWithAuditingFailure() started.
◇ Test specParsing() started.
◇ Test autoSDKROOTReplacementForMacCatalyst() started.
◇ Test basics() started.
◇ Test responseFilePassthroughArgs() started.
◇ Test eagerCompilationAllowScriptsHandlesSandboxingOptOut() started.
◇ Test largeMessages() started.
◇ Test standardTargetBasics() started.
◇ Test settingsWithoutPlatform() started.
◇ Test kernelExtensionModuleInfoEmpty() started.
◇ Test disabledByCompilerWrapper() started.
◇ Test cycleWithNonExistentOptionalIncludeAndDuplicatePath() started.
◇ Test kernelExtensionStandardArchitectures() started.
◇ Test macCatalystVersionMapping() started.
◇ Test arenaSettings() started.
◇ Test macroEvaluationAdvanced() started.
◇ Test sessionTeardown() started.
◇ Test responseFileExclusions() started.
◇ Test configurationConditionParameter() started.
◇ Test perSpecResponseFiles() started.
◇ Test deploymentTargetFallback() started.
◇ Test sendPIFIncrementally() started.
◇ Test SDKFallbackConditions() started.
◇ Test basics() started.
◇ Test sessionPIFCache() started.
◇ Test missingWorkspaceContext() started.
◇ Test toolchainOverride() started.
◇ Test header() started.
◇ Test signingBasicWarningsForNonRequiredPlatforms() started.
◇ Test perLanguageResponseFiles() started.
◇ Test sendCorruptPIFIncrementallyMultipleObjects() started.
◇ Test swiftModuleOnlyArchs() started.
◇ Test hostOperatingSystemVersionSettings() started.
◇ Test platformPreferredArchSettings() started.
◇ Test hostandDestinationPlatformConditions() started.
◇ Test unableToResolveProductType() started.
◇ Test previewsEnablingDisabling() started.
◇ Test settingsOverridesDevelopmentAssets() started.
◇ Test previewsXOJITWithAnLDClientName() started.
◇ Test defaultSearchPaths() started.
◇ Test bogusSupportedPlatforms() started.
◇ Test builtinSettingsNoErrors() started.
◇ Test architectures() started.
◇ Test signingBasics() started.
◇ Test settingsIssues() started.
◇ Test signingDefaults() started.
◇ Test analyzeSettings() started.
◇ Test decoding() started.
◇ Test appExtensionEmbedding() started.
◇ Test executablePaths() started.
◇ Test previewsXOJIT() started.
◇ Test settingsDescribingTypeOfBuild() started.
◇ Test recommendedDeploymentTargets() started.
◇ Test effectiveSwiftVersion() started.
◇ Test nativeArchSettings() started.
◇ Test toolchainBuildSettings() started.
◇ Test kernelExtensionModuleInfoGeneratedFileIsExcluded() started.
◇ Test iOSStandardTargetBasics() started.
◇ Test encodings() started.
◇ Test previews() started.
◇ Test watchKitDeprecation() started.
◇ Test sparseSdks() started.
◇ Test previewsDisablingHardenedRuntimeWithAdHocSigning() started.
◇ Test multiArchConfigurationYieldsSingleArchBinary() started.
◇ Test signingBasicErrorsForRequiredPlatforms() started.
◇ Test settingsForDifferentPurposes() started.
◇ Test basics() started.
◇ Test defaultDeploymentTargetInRange_tvOS() started.
◇ Test archPointerAuthentication_iOS() started.
◇ Test computeBundleIdentifier() started.
➜ Test addRunDestinationSettingsPlatformSDKLinux() skipped: "required SDKs are not installed."
◇ Test kernelExtensionModuleInfo() started.
◇ Test buildVariants() started.
◇ Test externalTargetSettings() started.
◇ Test buildSettingsEnforcedAbsolutePaths() started.
◇ Test fileTextEncoding() started.
◇ Test archPointerAuthentication_tvOS() started.
◇ Test SDKVersionSettings() started.
◇ Test headerCommandReordering() started.
◇ Test SDKVariants() started.
◇ Test projectBasics() started.
◇ Test compatArchs() started.
◇ Test signingBasicErrorsForPlatformsAdhocIphoneos() started.
◇ Test externalBuildTarget() started.
◇ Test BOMBytes() started.
◇ Test SDKBuildVersionConditions() started.
◇ Test encoding() started.
◇ Test autoSDKROOTReplacement() started.
◇ Test aggregateTargetBasics() started.
◇ Test userDefinedSettings() started.
◇ Test defaultDeploymentTargetInRange_iOS() started.
◇ Test defaultDeploymentTargetInRange_macOS() started.
◇ Test macroPathNormalization() started.
◇ Test defaultUpcomingFeatures() started.
◇ Test exportedSwiftResponseFileMacro() started.
◇ Test recursiveHeaderSearchPaths() started.
◇ Test instrumentsPackageDependencyOrdering() started.
◇ Test signingDefaultsByProductType() started.
◇ Test copyFilesOnlyOnDeploymentTarget() started.
◇ Test discoveredTAPISpecInfo() started.
➜ Test defaultDeploymentTargetInRange_DriverKit() skipped: "required SDKs are not installed."
◇ Test moduleCompilerOptions() started.
◇ Test settingOverrides() started.
◇ Test createBuildDirectoryOrdering() started.
◇ Test discoveredClangSpecInfoAcrossToolchains() started.
◇ Test versioningStub() started.
◇ Test remappedHeaderSearchPathsWithCurrentMacros() started.
◇ Test vFSFileHasAbsoluteExternalPaths() started.
◇ Test impartedProperties() started.
◇ Test renameInfoPlist() started.
◇ Test discoveredDoccSpecInfo() started.
◇ Test swiftModuleOnlyDeploymentTargets() started.
◇ Test discoveredLdLinkerSpecInfo_macOS() started.
◇ Test perVariantSigning() started.
◇ Test toolBasics() started.
◇ Test externalBuildTargetDependencies() started.
◇ Test discoveredLdLinkerSpecInfo() started.
◇ Test buildDatabaseLocationOverride() started.
➜ Test discoveredLdLinkerSpecInfo_Linux() skipped: "required SDKs are not installed."
◇ Test renameLocalizedInfoPlistWhenTweakedInfoPlistName() started.
◇ Test discoveredSwiftSpecInfo() started.
◇ Test equivalence() started.
◇ Test objectFileProduct() started.
◇ Test fullPathForLinkedProductsInReferencedProjects() started.
◇ Test discoveredClangSpecInfo() started.
◇ Test crossPlatformStripSwiftSymbols() started.
◇ Test defaultDeploymentTargetInRange_macCatalyst() started.
◇ Test recursiveSearchPathsForLinking() started.
◇ Test discoveredLibtoolSpecInfo() started.
◇ Test vFSFileHasConsistentContents() started.
◇ Test frameworkBasics() started.
◇ Test scriptRuleWithFileListsAndErrors() started.
◇ Test codelessBundles() started.
◇ Test buildPlanCancellation() started.
◇ Test duplicateArchFiltering() started.
◇ Test framePointerControl() started.
➜ Test perArchIncludedSourceFileNames() skipped: "required SDKs are not installed."
◇ Test pathNormalizationConsistency() started.
◇ Test instrumentsPackage() started.
◇ Test securityCompilerWarnings() started.
◇ Test emptySourcesTarget() started.
◇ Test createBuildDirectoryOrderingWithArena() started.
◇ Test taskIdentifierCollisionErrors() started.
◇ Test sourceInputFileFollowsGeneratedHeaders() started.
◇ Test workingDirectoryAndSourceRoot() started.
◇ Test additionalSymbolGraphGenerationArgs() started.
◇ Test outputFileNameCollisions() started.
◇ Test iOSDynamicLibrary_swift() started.
◇ Test discoveredTAPIExtraToolsSpecInfo() started.
◇ Test indexingWhileBuilding() started.
◇ Test dynamicPackageProductGetsLinkedAndEmbedded() started.
◇ Test zeroStackInit() started.
◇ Test XCFrameworkCommandForArchive() started.
➜ Test discoveredLibtoolSpecInfoLinux() skipped: "required SDKs are not installed."
◇ Test friendlyErrorMessageForFrameworkNotExisting() started.
◇ Test pCHProcessingFollowsGeneratedHeaders() started.
◇ Test prefixHeaderHashIgnoresNeutralFlags() started.
◇ Test buildLibraryForDistributionNoHeaders_DynamicLibrary() started.
➜ Test XCFrameworkCommandForFrameworks_nonswift() skipped: "required SDKs are not installed."
◇ Test libCPPLibraryHardening() started.
◇ Test macFrameworkWithDSYMs_nonswift() started.
◇ Test warnEmptyBody() started.
◇ Test precompiledHeaderDependencyOnModuleMaps() started.
◇ Test crossPlatformDeadCodeStripping() started.
◇ Test copyStringsArchNeutral() started.
◇ Test defaultDeploymentTargetInRange_watchOS() started.
◇ Test iOSSimulatorFramework_swift() started.
◇ Test buildLibraryForDistributionError_Framework() started.
◇ Test XCFrameworkCommandForDynamicLibraries_nonswift() started.
➜ Test outputFileProcessing() skipped: "required SDKs are not installed."
◇ Test basicEncoding() started.
◇ Test warnShadow() started.
◇ Test sparseSDKs() started.
◇ Test packageFrameworksOrdering() started.
◇ Test macFramework_nonswift() started.
◇ Test iOSSimulatorDynamicLibrary_nonswift() started.
◇ Test iOSDynamicLibrary_nonswift() started.
◇ Test typedMemoryOperations() started.
◇ Test buildLibraryForDistributionError_DynamicLibrary() started.
◇ Test sanitizers(linkerDriver:expectedAddressArgument:expectedScudoArgument:) started.
◇ Test macCatalystDynamicLibrary_nonswift() started.
◇ Test discoveredSwiftABIToolsSpecInfo() started.
➜ Test XCFrameworkCommandForFrameworks_swiftWithInternals() skipped: "required SDKs are not installed."
◇ Test macDynamicLibrary_nonswift() started.
◇ Test buildLibraryForDistributionOverride_DynamicLibrary() started.
◇ Test iOSFramework_swift() started.
◇ Test searchPathSettings() started.
◇ Test renameLocalizedInfoPlistWhenGenerated() started.
◇ Test nonPrefixHeaderUse() started.
◇ Test iOSFramework_nonswift() started.
◇ Test macFatStaticLibrary() started.
◇ Test requiresArm64Arm64e() started.
➜ Test driverKitStaticLibrary() skipped: "required SDKs are not installed."
◇ Test diagnosticForDisambiguatingMultipleScriptRulesMatchedToSameInput() started.
◇ Test noDiagnosticForMultipleScriptRulesMatchedToSameInput() started.
◇ Test renameLocalizedInfoPlistWhenDowncaseInfo() started.
◇ Test testEmitSarif() started.
◇ Test caseIndependentSourceFileNameCollision() started.
➜ Test driverKitDynamicLibrary() skipped: "required SDKs are not installed."
◇ Test noDiagnosticForMultipleScriptRulesMatchedToSameInputAtDifferentLevels() started.
◇ Test macFrameworkWithDSYMs_swift() started.
◇ Test prefixHeaderDerivedFileDirCollision() started.
➜ Test defaultDeploymentTargetInRange_visionOS() skipped: "required SDKs are not installed."
◇ Test fileTypeLookupByDialect() started.
◇ Test buildPlanDumping() started.
◇ Test macStaticLibrary() started.
◇ Test friendlyErrorMessageForLibraryHeadersNotExisting() started.
➜ Test XCFrameworkCommandForFrameworks_swift() skipped: "required SDKs are not installed."
◇ Test describeSchemes() started.
◇ Test createXCFrameworkWithMergeableLibraries() started.
◇ Test buildLibraryForDistributionOverride_Framework() started.
◇ Test deterministicBuildDirectoryInputOrdering() started.
◇ Test buildWarningsForFilesInImproperBuildPhase() started.
◇ Test boundsSafetyCLanguageExtension() started.
◇ Test describeProducts() started.
◇ Test macFramework_swift() started.
◇ Test extensionTargetBasics() started.
◇ Test indexingWhileBuildingDisabledInRelease() started.
◇ Test missingNamedReferences() started.
◇ Test compileSourcesWithoutLinkage() started.
◇ Test scriptPhaseBehaviors() started.
➜ Test driverKitFramework() skipped: "required SDKs are not installed."
◇ Test staticLibraries() started.
◇ Test macCatalystDynamicLibrary_swift() started.
◇ Test scudoSanitizer(linkerDriver:expectedAddressArgument:expectedScudoArgument:) started.
◇ Test macDynamicLibrary_swift() started.
◇ Test XCFrameworkCommandForDynamicLibraries_swift() started.
◇ Test describeArchivableProducts() started.
◇ Test iOSFrameworkWithDebugSymbols_nonswift() started.
◇ Test warningSuppression() started.
◇ Test missingTargetDependency() started.
◇ Test commandLineToolWithPackageXCFramework() started.
◇ Test iOSSimulatorFramework_nonswift() started.
◇ Test clangCompileTaskConstruction() started.
◇ Test installSymlinkNormalization() started.
◇ Test swiftTaskConstructionWithoutResponseFile() started.
◇ Test packageProductsNoDuplicatedOutputs() started.
◇ Test iOSAppWithVariant() started.
◇ Test basicRuleLookup() started.
◇ Test friendlyErrorMessageForLibraryNotExisting() started.
◇ Test workspaceDiagnostics() started.
◇ Test iOSFrameworkWithDebugSymbols_swift() started.
◇ Test validateLibraryForDistributionForFlatSwiftModuleStructure() started.
◇ Test globalAPINotes() started.
◇ Test iOSAppBasics() started.
◇ Test trailingSlashInInstallPathCorruption() started.
◇ Test workspaceWithProject() started.
◇ Test macCatalystBasics() started.
◇ Test requiresArm64watchos() started.
◇ Test basicEncoding() started.
◇ Test macOSMacCatalystCoexistence() started.
◇ Test touchTaskConstruction() started.
◇ Test messagesAppsStickerPacks() started.
◇ Test macCatalystSearchPaths() started.
◇ Test appBasics() started.
◇ Test iOSSimulatorDynamicLibrary_swift() started.
◇ Test linkerBuildSettings() started.
◇ Test singleFileSwiftTaskConstruction() started.
◇ Test linkerTaskConstruction() started.
◇ Test shellScriptOutputParser() started.
◇ Test unsafeBufferUsage() started.
◇ Test scriptRuleWithFileLists() started.
◇ Test clangCompileTaskConstructionWithCXX20ModulesDisabled() started.
◇ Test clangCompileTaskConstructionWithCXXModulesDisabled() started.
◇ Test XCFrameworkCommandForDynamicLibraries_swift_internalDistribution() started.
◇ Test stripTaskConstruction() started.
◇ Test swiftStdlibTool() started.
◇ Test precompiledHeaderDialectSupport() started.
◇ Test copyTaskConstruction() started.
◇ Test swiftTaskConstruction_integratedDriver() started.
◇ Test linkerAdHocSigningOptions() started.
◇ Test ubsanHardening() started.
◇ Test buildingWithRemarks() started.
◇ Test repeatedCancellation() started.
◇ Test prefixHeaderModuleMapDependencies() started.
◇ Test weakLinking() started.
◇ Test potentialOverride() started.
◇ Test aggregateDependency() started.
◇ Test additionalLinkerArgs() started.
◇ Test basics() started.
◇ Test swiftPackage() started.
◇ Test linkerPathOverrides() started.
◇ Test emptyTarget() started.
◇ Test cppHeaderInSourcesPhase() started.
◇ Test macCatalyst() started.
◇ Test ambiguousImplicitDependency() started.
◇ Test ldLinkerOutputParser() started.
◇ Test clangDepscanPrefixMap() started.
◇ Test dsymutilTaskConstruction() started.
➜ Test multiArchDefaults() skipped: "required SDKs are not installed."
◇ Test mismatchedSDKRoot() started.
◇ Test prepareForIndexAvoidsProvisioning() started.
◇ Test swiftCachingPrefixMap() started.
◇ Test serviceCrashRecovery() started.
◇ Test emptyBuildInProcessStatic() started.
◇ Test hostToolDependencies() started.
◇ Test crossPlatformDependencies() started.
◇ Test multiPlatformTargetsButSameFramework() started.
◇ Test inputOutputLookup() started.
◇ Test hostToolDependencySharedWithProduct() started.
◇ Test cancellationAfterStart() started.
◇ Test assemblyCompile() started.
◇ Test intentsCodegenForInstallHeadersAndApi() started.
◇ Test buildCommandWithPIFAndTargetOverride() started.
◇ Test compilerPathOverrides() started.
◇ Test buildVariantsWillNotProduceDuplicatedTasks() started.
◇ Test swiftTaskConstruction() started.
◇ Test sessionDestructionCancellation() started.
◇ Test genericOutputParser() started.
◇ Test basicEncoding() started.
◇ Test cCompilerLauncher() started.
◇ Test alternateFrameworkVersion() started.
◇ Test buildCommandWithSwiftPackage() started.
◇ Test clangCompileWithPrefixHeaderTaskConstruction() started.
◇ Test libtoolTaskConstruction() started.
◇ Test mkdirTaskConstruction() started.
◇ Test emptyBuild() started.
◇ Test incrementalPIFTaskConstruction() started.
◇ Test cppLanguageStandard() started.
◇ Test buildScriptIssues() started.
◇ Test cleanBuild() started.
◇ Test swiftPerFileBatchedTaskSignaturesAreStable() started.
◇ Test onlyCreateBuildDescription() started.
◇ Test symlinkTaskConstruction() started.
◇ Test multipleConcurrentNormalBuilds() started.
◇ Test buildCommandWithXcodeWorkspace() started.
◇ Test indexingCancellation() started.
◇ Test extraKeys() started.
◇ Test cancellationImmediatelyAfterStart() started.
◇ Test basics() started.
◇ Test prepareForIndexResultInfo() started.
◇ Test buildCommandWithPIFRelativeDerivedDataPath() started.
◇ Test buildSettings() started.
◇ Test multiFileAssembleBuild() started.
◇ Test stringList() started.
◇ Test buildCommandWithXcodeProject() started.
◇ Test commandLineString() started.
◇ Test arraysOfDictionaries() started.
◇ Test cancellationAfterTaskStart() started.
◇ Test buildCommandWithPIFRelativePath() started.
◇ Test buildCommandWithPIF() started.
◇ Test buildCommandWithUserDefaults(enableDebugActivityLogs:) started.
◇ Test missingInputFailsBuilds() started.
◇ Test extraTarget() started.
◇ Test remappedHeaderSearchPaths() started.
◇ Test cancellationBeforeStarting() started.
◇ Test unknownBuildSettings() started.
◇ Test complexExample() started.
◇ Test extraProject() started.
◇ Test indexingInfoWithMultipleArchs() started.
◇ Test missingTarget() started.
◇ Test prebuildInterference() started.
➜ Test platformConditionalsDriverKit() skipped: "required SDKs are not installed."
◇ Test boolType() started.
◇ Test basicEncoding() started.
◇ Test extraFile() started.
◇ Test sameWorkspace() started.
◇ Test stringType() started.
◇ Test buildOrderDiagnosticOneTarget() started.
➜ Test platformConditionalsInImpartedSettingsWorkForNonPackages() skipped: "required SDKs are not installed."
◇ Test explicitBuildDescriptionID() started.
◇ Test indexingInfoDetailed() started.
◇ Test buildLog() started.
◇ Test indexInfoWithExplicitBuildDescriptionID() started.
➜ Test activeRunDestination_Generic_Linux_Device() skipped: "required SDKs are not installed."
◇ Test missingFile() started.
◇ Test missingProject() started.
◇ Test indexingPCH() started.
➜ Test platformConditionalsAreOnlySupportedForPackages() skipped: "required SDKs are not installed."
◇ Test enableDebugActivityLogs() started.
◇ Test indexingInfo() started.
◇ Test platformConditionals() started.
◇ Test buildOrderDiagnosticMultipleTargets() started.
◇ Test invalidBuildRequest() started.
◇ Test activeRunDestination_ONLY_ACTIVE_ARCH_interaction() started.
◇ Test macCatalystFromMacOSSDK() started.
◇ Test productTypeSpecLoadingWithErrorForMissingDeprecationReason() started.
◇ Test activeRunDestination_Generic_iOS_Device() started.
◇ Test activeRunDestination_Specific_iOS_Device() started.
◇ Test testTargetStartedEventsForMultipleTargets() started.
◇ Test buildSystemCachePurging() started.
◇ Test packageTypeSpecLoading() started.
◇ Test specDomainInversion() started.
◇ Test activeRunDestination_MultiPlatform_Target() started.
◇ Test propertyDomainSpecPropertiesCommandLineKeysParsing() started.
◇ Test targetConditionals() started.
◇ Test compilerSpecCommandLineParsing() started.
◇ Test absoluteAssetSymbolIndexPath() started.
◇ Test activeRunDestination_Device_Different_Platform() started.
◇ Test concurrentPrepareAndNormalBuild() started.
◇ Test activeRunDestination_DeviceToSimulator_PublicToPublic() started.
◇ Test renameLocalizedInfoPlistWhenCustomName() started.
◇ Test productTypeSpecLoadingClassAssociations_iOS() started.
◇ Test parseValueForKeyAsBool() started.
◇ Test catalystDoesNotBreakOnlyActiveArch() started.
◇ Test pIFSchemaVersionParsing() started.
◇ Test parseValueForKeyAsArrayOfPropertyListItems() started.
➜ Test productTypeSpecLoadingClassAssociations_visionOS() skipped: "required SDKs are not installed."
◇ Test parseValueForKeyAsString() started.
◇ Test fileEncoding() started.
◇ Test buildPropertiesWithConditionsAndBasedOnSpec() started.
◇ Test activeRunDestination_Simulator_Device() started.
◇ Test basicAggregateTargetEncoding() started.
◇ Test targetConditionalLocation() started.
◇ Test propertyDomainSpecPropertiesValuesParsing() started.
◇ Test productTypeSpecLoadingWithErrorForInvalidDeprecationReason() started.
◇ Test activeRunDestination_None() started.
◇ Test parseValueForKeyAsProjectModelItem() started.
◇ Test basics() started.
◇ Test relativeToRoot() started.
◇ Test archSpecLoading() started.
◇ Test entryLimit() started.
◇ Test parseValueForKeyAsOptionalProjectModelItem() started.
◇ Test compilerSpecLoading() started.
◇ Test includedAndExcluded() started.
◇ Test parseValueForKeyAsPIFDictionary() started.
◇ Test parseValueForKeyAsArrayOfStrings() started.
◇ Test productTypeSpecLoadingClassAssociations_watchOS() started.
◇ Test swiftParseableOutputDoesNotAppearInBuildLogWithWMO() started.
◇ Test emptyBuildInProcess() started.
◇ Test badFrameworkModules() started.
◇ Test parseValueForKeyAsArrayOfProjectModelItems() started.
◇ Test productTypeSpecLoadingWithDeprecatedAsErrorValues() started.
◇ Test commandLineSpecLoading() started.
◇ Test propertyDomainSpecPropertiesCommandConditionParsing() started.
◇ Test parseValueForKeyAsOptionalArrayOfProjectModelItems() started.
◇ Test deterministicPlatformFilterEncoding() started.
◇ Test clangSerializedDiagnosticRelativePaths() started.
◇ Test groupEncoding() started.
◇ Test clangSerializedDiagnosticSupported() started.
◇ Test doesNotMatchWhenEnvironmentDiffers() started.
◇ Test onlyExclusionFiltersDoesNotMatchExcludedPlatform() started.
◇ Test linkerSpecLoading() started.
◇ Test notExcludedWhenExclusionFilterTargetsDifferentPlatform() started.
◇ Test matchesSamePlatformInclusion() started.
◇ Test nilContextDoesNotMatchNonEmptyFilters() started.
◇ Test clangSerializedClangDiagnosticClangsDetails() started.
◇ Test perfectFrameworkModules() started.
◇ Test activeRunDestination_Simulator_Device_Different_Platform() started.
◇ Test emptyFiltersAlwaysMatch() started.
◇ Test indexOptionsNotAddedIfIndexingIsDisabled() started.
◇ Test productTypeSpecLoadingClassAssociations_tvOS() started.
◇ Test clangSerializedSwiftDiagnosticsDetails() started.
◇ Test nilContextMatchesEmptyFilters() started.
◇ Test basicTargetEncoding(_:) started.
◇ Test moduleContents() started.
◇ Test compilerSpecEnvironmentVariablesParsing() started.
◇ Test environmentVariableConsistentOrdering() started.
◇ Test samePlatformIncludedAndExcludedWithExcludeContext() started.
◇ Test propertyDomainSpecPropertiesCommandLineKeysListTypeParsing() started.
◇ Test excludeContextMatchesWhenNoneOfMultipleFiltersMatch() started.
◇ Test doesNotMatchAnyInclusionFilter() started.
◇ Test productTypeSpecLoadingWithBasedOnSettings() started.
◇ Test samePlatformIncludedAndExcludedOtherPlatformMatches() started.
◇ Test samePlatformIncludedAndExcludedRejectsMatchingContext() started.
◇ Test excludedAndPrivateHeaders() started.
◇ Test propertyDomainSpecMacroBinding() started.
◇ Test notExcludedWhenExclusionFilterEnvironmentDiffers() started.
◇ Test newFrameworkModules() started.
◇ Test samePlatformIncludedAndExcludedWithEnvironment() started.
◇ Test matchesOneOfMultipleInclusionFilters() started.
◇ Test propertyDomainSpecPropertiesParsing() started.
◇ Test onlyExclusionFiltersMatchesNonExcludedPlatform() started.
◇ Test productTypeSpecLoadingWithDeprecatedAsWarningValues() started.
◇ Test allInputFilesGroupingStrategy() started.
◇ Test concreteCompilerSpecLoading() started.
◇ Test propertyDomainSpecPropertiesCommandLineKeysScalarTypeCommandLineArgsParsing() started.
◇ Test coreScenario_macCatalystApp_ImplicitDeps_PublicSDK() started.
◇ Test inclusionMatchNotExcluded() started.
◇ Test excludeContextDoesNotMatchWhenOneOfMultipleFiltersMatches() started.
◇ Test matchesPlatformAndEnvironment() started.
◇ Test implicitDepsWithMultipleProductNameMatches() started.
◇ Test commonFileBaseInputFileGroupingStrategy() started.
◇ Test propertyDomainSpecMacroDefaultValues() started.
◇ Test indexOptions() started.
◇ Test narrowSpecialization_ExplicitDependencies() started.
◇ Test coreScenario_watchApp_ImplicitDeps_PublicSDK() started.
◇ Test coreScenario_AllTopLevelTargets_ExplicitDeps_PublicSDK_macCatalystDestination() started.
◇ Test narrowSpecialization_ImplicitDependencies() started.
◇ Test specLoading() started.
◇ Test discoveredLibtoolSpecInfoApple() started.
◇ Test coreScenario_macOSApp_ExplicitDeps_PublicSDK() started.
◇ Test inclusionMatchButAlsoExcluded() started.
◇ Test excludeContextDoesNotMatchWhenPlatformAndEnvironmentInFilters() started.
◇ Test coreScenario_iOSApp_ImplicitDeps_PublicSDK() started.
◇ Test excludeContextMatchesWhenPlatformNotInFilters() started.
◇ Test coreScenario_macCatalystApp_ExplicitDeps_PublicSDK() started.
◇ Test propertyDomainSpecPropertiesAdditionalLinkerArgsParsing() started.
◇ Test buildSettingWithBasedOnSpec() started.
◇ Test coreScenario_iOSApp_ExplicitDeps_PublicSDK() started.
◇ Test samePlatformIncludedAndExcludedRejectsNonMatchingContext() started.
◇ Test productTypeSpecLoading() started.
◇ Test excludeContextAgainstExclusionFilterSamePlatform() started.
◇ Test coreScenario_macOSApp_ImplicitDeps_PublicSDK() started.
◇ Test someContextDelegatesToWrappedValue() started.
◇ Test missingArgument() started.
◇ Test coreScenario_AllTopLevelTargets_ExplicitDeps_PublicSDK_iOSDestination() started.
◇ Test compilerSpecRuleNameParsing() started.
◇ Test atLeastOneLibrary() started.
◇ Test productTypeSpecLoadingClassAssociations_macOS() started.
◇ Test doesNotMatchDifferentPlatformInclusion() started.
◇ Test excludeContextMatchesWhenEnvironmentDiffers() started.
◇ Test excludeContextDoesNotMatchWhenPlatformInFilters() started.
◇ Test mixingLibraryTypes() started.
◇ Test coreScenario_AllTopLevelTargets_ExplicitDeps_PublicSDK_macOSDestination() started.
◇ Test multipleOutputs() started.
◇ Test coreScenario_AllTopLevelTargets_ExplicitDeps_PublicSDK() started.
◇ Test coreScenario_watchApp_ExplicitDeps_PublicSDK() started.
◇ Test emptyFiltersMatchWithExcludeContext() started.
◇ Test basicEncoding() started.
◇ Test invalidArgument() started.
◇ Test excludedByExclusionFilter() started.
◇ Test loadingInlineProjectReference() started.
◇ Test doesNotMatchWhenPlatformMatchesButEnvironmentDiffers() started.
◇ Test basics() started.
◇ Test propertyDomainSpecPropertiesCommandLineKeysScalarTypeValuesParsing() started.
◇ Test invalidOutputName() started.
◇ Test excludeContextAgainstExclusionFilterDifferentPlatform() started.
◇ Test simulatedCommandLineToolSpec() started.
◇ Test excludedByEnvironmentSpecificExclusionFilter() started.
◇ Test invalidHeadersFlag() started.
◇ Test androidFilters() started.
◇ Test loadingInlineTargetReference() started.
◇ Test noInclusionMatchAndNotExcluded() started.
◇ Test coreScenario_AllTopLevelTargets_ImplicitDeps_PublicSDK() started.
◇ Test ensureEnvironmentIsMissingValues() started.
◇ Test invalidHeadersFlagPosition() started.
◇ Test macroEvaluationInPropertyListsPreservingSettings() started.
◇ Test macroEvaluationInPropertyLists() started.
◇ Test missingOutput() started.
◇ Test computeScriptEnvironment() started.
◇ Test loadingInlineWorkspaceReference() started.
◇ Test targets() started.
◇ Test badTargets() started.
◇ Test exportingToolchainSettings() started.
◇ Test executionDescription() started.
◇ Test messageBehaviors() started.
◇ Test multipleDiagnosticOutputSubtask() started.
◇ Test messageChunking() started.
◇ Test messageErrors() started.
◇ Test unexpectedOutput() started.
◇ Test multipleInputSubtaskTitle() started.
◇ Test toolchainLookupByPath() started.
◇ Test mergedFrameworkPropertyImposition() started.
◇ Test case passing 1 argument arch → "x86_64" to explicitBuildWithMultipleProjects(arch:) started.
◇ Test case passing 1 argument arch → "arm64" to explicitBuildWithMultipleProjects(arch:) started.
◇ Test case passing 1 argument enableWMO → true to verifyModule(enableWMO:) started.
◇ Test case passing 1 argument enableWMO → false to verifyModule(enableWMO:) started.
◇ Test case passing 1 argument expectation → arm64-apple-macos15.0 to buildTargetInfo(_:) started.
◇ Test case passing 1 argument expectation → arm64-apple-ios18.0 to buildTargetInfo(_:) started.
◇ Test case passing 1 argument expectation → arm64-apple-ios18.0-simulator to buildTargetInfo(_:) started.
◇ Test case passing 1 argument expectation → arm64-apple-ios17.0-macabi to buildTargetInfo(_:) started.
◇ Test case passing 1 argument expectation → arm64-apple-tvos18.0 to buildTargetInfo(_:) started.
◇ Test case passing 1 argument expectation → arm64-apple-tvos18.0-simulator to buildTargetInfo(_:) started.
◇ Test case passing 1 argument expectation → arm64-apple-watchos11.0 to buildTargetInfo(_:) started.
◇ Test case passing 1 argument expectation → arm64-apple-watchos11.0-simulator to buildTargetInfo(_:) started.
◇ Test case passing 1 argument expectation → arm64-apple-xros2.0 to buildTargetInfo(_:) started.
◇ Test case passing 1 argument expectation → arm64-apple-xros2.0-simulator to buildTargetInfo(_:) started.
◇ Test case passing 1 argument expectation → arm64-apple-driverkit24.0 to buildTargetInfo(_:) started.
◇ Test case passing 1 argument expectation → aarch64-unknown-linux-gnu to buildTargetInfo(_:) started.
◇ Test case passing 1 argument expectation → x86_64-unknown-linux-musl to buildTargetInfo(_:) started.
◇ Test case passing 1 argument expectation → aarch64-unknown-linux-android24 to buildTargetInfo(_:) started.
◇ Test case passing 1 argument expectation → armv7-unknown-linux-androideabi24 to buildTargetInfo(_:) started.
◇ Test case passing 1 argument expectation → x86_64-unknown-freebsd14 to buildTargetInfo(_:) started.
◇ Test case passing 1 argument expectation → x86_64-unknown-openbsd7.8 to buildTargetInfo(_:) started.
◇ Test case passing 1 argument expectation → aarch64-unknown-nto-qnx to buildTargetInfo(_:) started.
◇ Test case passing 1 argument expectation → x86_64-unknown-windows-msvc to buildTargetInfo(_:) started.
◇ Test case passing 1 argument expectation → wasm32-unknown-wasi to buildTargetInfo(_:) started.
◇ Test case passing 1 argument expectation → aarch64-none-none-elf to buildTargetInfo(_:) started.
◇ Test case passing 1 argument isWindows → true to pathnameMatch(isWindows:) started.
◇ Test case passing 1 argument isWindows → false to pathnameMatch(isWindows:) started.
◇ Test platformSpecializationWithOverrides() started.
◇ Test missingExplicitDependency() started.
◇ Test specialization_DependenciesOfSpecializedFrameworksAreNotSpecialized() started.
◇ Test specialization_MultipleTopLevelTarget_SpecializedLeafFramework_iOS() started.
◇ Test excludedExplicitDependency() started.
◇ Test implicitDependencyDoesNotShadowPackageProductDependency() started.
◇ Test specialization_SingleTopLevelTarget_Intermediate_SpecializedLeafFramework_macOS() started.
◇ Test platformSpecializationWithCommandLineOverrides() started.
◇ Test macCatalystSpecialization() started.
◇ Test specialization_rdar77954162() started.
◇ Test aggregatesMayOnlyLeadToASingleSetOfSpecializations() started.
◇ Test platformSpecializationWithEnvironmentConfigOverrides() started.
◇ Test specializationWithCommandLineOverridesV2() started.
◇ Test specialization_SingleTopLevelTarget_Intermediate_SpecializedLeafFramework_TopLevelDep_iOS() started.
◇ Test packageProductBasedSpecializationUniquing() started.
◇ Test instantiateMultiplePackageProductsDynamic() started.
◇ Test twoAppsAFrameworkAndDifferentBuildParameters() started.
◇ Test specialization_SingleTopLevelTarget_Intermediate_SpecializedLeafFramework_iOS() started.
◇ Test specialization_MultipleTopLevelTarget_Intermediate_SpecializedLeafFramework_TopLevelDep_iOS() started.
◇ Test packageProductBasedSpecialization() started.
◇ Test specialization_SingleTopLevelTarget_SpecializedLeafFramework_macOS() started.
◇ Test specialization_MultipleTopLevelTarget_Intermediate_SpecializedLeafFramework_iOS() started.
◇ Test specializationWithPlatformFilteringV2() started.
◇ Test specializationWithPlatformFilteringV1() started.
◇ Test twoAppsAndAFramework() started.
◇ Test specializationRespectsSupportedPlatformsWithSDKROOTOverride() started.
◇ Test specializationRespectsSupportedPlatforms() started.
◇ Test case passing 1 argument runDestination → RunDestinationInfo(buildTarget: SWBCore.BuildTarget.toolchainSDK(sdk: "macosx"), platform: "macosx", sdkVariant: Optional("macos"), targetArchitecture: "undefined_arch", supportedArchitectures: ["arm64", "arm64e", "x86_64", "x86_64h"], disableOnlyActiveArch: true, hostTargetedPlatform: nil) to copiedFrameworkContentPruning(runDestination:) started.
◇ Test case passing 1 argument runDestination → RunDestinationInfo(buildTarget: SWBCore.BuildTarget.toolchainSDK(sdk: "iphoneos"), platform: "iphoneos", sdkVariant: Optional("iphoneos"), targetArchitecture: "undefined_arch", supportedArchitectures: ["arm64", "arm64e", "armv7", "armv7s"], disableOnlyActiveArch: true, hostTargetedPlatform: nil) to copiedFrameworkContentPruning(runDestination:) started.
◇ Test case passing 1 argument runDestination → RunDestinationInfo(buildTarget: SWBCore.BuildTarget.toolchainSDK(sdk: "macosx"), platform: "macosx", sdkVariant: Optional("iosmac"), targetArchitecture: "undefined_arch", supportedArchitectures: ["arm64", "arm64e", "x86_64", "x86_64h"], disableOnlyActiveArch: true, hostTargetedPlatform: nil) to copiedFrameworkContentPruning(runDestination:) started.
◇ Test toolchainOverlaysViaOverridesDoNotConflictWithSpecialization() started.
◇ Test specialization_MultipleTopLevelTarget_Intermediate_SpecializedLeafFramework_TopLevelDep_macOS() started.
◇ Test previewBuildsUseDynamicTargetReference() started.
◇ Test toolchainOverridesDoNotConflictWithSpecialization() started.
◇ Test specializationWithCommandLineOverridesV1() started.
◇ Test aggregateErrorIsNotEmittedIfThereAreNoPackageDependencies() started.
◇ Test platformSpecializationWithCommandLineConfigOverrides() started.
◇ Test instantiateMultiplePackageProductsStatic() started.
◇ Test aggregateTargetsSpecializeAppropriately() started.
◇ Test specialization_SingleTopLevelTarget_Intermediate_SpecializedLeafFramework_iOS_mismatched() started.
◇ Test explicitDependenciesUseDynamicTargets() started.
◇ Test specialization_SingleTopLevelTarget_SpecializedLeafFramework_iOS() started.
◇ Test specialization_EquivalentGraphsWhenEnabledOrDisabled() started.
◇ Test specialization_MultipleTopLevelTarget_SpecializedLeafFramework_macOS() started.
◇ Test specialization_SingleTopLevelTarget_Intermediate_SpecializedLeafFramework_TopLevelDep_macOS() started.
◇ Test platformSpecialization() started.
◇ Test aggregateTargetsAreTransparentToPlatformSpecialization() started.
◇ Test case passing 1 argument enableBuildSystemCaching → nil to incrementalArchive(enableBuildSystemCaching:) started.
◇ Test case passing 1 argument enableBuildSystemCaching → false to incrementalArchive(enableBuildSystemCaching:) started.
◇ Test case passing 2 arguments linkerDriver → "clang", optimizationLevel → "-Onone" to commandLineTool(linkerDriver:optimizationLevel:) started.
◇ Test case passing 2 arguments linkerDriver → "swiftc", optimizationLevel → "-Onone" to commandLineTool(linkerDriver:optimizationLevel:) started.
◇ Test case passing 2 arguments linkerDriver → "swiftc", optimizationLevel → "-Owholemodule" to commandLineTool(linkerDriver:optimizationLevel:) started.
◇ Test case passing 2 arguments runDestination → RunDestinationInfo(buildTarget: SWBCore.BuildTarget.toolchainSDK(sdk: "watchos"), platform: "watchos", sdkVariant: Optional("watchos"), targetArchitecture: "undefined_arch", supportedArchitectures: ["arm64_32", "armv7k"], disableOnlyActiveArch: true, hostTargetedPlatform: nil), deploymentTarget → "6.0" to WKExtensionMainLinking(runDestination:deploymentTarget:) started.
◇ Test case passing 2 arguments runDestination → RunDestinationInfo(buildTarget: SWBCore.BuildTarget.toolchainSDK(sdk: "watchos"), platform: "watchos", sdkVariant: Optional("watchos"), targetArchitecture: "undefined_arch", supportedArchitectures: ["arm64_32", "armv7k"], disableOnlyActiveArch: true, hostTargetedPlatform: nil), deploymentTarget → "5.3" to WKExtensionMainLinking(runDestination:deploymentTarget:) started.
◇ Test case passing 2 arguments runDestination → RunDestinationInfo(buildTarget: SWBCore.BuildTarget.toolchainSDK(sdk: "watchsimulator"), platform: "watchsimulator", sdkVariant: Optional("watchsimulator"), targetArchitecture: "undefined_arch", supportedArchitectures: ["arm64", "i386", "x86_64"], disableOnlyActiveArch: true, hostTargetedPlatform: nil), deploymentTarget → "6.0" to WKExtensionMainLinking(runDestination:deploymentTarget:) started.
◇ Test case passing 2 arguments runDestination → RunDestinationInfo(buildTarget: SWBCore.BuildTarget.toolchainSDK(sdk: "watchsimulator"), platform: "watchsimulator", sdkVariant: Optional("watchsimulator"), targetArchitecture: "undefined_arch", supportedArchitectures: ["arm64", "i386", "x86_64"], disableOnlyActiveArch: true, hostTargetedPlatform: nil), deploymentTarget → "5.3" to WKExtensionMainLinking(runDestination:deploymentTarget:) started.
◇ Test case passing 3 arguments buildSettingNameUT → "ENABLE_ADDRESS_SANITIZER", linkerDriverUT → "clang", expectedArgument → "-fsanitize=address" to ldSanitizerArgumentsAppearsOnCommandLine(buildSettingNameUT:linkerDriverUT:expectedArgument:) started.
◇ Test case passing 3 arguments buildSettingNameUT → "ENABLE_ADDRESS_SANITIZER", linkerDriverUT → "swiftc", expectedArgument → "-sanitize=address" to ldSanitizerArgumentsAppearsOnCommandLine(buildSettingNameUT:linkerDriverUT:expectedArgument:) started.
◇ Test case passing 3 arguments buildSettingNameUT → "ENABLE_THREAD_SANITIZER", linkerDriverUT → "clang", expectedArgument → "-fsanitize=thread" to ldSanitizerArgumentsAppearsOnCommandLine(buildSettingNameUT:linkerDriverUT:expectedArgument:) started.
◇ Test case passing 3 arguments buildSettingNameUT → "ENABLE_THREAD_SANITIZER", linkerDriverUT → "swiftc", expectedArgument → "-sanitize=thread" to ldSanitizerArgumentsAppearsOnCommandLine(buildSettingNameUT:linkerDriverUT:expectedArgument:) started.
◇ Test case passing 3 arguments buildSettingNameUT → "ENABLE_LIBFUZZER", linkerDriverUT → "clang", expectedArgument → "-fsanitize=fuzzer" to ldSanitizerArgumentsAppearsOnCommandLine(buildSettingNameUT:linkerDriverUT:expectedArgument:) started.
◇ Test case passing 3 arguments buildSettingNameUT → "ENABLE_LIBFUZZER", linkerDriverUT → "swiftc", expectedArgument → "-sanitize=fuzzer" to ldSanitizerArgumentsAppearsOnCommandLine(buildSettingNameUT:linkerDriverUT:expectedArgument:) started.
◇ Test case passing 2 arguments destination → RunDestinationInfo(buildTarget: SWBCore.BuildTarget.toolchainSDK(sdk: "macosx"), platform: "macosx", sdkVariant: Optional("macos"), targetArchitecture: "undefined_arch", supportedArchitectures: ["arm64", "arm64e", "x86_64", "x86_64h"], disableOnlyActiveArch: true, hostTargetedPlatform: nil), targetBuild → true to testHostToolsAndDependenciesAreBuiltDuringIndexingPreparationForPackage(destination:targetBuild:) started.
◇ Test case passing 2 arguments destination → RunDestinationInfo(buildTarget: SWBCore.BuildTarget.toolchainSDK(sdk: "macosx"), platform: "macosx", sdkVariant: Optional("macos"), targetArchitecture: "undefined_arch", supportedArchitectures: ["arm64", "arm64e", "x86_64", "x86_64h"], disableOnlyActiveArch: true, hostTargetedPlatform: nil), targetBuild → false to testHostToolsAndDependenciesAreBuiltDuringIndexingPreparationForPackage(destination:targetBuild:) started.
◇ Test case passing 2 arguments destination → RunDestinationInfo(buildTarget: SWBCore.BuildTarget.toolchainSDK(sdk: "macosx"), platform: "macosx", sdkVariant: Optional("iosmac"), targetArchitecture: "undefined_arch", supportedArchitectures: ["arm64", "arm64e", "x86_64", "x86_64h"], disableOnlyActiveArch: true, hostTargetedPlatform: nil), targetBuild → true to testHostToolsAndDependenciesAreBuiltDuringIndexingPreparationForPackage(destination:targetBuild:) started.
◇ Test case passing 2 arguments destination → RunDestinationInfo(buildTarget: SWBCore.BuildTarget.toolchainSDK(sdk: "iphoneos"), platform: "iphoneos", sdkVariant: Optional("iphoneos"), targetArchitecture: "undefined_arch", supportedArchitectures: ["arm64", "arm64e", "armv7", "armv7s"], disableOnlyActiveArch: true, hostTargetedPlatform: nil), targetBuild → true to testHostToolsAndDependenciesAreBuiltDuringIndexingPreparationForPackage(destination:targetBuild:) started.
◇ Test case passing 2 arguments destination → RunDestinationInfo(buildTarget: SWBCore.BuildTarget.toolchainSDK(sdk: "macosx"), platform: "macosx", sdkVariant: Optional("iosmac"), targetArchitecture: "undefined_arch", supportedArchitectures: ["arm64", "arm64e", "x86_64", "x86_64h"], disableOnlyActiveArch: true, hostTargetedPlatform: nil), targetBuild → false to testHostToolsAndDependenciesAreBuiltDuringIndexingPreparationForPackage(destination:targetBuild:) started.
◇ Test case passing 2 arguments destination → RunDestinationInfo(buildTarget: SWBCore.BuildTarget.toolchainSDK(sdk: "iphoneos"), platform: "iphoneos", sdkVariant: Optional("iphoneos"), targetArchitecture: "undefined_arch", supportedArchitectures: ["arm64", "arm64e", "armv7", "armv7s"], disableOnlyActiveArch: true, hostTargetedPlatform: nil), targetBuild → false to testHostToolsAndDependenciesAreBuiltDuringIndexingPreparationForPackage(destination:targetBuild:) started.
2026-05-11 15:38:22.493 swiftpm-testing-helper[61689:49840764] FIXME: Not a directory: Path(str: "/new-dir/subdir/new-file.txt/not-possible")
◇ Test case passing 1 argument destination → RunDestinationInfo(buildTarget: SWBCore.BuildTarget.toolchainSDK(sdk: "macosx"), platform: "macosx", sdkVariant: Optional("macos"), targetArchitecture: "undefined_arch", supportedArchitectures: ["arm64", "arm64e", "x86_64", "x86_64h"], disableOnlyActiveArch: true, hostTargetedPlatform: nil) to testHostToolsAndDependenciesAreBuiltDuringIndexingPreparation(destination:) started.
◇ Test case passing 1 argument destination → RunDestinationInfo(buildTarget: SWBCore.BuildTarget.toolchainSDK(sdk: "macosx"), platform: "macosx", sdkVariant: Optional("iosmac"), targetArchitecture: "undefined_arch", supportedArchitectures: ["arm64", "arm64e", "x86_64", "x86_64h"], disableOnlyActiveArch: true, hostTargetedPlatform: nil) to testHostToolsAndDependenciesAreBuiltDuringIndexingPreparation(destination:) started.
◇ Test case passing 1 argument destination → RunDestinationInfo(buildTarget: SWBCore.BuildTarget.toolchainSDK(sdk: "iphoneos"), platform: "iphoneos", sdkVariant: Optional("iphoneos"), targetArchitecture: "undefined_arch", supportedArchitectures: ["arm64", "arm64e", "armv7", "armv7s"], disableOnlyActiveArch: true, hostTargetedPlatform: nil) to testHostToolsAndDependenciesAreBuiltDuringIndexingPreparation(destination:) started.
◇ Test case passing 1 argument linkerDriver → "clang" to previewXOJITBuilds(linkerDriver:) started.
◇ Test case passing 1 argument linkerDriver → "auto" to previewXOJITBuilds(linkerDriver:) started.
◇ Test case passing 1 argument format → .unescapedNewlineSeparated to responseFileRoundTripping(format:) started.
◇ Test case passing 1 argument format → .unixShellQuotedNewlineSeparated to responseFileRoundTripping(format:) started.
◇ Test case passing 1 argument format → .unixShellQuotedSpaceSeparated to responseFileRoundTripping(format:) started.
◇ Test case passing 1 argument format → .windowsShellQuotedNewlineSeparated to responseFileRoundTripping(format:) started.
◇ Test case passing 1 argument format → .llvmStyleEscaping to responseFileRoundTripping(format:) started.
◇ Test case passing 1 argument architecture → "aarch64" to staticLinuxSwiftSDKRunDestination(architecture:) started.
◇ Test case passing 1 argument architecture → "x86_64" to staticLinuxSwiftSDKRunDestination(architecture:) started.
◇ Test case passing 1 argument case → [] to LLVMCommandOutputRoundtrip(_:) started.
◇ Test case passing 1 argument case → [""] to LLVMCommandOutputRoundtrip(_:) started.
◇ Test case passing 1 argument case → ["", " "] to LLVMCommandOutputRoundtrip(_:) started.
◇ Test case passing 1 argument case → ["Hello", "World"] to LLVMCommandOutputRoundtrip(_:) started.
◇ Test case passing 1 argument case → ["Hello", "\'", "World"] to LLVMCommandOutputRoundtrip(_:) started.
◇ Test case passing 1 argument case → ["Hello", "$USER!"] to LLVMCommandOutputRoundtrip(_:) started.
◇ Test case passing 1 argument case → ["swift", "-foo", "File 1.swift", "-other-arg"] to LLVMCommandOutputRoundtrip(_:) started.
◇ Test case passing 1 argument case → ["\"Hello World"] to LLVMCommandOutputRoundtrip(_:) started.
◇ Test case passing 1 argument case → ["\"Hello", "World"] to LLVMCommandOutputRoundtrip(_:) started.
◇ Test case passing 1 argument case → ["\"Hello World", " "] to LLVMCommandOutputRoundtrip(_:) started.
◇ Test case passing 1 argument case → ["Hello\"foo\""] to LLVMCommandOutputRoundtrip(_:) started.
◇ Test case passing 1 argument case → ["Hello$USER!"] to LLVMCommandOutputRoundtrip(_:) started.
◇ Test case passing 1 argument case → ["All is well in", "\"Cupert\\ino\""] to LLVMCommandOutputRoundtrip(_:) started.
◇ Test case passing 1 argument architecture → "aarch64" to androidSwiftSDKRunDestination(architecture:) started.
◇ Test case passing 1 argument architecture → "x86_64" to androidSwiftSDKRunDestination(architecture:) started.
◇ Test case passing 1 argument arch → "armv7" to androidCommandLineTool(arch:) started.
◇ Test case passing 1 argument arch → "aarch64" to androidCommandLineTool(arch:) started.
◇ Test case passing 1 argument arch → "riscv64" to androidCommandLineTool(arch:) started.
◇ Test case passing 1 argument arch → "i686" to androidCommandLineTool(arch:) started.
◇ Test case passing 1 argument arch → "x86_64" to androidCommandLineTool(arch:) started.
◇ Test case passing 3 arguments usePlugin → true, enableCaching → true, includePostBuild → false to validateCAS(usePlugin:enableCaching:includePostBuild:) started.
◇ Test case passing 3 arguments usePlugin → true, enableCaching → true, includePostBuild → true to validateCAS(usePlugin:enableCaching:includePostBuild:) started.
◇ Test case passing 3 arguments usePlugin → false, enableCaching → true, includePostBuild → false to validateCAS(usePlugin:enableCaching:includePostBuild:) started.
◇ Test case passing 3 arguments usePlugin → false, enableCaching → true, includePostBuild → true to validateCAS(usePlugin:enableCaching:includePostBuild:) started.
◇ Test case passing 3 arguments usePlugin → false, enableCaching → false, includePostBuild → false to validateCAS(usePlugin:enableCaching:includePostBuild:) started.
◇ Test case passing 3 arguments usePlugin → false, enableCaching → false, includePostBuild → true to validateCAS(usePlugin:enableCaching:includePostBuild:) started.
━ Test typeCoercion() recorded a known issue at MacroEvaluationTests.swift:851:13: Expectation failed: (scope.evaluate(LIST) → [" VALUE1 VALUE2"]) == ["VALUE1", "VALUE2"]
± inserted [" VALUE1 VALUE2"], removed ["VALUE1", "VALUE2"]
↳ Macro evaluation issue with string referenced from string list
◇ Test case passing 1 argument eagerParallelCompilation → true to upwardIncludeModuleCycle(eagerParallelCompilation:) started.
◇ Test case passing 1 argument eagerParallelCompilation → false to upwardIncludeModuleCycle(eagerParallelCompilation:) started.
◇ Test case passing 1 argument isOn → true to testDeferredExecution(isOn:) started.
◇ Test case passing 1 argument isOn → false to testDeferredExecution(isOn:) started.
◇ Test case passing 1 argument appClipSupportsMacCatalyst → true to appClips_MacCatalyst_Error(appClipSupportsMacCatalyst:) started.
◇ Test case passing 1 argument appClipSupportsMacCatalyst → false to appClips_MacCatalyst_Error(appClipSupportsMacCatalyst:) started.
◇ Test case passing 1 argument enableWMO → true to swiftInterfaceVerificationNotSkippedWithInstalledHeader(enableWMO:) started.
◇ Test case passing 1 argument enableWMO → false to swiftInterfaceVerificationNotSkippedWithInstalledHeader(enableWMO:) started.
◇ Test case passing 1 argument isInternal → false to swiftBridgingHeader(isInternal:) started.
◇ Test case passing 1 argument isInternal → true to swiftBridgingHeader(isInternal:) started.
◇ Test case passing 1 argument enableWMO → true to swiftInterfaceVerificationWithoutMergeHeaders(enableWMO:) started.
◇ Test case passing 1 argument enableWMO → false to swiftInterfaceVerificationWithoutMergeHeaders(enableWMO:) started.
◇ Test case passing 1 argument enableWMO → true to swiftInterfaceVerificationSkippedByDefault(enableWMO:) started.
◇ Test case passing 1 argument enableWMO → false to swiftInterfaceVerificationSkippedByDefault(enableWMO:) started.
◇ Test case passing 1 argument enableWMO → true to swiftInterfaceVerificationFollowsMergeHeaders(enableWMO:) started.
◇ Test case passing 1 argument enableWMO → false to swiftInterfaceVerificationFollowsMergeHeaders(enableWMO:) started.
◇ Test case passing 1 argument linkerDriverUT → .clang to standardLibraryLinkingAllPlatforms(linkerDriverUT:) started.
◇ Test case passing 1 argument linkerDriverUT → .qcc to standardLibraryLinkingAllPlatforms(linkerDriverUT:) started.
◇ Test case passing 1 argument linkerDriverUT → .swiftc to standardLibraryLinkingAllPlatforms(linkerDriverUT:) started.
◇ Test case passing 1 argument runDocumentationCompiler → false to documentationInfo(runDocumentationCompiler:) started.
◇ Test case passing 1 argument runDocumentationCompiler → true to documentationInfo(runDocumentationCompiler:) started.
◇ Test builtinMacrosIfSetStringLiteral() started.
◇ Test builtinMacrosIfSetStringListLiteral() started.
◇ Test tripleCondition() started.
◇ Test case passing 3 arguments linkerDriver → "clang", expectedAddressArgument → "-fsanitize=address", expectedScudoArgument → "-fsanitize=scudo" to sanitizers(linkerDriver:expectedAddressArgument:expectedScudoArgument:) started.
◇ Test case passing 3 arguments linkerDriver → "swiftc", expectedAddressArgument → "-sanitize=address", expectedScudoArgument → "-sanitize=scudo" to sanitizers(linkerDriver:expectedAddressArgument:expectedScudoArgument:) started.
◇ Test case passing 3 arguments linkerDriver → "clang", expectedAddressArgument → "-fsanitize=address", expectedScudoArgument → "-fsanitize=scudo" to scudoSanitizer(linkerDriver:expectedAddressArgument:expectedScudoArgument:) started.
◇ Test case passing 3 arguments linkerDriver → "swiftc", expectedAddressArgument → "-sanitize=address", expectedScudoArgument → "-sanitize=scudo" to scudoSanitizer(linkerDriver:expectedAddressArgument:expectedScudoArgument:) started.
◇ Test case passing 1 argument enableDebugActivityLogs → true to buildCommandWithUserDefaults(enableDebugActivityLogs:) started.
◇ Test case passing 1 argument enableDebugActivityLogs → false to buildCommandWithUserDefaults(enableDebugActivityLogs:) started.
objc[61689]: Class _TtC14ArgumentParser15ArgumentDecoder is implemented in both /Users/dschaefer2/swift/swiftpm/work/prebuiltsHost/swift-build/.build/arm64-apple-macosx/debug/SwiftBuildPackageTests.xctest/Contents/MacOS/SwiftBuildPackageTests (0x11a83e800) and /Users/dschaefer2/swift/swiftpm/work/prebuiltsHost/swift-build/.build/arm64-apple-macosx/debug/SWBBuildServiceBundle (0x12b2e3990). This may cause spurious casting failures and mysterious crashes. One of the duplicates must be removed or renamed.
objc[61689]: Class _TtC18SWBAndroidPlatform13AndroidPlugin is implemented in both /Users/dschaefer2/swift/swiftpm/work/prebuiltsHost/swift-build/.build/arm64-apple-macosx/debug/SwiftBuildPackageTests.xctest/Contents/MacOS/SwiftBuildPackageTests (0x11a84c8d8) and /Users/dschaefer2/swift/swiftpm/work/prebuiltsHost/swift-build/.build/arm64-apple-macosx/debug/SWBBuildServiceBundle (0x12b2e4b78). This may cause spurious casting failures and mysterious crashes. One of the duplicates must be removed or renamed.
objc[61689]: Class _TtC16SWBApplePlatform31ActoolInputFileGroupingStrategy is implemented in both /Users/dschaefer2/swift/swiftpm/work/prebuiltsHost/swift-build/.build/arm64-apple-macosx/debug/SwiftBuildPackageTests.xctest/Contents/MacOS/SwiftBuildPackageTests (0x11a84cb20) and /Users/dschaefer2/swift/swiftpm/work/prebuiltsHost/swift-build/.build/arm64-apple-macosx/debug/SWBBuildServiceBundle (0x12b2e4c70). This may cause spurious casting failures and mysterious crashes. One of the duplicates must be removed or renamed.
objc[61689]: Class _TtC16SWBApplePlatform30AppIntentsMetadataCompilerSpec is implemented in both /Users/dschaefer2/swift/swiftpm/work/prebuiltsHost/swift-build/.build/arm64-apple-macosx/debug/SwiftBuildPackageTests.xctest/Contents/MacOS/SwiftBuildPackageTests (0x11a84cc70) and /Users/dschaefer2/swift/swiftpm/work/prebuiltsHost/swift-build/.build/arm64-apple-macosx/debug/SWBBuildServiceBundle (0x12b2e4dc0). This may cause spurious casting failures and mysterious crashes. One of the duplicates must be removed or renamed.
objc[61689]: Class _TtC16SWBApplePlatform30AppIntentsMetadataTaskProducer is implemented in both /Users/dschaefer2/swift/swiftpm/work/prebuiltsHost/swift-build/.build/arm64-apple-macosx/debug/SwiftBuildPackageTests.xctest/Contents/MacOS/SwiftBuildPackageTests (0x11a84d010) and /Users/dschaefer2/swift/swiftpm/work/prebuiltsHost/swift-build/.build/arm64-apple-macosx/debug/SWBBuildServiceBundle (0x12b2e5160). This may cause spurious casting failures and mysterious crashes. One of the duplicates must be removed or renamed.
objc[61689]: Class _TtC16SWBApplePlatform33AppIntentsSSUTrainingCompilerSpec is implemented in both /Users/dschaefer2/swift/swiftpm/work/prebuiltsHost/swift-build/.build/arm64-apple-macosx/debug/SwiftBuildPackageTests.xctest/Contents/MacOS/SwiftBuildPackageTests (0x11a84d228) and /Users/dschaefer2/swift/swiftpm/work/prebuiltsHost/swift-build/.build/arm64-apple-macosx/debug/SWBBuildServiceBundle (0x12b2e5378). This may cause spurious casting failures and mysterious crashes. One of the duplicates must be removed or renamed.
objc[61689]: Class _TtC16SWBApplePlatform18ActoolCompilerSpec is implemented in both /Users/dschaefer2/swift/swiftpm/work/prebuiltsHost/swift-build/.build/arm64-apple-macosx/debug/SwiftBuildPackageTests.xctest/Contents/MacOS/SwiftBuildPackageTests (0x11a84d6f8) and /Users/dschaefer2/swift/swiftpm/work/prebuiltsHost/swift-build/.build/arm64-apple-macosx/debug/SWBBuildServiceBundle (0x12b2e5868). This may cause spurious casting failures and mysterious crashes. One of the duplicates must be removed or renamed.
objc[61689]: Class _TtC16SWBApplePlatform32AssetCatalogCompilerOutputParser is implemented in both /Users/dschaefer2/swift/swiftpm/work/prebuiltsHost/swift-build/.build/arm64-apple-macosx/debug/SwiftBuildPackageTests.xctest/Contents/MacOS/SwiftBuildPackageTests (0x11a84dac8) and /Users/dschaefer2/swift/swiftpm/work/prebuiltsHost/swift-build/.build/arm64-apple-macosx/debug/SWBBuildServiceBundle (0x12b2e5c38). This may cause spurious casting failures and mysterious crashes. One of the duplicates must be removed or renamed.
objc[61689]: Class _TtC16SWBApplePlatform16CopyTiffFileSpec is implemented in both /Users/dschaefer2/swift/swiftpm/work/prebuiltsHost/swift-build/.build/arm64-apple-macosx/debug/SwiftBuildPackageTests.xctest/Contents/MacOS/SwiftBuildPackageTests (0x11a84dc50) and /Users/dschaefer2/swift/swiftpm/work/prebuiltsHost/swift-build/.build/arm64-apple-macosx/debug/SWBBuildServiceBundle (0x12b2e5dc0). This may cause spurious casting failures and mysterious crashes. One of the duplicates must be removed or renamed.
objc[61689]: Class _TtC16SWBApplePlatform25CoreDataModelCompilerSpec is implemented in both /Users/dschaefer2/swift/swiftpm/work/prebuiltsHost/swift-build/.build/arm64-apple-macosx/debug/SwiftBuildPackageTests.xctest/Contents/MacOS/SwiftBuildPackageTests (0x11a84dff8) and /Users/dschaefer2/swift/swiftpm/work/prebuiltsHost/swift-build/.build/arm64-apple-macosx/debug/SWBBuildServiceBundle (0x12b2e6168). This may cause spurious casting failures and mysterious crashes. One of the duplicates must be removed or renamed.
objc[61689]: Class _TtC16SWBApplePlatform18CoreMLCompilerSpec is implemented in both /Users/dschaefer2/swift/swiftpm/work/prebuiltsHost/swift-build/.build/arm64-apple-macosx/debug/SwiftBuildPackageTests.xctest/Contents/MacOS/SwiftBuildPackageTests (0x11a84e3c0) and /Users/dschaefer2/swift/swiftpm/work/prebuiltsHost/swift-build/.build/arm64-apple-macosx/debug/SWBBuildServiceBundle (0x12b2e6538). This may cause spurious casting failures and mysterious crashes. One of the duplicates must be removed or renamed.
objc[61689]: Class _TtC16SWBApplePlatform29DevelopmentAssetsTaskProducer is implemented in both /Users/dschaefer2/swift/swiftpm/work/prebuiltsHost/swift-build/.build/arm64-apple-macosx/debug/SwiftBuildPackageTests.xctest/Contents/MacOS/SwiftBuildPackageTests (0x11a84e790) and /Users/dschaefer2/swift/swiftpm/work/prebuiltsHost/swift-build/.build/arm64-apple-macosx/debug/SWBBuildServiceBundle (0x12b2e6908). This may cause spurious casting failures and mysterious crashes. One of the duplicates must be removed or renamed.
objc[61689]: Class _TtC16SWBApplePlatform13DittoToolSpec is implemented in both /Users/dschaefer2/swift/swiftpm/work/prebuiltsHost/swift-build/.build/arm64-apple-macosx/debug/SwiftBuildPackageTests.xctest/Contents/MacOS/SwiftBuildPackageTests (0x11a84e870) and /Users/dschaefer2/swift/swiftpm/work/prebuiltsHost/swift-build/.build/arm64-apple-macosx/debug/SWBBuildServiceBundle (0x12b2e69e8). This may cause spurious casting failures and mysterious crashes. One of the duplicates must be removed or renamed.
objc[61689]: Class _TtC16SWBApplePlatform27ExtensionPointExtractorSpec is implemented in both /Users/dschaefer2/swift/swiftpm/work/prebuiltsHost/swift-build/.build/arm64-apple-macosx/debug/SwiftBuildPackageTests.xctest/Contents/MacOS/SwiftBuildPackageTests (0x11a84ec18) and /Users/dschaefer2/swift/swiftpm/work/prebuiltsHost/swift-build/.build/arm64-apple-macosx/debug/SWBBuildServiceBundle (0x12b2e6d90). This may cause spurious casting failures and mysterious crashes. One of the duplicates must be removed or renamed.
objc[61689]: Class _TtC16SWBApplePlatform30AppExtensionPlistGeneratorSpec is implemented in both /Users/dschaefer2/swift/swiftpm/work/prebuiltsHost/swift-build/.build/arm64-apple-macosx/debug/SwiftBuildPackageTests.xctest/Contents/MacOS/SwiftBuildPackageTests (0x11a84efb0) and /Users/dschaefer2/swift/swiftpm/work/prebuiltsHost/swift-build/.build/arm64-apple-macosx/debug/SWBBuildServiceBundle (0x12b2e7128). This may cause spurious casting failures and mysterious crashes. One of the duplicates must be removed or renamed.
objc[61689]: Class _TtC16SWBApplePlatform35ExtensionPointExtractorTaskProducer is implemented in both /Users/dschaefer2/swift/swiftpm/work/prebuiltsHost/swift-build/.build/arm64-apple-macosx/debug/SwiftBuildPackageTests.xctest/Contents/MacOS/SwiftBuildPackageTests (0x11a84f348) and /Users/dschaefer2/swift/swiftpm/work/prebuiltsHost/swift-build/.build/arm64-apple-macosx/debug/SWBBuildServiceBundle (0x12b2e74c0). This may cause spurious casting failures and mysterious crashes. One of the duplicates must be removed or renamed.
objc[61689]: Class _TtC16SWBApplePlatform42AppExtensionInfoPlistGeneratorTaskProducer is implemented in both /Users/dschaefer2/swift/swiftpm/work/prebuiltsHost/swift-build/.build/arm64-apple-macosx/debug/SwiftBuildPackageTests.xctest/Contents/MacOS/SwiftBuildPackageTests (0x11a84f4e8) and /Users/dschaefer2/swift/swiftpm/work/prebuiltsHost/swift-build/.build/arm64-apple-macosx/debug/SWBBuildServiceBundle (0x12b2e7660). This may cause spurious casting failures and mysterious crashes. One of the duplicates must be removed or renamed.
objc[61689]: Class _TtC16SWBApplePlatform32CopyXCAppExtensionPointsFileSpec is implemented in both /Users/dschaefer2/swift/swiftpm/work/prebuiltsHost/swift-build/.build/arm64-apple-macosx/debug/SwiftBuildPackageTests.xctest/Contents/MacOS/SwiftBuildPackageTests (0x11a84f688) and /Users/dschaefer2/swift/swiftpm/work/prebuiltsHost/swift-build/.build/arm64-apple-macosx/debug/SWBBuildServiceBundle (0x12b2e7800). This may cause spurious casting failures and mysterious crashes. One of the duplicates must be removed or renamed.
objc[61689]: Class _TtC16SWBApplePlatform15IIGCompilerSpec is implemented in both /Users/dschaefer2/swift/swiftpm/work/prebuiltsHost/swift-build/.build/arm64-apple-macosx/debug/SwiftBuildPackageTests.xctest/Contents/MacOS/SwiftBuildPackageTests (0x11a84fa28) and /Users/dschaefer2/swift/swiftpm/work/prebuiltsHost/swift-build/.build/arm64-apple-macosx/debug/SWBBuildServiceBundle (0x12b2e7ba0). This may cause spurious casting failures and mysterious crashes. One of the duplicates must be removed or renamed.
objc[61689]: Class _TtC16SWBApplePlatform42ImageScaleFactorsInputFileGroupingStrategy is implemented in both /Users/dschaefer2/swift/swiftpm/work/prebuiltsHost/swift-build/.build/arm64-apple-macosx/debug/SwiftBuildPackageTests.xctest/Contents/MacOS/SwiftBuildPackageTests (0x11a84fdd8) and /Users/dschaefer2/swift/swiftpm/work/prebuiltsHost/swift-build/.build/arm64-apple-macosx/debug/SWBBuildServiceBundle (0x12b2e7f50). This may cause spurious casting failures and mysterious crashes. One of the duplicates must be removed or renamed.
objc[61689]: Class _TtC16SWBApplePlatform29InstrumentsPackageBuilderSpec is implemented in both /Users/dschaefer2/swift/swiftpm/work/prebuiltsHost/swift-build/.build/arm64-apple-macosx/debug/SwiftBuildPackageTests.xctest/Contents/MacOS/SwiftBuildPackageTests (0x11a84fe78) and /Users/dschaefer2/swift/swiftpm/work/prebuiltsHost/swift-build/.build/arm64-apple-macosx/debug/SWBBuildServiceBundle (0x12b2e7ff0). This may cause spurious casting failures and mysterious crashes. One of the duplicates must be removed or renamed.
objc[61689]: Class _TtC16SWBApplePlatform19IntentsCompilerSpec is implemented in both /Users/dschaefer2/swift/swiftpm/work/prebuiltsHost/swift-build/.build/arm64-apple-macosx/debug/SwiftBuildPackageTests.xctest/Contents/MacOS/SwiftBuildPackageTests (0x11a850218) and /Users/dschaefer2/swift/swiftpm/work/prebuiltsHost/swift-build/.build/arm64-apple-macosx/debug/SWBBuildServiceBundle (0x12b2e8390). This may cause spurious casting failures and mysterious crashes. One of the duplicates must be removed or renamed.
objc[61689]: Class _TtC16SWBApplePlatform18IbtoolCompilerSpec is implemented in both /Users/dschaefer2/swift/swiftpm/work/prebuiltsHost/swift-build/.build/arm64-apple-macosx/debug/SwiftBuildPackageTests.xctest/Contents/MacOS/SwiftBuildPackageTests (0x11a850608) and /Users/dschaefer2/swift/swiftpm/work/prebuiltsHost/swift-build/.build/arm64-apple-macosx/debug/SWBBuildServiceBundle (0x12b2e8780). This may cause spurious casting failures and mysterious crashes. One of the duplicates must be removed or renamed.
objc[61689]: Class _TtCC16SWBApplePlatform18IbtoolCompilerSpecP33_0A588A5B4D22A7A89E5A99AE2E5C5D0914BuildPhaseInfo is implemented in both /Users/dschaefer2/swift/swiftpm/work/prebuiltsHost/swift-build/.build/arm64-apple-macosx/debug/SwiftBuildPackageTests.xctest/Contents/MacOS/SwiftBuildPackageTests (0x11a8509a8) and /Users/dschaefer2/swift/swiftpm/work/prebuiltsHost/swift-build/.build/arm64-apple-macosx/debug/SWBBuildServiceBundle (0x12b2e8b20). This may cause spurious casting failures and mysterious crashes. One of the duplicates must be removed or renamed.
objc[61689]: Class _TtC16SWBApplePlatform21IbtoolCompilerSpecNIB is implemented in both /Users/dschaefer2/swift/swiftpm/work/prebuiltsHost/swift-build/.build/arm64-apple-macosx/debug/SwiftBuildPackageTests.xctest/Contents/MacOS/SwiftBuildPackageTests (0x11a850a50) and /Users/dschaefer2/swift/swiftpm/work/prebuiltsHost/swift-build/.build/arm64-apple-macosx/debug/SWBBuildServiceBundle (0x12b2e8bc8). This may cause spurious casting failures and mysterious crashes. One of the duplicates must be removed or renamed.
objc[61689]: Class _TtC16SWBApplePlatform28IbtoolCompilerSpecStoryboard is implemented in both /Users/dschaefer2/swift/swiftpm/work/prebuiltsHost/swift-build/.build/arm64-apple-macosx/debug/SwiftBuildPackageTests.xctest/Contents/MacOS/SwiftBuildPackageTests (0x11a850df0) and /Users/dschaefer2/swift/swiftpm/work/prebuiltsHost/swift-build/.build/arm64-apple-macosx/debug/SWBBuildServiceBundle (0x12b2e8f68). This may cause spurious casting failures and mysterious crashes. One of the duplicates must be removed or renamed.
objc[61689]: Class _TtC16SWBApplePlatform36InterfaceBuilderCompilerOutputParser is implemented in both /Users/dschaefer2/swift/swiftpm/work/prebuiltsHost/swift-build/.build/arm64-apple-macosx/debug/SwiftBuildPackageTests.xctest/Contents/MacOS/SwiftBuildPackageTests (0x11a851190) and /Users/dschaefer2/swift/swiftpm/work/prebuiltsHost/swift-build/.build/arm64-apple-macosx/debug/SWBBuildServiceBundle (0x12b2e9308). This may cause spurious casting failures and mysterious crashes. One of the duplicates must be removed or renamed.
objc[61689]: Class _TtC16SWBApplePlatform37LocalizationInputFileGroupingStrategy is implemented in both /Users/dschaefer2/swift/swiftpm/work/prebuiltsHost/swift-build/.build/arm64-apple-macosx/debug/SwiftBuildPackageTests.xctest/Contents/MacOS/SwiftBuildPackageTests (0x11a851330) and /Users/dschaefer2/swift/swiftpm/work/prebuiltsHost/swift-build/.build/arm64-apple-macosx/debug/SWBBuildServiceBundle (0x12b2e94b8). This may cause spurious casting failures and mysterious crashes. One of the duplicates must be removed or renamed.
objc[61689]: Class _TtC16SWBApplePlatform17MetalCompilerSpec is implemented in both /Users/dschaefer2/swift/swiftpm/work/prebuiltsHost/swift-build/.build/arm64-apple-macosx/debug/SwiftBuildPackageTests.xctest/Contents/MacOS/SwiftBuildPackageTests (0x11a8513e8) and /Users/dschaefer2/swift/swiftpm/work/prebuiltsHost/swift-build/.build/arm64-apple-macosx/debug/SWBBuildServiceBundle (0x12b2e9570). This may cause spurious casting failures and mysterious crashes. One of the duplicates must be removed or renamed.
objc[61689]: Class _TtC16SWBApplePlatform15MetalLinkerSpec is implemented in both /Users/dschaefer2/swift/swiftpm/work/prebuiltsHost/swift-build/.build/arm64-apple-macosx/debug/SwiftBuildPackageTests.xctest/Contents/MacOS/SwiftBuildPackageTests (0x11a851788) and /Users/dschaefer2/swift/swiftpm/work/prebuiltsHost/swift-build/.build/arm64-apple-macosx/debug/SWBBuildServiceBundle (0x12b2e9910). This may cause spurious casting failures and mysterious crashes. One of the duplicates must be removed or renamed.
objc[61689]: Class _TtC16SWBApplePlatform15MigCompilerSpec is implemented in both /Users/dschaefer2/swift/swiftpm/work/prebuiltsHost/swift-build/.build/arm64-apple-macosx/debug/SwiftBuildPackageTests.xctest/Contents/MacOS/SwiftBuildPackageTests (0x11a851b48) and /Users/dschaefer2/swift/swiftpm/work/prebuiltsHost/swift-build/.build/arm64-apple-macosx/debug/SWBBuildServiceBundle (0x12b2e9cd0). This may cause spurious casting failures and mysterious crashes. One of the duplicates must be removed or renamed.
objc[61689]: Class _TtC16SWBApplePlatform18OpenCLCompilerSpec is implemented in both /Users/dschaefer2/swift/swiftpm/work/prebuiltsHost/swift-build/.build/arm64-apple-macosx/debug/SwiftBuildPackageTests.xctest/Contents/MacOS/SwiftBuildPackageTests (0x11a851f00) and /Users/dschaefer2/swift/swiftpm/work/prebuiltsHost/swift-build/.build/arm64-apple-macosx/debug/SWBBuildServiceBundle (0x12b2ea088). This may cause spurious casting failures and mysterious crashes. One of the duplicates must be removed or renamed.
objc[61689]: Class _TtC16SWBApplePlatform25RealityAssetsCompilerSpec is implemented in both /Users/dschaefer2/swift/swiftpm/work/prebuiltsHost/swift-build/.build/arm64-apple-macosx/debug/SwiftBuildPackageTests.xctest/Contents/MacOS/SwiftBuildPackageTests (0x11a8523a8) and /Users/dschaefer2/swift/swiftpm/work/prebuiltsHost/swift-build/.build/arm64-apple-macosx/debug/SWBBuildServiceBundle (0x12b2ea540). This may cause spurious casting failures and mysterious crashes. One of the duplicates must be removed or renamed.
objc[61689]: Class _TtC16SWBApplePlatform25RealityAssetsTaskProducer is implemented in both /Users/dschaefer2/swift/swiftpm/work/prebuiltsHost/swift-build/.build/arm64-apple-macosx/debug/SwiftBuildPackageTests.xctest/Contents/MacOS/SwiftBuildPackageTests (0x11a852778) and /Users/dschaefer2/swift/swiftpm/work/prebuiltsHost/swift-build/.build/arm64-apple-macosx/debug/SWBBuildServiceBundle (0x12b2ea920). This may cause spurious casting failures and mysterious crashes. One of the duplicates must be removed or renamed.
objc[61689]: Class _TtC16SWBApplePlatform27ReferenceObjectCompilerSpec is implemented in both /Users/dschaefer2/swift/swiftpm/work/prebuiltsHost/swift-build/.build/arm64-apple-macosx/debug/SwiftBuildPackageTests.xctest/Contents/MacOS/SwiftBuildPackageTests (0x11a852938) and /Users/dschaefer2/swift/swiftpm/work/prebuiltsHost/swift-build/.build/arm64-apple-macosx/debug/SWBBuildServiceBundle (0x12b2eaae0). This may cause spurious casting failures and mysterious crashes. One of the duplicates must be removed or renamed.
objc[61689]: Class _TtC16SWBApplePlatform40RegisterExecutionPolicyExceptionToolSpec is implemented in both /Users/dschaefer2/swift/swiftpm/work/prebuiltsHost/swift-build/.build/arm64-apple-macosx/debug/SwiftBuildPackageTests.xctest/Contents/MacOS/SwiftBuildPackageTests (0x11a852cd8) and /Users/dschaefer2/swift/swiftpm/work/prebuiltsHost/swift-build/.build/arm64-apple-macosx/debug/SWBBuildServiceBundle (0x12b2eae80). This may cause spurious casting failures and mysterious crashes. One of the duplicates must be removed or renamed.
objc[61689]: Class _TtC16SWBApplePlatform19ResMergerLinkerSpec is implemented in both /Users/dschaefer2/swift/swiftpm/work/prebuiltsHost/swift-build/.build/arm64-apple-macosx/debug/SwiftBuildPackageTests.xctest/Contents/MacOS/SwiftBuildPackageTests (0x11a853078) and /Users/dschaefer2/swift/swiftpm/work/prebuiltsHost/swift-build/.build/arm64-apple-macosx/debug/SWBBuildServiceBundle (0x12b2eb220). This may cause spurious casting failures and mysterious crashes. One of the duplicates must be removed or renamed.
objc[61689]: Class _TtC16SWBApplePlatform16SceneKitToolSpec is implemented in both /Users/dschaefer2/swift/swiftpm/work/prebuiltsHost/swift-build/.build/arm64-apple-macosx/debug/SwiftBuildPackageTests.xctest/Contents/MacOS/SwiftBuildPackageTests (0x11a853428) and /Users/dschaefer2/swift/swiftpm/work/prebuiltsHost/swift-build/.build/arm64-apple-macosx/debug/SWBBuildServiceBundle (0x12b2eb5d0). This may cause spurious casting failures and mysterious crashes. One of the duplicates must be removed or renamed.
objc[61689]: Class _TtC16SWBApplePlatform30IBStoryboardLinkerCompilerSpec is implemented in both /Users/dschaefer2/swift/swiftpm/work/prebuiltsHost/swift-build/.build/arm64-apple-macosx/debug/SwiftBuildPackageTests.xctest/Contents/MacOS/SwiftBuildPackageTests (0x11a8537e8) and /Users/dschaefer2/swift/swiftpm/work/prebuiltsHost/swift-build/.build/arm64-apple-macosx/debug/SWBBuildServiceBundle (0x12b2eb990). This may cause spurious casting failures and mysterious crashes. One of the duplicates must be removed or renamed.
objc[61689]: Class _TtC16SWBApplePlatform33StringCatalogCompilerOutputParser is implemented in both /Users/dschaefer2/swift/swiftpm/work/prebuiltsHost/swift-build/.build/arm64-apple-macosx/debug/SwiftBuildPackageTests.xctest/Contents/MacOS/SwiftBuildPackageTests (0x11a853bc8) and /Users/dschaefer2/swift/swiftpm/work/prebuiltsHost/swift-build/.build/arm64-apple-macosx/debug/SWBBuildServiceBundle (0x12b2ebd70). This may cause spurious casting failures and mysterious crashes. One of the duplicates must be removed or renamed.
objc[61689]: Class _TtC16SWBApplePlatform22StubBinaryTaskProducer is implemented in both /Users/dschaefer2/swift/swiftpm/work/prebuiltsHost/swift-build/.build/arm64-apple-macosx/debug/SwiftBuildPackageTests.xctest/Contents/MacOS/SwiftBuildPackageTests (0x11a853d78) and /Users/dschaefer2/swift/swiftpm/work/prebuiltsHost/swift-build/.build/arm64-apple-macosx/debug/SWBBuildServiceBundle (0x12b2ebf20). This may cause spurious casting failures and mysterious crashes. One of the duplicates must be removed or renamed.
objc[61689]: Class _TtC16SWBApplePlatform28GlobalStubBinaryTaskProducer is implemented in both /Users/dschaefer2/swift/swiftpm/work/prebuiltsHost/swift-build/.build/arm64-apple-macosx/debug/SwiftBuildPackageTests.xctest/Contents/MacOS/SwiftBuildPackageTests (0x11a853f18) and /Users/dschaefer2/swift/swiftpm/work/prebuiltsHost/swift-build/.build/arm64-apple-macosx/debug/SWBBuildServiceBundle (0x12b2ec0c0). This may cause spurious casting failures and mysterious crashes. One of the duplicates must be removed or renamed.
objc[61689]: Class _TtC16SWBApplePlatform21XCStringsCompilerSpec is implemented in both /Users/dschaefer2/swift/swiftpm/work/prebuiltsHost/swift-build/.build/arm64-apple-macosx/debug/SwiftBuildPackageTests.xctest/Contents/MacOS/SwiftBuildPackageTests (0x11a854028) and /Users/dschaefer2/swift/swiftpm/work/prebuiltsHost/swift-build/.build/arm64-apple-macosx/debug/SWBBuildServiceBundle (0x12b2ec1d8). This may cause spurious casting failures and mysterious crashes. One of the duplicates must be removed or renamed.
objc[61689]: Class _TtC16SWBApplePlatform34XCStringsInputFileGroupingStrategy is implemented in both /Users/dschaefer2/swift/swiftpm/work/prebuiltsHost/swift-build/.build/arm64-apple-macosx/debug/SwiftBuildPackageTests.xctest/Contents/MacOS/SwiftBuildPackageTests (0x11a8543e8) and /Users/dschaefer2/swift/swiftpm/work/prebuiltsHost/swift-build/.build/arm64-apple-macosx/debug/SWBBuildServiceBundle (0x12b2ec598). This may cause spurious casting failures and mysterious crashes. One of the duplicates must be removed or renamed.
objc[61689]: Class _TtC15SWBBuildServiceP33_21FE20875F553DC253D8F0177217049944BuildDependencyInfoGlobalProductPlanDelegate is implemented in both /Users/dschaefer2/swift/swiftpm/work/prebuiltsHost/swift-build/.build/arm64-apple-macosx/debug/SwiftBuildPackageTests.xctest/Contents/MacOS/SwiftBuildPackageTests (0x11a854530) and /Users/dschaefer2/swift/swiftpm/work/prebuiltsHost/swift-build/.build/arm64-apple-macosx/debug/SWBBuildServiceBundle (0x12b2ec6a0). This may cause spurious casting failures and mysterious crashes. One of the duplicates must be removed or renamed.
objc[61689]: Class _TtCZFE15SWBBuildServiceV7SWBCore19BuildDependencyInfoP33_21FE20875F553DC253D8F017721704996inputsFZTCS0_16ConfiguredTargetCS0_8SettingsVS_P33_21FE20875F553DC253D8F0177217049936BuildDependencyInfoBuildFileResolver_T6inputsGSaVVS1_20TargetDependencyInfo5Input_6errorsGSaSS__L_14InputCollector is implemented in both /Users/dschaefer2/swift/swiftpm/work/prebuiltsHost/swift-build/.build/arm64-apple-macosx/debug/SwiftBuildPackageTests.xctest/Contents/MacOS/SwiftBuildPackageTests (0x11a8545f0) and /Users/dschaefer2/swift/swiftpm/work/prebuiltsHost/swift-build/.build/arm64-apple-macosx/debug/SWBBuildServiceBundle (0x12b2ec760). This may cause spurious casting failures and mysterious crashes. One of the duplicates must be removed or renamed.
objc[61689]: Class _TtC15SWBBuildService11ActiveBuild is implemented in both /Users/dschaefer2/swift/swiftpm/work/prebuiltsHost/swift-build/.build/arm64-apple-macosx/debug/SwiftBuildPackageTests.xctest/Contents/MacOS/SwiftBuildPackageTests (0x11a854a80) and /Users/dschaefer2/swift/swiftpm/work/prebuiltsHost/swift-build/.build/arm64-apple-macosx/debug/SWBBuildServiceBundle (0x12b2ecc00). This may cause spurious casting failures and mysterious crashes. One of the duplicates must be removed or renamed.
objc[61689]: Class _TtCC15SWBBuildService11ActiveBuildP33_67BD02778CAF199C7540E61B75F2A99B27PreparationProgressDelegate is implemented in both /Users/dschaefer2/swift/swiftpm/work/prebuiltsHost/swift-build/.build/arm64-apple-macosx/debug/SwiftBuildPackageTests.xctest/Contents/MacOS/SwiftBuildPackageTests (0x11a854ba0) and /Users/dschaefer2/swift/swiftpm/work/prebuiltsHost/swift-build/.build/arm64-apple-macosx/debug/SWBBuildServiceBundle (0x12b2ecd20). This may cause spurious casting failures and mysterious crashes. One of the duplicates must be removed or renamed.
objc[61689]: Class _TtC15SWBBuildService29ActiveBuildDiagnosticsHandler is implemented in both /Users/dschaefer2/swift/swiftpm/work/prebuiltsHost/swift-build/.build/arm64-apple-macosx/debug/SwiftBuildPackageTests.xctest/Contents/MacOS/SwiftBuildPackageTests (0x11a854c58) and /Users/dschaefer2/swift/swiftpm/work/prebuiltsHost/swift-build/.build/arm64-apple-macosx/debug/SWBBuildServiceBundle (0x12b2ecdd8). This may cause spurious casting failures and mysterious crashes. One of the duplicates must be removed or renamed.
objc[61689]: Class _TtC15SWBBuildServiceP33_67BD02778CAF199C7540E61B75F2A99B17TaskOutputHandler is implemented in both /Users/dschaefer2/swift/swiftpm/work/prebuiltsHost/swift-build/.build/arm64-apple-macosx/debug/SwiftBuildPackageTests.xctest/Contents/MacOS/SwiftBuildPackageTests (0x11a854d08) and /Users/dschaefer2/swift/swiftpm/work/prebuiltsHost/swift-build/.build/arm64-apple-macosx/debug/SWBBuildServiceBundle (0x12b2ece88). This may cause spurious casting failures and mysterious crashes. One of the duplicates must be removed or renamed.
objc[61689]: Class _TtC15SWBBuildServiceP33_67BD02778CAF199C7540E61B75F2A99B23TaskOutputParserHandler is implemented in both /Users/dschaefer2/swift/swiftpm/work/prebuiltsHost/swift-build/.build/arm64-apple-macosx/debug/SwiftBuildPackageTests.xctest/Contents/MacOS/SwiftBuildPackageTests (0x11a854e08) and /Users/dschaefer2/swift/swiftpm/work/prebuiltsHost/swift-build/.build/arm64-apple-macosx/debug/SWBBuildServiceBundle (0x12b2ecf88). This may cause spurious casting failures and mysterious crashes. One of the duplicates must be removed or renamed.
objc[61689]: Class _TtC15SWBBuildServiceP33_67BD02778CAF199C7540E61B75F2A99B27DiscardingTaskOutputHandler is implemented in both /Users/dschaefer2/swift/swiftpm/work/prebuiltsHost/swift-build/.build/arm64-apple-macosx/debug/SwiftBuildPackageTests.xctest/Contents/MacOS/SwiftBuildPackageTests (0x11a854ee8) and /Users/dschaefer2/swift/swiftpm/work/prebuiltsHost/swift-build/.build/arm64-apple-macosx/debug/SWBBuildServiceBundle (0x12b2ed068). This may cause spurious casting failures and mysterious crashes. One of the duplicates must be removed or renamed.
objc[61689]: Class _TtC15SWBBuildService20BuildOutputCollector is implemented in both /Users/dschaefer2/swift/swiftpm/work/prebuiltsHost/swift-build/.build/arm64-apple-macosx/debug/SwiftBuildPackageTests.xctest/Contents/MacOS/SwiftBuildPackageTests (0x11a854fa0) and /Users/dschaefer2/swift/swiftpm/work/prebuiltsHost/swift-build/.build/arm64-apple-macosx/debug/SWBBuildServiceBundle (0x12b2ed120). This may cause spurious casting failures and mysterious crashes. One of the duplicates must be removed or renamed.
objc[61689]: Class _TtC15SWBBuildService17OperationDelegate is implemented in both /Users/dschaefer2/swift/swiftpm/work/prebuiltsHost/swift-build/.build/arm64-apple-macosx/debug/SwiftBuildPackageTests.xctest/Contents/MacOS/SwiftBuildPackageTests (0x11a855048) and /Users/dschaefer2/swift/swiftpm/work/prebuiltsHost/swift-build/.build/arm64-apple-macosx/debug/SWBBuildServiceBundle (0x12b2ed1c8). This may cause spurious casting failures and mysterious crashes. One of the duplicates must be removed or renamed.
objc[61689]: Class _TtCC15SWBBuildService17OperationDelegate10TargetInfo is implemented in both /Users/dschaefer2/swift/swiftpm/work/prebuiltsHost/swift-build/.build/arm64-apple-macosx/debug/SwiftBuildPackageTests.xctest/Contents/MacOS/SwiftBuildPackageTests (0x11a855138) and /Users/dschaefer2/swift/swiftpm/work/prebuiltsHost/swift-build/.build/arm64-apple-macosx/debug/SWBBuildServiceBundle (0x12b2ed2b8). This may cause spurious casting failures and mysterious crashes. One of the duplicates must be removed or renamed.
objc[61689]: Class _TtC15SWBBuildService12BuildService is implemented in both /Users/dschaefer2/swift/swiftpm/work/prebuiltsHost/swift-build/.build/arm64-apple-macosx/debug/SwiftBuildPackageTests.xctest/Contents/MacOS/SwiftBuildPackageTests (0x11a855240) and /Users/dschaefer2/swift/swiftpm/work/prebuiltsHost/swift-build/.build/arm64-apple-macosx/debug/SWBBuildServiceBundle (0x12b2ed3d0). This may cause spurious casting failures and mysterious crashes. One of the duplicates must be removed or renamed.
objc[61689]: Class _TtCFFC15SWBBuildService12BuildService10sharedCoreFZT13developerPathGSqO11SWBProtocol13DeveloperPath_19resourceSearchPathsGSaV7SWBUtil4Path_16inferiorProductsGSqS4__11environmentGVs10DictionarySSSS__TGSqC7SWBCore4Core_GSaVS3_10Diagnostic__U_FyZT_TGSqS7__GSaS8___L_8Delegate is implemented in both /Users/dschaefer2/swift/swiftpm/work/prebuiltsHost/swift-build/.build/arm64-apple-macosx/debug/SwiftBuildPackageTests.xctest/Contents/MacOS/SwiftBuildPackageTests (0x11a8553c0) and /Users/dschaefer2/swift/swiftpm/work/prebuiltsHost/swift-build/.build/arm64-apple-macosx/debug/SWBBuildServiceBundle (0x12b2ed550). This may cause spurious casting failures and mysterious crashes. One of the duplicates must be removed or renamed.
objc[61689]: Class _TtC15SWBBuildService22ClientExchangeDelegate is implemented in both /Users/dschaefer2/swift/swiftpm/work/prebuiltsHost/swift-build/.build/arm64-apple-macosx/debug/SwiftBuildPackageTests.xctest/Contents/MacOS/SwiftBuildPackageTests (0x11a8554c0) and /Users/dschaefer2/swift/swiftpm/work/prebuiltsHost/swift-build/.build/arm64-apple-macosx/debug/SWBBuildServiceBundle (0x12b2ed658). This may cause spurious casting failures and mysterious crashes. One of the duplicates must be removed or renamed.
objc[61689]: Class _TtC15SWBBuildServiceP33_80C51DB7BFE640F5CBFFBCAFE677E15016ResolverDelegate is implemented in both /Users/dschaefer2/swift/swiftpm/work/prebuiltsHost/swift-build/.build/arm64-apple-macosx/debug/SwiftBuildPackageTests.xctest/Contents/MacOS/SwiftBuildPackageTests (0x11a855618) and /Users/dschaefer2/swift/swiftpm/work/prebuiltsHost/swift-build/.build/arm64-apple-macosx/debug/SWBBuildServiceBundle (0x12b2ed7b0). This may cause spurious casting failures and mysterious crashes. One of the duplicates must be removed or renamed.
objc[61689]: Class _TtC15SWBBuildService13InfoOperation is implemented in both /Users/dschaefer2/swift/swiftpm/work/prebuiltsHost/swift-build/.build/arm64-apple-macosx/debug/SwiftBuildPackageTests.xctest/Contents/MacOS/SwiftBuildPackageTests (0x11a855858) and /Users/dschaefer2/swift/swiftpm/work/prebuiltsHost/swift-build/.build/arm64-apple-macosx/debug/SWBBuildServiceBundle (0x12b2eda00). This may cause spurious casting failures and mysterious crashes. One of the duplicates must be removed or renamed.
objc[61689]: Class _TtC15SWBBuildService17IndexingOperation is implemented in both /Users/dschaefer2/swift/swiftpm/work/prebuiltsHost/swift-build/.build/arm64-apple-macosx/debug/SwiftBuildPackageTests.xctest/Contents/MacOS/SwiftBuildPackageTests (0x11a855940) and /Users/dschaefer2/swift/swiftpm/work/prebuiltsHost/swift-build/.build/arm64-apple-macosx/debug/SWBBuildServiceBundle (0x12b2edae8). This may cause spurious casting failures and mysterious crashes. One of the duplicates must be removed or renamed.
objc[61689]: Class _TtC15SWBBuildServiceP33_F00EF65348E9A12C8A881582FD8226E422DocumentationOperation is implemented in both /Users/dschaefer2/swift/swiftpm/work/prebuiltsHost/swift-build/.build/arm64-apple-macosx/debug/SwiftBuildPackageTests.xctest/Contents/MacOS/SwiftBuildPackageTests (0x11a855a40) and /Users/dschaefer2/swift/swiftpm/work/prebuiltsHost/swift-build/.build/arm64-apple-macosx/debug/SWBBuildServiceBundle (0x12b2edbe8). This may cause spurious casting failures and mysterious crashes. One of the duplicates must be removed or renamed.
objc[61689]: Class _TtC15SWBBuildServiceP33_F00EF65348E9A12C8A881582FD8226E421LocalizationOperation is implemented in both /Users/dschaefer2/swift/swiftpm/work/prebuiltsHost/swift-build/.build/arm64-apple-macosx/debug/SwiftBuildPackageTests.xctest/Contents/MacOS/SwiftBuildPackageTests (0x11a855b48) and /Users/dschaefer2/swift/swiftpm/work/prebuiltsHost/swift-build/.build/arm64-apple-macosx/debug/SWBBuildServiceBundle (0x12b2edcf0). This may cause spurious casting failures and mysterious crashes. One of the duplicates must be removed or renamed.
objc[61689]: Class _TtC15SWBBuildServiceP33_F00EF65348E9A12C8A881582FD8226E419PreviewingOperation is implemented in both /Users/dschaefer2/swift/swiftpm/work/prebuiltsHost/swift-build/.build/arm64-apple-macosx/debug/SwiftBuildPackageTests.xctest/Contents/MacOS/SwiftBuildPackageTests (0x11a855c50) and /Users/dschaefer2/swift/swiftpm/work/prebuiltsHost/swift-build/.build/arm64-apple-macosx/debug/SWBBuildServiceBundle (0x12b2eddf8). This may cause spurious casting failures and mysterious crashes. One of the duplicates must be removed or renamed.
objc[61689]: Class _TtC15SWBBuildServiceP33_F00EF65348E9A12C8A881582FD8226E426ProjectDescriptorOperation is implemented in both /Users/dschaefer2/swift/swiftpm/work/prebuiltsHost/swift-build/.build/arm64-apple-macosx/debug/SwiftBuildPackageTests.xctest/Contents/MacOS/SwiftBuildPackageTests (0x11a855d58) and /Users/dschaefer2/swift/swiftpm/work/prebuiltsHost/swift-build/.build/arm64-apple-macosx/debug/SWBBuildServiceBundle (0x12b2edf00). This may cause spurious casting failures and mysterious crashes. One of the duplicates must be removed or renamed.
objc[61689]: Class _TtC15SWBBuildService28BuildDependencyInfoOperation is implemented in both /Users/dschaefer2/swift/swiftpm/work/prebuiltsHost/swift-build/.build/arm64-apple-macosx/debug/SwiftBuildPackageTests.xctest/Contents/MacOS/SwiftBuildPackageTests (0x11a855e50) and /Users/dschaefer2/swift/swiftpm/work/prebuiltsHost/swift-build/.build/arm64-apple-macosx/debug/SWBBuildServiceBundle (0x12b2edff8). This may cause spurious casting failures and mysterious crashes. One of the duplicates must be removed or renamed.
objc[61689]: Class _TtC15SWBBuildService17PlanningOperation is implemented in both /Users/dschaefer2/swift/swiftpm/work/prebuiltsHost/swift-build/.build/arm64-apple-macosx/debug/SwiftBuildPackageTests.xctest/Contents/MacOS/SwiftBuildPackageTests (0x11a8568a0) and /Users/dschaefer2/swift/swiftpm/work/prebuiltsHost/swift-build/.build/arm64-apple-macosx/debug/SWBBuildServiceBundle (0x12b2eea48). This may cause spurious casting failures and mysterious crashes. One of the duplicates must be removed or renamed.
objc[61689]: Class _TtC15SWBBuildServiceP33_346D3A3E08872C3A649924277B7FD17835ActivityReportingForwardingDelegate is implemented in both /Users/dschaefer2/swift/swiftpm/work/prebuiltsHost/swift-build/.build/arm64-apple-macosx/debug/SwiftBuildPackageTests.xctest/Contents/MacOS/SwiftBuildPackageTests (0x11a856980) and /Users/dschaefer2/swift/swiftpm/work/prebuiltsHost/swift-build/.build/arm64-apple-macosx/debug/SWBBuildServiceBundle (0x12b2eeb28). This may cause spurious casting failures and mysterious crashes. One of the duplicates must be removed or renamed.
objc[61689]: Class _TtC15SWBBuildService7Session is implemented in both /Users/dschaefer2/swift/swiftpm/work/prebuiltsHost/swift-build/.build/arm64-apple-macosx/debug/SwiftBuildPackageTests.xctest/Contents/MacOS/SwiftBuildPackageTests (0x11a856b40) and /Users/dschaefer2/swift/swiftpm/work/prebuiltsHost/swift-build/.build/arm64-apple-macosx/debug/SWBBuildServiceBundle (0x12b2eecf0). This may cause spurious casting failures and mysterious crashes. One of the duplicates must be removed or renamed.
objc[61689]: Class _TtCC15SWBBuildService7Session20PIFTransferOperation is implemented in both /Users/dschaefer2/swift/swiftpm/work/prebuiltsHost/swift-build/.build/arm64-apple-macosx/debug/SwiftBuildPackageTests.xctest/Contents/MacOS/SwiftBuildPackageTests (0x11a856c38) and /Users/dschaefer2/swift/swiftpm/work/prebuiltsHost/swift-build/.build/arm64-apple-macosx/debug/SWBBuildServiceBundle (0x12b2eede8). This may cause spurious casting failures and mysterious crashes. One of the duplicates must be removed or renamed.
objc[61689]: Class _TtC15SWBBuildServiceP33_8448851DE882C561340C474E3D5B4F4F15MsgPackDumpTool is implemented in both /Users/dschaefer2/swift/swiftpm/work/prebuiltsHost/swift-build/.build/arm64-apple-macosx/debug/SwiftBuildPackageTests.xctest/Contents/MacOS/SwiftBuildPackageTests (0x11a856d68) and /Users/dschaefer2/swift/swiftpm/work/prebuiltsHost/swift-build/.build/arm64-apple-macosx/debug/SWBBuildServiceBundle (0x12b2eef20). This may cause spurious casting failures and mysterious crashes. One of the duplicates must be removed or renamed.
objc[61689]: Class _TtC15SWBBuildServiceP33_8448851DE882C561340C474E3D5B4F4F13HeadermapTool is implemented in both /Users/dschaefer2/swift/swiftpm/work/prebuiltsHost/swift-build/.build/arm64-apple-macosx/debug/SwiftBuildPackageTests.xctest/Contents/MacOS/SwiftBuildPackageTests (0x11a856e60) and /Users/dschaefer2/swift/swiftpm/work/prebuiltsHost/swift-build/.build/arm64-apple-macosx/debug/SWBBuildServiceBundle (0x12b2ef018). This may cause spurious casting failures and mysterious crashes. One of the duplicates must be removed or renamed.
objc[61689]: Class _TtC15SWBBuildServiceP33_8448851DE882C561340C474E3D5B4F4F13ClangScanTool is implemented in both /Users/dschaefer2/swift/swiftpm/work/prebuiltsHost/swift-build/.build/arm64-apple-macosx/debug/SwiftBuildPackageTests.xctest/Contents/MacOS/SwiftBuildPackageTests (0x11a856f58) and /Users/dschaefer2/swift/swiftpm/work/prebuiltsHost/swift-build/.build/arm64-apple-macosx/debug/SWBBuildServiceBundle (0x12b2ef110). This may cause spurious casting failures and mysterious crashes. One of the duplicates must be removed or renamed.
objc[61689]: Class _TtC15SWBBuildServiceP33_8448851DE882C561340C474E3D5B4F4F25SerializedDiagnosticsTool is implemented in both /Users/dschaefer2/swift/swiftpm/work/prebuiltsHost/swift-build/.build/arm64-apple-macosx/debug/SwiftBuildPackageTests.xctest/Contents/MacOS/SwiftBuildPackageTests (0x11a857050) and /Users/dschaefer2/swift/swiftpm/work/prebuiltsHost/swift-build/.build/arm64-apple-macosx/debug/SWBBuildServiceBundle (0x12b2ef208). This may cause spurious casting failures and mysterious crashes. One of the duplicates must be removed or renamed.
objc[61689]: Class _TtC14SWBBuildSystem12BuildManager is implemented in both /Users/dschaefer2/swift/swiftpm/work/prebuiltsHost/swift-build/.build/arm64-apple-macosx/debug/SwiftBuildPackageTests.xctest/Contents/MacOS/SwiftBuildPackageTests (0x11a857418) and /Users/dschaefer2/swift/swiftpm/work/prebuiltsHost/swift-build/.build/arm64-apple-macosx/debug/SWBBuildServiceBundle (0x12b2ef330). This may cause spurious casting failures and mysterious crashes. One of the duplicates must be removed or renamed.
objc[61689]: Class _TtC14SWBBuildSystem14BuildOperation is implemented in both /Users/dschaefer2/swift/swiftpm/work/prebuiltsHost/swift-build/.build/arm64-apple-macosx/debug/SwiftBuildPackageTests.xctest/Contents/MacOS/SwiftBuildPackageTests (0x11a857760) and /Users/dschaefer2/swift/swiftpm/work/prebuiltsHost/swift-build/.build/arm64-apple-macosx/debug/SWBBuildServiceBundle (0x12b2ef680). This may cause spurious casting failures and mysterious crashes. One of the duplicates must be removed or renamed.
objc[61689]: Class _TtC14SWBBuildSystem28CustomTaskSerializerDelegate is implemented in both /Users/dschaefer2/swift/swiftpm/work/prebuiltsHost/swift-build/.build/arm64-apple-macosx/debug/SwiftBuildPackageTests.xctest/Contents/MacOS/SwiftBuildPackageTests (0x11a8578b8) and /Users/dschaefer2/swift/swiftpm/work/prebuiltsHost/swift-build/.build/arm64-apple-macosx/debug/SWBBuildServiceBundle (0x12b2ef7d8). This may cause spurious casting failures and mysterious crashes. One of the duplicates must be removed or renamed.
objc[61689]: Class _TtC14SWBBuildSystem30CustomTaskDeserializerDelegate is implemented in both /Users/dschaefer2/swift/swiftpm/work/prebuiltsHost/swift-build/.build/arm64-apple-macosx/debug/SwiftBuildPackageTests.xctest/Contents/MacOS/SwiftBuildPackageTests (0x11a857970) and /Users/dschaefer2/swift/swiftpm/work/prebuiltsHost/swift-build/.build/arm64-apple-macosx/debug/SWBBuildServiceBundle (0x12b2ef890). This may cause spurious casting failures and mysterious crashes. One of the duplicates must be removed or renamed.
objc[61689]: Class _TtC14SWBBuildSystemP33_BE7F0C68950608AEEF89278946E94E3E16InProcessCommand is implemented in both /Users/dschaefer2/swift/swiftpm/work/prebuiltsHost/swift-build/.build/arm64-apple-macosx/debug/SwiftBuildPackageTests.xctest/Contents/MacOS/SwiftBuildPackageTests (0x11a857a20) and /Users/dschaefer2/swift/swiftpm/work/prebuiltsHost/swift-build/.build/arm64-apple-macosx/debug/SWBBuildServiceBundle (0x12b2ef940). This may cause spurious casting failures and mysterious crashes. One of the duplicates must be removed or renamed.
objc[61689]: Class _TtC14SWBBuildSystemP33_BE7F0C68950608AEEF89278946E94E3E36BuildValueValidatingInProcessCommand is implemented in both /Users/dschaefer2/swift/swiftpm/work/prebuiltsHost/swift-build/.build/arm64-apple-macosx/debug/SwiftBuildPackageTests.xctest/Contents/MacOS/SwiftBuildPackageTests (0x11a857b38) and /Users/dschaefer2/swift/swiftpm/work/prebuiltsHost/swift-build/.build/arm64-apple-macosx/debug/SWBBuildServiceBundle (0x12b2efa58). This may cause spurious casting failures and mysterious crashes. One of the duplicates must be removed or renamed.
objc[61689]: Class _TtC14SWBBuildSystemP33_BE7F0C68950608AEEF89278946E94E3E13InProcessTool is implemented in both /Users/dschaefer2/swift/swiftpm/work/prebuiltsHost/swift-build/.build/arm64-apple-macosx/debug/SwiftBuildPackageTests.xctest/Contents/MacOS/SwiftBuildPackageTests (0x11a857c68) and /Users/dschaefer2/swift/swiftpm/work/prebuiltsHost/swift-build/.build/arm64-apple-macosx/debug/SWBBuildServiceBundle (0x12b2efb88). This may cause spurious casting failures and mysterious crashes. One of the duplicates must be removed or renamed.
objc[61689]: Class _TtC14SWBBuildSystem22OperationSystemAdaptor is implemented in both /Users/dschaefer2/swift/swiftpm/work/prebuiltsHost/swift-build/.build/arm64-apple-macosx/debug/SwiftBuildPackageTests.xctest/Contents/MacOS/SwiftBuildPackageTests (0x11a857d18) and /Users/dschaefer2/swift/swiftpm/work/prebuiltsHost/swift-build/.build/arm64-apple-macosx/debug/SWBBuildServiceBundle (0x12b2efc38). This may cause spurious casting failures and mysterious crashes. One of the duplicates must be removed or renamed.
objc[61689]: Class _TtC14SWBBuildSystem16SystemCacheEntry is implemented in both /Users/dschaefer2/swift/swiftpm/work/prebuiltsHost/swift-build/.build/arm64-apple-macosx/debug/SwiftBuildPackageTests.xctest/Contents/MacOS/SwiftBuildPackageTests (0x11a857f20) and /Users/dschaefer2/swift/swiftpm/work/prebuiltsHost/swift-build/.build/arm64-apple-macosx/debug/SWBBuildServiceBundle (0x12b2efe40). This may cause spurious casting failures and mysterious crashes. One of the duplicates must be removed or renamed.
objc[61689]: Class _TtC14SWBBuildSystem14CleanOperation is implemented in both /Users/dschaefer2/swift/swiftpm/work/prebuiltsHost/swift-build/.build/arm64-apple-macosx/debug/SwiftBuildPackageTests.xctest/Contents/MacOS/SwiftBuildPackageTests (0x11a858058) and /Users/dschaefer2/swift/swiftpm/work/prebuiltsHost/swift-build/.build/arm64-apple-macosx/debug/SWBBuildServiceBundle (0x12b2eff78). This may cause spurious casting failures and mysterious crashes. One of the duplicates must be removed or renamed.
objc[61689]: Class _TtCC14SWBBuildSystem14CleanOperationP33_62DFD6A18C12B1F9AB05044C1CC3E5EC19CleanExecutableTask is implemented in both /Users/dschaefer2/swift/swiftpm/work/prebuiltsHost/swift-build/.build/arm64-apple-macosx/debug/SwiftBuildPackageTests.xctest/Contents/MacOS/SwiftBuildPackageTests (0x11a858168) and /Users/dschaefer2/swift/swiftpm/work/prebuiltsHost/swift-build/.build/arm64-apple-macosx/debug/SWBBuildServiceBundle (0x12b2f0088). This may cause spurious casting failures and mysterious crashes. One of the duplicates must be removed or renamed.
objc[61689]: Class _TtC6SWBCAS18ToolchainCASPlugin is implemented in both /Users/dschaefer2/swift/swiftpm/work/prebuiltsHost/swift-build/.build/arm64-apple-macosx/debug/SwiftBuildPackageTests.xctest/Contents/MacOS/SwiftBuildPackageTests (0x11a859618) and /Users/dschaefer2/swift/swiftpm/work/prebuiltsHost/swift-build/.build/arm64-apple-macosx/debug/SWBBuildServiceBundle (0x12b2f04a0). This may cause spurious casting failures and mysterious crashes. One of the duplicates must be removed or renamed.
objc[61689]: Class _TtC6SWBCAS12ToolchainCAS is implemented in both /Users/dschaefer2/swift/swiftpm/work/prebuiltsHost/swift-build/.build/arm64-apple-macosx/debug/SwiftBuildPackageTests.xctest/Contents/MacOS/SwiftBuildPackageTests (0x11a8596b8) and /Users/dschaefer2/swift/swiftpm/work/prebuiltsHost/swift-build/.build/arm64-apple-macosx/debug/SWBBuildServiceBundle (0x12b2f0540). This may cause spurious casting failures and mysterious crashes. One of the duplicates must be removed or renamed.
objc[61689]: Class _TtC6SWBCASP33_87ED1FD2FB75A7D01F463A1670623C6D19CancellationHandler is implemented in both /Users/dschaefer2/swift/swiftpm/work/prebuiltsHost/swift-build/.build/arm64-apple-macosx/debug/SwiftBuildPackageTests.xctest/Contents/MacOS/SwiftBuildPackageTests (0x11a859760) and /Users/dschaefer2/swift/swiftpm/work/prebuiltsHost/swift-build/.build/arm64-apple-macosx/debug/SWBBuildServiceBundle (0x12b2f05e8). This may cause spurious casting failures and mysterious crashes. One of the duplicates must be removed or renamed.
objc[61689]: Class _TtC7SWBCore38AppShortcutStringsMetadataCompilerSpec is implemented in both /Users/dschaefer2/swift/swiftpm/work/prebuiltsHost/swift-build/.build/arm64-apple-macosx/debug/SwiftBuildPackageTests.xctest/Contents/MacOS/SwiftBuildPackageTests (0x11a859a28) and /Users/dschaefer2/swift/swiftpm/work/prebuiltsHost/swift-build/.build/arm64-apple-macosx/debug/SWBBuildServiceBundle (0x12b2f0888). This may cause spurious casting failures and mysterious crashes. One of the duplicates must be removed or renamed.
objc[61689]: Class _TtC7SWBCore40AppShortcutStringsValidationOutputParser is implemented in both /Users/dschaefer2/swift/swiftpm/work/prebuiltsHost/swift-build/.build/arm64-apple-macosx/debug/SwiftBuildPackageTests.xctest/Contents/MacOS/SwiftBuildPackageTests (0x11a859dc0) and /Users/dschaefer2/swift/swiftpm/work/prebuiltsHost/swift-build/.build/arm64-apple-macosx/debug/SWBBuildServiceBundle (0x12b2f0c20). This may cause spurious casting failures and mysterious crashes. One of the duplicates must be removed or renamed.
objc[61689]: Class _TtC7SWBCore18BuildConfiguration is implemented in both /Users/dschaefer2/swift/swiftpm/work/prebuiltsHost/swift-build/.build/arm64-apple-macosx/debug/SwiftBuildPackageTests.xctest/Contents/MacOS/SwiftBuildPackageTests (0x11a85a078) and /Users/dschaefer2/swift/swiftpm/work/prebuiltsHost/swift-build/.build/arm64-apple-macosx/debug/SWBBuildServiceBundle (0x12b2f0ee0). This may cause spurious casting failures and mysterious crashes. One of the duplicates must be removed or renamed.
objc[61689]: Class _TtC7SWBCore9BuildFile is implemented in both /Users/dschaefer2/swift/swiftpm/work/prebuiltsHost/swift-build/.build/arm64-apple-macosx/debug/SwiftBuildPackageTests.xctest/Contents/MacOS/SwiftBuildPackageTests (0x11a85a350) and /Users/dschaefer2/swift/swiftpm/work/prebuiltsHost/swift-build/.build/arm64-apple-macosx/debug/SWBBuildServiceBundle (0x12b2f11c8). This may cause spurious casting failures and mysterious crashes. One of the duplicates must be removed or renamed.
objc[61689]: Class _TtC7SWBCore10BuildPhase is implemented in both /Users/dschaefer2/swift/swiftpm/work/prebuiltsHost/swift-build/.build/arm64-apple-macosx/debug/SwiftBuildPackageTests.xctest/Contents/MacOS/SwiftBuildPackageTests (0x11a85a610) and /Users/dschaefer2/swift/swiftpm/work/prebuiltsHost/swift-build/.build/arm64-apple-macosx/debug/SWBBuildServiceBundle (0x12b2f1488). This may cause spurious casting failures and mysterious crashes. One of the duplicates must be removed or renamed.
objc[61689]: Class _TtC7SWBCore24BuildPhaseWithBuildFiles is implemented in both /Users/dschaefer2/swift/swiftpm/work/prebuiltsHost/swift-build/.build/arm64-apple-macosx/debug/SwiftBuildPackageTests.xctest/Contents/MacOS/SwiftBuildPackageTests (0x11a85a6d8) and /Users/dschaefer2/swift/swiftpm/work/prebuiltsHost/swift-build/.build/arm64-apple-macosx/debug/SWBBuildServiceBundle (0x12b2f1550). This may cause spurious casting failures and mysterious crashes. One of the duplicates must be removed or renamed.
objc[61689]: Class _TtC7SWBCore17SourcesBuildPhase is implemented in both /Users/dschaefer2/swift/swiftpm/work/prebuiltsHost/swift-build/.build/arm64-apple-macosx/debug/SwiftBuildPackageTests.xctest/Contents/MacOS/SwiftBuildPackageTests (0x11a85a7c0) and /Users/dschaefer2/swift/swiftpm/work/prebuiltsHost/swift-build/.build/arm64-apple-macosx/debug/SWBBuildServiceBundle (0x12b2f1638). This may cause spurious casting failures and mysterious crashes. One of the duplicates must be removed or renamed.
objc[61689]: Class _TtC7SWBCore20FrameworksBuildPhase is implemented in both /Users/dschaefer2/swift/swiftpm/work/prebuiltsHost/swift-build/.build/arm64-apple-macosx/debug/SwiftBuildPackageTests.xctest/Contents/MacOS/SwiftBuildPackageTests (0x11a85a8a8) and /Users/dschaefer2/swift/swiftpm/work/prebuiltsHost/swift-build/.build/arm64-apple-macosx/debug/SWBBuildServiceBundle (0x12b2f1720). This may cause spurious casting failures and mysterious crashes. One of the duplicates must be removed or renamed.
objc[61689]: Class _TtC7SWBCore17HeadersBuildPhase is implemented in both /Users/dschaefer2/swift/swiftpm/work/prebuiltsHost/swift-build/.build/arm64-apple-macosx/debug/SwiftBuildPackageTests.xctest/Contents/MacOS/SwiftBuildPackageTests (0x11a85a990) and /Users/dschaefer2/swift/swiftpm/work/prebuiltsHost/swift-build/.build/arm64-apple-macosx/debug/SWBBuildServiceBundle (0x12b2f1808). This may cause spurious casting failures and mysterious crashes. One of the duplicates must be removed or renamed.
objc[61689]: Class _TtC7SWBCore19ResourcesBuildPhase is implemented in both /Users/dschaefer2/swift/swiftpm/work/prebuiltsHost/swift-build/.build/arm64-apple-macosx/debug/SwiftBuildPackageTests.xctest/Contents/MacOS/SwiftBuildPackageTests (0x11a85aa78) and /Users/dschaefer2/swift/swiftpm/work/prebuiltsHost/swift-build/.build/arm64-apple-macosx/debug/SWBBuildServiceBundle (0x12b2f18f0). This may cause spurious casting failures and mysterious crashes. One of the duplicates must be removed or renamed.
objc[61689]: Class _TtC7SWBCore19CopyFilesBuildPhase is implemented in both /Users/dschaefer2/swift/swiftpm/work/prebuiltsHost/swift-build/.build/arm64-apple-macosx/debug/SwiftBuildPackageTests.xctest/Contents/MacOS/SwiftBuildPackageTests (0x11a85ab60) and /Users/dschaefer2/swift/swiftpm/work/prebuiltsHost/swift-build/.build/arm64-apple-macosx/debug/SWBBuildServiceBundle (0x12b2f19d8). This may cause spurious casting failures and mysterious crashes. One of the duplicates must be removed or renamed.
objc[61689]: Class _TtC7SWBCore21ShellScriptBuildPhase is implemented in both /Users/dschaefer2/swift/swiftpm/work/prebuiltsHost/swift-build/.build/arm64-apple-macosx/debug/SwiftBuildPackageTests.xctest/Contents/MacOS/SwiftBuildPackageTests (0x11a85ac70) and /Users/dschaefer2/swift/swiftpm/work/prebuiltsHost/swift-build/.build/arm64-apple-macosx/debug/SWBBuildServiceBundle (0x12b2f1ae8). This may cause spurious casting failures and mysterious crashes. One of the duplicates must be removed or renamed.
objc[61689]: Class _TtC7SWBCore13RezBuildPhase is implemented in both /Users/dschaefer2/swift/swiftpm/work/prebuiltsHost/swift-build/.build/arm64-apple-macosx/debug/SwiftBuildPackageTests.xctest/Contents/MacOS/SwiftBuildPackageTests (0x11a85adb0) and /Users/dschaefer2/swift/swiftpm/work/prebuiltsHost/swift-build/.build/arm64-apple-macosx/debug/SWBBuildServiceBundle (0x12b2f1c28). This may cause spurious casting failures and mysterious crashes. One of the duplicates must be removed or renamed.
objc[61689]: Class _TtC7SWBCore21AppleScriptBuildPhase is implemented in both /Users/dschaefer2/swift/swiftpm/work/prebuiltsHost/swift-build/.build/arm64-apple-macosx/debug/SwiftBuildPackageTests.xctest/Contents/MacOS/SwiftBuildPackageTests (0x11a85ae98) and /Users/dschaefer2/swift/swiftpm/work/prebuiltsHost/swift-build/.build/arm64-apple-macosx/debug/SWBBuildServiceBundle (0x12b2f1d10). This may cause spurious casting failures and mysterious crashes. One of the duplicates must be removed or renamed.
objc[61689]: Class _TtC7SWBCore21JavaArchiveBuildPhase is implemented in both /Users/dschaefer2/swift/swiftpm/work/prebuiltsHost/swift-build/.build/arm64-apple-macosx/debug/SwiftBuildPackageTests.xctest/Contents/MacOS/SwiftBuildPackageTests (0x11a85af80) and /Users/dschaefer2/swift/swiftpm/work/prebuiltsHost/swift-build/.build/arm64-apple-macosx/debug/SWBBuildServiceBundle (0x12b2f1df8). This may cause spurious casting failures and mysterious crashes. One of the duplicates must be removed or renamed.
objc[61689]: Class _TtC7SWBCore12BuildRequest is implemented in both /Users/dschaefer2/swift/swiftpm/work/prebuiltsHost/swift-build/.build/arm64-apple-macosx/debug/SwiftBuildPackageTests.xctest/Contents/MacOS/SwiftBuildPackageTests (0x11a85b0e8) and /Users/dschaefer2/swift/swiftpm/work/prebuiltsHost/swift-build/.build/arm64-apple-macosx/debug/SWBBuildServiceBundle (0x12b2f1f60). This may cause spurious casting failures and mysterious crashes. One of the duplicates must be removed or renamed.
objc[61689]: Class _TtC7SWBCore19BuildRequestContext is implemented in both /Users/dschaefer2/swift/swiftpm/work/prebuiltsHost/swift-build/.build/arm64-apple-macosx/debug/SwiftBuildPackageTests.xctest/Contents/MacOS/SwiftBuildPackageTests (0x11a85b298) and /Users/dschaefer2/swift/swiftpm/work/prebuiltsHost/swift-build/.build/arm64-apple-macosx/debug/SWBBuildServiceBundle (0x12b2f2110). This may cause spurious casting failures and mysterious crashes. One of the duplicates must be removed or renamed.
objc[61689]: Class _TtC7SWBCore9BuildRule is implemented in both /Users/dschaefer2/swift/swiftpm/work/prebuiltsHost/swift-build/.build/arm64-apple-macosx/debug/SwiftBuildPackageTests.xctest/Contents/MacOS/SwiftBuildPackageTests (0x11a85b388) and /Users/dschaefer2/swift/swiftpm/work/prebuiltsHost/swift-build/.build/arm64-apple-macosx/debug/SWBBuildServiceBundle (0x12b2f2200). This may cause spurious casting failures and mysterious crashes. One of the duplicates must be removed or renamed.
objc[61689]: Class _TtC7SWBCore19BuildRuleTaskAction is implemented in both /Users/dschaefer2/swift/swiftpm/work/prebuiltsHost/swift-build/.build/arm64-apple-macosx/debug/SwiftBuildPackageTests.xctest/Contents/MacOS/SwiftBuildPackageTests (0x11a85b460) and /Users/dschaefer2/swift/swiftpm/work/prebuiltsHost/swift-build/.build/arm64-apple-macosx/debug/SWBBuildServiceBundle (0x12b2f22d8). This may cause spurious casting failures and mysterious crashes. One of the duplicates must be removed or renamed.
objc[61689]: Class _TtC7SWBCore21BuildRuleScriptAction is implemented in both /Users/dschaefer2/swift/swiftpm/work/prebuiltsHost/swift-build/.build/arm64-apple-macosx/debug/SwiftBuildPackageTests.xctest/Contents/MacOS/SwiftBuildPackageTests (0x11a85b500) and /Users/dschaefer2/swift/swiftpm/work/prebuiltsHost/swift-build/.build/arm64-apple-macosx/debug/SWBBuildServiceBundle (0x12b2f2378). This may cause spurious casting failures and mysterious crashes. One of the duplicates must be removed or renamed.
objc[61689]: Class _TtC7SWBCore26BuildRuleFileTypeCondition is implemented in both /Users/dschaefer2/swift/swiftpm/work/prebuiltsHost/swift-build/.build/arm64-apple-macosx/debug/SwiftBuildPackageTests.xctest/Contents/MacOS/SwiftBuildPackageTests (0x11a85b650) and /Users/dschaefer2/swift/swiftpm/work/prebuiltsHost/swift-build/.build/arm64-apple-macosx/debug/SWBBuildServiceBundle (0x12b2f24c8). This may cause spurious casting failures and mysterious crashes. One of the duplicates must be removed or renamed.
objc[61689]: Class _TtC7SWBCore26BuildRuleFileNameCondition is implemented in both /Users/dschaefer2/swift/swiftpm/work/prebuiltsHost/swift-build/.build/arm64-apple-macosx/debug/SwiftBuildPackageTests.xctest/Contents/MacOS/SwiftBuildPackageTests (0x11a85b6f0) and /Users/dschaefer2/swift/swiftpm/work/prebuiltsHost/swift-build/.build/arm64-apple-macosx/debug/SWBBuildServiceBundle (0x12b2f2568). This may cause spurious casting failures and mysterious crashes. One of the duplicates must be removed or renamed.
objc[61689]: Class _TtC7SWBCore19LeveledBuildRuleSet is implemented in both /Users/dschaefer2/swift/swiftpm/work/prebuiltsHost/swift-build/.build/arm64-apple-macosx/debug/SwiftBuildPackageTests.xctest/Contents/MacOS/SwiftBuildPackageTests (0x11a85b890) and /Users/dschaefer2/swift/swiftpm/work/prebuiltsHost/swift-build/.build/arm64-apple-macosx/debug/SWBBuildServiceBundle (0x12b2f2710). This may cause spurious casting failures and mysterious crashes. One of the duplicates must be removed or renamed.
objc[61689]: Class _TtC7SWBCore17BasicBuildRuleSet is implemented in both /Users/dschaefer2/swift/swiftpm/work/prebuiltsHost/swift-build/.build/arm64-apple-macosx/debug/SwiftBuildPackageTests.xctest/Contents/MacOS/SwiftBuildPackageTests (0x11a85b930) and /Users/dschaefer2/swift/swiftpm/work/prebuiltsHost/swift-build/.build/arm64-apple-macosx/debug/SWBBuildServiceBundle (0x12b2f27b0). This may cause spurious casting failures and mysterious crashes. One of the duplicates must be removed or renamed.
objc[61689]: Class _TtC7SWBCore26DisambiguatingBuildRuleSet is implemented in both /Users/dschaefer2/swift/swiftpm/work/prebuiltsHost/swift-build/.build/arm64-apple-macosx/debug/SwiftBuildPackageTests.xctest/Contents/MacOS/SwiftBuildPackageTests (0x11a85b9d0) and /Users/dschaefer2/swift/swiftpm/work/prebuiltsHost/swift-build/.build/arm64-apple-macosx/debug/SWBBuildServiceBundle (0x12b2f2850). This may cause spurious casting failures and mysterious crashes. One of the duplicates must be removed or renamed.
objc[61689]: Class _TtC7SWBCore13BuiltinMacros is implemented in both /Users/dschaefer2/swift/swiftpm/work/prebuiltsHost/swift-build/.build/arm64-apple-macosx/debug/SwiftBuildPackageTests.xctest/Contents/MacOS/SwiftBuildPackageTests (0x11a85bb90) and /Users/dschaefer2/swift/swiftpm/work/prebuiltsHost/swift-build/.build/arm64-apple-macosx/debug/SWBBuildServiceBundle (0x12b2f2a10). This may cause spurious casting failures and mysterious crashes. One of the duplicates must be removed or renamed.
objc[61689]: Class _TtC7SWBCore21AbstractCCompilerSpec is implemented in both /Users/dschaefer2/swift/swiftpm/work/prebuiltsHost/swift-build/.build/arm64-apple-macosx/debug/SwiftBuildPackageTests.xctest/Contents/MacOS/SwiftBuildPackageTests (0x11a85bed0) and /Users/dschaefer2/swift/swiftpm/work/prebuiltsHost/swift-build/.build/arm64-apple-macosx/debug/SWBBuildServiceBundle (0x12b2f2d50). This may cause spurious casting failures and mysterious crashes. One of the duplicates must be removed or renamed.
objc[61689]: Class _TtC7SWBCore17ClangOutputParser is implemented in both /Users/dschaefer2/swift/swiftpm/work/prebuiltsHost/swift-build/.build/arm64-apple-macosx/debug/SwiftBuildPackageTests.xctest/Contents/MacOS/SwiftBuildPackageTests (0x11a85c270) and /Users/dschaefer2/swift/swiftpm/work/prebuiltsHost/swift-build/.build/arm64-apple-macosx/debug/SWBBuildServiceBundle (0x12b2f30f0). This may cause spurious casting failures and mysterious crashes. One of the duplicates must be removed or renamed.
objc[61689]: Class _TtC7SWBCore17ClangCompilerSpec is implemented in both /Users/dschaefer2/swift/swiftpm/work/prebuiltsHost/swift-build/.build/arm64-apple-macosx/debug/SwiftBuildPackageTests.xctest/Contents/MacOS/SwiftBuildPackageTests (0x11a85c330) and /Users/dschaefer2/swift/swiftpm/work/prebuiltsHost/swift-build/.build/arm64-apple-macosx/debug/SWBBuildServiceBundle (0x12b2f31b0). This may cause spurious casting failures and mysterious crashes. One of the duplicates must be removed or renamed.
objc[61689]: Class _TtCC7SWBCore17ClangCompilerSpecP33_05937FA4D39D8269B88EE2859B0F92549DataCache is implemented in both /Users/dschaefer2/swift/swiftpm/work/prebuiltsHost/swift-build/.build/arm64-apple-macosx/debug/SwiftBuildPackageTests.xctest/Contents/MacOS/SwiftBuildPackageTests (0x11a85c788) and /Users/dschaefer2/swift/swiftpm/work/prebuiltsHost/swift-build/.build/arm64-apple-macosx/debug/SWBBuildServiceBundle (0x12b2f3608). This may cause spurious casting failures and mysterious crashes. One of the duplicates must be removed or renamed.
objc[61689]: Class _TtC7SWBCore23ClangStaticAnalyzerSpec is implemented in both /Users/dschaefer2/swift/swiftpm/work/prebuiltsHost/swift-build/.build/arm64-apple-macosx/debug/SwiftBuildPackageTests.xctest/Contents/MacOS/SwiftBuildPackageTests (0x11a85c828) and /Users/dschaefer2/swift/swiftpm/work/prebuiltsHost/swift-build/.build/arm64-apple-macosx/debug/SWBBuildServiceBundle (0x12b2f36a8). This may cause spurious casting failures and mysterious crashes. One of the duplicates must be removed or renamed.
objc[61689]: Class _TtC7SWBCore21ClangPreprocessorSpec is implemented in both /Users/dschaefer2/swift/swiftpm/work/prebuiltsHost/swift-build/.build/arm64-apple-macosx/debug/SwiftBuildPackageTests.xctest/Contents/MacOS/SwiftBuildPackageTests (0x11a85cc80) and /Users/dschaefer2/swift/swiftpm/work/prebuiltsHost/swift-build/.build/arm64-apple-macosx/debug/SWBBuildServiceBundle (0x12b2f3b00). This may cause spurious casting failures and mysterious crashes. One of the duplicates must be removed or renamed.
objc[61689]: Class _TtC7SWBCore18ClangAssemblerSpec is implemented in both /Users/dschaefer2/swift/swiftpm/work/prebuiltsHost/swift-build/.build/arm64-apple-macosx/debug/SwiftBuildPackageTests.xctest/Contents/MacOS/SwiftBuildPackageTests (0x11a85d0d8) and /Users/dschaefer2/swift/swiftpm/work/prebuiltsHost/swift-build/.build/arm64-apple-macosx/debug/SWBBuildServiceBundle (0x12b2f3f58). This may cause spurious casting failures and mysterious crashes. One of the duplicates must be removed or renamed.
objc[61689]: Class _TtC7SWBCore23ClangModuleVerifierSpec is implemented in both /Users/dschaefer2/swift/swiftpm/work/prebuiltsHost/swift-build/.build/arm64-apple-macosx/debug/SwiftBuildPackageTests.xctest/Contents/MacOS/SwiftBuildPackageTests (0x11a85d530) and /Users/dschaefer2/swift/swiftpm/work/prebuiltsHost/swift-build/.build/arm64-apple-macosx/debug/SWBBuildServiceBundle (0x12b2f43b0). This may cause spurious casting failures and mysterious crashes. One of the duplicates must be removed or renamed.
objc[61689]: Class _TtC7SWBCore12CStringArray is implemented in both /Users/dschaefer2/swift/swiftpm/work/prebuiltsHost/swift-build/.build/arm64-apple-macosx/debug/SwiftBuildPackageTests.xctest/Contents/MacOS/SwiftBuildPackageTests (0x11a85d9b8) and /Users/dschaefer2/swift/swiftpm/work/prebuiltsHost/swift-build/.build/arm64-apple-macosx/debug/SWBBuildServiceBundle (0x12b2f4838). This may cause spurious casting failures and mysterious crashes. One of the duplicates must be removed or renamed.
objc[61689]: Class _TtC7SWBCore37ClangModuleVerifierInputGeneratorSpec is implemented in both /Users/dschaefer2/swift/swiftpm/work/prebuiltsHost/swift-build/.build/arm64-apple-macosx/debug/SwiftBuildPackageTests.xctest/Contents/MacOS/SwiftBuildPackageTests (0x11a85da58) and /Users/dschaefer2/swift/swiftpm/work/prebuiltsHost/swift-build/.build/arm64-apple-macosx/debug/SWBBuildServiceBundle (0x12b2f48d8). This may cause spurious casting failures and mysterious crashes. One of the duplicates must be removed or renamed.
objc[61689]: Class _TtC7SWBCore31ClangModuleVerifierOutputParser is implemented in both /Users/dschaefer2/swift/swiftpm/work/prebuiltsHost/swift-build/.build/arm64-apple-macosx/debug/SwiftBuildPackageTests.xctest/Contents/MacOS/SwiftBuildPackageTests (0x11a85de18) and /Users/dschaefer2/swift/swiftpm/work/prebuiltsHost/swift-build/.build/arm64-apple-macosx/debug/SWBBuildServiceBundle (0x12b2f4c98). This may cause spurious casting failures and mysterious crashes. One of the duplicates must be removed or renamed.
objc[61689]: Class _TtC7SWBCore18ClangStatCacheSpec is implemented in both /Users/dschaefer2/swift/swiftpm/work/prebuiltsHost/swift-build/.build/arm64-apple-macosx/debug/SwiftBuildPackageTests.xctest/Contents/MacOS/SwiftBuildPackageTests (0x11a85df60) and /Users/dschaefer2/swift/swiftpm/work/prebuiltsHost/swift-build/.build/arm64-apple-macosx/debug/SWBBuildServiceBundle (0x12b2f4de0). This may cause spurious casting failures and mysterious crashes. One of the duplicates must be removed or renamed.
objc[61689]: Class _TtC7SWBCore16CodesignToolSpec is implemented in both /Users/dschaefer2/swift/swiftpm/work/prebuiltsHost/swift-build/.build/arm64-apple-macosx/debug/SwiftBuildPackageTests.xctest/Contents/MacOS/SwiftBuildPackageTests (0x11a85e400) and /Users/dschaefer2/swift/swiftpm/work/prebuiltsHost/swift-build/.build/arm64-apple-macosx/debug/SWBBuildServiceBundle (0x12b2f5298). This may cause spurious casting failures and mysterious crashes. One of the duplicates must be removed or renamed.
objc[61689]: Class _TtC7SWBCore29AllInputFilesGroupingStrategy is implemented in both /Users/dschaefer2/swift/swiftpm/work/prebuiltsHost/swift-build/.build/arm64-apple-macosx/debug/SwiftBuildPackageTests.xctest/Contents/MacOS/SwiftBuildPackageTests (0x11a85e998) and /Users/dschaefer2/swift/swiftpm/work/prebuiltsHost/swift-build/.build/arm64-apple-macosx/debug/SWBBuildServiceBundle (0x12b2f5840). This may cause spurious casting failures and mysterious crashes. One of the duplicates must be removed or renamed.
objc[61689]: Class _TtC7SWBCore39CommonFileBaseInputFileGroupingStrategy is implemented in both /Users/dschaefer2/swift/swiftpm/work/prebuiltsHost/swift-build/.build/arm64-apple-macosx/debug/SwiftBuildPackageTests.xctest/Contents/MacOS/SwiftBuildPackageTests (0x11a85ea38) and /Users/dschaefer2/swift/swiftpm/work/prebuiltsHost/swift-build/.build/arm64-apple-macosx/debug/SWBBuildServiceBundle (0x12b2f58e0). This may cause spurious casting failures and mysterious crashes. One of the duplicates must be removed or renamed.
objc[61689]: Class _TtC7SWBCore38DiscoveredCommandLineToolSpecInfoCache is implemented in both /Users/dschaefer2/swift/swiftpm/work/prebuiltsHost/swift-build/.build/arm64-apple-macosx/debug/SwiftBuildPackageTests.xctest/Contents/MacOS/SwiftBuildPackageTests (0x11a85ead8) and /Users/dschaefer2/swift/swiftpm/work/prebuiltsHost/swift-build/.build/arm64-apple-macosx/debug/SWBBuildServiceBundle (0x12b2f5980). This may cause spurious casting failures and mysterious crashes. One of the duplicates must be removed or renamed.
objc[61689]: Class _TtC7SWBCore19CommandLineToolSpec is implemented in both /Users/dschaefer2/swift/swiftpm/work/prebuiltsHost/swift-build/.build/arm64-apple-macosx/debug/SwiftBuildPackageTests.xctest/Contents/MacOS/SwiftBuildPackageTests (0x11a85ec08) and /Users/dschaefer2/swift/swiftpm/work/prebuiltsHost/swift-build/.build/arm64-apple-macosx/debug/SWBBuildServiceBundle (0x12b2f5ab0). This may cause spurious casting failures and mysterious crashes. One of the duplicates must be removed or renamed.
objc[61689]: Class _TtC7SWBCore26GenericCommandLineToolSpec is implemented in both /Users/dschaefer2/swift/swiftpm/work/prebuiltsHost/swift-build/.build/arm64-apple-macosx/debug/SwiftBuildPackageTests.xctest/Contents/MacOS/SwiftBuildPackageTests (0x11a85efa8) and /Users/dschaefer2/swift/swiftpm/work/prebuiltsHost/swift-build/.build/arm64-apple-macosx/debug/SWBBuildServiceBundle (0x12b2f5e50). This may cause spurious casting failures and mysterious crashes. One of the duplicates must be removed or renamed.
objc[61689]: Class _TtC7SWBCore19GenericOutputParser is implemented in both /Users/dschaefer2/swift/swiftpm/work/prebuiltsHost/swift-build/.build/arm64-apple-macosx/debug/SwiftBuildPackageTests.xctest/Contents/MacOS/SwiftBuildPackageTests (0x11a85f340) and /Users/dschaefer2/swift/swiftpm/work/prebuiltsHost/swift-build/.build/arm64-apple-macosx/debug/SWBBuildServiceBundle (0x12b2f61e8). This may cause spurious casting failures and mysterious crashes. One of the duplicates must be removed or renamed.
objc[61689]: Class _TtC7SWBCore23ShellScriptOutputParser is implemented in both /Users/dschaefer2/swift/swiftpm/work/prebuiltsHost/swift-build/.build/arm64-apple-macosx/debug/SwiftBuildPackageTests.xctest/Contents/MacOS/SwiftBuildPackageTests (0x11a85f498) and /Users/dschaefer2/swift/swiftpm/work/prebuiltsHost/swift-build/.build/arm64-apple-macosx/debug/SWBBuildServiceBundle (0x12b2f6340). This may cause spurious casting failures and mysterious crashes. One of the duplicates must be removed or renamed.
objc[61689]: Class _TtC7SWBCore33SerializedDiagnosticsOutputParser is implemented in both /Users/dschaefer2/swift/swiftpm/work/prebuiltsHost/swift-build/.build/arm64-apple-macosx/debug/SwiftBuildPackageTests.xctest/Contents/MacOS/SwiftBuildPackageTests (0x11a85f5f0) and /Users/dschaefer2/swift/swiftpm/work/prebuiltsHost/swift-build/.build/arm64-apple-macosx/debug/SWBBuildServiceBundle (0x12b2f6498). This may cause spurious casting failures and mysterious crashes. One of the duplicates must be removed or renamed.
objc[61689]: Class _TtC7SWBCore12CompilerSpec is implemented in both /Users/dschaefer2/swift/swiftpm/work/prebuiltsHost/swift-build/.build/arm64-apple-macosx/debug/SwiftBuildPackageTests.xctest/Contents/MacOS/SwiftBuildPackageTests (0x11a85f718) and /Users/dschaefer2/swift/swiftpm/work/prebuiltsHost/swift-build/.build/arm64-apple-macosx/debug/SWBBuildServiceBundle (0x12b2f65d8). This may cause spurious casting failures and mysterious crashes. One of the duplicates must be removed or renamed.
objc[61689]: Class _TtC7SWBCore19GenericCompilerSpec is implemented in both /Users/dschaefer2/swift/swiftpm/work/prebuiltsHost/swift-build/.build/arm64-apple-macosx/debug/SwiftBuildPackageTests.xctest/Contents/MacOS/SwiftBuildPackageTests (0x11a85fab8) and /Users/dschaefer2/swift/swiftpm/work/prebuiltsHost/swift-build/.build/arm64-apple-macosx/debug/SWBBuildServiceBundle (0x12b2f6978). This may cause spurious casting failures and mysterious crashes. One of the duplicates must be removed or renamed.
objc[61689]: Class _TtC7SWBCore19ConcatenateToolSpec is implemented in both /Users/dschaefer2/swift/swiftpm/work/prebuiltsHost/swift-build/.build/arm64-apple-macosx/debug/SwiftBuildPackageTests.xctest/Contents/MacOS/SwiftBuildPackageTests (0x11a85fe58) and /Users/dschaefer2/swift/swiftpm/work/prebuiltsHost/swift-build/.build/arm64-apple-macosx/debug/SWBBuildServiceBundle (0x12b2f6d18). This may cause spurious casting failures and mysterious crashes. One of the duplicates must be removed or renamed.
objc[61689]: Class _TtC7SWBCore16ConfiguredTarget is implemented in both /Users/dschaefer2/swift/swiftpm/work/prebuiltsHost/swift-build/.build/arm64-apple-macosx/debug/SwiftBuildPackageTests.xctest/Contents/MacOS/SwiftBuildPackageTests (0x11a860240) and /Users/dschaefer2/swift/swiftpm/work/prebuiltsHost/swift-build/.build/arm64-apple-macosx/debug/SWBBuildServiceBundle (0x12b2f7108). This may cause spurious casting failures and mysterious crashes. One of the duplicates must be removed or renamed.
objc[61689]: Class _TtC7SWBCore37ConstructStubExecutorFileListToolSpec is implemented in both /Users/dschaefer2/swift/swiftpm/work/prebuiltsHost/swift-build/.build/arm64-apple-macosx/debug/SwiftBuildPackageTests.xctest/Contents/MacOS/SwiftBuildPackageTests (0x11a860300) and /Users/dschaefer2/swift/swiftpm/work/prebuiltsHost/swift-build/.build/arm64-apple-macosx/debug/SWBBuildServiceBundle (0x12b2f71c8). This may cause spurious casting failures and mysterious crashes. One of the duplicates must be removed or renamed.
objc[61689]: Class _TtC7SWBCore12CopyToolSpec is implemented in both /Users/dschaefer2/swift/swiftpm/work/prebuiltsHost/swift-build/.build/arm64-apple-macosx/debug/SwiftBuildPackageTests.xctest/Contents/MacOS/SwiftBuildPackageTests (0x11a8606e0) and /Users/dschaefer2/swift/swiftpm/work/prebuiltsHost/swift-build/.build/arm64-apple-macosx/debug/SWBBuildServiceBundle (0x12b2f75a8). This may cause spurious casting failures and mysterious crashes. One of the duplicates must be removed or renamed.
objc[61689]: Class _TtC7SWBCore4Core is implemented in both /Users/dschaefer2/swift/swiftpm/work/prebuiltsHost/swift-build/.build/arm64-apple-macosx/debug/SwiftBuildPackageTests.xctest/Contents/MacOS/SwiftBuildPackageTests (0x11a860c58) and /Users/dschaefer2/swift/swiftpm/work/prebuiltsHost/swift-build/.build/arm64-apple-macosx/debug/SWBBuildServiceBundle (0x12b2f7b28). This may cause spurious casting failures and mysterious crashes. One of the duplicates must be removed or renamed.
objc[61689]: Class _TtC7SWBCore31CreateAssetPackManifestToolSpec is implemented in both /Users/dschaefer2/swift/swiftpm/work/prebuiltsHost/swift-build/.build/arm64-apple-macosx/debug/SwiftBuildPackageTests.xctest/Contents/MacOS/SwiftBuildPackageTests (0x11a860ee0) and /Users/dschaefer2/swift/swiftpm/work/prebuiltsHost/swift-build/.build/arm64-apple-macosx/debug/SWBBuildServiceBundle (0x12b2f7dc8). This may cause spurious casting failures and mysterious crashes. One of the duplicates must be removed or renamed.
objc[61689]: Class _TtC7SWBCore24CreateBuildDirectorySpec is implemented in both /Users/dschaefer2/swift/swiftpm/work/prebuiltsHost/swift-build/.build/arm64-apple-macosx/debug/SwiftBuildPackageTests.xctest/Contents/MacOS/SwiftBuildPackageTests (0x11a861278) and /Users/dschaefer2/swift/swiftpm/work/prebuiltsHost/swift-build/.build/arm64-apple-macosx/debug/SWBBuildServiceBundle (0x12b2f8160). This may cause spurious casting failures and mysterious crashes. One of the duplicates must be removed or renamed.
objc[61689]: Class _TtC7SWBCore25CustomTaskTypeDescription is implemented in both /Users/dschaefer2/swift/swiftpm/work/prebuiltsHost/swift-build/.build/arm64-apple-macosx/debug/SwiftBuildPackageTests.xctest/Contents/MacOS/SwiftBuildPackageTests (0x11a861618) and /Users/dschaefer2/swift/swiftpm/work/prebuiltsHost/swift-build/.build/arm64-apple-macosx/debug/SWBBuildServiceBundle (0x12b2f8500). This may cause spurious casting failures and mysterious crashes. One of the duplicates must be removed or renamed.
objc[61689]: Class _TtC7SWBCore18DependencyResolver is implemented in both /Users/dschaefer2/swift/swiftpm/work/prebuiltsHost/swift-build/.build/arm64-apple-macosx/debug/SwiftBuildPackageTests.xctest/Contents/MacOS/SwiftBuildPackageTests (0x11a861870) and /Users/dschaefer2/swift/swiftpm/work/prebuiltsHost/swift-build/.build/arm64-apple-macosx/debug/SWBBuildServiceBundle (0x12b2f8778). This may cause spurious casting failures and mysterious crashes. One of the duplicates must be removed or renamed.
objc[61689]: Class _TtC7SWBCore25DocumentationCompilerSpec is implemented in both /Users/dschaefer2/swift/swiftpm/work/prebuiltsHost/swift-build/.build/arm64-apple-macosx/debug/SwiftBuildPackageTests.xctest/Contents/MacOS/SwiftBuildPackageTests (0x11a861b80) and /Users/dschaefer2/swift/swiftpm/work/prebuiltsHost/swift-build/.build/arm64-apple-macosx/debug/SWBBuildServiceBundle (0x12b2f8ac0). This may cause spurious casting failures and mysterious crashes. One of the duplicates must be removed or renamed.
objc[61689]: Class _TtC7SWBCore36DocumentationDiagnosticsOutputParser is implemented in both /Users/dschaefer2/swift/swiftpm/work/prebuiltsHost/swift-build/.build/arm64-apple-macosx/debug/SwiftBuildPackageTests.xctest/Contents/MacOS/SwiftBuildPackageTests (0x11a861f28) and /Users/dschaefer2/swift/swiftpm/work/prebuiltsHost/swift-build/.build/arm64-apple-macosx/debug/SWBBuildServiceBundle (0x12b2f8e68). This may cause spurious casting failures and mysterious crashes. One of the duplicates must be removed or renamed.
objc[61689]: Class _TtC7SWBCore16DsymutilToolSpec is implemented in both /Users/dschaefer2/swift/swiftpm/work/prebuiltsHost/swift-build/.build/arm64-apple-macosx/debug/SwiftBuildPackageTests.xctest/Contents/MacOS/SwiftBuildPackageTests (0x11a8621c8) and /Users/dschaefer2/swift/swiftpm/work/prebuiltsHost/swift-build/.build/arm64-apple-macosx/debug/SWBBuildServiceBundle (0x12b2f9108). This may cause spurious casting failures and mysterious crashes. One of the duplicates must be removed or renamed.
objc[61689]: Class _TtC7SWBCore16FilePathResolver is implemented in both /Users/dschaefer2/swift/swiftpm/work/prebuiltsHost/swift-build/.build/arm64-apple-macosx/debug/SwiftBuildPackageTests.xctest/Contents/MacOS/SwiftBuildPackageTests (0x11a8625f8) and /Users/dschaefer2/swift/swiftpm/work/prebuiltsHost/swift-build/.build/arm64-apple-macosx/debug/SWBBuildServiceBundle (0x12b2f9538). This may cause spurious casting failures and mysterious crashes. One of the duplicates must be removed or renamed.
objc[61689]: Class _TtC7SWBCore16FileToBuildGroup is implemented in both /Users/dschaefer2/swift/swiftpm/work/prebuiltsHost/swift-build/.build/arm64-apple-macosx/debug/SwiftBuildPackageTests.xctest/Contents/MacOS/SwiftBuildPackageTests (0x11a862788) and /Users/dschaefer2/swift/swiftpm/work/prebuiltsHost/swift-build/.build/arm64-apple-macosx/debug/SWBBuildServiceBundle (0x12b2f96c8). This may cause spurious casting failures and mysterious crashes. One of the duplicates must be removed or renamed.
objc[61689]: Class _TtC7SWBCore30ApplicationWrapperFileTypeSpec is implemented in both /Users/dschaefer2/swift/swiftpm/work/prebuiltsHost/swift-build/.build/arm64-apple-macosx/debug/SwiftBuildPackageTests.xctest/Contents/MacOS/SwiftBuildPackageTests (0x11a862838) and /Users/dschaefer2/swift/swiftpm/work/prebuiltsHost/swift-build/.build/arm64-apple-macosx/debug/SWBBuildServiceBundle (0x12b2f9778). This may cause spurious casting failures and mysterious crashes. One of the duplicates must be removed or renamed.
objc[61689]: Class _TtC7SWBCore27CFBundleWrapperFileTypeSpec is implemented in both /Users/dschaefer2/swift/swiftpm/work/prebuiltsHost/swift-build/.build/arm64-apple-macosx/debug/SwiftBuildPackageTests.xctest/Contents/MacOS/SwiftBuildPackageTests (0x11a862998) and /Users/dschaefer2/swift/swiftpm/work/prebuiltsHost/swift-build/.build/arm64-apple-macosx/debug/SWBBuildServiceBundle (0x12b2f98d8). This may cause spurious casting failures and mysterious crashes. One of the duplicates must be removed or renamed.
objc[61689]: Class _TtC7SWBCore28FrameworkWrapperFileTypeSpec is implemented in both /Users/dschaefer2/swift/swiftpm/work/prebuiltsHost/swift-build/.build/arm64-apple-macosx/debug/SwiftBuildPackageTests.xctest/Contents/MacOS/SwiftBuildPackageTests (0x11a862af8) and /Users/dschaefer2/swift/swiftpm/work/prebuiltsHost/swift-build/.build/arm64-apple-macosx/debug/SWBBuildServiceBundle (0x12b2f9a38). This may cause spurious casting failures and mysterious crashes. One of the duplicates must be removed or renamed.
objc[61689]: Class _TtC7SWBCore16HTMLFileTypeSpec is implemented in both /Users/dschaefer2/swift/swiftpm/work/prebuiltsHost/swift-build/.build/arm64-apple-macosx/debug/SwiftBuildPackageTests.xctest/Contents/MacOS/SwiftBuildPackageTests (0x11a862c58) and /Users/dschaefer2/swift/swiftpm/work/prebuiltsHost/swift-build/.build/arm64-apple-macosx/debug/SWBBuildServiceBundle (0x12b2f9b98). This may cause spurious casting failures and mysterious crashes. One of the duplicates must be removed or renamed.
objc[61689]: Class _TtC7SWBCore17MachOFileTypeSpec is implemented in both /Users/dschaefer2/swift/swiftpm/work/prebuiltsHost/swift-build/.build/arm64-apple-macosx/debug/SwiftBuildPackageTests.xctest/Contents/MacOS/SwiftBuildPackageTests (0x11a862db8) and /Users/dschaefer2/swift/swiftpm/work/prebuiltsHost/swift-build/.build/arm64-apple-macosx/debug/SWBBuildServiceBundle (0x12b2f9cf8). This may cause spurious casting failures and mysterious crashes. One of the duplicates must be removed or renamed.
objc[61689]: Class _TtC7SWBCore17PlistFileTypeSpec is implemented in both /Users/dschaefer2/swift/swiftpm/work/prebuiltsHost/swift-build/.build/arm64-apple-macosx/debug/SwiftBuildPackageTests.xctest/Contents/MacOS/SwiftBuildPackageTests (0x11a862f18) and /Users/dschaefer2/swift/swiftpm/work/prebuiltsHost/swift-build/.build/arm64-apple-macosx/debug/SWBBuildServiceBundle (0x12b2f9e58). This may cause spurious casting failures and mysterious crashes. One of the duplicates must be removed or renamed.
objc[61689]: Class _TtC7SWBCore34PlugInKitPluginWrapperFileTypeSpec is implemented in both /Users/dschaefer2/swift/swiftpm/work/prebuiltsHost/swift-build/.build/arm64-apple-macosx/debug/SwiftBuildPackageTests.xctest/Contents/MacOS/SwiftBuildPackageTests (0x11a863078) and /Users/dschaefer2/swift/swiftpm/work/prebuiltsHost/swift-build/.build/arm64-apple-macosx/debug/SWBBuildServiceBundle (0x12b2f9fb8). This may cause spurious casting failures and mysterious crashes. One of the duplicates must be removed or renamed.
objc[61689]: Class _TtC7SWBCore37SpotlightImporternWrapperFileTypeSpec is implemented in both /Users/dschaefer2/swift/swiftpm/work/prebuiltsHost/swift-build/.build/arm64-apple-macosx/debug/SwiftBuildPackageTests.xctest/Contents/MacOS/SwiftBuildPackageTests (0x11a8631d8) and /Users/dschaefer2/swift/swiftpm/work/prebuiltsHost/swift-build/.build/arm64-apple-macosx/debug/SWBBuildServiceBundle (0x12b2fa118). This may cause spurious casting failures and mysterious crashes. One of the duplicates must be removed or renamed.
objc[61689]: Class _TtC7SWBCore34StaticFrameworkWrapperFileTypeSpec is implemented in both /Users/dschaefer2/swift/swiftpm/work/prebuiltsHost/swift-build/.build/arm64-apple-macosx/debug/SwiftBuildPackageTests.xctest/Contents/MacOS/SwiftBuildPackageTests (0x11a863338) and /Users/dschaefer2/swift/swiftpm/work/prebuiltsHost/swift-build/.build/arm64-apple-macosx/debug/SWBBuildServiceBundle (0x12b2fa278). This may cause spurious casting failures and mysterious crashes. One of the duplicates must be removed or renamed.
objc[61689]: Class _TtC7SWBCore29XPCServiceWrapperFileTypeSpec is implemented in both /Users/dschaefer2/swift/swiftpm/work/prebuiltsHost/swift-build/.build/arm64-apple-macosx/debug/SwiftBuildPackageTests.xctest/Contents/MacOS/SwiftBuildPackageTests (0x11a863498) and /Users/dschaefer2/swift/swiftpm/work/prebuiltsHost/swift-build/.build/arm64-apple-macosx/debug/SWBBuildServiceBundle (0x12b2fa3d8). This may cause spurious casting failures and mysterious crashes. One of the duplicates must be removed or renamed.
objc[61689]: Class _TtC7SWBCore30XCFrameworkWrapperFileTypeSpec is implemented in both /Users/dschaefer2/swift/swiftpm/work/prebuiltsHost/swift-build/.build/arm64-apple-macosx/debug/SwiftBuildPackageTests.xctest/Contents/MacOS/SwiftBuildPackageTests (0x11a8635f8) and /Users/dschaefer2/swift/swiftpm/work/prebuiltsHost/swift-build/.build/arm64-apple-macosx/debug/SWBBuildServiceBundle (0x12b2fa538). This may cause spurious casting failures and mysterious crashes. One of the duplicates must be removed or renamed.
objc[61689]: Class _TtC7SWBCore17SearchPathBuilder is implemented in both /Users/dschaefer2/swift/swiftpm/work/prebuiltsHost/swift-build/.build/arm64-apple-macosx/debug/SwiftBuildPackageTests.xctest/Contents/MacOS/SwiftBuildPackageTests (0x11a863770) and /Users/dschaefer2/swift/swiftpm/work/prebuiltsHost/swift-build/.build/arm64-apple-macosx/debug/SWBBuildServiceBundle (0x12b2fa6b0). This may cause spurious casting failures and mysterious crashes. One of the duplicates must be removed or renamed.
objc[61689]: Class _TtC7SWBCore8GateSpec is implemented in both /Users/dschaefer2/swift/swiftpm/work/prebuiltsHost/swift-build/.build/arm64-apple-macosx/debug/SwiftBuildPackageTests.xctest/Contents/MacOS/SwiftBuildPackageTests (0x11a863840) and /Users/dschaefer2/swift/swiftpm/work/prebuiltsHost/swift-build/.build/arm64-apple-macosx/debug/SWBBuildServiceBundle (0x12b2fa780). This may cause spurious casting failures and mysterious crashes. One of the duplicates must be removed or renamed.
objc[61689]: Class _TtC7SWBCore33GenerateAppPlaygroundAssetCatalog is implemented in both /Users/dschaefer2/swift/swiftpm/work/prebuiltsHost/swift-build/.build/arm64-apple-macosx/debug/SwiftBuildPackageTests.xctest/Contents/MacOS/SwiftBuildPackageTests (0x11a863bd8) and /Users/dschaefer2/swift/swiftpm/work/prebuiltsHost/swift-build/.build/arm64-apple-macosx/debug/SWBBuildServiceBundle (0x12b2fab18). This may cause spurious casting failures and mysterious crashes. One of the duplicates must be removed or renamed.
objc[61689]: Class _TtC7SWBCore31GenerateEmbedInCodeAccessorSpec is implemented in both /Users/dschaefer2/swift/swiftpm/work/prebuiltsHost/swift-build/.build/arm64-apple-macosx/debug/SwiftBuildPackageTests.xctest/Contents/MacOS/SwiftBuildPackageTests (0x11a863f70) and /Users/dschaefer2/swift/swiftpm/work/prebuiltsHost/swift-build/.build/arm64-apple-macosx/debug/SWBBuildServiceBundle (0x12b2faeb0). This may cause spurious casting failures and mysterious crashes. One of the duplicates must be removed or renamed.
objc[61689]: Class _TtC7SWBCore23ImpartedBuildProperties is implemented in both /Users/dschaefer2/swift/swiftpm/work/prebuiltsHost/swift-build/.build/arm64-apple-macosx/debug/SwiftBuildPackageTests.xctest/Contents/MacOS/SwiftBuildPackageTests (0x11a864320) and /Users/dschaefer2/swift/swiftpm/work/prebuiltsHost/swift-build/.build/arm64-apple-macosx/debug/SWBBuildServiceBundle (0x12b2fb260). This may cause spurious casting failures and mysterious crashes. One of the duplicates must be removed or renamed.
objc[61689]: Class _TtC7SWBCore17InfoPlistToolSpec is implemented in both /Users/dschaefer2/swift/swiftpm/work/prebuiltsHost/swift-build/.build/arm64-apple-macosx/debug/SwiftBuildPackageTests.xctest/Contents/MacOS/SwiftBuildPackageTests (0x11a864408) and /Users/dschaefer2/swift/swiftpm/work/prebuiltsHost/swift-build/.build/arm64-apple-macosx/debug/SWBBuildServiceBundle (0x12b2fb348). This may cause spurious casting failures and mysterious crashes. One of the duplicates must be removed or renamed.
objc[61689]: Class _TtC7SWBCore30LaunchServicesRegisterToolSpec is implemented in both /Users/dschaefer2/swift/swiftpm/work/prebuiltsHost/swift-build/.build/arm64-apple-macosx/debug/SwiftBuildPackageTests.xctest/Contents/MacOS/SwiftBuildPackageTests (0x11a8647f0) and /Users/dschaefer2/swift/swiftpm/work/prebuiltsHost/swift-build/.build/arm64-apple-macosx/debug/SWBBuildServiceBundle (0x12b2fb730). This may cause spurious casting failures and mysterious crashes. One of the duplicates must be removed or renamed.
objc[61689]: Class _TtC7SWBCore26SwiftModuleDependencyGraph is implemented in both /Users/dschaefer2/swift/swiftpm/work/prebuiltsHost/swift-build/.build/arm64-apple-macosx/debug/SwiftBuildPackageTests.xctest/Contents/MacOS/SwiftBuildPackageTests (0x11a864e38) and /Users/dschaefer2/swift/swiftpm/work/prebuiltsHost/swift-build/.build/arm64-apple-macosx/debug/SWBBuildServiceBundle (0x12b2fbd78). This may cause spurious casting failures and mysterious crashes. One of the duplicates must be removed or renamed.
objc[61689]: Class _TtC7SWBCore8Executor is implemented in both /Users/dschaefer2/swift/swiftpm/work/prebuiltsHost/swift-build/.build/arm64-apple-macosx/debug/SwiftBuildPackageTests.xctest/Contents/MacOS/SwiftBuildPackageTests (0x11a864ef0) and /Users/dschaefer2/swift/swiftpm/work/prebuiltsHost/swift-build/.build/arm64-apple-macosx/debug/SWBBuildServiceBundle (0x12b2fbe30). This may cause spurious casting failures and mysterious crashes. One of the duplicates must be removed or renamed.
objc[61689]: Class _TtC7SWBCore14LibSwiftDriver is implemented in both /Users/dschaefer2/swift/swiftpm/work/prebuiltsHost/swift-build/.build/arm64-apple-macosx/debug/SwiftBuildPackageTests.xctest/Contents/MacOS/SwiftBuildPackageTests (0x11a865020) and /Users/dschaefer2/swift/swiftpm/work/prebuiltsHost/swift-build/.build/arm64-apple-macosx/debug/SWBBuildServiceBundle (0x12b2fbf60). This may cause spurious casting failures and mysterious crashes. One of the duplicates must be removed or renamed.
objc[61689]: Class _TtC7SWBCore22SwiftCachedCompilation is implemented in both /Users/dschaefer2/swift/swiftpm/work/prebuiltsHost/swift-build/.build/arm64-apple-macosx/debug/SwiftBuildPackageTests.xctest/Contents/MacOS/SwiftBuildPackageTests (0x11a865120) and /Users/dschaefer2/swift/swiftpm/work/prebuiltsHost/swift-build/.build/arm64-apple-macosx/debug/SWBBuildServiceBundle (0x12b2fc060). This may cause spurious casting failures and mysterious crashes. One of the duplicates must be removed or renamed.
objc[61689]: Class _TtC7SWBCore17SwiftCachedOutput is implemented in both /Users/dschaefer2/swift/swiftpm/work/prebuiltsHost/swift-build/.build/arm64-apple-macosx/debug/SwiftBuildPackageTests.xctest/Contents/MacOS/SwiftBuildPackageTests (0x11a8651c8) and /Users/dschaefer2/swift/swiftpm/work/prebuiltsHost/swift-build/.build/arm64-apple-macosx/debug/SWBBuildServiceBundle (0x12b2fc108). This may cause spurious casting failures and mysterious crashes. One of the duplicates must be removed or renamed.
objc[61689]: Class _TtC7SWBCore24SwiftCacheReplayInstance is implemented in both /Users/dschaefer2/swift/swiftpm/work/prebuiltsHost/swift-build/.build/arm64-apple-macosx/debug/SwiftBuildPackageTests.xctest/Contents/MacOS/SwiftBuildPackageTests (0x11a865278) and /Users/dschaefer2/swift/swiftpm/work/prebuiltsHost/swift-build/.build/arm64-apple-macosx/debug/SWBBuildServiceBundle (0x12b2fc1b8). This may cause spurious casting failures and mysterious crashes. One of the duplicates must be removed or renamed.
objc[61689]: Class _TtC7SWBCore22SwiftCacheReplayResult is implemented in both /Users/dschaefer2/swift/swiftpm/work/prebuiltsHost/swift-build/.build/arm64-apple-macosx/debug/SwiftBuildPackageTests.xctest/Contents/MacOS/SwiftBuildPackageTests (0x11a865318) and /Users/dschaefer2/swift/swiftpm/work/prebuiltsHost/swift-build/.build/arm64-apple-macosx/debug/SWBBuildServiceBundle (0x12b2fc258). This may cause spurious casting failures and mysterious crashes. One of the duplicates must be removed or renamed.
objc[61689]: Class _TtC7SWBCore17SwiftCASDatabases is implemented in both /Users/dschaefer2/swift/swiftpm/work/prebuiltsHost/swift-build/.build/arm64-apple-macosx/debug/SwiftBuildPackageTests.xctest/Contents/MacOS/SwiftBuildPackageTests (0x11a8653b8) and /Users/dschaefer2/swift/swiftpm/work/prebuiltsHost/swift-build/.build/arm64-apple-macosx/debug/SWBBuildServiceBundle (0x12b2fc2f8). This may cause spurious casting failures and mysterious crashes. One of the duplicates must be removed or renamed.
objc[61689]: Class _TtC7SWBCore8Libclang is implemented in both /Users/dschaefer2/swift/swiftpm/work/prebuiltsHost/swift-build/.build/arm64-apple-macosx/debug/SwiftBuildPackageTests.xctest/Contents/MacOS/SwiftBuildPackageTests (0x11a865558) and /Users/dschaefer2/swift/swiftpm/work/prebuiltsHost/swift-build/.build/arm64-apple-macosx/debug/SWBBuildServiceBundle (0x12b2fc498). This may cause spurious casting failures and mysterious crashes. One of the duplicates must be removed or renamed.
objc[61689]: Class _TtC7SWBCore17DependencyScanner is implemented in both /Users/dschaefer2/swift/swiftpm/work/prebuiltsHost/swift-build/.build/arm64-apple-macosx/debug/SwiftBuildPackageTests.xctest/Contents/MacOS/SwiftBuildPackageTests (0x11a8655f8) and /Users/dschaefer2/swift/swiftpm/work/prebuiltsHost/swift-build/.build/arm64-apple-macosx/debug/SWBBuildServiceBundle (0x12b2fc538). This may cause spurious casting failures and mysterious crashes. One of the duplicates must be removed or renamed.
objc[61689]: Class _TtC7SWBCore15ClangCASOptions is implemented in both /Users/dschaefer2/swift/swiftpm/work/prebuiltsHost/swift-build/.build/arm64-apple-macosx/debug/SwiftBuildPackageTests.xctest/Contents/MacOS/SwiftBuildPackageTests (0x11a8656a0) and /Users/dschaefer2/swift/swiftpm/work/prebuiltsHost/swift-build/.build/arm64-apple-macosx/debug/SWBBuildServiceBundle (0x12b2fc5e0). This may cause spurious casting failures and mysterious crashes. One of the duplicates must be removed or renamed.
objc[61689]: Class _TtC7SWBCore17ClangCASDatabases is implemented in both /Users/dschaefer2/swift/swiftpm/work/prebuiltsHost/swift-build/.build/arm64-apple-macosx/debug/SwiftBuildPackageTests.xctest/Contents/MacOS/SwiftBuildPackageTests (0x11a865748) and /Users/dschaefer2/swift/swiftpm/work/prebuiltsHost/swift-build/.build/arm64-apple-macosx/debug/SWBBuildServiceBundle (0x12b2fc688). This may cause spurious casting failures and mysterious crashes. One of the duplicates must be removed or renamed.
objc[61689]: Class _TtC7SWBCore14ClangCASObject is implemented in both /Users/dschaefer2/swift/swiftpm/work/prebuiltsHost/swift-build/.build/arm64-apple-macosx/debug/SwiftBuildPackageTests.xctest/Contents/MacOS/SwiftBuildPackageTests (0x11a8657f0) and /Users/dschaefer2/swift/swiftpm/work/prebuiltsHost/swift-build/.build/arm64-apple-macosx/debug/SWBBuildServiceBundle (0x12b2fc730). This may cause spurious casting failures and mysterious crashes. One of the duplicates must be removed or renamed.
objc[61689]: Class _TtC7SWBCore25ClangCASCachedCompilation is implemented in both /Users/dschaefer2/swift/swiftpm/work/prebuiltsHost/swift-build/.build/arm64-apple-macosx/debug/SwiftBuildPackageTests.xctest/Contents/MacOS/SwiftBuildPackageTests (0x11a865898) and /Users/dschaefer2/swift/swiftpm/work/prebuiltsHost/swift-build/.build/arm64-apple-macosx/debug/SWBBuildServiceBundle (0x12b2fc7d8). This may cause spurious casting failures and mysterious crashes. One of the duplicates must be removed or renamed.
objc[61689]: Class _TtC7SWBCore25LinkageDependencyResolver is implemented in both /Users/dschaefer2/swift/swiftpm/work/prebuiltsHost/swift-build/.build/arm64-apple-macosx/debug/SwiftBuildPackageTests.xctest/Contents/MacOS/SwiftBuildPackageTests (0x11a865a50) and /Users/dschaefer2/swift/swiftpm/work/prebuiltsHost/swift-build/.build/arm64-apple-macosx/debug/SWBBuildServiceBundle (0x12b2fc9a0). This may cause spurious casting failures and mysterious crashes. One of the duplicates must be removed or renamed.
objc[61689]: Class _TtCFC7SWBCore25LinkageDependencyResolver12dependenciesFZT3forCS_16ConfiguredTarget21immediateDependenciesGSaS1__17imposedParametersGSqVS_24SpecializationParameters_12implicitOnlySb8resolverYiCS_18DependencyResolver_GSaVS_24ResolvedTargetDependency_L_26ResolvedTargetDependencies is implemented in both /Users/dschaefer2/swift/swiftpm/work/prebuiltsHost/swift-build/.build/arm64-apple-macosx/debug/SwiftBuildPackageTests.xctest/Contents/MacOS/SwiftBuildPackageTests (0x11a865b98) and /Users/dschaefer2/swift/swiftpm/work/prebuiltsHost/swift-build/.build/arm64-apple-macosx/debug/SWBBuildServiceBundle (0x12b2fcae8). This may cause spurious casting failures and mysterious crashes. One of the duplicates must be removed or renamed.
objc[61689]: Class _TtC7SWBCore10LinkerSpec is implemented in both /Users/dschaefer2/swift/swiftpm/work/prebuiltsHost/swift-build/.build/arm64-apple-macosx/debug/SwiftBuildPackageTests.xctest/Contents/MacOS/SwiftBuildPackageTests (0x11a865c98) and /Users/dschaefer2/swift/swiftpm/work/prebuiltsHost/swift-build/.build/arm64-apple-macosx/debug/SWBBuildServiceBundle (0x12b2fcbe8). This may cause spurious casting failures and mysterious crashes. One of the duplicates must be removed or renamed.
objc[61689]: Class _TtC7SWBCore17GenericLinkerSpec is implemented in both /Users/dschaefer2/swift/swiftpm/work/prebuiltsHost/swift-build/.build/arm64-apple-macosx/debug/SwiftBuildPackageTests.xctest/Contents/MacOS/SwiftBuildPackageTests (0x11a866048) and /Users/dschaefer2/swift/swiftpm/work/prebuiltsHost/swift-build/.build/arm64-apple-macosx/debug/SWBBuildServiceBundle (0x12b2fcf98). This may cause spurious casting failures and mysterious crashes. One of the duplicates must be removed or renamed.
objc[61689]: Class _TtC7SWBCore20LdLinkerOutputParser is implemented in both /Users/dschaefer2/swift/swiftpm/work/prebuiltsHost/swift-build/.build/arm64-apple-macosx/debug/SwiftBuildPackageTests.xctest/Contents/MacOS/SwiftBuildPackageTests (0x11a866528) and /Users/dschaefer2/swift/swiftpm/work/prebuiltsHost/swift-build/.build/arm64-apple-macosx/debug/SWBBuildServiceBundle (0x12b2fd478). This may cause spurious casting failures and mysterious crashes. One of the duplicates must be removed or renamed.
objc[61689]: Class _TtC7SWBCore12LdLinkerSpec is implemented in both /Users/dschaefer2/swift/swiftpm/work/prebuiltsHost/swift-build/.build/arm64-apple-macosx/debug/SwiftBuildPackageTests.xctest/Contents/MacOS/SwiftBuildPackageTests (0x11a866698) and /Users/dschaefer2/swift/swiftpm/work/prebuiltsHost/swift-build/.build/arm64-apple-macosx/debug/SWBBuildServiceBundle (0x12b2fd5e8). This may cause spurious casting failures and mysterious crashes. One of the duplicates must be removed or renamed.
objc[61689]: Class _TtC7SWBCore17LibtoolLinkerSpec is implemented in both /Users/dschaefer2/swift/swiftpm/work/prebuiltsHost/swift-build/.build/arm64-apple-macosx/debug/SwiftBuildPackageTests.xctest/Contents/MacOS/SwiftBuildPackageTests (0x11a866a48) and /Users/dschaefer2/swift/swiftpm/work/prebuiltsHost/swift-build/.build/arm64-apple-macosx/debug/SWBBuildServiceBundle (0x12b2fd998). This may cause spurious casting failures and mysterious crashes. One of the duplicates must be removed or renamed.
objc[61689]: Class _TtC7SWBCore12LipoToolSpec is implemented in both /Users/dschaefer2/swift/swiftpm/work/prebuiltsHost/swift-build/.build/arm64-apple-macosx/debug/SwiftBuildPackageTests.xctest/Contents/MacOS/SwiftBuildPackageTests (0x11a866ec0) and /Users/dschaefer2/swift/swiftpm/work/prebuiltsHost/swift-build/.build/arm64-apple-macosx/debug/SWBBuildServiceBundle (0x12b2fde10). This may cause spurious casting failures and mysterious crashes. One of the duplicates must be removed or renamed.
objc[61689]: Class _TtC7SWBCore21MacroConfigFileLoader is implemented in both /Users/dschaefer2/swift/swiftpm/work/prebuiltsHost/swift-build/.build/arm64-apple-macosx/debug/SwiftBuildPackageTests.xctest/Contents/MacOS/SwiftBuildPackageTests (0x11a8672c0) and /Users/dschaefer2/swift/swiftpm/work/prebuiltsHost/swift-build/.build/arm64-apple-macosx/debug/SWBBuildServiceBundle (0x12b2fe210). This may cause spurious casting failures and mysterious crashes. One of the duplicates must be removed or renamed.
objc[61689]: Class _TtCC7SWBCore21MacroConfigFileLoaderP33_EC030D3CB0CF932DC9CB5A2550BF79E215AncestorInclude is implemented in both /Users/dschaefer2/swift/swiftpm/work/prebuiltsHost/swift-build/.build/arm64-apple-macosx/debug/SwiftBuildPackageTests.xctest/Contents/MacOS/SwiftBuildPackageTests (0x11a867368) and /Users/dschaefer2/swift/swiftpm/work/prebuiltsHost/swift-build/.build/arm64-apple-macosx/debug/SWBBuildServiceBundle (0x12b2fe2b8). This may cause spurious casting failures and mysterious crashes. One of the duplicates must be removed or renamed.
objc[61689]: Class _TtC7SWBCoreP33_EC030D3CB0CF932DC9CB5A2550BF79E228MacroValueAssignmentTableRef is implemented in both /Users/dschaefer2/swift/swiftpm/work/prebuiltsHost/swift-build/.build/arm64-apple-macosx/debug/SwiftBuildPackageTests.xctest/Contents/MacOS/SwiftBuildPackageTests (0x11a867420) and /Users/dschaefer2/swift/swiftpm/work/prebuiltsHost/swift-build/.build/arm64-apple-macosx/debug/SWBBuildServiceBundle (0x12b2fe370). This may cause spurious casting failures and mysterious crashes. One of the duplicates must be removed or renamed.
objc[61689]: Class _TtCFC7SWBCore21MacroConfigFileLoader22loadSettingsFromConfigFT4dataV7SWBUtil10ByteString4pathGSqVS1_4Path_9namespaceC8SWBMacro14MacroNamespace11searchPathsGSaS3__14filesSignatureFGSaS3__VS1_14FilesSignature_VS_15MacroConfigInfoL_17ConfigDiagnostics is implemented in both /Users/dschaefer2/swift/swiftpm/work/prebuiltsHost/swift-build/.build/arm64-apple-macosx/debug/SwiftBuildPackageTests.xctest/Contents/MacOS/SwiftBuildPackageTests (0x11a8674c0) and /Users/dschaefer2/swift/swiftpm/work/prebuiltsHost/swift-build/.build/arm64-apple-macosx/debug/SWBBuildServiceBundle (0x12b2fe410). This may cause spurious casting failures and mysterious crashes. One of the duplicates must be removed or renamed.
objc[61689]: Class _TtCFC7SWBCore21MacroConfigFileLoader22loadSettingsFromConfigFT4dataV7SWBUtil10ByteString4pathGSqVS1_4Path_9namespaceC8SWBMacro14MacroNamespace11searchPathsGSaS3__14filesSignatureFGSaS3__VS1_14FilesSignature_VS_15MacroConfigInfoL_20NestedConfigurations is implemented in both /Users/dschaefer2/swift/swiftpm/work/prebuiltsHost/swift-build/.build/arm64-apple-macosx/debug/SwiftBuildPackageTests.xctest/Contents/MacOS/SwiftBuildPackageTests (0x11a867560) and /Users/dschaefer2/swift/swiftpm/work/prebuiltsHost/swift-build/.build/arm64-apple-macosx/debug/SWBBuildServiceBundle (0x12b2fe4b0). This may cause spurious casting failures and mysterious crashes. One of the duplicates must be removed or renamed.
objc[61689]: Class _TtCFC7SWBCore21MacroConfigFileLoader22loadSettingsFromConfigFT4dataV7SWBUtil10ByteString4pathGSqVS1_4Path_9namespaceC8SWBMacro14MacroNamespace11searchPathsGSaS3__14filesSignatureFGSaS3__VS1_14FilesSignature_VS_15MacroConfigInfoL_16AncestorIncludes is implemented in both /Users/dschaefer2/swift/swiftpm/work/prebuiltsHost/swift-build/.build/arm64-apple-macosx/debug/SwiftBuildPackageTests.xctest/Contents/MacOS/SwiftBuildPackageTests (0x11a867600) and /Users/dschaefer2/swift/swiftpm/work/prebuiltsHost/swift-build/.build/arm64-apple-macosx/debug/SWBBuildServiceBundle (0x12b2fe550). This may cause spurious casting failures and mysterious crashes. One of the duplicates must be removed or renamed.
objc[61689]: Class _TtC7SWBCore18MergeInfoPlistSpec is implemented in both /Users/dschaefer2/swift/swiftpm/work/prebuiltsHost/swift-build/.build/arm64-apple-macosx/debug/SwiftBuildPackageTests.xctest/Contents/MacOS/SwiftBuildPackageTests (0x11a8676a8) and /Users/dschaefer2/swift/swiftpm/work/prebuiltsHost/swift-build/.build/arm64-apple-macosx/debug/SWBBuildServiceBundle (0x12b2fe5f8). This may cause spurious casting failures and mysterious crashes. One of the duplicates must be removed or renamed.
objc[61689]: Class _TtC7SWBCore13MkdirToolSpec is implemented in both /Users/dschaefer2/swift/swiftpm/work/prebuiltsHost/swift-build/.build/arm64-apple-macosx/debug/SwiftBuildPackageTests.xctest/Contents/MacOS/SwiftBuildPackageTests (0x11a867a40) and /Users/dschaefer2/swift/swiftpm/work/prebuiltsHost/swift-build/.build/arm64-apple-macosx/debug/SWBBuildServiceBundle (0x12b2fe990). This may cause spurious casting failures and mysterious crashes. One of the duplicates must be removed or renamed.
objc[61689]: Class _TtC7SWBCore23ModulesVerifierToolSpec is implemented in both /Users/dschaefer2/swift/swiftpm/work/prebuiltsHost/swift-build/.build/arm64-apple-macosx/debug/SwiftBuildPackageTests.xctest/Contents/MacOS/SwiftBuildPackageTests (0x11a867fa8) and /Users/dschaefer2/swift/swiftpm/work/prebuiltsHost/swift-build/.build/arm64-apple-macosx/debug/SWBBuildServiceBundle (0x12b2fef10). This may cause spurious casting failures and mysterious crashes. One of the duplicates must be removed or renamed.
objc[61689]: Class _TtC7SWBCore26ObjectLibraryAssemblerSpec is implemented in both /Users/dschaefer2/swift/swiftpm/work/prebuiltsHost/swift-build/.build/arm64-apple-macosx/debug/SwiftBuildPackageTests.xctest/Contents/MacOS/SwiftBuildPackageTests (0x11a868340) and /Users/dschaefer2/swift/swiftpm/work/prebuiltsHost/swift-build/.build/arm64-apple-macosx/debug/SWBBuildServiceBundle (0x12b2ff2a8). This may cause spurious casting failures and mysterious crashes. One of the duplicates must be removed or renamed.
objc[61689]: Class _TtC7SWBCore9PIFLoader is implemented in both /Users/dschaefer2/swift/swiftpm/work/prebuiltsHost/swift-build/.build/arm64-apple-macosx/debug/SwiftBuildPackageTests.xctest/Contents/MacOS/SwiftBuildPackageTests (0x11a868968) and /Users/dschaefer2/swift/swiftpm/work/prebuiltsHost/swift-build/.build/arm64-apple-macosx/debug/SWBBuildServiceBundle (0x12b2ff958). This may cause spurious casting failures and mysterious crashes. One of the duplicates must be removed or renamed.
objc[61689]: Class _TtC7SWBCore20IncrementalPIFLoader is implemented in both /Users/dschaefer2/swift/swiftpm/work/prebuiltsHost/swift-build/.build/arm64-apple-macosx/debug/SwiftBuildPackageTests.xctest/Contents/MacOS/SwiftBuildPackageTests (0x11a868a20) and /Users/dschaefer2/swift/swiftpm/work/prebuiltsHost/swift-build/.build/arm64-apple-macosx/debug/SWBBuildServiceBundle (0x12b2ffa10). This may cause spurious casting failures and mysterious crashes. One of the duplicates must be removed or renamed.
objc[61689]: Class _TtCC7SWBCore20IncrementalPIFLoader14LoadingSession is implemented in both /Users/dschaefer2/swift/swiftpm/work/prebuiltsHost/swift-build/.build/arm64-apple-macosx/debug/SwiftBuildPackageTests.xctest/Contents/MacOS/SwiftBuildPackageTests (0x11a868ad8) and /Users/dschaefer2/swift/swiftpm/work/prebuiltsHost/swift-build/.build/arm64-apple-macosx/debug/SWBBuildServiceBundle (0x12b2ffac8). This may cause spurious casting failures and mysterious crashes. One of the duplicates must be removed or renamed.
objc[61689]: Class _TtC7SWBCore14PLUtilToolSpec is implemented in both /Users/dschaefer2/swift/swiftpm/work/prebuiltsHost/swift-build/.build/arm64-apple-macosx/debug/SwiftBuildPackageTests.xctest/Contents/MacOS/SwiftBuildPackageTests (0x11a868bb8) and /Users/dschaefer2/swift/swiftpm/work/prebuiltsHost/swift-build/.build/arm64-apple-macosx/debug/SWBBuildServiceBundle (0x12b2ffba8). This may cause spurious casting failures and mysterious crashes. One of the duplicates must be removed or renamed.
objc[61689]: Class _TtCC7SWBCore14LibSwiftDriver12PlannedBuild is implemented in both /Users/dschaefer2/swift/swiftpm/work/prebuiltsHost/swift-build/.build/arm64-apple-macosx/debug/SwiftBuildPackageTests.xctest/Contents/MacOS/SwiftBuildPackageTests (0x11a868fa8) and /Users/dschaefer2/swift/swiftpm/work/prebuiltsHost/swift-build/.build/arm64-apple-macosx/debug/SWBBuildServiceBundle (0x12b2fff98). This may cause spurious casting failures and mysterious crashes. One of the duplicates must be removed or renamed.
objc[61689]: Class _TtC7SWBCore15PlannedPathNode is implemented in both /Users/dschaefer2/swift/swiftpm/work/prebuiltsHost/swift-build/.build/arm64-apple-macosx/debug/SwiftBuildPackageTests.xctest/Contents/MacOS/SwiftBuildPackageTests (0x11a869108) and /Users/dschaefer2/swift/swiftpm/work/prebuiltsHost/swift-build/.build/arm64-apple-macosx/debug/SWBBuildServiceBundle (0x12b300100). This may cause spurious casting failures and mysterious crashes. One of the duplicates must be removed or renamed.
objc[61689]: Class _TtC7SWBCore24PlannedDirectoryTreeNode is implemented in both /Users/dschaefer2/swift/swiftpm/work/prebuiltsHost/swift-build/.build/arm64-apple-macosx/debug/SwiftBuildPackageTests.xctest/Contents/MacOS/SwiftBuildPackageTests (0x11a8691b0) and /Users/dschaefer2/swift/swiftpm/work/prebuiltsHost/swift-build/.build/arm64-apple-macosx/debug/SWBBuildServiceBundle (0x12b3001a8). This may cause spurious casting failures and mysterious crashes. One of the duplicates must be removed or renamed.
objc[61689]: Class _TtC7SWBCore18PlannedVirtualNode is implemented in both /Users/dschaefer2/swift/swiftpm/work/prebuiltsHost/swift-build/.build/arm64-apple-macosx/debug/SwiftBuildPackageTests.xctest/Contents/MacOS/SwiftBuildPackageTests (0x11a869260) and /Users/dschaefer2/swift/swiftpm/work/prebuiltsHost/swift-build/.build/arm64-apple-macosx/debug/SWBBuildServiceBundle (0x12b300258). This may cause spurious casting failures and mysterious crashes. One of the duplicates must be removed or renamed.
objc[61689]: Class _TtC7SWBCore15ConstructedTask is implemented in both /Users/dschaefer2/swift/swiftpm/work/prebuiltsHost/swift-build/.build/arm64-apple-macosx/debug/SwiftBuildPackageTests.xctest/Contents/MacOS/SwiftBuildPackageTests (0x11a869348) and /Users/dschaefer2/swift/swiftpm/work/prebuiltsHost/swift-build/.build/arm64-apple-macosx/debug/SWBBuildServiceBundle (0x12b300348). This may cause spurious casting failures and mysterious crashes. One of the duplicates must be removed or renamed.
objc[61689]: Class _TtC7SWBCore8GateTask is implemented in both /Users/dschaefer2/swift/swiftpm/work/prebuiltsHost/swift-build/.build/arm64-apple-macosx/debug/SwiftBuildPackageTests.xctest/Contents/MacOS/SwiftBuildPackageTests (0x11a869440) and /Users/dschaefer2/swift/swiftpm/work/prebuiltsHost/swift-build/.build/arm64-apple-macosx/debug/SWBBuildServiceBundle (0x12b300440). This may cause spurious casting failures and mysterious crashes. One of the duplicates must be removed or renamed.
objc[61689]: Class _TtCC7SWBCore8GateTaskP33_016A3C6F3A7CAEF72458A5AE44C1AD7523GateTaskTypeDescription is implemented in both /Users/dschaefer2/swift/swiftpm/work/prebuiltsHost/swift-build/.build/arm64-apple-macosx/debug/SwiftBuildPackageTests.xctest/Contents/MacOS/SwiftBuildPackageTests (0x11a869508) and /Users/dschaefer2/swift/swiftpm/work/prebuiltsHost/swift-build/.build/arm64-apple-macosx/debug/SWBBuildServiceBundle (0x12b300508). This may cause spurious casting failures and mysterious crashes. One of the duplicates must be removed or renamed.
objc[61689]: Class _TtC7SWBCore14PlatformFilter is implemented in both /Users/dschaefer2/swift/swiftpm/work/prebuiltsHost/swift-build/.build/arm64-apple-macosx/debug/SwiftBuildPackageTests.xctest/Contents/MacOS/SwiftBuildPackageTests (0x11a869618) and /Users/dschaefer2/swift/swiftpm/work/prebuiltsHost/swift-build/.build/arm64-apple-macosx/debug/SWBBuildServiceBundle (0x12b300628). This may cause spurious casting failures and mysterious crashes. One of the duplicates must be removed or renamed.
objc[61689]: Class _TtC7SWBCore8Platform is implemented in both /Users/dschaefer2/swift/swiftpm/work/prebuiltsHost/swift-build/.build/arm64-apple-macosx/debug/SwiftBuildPackageTests.xctest/Contents/MacOS/SwiftBuildPackageTests (0x11a8697b0) and /Users/dschaefer2/swift/swiftpm/work/prebuiltsHost/swift-build/.build/arm64-apple-macosx/debug/SWBBuildServiceBundle (0x12b3007c8). This may cause spurious casting failures and mysterious crashes. One of the duplicates must be removed or renamed.
objc[61689]: Class _TtC7SWBCore16PlatformRegistry is implemented in both /Users/dschaefer2/swift/swiftpm/work/prebuiltsHost/swift-build/.build/arm64-apple-macosx/debug/SwiftBuildPackageTests.xctest/Contents/MacOS/SwiftBuildPackageTests (0x11a869928) and /Users/dschaefer2/swift/swiftpm/work/prebuiltsHost/swift-build/.build/arm64-apple-macosx/debug/SWBBuildServiceBundle (0x12b300940). This may cause spurious casting failures and mysterious crashes. One of the duplicates must be removed or renamed.
objc[61689]: Class _TtC7SWBCore23PrelinkedObjectLinkSpec is implemented in both /Users/dschaefer2/swift/swiftpm/work/prebuiltsHost/swift-build/.build/arm64-apple-macosx/debug/SwiftBuildPackageTests.xctest/Contents/MacOS/SwiftBuildPackageTests (0x11a869a20) and /Users/dschaefer2/swift/swiftpm/work/prebuiltsHost/swift-build/.build/arm64-apple-macosx/debug/SWBBuildServiceBundle (0x12b300a48). This may cause spurious casting failures and mysterious crashes. One of the duplicates must be removed or renamed.
objc[61689]: Class _TtC7SWBCore21ProcessExecutionCache is implemented in both /Users/dschaefer2/swift/swiftpm/work/prebuiltsHost/swift-build/.build/arm64-apple-macosx/debug/SwiftBuildPackageTests.xctest/Contents/MacOS/SwiftBuildPackageTests (0x11a869dc0) and /Users/dschaefer2/swift/swiftpm/work/prebuiltsHost/swift-build/.build/arm64-apple-macosx/debug/SWBBuildServiceBundle (0x12b300de8). This may cause spurious casting failures and mysterious crashes. One of the duplicates must be removed or renamed.
objc[61689]: Class _TtC7SWBCore21ProcessSDKImportsSpec is implemented in both /Users/dschaefer2/swift/swiftpm/work/prebuiltsHost/swift-build/.build/arm64-apple-macosx/debug/SwiftBuildPackageTests.xctest/Contents/MacOS/SwiftBuildPackageTests (0x11a869e68) and /Users/dschaefer2/swift/swiftpm/work/prebuiltsHost/swift-build/.build/arm64-apple-macosx/debug/SWBBuildServiceBundle (0x12b300e90). This may cause spurious casting failures and mysterious crashes. One of the duplicates must be removed or renamed.
objc[61689]: Class _TtC7SWBCore29ProcessXCFrameworkLibrarySpec is implemented in both /Users/dschaefer2/swift/swiftpm/work/prebuiltsHost/swift-build/.build/arm64-apple-macosx/debug/SwiftBuildPackageTests.xctest/Contents/MacOS/SwiftBuildPackageTests (0x11a86a208) and /Users/dschaefer2/swift/swiftpm/work/prebuiltsHost/swift-build/.build/arm64-apple-macosx/debug/SWBBuildServiceBundle (0x12b301230). This may cause spurious casting failures and mysterious crashes. One of the duplicates must be removed or renamed.
objc[61689]: Class _TtC7SWBCore24ProductPackagingToolSpec is implemented in both /Users/dschaefer2/swift/swiftpm/work/prebuiltsHost/swift-build/.build/arm64-apple-macosx/debug/SwiftBuildPackageTests.xctest/Contents/MacOS/SwiftBuildPackageTests (0x11a86a5f0) and /Users/dschaefer2/swift/swiftpm/work/prebuiltsHost/swift-build/.build/arm64-apple-macosx/debug/SWBBuildServiceBundle (0x12b301618). This may cause spurious casting failures and mysterious crashes. One of the duplicates must be removed or renamed.
objc[61689]: Class _TtC7SWBCore15ProductTypeSpec is implemented in both /Users/dschaefer2/swift/swiftpm/work/prebuiltsHost/swift-build/.build/arm64-apple-macosx/debug/SwiftBuildPackageTests.xctest/Contents/MacOS/SwiftBuildPackageTests (0x11a86a9c0) and /Users/dschaefer2/swift/swiftpm/work/prebuiltsHost/swift-build/.build/arm64-apple-macosx/debug/SWBBuildServiceBundle (0x12b3019e8). This may cause spurious casting failures and mysterious crashes. One of the duplicates must be removed or renamed.
objc[61689]: Class _TtC7SWBCore21BundleProductTypeSpec is implemented in both /Users/dschaefer2/swift/swiftpm/work/prebuiltsHost/swift-build/.build/arm64-apple-macosx/debug/SwiftBuildPackageTests.xctest/Contents/MacOS/SwiftBuildPackageTests (0x11a86abc8) and /Users/dschaefer2/swift/swiftpm/work/prebuiltsHost/swift-build/.build/arm64-apple-macosx/debug/SWBBuildServiceBundle (0x12b301bf0). This may cause spurious casting failures and mysterious crashes. One of the duplicates must be removed or renamed.
objc[61689]: Class _TtC7SWBCore26ApplicationProductTypeSpec is implemented in both /Users/dschaefer2/swift/swiftpm/work/prebuiltsHost/swift-build/.build/arm64-apple-macosx/debug/SwiftBuildPackageTests.xctest/Contents/MacOS/SwiftBuildPackageTests (0x11a86add8) and /Users/dschaefer2/swift/swiftpm/work/prebuiltsHost/swift-build/.build/arm64-apple-macosx/debug/SWBBuildServiceBundle (0x12b301e00). This may cause spurious casting failures and mysterious crashes. One of the duplicates must be removed or renamed.
objc[61689]: Class _TtC7SWBCore35ApplicationExtensionProductTypeSpec is implemented in both /Users/dschaefer2/swift/swiftpm/work/prebuiltsHost/swift-build/.build/arm64-apple-macosx/debug/SwiftBuildPackageTests.xctest/Contents/MacOS/SwiftBuildPackageTests (0x11a86afe8) and /Users/dschaefer2/swift/swiftpm/work/prebuiltsHost/swift-build/.build/arm64-apple-macosx/debug/SWBBuildServiceBundle (0x12b302010). This may cause spurious casting failures and mysterious crashes. One of the duplicates must be removed or renamed.
objc[61689]: Class _TtC7SWBCore24FrameworkProductTypeSpec is implemented in both /Users/dschaefer2/swift/swiftpm/work/prebuiltsHost/swift-build/.build/arm64-apple-macosx/debug/SwiftBuildPackageTests.xctest/Contents/MacOS/SwiftBuildPackageTests (0x11a86b1f8) and /Users/dschaefer2/swift/swiftpm/work/prebuiltsHost/swift-build/.build/arm64-apple-macosx/debug/SWBBuildServiceBundle (0x12b302220). This may cause spurious casting failures and mysterious crashes. One of the duplicates must be removed or renamed.
objc[61689]: Class _TtC7SWBCore30StaticFrameworkProductTypeSpec is implemented in both /Users/dschaefer2/swift/swiftpm/work/prebuiltsHost/swift-build/.build/arm64-apple-macosx/debug/SwiftBuildPackageTests.xctest/Contents/MacOS/SwiftBuildPackageTests (0x11a86b408) and /Users/dschaefer2/swift/swiftpm/work/prebuiltsHost/swift-build/.build/arm64-apple-macosx/debug/SWBBuildServiceBundle (0x12b302430). This may cause spurious casting failures and mysterious crashes. One of the duplicates must be removed or renamed.
objc[61689]: Class _TtC7SWBCore30KernelExtensionProductTypeSpec is implemented in both /Users/dschaefer2/swift/swiftpm/work/prebuiltsHost/swift-build/.build/arm64-apple-macosx/debug/SwiftBuildPackageTests.xctest/Contents/MacOS/SwiftBuildPackageTests (0x11a86b618) and /Users/dschaefer2/swift/swiftpm/work/prebuiltsHost/swift-build/.build/arm64-apple-macosx/debug/SWBBuildServiceBundle (0x12b302640). This may cause spurious casting failures and mysterious crashes. One of the duplicates must be removed or renamed.
objc[61689]: Class _TtC7SWBCore27XCTestBundleProductTypeSpec is implemented in both /Users/dschaefer2/swift/swiftpm/work/prebuiltsHost/swift-build/.build/arm64-apple-macosx/debug/SwiftBuildPackageTests.xctest/Contents/MacOS/SwiftBuildPackageTests (0x11a86b828) and /Users/dschaefer2/swift/swiftpm/work/prebuiltsHost/swift-build/.build/arm64-apple-macosx/debug/SWBBuildServiceBundle (0x12b302850). This may cause spurious casting failures and mysterious crashes. One of the duplicates must be removed or renamed.
objc[61689]: Class _TtC7SWBCore35StandaloneExecutableProductTypeSpec is implemented in both /Users/dschaefer2/swift/swiftpm/work/prebuiltsHost/swift-build/.build/arm64-apple-macosx/debug/SwiftBuildPackageTests.xctest/Contents/MacOS/SwiftBuildPackageTests (0x11a86ba38) and /Users/dschaefer2/swift/swiftpm/work/prebuiltsHost/swift-build/.build/arm64-apple-macosx/debug/SWBBuildServiceBundle (0x12b302a60). This may cause spurious casting failures and mysterious crashes. One of the duplicates must be removed or renamed.
objc[61689]: Class _TtC7SWBCore22LibraryProductTypeSpec is implemented in both /Users/dschaefer2/swift/swiftpm/work/prebuiltsHost/swift-build/.build/arm64-apple-macosx/debug/SwiftBuildPackageTests.xctest/Contents/MacOS/SwiftBuildPackageTests (0x11a86bc48) and /Users/dschaefer2/swift/swiftpm/work/prebuiltsHost/swift-build/.build/arm64-apple-macosx/debug/SWBBuildServiceBundle (0x12b302c70). This may cause spurious casting failures and mysterious crashes. One of the duplicates must be removed or renamed.
objc[61689]: Class _TtC7SWBCore29DynamicLibraryProductTypeSpec is implemented in both /Users/dschaefer2/swift/swiftpm/work/prebuiltsHost/swift-build/.build/arm64-apple-macosx/debug/SwiftBuildPackageTests.xctest/Contents/MacOS/SwiftBuildPackageTests (0x11a86be58) and /Users/dschaefer2/swift/swiftpm/work/prebuiltsHost/swift-build/.build/arm64-apple-macosx/debug/SWBBuildServiceBundle (0x12b302e80). This may cause spurious casting failures and mysterious crashes. One of the duplicates must be removed or renamed.
objc[61689]: Class _TtC7SWBCore28StaticLibraryProductTypeSpec is implemented in both /Users/dschaefer2/swift/swiftpm/work/prebuiltsHost/swift-build/.build/arm64-apple-macosx/debug/SwiftBuildPackageTests.xctest/Contents/MacOS/SwiftBuildPackageTests (0x11a86c068) and /Users/dschaefer2/swift/swiftpm/work/prebuiltsHost/swift-build/.build/arm64-apple-macosx/debug/SWBBuildServiceBundle (0x12b303090). This may cause spurious casting failures and mysterious crashes. One of the duplicates must be removed or renamed.
objc[61689]: Class _TtC7SWBCore19ToolProductTypeSpec is implemented in both /Users/dschaefer2/swift/swiftpm/work/prebuiltsHost/swift-build/.build/arm64-apple-macosx/debug/SwiftBuildPackageTests.xctest/Contents/MacOS/SwiftBuildPackageTests (0x11a86c278) and /Users/dschaefer2/swift/swiftpm/work/prebuiltsHost/swift-build/.build/arm64-apple-macosx/debug/SWBBuildServiceBundle (0x12b3032a0). This may cause spurious casting failures and mysterious crashes. One of the duplicates must be removed or renamed.
objc[61689]: Class _TtC7SWBCore7Project is implemented in both /Users/dschaefer2/swift/swiftpm/work/prebuiltsHost/swift-build/.build/arm64-apple-macosx/debug/SwiftBuildPackageTests.xctest/Contents/MacOS/SwiftBuildPackageTests (0x11a86c4e8) and /Users/dschaefer2/swift/swiftpm/work/prebuiltsHost/swift-build/.build/arm64-apple-macosx/debug/SWBBuildServiceBundle (0x12b303510). This may cause spurious casting failures and mysterious crashes. One of the duplicates must be removed or renamed.
objc[61689]: Class _TtC7SWBCoreP33_685FC4284DFF906666F9A79ADDFBEC0C19BoolBuildOptionType is implemented in both /Users/dschaefer2/swift/swiftpm/work/prebuiltsHost/swift-build/.build/arm64-apple-macosx/debug/SwiftBuildPackageTests.xctest/Contents/MacOS/SwiftBuildPackageTests (0x11a86c780) and /Users/dschaefer2/swift/swiftpm/work/prebuiltsHost/swift-build/.build/arm64-apple-macosx/debug/SWBBuildServiceBundle (0x12b3037b8). This may cause spurious casting failures and mysterious crashes. One of the duplicates must be removed or renamed.
objc[61689]: Class _TtC7SWBCoreP33_685FC4284DFF906666F9A79ADDFBEC0C31CodeSignIdentityBuildOptionType is implemented in both /Users/dschaefer2/swift/swiftpm/work/prebuiltsHost/swift-build/.build/arm64-apple-macosx/debug/SwiftBuildPackageTests.xctest/Contents/MacOS/SwiftBuildPackageTests (0x11a86c830) and /Users/dschaefer2/swift/swiftpm/work/prebuiltsHost/swift-build/.build/arm64-apple-macosx/debug/SWBBuildServiceBundle (0x12b303868). This may cause spurious casting failures and mysterious crashes. One of the duplicates must be removed or renamed.
objc[61689]: Class _TtC7SWBCoreP33_685FC4284DFF906666F9A79ADDFBEC0C28CodeSignStyleBuildOptionType is implemented in both /Users/dschaefer2/swift/swiftpm/work/prebuiltsHost/swift-build/.build/arm64-apple-macosx/debug/SwiftBuildPackageTests.xctest/Contents/MacOS/SwiftBuildPackageTests (0x11a86c8e0) and /Users/dschaefer2/swift/swiftpm/work/prebuiltsHost/swift-build/.build/arm64-apple-macosx/debug/SWBBuildServiceBundle (0x12b303918). This may cause spurious casting failures and mysterious crashes. One of the duplicates must be removed or renamed.
objc[61689]: Class _TtC7SWBCoreP33_685FC4284DFF906666F9A79ADDFBEC0C30CompilerVersionBuildOptionType is implemented in both /Users/dschaefer2/swift/swiftpm/work/prebuiltsHost/swift-build/.build/arm64-apple-macosx/debug/SwiftBuildPackageTests.xctest/Contents/MacOS/SwiftBuildPackageTests (0x11a86c990) and /Users/dschaefer2/swift/swiftpm/work/prebuiltsHost/swift-build/.build/arm64-apple-macosx/debug/SWBBuildServiceBundle (0x12b3039c8). This may cause spurious casting failures and mysterious crashes. One of the duplicates must be removed or renamed.
objc[61689]: Class _TtC7SWBCoreP33_685FC4284DFF906666F9A79ADDFBEC0C30DevelopmentTeamBuildOptionType is implemented in both /Users/dschaefer2/swift/swiftpm/work/prebuiltsHost/swift-build/.build/arm64-apple-macosx/debug/SwiftBuildPackageTests.xctest/Contents/MacOS/SwiftBuildPackageTests (0x11a86ca40) and /Users/dschaefer2/swift/swiftpm/work/prebuiltsHost/swift-build/.build/arm64-apple-macosx/debug/SWBBuildServiceBundle (0x12b303a78). This may cause spurious casting failures and mysterious crashes. One of the duplicates must be removed or renamed.
objc[61689]: Class _TtC7SWBCoreP33_685FC4284DFF906666F9A79ADDFBEC0C19EnumBuildOptionType is implemented in both /Users/dschaefer2/swift/swiftpm/work/prebuiltsHost/swift-build/.build/arm64-apple-macosx/debug/SwiftBuildPackageTests.xctest/Contents/MacOS/SwiftBuildPackageTests (0x11a86caf0) and /Users/dschaefer2/swift/swiftpm/work/prebuiltsHost/swift-build/.build/arm64-apple-macosx/debug/SWBBuildServiceBundle (0x12b303b28). This may cause spurious casting failures and mysterious crashes. One of the duplicates must be removed or renamed.
objc[61689]: Class _TtC7SWBCoreP33_685FC4284DFF906666F9A79ADDFBEC0C21StringBuildOptionType is implemented in both /Users/dschaefer2/swift/swiftpm/work/prebuiltsHost/swift-build/.build/arm64-apple-macosx/debug/SwiftBuildPackageTests.xctest/Contents/MacOS/SwiftBuildPackageTests (0x11a86cba0) and /Users/dschaefer2/swift/swiftpm/work/prebuiltsHost/swift-build/.build/arm64-apple-macosx/debug/SWBBuildServiceBundle (0x12b303bd8). This may cause spurious casting failures and mysterious crashes. One of the duplicates must be removed or renamed.
objc[61689]: Class _TtC7SWBCoreP33_685FC4284DFF906666F9A79ADDFBEC0C25StringListBuildOptionType is implemented in both /Users/dschaefer2/swift/swiftpm/work/prebuiltsHost/swift-build/.build/arm64-apple-macosx/debug/SwiftBuildPackageTests.xctest/Contents/MacOS/SwiftBuildPackageTests (0x11a86cc50) and /Users/dschaefer2/swift/swiftpm/work/prebuiltsHost/swift-build/.build/arm64-apple-macosx/debug/SWBBuildServiceBundle (0x12b303c88). This may cause spurious casting failures and mysterious crashes. One of the duplicates must be removed or renamed.
objc[61689]: Class _TtC7SWBCoreP33_685FC4284DFF906666F9A79ADDFBEC0C34OpenCLArchitecturesBuildOptionType is implemented in both /Users/dschaefer2/swift/swiftpm/work/prebuiltsHost/swift-build/.build/arm64-apple-macosx/debug/SwiftBuildPackageTests.xctest/Contents/MacOS/SwiftBuildPackageTests (0x11a86cd00) and /Users/dschaefer2/swift/swiftpm/work/prebuiltsHost/swift-build/.build/arm64-apple-macosx/debug/SWBBuildServiceBundle (0x12b303d38). This may cause spurious casting failures and mysterious crashes. One of the duplicates must be removed or renamed.
objc[61689]: Class _TtC7SWBCoreP33_685FC4284DFF906666F9A79ADDFBEC0C19PathBuildOptionType is implemented in both /Users/dschaefer2/swift/swiftpm/work/prebuiltsHost/swift-build/.build/arm64-apple-macosx/debug/SwiftBuildPackageTests.xctest/Contents/MacOS/SwiftBuildPackageTests (0x11a86cdb0) and /Users/dschaefer2/swift/swiftpm/work/prebuiltsHost/swift-build/.build/arm64-apple-macosx/debug/SWBBuildServiceBundle (0x12b303de8). This may cause spurious casting failures and mysterious crashes. One of the duplicates must be removed or renamed.
objc[61689]: Class _TtC7SWBCoreP33_685FC4284DFF906666F9A79ADDFBEC0C23PathListBuildOptionType is implemented in both /Users/dschaefer2/swift/swiftpm/work/prebuiltsHost/swift-build/.build/arm64-apple-macosx/debug/SwiftBuildPackageTests.xctest/Contents/MacOS/SwiftBuildPackageTests (0x11a86ce60) and /Users/dschaefer2/swift/swiftpm/work/prebuiltsHost/swift-build/.build/arm64-apple-macosx/debug/SWBBuildServiceBundle (0x12b303e98). This may cause spurious casting failures and mysterious crashes. One of the duplicates must be removed or renamed.
objc[61689]: Class _TtC7SWBCoreP33_685FC4284DFF906666F9A79ADDFBEC0C29PathOrderedSetBuildOptionType is implemented in both /Users/dschaefer2/swift/swiftpm/work/prebuiltsHost/swift-build/.build/arm64-apple-macosx/debug/SwiftBuildPackageTests.xctest/Contents/MacOS/SwiftBuildPackageTests (0x11a86cf10) and /Users/dschaefer2/swift/swiftpm/work/prebuiltsHost/swift-build/.build/arm64-apple-macosx/debug/SWBBuildServiceBundle (0x12b303f48). This may cause spurious casting failures and mysterious crashes. One of the duplicates must be removed or renamed.
objc[61689]: Class _TtC7SWBCoreP33_685FC4284DFF906666F9A79ADDFBEC0C34ProvisioningProfileBuildOptionType is implemented in both /Users/dschaefer2/swift/swiftpm/work/prebuiltsHost/swift-build/.build/arm64-apple-macosx/debug/SwiftBuildPackageTests.xctest/Contents/MacOS/SwiftBuildPackageTests (0x11a86cfc0) and /Users/dschaefer2/swift/swiftpm/work/prebuiltsHost/swift-build/.build/arm64-apple-macosx/debug/SWBBuildServiceBundle (0x12b303ff8). This may cause spurious casting failures and mysterious crashes. One of the duplicates must be removed or renamed.
objc[61689]: Class _TtC7SWBCoreP33_685FC4284DFF906666F9A79ADDFBEC0C43ProvisioningProfileSpecifierBuildOptionType is implemented in both /Users/dschaefer2/swift/swiftpm/work/prebuiltsHost/swift-build/.build/arm64-apple-macosx/debug/SwiftBuildPackageTests.xctest/Contents/MacOS/SwiftBuildPackageTests (0x11a86d070) and /Users/dschaefer2/swift/swiftpm/work/prebuiltsHost/swift-build/.build/arm64-apple-macosx/debug/SWBBuildServiceBundle (0x12b3040a8). This may cause spurious casting failures and mysterious crashes. One of the duplicates must be removed or renamed.
objc[61689]: Class _TtC7SWBCore11BuildOption is implemented in both /Users/dschaefer2/swift/swiftpm/work/prebuiltsHost/swift-build/.build/arm64-apple-macosx/debug/SwiftBuildPackageTests.xctest/Contents/MacOS/SwiftBuildPackageTests (0x11a86d120) and /Users/dschaefer2/swift/swiftpm/work/prebuiltsHost/swift-build/.build/arm64-apple-macosx/debug/SWBBuildServiceBundle (0x12b304158). This may cause spurious casting failures and mysterious crashes. One of the duplicates must be removed or renamed.
objc[61689]: Class _TtC7SWBCore18PropertyDomainSpec is implemented in both /Users/dschaefer2/swift/swiftpm/work/prebuiltsHost/swift-build/.build/arm64-apple-macosx/debug/SwiftBuildPackageTests.xctest/Contents/MacOS/SwiftBuildPackageTests (0x11a86d260) and /Users/dschaefer2/swift/swiftpm/work/prebuiltsHost/swift-build/.build/arm64-apple-macosx/debug/SWBBuildServiceBundle (0x12b304298). This may cause spurious casting failures and mysterious crashes. One of the duplicates must be removed or renamed.
objc[61689]: Class _TtC7SWBCore27RecursiveSearchPathResolver is implemented in both /Users/dschaefer2/swift/swiftpm/work/prebuiltsHost/swift-build/.build/arm64-apple-macosx/debug/SwiftBuildPackageTests.xctest/Contents/MacOS/SwiftBuildPackageTests (0x11a86d580) and /Users/dschaefer2/swift/swiftpm/work/prebuiltsHost/swift-build/.build/arm64-apple-macosx/debug/SWBBuildServiceBundle (0x12b3045c8). This may cause spurious casting failures and mysterious crashes. One of the duplicates must be removed or renamed.
objc[61689]: Class _TtC7SWBCore9Reference is implemented in both /Users/dschaefer2/swift/swiftpm/work/prebuiltsHost/swift-build/.build/arm64-apple-macosx/debug/SwiftBuildPackageTests.xctest/Contents/MacOS/SwiftBuildPackageTests (0x11a86d680) and /Users/dschaefer2/swift/swiftpm/work/prebuiltsHost/swift-build/.build/arm64-apple-macosx/debug/SWBBuildServiceBundle (0x12b3046c8). This may cause spurious casting failures and mysterious crashes. One of the duplicates must be removed or renamed.
objc[61689]: Class _TtC7SWBCore18GroupTreeReference is implemented in both /Users/dschaefer2/swift/swiftpm/work/prebuiltsHost/swift-build/.build/arm64-apple-macosx/debug/SwiftBuildPackageTests.xctest/Contents/MacOS/SwiftBuildPackageTests (0x11a86d748) and /Users/dschaefer2/swift/swiftpm/work/prebuiltsHost/swift-build/.build/arm64-apple-macosx/debug/SWBBuildServiceBundle (0x12b304790). This may cause spurious casting failures and mysterious crashes. One of the duplicates must be removed or renamed.
objc[61689]: Class _TtCC7SWBCore18GroupTreeReferenceP33_C64475EFED1234C48ED5855A115477746Parent is implemented in both /Users/dschaefer2/swift/swiftpm/work/prebuiltsHost/swift-build/.build/arm64-apple-macosx/debug/SwiftBuildPackageTests.xctest/Contents/MacOS/SwiftBuildPackageTests (0x11a86d850) and /Users/dschaefer2/swift/swiftpm/work/prebuiltsHost/swift-build/.build/arm64-apple-macosx/debug/SWBBuildServiceBundle (0x12b304898). This may cause spurious casting failures and mysterious crashes. One of the duplicates must be removed or renamed.
objc[61689]: Class _TtC7SWBCore13FileReference is implemented in both /Users/dschaefer2/swift/swiftpm/work/prebuiltsHost/swift-build/.build/arm64-apple-macosx/debug/SwiftBuildPackageTests.xctest/Contents/MacOS/SwiftBuildPackageTests (0x11a86d8f0) and /Users/dschaefer2/swift/swiftpm/work/prebuiltsHost/swift-build/.build/arm64-apple-macosx/debug/SWBBuildServiceBundle (0x12b304938). This may cause spurious casting failures and mysterious crashes. One of the duplicates must be removed or renamed.
objc[61689]: Class _TtC7SWBCore12VersionGroup is implemented in both /Users/dschaefer2/swift/swiftpm/work/prebuiltsHost/swift-build/.build/arm64-apple-macosx/debug/SwiftBuildPackageTests.xctest/Contents/MacOS/SwiftBuildPackageTests (0x11a86da28) and /Users/dschaefer2/swift/swiftpm/work/prebuiltsHost/swift-build/.build/arm64-apple-macosx/debug/SWBBuildServiceBundle (0x12b304a70). This may cause spurious casting failures and mysterious crashes. One of the duplicates must be removed or renamed.
objc[61689]: Class _TtC7SWBCore9FileGroup is implemented in both /Users/dschaefer2/swift/swiftpm/work/prebuiltsHost/swift-build/.build/arm64-apple-macosx/debug/SwiftBuildPackageTests.xctest/Contents/MacOS/SwiftBuildPackageTests (0x11a86db40) and /Users/dschaefer2/swift/swiftpm/work/prebuiltsHost/swift-build/.build/arm64-apple-macosx/debug/SWBBuildServiceBundle (0x12b304b88). This may cause spurious casting failures and mysterious crashes. One of the duplicates must be removed or renamed.
objc[61689]: Class _TtC7SWBCore12VariantGroup is implemented in both /Users/dschaefer2/swift/swiftpm/work/prebuiltsHost/swift-build/.build/arm64-apple-macosx/debug/SwiftBuildPackageTests.xctest/Contents/MacOS/SwiftBuildPackageTests (0x11a86dc68) and /Users/dschaefer2/swift/swiftpm/work/prebuiltsHost/swift-build/.build/arm64-apple-macosx/debug/SWBBuildServiceBundle (0x12b304cb0). This may cause spurious casting failures and mysterious crashes. One of the duplicates must be removed or renamed.
objc[61689]: Class _TtC7SWBCore16ProductReference is implemented in both /Users/dschaefer2/swift/swiftpm/work/prebuiltsHost/swift-build/.build/arm64-apple-macosx/debug/SwiftBuildPackageTests.xctest/Contents/MacOS/SwiftBuildPackageTests (0x11a86dd88) and /Users/dschaefer2/swift/swiftpm/work/prebuiltsHost/swift-build/.build/arm64-apple-macosx/debug/SWBBuildServiceBundle (0x12b304dd0). This may cause spurious casting failures and mysterious crashes. One of the duplicates must be removed or renamed.
objc[61689]: Class _TtC7SWBCore3SDK is implemented in both /Users/dschaefer2/swift/swiftpm/work/prebuiltsHost/swift-build/.build/arm64-apple-macosx/debug/SwiftBuildPackageTests.xctest/Contents/MacOS/SwiftBuildPackageTests (0x11a86e0d0) and /Users/dschaefer2/swift/swiftpm/work/prebuiltsHost/swift-build/.build/arm64-apple-macosx/debug/SWBBuildServiceBundle (0x12b305118). This may cause spurious casting failures and mysterious crashes. One of the duplicates must be removed or renamed.
objc[61689]: Class _TtC7SWBCore10SDKVariant is implemented in both /Users/dschaefer2/swift/swiftpm/work/prebuiltsHost/swift-build/.build/arm64-apple-macosx/debug/SwiftBuildPackageTests.xctest/Contents/MacOS/SwiftBuildPackageTests (0x11a86e238) and /Users/dschaefer2/swift/swiftpm/work/prebuiltsHost/swift-build/.build/arm64-apple-macosx/debug/SWBBuildServiceBundle (0x12b305280). This may cause spurious casting failures and mysterious crashes. One of the duplicates must be removed or renamed.
objc[61689]: Class _TtC7SWBCore11SDKRegistry is implemented in both /Users/dschaefer2/swift/swiftpm/work/prebuiltsHost/swift-build/.build/arm64-apple-macosx/debug/SwiftBuildPackageTests.xctest/Contents/MacOS/SwiftBuildPackageTests (0x11a86e388) and /Users/dschaefer2/swift/swiftpm/work/prebuiltsHost/swift-build/.build/arm64-apple-macosx/debug/SWBBuildServiceBundle (0x12b3053d0). This may cause spurious casting failures and mysterious crashes. One of the duplicates must be removed or renamed.
objc[61689]: Class _TtC7SWBCore17SetAttributesSpec is implemented in both /Users/dschaefer2/swift/swiftpm/work/prebuiltsHost/swift-build/.build/arm64-apple-macosx/debug/SwiftBuildPackageTests.xctest/Contents/MacOS/SwiftBuildPackageTests (0x11a86e4a0) and /Users/dschaefer2/swift/swiftpm/work/prebuiltsHost/swift-build/.build/arm64-apple-macosx/debug/SWBBuildServiceBundle (0x12b3054e8). This may cause spurious casting failures and mysterious crashes. One of the duplicates must be removed or renamed.
objc[61689]: Class _TtC7SWBCore12CoreSettings is implemented in both /Users/dschaefer2/swift/swiftpm/work/prebuiltsHost/swift-build/.build/arm64-apple-macosx/debug/SwiftBuildPackageTests.xctest/Contents/MacOS/SwiftBuildPackageTests (0x11a86ece8) and /Users/dschaefer2/swift/swiftpm/work/prebuiltsHost/swift-build/.build/arm64-apple-macosx/debug/SWBBuildServiceBundle (0x12b305d38). This may cause spurious casting failures and mysterious crashes. One of the duplicates must be removed or renamed.
objc[61689]: Class _TtC7SWBCore17WorkspaceSettings is implemented in both /Users/dschaefer2/swift/swiftpm/work/prebuiltsHost/swift-build/.build/arm64-apple-macosx/debug/SwiftBuildPackageTests.xctest/Contents/MacOS/SwiftBuildPackageTests (0x11a86edc0) and /Users/dschaefer2/swift/swiftpm/work/prebuiltsHost/swift-build/.build/arm64-apple-macosx/debug/SWBBuildServiceBundle (0x12b305e10). This may cause spurious casting failures and mysterious crashes. One of the duplicates must be removed or renamed.
objc[61689]: Class _TtC7SWBCore8Settings is implemented in both /Users/dschaefer2/swift/swiftpm/work/prebuiltsHost/swift-build/.build/arm64-apple-macosx/debug/SwiftBuildPackageTests.xctest/Contents/MacOS/SwiftBuildPackageTests (0x11a86ee70) and /Users/dschaefer2/swift/swiftpm/work/prebuiltsHost/swift-build/.build/arm64-apple-macosx/debug/SWBBuildServiceBundle (0x12b305ec0). This may cause spurious casting failures and mysterious crashes. One of the duplicates must be removed or renamed.
objc[61689]: Class _TtC7SWBCoreP33_A3E1C7869C32A1A226E4C3813CA8584415SettingsBuilder is implemented in both /Users/dschaefer2/swift/swiftpm/work/prebuiltsHost/swift-build/.build/arm64-apple-macosx/debug/SwiftBuildPackageTests.xctest/Contents/MacOS/SwiftBuildPackageTests (0x11a86f0a8) and /Users/dschaefer2/swift/swiftpm/work/prebuiltsHost/swift-build/.build/arm64-apple-macosx/debug/SWBBuildServiceBundle (0x12b3060f8). This may cause spurious casting failures and mysterious crashes. One of the duplicates must be removed or renamed.
objc[61689]: Class _TtC7SWBCore19ShellScriptToolSpec is implemented in both /Users/dschaefer2/swift/swiftpm/work/prebuiltsHost/swift-build/.build/arm64-apple-macosx/debug/SwiftBuildPackageTests.xctest/Contents/MacOS/SwiftBuildPackageTests (0x11a86f7c0) and /Users/dschaefer2/swift/swiftpm/work/prebuiltsHost/swift-build/.build/arm64-apple-macosx/debug/SWBBuildServiceBundle (0x12b306810). This may cause spurious casting failures and mysterious crashes. One of the duplicates must be removed or renamed.
objc[61689]: Class _TtC7SWBCore23SignatureCollectionSpec is implemented in both /Users/dschaefer2/swift/swiftpm/work/prebuiltsHost/swift-build/.build/arm64-apple-macosx/debug/SwiftBuildPackageTests.xctest/Contents/MacOS/SwiftBuildPackageTests (0x11a86fb58) and /Users/dschaefer2/swift/swiftpm/work/prebuiltsHost/swift-build/.build/arm64-apple-macosx/debug/SWBBuildServiceBundle (0x12b306ba8). This may cause spurious casting failures and mysterious crashes. One of the duplicates must be removed or renamed.
objc[61689]: Class _TtC7SWBCore10SpecParser is implemented in both /Users/dschaefer2/swift/swiftpm/work/prebuiltsHost/swift-build/.build/arm64-apple-macosx/debug/SwiftBuildPackageTests.xctest/Contents/MacOS/SwiftBuildPackageTests (0x11a86ff50) and /Users/dschaefer2/swift/swiftpm/work/prebuiltsHost/swift-build/.build/arm64-apple-macosx/debug/SWBBuildServiceBundle (0x12b306fa0). This may cause spurious casting failures and mysterious crashes. One of the duplicates must be removed or renamed.
objc[61689]: Class _TtC7SWBCore9SpecProxy is implemented in both /Users/dschaefer2/swift/swiftpm/work/prebuiltsHost/swift-build/.build/arm64-apple-macosx/debug/SwiftBuildPackageTests.xctest/Contents/MacOS/SwiftBuildPackageTests (0x11a8701a0) and /Users/dschaefer2/swift/swiftpm/work/prebuiltsHost/swift-build/.build/arm64-apple-macosx/debug/SWBBuildServiceBundle (0x12b3071f0). This may cause spurious casting failures and mysterious crashes. One of the duplicates must be removed or renamed.
objc[61689]: Class _TtC7SWBCore18SpecDomainRegistry is implemented in both /Users/dschaefer2/swift/swiftpm/work/prebuiltsHost/swift-build/.build/arm64-apple-macosx/debug/SwiftBuildPackageTests.xctest/Contents/MacOS/SwiftBuildPackageTests (0x11a870288) and /Users/dschaefer2/swift/swiftpm/work/prebuiltsHost/swift-build/.build/arm64-apple-macosx/debug/SWBBuildServiceBundle (0x12b3072d8). This may cause spurious casting failures and mysterious crashes. One of the duplicates must be removed or renamed.
objc[61689]: Class _TtC7SWBCore12SpecRegistry is implemented in both /Users/dschaefer2/swift/swiftpm/work/prebuiltsHost/swift-build/.build/arm64-apple-macosx/debug/SwiftBuildPackageTests.xctest/Contents/MacOS/SwiftBuildPackageTests (0x11a870330) and /Users/dschaefer2/swift/swiftpm/work/prebuiltsHost/swift-build/.build/arm64-apple-macosx/debug/SWBBuildServiceBundle (0x12b307380). This may cause spurious casting failures and mysterious crashes. One of the duplicates must be removed or renamed.
objc[61689]: Class _TtCFC7SWBCore9SpecProxy4loadFCS_12SpecRegistryGSqCS_4Spec_L_8Delegate is implemented in both /Users/dschaefer2/swift/swiftpm/work/prebuiltsHost/swift-build/.build/arm64-apple-macosx/debug/SwiftBuildPackageTests.xctest/Contents/MacOS/SwiftBuildPackageTests (0x11a870428) and /Users/dschaefer2/swift/swiftpm/work/prebuiltsHost/swift-build/.build/arm64-apple-macosx/debug/SWBBuildServiceBundle (0x12b307478). This may cause spurious casting failures and mysterious crashes. One of the duplicates must be removed or renamed.
objc[61689]: Class _TtC7SWBCore4Spec is implemented in both /Users/dschaefer2/swift/swiftpm/work/prebuiltsHost/swift-build/.build/arm64-apple-macosx/debug/SwiftBuildPackageTests.xctest/Contents/MacOS/SwiftBuildPackageTests (0x11a870558) and /Users/dschaefer2/swift/swiftpm/work/prebuiltsHost/swift-build/.build/arm64-apple-macosx/debug/SWBBuildServiceBundle (0x12b3075a8). This may cause spurious casting failures and mysterious crashes. One of the duplicates must be removed or renamed.
objc[61689]: Class _TtC7SWBCore16ArchitectureSpec is implemented in both /Users/dschaefer2/swift/swiftpm/work/prebuiltsHost/swift-build/.build/arm64-apple-macosx/debug/SwiftBuildPackageTests.xctest/Contents/MacOS/SwiftBuildPackageTests (0x11a870668) and /Users/dschaefer2/swift/swiftpm/work/prebuiltsHost/swift-build/.build/arm64-apple-macosx/debug/SWBBuildServiceBundle (0x12b3076b8). This may cause spurious casting failures and mysterious crashes. One of the duplicates must be removed or renamed.
objc[61689]: Class _TtC7SWBCore20ProjectOverridesSpec is implemented in both /Users/dschaefer2/swift/swiftpm/work/prebuiltsHost/swift-build/.build/arm64-apple-macosx/debug/SwiftBuildPackageTests.xctest/Contents/MacOS/SwiftBuildPackageTests (0x11a8707c0) and /Users/dschaefer2/swift/swiftpm/work/prebuiltsHost/swift-build/.build/arm64-apple-macosx/debug/SWBBuildServiceBundle (0x12b307810). This may cause spurious casting failures and mysterious crashes. One of the duplicates must be removed or renamed.
objc[61689]: Class _TtC7SWBCore12FileTypeSpec is implemented in both /Users/dschaefer2/swift/swiftpm/work/prebuiltsHost/swift-build/.build/arm64-apple-macosx/debug/SwiftBuildPackageTests.xctest/Contents/MacOS/SwiftBuildPackageTests (0x11a8708e8) and /Users/dschaefer2/swift/swiftpm/work/prebuiltsHost/swift-build/.build/arm64-apple-macosx/debug/SWBBuildServiceBundle (0x12b307938). This may cause spurious casting failures and mysterious crashes. One of the duplicates must be removed or renamed.
objc[61689]: Class _TtC7SWBCore15PackageTypeSpec is implemented in both /Users/dschaefer2/swift/swiftpm/work/prebuiltsHost/swift-build/.build/arm64-apple-macosx/debug/SwiftBuildPackageTests.xctest/Contents/MacOS/SwiftBuildPackageTests (0x11a870a48) and /Users/dschaefer2/swift/swiftpm/work/prebuiltsHost/swift-build/.build/arm64-apple-macosx/debug/SWBBuildServiceBundle (0x12b307a98). This may cause spurious casting failures and mysterious crashes. One of the duplicates must be removed or renamed.
objc[61689]: Class _TtC7SWBCore12PlatformSpec is implemented in both /Users/dschaefer2/swift/swiftpm/work/prebuiltsHost/swift-build/.build/arm64-apple-macosx/debug/SwiftBuildPackageTests.xctest/Contents/MacOS/SwiftBuildPackageTests (0x11a870b68) and /Users/dschaefer2/swift/swiftpm/work/prebuiltsHost/swift-build/.build/arm64-apple-macosx/debug/SWBBuildServiceBundle (0x12b307bb8). This may cause spurious casting failures and mysterious crashes. One of the duplicates must be removed or renamed.
objc[61689]: Class _TtC7SWBCore17BuildSettingsSpec is implemented in both /Users/dschaefer2/swift/swiftpm/work/prebuiltsHost/swift-build/.build/arm64-apple-macosx/debug/SwiftBuildPackageTests.xctest/Contents/MacOS/SwiftBuildPackageTests (0x11a870c78) and /Users/dschaefer2/swift/swiftpm/work/prebuiltsHost/swift-build/.build/arm64-apple-macosx/debug/SWBBuildServiceBundle (0x12b307cc8). This may cause spurious casting failures and mysterious crashes. One of the duplicates must be removed or renamed.
objc[61689]: Class _TtC7SWBCore26BuildSettingsExtensionSpec is implemented in both /Users/dschaefer2/swift/swiftpm/work/prebuiltsHost/swift-build/.build/arm64-apple-macosx/debug/SwiftBuildPackageTests.xctest/Contents/MacOS/SwiftBuildPackageTests (0x11a870de8) and /Users/dschaefer2/swift/swiftpm/work/prebuiltsHost/swift-build/.build/arm64-apple-macosx/debug/SWBBuildServiceBundle (0x12b307e38). This may cause spurious casting failures and mysterious crashes. One of the duplicates must be removed or renamed.
objc[61689]: Class _TtC7SWBCore15BuildSystemSpec is implemented in both /Users/dschaefer2/swift/swiftpm/work/prebuiltsHost/swift-build/.build/arm64-apple-macosx/debug/SwiftBuildPackageTests.xctest/Contents/MacOS/SwiftBuildPackageTests (0x11a870f60) and /Users/dschaefer2/swift/swiftpm/work/prebuiltsHost/swift-build/.build/arm64-apple-macosx/debug/SWBBuildServiceBundle (0x12b307fb0). This may cause spurious casting failures and mysterious crashes. One of the duplicates must be removed or renamed.
objc[61689]: Class _TtC7SWBCore14BuildPhaseSpec is implemented in both /Users/dschaefer2/swift/swiftpm/work/prebuiltsHost/swift-build/.build/arm64-apple-macosx/debug/SwiftBuildPackageTests.xctest/Contents/MacOS/SwiftBuildPackageTests (0x11a8710d0) and /Users/dschaefer2/swift/swiftpm/work/prebuiltsHost/swift-build/.build/arm64-apple-macosx/debug/SWBBuildServiceBundle (0x12b308120). This may cause spurious casting failures and mysterious crashes. One of the duplicates must be removed or renamed.
objc[61689]: Class _TtC7SWBCore17StackedSearchPath is implemented in both /Users/dschaefer2/swift/swiftpm/work/prebuiltsHost/swift-build/.build/arm64-apple-macosx/debug/SwiftBuildPackageTests.xctest/Contents/MacOS/SwiftBuildPackageTests (0x11a8711f8) and /Users/dschaefer2/swift/swiftpm/work/prebuiltsHost/swift-build/.build/arm64-apple-macosx/debug/SWBBuildServiceBundle (0x12b308248). This may cause spurious casting failures and mysterious crashes. One of the duplicates must be removed or renamed.
objc[61689]: Class _TtC7SWBCore13StripToolSpec is implemented in both /Users/dschaefer2/swift/swiftpm/work/prebuiltsHost/swift-build/.build/arm64-apple-macosx/debug/SwiftBuildPackageTests.xctest/Contents/MacOS/SwiftBuildPackageTests (0x11a8712b0) and /Users/dschaefer2/swift/swiftpm/work/prebuiltsHost/swift-build/.build/arm64-apple-macosx/debug/SWBBuildServiceBundle (0x12b308300). This may cause spurious casting failures and mysterious crashes. One of the duplicates must be removed or renamed.
objc[61689]: Class _TtC7SWBCore23SwiftABICheckerToolSpec is implemented in both /Users/dschaefer2/swift/swiftpm/work/prebuiltsHost/swift-build/.build/arm64-apple-macosx/debug/SwiftBuildPackageTests.xctest/Contents/MacOS/SwiftBuildPackageTests (0x11a871648) and /Users/dschaefer2/swift/swiftpm/work/prebuiltsHost/swift-build/.build/arm64-apple-macosx/debug/SWBBuildServiceBundle (0x12b308698). This may cause spurious casting failures and mysterious crashes. One of the duplicates must be removed or renamed.
objc[61689]: Class _TtC7SWBCore55APIDigesterDowngradingSerializedDiagnosticsOutputParser is implemented in both /Users/dschaefer2/swift/swiftpm/work/prebuiltsHost/swift-build/.build/arm64-apple-macosx/debug/SwiftBuildPackageTests.xctest/Contents/MacOS/SwiftBuildPackageTests (0x11a8719e0) and /Users/dschaefer2/swift/swiftpm/work/prebuiltsHost/swift-build/.build/arm64-apple-macosx/debug/SWBBuildServiceBundle (0x12b308a30). This may cause spurious casting failures and mysterious crashes. One of the duplicates must be removed or renamed.
objc[61689]: Class _TtC7SWBCore26SwiftABIGenerationToolSpec is implemented in both /Users/dschaefer2/swift/swiftpm/work/prebuiltsHost/swift-build/.build/arm64-apple-macosx/debug/SwiftBuildPackageTests.xctest/Contents/MacOS/SwiftBuildPackageTests (0x11a871a98) and /Users/dschaefer2/swift/swiftpm/work/prebuiltsHost/swift-build/.build/arm64-apple-macosx/debug/SWBBuildServiceBundle (0x12b308ae8). This may cause spurious casting failures and mysterious crashes. One of the duplicates must be removed or renamed.
objc[61689]: Class _TtC7SWBCore17SwiftCompilerSpec is implemented in both /Users/dschaefer2/swift/swiftpm/work/prebuiltsHost/swift-build/.build/arm64-apple-macosx/debug/SwiftBuildPackageTests.xctest/Contents/MacOS/SwiftBuildPackageTests (0x11a872110) and /Users/dschaefer2/swift/swiftpm/work/prebuiltsHost/swift-build/.build/arm64-apple-macosx/debug/SWBBuildServiceBundle (0x12b309178). This may cause spurious casting failures and mysterious crashes. One of the duplicates must be removed or renamed.
objc[61689]: Class _TtCFC7SWBCore17SwiftCompilerSpec19generatePreviewInfoFT3forPS_14ExecutableTask_5inputOS_28TaskGeneratePreviewInfoInput2fsP7SWBUtil7FSProxy__GSaVS_29TaskGeneratePreviewInfoOutput_L_8Delegate is implemented in both /Users/dschaefer2/swift/swiftpm/work/prebuiltsHost/swift-build/.build/arm64-apple-macosx/debug/SwiftBuildPackageTests.xctest/Contents/MacOS/SwiftBuildPackageTests (0x11a8724b8) and /Users/dschaefer2/swift/swiftpm/work/prebuiltsHost/swift-build/.build/arm64-apple-macosx/debug/SWBBuildServiceBundle (0x12b309520). This may cause spurious casting failures and mysterious crashes. One of the duplicates must be removed or renamed.
objc[61689]: Class _TtC7SWBCore19SwiftHeaderToolSpec is implemented in both /Users/dschaefer2/swift/swiftpm/work/prebuiltsHost/swift-build/.build/arm64-apple-macosx/debug/SwiftBuildPackageTests.xctest/Contents/MacOS/SwiftBuildPackageTests (0x11a872630) and /Users/dschaefer2/swift/swiftpm/work/prebuiltsHost/swift-build/.build/arm64-apple-macosx/debug/SWBBuildServiceBundle (0x12b309698). This may cause spurious casting failures and mysterious crashes. One of the duplicates must be removed or renamed.
objc[61689]: Class _TtC7SWBCore25SwiftCompilerOutputParser is implemented in both /Users/dschaefer2/swift/swiftpm/work/prebuiltsHost/swift-build/.build/arm64-apple-macosx/debug/SwiftBuildPackageTests.xctest/Contents/MacOS/SwiftBuildPackageTests (0x11a8729f8) and /Users/dschaefer2/swift/swiftpm/work/prebuiltsHost/swift-build/.build/arm64-apple-macosx/debug/SWBBuildServiceBundle (0x12b309a60). This may cause spurious casting failures and mysterious crashes. One of the duplicates must be removed or renamed.
objc[61689]: Class _TtC7SWBCore30LegacySwiftCommandOutputParser is implemented in both /Users/dschaefer2/swift/swiftpm/work/prebuiltsHost/swift-build/.build/arm64-apple-macosx/debug/SwiftBuildPackageTests.xctest/Contents/MacOS/SwiftBuildPackageTests (0x11a872ab0) and /Users/dschaefer2/swift/swiftpm/work/prebuiltsHost/swift-build/.build/arm64-apple-macosx/debug/SWBBuildServiceBundle (0x12b309b18). This may cause spurious casting failures and mysterious crashes. One of the duplicates must be removed or renamed.
objc[61689]: Class _TtC7SWBCore19SwiftStdLibToolSpec is implemented in both /Users/dschaefer2/swift/swiftpm/work/prebuiltsHost/swift-build/.build/arm64-apple-macosx/debug/SwiftBuildPackageTests.xctest/Contents/MacOS/SwiftBuildPackageTests (0x11a872c70) and /Users/dschaefer2/swift/swiftpm/work/prebuiltsHost/swift-build/.build/arm64-apple-macosx/debug/SWBBuildServiceBundle (0x12b309cd8). This may cause spurious casting failures and mysterious crashes. One of the duplicates must be removed or renamed.
objc[61689]: Class _TtC7SWBCore20SwiftSymbolExtractor is implemented in both /Users/dschaefer2/swift/swiftpm/work/prebuiltsHost/swift-build/.build/arm64-apple-macosx/debug/SwiftBuildPackageTests.xctest/Contents/MacOS/SwiftBuildPackageTests (0x11a873008) and /Users/dschaefer2/swift/swiftpm/work/prebuiltsHost/swift-build/.build/arm64-apple-macosx/debug/SWBBuildServiceBundle (0x12b30a070). This may cause spurious casting failures and mysterious crashes. One of the duplicates must be removed or renamed.
objc[61689]: Class _TtC7SWBCore15SymlinkToolSpec is implemented in both /Users/dschaefer2/swift/swiftpm/work/prebuiltsHost/swift-build/.build/arm64-apple-macosx/debug/SwiftBuildPackageTests.xctest/Contents/MacOS/SwiftBuildPackageTests (0x11a8733a8) and /Users/dschaefer2/swift/swiftpm/work/prebuiltsHost/swift-build/.build/arm64-apple-macosx/debug/SWBBuildServiceBundle (0x12b30a410). This may cause spurious casting failures and mysterious crashes. One of the duplicates must be removed or renamed.
objc[61689]: Class _TtC7SWBCore19TAPISymbolExtractor is implemented in both /Users/dschaefer2/swift/swiftpm/work/prebuiltsHost/swift-build/.build/arm64-apple-macosx/debug/SwiftBuildPackageTests.xctest/Contents/MacOS/SwiftBuildPackageTests (0x11a8737b0) and /Users/dschaefer2/swift/swiftpm/work/prebuiltsHost/swift-build/.build/arm64-apple-macosx/debug/SWBBuildServiceBundle (0x12b30a818). This may cause spurious casting failures and mysterious crashes. One of the duplicates must be removed or renamed.
objc[61689]: Class _TtC7SWBCore12TAPIToolSpec is implemented in both /Users/dschaefer2/swift/swiftpm/work/prebuiltsHost/swift-build/.build/arm64-apple-macosx/debug/SwiftBuildPackageTests.xctest/Contents/MacOS/SwiftBuildPackageTests (0x11a873b50) and /Users/dschaefer2/swift/swiftpm/work/prebuiltsHost/swift-build/.build/arm64-apple-macosx/debug/SWBBuildServiceBundle (0x12b30abb8). This may cause spurious casting failures and mysterious crashes. One of the duplicates must be removed or renamed.
objc[61689]: Class _TtC7SWBCore17TAPIMergeToolSpec is implemented in both /Users/dschaefer2/swift/swiftpm/work/prebuiltsHost/swift-build/.build/arm64-apple-macosx/debug/SwiftBuildPackageTests.xctest/Contents/MacOS/SwiftBuildPackageTests (0x11a873ee8) and /Users/dschaefer2/swift/swiftpm/work/prebuiltsHost/swift-build/.build/arm64-apple-macosx/debug/SWBBuildServiceBundle (0x12b30af50). This may cause spurious casting failures and mysterious crashes. One of the duplicates must be removed or renamed.
objc[61689]: Class _TtC7SWBCore10CustomTask is implemented in both /Users/dschaefer2/swift/swiftpm/work/prebuiltsHost/swift-build/.build/arm64-apple-macosx/debug/SwiftBuildPackageTests.xctest/Contents/MacOS/SwiftBuildPackageTests (0x11a8743d0) and /Users/dschaefer2/swift/swiftpm/work/prebuiltsHost/swift-build/.build/arm64-apple-macosx/debug/SWBBuildServiceBundle (0x12b30b438). This may cause spurious casting failures and mysterious crashes. One of the duplicates must be removed or renamed.
objc[61689]: Class _TtC7SWBCore16TargetDependency is implemented in both /Users/dschaefer2/swift/swiftpm/work/prebuiltsHost/swift-build/.build/arm64-apple-macosx/debug/SwiftBuildPackageTests.xctest/Contents/MacOS/SwiftBuildPackageTests (0x11a8744b0) and /Users/dschaefer2/swift/swiftpm/work/prebuiltsHost/swift-build/.build/arm64-apple-macosx/debug/SWBBuildServiceBundle (0x12b30b518). This may cause spurious casting failures and mysterious crashes. One of the duplicates must be removed or renamed.
objc[61689]: Class _TtC7SWBCore6Target is implemented in both /Users/dschaefer2/swift/swiftpm/work/prebuiltsHost/swift-build/.build/arm64-apple-macosx/debug/SwiftBuildPackageTests.xctest/Contents/MacOS/SwiftBuildPackageTests (0x11a874570) and /Users/dschaefer2/swift/swiftpm/work/prebuiltsHost/swift-build/.build/arm64-apple-macosx/debug/SWBBuildServiceBundle (0x12b30b5d8). This may cause spurious casting failures and mysterious crashes. One of the duplicates must be removed or renamed.
objc[61689]: Class _TtC7SWBCore16BuildPhaseTarget is implemented in both /Users/dschaefer2/swift/swiftpm/work/prebuiltsHost/swift-build/.build/arm64-apple-macosx/debug/SwiftBuildPackageTests.xctest/Contents/MacOS/SwiftBuildPackageTests (0x11a8746a0) and /Users/dschaefer2/swift/swiftpm/work/prebuiltsHost/swift-build/.build/arm64-apple-macosx/debug/SWBBuildServiceBundle (0x12b30b708). This may cause spurious casting failures and mysterious crashes. One of the duplicates must be removed or renamed.
objc[61689]: Class _TtC7SWBCore14StandardTarget is implemented in both /Users/dschaefer2/swift/swiftpm/work/prebuiltsHost/swift-build/.build/arm64-apple-macosx/debug/SwiftBuildPackageTests.xctest/Contents/MacOS/SwiftBuildPackageTests (0x11a874808) and /Users/dschaefer2/swift/swiftpm/work/prebuiltsHost/swift-build/.build/arm64-apple-macosx/debug/SWBBuildServiceBundle (0x12b30b870). This may cause spurious casting failures and mysterious crashes. One of the duplicates must be removed or renamed.
objc[61689]: Class _TtC7SWBCore15AggregateTarget is implemented in both /Users/dschaefer2/swift/swiftpm/work/prebuiltsHost/swift-build/.build/arm64-apple-macosx/debug/SwiftBuildPackageTests.xctest/Contents/MacOS/SwiftBuildPackageTests (0x11a8749b8) and /Users/dschaefer2/swift/swiftpm/work/prebuiltsHost/swift-build/.build/arm64-apple-macosx/debug/SWBBuildServiceBundle (0x12b30ba20). This may cause spurious casting failures and mysterious crashes. One of the duplicates must be removed or renamed.
objc[61689]: Class _TtC7SWBCore20PackageProductTarget is implemented in both /Users/dschaefer2/swift/swiftpm/work/prebuiltsHost/swift-build/.build/arm64-apple-macosx/debug/SwiftBuildPackageTests.xctest/Contents/MacOS/SwiftBuildPackageTests (0x11a874b20) and /Users/dschaefer2/swift/swiftpm/work/prebuiltsHost/swift-build/.build/arm64-apple-macosx/debug/SWBBuildServiceBundle (0x12b30bb88). This may cause spurious casting failures and mysterious crashes. One of the duplicates must be removed or renamed.
objc[61689]: Class _TtC7SWBCore14ExternalTarget is implemented in both /Users/dschaefer2/swift/swiftpm/work/prebuiltsHost/swift-build/.build/arm64-apple-macosx/debug/SwiftBuildPackageTests.xctest/Contents/MacOS/SwiftBuildPackageTests (0x11a874c70) and /Users/dschaefer2/swift/swiftpm/work/prebuiltsHost/swift-build/.build/arm64-apple-macosx/debug/SWBBuildServiceBundle (0x12b30bcd8). This may cause spurious casting failures and mysterious crashes. One of the duplicates must be removed or renamed.
objc[61689]: Class _TtC7SWBCoreP33_2EA7533959DAAC1F01FCDA06BF32F2A320DiscoveredTargetInfo is implemented in both /Users/dschaefer2/swift/swiftpm/work/prebuiltsHost/swift-build/.build/arm64-apple-macosx/debug/SwiftBuildPackageTests.xctest/Contents/MacOS/SwiftBuildPackageTests (0x11a874fb8) and /Users/dschaefer2/swift/swiftpm/work/prebuiltsHost/swift-build/.build/arm64-apple-macosx/debug/SWBBuildServiceBundle (0x12b30c020). This may cause spurious casting failures and mysterious crashes. One of the duplicates must be removed or renamed.
objc[61689]: Class _TtC7SWBCore24TargetDependencyResolver is implemented in both /Users/dschaefer2/swift/swiftpm/work/prebuiltsHost/swift-build/.build/arm64-apple-macosx/debug/SwiftBuildPackageTests.xctest/Contents/MacOS/SwiftBuildPackageTests (0x11a875060) and /Users/dschaefer2/swift/swiftpm/work/prebuiltsHost/swift-build/.build/arm64-apple-macosx/debug/SWBBuildServiceBundle (0x12b30c0c8). This may cause spurious casting failures and mysterious crashes. One of the duplicates must be removed or renamed.
objc[61689]: Class _TtC7SWBCore16TiffUtilToolSpec is implemented in both /Users/dschaefer2/swift/swiftpm/work/prebuiltsHost/swift-build/.build/arm64-apple-macosx/debug/SwiftBuildPackageTests.xctest/Contents/MacOS/SwiftBuildPackageTests (0x11a875370) and /Users/dschaefer2/swift/swiftpm/work/prebuiltsHost/swift-build/.build/arm64-apple-macosx/debug/SWBBuildServiceBundle (0x12b30c3d8). This may cause spurious casting failures and mysterious crashes. One of the duplicates must be removed or renamed.
objc[61689]: Class _TtC7SWBCore9Toolchain is implemented in both /Users/dschaefer2/swift/swiftpm/work/prebuiltsHost/swift-build/.build/arm64-apple-macosx/debug/SwiftBuildPackageTests.xctest/Contents/MacOS/SwiftBuildPackageTests (0x11a8757c0) and /Users/dschaefer2/swift/swiftpm/work/prebuiltsHost/swift-build/.build/arm64-apple-macosx/debug/SWBBuildServiceBundle (0x12b30c828). This may cause spurious casting failures and mysterious crashes. One of the duplicates must be removed or renamed.
objc[61689]: Class _TtC7SWBCore17ToolchainRegistry is implemented in both /Users/dschaefer2/swift/swiftpm/work/prebuiltsHost/swift-build/.build/arm64-apple-macosx/debug/SwiftBuildPackageTests.xctest/Contents/MacOS/SwiftBuildPackageTests (0x11a8758c0) and /Users/dschaefer2/swift/swiftpm/work/prebuiltsHost/swift-build/.build/arm64-apple-macosx/debug/SWBBuildServiceBundle (0x12b30c928). This may cause spurious casting failures and mysterious crashes. One of the duplicates must be removed or renamed.
objc[61689]: Class _TtC7SWBCore13TouchToolSpec is implemented in both /Users/dschaefer2/swift/swiftpm/work/prebuiltsHost/swift-build/.build/arm64-apple-macosx/debug/SwiftBuildPackageTests.xctest/Contents/MacOS/SwiftBuildPackageTests (0x11a875990) and /Users/dschaefer2/swift/swiftpm/work/prebuiltsHost/swift-build/.build/arm64-apple-macosx/debug/SWBBuildServiceBundle (0x12b30c9f8). This may cause spurious casting failures and mysterious crashes. One of the duplicates must be removed or renamed.
objc[61689]: Class _TtC7SWBCore15UnifdefToolSpec is implemented in both /Users/dschaefer2/swift/swiftpm/work/prebuiltsHost/swift-build/.build/arm64-apple-macosx/debug/SwiftBuildPackageTests.xctest/Contents/MacOS/SwiftBuildPackageTests (0x11a875d30) and /Users/dschaefer2/swift/swiftpm/work/prebuiltsHost/swift-build/.build/arm64-apple-macosx/debug/SWBBuildServiceBundle (0x12b30cd98). This may cause spurious casting failures and mysterious crashes. One of the duplicates must be removed or renamed.
objc[61689]: Class _TtC7SWBCore25ValidateDevelopmentAssets is implemented in both /Users/dschaefer2/swift/swiftpm/work/prebuiltsHost/swift-build/.build/arm64-apple-macosx/debug/SwiftBuildPackageTests.xctest/Contents/MacOS/SwiftBuildPackageTests (0x11a8760c8) and /Users/dschaefer2/swift/swiftpm/work/prebuiltsHost/swift-build/.build/arm64-apple-macosx/debug/SWBBuildServiceBundle (0x12b30d130). This may cause spurious casting failures and mysterious crashes. One of the duplicates must be removed or renamed.
objc[61689]: Class _TtC7SWBCore30ValidateEmbeddedBinaryToolSpec is implemented in both /Users/dschaefer2/swift/swiftpm/work/prebuiltsHost/swift-build/.build/arm64-apple-macosx/debug/SwiftBuildPackageTests.xctest/Contents/MacOS/SwiftBuildPackageTests (0x11a876468) and /Users/dschaefer2/swift/swiftpm/work/prebuiltsHost/swift-build/.build/arm64-apple-macosx/debug/SWBBuildServiceBundle (0x12b30d4d0). This may cause spurious casting failures and mysterious crashes. One of the duplicates must be removed or renamed.
objc[61689]: Class _TtC7SWBCore23ValidateProductToolSpec is implemented in both /Users/dschaefer2/swift/swiftpm/work/prebuiltsHost/swift-build/.build/arm64-apple-macosx/debug/SwiftBuildPackageTests.xctest/Contents/MacOS/SwiftBuildPackageTests (0x11a876800) and /Users/dschaefer2/swift/swiftpm/work/prebuiltsHost/swift-build/.build/arm64-apple-macosx/debug/SWBBuildServiceBundle (0x12b30d868). This may cause spurious casting failures and mysterious crashes. One of the duplicates must be removed or renamed.
objc[61689]: Class _TtC7SWBCore9Workspace is implemented in both /Users/dschaefer2/swift/swiftpm/work/prebuiltsHost/swift-build/.build/arm64-apple-macosx/debug/SwiftBuildPackageTests.xctest/Contents/MacOS/SwiftBuildPackageTests (0x11a876c48) and /Users/dschaefer2/swift/swiftpm/work/prebuiltsHost/swift-build/.build/arm64-apple-macosx/debug/SWBBuildServiceBundle (0x12b30dcb0). This may cause spurious casting failures and mysterious crashes. One of the duplicates must be removed or renamed.
objc[61689]: Class _TtC7SWBCore16WorkspaceContext is implemented in both /Users/dschaefer2/swift/swiftpm/work/prebuiltsHost/swift-build/.build/arm64-apple-macosx/debug/SwiftBuildPackageTests.xctest/Contents/MacOS/SwiftBuildPackageTests (0x11a876e10) and /Users/dschaefer2/swift/swiftpm/work/prebuiltsHost/swift-build/.build/arm64-apple-macosx/debug/SWBBuildServiceBundle (0x12b30de78). This may cause spurious casting failures and mysterious crashes. One of the duplicates must be removed or renamed.
objc[61689]: Class _TtC7SWBCore20WorkspaceHeaderIndex is implemented in both /Users/dschaefer2/swift/swiftpm/work/prebuiltsHost/swift-build/.build/arm64-apple-macosx/debug/SwiftBuildPackageTests.xctest/Contents/MacOS/SwiftBuildPackageTests (0x11a876f70) and /Users/dschaefer2/swift/swiftpm/work/prebuiltsHost/swift-build/.build/arm64-apple-macosx/debug/SWBBuildServiceBundle (0x12b30e000). This may cause spurious casting failures and mysterious crashes. One of the duplicates must be removed or renamed.
objc[61689]: Class _TtC7SWBCore22WorkspaceSettingsCache is implemented in both /Users/dschaefer2/swift/swiftpm/work/prebuiltsHost/swift-build/.build/arm64-apple-macosx/debug/SwiftBuildPackageTests.xctest/Contents/MacOS/SwiftBuildPackageTests (0x11a8770e0) and /Users/dschaefer2/swift/swiftpm/work/prebuiltsHost/swift-build/.build/arm64-apple-macosx/debug/SWBBuildServiceBundle (0x12b30e170). This may cause spurious casting failures and mysterious crashes. One of the duplicates must be removed or renamed.
objc[61689]: Class _TtC7SWBCore13WriteFileSpec is implemented in both /Users/dschaefer2/swift/swiftpm/work/prebuiltsHost/swift-build/.build/arm64-apple-macosx/debug/SwiftBuildPackageTests.xctest/Contents/MacOS/SwiftBuildPackageTests (0x11a877238) and /Users/dschaefer2/swift/swiftpm/work/prebuiltsHost/swift-build/.build/arm64-apple-macosx/debug/SWBBuildServiceBundle (0x12b30e2c8). This may cause spurious casting failures and mysterious crashes. One of the duplicates must be removed or renamed.
objc[61689]: Class _TtC22SWBGenericUnixPlatform17GenericUnixPlugin is implemented in both /Users/dschaefer2/swift/swiftpm/work/prebuiltsHost/swift-build/.build/arm64-apple-macosx/debug/SwiftBuildPackageTests.xctest/Contents/MacOS/SwiftBuildPackageTests (0x11a879448) and /Users/dschaefer2/swift/swiftpm/work/prebuiltsHost/swift-build/.build/arm64-apple-macosx/debug/SWBBuildServiceBundle (0x12b30e888). This may cause spurious casting failures and mysterious crashes. One of the duplicates must be removed or renamed.
objc[61689]: Class _TtC10SWBLLBuild14FileSystemImpl is implemented in both /Users/dschaefer2/swift/swiftpm/work/prebuiltsHost/swift-build/.build/arm64-apple-macosx/debug/SwiftBuildPackageTests.xctest/Contents/MacOS/SwiftBuildPackageTests (0x11a879510) and /Users/dschaefer2/swift/swiftpm/work/prebuiltsHost/swift-build/.build/arm64-apple-macosx/debug/SWBBuildServiceBundle (0x12b30e940). This may cause spurious casting failures and mysterious crashes. One of the duplicates must be removed or renamed.
objc[61689]: Class _TtC8SWBMacro14MacroCondition is implemented in both /Users/dschaefer2/swift/swiftpm/work/prebuiltsHost/swift-build/.build/arm64-apple-macosx/debug/SwiftBuildPackageTests.xctest/Contents/MacOS/SwiftBuildPackageTests (0x11a879fc0) and /Users/dschaefer2/swift/swiftpm/work/prebuiltsHost/swift-build/.build/arm64-apple-macosx/debug/SWBBuildServiceBundle (0x12b30ea08). This may cause spurious casting failures and mysterious crashes. One of the duplicates must be removed or renamed.
objc[61689]: Class _TtC8SWBMacro24MacroConditionExpression is implemented in both /Users/dschaefer2/swift/swiftpm/work/prebuiltsHost/swift-build/.build/arm64-apple-macosx/debug/SwiftBuildPackageTests.xctest/Contents/MacOS/SwiftBuildPackageTests (0x11a87a078) and /Users/dschaefer2/swift/swiftpm/work/prebuiltsHost/swift-build/.build/arm64-apple-macosx/debug/SWBBuildServiceBundle (0x12b30eac0). This may cause spurious casting failures and mysterious crashes. One of the duplicates must be removed or renamed.
objc[61689]: Class _TtC8SWBMacroP33_7711D632F38AA19BE321EC8B6FEE5B7430MacroConditionStringExpression is implemented in both /Users/dschaefer2/swift/swiftpm/work/prebuiltsHost/swift-build/.build/arm64-apple-macosx/debug/SwiftBuildPackageTests.xctest/Contents/MacOS/SwiftBuildPackageTests (0x11a87a170) and /Users/dschaefer2/swift/swiftpm/work/prebuiltsHost/swift-build/.build/arm64-apple-macosx/debug/SWBBuildServiceBundle (0x12b30ebb8). This may cause spurious casting failures and mysterious crashes. One of the duplicates must be removed or renamed.
objc[61689]: Class _TtC8SWBMacroP33_7711D632F38AA19BE321EC8B6FEE5B7438MacroConditionStringConstantExpression is implemented in both /Users/dschaefer2/swift/swiftpm/work/prebuiltsHost/swift-build/.build/arm64-apple-macosx/debug/SwiftBuildPackageTests.xctest/Contents/MacOS/SwiftBuildPackageTests (0x11a87a268) and /Users/dschaefer2/swift/swiftpm/work/prebuiltsHost/swift-build/.build/arm64-apple-macosx/debug/SWBBuildServiceBundle (0x12b30ecb0). This may cause spurious casting failures and mysterious crashes. One of the duplicates must be removed or renamed.
objc[61689]: Class _TtC8SWBMacroP33_7711D632F38AA19BE321EC8B6FEE5B7431MacroConditionBooleanExpression is implemented in both /Users/dschaefer2/swift/swiftpm/work/prebuiltsHost/swift-build/.build/arm64-apple-macosx/debug/SwiftBuildPackageTests.xctest/Contents/MacOS/SwiftBuildPackageTests (0x11a87a370) and /Users/dschaefer2/swift/swiftpm/work/prebuiltsHost/swift-build/.build/arm64-apple-macosx/debug/SWBBuildServiceBundle (0x12b30edb8). This may cause spurious casting failures and mysterious crashes. One of the duplicates must be removed or renamed.
objc[61689]: Class _TtC8SWBMacroP33_7711D632F38AA19BE321EC8B6FEE5B7436MacroConditionTrueConstantExpression is implemented in both /Users/dschaefer2/swift/swiftpm/work/prebuiltsHost/swift-build/.build/arm64-apple-macosx/debug/SwiftBuildPackageTests.xctest/Contents/MacOS/SwiftBuildPackageTests (0x11a87a468) and /Users/dschaefer2/swift/swiftpm/work/prebuiltsHost/swift-build/.build/arm64-apple-macosx/debug/SWBBuildServiceBundle (0x12b30eeb0). This may cause spurious casting failures and mysterious crashes. One of the duplicates must be removed or renamed.
objc[61689]: Class _TtC8SWBMacroP33_7711D632F38AA19BE321EC8B6FEE5B7437MacroConditionFalseConstantExpression is implemented in both /Users/dschaefer2/swift/swiftpm/work/prebuiltsHost/swift-build/.build/arm64-apple-macosx/debug/SwiftBuildPackageTests.xctest/Contents/MacOS/SwiftBuildPackageTests (0x11a87a560) and /Users/dschaefer2/swift/swiftpm/work/prebuiltsHost/swift-build/.build/arm64-apple-macosx/debug/SWBBuildServiceBundle (0x12b30efa8). This may cause spurious casting failures and mysterious crashes. One of the duplicates must be removed or renamed.
objc[61689]: Class _TtC8SWBMacroP33_7711D632F38AA19BE321EC8B6FEE5B7436MacroConditionUnaryBooleanExpression is implemented in both /Users/dschaefer2/swift/swiftpm/work/prebuiltsHost/swift-build/.build/arm64-apple-macosx/debug/SwiftBuildPackageTests.xctest/Contents/MacOS/SwiftBuildPackageTests (0x11a87a658) and /Users/dschaefer2/swift/swiftpm/work/prebuiltsHost/swift-build/.build/arm64-apple-macosx/debug/SWBBuildServiceBundle (0x12b30f0a0). This may cause spurious casting failures and mysterious crashes. One of the duplicates must be removed or renamed.
objc[61689]: Class _TtC8SWBMacroP33_7711D632F38AA19BE321EC8B6FEE5B7434MacroConditionLogicalNOTExpression is implemented in both /Users/dschaefer2/swift/swiftpm/work/prebuiltsHost/swift-build/.build/arm64-apple-macosx/debug/SwiftBuildPackageTests.xctest/Contents/MacOS/SwiftBuildPackageTests (0x11a87a760) and /Users/dschaefer2/swift/swiftpm/work/prebuiltsHost/swift-build/.build/arm64-apple-macosx/debug/SWBBuildServiceBundle (0x12b30f1a8). This may cause spurious casting failures and mysterious crashes. One of the duplicates must be removed or renamed.
objc[61689]: Class _TtC8SWBMacroP33_7711D632F38AA19BE321EC8B6FEE5B7437MacroConditionBinaryBooleanExpression is implemented in both /Users/dschaefer2/swift/swiftpm/work/prebuiltsHost/swift-build/.build/arm64-apple-macosx/debug/SwiftBuildPackageTests.xctest/Contents/MacOS/SwiftBuildPackageTests (0x11a87a868) and /Users/dschaefer2/swift/swiftpm/work/prebuiltsHost/swift-build/.build/arm64-apple-macosx/debug/SWBBuildServiceBundle (0x12b30f2b0). This may cause spurious casting failures and mysterious crashes. One of the duplicates must be removed or renamed.
objc[61689]: Class _TtC8SWBMacroP33_7711D632F38AA19BE321EC8B6FEE5B7432MacroConditionEqualityExpression is implemented in both /Users/dschaefer2/swift/swiftpm/work/prebuiltsHost/swift-build/.build/arm64-apple-macosx/debug/SwiftBuildPackageTests.xctest/Contents/MacOS/SwiftBuildPackageTests (0x11a87a978) and /Users/dschaefer2/swift/swiftpm/work/prebuiltsHost/swift-build/.build/arm64-apple-macosx/debug/SWBBuildServiceBundle (0x12b30f3c0). This may cause spurious casting failures and mysterious crashes. One of the duplicates must be removed or renamed.
objc[61689]: Class _TtC8SWBMacroP33_7711D632F38AA19BE321EC8B6FEE5B7434MacroConditionInequalityExpression is implemented in both /Users/dschaefer2/swift/swiftpm/work/prebuiltsHost/swift-build/.build/arm64-apple-macosx/debug/SwiftBuildPackageTests.xctest/Contents/MacOS/SwiftBuildPackageTests (0x11a87aa88) and /Users/dschaefer2/swift/swiftpm/work/prebuiltsHost/swift-build/.build/arm64-apple-macosx/debug/SWBBuildServiceBundle (0x12b30f4d0). This may cause spurious casting failures and mysterious crashes. One of the duplicates must be removed or renamed.
objc[61689]: Class _TtC8SWBMacroP33_7711D632F38AA19BE321EC8B6FEE5B7434MacroConditionLogicalANDExpression is implemented in both /Users/dschaefer2/swift/swiftpm/work/prebuiltsHost/swift-build/.build/arm64-apple-macosx/debug/SwiftBuildPackageTests.xctest/Contents/MacOS/SwiftBuildPackageTests (0x11a87ab98) and /Users/dschaefer2/swift/swiftpm/work/prebuiltsHost/swift-build/.build/arm64-apple-macosx/debug/SWBBuildServiceBundle (0x12b30f5e0). This may cause spurious casting failures and mysterious crashes. One of the duplicates must be removed or renamed.
objc[61689]: Class _TtC8SWBMacroP33_7711D632F38AA19BE321EC8B6FEE5B7433MacroConditionLogicalORExpression is implemented in both /Users/dschaefer2/swift/swiftpm/work/prebuiltsHost/swift-build/.build/arm64-apple-macosx/debug/SwiftBuildPackageTests.xctest/Contents/MacOS/SwiftBuildPackageTests (0x11a87aca8) and /Users/dschaefer2/swift/swiftpm/work/prebuiltsHost/swift-build/.build/arm64-apple-macosx/debug/SWBBuildServiceBundle (0x12b30f6f0). This may cause spurious casting failures and mysterious crashes. One of the duplicates must be removed or renamed.
objc[61689]: Class _TtC8SWBMacroP33_7711D632F38AA19BE321EC8B6FEE5B7434MacroConditionLogicalXORExpression is implemented in both /Users/dschaefer2/swift/swiftpm/work/prebuiltsHost/swift-build/.build/arm64-apple-macosx/debug/SwiftBuildPackageTests.xctest/Contents/MacOS/SwiftBuildPackageTests (0x11a87adb8) and /Users/dschaefer2/swift/swiftpm/work/prebuiltsHost/swift-build/.build/arm64-apple-macosx/debug/SWBBuildServiceBundle (0x12b30f800). This may cause spurious casting failures and mysterious crashes. One of the duplicates must be removed or renamed.
objc[61689]: Class _TtC8SWBMacroP33_7711D632F38AA19BE321EC8B6FEE5B7432MacroConditionContainsExpression is implemented in both /Users/dschaefer2/swift/swiftpm/work/prebuiltsHost/swift-build/.build/arm64-apple-macosx/debug/SwiftBuildPackageTests.xctest/Contents/MacOS/SwiftBuildPackageTests (0x11a87aec8) and /Users/dschaefer2/swift/swiftpm/work/prebuiltsHost/swift-build/.build/arm64-apple-macosx/debug/SWBBuildServiceBundle (0x12b30f910). This may cause spurious casting failures and mysterious crashes. One of the duplicates must be removed or renamed.
objc[61689]: Class _TtC8SWBMacroP33_7711D632F38AA19BE321EC8B6FEE5B7442MacroConditionTernaryConditionalExpression is implemented in both /Users/dschaefer2/swift/swiftpm/work/prebuiltsHost/swift-build/.build/arm64-apple-macosx/debug/SwiftBuildPackageTests.xctest/Contents/MacOS/SwiftBuildPackageTests (0x11a87afd8) and /Users/dschaefer2/swift/swiftpm/work/prebuiltsHost/swift-build/.build/arm64-apple-macosx/debug/SWBBuildServiceBundle (0x12b30fa20). This may cause spurious casting failures and mysterious crashes. One of the duplicates must be removed or renamed.
objc[61689]: Class _TtC8SWBMacroP33_7711D632F38AA19BE321EC8B6FEE5B7412ScannerState is implemented in both /Users/dschaefer2/swift/swiftpm/work/prebuiltsHost/swift-build/.build/arm64-apple-macosx/debug/SwiftBuildPackageTests.xctest/Contents/MacOS/SwiftBuildPackageTests (0x11a87b0f0) and /Users/dschaefer2/swift/swiftpm/work/prebuiltsHost/swift-build/.build/arm64-apple-macosx/debug/SWBBuildServiceBundle (0x12b30fb38). This may cause spurious casting failures and mysterious crashes. One of the duplicates must be removed or renamed.
objc[61689]: Class _TtC8SWBMacroP33_7711D632F38AA19BE321EC8B6FEE5B7411ParserState is implemented in both /Users/dschaefer2/swift/swiftpm/work/prebuiltsHost/swift-build/.build/arm64-apple-macosx/debug/SwiftBuildPackageTests.xctest/Contents/MacOS/SwiftBuildPackageTests (0x11a87b200) and /Users/dschaefer2/swift/swiftpm/work/prebuiltsHost/swift-build/.build/arm64-apple-macosx/debug/SWBBuildServiceBundle (0x12b30fc48). This may cause spurious casting failures and mysterious crashes. One of the duplicates must be removed or renamed.
objc[61689]: Class _TtC8SWBMacro23MacroConditionParameter is implemented in both /Users/dschaefer2/swift/swiftpm/work/prebuiltsHost/swift-build/.build/arm64-apple-macosx/debug/SwiftBuildPackageTests.xctest/Contents/MacOS/SwiftBuildPackageTests (0x11a87b300) and /Users/dschaefer2/swift/swiftpm/work/prebuiltsHost/swift-build/.build/arm64-apple-macosx/debug/SWBBuildServiceBundle (0x12b30fd48). This may cause spurious casting failures and mysterious crashes. One of the duplicates must be removed or renamed.
objc[61689]: Class _TtC8SWBMacro17MacroConditionSet is implemented in both /Users/dschaefer2/swift/swiftpm/work/prebuiltsHost/swift-build/.build/arm64-apple-macosx/debug/SwiftBuildPackageTests.xctest/Contents/MacOS/SwiftBuildPackageTests (0x11a87b3a0) and /Users/dschaefer2/swift/swiftpm/work/prebuiltsHost/swift-build/.build/arm64-apple-macosx/debug/SWBBuildServiceBundle (0x12b30fde8). This may cause spurious casting failures and mysterious crashes. One of the duplicates must be removed or renamed.
objc[61689]: Class _TtC8SWBMacro21MacroConfigFileParser is implemented in both /Users/dschaefer2/swift/swiftpm/work/prebuiltsHost/swift-build/.build/arm64-apple-macosx/debug/SwiftBuildPackageTests.xctest/Contents/MacOS/SwiftBuildPackageTests (0x11a87b478) and /Users/dschaefer2/swift/swiftpm/work/prebuiltsHost/swift-build/.build/arm64-apple-macosx/debug/SWBBuildServiceBundle (0x12b30fec0). This may cause spurious casting failures and mysterious crashes. One of the duplicates must be removed or renamed.
objc[61689]: Class _TtCZFC8SWBMacro21MacroConfigFileParser29parseMacroNameAndConditionSetFSSTGSqSS_GSqGSaT5paramSS7patternSS____L_23SingleMacroNameDelegate is implemented in both /Users/dschaefer2/swift/swiftpm/work/prebuiltsHost/swift-build/.build/arm64-apple-macosx/debug/SwiftBuildPackageTests.xctest/Contents/MacOS/SwiftBuildPackageTests (0x11a87b558) and /Users/dschaefer2/swift/swiftpm/work/prebuiltsHost/swift-build/.build/arm64-apple-macosx/debug/SWBBuildServiceBundle (0x12b30ffa0). This may cause spurious casting failures and mysterious crashes. One of the duplicates must be removed or renamed.
objc[61689]: Class _TtC8SWBMacro16MacroDeclaration is implemented in both /Users/dschaefer2/swift/swiftpm/work/prebuiltsHost/swift-build/.build/arm64-apple-macosx/debug/SwiftBuildPackageTests.xctest/Contents/MacOS/SwiftBuildPackageTests (0x11a87b658) and /Users/dschaefer2/swift/swiftpm/work/prebuiltsHost/swift-build/.build/arm64-apple-macosx/debug/SWBBuildServiceBundle (0x12b3100a0). This may cause spurious casting failures and mysterious crashes. One of the duplicates must be removed or renamed.
objc[61689]: Class _TtC8SWBMacro23BooleanMacroDeclaration is implemented in both /Users/dschaefer2/swift/swiftpm/work/prebuiltsHost/swift-build/.build/arm64-apple-macosx/debug/SwiftBuildPackageTests.xctest/Contents/MacOS/SwiftBuildPackageTests (0x11a87b728) and /Users/dschaefer2/swift/swiftpm/work/prebuiltsHost/swift-build/.build/arm64-apple-macosx/debug/SWBBuildServiceBundle (0x12b310170). This may cause spurious casting failures and mysterious crashes. One of the duplicates must be removed or renamed.
objc[61689]: Class _TtC8SWBMacro23AnyEnumMacroDeclaration is implemented in both /Users/dschaefer2/swift/swiftpm/work/prebuiltsHost/swift-build/.build/arm64-apple-macosx/debug/SwiftBuildPackageTests.xctest/Contents/MacOS/SwiftBuildPackageTests (0x11a87b7f8) and /Users/dschaefer2/swift/swiftpm/work/prebuiltsHost/swift-build/.build/arm64-apple-macosx/debug/SWBBuildServiceBundle (0x12b310240). This may cause spurious casting failures and mysterious crashes. One of the duplicates must be removed or renamed.
objc[61689]: Class _TtC8SWBMacro22StringMacroDeclaration is implemented in both /Users/dschaefer2/swift/swiftpm/work/prebuiltsHost/swift-build/.build/arm64-apple-macosx/debug/SwiftBuildPackageTests.xctest/Contents/MacOS/SwiftBuildPackageTests (0x11a87b8c8) and /Users/dschaefer2/swift/swiftpm/work/prebuiltsHost/swift-build/.build/arm64-apple-macosx/debug/SWBBuildServiceBundle (0x12b310310). This may cause spurious casting failures and mysterious crashes. One of the duplicates must be removed or renamed.
objc[61689]: Class _TtC8SWBMacro26StringListMacroDeclaration is implemented in both /Users/dschaefer2/swift/swiftpm/work/prebuiltsHost/swift-build/.build/arm64-apple-macosx/debug/SwiftBuildPackageTests.xctest/Contents/MacOS/SwiftBuildPackageTests (0x11a87b998) and /Users/dschaefer2/swift/swiftpm/work/prebuiltsHost/swift-build/.build/arm64-apple-macosx/debug/SWBBuildServiceBundle (0x12b3103e0). This may cause spurious casting failures and mysterious crashes. One of the duplicates must be removed or renamed.
objc[61689]: Class _TtC8SWBMacro27UserDefinedMacroDeclaration is implemented in both /Users/dschaefer2/swift/swiftpm/work/prebuiltsHost/swift-build/.build/arm64-apple-macosx/debug/SwiftBuildPackageTests.xctest/Contents/MacOS/SwiftBuildPackageTests (0x11a87ba68) and /Users/dschaefer2/swift/swiftpm/work/prebuiltsHost/swift-build/.build/arm64-apple-macosx/debug/SWBBuildServiceBundle (0x12b3104b0). This may cause spurious casting failures and mysterious crashes. One of the duplicates must be removed or renamed.
objc[61689]: Class _TtC8SWBMacro20PathMacroDeclaration is implemented in both /Users/dschaefer2/swift/swiftpm/work/prebuiltsHost/swift-build/.build/arm64-apple-macosx/debug/SwiftBuildPackageTests.xctest/Contents/MacOS/SwiftBuildPackageTests (0x11a87bb38) and /Users/dschaefer2/swift/swiftpm/work/prebuiltsHost/swift-build/.build/arm64-apple-macosx/debug/SWBBuildServiceBundle (0x12b310580). This may cause spurious casting failures and mysterious crashes. One of the duplicates must be removed or renamed.
objc[61689]: Class _TtC8SWBMacro24PathListMacroDeclaration is implemented in both /Users/dschaefer2/swift/swiftpm/work/prebuiltsHost/swift-build/.build/arm64-apple-macosx/debug/SwiftBuildPackageTests.xctest/Contents/MacOS/SwiftBuildPackageTests (0x11a87bc08) and /Users/dschaefer2/swift/swiftpm/work/prebuiltsHost/swift-build/.build/arm64-apple-macosx/debug/SWBBuildServiceBundle (0x12b310650). This may cause spurious casting failures and mysterious crashes. One of the duplicates must be removed or renamed.
objc[61689]: Class _TtC8SWBMacro30PathOrderedSetMacroDeclaration is implemented in both /Users/dschaefer2/swift/swiftpm/work/prebuiltsHost/swift-build/.build/arm64-apple-macosx/debug/SwiftBuildPackageTests.xctest/Contents/MacOS/SwiftBuildPackageTests (0x11a87bcd8) and /Users/dschaefer2/swift/swiftpm/work/prebuiltsHost/swift-build/.build/arm64-apple-macosx/debug/SWBBuildServiceBundle (0x12b310720). This may cause spurious casting failures and mysterious crashes. One of the duplicates must be removed or renamed.
objc[61689]: Class _TtC8SWBMacro22MacroEvaluationProgram is implemented in both /Users/dschaefer2/swift/swiftpm/work/prebuiltsHost/swift-build/.build/arm64-apple-macosx/debug/SwiftBuildPackageTests.xctest/Contents/MacOS/SwiftBuildPackageTests (0x11a87be08) and /Users/dschaefer2/swift/swiftpm/work/prebuiltsHost/swift-build/.build/arm64-apple-macosx/debug/SWBBuildServiceBundle (0x12b310858). This may cause spurious casting failures and mysterious crashes. One of the duplicates must be removed or renamed.
objc[61689]: Class _TtC8SWBMacro29MacroEvaluationProgramBuilder is implemented in both /Users/dschaefer2/swift/swiftpm/work/prebuiltsHost/swift-build/.build/arm64-apple-macosx/debug/SwiftBuildPackageTests.xctest/Contents/MacOS/SwiftBuildPackageTests (0x11a87beb0) and /Users/dschaefer2/swift/swiftpm/work/prebuiltsHost/swift-build/.build/arm64-apple-macosx/debug/SWBBuildServiceBundle (0x12b310900). This may cause spurious casting failures and mysterious crashes. One of the duplicates must be removed or renamed.
objc[61689]: Class _TtC8SWBMacro28MacroEvaluationResultBuilder is implemented in both /Users/dschaefer2/swift/swiftpm/work/prebuiltsHost/swift-build/.build/arm64-apple-macosx/debug/SwiftBuildPackageTests.xctest/Contents/MacOS/SwiftBuildPackageTests (0x11a87bf50) and /Users/dschaefer2/swift/swiftpm/work/prebuiltsHost/swift-build/.build/arm64-apple-macosx/debug/SWBBuildServiceBundle (0x12b3109a0). This may cause spurious casting failures and mysterious crashes. One of the duplicates must be removed or renamed.
objc[61689]: Class _TtCFC8SWBMacro22MacroEvaluationProgram16executeInContextFTCS_22MacroEvaluationContext17withResultBuilderCS_28MacroEvaluationResultBuilder18alwaysEvalAsStringSb_T_L_15EvaluationFrame is implemented in both /Users/dschaefer2/swift/swiftpm/work/prebuiltsHost/swift-build/.build/arm64-apple-macosx/debug/SwiftBuildPackageTests.xctest/Contents/MacOS/SwiftBuildPackageTests (0x11a87c008) and /Users/dschaefer2/swift/swiftpm/work/prebuiltsHost/swift-build/.build/arm64-apple-macosx/debug/SWBBuildServiceBundle (0x12b310a58). This may cause spurious casting failures and mysterious crashes. One of the duplicates must be removed or renamed.
objc[61689]: Class _TtC8SWBMacro20MacroEvaluationScope is implemented in both /Users/dschaefer2/swift/swiftpm/work/prebuiltsHost/swift-build/.build/arm64-apple-macosx/debug/SwiftBuildPackageTests.xctest/Contents/MacOS/SwiftBuildPackageTests (0x11a87c0f8) and /Users/dschaefer2/swift/swiftpm/work/prebuiltsHost/swift-build/.build/arm64-apple-macosx/debug/SWBBuildServiceBundle (0x12b310b48). This may cause spurious casting failures and mysterious crashes. One of the duplicates must be removed or renamed.
objc[61689]: Class _TtC8SWBMacro22MacroEvaluationContext is implemented in both /Users/dschaefer2/swift/swiftpm/work/prebuiltsHost/swift-build/.build/arm64-apple-macosx/debug/SwiftBuildPackageTests.xctest/Contents/MacOS/SwiftBuildPackageTests (0x11a87c1c0) and /Users/dschaefer2/swift/swiftpm/work/prebuiltsHost/swift-build/.build/arm64-apple-macosx/debug/SWBBuildServiceBundle (0x12b310c10). This may cause spurious casting failures and mysterious crashes. One of the duplicates must be removed or renamed.
objc[61689]: Class _TtC8SWBMacro15MacroExpression is implemented in both /Users/dschaefer2/swift/swiftpm/work/prebuiltsHost/swift-build/.build/arm64-apple-macosx/debug/SwiftBuildPackageTests.xctest/Contents/MacOS/SwiftBuildPackageTests (0x11a87c2c8) and /Users/dschaefer2/swift/swiftpm/work/prebuiltsHost/swift-build/.build/arm64-apple-macosx/debug/SWBBuildServiceBundle (0x12b310d18). This may cause spurious casting failures and mysterious crashes. One of the duplicates must be removed or renamed.
objc[61689]: Class _TtC8SWBMacro21MacroStringExpression is implemented in both /Users/dschaefer2/swift/swiftpm/work/prebuiltsHost/swift-build/.build/arm64-apple-macosx/debug/SwiftBuildPackageTests.xctest/Contents/MacOS/SwiftBuildPackageTests (0x11a87c3a0) and /Users/dschaefer2/swift/swiftpm/work/prebuiltsHost/swift-build/.build/arm64-apple-macosx/debug/SWBBuildServiceBundle (0x12b310df0). This may cause spurious casting failures and mysterious crashes. One of the duplicates must be removed or renamed.
objc[61689]: Class _TtC8SWBMacro25MacroStringListExpression is implemented in both /Users/dschaefer2/swift/swiftpm/work/prebuiltsHost/swift-build/.build/arm64-apple-macosx/debug/SwiftBuildPackageTests.xctest/Contents/MacOS/SwiftBuildPackageTests (0x11a87c478) and /Users/dschaefer2/swift/swiftpm/work/prebuiltsHost/swift-build/.build/arm64-apple-macosx/debug/SWBBuildServiceBundle (0x12b310ec8). This may cause spurious casting failures and mysterious crashes. One of the duplicates must be removed or renamed.
objc[61689]: Class _TtC8SWBMacro21MacroExpressionParser is implemented in both /Users/dschaefer2/swift/swiftpm/work/prebuiltsHost/swift-build/.build/arm64-apple-macosx/debug/SwiftBuildPackageTests.xctest/Contents/MacOS/SwiftBuildPackageTests (0x11a87c578) and /Users/dschaefer2/swift/swiftpm/work/prebuiltsHost/swift-build/.build/arm64-apple-macosx/debug/SWBBuildServiceBundle (0x12b310fd0). This may cause spurious casting failures and mysterious crashes. One of the duplicates must be removed or renamed.
objc[61689]: Class _TtC8SWBMacro14MacroNamespace is implemented in both /Users/dschaefer2/swift/swiftpm/work/prebuiltsHost/swift-build/.build/arm64-apple-macosx/debug/SwiftBuildPackageTests.xctest/Contents/MacOS/SwiftBuildPackageTests (0x11a87c698) and /Users/dschaefer2/swift/swiftpm/work/prebuiltsHost/swift-build/.build/arm64-apple-macosx/debug/SWBBuildServiceBundle (0x12b3110f8). This may cause spurious casting failures and mysterious crashes. One of the duplicates must be removed or renamed.
objc[61689]: Class _TtCC8SWBMacro14MacroNamespaceP33_8F1BBB821480CC07D21D79B492EF209641MacroExpressionInstructionEmitterDelegate is implemented in both /Users/dschaefer2/swift/swiftpm/work/prebuiltsHost/swift-build/.build/arm64-apple-macosx/debug/SwiftBuildPackageTests.xctest/Contents/MacOS/SwiftBuildPackageTests (0x11a87c750) and /Users/dschaefer2/swift/swiftpm/work/prebuiltsHost/swift-build/.build/arm64-apple-macosx/debug/SWBBuildServiceBundle (0x12b3111b0). This may cause spurious casting failures and mysterious crashes. One of the duplicates must be removed or renamed.
objc[61689]: Class _TtC8SWBMacro20MacroValueAssignment is implemented in both /Users/dschaefer2/swift/swiftpm/work/prebuiltsHost/swift-build/.build/arm64-apple-macosx/debug/SwiftBuildPackageTests.xctest/Contents/MacOS/SwiftBuildPackageTests (0x11a87c970) and /Users/dschaefer2/swift/swiftpm/work/prebuiltsHost/swift-build/.build/arm64-apple-macosx/debug/SWBBuildServiceBundle (0x12b3113d8). This may cause spurious casting failures and mysterious crashes. One of the duplicates must be removed or renamed.
objc[61689]: Class _TtC11SWBProtocol10BuildPhase is implemented in both /Users/dschaefer2/swift/swiftpm/work/prebuiltsHost/swift-build/.build/arm64-apple-macosx/debug/SwiftBuildPackageTests.xctest/Contents/MacOS/SwiftBuildPackageTests (0x11a87fc38) and /Users/dschaefer2/swift/swiftpm/work/prebuiltsHost/swift-build/.build/arm64-apple-macosx/debug/SWBBuildServiceBundle (0x12b312448). This may cause spurious casting failures and mysterious crashes. One of the duplicates must be removed or renamed.
objc[61689]: Class _TtC11SWBProtocol24BuildPhaseWithBuildFiles is implemented in both /Users/dschaefer2/swift/swiftpm/work/prebuiltsHost/swift-build/.build/arm64-apple-macosx/debug/SwiftBuildPackageTests.xctest/Contents/MacOS/SwiftBuildPackageTests (0x11a87fce8) and /Users/dschaefer2/swift/swiftpm/work/prebuiltsHost/swift-build/.build/arm64-apple-macosx/debug/SWBBuildServiceBundle (0x12b3124f8). This may cause spurious casting failures and mysterious crashes. One of the duplicates must be removed or renamed.
objc[61689]: Class _TtC11SWBProtocol21AppleScriptBuildPhase is implemented in both /Users/dschaefer2/swift/swiftpm/work/prebuiltsHost/swift-build/.build/arm64-apple-macosx/debug/SwiftBuildPackageTests.xctest/Contents/MacOS/SwiftBuildPackageTests (0x11a87fda8) and /Users/dschaefer2/swift/swiftpm/work/prebuiltsHost/swift-build/.build/arm64-apple-macosx/debug/SWBBuildServiceBundle (0x12b3125b8). This may cause spurious casting failures and mysterious crashes. One of the duplicates must be removed or renamed.
objc[61689]: Class _TtC11SWBProtocol20FrameworksBuildPhase is implemented in both /Users/dschaefer2/swift/swiftpm/work/prebuiltsHost/swift-build/.build/arm64-apple-macosx/debug/SwiftBuildPackageTests.xctest/Contents/MacOS/SwiftBuildPackageTests (0x11a87fe68) and /Users/dschaefer2/swift/swiftpm/work/prebuiltsHost/swift-build/.build/arm64-apple-macosx/debug/SWBBuildServiceBundle (0x12b312678). This may cause spurious casting failures and mysterious crashes. One of the duplicates must be removed or renamed.
objc[61689]: Class _TtC11SWBProtocol17HeadersBuildPhase is implemented in both /Users/dschaefer2/swift/swiftpm/work/prebuiltsHost/swift-build/.build/arm64-apple-macosx/debug/SwiftBuildPackageTests.xctest/Contents/MacOS/SwiftBuildPackageTests (0x11a87ff28) and /Users/dschaefer2/swift/swiftpm/work/prebuiltsHost/swift-build/.build/arm64-apple-macosx/debug/SWBBuildServiceBundle (0x12b312738). This may cause spurious casting failures and mysterious crashes. One of the duplicates must be removed or renamed.
objc[61689]: Class _TtC11SWBProtocol21JavaArchiveBuildPhase is implemented in both /Users/dschaefer2/swift/swiftpm/work/prebuiltsHost/swift-build/.build/arm64-apple-macosx/debug/SwiftBuildPackageTests.xctest/Contents/MacOS/SwiftBuildPackageTests (0x11a87ffe8) and /Users/dschaefer2/swift/swiftpm/work/prebuiltsHost/swift-build/.build/arm64-apple-macosx/debug/SWBBuildServiceBundle (0x12b3127f8). This may cause spurious casting failures and mysterious crashes. One of the duplicates must be removed or renamed.
objc[61689]: Class _TtC11SWBProtocol19ResourcesBuildPhase is implemented in both /Users/dschaefer2/swift/swiftpm/work/prebuiltsHost/swift-build/.build/arm64-apple-macosx/debug/SwiftBuildPackageTests.xctest/Contents/MacOS/SwiftBuildPackageTests (0x11a8800a8) and /Users/dschaefer2/swift/swiftpm/work/prebuiltsHost/swift-build/.build/arm64-apple-macosx/debug/SWBBuildServiceBundle (0x12b3128b8). This may cause spurious casting failures and mysterious crashes. One of the duplicates must be removed or renamed.
objc[61689]: Class _TtC11SWBProtocol13RezBuildPhase is implemented in both /Users/dschaefer2/swift/swiftpm/work/prebuiltsHost/swift-build/.build/arm64-apple-macosx/debug/SwiftBuildPackageTests.xctest/Contents/MacOS/SwiftBuildPackageTests (0x11a880168) and /Users/dschaefer2/swift/swiftpm/work/prebuiltsHost/swift-build/.build/arm64-apple-macosx/debug/SWBBuildServiceBundle (0x12b312978). This may cause spurious casting failures and mysterious crashes. One of the duplicates must be removed or renamed.
objc[61689]: Class _TtC11SWBProtocol17SourcesBuildPhase is implemented in both /Users/dschaefer2/swift/swiftpm/work/prebuiltsHost/swift-build/.build/arm64-apple-macosx/debug/SwiftBuildPackageTests.xctest/Contents/MacOS/SwiftBuildPackageTests (0x11a880228) and /Users/dschaefer2/swift/swiftpm/work/prebuiltsHost/swift-build/.build/arm64-apple-macosx/debug/SWBBuildServiceBundle (0x12b312a38). This may cause spurious casting failures and mysterious crashes. One of the duplicates must be removed or renamed.
objc[61689]: Class _TtC11SWBProtocol19CopyFilesBuildPhase is implemented in both /Users/dschaefer2/swift/swiftpm/work/prebuiltsHost/swift-build/.build/arm64-apple-macosx/debug/SwiftBuildPackageTests.xctest/Contents/MacOS/SwiftBuildPackageTests (0x11a8802e8) and /Users/dschaefer2/swift/swiftpm/work/prebuiltsHost/swift-build/.build/arm64-apple-macosx/debug/SWBBuildServiceBundle (0x12b312af8). This may cause spurious casting failures and mysterious crashes. One of the duplicates must be removed or renamed.
objc[61689]: Class _TtC11SWBProtocol21ShellScriptBuildPhase is implemented in both /Users/dschaefer2/swift/swiftpm/work/prebuiltsHost/swift-build/.build/arm64-apple-macosx/debug/SwiftBuildPackageTests.xctest/Contents/MacOS/SwiftBuildPackageTests (0x11a8803c8) and /Users/dschaefer2/swift/swiftpm/work/prebuiltsHost/swift-build/.build/arm64-apple-macosx/debug/SWBBuildServiceBundle (0x12b312bd8). This may cause spurious casting failures and mysterious crashes. One of the duplicates must be removed or renamed.
objc[61689]: Class _TtC11SWBProtocol29ExternalToolExecutionResponse is implemented in both /Users/dschaefer2/swift/swiftpm/work/prebuiltsHost/swift-build/.build/arm64-apple-macosx/debug/SwiftBuildPackageTests.xctest/Contents/MacOS/SwiftBuildPackageTests (0x11a8806d0) and /Users/dschaefer2/swift/swiftpm/work/prebuiltsHost/swift-build/.build/arm64-apple-macosx/debug/SWBBuildServiceBundle (0x12b312ee0). This may cause spurious casting failures and mysterious crashes. One of the duplicates must be removed or renamed.
objc[61689]: Class _TtC11SWBProtocol9Reference is implemented in both /Users/dschaefer2/swift/swiftpm/work/prebuiltsHost/swift-build/.build/arm64-apple-macosx/debug/SwiftBuildPackageTests.xctest/Contents/MacOS/SwiftBuildPackageTests (0x11a882378) and /Users/dschaefer2/swift/swiftpm/work/prebuiltsHost/swift-build/.build/arm64-apple-macosx/debug/SWBBuildServiceBundle (0x12b314b90). This may cause spurious casting failures and mysterious crashes. One of the duplicates must be removed or renamed.
objc[61689]: Class _TtC11SWBProtocol18GroupTreeReference is implemented in both /Users/dschaefer2/swift/swiftpm/work/prebuiltsHost/swift-build/.build/arm64-apple-macosx/debug/SwiftBuildPackageTests.xctest/Contents/MacOS/SwiftBuildPackageTests (0x11a882428) and /Users/dschaefer2/swift/swiftpm/work/prebuiltsHost/swift-build/.build/arm64-apple-macosx/debug/SWBBuildServiceBundle (0x12b314c40). This may cause spurious casting failures and mysterious crashes. One of the duplicates must be removed or renamed.
objc[61689]: Class _TtC11SWBProtocol13FileReference is implemented in both /Users/dschaefer2/swift/swiftpm/work/prebuiltsHost/swift-build/.build/arm64-apple-macosx/debug/SwiftBuildPackageTests.xctest/Contents/MacOS/SwiftBuildPackageTests (0x11a8824f0) and /Users/dschaefer2/swift/swiftpm/work/prebuiltsHost/swift-build/.build/arm64-apple-macosx/debug/SWBBuildServiceBundle (0x12b314d08). This may cause spurious casting failures and mysterious crashes. One of the duplicates must be removed or renamed.
objc[61689]: Class _TtC11SWBProtocol12VersionGroup is implemented in both /Users/dschaefer2/swift/swiftpm/work/prebuiltsHost/swift-build/.build/arm64-apple-macosx/debug/SwiftBuildPackageTests.xctest/Contents/MacOS/SwiftBuildPackageTests (0x11a8825e0) and /Users/dschaefer2/swift/swiftpm/work/prebuiltsHost/swift-build/.build/arm64-apple-macosx/debug/SWBBuildServiceBundle (0x12b314df8). This may cause spurious casting failures and mysterious crashes. One of the duplicates must be removed or renamed.
objc[61689]: Class _TtC11SWBProtocol12VariantGroup is implemented in both /Users/dschaefer2/swift/swiftpm/work/prebuiltsHost/swift-build/.build/arm64-apple-macosx/debug/SwiftBuildPackageTests.xctest/Contents/MacOS/SwiftBuildPackageTests (0x11a8826b8) and /Users/dschaefer2/swift/swiftpm/work/prebuiltsHost/swift-build/.build/arm64-apple-macosx/debug/SWBBuildServiceBundle (0x12b314ed0). This may cause spurious casting failures and mysterious crashes. One of the duplicates must be removed or renamed.
objc[61689]: Class _TtC11SWBProtocol9FileGroup is implemented in both /Users/dschaefer2/swift/swiftpm/work/prebuiltsHost/swift-build/.build/arm64-apple-macosx/debug/SwiftBuildPackageTests.xctest/Contents/MacOS/SwiftBuildPackageTests (0x11a882798) and /Users/dschaefer2/swift/swiftpm/work/prebuiltsHost/swift-build/.build/arm64-apple-macosx/debug/SWBBuildServiceBundle (0x12b314fb0). This may cause spurious casting failures and mysterious crashes. One of the duplicates must be removed or renamed.
objc[61689]: Class _TtC11SWBProtocol16ProductReference is implemented in both /Users/dschaefer2/swift/swiftpm/work/prebuiltsHost/swift-build/.build/arm64-apple-macosx/debug/SwiftBuildPackageTests.xctest/Contents/MacOS/SwiftBuildPackageTests (0x11a882878) and /Users/dschaefer2/swift/swiftpm/work/prebuiltsHost/swift-build/.build/arm64-apple-macosx/debug/SWBBuildServiceBundle (0x12b315090). This may cause spurious casting failures and mysterious crashes. One of the duplicates must be removed or renamed.
objc[61689]: Class _TtC11SWBProtocol6Target is implemented in both /Users/dschaefer2/swift/swiftpm/work/prebuiltsHost/swift-build/.build/arm64-apple-macosx/debug/SwiftBuildPackageTests.xctest/Contents/MacOS/SwiftBuildPackageTests (0x11a8829b8) and /Users/dschaefer2/swift/swiftpm/work/prebuiltsHost/swift-build/.build/arm64-apple-macosx/debug/SWBBuildServiceBundle (0x12b3151d0). This may cause spurious casting failures and mysterious crashes. One of the duplicates must be removed or renamed.
objc[61689]: Class _TtC11SWBProtocol16BuildPhaseTarget is implemented in both /Users/dschaefer2/swift/swiftpm/work/prebuiltsHost/swift-build/.build/arm64-apple-macosx/debug/SwiftBuildPackageTests.xctest/Contents/MacOS/SwiftBuildPackageTests (0x11a882a98) and /Users/dschaefer2/swift/swiftpm/work/prebuiltsHost/swift-build/.build/arm64-apple-macosx/debug/SWBBuildServiceBundle (0x12b3152b0). This may cause spurious casting failures and mysterious crashes. One of the duplicates must be removed or renamed.
objc[61689]: Class _TtC11SWBProtocol14StandardTarget is implemented in both /Users/dschaefer2/swift/swiftpm/work/prebuiltsHost/swift-build/.build/arm64-apple-macosx/debug/SwiftBuildPackageTests.xctest/Contents/MacOS/SwiftBuildPackageTests (0x11a882b88) and /Users/dschaefer2/swift/swiftpm/work/prebuiltsHost/swift-build/.build/arm64-apple-macosx/debug/SWBBuildServiceBundle (0x12b3153a0). This may cause spurious casting failures and mysterious crashes. One of the duplicates must be removed or renamed.
objc[61689]: Class _TtC11SWBProtocol15AggregateTarget is implemented in both /Users/dschaefer2/swift/swiftpm/work/prebuiltsHost/swift-build/.build/arm64-apple-macosx/debug/SwiftBuildPackageTests.xctest/Contents/MacOS/SwiftBuildPackageTests (0x11a882cc0) and /Users/dschaefer2/swift/swiftpm/work/prebuiltsHost/swift-build/.build/arm64-apple-macosx/debug/SWBBuildServiceBundle (0x12b3154d8). This may cause spurious casting failures and mysterious crashes. One of the duplicates must be removed or renamed.
objc[61689]: Class _TtC11SWBProtocol14ExternalTarget is implemented in both /Users/dschaefer2/swift/swiftpm/work/prebuiltsHost/swift-build/.build/arm64-apple-macosx/debug/SwiftBuildPackageTests.xctest/Contents/MacOS/SwiftBuildPackageTests (0x11a882db8) and /Users/dschaefer2/swift/swiftpm/work/prebuiltsHost/swift-build/.build/arm64-apple-macosx/debug/SWBBuildServiceBundle (0x12b3155d0). This may cause spurious casting failures and mysterious crashes. One of the duplicates must be removed or renamed.
objc[61689]: Class _TtC11SWBProtocol20PackageProductTarget is implemented in both /Users/dschaefer2/swift/swiftpm/work/prebuiltsHost/swift-build/.build/arm64-apple-macosx/debug/SwiftBuildPackageTests.xctest/Contents/MacOS/SwiftBuildPackageTests (0x11a882ec0) and /Users/dschaefer2/swift/swiftpm/work/prebuiltsHost/swift-build/.build/arm64-apple-macosx/debug/SWBBuildServiceBundle (0x12b3156d8). This may cause spurious casting failures and mysterious crashes. One of the duplicates must be removed or renamed.
objc[61689]: Class _TtC14SWBQNXPlatform9QNXPlugin is implemented in both /Users/dschaefer2/swift/swiftpm/work/prebuiltsHost/swift-build/.build/arm64-apple-macosx/debug/SwiftBuildPackageTests.xctest/Contents/MacOS/SwiftBuildPackageTests (0x11a883250) and /Users/dschaefer2/swift/swiftpm/work/prebuiltsHost/swift-build/.build/arm64-apple-macosx/debug/SWBBuildServiceBundle (0x12b315848). This may cause spurious casting failures and mysterious crashes. One of the duplicates must be removed or renamed.
objc[61689]: Class _TtC14SWBServiceCore7Request is implemented in both /Users/dschaefer2/swift/swiftpm/work/prebuiltsHost/swift-build/.build/arm64-apple-macosx/debug/SwiftBuildPackageTests.xctest/Contents/MacOS/SwiftBuildPackageTests (0x11a8832f8) and /Users/dschaefer2/swift/swiftpm/work/prebuiltsHost/swift-build/.build/arm64-apple-macosx/debug/SWBBuildServiceBundle (0x12b3158f0). This may cause spurious casting failures and mysterious crashes. One of the duplicates must be removed or renamed.
objc[61689]: Class _TtC14SWBServiceCore7Service is implemented in both /Users/dschaefer2/swift/swiftpm/work/prebuiltsHost/swift-build/.build/arm64-apple-macosx/debug/SwiftBuildPackageTests.xctest/Contents/MacOS/SwiftBuildPackageTests (0x11a8833e8) and /Users/dschaefer2/swift/swiftpm/work/prebuiltsHost/swift-build/.build/arm64-apple-macosx/debug/SWBBuildServiceBundle (0x12b3159e0). This may cause spurious casting failures and mysterious crashes. One of the duplicates must be removed or renamed.
objc[61689]: Class _TtC14SWBServiceCore21ServiceHostConnection is implemented in both /Users/dschaefer2/swift/swiftpm/work/prebuiltsHost/swift-build/.build/arm64-apple-macosx/debug/SwiftBuildPackageTests.xctest/Contents/MacOS/SwiftBuildPackageTests (0x11a883528) and /Users/dschaefer2/swift/swiftpm/work/prebuiltsHost/swift-build/.build/arm64-apple-macosx/debug/SWBBuildServiceBundle (0x12b315b30). This may cause spurious casting failures and mysterious crashes. One of the duplicates must be removed or renamed.
objc[61689]: Class _TtC19SWBTaskConstruction23AppleScriptTaskProducer is implemented in both /Users/dschaefer2/swift/swiftpm/work/prebuiltsHost/swift-build/.build/arm64-apple-macosx/debug/SwiftBuildPackageTests.xctest/Contents/MacOS/SwiftBuildPackageTests (0x11a883638) and /Users/dschaefer2/swift/swiftpm/work/prebuiltsHost/swift-build/.build/arm64-apple-macosx/debug/SWBBuildServiceBundle (0x12b315c40). This may cause spurious casting failures and mysterious crashes. One of the duplicates must be removed or renamed.
objc[61689]: Class _TtC19SWBTaskConstruction21BuildDirectoryContext is implemented in both /Users/dschaefer2/swift/swiftpm/work/prebuiltsHost/swift-build/.build/arm64-apple-macosx/debug/SwiftBuildPackageTests.xctest/Contents/MacOS/SwiftBuildPackageTests (0x11a8838b0) and /Users/dschaefer2/swift/swiftpm/work/prebuiltsHost/swift-build/.build/arm64-apple-macosx/debug/SWBBuildServiceBundle (0x12b315eb8). This may cause spurious casting failures and mysterious crashes. One of the duplicates must be removed or renamed.
objc[61689]: Class _TtC19SWBTaskConstruction9BuildPlan is implemented in both /Users/dschaefer2/swift/swiftpm/work/prebuiltsHost/swift-build/.build/arm64-apple-macosx/debug/SwiftBuildPackageTests.xctest/Contents/MacOS/SwiftBuildPackageTests (0x11a8839f8) and /Users/dschaefer2/swift/swiftpm/work/prebuiltsHost/swift-build/.build/arm64-apple-macosx/debug/SWBBuildServiceBundle (0x12b316000). This may cause spurious casting failures and mysterious crashes. One of the duplicates must be removed or renamed.
objc[61689]: Class _TtC19SWBTaskConstructionP33_184CFE541FC0B65D13C8C724B5D3138A24ProductPlanResultContext is implemented in both /Users/dschaefer2/swift/swiftpm/work/prebuiltsHost/swift-build/.build/arm64-apple-macosx/debug/SwiftBuildPackageTests.xctest/Contents/MacOS/SwiftBuildPackageTests (0x11a883ad0) and /Users/dschaefer2/swift/swiftpm/work/prebuiltsHost/swift-build/.build/arm64-apple-macosx/debug/SWBBuildServiceBundle (0x12b3160d8). This may cause spurious casting failures and mysterious crashes. One of the duplicates must be removed or renamed.
objc[61689]: Class _TtC19SWBTaskConstruction21BuildRuleTaskProducer is implemented in both /Users/dschaefer2/swift/swiftpm/work/prebuiltsHost/swift-build/.build/arm64-apple-macosx/debug/SwiftBuildPackageTests.xctest/Contents/MacOS/SwiftBuildPackageTests (0x11a883c78) and /Users/dschaefer2/swift/swiftpm/work/prebuiltsHost/swift-build/.build/arm64-apple-macosx/debug/SWBBuildServiceBundle (0x12b316290). This may cause spurious casting failures and mysterious crashes. One of the duplicates must be removed or renamed.
objc[61689]: Class _TtC19SWBTaskConstruction40CompilationCachingConfigFileTaskProducer is implemented in both /Users/dschaefer2/swift/swiftpm/work/prebuiltsHost/swift-build/.build/arm64-apple-macosx/debug/SwiftBuildPackageTests.xctest/Contents/MacOS/SwiftBuildPackageTests (0x11a883dd8) and /Users/dschaefer2/swift/swiftpm/work/prebuiltsHost/swift-build/.build/arm64-apple-macosx/debug/SWBBuildServiceBundle (0x12b3163f0). This may cause spurious casting failures and mysterious crashes. One of the duplicates must be removed or renamed.
objc[61689]: Class _TtC19SWBTaskConstruction21CopyFilesTaskProducer is implemented in both /Users/dschaefer2/swift/swiftpm/work/prebuiltsHost/swift-build/.build/arm64-apple-macosx/debug/SwiftBuildPackageTests.xctest/Contents/MacOS/SwiftBuildPackageTests (0x11a883f30) and /Users/dschaefer2/swift/swiftpm/work/prebuiltsHost/swift-build/.build/arm64-apple-macosx/debug/SWBBuildServiceBundle (0x12b316548). This may cause spurious casting failures and mysterious crashes. One of the duplicates must be removed or renamed.
objc[61689]: Class _TtC19SWBTaskConstruction37CopySwiftPackageResourcesTaskProducer is implemented in both /Users/dschaefer2/swift/swiftpm/work/prebuiltsHost/swift-build/.build/arm64-apple-macosx/debug/SwiftBuildPackageTests.xctest/Contents/MacOS/SwiftBuildPackageTests (0x11a8841f0) and /Users/dschaefer2/swift/swiftpm/work/prebuiltsHost/swift-build/.build/arm64-apple-macosx/debug/SWBBuildServiceBundle (0x12b316808). This may cause spurious casting failures and mysterious crashes. One of the duplicates must be removed or renamed.
objc[61689]: Class _TtC19SWBTaskConstruction32CreateBuildDirectoryTaskProducer is implemented in both /Users/dschaefer2/swift/swiftpm/work/prebuiltsHost/swift-build/.build/arm64-apple-macosx/debug/SwiftBuildPackageTests.xctest/Contents/MacOS/SwiftBuildPackageTests (0x11a884390) and /Users/dschaefer2/swift/swiftpm/work/prebuiltsHost/swift-build/.build/arm64-apple-macosx/debug/SWBBuildServiceBundle (0x12b3169a8). This may cause spurious casting failures and mysterious crashes. One of the duplicates must be removed or renamed.
objc[61689]: Class _TtC19SWBTaskConstruction18CustomTaskProducer is implemented in both /Users/dschaefer2/swift/swiftpm/work/prebuiltsHost/swift-build/.build/arm64-apple-macosx/debug/SwiftBuildPackageTests.xctest/Contents/MacOS/SwiftBuildPackageTests (0x11a8844a8) and /Users/dschaefer2/swift/swiftpm/work/prebuiltsHost/swift-build/.build/arm64-apple-macosx/debug/SWBBuildServiceBundle (0x12b316ac0). This may cause spurious casting failures and mysterious crashes. One of the duplicates must be removed or renamed.
objc[61689]: Class _TtC19SWBTaskConstruction29DevelopmentAssetsTaskProducer is implemented in both /Users/dschaefer2/swift/swiftpm/work/prebuiltsHost/swift-build/.build/arm64-apple-macosx/debug/SwiftBuildPackageTests.xctest/Contents/MacOS/SwiftBuildPackageTests (0x11a884648) and /Users/dschaefer2/swift/swiftpm/work/prebuiltsHost/swift-build/.build/arm64-apple-macosx/debug/SWBBuildServiceBundle (0x12b316c60). This may cause spurious casting failures and mysterious crashes. One of the duplicates must be removed or renamed.
objc[61689]: Class _TtC19SWBTaskConstruction25DocumentationTaskProducer is implemented in both /Users/dschaefer2/swift/swiftpm/work/prebuiltsHost/swift-build/.build/arm64-apple-macosx/debug/SwiftBuildPackageTests.xctest/Contents/MacOS/SwiftBuildPackageTests (0x11a884738) and /Users/dschaefer2/swift/swiftpm/work/prebuiltsHost/swift-build/.build/arm64-apple-macosx/debug/SWBBuildServiceBundle (0x12b316d50). This may cause spurious casting failures and mysterious crashes. One of the duplicates must be removed or renamed.
objc[61689]: Class _TtC19SWBTaskConstruction26ExternalTargetTaskProducer is implemented in both /Users/dschaefer2/swift/swiftpm/work/prebuiltsHost/swift-build/.build/arm64-apple-macosx/debug/SwiftBuildPackageTests.xctest/Contents/MacOS/SwiftBuildPackageTests (0x11a8848d8) and /Users/dschaefer2/swift/swiftpm/work/prebuiltsHost/swift-build/.build/arm64-apple-macosx/debug/SWBBuildServiceBundle (0x12b316ef0). This may cause spurious casting failures and mysterious crashes. One of the duplicates must be removed or renamed.
objc[61689]: Class _TtC19SWBTaskConstruction27BuildFilesProcessingContext is implemented in both /Users/dschaefer2/swift/swiftpm/work/prebuiltsHost/swift-build/.build/arm64-apple-macosx/debug/SwiftBuildPackageTests.xctest/Contents/MacOS/SwiftBuildPackageTests (0x11a884b58) and /Users/dschaefer2/swift/swiftpm/work/prebuiltsHost/swift-build/.build/arm64-apple-macosx/debug/SWBBuildServiceBundle (0x12b317180). This may cause spurious casting failures and mysterious crashes. One of the duplicates must be removed or renamed.
objc[61689]: Class _TtC19SWBTaskConstruction28BuildPhaseFileWarningContext is implemented in both /Users/dschaefer2/swift/swiftpm/work/prebuiltsHost/swift-build/.build/arm64-apple-macosx/debug/SwiftBuildPackageTests.xctest/Contents/MacOS/SwiftBuildPackageTests (0x11a884c60) and /Users/dschaefer2/swift/swiftpm/work/prebuiltsHost/swift-build/.build/arm64-apple-macosx/debug/SWBBuildServiceBundle (0x12b317288). This may cause spurious casting failures and mysterious crashes. One of the duplicates must be removed or renamed.
objc[61689]: Class _TtC19SWBTaskConstruction36FilesBasedBuildPhaseTaskProducerBase is implemented in both /Users/dschaefer2/swift/swiftpm/work/prebuiltsHost/swift-build/.build/arm64-apple-macosx/debug/SwiftBuildPackageTests.xctest/Contents/MacOS/SwiftBuildPackageTests (0x11a884d08) and /Users/dschaefer2/swift/swiftpm/work/prebuiltsHost/swift-build/.build/arm64-apple-macosx/debug/SWBBuildServiceBundle (0x12b317330). This may cause spurious casting failures and mysterious crashes. One of the duplicates must be removed or renamed.
objc[61689]: Class _TtC19SWBTaskConstruction45GenerateAppPlaygroundAssetCatalogTaskProducer is implemented in both /Users/dschaefer2/swift/swiftpm/work/prebuiltsHost/swift-build/.build/arm64-apple-macosx/debug/SwiftBuildPackageTests.xctest/Contents/MacOS/SwiftBuildPackageTests (0x11a884f78) and /Users/dschaefer2/swift/swiftpm/work/prebuiltsHost/swift-build/.build/arm64-apple-macosx/debug/SWBBuildServiceBundle (0x12b3175a0). This may cause spurious casting failures and mysterious crashes. One of the duplicates must be removed or renamed.
objc[61689]: Class _TtC19SWBTaskConstruction26GeneratedFilesTaskProducer is implemented in both /Users/dschaefer2/swift/swiftpm/work/prebuiltsHost/swift-build/.build/arm64-apple-macosx/debug/SwiftBuildPackageTests.xctest/Contents/MacOS/SwiftBuildPackageTests (0x11a885118) and /Users/dschaefer2/swift/swiftpm/work/prebuiltsHost/swift-build/.build/arm64-apple-macosx/debug/SWBBuildServiceBundle (0x12b317740). This may cause spurious casting failures and mysterious crashes. One of the duplicates must be removed or renamed.
objc[61689]: Class _TtC19SWBTaskConstruction21HeadermapTaskProducer is implemented in both /Users/dschaefer2/swift/swiftpm/work/prebuiltsHost/swift-build/.build/arm64-apple-macosx/debug/SwiftBuildPackageTests.xctest/Contents/MacOS/SwiftBuildPackageTests (0x11a885348) and /Users/dschaefer2/swift/swiftpm/work/prebuiltsHost/swift-build/.build/arm64-apple-macosx/debug/SWBBuildServiceBundle (0x12b317990). This may cause spurious casting failures and mysterious crashes. One of the duplicates must be removed or renamed.
objc[61689]: Class _TtC19SWBTaskConstruction24HeadermapVFSTaskProducer is implemented in both /Users/dschaefer2/swift/swiftpm/work/prebuiltsHost/swift-build/.build/arm64-apple-macosx/debug/SwiftBuildPackageTests.xctest/Contents/MacOS/SwiftBuildPackageTests (0x11a885530) and /Users/dschaefer2/swift/swiftpm/work/prebuiltsHost/swift-build/.build/arm64-apple-macosx/debug/SWBBuildServiceBundle (0x12b317b78). This may cause spurious casting failures and mysterious crashes. One of the duplicates must be removed or renamed.
objc[61689]: Class _TtC19SWBTaskConstruction19HeadersTaskProducer is implemented in both /Users/dschaefer2/swift/swiftpm/work/prebuiltsHost/swift-build/.build/arm64-apple-macosx/debug/SwiftBuildPackageTests.xctest/Contents/MacOS/SwiftBuildPackageTests (0x11a885670) and /Users/dschaefer2/swift/swiftpm/work/prebuiltsHost/swift-build/.build/arm64-apple-macosx/debug/SWBBuildServiceBundle (0x12b317cb8). This may cause spurious casting failures and mysterious crashes. One of the duplicates must be removed or renamed.
objc[61689]: Class _TtC19SWBTaskConstruction39IndexBuildVFSDirectoryRemapTaskProducer is implemented in both /Users/dschaefer2/swift/swiftpm/work/prebuiltsHost/swift-build/.build/arm64-apple-macosx/debug/SwiftBuildPackageTests.xctest/Contents/MacOS/SwiftBuildPackageTests (0x11a885900) and /Users/dschaefer2/swift/swiftpm/work/prebuiltsHost/swift-build/.build/arm64-apple-macosx/debug/SWBBuildServiceBundle (0x12b317f48). This may cause spurious casting failures and mysterious crashes. One of the duplicates must be removed or renamed.
objc[61689]: Class _TtC19SWBTaskConstruction21InfoPlistTaskProducer is implemented in both /Users/dschaefer2/swift/swiftpm/work/prebuiltsHost/swift-build/.build/arm64-apple-macosx/debug/SwiftBuildPackageTests.xctest/Contents/MacOS/SwiftBuildPackageTests (0x11a8859e8) and /Users/dschaefer2/swift/swiftpm/work/prebuiltsHost/swift-build/.build/arm64-apple-macosx/debug/SWBBuildServiceBundle (0x12b318030). This may cause spurious casting failures and mysterious crashes. One of the duplicates must be removed or renamed.
objc[61689]: Class _TtC19SWBTaskConstructionP33_9DC6360FCADD54B2301AA183F163CE9541ModuleMapPhaseBasedTaskGenerationDelegate is implemented in both /Users/dschaefer2/swift/swiftpm/work/prebuiltsHost/swift-build/.build/arm64-apple-macosx/debug/SwiftBuildPackageTests.xctest/Contents/MacOS/SwiftBuildPackageTests (0x11a885b88) and /Users/dschaefer2/swift/swiftpm/work/prebuiltsHost/swift-build/.build/arm64-apple-macosx/debug/SWBBuildServiceBundle (0x12b3181d0). This may cause spurious casting failures and mysterious crashes. One of the duplicates must be removed or renamed.
objc[61689]: Class _TtC19SWBTaskConstruction21ModuleMapTaskProducer is implemented in both /Users/dschaefer2/swift/swiftpm/work/prebuiltsHost/swift-build/.build/arm64-apple-macosx/debug/SwiftBuildPackageTests.xctest/Contents/MacOS/SwiftBuildPackageTests (0x11a885c30) and /Users/dschaefer2/swift/swiftpm/work/prebuiltsHost/swift-build/.build/arm64-apple-macosx/debug/SWBBuildServiceBundle (0x12b318278). This may cause spurious casting failures and mysterious crashes. One of the duplicates must be removed or renamed.
objc[61689]: Class _TtC19SWBTaskConstruction26ModuleVerifierTaskProducer is implemented in both /Users/dschaefer2/swift/swiftpm/work/prebuiltsHost/swift-build/.build/arm64-apple-macosx/debug/SwiftBuildPackageTests.xctest/Contents/MacOS/SwiftBuildPackageTests (0x11a885e18) and /Users/dschaefer2/swift/swiftpm/work/prebuiltsHost/swift-build/.build/arm64-apple-macosx/debug/SWBBuildServiceBundle (0x12b318460). This may cause spurious casting failures and mysterious crashes. One of the duplicates must be removed or renamed.
objc[61689]: Class _TtC19SWBTaskConstruction24PCHModuleMapTaskProducer is implemented in both /Users/dschaefer2/swift/swiftpm/work/prebuiltsHost/swift-build/.build/arm64-apple-macosx/debug/SwiftBuildPackageTests.xctest/Contents/MacOS/SwiftBuildPackageTests (0x11a885fe0) and /Users/dschaefer2/swift/swiftpm/work/prebuiltsHost/swift-build/.build/arm64-apple-macosx/debug/SWBBuildServiceBundle (0x12b318638). This may cause spurious casting failures and mysterious crashes. One of the duplicates must be removed or renamed.
objc[61689]: Class _TtC19SWBTaskConstruction17GlobalProductPlan is implemented in both /Users/dschaefer2/swift/swiftpm/work/prebuiltsHost/swift-build/.build/arm64-apple-macosx/debug/SwiftBuildPackageTests.xctest/Contents/MacOS/SwiftBuildPackageTests (0x11a886310) and /Users/dschaefer2/swift/swiftpm/work/prebuiltsHost/swift-build/.build/arm64-apple-macosx/debug/SWBBuildServiceBundle (0x12b318970). This may cause spurious casting failures and mysterious crashes. One of the duplicates must be removed or renamed.
objc[61689]: Class _TtC19SWBTaskConstructionP33_1FE7980663BA142C1E93A61A55AAA16616WrappingDelegate is implemented in both /Users/dschaefer2/swift/swiftpm/work/prebuiltsHost/swift-build/.build/arm64-apple-macosx/debug/SwiftBuildPackageTests.xctest/Contents/MacOS/SwiftBuildPackageTests (0x11a886480) and /Users/dschaefer2/swift/swiftpm/work/prebuiltsHost/swift-build/.build/arm64-apple-macosx/debug/SWBBuildServiceBundle (0x12b318ae0). This may cause spurious casting failures and mysterious crashes. One of the duplicates must be removed or renamed.
objc[61689]: Class _TtC19SWBTaskConstruction11ProductPlan is implemented in both /Users/dschaefer2/swift/swiftpm/work/prebuiltsHost/swift-build/.build/arm64-apple-macosx/debug/SwiftBuildPackageTests.xctest/Contents/MacOS/SwiftBuildPackageTests (0x11a886548) and /Users/dschaefer2/swift/swiftpm/work/prebuiltsHost/swift-build/.build/arm64-apple-macosx/debug/SWBBuildServiceBundle (0x12b318ba8). This may cause spurious casting failures and mysterious crashes. One of the duplicates must be removed or renamed.
objc[61689]: Class _TtC19SWBTaskConstruction33ProductPostprocessingTaskProducer is implemented in both /Users/dschaefer2/swift/swiftpm/work/prebuiltsHost/swift-build/.build/arm64-apple-macosx/debug/SwiftBuildPackageTests.xctest/Contents/MacOS/SwiftBuildPackageTests (0x11a886758) and /Users/dschaefer2/swift/swiftpm/work/prebuiltsHost/swift-build/.build/arm64-apple-macosx/debug/SWBBuildServiceBundle (0x12b318dc0). This may cause spurious casting failures and mysterious crashes. One of the duplicates must be removed or renamed.
objc[61689]: Class _TtC19SWBTaskConstruction28ProductStructureTaskProducer is implemented in both /Users/dschaefer2/swift/swiftpm/work/prebuiltsHost/swift-build/.build/arm64-apple-macosx/debug/SwiftBuildPackageTests.xctest/Contents/MacOS/SwiftBuildPackageTests (0x11a886978) and /Users/dschaefer2/swift/swiftpm/work/prebuiltsHost/swift-build/.build/arm64-apple-macosx/debug/SWBBuildServiceBundle (0x12b318fe0). This may cause spurious casting failures and mysterious crashes. One of the duplicates must be removed or renamed.
objc[61689]: Class _TtC19SWBTaskConstruction21ResourcesTaskProducer is implemented in both /Users/dschaefer2/swift/swiftpm/work/prebuiltsHost/swift-build/.build/arm64-apple-macosx/debug/SwiftBuildPackageTests.xctest/Contents/MacOS/SwiftBuildPackageTests (0x11a886b60) and /Users/dschaefer2/swift/swiftpm/work/prebuiltsHost/swift-build/.build/arm64-apple-macosx/debug/SWBBuildServiceBundle (0x12b3191c8). This may cause spurious casting failures and mysterious crashes. One of the duplicates must be removed or renamed.
objc[61689]: Class _TtC19SWBTaskConstruction15RezTaskProducer is implemented in both /Users/dschaefer2/swift/swiftpm/work/prebuiltsHost/swift-build/.build/arm64-apple-macosx/debug/SwiftBuildPackageTests.xctest/Contents/MacOS/SwiftBuildPackageTests (0x11a886e00) and /Users/dschaefer2/swift/swiftpm/work/prebuiltsHost/swift-build/.build/arm64-apple-macosx/debug/SWBBuildServiceBundle (0x12b319468). This may cause spurious casting failures and mysterious crashes. One of the duplicates must be removed or renamed.
objc[61689]: Class _TtC19SWBTaskConstruction24SDKStatCacheTaskProducer is implemented in both /Users/dschaefer2/swift/swiftpm/work/prebuiltsHost/swift-build/.build/arm64-apple-macosx/debug/SwiftBuildPackageTests.xctest/Contents/MacOS/SwiftBuildPackageTests (0x11a887090) and /Users/dschaefer2/swift/swiftpm/work/prebuiltsHost/swift-build/.build/arm64-apple-macosx/debug/SWBBuildServiceBundle (0x12b3196f8). This may cause spurious casting failures and mysterious crashes. One of the duplicates must be removed or renamed.
objc[61689]: Class _TtC19SWBTaskConstruction21SanitizerTaskProducer is implemented in both /Users/dschaefer2/swift/swiftpm/work/prebuiltsHost/swift-build/.build/arm64-apple-macosx/debug/SwiftBuildPackageTests.xctest/Contents/MacOS/SwiftBuildPackageTests (0x11a887198) and /Users/dschaefer2/swift/swiftpm/work/prebuiltsHost/swift-build/.build/arm64-apple-macosx/debug/SWBBuildServiceBundle (0x12b319800). This may cause spurious casting failures and mysterious crashes. One of the duplicates must be removed or renamed.
objc[61689]: Class _TtC19SWBTaskConstruction23ShellScriptTaskProducer is implemented in both /Users/dschaefer2/swift/swiftpm/work/prebuiltsHost/swift-build/.build/arm64-apple-macosx/debug/SwiftBuildPackageTests.xctest/Contents/MacOS/SwiftBuildPackageTests (0x11a887358) and /Users/dschaefer2/swift/swiftpm/work/prebuiltsHost/swift-build/.build/arm64-apple-macosx/debug/SWBBuildServiceBundle (0x12b3199c0). This may cause spurious casting failures and mysterious crashes. One of the duplicates must be removed or renamed.
objc[61689]: Class _TtC19SWBTaskConstructionP33_A4DA7981023674B4E5F21547D9ADC51F39SourcesPhaseBasedTaskGenerationDelegate is implemented in both /Users/dschaefer2/swift/swiftpm/work/prebuiltsHost/swift-build/.build/arm64-apple-macosx/debug/SwiftBuildPackageTests.xctest/Contents/MacOS/SwiftBuildPackageTests (0x11a8875e0) and /Users/dschaefer2/swift/swiftpm/work/prebuiltsHost/swift-build/.build/arm64-apple-macosx/debug/SWBBuildServiceBundle (0x12b319c58). This may cause spurious casting failures and mysterious crashes. One of the duplicates must be removed or renamed.
objc[61689]: Class _TtC19SWBTaskConstruction19SourcesTaskProducer is implemented in both /Users/dschaefer2/swift/swiftpm/work/prebuiltsHost/swift-build/.build/arm64-apple-macosx/debug/SwiftBuildPackageTests.xctest/Contents/MacOS/SwiftBuildPackageTests (0x11a887690) and /Users/dschaefer2/swift/swiftpm/work/prebuiltsHost/swift-build/.build/arm64-apple-macosx/debug/SWBBuildServiceBundle (0x12b319d08). This may cause spurious casting failures and mysterious crashes. One of the duplicates must be removed or renamed.
objc[61689]: Class _TtC19SWBTaskConstruction20StandardTaskProducer is implemented in both /Users/dschaefer2/swift/swiftpm/work/prebuiltsHost/swift-build/.build/arm64-apple-macosx/debug/SwiftBuildPackageTests.xctest/Contents/MacOS/SwiftBuildPackageTests (0x11a887960) and /Users/dschaefer2/swift/swiftpm/work/prebuiltsHost/swift-build/.build/arm64-apple-macosx/debug/SWBBuildServiceBundle (0x12b319fd8). This may cause spurious casting failures and mysterious crashes. One of the duplicates must be removed or renamed.
objc[61689]: Class _TtC19SWBTaskConstruction18PhasedTaskProducer is implemented in both /Users/dschaefer2/swift/swiftpm/work/prebuiltsHost/swift-build/.build/arm64-apple-macosx/debug/SwiftBuildPackageTests.xctest/Contents/MacOS/SwiftBuildPackageTests (0x11a887a40) and /Users/dschaefer2/swift/swiftpm/work/prebuiltsHost/swift-build/.build/arm64-apple-macosx/debug/SWBBuildServiceBundle (0x12b31a0b8). This may cause spurious casting failures and mysterious crashes. One of the duplicates must be removed or renamed.
objc[61689]: Class _TtC19SWBTaskConstruction36SwiftFrameworkABICheckerTaskProducer is implemented in both /Users/dschaefer2/swift/swiftpm/work/prebuiltsHost/swift-build/.build/arm64-apple-macosx/debug/SwiftBuildPackageTests.xctest/Contents/MacOS/SwiftBuildPackageTests (0x11a887be0) and /Users/dschaefer2/swift/swiftpm/work/prebuiltsHost/swift-build/.build/arm64-apple-macosx/debug/SWBBuildServiceBundle (0x12b31a258). This may cause spurious casting failures and mysterious crashes. One of the duplicates must be removed or renamed.
objc[61689]: Class _TtC19SWBTaskConstruction38SwiftABIBaselineGenerationTaskProducer is implemented in both /Users/dschaefer2/swift/swiftpm/work/prebuiltsHost/swift-build/.build/arm64-apple-macosx/debug/SwiftBuildPackageTests.xctest/Contents/MacOS/SwiftBuildPackageTests (0x11a887d80) and /Users/dschaefer2/swift/swiftpm/work/prebuiltsHost/swift-build/.build/arm64-apple-macosx/debug/SWBBuildServiceBundle (0x12b31a3f8). This may cause spurious casting failures and mysterious crashes. One of the duplicates must be removed or renamed.
objc[61689]: Class _TtC19SWBTaskConstruction33SwiftPackageCopyFilesTaskProducer is implemented in both /Users/dschaefer2/swift/swiftpm/work/prebuiltsHost/swift-build/.build/arm64-apple-macosx/debug/SwiftBuildPackageTests.xctest/Contents/MacOS/SwiftBuildPackageTests (0x11a887f40) and /Users/dschaefer2/swift/swiftpm/work/prebuiltsHost/swift-build/.build/arm64-apple-macosx/debug/SWBBuildServiceBundle (0x12b31a5b8). This may cause spurious casting failures and mysterious crashes. One of the duplicates must be removed or renamed.
objc[61689]: Class _TtC19SWBTaskConstruction34SwiftStandardLibrariesTaskProducer is implemented in both /Users/dschaefer2/swift/swiftpm/work/prebuiltsHost/swift-build/.build/arm64-apple-macosx/debug/SwiftBuildPackageTests.xctest/Contents/MacOS/SwiftBuildPackageTests (0x11a888208) and /Users/dschaefer2/swift/swiftpm/work/prebuiltsHost/swift-build/.build/arm64-apple-macosx/debug/SWBBuildServiceBundle (0x12b31a880). This may cause spurious casting failures and mysterious crashes. One of the duplicates must be removed or renamed.
objc[61689]: Class _TtC19SWBTaskConstruction31TAPISymbolExtractorTaskProducer is implemented in both /Users/dschaefer2/swift/swiftpm/work/prebuiltsHost/swift-build/.build/arm64-apple-macosx/debug/SwiftBuildPackageTests.xctest/Contents/MacOS/SwiftBuildPackageTests (0x11a8883b0) and /Users/dschaefer2/swift/swiftpm/work/prebuiltsHost/swift-build/.build/arm64-apple-macosx/debug/SWBBuildServiceBundle (0x12b31aa28). This may cause spurious casting failures and mysterious crashes. One of the duplicates must be removed or renamed.
objc[61689]: Class _TtC19SWBTaskConstruction15TargetGateNodes is implemented in both /Users/dschaefer2/swift/swiftpm/work/prebuiltsHost/swift-build/.build/arm64-apple-macosx/debug/SwiftBuildPackageTests.xctest/Contents/MacOS/SwiftBuildPackageTests (0x11a888550) and /Users/dschaefer2/swift/swiftpm/work/prebuiltsHost/swift-build/.build/arm64-apple-macosx/debug/SWBBuildServiceBundle (0x12b31abc8). This may cause spurious casting failures and mysterious crashes. One of the duplicates must be removed or renamed.
objc[61689]: Class _TtC19SWBTaskConstruction23TargetOrderTaskProducer is implemented in both /Users/dschaefer2/swift/swiftpm/work/prebuiltsHost/swift-build/.build/arm64-apple-macosx/debug/SwiftBuildPackageTests.xctest/Contents/MacOS/SwiftBuildPackageTests (0x11a888650) and /Users/dschaefer2/swift/swiftpm/work/prebuiltsHost/swift-build/.build/arm64-apple-macosx/debug/SWBBuildServiceBundle (0x12b31acc8). This may cause spurious casting failures and mysterious crashes. One of the duplicates must be removed or renamed.
objc[61689]: Class _TtC19SWBTaskConstruction19TaskProducerContext is implemented in both /Users/dschaefer2/swift/swiftpm/work/prebuiltsHost/swift-build/.build/arm64-apple-macosx/debug/SwiftBuildPackageTests.xctest/Contents/MacOS/SwiftBuildPackageTests (0x11a8887f0) and /Users/dschaefer2/swift/swiftpm/work/prebuiltsHost/swift-build/.build/arm64-apple-macosx/debug/SWBBuildServiceBundle (0x12b31ae78). This may cause spurious casting failures and mysterious crashes. One of the duplicates must be removed or renamed.
objc[61689]: Class _TtC19SWBTaskConstruction25TargetTaskProducerContext is implemented in both /Users/dschaefer2/swift/swiftpm/work/prebuiltsHost/swift-build/.build/arm64-apple-macosx/debug/SwiftBuildPackageTests.xctest/Contents/MacOS/SwiftBuildPackageTests (0x11a888de0) and /Users/dschaefer2/swift/swiftpm/work/prebuiltsHost/swift-build/.build/arm64-apple-macosx/debug/SWBBuildServiceBundle (0x12b31b468). This may cause spurious casting failures and mysterious crashes. One of the duplicates must be removed or renamed.
objc[61689]: Class _TtC19SWBTaskConstruction35ProducerBasedTaskGenerationDelegate is implemented in both /Users/dschaefer2/swift/swiftpm/work/prebuiltsHost/swift-build/.build/arm64-apple-macosx/debug/SwiftBuildPackageTests.xctest/Contents/MacOS/SwiftBuildPackageTests (0x11a889410) and /Users/dschaefer2/swift/swiftpm/work/prebuiltsHost/swift-build/.build/arm64-apple-macosx/debug/SWBBuildServiceBundle (0x12b31ba98). This may cause spurious casting failures and mysterious crashes. One of the duplicates must be removed or renamed.
objc[61689]: Class _TtC19SWBTaskConstruction41PhasedProducerBasedTaskGenerationDelegate is implemented in both /Users/dschaefer2/swift/swiftpm/work/prebuiltsHost/swift-build/.build/arm64-apple-macosx/debug/SwiftBuildPackageTests.xctest/Contents/MacOS/SwiftBuildPackageTests (0x11a8895f8) and /Users/dschaefer2/swift/swiftpm/work/prebuiltsHost/swift-build/.build/arm64-apple-macosx/debug/SWBBuildServiceBundle (0x12b31bc80). This may cause spurious casting failures and mysterious crashes. One of the duplicates must be removed or renamed.
objc[61689]: Class _TtC19SWBTaskConstruction18XCFrameworkContext is implemented in both /Users/dschaefer2/swift/swiftpm/work/prebuiltsHost/swift-build/.build/arm64-apple-macosx/debug/SwiftBuildPackageTests.xctest/Contents/MacOS/SwiftBuildPackageTests (0x11a889888) and /Users/dschaefer2/swift/swiftpm/work/prebuiltsHost/swift-build/.build/arm64-apple-macosx/debug/SWBBuildServiceBundle (0x12b31bf20). This may cause spurious casting failures and mysterious crashes. One of the duplicates must be removed or renamed.
objc[61689]: Class _TtC19SWBTaskConstruction23XCFrameworkTaskProducer is implemented in both /Users/dschaefer2/swift/swiftpm/work/prebuiltsHost/swift-build/.build/arm64-apple-macosx/debug/SwiftBuildPackageTests.xctest/Contents/MacOS/SwiftBuildPackageTests (0x11a8899a0) and /Users/dschaefer2/swift/swiftpm/work/prebuiltsHost/swift-build/.build/arm64-apple-macosx/debug/SWBBuildServiceBundle (0x12b31c038). This may cause spurious casting failures and mysterious crashes. One of the duplicates must be removed or renamed.
objc[61689]: Class _TtC19SWBTaskConstruction25XCTestProductTaskProducer is implemented in both /Users/dschaefer2/swift/swiftpm/work/prebuiltsHost/swift-build/.build/arm64-apple-macosx/debug/SwiftBuildPackageTests.xctest/Contents/MacOS/SwiftBuildPackageTests (0x11a889a90) and /Users/dschaefer2/swift/swiftpm/work/prebuiltsHost/swift-build/.build/arm64-apple-macosx/debug/SWBBuildServiceBundle (0x12b31c128). This may cause spurious casting failures and mysterious crashes. One of the duplicates must be removed or renamed.
objc[61689]: Class _TtC19SWBTaskConstruction39XCTestProductPostprocessingTaskProducer is implemented in both /Users/dschaefer2/swift/swiftpm/work/prebuiltsHost/swift-build/.build/arm64-apple-macosx/debug/SwiftBuildPackageTests.xctest/Contents/MacOS/SwiftBuildPackageTests (0x11a889c30) and /Users/dschaefer2/swift/swiftpm/work/prebuiltsHost/swift-build/.build/arm64-apple-macosx/debug/SWBBuildServiceBundle (0x12b31c2c8). This may cause spurious casting failures and mysterious crashes. One of the duplicates must be removed or renamed.
objc[61689]: Class _TtC19SWBTaskConstruction22XCTestHostTaskProducer is implemented in both /Users/dschaefer2/swift/swiftpm/work/prebuiltsHost/swift-build/.build/arm64-apple-macosx/debug/SwiftBuildPackageTests.xctest/Contents/MacOS/SwiftBuildPackageTests (0x11a889dd0) and /Users/dschaefer2/swift/swiftpm/work/prebuiltsHost/swift-build/.build/arm64-apple-macosx/debug/SWBBuildServiceBundle (0x12b31c468). This may cause spurious casting failures and mysterious crashes. One of the duplicates must be removed or renamed.
objc[61689]: Class _TtC16SWBTaskExecution23AuxiliaryFileTaskAction is implemented in both /Users/dschaefer2/swift/swiftpm/work/prebuiltsHost/swift-build/.build/arm64-apple-macosx/debug/SwiftBuildPackageTests.xctest/Contents/MacOS/SwiftBuildPackageTests (0x11a88ae50) and /Users/dschaefer2/swift/swiftpm/work/prebuiltsHost/swift-build/.build/arm64-apple-macosx/debug/SWBBuildServiceBundle (0x12b31c628). This may cause spurious casting failures and mysterious crashes. One of the duplicates must be removed or renamed.
objc[61689]: Class _TtC16SWBTaskExecution16BuildDescription is implemented in both /Users/dschaefer2/swift/swiftpm/work/prebuiltsHost/swift-build/.build/arm64-apple-macosx/debug/SwiftBuildPackageTests.xctest/Contents/MacOS/SwiftBuildPackageTests (0x11a88b1a8) and /Users/dschaefer2/swift/swiftpm/work/prebuiltsHost/swift-build/.build/arm64-apple-macosx/debug/SWBBuildServiceBundle (0x12b31c980). This may cause spurious casting failures and mysterious crashes. One of the duplicates must be removed or renamed.
objc[61689]: Class _TtC16SWBTaskExecution23BuildDescriptionBuilder is implemented in both /Users/dschaefer2/swift/swiftpm/work/prebuiltsHost/swift-build/.build/arm64-apple-macosx/debug/SwiftBuildPackageTests.xctest/Contents/MacOS/SwiftBuildPackageTests (0x11a88b308) and /Users/dschaefer2/swift/swiftpm/work/prebuiltsHost/swift-build/.build/arm64-apple-macosx/debug/SWBBuildServiceBundle (0x12b31cae0). This may cause spurious casting failures and mysterious crashes. One of the duplicates must be removed or renamed.
objc[61689]: Class _TtCC16SWBTaskExecution23BuildDescriptionBuilder8NodeList is implemented in both /Users/dschaefer2/swift/swiftpm/work/prebuiltsHost/swift-build/.build/arm64-apple-macosx/debug/SwiftBuildPackageTests.xctest/Contents/MacOS/SwiftBuildPackageTests (0x11a88b4a8) and /Users/dschaefer2/swift/swiftpm/work/prebuiltsHost/swift-build/.build/arm64-apple-macosx/debug/SWBBuildServiceBundle (0x12b31cc80). This may cause spurious casting failures and mysterious crashes. One of the duplicates must be removed or renamed.
objc[61689]: Class _TtCC16SWBTaskExecution23BuildDescriptionBuilder16MutatingTaskInfo is implemented in both /Users/dschaefer2/swift/swiftpm/work/prebuiltsHost/swift-build/.build/arm64-apple-macosx/debug/SwiftBuildPackageTests.xctest/Contents/MacOS/SwiftBuildPackageTests (0x11a88b548) and /Users/dschaefer2/swift/swiftpm/work/prebuiltsHost/swift-build/.build/arm64-apple-macosx/debug/SWBBuildServiceBundle (0x12b31cd20). This may cause spurious casting failures and mysterious crashes. One of the duplicates must be removed or renamed.
objc[61689]: Class _TtC16SWBTaskExecution18TaskActionRegistry is implemented in both /Users/dschaefer2/swift/swiftpm/work/prebuiltsHost/swift-build/.build/arm64-apple-macosx/debug/SwiftBuildPackageTests.xctest/Contents/MacOS/SwiftBuildPackageTests (0x11a88b5f0) and /Users/dschaefer2/swift/swiftpm/work/prebuiltsHost/swift-build/.build/arm64-apple-macosx/debug/SWBBuildServiceBundle (0x12b31cdc8). This may cause spurious casting failures and mysterious crashes. One of the duplicates must be removed or renamed.
objc[61689]: Class _TtC16SWBTaskExecution34BuildDescriptionSerializerDelegate is implemented in both /Users/dschaefer2/swift/swiftpm/work/prebuiltsHost/swift-build/.build/arm64-apple-macosx/debug/SwiftBuildPackageTests.xctest/Contents/MacOS/SwiftBuildPackageTests (0x11a88b690) and /Users/dschaefer2/swift/swiftpm/work/prebuiltsHost/swift-build/.build/arm64-apple-macosx/debug/SWBBuildServiceBundle (0x12b31ce68). This may cause spurious casting failures and mysterious crashes. One of the duplicates must be removed or renamed.
objc[61689]: Class _TtC16SWBTaskExecution36BuildDescriptionDeserializerDelegate is implemented in both /Users/dschaefer2/swift/swiftpm/work/prebuiltsHost/swift-build/.build/arm64-apple-macosx/debug/SwiftBuildPackageTests.xctest/Contents/MacOS/SwiftBuildPackageTests (0x11a88b760) and /Users/dschaefer2/swift/swiftpm/work/prebuiltsHost/swift-build/.build/arm64-apple-macosx/debug/SWBBuildServiceBundle (0x12b31cf38). This may cause spurious casting failures and mysterious crashes. One of the duplicates must be removed or renamed.
objc[61689]: Class _TtCZFC16SWBTaskExecution16BuildDescription9constructFzZT9workspaceC7SWBCore9Workspace5tasksGSaPS1_11PlannedTask__4pathV7SWBUtil4Path9signatureVS4_10ByteString12buildCommandOS1_12BuildCommand11diagnosticsGVs10DictionaryGSqCS1_16ConfiguredTarget_GSaVS4_10Diagnostic__12indexingInfoGSaT9forTargetGSqS9__4pathS5_12indexingInfoPS1_22SourceFileIndexingInfo___2fsPS4_7FSProxy_17bypassActualTasksSb22targetsBuildInParallelSb24emitFrontendCommandLinesSb21moduleSessionFilePathGSqS5__17invalidationPathsGSaS5__26recursiveSearchPathResultsGSaVCS1_27RecursiveSearchPathResolver12CachedResult_13copiedPathMapGS8_SSSS_18rootPathsPerTargetGS8_S9_GSaS5___25moduleCachePathsPerTargetGS8_S9_GSaS5___21artifactInfoPerTargetGS8_S9_VS4_12ArtifactInfo_18casValidationInfosGSaVS0_17CASValidationInfo_35staleFileRemovalIdentifierPerTargetGS8_GSqS9__SS_17settingsPerTargetGS8_S9_CS1_8Settings_8delegatePS_36BuildDescriptionConstructionDelegate_18targetDependenciesGSaV11SWBProtocol28TargetDependencyRelationship_27definingTargetsByModuleNameGS8_SSGVS4_10OrderedSetS9___15userPreferencesVS1_15UserPreferences_GSqS0__L_15MutableNodeInfo is implemented in both /Users/dschaefer2/swift/swiftpm/work/prebuiltsHost/swift-build/.build/arm64-apple-macosx/debug/SwiftBuildPackageTests.xctest/Contents/MacOS/SwiftBuildPackageTests (0x11a88b840) and /Users/dschaefer2/swift/swiftpm/work/prebuiltsHost/swift-build/.build/arm64-apple-macosx/debug/SWBBuildServiceBundle (0x12b31d018). This may cause spurious casting failures and mysterious crashes. One of the duplicates must be removed or renamed.
objc[61689]: Class _TtC16SWBTaskExecution23BuildDescriptionManager is implemented in both /Users/dschaefer2/swift/swiftpm/work/prebuiltsHost/swift-build/.build/arm64-apple-macosx/debug/SwiftBuildPackageTests.xctest/Contents/MacOS/SwiftBuildPackageTests (0x11a88ba30) and /Users/dschaefer2/swift/swiftpm/work/prebuiltsHost/swift-build/.build/arm64-apple-macosx/debug/SWBBuildServiceBundle (0x12b31d218). This may cause spurious casting failures and mysterious crashes. One of the duplicates must be removed or renamed.
objc[61689]: Class _TtC16SWBTaskExecutionP33_3F210181C2ABCA93E35AEA749B50A3D031BuildSystemTaskPlanningDelegate is implemented in both /Users/dschaefer2/swift/swiftpm/work/prebuiltsHost/swift-build/.build/arm64-apple-macosx/debug/SwiftBuildPackageTests.xctest/Contents/MacOS/SwiftBuildPackageTests (0x11a88bb08) and /Users/dschaefer2/swift/swiftpm/work/prebuiltsHost/swift-build/.build/arm64-apple-macosx/debug/SWBBuildServiceBundle (0x12b31d2f0). This may cause spurious casting failures and mysterious crashes. One of the duplicates must be removed or renamed.
objc[61689]: Class _TtC16SWBTaskExecution35ClangCachingKeyQueryDynamicTaskSpec is implemented in both /Users/dschaefer2/swift/swiftpm/work/prebuiltsHost/swift-build/.build/arm64-apple-macosx/debug/SwiftBuildPackageTests.xctest/Contents/MacOS/SwiftBuildPackageTests (0x11a88bf18) and /Users/dschaefer2/swift/swiftpm/work/prebuiltsHost/swift-build/.build/arm64-apple-macosx/debug/SWBBuildServiceBundle (0x12b31d708). This may cause spurious casting failures and mysterious crashes. One of the duplicates must be removed or renamed.
objc[61689]: Class _TtC16SWBTaskExecution30ClangCachingKeyQueryTaskAction is implemented in both /Users/dschaefer2/swift/swiftpm/work/prebuiltsHost/swift-build/.build/arm64-apple-macosx/debug/SwiftBuildPackageTests.xctest/Contents/MacOS/SwiftBuildPackageTests (0x11a88bfb0) and /Users/dschaefer2/swift/swiftpm/work/prebuiltsHost/swift-build/.build/arm64-apple-macosx/debug/SWBBuildServiceBundle (0x12b31d7a0). This may cause spurious casting failures and mysterious crashes. One of the duplicates must be removed or renamed.
objc[61689]: Class _TtC16SWBTaskExecution41ClangCachingMaterializeKeyDynamicTaskSpec is implemented in both /Users/dschaefer2/swift/swiftpm/work/prebuiltsHost/swift-build/.build/arm64-apple-macosx/debug/SwiftBuildPackageTests.xctest/Contents/MacOS/SwiftBuildPackageTests (0x11a88c0d0) and /Users/dschaefer2/swift/swiftpm/work/prebuiltsHost/swift-build/.build/arm64-apple-macosx/debug/SWBBuildServiceBundle (0x12b31d8c0). This may cause spurious casting failures and mysterious crashes. One of the duplicates must be removed or renamed.
objc[61689]: Class _TtC16SWBTaskExecution36ClangCachingMaterializeKeyTaskAction is implemented in both /Users/dschaefer2/swift/swiftpm/work/prebuiltsHost/swift-build/.build/arm64-apple-macosx/debug/SwiftBuildPackageTests.xctest/Contents/MacOS/SwiftBuildPackageTests (0x11a88c178) and /Users/dschaefer2/swift/swiftpm/work/prebuiltsHost/swift-build/.build/arm64-apple-macosx/debug/SWBBuildServiceBundle (0x12b31d968). This may cause spurious casting failures and mysterious crashes. One of the duplicates must be removed or renamed.
objc[61689]: Class _TtC16SWBTaskExecution45ClangCachingOutputMaterializerDynamicTaskSpec is implemented in both /Users/dschaefer2/swift/swiftpm/work/prebuiltsHost/swift-build/.build/arm64-apple-macosx/debug/SwiftBuildPackageTests.xctest/Contents/MacOS/SwiftBuildPackageTests (0x11a88c2a0) and /Users/dschaefer2/swift/swiftpm/work/prebuiltsHost/swift-build/.build/arm64-apple-macosx/debug/SWBBuildServiceBundle (0x12b31da90). This may cause spurious casting failures and mysterious crashes. One of the duplicates must be removed or renamed.
objc[61689]: Class _TtC16SWBTaskExecution40ClangCachingOutputMaterializerTaskAction is implemented in both /Users/dschaefer2/swift/swiftpm/work/prebuiltsHost/swift-build/.build/arm64-apple-macosx/debug/SwiftBuildPackageTests.xctest/Contents/MacOS/SwiftBuildPackageTests (0x11a88c338) and /Users/dschaefer2/swift/swiftpm/work/prebuiltsHost/swift-build/.build/arm64-apple-macosx/debug/SWBBuildServiceBundle (0x12b31db28). This may cause spurious casting failures and mysterious crashes. One of the duplicates must be removed or renamed.
objc[61689]: Class _TtC16SWBTaskExecution22ClangCompileTaskAction is implemented in both /Users/dschaefer2/swift/swiftpm/work/prebuiltsHost/swift-build/.build/arm64-apple-macosx/debug/SwiftBuildPackageTests.xctest/Contents/MacOS/SwiftBuildPackageTests (0x11a88c478) and /Users/dschaefer2/swift/swiftpm/work/prebuiltsHost/swift-build/.build/arm64-apple-macosx/debug/SWBBuildServiceBundle (0x12b31dc68). This may cause spurious casting failures and mysterious crashes. One of the duplicates must be removed or renamed.
objc[61689]: Class _TtC16SWBTaskExecution26ClangModuleDependencyGraph is implemented in both /Users/dschaefer2/swift/swiftpm/work/prebuiltsHost/swift-build/.build/arm64-apple-macosx/debug/SwiftBuildPackageTests.xctest/Contents/MacOS/SwiftBuildPackageTests (0x11a88c6c0) and /Users/dschaefer2/swift/swiftpm/work/prebuiltsHost/swift-build/.build/arm64-apple-macosx/debug/SWBBuildServiceBundle (0x12b31deb0). This may cause spurious casting failures and mysterious crashes. One of the duplicates must be removed or renamed.
objc[61689]: Class _TtC16SWBTaskExecution43ClangModuleVerifierInputGeneratorTaskAction is implemented in both /Users/dschaefer2/swift/swiftpm/work/prebuiltsHost/swift-build/.build/arm64-apple-macosx/debug/SwiftBuildPackageTests.xctest/Contents/MacOS/SwiftBuildPackageTests (0x11a88c7d0) and /Users/dschaefer2/swift/swiftpm/work/prebuiltsHost/swift-build/.build/arm64-apple-macosx/debug/SWBBuildServiceBundle (0x12b31dfc0). This may cause spurious casting failures and mysterious crashes. One of the duplicates must be removed or renamed.
objc[61689]: Class _TtC16SWBTaskExecution19ClangScanTaskAction is implemented in both /Users/dschaefer2/swift/swiftpm/work/prebuiltsHost/swift-build/.build/arm64-apple-macosx/debug/SwiftBuildPackageTests.xctest/Contents/MacOS/SwiftBuildPackageTests (0x11a88c910) and /Users/dschaefer2/swift/swiftpm/work/prebuiltsHost/swift-build/.build/arm64-apple-macosx/debug/SWBBuildServiceBundle (0x12b31e100). This may cause spurious casting failures and mysterious crashes. One of the duplicates must be removed or renamed.
objc[61689]: Class _TtC16SWBTaskExecution18CodeSignTaskAction is implemented in both /Users/dschaefer2/swift/swiftpm/work/prebuiltsHost/swift-build/.build/arm64-apple-macosx/debug/SwiftBuildPackageTests.xctest/Contents/MacOS/SwiftBuildPackageTests (0x11a88ca28) and /Users/dschaefer2/swift/swiftpm/work/prebuiltsHost/swift-build/.build/arm64-apple-macosx/debug/SWBBuildServiceBundle (0x12b31e218). This may cause spurious casting failures and mysterious crashes. One of the duplicates must be removed or renamed.
objc[61689]: Class _TtC16SWBTaskExecution28CompilationCachingDataPruner is implemented in both /Users/dschaefer2/swift/swiftpm/work/prebuiltsHost/swift-build/.build/arm64-apple-macosx/debug/SwiftBuildPackageTests.xctest/Contents/MacOS/SwiftBuildPackageTests (0x11a88cb58) and /Users/dschaefer2/swift/swiftpm/work/prebuiltsHost/swift-build/.build/arm64-apple-macosx/debug/SWBBuildServiceBundle (0x12b31e348). This may cause spurious casting failures and mysterious crashes. One of the duplicates must be removed or renamed.
objc[61689]: Class _TtC16SWBTaskExecution26CompilationCachingUploader is implemented in both /Users/dschaefer2/swift/swiftpm/work/prebuiltsHost/swift-build/.build/arm64-apple-macosx/debug/SwiftBuildPackageTests.xctest/Contents/MacOS/SwiftBuildPackageTests (0x11a88cc30) and /Users/dschaefer2/swift/swiftpm/work/prebuiltsHost/swift-build/.build/arm64-apple-macosx/debug/SWBBuildServiceBundle (0x12b31e420). This may cause spurious casting failures and mysterious crashes. One of the duplicates must be removed or renamed.
objc[61689]: Class _TtC16SWBTaskExecution21ConcatenateTaskAction is implemented in both /Users/dschaefer2/swift/swiftpm/work/prebuiltsHost/swift-build/.build/arm64-apple-macosx/debug/SwiftBuildPackageTests.xctest/Contents/MacOS/SwiftBuildPackageTests (0x11a88cd00) and /Users/dschaefer2/swift/swiftpm/work/prebuiltsHost/swift-build/.build/arm64-apple-macosx/debug/SWBBuildServiceBundle (0x12b31e4f8). This may cause spurious casting failures and mysterious crashes. One of the duplicates must be removed or renamed.
objc[61689]: Class _TtC16SWBTaskExecution44ConstructStubExecutorInputFileListTaskAction is implemented in both /Users/dschaefer2/swift/swiftpm/work/prebuiltsHost/swift-build/.build/arm64-apple-macosx/debug/SwiftBuildPackageTests.xctest/Contents/MacOS/SwiftBuildPackageTests (0x11a88ce18) and /Users/dschaefer2/swift/swiftpm/work/prebuiltsHost/swift-build/.build/arm64-apple-macosx/debug/SWBBuildServiceBundle (0x12b31e610). This may cause spurious casting failures and mysterious crashes. One of the duplicates must be removed or renamed.
objc[61689]: Class _TtC16SWBTaskExecution19CopyPlistTaskAction is implemented in both /Users/dschaefer2/swift/swiftpm/work/prebuiltsHost/swift-build/.build/arm64-apple-macosx/debug/SwiftBuildPackageTests.xctest/Contents/MacOS/SwiftBuildPackageTests (0x11a88cf28) and /Users/dschaefer2/swift/swiftpm/work/prebuiltsHost/swift-build/.build/arm64-apple-macosx/debug/SWBBuildServiceBundle (0x12b31e720). This may cause spurious casting failures and mysterious crashes. One of the duplicates must be removed or renamed.
objc[61689]: Class _TtC16SWBTaskExecution25CopyStringsFileTaskAction is implemented in both /Users/dschaefer2/swift/swiftpm/work/prebuiltsHost/swift-build/.build/arm64-apple-macosx/debug/SwiftBuildPackageTests.xctest/Contents/MacOS/SwiftBuildPackageTests (0x11a88d038) and /Users/dschaefer2/swift/swiftpm/work/prebuiltsHost/swift-build/.build/arm64-apple-macosx/debug/SWBBuildServiceBundle (0x12b31e830). This may cause spurious casting failures and mysterious crashes. One of the duplicates must be removed or renamed.
objc[61689]: Class _TtC16SWBTaskExecution18CopyTiffTaskAction is implemented in both /Users/dschaefer2/swift/swiftpm/work/prebuiltsHost/swift-build/.build/arm64-apple-macosx/debug/SwiftBuildPackageTests.xctest/Contents/MacOS/SwiftBuildPackageTests (0x11a88d150) and /Users/dschaefer2/swift/swiftpm/work/prebuiltsHost/swift-build/.build/arm64-apple-macosx/debug/SWBBuildServiceBundle (0x12b31e948). This may cause spurious casting failures and mysterious crashes. One of the duplicates must be removed or renamed.
objc[61689]: Class _TtC16SWBTaskExecution30CreateBuildDirectoryTaskAction is implemented in both /Users/dschaefer2/swift/swiftpm/work/prebuiltsHost/swift-build/.build/arm64-apple-macosx/debug/SwiftBuildPackageTests.xctest/Contents/MacOS/SwiftBuildPackageTests (0x11a88d260) and /Users/dschaefer2/swift/swiftpm/work/prebuiltsHost/swift-build/.build/arm64-apple-macosx/debug/SWBBuildServiceBundle (0x12b31ea58). This may cause spurious casting failures and mysterious crashes. One of the duplicates must be removed or renamed.
objc[61689]: Class _TtC16SWBTaskExecution27DeferredExecutionTaskAction is implemented in both /Users/dschaefer2/swift/swiftpm/work/prebuiltsHost/swift-build/.build/arm64-apple-macosx/debug/SwiftBuildPackageTests.xctest/Contents/MacOS/SwiftBuildPackageTests (0x11a88d370) and /Users/dschaefer2/swift/swiftpm/work/prebuiltsHost/swift-build/.build/arm64-apple-macosx/debug/SWBBuildServiceBundle (0x12b31eb68). This may cause spurious casting failures and mysterious crashes. One of the duplicates must be removed or renamed.
objc[61689]: Class _TtC16SWBTaskExecution27DynamicTaskOperationContext is implemented in both /Users/dschaefer2/swift/swiftpm/work/prebuiltsHost/swift-build/.build/arm64-apple-macosx/debug/SwiftBuildPackageTests.xctest/Contents/MacOS/SwiftBuildPackageTests (0x11a88d480) and /Users/dschaefer2/swift/swiftpm/work/prebuiltsHost/swift-build/.build/arm64-apple-macosx/debug/SWBBuildServiceBundle (0x12b31ec78). This may cause spurious casting failures and mysterious crashes. One of the duplicates must be removed or renamed.
objc[61689]: Class _TtC16SWBTaskExecution23DynamicTaskSpecRegistry is implemented in both /Users/dschaefer2/swift/swiftpm/work/prebuiltsHost/swift-build/.build/arm64-apple-macosx/debug/SwiftBuildPackageTests.xctest/Contents/MacOS/SwiftBuildPackageTests (0x11a88d560) and /Users/dschaefer2/swift/swiftpm/work/prebuiltsHost/swift-build/.build/arm64-apple-macosx/debug/SWBBuildServiceBundle (0x12b31ed58). This may cause spurious casting failures and mysterious crashes. One of the duplicates must be removed or renamed.
objc[61689]: Class _TtC16SWBTaskExecution26EmbedSwiftStdLibTaskAction is implemented in both /Users/dschaefer2/swift/swiftpm/work/prebuiltsHost/swift-build/.build/arm64-apple-macosx/debug/SwiftBuildPackageTests.xctest/Contents/MacOS/SwiftBuildPackageTests (0x11a88d688) and /Users/dschaefer2/swift/swiftpm/work/prebuiltsHost/swift-build/.build/arm64-apple-macosx/debug/SWBBuildServiceBundle (0x12b31ee88). This may cause spurious casting failures and mysterious crashes. One of the duplicates must be removed or renamed.
objc[61689]: Class _TtCVC16SWBTaskExecution26EmbedSwiftStdLibTaskActionP33_12E89DF126FF15C93C8C2E66FDBEA6A411RunningTask16OutputController is implemented in both /Users/dschaefer2/swift/swiftpm/work/prebuiltsHost/swift-build/.build/arm64-apple-macosx/debug/SwiftBuildPackageTests.xctest/Contents/MacOS/SwiftBuildPackageTests (0x11a88d798) and /Users/dschaefer2/swift/swiftpm/work/prebuiltsHost/swift-build/.build/arm64-apple-macosx/debug/SWBBuildServiceBundle (0x12b31ef98). This may cause spurious casting failures and mysterious crashes. One of the duplicates must be removed or renamed.
objc[61689]: Class _TtCFVC16SWBTaskExecution26EmbedSwiftStdLibTaskActionP33_12E89DF126FF15C93C8C2E66FDBEA6A411RunningTask10runProcessFzZGSaSS_V7SWBUtil10ByteStringL_23CapturingOutputDelegate is implemented in both /Users/dschaefer2/swift/swiftpm/work/prebuiltsHost/swift-build/.build/arm64-apple-macosx/debug/SwiftBuildPackageTests.xctest/Contents/MacOS/SwiftBuildPackageTests (0x11a88d838) and /Users/dschaefer2/swift/swiftpm/work/prebuiltsHost/swift-build/.build/arm64-apple-macosx/debug/SWBBuildServiceBundle (0x12b31f038). This may cause spurious casting failures and mysterious crashes. One of the duplicates must be removed or renamed.
objc[61689]: Class _TtC16SWBTaskExecution18FileCopyTaskAction is implemented in both /Users/dschaefer2/swift/swiftpm/work/prebuiltsHost/swift-build/.build/arm64-apple-macosx/debug/SwiftBuildPackageTests.xctest/Contents/MacOS/SwiftBuildPackageTests (0x11a88d928) and /Users/dschaefer2/swift/swiftpm/work/prebuiltsHost/swift-build/.build/arm64-apple-macosx/debug/SWBBuildServiceBundle (0x12b31f128). This may cause spurious casting failures and mysterious crashes. One of the duplicates must be removed or renamed.
objc[61689]: Class _TtC16SWBTaskExecution37GenerateEmbedInCodeAccessorTaskAction is implemented in both /Users/dschaefer2/swift/swiftpm/work/prebuiltsHost/swift-build/.build/arm64-apple-macosx/debug/SwiftBuildPackageTests.xctest/Contents/MacOS/SwiftBuildPackageTests (0x11a88da68) and /Users/dschaefer2/swift/swiftpm/work/prebuiltsHost/swift-build/.build/arm64-apple-macosx/debug/SWBBuildServiceBundle (0x12b31f268). This may cause spurious casting failures and mysterious crashes. One of the duplicates must be removed or renamed.
objc[61689]: Class _TtC16SWBTaskExecution24GenericCachingTaskAction is implemented in both /Users/dschaefer2/swift/swiftpm/work/prebuiltsHost/swift-build/.build/arm64-apple-macosx/debug/SwiftBuildPackageTests.xctest/Contents/MacOS/SwiftBuildPackageTests (0x11a88db90) and /Users/dschaefer2/swift/swiftpm/work/prebuiltsHost/swift-build/.build/arm64-apple-macosx/debug/SWBBuildServiceBundle (0x12b31f390). This may cause spurious casting failures and mysterious crashes. One of the duplicates must be removed or renamed.
objc[61689]: Class _TtC16SWBTaskExecutionP33_0B5D003027EBD88DA860D55534C2426527CapturingTaskOutputDelegate is implemented in both /Users/dschaefer2/swift/swiftpm/work/prebuiltsHost/swift-build/.build/arm64-apple-macosx/debug/SwiftBuildPackageTests.xctest/Contents/MacOS/SwiftBuildPackageTests (0x11a88dcd8) and /Users/dschaefer2/swift/swiftpm/work/prebuiltsHost/swift-build/.build/arm64-apple-macosx/debug/SWBBuildServiceBundle (0x12b31f4d8). This may cause spurious casting failures and mysterious crashes. One of the duplicates must be removed or renamed.
objc[61689]: Class _TtC16SWBTaskExecution28InfoPlistProcessorTaskAction is implemented in both /Users/dschaefer2/swift/swiftpm/work/prebuiltsHost/swift-build/.build/arm64-apple-macosx/debug/SwiftBuildPackageTests.xctest/Contents/MacOS/SwiftBuildPackageTests (0x11a88de88) and /Users/dschaefer2/swift/swiftpm/work/prebuiltsHost/swift-build/.build/arm64-apple-macosx/debug/SWBBuildServiceBundle (0x12b31f6a0). This may cause spurious casting failures and mysterious crashes. One of the duplicates must be removed or renamed.
objc[61689]: Class _TtC16SWBTaskExecution23LSRegisterURLTaskAction is implemented in both /Users/dschaefer2/swift/swiftpm/work/prebuiltsHost/swift-build/.build/arm64-apple-macosx/debug/SwiftBuildPackageTests.xctest/Contents/MacOS/SwiftBuildPackageTests (0x11a88e020) and /Users/dschaefer2/swift/swiftpm/work/prebuiltsHost/swift-build/.build/arm64-apple-macosx/debug/SWBBuildServiceBundle (0x12b31f840). This may cause spurious casting failures and mysterious crashes. One of the duplicates must be removed or renamed.
objc[61689]: Class _TtC16SWBTaskExecution26LinkAssetCatalogTaskAction is implemented in both /Users/dschaefer2/swift/swiftpm/work/prebuiltsHost/swift-build/.build/arm64-apple-macosx/debug/SwiftBuildPackageTests.xctest/Contents/MacOS/SwiftBuildPackageTests (0x11a88e130) and /Users/dschaefer2/swift/swiftpm/work/prebuiltsHost/swift-build/.build/arm64-apple-macosx/debug/SWBBuildServiceBundle (0x12b31f958). This may cause spurious casting failures and mysterious crashes. One of the duplicates must be removed or renamed.
objc[61689]: Class _TtC16SWBTaskExecution16LinkerTaskAction is implemented in both /Users/dschaefer2/swift/swiftpm/work/prebuiltsHost/swift-build/.build/arm64-apple-macosx/debug/SwiftBuildPackageTests.xctest/Contents/MacOS/SwiftBuildPackageTests (0x11a88e240) and /Users/dschaefer2/swift/swiftpm/work/prebuiltsHost/swift-build/.build/arm64-apple-macosx/debug/SWBBuildServiceBundle (0x12b31fa70). This may cause spurious casting failures and mysterious crashes. One of the duplicates must be removed or renamed.
objc[61689]: Class _TtC16SWBTaskExecution24MergeInfoPlistTaskAction is implemented in both /Users/dschaefer2/swift/swiftpm/work/prebuiltsHost/swift-build/.build/arm64-apple-macosx/debug/SwiftBuildPackageTests.xctest/Contents/MacOS/SwiftBuildPackageTests (0x11a88e380) and /Users/dschaefer2/swift/swiftpm/work/prebuiltsHost/swift-build/.build/arm64-apple-macosx/debug/SWBBuildServiceBundle (0x12b31fbb0). This may cause spurious casting failures and mysterious crashes. One of the duplicates must be removed or renamed.
objc[61689]: Class _TtC16SWBTaskExecution30ODRAssetPackManifestTaskAction is implemented in both /Users/dschaefer2/swift/swiftpm/work/prebuiltsHost/swift-build/.build/arm64-apple-macosx/debug/SwiftBuildPackageTests.xctest/Contents/MacOS/SwiftBuildPackageTests (0x11a88e490) and /Users/dschaefer2/swift/swiftpm/work/prebuiltsHost/swift-build/.build/arm64-apple-macosx/debug/SWBBuildServiceBundle (0x12b31fcc8). This may cause spurious casting failures and mysterious crashes. One of the duplicates must be removed or renamed.
objc[61689]: Class _TtC16SWBTaskExecution32ObjectLibraryAssemblerTaskAction is implemented in both /Users/dschaefer2/swift/swiftpm/work/prebuiltsHost/swift-build/.build/arm64-apple-macosx/debug/SwiftBuildPackageTests.xctest/Contents/MacOS/SwiftBuildPackageTests (0x11a88e5c8) and /Users/dschaefer2/swift/swiftpm/work/prebuiltsHost/swift-build/.build/arm64-apple-macosx/debug/SWBBuildServiceBundle (0x12b31fe00). This may cause spurious casting failures and mysterious crashes. One of the duplicates must be removed or renamed.
objc[61689]: Class _TtC16SWBTaskExecution36PrecompileClangModuleDynamicTaskSpec is implemented in both /Users/dschaefer2/swift/swiftpm/work/prebuiltsHost/swift-build/.build/arm64-apple-macosx/debug/SwiftBuildPackageTests.xctest/Contents/MacOS/SwiftBuildPackageTests (0x11a88e6e8) and /Users/dschaefer2/swift/swiftpm/work/prebuiltsHost/swift-build/.build/arm64-apple-macosx/debug/SWBBuildServiceBundle (0x12b31ff20). This may cause spurious casting failures and mysterious crashes. One of the duplicates must be removed or renamed.
objc[61689]: Class _TtC16SWBTaskExecution31PrecompileClangModuleTaskAction is implemented in both /Users/dschaefer2/swift/swiftpm/work/prebuiltsHost/swift-build/.build/arm64-apple-macosx/debug/SwiftBuildPackageTests.xctest/Contents/MacOS/SwiftBuildPackageTests (0x11a88e788) and /Users/dschaefer2/swift/swiftpm/work/prebuiltsHost/swift-build/.build/arm64-apple-macosx/debug/SWBBuildServiceBundle (0x12b31ffc0). This may cause spurious casting failures and mysterious crashes. One of the duplicates must be removed or renamed.
objc[61689]: Class _TtC16SWBTaskExecution36ProcessProductEntitlementsTaskAction is implemented in both /Users/dschaefer2/swift/swiftpm/work/prebuiltsHost/swift-build/.build/arm64-apple-macosx/debug/SwiftBuildPackageTests.xctest/Contents/MacOS/SwiftBuildPackageTests (0x11a88e8e8) and /Users/dschaefer2/swift/swiftpm/work/prebuiltsHost/swift-build/.build/arm64-apple-macosx/debug/SWBBuildServiceBundle (0x12b320120). This may cause spurious casting failures and mysterious crashes. One of the duplicates must be removed or renamed.
objc[61689]: Class _TtC16SWBTaskExecution43ProcessProductProvisioningProfileTaskAction is implemented in both /Users/dschaefer2/swift/swiftpm/work/prebuiltsHost/swift-build/.build/arm64-apple-macosx/debug/SwiftBuildPackageTests.xctest/Contents/MacOS/SwiftBuildPackageTests (0x11a88ea48) and /Users/dschaefer2/swift/swiftpm/work/prebuiltsHost/swift-build/.build/arm64-apple-macosx/debug/SWBBuildServiceBundle (0x12b320280). This may cause spurious casting failures and mysterious crashes. One of the duplicates must be removed or renamed.
objc[61689]: Class _TtC16SWBTaskExecution27ProcessSDKImportsTaskAction is implemented in both /Users/dschaefer2/swift/swiftpm/work/prebuiltsHost/swift-build/.build/arm64-apple-macosx/debug/SwiftBuildPackageTests.xctest/Contents/MacOS/SwiftBuildPackageTests (0x11a88eb68) and /Users/dschaefer2/swift/swiftpm/work/prebuiltsHost/swift-build/.build/arm64-apple-macosx/debug/SWBBuildServiceBundle (0x12b3203a0). This may cause spurious casting failures and mysterious crashes. One of the duplicates must be removed or renamed.
objc[61689]: Class _TtC16SWBTaskExecution28ProcessXCFrameworkTaskAction is implemented in both /Users/dschaefer2/swift/swiftpm/work/prebuiltsHost/swift-build/.build/arm64-apple-macosx/debug/SwiftBuildPackageTests.xctest/Contents/MacOS/SwiftBuildPackageTests (0x11a88ecf8) and /Users/dschaefer2/swift/swiftpm/work/prebuiltsHost/swift-build/.build/arm64-apple-macosx/debug/SWBBuildServiceBundle (0x12b320540). This may cause spurious casting failures and mysterious crashes. One of the duplicates must be removed or renamed.
objc[61689]: Class _TtC16SWBTaskExecution42RegisterExecutionPolicyExceptionTaskAction is implemented in both /Users/dschaefer2/swift/swiftpm/work/prebuiltsHost/swift-build/.build/arm64-apple-macosx/debug/SwiftBuildPackageTests.xctest/Contents/MacOS/SwiftBuildPackageTests (0x11a88ee68) and /Users/dschaefer2/swift/swiftpm/work/prebuiltsHost/swift-build/.build/arm64-apple-macosx/debug/SWBBuildServiceBundle (0x12b3206b0). This may cause spurious casting failures and mysterious crashes. One of the duplicates must be removed or renamed.
objc[61689]: Class _TtC16SWBTaskExecution29SignatureCollectionTaskAction is implemented in both /Users/dschaefer2/swift/swiftpm/work/prebuiltsHost/swift-build/.build/arm64-apple-macosx/debug/SwiftBuildPackageTests.xctest/Contents/MacOS/SwiftBuildPackageTests (0x11a88ef90) and /Users/dschaefer2/swift/swiftpm/work/prebuiltsHost/swift-build/.build/arm64-apple-macosx/debug/SWBBuildServiceBundle (0x12b3207d8). This may cause spurious casting failures and mysterious crashes. One of the duplicates must be removed or renamed.
objc[61689]: Class _TtC16SWBTaskExecution35SwiftCachingKeyQueryDynamicTaskSpec is implemented in both /Users/dschaefer2/swift/swiftpm/work/prebuiltsHost/swift-build/.build/arm64-apple-macosx/debug/SwiftBuildPackageTests.xctest/Contents/MacOS/SwiftBuildPackageTests (0x11a88f0a0) and /Users/dschaefer2/swift/swiftpm/work/prebuiltsHost/swift-build/.build/arm64-apple-macosx/debug/SWBBuildServiceBundle (0x12b3208e8). This may cause spurious casting failures and mysterious crashes. One of the duplicates must be removed or renamed.
objc[61689]: Class _TtC16SWBTaskExecution41SwiftCachingMaterializeKeyDynamicTaskSpec is implemented in both /Users/dschaefer2/swift/swiftpm/work/prebuiltsHost/swift-build/.build/arm64-apple-macosx/debug/SwiftBuildPackageTests.xctest/Contents/MacOS/SwiftBuildPackageTests (0x11a88f138) and /Users/dschaefer2/swift/swiftpm/work/prebuiltsHost/swift-build/.build/arm64-apple-macosx/debug/SWBBuildServiceBundle (0x12b320980). This may cause spurious casting failures and mysterious crashes. One of the duplicates must be removed or renamed.
objc[61689]: Class _TtC16SWBTaskExecution45SwiftCachingOutputMaterializerDynamicTaskSpec is implemented in both /Users/dschaefer2/swift/swiftpm/work/prebuiltsHost/swift-build/.build/arm64-apple-macosx/debug/SwiftBuildPackageTests.xctest/Contents/MacOS/SwiftBuildPackageTests (0x11a88f1d0) and /Users/dschaefer2/swift/swiftpm/work/prebuiltsHost/swift-build/.build/arm64-apple-macosx/debug/SWBBuildServiceBundle (0x12b320a18). This may cause spurious casting failures and mysterious crashes. One of the duplicates must be removed or renamed.
objc[61689]: Class _TtC16SWBTaskExecution30SwiftCachingKeyQueryTaskAction is implemented in both /Users/dschaefer2/swift/swiftpm/work/prebuiltsHost/swift-build/.build/arm64-apple-macosx/debug/SwiftBuildPackageTests.xctest/Contents/MacOS/SwiftBuildPackageTests (0x11a88f268) and /Users/dschaefer2/swift/swiftpm/work/prebuiltsHost/swift-build/.build/arm64-apple-macosx/debug/SWBBuildServiceBundle (0x12b320ab0). This may cause spurious casting failures and mysterious crashes. One of the duplicates must be removed or renamed.
objc[61689]: Class _TtC16SWBTaskExecution36SwiftCachingMaterializeKeyTaskAction is implemented in both /Users/dschaefer2/swift/swiftpm/work/prebuiltsHost/swift-build/.build/arm64-apple-macosx/debug/SwiftBuildPackageTests.xctest/Contents/MacOS/SwiftBuildPackageTests (0x11a88f398) and /Users/dschaefer2/swift/swiftpm/work/prebuiltsHost/swift-build/.build/arm64-apple-macosx/debug/SWBBuildServiceBundle (0x12b320be0). This may cause spurious casting failures and mysterious crashes. One of the duplicates must be removed or renamed.
objc[61689]: Class _TtC16SWBTaskExecution40SwiftCachingOutputMaterializerTaskAction is implemented in both /Users/dschaefer2/swift/swiftpm/work/prebuiltsHost/swift-build/.build/arm64-apple-macosx/debug/SwiftBuildPackageTests.xctest/Contents/MacOS/SwiftBuildPackageTests (0x11a88f4c8) and /Users/dschaefer2/swift/swiftpm/work/prebuiltsHost/swift-build/.build/arm64-apple-macosx/debug/SWBBuildServiceBundle (0x12b320d10). This may cause spurious casting failures and mysterious crashes. One of the duplicates must be removed or renamed.
objc[61689]: Class _TtC16SWBTaskExecution26SwiftCompilationTaskAction is implemented in both /Users/dschaefer2/swift/swiftpm/work/prebuiltsHost/swift-build/.build/arm64-apple-macosx/debug/SwiftBuildPackageTests.xctest/Contents/MacOS/SwiftBuildPackageTests (0x11a88f5e8) and /Users/dschaefer2/swift/swiftpm/work/prebuiltsHost/swift-build/.build/arm64-apple-macosx/debug/SWBBuildServiceBundle (0x12b320e30). This may cause spurious casting failures and mysterious crashes. One of the duplicates must be removed or renamed.
objc[61689]: Class _TtC16SWBTaskExecution38SwiftCompilationVerificationTaskAction is implemented in both /Users/dschaefer2/swift/swiftpm/work/prebuiltsHost/swift-build/.build/arm64-apple-macosx/debug/SwiftBuildPackageTests.xctest/Contents/MacOS/SwiftBuildPackageTests (0x11a88f750) and /Users/dschaefer2/swift/swiftpm/work/prebuiltsHost/swift-build/.build/arm64-apple-macosx/debug/SWBBuildServiceBundle (0x12b320f98). This may cause spurious casting failures and mysterious crashes. One of the duplicates must be removed or renamed.
objc[61689]: Class _TtC16SWBTaskExecution43SwiftDriverCompilationRequirementTaskAction is implemented in both /Users/dschaefer2/swift/swiftpm/work/prebuiltsHost/swift-build/.build/arm64-apple-macosx/debug/SwiftBuildPackageTests.xctest/Contents/MacOS/SwiftBuildPackageTests (0x11a88f8b8) and /Users/dschaefer2/swift/swiftpm/work/prebuiltsHost/swift-build/.build/arm64-apple-macosx/debug/SWBBuildServiceBundle (0x12b321100). This may cause spurious casting failures and mysterious crashes. One of the duplicates must be removed or renamed.
objc[61689]: Class _TtC16SWBTaskExecution29SwiftDriverJobDynamicTaskSpec is implemented in both /Users/dschaefer2/swift/swiftpm/work/prebuiltsHost/swift-build/.build/arm64-apple-macosx/debug/SwiftBuildPackageTests.xctest/Contents/MacOS/SwiftBuildPackageTests (0x11a88fa20) and /Users/dschaefer2/swift/swiftpm/work/prebuiltsHost/swift-build/.build/arm64-apple-macosx/debug/SWBBuildServiceBundle (0x12b321268). This may cause spurious casting failures and mysterious crashes. One of the duplicates must be removed or renamed.
objc[61689]: Class _TtC16SWBTaskExecution34SwiftDriverJobSchedulingTaskAction is implemented in both /Users/dschaefer2/swift/swiftpm/work/prebuiltsHost/swift-build/.build/arm64-apple-macosx/debug/SwiftBuildPackageTests.xctest/Contents/MacOS/SwiftBuildPackageTests (0x11a88fac8) and /Users/dschaefer2/swift/swiftpm/work/prebuiltsHost/swift-build/.build/arm64-apple-macosx/debug/SWBBuildServiceBundle (0x12b321310). This may cause spurious casting failures and mysterious crashes. One of the duplicates must be removed or renamed.
objc[61689]: Class _TtC16SWBTaskExecution24SwiftDriverJobTaskAction is implemented in both /Users/dschaefer2/swift/swiftpm/work/prebuiltsHost/swift-build/.build/arm64-apple-macosx/debug/SwiftBuildPackageTests.xctest/Contents/MacOS/SwiftBuildPackageTests (0x11a88fc80) and /Users/dschaefer2/swift/swiftpm/work/prebuiltsHost/swift-build/.build/arm64-apple-macosx/debug/SWBBuildServiceBundle (0x12b3214d0). This may cause spurious casting failures and mysterious crashes. One of the duplicates must be removed or renamed.
objc[61689]: Class _TtCFC16SWBTaskExecution24SwiftDriverJobTaskAction17performTaskActionFZTP7SWBCore14ExecutableTask_24dynamicExecutionDelegatePS_28DynamicTaskExecutionDelegate_17executionDelegatePS_21TaskExecutionDelegate_14clientDelegatePS_27TaskExecutionClientDelegate_14outputDelegatePS_18TaskOutputDelegate__aSo32llb_buildsystem_command_result_tL_23OutputCapturingDelegate is implemented in both /Users/dschaefer2/swift/swiftpm/work/prebuiltsHost/swift-build/.build/arm64-apple-macosx/debug/SwiftBuildPackageTests.xctest/Contents/MacOS/SwiftBuildPackageTests (0x11a88fdc8) and /Users/dschaefer2/swift/swiftpm/work/prebuiltsHost/swift-build/.build/arm64-apple-macosx/debug/SWBBuildServiceBundle (0x12b321618). This may cause spurious casting failures and mysterious crashes. One of the duplicates must be removed or renamed.
objc[61689]: Class _TtC16SWBTaskExecution34SwiftDriverPlanningDynamicTaskSpec is implemented in both /Users/dschaefer2/swift/swiftpm/work/prebuiltsHost/swift-build/.build/arm64-apple-macosx/debug/SwiftBuildPackageTests.xctest/Contents/MacOS/SwiftBuildPackageTests (0x11a88ff78) and /Users/dschaefer2/swift/swiftpm/work/prebuiltsHost/swift-build/.build/arm64-apple-macosx/debug/SWBBuildServiceBundle (0x12b3217c8). This may cause spurious casting failures and mysterious crashes. One of the duplicates must be removed or renamed.
objc[61689]: Class _TtC16SWBTaskExecution21SwiftDriverTaskAction is implemented in both /Users/dschaefer2/swift/swiftpm/work/prebuiltsHost/swift-build/.build/arm64-apple-macosx/debug/SwiftBuildPackageTests.xctest/Contents/MacOS/SwiftBuildPackageTests (0x11a890020) and /Users/dschaefer2/swift/swiftpm/work/prebuiltsHost/swift-build/.build/arm64-apple-macosx/debug/SWBBuildServiceBundle (0x12b321870). This may cause spurious casting failures and mysterious crashes. One of the duplicates must be removed or renamed.
objc[61689]: Class _TtC16SWBTaskExecution25SwiftHeaderToolTaskAction is implemented in both /Users/dschaefer2/swift/swiftpm/work/prebuiltsHost/swift-build/.build/arm64-apple-macosx/debug/SwiftBuildPackageTests.xctest/Contents/MacOS/SwiftBuildPackageTests (0x11a890170) and /Users/dschaefer2/swift/swiftpm/work/prebuiltsHost/swift-build/.build/arm64-apple-macosx/debug/SWBBuildServiceBundle (0x12b3219c0). This may cause spurious casting failures and mysterious crashes. One of the duplicates must be removed or renamed.
objc[61689]: Class _TtC16SWBTaskExecution4Task is implemented in both /Users/dschaefer2/swift/swiftpm/work/prebuiltsHost/swift-build/.build/arm64-apple-macosx/debug/SwiftBuildPackageTests.xctest/Contents/MacOS/SwiftBuildPackageTests (0x11a890318) and /Users/dschaefer2/swift/swiftpm/work/prebuiltsHost/swift-build/.build/arm64-apple-macosx/debug/SWBBuildServiceBundle (0x12b321b70). This may cause spurious casting failures and mysterious crashes. One of the duplicates must be removed or renamed.
objc[61689]: Class _TtC16SWBTaskExecution19TaskProcessDelegate is implemented in both /Users/dschaefer2/swift/swiftpm/work/prebuiltsHost/swift-build/.build/arm64-apple-macosx/debug/SwiftBuildPackageTests.xctest/Contents/MacOS/SwiftBuildPackageTests (0x11a890460) and /Users/dschaefer2/swift/swiftpm/work/prebuiltsHost/swift-build/.build/arm64-apple-macosx/debug/SWBBuildServiceBundle (0x12b321cb8). This may cause spurious casting failures and mysterious crashes. One of the duplicates must be removed or renamed.
objc[61689]: Class _TtC16SWBTaskExecution10TaskAction is implemented in both /Users/dschaefer2/swift/swiftpm/work/prebuiltsHost/swift-build/.build/arm64-apple-macosx/debug/SwiftBuildPackageTests.xctest/Contents/MacOS/SwiftBuildPackageTests (0x11a8905b8) and /Users/dschaefer2/swift/swiftpm/work/prebuiltsHost/swift-build/.build/arm64-apple-macosx/debug/SWBBuildServiceBundle (0x12b321e10). This may cause spurious casting failures and mysterious crashes. One of the duplicates must be removed or renamed.
objc[61689]: Class _TtC16SWBTaskExecution27TaskActionMessageCollection is implemented in both /Users/dschaefer2/swift/swiftpm/work/prebuiltsHost/swift-build/.build/arm64-apple-macosx/debug/SwiftBuildPackageTests.xctest/Contents/MacOS/SwiftBuildPackageTests (0x11a8906d0) and /Users/dschaefer2/swift/swiftpm/work/prebuiltsHost/swift-build/.build/arm64-apple-macosx/debug/SWBBuildServiceBundle (0x12b321f28). This may cause spurious casting failures and mysterious crashes. One of the duplicates must be removed or renamed.
objc[61689]: Class _TtC16SWBTaskExecution9TaskStore is implemented in both /Users/dschaefer2/swift/swiftpm/work/prebuiltsHost/swift-build/.build/arm64-apple-macosx/debug/SwiftBuildPackageTests.xctest/Contents/MacOS/SwiftBuildPackageTests (0x11a890868) and /Users/dschaefer2/swift/swiftpm/work/prebuiltsHost/swift-build/.build/arm64-apple-macosx/debug/SWBBuildServiceBundle (0x12b3220c0). This may cause spurious casting failures and mysterious crashes. One of the duplicates must be removed or renamed.
objc[61689]: Class _TtC16SWBTaskExecution15FrozenTaskStore is implemented in both /Users/dschaefer2/swift/swiftpm/work/prebuiltsHost/swift-build/.build/arm64-apple-macosx/debug/SwiftBuildPackageTests.xctest/Contents/MacOS/SwiftBuildPackageTests (0x11a890918) and /Users/dschaefer2/swift/swiftpm/work/prebuiltsHost/swift-build/.build/arm64-apple-macosx/debug/SWBBuildServiceBundle (0x12b322170). This may cause spurious casting failures and mysterious crashes. One of the duplicates must be removed or renamed.
objc[61689]: Class _TtC16SWBTaskExecution35ValidateDevelopmentAssetsTaskAction is implemented in both /Users/dschaefer2/swift/swiftpm/work/prebuiltsHost/swift-build/.build/arm64-apple-macosx/debug/SwiftBuildPackageTests.xctest/Contents/MacOS/SwiftBuildPackageTests (0x11a8909d0) and /Users/dschaefer2/swift/swiftpm/work/prebuiltsHost/swift-build/.build/arm64-apple-macosx/debug/SWBBuildServiceBundle (0x12b322228). This may cause spurious casting failures and mysterious crashes. One of the duplicates must be removed or renamed.
objc[61689]: Class _TtC16SWBTaskExecution25ValidateProductTaskAction is implemented in both /Users/dschaefer2/swift/swiftpm/work/prebuiltsHost/swift-build/.build/arm64-apple-macosx/debug/SwiftBuildPackageTests.xctest/Contents/MacOS/SwiftBuildPackageTests (0x11a890af0) and /Users/dschaefer2/swift/swiftpm/work/prebuiltsHost/swift-build/.build/arm64-apple-macosx/debug/SWBBuildServiceBundle (0x12b322348). This may cause spurious casting failures and mysterious crashes. One of the duplicates must be removed or renamed.
objc[61689]: Class _TtC20SWBUniversalPlatform17CopyPlistFileSpec is implemented in both /Users/dschaefer2/swift/swiftpm/work/prebuiltsHost/swift-build/.build/arm64-apple-macosx/debug/SwiftBuildPackageTests.xctest/Contents/MacOS/SwiftBuildPackageTests (0x11a895380) and /Users/dschaefer2/swift/swiftpm/work/prebuiltsHost/swift-build/.build/arm64-apple-macosx/debug/SWBBuildServiceBundle (0x12b322458). This may cause spurious casting failures and mysterious crashes. One of the duplicates must be removed or renamed.
objc[61689]: Class _TtC20SWBUniversalPlatform19CopyStringsFileSpec is implemented in both /Users/dschaefer2/swift/swiftpm/work/prebuiltsHost/swift-build/.build/arm64-apple-macosx/debug/SwiftBuildPackageTests.xctest/Contents/MacOS/SwiftBuildPackageTests (0x11a895718) and /Users/dschaefer2/swift/swiftpm/work/prebuiltsHost/swift-build/.build/arm64-apple-macosx/debug/SWBBuildServiceBundle (0x12b3227f0). This may cause spurious casting failures and mysterious crashes. One of the duplicates must be removed or renamed.
objc[61689]: Class _TtC20SWBUniversalPlatform11CppToolSpec is implemented in both /Users/dschaefer2/swift/swiftpm/work/prebuiltsHost/swift-build/.build/arm64-apple-macosx/debug/SwiftBuildPackageTests.xctest/Contents/MacOS/SwiftBuildPackageTests (0x11a895ab0) and /Users/dschaefer2/swift/swiftpm/work/prebuiltsHost/swift-build/.build/arm64-apple-macosx/debug/SWBBuildServiceBundle (0x12b322b88). This may cause spurious casting failures and mysterious crashes. One of the duplicates must be removed or renamed.
objc[61689]: Class _TtC20SWBUniversalPlatform12DiffToolSpec is implemented in both /Users/dschaefer2/swift/swiftpm/work/prebuiltsHost/swift-build/.build/arm64-apple-macosx/debug/SwiftBuildPackageTests.xctest/Contents/MacOS/SwiftBuildPackageTests (0x11a895e48) and /Users/dschaefer2/swift/swiftpm/work/prebuiltsHost/swift-build/.build/arm64-apple-macosx/debug/SWBBuildServiceBundle (0x12b322f20). This may cause spurious casting failures and mysterious crashes. One of the duplicates must be removed or renamed.
objc[61689]: Class _TtC20SWBUniversalPlatform15LexCompilerSpec is implemented in both /Users/dschaefer2/swift/swiftpm/work/prebuiltsHost/swift-build/.build/arm64-apple-macosx/debug/SwiftBuildPackageTests.xctest/Contents/MacOS/SwiftBuildPackageTests (0x11a8961e0) and /Users/dschaefer2/swift/swiftpm/work/prebuiltsHost/swift-build/.build/arm64-apple-macosx/debug/SWBBuildServiceBundle (0x12b3232b8). This may cause spurious casting failures and mysterious crashes. One of the duplicates must be removed or renamed.
objc[61689]: Class _TtC20SWBUniversalPlatform34TestEntryPointGenerationTaskAction is implemented in both /Users/dschaefer2/swift/swiftpm/work/prebuiltsHost/swift-build/.build/arm64-apple-macosx/debug/SwiftBuildPackageTests.xctest/Contents/MacOS/SwiftBuildPackageTests (0x11a8965c8) and /Users/dschaefer2/swift/swiftpm/work/prebuiltsHost/swift-build/.build/arm64-apple-macosx/debug/SWBBuildServiceBundle (0x12b3236a0). This may cause spurious casting failures and mysterious crashes. One of the duplicates must be removed or renamed.
objc[61689]: Class _TtC20SWBUniversalPlatform32TestEntryPointGenerationToolSpec is implemented in both /Users/dschaefer2/swift/swiftpm/work/prebuiltsHost/swift-build/.build/arm64-apple-macosx/debug/SwiftBuildPackageTests.xctest/Contents/MacOS/SwiftBuildPackageTests (0x11a896728) and /Users/dschaefer2/swift/swiftpm/work/prebuiltsHost/swift-build/.build/arm64-apple-macosx/debug/SWBBuildServiceBundle (0x12b323800). This may cause spurious casting failures and mysterious crashes. One of the duplicates must be removed or renamed.
objc[61689]: Class _TtC20SWBUniversalPlatform26TestEntryPointTaskProducer is implemented in both /Users/dschaefer2/swift/swiftpm/work/prebuiltsHost/swift-build/.build/arm64-apple-macosx/debug/SwiftBuildPackageTests.xctest/Contents/MacOS/SwiftBuildPackageTests (0x11a896ac0) and /Users/dschaefer2/swift/swiftpm/work/prebuiltsHost/swift-build/.build/arm64-apple-macosx/debug/SWBBuildServiceBundle (0x12b323b98). This may cause spurious casting failures and mysterious crashes. One of the duplicates must be removed or renamed.
objc[61689]: Class _TtC20SWBUniversalPlatform16YaccCompilerSpec is implemented in both /Users/dschaefer2/swift/swiftpm/work/prebuiltsHost/swift-build/.build/arm64-apple-macosx/debug/SwiftBuildPackageTests.xctest/Contents/MacOS/SwiftBuildPackageTests (0x11a896c68) and /Users/dschaefer2/swift/swiftpm/work/prebuiltsHost/swift-build/.build/arm64-apple-macosx/debug/SWBBuildServiceBundle (0x12b323d40). This may cause spurious casting failures and mysterious crashes. One of the duplicates must be removed or renamed.
objc[61689]: Class _TtC7SWBUtil21UNIXShellCommandCodec is implemented in both /Users/dschaefer2/swift/swiftpm/work/prebuiltsHost/swift-build/.build/arm64-apple-macosx/debug/SwiftBuildPackageTests.xctest/Contents/MacOS/SwiftBuildPackageTests (0x11a897078) and /Users/dschaefer2/swift/swiftpm/work/prebuiltsHost/swift-build/.build/arm64-apple-macosx/debug/SWBBuildServiceBundle (0x12b324160). This may cause spurious casting failures and mysterious crashes. One of the duplicates must be removed or renamed.
objc[61689]: Class _TtC7SWBUtil21LLVMStyleCommandCodec is implemented in both /Users/dschaefer2/swift/swiftpm/work/prebuiltsHost/swift-build/.build/arm64-apple-macosx/debug/SwiftBuildPackageTests.xctest/Contents/MacOS/SwiftBuildPackageTests (0x11a897130) and /Users/dschaefer2/swift/swiftpm/work/prebuiltsHost/swift-build/.build/arm64-apple-macosx/debug/SWBBuildServiceBundle (0x12b324218). This may cause spurious casting failures and mysterious crashes. One of the duplicates must be removed or renamed.
objc[61689]: Class _TtC7SWBUtil28WindowsProcessArgumentsCodec is implemented in both /Users/dschaefer2/swift/swiftpm/work/prebuiltsHost/swift-build/.build/arm64-apple-macosx/debug/SwiftBuildPackageTests.xctest/Contents/MacOS/SwiftBuildPackageTests (0x11a8971d0) and /Users/dschaefer2/swift/swiftpm/work/prebuiltsHost/swift-build/.build/arm64-apple-macosx/debug/SWBBuildServiceBundle (0x12b3242b8). This may cause spurious casting failures and mysterious crashes. One of the duplicates must be removed or renamed.
objc[61689]: Class _TtC7SWBUtil19AsyncOperationQueue is implemented in both /Users/dschaefer2/swift/swiftpm/work/prebuiltsHost/swift-build/.build/arm64-apple-macosx/debug/SwiftBuildPackageTests.xctest/Contents/MacOS/SwiftBuildPackageTests (0x11a8973a8) and /Users/dschaefer2/swift/swiftpm/work/prebuiltsHost/swift-build/.build/arm64-apple-macosx/debug/SWBBuildServiceBundle (0x12b324490). This may cause spurious casting failures and mysterious crashes. One of the duplicates must be removed or renamed.
objc[61689]: Class _TtCV7SWBUtil21DiagnosticAttachments10Attachment is implemented in both /Users/dschaefer2/swift/swiftpm/work/prebuiltsHost/swift-build/.build/arm64-apple-macosx/debug/SwiftBuildPackageTests.xctest/Contents/MacOS/SwiftBuildPackageTests (0x11a897c48) and /Users/dschaefer2/swift/swiftpm/work/prebuiltsHost/swift-build/.build/arm64-apple-macosx/debug/SWBBuildServiceBundle (0x12b324d48). This may cause spurious casting failures and mysterious crashes. One of the duplicates must be removed or renamed.
objc[61689]: Class _TtCV7SWBUtil21DiagnosticAttachments21ModuleErrorAttachment is implemented in both /Users/dschaefer2/swift/swiftpm/work/prebuiltsHost/swift-build/.build/arm64-apple-macosx/debug/SwiftBuildPackageTests.xctest/Contents/MacOS/SwiftBuildPackageTests (0x11a897d28) and /Users/dschaefer2/swift/swiftpm/work/prebuiltsHost/swift-build/.build/arm64-apple-macosx/debug/SWBBuildServiceBundle (0x12b324e28). This may cause spurious casting failures and mysterious crashes. One of the duplicates must be removed or renamed.
objc[61689]: Class _TtC7SWBUtil17DiagnosticsEngine is implemented in both /Users/dschaefer2/swift/swiftpm/work/prebuiltsHost/swift-build/.build/arm64-apple-macosx/debug/SwiftBuildPackageTests.xctest/Contents/MacOS/SwiftBuildPackageTests (0x11a897e18) and /Users/dschaefer2/swift/swiftpm/work/prebuiltsHost/swift-build/.build/arm64-apple-macosx/debug/SWBBuildServiceBundle (0x12b324f18). This may cause spurious casting failures and mysterious crashes. One of the duplicates must be removed or renamed.
objc[61689]: Class _TtC7SWBUtil7LocalFS is implemented in both /Users/dschaefer2/swift/swiftpm/work/prebuiltsHost/swift-build/.build/arm64-apple-macosx/debug/SwiftBuildPackageTests.xctest/Contents/MacOS/SwiftBuildPackageTests (0x11a898058) and /Users/dschaefer2/swift/swiftpm/work/prebuiltsHost/swift-build/.build/arm64-apple-macosx/debug/SWBBuildServiceBundle (0x12b325178). This may cause spurious casting failures and mysterious crashes. One of the duplicates must be removed or renamed.
objc[61689]: Class _TtC7SWBUtil8PseudoFS is implemented in both /Users/dschaefer2/swift/swiftpm/work/prebuiltsHost/swift-build/.build/arm64-apple-macosx/debug/SwiftBuildPackageTests.xctest/Contents/MacOS/SwiftBuildPackageTests (0x11a898258) and /Users/dschaefer2/swift/swiftpm/work/prebuiltsHost/swift-build/.build/arm64-apple-macosx/debug/SWBBuildServiceBundle (0x12b325378). This may cause spurious casting failures and mysterious crashes. One of the duplicates must be removed or renamed.
objc[61689]: Class _TtCC7SWBUtil8PseudoFSP33_E2DC56C48D7A27EEFE74BCF591534EC24Node is implemented in both /Users/dschaefer2/swift/swiftpm/work/prebuiltsHost/swift-build/.build/arm64-apple-macosx/debug/SwiftBuildPackageTests.xctest/Contents/MacOS/SwiftBuildPackageTests (0x11a898530) and /Users/dschaefer2/swift/swiftpm/work/prebuiltsHost/swift-build/.build/arm64-apple-macosx/debug/SWBBuildServiceBundle (0x12b325650). This may cause spurious casting failures and mysterious crashes. One of the duplicates must be removed or renamed.
objc[61689]: Class _TtCC7SWBUtil8PseudoFSP33_E2DC56C48D7A27EEFE74BCF591534EC217DirectoryContents is implemented in both /Users/dschaefer2/swift/swiftpm/work/prebuiltsHost/swift-build/.build/arm64-apple-macosx/debug/SwiftBuildPackageTests.xctest/Contents/MacOS/SwiftBuildPackageTests (0x11a898608) and /Users/dschaefer2/swift/swiftpm/work/prebuiltsHost/swift-build/.build/arm64-apple-macosx/debug/SWBBuildServiceBundle (0x12b325728). This may cause spurious casting failures and mysterious crashes. One of the duplicates must be removed or renamed.
objc[61689]: Class _TtC7SWBUtilP33_1A789367EE2248171B84A8B8478A7B8425VendoredSHA256HashContext is implemented in both /Users/dschaefer2/swift/swiftpm/work/prebuiltsHost/swift-build/.build/arm64-apple-macosx/debug/SwiftBuildPackageTests.xctest/Contents/MacOS/SwiftBuildPackageTests (0x11a8987c8) and /Users/dschaefer2/swift/swiftpm/work/prebuiltsHost/swift-build/.build/arm64-apple-macosx/debug/SWBBuildServiceBundle (0x12b325920). This may cause spurious casting failures and mysterious crashes. One of the duplicates must be removed or renamed.
objc[61689]: Class _TtC7SWBUtil20DelegatedHashContext is implemented in both /Users/dschaefer2/swift/swiftpm/work/prebuiltsHost/swift-build/.build/arm64-apple-macosx/debug/SwiftBuildPackageTests.xctest/Contents/MacOS/SwiftBuildPackageTests (0x11a898868) and /Users/dschaefer2/swift/swiftpm/work/prebuiltsHost/swift-build/.build/arm64-apple-macosx/debug/SWBBuildServiceBundle (0x12b3259c0). This may cause spurious casting failures and mysterious crashes. One of the duplicates must be removed or renamed.
objc[61689]: Class _TtC7SWBUtil19InsecureHashContext is implemented in both /Users/dschaefer2/swift/swiftpm/work/prebuiltsHost/swift-build/.build/arm64-apple-macosx/debug/SwiftBuildPackageTests.xctest/Contents/MacOS/SwiftBuildPackageTests (0x11a898938) and /Users/dschaefer2/swift/swiftpm/work/prebuiltsHost/swift-build/.build/arm64-apple-macosx/debug/SWBBuildServiceBundle (0x12b325a90). This may cause spurious casting failures and mysterious crashes. One of the duplicates must be removed or renamed.
objc[61689]: Class _TtC7SWBUtil13SHA256Context is implemented in both /Users/dschaefer2/swift/swiftpm/work/prebuiltsHost/swift-build/.build/arm64-apple-macosx/debug/SwiftBuildPackageTests.xctest/Contents/MacOS/SwiftBuildPackageTests (0x11a898a08) and /Users/dschaefer2/swift/swiftpm/work/prebuiltsHost/swift-build/.build/arm64-apple-macosx/debug/SWBBuildServiceBundle (0x12b325b60). This may cause spurious casting failures and mysterious crashes. One of the duplicates must be removed or renamed.
objc[61689]: Class _TtC7SWBUtil10IndexStore is implemented in both /Users/dschaefer2/swift/swiftpm/work/prebuiltsHost/swift-build/.build/arm64-apple-macosx/debug/SwiftBuildPackageTests.xctest/Contents/MacOS/SwiftBuildPackageTests (0x11a898cd8) and /Users/dschaefer2/swift/swiftpm/work/prebuiltsHost/swift-build/.build/arm64-apple-macosx/debug/SWBBuildServiceBundle (0x12b325e48). This may cause spurious casting failures and mysterious crashes. One of the duplicates must be removed or renamed.
objc[61689]: Class _TtC7SWBUtil13IndexStoreAPI is implemented in both /Users/dschaefer2/swift/swiftpm/work/prebuiltsHost/swift-build/.build/arm64-apple-macosx/debug/SwiftBuildPackageTests.xctest/Contents/MacOS/SwiftBuildPackageTests (0x11a898d78) and /Users/dschaefer2/swift/swiftpm/work/prebuiltsHost/swift-build/.build/arm64-apple-macosx/debug/SWBBuildServiceBundle (0x12b325ee8). This may cause spurious casting failures and mysterious crashes. One of the duplicates must be removed or renamed.
objc[61689]: Class _TtC7SWBUtilP33_2373BABB4D672E7FDF149D948C5304BA14IndexStoreImpl is implemented in both /Users/dschaefer2/swift/swiftpm/work/prebuiltsHost/swift-build/.build/arm64-apple-macosx/debug/SwiftBuildPackageTests.xctest/Contents/MacOS/SwiftBuildPackageTests (0x11a898e18) and /Users/dschaefer2/swift/swiftpm/work/prebuiltsHost/swift-build/.build/arm64-apple-macosx/debug/SWBBuildServiceBundle (0x12b325f88). This may cause spurious casting failures and mysterious crashes. One of the duplicates must be removed or renamed.
objc[61689]: Class _TtC7SWBUtilP33_2373BABB4D672E7FDF149D948C5304BA17IndexStoreAPIImpl is implemented in both /Users/dschaefer2/swift/swiftpm/work/prebuiltsHost/swift-build/.build/arm64-apple-macosx/debug/SwiftBuildPackageTests.xctest/Contents/MacOS/SwiftBuildPackageTests (0x11a898ec0) and /Users/dschaefer2/swift/swiftpm/work/prebuiltsHost/swift-build/.build/arm64-apple-macosx/debug/SWBBuildServiceBundle (0x12b326030). This may cause spurious casting failures and mysterious crashes. One of the duplicates must be removed or renamed.
objc[61689]: Class _TtC7SWBUtil10LineReader is implemented in both /Users/dschaefer2/swift/swiftpm/work/prebuiltsHost/swift-build/.build/arm64-apple-macosx/debug/SwiftBuildPackageTests.xctest/Contents/MacOS/SwiftBuildPackageTests (0x11a899000) and /Users/dschaefer2/swift/swiftpm/work/prebuiltsHost/swift-build/.build/arm64-apple-macosx/debug/SWBBuildServiceBundle (0x12b326178). This may cause spurious casting failures and mysterious crashes. One of the duplicates must be removed or renamed.
objc[61689]: Class _TtC7SWBUtil12BinaryReader is implemented in both /Users/dschaefer2/swift/swiftpm/work/prebuiltsHost/swift-build/.build/arm64-apple-macosx/debug/SwiftBuildPackageTests.xctest/Contents/MacOS/SwiftBuildPackageTests (0x11a899260) and /Users/dschaefer2/swift/swiftpm/work/prebuiltsHost/swift-build/.build/arm64-apple-macosx/debug/SWBBuildServiceBundle (0x12b3263f8). This may cause spurious casting failures and mysterious crashes. One of the duplicates must be removed or renamed.
objc[61689]: Class _TtC7SWBUtil5MachO is implemented in both /Users/dschaefer2/swift/swiftpm/work/prebuiltsHost/swift-build/.build/arm64-apple-macosx/debug/SwiftBuildPackageTests.xctest/Contents/MacOS/SwiftBuildPackageTests (0x11a899318) and /Users/dschaefer2/swift/swiftpm/work/prebuiltsHost/swift-build/.build/arm64-apple-macosx/debug/SWBBuildServiceBundle (0x12b3264b0). This may cause spurious casting failures and mysterious crashes. One of the duplicates must be removed or renamed.
objc[61689]: Class _TtC7SWBUtil14MsgPackEncoder is implemented in both /Users/dschaefer2/swift/swiftpm/work/prebuiltsHost/swift-build/.build/arm64-apple-macosx/debug/SwiftBuildPackageTests.xctest/Contents/MacOS/SwiftBuildPackageTests (0x11a8994d0) and /Users/dschaefer2/swift/swiftpm/work/prebuiltsHost/swift-build/.build/arm64-apple-macosx/debug/SWBBuildServiceBundle (0x12b326678). This may cause spurious casting failures and mysterious crashes. One of the duplicates must be removed or renamed.
objc[61689]: Class _TtC7SWBUtil14MsgPackDecoder is implemented in both /Users/dschaefer2/swift/swiftpm/work/prebuiltsHost/swift-build/.build/arm64-apple-macosx/debug/SwiftBuildPackageTests.xctest/Contents/MacOS/SwiftBuildPackageTests (0x11a899588) and /Users/dschaefer2/swift/swiftpm/work/prebuiltsHost/swift-build/.build/arm64-apple-macosx/debug/SWBBuildServiceBundle (0x12b326730). This may cause spurious casting failures and mysterious crashes. One of the duplicates must be removed or renamed.
objc[61689]: Class _TtC7SWBUtil17MsgPackSerializer is implemented in both /Users/dschaefer2/swift/swiftpm/work/prebuiltsHost/swift-build/.build/arm64-apple-macosx/debug/SwiftBuildPackageTests.xctest/Contents/MacOS/SwiftBuildPackageTests (0x11a899630) and /Users/dschaefer2/swift/swiftpm/work/prebuiltsHost/swift-build/.build/arm64-apple-macosx/debug/SWBBuildServiceBundle (0x12b3267d8). This may cause spurious casting failures and mysterious crashes. One of the duplicates must be removed or renamed.
objc[61689]: Class _TtC7SWBUtil19MsgPackDeserializer is implemented in both /Users/dschaefer2/swift/swiftpm/work/prebuiltsHost/swift-build/.build/arm64-apple-macosx/debug/SwiftBuildPackageTests.xctest/Contents/MacOS/SwiftBuildPackageTests (0x11a8996d8) and /Users/dschaefer2/swift/swiftpm/work/prebuiltsHost/swift-build/.build/arm64-apple-macosx/debug/SWBBuildServiceBundle (0x12b326880). This may cause spurious casting failures and mysterious crashes. One of the duplicates must be removed or renamed.
objc[61689]: Class _TtC7SWBUtil23NamedTemporaryDirectory is implemented in both /Users/dschaefer2/swift/swiftpm/work/prebuiltsHost/swift-build/.build/arm64-apple-macosx/debug/SwiftBuildPackageTests.xctest/Contents/MacOS/SwiftBuildPackageTests (0x11a899780) and /Users/dschaefer2/swift/swiftpm/work/prebuiltsHost/swift-build/.build/arm64-apple-macosx/debug/SWBBuildServiceBundle (0x12b326928). This may cause spurious casting failures and mysterious crashes. One of the duplicates must be removed or renamed.
objc[61689]: Class _TtC7SWBUtil5OSLog is implemented in both /Users/dschaefer2/swift/swiftpm/work/prebuiltsHost/swift-build/.build/arm64-apple-macosx/debug/SwiftBuildPackageTests.xctest/Contents/MacOS/SwiftBuildPackageTests (0x11a899838) and /Users/dschaefer2/swift/swiftpm/work/prebuiltsHost/swift-build/.build/arm64-apple-macosx/debug/SWBBuildServiceBundle (0x12b3269e0). This may cause spurious casting failures and mysterious crashes. One of the duplicates must be removed or renamed.
objc[61689]: Class _TtC7SWBUtil18JSONOutputStreamer is implemented in both /Users/dschaefer2/swift/swiftpm/work/prebuiltsHost/swift-build/.build/arm64-apple-macosx/debug/SwiftBuildPackageTests.xctest/Contents/MacOS/SwiftBuildPackageTests (0x11a899988) and /Users/dschaefer2/swift/swiftpm/work/prebuiltsHost/swift-build/.build/arm64-apple-macosx/debug/SWBBuildServiceBundle (0x12b326b38). This may cause spurious casting failures and mysterious crashes. One of the duplicates must be removed or renamed.
objc[61689]: Class _TtC7SWBUtil16OutputByteStream is implemented in both /Users/dschaefer2/swift/swiftpm/work/prebuiltsHost/swift-build/.build/arm64-apple-macosx/debug/SwiftBuildPackageTests.xctest/Contents/MacOS/SwiftBuildPackageTests (0x11a899a30) and /Users/dschaefer2/swift/swiftpm/work/prebuiltsHost/swift-build/.build/arm64-apple-macosx/debug/SWBBuildServiceBundle (0x12b326be0). This may cause spurious casting failures and mysterious crashes. One of the duplicates must be removed or renamed.
objc[61689]: Class _TtC7SWBUtil26PluginExtensionSystemActor is implemented in both /Users/dschaefer2/swift/swiftpm/work/prebuiltsHost/swift-build/.build/arm64-apple-macosx/debug/SwiftBuildPackageTests.xctest/Contents/MacOS/SwiftBuildPackageTests (0x11a899c88) and /Users/dschaefer2/swift/swiftpm/work/prebuiltsHost/swift-build/.build/arm64-apple-macosx/debug/SWBBuildServiceBundle (0x12b326e38). This may cause spurious casting failures and mysterious crashes. One of the duplicates must be removed or renamed.
objc[61689]: Class _TtC7SWBUtil20MutablePluginManager is implemented in both /Users/dschaefer2/swift/swiftpm/work/prebuiltsHost/swift-build/.build/arm64-apple-macosx/debug/SwiftBuildPackageTests.xctest/Contents/MacOS/SwiftBuildPackageTests (0x11a899d28) and /Users/dschaefer2/swift/swiftpm/work/prebuiltsHost/swift-build/.build/arm64-apple-macosx/debug/SWBBuildServiceBundle (0x12b326ed8). This may cause spurious casting failures and mysterious crashes. One of the duplicates must be removed or renamed.
objc[61689]: Class _TtC7SWBUtilP33_BB066FD858A5DE43B5928B98108AD74A22ImmutablePluginManager is implemented in both /Users/dschaefer2/swift/swiftpm/work/prebuiltsHost/swift-build/.build/arm64-apple-macosx/debug/SwiftBuildPackageTests.xctest/Contents/MacOS/SwiftBuildPackageTests (0x11a899de8) and /Users/dschaefer2/swift/swiftpm/work/prebuiltsHost/swift-build/.build/arm64-apple-macosx/debug/SWBBuildServiceBundle (0x12b326f98). This may cause spurious casting failures and mysterious crashes. One of the duplicates must be removed or renamed.
objc[61689]: Class _TtCZFE7SWBUtilCSo27NSPropertyListSerializationP33_3C8FCEE6D9BA9FE6A40E58233D12AFB714swb_stableDataFzT16fromPropertyListP_6formatVSo20NSPropertyListFormat7optionsSi_V10Foundation4DataL_31SWBStablePropertyListDictionary is implemented in both /Users/dschaefer2/swift/swiftpm/work/prebuiltsHost/swift-build/.build/arm64-apple-macosx/debug/SwiftBuildPackageTests.xctest/Contents/MacOS/SwiftBuildPackageTests (0x11a83e188) and /Users/dschaefer2/swift/swiftpm/work/prebuiltsHost/swift-build/.build/arm64-apple-macosx/debug/SWBBuildServiceBundle (0x12b2e3640). This may cause spurious casting failures and mysterious crashes. One of the duplicates must be removed or renamed.
objc[61689]: Class _TtC7SWBUtil20SWBDispatchSemaphore is implemented in both /Users/dschaefer2/swift/swiftpm/work/prebuiltsHost/swift-build/.build/arm64-apple-macosx/debug/SwiftBuildPackageTests.xctest/Contents/MacOS/SwiftBuildPackageTests (0x11a89a478) and /Users/dschaefer2/swift/swiftpm/work/prebuiltsHost/swift-build/.build/arm64-apple-macosx/debug/SWBBuildServiceBundle (0x12b327698). This may cause spurious casting failures and mysterious crashes. One of the duplicates must be removed or renamed.
objc[61689]: Class _TtC7SWBUtil16SWBDispatchGroup is implemented in both /Users/dschaefer2/swift/swiftpm/work/prebuiltsHost/swift-build/.build/arm64-apple-macosx/debug/SwiftBuildPackageTests.xctest/Contents/MacOS/SwiftBuildPackageTests (0x11a89a518) and /Users/dschaefer2/swift/swiftpm/work/prebuiltsHost/swift-build/.build/arm64-apple-macosx/debug/SWBBuildServiceBundle (0x12b327738). This may cause spurious casting failures and mysterious crashes. One of the duplicates must be removed or renamed.
objc[61689]: Class _TtC7SWBUtil13SWBDispatchIO is implemented in both /Users/dschaefer2/swift/swiftpm/work/prebuiltsHost/swift-build/.build/arm64-apple-macosx/debug/SwiftBuildPackageTests.xctest/Contents/MacOS/SwiftBuildPackageTests (0x11a89a5b8) and /Users/dschaefer2/swift/swiftpm/work/prebuiltsHost/swift-build/.build/arm64-apple-macosx/debug/SWBBuildServiceBundle (0x12b3277d8). This may cause spurious casting failures and mysterious crashes. One of the duplicates must be removed or renamed.
objc[61689]: Class _TtC7SWBUtil8SWBQueue is implemented in both /Users/dschaefer2/swift/swiftpm/work/prebuiltsHost/swift-build/.build/arm64-apple-macosx/debug/SwiftBuildPackageTests.xctest/Contents/MacOS/SwiftBuildPackageTests (0x11a89a658) and /Users/dschaefer2/swift/swiftpm/work/prebuiltsHost/swift-build/.build/arm64-apple-macosx/debug/SWBBuildServiceBundle (0x12b327878). This may cause spurious casting failures and mysterious crashes. One of the duplicates must be removed or renamed.
objc[61689]: Class _TtC7SWBUtil15StatisticsGroup is implemented in both /Users/dschaefer2/swift/swiftpm/work/prebuiltsHost/swift-build/.build/arm64-apple-macosx/debug/SwiftBuildPackageTests.xctest/Contents/MacOS/SwiftBuildPackageTests (0x11a89a7f8) and /Users/dschaefer2/swift/swiftpm/work/prebuiltsHost/swift-build/.build/arm64-apple-macosx/debug/SWBBuildServiceBundle (0x12b327a28). This may cause spurious casting failures and mysterious crashes. One of the duplicates must be removed or renamed.
objc[61689]: Class _TtC7SWBUtil10_Statistic is implemented in both /Users/dschaefer2/swift/swiftpm/work/prebuiltsHost/swift-build/.build/arm64-apple-macosx/debug/SwiftBuildPackageTests.xctest/Contents/MacOS/SwiftBuildPackageTests (0x11a89a8a0) and /Users/dschaefer2/swift/swiftpm/work/prebuiltsHost/swift-build/.build/arm64-apple-macosx/debug/SWBBuildServiceBundle (0x12b327ad0). This may cause spurious casting failures and mysterious crashes. One of the duplicates must be removed or renamed.
objc[61689]: Class _TtC7SWBUtil9Statistic is implemented in both /Users/dschaefer2/swift/swiftpm/work/prebuiltsHost/swift-build/.build/arm64-apple-macosx/debug/SwiftBuildPackageTests.xctest/Contents/MacOS/SwiftBuildPackageTests (0x11a89a950) and /Users/dschaefer2/swift/swiftpm/work/prebuiltsHost/swift-build/.build/arm64-apple-macosx/debug/SWBBuildServiceBundle (0x12b327b80). This may cause spurious casting failures and mysterious crashes. One of the duplicates must be removed or renamed.
objc[61689]: Class _TtC7SWBUtil32UniquingSerializationCoordinator is implemented in both /Users/dschaefer2/swift/swiftpm/work/prebuiltsHost/swift-build/.build/arm64-apple-macosx/debug/SwiftBuildPackageTests.xctest/Contents/MacOS/SwiftBuildPackageTests (0x11a89ac10) and /Users/dschaefer2/swift/swiftpm/work/prebuiltsHost/swift-build/.build/arm64-apple-macosx/debug/SWBBuildServiceBundle (0x12b327e40). This may cause spurious casting failures and mysterious crashes. One of the duplicates must be removed or renamed.
objc[61689]: Class _TtC7SWBUtil34UniquingDeserializationCoordinator is implemented in both /Users/dschaefer2/swift/swiftpm/work/prebuiltsHost/swift-build/.build/arm64-apple-macosx/debug/SwiftBuildPackageTests.xctest/Contents/MacOS/SwiftBuildPackageTests (0x11a89acb0) and /Users/dschaefer2/swift/swiftpm/work/prebuiltsHost/swift-build/.build/arm64-apple-macosx/debug/SWBBuildServiceBundle (0x12b327ee0). This may cause spurious casting failures and mysterious crashes. One of the duplicates must be removed or renamed.
objc[61689]: Class _TtC7SWBUtil3VFS is implemented in both /Users/dschaefer2/swift/swiftpm/work/prebuiltsHost/swift-build/.build/arm64-apple-macosx/debug/SwiftBuildPackageTests.xctest/Contents/MacOS/SwiftBuildPackageTests (0x11a89adc0) and /Users/dschaefer2/swift/swiftpm/work/prebuiltsHost/swift-build/.build/arm64-apple-macosx/debug/SWBBuildServiceBundle (0x12b327ff0). This may cause spurious casting failures and mysterious crashes. One of the duplicates must be removed or renamed.
objc[61689]: Class _TtCC7SWBUtil3VFS9Directory is implemented in both /Users/dschaefer2/swift/swiftpm/work/prebuiltsHost/swift-build/.build/arm64-apple-macosx/debug/SwiftBuildPackageTests.xctest/Contents/MacOS/SwiftBuildPackageTests (0x11a89ae60) and /Users/dschaefer2/swift/swiftpm/work/prebuiltsHost/swift-build/.build/arm64-apple-macosx/debug/SWBBuildServiceBundle (0x12b328090). This may cause spurious casting failures and mysterious crashes. One of the duplicates must be removed or renamed.
objc[61689]: Class _TtC7SWBUtil13WaitCondition is implemented in both /Users/dschaefer2/swift/swiftpm/work/prebuiltsHost/swift-build/.build/arm64-apple-macosx/debug/SwiftBuildPackageTests.xctest/Contents/MacOS/SwiftBuildPackageTests (0x11a89b038) and /Users/dschaefer2/swift/swiftpm/work/prebuiltsHost/swift-build/.build/arm64-apple-macosx/debug/SWBBuildServiceBundle (0x12b328268). This may cause spurious casting failures and mysterious crashes. One of the duplicates must be removed or renamed.
objc[61689]: Class _TtC7SWBUtil24CancellableWaitCondition is implemented in both /Users/dschaefer2/swift/swiftpm/work/prebuiltsHost/swift-build/.build/arm64-apple-macosx/debug/SwiftBuildPackageTests.xctest/Contents/MacOS/SwiftBuildPackageTests (0x11a89b0d8) and /Users/dschaefer2/swift/swiftpm/work/prebuiltsHost/swift-build/.build/arm64-apple-macosx/debug/SWBBuildServiceBundle (0x12b328308). This may cause spurious casting failures and mysterious crashes. One of the duplicates must be removed or renamed.
objc[61689]: Class _TtC7SWBUtil18XCBuildDataArchive is implemented in both /Users/dschaefer2/swift/swiftpm/work/prebuiltsHost/swift-build/.build/arm64-apple-macosx/debug/SwiftBuildPackageTests.xctest/Contents/MacOS/SwiftBuildPackageTests (0x11a89b188) and /Users/dschaefer2/swift/swiftpm/work/prebuiltsHost/swift-build/.build/arm64-apple-macosx/debug/SWBBuildServiceBundle (0x12b3283b8). This may cause spurious casting failures and mysterious crashes. One of the duplicates must be removed or renamed.
objc[61689]: Class _TtC18SWBWindowsPlatform13WindowsPlugin is implemented in both /Users/dschaefer2/swift/swiftpm/work/prebuiltsHost/swift-build/.build/arm64-apple-macosx/debug/SwiftBuildPackageTests.xctest/Contents/MacOS/SwiftBuildPackageTests (0x11a89c340) and /Users/dschaefer2/swift/swiftpm/work/prebuiltsHost/swift-build/.build/arm64-apple-macosx/debug/SWBBuildServiceBundle (0x12b3284d0). This may cause spurious casting failures and mysterious crashes. One of the duplicates must be removed or renamed.
objc[61689]: Class _TtC11SwiftDriver12ArgsResolver is implemented in both /Users/dschaefer2/swift/swiftpm/work/prebuiltsHost/swift-build/.build/arm64-apple-macosx/debug/SwiftBuildPackageTests.xctest/Contents/MacOS/SwiftBuildPackageTests (0x11a8a1a58) and /Users/dschaefer2/swift/swiftpm/work/prebuiltsHost/swift-build/.build/arm64-apple-macosx/debug/SWBBuildServiceBundle (0x12b328640). This may cause spurious casting failures and mysterious crashes. One of the duplicates must be removed or renamed.
objc[61689]: Class _TtC11SwiftDriver15BitstreamWriter is implemented in both /Users/dschaefer2/swift/swiftpm/work/prebuiltsHost/swift-build/.build/arm64-apple-macosx/debug/SwiftBuildPackageTests.xctest/Contents/MacOS/SwiftBuildPackageTests (0x11a8a1d10) and /Users/dschaefer2/swift/swiftpm/work/prebuiltsHost/swift-build/.build/arm64-apple-macosx/debug/SWBBuildServiceBundle (0x12b328900). This may cause spurious casting failures and mysterious crashes. One of the duplicates must be removed or renamed.
objc[61689]: Class _TtCC11SwiftDriver15BitstreamWriter9BlockInfo is implemented in both /Users/dschaefer2/swift/swiftpm/work/prebuiltsHost/swift-build/.build/arm64-apple-macosx/debug/SwiftBuildPackageTests.xctest/Contents/MacOS/SwiftBuildPackageTests (0x11a8a1de8) and /Users/dschaefer2/swift/swiftpm/work/prebuiltsHost/swift-build/.build/arm64-apple-macosx/debug/SWBBuildServiceBundle (0x12b3289d8). This may cause spurious casting failures and mysterious crashes. One of the duplicates must be removed or renamed.
objc[61689]: Class _TtC11SwiftDriver15BuildRecordInfo is implemented in both /Users/dschaefer2/swift/swiftpm/work/prebuiltsHost/swift-build/.build/arm64-apple-macosx/debug/SwiftBuildPackageTests.xctest/Contents/MacOS/SwiftBuildPackageTests (0x11a8a1f08) and /Users/dschaefer2/swift/swiftpm/work/prebuiltsHost/swift-build/.build/arm64-apple-macosx/debug/SWBBuildServiceBundle (0x12b328af8). This may cause spurious casting failures and mysterious crashes. One of the duplicates must be removed or renamed.
objc[61689]: Class _TtC11SwiftDriver15DarwinToolchain is implemented in both /Users/dschaefer2/swift/swiftpm/work/prebuiltsHost/swift-build/.build/arm64-apple-macosx/debug/SwiftBuildPackageTests.xctest/Contents/MacOS/SwiftBuildPackageTests (0x11a8a2248) and /Users/dschaefer2/swift/swiftpm/work/prebuiltsHost/swift-build/.build/arm64-apple-macosx/debug/SWBBuildServiceBundle (0x12b328e48). This may cause spurious casting failures and mysterious crashes. One of the duplicates must be removed or renamed.
objc[61689]: Class _TtC11SwiftDriver18ExternalDependency is implemented in both /Users/dschaefer2/swift/swiftpm/work/prebuiltsHost/swift-build/.build/arm64-apple-macosx/debug/SwiftBuildPackageTests.xctest/Contents/MacOS/SwiftBuildPackageTests (0x11a8a2568) and /Users/dschaefer2/swift/swiftpm/work/prebuiltsHost/swift-build/.build/arm64-apple-macosx/debug/SWBBuildServiceBundle (0x12b329168). This may cause spurious casting failures and mysterious crashes. One of the duplicates must be removed or renamed.
objc[61689]: Class _TtC11SwiftDriver20GenericUnixToolchain is implemented in both /Users/dschaefer2/swift/swiftpm/work/prebuiltsHost/swift-build/.build/arm64-apple-macosx/debug/SwiftBuildPackageTests.xctest/Contents/MacOS/SwiftBuildPackageTests (0x11a8a2ca8) and /Users/dschaefer2/swift/swiftpm/work/prebuiltsHost/swift-build/.build/arm64-apple-macosx/debug/SWBBuildServiceBundle (0x12b3298c8). This may cause spurious casting failures and mysterious crashes. One of the duplicates must be removed or renamed.
objc[61689]: Class _TtC11SwiftDriver27IncrementalCompilationState is implemented in both /Users/dschaefer2/swift/swiftpm/work/prebuiltsHost/swift-build/.build/arm64-apple-macosx/debug/SwiftBuildPackageTests.xctest/Contents/MacOS/SwiftBuildPackageTests (0x11a8a2e18) and /Users/dschaefer2/swift/swiftpm/work/prebuiltsHost/swift-build/.build/arm64-apple-macosx/debug/SWBBuildServiceBundle (0x12b329a38). This may cause spurious casting failures and mysterious crashes. One of the duplicates must be removed or renamed.
objc[61689]: Class _TtC11SwiftDriver27InterModuleDependencyOracle is implemented in both /Users/dschaefer2/swift/swiftpm/work/prebuiltsHost/swift-build/.build/arm64-apple-macosx/debug/SwiftBuildPackageTests.xctest/Contents/MacOS/SwiftBuildPackageTests (0x11a8a3368) and /Users/dschaefer2/swift/swiftpm/work/prebuiltsHost/swift-build/.build/arm64-apple-macosx/debug/SWBBuildServiceBundle (0x12b329f88). This may cause spurious casting failures and mysterious crashes. One of the duplicates must be removed or renamed.
objc[61689]: Class _TtC11SwiftDriver19InternedStringTable is implemented in both /Users/dschaefer2/swift/swiftpm/work/prebuiltsHost/swift-build/.build/arm64-apple-macosx/debug/SwiftBuildPackageTests.xctest/Contents/MacOS/SwiftBuildPackageTests (0x11a8a34d8) and /Users/dschaefer2/swift/swiftpm/work/prebuiltsHost/swift-build/.build/arm64-apple-macosx/debug/SWBBuildServiceBundle (0x12b32a0f8). This may cause spurious casting failures and mysterious crashes. One of the duplicates must be removed or renamed.
objc[61689]: Class _TtCO11SwiftDriver6Loader6Handle is implemented in both /Users/dschaefer2/swift/swiftpm/work/prebuiltsHost/swift-build/.build/arm64-apple-macosx/debug/SwiftBuildPackageTests.xctest/Contents/MacOS/SwiftBuildPackageTests (0x11a8a3760) and /Users/dschaefer2/swift/swiftpm/work/prebuiltsHost/swift-build/.build/arm64-apple-macosx/debug/SWBBuildServiceBundle (0x12b32a380). This may cause spurious casting failures and mysterious crashes. One of the duplicates must be removed or renamed.
objc[61689]: Class _TtC11SwiftDriver21ModuleDependencyGraph is implemented in both /Users/dschaefer2/swift/swiftpm/work/prebuiltsHost/swift-build/.build/arm64-apple-macosx/debug/SwiftBuildPackageTests.xctest/Contents/MacOS/SwiftBuildPackageTests (0x11a8a38d8) and /Users/dschaefer2/swift/swiftpm/work/prebuiltsHost/swift-build/.build/arm64-apple-macosx/debug/SWBBuildServiceBundle (0x12b32a4f8). This may cause spurious casting failures and mysterious crashes. One of the duplicates must be removed or renamed.
objc[61689]: Class _TtCC11SwiftDriver21ModuleDependencyGraph10Serializer is implemented in both /Users/dschaefer2/swift/swiftpm/work/prebuiltsHost/swift-build/.build/arm64-apple-macosx/debug/SwiftBuildPackageTests.xctest/Contents/MacOS/SwiftBuildPackageTests (0x11a8a39c0) and /Users/dschaefer2/swift/swiftpm/work/prebuiltsHost/swift-build/.build/arm64-apple-macosx/debug/SWBBuildServiceBundle (0x12b32a5e0). This may cause spurious casting failures and mysterious crashes. One of the duplicates must be removed or renamed.
objc[61689]: Class _TtCC11SwiftDriver21ModuleDependencyGraph4Node is implemented in both /Users/dschaefer2/swift/swiftpm/work/prebuiltsHost/swift-build/.build/arm64-apple-macosx/debug/SwiftBuildPackageTests.xctest/Contents/MacOS/SwiftBuildPackageTests (0x11a8a3ad8) and /Users/dschaefer2/swift/swiftpm/work/prebuiltsHost/swift-build/.build/arm64-apple-macosx/debug/SWBBuildServiceBundle (0x12b32a6f8). This may cause spurious casting failures and mysterious crashes. One of the duplicates must be removed or renamed.
objc[61689]: Class _TtC11SwiftDriver18JSONOutputDelegate is implemented in both /Users/dschaefer2/swift/swiftpm/work/prebuiltsHost/swift-build/.build/arm64-apple-macosx/debug/SwiftBuildPackageTests.xctest/Contents/MacOS/SwiftBuildPackageTests (0x11a8a3fb8) and /Users/dschaefer2/swift/swiftpm/work/prebuiltsHost/swift-build/.build/arm64-apple-macosx/debug/SWBBuildServiceBundle (0x12b32abe8). This may cause spurious casting failures and mysterious crashes. One of the duplicates must be removed or renamed.
objc[61689]: Class _TtC11SwiftDriverP33_4CA4E49C207C3709CD60CEA5645B5C8421ModuleCompileDelegate is implemented in both /Users/dschaefer2/swift/swiftpm/work/prebuiltsHost/swift-build/.build/arm64-apple-macosx/debug/SwiftBuildPackageTests.xctest/Contents/MacOS/SwiftBuildPackageTests (0x11a8a4080) and /Users/dschaefer2/swift/swiftpm/work/prebuiltsHost/swift-build/.build/arm64-apple-macosx/debug/SWBBuildServiceBundle (0x12b32acb0). This may cause spurious casting failures and mysterious crashes. One of the duplicates must be removed or renamed.
objc[61689]: Class _TtC11SwiftDriverP33_4CA4E49C207C3709CD60CEA5645B5C8419ABICheckingDelegate is implemented in both /Users/dschaefer2/swift/swiftpm/work/prebuiltsHost/swift-build/.build/arm64-apple-macosx/debug/SwiftBuildPackageTests.xctest/Contents/MacOS/SwiftBuildPackageTests (0x11a8a41f0) and /Users/dschaefer2/swift/swiftpm/work/prebuiltsHost/swift-build/.build/arm64-apple-macosx/debug/SWBBuildServiceBundle (0x12b32ae20). This may cause spurious casting failures and mysterious crashes. One of the duplicates must be removed or renamed.
objc[61689]: Class _TtC11SwiftDriver32PrebuiltModuleGenerationDelegate is implemented in both /Users/dschaefer2/swift/swiftpm/work/prebuiltsHost/swift-build/.build/arm64-apple-macosx/debug/SwiftBuildPackageTests.xctest/Contents/MacOS/SwiftBuildPackageTests (0x11a8a42b8) and /Users/dschaefer2/swift/swiftpm/work/prebuiltsHost/swift-build/.build/arm64-apple-macosx/debug/SWBBuildServiceBundle (0x12b32aee8). This may cause spurious casting failures and mysterious crashes. One of the duplicates must be removed or renamed.
objc[61689]: Class _TtC11SwiftDriver12SwiftAdopter is implemented in both /Users/dschaefer2/swift/swiftpm/work/prebuiltsHost/swift-build/.build/arm64-apple-macosx/debug/SwiftBuildPackageTests.xctest/Contents/MacOS/SwiftBuildPackageTests (0x11a8a43b0) and /Users/dschaefer2/swift/swiftpm/work/prebuiltsHost/swift-build/.build/arm64-apple-macosx/debug/SWBBuildServiceBundle (0x12b32afe0). This may cause spurious casting failures and mysterious crashes. One of the duplicates must be removed or renamed.
objc[61689]: Class _TtC11SwiftDriver10ProcessSet is implemented in both /Users/dschaefer2/swift/swiftpm/work/prebuiltsHost/swift-build/.build/arm64-apple-macosx/debug/SwiftBuildPackageTests.xctest/Contents/MacOS/SwiftBuildPackageTests (0x11a8a45f8) and /Users/dschaefer2/swift/swiftpm/work/prebuiltsHost/swift-build/.build/arm64-apple-macosx/debug/SWBBuildServiceBundle (0x12b32b228). This may cause spurious casting failures and mysterious crashes. One of the duplicates must be removed or renamed.
objc[61689]: Class _TtC11SwiftDriver14SimpleExecutor is implemented in both /Users/dschaefer2/swift/swiftpm/work/prebuiltsHost/swift-build/.build/arm64-apple-macosx/debug/SwiftBuildPackageTests.xctest/Contents/MacOS/SwiftBuildPackageTests (0x11a8a4738) and /Users/dschaefer2/swift/swiftpm/work/prebuiltsHost/swift-build/.build/arm64-apple-macosx/debug/SWBBuildServiceBundle (0x12b32b368). This may cause spurious casting failures and mysterious crashes. One of the duplicates must be removed or renamed.
objc[61689]: Class _TtC11SwiftDriver9SwiftScan is implemented in both /Users/dschaefer2/swift/swiftpm/work/prebuiltsHost/swift-build/.build/arm64-apple-macosx/debug/SwiftBuildPackageTests.xctest/Contents/MacOS/SwiftBuildPackageTests (0x11a8a4a20) and /Users/dschaefer2/swift/swiftpm/work/prebuiltsHost/swift-build/.build/arm64-apple-macosx/debug/SWBBuildServiceBundle (0x12b32b670). This may cause spurious casting failures and mysterious crashes. One of the duplicates must be removed or renamed.
objc[61689]: Class _TtC11SwiftDriver17CachedCompilation is implemented in both /Users/dschaefer2/swift/swiftpm/work/prebuiltsHost/swift-build/.build/arm64-apple-macosx/debug/SwiftBuildPackageTests.xctest/Contents/MacOS/SwiftBuildPackageTests (0x11a8a4b40) and /Users/dschaefer2/swift/swiftpm/work/prebuiltsHost/swift-build/.build/arm64-apple-macosx/debug/SWBBuildServiceBundle (0x12b32b790). This may cause spurious casting failures and mysterious crashes. One of the duplicates must be removed or renamed.
objc[61689]: Class _TtC11SwiftDriver12CachedOutput is implemented in both /Users/dschaefer2/swift/swiftpm/work/prebuiltsHost/swift-build/.build/arm64-apple-macosx/debug/SwiftBuildPackageTests.xctest/Contents/MacOS/SwiftBuildPackageTests (0x11a8a4bf0) and /Users/dschaefer2/swift/swiftpm/work/prebuiltsHost/swift-build/.build/arm64-apple-macosx/debug/SWBBuildServiceBundle (0x12b32b840). This may cause spurious casting failures and mysterious crashes. One of the duplicates must be removed or renamed.
objc[61689]: Class _TtC11SwiftDriver19CacheReplayInstance is implemented in both /Users/dschaefer2/swift/swiftpm/work/prebuiltsHost/swift-build/.build/arm64-apple-macosx/debug/SwiftBuildPackageTests.xctest/Contents/MacOS/SwiftBuildPackageTests (0x11a8a4c98) and /Users/dschaefer2/swift/swiftpm/work/prebuiltsHost/swift-build/.build/arm64-apple-macosx/debug/SWBBuildServiceBundle (0x12b32b8e8). This may cause spurious casting failures and mysterious crashes. One of the duplicates must be removed or renamed.
objc[61689]: Class _TtC11SwiftDriver17CacheReplayResult is implemented in both /Users/dschaefer2/swift/swiftpm/work/prebuiltsHost/swift-build/.build/arm64-apple-macosx/debug/SwiftBuildPackageTests.xctest/Contents/MacOS/SwiftBuildPackageTests (0x11a8a4d40) and /Users/dschaefer2/swift/swiftpm/work/prebuiltsHost/swift-build/.build/arm64-apple-macosx/debug/SWBBuildServiceBundle (0x12b32b990). This may cause spurious casting failures and mysterious crashes. One of the duplicates must be removed or renamed.
objc[61689]: Class _TtC11SwiftDriver12SwiftScanCAS is implemented in both /Users/dschaefer2/swift/swiftpm/work/prebuiltsHost/swift-build/.build/arm64-apple-macosx/debug/SwiftBuildPackageTests.xctest/Contents/MacOS/SwiftBuildPackageTests (0x11a8a4de8) and /Users/dschaefer2/swift/swiftpm/work/prebuiltsHost/swift-build/.build/arm64-apple-macosx/debug/SWBBuildServiceBundle (0x12b32ba38). This may cause spurious casting failures and mysterious crashes. One of the duplicates must be removed or renamed.
objc[61689]: Class _TtCFC11SwiftDriver17CachedCompilation10makeGlobalFFGSqPs5Error__T_T_L_15CallbackContext is implemented in both /Users/dschaefer2/swift/swiftpm/work/prebuiltsHost/swift-build/.build/arm64-apple-macosx/debug/SwiftBuildPackageTests.xctest/Contents/MacOS/SwiftBuildPackageTests (0x11a8a4e90) and /Users/dschaefer2/swift/swiftpm/work/prebuiltsHost/swift-build/.build/arm64-apple-macosx/debug/SWBBuildServiceBundle (0x12b32bae0). This may cause spurious casting failures and mysterious crashes. One of the duplicates must be removed or renamed.
objc[61689]: Class _TtCFC11SwiftDriver12CachedOutput4loadFzZT_SbL_15CallbackContext is implemented in both /Users/dschaefer2/swift/swiftpm/work/prebuiltsHost/swift-build/.build/arm64-apple-macosx/debug/SwiftBuildPackageTests.xctest/Contents/MacOS/SwiftBuildPackageTests (0x11a8a4f48) and /Users/dschaefer2/swift/swiftpm/work/prebuiltsHost/swift-build/.build/arm64-apple-macosx/debug/SWBBuildServiceBundle (0x12b32bb98). This may cause spurious casting failures and mysterious crashes. One of the duplicates must be removed or renamed.
objc[61689]: Class _TtCFC11SwiftDriver12SwiftScanCAS13queryCacheKeyFzZTSS8globallySb_GSqCS_17CachedCompilation_L_15CallbackContext is implemented in both /Users/dschaefer2/swift/swiftpm/work/prebuiltsHost/swift-build/.build/arm64-apple-macosx/debug/SwiftBuildPackageTests.xctest/Contents/MacOS/SwiftBuildPackageTests (0x11a8a5000) and /Users/dschaefer2/swift/swiftpm/work/prebuiltsHost/swift-build/.build/arm64-apple-macosx/debug/SWBBuildServiceBundle (0x12b32bc50). This may cause spurious casting failures and mysterious crashes. One of the duplicates must be removed or renamed.
objc[61689]: Class _TtCFC11SwiftDriver12SwiftScanCAS8downloadFzZT4withSS_SbL_15CallbackContext is implemented in both /Users/dschaefer2/swift/swiftpm/work/prebuiltsHost/swift-build/.build/arm64-apple-macosx/debug/SwiftBuildPackageTests.xctest/Contents/MacOS/SwiftBuildPackageTests (0x11a8a50b0) and /Users/dschaefer2/swift/swiftpm/work/prebuiltsHost/swift-build/.build/arm64-apple-macosx/debug/SWBBuildServiceBundle (0x12b32bd00). This may cause spurious casting failures and mysterious crashes. One of the duplicates must be removed or renamed.
objc[61689]: Class _TtC11SwiftDriver21ToolExecutionDelegate is implemented in both /Users/dschaefer2/swift/swiftpm/work/prebuiltsHost/swift-build/.build/arm64-apple-macosx/debug/SwiftBuildPackageTests.xctest/Contents/MacOS/SwiftBuildPackageTests (0x11a8a51c8) and /Users/dschaefer2/swift/swiftpm/work/prebuiltsHost/swift-build/.build/arm64-apple-macosx/debug/SWBBuildServiceBundle (0x12b32be18). This may cause spurious casting failures and mysterious crashes. One of the duplicates must be removed or renamed.
objc[61689]: Class _TtCO11SwiftDriver11VirtualPathP33_E4DC5F0651F2C5EC5CEE97E37B2B7F629PathCache is implemented in both /Users/dschaefer2/swift/swiftpm/work/prebuiltsHost/swift-build/.build/arm64-apple-macosx/debug/SwiftBuildPackageTests.xctest/Contents/MacOS/SwiftBuildPackageTests (0x11a8a5548) and /Users/dschaefer2/swift/swiftpm/work/prebuiltsHost/swift-build/.build/arm64-apple-macosx/debug/SWBBuildServiceBundle (0x12b32c1a0). This may cause spurious casting failures and mysterious crashes. One of the duplicates must be removed or renamed.
objc[61689]: Class _TtCO11SwiftDriver11VirtualPathP33_E4DC5F0651F2C5EC5CEE97E37B2B7F6218TemporaryFileStore is implemented in both /Users/dschaefer2/swift/swiftpm/work/prebuiltsHost/swift-build/.build/arm64-apple-macosx/debug/SwiftBuildPackageTests.xctest/Contents/MacOS/SwiftBuildPackageTests (0x11a8a55f8) and /Users/dschaefer2/swift/swiftpm/work/prebuiltsHost/swift-build/.build/arm64-apple-macosx/debug/SWBBuildServiceBundle (0x12b32c250). This may cause spurious casting failures and mysterious crashes. One of the duplicates must be removed or renamed.
objc[61689]: Class _TtC11SwiftDriver20WebAssemblyToolchain is implemented in both /Users/dschaefer2/swift/swiftpm/work/prebuiltsHost/swift-build/.build/arm64-apple-macosx/debug/SwiftBuildPackageTests.xctest/Contents/MacOS/SwiftBuildPackageTests (0x11a8a56b8) and /Users/dschaefer2/swift/swiftpm/work/prebuiltsHost/swift-build/.build/arm64-apple-macosx/debug/SWBBuildServiceBundle (0x12b32c310). This may cause spurious casting failures and mysterious crashes. One of the duplicates must be removed or renamed.
objc[61689]: Class _TtC11SwiftDriver16WindowsToolchain is implemented in both /Users/dschaefer2/swift/swiftpm/work/prebuiltsHost/swift-build/.build/arm64-apple-macosx/debug/SwiftBuildPackageTests.xctest/Contents/MacOS/SwiftBuildPackageTests (0x11a8a57a8) and /Users/dschaefer2/swift/swiftpm/work/prebuiltsHost/swift-build/.build/arm64-apple-macosx/debug/SWBBuildServiceBundle (0x12b32c408). This may cause spurious casting failures and mysterious crashes. One of the duplicates must be removed or renamed.
objc[61689]: Class _TtC8TSCBasic12CStringArray is implemented in both /Users/dschaefer2/swift/swiftpm/work/prebuiltsHost/swift-build/.build/arm64-apple-macosx/debug/SwiftBuildPackageTests.xctest/Contents/MacOS/SwiftBuildPackageTests (0x11a8a59b0) and /Users/dschaefer2/swift/swiftpm/work/prebuiltsHost/swift-build/.build/arm64-apple-macosx/debug/SWBBuildServiceBundle (0x12b32c610). This may cause spurious casting failures and mysterious crashes. One of the duplicates must be removed or renamed.
objc[61689]: Class _TtC8TSCBasic17DiagnosticsEngine is implemented in both /Users/dschaefer2/swift/swiftpm/work/prebuiltsHost/swift-build/.build/arm64-apple-macosx/debug/SwiftBuildPackageTests.xctest/Contents/MacOS/SwiftBuildPackageTests (0x11a8a5ac0) and /Users/dschaefer2/swift/swiftpm/work/prebuiltsHost/swift-build/.build/arm64-apple-macosx/debug/SWBBuildServiceBundle (0x12b32c720). This may cause spurious casting failures and mysterious crashes. One of the duplicates must be removed or renamed.
objc[61689]: Class _TtC8TSCBasic15UnknownLocation is implemented in both /Users/dschaefer2/swift/swiftpm/work/prebuiltsHost/swift-build/.build/arm64-apple-macosx/debug/SwiftBuildPackageTests.xctest/Contents/MacOS/SwiftBuildPackageTests (0x11a8a5b80) and /Users/dschaefer2/swift/swiftpm/work/prebuiltsHost/swift-build/.build/arm64-apple-macosx/debug/SWBBuildServiceBundle (0x12b32c7e0). This may cause spurious casting failures and mysterious crashes. One of the duplicates must be removed or renamed.
objc[61689]: Class _TtC8TSCBasic18InMemoryFileSystem is implemented in both /Users/dschaefer2/swift/swiftpm/work/prebuiltsHost/swift-build/.build/arm64-apple-macosx/debug/SwiftBuildPackageTests.xctest/Contents/MacOS/SwiftBuildPackageTests (0x11a8a5d70) and /Users/dschaefer2/swift/swiftpm/work/prebuiltsHost/swift-build/.build/arm64-apple-macosx/debug/SWBBuildServiceBundle (0x12b32c9f0). This may cause spurious casting failures and mysterious crashes. One of the duplicates must be removed or renamed.
objc[61689]: Class _TtCC8TSCBasic18InMemoryFileSystemP33_DA6B485C7A646531CFCACE37CF46BC6B4Node is implemented in both /Users/dschaefer2/swift/swiftpm/work/prebuiltsHost/swift-build/.build/arm64-apple-macosx/debug/SwiftBuildPackageTests.xctest/Contents/MacOS/SwiftBuildPackageTests (0x11a8a5e28) and /Users/dschaefer2/swift/swiftpm/work/prebuiltsHost/swift-build/.build/arm64-apple-macosx/debug/SWBBuildServiceBundle (0x12b32caa8). This may cause spurious casting failures and mysterious crashes. One of the duplicates must be removed or renamed.
objc[61689]: Class _TtCC8TSCBasic18InMemoryFileSystemP33_DA6B485C7A646531CFCACE37CF46BC6B17DirectoryContents is implemented in both /Users/dschaefer2/swift/swiftpm/work/prebuiltsHost/swift-build/.build/arm64-apple-macosx/debug/SwiftBuildPackageTests.xctest/Contents/MacOS/SwiftBuildPackageTests (0x11a8a5ed0) and /Users/dschaefer2/swift/swiftpm/work/prebuiltsHost/swift-build/.build/arm64-apple-macosx/debug/SWBBuildServiceBundle (0x12b32cb50). This may cause spurious casting failures and mysterious crashes. One of the duplicates must be removed or renamed.
objc[61689]: Class _TtC8TSCBasic22RerootedFileSystemView is implemented in both /Users/dschaefer2/swift/swiftpm/work/prebuiltsHost/swift-build/.build/arm64-apple-macosx/debug/SwiftBuildPackageTests.xctest/Contents/MacOS/SwiftBuildPackageTests (0x11a8a5f70) and /Users/dschaefer2/swift/swiftpm/work/prebuiltsHost/swift-build/.build/arm64-apple-macosx/debug/SWBBuildServiceBundle (0x12b32cbf0). This may cause spurious casting failures and mysterious crashes. One of the duplicates must be removed or renamed.
objc[61689]: Class _TtC8TSCBasic8FileLock is implemented in both /Users/dschaefer2/swift/swiftpm/work/prebuiltsHost/swift-build/.build/arm64-apple-macosx/debug/SwiftBuildPackageTests.xctest/Contents/MacOS/SwiftBuildPackageTests (0x11a8a6138) and /Users/dschaefer2/swift/swiftpm/work/prebuiltsHost/swift-build/.build/arm64-apple-macosx/debug/SWBBuildServiceBundle (0x12b32cdc0). This may cause spurious casting failures and mysterious crashes. One of the duplicates must be removed or renamed.
objc[61689]: Class _TtC8TSCBasic5OSLog is implemented in both /Users/dschaefer2/swift/swiftpm/work/prebuiltsHost/swift-build/.build/arm64-apple-macosx/debug/SwiftBuildPackageTests.xctest/Contents/MacOS/SwiftBuildPackageTests (0x11a8a61e8) and /Users/dschaefer2/swift/swiftpm/work/prebuiltsHost/swift-build/.build/arm64-apple-macosx/debug/SWBBuildServiceBundle (0x12b32ce70). This may cause spurious casting failures and mysterious crashes. One of the duplicates must be removed or renamed.
objc[61689]: Class _TtC8TSCBasic36RecursibleDirectoryContentsGenerator is implemented in both /Users/dschaefer2/swift/swiftpm/work/prebuiltsHost/swift-build/.build/arm64-apple-macosx/debug/SwiftBuildPackageTests.xctest/Contents/MacOS/SwiftBuildPackageTests (0x11a8a62c0) and /Users/dschaefer2/swift/swiftpm/work/prebuiltsHost/swift-build/.build/arm64-apple-macosx/debug/SWBBuildServiceBundle (0x12b32cf48). This may cause spurious casting failures and mysterious crashes. One of the duplicates must be removed or renamed.
objc[61689]: Class _TtC8TSCBasic7Process is implemented in both /Users/dschaefer2/swift/swiftpm/work/prebuiltsHost/swift-build/.build/arm64-apple-macosx/debug/SwiftBuildPackageTests.xctest/Contents/MacOS/SwiftBuildPackageTests (0x11a8a63f8) and /Users/dschaefer2/swift/swiftpm/work/prebuiltsHost/swift-build/.build/arm64-apple-macosx/debug/SWBBuildServiceBundle (0x12b32d0a0). This may cause spurious casting failures and mysterious crashes. One of the duplicates must be removed or renamed.
objc[61689]: Class _TtC8TSCBasic10ProcessSet is implemented in both /Users/dschaefer2/swift/swiftpm/work/prebuiltsHost/swift-build/.build/arm64-apple-macosx/debug/SwiftBuildPackageTests.xctest/Contents/MacOS/SwiftBuildPackageTests (0x11a8a6558) and /Users/dschaefer2/swift/swiftpm/work/prebuiltsHost/swift-build/.build/arm64-apple-macosx/debug/SWBBuildServiceBundle (0x12b32d200). This may cause spurious casting failures and mysterious crashes. One of the duplicates must be removed or renamed.
objc[61689]: Class _TtC8TSCBasic18TerminalController is implemented in both /Users/dschaefer2/swift/swiftpm/work/prebuiltsHost/swift-build/.build/arm64-apple-macosx/debug/SwiftBuildPackageTests.xctest/Contents/MacOS/SwiftBuildPackageTests (0x11a8a66a8) and /Users/dschaefer2/swift/swiftpm/work/prebuiltsHost/swift-build/.build/arm64-apple-macosx/debug/SWBBuildServiceBundle (0x12b32d350). This may cause spurious casting failures and mysterious crashes. One of the duplicates must be removed or renamed.
objc[61689]: Class _TtC8TSCBasic6Thread is implemented in both /Users/dschaefer2/swift/swiftpm/work/prebuiltsHost/swift-build/.build/arm64-apple-macosx/debug/SwiftBuildPackageTests.xctest/Contents/MacOS/SwiftBuildPackageTests (0x11a8a6768) and /Users/dschaefer2/swift/swiftpm/work/prebuiltsHost/swift-build/.build/arm64-apple-macosx/debug/SWBBuildServiceBundle (0x12b32d410). This may cause spurious casting failures and mysterious crashes. One of the duplicates must be removed or renamed.
objc[61689]: Class _TtC8TSCBasicP33_BD395E1927AAEA716B9FD4CEF0145B0F10ThreadImpl is implemented in both /Users/dschaefer2/swift/swiftpm/work/prebuiltsHost/swift-build/.build/arm64-apple-macosx/debug/SwiftBuildPackageTests.xctest/Contents/MacOS/SwiftBuildPackageTests (0x11a83e660) and /Users/dschaefer2/swift/swiftpm/work/prebuiltsHost/swift-build/.build/arm64-apple-macosx/debug/SWBBuildServiceBundle (0x12b2e37f8). This may cause spurious casting failures and mysterious crashes. One of the duplicates must be removed or renamed.
objc[61689]: Class _TtC8TSCBasic23_WritableByteStreamBase is implemented in both /Users/dschaefer2/swift/swiftpm/work/prebuiltsHost/swift-build/.build/arm64-apple-macosx/debug/SwiftBuildPackageTests.xctest/Contents/MacOS/SwiftBuildPackageTests (0x11a8a6868) and /Users/dschaefer2/swift/swiftpm/work/prebuiltsHost/swift-build/.build/arm64-apple-macosx/debug/SWBBuildServiceBundle (0x12b32d510). This may cause spurious casting failures and mysterious crashes. One of the duplicates must be removed or renamed.
objc[61689]: Class _TtC8TSCBasic26ThreadSafeOutputByteStream is implemented in both /Users/dschaefer2/swift/swiftpm/work/prebuiltsHost/swift-build/.build/arm64-apple-macosx/debug/SwiftBuildPackageTests.xctest/Contents/MacOS/SwiftBuildPackageTests (0x11a8a6968) and /Users/dschaefer2/swift/swiftpm/work/prebuiltsHost/swift-build/.build/arm64-apple-macosx/debug/SWBBuildServiceBundle (0x12b32d610). This may cause spurious casting failures and mysterious crashes. One of the duplicates must be removed or renamed.
objc[61689]: Class _TtC8TSCBasic24BufferedOutputByteStream is implemented in both /Users/dschaefer2/swift/swiftpm/work/prebuiltsHost/swift-build/.build/arm64-apple-macosx/debug/SwiftBuildPackageTests.xctest/Contents/MacOS/SwiftBuildPackageTests (0x11a8a6a10) and /Users/dschaefer2/swift/swiftpm/work/prebuiltsHost/swift-build/.build/arm64-apple-macosx/debug/SWBBuildServiceBundle (0x12b32d6b8). This may cause spurious casting failures and mysterious crashes. One of the duplicates must be removed or renamed.
objc[61689]: Class _TtC8TSCBasic20FileOutputByteStream is implemented in both /Users/dschaefer2/swift/swiftpm/work/prebuiltsHost/swift-build/.build/arm64-apple-macosx/debug/SwiftBuildPackageTests.xctest/Contents/MacOS/SwiftBuildPackageTests (0x11a8a6b20) and /Users/dschaefer2/swift/swiftpm/work/prebuiltsHost/swift-build/.build/arm64-apple-macosx/debug/SWBBuildServiceBundle (0x12b32d7c8). This may cause spurious casting failures and mysterious crashes. One of the duplicates must be removed or renamed.
objc[61689]: Class _TtC8TSCBasic25LocalFileOutputByteStream is implemented in both /Users/dschaefer2/swift/swiftpm/work/prebuiltsHost/swift-build/.build/arm64-apple-macosx/debug/SwiftBuildPackageTests.xctest/Contents/MacOS/SwiftBuildPackageTests (0x11a8a6c28) and /Users/dschaefer2/swift/swiftpm/work/prebuiltsHost/swift-build/.build/arm64-apple-macosx/debug/SWBBuildServiceBundle (0x12b32d8d0). This may cause spurious casting failures and mysterious crashes. One of the duplicates must be removed or renamed.
objc[61689]: Class _TtC10TSCUtility11AnyArgument is implemented in both /Users/dschaefer2/swift/swiftpm/work/prebuiltsHost/swift-build/.build/arm64-apple-macosx/debug/SwiftBuildPackageTests.xctest/Contents/MacOS/SwiftBuildPackageTests (0x11a8a6fa8) and /Users/dschaefer2/swift/swiftpm/work/prebuiltsHost/swift-build/.build/arm64-apple-macosx/debug/SWBBuildServiceBundle (0x12b32dc58). This may cause spurious casting failures and mysterious crashes. One of the duplicates must be removed or renamed.
objc[61689]: Class _TtC10TSCUtility14ArgumentParser is implemented in both /Users/dschaefer2/swift/swiftpm/work/prebuiltsHost/swift-build/.build/arm64-apple-macosx/debug/SwiftBuildPackageTests.xctest/Contents/MacOS/SwiftBuildPackageTests (0x11a8a7090) and /Users/dschaefer2/swift/swiftpm/work/prebuiltsHost/swift-build/.build/arm64-apple-macosx/debug/SWBBuildServiceBundle (0x12b32dd40). This may cause spurious casting failures and mysterious crashes. One of the duplicates must be removed or renamed.
objc[61689]: Class _TtCC10TSCUtility14ArgumentParser6Result is implemented in both /Users/dschaefer2/swift/swiftpm/work/prebuiltsHost/swift-build/.build/arm64-apple-macosx/debug/SwiftBuildPackageTests.xctest/Contents/MacOS/SwiftBuildPackageTests (0x11a8a7178) and /Users/dschaefer2/swift/swiftpm/work/prebuiltsHost/swift-build/.build/arm64-apple-macosx/debug/SWBBuildServiceBundle (0x12b32de28). This may cause spurious casting failures and mysterious crashes. One of the duplicates must be removed or renamed.
objc[61689]: Class _TtC10TSCUtility15BitstreamWriter is implemented in both /Users/dschaefer2/swift/swiftpm/work/prebuiltsHost/swift-build/.build/arm64-apple-macosx/debug/SwiftBuildPackageTests.xctest/Contents/MacOS/SwiftBuildPackageTests (0x11a8a7440) and /Users/dschaefer2/swift/swiftpm/work/prebuiltsHost/swift-build/.build/arm64-apple-macosx/debug/SWBBuildServiceBundle (0x12b32e0f0). This may cause spurious casting failures and mysterious crashes. One of the duplicates must be removed or renamed.
objc[61689]: Class _TtCC10TSCUtility15BitstreamWriter9BlockInfo is implemented in both /Users/dschaefer2/swift/swiftpm/work/prebuiltsHost/swift-build/.build/arm64-apple-macosx/debug/SwiftBuildPackageTests.xctest/Contents/MacOS/SwiftBuildPackageTests (0x11a8a7518) and /Users/dschaefer2/swift/swiftpm/work/prebuiltsHost/swift-build/.build/arm64-apple-macosx/debug/SWBBuildServiceBundle (0x12b32e1c8). This may cause spurious casting failures and mysterious crashes. One of the duplicates must be removed or renamed.
objc[61689]: Class _TtC10TSCUtility7FSWatch is implemented in both /Users/dschaefer2/swift/swiftpm/work/prebuiltsHost/swift-build/.build/arm64-apple-macosx/debug/SwiftBuildPackageTests.xctest/Contents/MacOS/SwiftBuildPackageTests (0x11a8a7658) and /Users/dschaefer2/swift/swiftpm/work/prebuiltsHost/swift-build/.build/arm64-apple-macosx/debug/SWBBuildServiceBundle (0x12b32e308). This may cause spurious casting failures and mysterious crashes. One of the duplicates must be removed or renamed.
objc[61689]: Class _TtC10TSCUtility13FSEventStream is implemented in both /Users/dschaefer2/swift/swiftpm/work/prebuiltsHost/swift-build/.build/arm64-apple-macosx/debug/SwiftBuildPackageTests.xctest/Contents/MacOS/SwiftBuildPackageTests (0x11a8a7730) and /Users/dschaefer2/swift/swiftpm/work/prebuiltsHost/swift-build/.build/arm64-apple-macosx/debug/SWBBuildServiceBundle (0x12b32e3e0). This may cause spurious casting failures and mysterious crashes. One of the duplicates must be removed or renamed.
objc[61689]: Class _TtC10TSCUtility10IndexStore is implemented in both /Users/dschaefer2/swift/swiftpm/work/prebuiltsHost/swift-build/.build/arm64-apple-macosx/debug/SwiftBuildPackageTests.xctest/Contents/MacOS/SwiftBuildPackageTests (0x11a8a78a8) and /Users/dschaefer2/swift/swiftpm/work/prebuiltsHost/swift-build/.build/arm64-apple-macosx/debug/SWBBuildServiceBundle (0x12b32e560). This may cause spurious casting failures and mysterious crashes. One of the duplicates must be removed or renamed.
objc[61689]: Class _TtC10TSCUtility13IndexStoreAPI is implemented in both /Users/dschaefer2/swift/swiftpm/work/prebuiltsHost/swift-build/.build/arm64-apple-macosx/debug/SwiftBuildPackageTests.xctest/Contents/MacOS/SwiftBuildPackageTests (0x11a8a7948) and /Users/dschaefer2/swift/swiftpm/work/prebuiltsHost/swift-build/.build/arm64-apple-macosx/debug/SWBBuildServiceBundle (0x12b32e600). This may cause spurious casting failures and mysterious crashes. One of the duplicates must be removed or renamed.
objc[61689]: Class _TtC10TSCUtilityP33_B71F9CA8B3630D7C545EABDE61C6A48F14IndexStoreImpl is implemented in both /Users/dschaefer2/swift/swiftpm/work/prebuiltsHost/swift-build/.build/arm64-apple-macosx/debug/SwiftBuildPackageTests.xctest/Contents/MacOS/SwiftBuildPackageTests (0x11a8a79e8) and /Users/dschaefer2/swift/swiftpm/work/prebuiltsHost/swift-build/.build/arm64-apple-macosx/debug/SWBBuildServiceBundle (0x12b32e6a0). This may cause spurious casting failures and mysterious crashes. One of the duplicates must be removed or renamed.
objc[61689]: Class _TtC10TSCUtilityP33_B71F9CA8B3630D7C545EABDE61C6A48F17IndexStoreAPIImpl is implemented in both /Users/dschaefer2/swift/swiftpm/work/prebuiltsHost/swift-build/.build/arm64-apple-macosx/debug/SwiftBuildPackageTests.xctest/Contents/MacOS/SwiftBuildPackageTests (0x11a8a7a90) and /Users/dschaefer2/swift/swiftpm/work/prebuiltsHost/swift-build/.build/arm64-apple-macosx/debug/SWBBuildServiceBundle (0x12b32e748). This may cause spurious casting failures and mysterious crashes. One of the duplicates must be removed or renamed.
objc[61689]: Class _TtC10TSCUtilityP33_B71F9CA8B3630D7C545EABDE61C6A48F9_DLHandle is implemented in both /Users/dschaefer2/swift/swiftpm/work/prebuiltsHost/swift-build/.build/arm64-apple-macosx/debug/SwiftBuildPackageTests.xctest/Contents/MacOS/SwiftBuildPackageTests (0x11a8a7b40) and /Users/dschaefer2/swift/swiftpm/work/prebuiltsHost/swift-build/.build/arm64-apple-macosx/debug/SWBBuildServiceBundle (0x12b32e7f8). This may cause spurious casting failures and mysterious crashes. One of the duplicates must be removed or renamed.
objc[61689]: Class _TtC10TSCUtility16InterruptHandler is implemented in both /Users/dschaefer2/swift/swiftpm/work/prebuiltsHost/swift-build/.build/arm64-apple-macosx/debug/SwiftBuildPackageTests.xctest/Contents/MacOS/SwiftBuildPackageTests (0x11a8a7c10) and /Users/dschaefer2/swift/swiftpm/work/prebuiltsHost/swift-build/.build/arm64-apple-macosx/debug/SWBBuildServiceBundle (0x12b32e8c8). This may cause spurious casting failures and mysterious crashes. One of the duplicates must be removed or renamed.
objc[61689]: Class _TtC10TSCUtility14LoadingContext is implemented in both /Users/dschaefer2/swift/swiftpm/work/prebuiltsHost/swift-build/.build/arm64-apple-macosx/debug/SwiftBuildPackageTests.xctest/Contents/MacOS/SwiftBuildPackageTests (0x11a8a7d28) and /Users/dschaefer2/swift/swiftpm/work/prebuiltsHost/swift-build/.build/arm64-apple-macosx/debug/SWBBuildServiceBundle (0x12b32e9e0). This may cause spurious casting failures and mysterious crashes. One of the duplicates must be removed or renamed.
objc[61689]: Class _TtC10TSCUtility34SingleLinePercentProgressAnimation is implemented in both /Users/dschaefer2/swift/swiftpm/work/prebuiltsHost/swift-build/.build/arm64-apple-macosx/debug/SwiftBuildPackageTests.xctest/Contents/MacOS/SwiftBuildPackageTests (0x11a8a7e10) and /Users/dschaefer2/swift/swiftpm/work/prebuiltsHost/swift-build/.build/arm64-apple-macosx/debug/SWBBuildServiceBundle (0x12b32eac8). This may cause spurious casting failures and mysterious crashes. One of the duplicates must be removed or renamed.
objc[61689]: Class _TtC10TSCUtility31MultiLineNinjaProgressAnimation is implemented in both /Users/dschaefer2/swift/swiftpm/work/prebuiltsHost/swift-build/.build/arm64-apple-macosx/debug/SwiftBuildPackageTests.xctest/Contents/MacOS/SwiftBuildPackageTests (0x11a8a7ec8) and /Users/dschaefer2/swift/swiftpm/work/prebuiltsHost/swift-build/.build/arm64-apple-macosx/debug/SWBBuildServiceBundle (0x12b32eb80). This may cause spurious casting failures and mysterious crashes. One of the duplicates must be removed or renamed.
objc[61689]: Class _TtC10TSCUtility31RedrawingNinjaProgressAnimation is implemented in both /Users/dschaefer2/swift/swiftpm/work/prebuiltsHost/swift-build/.build/arm64-apple-macosx/debug/SwiftBuildPackageTests.xctest/Contents/MacOS/SwiftBuildPackageTests (0x11a8a7f70) and /Users/dschaefer2/swift/swiftpm/work/prebuiltsHost/swift-build/.build/arm64-apple-macosx/debug/SWBBuildServiceBundle (0x12b32ec28). This may cause spurious casting failures and mysterious crashes. One of the duplicates must be removed or renamed.
objc[61689]: Class _TtC10TSCUtility22NinjaProgressAnimation is implemented in both /Users/dschaefer2/swift/swiftpm/work/prebuiltsHost/swift-build/.build/arm64-apple-macosx/debug/SwiftBuildPackageTests.xctest/Contents/MacOS/SwiftBuildPackageTests (0x11a8a8040) and /Users/dschaefer2/swift/swiftpm/work/prebuiltsHost/swift-build/.build/arm64-apple-macosx/debug/SWBBuildServiceBundle (0x12b32ecf8). This may cause spurious casting failures and mysterious crashes. One of the duplicates must be removed or renamed.
objc[61689]: Class _TtC10TSCUtility33MultiLinePercentProgressAnimation is implemented in both /Users/dschaefer2/swift/swiftpm/work/prebuiltsHost/swift-build/.build/arm64-apple-macosx/debug/SwiftBuildPackageTests.xctest/Contents/MacOS/SwiftBuildPackageTests (0x11a8a8100) and /Users/dschaefer2/swift/swiftpm/work/prebuiltsHost/swift-build/.build/arm64-apple-macosx/debug/SWBBuildServiceBundle (0x12b32edb8). This may cause spurious casting failures and mysterious crashes. One of the duplicates must be removed or renamed.
objc[61689]: Class _TtC10TSCUtility29RedrawingLitProgressAnimation is implemented in both /Users/dschaefer2/swift/swiftpm/work/prebuiltsHost/swift-build/.build/arm64-apple-macosx/debug/SwiftBuildPackageTests.xctest/Contents/MacOS/SwiftBuildPackageTests (0x11a8a81b8) and /Users/dschaefer2/swift/swiftpm/work/prebuiltsHost/swift-build/.build/arm64-apple-macosx/debug/SWBBuildServiceBundle (0x12b32ee70). This may cause spurious casting failures and mysterious crashes. One of the duplicates must be removed or renamed.
objc[61689]: Class _TtC10TSCUtility24PercentProgressAnimation is implemented in both /Users/dschaefer2/swift/swiftpm/work/prebuiltsHost/swift-build/.build/arm64-apple-macosx/debug/SwiftBuildPackageTests.xctest/Contents/MacOS/SwiftBuildPackageTests (0x11a8a8268) and /Users/dschaefer2/swift/swiftpm/work/prebuiltsHost/swift-build/.build/arm64-apple-macosx/debug/SWBBuildServiceBundle (0x12b32ef20). This may cause spurious casting failures and mysterious crashes. One of the duplicates must be removed or renamed.
objc[61689]: Class _TtC10TSCUtility24DynamicProgressAnimation is implemented in both /Users/dschaefer2/swift/swiftpm/work/prebuiltsHost/swift-build/.build/arm64-apple-macosx/debug/SwiftBuildPackageTests.xctest/Contents/MacOS/SwiftBuildPackageTests (0x11a8a8300) and /Users/dschaefer2/swift/swiftpm/work/prebuiltsHost/swift-build/.build/arm64-apple-macosx/debug/SWBBuildServiceBundle (0x12b32efb8). This may cause spurious casting failures and mysterious crashes. One of the duplicates must be removed or renamed.
objc[61689]: Class _TtC10TSCUtility17SimplePersistence is implemented in both /Users/dschaefer2/swift/swiftpm/work/prebuiltsHost/swift-build/.build/arm64-apple-macosx/debug/SwiftBuildPackageTests.xctest/Contents/MacOS/SwiftBuildPackageTests (0x11a8a8498) and /Users/dschaefer2/swift/swiftpm/work/prebuiltsHost/swift-build/.build/arm64-apple-macosx/debug/SWBBuildServiceBundle (0x12b32f150). This may cause spurious casting failures and mysterious crashes. One of the duplicates must be removed or renamed.
objc[61689]: Class _TtC10TSCUtility17TracingCollection is implemented in both /Users/dschaefer2/swift/swiftpm/work/prebuiltsHost/swift-build/.build/arm64-apple-macosx/debug/SwiftBuildPackageTests.xctest/Contents/MacOS/SwiftBuildPackageTests (0x11a8a85e0) and /Users/dschaefer2/swift/swiftpm/work/prebuiltsHost/swift-build/.build/arm64-apple-macosx/debug/SWBBuildServiceBundle (0x12b32f2a8). This may cause spurious casting failures and mysterious crashes. One of the duplicates must be removed or renamed.
objc[61689]: Class _TtC10TSCUtility8DLHandle is implemented in both /Users/dschaefer2/swift/swiftpm/work/prebuiltsHost/swift-build/.build/arm64-apple-macosx/debug/SwiftBuildPackageTests.xctest/Contents/MacOS/SwiftBuildPackageTests (0x11a8a8798) and /Users/dschaefer2/swift/swiftpm/work/prebuiltsHost/swift-build/.build/arm64-apple-macosx/debug/SWBBuildServiceBundle (0x12b32f460). This may cause spurious casting failures and mysterious crashes. One of the duplicates must be removed or renamed.
objc[61689]: Class _TtC12llbuildSwift17BuildDBKeysResult is implemented in both /Users/dschaefer2/swift/swiftpm/work/prebuiltsHost/swift-build/.build/arm64-apple-macosx/debug/SwiftBuildPackageTests.xctest/Contents/MacOS/SwiftBuildPackageTests (0x11a8a8ed8) and /Users/dschaefer2/swift/swiftpm/work/prebuiltsHost/swift-build/.build/arm64-apple-macosx/debug/SWBBuildServiceBundle (0x12b32f640). This may cause spurious casting failures and mysterious crashes. One of the duplicates must be removed or renamed.
objc[61689]: Class _TtC12llbuildSwift21BuildDBKeysWithResult is implemented in both /Users/dschaefer2/swift/swiftpm/work/prebuiltsHost/swift-build/.build/arm64-apple-macosx/debug/SwiftBuildPackageTests.xctest/Contents/MacOS/SwiftBuildPackageTests (0x11a8a8f80) and /Users/dschaefer2/swift/swiftpm/work/prebuiltsHost/swift-build/.build/arm64-apple-macosx/debug/SWBBuildServiceBundle (0x12b32f6e8). This may cause spurious casting failures and mysterious crashes. One of the duplicates must be removed or renamed.
objc[61689]: Class _TtC12llbuildSwiftP33_BA72CEB4941E1B4407A09B7938085AA420MutableStringPointer is implemented in both /Users/dschaefer2/swift/swiftpm/work/prebuiltsHost/swift-build/.build/arm64-apple-macosx/debug/SwiftBuildPackageTests.xctest/Contents/MacOS/SwiftBuildPackageTests (0x11a8a9028) and /Users/dschaefer2/swift/swiftpm/work/prebuiltsHost/swift-build/.build/arm64-apple-macosx/debug/SWBBuildServiceBundle (0x12b32f790). This may cause spurious casting failures and mysterious crashes. One of the duplicates must be removed or renamed.
objc[61689]: Class _TtC12llbuildSwift7BuildDB is implemented in both /Users/dschaefer2/swift/swiftpm/work/prebuiltsHost/swift-build/.build/arm64-apple-macosx/debug/SwiftBuildPackageTests.xctest/Contents/MacOS/SwiftBuildPackageTests (0x11a8a90e8) and /Users/dschaefer2/swift/swiftpm/work/prebuiltsHost/swift-build/.build/arm64-apple-macosx/debug/SWBBuildServiceBundle (0x12b32f850). This may cause spurious casting failures and mysterious crashes. One of the duplicates must be removed or renamed.
objc[61689]: Class _TtC12llbuildSwift8BuildKey is implemented in both /Users/dschaefer2/swift/swiftpm/work/prebuiltsHost/swift-build/.build/arm64-apple-macosx/debug/SwiftBuildPackageTests.xctest/Contents/MacOS/SwiftBuildPackageTests (0x11a8a91a0) and /Users/dschaefer2/swift/swiftpm/work/prebuiltsHost/swift-build/.build/arm64-apple-macosx/debug/SWBBuildServiceBundle (0x12b32f908). This may cause spurious casting failures and mysterious crashes. One of the duplicates must be removed or renamed.
objc[61689]: Class _TtCC12llbuildSwift8BuildKey7Command is implemented in both /Users/dschaefer2/swift/swiftpm/work/prebuiltsHost/swift-build/.build/arm64-apple-macosx/debug/SwiftBuildPackageTests.xctest/Contents/MacOS/SwiftBuildPackageTests (0x11a8a9298) and /Users/dschaefer2/swift/swiftpm/work/prebuiltsHost/swift-build/.build/arm64-apple-macosx/debug/SWBBuildServiceBundle (0x12b32fa00). This may cause spurious casting failures and mysterious crashes. One of the duplicates must be removed or renamed.
objc[61689]: Class _TtCC12llbuildSwift8BuildKey10CustomTask is implemented in both /Users/dschaefer2/swift/swiftpm/work/prebuiltsHost/swift-build/.build/arm64-apple-macosx/debug/SwiftBuildPackageTests.xctest/Contents/MacOS/SwiftBuildPackageTests (0x11a8a9390) and /Users/dschaefer2/swift/swiftpm/work/prebuiltsHost/swift-build/.build/arm64-apple-macosx/debug/SWBBuildServiceBundle (0x12b32faf8). This may cause spurious casting failures and mysterious crashes. One of the duplicates must be removed or renamed.
objc[61689]: Class _TtCC12llbuildSwift8BuildKey17DirectoryContents is implemented in both /Users/dschaefer2/swift/swiftpm/work/prebuiltsHost/swift-build/.build/arm64-apple-macosx/debug/SwiftBuildPackageTests.xctest/Contents/MacOS/SwiftBuildPackageTests (0x11a8a9488) and /Users/dschaefer2/swift/swiftpm/work/prebuiltsHost/swift-build/.build/arm64-apple-macosx/debug/SWBBuildServiceBundle (0x12b32fbf0). This may cause spurious casting failures and mysterious crashes. One of the duplicates must be removed or renamed.
objc[61689]: Class _TtCC12llbuildSwift8BuildKey25FilteredDirectoryContents is implemented in both /Users/dschaefer2/swift/swiftpm/work/prebuiltsHost/swift-build/.build/arm64-apple-macosx/debug/SwiftBuildPackageTests.xctest/Contents/MacOS/SwiftBuildPackageTests (0x11a8a9580) and /Users/dschaefer2/swift/swiftpm/work/prebuiltsHost/swift-build/.build/arm64-apple-macosx/debug/SWBBuildServiceBundle (0x12b32fce8). This may cause spurious casting failures and mysterious crashes. One of the duplicates must be removed or renamed.
objc[61689]: Class _TtCC12llbuildSwift8BuildKey22DirectoryTreeSignature is implemented in both /Users/dschaefer2/swift/swiftpm/work/prebuiltsHost/swift-build/.build/arm64-apple-macosx/debug/SwiftBuildPackageTests.xctest/Contents/MacOS/SwiftBuildPackageTests (0x11a8a9678) and /Users/dschaefer2/swift/swiftpm/work/prebuiltsHost/swift-build/.build/arm64-apple-macosx/debug/SWBBuildServiceBundle (0x12b32fde0). This may cause spurious casting failures and mysterious crashes. One of the duplicates must be removed or renamed.
objc[61689]: Class _TtCC12llbuildSwift8BuildKey31DirectoryTreeStructureSignature is implemented in both /Users/dschaefer2/swift/swiftpm/work/prebuiltsHost/swift-build/.build/arm64-apple-macosx/debug/SwiftBuildPackageTests.xctest/Contents/MacOS/SwiftBuildPackageTests (0x11a8a9770) and /Users/dschaefer2/swift/swiftpm/work/prebuiltsHost/swift-build/.build/arm64-apple-macosx/debug/SWBBuildServiceBundle (0x12b32fed8). This may cause spurious casting failures and mysterious crashes. One of the duplicates must be removed or renamed.
objc[61689]: Class _TtCC12llbuildSwift8BuildKey4Node is implemented in both /Users/dschaefer2/swift/swiftpm/work/prebuiltsHost/swift-build/.build/arm64-apple-macosx/debug/SwiftBuildPackageTests.xctest/Contents/MacOS/SwiftBuildPackageTests (0x11a8a9868) and /Users/dschaefer2/swift/swiftpm/work/prebuiltsHost/swift-build/.build/arm64-apple-macosx/debug/SWBBuildServiceBundle (0x12b32ffd0). This may cause spurious casting failures and mysterious crashes. One of the duplicates must be removed or renamed.
objc[61689]: Class _TtCC12llbuildSwift8BuildKey4Stat is implemented in both /Users/dschaefer2/swift/swiftpm/work/prebuiltsHost/swift-build/.build/arm64-apple-macosx/debug/SwiftBuildPackageTests.xctest/Contents/MacOS/SwiftBuildPackageTests (0x11a8a9960) and /Users/dschaefer2/swift/swiftpm/work/prebuiltsHost/swift-build/.build/arm64-apple-macosx/debug/SWBBuildServiceBundle (0x12b3300c8). This may cause spurious casting failures and mysterious crashes. One of the duplicates must be removed or renamed.
objc[61689]: Class _TtCC12llbuildSwift8BuildKey6Target is implemented in both /Users/dschaefer2/swift/swiftpm/work/prebuiltsHost/swift-build/.build/arm64-apple-macosx/debug/SwiftBuildPackageTests.xctest/Contents/MacOS/SwiftBuildPackageTests (0x11a8a9a58) and /Users/dschaefer2/swift/swiftpm/work/prebuiltsHost/swift-build/.build/arm64-apple-macosx/debug/SWBBuildServiceBundle (0x12b3301c0). This may cause spurious casting failures and mysterious crashes. One of the duplicates must be removed or renamed.
objc[61689]: Class _TtC12llbuildSwiftP33_E2FE82DA729AB7FD83F6356F66FFB99222ProcessDelegateWrapper is implemented in both /Users/dschaefer2/swift/swiftpm/work/prebuiltsHost/swift-build/.build/arm64-apple-macosx/debug/SwiftBuildPackageTests.xctest/Contents/MacOS/SwiftBuildPackageTests (0x11a8a9bb8) and /Users/dschaefer2/swift/swiftpm/work/prebuiltsHost/swift-build/.build/arm64-apple-macosx/debug/SWBBuildServiceBundle (0x12b330338). This may cause spurious casting failures and mysterious crashes. One of the duplicates must be removed or renamed.
objc[61689]: Class _TtC12llbuildSwiftP33_E2FE82DA729AB7FD83F6356F66FFB99211ToolWrapper is implemented in both /Users/dschaefer2/swift/swiftpm/work/prebuiltsHost/swift-build/.build/arm64-apple-macosx/debug/SwiftBuildPackageTests.xctest/Contents/MacOS/SwiftBuildPackageTests (0x11a8a9c78) and /Users/dschaefer2/swift/swiftpm/work/prebuiltsHost/swift-build/.build/arm64-apple-macosx/debug/SWBBuildServiceBundle (0x12b3303f8). This may cause spurious casting failures and mysterious crashes. One of the duplicates must be removed or renamed.
objc[61689]: Class _TtC12llbuildSwiftP33_E2FE82DA729AB7FD83F6356F66FFB99214CommandWrapper is implemented in both /Users/dschaefer2/swift/swiftpm/work/prebuiltsHost/swift-build/.build/arm64-apple-macosx/debug/SwiftBuildPackageTests.xctest/Contents/MacOS/SwiftBuildPackageTests (0x11a8a9d18) and /Users/dschaefer2/swift/swiftpm/work/prebuiltsHost/swift-build/.build/arm64-apple-macosx/debug/SWBBuildServiceBundle (0x12b330498). This may cause spurious casting failures and mysterious crashes. One of the duplicates must be removed or renamed.
objc[61689]: Class _TtC12llbuildSwiftP33_E2FE82DA729AB7FD83F6356F66FFB99217CStyleEnvironment is implemented in both /Users/dschaefer2/swift/swiftpm/work/prebuiltsHost/swift-build/.build/arm64-apple-macosx/debug/SwiftBuildPackageTests.xctest/Contents/MacOS/SwiftBuildPackageTests (0x11a8a9dc0) and /Users/dschaefer2/swift/swiftpm/work/prebuiltsHost/swift-build/.build/arm64-apple-macosx/debug/SWBBuildServiceBundle (0x12b330540). This may cause spurious casting failures and mysterious crashes. One of the duplicates must be removed or renamed.
objc[61689]: Class _TtC12llbuildSwift11BuildSystem is implemented in both /Users/dschaefer2/swift/swiftpm/work/prebuiltsHost/swift-build/.build/arm64-apple-macosx/debug/SwiftBuildPackageTests.xctest/Contents/MacOS/SwiftBuildPackageTests (0x11a8a9e68) and /Users/dschaefer2/swift/swiftpm/work/prebuiltsHost/swift-build/.build/arm64-apple-macosx/debug/SWBBuildServiceBundle (0x12b3305e8). This may cause spurious casting failures and mysterious crashes. One of the duplicates must be removed or renamed.
objc[61689]: Class _TtC12llbuildSwift10BuildValue is implemented in both /Users/dschaefer2/swift/swiftpm/work/prebuiltsHost/swift-build/.build/arm64-apple-macosx/debug/SwiftBuildPackageTests.xctest/Contents/MacOS/SwiftBuildPackageTests (0x11a8a9f98) and /Users/dschaefer2/swift/swiftpm/work/prebuiltsHost/swift-build/.build/arm64-apple-macosx/debug/SWBBuildServiceBundle (0x12b330718). This may cause spurious casting failures and mysterious crashes. One of the duplicates must be removed or renamed.
objc[61689]: Class _TtCC12llbuildSwift10BuildValue7Invalid is implemented in both /Users/dschaefer2/swift/swiftpm/work/prebuiltsHost/swift-build/.build/arm64-apple-macosx/debug/SwiftBuildPackageTests.xctest/Contents/MacOS/SwiftBuildPackageTests (0x11a8aa088) and /Users/dschaefer2/swift/swiftpm/work/prebuiltsHost/swift-build/.build/arm64-apple-macosx/debug/SWBBuildServiceBundle (0x12b330808). This may cause spurious casting failures and mysterious crashes. One of the duplicates must be removed or renamed.
objc[61689]: Class _TtCC12llbuildSwift10BuildValue12VirtualInput is implemented in both /Users/dschaefer2/swift/swiftpm/work/prebuiltsHost/swift-build/.build/arm64-apple-macosx/debug/SwiftBuildPackageTests.xctest/Contents/MacOS/SwiftBuildPackageTests (0x11a8aa178) and /Users/dschaefer2/swift/swiftpm/work/prebuiltsHost/swift-build/.build/arm64-apple-macosx/debug/SWBBuildServiceBundle (0x12b3308f8). This may cause spurious casting failures and mysterious crashes. One of the duplicates must be removed or renamed.
objc[61689]: Class _TtCC12llbuildSwift10BuildValue13ExistingInput is implemented in both /Users/dschaefer2/swift/swiftpm/work/prebuiltsHost/swift-build/.build/arm64-apple-macosx/debug/SwiftBuildPackageTests.xctest/Contents/MacOS/SwiftBuildPackageTests (0x11a8aa268) and /Users/dschaefer2/swift/swiftpm/work/prebuiltsHost/swift-build/.build/arm64-apple-macosx/debug/SWBBuildServiceBundle (0x12b3309e8). This may cause spurious casting failures and mysterious crashes. One of the duplicates must be removed or renamed.
objc[61689]: Class _TtCC12llbuildSwift10BuildValue12MissingInput is implemented in both /Users/dschaefer2/swift/swiftpm/work/prebuiltsHost/swift-build/.build/arm64-apple-macosx/debug/SwiftBuildPackageTests.xctest/Contents/MacOS/SwiftBuildPackageTests (0x11a8aa358) and /Users/dschaefer2/swift/swiftpm/work/prebuiltsHost/swift-build/.build/arm64-apple-macosx/debug/SWBBuildServiceBundle (0x12b330ad8). This may cause spurious casting failures and mysterious crashes. One of the duplicates must be removed or renamed.
objc[61689]: Class _TtCC12llbuildSwift10BuildValue17DirectoryContents is implemented in both /Users/dschaefer2/swift/swiftpm/work/prebuiltsHost/swift-build/.build/arm64-apple-macosx/debug/SwiftBuildPackageTests.xctest/Contents/MacOS/SwiftBuildPackageTests (0x11a8aa448) and /Users/dschaefer2/swift/swiftpm/work/prebuiltsHost/swift-build/.build/arm64-apple-macosx/debug/SWBBuildServiceBundle (0x12b330bc8). This may cause spurious casting failures and mysterious crashes. One of the duplicates must be removed or renamed.
objc[61689]: Class _TtCC12llbuildSwift10BuildValue22DirectoryTreeSignature is implemented in both /Users/dschaefer2/swift/swiftpm/work/prebuiltsHost/swift-build/.build/arm64-apple-macosx/debug/SwiftBuildPackageTests.xctest/Contents/MacOS/SwiftBuildPackageTests (0x11a8aa538) and /Users/dschaefer2/swift/swiftpm/work/prebuiltsHost/swift-build/.build/arm64-apple-macosx/debug/SWBBuildServiceBundle (0x12b330cb8). This may cause spurious casting failures and mysterious crashes. One of the duplicates must be removed or renamed.
objc[61689]: Class _TtCC12llbuildSwift10BuildValue31DirectoryTreeStructureSignature is implemented in both /Users/dschaefer2/swift/swiftpm/work/prebuiltsHost/swift-build/.build/arm64-apple-macosx/debug/SwiftBuildPackageTests.xctest/Contents/MacOS/SwiftBuildPackageTests (0x11a8aa628) and /Users/dschaefer2/swift/swiftpm/work/prebuiltsHost/swift-build/.build/arm64-apple-macosx/debug/SWBBuildServiceBundle (0x12b330da8). This may cause spurious casting failures and mysterious crashes. One of the duplicates must be removed or renamed.
objc[61689]: Class _TtCC12llbuildSwift10BuildValue13MissingOutput is implemented in both /Users/dschaefer2/swift/swiftpm/work/prebuiltsHost/swift-build/.build/arm64-apple-macosx/debug/SwiftBuildPackageTests.xctest/Contents/MacOS/SwiftBuildPackageTests (0x11a8aa718) and /Users/dschaefer2/swift/swiftpm/work/prebuiltsHost/swift-build/.build/arm64-apple-macosx/debug/SWBBuildServiceBundle (0x12b330e98). This may cause spurious casting failures and mysterious crashes. One of the duplicates must be removed or renamed.
objc[61689]: Class _TtCC12llbuildSwift10BuildValue11FailedInput is implemented in both /Users/dschaefer2/swift/swiftpm/work/prebuiltsHost/swift-build/.build/arm64-apple-macosx/debug/SwiftBuildPackageTests.xctest/Contents/MacOS/SwiftBuildPackageTests (0x11a8aa808) and /Users/dschaefer2/swift/swiftpm/work/prebuiltsHost/swift-build/.build/arm64-apple-macosx/debug/SWBBuildServiceBundle (0x12b330f88). This may cause spurious casting failures and mysterious crashes. One of the duplicates must be removed or renamed.
objc[61689]: Class _TtCC12llbuildSwift10BuildValue17SuccessfulCommand is implemented in both /Users/dschaefer2/swift/swiftpm/work/prebuiltsHost/swift-build/.build/arm64-apple-macosx/debug/SwiftBuildPackageTests.xctest/Contents/MacOS/SwiftBuildPackageTests (0x11a8aa8f8) and /Users/dschaefer2/swift/swiftpm/work/prebuiltsHost/swift-build/.build/arm64-apple-macosx/debug/SWBBuildServiceBundle (0x12b331078). This may cause spurious casting failures and mysterious crashes. One of the duplicates must be removed or renamed.
objc[61689]: Class _TtCC12llbuildSwift10BuildValue13FailedCommand is implemented in both /Users/dschaefer2/swift/swiftpm/work/prebuiltsHost/swift-build/.build/arm64-apple-macosx/debug/SwiftBuildPackageTests.xctest/Contents/MacOS/SwiftBuildPackageTests (0x11a8aa9e8) and /Users/dschaefer2/swift/swiftpm/work/prebuiltsHost/swift-build/.build/arm64-apple-macosx/debug/SWBBuildServiceBundle (0x12b331168). This may cause spurious casting failures and mysterious crashes. One of the duplicates must be removed or renamed.
objc[61689]: Class _TtCC12llbuildSwift10BuildValue24PropagatedFailureCommand is implemented in both /Users/dschaefer2/swift/swiftpm/work/prebuiltsHost/swift-build/.build/arm64-apple-macosx/debug/SwiftBuildPackageTests.xctest/Contents/MacOS/SwiftBuildPackageTests (0x11a8aaad8) and /Users/dschaefer2/swift/swiftpm/work/prebuiltsHost/swift-build/.build/arm64-apple-macosx/debug/SWBBuildServiceBundle (0x12b331258). This may cause spurious casting failures and mysterious crashes. One of the duplicates must be removed or renamed.
objc[61689]: Class _TtCC12llbuildSwift10BuildValue16CancelledCommand is implemented in both /Users/dschaefer2/swift/swiftpm/work/prebuiltsHost/swift-build/.build/arm64-apple-macosx/debug/SwiftBuildPackageTests.xctest/Contents/MacOS/SwiftBuildPackageTests (0x11a8aabc8) and /Users/dschaefer2/swift/swiftpm/work/prebuiltsHost/swift-build/.build/arm64-apple-macosx/debug/SWBBuildServiceBundle (0x12b331348). This may cause spurious casting failures and mysterious crashes. One of the duplicates must be removed or renamed.
objc[61689]: Class _TtCC12llbuildSwift10BuildValue14SkippedCommand is implemented in both /Users/dschaefer2/swift/swiftpm/work/prebuiltsHost/swift-build/.build/arm64-apple-macosx/debug/SwiftBuildPackageTests.xctest/Contents/MacOS/SwiftBuildPackageTests (0x11a8aacb8) and /Users/dschaefer2/swift/swiftpm/work/prebuiltsHost/swift-build/.build/arm64-apple-macosx/debug/SWBBuildServiceBundle (0x12b331438). This may cause spurious casting failures and mysterious crashes. One of the duplicates must be removed or renamed.
objc[61689]: Class _TtCC12llbuildSwift10BuildValue6Target is implemented in both /Users/dschaefer2/swift/swiftpm/work/prebuiltsHost/swift-build/.build/arm64-apple-macosx/debug/SwiftBuildPackageTests.xctest/Contents/MacOS/SwiftBuildPackageTests (0x11a8aada8) and /Users/dschaefer2/swift/swiftpm/work/prebuiltsHost/swift-build/.build/arm64-apple-macosx/debug/SWBBuildServiceBundle (0x12b331528). This may cause spurious casting failures and mysterious crashes. One of the duplicates must be removed or renamed.
objc[61689]: Class _TtCC12llbuildSwift10BuildValue16StaleFileRemoval is implemented in both /Users/dschaefer2/swift/swiftpm/work/prebuiltsHost/swift-build/.build/arm64-apple-macosx/debug/SwiftBuildPackageTests.xctest/Contents/MacOS/SwiftBuildPackageTests (0x11a8aae98) and /Users/dschaefer2/swift/swiftpm/work/prebuiltsHost/swift-build/.build/arm64-apple-macosx/debug/SWBBuildServiceBundle (0x12b331618). This may cause spurious casting failures and mysterious crashes. One of the duplicates must be removed or renamed.
objc[61689]: Class _TtCC12llbuildSwift10BuildValue25FilteredDirectoryContents is implemented in both /Users/dschaefer2/swift/swiftpm/work/prebuiltsHost/swift-build/.build/arm64-apple-macosx/debug/SwiftBuildPackageTests.xctest/Contents/MacOS/SwiftBuildPackageTests (0x11a8aaf88) and /Users/dschaefer2/swift/swiftpm/work/prebuiltsHost/swift-build/.build/arm64-apple-macosx/debug/SWBBuildServiceBundle (0x12b331708). This may cause spurious casting failures and mysterious crashes. One of the duplicates must be removed or renamed.
objc[61689]: Class _TtCC12llbuildSwift10BuildValue36SuccessfulCommandWithOutputSignature is implemented in both /Users/dschaefer2/swift/swiftpm/work/prebuiltsHost/swift-build/.build/arm64-apple-macosx/debug/SwiftBuildPackageTests.xctest/Contents/MacOS/SwiftBuildPackageTests (0x11a8ab078) and /Users/dschaefer2/swift/swiftpm/work/prebuiltsHost/swift-build/.build/arm64-apple-macosx/debug/SWBBuildServiceBundle (0x12b3317f8). This may cause spurious casting failures and mysterious crashes. One of the duplicates must be removed or renamed.
objc[61689]: Class _TtC12llbuildSwiftP33_22AB5BF91A1E4DEB93BA893235D5C4F320TaskInterfaceWrapper is implemented in both /Users/dschaefer2/swift/swiftpm/work/prebuiltsHost/swift-build/.build/arm64-apple-macosx/debug/SwiftBuildPackageTests.xctest/Contents/MacOS/SwiftBuildPackageTests (0x11a8ab1b8) and /Users/dschaefer2/swift/swiftpm/work/prebuiltsHost/swift-build/.build/arm64-apple-macosx/debug/SWBBuildServiceBundle (0x12b331938). This may cause spurious casting failures and mysterious crashes. One of the duplicates must be removed or renamed.
objc[61689]: Class _TtC12llbuildSwiftP33_22AB5BF91A1E4DEB93BA893235D5C4F311TaskWrapper is implemented in both /Users/dschaefer2/swift/swiftpm/work/prebuiltsHost/swift-build/.build/arm64-apple-macosx/debug/SwiftBuildPackageTests.xctest/Contents/MacOS/SwiftBuildPackageTests (0x11a8ab290) and /Users/dschaefer2/swift/swiftpm/work/prebuiltsHost/swift-build/.build/arm64-apple-macosx/debug/SWBBuildServiceBundle (0x12b331a10). This may cause spurious casting failures and mysterious crashes. One of the duplicates must be removed or renamed.
objc[61689]: Class _TtC12llbuildSwift11BuildEngine is implemented in both /Users/dschaefer2/swift/swiftpm/work/prebuiltsHost/swift-build/.build/arm64-apple-macosx/debug/SwiftBuildPackageTests.xctest/Contents/MacOS/SwiftBuildPackageTests (0x11a8ab360) and /Users/dschaefer2/swift/swiftpm/work/prebuiltsHost/swift-build/.build/arm64-apple-macosx/debug/SWBBuildServiceBundle (0x12b331ae0). This may cause spurious casting failures and mysterious crashes. One of the duplicates must be removed or renamed.
◇ Test case passing 1 argument productType → .application to basicTargetEncoding(_:) started.
◇ Test case passing 1 argument productType → .staticArchive to basicTargetEncoding(_:) started.
◇ Test case passing 1 argument productType → .commonStaticArchive to basicTargetEncoding(_:) started.
◇ Test case passing 1 argument productType → .commonObject to basicTargetEncoding(_:) started.
◇ Test case passing 1 argument productType → .objectFile to basicTargetEncoding(_:) started.
◇ Test case passing 1 argument productType → .dynamicLibrary to basicTargetEncoding(_:) started.
◇ Test case passing 1 argument productType → .framework to basicTargetEncoding(_:) started.
◇ Test case passing 1 argument productType → .executable to basicTargetEncoding(_:) started.
◇ Test case passing 1 argument productType → .hostBuildTool to basicTargetEncoding(_:) started.
◇ Test case passing 1 argument productType → .unitTest to basicTargetEncoding(_:) started.
◇ Test case passing 1 argument productType → .swiftpmTestRunner to basicTargetEncoding(_:) started.
◇ Test case passing 1 argument productType → .bundle to basicTargetEncoding(_:) started.
◇ Test case passing 1 argument productType → .packageProduct to basicTargetEncoding(_:) started.
✔ Suite WindowsTaskConstructionTests passed after 1.851 seconds.
✔ Suite CommandLineToolSpecDiscoveredInfoTests passed after 1.870 seconds.
✔ Test basicCopy() passed after 1.860 seconds.
✔ Test openStepToXMLCopy() passed after 1.861 seconds.
✔ Test openStepToBinaryCopy() passed after 1.861 seconds.
✔ Test openStepToOpenStepCopy() passed after 1.861 seconds.
✔ Test diagnostics() passed after 1.861 seconds.
✔ Suite WebAssemblyIntegrationTests passed after 1.871 seconds.
✔ Test SHA256HexString() passed after 1.861 seconds.
✔ Test basic() passed after 1.861 seconds.
✔ Test comparable() passed after 1.861 seconds.
✔ Test equatable() passed after 1.861 seconds.
✔ Test basics() passed after 1.861 seconds.
✔ Test customStringConvertible() passed after 1.862 seconds.
✔ Test encodable() passed after 1.862 seconds.
✔ Test expressibleByStringLiteral() passed after 1.863 seconds.
✔ Test conversion() passed after 1.863 seconds.
✔ Test nodeIdentifier() passed after 1.863 seconds.
✔ Test hashable() passed after 1.863 seconds.
✔ Test arrayLiteralConversion() passed after 1.866 seconds.
✔ Test subtraction() passed after 1.870 seconds.
✔ Test diagnostics() passed after 1.870 seconds.
✔ Suite StaleFileRemovalTests passed after 1.897 seconds.
✔ Test decodable() passed after 1.886 seconds.
✔ Test testSingleArch() passed after 1.886 seconds.
✔ Test validation() passed after 1.887 seconds.
✔ Test testSingleArchDoesNotRewriteIdenticalOutput() passed after 1.886 seconds.
✔ Test testTwoArchs() passed after 1.886 seconds.
✔ Test testMultiArchDoesNotRewriteIdenticalOutput() passed after 1.886 seconds.
✔ Test testFallbackArch() passed after 1.886 seconds.
✔ Test UTF16LEToUTF16() passed after 1.886 seconds.
✔ Test basicCopy() passed after 1.886 seconds.
✔ Test rawRepresentable() passed after 1.886 seconds.
✔ Test UTF32LEToUTF16() passed after 1.886 seconds.
✔ Test testNoFallbackArch() passed after 1.886 seconds.
✔ Test concatenate() passed after 1.886 seconds.
✔ Test entitlementsBasics() passed after 1.886 seconds.
✔ Test diagnostics() passed after 1.886 seconds.
✔ Test conformantPathsPOSIX() passed after 1.886 seconds.
✔ Test unknownEncoding() passed after 1.886 seconds.
✔ Test orderedSetBasicFunctionality() passed after 1.886 seconds.
✔ Test append() passed after 1.886 seconds.
✔ Test UTF16ImpliedToUTF16() passed after 1.894 seconds.
✔ Test UTF8ImpliedBOMToUTF16() passed after 1.894 seconds.
✔ Test binaryPlistConversionFailure() passed after 1.918 seconds.
✔ Test UTF16ToUTF16() passed after 1.918 seconds.
✔ Test emptyFileWithUTF16OutputEncoding() passed after 1.918 seconds.
✔ Test UTF16BEToUTF16() passed after 1.918 seconds.
✔ Test wrongEncoding() passed after 1.918 seconds.
✔ Test encoding() passed after 1.918 seconds.
✔ Test diagnostics() passed after 1.919 seconds.
✔ Test UTF32BEToUTF16() passed after 1.918 seconds.
✔ Test UTF8BOMToUTF16() passed after 1.919 seconds.
✔ Test renameInfoPlistStringsName() passed after 1.918 seconds.
✔ Test decoding() passed after 1.918 seconds.
✔ Test decodingErrors() passed after 1.923 seconds.
✔ Test roundTrip() passed after 1.923 seconds.
✔ Test uTF8ImpliedToUTF16() passed after 1.923 seconds.
✔ Test encodingErrors() passed after 1.954 seconds.
✔ Test wrongEncodingUTF8ReallyUTF16() passed after 1.954 seconds.
✔ Test normalization() passed after 1.954 seconds.
✔ Test emptyFile() passed after 1.954 seconds.
✔ Test UTF8ToBinaryPlist() passed after 1.954 seconds.
✔ Test signatureCollectionOutputAppleSigned() passed after 1.955 seconds.
✔ Test failedRegister() passed after 1.954 seconds.
✔ Test UTF8ToUTF16() passed after 1.954 seconds.
✔ Test validationFailure() passed after 1.957 seconds.
✔ Test basics() passed after 1.987 seconds.
✔ Test logContents() passed after 1.987 seconds.
✔ Test diagnostics() passed after 1.987 seconds.
✔ Test hostArchitecture() passed after 1.996 seconds.
✔ Test signature() passed after 1.996 seconds.
✔ Test registryFunctionality() passed after 1.996 seconds.
✔ Test keepInfoPlistStrings() passed after 1.997 seconds.
✔ Test duplicateFileHandling() passed after 1.998 seconds.
✔ Test noDuplicates() passed after 1.998 seconds.
✔ Test inputGenerationCommandLineErrors() passed after 1.998 seconds.
✔ Test inputGenerationNoPublicMap() passed after 1.998 seconds.
✔ Test simpleDirectoryCopy() passed after 1.998 seconds.
✔ Test performTaskAction() passed after 2.003 seconds.
✔ Test scopedKeepAliveCacheCache() passed after 2.003 seconds.
✔ Test missingFileCopy() passed after 2.003 seconds.
✔ Test macOSEntitlements() passed after 2.004 seconds.
✔ Test singleFileCopy() passed after 2.003 seconds.
✔ Test processingInfoPlistConfiguredForPlatform_watchOS() passed after 2.017 seconds.
✔ Test fourCodeCharacterDiagnosticForGeneratingPackage() passed after 2.017 seconds.
✔ Test NSExceptionMinimumTLSVersionDeprecationWarning_iOS() passed after 2.019 seconds.
✔ Test JSONDictEncoding() passed after 2.023 seconds.
✔ Test inputGenerationNoPrivateMap() passed after 2.023 seconds.
✔ Test infoPlistWithRequiredArchitecturesDictionary() passed after 2.023 seconds.
✔ Test keyPaths() passed after 2.023 seconds.
✔ Test UILaunchImagesDeprecationWarning_iOS() passed after 2.023 seconds.
✔ Test processingInfoPlistConfiguredForPlatform_MacCatalyst() passed after 2.036 seconds.
✔ Test propertyListConversionErrorEquatableErrorType() passed after 2.036 seconds.
✔ Test processingInfoPlistConfiguredForPlatform_tvOS() passed after 2.036 seconds.
✔ Test processingInfoPlistConfiguredForPlatform_iOS() passed after 2.036 seconds.
✔ Test inputGenerationBasic() passed after 2.036 seconds.
✔ Test CLKComplicationSupportedFamiliesDeprecationWarning() passed after 2.039 seconds.
✔ Test bundleIdentifierWithAllValidCharacters() passed after 2.039 seconds.
✔ Test readMinimalHmap() passed after 2.039 seconds.
✔ Test deterministicBinarySerialization() passed after 2.039 seconds.
✔ Test valueProperties() passed after 2.039 seconds.
✔ Test deterministicDescription() passed after 2.055 seconds.
✔ Test infoPlistFileContentsBuildSetting() passed after 2.055 seconds.
✔ Test NSExceptionMinimumTLSVersionDeprecationWarning_watchOS() passed after 2.056 seconds.
✔ Test concreteBooleans() passed after 2.056 seconds.
✔ Test UILaunchImagesDeprecationWarning_tvOS() passed after 2.056 seconds.
✔ Test loadingData() passed after 2.056 seconds.
✔ Test isEmpty() passed after 2.056 seconds.
✔ Test JSONEncoding() passed after 2.056 seconds.
✔ Test mergingTrackedDomainsInfo_WithTopLevelAppDomains() passed after 2.056 seconds.
✔ Test loadingDate() passed after 2.056 seconds.
✔ Test defaultKeyAdditions() passed after 2.057 seconds.
✔ Test comparison() passed after 2.056 seconds.
✔ Test inputGenerationPrivate() passed after 2.056 seconds.
✔ Test loadingJSONFile() passed after 2.056 seconds.
✔ Test infoPlistRequiredArchitecturesCleanup() passed after 2.056 seconds.
✔ Test processingInfoPlistConfiguredForPlatform_macOS() passed after 2.056 seconds.
✔ Test writeMinimalHmap() passed after 2.056 seconds.
✔ Test insert() passed after 2.056 seconds.
✔ Test moduleMapFileVerifier() passed after 2.057 seconds.
✔ Test signature() passed after 2.056 seconds.
✔ Test minimumSystemVersionValidation_macOS() passed after 2.057 seconds.
✔ Test tSanSpecialKeyAddition() passed after 2.057 seconds.
✔ Test loadingBasics() passed after 2.057 seconds.
✔ Test infoPlistProcessorTask() passed after 2.057 seconds.
✔ Test processingInfoPlistConfiguredForBothMacCatalystAndIOS() passed after 2.057 seconds.
✔ Test infoPlistWithRequiredArchitecturesArray() passed after 2.057 seconds.
✔ Test usageDescriptionKeyWarning() passed after 2.057 seconds.
✔ Test processingInfoPlistForMacCatalyst() passed after 2.057 seconds.
✔ Test JSONStringEncoding() passed after 2.057 seconds.
✔ Test mergingPlatformAdditionalInfo() passed after 2.091 seconds.
✔ Test convertingToBytes() passed after 2.093 seconds.
✔ Test NSExceptionMinimumTLSVersionDeprecationWarning_macOS() passed after 2.093 seconds.
✔ Test infoPlistWithRequiredArchitecturesEmpty() passed after 2.093 seconds.
✔ Test diagnostics() passed after 2.120 seconds.
✔ Test mergingTrackedDomainsInfo_WithNoTopLevelAppDomains() passed after 2.123 seconds.
✔ Test UILaunchImagesDeprecationWarning_tvOSLegacy() passed after 2.123 seconds.
✔ Test bundleIdentifierNonString() passed after 2.165 seconds.
✔ Test diagnostics() passed after 2.165 seconds.
✔ Test mergeCFBundleIcons() passed after 2.165 seconds.
✔ Test appClipUnusedKeysWarning() passed after 2.165 seconds.
✔ Test bundleIdentifierWithInvalidCharacters() passed after 2.165 seconds.
✔ Test VFSSerialization() passed after 2.198 seconds.
✔ Test embeddedFrameworksValidationHaveShallowBundleFormatForDeepBundle() passed after 2.202 seconds.
✔ Test provisioningProfileBasics() passed after 2.212 seconds.
✔ Test iOSDocumentAppWithoutOpenInPlaceSetting() passed after 2.211 seconds.
✔ Test NSExceptionMinimumTLSVersionDeprecationWarning_tvOS() passed after 2.233 seconds.
✔ Test badInput() passed after 2.233 seconds.
✔ Test bundleIdentifierWithTeamIdentifierPrefix() passed after 2.234 seconds.
✔ Test bundlePackageTypeAndBundleSignatureAreProperlyEvaluated() passed after 2.234 seconds.
✔ Test generatedInfoPlistWithExistingKeys() passed after 2.240 seconds.
✔ Test minimumSystemVersionValidation_iOS() passed after 2.249 seconds.
✔ Test embeddedFrameworksValidationHaveDeepBundleFormatForShallowBundle() passed after 2.248 seconds.
✔ Test errors() passed after 2.274 seconds.
✔ Test pathnameMatch(isWindows:) with 2 test cases passed after 2.283 seconds.
✔ Test embeddedFrameworksValidationInvalidBundleIdentifier() passed after 2.283 seconds.
✔ Test minimumSystemVersionValidation_tvOS() passed after 2.283 seconds.
✔ Test fixedSizeCArrayStringParsing() passed after 2.283 seconds.
✔ Test byteString() passed after 2.283 seconds.
✔ Test noStrip() passed after 2.283 seconds.
✔ Test ignoreMissingInputs() passed after 2.283 seconds.
✔ Test buildVersionPlatformInit() passed after 2.307 seconds.
✔ Test forwardAndBackSlashMatch() passed after 2.307 seconds.
✔ Test byteStringReader() passed after 2.307 seconds.
✔ Test bundleIdentifierBuildSettingMismatch() passed after 2.308 seconds.
✔ Test caseInsensitivityMatch() passed after 2.307 seconds.
✔ Test embeddedFrameworksValidationNoBundleIdentifier() passed after 2.307 seconds.
✔ Test binaryReader() passed after 2.307 seconds.
✔ Test rangeMatch() passed after 2.307 seconds.
✔ Test macOSDocumentAppWithOpenInPlaceSettingNO() passed after 2.309 seconds.
✔ Test basicMatch() passed after 2.517 seconds.
✔ Test nonMachO() passed after 2.517 seconds.
✔ Test iPadMultiTaskingSplitViewValidation() passed after 2.517 seconds.
✔ Test embeddedFrameworksValidationNoPlist() passed after 2.517 seconds.
✔ Test relativeDestinationToCWD() passed after 2.519 seconds.
✔ Test includeOnlySubpath() passed after 2.525 seconds.
✔ Test embeddedFrameworksValidationInvalidInfoPlist() passed after 2.525 seconds.
✔ Test bitcodeStrip() passed after 2.529 seconds.
✔ Test copyWithDifferentName() passed after 2.534 seconds.
✔ Test embeddedFrameworksValidationBasic() passed after 2.564 seconds.
✔ Test legacyMacOSAttributes() passed after 2.563 seconds.
✔ Test symlinkedFileWithResolvedSym() passed after 2.564 seconds.
✔ Test bitcodeStripInPlace() passed after 2.572 seconds.
✔ Test usage() passed after 2.582 seconds.
✔ Test signedComponents() passed after 2.582 seconds.
✔ Test macOSAppStoreCategoryValidation() passed after 2.598 seconds.
✔ Test stripSubpath() passed after 2.599 seconds.
✔ Test stripUnstrippedBinaries() passed after 2.656 seconds.
✔ Test hashValue() passed after 2.675 seconds.
✔ Test decodable() passed after 2.696 seconds.
✔ Test zeroTrimmed() passed after 2.696 seconds.
✔ Test fuzzyVersion() passed after 2.722 seconds.
✔ Test fuzzyVersionRange() passed after 2.722 seconds.
✔ Test version3() passed after 2.722 seconds.
✔ Test versionRange() passed after 2.722 seconds.
✔ Test zeroPadded() passed after 2.732 seconds.
✔ Test version4() passed after 2.733 seconds.
✔ Test isPowerOfTwo() passed after 2.733 seconds.
✔ Test withoutLSB() passed after 2.733 seconds.
✔ Test subscripting() passed after 2.741 seconds.
✔ Test customToolHandling() passed after 2.741 seconds.
✔ Test cycle() passed after 2.741 seconds.
✔ Test basics() passed after 2.743 seconds.
✔ Test description() passed after 2.742 seconds.
✔ Test subprocessEnvironment() passed after 2.742 seconds.
✔ Test exclude() passed after 2.743 seconds.
✔ Test roundUpToPowerOfTwo() passed after 2.745 seconds.
✔ Test operatingSystemVersion() passed after 2.746 seconds.
✔ Test fileErrors() passed after 2.746 seconds.
✔ Test fileSystemHandling() passed after 2.750 seconds.
✔ Test excludeSubpath() passed after 2.760 seconds.
✔ Test arraySliceOfUInt8Init() passed after 2.758 seconds.
✔ Test commandSkipping() passed after 2.758 seconds.
✔ Test withIndefiniteArticle() passed after 2.758 seconds.
✔ Test maxSize() passed after 2.758 seconds.
✔ Test globalClear() passed after 2.758 seconds.
✔ Test unexpectedErrors() passed after 2.759 seconds.
✔ Test withoutSuffix() passed after 2.767 seconds.
✔ Test processHandling() passed after 2.768 seconds.
✔ Test nextPowerOfTwo() passed after 2.767 seconds.
✔ Test hashableConformance() passed after 2.768 seconds.
✔ Test quoting() passed after 2.767 seconds.
✔ Test unicodeDecoding() passed after 2.767 seconds.
✔ Test stringListEscapingOfStringSequences() passed after 2.767 seconds.
✔ Test substringSplit() passed after 2.769 seconds.
✔ Test escaped() passed after 2.769 seconds.
✔ Test padded() passed after 2.769 seconds.
✔ Test asLegalBundleIdentifier() passed after 2.769 seconds.
✔ Test stringSplit() passed after 2.782 seconds.
✔ Test stringListEscapingOfStrings() passed after 2.788 seconds.
✔ Test withoutPrefix() passed after 2.788 seconds.
✔ Test stringEnumerateSplits() passed after 2.801 seconds.
✔ Test asLegalCIdentifier() passed after 2.804 seconds.
✔ Test arrayOfUInt8Init() passed after 2.804 seconds.
✔ Test asLegalRFC1034Identifier() passed after 2.804 seconds.
✔ Test mangledToC99Identifier() passed after 2.850 seconds.
✔ Test rateLimiterTwoSeconds() passed after 2.903 seconds.
✔ Test rateLimiterNoCrashNever() passed after 2.909 seconds.
✔ Test rateLimiterNanoseconds() passed after 2.956 seconds.
✔ Test rateLimiterMicroseconds() passed after 2.961 seconds.
✔ Test rateLimiterSeconds() passed after 2.961 seconds.
✔ Test detectAlpineFromOSRelease() passed after 3.015 seconds.
✔ Test detectArchFromOSRelease() passed after 3.062 seconds.
✔ Test buildableItemGUID() passed after 3.084 seconds.
✔ Test pseudoSymlink() passed after 3.084 seconds.
✔ Test localModificationDate() passed after 3.105 seconds.
✔ Test PIFObject() passed after 3.105 seconds.
✔ Test detectRHELFromOSRelease() passed after 3.106 seconds.
✔ Test fallbackPriorityOrder() passed after 3.106 seconds.
✔ Test detectAmazonLinuxFromOSRelease() passed after 3.107 seconds.
✔ Test macroExpressionSource() passed after 3.106 seconds.
✔ Test detectUbuntuFromFallbackFile() passed after 3.110 seconds.
✔ Test rateLimiterMilliseconds() passed after 3.111 seconds.
✔ Test inputSpecifier() passed after 3.110 seconds.
✔ Test provisioningStyle() passed after 3.111 seconds.
✔ Test detectDebianFromFallbackFile() passed after 3.111 seconds.
✔ Test osReleaseWithoutIDField() passed after 3.111 seconds.
✔ Test localSetPermissions() passed after 3.115 seconds.
✔ Test pseudoRemoveFile() passed after 3.115 seconds.
✔ Test handleMalformedOSRelease() passed after 3.115 seconds.
✔ Test sourceTree() passed after 3.120 seconds.
✔ Test pseudoAppendFile() passed after 3.120 seconds.
✔ Test localRemoveFile() passed after 3.133 seconds.
✔ Test osReleaseWithUnknownID() passed after 3.133 seconds.
✔ Test clientExchangeMessagesRoundTrip() passed after 3.133 seconds.
✔ Test handleEmptyOSRelease() passed after 3.133 seconds.
✔ Test treeFilesSignatureHonorIgnoreDeviceInodeChangesSettingPseudoFS() passed after 3.134 seconds.
✔ Test actionSpecifier() passed after 3.133 seconds.
✔ Test emptyFilesSignature() passed after 3.140 seconds.
✔ Test previewInfoMessagesRoundTrip() passed after 3.140 seconds.
✔ Test basicMessagesRoundTrip() passed after 3.140 seconds.
✔ Test localWriteFile() passed after 3.140 seconds.
✔ Test firstMatchResult() passed after 3.140 seconds.
✔ Test detectDebianFromOSRelease() passed after 3.140 seconds.
✔ Test pseudoTraverse() passed after 3.140 seconds.
✔ Test detectUbuntuFromOSRelease() passed after 3.140 seconds.
✔ Test macroEvaluationMessages() passed after 3.140 seconds.
✔ Test detectOpenSUSEFromOSRelease() passed after 3.140 seconds.
✔ Test detectFedoraFromOSRelease() passed after 3.140 seconds.
✔ Test IPCMessageSerialization() passed after 3.140 seconds.
✔ Test basics() passed after 3.140 seconds.
✔ Test fileSignatureHonorIgnoreDeviceInodeChangesSettingPseudoFS() passed after 3.140 seconds.
✔ Test replace() passed after 3.140 seconds.
✔ Test pseudoCopyFile() passed after 3.140 seconds.
✔ Test indexingMessagesRoundTrip() passed after 3.140 seconds.
✔ Test detectFromIDLikeFallback() passed after 3.140 seconds.
✔ Test isDirectory() passed after 3.150 seconds.
✔ Test noDistributionFilesFound() passed after 3.151 seconds.
✔ Test matchGroups() passed after 3.150 seconds.
✔ Test firstMatch() passed after 3.157 seconds.
✔ Test nWayMerge() passed after 3.169 seconds.
✔ Test localMove() passed after 3.169 seconds.
✔ Test buildOperationMessages() passed after 3.169 seconds.
✔ Test appendingFileNameSuffix() passed after 3.169 seconds.
✔ Test projectPlannerTypesSerialization() passed after 3.169 seconds.
✔ Test joinPreservingRoot() passed after 3.169 seconds.
✔ Test treeFilesSignatureHonorIgnoreDeviceInodeChangesSettingLocalFS() passed after 3.169 seconds.
✔ Test fileSignatureHonorIgnoreDeviceInodeChangesSettingLocalFS() passed after 3.170 seconds.
✔ Test pseudoCopyTree() passed after 3.169 seconds.
✔ Test pseudoBasics() passed after 3.169 seconds.
✔ Test pseudoMoveInSameVolume() passed after 3.171 seconds.
✔ Test errors() passed after 3.170 seconds.
✔ Test exists() passed after 3.170 seconds.
✔ Test modificationTimestamp() passed after 3.170 seconds.
✔ Test localReadFile() passed after 3.170 seconds.
✔ Test split() passed after 3.170 seconds.
✔ Test relativeSubpaths() passed after 3.170 seconds.
✔ Test localAppendFile() passed after 3.171 seconds.
✔ Test ancestors() passed after 3.171 seconds.
✔ Test macho() passed after 3.171 seconds.
✔ Test planningOperationMessages() passed after 3.177 seconds.
✔ Test pseudoReadWriteFile() passed after 3.177 seconds.
✔ Test elf() passed after 3.177 seconds.
✔ Test wasm() passed after 3.177 seconds.
✔ Test pseudoCreateDirectory() passed after 3.195 seconds.
✔ Test localMoveInSameVolume() passed after 3.198 seconds.
✔ Test pe() passed after 3.197 seconds.
✔ Test writeIfChanged() passed after 3.198 seconds.
✔ Test pseudoSetPermissions() passed after 3.198 seconds.
✔ Test localTraverse() passed after 3.200 seconds.
✔ Test flatFilesSignature() passed after 3.200 seconds.
✔ Test time() passed after 3.223 seconds.
✔ Test localCopyTree() passed after 3.223 seconds.
✔ Test normalizingJoin() passed after 3.224 seconds.
✔ Test splitext() passed after 3.224 seconds.
✔ Test misc() passed after 3.224 seconds.
✔ Test regionVariantName() passed after 3.224 seconds.
✔ Test listDir() passed after 3.224 seconds.
✔ Test resolveSymlink() passed after 3.224 seconds.
✔ Test frameworkPath() passed after 3.224 seconds.
✔ Test dirname() passed after 3.224 seconds.
✔ Test extensionOps() passed after 3.227 seconds.
✔ Test extendedAttributesSupport() passed after 3.227 seconds.
✔ Test join() passed after 3.227 seconds.
✔ Test isSymlink() passed after 3.227 seconds.
✔ Test endsWithPath() passed after 3.227 seconds.
✔ Test regionVariantPathComponent() passed after 3.227 seconds.
✔ Test pseudoGetFileInfo() passed after 3.227 seconds.
✔ Test constructors() passed after 3.229 seconds.
✔ Test normalize() passed after 3.229 seconds.
✔ Test withoutTrailingSlash() passed after 3.234 seconds.
✔ Test localSymlinks() passed after 3.234 seconds.
✔ Test errorHandling() passed after 3.236 seconds.
✔ Test errorStrings() passed after 3.249 seconds.
✔ Test matchesFilenamePattern() passed after 3.257 seconds.
✔ Test pseudoRemoveDirectory() passed after 3.257 seconds.
✔ Test preserveDeclarationOrder() passed after 3.266 seconds.
✔ Test packageProductCannotBeInStandardTarget() passed after 3.268 seconds.
✔ Test basics() passed after 3.266 seconds.
✔ Test idempotency() passed after 3.266 seconds.
✔ Test versioning() passed after 3.266 seconds.
✔ Test localFileOwnership() passed after 3.267 seconds.
✔ Test delimiterNotPresent() passed after 3.267 seconds.
✔ Test responseFileRoundTripping(format:) with 5 test cases passed after 3.267 seconds.
✔ Test responseFileContentWindows() passed after 3.280 seconds.
✔ Test localReadMissing() passed after 3.280 seconds.
✔ Test responseFileContentUnix() passed after 3.280 seconds.
✔ Test exactBufferSize() passed after 3.280 seconds.
✔ Test localCopyFile() passed after 3.280 seconds.
✔ Test wasi() passed after 3.281 seconds.
✔ Test lineReaderCustomDelimiter() passed after 3.281 seconds.
✔ Test androidUnversioned() passed after 3.281 seconds.
✔ Test androidVersioned() passed after 3.281 seconds.
✔ Test lineReader() passed after 3.282 seconds.
✔ Test localCreateDirectory() passed after 3.295 seconds.
✔ Test freeBSDUnversioned() passed after 3.295 seconds.
✔ Test qnxVersioned() passed after 3.295 seconds.
✔ Test wasip1() passed after 3.295 seconds.
✔ Test qnxUnversioned() passed after 3.295 seconds.
✔ Test macUnversioned() passed after 3.295 seconds.
✔ Test treeFilesSignature() passed after 3.295 seconds.
✔ Test responseFileExpansion() passed after 3.295 seconds.
✔ Test freeBSDVersioned() passed after 3.295 seconds.
✔ Test lineReaderRewind() passed after 3.295 seconds.
✔ Test macUnversionedWithEnv() passed after 3.295 seconds.
✔ Test removeDirectory() passed after 3.295 seconds.
✔ Suite GenerixUnixBuildOperationTests passed after 3.330 seconds.
✔ Test lineReaderLongLines() passed after 3.309 seconds.
✔ Test macVersioned() passed after 3.309 seconds.
✔ Test unversioned() passed after 3.309 seconds.
✔ Test emptyFile() passed after 3.309 seconds.
✔ Suite QNXBuildOperationTests passed after 3.330 seconds.
✔ Test localIsExcludedFromBackup() passed after 3.317 seconds.
✔ Test macVersionedWithEnv() passed after 3.317 seconds.
✔ Test sum() passed after 3.319 seconds.
✔ Test average() passed after 3.329 seconds.
✔ Test standardDeviation() passed after 3.330 seconds.
✔ Test LLVMCommandOutputParsing() passed after 3.342 seconds.
✔ Test windowsProcessArgsEncoding() passed after 3.342 seconds.
✔ Test UNIXShellEncodingCustomJoinSequence() passed after 3.342 seconds.
✔ Test LLVMCommandOutputEncoding() passed after 3.342 seconds.
✔ Test LLVMCommandOutputParsingEOF() passed after 3.342 seconds.
✔ Test UNIXShellEncoding() passed after 3.342 seconds.
✔ Test LLVMCommandOutputRoundtrip(_:) with 13 test cases passed after 3.345 seconds.
✔ Test objectHierarchySerialization() passed after 3.357 seconds.
✔ Test uniqueSerializationSizeWin() passed after 3.357 seconds.
✔ Test scalarValueSerialization() passed after 3.357 seconds.
✔ Test stringToIntDictionarySerialization() passed after 3.357 seconds.
✔ Test LLVMCommandOutputParsingUnnecessaryEscape() passed after 3.358 seconds.
✔ Test polymorphicArraySerialization() passed after 3.360 seconds.
✔ Test userCacheDir() passed after 3.360 seconds.
✔ Test parsingUmbrellaHeaderFromModuleMap() passed after 3.360 seconds.
✔ Test uniqueSerializationBasics() passed after 3.360 seconds.
✔ Test simpleObjectSerialization() passed after 3.365 seconds.
✔ Test polymorphicDictionarySerialization() passed after 3.365 seconds.
✔ Test LLVMCommandOutputParsingUnexpectedQuote() passed after 3.365 seconds.
✔ Test LLVMCommandOutputParsingUnexpectedEscape() passed after 3.364 seconds.
✔ Test optionalSerialization() passed after 3.365 seconds.
✔ Test LLVMCommandOutputParsingUnexpectedCharacter() passed after 3.375 seconds.
✔ Test trivialObjectHierarchySerialization() passed after 3.380 seconds.
✔ Test stringAsStringArray() passed after 3.379 seconds.
✔ Test boolCheck() passed after 3.379 seconds.
✔ Test string() passed after 3.379 seconds.
✔ Test simpleArraySerialization() passed after 3.380 seconds.
✔ Test valueness() passed after 3.379 seconds.
✔ Test expressibleByArrayLiteral() passed after 3.379 seconds.
✔ Test initFromEmptySequence() passed after 3.390 seconds.
✔ Test basics() passed after 3.392 seconds.
✔ Test collectionConformance() passed after 3.401 seconds.
✔ Test assetPackManifestPlist() passed after 3.413 seconds.
✔ Test countedSetBasicFunctionality() passed after 3.413 seconds.
✔ Test assetPackOutputSpecificationsPlist() passed after 3.437 seconds.
✔ Test onDemandResourcesPlist() passed after 3.437 seconds.
✔ Test aggregateTargetDependencies() passed after 3.445 seconds.
✔ Test documentationCatalogPIFFileReferenceFileType() passed after 3.454 seconds.
✔ Test minimumDistance() passed after 3.454 seconds.
✔ Test oDRAssetPackInfo() passed after 3.486 seconds.
✔ Test debian() passed after 3.486 seconds.
✔ Test transitiveClosureDupes() passed after 3.486 seconds.
✔ Test transitiveClosure() passed after 3.486 seconds.
✔ Test shortestPath() passed after 3.488 seconds.
✔ Test unsupportedVersions() passed after 3.488 seconds.
✔ Test deterministicPlatformFilterSerialization() passed after 3.502 seconds.
✔ Test assertMatchStringLists() passed after 3.502 seconds.
✔ Test intFormat() passed after 3.502 seconds.
✔ Test abis_r26_3() passed after 3.503 seconds.
✔ Test exitStatus() passed after 3.502 seconds.
✔ Test toOrdinal() passed after 3.502 seconds.
✔ Test abis_r27() passed after 3.503 seconds.
✔ Test streamOperator() passed after 3.506 seconds.
✔ Test basics() passed after 3.512 seconds.
✔ Test jSONEncoding() passed after 3.518 seconds.
✔ Test formattedOutput() passed after 3.518 seconds.
✔ Test backslashInBothConditionAndRHS() passed after 3.518 seconds.
✔ Test parseControlCharacters() passed after 3.518 seconds.
✔ Test ensureOldSingleLineBehavior() passed after 3.518 seconds.
✔ Test parserProvidesLocationInformation() passed after 3.518 seconds.
✔ Test macroSimpleConfigFileParsing() passed after 3.518 seconds.
✔ Test lineCntInsideDollarParen() passed after 3.518 seconds.
✔ Test multiline() passed after 3.518 seconds.
✔ Test nonterminalBackslash() passed after 3.518 seconds.
✔ Test basicMultilineExample() passed after 3.518 seconds.
✔ Test backslashInConditions() passed after 3.521 seconds.
✔ Test terminatingBackslashInsideStringLiteral() passed after 3.529 seconds.
✔ Test localizationInputFileGroupingStrategy() passed after 3.529 seconds.
✔ Test terminatingBackslashInsideEmptyLine() passed after 3.529 seconds.
✔ Test imageScaleFactorsInputFileGroupingStrategy() passed after 3.536 seconds.
✔ Test loadingPlugin() passed after 3.545 seconds.
✔ Test finalLineAndColumnTracking() passed after 3.542 seconds.
✔ Test CASBasics() passed after 3.552 seconds.
✔ Test actionCacheBasics() passed after 3.552 seconds.
✔ Suite StaticLinuxSDKIntegrationTests passed after 3.582 seconds.
✔ Test macroNameParsing() passed after 3.583 seconds.
✔ Suite DriverKitTaskConstructionTests passed after 3.609 seconds.
✔ Test interfaceBuilderCompilerOutputParser() passed after 3.583 seconds.
✔ Test hashable() passed after 3.583 seconds.
✔ Test accessors() passed after 3.583 seconds.
✔ Test assetCatalogCompilerOutputParser() passed after 3.583 seconds.
✔ Test basics() passed after 3.583 seconds.
✔ Test variations() passed after 3.583 seconds.
✔ Test stringComparable() passed after 3.583 seconds.
✔ Test stringCatalogCompilerOutputParser() passed after 3.583 seconds.
✔ Test hasPrefix() passed after 3.583 seconds.
✔ Test findInstallations() passed after 3.583 seconds.
✔ Test byteStreamable() passed after 3.583 seconds.
✔ Test contains() passed after 3.583 seconds.
✔ Test description() passed after 3.583 seconds.
✔ Test numbers() passed after 3.583 seconds.
✔ Test initializers() passed after 3.583 seconds.
✔ Test getOrInsert() passed after 3.589 seconds.
✔ Test environmentDiffs() passed after 3.589 seconds.
✔ Test macroStringListExpressionParsing_Empty() passed after 3.590 seconds.
✔ Test stringDiffs() passed after 3.590 seconds.
✔ Test macroStringListExpressionParsing_WhitespaceOnly() passed after 3.590 seconds.
✔ Test addContentsOf() passed after 3.590 seconds.
✔ Test stringListDiffs() passed after 3.590 seconds.
✔ Test hasSuffix() passed after 3.591 seconds.
✔ Test basics() passed after 3.595 seconds.
✔ Test prependPath() passed after 3.595 seconds.
✔ Test compactMapValues() passed after 3.601 seconds.
✔ Test initDictionaryFromSelf() passed after 3.601 seconds.
✔ Test contains() passed after 3.601 seconds.
✔ Test collection() passed after 3.601 seconds.
✔ Test asStringEvaluation() passed after 3.601 seconds.
✔ Test macroStringListExpressionParsing_SimpleTests() passed after 3.601 seconds.
✔ Test value() passed after 3.602 seconds.
✔ Test expressibleByDictionaryLiteral() passed after 3.609 seconds.
✔ Test macroStringListExpressionParsing_Quoting() passed after 3.610 seconds.
✔ Test subscript() passed after 3.610 seconds.
✔ Test asString() passed after 3.614 seconds.
✔ Test simpleEvaluation() passed after 3.614 seconds.
✔ Test emptyEvaluation() passed after 3.614 seconds.
✔ Test initSelfFromDictionary() passed after 3.614 seconds.
✔ Test appendPath() passed after 3.614 seconds.
✔ Test filterKeys() passed after 3.614 seconds.
✔ Test computedMacroTogglingAsStringFlag() passed after 3.614 seconds.
✔ Test encodable() passed after 3.614 seconds.
✔ Test description() passed after 3.614 seconds.
✔ Test equatable() passed after 3.614 seconds.
✔ Test equality() passed after 3.614 seconds.
━ Test typeCoercion() passed after 3.614 seconds with 1 known issue.
✔ Test combingGraphemeClusters() passed after 3.614 seconds.
✔ Test resMergerLinkerTaskConstruction() passed after 3.615 seconds.
✔ Test edgeCases() passed after 3.614 seconds.
✔ Test macroNamespaceInheritance() passed after 3.614 seconds.
✔ Test basicInheritance() passed after 3.614 seconds.
✔ Test macroDeclarations() passed after 3.615 seconds.
✔ Test macroExpressionEquality() passed after 3.616 seconds.
✔ Test decodable() passed after 3.618 seconds.
✔ Test empty() passed after 3.618 seconds.
✔ Test propertyListValueStringList() passed after 3.645 seconds.
✔ Test macroResultBuilderNormalizationAndBridging() passed after 3.648 seconds.
✔ Test propertyListValueString() passed after 3.648 seconds.
✔ Test deepNamespaceHierarchy() passed after 3.648 seconds.
✔ Test c99ExtIdentifierOperator() passed after 3.648 seconds.
✔ Test propertyListValueUserDefinedProducesNil() passed after 3.648 seconds.
✔ Test listsAsStringListParsing() passed after 3.649 seconds.
✔ Test propertyListValueEnum() passed after 3.648 seconds.
✔ Test serializationDoesNotContainUnstableHash() passed after 3.648 seconds.
✔ Test basicInheritance() passed after 3.649 seconds.
✔ Test operators() passed after 3.650 seconds.
✔ Test unknownReplacementOperator() passed after 3.662 seconds.
✔ Test macroExpressionCreation() passed after 3.662 seconds.
✔ Test lookupWithEmptyMacro() passed after 3.668 seconds.
✔ Test evaluationOverrides() passed after 3.668 seconds.
✔ Test interleavedInheritance() passed after 3.668 seconds.
✔ Test unknownOperator() passed after 3.668 seconds.
✔ Test simpleEvaluation() passed after 3.668 seconds.
✔ Test unicodeEvaluation() passed after 3.669 seconds.
✔ Test macroNameEvaluation() passed after 3.669 seconds.
✔ Test replacementOperators() passed after 3.669 seconds.
✔ Test defaultReplacementOperator() passed after 3.669 seconds.
✔ Test propertyListValueBoolean() passed after 3.671 seconds.
✔ Test undefinedMacrosEvaluation() passed after 3.671 seconds.
✔ Test construction() passed after 3.677 seconds.
✔ Test isAncestorReplacementOperator() passed after 3.694 seconds.
✔ Test relativeToReplacementOperator() passed after 3.694 seconds.
✔ Test originalMacroPreservation() passed after 3.699 seconds.
✔ Test conditions() passed after 3.709 seconds.
✔ Test deeplyNestedEvaluation() passed after 3.709 seconds.
✔ Test CSVEscaping() passed after 3.712 seconds.
✔ Test macroStringExpressionParsing_SimpleSubstitutions() passed after 3.725 seconds.
✔ Test macroStringExpressionParsing_InterestingCases() passed after 3.725 seconds.
✔ Test CSVStream() passed after 3.725 seconds.
✔ Test toolchainLoading() passed after 3.737 seconds.
✔ Test basicEncoding() passed after 3.742 seconds.
✔ Test platformLoading_watchOS() passed after 3.742 seconds.
✔ Test platformLoading_iOS() passed after 3.741 seconds.
✔ Test simplePathListMacros() passed after 3.742 seconds.
✔ Test corePaths() passed after 3.742 seconds.
✔ Test platformLoading_macOS() passed after 3.742 seconds.
✔ Test simplePathMacros() passed after 3.743 seconds.
✔ Test platformLoading_tvOS() passed after 3.742 seconds.
✔ Test serialization() passed after 3.744 seconds.
✔ Test pathOrderedSetWithDuplicateAndPreserveFirstOccurrence() passed after 3.744 seconds.
✔ Test parseTableWithConditions() passed after 3.744 seconds.
✔ Test macroStringExpressionParsing_SimpleLiterals() passed after 3.744 seconds.
✔ Test macroStringExpressionParsing_Operators() passed after 3.744 seconds.
✔ Test macroTypeParsing() passed after 3.744 seconds.
✔ Test normalizedUnversionedTripleConditionBasicMatching() passed after 3.745 seconds.
✔ Test serializationWithUnknownDiagnosticLocation() passed after 3.745 seconds.
✔ Test filenameMap() passed after 3.759 seconds.
✔ Suite DriverKitBuildOperationTests passed after 3.791 seconds.
✔ Test simpleBuildSettingConditionExpressions() passed after 3.768 seconds.
✔ Test parseTable() passed after 3.769 seconds.
✔ Test constantConditionExpressions() passed after 3.769 seconds.
✔ Test otherConditionExpressions() passed after 3.771 seconds.
✔ Test unaryConditionExpressions() passed after 3.772 seconds.
✔ Test ternaryConditionExpressions() passed after 3.773 seconds.
✔ Test logicalConditionExpressions() passed after 3.773 seconds.
✔ Test erroneousConditionExpressions() passed after 3.773 seconds.
✔ Test equalityConditionExpressions() passed after 3.773 seconds.
✔ Test basicEncoding() passed after 3.776 seconds.
✔ Test groupTreePaths() passed after 3.774 seconds.
✔ Test sourceRootToProjectDir() passed after 3.774 seconds.
✔ Test nullSourceTree() passed after 3.774 seconds.
✔ Test productReference() passed after 3.774 seconds.
✔ Test emptySourceTree() passed after 3.774 seconds.
✔ Test dotDotEmbeddedInFileReferencePath() passed after 3.774 seconds.
✔ Test undefinedSourceTree() passed after 3.774 seconds.
✔ Test findingLibraryReturnsNilForUnsupportedArchitecture() passed after 3.774 seconds.
✔ Test absolutePath() passed after 3.774 seconds.
✔ Test findingLinuxLibraryFallsBackFromGNUVariantToNoVariant() passed after 3.774 seconds.
✔ Test relativeSourceTree() passed after 3.774 seconds.
✔ Test xcodebuildInvocation() passed after 3.774 seconds.
✔ Test findingLinuxLibraryPrefersMatchingArchitecture() passed after 3.774 seconds.
✔ Test findingXCFrameworkLibrary() passed after 3.774 seconds.
✔ Test multipleFrameworks() passed after 3.774 seconds.
✔ Test XCFrameworkValidationErrors() passed after 3.774 seconds.
✔ Test singleFramework() passed after 3.774 seconds.
✔ Test relativeAndAbsolutePaths() passed after 3.774 seconds.
✔ Test singleLibrary() passed after 3.774 seconds.
✔ Test parseWithNoErrors() passed after 3.773 seconds.
✔ Test singleLibraryWithHeaders() passed after 3.774 seconds.
✔ Test XCFrameworkParsingErrors() passed after 3.775 seconds.
✔ Test buildSettingEmbeddedInPath() passed after 3.774 seconds.
✔ Test basicEncoding() passed after 3.774 seconds.
✔ Test dotDotEmbeddedInFileGroupPath() passed after 3.775 seconds.
✔ Test valueSanitation() passed after 3.775 seconds.
✔ Test deriveVersion() passed after 3.775 seconds.
✔ Test multipleLibrariesWithHeaders() passed after 3.775 seconds.
✔ Test macroEvaluationScopeSerialization() passed after 3.775 seconds.
✔ Test deriveDisplayName() passed after 3.775 seconds.
✔ Test roundTripEncoding() passed after 3.776 seconds.
✔ Test basicEncoding() passed after 3.774 seconds.
✔ Test loadingExternalTarget() passed after 3.774 seconds.
✔ Test loadingBuildRule() passed after 3.774 seconds.
✔ Test loadingVersionGroupNoChildren() passed after 3.774 seconds.
✔ Test deriveAliases() passed after 3.774 seconds.
✔ Test loadingBuildPhase() passed after 3.774 seconds.
✔ Test loadingFileGroup() passed after 3.774 seconds.
✔ Test loadingVersionGroup() passed after 3.774 seconds.
✔ Test loadingBuildConfiguration() passed after 3.774 seconds.
✔ Test loadingBuildFile_targetReference() passed after 3.774 seconds.
✔ Test loadingProject() passed after 3.774 seconds.
✔ Test loadingVariantGroup() passed after 3.774 seconds.
✔ Test loadingBuildFile_fileReference() passed after 3.774 seconds.
✔ Test loadingWorkspace() passed after 3.774 seconds.
✔ Suite RealityAssetsTaskConstructionTests passed after 3.807 seconds.
✔ Test loadingFileReference() passed after 3.774 seconds.
✔ Test basicEncoding() passed after 3.774 seconds.
✔ Test loadingIndirect() passed after 3.774 seconds.
✔ Test basicEncoding() passed after 3.773 seconds.
✔ Test loadingStandardTarget() passed after 3.774 seconds.
✔ Test basics() passed after 3.773 seconds.
✔ Suite DriverKitTests passed after 3.807 seconds.
✔ Test subregistryNames() passed after 3.781 seconds.
✔ Test computeBundleIdentifierForTestRunner() passed after 3.781 seconds.
✔ Test loadingAggregateTarget() passed after 3.781 seconds.
✔ Test header() passed after 3.781 seconds.
✔ Test decoding() passed after 3.780 seconds.
✔ Test encodings() passed after 3.780 seconds.
✔ Test computeBundleIdentifier() passed after 3.781 seconds.
✔ Test BOMBytes() passed after 3.780 seconds.
✔ Test encoding() passed after 3.780 seconds.
✔ Test equivalence() passed after 3.779 seconds.
✔ Test XCFrameworkCommandForArchive() passed after 3.779 seconds.
✔ Test basicEncoding() passed after 3.778 seconds.
✔ Test basicEncoding() passed after 3.777 seconds.
✔ Test unknownBuildSettings() passed after 3.783 seconds.
✔ Test basicEncoding() passed after 3.783 seconds.
✔ Test parseValueForKeyAsBool() passed after 3.785 seconds.
✔ Test pIFSchemaVersionParsing() passed after 3.785 seconds.
✔ Test parseValueForKeyAsArrayOfPropertyListItems() passed after 3.785 seconds.
✔ Test parseValueForKeyAsString() passed after 3.785 seconds.
✔ Test fileEncoding() passed after 3.785 seconds.
✔ Test basicAggregateTargetEncoding() passed after 3.785 seconds.
✔ Test parseValueForKeyAsProjectModelItem() passed after 3.785 seconds.
✔ Test relativeToRoot() passed after 3.785 seconds.
✔ Test parseValueForKeyAsOptionalProjectModelItem() passed after 3.785 seconds.
✔ Test includedAndExcluded() passed after 3.785 seconds.
✔ Test parseValueForKeyAsPIFDictionary() passed after 3.785 seconds.
✔ Test parseValueForKeyAsArrayOfStrings() passed after 3.785 seconds.
✔ Test badFrameworkModules() passed after 3.784 seconds.
✔ Test parseValueForKeyAsArrayOfProjectModelItems() passed after 3.785 seconds.
✔ Test parseValueForKeyAsOptionalArrayOfProjectModelItems() passed after 3.785 seconds.
✔ Test groupEncoding() passed after 3.785 seconds.
✔ Test deterministicPlatformFilterEncoding() passed after 3.784 seconds.
✔ Test doesNotMatchWhenEnvironmentDiffers() passed after 3.784 seconds.
✔ Test onlyExclusionFiltersDoesNotMatchExcludedPlatform() passed after 3.784 seconds.
✔ Test notExcludedWhenExclusionFilterTargetsDifferentPlatform() passed after 3.784 seconds.
✔ Test matchesSamePlatformInclusion() passed after 3.784 seconds.
✔ Test nilContextDoesNotMatchNonEmptyFilters() passed after 3.784 seconds.
✔ Test perfectFrameworkModules() passed after 3.785 seconds.
✔ Test nilContextMatchesEmptyFilters() passed after 3.784 seconds.
✔ Test emptyFiltersAlwaysMatch() passed after 3.784 seconds.
✔ Test basicTargetEncoding(_:) with 13 test cases passed after 3.785 seconds.
✔ Test moduleContents() passed after 3.785 seconds.
✔ Test samePlatformIncludedAndExcludedWithExcludeContext() passed after 3.784 seconds.
✔ Test excludeContextMatchesWhenNoneOfMultipleFiltersMatch() passed after 3.785 seconds.
✔ Test doesNotMatchAnyInclusionFilter() passed after 3.784 seconds.
✔ Test samePlatformIncludedAndExcludedRejectsMatchingContext() passed after 3.784 seconds.
✔ Test samePlatformIncludedAndExcludedOtherPlatformMatches() passed after 3.785 seconds.
✔ Test notExcludedWhenExclusionFilterEnvironmentDiffers() passed after 3.785 seconds.
✔ Test newFrameworkModules() passed after 3.785 seconds.
✔ Test samePlatformIncludedAndExcludedWithEnvironment() passed after 3.785 seconds.
✔ Test matchesOneOfMultipleInclusionFilters() passed after 3.784 seconds.
✔ Test onlyExclusionFiltersMatchesNonExcludedPlatform() passed after 3.784 seconds.
✔ Test allInputFilesGroupingStrategy() passed after 3.784 seconds.
✔ Test inclusionMatchNotExcluded() passed after 3.784 seconds.
✔ Test excludeContextDoesNotMatchWhenOneOfMultipleFiltersMatches() passed after 3.784 seconds.
✔ Test matchesPlatformAndEnvironment() passed after 3.784 seconds.
✔ Test commonFileBaseInputFileGroupingStrategy() passed after 3.784 seconds.
✔ Test inclusionMatchButAlsoExcluded() passed after 3.784 seconds.
✔ Test excludeContextDoesNotMatchWhenPlatformAndEnvironmentInFilters() passed after 3.784 seconds.
✔ Test excludeContextMatchesWhenPlatformNotInFilters() passed after 3.784 seconds.
✔ Test samePlatformIncludedAndExcludedRejectsNonMatchingContext() passed after 3.784 seconds.
✔ Test excludeContextAgainstExclusionFilterSamePlatform() passed after 3.784 seconds.
✔ Test someContextDelegatesToWrappedValue() passed after 3.784 seconds.
✔ Test missingArgument() passed after 3.784 seconds.
✔ Test atLeastOneLibrary() passed after 3.784 seconds.
✔ Test doesNotMatchDifferentPlatformInclusion() passed after 3.784 seconds.
✔ Test excludeContextMatchesWhenEnvironmentDiffers() passed after 3.784 seconds.
✔ Test excludeContextDoesNotMatchWhenPlatformInFilters() passed after 3.784 seconds.
✔ Test mixingLibraryTypes() passed after 3.784 seconds.
✔ Test emptyFiltersMatchWithExcludeContext() passed after 3.784 seconds.
✔ Test excludedAndPrivateHeaders() passed after 3.785 seconds.
✔ Test invalidArgument() passed after 3.784 seconds.
✔ Test excludedByExclusionFilter() passed after 3.784 seconds.
✔ Test loadingInlineProjectReference() passed after 3.784 seconds.
✔ Test doesNotMatchWhenPlatformMatchesButEnvironmentDiffers() passed after 3.784 seconds.
✔ Test invalidOutputName() passed after 3.784 seconds.
✔ Test excludeContextAgainstExclusionFilterDifferentPlatform() passed after 3.784 seconds.
✔ Test excludedByEnvironmentSpecificExclusionFilter() passed after 3.784 seconds.
✔ Test invalidHeadersFlag() passed after 3.784 seconds.
✔ Test androidFilters() passed after 3.785 seconds.
✔ Test loadingInlineTargetReference() passed after 3.784 seconds.
✔ Test noInclusionMatchAndNotExcluded() passed after 3.785 seconds.
✔ Test invalidHeadersFlagPosition() passed after 3.784 seconds.
✔ Test basicEncoding() passed after 3.784 seconds.
✔ Test macroEvaluationInPropertyLists() passed after 3.784 seconds.
✔ Test missingOutput() passed after 3.784 seconds.
✔ Test targets() passed after 3.784 seconds.
✔ Test badTargets() passed after 3.783 seconds.
✔ Test loadingInlineWorkspaceReference() passed after 3.784 seconds.
✔ Test multipleOutputs() passed after 3.785 seconds.
✔ Test basicEncoding() passed after 3.788 seconds.
✔ Test macroEvaluationInPropertyListsPreservingSettings() passed after 3.785 seconds.
✔ Test serializable() passed after 3.821 seconds.
✔ Test basics() passed after 3.785 seconds.
✔ Test entryLimit() passed after 3.787 seconds.
✔ Test manifestStructure() passed after 3.969 seconds.
✔ Suite CopyPlistTaskTests passed after 3.979 seconds.
✔ Test manifestWithDeviceAgnosticEnabled() passed after 3.969 seconds.
✔ Suite StaticTests passed after 3.979 seconds.
✔ Suite EnvironmentKeyTests passed after 3.979 seconds.
✔ Suite OrderedSetTests passed after 3.979 seconds.
✔ Test manifestWithDeviceAgnosticDisabled() passed after 3.969 seconds.
✔ Suite RegisterExecutionPolicyExceptionTaskActionTests passed after 3.979 seconds.
✔ Suite SwiftHeaderToolTaskActionTests passed after 3.979 seconds.
✔ Suite CopyStringsFileTaskTests passed after 3.979 seconds.
✔ Suite ConcatenateTaskTests passed after 3.979 seconds.
✔ Suite ProcessProductEntitlementsTaskTests passed after 3.979 seconds.
✔ Suite PathTestsPlatformSpecific passed after 3.979 seconds.
✔ Suite DependencyInfoTests passed after 3.979 seconds.
✔ Test errors() passed after 3.972 seconds.
✔ Suite AuxiliaryFileTaskTests passed after 3.982 seconds.
✔ Suite ArchitectureTests passed after 3.982 seconds.
✔ Suite RegistryTests passed after 3.982 seconds.
✔ Suite ObjectLibraryAssemblerTaskActionTests passed after 3.984 seconds.
✔ Suite ClangModuleVerifierTaskTests passed after 3.984 seconds.
✔ Test threadSafety() passed after 3.972 seconds.
✔ Suite FileCopyTaskTests passed after 3.984 seconds.
✔ Suite ProcessProductEntitlementsTaskActionTests passed after 3.985 seconds.
✔ Test lazyCache() passed after 3.973 seconds.
✔ Suite InfoPlistProcessorTaskTests passed after 3.985 seconds.
✔ Test manifestWithDeviceAgnosticDefault() passed after 3.980 seconds.
✔ Suite PropertyListTests passed after 3.990 seconds.
✔ Suite HeadermapTests passed after 4.006 seconds.
✔ Test scopedKeepAliveCacheConcurrent() passed after 3.997 seconds.
✔ Suite CreateBuildDirectoryTaskActionTests passed after 4.008 seconds.
✔ Suite ProcessProductProvisioningProfileTaskTests passed after 4.038 seconds.
✔ Suite VFSTests passed after 4.048 seconds.
✔ Suite TestValidateProductTaskAction passed after 4.049 seconds.
✔ Suite FnmatchTests passed after 4.100 seconds.
✔ Test usageParallel() passed after 4.088 seconds.
✔ Suite VersionTests passed after 4.178 seconds.
✔ Suite MathTests passed after 4.239 seconds.
✔ Suite LLBuildTests passed after 4.245 seconds.
✔ Suite StringTests passed after 4.251 seconds.
✔ Test TTL_accessRefresh() passed after 4.236 seconds.
✔ Suite RateLimiterTests passed after 4.331 seconds.
✔ Suite LinuxDistributionTests passed after 4.383 seconds.
✔ Suite SWBProtocolUnexpectedTypecodeTests passed after 4.405 seconds.
✔ Suite FSProxyTests passed after 4.405 seconds.
✔ Suite MessageSerializationTests passed after 4.445 seconds.
✔ Suite RegExTests passed after 4.448 seconds.
✔ Suite ServiceCoreTests passed after 4.448 seconds.
✔ Suite ArrayTests passed after 4.459 seconds.
✔ Suite PathTests passed after 4.464 seconds.
✔ Suite ImageFormatTests passed after 4.473 seconds.
✔ Suite ElapsedTimerTests passed after 4.493 seconds.
✔ Suite TAPIFileListTests passed after 4.528 seconds.
✔ Test multipleWaiters() passed after 4.528 seconds.
✔ Suite LineReaderTests passed after 4.557 seconds.
✔ Suite ResponseFileTests passed after 4.557 seconds.
✔ Test cancellation() passed after 4.543 seconds.
✔ Suite LLVMTripleTests passed after 4.563 seconds.
✔ Suite NumericArrayTests passed after 4.605 seconds.
✔ Suite ArgumentSplittingTests passed after 4.643 seconds.
✔ Suite MsgPackSerializationTests passed after 4.658 seconds.
✔ Suite UserDefaultsTests passed after 4.666 seconds.
✔ Suite QueueTests passed after 4.672 seconds.
✔ Suite CountedSetTests passed after 4.702 seconds.
✔ Suite PIFSerializationTests passed after 4.721 seconds.
✔ Suite GraphAlgorithmsTests passed after 4.730 seconds.
✔ Suite AndroidNDKTests passed after 4.745 seconds.
✔ Suite AssertionTests passed after 4.760 seconds.
✔ Suite IntTests passed after 4.761 seconds.
✔ Suite OutputByteStreamTests passed after 4.777 seconds.
✔ Suite MacroConfigFileParsingTests passed after 4.808 seconds.
✔ Suite AppleInputFileGroupingStrategyTests passed after 4.824 seconds.
✔ Suite ToolchainCASPluginTests passed after 4.836 seconds.
✔ Test fileBasics() passed after 4.851 seconds.
✔ Suite MacroNameParsingTests passed after 4.884 seconds.
✔ Suite AppleCommandLineSpecTests passed after 4.884 seconds.
✔ Suite ByteStringTests passed after 4.884 seconds.
✔ Suite HashContextTests passed after 4.884 seconds.
✔ Suite AndroidSDKTests passed after 4.885 seconds.
✔ Suite DictionaryTests passed after 4.885 seconds.
✔ Suite CollectionDifferenceExtensionsTests passed after 4.890 seconds.
✔ Suite MacroStringListParsingTests passed after 4.890 seconds.
✔ Suite FlagPatternTests passed after 4.896 seconds.
✔ Suite EnvironmentTests passed after 4.896 seconds.
✔ Suite BuildCommandTests passed after 4.918 seconds.
✔ Suite MacroBasicTests passed after 4.918 seconds.
✔ Suite MacroPropertyListEvaluationTests passed after 5.027 seconds.
✔ Suite MacroStringEvaluationTests passed after 5.040 seconds.
✔ Suite BuildParametersTests passed after 5.040 seconds.
✔ Suite CSVTests passed after 5.102 seconds.
✔ Suite MacroStringParsingTests passed after 5.129 seconds.
✔ Suite PlatformFilterTests passed after 5.159 seconds.
✔ Suite MacroPathAndPathListEvaluationTests passed after 5.165 seconds.
✔ Suite DiagnosticsTests passed after 5.170 seconds.
✔ Suite MacroNamespaceTests passed after 5.170 seconds.
✔ Suite MacroConditionTripleTests passed after 5.170 seconds.
✔ Suite ModuleVerifierFilenameMapTests passed after 5.178 seconds.
✔ Suite MacroConditionExpressionTests passed after 5.187 seconds.
✔ Suite BuildConfigTests passed after 5.209 seconds.
✔ Suite FilePathResolverTests passed after 5.208 seconds.
✔ Suite XCFrameworkTests passed after 5.208 seconds.
✔ Suite XCFrameworkCreationParsingTests passed after 5.209 seconds.
✔ Suite XCFrameworkInfoPlistv1ParsingTests passed after 5.209 seconds.
✔ Suite BuildFileTests passed after 5.212 seconds.
✔ Suite ImpartedBuildPropertiesTests passed after 5.228 seconds.
✔ Suite PIFLoadingUnitTests passed after 5.228 seconds.
✔ Suite SandboxingOverrideTests passed after 5.228 seconds.
✔ Suite TargetDependencyTests passed after 5.228 seconds.
✔ Suite PlannedNodeTests passed after 5.229 seconds.
✔ Suite ModuleVerifierHeaderTests passed after 5.228 seconds.
✔ Suite FileTextEncodingTests passed after 5.228 seconds.
✔ Suite BuildPhasesTests passed after 5.228 seconds.
✔ Suite BuildRuleTests passed after 5.228 seconds.
✔ Suite BuildSettingsTests passed after 5.239 seconds.
✔ Suite ProjectTests passed after 5.239 seconds.
✔ Suite ProjectModelItemUnitTests passed after 5.239 seconds.
✔ Suite ReferencesTests passed after 5.239 seconds.
✔ Suite TargetsTests passed after 5.239 seconds.
✔ Suite ModuleVerifierModuleMapTests passed after 5.239 seconds.
✔ Suite PlatformFilteringTests passed after 5.239 seconds.
✔ Suite InputFileGroupingStrategyTests passed after 5.239 seconds.
✔ Suite XCFrameworkCreationParsingErrorsTests passed after 5.239 seconds.
✔ Suite PIFInlineLoadingTests passed after 5.241 seconds.
✔ Suite MacroEvaluationExtensionsTests passed after 5.241 seconds.
✔ Suite CustomTaskTests passed after 5.241 seconds.
✔ Suite ModuleVerifierTargetTests passed after 5.241 seconds.
✔ Suite StatisticsTests passed after 6.314 seconds.
✔ Suite ScopedKeepAliveCacheTests passed after 6.333 seconds.
✔ Test TTL_after() passed after 6.337 seconds.
✔ Test TTL_initial() passed after 6.337 seconds.
✔ Suite WaitConditionTests passed after 6.366 seconds.
✔ Test buildStringList() passed after 6.389 seconds.
◇ Test brokenCache() started.
✔ Test mutatedInputOrderingStability() passed after 6.471 seconds.
━ Suite MacroStringListEvaluationTests passed after 6.716 seconds with 1 known issue.
✔ Test extensionsHaveStableOrdering() passed after 6.700 seconds.
✔ Test brokenCache() passed after 0.287 seconds.
✔ Test extensionsHaveStableOrderingAfterFreezing() passed after 6.789 seconds.
✔ Test skipBuildSetting() passed after 6.903 seconds.
✔ Suite PluginManagerTests passed after 6.982 seconds.
✔ Test directoryBasics() passed after 7.037 seconds.
✔ Test symlinkBasics() passed after 7.038 seconds.
◇ Test persistence() started.
✔ Suite CASFSNodeTests passed after 7.079 seconds.
✔ Test persistence() passed after 0.034 seconds.
✔ Test buildRequestScopeRemovingInteriorTarget() passed after 7.086 seconds.
◇ Test projectReferences() started.
✔ Test interiorTargetRemovalDoesNotAffectSpecialization() passed after 7.100 seconds.
✔ Test projectReferences() passed after 0.011 seconds.
✔ Test lazyKeyValueCache() passed after 7.120 seconds.
✔ Suite IncrementalPIFLoadingTests passed after 7.130 seconds.
✔ Suite LazyCacheTests passed after 7.134 seconds.
✔ Test buildRequestScopeBasics() passed after 7.104 seconds.
✔ Test buildRequestScopeWithPackages() passed after 7.110 seconds.
✔ Test SDKBuildVersionPlatform_macOS() passed after 7.120 seconds.
✔ Test buildRequestScopeRemovingGroupOfInteriorTargets() passed after 7.133 seconds.
✔ Test SDKBuildVersionPlatform_tvOS() passed after 7.147 seconds.
✔ Test SDKBuildVersionPlatform_watchOS() passed after 7.147 seconds.
✔ Test buildRequestScopeRemovingImplicitAndExplicitDependencies() passed after 7.157 seconds.
✔ Suite DependencyScopingTests passed after 7.187 seconds.
✔ Test SDKBuildVersionPlatform_iOS() passed after 7.168 seconds.
✔ Test privateOnlyPublicModuleFramework() passed after 7.418 seconds.
✔ Test perfectFramework() passed after 7.426 seconds.
✔ Test headerIncludes() passed after 7.446 seconds.
✔ Test privateOnlyPublicPrivateModule() passed after 7.456 seconds.
✔ Test badFramework() passed after 7.465 seconds.
✔ Test parsingDiagnosticsFile() passed after 7.474 seconds.
✔ Suite DocumentationDiagnosticsOutputParserTests passed after 7.513 seconds.
✔ Test newFramework() passed after 7.499 seconds.
✔ Suite ModuleVerifierFrameworkTests passed after 7.539 seconds.
✔ Test implicitDependencyPlatformFiltering() passed after 7.513 seconds.
✔ Test skipCopyIfContentsEqual() passed after 7.577 seconds.
✔ Test packagesDoNotConsiderImplicitDependencies() passed after 7.570 seconds.
✔ Test ambiguousImplicitDependency() passed after 7.607 seconds.
✔ Test implicitDependencyStemMatching() passed after 7.621 seconds.
✔ Test appAndFramework() passed after 7.621 seconds.
✔ Test selfDependency() passed after 7.623 seconds.
✔ Test architectureMatching() passed after 7.623 seconds.
✔ Test appAndEmbeddedProducts() passed after 7.632 seconds.
✔ Test implicitDependenciesUseOverridingParameters() passed after 7.648 seconds.
✔ Test supportedPlatformsFilter() passed after 7.655 seconds.
✔ Test LRU() passed after 7.676 seconds.
✔ Test basics() passed after 7.681 seconds.
✔ Test basics() passed after 7.676 seconds.
✔ Test implicitDependencySkippingIneligible() passed after 7.657 seconds.
✔ Test implicitDependencySkipping() passed after 7.658 seconds.
✔ Suite HeavyCacheTests passed after 7.695 seconds.
✔ Suite CacheTests passed after 7.699 seconds.
✔ Test multipleToolsets() passed after 7.667 seconds.
✔ Test SDKVariantMatching() passed after 7.668 seconds.
✔ Test platformMatching() passed after 7.669 seconds.
✔ Test implicitDependencyMixedStemMatching() passed after 7.723 seconds.
✔ Test toolsetBasics() passed after 7.725 seconds.
✔ Test appAndBundle() passed after 7.766 seconds.
✔ Test implicitDependenciesHonorExcludedSourceFileNames() passed after 7.774 seconds.
✔ Test unsupportedSchemaVersion() passed after 7.799 seconds.
✔ Test basicProjectSettingsSerialization() passed after 7.807 seconds.
✔ Suite SerializationTests passed after 7.845 seconds.
✔ Test implicitDependenciesWithNameCollisionOnPackageTarget() passed after 7.817 seconds.
✔ Test disambiguatedImplicitDependency() passed after 7.898 seconds.
✔ Test consistentlyUseParametersFromBuildRequest() passed after 7.923 seconds.
✔ Test implicitDependenciesUseOtherLinkerFlags() passed after 7.944 seconds.
✔ Test specLookup() passed after 7.958 seconds.
✔ Test infoPlistKeyConfigurations() passed after 7.965 seconds.
✔ Test noDuplicatedIdentifiersFindingProxiesIncludingInheritedDomains() passed after 7.968 seconds.
✔ Test specScanning() passed after 7.970 seconds.
✔ Test lookupEntitlementsFilePath() passed after 7.975 seconds.
✔ Test specFindInSubregistry() passed after 7.987 seconds.
✔ Test specParsing() passed after 7.992 seconds.
✔ Test basics() passed after 7.996 seconds.
✔ Suite FileToBuildTests passed after 8.033 seconds.
✔ Test provisioningStyle() passed after 8.024 seconds.
✔ Test builtinSettingsNoErrors() passed after 8.085 seconds.
✔ Test executablePaths() passed after 8.106 seconds.
✔ Test basics() passed after 8.132 seconds.
✔ Suite WorkspaceHeaderIndexTests passed after 8.175 seconds.
✔ Test compatArchs() passed after 8.166 seconds.
✔ Test codelessBundles() passed after 8.370 seconds.
✔ Test friendlyErrorMessageForFrameworkNotExisting() passed after 8.521 seconds.
✔ Test noDiagnosticForMultipleScriptRulesMatchedToSameInput() passed after 8.722 seconds.
✔ Test diagnosticForDisambiguatingMultipleScriptRulesMatchedToSameInput() passed after 8.725 seconds.
✔ Test noDiagnosticForMultipleScriptRulesMatchedToSameInputAtDifferentLevels() passed after 8.745 seconds.
✔ Test fileTypeLookupByDialect() passed after 8.763 seconds.
✔ Test friendlyErrorMessageForLibraryHeadersNotExisting() passed after 8.786 seconds.
✔ Test clangCompileTaskConstruction() passed after 8.925 seconds.
✔ Test basicRuleLookup() passed after 8.962 seconds.
✔ Test friendlyErrorMessageForLibraryNotExisting() passed after 8.968 seconds.
✔ Suite BuildRuleTests passed after 9.010 seconds.
✔ Test workspaceWithProject() passed after 9.010 seconds.
✔ Test touchTaskConstruction() passed after 9.031 seconds.
✔ Test linkerBuildSettings() passed after 9.097 seconds.
✔ Test linkerTaskConstruction() passed after 9.128 seconds.
✔ Test shellScriptOutputParser() passed after 9.142 seconds.
✔ Test clangCompileTaskConstructionWithCXX20ModulesDisabled() passed after 9.200 seconds.
✔ Test stripTaskConstruction() passed after 9.234 seconds.
✔ Test swiftStdlibTool() passed after 9.238 seconds.
✔ Test copyTaskConstruction() passed after 9.283 seconds.
✔ Test linkerAdHocSigningOptions() passed after 9.306 seconds.
✔ Test additionalLinkerArgs() passed after 9.368 seconds.
✔ Test clangCompileTaskConstructionWithCXXModulesDisabled() passed after 9.375 seconds.
✔ Test ldLinkerOutputParser() passed after 9.386 seconds.
✔ Test linkerPathOverrides() passed after 9.386 seconds.
✔ Test clangDepscanPrefixMap() passed after 9.387 seconds.
✔ Test dsymutilTaskConstruction() passed after 9.390 seconds.
✔ Test compilerPathOverrides() passed after 9.449 seconds.
✔ Test genericOutputParser() passed after 9.465 seconds.
✔ Test cCompilerLauncher() passed after 9.473 seconds.
✔ Test clangCompileWithPrefixHeaderTaskConstruction() passed after 9.485 seconds.
✔ Test mkdirTaskConstruction() passed after 9.485 seconds.
✔ Test cppLanguageStandard() passed after 9.509 seconds.
✔ Test symlinkTaskConstruction() passed after 9.525 seconds.
✔ Test basics() passed after 9.526 seconds.
✔ Test workspaceDiagnostics() passed after 9.534 seconds.
✔ Suite FileToBuildGroupTests passed after 9.573 seconds.
✔ Suite PIFLoadingFunctionalTests passed after 9.579 seconds.
✔ Test potentialOverride() passed after 9.555 seconds.
✔ Suite DependencyResolutionSupportTests passed after 9.606 seconds.
✔ Test sameWorkspace() passed after 9.588 seconds.
✔ Test mismatchedSDKRoot() passed after 9.596 seconds.
✔ Test productTypeSpecLoadingClassAssociations_iOS() passed after 9.607 seconds.
✔ Test archSpecLoading() passed after 9.621 seconds.
✔ Test productTypeSpecLoadingClassAssociations_watchOS() passed after 9.626 seconds.
✔ Test linkerSpecLoading() passed after 9.626 seconds.
✔ Test productTypeSpecLoadingClassAssociations_tvOS() passed after 9.632 seconds.
✔ Test environmentVariableConsistentOrdering() passed after 9.632 seconds.
✔ Test catalystDoesNotBreakOnlyActiveArch() passed after 9.642 seconds.
✔ Test concreteCompilerSpecLoading() passed after 9.644 seconds.
✔ Test specDomainInversion() passed after 9.652 seconds.
✔ Test specLoading() passed after 9.673 seconds.
✔ Test productTypeSpecLoadingClassAssociations_macOS() passed after 9.702 seconds.
✔ Test executionDescription() passed after 9.711 seconds.
✔ Test messageBehaviors() passed after 9.711 seconds.
✔ Test unexpectedOutput() passed after 9.717 seconds.
✔ Test multipleDiagnosticOutputSubtask() passed after 9.719 seconds.
✔ Test missingExplicitDependency() passed after 9.573 seconds.
✔ Test excludedExplicitDependency() passed after 9.767 seconds.
✔ Test specializationWithCommandLineOverridesV2() passed after 9.730 seconds.
✔ Test implicitDependencyDoesNotShadowPackageProductDependency() passed after 9.826 seconds.
✔ Test twoAppsAFrameworkAndDifferentBuildParameters() passed after 9.810 seconds.
✔ Test macCatalystSpecialization() passed after 9.866 seconds.
✔ Test packageProductBasedSpecialization() passed after 9.841 seconds.
✔ Test hostToolDependencies() passed after 10.200 seconds.
✔ Test twoAppsAndAFramework() passed after 9.873 seconds.
✔ Test packageProductBasedSpecializationUniquing() passed after 9.921 seconds.
✔ Test specialization_SingleTopLevelTarget_SpecializedLeafFramework_macOS() passed after 9.912 seconds.
✔ Test specialization_DependenciesOfSpecializedFrameworksAreNotSpecialized() passed after 9.988 seconds.
✔ Test platformSpecializationWithOverrides() passed after 10.017 seconds.
✔ Test specialization_MultipleTopLevelTarget_SpecializedLeafFramework_iOS() passed after 10.037 seconds.
✔ Test hostToolDependencySharedWithProduct() passed after 10.343 seconds.
✔ Test specializationWithCommandLineOverridesV1() passed after 10.004 seconds.
✔ Test specialization_SingleTopLevelTarget_Intermediate_SpecializedLeafFramework_macOS() passed after 10.092 seconds.
✔ Test explicitDependenciesUseDynamicTargets() passed after 10.005 seconds.
✔ Test platformSpecializationWithCommandLineOverrides() passed after 10.093 seconds.
✔ Test specialization_SingleTopLevelTarget_Intermediate_SpecializedLeafFramework_TopLevelDep_iOS() passed after 10.076 seconds.
✔ Test crossPlatformDependencies() passed after 10.396 seconds.
✔ Test builtinMacrosIfSetStringLiteral() passed after 9.083 seconds.
✔ Test builtinMacrosIfSetStringListLiteral() passed after 9.093 seconds.
✔ Test platformSpecializationWithEnvironmentConfigOverrides() passed after 10.114 seconds.
✔ Test tripleCondition() passed after 9.102 seconds.
✔ Suite BuiltinMacrosTests passed after 10.467 seconds.
✔ Test aggregatesMayOnlyLeadToASingleSetOfSpecializations() passed after 10.130 seconds.
✔ Test specializationRespectsSupportedPlatformsWithSDKROOTOverride() passed after 10.102 seconds.
✔ Test specializationRespectsSupportedPlatforms() passed after 10.102 seconds.
✔ Test specialization_SingleTopLevelTarget_Intermediate_SpecializedLeafFramework_iOS() passed after 10.115 seconds.
✔ Test aggregateErrorIsNotEmittedIfThereAreNoPackageDependencies() passed after 10.094 seconds.
✔ Test toolchainOverlaysViaOverridesDoNotConflictWithSpecialization() passed after 10.111 seconds.
✔ Test multiPlatformTargetsButSameFramework() passed after 10.459 seconds.
✔ Test specialization_MultipleTopLevelTarget_Intermediate_SpecializedLeafFramework_TopLevelDep_iOS() passed after 10.128 seconds.
✔ Test toolchainOverridesDoNotConflictWithSpecialization() passed after 10.103 seconds.
✔ Test specialization_SingleTopLevelTarget_SpecializedLeafFramework_iOS() passed after 10.101 seconds.
✔ Test specialization_rdar77954162() passed after 10.162 seconds.
✔ Test specialization_MultipleTopLevelTarget_Intermediate_SpecializedLeafFramework_TopLevelDep_macOS() passed after 10.124 seconds.
✔ Test lookup() passed after 10.506 seconds.
✔ Test invalidCustomBuildSettings() passed after 10.526 seconds.
✔ Test loadingErrors() passed after 10.537 seconds.
✔ Test sparseSDKs() passed after 10.540 seconds.
✔ Test versionMap() passed after 10.545 seconds.
✔ Test previewBuildsUseDynamicTargetReference() passed after 10.181 seconds.
✔ Test noVersionMap() passed after 10.558 seconds.
✔ Test specialization_SingleTopLevelTarget_Intermediate_SpecializedLeafFramework_TopLevelDep_macOS() passed after 10.190 seconds.
✔ Test SDKVariants() passed after 10.574 seconds.
✔ Test settingsCaching() passed after 10.575 seconds.
✔ Suite SettingsLookupTests passed after 10.608 seconds.
✔ Test customBuildSettings() passed after 10.578 seconds.
✔ Test externalSDKs() passed after 10.587 seconds.
✔ Test platformSpecializationWithCommandLineConfigOverrides() passed after 10.221 seconds.
✔ Test overridingSDKs() passed after 10.597 seconds.
✔ Test aggregateDependency() passed after 10.596 seconds.
✔ Test specialization_MultipleTopLevelTarget_SpecializedLeafFramework_macOS() passed after 10.244 seconds.
✔ Test specialization_SingleTopLevelTarget_Intermediate_SpecializedLeafFramework_iOS_mismatched() passed after 10.245 seconds.
✔ Test symlink() passed after 10.679 seconds.
✔ Test swiftCompilerFlagsPassedToLinkerDriver() passed after 10.756 seconds.
✔ Test toolPathResolution() passed after 10.761 seconds.
✔ Test aggregateTargetsAreTransparentToPlatformSpecialization() passed after 10.392 seconds.
✔ Suite SwiftSDKToolsetSettingsTests passed after 10.806 seconds.
✔ Test includeWithoutFileExtension() passed after 10.783 seconds.
✔ Test loadsNestedConfig() passed after 10.784 seconds.
✔ Test simpleCycleInConfigs() passed after 10.786 seconds.
✔ Test singleFileCycleInConfigs() passed after 10.808 seconds.
✔ Test recursiveSearchPaths() passed after 10.823 seconds.
✔ Test symlinkCycleInConfigs() passed after 10.828 seconds.
✔ Test createNestedConfig() passed after 10.834 seconds.
✔ Test infoGathersNestedConfigs() passed after 10.835 seconds.
✔ Test duplicatePathsInIncludeGraph() passed after 10.837 seconds.
✔ Test includeWithAbsolutePathAndMissingFileExtension() passed after 10.839 seconds.
✔ Test settingsSignature() passed after 10.840 seconds.
✔ Test changeNestedConfig() passed after 10.844 seconds.
✔ Test computeSigningCertificateIdentifier() passed after 10.849 seconds.
✔ Test includeWithoutFileExtensionIfOneIsNeeded() passed after 10.853 seconds.
✔ Suite ProvisioningTests passed after 10.887 seconds.
✔ Test settingsSignatureChangesWhenXCConfigsChange() passed after 10.858 seconds.
✔ Test cycleWithNonExistentOptionalIncludeAndDuplicatePath() passed after 10.862 seconds.
✔ Test includeCacheSharing() passed after 10.867 seconds.
✔ Test settingsWithoutPlatform() passed after 10.867 seconds.
✔ Suite XCConfigTests passed after 10.903 seconds.
✔ Test arenaSettings() passed after 10.889 seconds.
✔ Test configurationConditionParameter() passed after 10.906 seconds.
✔ Test toolchainOverride() passed after 10.915 seconds.
✔ Test autoSDKROOTReplacementForMacCatalyst() passed after 10.917 seconds.
✔ Test SDKFallbackConditions() passed after 10.923 seconds.
✔ Test deploymentTargetFallback() passed after 10.930 seconds.
✔ Test signingBasicWarningsForNonRequiredPlatforms() passed after 10.931 seconds.
✔ Test unableToResolveProductType() passed after 10.953 seconds.
✔ Test editorBasics() passed after 10.961 seconds.
✔ Test specializationWithPlatformFilteringV2() passed after 10.622 seconds.
✔ Suite SettingsEditorTests passed after 11.000 seconds.
✔ Test previewsXOJITWithAnLDClientName() passed after 10.976 seconds.
✔ Test settingsIssues() passed after 10.990 seconds.
✔ Test hostandDestinationPlatformConditions() passed after 10.991 seconds.
✔ Test bogusSupportedPlatforms() passed after 10.997 seconds.
✔ Test specializationWithPlatformFilteringV1() passed after 10.675 seconds.
✔ Test previewsEnablingDisabling() passed after 11.013 seconds.
✔ Test previewsXOJIT() passed after 11.013 seconds.
✔ Test iOSStandardTargetBasics() passed after 11.042 seconds.
✔ Test settingsDescribingTypeOfBuild() passed after 11.057 seconds.
✔ Test macCatalystVersionMapping() passed after 11.064 seconds.
✔ Test watchKitDeprecation() passed after 11.066 seconds.
✔ Test previews() passed after 11.066 seconds.
✔ Test architectures() passed after 11.069 seconds.
✔ Test defaultSearchPaths() passed after 11.083 seconds.
✔ Test previewsDisablingHardenedRuntimeWithAdHocSigning() passed after 11.084 seconds.
✔ Test externalTargetSettings() passed after 11.092 seconds.
✔ Test settingsForDifferentPurposes() passed after 11.093 seconds.
✔ Test buildSettingsEnforcedAbsolutePaths() passed after 11.093 seconds.
✔ Test platformPreferredArchSettings() passed after 11.106 seconds.
✔ Test projectBasics() passed after 11.109 seconds.
✔ Test signingBasicErrorsForRequiredPlatforms() passed after 11.118 seconds.
✔ Test aggregateTargetBasics() passed after 11.122 seconds.
✔ Test macroPathNormalization() passed after 11.121 seconds.
✔ Test userDefinedSettings() passed after 11.123 seconds.
✔ Test discoveredDoccSpecInfo() passed after 11.131 seconds.
✔ Test exportedSwiftResponseFileMacro() passed after 11.139 seconds.
✔ Test autoSDKROOTReplacement() passed after 11.139 seconds.
✔ Test signingBasics() passed after 11.144 seconds.
✔ Test defaultUpcomingFeatures() passed after 11.143 seconds.
✔ Test settingOverrides() passed after 11.149 seconds.
✔ Test swiftModuleOnlyDeploymentTargets() passed after 11.152 seconds.
✔ Test impartedProperties() passed after 11.155 seconds.
✔ Test buildDatabaseLocationOverride() passed after 11.159 seconds.
✔ Test sparseSdks() passed after 11.175 seconds.
✔ Test extraTarget() passed after 11.179 seconds.
✔ Test complexExample() passed after 11.180 seconds.
✔ Test extraProject() passed after 11.181 seconds.
✔ Test missingTarget() passed after 11.181 seconds.
✔ Test extraFile() passed after 11.182 seconds.
✔ Test missingProject() passed after 11.186 seconds.
✔ Test missingFile() passed after 11.189 seconds.
✔ Suite WorkspaceDiffTests passed after 11.230 seconds.
✔ Test SDKVariants() passed after 11.197 seconds.
✔ Test effectiveSwiftVersion() passed after 11.210 seconds.
✔ Test recommendedDeploymentTargets() passed after 11.210 seconds.
✔ Test nativeArchSettings() passed after 11.227 seconds.
✔ Test activeRunDestination_Specific_iOS_Device() passed after 11.226 seconds.
✔ Test activeRunDestination_Generic_iOS_Device() passed after 11.234 seconds.
✔ Test macCatalystFromMacOSSDK() passed after 11.235 seconds.
✔ Test activeRunDestination_Device_Different_Platform() passed after 11.242 seconds.
✔ Test activeRunDestination_MultiPlatform_Target() passed after 11.244 seconds.
✔ Test activeRunDestination_None() passed after 11.253 seconds.
✔ Test activeRunDestination_DeviceToSimulator_PublicToPublic() passed after 11.254 seconds.
✔ Test targetConditionalLocation() passed after 11.260 seconds.
✔ Test discoveredLibtoolSpecInfoApple() passed after 11.260 seconds.
✔ Test activeRunDestination_Simulator_Device() passed after 11.265 seconds.
✔ Test targetConditionals() passed after 11.266 seconds.
✔ Test activeRunDestination_Simulator_Device_Different_Platform() passed after 11.276 seconds.
✔ Test SDKVariantsEvaluatedTargetedDeviceFamilyIdentifierSkipping() passed after 11.299 seconds.
✔ Test ensureEnvironmentIsMissingValues() passed after 11.294 seconds.
✔ Test computeScriptEnvironment() passed after 11.296 seconds.
✔ Test platformConditionals() passed after 11.330 seconds.
✔ Test hostOperatingSystemVersionSettings() passed after 11.437 seconds.
✔ Test signingBasicErrorsForPlatformsAdhocIphoneos() passed after 11.441 seconds.
✔ Test SDKBuildVersionConditions() passed after 11.458 seconds.
✔ Test messageChunking() passed after 11.451 seconds.
✔ Test multipleInputSubtaskTitle() passed after 11.451 seconds.
✔ Test messageErrors() passed after 11.477 seconds.
✔ Suite SwiftCompilerOutputParserTests passed after 11.526 seconds.
✔ Test analyzeSettings() passed after 11.491 seconds.
✔ Test standardTargetBasics() passed after 11.494 seconds.
✔ Test parsingCanonicalName() passed after 11.502 seconds.
✔ Test aggregateTargetsSpecializeAppropriately() passed after 11.135 seconds.
✔ Suite SDKRegistryTests passed after 11.536 seconds.
✔ Test additionalSymbolGraphGenerationArgs() passed after 11.501 seconds.
✔ Suite DocumentationCompilerSpecTests passed after 11.539 seconds.
⎙ Attached 'Build Transcript.txt' to cleanEmpty().
✔ Test cleanEmpty() passed after 11.526 seconds.
✔ Test archPointerAuthentication_iOS() passed after 11.519 seconds.
✔ Test archPointerAuthentication_tvOS() passed after 11.519 seconds.
⎙ Attached 'Build Transcript.txt' to clearCachesEmpty().
✔ Test clearCachesEmpty() passed after 11.540 seconds.
✔ Test swiftModuleOnlyArchs() passed after 11.626 seconds.
✔ Test activeRunDestination_ONLY_ACTIVE_ARCH_interaction() passed after 11.677 seconds.
✔ Suite SettingsRunDestinationsTests passed after 11.726 seconds.
✔ Test specialization_MultipleTopLevelTarget_Intermediate_SpecializedLeafFramework_iOS() passed after 11.427 seconds.
✔ Test deploymentTargetValidation() passed after 11.826 seconds.
✔ Test exitCode() passed after 11.837 seconds.
✔ Test failedRegister() passed after 11.851 seconds.
✔ Test diagnostics() passed after 11.852 seconds.
✔ Suite LSRegisterURLTests passed after 11.865 seconds.
✔ Test signingDefaults() passed after 11.828 seconds.
✔ Test rPaths() passed after 12.123 seconds.
✔ Test swiftABIVersion() passed after 12.132 seconds.
✔ Test deploymentTarget() passed after 12.135 seconds.
✔ Test atomInfo() passed after 12.141 seconds.
✔ Test signingDefaultsByProductType() passed after 12.825 seconds.
✔ Test outputRedirectingStderr() passed after 12.862 seconds.
✔ Test tiffutilBasedFailingCopy() passed after 12.878 seconds.
✔ Suite CopyTiffTaskTests passed after 12.895 seconds.
✔ Test appendBuildDataSerial() passed after 13.006 seconds.
✔ Test settingsOverridesDevelopmentAssets() passed after 13.135 seconds.
✔ Test helpCommandLineInvocation() passed after 13.401 seconds.
✔ Test output() passed after 13.418 seconds.
✔ Test largeMessages() passed after 13.407 seconds.
✔ Test versionCGeneratedFileIsExcluded() passed after 13.503 seconds.
✔ Test serviceShutdown() passed after 14.012 seconds.
✔ Test failingCommandInvocation() passed after 14.150 seconds.
✔ Test commandInvocation() passed after 14.163 seconds.
✔ Test commandLineArguments() passed after 14.192 seconds.
⎙ Attached 'Build Transcript.txt' to immediateCancellation().
✔ Test immediateCancellation() passed after 16.133 seconds.
✔ Test extraKeys() passed after 17.374 seconds.
✔ Test stringList() passed after 17.374 seconds.
✔ Test commandLineString() passed after 17.374 seconds.
✔ Test stringType() passed after 17.374 seconds.
✔ Test buildSettings() passed after 17.375 seconds.
✔ Test boolType() passed after 17.377 seconds.
✔ Test arraysOfDictionaries() passed after 17.379 seconds.
✔ Test specialization_EquivalentGraphsWhenEnabledOrDisabled() passed after 17.557 seconds.
✔ Test productTypeSpecLoadingWithErrorForMissingDeprecationReason() passed after 18.042 seconds.
✔ Test packageTypeSpecLoading() passed after 18.043 seconds.
✔ Test productTypeSpecLoadingWithErrorForInvalidDeprecationReason() passed after 18.139 seconds.
✔ Test productTypeSpecLoadingWithDeprecatedAsErrorValues() passed after 18.139 seconds.
✔ Test propertyDomainSpecMacroBinding() passed after 18.140 seconds.
✔ Test productTypeSpecLoadingWithDeprecatedAsWarningValues() passed after 18.141 seconds.
✔ Test propertyDomainSpecMacroDefaultValues() passed after 18.141 seconds.
✔ Test commandLineSpecLoading() passed after 18.192 seconds.
✔ Test buildPropertiesWithConditionsAndBasedOnSpec() passed after 18.222 seconds.
✔ Test buildSettingWithBasedOnSpec() passed after 18.222 seconds.
✔ Test productTypeSpecLoading() passed after 18.222 seconds.
✔ Test productTypeSpecLoadingWithBasedOnSettings() passed after 18.223 seconds.
✔ Test propertyDomainSpecPropertiesValuesParsing() passed after 18.248 seconds.
✔ Test compilerSpecRuleNameParsing() passed after 18.247 seconds.
✔ Test propertyDomainSpecPropertiesCommandLineKeysScalarTypeValuesParsing() passed after 18.247 seconds.
✔ Test compilerSpecLoading() passed after 18.249 seconds.
✔ Test propertyDomainSpecPropertiesCommandLineKeysParsing() passed after 18.250 seconds.
✔ Test propertyDomainSpecPropertiesAdditionalLinkerArgsParsing() passed after 18.249 seconds.
✔ Test propertyDomainSpecPropertiesParsing() passed after 18.250 seconds.
✔ Test loadingErrors() passed after 18.260 seconds.
✔ Test propertyDomainSpecPropertiesCommandConditionParsing() passed after 18.251 seconds.
✔ Test propertyDomainSpecPropertiesCommandLineKeysListTypeParsing() passed after 18.251 seconds.
✔ Test propertyDomainSpecPropertiesCommandLineKeysScalarTypeCommandLineArgsParsing() passed after 18.251 seconds.
✔ Test compilerSpecEnvironmentVariablesParsing() passed after 18.252 seconds.
✔ Suite SpecParserTests passed after 18.387 seconds.
✔ Suite PlatformRegistryTests passed after 18.454 seconds.
✔ Test macCatalystRunDestinationSDKVariantOverride_iOS_Auto() passed after 18.741 seconds.
━ Test macCatalystRunDestinationSDKVariantOverride_macCatalyst_Auto() recorded a known issue at MultiPlatformTaskConstructionTests.swift:894:63: Expectation failed: (_commandLineAsStrings → ["clang", "-x", "c", "-target", "x86_64-apple-ios26.4-macabi", "-fmessage-length=0", "-fdiagnostics-show-note-include-stack", "-fmacro-backtrace-limit=0", "-fno-color-diagnostics", "-Wno-trigraphs", "-fpascal-strings", "-Os", "-Wno-missing-field-initializers", "-Wno-missing-prototypes", "-Wno-return-type", "-Wno-missing-braces", "-Wparentheses", "-Wswitch", "-Wno-unused-function", "-Wno-unused-label", "-Wno-unused-parameter", "-Wno-unused-variable", "-Wunused-value", "-Wno-empty-body", "-Wno-uninitialized", "-Wno-unknown-pragmas", "-Wno-shadow", "-Wno-four-char-constants", "-Wno-conversion", "-Wno-constant-conversion", "-Wno-int-conversion", "-Wno-bool-conversion", "-Wno-enum-conversion", "-Wno-float-conversion", "-Wno-non-literal-null-conversion", "-Wno-objc-literal-conversion", "-Wshorten-64-to-32", "-Wpointer-sign", "-Wno-newline-eof", "-Wno-implicit-fallthrough", "-isysroot", "/Applications/Xcode17E.app/Contents/Developer/Platforms/MacOSX.platform/Developer/SDKs/MacOSX26.4.sdk", "-fasm-blocks", "-fstrict-aliasing", "-Wdeprecated-declarations", "-g", "-fvisibility=hidden", "-Wno-sign-conversion", "-Wno-infinite-recursion", "-Wno-comma", "-Wno-block-capture-autoreleasing", "-Wno-strict-prototypes", "-Wno-semicolon-before-method-body", "-iquote", "/tmp/Test/aProject/build/aProject.build/Debug-maccatalyst/NativeTool.build/NativeTool-generated-files.hmap", "-I/tmp/Test/aProject/build/aProject.build/Debug-maccatalyst/NativeTool.build/NativeTool-own-target-headers.hmap", "-I/tmp/Test/aProject/build/aProject.build/Debug-maccatalyst/NativeTool.build/NativeTool-all-target-headers.hmap", "-iquote", "/tmp/Test/aProject/build/aProject.build/Debug-maccatalyst/NativeTool.build/NativeTool-project-headers.hmap", "-I/tmp/Test/aProject/build/Debug-maccatalyst/include", "-isystem", "/Applications/Xcode17E.app/Contents/Developer/Platforms/MacOSX.platform/Developer/SDKs/MacOSX26.4.sdk/System/iOSSupport/usr/include", "-I/tmp/Test/aProject/build/aProject.build/Debug-maccatalyst/NativeTool.build/DerivedSources-normal/x86_64", "-I/tmp/Test/aProject/build/aProject.build/Debug-maccatalyst/NativeTool.build/DerivedSources/x86_64", "-I/tmp/Test/aProject/build/aProject.build/Debug-maccatalyst/NativeTool.build/DerivedSources", "-F/tmp/Test/aProject/build/Debug-maccatalyst", "-iframework", "/Applications/Xcode17E.app/Contents/Developer/Platforms/MacOSX.platform/Developer/SDKs/MacOSX26.4.sdk/System/iOSSupport/System/Library/Frameworks", "-iframework", "/Applications/Xcode17E.app/Contents/Developer/Platforms/MacOSX.platform/Developer/SDKs/MacOSX26.4.sdk/System/iOSSupport/System/Library/SubFrameworks", "-MMD", "-MT", "dependencies", "-MF", "/tmp/Test/aProject/build/aProject.build/Debug-maccatalyst/NativeTool.build/Objects-normal/x86_64/test.d", "--serialize-diagnostics", "/tmp/Test/aProject/build/aProject.build/Debug-maccatalyst/NativeTool.build/Objects-normal/x86_64/test.dia", "-c", "/tmp/Test/aProject/Sources/test.c", "-o", "/tmp/Test/aProject/build/aProject.build/Debug-maccatalyst/NativeTool.build/Objects-normal/x86_64/test.o"]).contains(strings → ["-target", "x86_64-apple-macos26.4"])
↳ couldn't find sequence ["-target", "x86_64-apple-macos26.4"] in ["clang", "-x", "c", "-target", "x86_64-apple-ios26.4-macabi", "-fmessage-length=0", "-fdiagnostics-show-note-include-stack", "-fmacro-backtrace-limit=0", "-fno-color-diagnostics", "-Wno-trigraphs", "-fpascal-strings", "-Os", "-Wno-missing-field-initializers", "-Wno-missing-prototypes", "-Wno-return-type", "-Wno-missing-braces", "-Wparentheses", "-Wswitch", "-Wno-unused-function", "-Wno-unused-label", "-Wno-unused-parameter", "-Wno-unused-variable", "-Wunused-value", "-Wno-empty-body", "-Wno-uninitialized", "-Wno-unknown-pragmas", "-Wno-shadow", "-Wno-four-char-constants", "-Wno-conversion", "-Wno-constant-conversion", "-Wno-int-conversion", "-Wno-bool-conversion", "-Wno-enum-conversion", "-Wno-float-conversion", "-Wno-non-literal-null-conversion", "-Wno-objc-literal-conversion", "-Wshorten-64-to-32", "-Wpointer-sign", "-Wno-newline-eof", "-Wno-implicit-fallthrough", "-isysroot", "/Applications/Xcode17E.app/Contents/Developer/Platforms/MacOSX.platform/Developer/SDKs/MacOSX26.4.sdk", "-fasm-blocks", "-fstrict-aliasing", "-Wdeprecated-declarations", "-g", "-fvisibility=hidden", "-Wno-sign-conversion", "-Wno-infinite-recursion", "-Wno-comma", "-Wno-block-capture-autoreleasing", "-Wno-strict-prototypes", "-Wno-semicolon-before-method-body", "-iquote", "/tmp/Test/aProject/build/aProject.build/Debug-maccatalyst/NativeTool.build/NativeTool-generated-files.hmap", "-I/tmp/Test/aProject/build/aProject.build/Debug-maccatalyst/NativeTool.build/NativeTool-own-target-headers.hmap", "-I/tmp/Test/aProject/build/aProject.build/Debug-maccatalyst/NativeTool.build/NativeTool-all-target-headers.hmap", "-iquote", "/tmp/Test/aProject/build/aProject.build/Debug-maccatalyst/NativeTool.build/NativeTool-project-headers.hmap", "-I/tmp/Test/aProject/build/Debug-maccatalyst/include", "-isystem", "/Applications/Xcode17E.app/Contents/Developer/Platforms/MacOSX.platform/Developer/SDKs/MacOSX26.4.sdk/System/iOSSupport/usr/include", "-I/tmp/Test/aProject/build/aProject.build/Debug-maccatalyst/NativeTool.build/DerivedSources-normal/x86_64", "-I/tmp/Test/aProject/build/aProject.build/Debug-maccatalyst/NativeTool.build/DerivedSources/x86_64", "-I/tmp/Test/aProject/build/aProject.build/Debug-maccatalyst/NativeTool.build/DerivedSources", "-F/tmp/Test/aProject/build/Debug-maccatalyst", "-iframework", "/Applications/Xcode17E.app/Contents/Developer/Platforms/MacOSX.platform/Developer/SDKs/MacOSX26.4.sdk/System/iOSSupport/System/Library/Frameworks", "-iframework", "/Applications/Xcode17E.app/Contents/Developer/Platforms/MacOSX.platform/Developer/SDKs/MacOSX26.4.sdk/System/iOSSupport/System/Library/SubFrameworks", "-MMD", "-MT", "dependencies", "-MF", "/tmp/Test/aProject/build/aProject.build/Debug-maccatalyst/NativeTool.build/Objects-normal/x86_64/test.d", "--serialize-diagnostics", "/tmp/Test/aProject/build/aProject.build/Debug-maccatalyst/NativeTool.build/Objects-normal/x86_64/test.dia", "-c", "/tmp/Test/aProject/Sources/test.c", "-o", "/tmp/Test/aProject/build/aProject.build/Debug-maccatalyst/NativeTool.build/Objects-normal/x86_64/test.o"]
↳ Targets with SUPPORTS_MACCATALYST=NO still attempt to build for Mac Catalyst with a Mac Catalyst run destination when ALLOW_TARGET_PLATFORM_SPECIALIZATION is enabled
━ Test macCatalystRunDestinationSDKVariantOverride_macCatalyst() recorded a known issue at MultiPlatformTaskConstructionTests.swift:894:63: Expectation failed: (_commandLineAsStrings → ["clang", "-x", "c", "-target", "x86_64-apple-ios26.4-macabi", "-fmessage-length=0", "-fdiagnostics-show-note-include-stack", "-fmacro-backtrace-limit=0", "-fno-color-diagnostics", "-Wno-trigraphs", "-fpascal-strings", "-Os", "-Wno-missing-field-initializers", "-Wno-missing-prototypes", "-Wno-return-type", "-Wno-missing-braces", "-Wparentheses", "-Wswitch", "-Wno-unused-function", "-Wno-unused-label", "-Wno-unused-parameter", "-Wno-unused-variable", "-Wunused-value", "-Wno-empty-body", "-Wno-uninitialized", "-Wno-unknown-pragmas", "-Wno-shadow", "-Wno-four-char-constants", "-Wno-conversion", "-Wno-constant-conversion", "-Wno-int-conversion", "-Wno-bool-conversion", "-Wno-enum-conversion", "-Wno-float-conversion", "-Wno-non-literal-null-conversion", "-Wno-objc-literal-conversion", "-Wshorten-64-to-32", "-Wpointer-sign", "-Wno-newline-eof", "-Wno-implicit-fallthrough", "-isysroot", "/Applications/Xcode17E.app/Contents/Developer/Platforms/MacOSX.platform/Developer/SDKs/MacOSX26.4.sdk", "-fasm-blocks", "-fstrict-aliasing", "-Wdeprecated-declarations", "-g", "-fvisibility=hidden", "-Wno-sign-conversion", "-Wno-infinite-recursion", "-Wno-comma", "-Wno-block-capture-autoreleasing", "-Wno-strict-prototypes", "-Wno-semicolon-before-method-body", "-iquote", "/tmp/Test/aProject/build/aProject.build/Debug-maccatalyst/NativeTool.build/NativeTool-generated-files.hmap", "-I/tmp/Test/aProject/build/aProject.build/Debug-maccatalyst/NativeTool.build/NativeTool-own-target-headers.hmap", "-I/tmp/Test/aProject/build/aProject.build/Debug-maccatalyst/NativeTool.build/NativeTool-all-target-headers.hmap", "-iquote", "/tmp/Test/aProject/build/aProject.build/Debug-maccatalyst/NativeTool.build/NativeTool-project-headers.hmap", "-I/tmp/Test/aProject/build/Debug-maccatalyst/include", "-isystem", "/Applications/Xcode17E.app/Contents/Developer/Platforms/MacOSX.platform/Developer/SDKs/MacOSX26.4.sdk/System/iOSSupport/usr/include", "-I/tmp/Test/aProject/build/aProject.build/Debug-maccatalyst/NativeTool.build/DerivedSources-normal/x86_64", "-I/tmp/Test/aProject/build/aProject.build/Debug-maccatalyst/NativeTool.build/DerivedSources/x86_64", "-I/tmp/Test/aProject/build/aProject.build/Debug-maccatalyst/NativeTool.build/DerivedSources", "-F/tmp/Test/aProject/build/Debug-maccatalyst", "-iframework", "/Applications/Xcode17E.app/Contents/Developer/Platforms/MacOSX.platform/Developer/SDKs/MacOSX26.4.sdk/System/iOSSupport/System/Library/Frameworks", "-iframework", "/Applications/Xcode17E.app/Contents/Developer/Platforms/MacOSX.platform/Developer/SDKs/MacOSX26.4.sdk/System/iOSSupport/System/Library/SubFrameworks", "-MMD", "-MT", "dependencies", "-MF", "/tmp/Test/aProject/build/aProject.build/Debug-maccatalyst/NativeTool.build/Objects-normal/x86_64/test.d", "--serialize-diagnostics", "/tmp/Test/aProject/build/aProject.build/Debug-maccatalyst/NativeTool.build/Objects-normal/x86_64/test.dia", "-c", "/tmp/Test/aProject/Sources/test.c", "-o", "/tmp/Test/aProject/build/aProject.build/Debug-maccatalyst/NativeTool.build/Objects-normal/x86_64/test.o"]).contains(strings → ["-target", "x86_64-apple-macos26.4"])
↳ couldn't find sequence ["-target", "x86_64-apple-macos26.4"] in ["clang", "-x", "c", "-target", "x86_64-apple-ios26.4-macabi", "-fmessage-length=0", "-fdiagnostics-show-note-include-stack", "-fmacro-backtrace-limit=0", "-fno-color-diagnostics", "-Wno-trigraphs", "-fpascal-strings", "-Os", "-Wno-missing-field-initializers", "-Wno-missing-prototypes", "-Wno-return-type", "-Wno-missing-braces", "-Wparentheses", "-Wswitch", "-Wno-unused-function", "-Wno-unused-label", "-Wno-unused-parameter", "-Wno-unused-variable", "-Wunused-value", "-Wno-empty-body", "-Wno-uninitialized", "-Wno-unknown-pragmas", "-Wno-shadow", "-Wno-four-char-constants", "-Wno-conversion", "-Wno-constant-conversion", "-Wno-int-conversion", "-Wno-bool-conversion", "-Wno-enum-conversion", "-Wno-float-conversion", "-Wno-non-literal-null-conversion", "-Wno-objc-literal-conversion", "-Wshorten-64-to-32", "-Wpointer-sign", "-Wno-newline-eof", "-Wno-implicit-fallthrough", "-isysroot", "/Applications/Xcode17E.app/Contents/Developer/Platforms/MacOSX.platform/Developer/SDKs/MacOSX26.4.sdk", "-fasm-blocks", "-fstrict-aliasing", "-Wdeprecated-declarations", "-g", "-fvisibility=hidden", "-Wno-sign-conversion", "-Wno-infinite-recursion", "-Wno-comma", "-Wno-block-capture-autoreleasing", "-Wno-strict-prototypes", "-Wno-semicolon-before-method-body", "-iquote", "/tmp/Test/aProject/build/aProject.build/Debug-maccatalyst/NativeTool.build/NativeTool-generated-files.hmap", "-I/tmp/Test/aProject/build/aProject.build/Debug-maccatalyst/NativeTool.build/NativeTool-own-target-headers.hmap", "-I/tmp/Test/aProject/build/aProject.build/Debug-maccatalyst/NativeTool.build/NativeTool-all-target-headers.hmap", "-iquote", "/tmp/Test/aProject/build/aProject.build/Debug-maccatalyst/NativeTool.build/NativeTool-project-headers.hmap", "-I/tmp/Test/aProject/build/Debug-maccatalyst/include", "-isystem", "/Applications/Xcode17E.app/Contents/Developer/Platforms/MacOSX.platform/Developer/SDKs/MacOSX26.4.sdk/System/iOSSupport/usr/include", "-I/tmp/Test/aProject/build/aProject.build/Debug-maccatalyst/NativeTool.build/DerivedSources-normal/x86_64", "-I/tmp/Test/aProject/build/aProject.build/Debug-maccatalyst/NativeTool.build/DerivedSources/x86_64", "-I/tmp/Test/aProject/build/aProject.build/Debug-maccatalyst/NativeTool.build/DerivedSources", "-F/tmp/Test/aProject/build/Debug-maccatalyst", "-iframework", "/Applications/Xcode17E.app/Contents/Developer/Platforms/MacOSX.platform/Developer/SDKs/MacOSX26.4.sdk/System/iOSSupport/System/Library/Frameworks", "-iframework", "/Applications/Xcode17E.app/Contents/Developer/Platforms/MacOSX.platform/Developer/SDKs/MacOSX26.4.sdk/System/iOSSupport/System/Library/SubFrameworks", "-MMD", "-MT", "dependencies", "-MF", "/tmp/Test/aProject/build/aProject.build/Debug-maccatalyst/NativeTool.build/Objects-normal/x86_64/test.d", "--serialize-diagnostics", "/tmp/Test/aProject/build/aProject.build/Debug-maccatalyst/NativeTool.build/Objects-normal/x86_64/test.dia", "-c", "/tmp/Test/aProject/Sources/test.c", "-o", "/tmp/Test/aProject/build/aProject.build/Debug-maccatalyst/NativeTool.build/Objects-normal/x86_64/test.o"]
↳ Targets with SUPPORTS_MACCATALYST=NO still attempt to build for Mac Catalyst with a Mac Catalyst run destination when ALLOW_TARGET_PLATFORM_SPECIALIZATION is enabled
✔ Test additionalCodeSignInputs() passed after 18.816 seconds.
✔ Test codesignWithLibraryConstraints() passed after 18.816 seconds.
✔ Test buildAndAnalyzeCustomAnalyzer() passed after 18.815 seconds.
✔ Test codesignWithKeychainPathOverride() passed after 18.819 seconds.
✔ Test embeddedInfoPlistLinkerDependency() passed after 18.816 seconds.
✔ Test missingRuleDiagnostic() passed after 18.816 seconds.
✔ Test metalCompilerOptimizationLevelSize() passed after 18.817 seconds.
✔ Test indexOptionsNotAddedIfIndexingIsDisabled() passed after 18.820 seconds.
✔ Test buildRuleWithDuplicateFileReferences() passed after 18.819 seconds.
✔ Test metalCompilerOptimizationLevelDefault() passed after 18.820 seconds.
━ Test copyFilesIntoModulesSymLink() recorded a known issue at ResourceTaskConstructionTests.swift:2535:30: Issue recorded
↳ unable to find any task matching conditions '[Rule == ["MkDir", "/tmp/Test/aProject/build/Debug/Framework.framework/Versions/A/Modules"]]', among tasks: 'ConstructedTask(forTarget: Framework, 7 inputs, 2 outputs, ruleInfo: ["CodeSign", "/tmp/Test/aProject/build/Debug/Framework.framework/Versions/A"]),
  	ConstructedTask(forTarget: Framework, 3 inputs, 2 outputs, ruleInfo: ["Copy", "/tmp/Test/aProject/build/Debug/Framework.framework/Modules/foo.txt", "/tmp/Test/aProject/Sources/foo.txt"]),
  	GateTask(forTarget: Framework, 8 inputs, 1 outputs, ruleInfo: ["Gate", "target-Framework-T-Framework-8681--begin-compiling"]),
  	GateTask(forTarget: Framework, 8 inputs, 1 outputs, ruleInfo: ["Gate", "target-Framework-T-Framework-8681--begin-linking"]),
  	GateTask(forTarget: Framework, 9 inputs, 1 outputs, ruleInfo: ["Gate", "target-Framework-T-Framework-8681--begin-scanning"]),
  	GateTask(forTarget: Framework, 1 inputs, 1 outputs, ruleInfo: ["Gate", "target-Framework-T-Framework-8681--end"]),
  	GateTask(forTarget: Framework, 9 inputs, 1 outputs, ruleInfo: ["Gate", "target-Framework-T-Framework-8681--entry"]),
  	GateTask(forTarget: Framework, 8 inputs, 1 outputs, ruleInfo: ["Gate", "target-Framework-T-Framework-8681--immediate"]),
  	GateTask(forTarget: Framework, 1 inputs, 1 outputs, ruleInfo: ["Gate", "target-Framework-T-Framework-8681--linker-inputs-ready"]),
  	GateTask(forTarget: Framework, 1 inputs, 1 outputs, ruleInfo: ["Gate", "target-Framework-T-Framework-8681--modules-ready"]),
  	GateTask(forTarget: Framework, 1 inputs, 1 outputs, ruleInfo: ["Gate", "target-Framework-T-Framework-8681--unsigned-product-ready"]),
  	GateTask(forTarget: Framework, 1 inputs, 1 outputs, ruleInfo: ["Gate", "target-Framework-T-Framework-8681--will-sign"]),
  	ConstructedTask(forTarget: Framework, 2 inputs, 2 outputs, ruleInfo: ["MkDir", "/tmp/Test/aProject/build/Debug/Framework.framework"]),
  	ConstructedTask(forTarget: Framework, 2 inputs, 2 outputs, ruleInfo: ["MkDir", "/tmp/Test/aProject/build/Debug/Framework.framework/Versions"]),
  	ConstructedTask(forTarget: Framework, 2 inputs, 2 outputs, ruleInfo: ["MkDir", "/tmp/Test/aProject/build/Debug/Framework.framework/Versions/A"]),
  	ConstructedTask(forTarget: Framework, 2 inputs, 2 outputs, ruleInfo: ["MkDir", "/tmp/Test/aProject/build/Debug/Framework.framework/Versions/A/Resources"]),
  	ConstructedTask(forTarget: Framework, 3 inputs, 1 outputs, ruleInfo: ["ProcessInfoPlistFile", "/tmp/Test/aProject/build/Debug/Framework.framework/Versions/A/Resources/Info.plist", "/tmp/Test/aProject/build/aProject.build/Debug/Framework.build/empty-Framework.plist"]),
  	ConstructedTask(forTarget: Framework, 3 inputs, 1 outputs, ruleInfo: ["ProcessProductPackaging", "", "/tmp/Test/aProject/build/aProject.build/Debug/Framework.build/Framework.framework.xcent"]),
  	ConstructedTask(forTarget: Framework, 3 inputs, 1 outputs, ruleInfo: ["ProcessProductPackagingDER", "/tmp/Test/aProject/build/aProject.build/Debug/Framework.build/Framework.framework.xcent", "/tmp/Test/aProject/build/aProject.build/Debug/Framework.build/Framework.framework.xcent.der"]),
  	ConstructedTask(forTarget: Framework, 4 inputs, 1 outputs, ruleInfo: ["RegisterExecutionPolicyException", "/tmp/Test/aProject/build/Debug/Framework.framework"]),
  	ConstructedTask(forTarget: Framework, 2 inputs, 1 outputs, ruleInfo: ["SymLink", "/tmp/Test/aProject/build/Debug/Framework.framework/Resources", "Versions/Current/Resources"]),
  	ConstructedTask(forTarget: Framework, 2 inputs, 1 outputs, ruleInfo: ["SymLink", "/tmp/Test/aProject/build/Debug/Framework.framework/Versions/Current", "A"]),
  	ConstructedTask(forTarget: Framework, 4 inputs, 1 outputs, ruleInfo: ["Touch", "/tmp/Test/aProject/build/Debug/Framework.framework"]),
  	ConstructedTask(forTarget: Framework, 1 inputs, 1 outputs, ruleInfo: ["WriteAuxiliaryFile", "/tmp/Test/aProject/build/aProject.build/Debug/Framework.build/DerivedSources/Entitlements.plist"]),
  	ConstructedTask(forTarget: Framework, 1 inputs, 1 outputs, ruleInfo: ["WriteAuxiliaryFile", "/tmp/Test/aProject/build/aProject.build/Debug/Framework.build/Framework-all-non-framework-target-headers.hmap"]),
  	ConstructedTask(forTarget: Framework, 1 inputs, 1 outputs, ruleInfo: ["WriteAuxiliaryFile", "/tmp/Test/aProject/build/aProject.build/Debug/Framework.build/Framework-all-target-headers.hmap"]),
  	ConstructedTask(forTarget: Framework, 1 inputs, 1 outputs, ruleInfo: ["WriteAuxiliaryFile", "/tmp/Test/aProject/build/aProject.build/Debug/Framework.build/Framework-generated-files.hmap"]),
  	ConstructedTask(forTarget: Framework, 1 inputs, 1 outputs, ruleInfo: ["WriteAuxiliaryFile", "/tmp/Test/aProject/build/aProject.build/Debug/Framework.build/Framework-own-target-headers.hmap"]),
  	ConstructedTask(forTarget: Framework, 1 inputs, 1 outputs, ruleInfo: ["WriteAuxiliaryFile", "/tmp/Test/aProject/build/aProject.build/Debug/Framework.build/Framework-project-headers.hmap"]),
  	ConstructedTask(forTarget: Framework, 1 inputs, 1 outputs, ruleInfo: ["WriteAuxiliaryFile", "/tmp/Test/aProject/build/aProject.build/Debug/Framework.build/Framework.DependencyMetadataFileList"]),
  	ConstructedTask(forTarget: Framework, 1 inputs, 1 outputs, ruleInfo: ["WriteAuxiliaryFile", "/tmp/Test/aProject/build/aProject.build/Debug/Framework.build/Framework.DependencyStaticMetadataFileList"]),
  	ConstructedTask(forTarget: Framework, 1 inputs, 1 outputs, ruleInfo: ["WriteAuxiliaryFile", "/tmp/Test/aProject/build/aProject.build/Debug/Framework.build/Framework.hmap"]),
  	ConstructedTask(forTarget: Framework, 1 inputs, 1 outputs, ruleInfo: ["WriteAuxiliaryFile", "/tmp/Test/aProject/build/aProject.build/Debug/Framework.build/empty-Framework.plist"]),
  	ConstructedTask(forTarget: <none>, 0 inputs, 2 outputs, ruleInfo: ["CreateBuildDirectory", "/tmp/Test/aProject/build"]),
  	ConstructedTask(forTarget: <none>, 1 inputs, 2 outputs, ruleInfo: ["CreateBuildDirectory", "/tmp/Test/aProject/build/Debug"]),
  	ConstructedTask(forTarget: <none>, 1 inputs, 2 outputs, ruleInfo: ["CreateBuildDirectory", "/tmp/Test/aProject/build/EagerLinkingTBDs/Debug"]),
  	ConstructedTask(forTarget: <none>, 1 inputs, 2 outputs, ruleInfo: ["CreateBuildDirectory", "/tmp/Test/aProject/build/ExplicitPrecompiledModules"]),
  	ConstructedTask(forTarget: <none>, 1 inputs, 2 outputs, ruleInfo: ["CreateBuildDirectory", "/tmp/Test/aProject/build/SharedPrecompiledHeaders"]),
  	ConstructedTask(forTarget: <none>, 1 inputs, 2 outputs, ruleInfo: ["CreateBuildDirectory", "/tmp/Test/aProject/build/SwiftExplicitPrecompiledModules"]),
  	ConstructedTask(forTarget: <none>, 0 inputs, 2 outputs, ruleInfo: ["CreateBuildDirectory", "/var/folders/xr/m5_5rlsd6l9fk2w4ngj13k6m0000gn/C/com.apple.DeveloperTools/26.4.1-17E202/Xcode/CompilationCache.noindex"]),
  	GateTask(forTarget: <none>, 1 inputs, 1 outputs, ruleInfo: ["Gate", "WorkspaceHeaderMapVFSFilesWritten"]),
  	GateTask(forTarget: <none>, 2 inputs, 1 outputs, ruleInfo: ["Gate", "target-Framework-T-Framework-8681--AppExtensionInfoPlistGeneratorTaskProducer"]),
  	GateTask(forTarget: <none>, 3 inputs, 1 outputs, ruleInfo: ["Gate", "target-Framework-T-Framework-8681--AppIntentsMetadataTaskProducer"]),
  	GateTask(forTarget: <none>, 3 inputs, 1 outputs, ruleInfo: ["Gate", "target-Framework-T-Framework-8681--Barrier-ChangeAlternatePermissions"]),
  	GateTask(forTarget: <none>, 3 inputs, 1 outputs, ruleInfo: ["Gate", "target-Framework-T-Framework-8681--Barrier-ChangePermissions"]),
  	GateTask(forTarget: <none>, 3 inputs, 1 outputs, ruleInfo: ["Gate", "target-Framework-T-Framework-8681--Barrier-CodeSign"]),
  	GateTask(forTarget: <none>, 3 inputs, 1 outputs, ruleInfo: ["Gate", "target-Framework-T-Framework-8681--Barrier-CopyAside"]),
  	GateTask(forTarget: <none>, 2 inputs, 1 outputs, ruleInfo: ["Gate", "target-Framework-T-Framework-8681--Barrier-GenerateStubAPI"]),
  	GateTask(forTarget: <none>, 3 inputs, 1 outputs, ruleInfo: ["Gate", "target-Framework-T-Framework-8681--Barrier-RegisterExecutionPolicyException"]),
  	GateTask(forTarget: <none>, 3 inputs, 1 outputs, ruleInfo: ["Gate", "target-Framework-T-Framework-8681--Barrier-RegisterProduct"]),
  	GateTask(forTarget: <none>, 3 inputs, 1 outputs, ruleInfo: ["Gate", "target-Framework-T-Framework-8681--Barrier-StripSymbols"]),
  	GateTask(forTarget: <none>, 3 inputs, 1 outputs, ruleInfo: ["Gate", "target-Framework-T-Framework-8681--Barrier-Validate"]),
  	GateTask(forTarget: <none>, 2 inputs, 1 outputs, ruleInfo: ["Gate", "target-Framework-T-Framework-8681--CopySwiftPackageResourcesTaskProducer"]),
  	GateTask(forTarget: <none>, 2 inputs, 1 outputs, ruleInfo: ["Gate", "target-Framework-T-Framework-8681--CustomTaskProducer"]),
  	GateTask(forTarget: <none>, 2 inputs, 1 outputs, ruleInfo: ["Gate", "target-Framework-T-Framework-8681--DocumentationTaskProducer"]),
  	GateTask(forTarget: <none>, 2 inputs, 1 outputs, ruleInfo: ["Gate", "target-Framework-T-Framework-8681--ExtensionPointExtractorTaskProducer"]),
  	GateTask(forTarget: <none>, 2 inputs, 1 outputs, ruleInfo: ["Gate", "target-Framework-T-Framework-8681--GenerateAppPlaygroundAssetCatalogTaskProducer"]),
  	GateTask(forTarget: <none>, 2 inputs, 1 outputs, ruleInfo: ["Gate", "target-Framework-T-Framework-8681--GeneratedFilesTaskProducer"]),
  	GateTask(forTarget: <none>, 2 inputs, 1 outputs, ruleInfo: ["Gate", "target-Framework-T-Framework-8681--HeadermapTaskProducer"]),
  	GateTask(forTarget: <none>, 2 inputs, 1 outputs, ruleInfo: ["Gate", "target-Framework-T-Framework-8681--InfoPlistTaskProducer"]),
  	GateTask(forTarget: <none>, 2 inputs, 1 outputs, ruleInfo: ["Gate", "target-Framework-T-Framework-8681--ModuleMapTaskProducer"]),
  	GateTask(forTarget: <none>, 2 inputs, 1 outputs, ruleInfo: ["Gate", "target-Framework-T-Framework-8681--ModuleVerifierTaskProducer"]),
  	GateTask(forTarget: <none>, 20 inputs, 1 outputs, ruleInfo: ["Gate", "target-Framework-T-Framework-8681--ProductPostprocessingTaskProducer"]),
  	GateTask(forTarget: <none>, 2 inputs, 1 outputs, ruleInfo: ["Gate", "target-Framework-T-Framework-8681--ProductStructureTaskProducer"]),
  	GateTask(forTarget: <none>, 2 inputs, 1 outputs, ruleInfo: ["Gate", "target-Framework-T-Framework-8681--RealityAssetsTaskProducer"]),
  	GateTask(forTarget: <none>, 2 inputs, 1 outputs, ruleInfo: ["Gate", "target-Framework-T-Framework-8681--SanitizerTaskProducer"]),
  	GateTask(forTarget: <none>, 2 inputs, 1 outputs, ruleInfo: ["Gate", "target-Framework-T-Framework-8681--StubBinaryTaskProducer"]),
  	GateTask(forTarget: <none>, 3 inputs, 1 outputs, ruleInfo: ["Gate", "target-Framework-T-Framework-8681--SwiftABIBaselineGenerationTaskProducer"]),
  	GateTask(forTarget: <none>, 3 inputs, 1 outputs, ruleInfo: ["Gate", "target-Framework-T-Framework-8681--SwiftFrameworkABICheckerTaskProducer"]),
  	GateTask(forTarget: <none>, 2 inputs, 1 outputs, ruleInfo: ["Gate", "target-Framework-T-Framework-8681--SwiftPackageCopyFilesTaskProducer"]),
  	GateTask(forTarget: <none>, 3 inputs, 1 outputs, ruleInfo: ["Gate", "target-Framework-T-Framework-8681--SwiftStandardLibrariesTaskProducer"]),
  	GateTask(forTarget: <none>, 2 inputs, 1 outputs, ruleInfo: ["Gate", "target-Framework-T-Framework-8681--TAPISymbolExtractorTaskProducer"]),
  	GateTask(forTarget: <none>, 2 inputs, 1 outputs, ruleInfo: ["Gate", "target-Framework-T-Framework-8681--TestEntryPointTaskProducerFactory"]),
  	GateTask(forTarget: <none>, 2 inputs, 1 outputs, ruleInfo: ["Gate", "target-Framework-T-Framework-8681--TestHostTaskProducer"]),
  	GateTask(forTarget: <none>, 2 inputs, 1 outputs, ruleInfo: ["Gate", "target-Framework-T-Framework-8681--TestTargetPostprocessingTaskProducer"]),
  	GateTask(forTarget: <none>, 2 inputs, 1 outputs, ruleInfo: ["Gate", "target-Framework-T-Framework-8681--TestTargetTaskProducer"]),
  	GateTask(forTarget: <none>, 2 inputs, 1 outputs, ruleInfo: ["Gate", "target-Framework-T-Framework-8681--fused-phase0-copy-files"]),
  	ConstructedTask(forTarget: <none>, 1 inputs, 1 outputs, ruleInfo: ["WriteAuxiliaryFile", "/tmp/Test/aProject/build/aProject.build/Debug/aProject-P8684-VFS/all-product-headers.yaml"])'
↳ PlaygroundLogger build failure because Copy runs before Modules symlink (or maybe there is no such symlink)?
━ Test copyFilesIntoModulesSymLink() recorded a known issue at ResourceTaskConstructionTests.swift:2536:30: Issue recorded
↳ unable to find any task matching conditions '[Rule == ["SymLink", "/tmp/Test/aProject/build/Debug/Framework.framework/Modules", "Versions/Current/Modules"]]', among tasks: 'ConstructedTask(forTarget: Framework, 7 inputs, 2 outputs, ruleInfo: ["CodeSign", "/tmp/Test/aProject/build/Debug/Framework.framework/Versions/A"]),
  	ConstructedTask(forTarget: Framework, 3 inputs, 2 outputs, ruleInfo: ["Copy", "/tmp/Test/aProject/build/Debug/Framework.framework/Modules/foo.txt", "/tmp/Test/aProject/Sources/foo.txt"]),
  	GateTask(forTarget: Framework, 8 inputs, 1 outputs, ruleInfo: ["Gate", "target-Framework-T-Framework-8681--begin-compiling"]),
  	GateTask(forTarget: Framework, 8 inputs, 1 outputs, ruleInfo: ["Gate", "target-Framework-T-Framework-8681--begin-linking"]),
  	GateTask(forTarget: Framework, 9 inputs, 1 outputs, ruleInfo: ["Gate", "target-Framework-T-Framework-8681--begin-scanning"]),
  	GateTask(forTarget: Framework, 1 inputs, 1 outputs, ruleInfo: ["Gate", "target-Framework-T-Framework-8681--end"]),
  	GateTask(forTarget: Framework, 9 inputs, 1 outputs, ruleInfo: ["Gate", "target-Framework-T-Framework-8681--entry"]),
  	GateTask(forTarget: Framework, 8 inputs, 1 outputs, ruleInfo: ["Gate", "target-Framework-T-Framework-8681--immediate"]),
  	GateTask(forTarget: Framework, 1 inputs, 1 outputs, ruleInfo: ["Gate", "target-Framework-T-Framework-8681--linker-inputs-ready"]),
  	GateTask(forTarget: Framework, 1 inputs, 1 outputs, ruleInfo: ["Gate", "target-Framework-T-Framework-8681--modules-ready"]),
  	GateTask(forTarget: Framework, 1 inputs, 1 outputs, ruleInfo: ["Gate", "target-Framework-T-Framework-8681--unsigned-product-ready"]),
  	GateTask(forTarget: Framework, 1 inputs, 1 outputs, ruleInfo: ["Gate", "target-Framework-T-Framework-8681--will-sign"]),
  	ConstructedTask(forTarget: Framework, 2 inputs, 2 outputs, ruleInfo: ["MkDir", "/tmp/Test/aProject/build/Debug/Framework.framework"]),
  	ConstructedTask(forTarget: Framework, 2 inputs, 2 outputs, ruleInfo: ["MkDir", "/tmp/Test/aProject/build/Debug/Framework.framework/Versions"]),
  	ConstructedTask(forTarget: Framework, 2 inputs, 2 outputs, ruleInfo: ["MkDir", "/tmp/Test/aProject/build/Debug/Framework.framework/Versions/A"]),
  	ConstructedTask(forTarget: Framework, 2 inputs, 2 outputs, ruleInfo: ["MkDir", "/tmp/Test/aProject/build/Debug/Framework.framework/Versions/A/Resources"]),
  	ConstructedTask(forTarget: Framework, 3 inputs, 1 outputs, ruleInfo: ["ProcessInfoPlistFile", "/tmp/Test/aProject/build/Debug/Framework.framework/Versions/A/Resources/Info.plist", "/tmp/Test/aProject/build/aProject.build/Debug/Framework.build/empty-Framework.plist"]),
  	ConstructedTask(forTarget: Framework, 3 inputs, 1 outputs, ruleInfo: ["ProcessProductPackaging", "", "/tmp/Test/aProject/build/aProject.build/Debug/Framework.build/Framework.framework.xcent"]),
  	ConstructedTask(forTarget: Framework, 3 inputs, 1 outputs, ruleInfo: ["ProcessProductPackagingDER", "/tmp/Test/aProject/build/aProject.build/Debug/Framework.build/Framework.framework.xcent", "/tmp/Test/aProject/build/aProject.build/Debug/Framework.build/Framework.framework.xcent.der"]),
  	ConstructedTask(forTarget: Framework, 4 inputs, 1 outputs, ruleInfo: ["RegisterExecutionPolicyException", "/tmp/Test/aProject/build/Debug/Framework.framework"]),
  	ConstructedTask(forTarget: Framework, 2 inputs, 1 outputs, ruleInfo: ["SymLink", "/tmp/Test/aProject/build/Debug/Framework.framework/Resources", "Versions/Current/Resources"]),
  	ConstructedTask(forTarget: Framework, 2 inputs, 1 outputs, ruleInfo: ["SymLink", "/tmp/Test/aProject/build/Debug/Framework.framework/Versions/Current", "A"]),
  	ConstructedTask(forTarget: Framework, 4 inputs, 1 outputs, ruleInfo: ["Touch", "/tmp/Test/aProject/build/Debug/Framework.framework"]),
  	ConstructedTask(forTarget: Framework, 1 inputs, 1 outputs, ruleInfo: ["WriteAuxiliaryFile", "/tmp/Test/aProject/build/aProject.build/Debug/Framework.build/DerivedSources/Entitlements.plist"]),
  	ConstructedTask(forTarget: Framework, 1 inputs, 1 outputs, ruleInfo: ["WriteAuxiliaryFile", "/tmp/Test/aProject/build/aProject.build/Debug/Framework.build/Framework-all-non-framework-target-headers.hmap"]),
  	ConstructedTask(forTarget: Framework, 1 inputs, 1 outputs, ruleInfo: ["WriteAuxiliaryFile", "/tmp/Test/aProject/build/aProject.build/Debug/Framework.build/Framework-all-target-headers.hmap"]),
  	ConstructedTask(forTarget: Framework, 1 inputs, 1 outputs, ruleInfo: ["WriteAuxiliaryFile", "/tmp/Test/aProject/build/aProject.build/Debug/Framework.build/Framework-generated-files.hmap"]),
  	ConstructedTask(forTarget: Framework, 1 inputs, 1 outputs, ruleInfo: ["WriteAuxiliaryFile", "/tmp/Test/aProject/build/aProject.build/Debug/Framework.build/Framework-own-target-headers.hmap"]),
  	ConstructedTask(forTarget: Framework, 1 inputs, 1 outputs, ruleInfo: ["WriteAuxiliaryFile", "/tmp/Test/aProject/build/aProject.build/Debug/Framework.build/Framework-project-headers.hmap"]),
  	ConstructedTask(forTarget: Framework, 1 inputs, 1 outputs, ruleInfo: ["WriteAuxiliaryFile", "/tmp/Test/aProject/build/aProject.build/Debug/Framework.build/Framework.DependencyMetadataFileList"]),
  	ConstructedTask(forTarget: Framework, 1 inputs, 1 outputs, ruleInfo: ["WriteAuxiliaryFile", "/tmp/Test/aProject/build/aProject.build/Debug/Framework.build/Framework.DependencyStaticMetadataFileList"]),
  	ConstructedTask(forTarget: Framework, 1 inputs, 1 outputs, ruleInfo: ["WriteAuxiliaryFile", "/tmp/Test/aProject/build/aProject.build/Debug/Framework.build/Framework.hmap"]),
  	ConstructedTask(forTarget: Framework, 1 inputs, 1 outputs, ruleInfo: ["WriteAuxiliaryFile", "/tmp/Test/aProject/build/aProject.build/Debug/Framework.build/empty-Framework.plist"]),
  	ConstructedTask(forTarget: <none>, 0 inputs, 2 outputs, ruleInfo: ["CreateBuildDirectory", "/tmp/Test/aProject/build"]),
  	ConstructedTask(forTarget: <none>, 1 inputs, 2 outputs, ruleInfo: ["CreateBuildDirectory", "/tmp/Test/aProject/build/Debug"]),
  	ConstructedTask(forTarget: <none>, 1 inputs, 2 outputs, ruleInfo: ["CreateBuildDirectory", "/tmp/Test/aProject/build/EagerLinkingTBDs/Debug"]),
  	ConstructedTask(forTarget: <none>, 1 inputs, 2 outputs, ruleInfo: ["CreateBuildDirectory", "/tmp/Test/aProject/build/ExplicitPrecompiledModules"]),
  	ConstructedTask(forTarget: <none>, 1 inputs, 2 outputs, ruleInfo: ["CreateBuildDirectory", "/tmp/Test/aProject/build/SharedPrecompiledHeaders"]),
  	ConstructedTask(forTarget: <none>, 1 inputs, 2 outputs, ruleInfo: ["CreateBuildDirectory", "/tmp/Test/aProject/build/SwiftExplicitPrecompiledModules"]),
  	ConstructedTask(forTarget: <none>, 0 inputs, 2 outputs, ruleInfo: ["CreateBuildDirectory", "/var/folders/xr/m5_5rlsd6l9fk2w4ngj13k6m0000gn/C/com.apple.DeveloperTools/26.4.1-17E202/Xcode/CompilationCache.noindex"]),
  	GateTask(forTarget: <none>, 1 inputs, 1 outputs, ruleInfo: ["Gate", "WorkspaceHeaderMapVFSFilesWritten"]),
  	GateTask(forTarget: <none>, 2 inputs, 1 outputs, ruleInfo: ["Gate", "target-Framework-T-Framework-8681--AppExtensionInfoPlistGeneratorTaskProducer"]),
  	GateTask(forTarget: <none>, 3 inputs, 1 outputs, ruleInfo: ["Gate", "target-Framework-T-Framework-8681--AppIntentsMetadataTaskProducer"]),
  	GateTask(forTarget: <none>, 3 inputs, 1 outputs, ruleInfo: ["Gate", "target-Framework-T-Framework-8681--Barrier-ChangeAlternatePermissions"]),
  	GateTask(forTarget: <none>, 3 inputs, 1 outputs, ruleInfo: ["Gate", "target-Framework-T-Framework-8681--Barrier-ChangePermissions"]),
  	GateTask(forTarget: <none>, 3 inputs, 1 outputs, ruleInfo: ["Gate", "target-Framework-T-Framework-8681--Barrier-CodeSign"]),
  	GateTask(forTarget: <none>, 3 inputs, 1 outputs, ruleInfo: ["Gate", "target-Framework-T-Framework-8681--Barrier-CopyAside"]),
  	GateTask(forTarget: <none>, 2 inputs, 1 outputs, ruleInfo: ["Gate", "target-Framework-T-Framework-8681--Barrier-GenerateStubAPI"]),
  	GateTask(forTarget: <none>, 3 inputs, 1 outputs, ruleInfo: ["Gate", "target-Framework-T-Framework-8681--Barrier-RegisterExecutionPolicyException"]),
  	GateTask(forTarget: <none>, 3 inputs, 1 outputs, ruleInfo: ["Gate", "target-Framework-T-Framework-8681--Barrier-RegisterProduct"]),
  	GateTask(forTarget: <none>, 3 inputs, 1 outputs, ruleInfo: ["Gate", "target-Framework-T-Framework-8681--Barrier-StripSymbols"]),
  	GateTask(forTarget: <none>, 3 inputs, 1 outputs, ruleInfo: ["Gate", "target-Framework-T-Framework-8681--Barrier-Validate"]),
  	GateTask(forTarget: <none>, 2 inputs, 1 outputs, ruleInfo: ["Gate", "target-Framework-T-Framework-8681--CopySwiftPackageResourcesTaskProducer"]),
  	GateTask(forTarget: <none>, 2 inputs, 1 outputs, ruleInfo: ["Gate", "target-Framework-T-Framework-8681--CustomTaskProducer"]),
  	GateTask(forTarget: <none>, 2 inputs, 1 outputs, ruleInfo: ["Gate", "target-Framework-T-Framework-8681--DocumentationTaskProducer"]),
  	GateTask(forTarget: <none>, 2 inputs, 1 outputs, ruleInfo: ["Gate", "target-Framework-T-Framework-8681--ExtensionPointExtractorTaskProducer"]),
  	GateTask(forTarget: <none>, 2 inputs, 1 outputs, ruleInfo: ["Gate", "target-Framework-T-Framework-8681--GenerateAppPlaygroundAssetCatalogTaskProducer"]),
  	GateTask(forTarget: <none>, 2 inputs, 1 outputs, ruleInfo: ["Gate", "target-Framework-T-Framework-8681--GeneratedFilesTaskProducer"]),
  	GateTask(forTarget: <none>, 2 inputs, 1 outputs, ruleInfo: ["Gate", "target-Framework-T-Framework-8681--HeadermapTaskProducer"]),
  	GateTask(forTarget: <none>, 2 inputs, 1 outputs, ruleInfo: ["Gate", "target-Framework-T-Framework-8681--InfoPlistTaskProducer"]),
  	GateTask(forTarget: <none>, 2 inputs, 1 outputs, ruleInfo: ["Gate", "target-Framework-T-Framework-8681--ModuleMapTaskProducer"]),
  	GateTask(forTarget: <none>, 2 inputs, 1 outputs, ruleInfo: ["Gate", "target-Framework-T-Framework-8681--ModuleVerifierTaskProducer"]),
  	GateTask(forTarget: <none>, 20 inputs, 1 outputs, ruleInfo: ["Gate", "target-Framework-T-Framework-8681--ProductPostprocessingTaskProducer"]),
  	GateTask(forTarget: <none>, 2 inputs, 1 outputs, ruleInfo: ["Gate", "target-Framework-T-Framework-8681--ProductStructureTaskProducer"]),
  	GateTask(forTarget: <none>, 2 inputs, 1 outputs, ruleInfo: ["Gate", "target-Framework-T-Framework-8681--RealityAssetsTaskProducer"]),
  	GateTask(forTarget: <none>, 2 inputs, 1 outputs, ruleInfo: ["Gate", "target-Framework-T-Framework-8681--SanitizerTaskProducer"]),
  	GateTask(forTarget: <none>, 2 inputs, 1 outputs, ruleInfo: ["Gate", "target-Framework-T-Framework-8681--StubBinaryTaskProducer"]),
  	GateTask(forTarget: <none>, 3 inputs, 1 outputs, ruleInfo: ["Gate", "target-Framework-T-Framework-8681--SwiftABIBaselineGenerationTaskProducer"]),
  	GateTask(forTarget: <none>, 3 inputs, 1 outputs, ruleInfo: ["Gate", "target-Framework-T-Framework-8681--SwiftFrameworkABICheckerTaskProducer"]),
  	GateTask(forTarget: <none>, 2 inputs, 1 outputs, ruleInfo: ["Gate", "target-Framework-T-Framework-8681--SwiftPackageCopyFilesTaskProducer"]),
  	GateTask(forTarget: <none>, 3 inputs, 1 outputs, ruleInfo: ["Gate", "target-Framework-T-Framework-8681--SwiftStandardLibrariesTaskProducer"]),
  	GateTask(forTarget: <none>, 2 inputs, 1 outputs, ruleInfo: ["Gate", "target-Framework-T-Framework-8681--TAPISymbolExtractorTaskProducer"]),
  	GateTask(forTarget: <none>, 2 inputs, 1 outputs, ruleInfo: ["Gate", "target-Framework-T-Framework-8681--TestEntryPointTaskProducerFactory"]),
  	GateTask(forTarget: <none>, 2 inputs, 1 outputs, ruleInfo: ["Gate", "target-Framework-T-Framework-8681--TestHostTaskProducer"]),
  	GateTask(forTarget: <none>, 2 inputs, 1 outputs, ruleInfo: ["Gate", "target-Framework-T-Framework-8681--TestTargetPostprocessingTaskProducer"]),
  	GateTask(forTarget: <none>, 2 inputs, 1 outputs, ruleInfo: ["Gate", "target-Framework-T-Framework-8681--TestTargetTaskProducer"]),
  	GateTask(forTarget: <none>, 2 inputs, 1 outputs, ruleInfo: ["Gate", "target-Framework-T-Framework-8681--fused-phase0-copy-files"]),
  	ConstructedTask(forTarget: <none>, 1 inputs, 1 outputs, ruleInfo: ["WriteAuxiliaryFile", "/tmp/Test/aProject/build/aProject.build/Debug/aProject-P8684-VFS/all-product-headers.yaml"])'
↳ PlaygroundLogger build failure because Copy runs before Modules symlink (or maybe there is no such symlink)?
✔ Test archNeutralCompilerSpecs() passed after 18.833 seconds.
✔ Test overrideVersionCBuildRule() passed after 18.833 seconds.
✔ Test compilerLanguageDialectSelection() passed after 18.833 seconds.
✔ Test metalCompilerWithSameBasenameSources() passed after 18.834 seconds.
✔ Test multipleSourceFilesWithSameBaseName() passed after 18.834 seconds.
✔ Test multipleFileProcessedError() passed after 18.835 seconds.
✔ Test scriptRuleWithNoOutputs() passed after 18.835 seconds.
✔ Test metalCompiler() passed after 18.834 seconds.
✔ Test macCatalystRunDestinationSDKVariantOverride_macOS_Auto() passed after 18.832 seconds.
✔ Test linkMissingProjectReference() passed after 18.835 seconds.
✔ Test macCatalystRunDestinationSDKVariantOverride_iOS() passed after 18.833 seconds.
✔ Test macCatalystRunDestinationSDKVariantOverride_macOS() passed after 18.834 seconds.
━ Test macCatalystRunDestinationSDKVariantOverride_macCatalyst_Auto() passed after 18.833 seconds with 1 known issue.
━ Test macCatalystRunDestinationSDKVariantOverride_macCatalyst() passed after 18.834 seconds with 1 known issue.
✔ Test dsymutilEnvironment() passed after 18.859 seconds.
✔ Test dsymutilEmbedResources() passed after 18.860 seconds.
✔ Test customTasksAreIndependent() passed after 18.857 seconds.
✔ Test eagerLinkingTBDSymlinkOwnershipAnalysis() passed after 18.860 seconds.
✔ Test customTasksSucceedWithNoOutputs() passed after 18.857 seconds.
✔ Test customTaskInjectsShellScriptEnvironment() passed after 18.857 seconds.
✔ Test frameworkStubifyMode() passed after 18.860 seconds.
✔ Test copyProductDefinition() passed after 18.861 seconds.
✔ Test basics() passed after 18.859 seconds.
✔ Test generateHeaderTaskOrdering() passed after 18.854 seconds.
✔ Test processLocalizableStrings() passed after 18.863 seconds.
✔ Test ignoredDeploymentLocation() passed after 18.860 seconds.
✔ Test noAnalyzerTasks() passed after 18.860 seconds.
✔ Test warningForMissingExternalBundles() passed after 18.854 seconds.
✔ Test registerExecutionPolicyExceptionSkippedOnNonDarwinPlatforms() passed after 18.863 seconds.
✔ Test withCompilationCaching() passed after 18.861 seconds.
✔ Test validateProductWithNonNormalVariant() passed after 18.864 seconds.
✔ Test overridingProductType() passed after 18.849 seconds.
✔ Test copyFilesFusion() passed after 18.851 seconds.
✔ Test customTasksWithDuplicateDescriptions() passed after 18.863 seconds.
✔ Test installLocIgnoreUnlocalizedResources() passed after 18.885 seconds.
✔ Test dylibStubifyMode() passed after 18.893 seconds.
✔ Test infoPlistPrivacyContentFileInputsSorted() passed after 18.885 seconds.
✔ Test buildPhaseFusionDisabled() passed after 18.882 seconds.
✔ Test sandboxingDoesNotImplyEagerCompilationForAggregateTargetScripts() passed after 18.889 seconds.
✔ Test installWithUpwardsPath() passed after 18.892 seconds.
✔ Test excludedFilesExternal() passed after 18.891 seconds.
✔ Test sourcesImageCombining() passed after 18.890 seconds.
✔ Test copyFilesProcessing() passed after 18.891 seconds.
✔ Test copyLocalizedFilesProcessing() passed after 18.891 seconds.
✔ Test variantGroupResourceCopyingWithKnownLocalizationsFilter() passed after 18.891 seconds.
✔ Test appleScriptProcessing() passed after 18.892 seconds.
✔ Test resourceProcessing() passed after 18.892 seconds.
✔ Test copyResourceRuleSkipsBuildRules() passed after 18.892 seconds.
✔ Test copyLocalizedFilesWithBuildRulesAndKnownLocalizationsFilter() passed after 18.892 seconds.
✔ Test dtraceProcessing() passed after 18.893 seconds.
✔ Test preprocessedLocalizedStringsFiles() passed after 18.893 seconds.
━ Test copyFilesIntoModulesSymLink() passed after 18.893 seconds with 2 known issues.
✔ Test copyLocalizedFilesWithKnownLocalizationsFilter() passed after 18.893 seconds.
✔ Test alternateProducersOfProductStructure() passed after 18.894 seconds.
✔ Test sceneKitDAEProcessing() passed after 18.894 seconds.
✔ Test variantGroupResourceCopying() passed after 18.894 seconds.
✔ Test multipleHeadersOfSameName2() passed after 18.893 seconds.
✔ Test scriptPhaseRelocationBasic() passed after 18.894 seconds.
✔ Test scriptPhaseRelocationBasicWithSandboxedScriptsProducingHeaders() passed after 18.894 seconds.
✔ Test basicOrdering() passed after 18.895 seconds.
✔ Test multipleHeadersOfSameName() passed after 18.895 seconds.
✔ Test scriptPhaseBlocksCopyResourcesCompileSourcesFusion() passed after 18.899 seconds.
✔ Test scriptPhaseRelocationBasicWithSandboxedScriptsNotProducingHeaders() passed after 18.901 seconds.
✔ Test scriptPhaseRelocationBasicWithUnsandboxedScripts() passed after 18.903 seconds.
✔ Test basicCopyResourcesCompileSourcesFusion() passed after 18.904 seconds.
✔ Test bundleWithNoSources() passed after 18.934 seconds.
✔ Test bundleWithNoArchs() passed after 18.949 seconds.
✔ Suite TaskOrderingTests passed after 19.035 seconds.
✔ Test wildcardExcludedSourceFileNames() passed after 19.034 seconds.
✔ Test recursiveSearchPathsForLinking() passed after 19.038 seconds.
✔ Test scriptTargetWithoutOutputs() passed after 19.052 seconds.
✔ Test recursiveHeaderSearchPaths() passed after 19.038 seconds.
✔ Test overrideKernelExtensionModuleInfoBuildRule() passed after 19.041 seconds.
✔ Test buildDescriptionCacheDirectoryCreationWithEmptyArenaMultipleProjectsAndCustomSymroot() passed after 19.181 seconds.
✔ Test versionCommandLineInvocation() passed after 19.215 seconds.
✔ Test outputNotRedirectingStderr() passed after 19.232 seconds.
✔ Test staticArchives() passed after 19.262 seconds.
✔ Test appendBuildDataConcurrent() passed after 19.271 seconds.
✔ Suite XCBuildDataArchiveTests passed after 19.284 seconds.
✔ Test noErrorWithModifiedContentNoSignature() passed after 19.307 seconds.
⎙ Attached 'Build Transcript.txt' to unsafeToInterrupt().
⎙ Attached 'Build Description.txt' to unsafeToInterrupt().
⎙ Attached 'Build Transcript.txt' to cancellationAfterStart().
✔ Test isAlive() passed after 19.330 seconds.
✔ Test asyncReadFileDescriptor() passed after 19.346 seconds.
✔ Test cancellationAfterStart() passed after 19.358 seconds.
⎙ Attached 'Build Transcript.txt' to simulatedSingleInputlessOutputlessCommand().
⎙ Attached 'Build Transcript.txt' to basicMutatedNode().
✔ Test signatureCollectionDiagnostics() passed after 19.379 seconds.
⎙ Attached 'Build Transcript.txt' to multipleMutatedNodes().
✔ Test basics() passed after 19.348 seconds.
✔ Test unsafeToInterrupt() passed after 19.376 seconds.
⎙ Attached 'Build Transcript.txt' to auxiliaryFileDiagnostics().
✔ Test simulatedSingleInputlessOutputlessCommand() passed after 19.380 seconds.
✔ Suite FileHandleTests passed after 19.399 seconds.
✔ Test closing() passed after 19.363 seconds.
⎙ Attached 'Build Transcript.txt' to simulatedDiamondGraph().
⎙ Attached 'Build Transcript.txt' to chainedMutatedInput().
✔ Suite RecursiveSearchPathResolverTests passed after 19.402 seconds.
✔ Test auxiliaryFileDiagnostics() passed after 19.395 seconds.
✔ Test simulatedDiamondGraph() passed after 19.397 seconds.
2026-05-11 15:38:41.691 SWBBuildServiceBundle[62006:49843920] forcing incremental PIF cache clear after loading error: Required key 'defaultConfigurationName' is missing in Project dictionary
✔ Test describeProducts() passed after 19.712 seconds.
✔ Test kernelExtensionModuleInfoGeneratedFileIsExcluded() passed after 20.076 seconds.
✔ Test copyHeaderRemoval() passed after 20.087 seconds.
✔ Test emptySourcesTarget() passed after 20.091 seconds.
✔ Test instrumentsPackage() passed after 20.092 seconds.
✔ Test kernelExtensionModuleInfo() passed after 20.115 seconds.
✔ Test pathNormalizationConsistency() passed after 20.162 seconds.
✔ Test customTaskWithModuleMapOutputIsCompilationRequirement() passed after 20.179 seconds.
✔ Test caseIndependentSourceFileNameCollision() passed after 20.166 seconds.
✔ Test multiArchConfigurationYieldsSingleArchBinary() passed after 20.171 seconds.
✔ Test renameInfoPlist() passed after 20.170 seconds.
✔ Test crossPlatformDeadCodeStripping() passed after 20.169 seconds.
✔ Test defaultDeploymentTargetInRange_macOS() passed after 20.171 seconds.
✔ Test workingDirectoryAndSourceRoot() passed after 20.178 seconds.
✔ Test eagerParallelCompilation() passed after 20.196 seconds.
✔ Test eagerCompilationWithScriptsAfterCompiling() passed after 20.205 seconds.
✔ Test testDeepFramework_FrameworksSymlink() passed after 20.214 seconds.
✔ Suite ProductTypesTests passed after 20.269 seconds.
✔ Test eagerCompilationBasicsWithSandboxedScripts() passed after 20.268 seconds.
✔ Test nonPrefixHeaderUse() passed after 20.260 seconds.
✔ Test buildPlanDumping() passed after 20.286 seconds.
✔ Test eagerCompilationRequiredByTarget() passed after 20.361 seconds.
✔ Test eagerParallelCompilation_HeaderGeneratingShellScript() passed after 20.384 seconds.
✔ Test defaultDeploymentTargetInRange_tvOS() passed after 20.379 seconds.
✔ Test renameLocalizedInfoPlistWhenTweakedInfoPlistName() passed after 20.384 seconds.
✔ Test defaultDeploymentTargetInRange_watchOS() passed after 20.384 seconds.
✔ Test fileTextEncoding() passed after 20.392 seconds.
✔ Test skippingStaticAnalyzer() passed after 20.423 seconds.
✔ Test headerGeneratingShellScriptsAreCompilationRequirements() passed after 20.440 seconds.
✔ Test defaultDeploymentTargetInRange_iOS() passed after 20.432 seconds.
✔ Test headerCommandReordering() passed after 20.432 seconds.
✔ Test externalBuildTargetDependencies() passed after 20.443 seconds.
✔ Test defaultDeploymentTargetInRange_macCatalyst() passed after 20.447 seconds.
✔ Test duplicatedDSYMName() passed after 20.477 seconds.
✔ Test vFSFileHasAbsoluteExternalPaths() passed after 20.460 seconds.
✔ Test duplicateArchFiltering() passed after 20.460 seconds.
✔ Test scriptRuleWithFileListsAndErrors() passed after 20.464 seconds.
✔ Test iOSAppWithVariant() passed after 20.464 seconds.
✔ Test sendCorruptPIFIncrementallyWithAuditing() passed after 20.505 seconds.
✔ Test developerDir() passed after 20.505 seconds.
✔ Test inAppPurchaseContent() passed after 20.522 seconds.
✔ Test setOwnerGroupAndModeWithVariants() passed after 20.521 seconds.
✔ Suite InAppPurchaseContentTaskConstructionTests passed after 20.549 seconds.
✔ Test missingTargetDependency() passed after 20.519 seconds.
✔ Test createBuildDirectoryOrderingWithArena() passed after 20.527 seconds.
✔ Test buildDirIndependentOfConfigurationName() passed after 20.568 seconds.
✔ Test prefixHeaderModuleMapDependencies() passed after 20.562 seconds.
✔ Test emptyTarget() passed after 20.583 seconds.
✔ Test renameLocalizedInfoPlistWhenDowncaseInfo() passed after 20.585 seconds.
✔ Test eagerCompilationRequiredWithDeploymentLocationAndNestedInstallPaths() passed after 20.654 seconds.
✔ Test assemblyCompile() passed after 20.660 seconds.
✔ Test eagerParallelCompilation_Precompile() passed after 20.676 seconds.
✔ Test renameLocalizedInfoPlistWhenGenerated() passed after 20.665 seconds.
✔ Test eagerCompilationDisabledAndRequiredByTarget() passed after 20.693 seconds.
✔ Test eagerCompilationWithTestHost() passed after 20.700 seconds.
✔ Test eagerCompilationWithScriptsBeforeCompiling() passed after 20.709 seconds.
✔ Test compileSourcesWithoutLinkage() passed after 20.705 seconds.
✔ Test eagerCompilationWithDeploymentLocation() passed after 20.730 seconds.
✔ Test eagerCompilationWithScriptsAllowed() passed after 20.745 seconds.
✔ Test buildWarningsForFilesInImproperBuildPhase() passed after 20.735 seconds.
✔ Test copyStringsArchNeutral() passed after 20.740 seconds.
✔ Test buildTargetInfoUnrecognizedTriple() passed after 20.773 seconds.
✔ Test testEmitSarif() passed after 20.753 seconds.
✔ Test customTaskWithNonCompilationRequirementOutputDoesNotBlockCompilation() passed after 20.769 seconds.
✔ Suite CustomTaskConstructionTests passed after 20.833 seconds.
✔ Test macFramework_nonswift() passed after 20.798 seconds.
✔ Test iOSSimulatorFramework_nonswift() passed after 20.802 seconds.
✔ Test errorWithModifiedContent() passed after 20.834 seconds.
✔ Test macCatalystDynamicLibrary_nonswift() passed after 20.826 seconds.
✔ Test iOSSimulatorDynamicLibrary_nonswift() passed after 20.825 seconds.
✔ Test macDynamicLibrary_nonswift() passed after 20.840 seconds.
✔ Test scriptPhaseBehaviors() passed after 20.840 seconds.
✔ Test macFrameworkWithDSYMs_nonswift() passed after 20.855 seconds.
⎙ Attached 'Build Transcript.txt' to simulatedMustPrecede().
⎙ Attached 'Build Transcript.txt' to complexMutatingSequence().
✔ Test simulatedMustPrecede() passed after 20.927 seconds.
⎙ Attached 'Build Transcript.txt' to additionalInfoOutput().
✔ Test uncaughtSignal() passed after 20.919 seconds.
⎙ Attached 'Build Transcript.txt' to continueBuildingAfterErrorsOn().
⎙ Attached 'Build Transcript.txt' to simulatedInternalCommand().
⎙ Attached 'Build Transcript.txt' to chainedMutatedInputErrors().
✔ Test additionalInfoOutput() passed after 20.943 seconds.
✔ Test buildLibraryForDistributionOverride_DynamicLibrary() passed after 20.919 seconds.
✔ Test continueBuildingAfterErrorsOn() passed after 20.943 seconds.
✔ Test installSymlinkNormalization() passed after 20.921 seconds.
✔ Test buildLibraryForDistributionNoHeaders_DynamicLibrary() passed after 20.955 seconds.
✔ Test missingNamedReferences() passed after 20.967 seconds.
✔ Test chainedMutatedInputErrors() passed after 21.032 seconds.
✔ Test toolchainLookupByPath() passed after 21.048 seconds.
✔ Suite ToolchainTests passed after 21.097 seconds.
✔ Test showSpecs() passed after 21.095 seconds.
✔ Test cppHeaderInSourcesPhase() passed after 21.104 seconds.
✔ Test renameLocalizedInfoPlistWhenCustomName() passed after 21.149 seconds.
✔ Test describeArchivableProducts() passed after 21.155 seconds.
2026-05-11 15:38:43.162 SWBBuildServiceBundle[61990:49847349] error: The incremental PIF transfer did not produce the right contents. Left = incremental, right = full:
WorkspaceDiff<
    leftProjects: [],
    rightProjects: [Project<P9460:/private/var/folders/xr/m5_5rlsd6l9fk2w4ngj13k6m0000gn/T/swbuild.tmp.MktO69K4/Data.noindex/aProject/aProject.xcodeproj:1 targets>],
    leftTargets: [],
    rightTargets: [StandardTarget<T-aTarget-9457:aTarget>],
    leftReferences: [],
    rightReferences: [FileGroup<G9456:foo:.buildSetting(PROJECT_DIR):>]
>
✔ Test indexingCancellation() passed after 21.193 seconds.
✔ Test sendPIFIncrementallyWithAuditing() passed after 21.280 seconds.
✔ Test cancellationImmediatelyAfterStart() passed after 21.289 seconds.
✔ Test serviceCrashRecovery() passed after 21.293 seconds.
✔ Test cleanBuild() passed after 21.308 seconds.
✔ Test sendPIFIncrementallyWithAuditingFailure() passed after 21.330 seconds.
✔ Test cancellationAfterTaskStart() passed after 21.333 seconds.
✔ Test sessionPIFLoading() passed after 21.448 seconds.
✔ Test computeDependencyClosureBasic() passed after 21.493 seconds.
✔ Test emptyInput() passed after 21.526 seconds.
✔ Test validateLibraryForDistributionForFlatSwiftModuleStructure() passed after 21.533 seconds.
✔ Test signatureCollectionOutputNotSigned() passed after 21.565 seconds.
✔ Test linkerSignedBinaryDetection() passed after 21.552 seconds.
✔ Test iOSFrameworkWithDebugSymbols_nonswift() passed after 21.535 seconds.
✔ Test macStaticLibrary() passed after 21.536 seconds.
✔ Suite SignatureCollectionActionTests passed after 21.577 seconds.
✔ Suite MiscTests passed after 21.576 seconds.
✔ Test basics() passed after 21.576 seconds.
✔ Suite SignaturesTests passed after 21.603 seconds.
✔ Test nonSwift() passed after 21.644 seconds.
⎙ Attached 'Build Transcript.txt' to mkdir().
⎙ Attached 'Build Description.txt' to mkdir().
⎙ Attached 'Build Transcript.txt' to simulatedTasksWithGate().
⎙ Attached 'Build Transcript.txt' to directoryTreeInputs().
⎙ Attached 'Build Description.txt' to directoryTreeInputs().
✔ Test mkdir() passed after 21.723 seconds.
⎙ Attached 'Build Transcript.txt' to simulatedAuxiliaryFileWrite().
⎙ Attached 'Build Transcript.txt' to missingShellScriptInputs().
✔ Test simulatedTasksWithGate() passed after 21.747 seconds.
✔ Test missingShellScriptInputs() passed after 21.753 seconds.
✔ Test indexOptionsNotAddedIfIndexingIsDisabled() passed after 21.786 seconds.
✔ Test sessionDestructionCancellation() passed after 21.855 seconds.
✔ Test cancellationBeforeStarting() passed after 21.874 seconds.
✔ Test describeSchemes() passed after 21.888 seconds.
✔ Suite ProductPlannerTests passed after 21.927 seconds.
✔ Test eagerCompilationAllowScriptsHandlesSandboxingOptOut() passed after 22.081 seconds.
✔ Test iOSDynamicLibrary_nonswift() passed after 22.354 seconds.
✔ Test buildLibraryForDistributionError_DynamicLibrary() passed after 22.354 seconds.
✔ Test macFatStaticLibrary() passed after 22.354 seconds.
✔ Test iOSFramework_nonswift() passed after 22.355 seconds.
✔ Test buildLibraryForDistributionOverride_Framework() passed after 22.355 seconds.
✔ Test thinStaticArchive_MachO() passed after 22.382 seconds.
✔ Test macFrameworkWithDSYMs_swift() passed after 22.358 seconds.
✔ Test invalidBuildRequest() passed after 22.375 seconds.
✔ Test buildLibraryForDistributionError_Framework() passed after 22.378 seconds.
✔ Test sendPIFIncrementally() passed after 22.387 seconds.
✔ Test dumpSerializedDiagnostics() passed after 22.406 seconds.
✔ Test commandInvocationInProcess() passed after 22.409 seconds.
⎙ Attached 'Build Transcript.txt' to continueBuildingAfterErrorsOff().
✔ Suite ServiceConsoleTests passed after 22.525 seconds.
✔ Suite CreateXCFrameworkCommandTests passed after 22.532 seconds.
✔ Test continueBuildingAfterErrorsOff() passed after 22.519 seconds.
✔ Test sessionCrashRecovery() passed after 22.903 seconds.
✔ Test buildTargetInfo(_:) with 21 test cases passed after 23.110 seconds.
✔ Test computeDependencyClosureWithImplicitDependencies() passed after 23.093 seconds.
✔ Test multipleConcurrentNormalBuilds() passed after 23.164 seconds.
✔ Test sendCorruptPIFIncrementallyMultipleObjects() passed after 23.182 seconds.
✔ Test buildScriptIssues() passed after 23.253 seconds.
✔ Test alternateFrameworkVersion() passed after 23.354 seconds.
✔ Test taskIdentifierCollisionErrors() passed after 23.506 seconds.
✔ Test eagerParallelCompilation_PerTargetPrecompiledHeader() passed after 23.529 seconds.
✔ Test macOSMacCatalystCoexistence() passed after 23.528 seconds.
✔ Test coreLoadErrors() passed after 23.569 seconds.
✔ Test loadingDownloadableToolchain() passed after 23.572 seconds.
✔ Test swiftDeveloperToolchainSet() passed after 23.572 seconds.
✔ Test customBuildSettings() passed after 23.587 seconds.
✔ Test eagerCompilationDisabledByTarget() passed after 23.596 seconds.
✔ Test loadingErrors() passed after 23.608 seconds.
✔ Test multipleCreators() passed after 23.634 seconds.
✔ Test loadingWarnings() passed after 23.610 seconds.
✔ Suite ToolchainRegistryTests passed after 23.646 seconds.
✔ Test perVariantSigning() passed after 23.712 seconds.
✔ Test packageDiamondProblemDiagnosticDoesNotFlagExecutables() passed after 23.740 seconds.
✔ Test createBuildDirectoryOrdering() passed after 23.732 seconds.
2026-05-11 15:38:45.824 SWBBuildServiceBundle[62041:49849254] Duplicate source file for indexing Path(str: "/private/var/folders/xr/m5_5rlsd6l9fk2w4ngj13k6m0000gn/T/swbuild.tmp.nZwUHCWe/Data.noindex/Test/aProject/foo.c")
✔ Test emptyBuild() passed after 23.862 seconds.
2026-05-11 15:38:45.883 SWBBuildServiceBundle[62041:49849252] Duplicate source file for indexing Path(str: "/private/var/folders/xr/m5_5rlsd6l9fk2w4ngj13k6m0000gn/T/swbuild.tmp.nZwUHCWe/Data.noindex/Test/aProject/foo.c")
✔ Test macFramework_swift() passed after 23.956 seconds.
✔ Test macCatalystDynamicLibrary_swift() passed after 23.956 seconds.
✔ Test macDynamicLibrary_swift() passed after 23.957 seconds.
✔ Test iOSSimulatorDynamicLibrary_swift() passed after 23.997 seconds.
✔ Test thinMachO() passed after 24.066 seconds.
⎙ Attached 'Build Transcript.txt' to simulatedEmptyTarget().
✔ Test simulatedEmptyTarget() passed after 24.231 seconds.
⎙ Attached 'Build Transcript.txt' to simulatedBuildPhaseOrder().
✔ Test simulatedBuildPhaseOrder() passed after 24.263 seconds.
✔ Test sessionPIFCache() passed after 24.259 seconds.
✔ Suite PIFTests passed after 24.294 seconds.
✔ Test XCStringsNotNeedingBuilt() passed after 24.273 seconds.
✔ Test missingWorkspaceContext() passed after 24.386 seconds.
✔ Test configuredTargets() passed after 24.591 seconds.
✔ Suite BuildDescriptionLifecycleTests passed after 24.636 seconds.
✔ Test hierarchicalSYMROOTLayout() passed after 24.813 seconds.
✔ Test objCTaskDependenciesEagerLinkingEnabled() passed after 24.876 seconds.
✔ Test objCTaskDependenciesEagerLinkingEnabledForAllButOneTarget() passed after 24.882 seconds.
✔ Test objCLinkerInputsReadyDependsOnLipo() passed after 24.885 seconds.
✔ Test extensionTargetBasics() passed after 24.875 seconds.
✔ Test packageDiamondProblemDiagnosticConsidersPackageTargetsAndUsesDynamicVariantIfAvailable() passed after 24.911 seconds.
✔ Test packageDiamondProblemDiagnosticConsidersPackageTargets() passed after 24.933 seconds.
✔ Test multipleFrameworkTargetsWithSamePackage() passed after 24.962 seconds.
✔ Test aggregateScriptDependentByMacCatalyst() passed after 24.949 seconds.
✔ Test packageDiamondProblemDiagnosticTransitive() passed after 24.956 seconds.
✔ Test archivingMultipleWatchSidecars() passed after 24.960 seconds.
✔ Test packageDiamondProblemDiagnosticDoesNotConsiderCopyResources() passed after 25.000 seconds.
✔ Test packageDiamondProblemDiagnosticNoFalsePositives() passed after 25.022 seconds.
✔ Test packageDiamondProblemDiagnosticConsidersConflictingPackageProducts() passed after 25.027 seconds.
✔ Test packageDiamondProblemDiagnosticForDylibs() passed after 25.055 seconds.
✔ Test packageDiamondProblemDiagnosticOptOut() passed after 25.068 seconds.
✔ Test packageDiamondProblemDiagnosticRequiresMultiPass() passed after 25.122 seconds.
✔ Test packageDiamondProblemDiagnosticUserDefault() passed after 25.145 seconds.
✔ Test targetSources() passed after 25.161 seconds.
✔ Test packageDiamondProblemDiagnostic() passed after 25.219 seconds.
✔ Test packageDiamondProblemDiagnosticUsesDynamicVariantIfAvailable() passed after 25.249 seconds.
✔ Test packageDiamondProblemDoesNotCrashDuringBuild() passed after 25.396 seconds.
✔ Test basics() passed after 25.381 seconds.
✔ Test prepareForIndexAvoidsProvisioning() passed after 25.400 seconds.
✔ Test packageDiamondProblemDiagnosticRequiresMultiPassWithResources() passed after 25.434 seconds.
✔ Test multiFileAssembleBuild() passed after 25.457 seconds.
✔ Test argsCleaned() passed after 25.488 seconds.
✔ Test fixFor23297285DisabledForIndexBuild() passed after 25.488 seconds.
✔ Test extensionBasedWatchApp() passed after 25.556 seconds.
✔ Test prepareForIndexResultInfo() passed after 25.563 seconds.
✔ Test iOSSimulatorFramework_swift() passed after 25.688 seconds.
✔ Test includesSymbolFiles() passed after 25.768 seconds.
✔ Suite LocalizationInfoSymbolGenTests passed after 25.807 seconds.
✔ Test copyFilesOnlyOnDeploymentTarget() passed after 25.972 seconds.
✔ Test installhdrs() passed after 26.318 seconds.
✔ Test metalCompilerFastMath() passed after 26.349 seconds.
✔ Test customBuildRulesInputAndOutputFileList() passed after 26.391 seconds.
━ Test ensureTaskBelongToCorrectBuild() recorded a known issue at TaskConstructionTester.swift:324:29: Caught error: Could not find task in graph: CompileC /private/var/folders/xr/m5_5rlsd6l9fk2w4ngj13k6m0000gn/T/swbuild.tmp.9wWFxjQY/Data.noindex/TestProject/build/TestProject.build/Debug/TestTarget.build/Objects-normal/arm64/test.o /private/var/folders/xr/m5_5rlsd6l9fk2w4ngj13k6m0000gn/T/swbuild.tmp.9wWFxjQY/Data.noindex/TestProject/test.c normal arm64 c com.apple.compilers.llvm.clang.1_0.compiler
↳ Task does not belong to the current build
✔ Test installLocWithShellScriptPhase() passed after 26.418 seconds.
✔ Test indexOptions() passed after 26.434 seconds.
━ Test ensureTaskBelongToCorrectBuild() passed after 26.451 seconds with 1 known issue.
━ Suite TaskCheckingTests passed after 26.492 seconds with 1 known issue.
✔ Test rezPhase() passed after 26.511 seconds.
✔ Test dSYMGeneration() passed after 26.638 seconds.
✔ Test appleScriptBuildPhaseDeprecation() passed after 26.645 seconds.
✔ Test externalModuleVerifier() passed after 26.746 seconds.
✔ Test scriptFusion() passed after 26.751 seconds.
✔ Test kernelExtensionModuleInfoEmpty() passed after 26.822 seconds.
✔ Test imageCombining() passed after 26.830 seconds.
✔ Test frameworkBasics() passed after 26.856 seconds.
✔ Test scriptRuleWithFileLists() passed after 26.899 seconds.
✔ Test versioningStub() passed after 26.903 seconds.
✔ Test prefixHeaderHashIgnoresNeutralFlags() passed after 26.916 seconds.
✔ Test precompiledHeaderDialectSupport() passed after 26.917 seconds.
✔ Test indexOptions() passed after 27.007 seconds.
✔ Suite MetalTests passed after 27.049 seconds.
✔ Test buildCommandWithSwiftPackage() passed after 27.028 seconds.
✔ Test selectConfiguredTargets() passed after 27.103 seconds.
✔ Test indexInfoForMultiPlatformTargets() passed after 27.107 seconds.
✔ Test packageProductReferences() passed after 27.223 seconds.
✔ Test precompiledPCH() passed after 27.230 seconds.
✔ Test recursiveSearchPathValidation() passed after 27.303 seconds.
✔ Test infoPlistPreprocessing() passed after 27.325 seconds.
✔ Suite InfoPlistTaskConstructionTests passed after 27.354 seconds.
✔ Test computeDependencyClosureWithPlatformFilters() passed after 27.359 seconds.
✔ Suite DependencyClosureTests passed after 27.396 seconds.
[SwiftBuild.SWBConfiguredTargetSourceFilesInfo.SourceFileInfo(path: SwiftBuild.AbsolutePath(pathString: "/private/var/folders/xr/m5_5rlsd6l9fk2w4ngj13k6m0000gn/T/swbuild.tmp.3KzEwu7m/Data.noindex/Test/MyApp.swift"), language: Optional(SwiftBuild.SWBSourceLanguage.swift), indexOutputPath: Optional("/Test.build/Debug/MyApp.build/Objects-normal/arm64/MyApp.o"))]
✔ Test sessionTeardown() passed after 27.439 seconds.
✔ Test iOSAppBasics() passed after 27.604 seconds.
✔ Test externalBuildTarget() passed after 27.642 seconds.
✔ Test artifacts() passed after 27.742 seconds.
✔ Test configuredTargets() passed after 27.810 seconds.
⎙ Attached 'Build Transcript.txt' to simulatedNonParallelTargetBuild().
⎙ Attached 'Build Transcript.txt' to basicMutatedNode().
⎙ Attached 'Build Transcript.txt' to simulatedTargetDependencies().
⎙ Attached 'Build Transcript.txt' to multipleMutatedNodes().
⎙ Attached 'Build Transcript.txt' to simpleCycle().
✔ Test indexOutputUnitPathModifiesOutputInfo() passed after 28.208 seconds.
✔ Test repeatedCancellation() passed after 28.216 seconds.
✔ Test simulatedNonParallelTargetBuild() passed after 28.258 seconds.
✔ Test generatePreviewInfoXOJITWithStaticLibrary() passed after 28.260 seconds.
✔ Test buildOrderDiagnosticOneTarget() passed after 28.247 seconds.
✔ Test multipleMutatedNodes() passed after 28.338 seconds.
⎙ Attached 'Build Transcript.txt' to preparingForIndexingMetalFile().
⎙ Attached 'Build Description.txt' to preparingForIndexingMetalFile().
✔ Test simpleCycle() passed after 28.362 seconds.
✔ Test simulatedTargetDependencies() passed after 28.388 seconds.
✔ Test metalCompilerEnableModules() passed after 28.411 seconds.
✔ Test ambiguousImplicitDependency() passed after 28.414 seconds.
✔ Test preparingForIndexingMetalFile() passed after 28.441 seconds.
✔ Test installLocSSUAppIntents() passed after 28.436 seconds.
✔ Test metalCompilerFP32MathFunctions() passed after 28.530 seconds.
✔ Test cPlusPlusLibrary() passed after 28.617 seconds.
✔ Test installLocForUnlocalizedSettingsBundle() passed after 28.600 seconds.
✔ Test embeddedDirectoriesInResources() passed after 28.600 seconds.
✔ Test overlappingSymlinksForFrameworks() passed after 28.633 seconds.
✔ Test unifdef() passed after 28.648 seconds.
✔ Test copyFilesForLocalizableFiles() passed after 28.637 seconds.
✔ Test embeddedDirectoriesInCopyFiles() passed after 28.637 seconds.
✔ Test entitlementsDictionaryProcessing() passed after 28.659 seconds.
✔ Test embeddedExternalBundles() passed after 28.696 seconds.
✔ Test installLocForSettingsBundle() passed after 28.700 seconds.
✔ Test installLocForSettingsBundleInCopyFiles() passed after 28.739 seconds.
✔ Test copyFilesRulesMergeRegion() passed after 28.759 seconds.
✔ Test appExtensionEmbedding() passed after 28.758 seconds.
✔ Test dynamicPackageProductGetsLinkedAndEmbedded() passed after 28.778 seconds.
✔ Test kernelExtensionStandardArchitectures() passed after 28.785 seconds.
✔ Suite KernelExtensionTaskConstructionTests passed after 28.825 seconds.
✔ Test frameworkEntriesForTargetsNotBeingBuilt() passed after 28.793 seconds.
✔ Test createXCFramework() passed after 28.866 seconds.
✔ Test macCatalystSupportsProductTypes() passed after 28.871 seconds.
✔ Suite BuildServiceTests passed after 28.884 seconds.
✔ Test configuredTargetSources() passed after 28.899 seconds.
✔ Test absoluteAssetSymbolIndexPath() passed after 28.885 seconds.
✔ Test macroEvaluationBasics() passed after 29.065 seconds.
✔ Test workspaceTargets() passed after 29.091 seconds.
✔ Test indexingInfoWithMultipleArchs() passed after 29.087 seconds.
⎙ Attached 'Build Transcript.txt' to chainedMutatedInput().
✔ Test fatStaticArchives() passed after 29.382 seconds.
✔ Test iOSFrameworkWithDebugSymbols_swift() passed after 29.377 seconds.
✔ Test chainedMutatedInput() passed after 29.405 seconds.
⎙ Attached 'Build Transcript.txt' to simulatedInternalCommand().
⎙ Attached 'Build Transcript.txt' to simulatedAuxiliaryFileWrite().
⎙ Attached 'Build Transcript.txt' to directoryTreeInputs().
⎙ Attached 'Build Description.txt' to directoryTreeInputs().
⎙ Attached 'Build Transcript.txt' to complexMutatingSequence().
✔ Test complexMutatingSequence() passed after 29.510 seconds.
✔ Test directoryTreeInputs() passed after 29.543 seconds.
✔ Test indexingInfo() passed after 29.516 seconds.
⎙ Attached 'Build Transcript.txt' to multipleProducersEmptyTarget().
✔ Test multipleProducersEmptyTarget() passed after 29.644 seconds.
✔ Test xCFrameworkWithMergeableLibrary_macOS() passed after 29.652 seconds.
✔ Test installLocForAppAndEmbeddedProductsInWorkspace() passed after 29.713 seconds.
✔ Test unifdefCopiedPathMap() passed after 29.730 seconds.
✔ Test eagerLinkingEnablementCriteria() passed after 29.784 seconds.
✔ Test installLocSkipVerifyModules() passed after 29.785 seconds.
✔ Test installLocForFramework() passed after 29.793 seconds.
✔ Test resourceBundles() passed after 29.808 seconds.
✔ Test basicXCFrameworkUsage() passed after 30.156 seconds.
✔ Test buildDescriptionTargetInfo() passed after 30.207 seconds.
✔ Test emptyBuildInProcess() passed after 30.256 seconds.
✔ Test generatePreviewInfoTargetDependencyInfoXOJITWithCOnlyTarget() passed after 30.273 seconds.
✔ Test quotedPreprocessor() passed after 30.271 seconds.
✔ Test indexingPCH() passed after 30.268 seconds.
✔ Test basicXCFrameworkUsageWithArchive() passed after 30.277 seconds.
✔ Test buildCommandWithXcodeProject() passed after 30.350 seconds.
✔ Test buildCommandWithXcodeWorkspace() passed after 30.351 seconds.
✔ Test iOSDynamicLibrary_swift() passed after 30.433 seconds.
✔ Test buildOrderDiagnosticMultipleTargets() passed after 30.429 seconds.
✔ Test iOSFramework_swift() passed after 30.433 seconds.
✔ Test selfBuild() passed after 30.440 seconds.
✔ Suite ValidationTests passed after 30.477 seconds.
✔ Test XCFrameworkCommandForDynamicLibraries_nonswift() passed after 30.444 seconds.
✔ Test copyXCFramework() passed after 30.461 seconds.
✔ Test buildCommandWithUserDefaults(enableDebugActivityLogs:) with 2 test cases passed after 30.486 seconds.
✔ Test shellScriptDependencyAnalysisNoOutputsWarning() passed after 30.521 seconds.
✔ Test metalCompilerMathModes() passed after 30.563 seconds.
✔ Test codesignWithLaunchConstraints() passed after 30.593 seconds.
✔ Test appSandboxEntitlementAndBuildSettingConflictEmitsExpectedDiagnostics() passed after 30.607 seconds.
✔ Test versioningStub() passed after 30.670 seconds.
✔ Test buildAndAnalyze() passed after 30.705 seconds.
✔ Suite ClangStaticAnalyzerTests passed after 30.726 seconds.
✔ Test ubsanHardening() passed after 30.848 seconds.
✔ Test embeddedBundles() passed after 30.867 seconds.
✔ Test packageProductsNoDuplicatedOutputs() passed after 30.875 seconds.
⎙ Attached 'Build Transcript.txt' to basicMutatedNode().
⎙ Attached 'Build Transcript.txt' to installLocEmbeddedFrameworks().
⎙ Attached 'Build Description.txt' to installLocEmbeddedFrameworks().
✔ Test installLocEmbeddedFrameworks() passed after 30.938 seconds.
✔ Test fatMachO() passed after 30.973 seconds.
✔ Test fatStaticArchive_MachO() passed after 30.974 seconds.
✔ Suite MachOTests passed after 31.077 seconds.
✔ Test workingDirectory() passed after 31.362 seconds.
✔ Test extensionlessWatchApp() passed after 31.378 seconds.
✔ Suite WatchTests passed after 31.411 seconds.
✔ Test useBuildDescriptionAfterPIFChange() passed after 31.518 seconds.
✔ Test documentationInfo(runDocumentationCompiler:) with 2 test cases passed after 31.607 seconds.
✔ Suite DocumentationInfoTests passed after 31.646 seconds.
✔ Test emptyBuildInProcessStatic() passed after 31.619 seconds.
✔ Test sessionCommands() passed after 31.845 seconds.
✔ Suite SessionCommandsTests passed after 31.880 seconds.
✔ Test missingXCFramework() passed after 31.912 seconds.
✔ Test indexCompilerArguments() passed after 32.137 seconds.
⎙ Attached 'Build Transcript.txt' to simulatedAuxiliaryFileWrite().
⎙ Attached 'Build Transcript.txt' to simulatedInternalCommand().
✔ Test simulatedAuxiliaryFileWrite() passed after 32.156 seconds.
✔ Suite InspectBuildDescriptionTests passed after 32.170 seconds.
✔ Test simulatedInternalCommand() passed after 32.156 seconds.
✔ Test compilerSpecCommandLineParsing() passed after 32.183 seconds.
✔ Suite SpecLoadingTests passed after 32.224 seconds.
✔ Test generatePreviewInfo() passed after 32.305 seconds.
✔ Test basicXCFrameworkUsageWithTestsUsingHostBundle() passed after 32.319 seconds.
✔ Test basicXCFrameworkWithHeaders() passed after 32.340 seconds.
✔ Test pifUpdate() passed after 32.394 seconds.
✔ Test specRegistryLoadingErrors() passed after 32.470 seconds.
✔ Test packageDiamondProblemDoesNotCrashDuringIndexBuild() passed after 32.726 seconds.
✔ Test dSYMGeneration() passed after 32.762 seconds.
✔ Test bundleWithNoArchsAndSourceFile() passed after 32.775 seconds.
✔ Test readOnlySettings() passed after 32.762 seconds.
✔ Suite ReadOnlySettingsTaskConstructionTests passed after 32.793 seconds.
✔ Test generalCommands() passed after 32.833 seconds.
✔ Suite GeneralCommandsTests passed after 32.867 seconds.
⎙ Attached 'Build Transcript.txt' to basicMutatedNode().
✔ Test multipleXCFrameworkUsage_ios() passed after 33.250 seconds.
✔ Test buildCommandWithPIF() passed after 33.254 seconds.
✔ Test buildCommandWithPIFRelativePath() passed after 33.262 seconds.
✔ Test vfsAndHeaderMapContents() passed after 33.304 seconds.
✔ Test macroEvaluationAdvanced() passed after 33.643 seconds.
✔ Suite MacroEvaluationTests passed after 33.678 seconds.
✔ Test warnShadow() passed after 33.714 seconds.
✔ Test zeroStackInit() passed after 33.790 seconds.
✔ Test warnEmptyBody() passed after 33.807 seconds.
✔ Test platformSpecialization() passed after 33.745 seconds.
⎙ Attached 'Build Transcript.txt' to basicMutatedNode().
✔ Test generatePreviewInfoXOJIT() passed after 34.222 seconds.
✔ Test indexInfoWithExplicitBuildDescriptionID() passed after 34.226 seconds.
✔ Suite GeneratePreviewInfoTests passed after 34.313 seconds.
✔ Test codesignOptionFlags() passed after 34.455 seconds.
✔ Test XCFrameworkCommandForDynamicLibraries_swift() passed after 34.452 seconds.
✔ Test multipleXCFrameworkAcrossMultipleTargetsUsage() passed after 34.962 seconds.
⎙ Attached 'Build Transcript.txt' to basicMutatedNode().
✔ Test basicMutatedNode() passed after 35.063 seconds.
✔ Test multiPlatformTargets() passed after 35.222 seconds.
✔ Test securityCompilerWarnings() passed after 35.211 seconds.
✔ Test simulatedCommandLineToolSpec() passed after 36.554 seconds.
✔ Suite CommandLineSpecSimulatedTests passed after 36.614 seconds.
✔ Test exportingToolchainSettings() passed after 36.646 seconds.
✔ Suite ShellScriptEnvironmentTests passed after 36.689 seconds.
✔ Test clangSerializedDiagnosticSupported() passed after 36.653 seconds.
✔ Test toolchainBuildSettings() passed after 36.670 seconds.
✔ Test coreInvalidInferiorProductsPath() passed after 36.682 seconds.
✔ Test SDKVersionSettings() passed after 36.704 seconds.
✔ Suite SettingsTests passed after 36.740 seconds.
✔ Test xCFrameworkWithMergeableLibrary_iOS() passed after 36.954 seconds.
✔ Test XCFrameworkCommandForDynamicLibraries_swift_internalDistribution() passed after 37.151 seconds.
✔ Test unsafeBufferUsage() passed after 37.456 seconds.
⎙ Attached 'Build Transcript.txt' to buildEnvironment().
⎙ Attached 'Build Description.txt' to buildEnvironment().
✔ Test buildEnvironment() passed after 37.500 seconds.
✔ Test clangSerializedClangDiagnosticClangsDetails() passed after 37.715 seconds.
✔ Test clangSerializedSwiftDiagnosticsDetails() passed after 37.716 seconds.
✔ Test clangSerializedDiagnosticRelativePaths() passed after 37.717 seconds.
✔ Suite ClangSerializedDiagnosticsTests passed after 37.759 seconds.
✔ Test specScanningErrors() passed after 37.858 seconds.
✔ Suite SpecRegistryTests passed after 37.897 seconds.
✔ Test stressConcurrentCancellation() passed after 38.548 seconds.
✔ Suite BuildTaskBehaviorTests passed after 38.567 seconds.
✔ Test createXCFrameworkWithMergeableLibraries() passed after 38.575 seconds.
✔ Suite XCFrameworkCreationCommandTests passed after 38.613 seconds.
✔ Test externalToolchainsDir() passed after 38.763 seconds.
✔ Suite CoreTests passed after 38.793 seconds.
✔ Test determinism() passed after 38.849 seconds.
✔ Suite BuildDescriptionTests passed after 38.880 seconds.
✔ Test ensureFillingStderrBeforeWritingToStdoutDoesNotDeadlock() passed after 38.898 seconds.
✔ Suite ProcessTests passed after 38.927 seconds.
✔ Test compileMultipleLangsDuringInstallloc() passed after 39.293 seconds.
✔ Test errorMessageForMissingFramework() passed after 39.461 seconds.
✔ Test copyForLibraryWithHeaders() passed after 40.096 seconds.
✔ Test basicCopy() passed after 40.341 seconds.
✔ Suite ProcessXCFrameworkLibraryTaskActionTests passed after 40.377 seconds.
✔ Test typedMemoryOperations() passed after 40.414 seconds.
✔ Test installlocCopyFiles() passed after 40.552 seconds.
✔ Test compileDuringInstallloc() passed after 40.741 seconds.
✔ Test codesignHardenedRuntimeForSupportedDestinations() passed after 40.810 seconds.
✔ Test boundsSafetyCLanguageExtension() passed after 41.024 seconds.
✔ Test linkerSelection() passed after 41.081 seconds.
✔ Test warningsOnEmptyArchs() passed after 41.347 seconds.
✔ Test buildCommandWithPIFRelativeDerivedDataPath() passed after 41.445 seconds.
✔ Test buildSystemCachePurging() passed after 41.591 seconds.
✔ Test xcstringsInVariantGroupDuringInstallloc() passed after 41.710 seconds.
✔ Test buildCommandWithPIFAndTargetOverride() passed after 41.961 seconds.
✔ Suite BuildCommandTests passed after 42.001 seconds.
✔ Test skipInstall() passed after 42.704 seconds.
✔ Test skipInstallViaConfig() passed after 43.071 seconds.
✔ Test installlocCopyFileNoSymbolGeneration() passed after 43.394 seconds.
✔ Test testNoSwiftSourcesNoSymbolGen() passed after 43.445 seconds.
✔ Test installlocNoSymbolGeneration() passed after 43.663 seconds.
✔ Test discoveredActoolSpecInfo() passed after 44.189 seconds.
✔ Test discoveredCoreMLSpecInfo() passed after 44.589 seconds.
✔ Test discoveredIbtoolSpecInfo() passed after 44.603 seconds.
✔ Test discoveredStoryboardLinkerSpecInfo() passed after 44.684 seconds.
✔ Test discoveredIigSpecInfo() passed after 44.723 seconds.
✔ Test watchKitSettingsBundleDeprecation() passed after 45.253 seconds.
✔ Test copiedPathMapDuplicates() passed after 45.569 seconds.
✔ Test libCPPLibraryHardening() passed after 45.987 seconds.
✔ Test libtoolTaskConstruction() passed after 46.147 seconds.
✔ Test registerExecutionPolicyException() passed after 46.386 seconds.
✔ Test prefixHeaderDerivedFileDirCollision() passed after 46.368 seconds.
✔ Test dynamicLibraryWithNoSourcesButStaticLibrariesInFrameworksPhase_Xcode() passed after 46.391 seconds.
✔ Suite PostprocessingTaskConstructionTests passed after 46.415 seconds.
✔ Test libtoolNoWarningForNoSymbols() passed after 46.412 seconds.
✔ Test noStubify() passed after 46.452 seconds.
✔ Test openCL() passed after 46.462 seconds.
✔ Test dynamicLibraryWithNoSourcesButStaticLibrariesInFrameworksPhase_Package() passed after 46.460 seconds.
✔ Test fullPathForLinkedProductsInReferencedProjects() passed after 46.439 seconds.
✔ Test libtoolDeterministicMode() passed after 46.447 seconds.
✔ Suite LibtoolTaskConstructionTests passed after 46.496 seconds.
✔ Test staticLibraries() passed after 46.493 seconds.
✔ Test disabledByCompilerWrapper() passed after 46.522 seconds.
✔ Test discoveredTAPISpecInfo() passed after 46.527 seconds.
✔ Test basics() passed after 46.551 seconds.
✔ Test discoveredLibtoolSpecInfo() passed after 46.539 seconds.
✔ Test discoveredClangSpecInfo() passed after 46.625 seconds.
✔ Test standardLibraryLinkingAllPlatforms(linkerDriverUT:) with 3 test cases passed after 46.644 seconds.
✔ Test discoveredMigSpecInfo() passed after 46.834 seconds.
✔ Suite AppleCommandLineToolSpecDiscoveredInfoTests passed after 46.881 seconds.
✔ Test workingDirectoryOverride() passed after 47.237 seconds.
✔ Test buildRuleXcfilelistTrackedAsInvalidationPath() passed after 47.397 seconds.
✔ Test shellScriptDeploymentTargetPruning_macOS() passed after 47.405 seconds.
✔ Test packageFrameworksOrdering() passed after 47.471 seconds.
⎙ Attached 'Build Transcript.txt' to withClangWrapperScript().
⎙ Attached 'Build Description.txt' to withClangWrapperScript().
✔ Test toolBasics() passed after 47.547 seconds.
⎙ Attached 'Build Transcript.txt' to cleanExternalTargetsError().
⎙ Attached 'Build Description.txt' to cleanExternalTargetsError().
✔ Test cleanExternalTargetsError() passed after 47.588 seconds.
✔ Test withClangWrapperScript() passed after 47.608 seconds.
✔ Test interfaceBuilderDeviceSpecificProcessing() passed after 47.649 seconds.
✔ Test buildRuleAppliedToAnothersOutputWithSameConfigurationBuildDirOverride() passed after 47.687 seconds.
✔ Test interfaceBuilderCompilers_LegacyLocalization_WithKnownLocalizationsFilter() passed after 47.676 seconds.
✔ Test interfaceBuilderCompilers() passed after 47.680 seconds.
✔ Test basicSignatureCollection() passed after 47.678 seconds.
✔ Suite SignatureCollectionTaskConstructionTests passed after 47.712 seconds.
✔ Test interfaceBuilderCompilers_FullLocalization() passed after 47.684 seconds.
✔ Test interfaceBuilderCompilers_BaseLocalization() passed after 47.684 seconds.
✔ Test interfaceBuilderCompilers_LegacyLocalization() passed after 47.685 seconds.
✔ Test interfaceBuilderCompilers_FullLocalization_WithKnownLocalizationsFilter() passed after 47.687 seconds.
✔ Test customBuildRules() passed after 47.716 seconds.
⎙ Attached 'Build Transcript.txt' to developmentAssetsExcludeDeploymentPostprocessing().
⎙ Attached 'Build Description.txt' to developmentAssetsExcludeDeploymentPostprocessing().
✔ Test developmentAssetsExcludeDeploymentPostprocessing() passed after 47.736 seconds.
⎙ Attached 'Build Transcript.txt' to developmentAssetsExcludeNoDirectory().
⎙ Attached 'Build Description.txt' to developmentAssetsExcludeNoDirectory().
✔ Test developmentAssetsExcludeNoDirectory() passed after 47.769 seconds.
⎙ Attached 'Build Transcript.txt' to codeSignCycleInEmptyTarget().
⎙ Attached 'Build Description.txt' to codeSignCycleInEmptyTarget().
⎙ Attached 'Build Transcript.txt' to developmentAssetsFileRemovedRebuild().
⎙ Attached 'Build Description.txt' to developmentAssetsFileRemovedRebuild().
✔ Test codeSignCycleInEmptyTarget() passed after 47.804 seconds.
⎙ Attached 'Build Transcript.txt' to developmentAssetsNoExcludeDevelopment().
⎙ Attached 'Build Description.txt' to developmentAssetsNoExcludeDevelopment().
✔ Test developmentAssetsNoExcludeDevelopment() passed after 47.814 seconds.
⎙ Attached 'Build Transcript.txt' to developmentAssetsOverriddenSRCROOT().
⎙ Attached 'Build Description.txt' to developmentAssetsOverriddenSRCROOT().
✔ Test interfaceBuilderCompilers_MultiVariant() passed after 47.842 seconds.
✔ Test developmentAssetsOverriddenSRCROOT() passed after 47.864 seconds.
⎙ Attached 'Build Transcript.txt' to developmentAssetsNoExcludeNotSpecified().
⎙ Attached 'Build Description.txt' to developmentAssetsNoExcludeNotSpecified().
✔ Test developmentAssetsNoExcludeNotSpecified() passed after 47.928 seconds.
⎙ Attached 'Build Transcript.txt' to developmentAssetsExcludeNoDirectoryTwoProjects().
⎙ Attached 'Build Description.txt' to developmentAssetsExcludeNoDirectoryTwoProjects().
⎙ Attached 'Build Transcript.txt' to developmentAssetsExclude().
⎙ Attached 'Build Description.txt' to developmentAssetsExclude().
✔ Test developmentAssetsExclude() passed after 47.953 seconds.
✔ Test developmentAssetsExcludeNoDirectoryTwoProjects() passed after 47.956 seconds.
✔ Test installLocBasics() passed after 47.986 seconds.
⎙ Attached 'Build Transcript.txt' to implicitDependency().
⎙ Attached 'Build Description.txt' to implicitDependency().
⎙ Attached 'Build Transcript.txt' to copySymlinkedDirectoryTree().
⎙ Attached 'Build Description.txt' to copySymlinkedDirectoryTree().
✔ Test copySymlinkedDirectoryTree() passed after 48.299 seconds.
✔ Test swiftInBundleResourcesPhase() passed after 48.286 seconds.
⎙ Attached 'Build Transcript.txt' to unifdefActionSignatureChange().
⎙ Attached 'Build Description.txt' to unifdefActionSignatureChange().
✔ Test installLocLanguageRespectsKnownLocalizations() passed after 48.446 seconds.
✔ Test assetCatalogToolResourceOverrides() passed after 49.058 seconds.
✔ Test assetCatalogTool_tvOS() passed after 49.058 seconds.
✔ Test assetCatalogTool() passed after 49.062 seconds.
✔ Test onDemandResourcesBasics() passed after 49.065 seconds.
✔ Test assetCatalogKnownLocalizationsFiltering() passed after 49.079 seconds.
✔ Suite OnDemandResourcesTaskConstructionTests passed after 49.101 seconds.
✔ Test messagesAppsStickerPacks() passed after 49.082 seconds.
✔ Test multipleAssetCatalogsInSourcesPhase() passed after 49.094 seconds.
✔ Test assetCatalogEmptyKnownLocalizations() passed after 49.108 seconds.
✔ Test multipleAssetCatalogs() passed after 49.104 seconds.
━ Suite ResourcesTaskConstructionTests passed after 49.141 seconds with 2 known issues.
⎙ Attached 'Build Transcript.txt' to shellScriptIncrementalBehaviors().
⎙ Attached 'Build Description.txt' to shellScriptIncrementalBehaviors().
⎙ Attached 'Build Transcript.txt' to shellScriptPath().
⎙ Attached 'Build Description.txt' to shellScriptPath().
✔ Test shellScriptPath() passed after 49.183 seconds.
⎙ Attached 'Build Transcript.txt' to externalTargetBuild().
⎙ Attached 'Build Description.txt' to externalTargetBuild().
⎙ Attached 'Build Transcript.txt' to cleanExternalTargetsLegacy().
⎙ Attached 'Build Description.txt' to cleanExternalTargetsLegacy().
✔ Test swiftABIVersionParsing() passed after 49.511 seconds.
⎙ Attached 'Build Transcript.txt' to nonUTF8ShellScript().
⎙ Attached 'Build Description.txt' to nonUTF8ShellScript().
✔ Test nonUTF8ShellScript() passed after 49.613 seconds.
✔ Test prelinkedObjectFileGenerationVariant_reverseZippered() passed after 49.660 seconds.
✔ Test prelinkedObjectFileGenerationVariant_zippered() passed after 49.660 seconds.
✔ Test prelinkedObjectFileWithoutDependencyInfo() passed after 49.660 seconds.
✔ Test prelinkedObjectFileDependencyInfoTracking() passed after 49.661 seconds.
✔ Test prelinkedObjectFileGenerationVariant_macCatalyst() passed after 50.091 seconds.
⎙ Attached 'Build Transcript.txt' to scriptWithSymlinkedInputRerunsWhenTargetChanges().
⎙ Attached 'Build Description.txt' to scriptWithSymlinkedInputRerunsWhenTargetChanges().
✔ Test noHeaders() passed after 50.152 seconds.
✔ Test customBuildRulesSpecialBehaviors() passed after 50.204 seconds.
✔ Test discoveredLdLinkerSpecInfo() passed after 50.286 seconds.
✔ Test appClip() passed after 50.316 seconds.
✔ Suite AppClipTaskConstructionTests passed after 50.349 seconds.
✔ Test discoveredLdLinkerSpecInfo_macOS() passed after 50.317 seconds.
✔ Test prelinkedObjectFileGenerationVariant_ios_simulator() passed after 50.382 seconds.
✔ Test prelinkedObjectFileGenerationVariant_ios() passed after 50.493 seconds.
✔ Test headermapDeterminism() passed after 50.579 seconds.
✔ Test discoveredSwiftSpecInfo() passed after 50.618 seconds.
✔ Test prelinkedObjectFileGeneration() passed after 50.691 seconds.
✔ Suite PrelinkedObjectFileTests passed after 50.725 seconds.
✔ Test precompiledHeaderDependencyOnModuleMaps() passed after 50.789 seconds.
⎙ Attached 'Build Transcript.txt' to backtraceOfAlwaysExecutingTasks().
⎙ Attached 'Build Description.txt' to backtraceOfAlwaysExecutingTasks().
⎙ Attached 'Build Transcript.txt' to minimalCopiedBundle().
⎙ Attached 'Build Description.txt' to minimalCopiedBundle().
✔ Test implicitDependencyResolutionMultiPlatDepsSameProductName() passed after 51.980 seconds.
⎙ Attached 'Build Transcript.txt' to spriteKitTools().
⎙ Attached 'Build Description.txt' to spriteKitTools().
✔ Test spriteKitTools() passed after 52.112 seconds.
✔ Suite SpriteKitBuildOperationTests passed after 52.132 seconds.
✔ Test implicitDependencyDomain() passed after 52.120 seconds.
✔ Suite ImplicitDependencyResolutionTests passed after 52.157 seconds.
━ Test narrowSpecialization_ExplicitDependencies() recorded a known issue at MultiPlatformDependencyResolverTests.swift:761:17: Expectation failed: (iosDeps.map({ $0.nameAndPlatform }) → ["Shared Framework-macos"]) == ((useImplicitDependencies ? [] : ["Shared Framework-iphoneos"]) → ["Shared Framework-iphoneos"])
± inserted ["Shared Framework-macos"], removed ["Shared Framework-iphoneos"]
↳ Failing in 2021; needs re-evaluation
━ Test narrowSpecialization_ExplicitDependencies() recorded a known issue at MultiPlatformDependencyResolverTests.swift:761:17: Expectation failed: (iosDeps.map({ $0.nameAndPlatform }) → ["Shared Framework-macos"]) == ((useImplicitDependencies ? [] : ["Shared Framework-iphoneos"]) → ["Shared Framework-iphoneos"])
± inserted ["Shared Framework-macos"], removed ["Shared Framework-iphoneos"]
↳ Failing in 2021; needs re-evaluation
━ Test narrowSpecialization_ExplicitDependencies() passed after 52.719 seconds with 2 known issues.
✔ Test implicitDepsWithMultipleProductNameMatches() passed after 54.158 seconds.
✔ Test coreScenario_watchApp_ImplicitDeps_PublicSDK() passed after 54.180 seconds.
✔ Test coreScenario_macCatalystApp_ImplicitDeps_PublicSDK() passed after 54.180 seconds.
✔ Test narrowSpecialization_ImplicitDependencies() passed after 54.184 seconds.
✔ Test excludedFilesBuiltin() passed after 54.197 seconds.
✔ Test noHeaders() passed after 54.199 seconds.
✔ Test selectConfiguredTarget() passed after 54.239 seconds.
✔ Suite IndexSelectConfiguredTargetTests passed after 54.287 seconds.
✔ Test coreScenario_macCatalystApp_ExplicitDeps_PublicSDK() passed after 54.397 seconds.
✔ Test mergedFrameworkPropertyImposition() passed after 54.499 seconds.
✔ Suite SuperimposedPropertiesTests passed after 54.556 seconds.
✔ Test commandLineToolWithPackageXCFramework() passed after 54.736 seconds.
✔ Test coreScenario_AllTopLevelTargets_ExplicitDeps_PublicSDK_iOSDestination() passed after 54.847 seconds.
✔ Test coreScenario_AllTopLevelTargets_ExplicitDeps_PublicSDK_macOSDestination() passed after 55.039 seconds.
✔ Test perLanguageResponseFiles() passed after 55.056 seconds.
✔ Test responseFileExclusions() passed after 55.055 seconds.
✔ Test basics() passed after 55.066 seconds.
✔ Test responseFilePassthroughArgs() passed after 55.067 seconds.
✔ Test perSpecResponseFiles() passed after 55.067 seconds.
✔ Test tasksPlannedWithActiveDependencyScopeRemovingInteriorTarget() passed after 55.080 seconds.
✔ Suite ClangResponseFileTaskConstructionTests passed after 55.109 seconds.
✔ Test appClipWorkspaceDiagnostic() passed after 55.144 seconds.
✔ Suite WorkspaceDiagnosticsTests passed after 55.206 seconds.
✔ Test coreScenario_AllTopLevelTargets_ExplicitDeps_PublicSDK_macCatalystDestination() passed after 55.378 seconds.
✔ Test modulesVerifierIndependence() passed after 55.576 seconds.
✔ Test modulesVerifierEagerCompilation() passed after 55.591 seconds.
✔ Test modulesVerifierEagerCompilation() passed after 55.608 seconds.
✔ Test modulesVerifierIndependence() passed after 55.683 seconds.
✔ Test codeSignOnCopyShallowBundleHandling() passed after 55.723 seconds.
✔ Suite CodeSignTaskConstructionTests passed after 55.739 seconds.
⎙ Attached 'Build Transcript.txt' to instrumentsPackage().
⎙ Attached 'Build Description.txt' to instrumentsPackage().
✔ Test instrumentsPackage() passed after 55.765 seconds.
✔ Suite InstrumentsPackageBuildOperationTests passed after 55.787 seconds.
⎙ Attached 'Build Transcript.txt' to realityToolCachingBasics().
⎙ Attached 'Build Description.txt' to realityToolCachingBasics().
⎙ Attached 'Build Transcript.txt' to automatorActionBuilding().
⎙ Attached 'Build Description.txt' to automatorActionBuilding().
✔ Test automatorActionBuilding() passed after 55.894 seconds.
✔ Suite AppleScriptTests passed after 55.941 seconds.
✔ Test coreScenario_watchApp_ExplicitDeps_PublicSDK() passed after 56.014 seconds.
✔ Test copyFiles() passed after 56.025 seconds.
⎙ Attached 'Build Transcript.txt' to targetDiagnosticsRestoration().
⎙ Attached 'Build Description.txt' to targetDiagnosticsRestoration().
✔ Test coreScenario_iOSApp_ImplicitDeps_PublicSDK() passed after 56.040 seconds.
✔ Test tasksPlannedWithActiveDependencyScope() passed after 56.118 seconds.
✔ Suite DependencyScopingTaskConstructionTests passed after 56.144 seconds.
✔ Test copyFiles() passed after 56.252 seconds.
✔ Test statCacheEligibility() passed after 56.252 seconds.
✔ Test coreScenario_macOSApp_ExplicitDeps_PublicSDK() passed after 56.267 seconds.
✔ Test coreScenario_macOSApp_ImplicitDeps_PublicSDK() passed after 56.276 seconds.
⎙ Attached 'Build Transcript.txt' to copyXCAppExtensionPointsFile().
⎙ Attached 'Build Description.txt' to copyXCAppExtensionPointsFile().
✔ Test copyXCAppExtensionPointsFile() passed after 59.121 seconds.
✔ Test xcstringsInVariantGroupWithOverrideNib() passed after 59.190 seconds.
✔ Test xcstringsInVariantGroup() passed after 59.192 seconds.
✔ Test packageResourceCoreData() passed after 59.193 seconds.
✔ Test xcstringsInVariantGroup_WithKnownLocalizations() passed after 59.213 seconds.
✔ Test XOJITOtherLDFlags() passed after 59.225 seconds.
✔ Test exportLoc() passed after 59.229 seconds.
✔ Test compileMixedProject_WithKnownLocalizations() passed after 59.230 seconds.
✔ Test moduleMapGeneration() passed after 59.233 seconds.
✔ Test xcstringsOutputsAreSorted() passed after 59.239 seconds.
✔ Test ldClientNameBuildSettingWithNoDebugDylib() passed after 59.293 seconds.
✔ Test XOJITPropagatingRpaths() passed after 59.294 seconds.
✔ Test XOJITEmbeddedInfoPlist() passed after 59.317 seconds.
✔ Test compileMixedProject() passed after 59.315 seconds.
✔ Test compileMixedProjectWithTableOverlap() passed after 59.363 seconds.
✔ Test staticModuleMapContents() passed after 59.367 seconds.
✔ Test compileMultipleXCStrings() passed after 59.372 seconds.
✔ Test xcstringsInVariantGroupWithTableOverlap() passed after 59.373 seconds.
✔ Test additionalBuildVariantsDoNotCauseDuplicateBuilds() passed after 59.380 seconds.
✔ Test noOutputs() passed after 59.373 seconds.
✔ Test previewsDylibMode() passed after 59.376 seconds.
✔ Test forceBuildAllStrings() passed after 59.378 seconds.
✔ Test objCHeaderGenerationWithModuleMapContents() passed after 59.384 seconds.
✔ Test withoutXCStrings() passed after 59.452 seconds.
✔ Test xOJITLdClientNamePropagatedAsInstallNameToPreviewsDylib() passed after 59.453 seconds.
✔ Test compileWithTableOverlap() passed after 59.486 seconds.
✔ Test basicCompile() passed after 59.487 seconds.
✔ Test inCopyFiles() passed after 59.520 seconds.
✔ Test resourceEmbedInCodeGeneration() passed after 59.526 seconds.
✔ Test compileWithinLproj() passed after 59.525 seconds.
✔ Test symbolGenPlusTableOverlap() passed after 59.564 seconds.
✔ Test mixedProjectWithSymbolGeneration() passed after 59.588 seconds.
✔ Test xcstringsInVariantGroupNoSymbolGeneration() passed after 59.642 seconds.
✔ Test coreScenario_AllTopLevelTargets_ExplicitDeps_PublicSDK() passed after 59.909 seconds.
✔ Test coreScenario_AllTopLevelTargets_ImplicitDeps_PublicSDK() passed after 59.947 seconds.
✔ Test linkageGraphHasAllLevelTargets() passed after 60.640 seconds.
✔ Test packageResourceBundleEmbedding() passed after 60.640 seconds.
✔ Test resourceBundleAccessorGeneration() passed after 60.889 seconds.
✔ Test inCopyFilesStillNoSymbolGeneration() passed after 60.898 seconds.
✔ Test eagerParallelCompilation_MixedProject() passed after 60.995 seconds.
✔ Test yaccCompilation() passed after 61.007 seconds.
✔ Test customBuildRule() passed after 61.020 seconds.
✔ Test packageResourceBundleEmbedding() passed after 61.028 seconds.
✔ Test installLocSkipCopyBaselinesTasksOnTestsTargets() passed after 61.069 seconds.
✔ Test eagerParallelCompilation_GateTasks() passed after 61.089 seconds.
✔ Suite InstallLocTaskConstructionTests passed after 61.111 seconds.
✔ Test packageDiamondProblemDiagnosticWithBundleLoader() passed after 61.117 seconds.
✔ Test shellScriptBuildPhase() passed after 61.118 seconds.
✔ Test unparseableSwiftVersion() passed after 61.192 seconds.
✔ Test emptySwiftVersion() passed after 61.219 seconds.
✔ Test sourcesPhaseKnownLocalizationsFiltering() passed after 61.246 seconds.
✔ Test minorSwiftVersions() passed after 61.235 seconds.
✔ Test unsupportedSwiftVersion() passed after 61.414 seconds.
✔ Test filterForDeviceModel() passed after 61.424 seconds.
✔ Test generateAssetSymbolsOptions() passed after 61.429 seconds.
✔ Test XOJITBasics() passed after 61.436 seconds.
✔ Test noFilters() passed after 61.471 seconds.
✔ Test generateAssetSymbols() passed after 61.482 seconds.
✔ Test basicXCFrameworkUsageWithSwift() passed after 61.505 seconds.
✔ Test basicDomainAggregation() passed after 61.519 seconds.
✔ Test filterForThinningDeviceConfigurationAndDeviceModel() passed after 61.522 seconds.
✔ Test filterForThinningDeviceConfiguration() passed after 61.522 seconds.
✔ Test verboseLogging() passed after 61.510 seconds.
✔ Test verbosityMismatchNoDuplicateTasks() passed after 61.510 seconds.
✔ Test basicXCFrameworkWithSwift() passed after 61.529 seconds.
✔ Suite TrackedDomainTaskConstructionTests passed after 61.574 seconds.
✔ Test toolsetEnablingWMO() passed after 61.548 seconds.
✔ Suite XCFrameworkTaskConstructionTests passed after 61.587 seconds.
✔ Test toolsetInBuildRequestOverrides() passed after 61.600 seconds.
✔ Test scudoSanitizer(linkerDriver:expectedAddressArgument:expectedScudoArgument:) with 2 test cases passed after 61.747 seconds.
✔ Test shellScript() passed after 61.990 seconds.
✔ Test coreScenario_iOSApp_ExplicitDeps_PublicSDK() passed after 62.066 seconds.
━ Suite MultiPlatformDependencyResolverTests passed after 62.109 seconds with 2 known issues.
✔ Test shellScript() passed after 62.091 seconds.
✔ Test remappedHeaderSearchPaths() passed after 62.281 seconds.
✔ Test installAPIErrors() passed after 62.320 seconds.
✔ Test TBDSigning() passed after 62.331 seconds.
⎙ Attached 'Build Transcript.txt' to shellScriptContentAwareIncrementalBehaviorWithTwoPhases().
⎙ Attached 'Build Description.txt' to shellScriptContentAwareIncrementalBehaviorWithTwoPhases().
⎙ Attached 'Build Transcript.txt' to sceneKitTools().
⎙ Attached 'Build Description.txt' to sceneKitTools().
✔ Test deferredTargetDiagnosticsWithDuplicateTargetPreparation() passed after 62.413 seconds.
✔ Suite ServiceTests passed after 62.447 seconds.
✔ Test sceneKitTools() passed after 62.437 seconds.
✔ Suite SceneKitBuildOperationTests passed after 62.455 seconds.
✔ Test languageModeOverriddenByOtherSwiftFlags() passed after 62.441 seconds.
✔ Test upcomingFeatures() passed after 62.441 seconds.
⎙ Attached 'Build Transcript.txt' to ensureProperlyDeclaredInputOutputSucceeds().
⎙ Attached 'Build Description.txt' to ensureProperlyDeclaredInputOutputSucceeds().
✔ Test ensureProperlyDeclaredInputOutputSucceeds() passed after 62.599 seconds.
◇ Test directoryInputBasic() started.
✔ Test largerFile() passed after 62.788 seconds.
✔ Suite PBXCpTests passed after 62.802 seconds.
✔ Test sparseSDKs() passed after 62.769 seconds.
✔ Test filelistSkipsExcludedHeaders() passed after 62.903 seconds.
✔ Test installApi() passed after 62.894 seconds.
✔ Test frameworkBasics() passed after 62.933 seconds.
✔ Test dylibBasics() passed after 62.947 seconds.
✔ Test dylibBasicsProjectHeadersEnabled() passed after 62.950 seconds.
✔ Test statCacheTaskConstruction() passed after 62.940 seconds.
✔ Suite ClangStatCacheTaskConstructionTests passed after 62.974 seconds.
✔ Test frameworkBasicsWithExtraSettings() passed after 62.962 seconds.
✔ Test frameworkBasicsProjectHeadersEnabled() passed after 62.972 seconds.
✔ Test frameworkBasicsRPathAndDSYM() passed after 62.980 seconds.
✔ Test frameworkBasicsDisableDSYM() passed after 62.986 seconds.
✔ Test installApiDynamicLibrary() passed after 62.983 seconds.
✔ Suite BuildActionTaskConstructionTests passed after 63.019 seconds.
✔ Test swiftInstallAPIErrors() passed after 63.041 seconds.
✔ Test intentsCodegenForInstallHeadersAndApi() passed after 63.060 seconds.
✔ Test bundleLoader() passed after 63.120 seconds.
✔ Test coreDataCompiler() passed after 63.151 seconds.
✔ Test explicitBuildDescriptionID() passed after 63.171 seconds.
✔ Test swiftParseableOutputDoesNotAppearInBuildLogWithWMO() passed after 63.198 seconds.
✔ Test dontInstallModule() passed after 63.228 seconds.
✔ Test documentationBuild() passed after 63.215 seconds.
✔ Suite DocumentationBuildTests passed after 63.245 seconds.
✔ Test swift4DisablesExplicitModules() passed after 63.308 seconds.
✔ Test buildLog() passed after 63.299 seconds.
⎙ Attached 'Build Transcript.txt' to customBuildRulesInputAndOutputFileList().
⎙ Attached 'Build Description.txt' to customBuildRulesInputAndOutputFileList().
⎙ Attached 'Build Transcript.txt' to targetedDeviceFamilyFiltering_macOS().
⎙ Attached 'Build Description.txt' to targetedDeviceFamilyFiltering_macOS().
⎙ Attached 'Build Transcript.txt' to developmentAssetsFileRemovedRebuild().
⎙ Attached 'Build Description.txt' to developmentAssetsFileRemovedRebuild().
⎙ Attached 'Build Transcript.txt' to unifdefActionSignatureChange().
⎙ Attached 'Build Description.txt' to unifdefActionSignatureChange().
⎙ Attached 'Build Transcript.txt' to multipleInvocationsOfCustomBuildRuleWithFileList().
⎙ Attached 'Build Description.txt' to multipleInvocationsOfCustomBuildRuleWithFileList().
✔ Test developmentAssetsFileRemovedRebuild() passed after 63.482 seconds.
✔ Suite DevelopmentAssetsDiagnosticTests passed after 63.521 seconds.
✔ Test noModulesVerifierUnlessBuild() passed after 63.548 seconds.
✔ Test testTargetStartedEventsForMultipleTargets() passed after 63.616 seconds.
✔ Test swiftPerFileBatchedTaskSignaturesAreStable() passed after 63.698 seconds.
✔ Test moduleMapGeneration() passed after 63.727 seconds.
✔ Test noModulesVerifierUnlessBuild() passed after 63.781 seconds.
✔ Test appClips_MacCatalyst() passed after 63.970 seconds.
✔ Test onlyCreateBuildDescription() passed after 63.962 seconds.
✔ Test testDeferredExecution(isOn:) with 2 test cases passed after 63.995 seconds.
✔ Suite DeferredExecutionTests passed after 64.087 seconds.
⎙ Attached 'Build Transcript.txt' to shellScriptContentAwareIncrementalBehaviors().
⎙ Attached 'Build Description.txt' to shellScriptContentAwareIncrementalBehaviors().
✔ Test builtinModuleVerifierTargetSetDiagnostics() passed after 64.168 seconds.
✔ Test buildPlanCancellation() passed after 64.526 seconds.
⎙ Attached 'Build Transcript.txt' to shellScriptIncrementalBehaviors().
⎙ Attached 'Build Description.txt' to shellScriptIncrementalBehaviors().
✔ Test clangExplicitModulesIndexingInfo() passed after 64.564 seconds.
✔ Test serialization() passed after 64.648 seconds.
✔ Test buildSettingsInputs() passed after 64.751 seconds.
✔ Test shellScriptIncrementalBehaviors() passed after 64.872 seconds.
✔ Test builtinModuleVerifierDefaultStandards() passed after 64.861 seconds.
✔ Test concurrentPrepareAndNormalBuild() passed after 64.891 seconds.
✔ Test invalidDeploymentTargets() passed after 64.994 seconds.
✔ Test cancellationAfterStart() passed after 65.021 seconds.
⎙ Attached 'Build Transcript.txt' to cleanExternalTargetsLegacy().
⎙ Attached 'Build Description.txt' to cleanExternalTargetsLegacy().
✔ Test frameworksPhaseInputs() passed after 65.063 seconds.
✔ Test entitlementsViaBuildSetting() passed after 65.040 seconds.
✔ Suite BuildDependencyInfoTests passed after 65.075 seconds.
✔ Suite ProvisioningTaskInputsTests passed after 65.072 seconds.
✔ Test appClips_EnterpriseTeamError() passed after 65.047 seconds.
✔ Test cleanExternalTargetsLegacy() passed after 65.063 seconds.
⎙ Attached 'Build Transcript.txt' to externalTargetBuild().
⎙ Attached 'Build Description.txt' to externalTargetBuild().
✔ Test externalTargetBuild() passed after 65.149 seconds.
✔ Test appClips_MacCatalyst_Error(appClipSupportsMacCatalyst:) with 2 test cases passed after 65.216 seconds.
✔ Test indexingInfoInvokeClangCommandLine() passed after 65.424 seconds.
✔ Test indexingInfoDetailed() passed after 65.414 seconds.
✔ Suite IndexingInfoTests passed after 65.455 seconds.
⎙ Attached 'Build Transcript.txt' to discoveredDependenciesSetupFailure().
⎙ Attached 'Build Description.txt' to discoveredDependenciesSetupFailure().
✔ Test appClips_iOS() passed after 65.476 seconds.
✔ Test discoveredDependenciesSetupFailure() passed after 65.495 seconds.
✔ Test buildActionNotEmittingLocStrings() passed after 65.679 seconds.
✔ Suite ExportLocTaskConstructionTests passed after 65.694 seconds.
✔ Test privateHeadersDoesNotCauseDocumentationBuild() passed after 65.696 seconds.
✔ Test buildRulesWithUnsupportedPhases() passed after 65.741 seconds.
✔ Suite BuildRuleTaskConstructionTests passed after 65.757 seconds.
⎙ Attached 'Build Transcript.txt' to scriptWithSymlinkedInputRerunsWhenTargetChanges().
⎙ Attached 'Build Description.txt' to scriptWithSymlinkedInputRerunsWhenTargetChanges().
✔ Test basicPreparationAndCompilerArgs() passed after 65.777 seconds.
✔ Suite BuildServerTests passed after 65.805 seconds.
✔ Test previewsDylibModeSimulatorEntitlements() passed after 65.867 seconds.
✔ Test onlySupportedLanguagesEnableModules() passed after 65.871 seconds.
✔ Suite ClangModulesTaskConstructionTests passed after 65.892 seconds.
✔ Test unitTestHostWithoutBundleLoaderDoesNotGetPreviewsDylibLinkedAsLibrary() passed after 65.886 seconds.
✔ Test unitTestHostGetsPreviewsDylibLinkedAsLibraryWhenPresent() passed after 65.947 seconds.
✔ Test app() passed after 66.197 seconds.
✔ Test previewsDylibStubExecutorDependsOnDebugDylib() passed after 66.226 seconds.
✔ Test toolchainBackDeployRPathsSkippedWhenOSSupportPresent() passed after 66.264 seconds.
✔ Test previewsDylibStubExecutorDependsOnDebugDylibMultiArch() passed after 66.373 seconds.
✔ Suite PreviewsTaskConstructionTests passed after 66.392 seconds.
✔ Test toolchainBackDeployRPathsIgnoredOnNonApplePlatforms() passed after 66.483 seconds.
✔ Test ldSanitizerArgumentsAppearsOnCommandLine(buildSettingNameUT:linkerDriverUT:expectedArgument:) with 6 test cases passed after 66.660 seconds.
✔ Test compileWithSameNameTablesInSeparateTargets() passed after 66.669 seconds.
✔ Test stdlibRpathSuppression() passed after 66.767 seconds.
✔ Test toolchainBackDeployRPathsPredatingOSSupport() passed after 66.772 seconds.
✔ Test appBasics() passed after 66.782 seconds.
✔ Test assetCatalogGenerationEnabled() passed after 67.007 seconds.
✔ Test appClips_iOSSimulator() passed after 67.153 seconds.
✔ Suite AppClipsTests passed after 67.186 seconds.
✔ Test frameworkBasicsSRCROOTSupportEnabled() passed after 67.173 seconds.
⎙ Attached 'Build Transcript.txt' to assetCatalogIncrementalRebuild().
⎙ Attached 'Build Description.txt' to assetCatalogIncrementalRebuild().
⎙ Attached 'Build Transcript.txt' to repeatedReplay().
⎙ Attached 'Build Description.txt' to repeatedReplay().
⎙ Attached 'Build Transcript.txt' to onDemandResourcesDisabledForMacCatalyst().
⎙ Attached 'Build Description.txt' to onDemandResourcesDisabledForMacCatalyst().
⎙ Attached 'Build Transcript.txt' to onDemandResourcesErrors().
⎙ Attached 'Build Description.txt' to onDemandResourcesErrors().
⎙ Attached 'Build Transcript.txt' to assetCatalogCachingBasics().
⎙ Attached 'Build Description.txt' to assetCatalogCachingBasics().
✔ Test onDemandResourcesDisabledForMacCatalyst() passed after 67.310 seconds.
✔ Test onDemandResourcesErrors() passed after 67.312 seconds.
✔ Test prebuildInterference() passed after 67.453 seconds.
✔ Test linkerDriverSelection() passed after 67.506 seconds.
✔ Suite LinkerTaskConstructionTests passed after 67.530 seconds.
✔ Test assetCatalogGenerationNotEnabled() passed after 67.516 seconds.
✔ Test assetCatalogGenerationWithOtherAssetCatalog() passed after 67.521 seconds.
✔ Test emptyFileAddedToMultipleTargets() passed after 67.533 seconds.
✔ Suite XCStringsTaskConstructionTests passed after 67.560 seconds.
✔ Test assetCatalogGenerationDisabled() passed after 67.554 seconds.
✔ Suite GenerateAppPlaygroundAssetCatalogTaskConstructionTests passed after 67.575 seconds.
✔ Test incrementalPIFTaskConstruction() passed after 67.545 seconds.
⎙ Attached 'Build Transcript.txt' to userAssetPackManifest().
⎙ Attached 'Build Description.txt' to userAssetPackManifest().
✔ Test userAssetPackManifest() passed after 67.719 seconds.
⎙ Attached 'Build Transcript.txt' to targetedDeviceFamilyFiltering_iOS().
⎙ Attached 'Build Description.txt' to targetedDeviceFamilyFiltering_iOS().
⎙ Attached 'Build Transcript.txt' to assetPackFolderPath().
⎙ Attached 'Build Description.txt' to assetPackFolderPath().
✔ Test assetPackFolderPath() passed after 67.745 seconds.
✔ Test macAndMacCatalystFrameworksDoNotCollide() passed after 67.843 seconds.
✔ Test generatedHeaders() passed after 67.882 seconds.
✔ Test generatedHeaders() passed after 67.918 seconds.
✔ Test unsafeFlags() passed after 67.952 seconds.
✔ Test swiftInstallAPIMultiVariants() passed after 67.952 seconds.
✔ Test swiftABICheckerTaskSequence() passed after 67.955 seconds.
⎙ Attached 'Build Transcript.txt' to assetPackManifestEmbedding().
⎙ Attached 'Build Description.txt' to assetPackManifestEmbedding().
✔ Test assetPackManifestEmbedding() passed after 68.112 seconds.
⎙ Attached 'Build Transcript.txt' to incrementalAssetPackUpdates().
⎙ Attached 'Build Description.txt' to incrementalAssetPackUpdates().
✔ Test swiftABICheckerBasic() passed after 68.161 seconds.
⎙ Attached 'Build Transcript.txt' to backtraceOfAlwaysExecutingTasks().
⎙ Attached 'Build Description.txt' to backtraceOfAlwaysExecutingTasks().
✔ Test backtraceOfAlwaysExecutingTasks() passed after 68.210 seconds.
✔ Test tapiReexport() passed after 68.310 seconds.
✔ Test swiftInstallAPIMultiArch() passed after 68.310 seconds.
✔ Test swiftInstallAPIDylibTarget() passed after 68.313 seconds.
✔ Test appIntentsMetadataWithAppNameOverrideAndDisable() passed after 68.316 seconds.
✔ Test swiftABICheckerDriverNoBaseline() passed after 68.365 seconds.
⎙ Attached 'Build Transcript.txt' to minimalCopiedBundle().
⎙ Attached 'Build Description.txt' to minimalCopiedBundle().
✔ Test missingInputFailsBuilds() passed after 68.465 seconds.
✔ Suite BuildOperationTests passed after 68.505 seconds.
✔ Test swiftInstallAPIBuildRuleScripts() passed after 68.576 seconds.
✔ Test swiftInstallAPIStaticLib() passed after 68.597 seconds.
✔ Test emptyBundleIdentifier() passed after 68.659 seconds.
✔ Test swiftInstallAPISkipInstall() passed after 68.670 seconds.
✔ Test swiftABICheckerDriver() passed after 68.670 seconds.
✔ Test SSUTasksIfPublicSDKForNonIOS() passed after 68.705 seconds.
✔ Test appNameOverride() passed after 68.750 seconds.
✔ Test swiftABICheckerUsingSpecifiedBaseline() passed after 68.831 seconds.
✔ Test quietWarnings() passed after 68.907 seconds.
✔ Test forceLinkGeneration() passed after 68.968 seconds.
✔ Test bundleIdentifier() passed after 68.978 seconds.
✔ Test buildingSpecializedFramework_PublicSDK() passed after 69.055 seconds.
✔ Test disableAssistantIntentsProviderValidation() passed after 69.135 seconds.
✔ Test appNameOverrideIsNotPresent() passed after 69.166 seconds.
✔ Test disabledAssetSymbolGeneration() passed after 69.167 seconds.
✔ Suite AssetCatalogTaskConstructionTests passed after 69.191 seconds.
✔ Test swiftABIBaselineGenerationBasic() passed after 69.175 seconds.
✔ Test intentsCompiler() passed after 69.181 seconds.
✔ Test skipCompileTimeExtractionViaConfig() passed after 69.175 seconds.
✔ Test sSUTasksIfPublicSDK() passed after 69.192 seconds.
✔ Test swiftModuleEmissionCriteria() passed after 69.201 seconds.
✔ Test multipleXCStringsSymbolGenerationPlusCompile() passed after 69.225 seconds.
✔ Test symbolGenerationPlusCompile() passed after 69.232 seconds.
✔ Test overrideSSUTasksIfPublicSDK() passed after 69.234 seconds.
✔ Test exportLocSymbolGeneration() passed after 69.268 seconds.
✔ Test enableDefaultConstValueExtractIfPublicSDK() passed after 69.269 seconds.
✔ Test inSources() passed after 69.336 seconds.
✔ Test swiftMacroBinaryPluginSortedInputPaths() passed after 69.339 seconds.
✔ Test swiftABIBaselineGenerationModes() passed after 69.390 seconds.
✔ Test disabledSymbolGeneration() passed after 69.393 seconds.
✔ Suite XCStringsSymbolGenTests passed after 69.416 seconds.
✔ Test swiftMacroSwiftSyntaxSearchPaths() passed after 69.415 seconds.
✔ Test debugInformationVersion() passed after 69.502 seconds.
✔ Suite DebugInformationTests passed after 69.521 seconds.
✔ Test disableAppIntentsDeploymentAwareProcessing() passed after 69.588 seconds.
✔ Test customEffectivePlatformName() passed after 69.587 seconds.
✔ Test basics() passed after 69.587 seconds.
✔ Test noIndexStorePathForGenerateSwiftModule() passed after 69.599 seconds.
✔ Test swiftIndexBuildWithoutOptimizationOverride() passed after 69.612 seconds.
✔ Test appIntentsMetadataDependencies() passed after 69.725 seconds.
✔ Test clangWithIndexBuildArena() passed after 70.006 seconds.
✔ Test moduleMapTasks() passed after 70.038 seconds.
✔ Test singleVariantOnly() passed after 70.167 seconds.
✔ Test swiftABICheckerModes() passed after 70.332 seconds.
✔ Test extractExtensionPoint() passed after 70.369 seconds.
✔ Test macCatalystAppWithZipperedFramework() passed after 70.399 seconds.
⎙ Attached 'Build Transcript.txt' to targetedDeviceFamilyFilteringMacCatalyst().
⎙ Attached 'Build Description.txt' to targetedDeviceFamilyFilteringMacCatalyst().
✔ Test generateExtensionPlist() passed after 70.510 seconds.
✔ Suite EXUtilTaskConstructionTests passed after 70.540 seconds.
✔ Test swiftEagerCompilation_generatedHeaderDependencies() passed after 71.147 seconds.
✔ Test watchOnlyAppStubThinning() passed after 71.149 seconds.
✔ Test objectLibraryBasics() passed after 71.207 seconds.
✔ Test enableDebugActivityLogs() passed after 71.343 seconds.
✔ Suite BuildLogTests passed after 71.383 seconds.
✔ Test discoveredTAPIExtraToolsSpecInfo() passed after 71.375 seconds.
✔ Test swiftModulesForArm64AndArm64_32() passed after 71.511 seconds.
✔ Test appIntentsMetadataWithYamlGenerationForRelease() passed after 71.565 seconds.
✔ Test discoveredSwiftABIToolsSpecInfo() passed after 71.549 seconds.
✔ Test resourceBundleAccessorGeneration() passed after 71.650 seconds.
✔ Test swiftModuleAndExplicitModuleMap() passed after 71.655 seconds.
✔ Test intentCompilation() passed after 71.693 seconds.
✔ Test targetSupportingInstallAPIGeneratesNoStubs() passed after 71.752 seconds.
✔ Test objectLibraryConsumer() passed after 71.753 seconds.
✔ Suite ObjectLibraryTaskConstructionTests passed after 71.780 seconds.
✔ Test copiedPathMap() passed after 71.836 seconds.
⎙ Attached 'Build Transcript.txt' to explicitModulesWorkingDirectory().
⎙ Attached 'Build Description.txt' to explicitModulesWorkingDirectory().
✔ Test explicitModulesWorkingDirectory() passed after 71.909 seconds.
⎙ Attached 'Build Transcript.txt' to explicitModulesMultipleSources().
⎙ Attached 'Build Description.txt' to explicitModulesMultipleSources().
⎙ Attached 'Build Transcript.txt' to explicitModulesBasic().
⎙ Attached 'Build Description.txt' to explicitModulesBasic().
✔ Test explicitModulesMultipleSources() passed after 71.998 seconds.
✔ Test swiftEagerCompilation_explicitModules() passed after 72.147 seconds.
✔ Test macIdiom() passed after 72.183 seconds.
✔ Suite MacCatalystTests passed after 72.221 seconds.
✔ Test targetInstallingStubsGeneratesNoIntermediateStubs() passed after 72.230 seconds.
✔ Test intermediateStubGeneration() passed after 72.246 seconds.
✔ Test targetWithUnsupportedMachOTypeGeneratesNoStubs() passed after 72.246 seconds.
⎙ Attached 'Build Transcript.txt' to ibtoolCachingBasics().
⎙ Attached 'Build Description.txt' to ibtoolCachingBasics().
✔ Test swiftEagerCompilation() passed after 72.710 seconds.
✔ Test commandLineSwiftFileList() passed after 72.716 seconds.
✔ Test nonConformantPathsCauseDiagnostics() passed after 72.721 seconds.
✔ Test swiftSupplementaryOutputsWMOParallel() passed after 72.851 seconds.
✔ Test swiftHeaderTool() passed after 73.049 seconds.
✔ Test driver_enabled() passed after 73.106 seconds.
✔ Test swiftPerFileFlags() passed after 73.181 seconds.
✔ Test swiftBridgingHeaderPathNormalized() passed after 73.182 seconds.
✔ Test swiftOptimizationRecordsDisabledByDefault() passed after 73.246 seconds.
✔ Test warningAsWarningsGroups() passed after 73.262 seconds.
✔ Test colorDiagnostics_disabled() passed after 73.268 seconds.
✔ Test swiftCodesizeProfileBuildSetting() passed after 73.269 seconds.
✔ Test swiftEagerCompilation_WMO() passed after 73.491 seconds.
✔ Test swiftFileListFileNameWithNewLine() passed after 73.505 seconds.
✔ Test packageInterfaceGen() passed after 73.505 seconds.
✔ Test swiftAstPathForStaticLibraries() passed after 73.546 seconds.
✔ Test swiftMacroBinaryPluginLoadingFlags() passed after 73.722 seconds.
✔ Test swiftModuleCacheFlags() passed after 73.873 seconds.
✔ Test targetWithReexportsGeneratesNoIntermediateStubs() passed after 73.918 seconds.
✔ Suite IntermediateStubTaskConstructionTests passed after 73.955 seconds.
✔ Test swiftTaskDependenciesEagerLinkingEnabled() passed after 74.011 seconds.
✔ Test canLinkUsingObjectOnlyFrameworkBuildPhase() passed after 74.042 seconds.
✔ Suite PackageProductConstructionTests passed after 74.062 seconds.
✔ Test hostToolBuildsForHostPlatform() passed after 74.053 seconds.
✔ Test swiftOptimizationRecords() passed after 74.134 seconds.
✔ Test swiftDisabledHeadermaps() passed after 74.291 seconds.
✔ Test swiftMinimumSupportedSimulatorDeviceFallback() passed after 74.297 seconds.
✔ Test swiftBridgingHeader(isInternal:) with 2 test cases passed after 74.457 seconds.
✔ Test driver_disabled() passed after 74.469 seconds.
✔ Test generateIndexingInfo() passed after 74.488 seconds.
✔ Test layoutStringValueWitnesses() passed after 74.504 seconds.
✔ Test swiftModuleNotCopiedWhenAskedNotTo() passed after 74.521 seconds.
✔ Test swiftSupplementaryOutputs() passed after 74.521 seconds.
✔ Test cxxInteropLinkerArgGeneration() passed after 74.537 seconds.
✔ Test emptySwiftFileListUserDefaultOff() passed after 74.550 seconds.
✔ Test swiftSupplementaryOutputsWithCustomDirectories() passed after 74.565 seconds.
✔ Test warningAsErrorsGroups() passed after 74.596 seconds.
⎙ Attached 'Build Transcript.txt' to incrementalTUChangeDoesNotForceModuleRebuilds().
⎙ Attached 'Build Description.txt' to incrementalTUChangeDoesNotForceModuleRebuilds().
✔ Test colorDiagnostics_enabled() passed after 74.688 seconds.
✔ Test swiftCompiler() passed after 74.694 seconds.
✔ Test swiftTaskDependenciesEagerLinkingEnabledForAllButOneTarget() passed after 74.841 seconds.
✔ Test swiftModuleWithoutUmbrellaHeader() passed after 74.916 seconds.
✔ Test swiftSupplementaryOutputsWMO() passed after 74.950 seconds.
⎙ Attached 'Build Transcript.txt' to explicitModulesLibclangOpenFailure().
⎙ Attached 'Build Description.txt' to explicitModulesLibclangOpenFailure().
✔ Test indexOptions() passed after 75.034 seconds.
✔ Test emptySwiftFileListUserDefaultOn() passed after 75.035 seconds.
✔ Test explicitModulesLibclangOpenFailure() passed after 75.063 seconds.
⎙ Attached 'Build Transcript.txt' to dependencyInfoIngestion().
⎙ Attached 'Build Description.txt' to dependencyInfoIngestion().
✔ Test workingDirectoryOverride() passed after 75.219 seconds.
✔ Test skipABIDescriptorInstall() passed after 75.240 seconds.
✔ Test swiftAstPathForStaticLibrariesMultiPlatform() passed after 75.362 seconds.
✔ Test validateClangModulesOnce() passed after 75.397 seconds.
✔ Test copyAndResign() passed after 75.417 seconds.
✔ Suite BuildDescriptionConstructionTests passed after 75.458 seconds.
✔ Test indexOptionsNotAddedIfIndexingIsDisabled() passed after 75.536 seconds.
✔ Test codeCoverageFlags() passed after 75.566 seconds.
✔ Suite CodeCoverageTaskConstructionTests passed after 75.591 seconds.
✔ Test ignoringBuildPhases() passed after 75.580 seconds.
⎙ Attached 'Build Transcript.txt' to explicitModulesProducesCorrectDependencyInfoWhenPathContainsWhitespace().
⎙ Attached 'Build Description.txt' to explicitModulesProducesCorrectDependencyInfoWhenPathContainsWhitespace().
✔ Suite BuildPhaseFusionTests passed after 75.617 seconds.
✔ Test explicitModulesProducesCorrectDependencyInfoWhenPathContainsWhitespace() passed after 75.615 seconds.
✔ Test eagerCompilationSerialBuild() passed after 75.608 seconds.
✔ Test eagerCompilationParallelBuild() passed after 75.957 seconds.
✔ Test swiftLTO() passed after 75.955 seconds.
✔ Test embeddedSwiftEnablesWMO() passed after 75.960 seconds.
✔ Suite EagerCompilationTests passed after 75.995 seconds.
⎙ Attached 'Build Transcript.txt' to incrementalBuildBasics().
⎙ Attached 'Build Description.txt' to incrementalBuildBasics().
✔ Test generateTestAnchor() passed after 76.162 seconds.
✔ Test swiftMacroPluginLoadingFlags() passed after 76.270 seconds.
✔ Test optOutIncrementalScanning() passed after 76.278 seconds.
✔ Test swiftDisableParseAsLibrarySettings() passed after 76.278 seconds.
✔ Test pCHProcessingFollowsGeneratedHeaders() passed after 76.556 seconds.
✔ Test frameworkUnitTestTarget_macOS() passed after 76.593 seconds.
✔ Test generateIndexingInfoWithEnableFixFor23297285() passed after 76.616 seconds.
✔ Test singleFileSwiftTaskConstruction() passed after 76.649 seconds.
✔ Test swiftTaskConstructionWithoutResponseFile() passed after 77.069 seconds.
✔ Test artifactBundleWithStaticLibrary() passed after 77.078 seconds.
✔ Test applicationUnitTestTarget_macCatalyst() passed after 77.124 seconds.
✔ Test mergedBinaryDSYMCreation() passed after 77.179 seconds.
✔ Test instantiateMultiplePackageProductsStatic() passed after 76.949 seconds.
✔ Test dependenciesOfMergeableLibraryTargets() passed after 77.359 seconds.
⎙ Attached 'Build Transcript.txt' to disablement().
⎙ Attached 'Build Description.txt' to disablement().
✔ Test instantiateMultiplePackageProductsDynamic() passed after 77.414 seconds.
✔ Test singleTopLevelTargetSpecializedDeps_PublicSDK_ImplicitDependencies() passed after 77.769 seconds.
✔ Suite ExplicitDependencyResolutionTests passed after 77.784 seconds.
✔ Test disablement() passed after 77.783 seconds.
✔ Test installAPISetting() passed after 77.849 seconds.
✔ Test artifactBundleInfoPropagatesThroughPackageProductTarget() passed after 77.916 seconds.
✔ Test crossPlatformStripSwiftSymbols() passed after 77.913 seconds.
✔ Test shellScriptDeploymentTargetPruning_iOS() passed after 77.959 seconds.
✔ Test outputFileNameCollisions() passed after 77.997 seconds.
✔ Test macCatalyst() passed after 78.009 seconds.
✔ Test deterministicBuildDirectoryInputOrdering() passed after 78.085 seconds.
⎙ Attached 'Build Transcript.txt' to precompiledHeaderAsModule().
⎙ Attached 'Build Description.txt' to precompiledHeaderAsModule().
✔ Test precompiledHeaderAsModule() passed after 78.212 seconds.
⎙ Attached 'Build Transcript.txt' to precompiledHeaderAsModuleImplicit().
⎙ Attached 'Build Description.txt' to precompiledHeaderAsModuleImplicit().
✔ Test precompiledHeaderAsModuleImplicit() passed after 78.251 seconds.
✔ Test warningSuppression() passed after 78.254 seconds.
✔ Test searchPathSettings() passed after 78.347 seconds.
✔ Test instrumentsPackageDependencyOrdering() passed after 78.349 seconds.
✔ Test swiftObjCAPI() passed after 78.386 seconds.
✔ Suite ClangModuleVerifierBuiltinTaskConstructionTests passed after 78.416 seconds.
✔ Test singleTopLevelTargetSpecializedDeps_PublicSDK_ExplicitDependencies() passed after 78.492 seconds.
✔ Test sourceInputFileFollowsGeneratedHeaders() passed after 78.615 seconds.
✔ Test eagerCompilation() passed after 78.900 seconds.
✔ Test requiresArm64watchos() passed after 78.922 seconds.
✔ Test swiftPackage() passed after 78.932 seconds.
✔ Suite IndexDependencyResolutionTests passed after 78.971 seconds.
✔ Test interestingInstallationDirectories() passed after 79.019 seconds.
✔ Suite InstallTaskConstructionTests passed after 79.052 seconds.
✔ Test trailingSlashInInstallPathCorruption() passed after 79.229 seconds.
✔ Test swiftObjectiveCHeaderInstallation() passed after 79.323 seconds.
✔ Test swiftInterfaceVerificationNotSkippedWithInstalledHeader(enableWMO:) with 2 test cases passed after 79.373 seconds.
⎙ Attached 'Build Transcript.txt' to dependencyValidationNone().
⎙ Attached 'Build Description.txt' to dependencyValidationNone().
✔ Test multipleArchs_iOS() passed after 79.396 seconds.
✔ Test dependencyValidationNone() passed after 79.423 seconds.
✔ Test macCatalystSearchPaths() passed after 79.397 seconds.
✔ Test swiftInterfaceVerificationWithoutMergeHeaders(enableWMO:) with 2 test cases passed after 79.493 seconds.
✔ Test buildVariantsWillNotProduceDuplicatedTasks() passed after 79.506 seconds.
⎙ Attached 'Build Transcript.txt' to explicitModulesWithResponseFiles().
⎙ Attached 'Build Description.txt' to explicitModulesWithResponseFiles().
✔ Test explicitModulesWithResponseFiles() passed after 79.634 seconds.
✔ Test swiftInterfaceVerificationFollowsMergeHeaders(enableWMO:) with 2 test cases passed after 79.701 seconds.
✔ Test buildSettingsTripleCondition() passed after 79.718 seconds.
✔ Test swiftInterfaceVerificationSkippedByDefault(enableWMO:) with 2 test cases passed after 79.725 seconds.
✔ Suite ArtifactBundleTaskConstructionTests passed after 79.756 seconds.
✔ Test cXXInteropDisablesExplicitModules() passed after 79.829 seconds.
✔ Test remappedHeaderSearchPathsWithCurrentMacros() passed after 79.852 seconds.
✔ Test builtinModuleVerifier() passed after 80.098 seconds.
✔ Test buildVariants() passed after 80.505 seconds.
✔ Test accessNotes() passed after 81.314 seconds.
⎙ Attached 'Build Transcript.txt' to outputPath().
⎙ Attached 'Build Description.txt' to outputPath().
✔ Test multipleDocumentationCatalogsError() passed after 81.390 seconds.
✔ Test swiftAPIBaselineGenerationClangImporterConfiguration() passed after 81.481 seconds.
✔ Suite SwiftABICheckerTaskConstructionTests passed after 81.502 seconds.
⎙ Attached 'Build Transcript.txt' to staticlibInstallAPITBDSigning().
⎙ Attached 'Build Description.txt' to staticlibInstallAPITBDSigning().
✔ Test objectFileProduct() passed after 81.649 seconds.
✔ Test autolinkingFlags() passed after 82.193 seconds.
✔ Test macCatalystBasics() passed after 82.286 seconds.
✔ Suite PlatformTaskConstructionTests passed after 82.339 seconds.
✔ Test manualMergedFrameworkCreation() passed after 82.402 seconds.
✔ Test automaticMergedFrameworkCreation_macOS() passed after 82.469 seconds.
✔ Test vFSFileHasConsistentContents() passed after 82.488 seconds.
✔ Test indexingInfoInvokeSwiftCommandLine() passed after 82.515 seconds.
✔ Suite ArenaIndexingInfoTests passed after 82.545 seconds.
⎙ Attached 'Build Transcript.txt' to userEnvironment().
⎙ Attached 'Build Description.txt' to userEnvironment().
✔ Test userEnvironment() passed after 82.622 seconds.
⎙ Attached 'Build Transcript.txt' to dependencyValidation().
⎙ Attached 'Build Description.txt' to dependencyValidation().
⎙ Attached 'Build Transcript.txt' to objectLibraryBasics().
⎙ Attached 'Build Description.txt' to objectLibraryBasics().
✔ Test objectLibraryBasics() passed after 82.665 seconds.
✔ Test dependencyValidation() passed after 82.675 seconds.
✔ Test buildWithAllSwiftFilesExcludedViaDirectoryGlobBuildsDocumentation() passed after 82.834 seconds.
✔ Test documentationBuildDoesNotBuildDocumentationWhenSkipBuildingDocumentationIsSet() passed after 82.853 seconds.
✔ Test buildDocumentationWithOldSwiftVersion() passed after 82.885 seconds.
✔ Test tBDOutput() passed after 83.101 seconds.
✔ Test buildWithSymbolExtractWithoutDocumentation() passed after 83.312 seconds.
✔ Test appExtensionSwiftEmbedding() passed after 83.321 seconds.
✔ Suite AppExtensionTaskConstructionTests passed after 83.362 seconds.
✔ Test shellScriptDeploymentTargetPruning_watchOS() passed after 83.408 seconds.
✔ Test builtinModuleVerifierSDKVariantFromIOSMac() passed after 83.508 seconds.
✔ Test builtinModuleVerifierSDK() passed after 83.529 seconds.
✔ Test framePointerControl() passed after 83.544 seconds.
✔ Test applicationUnitTestTarget_macOS() passed after 83.549 seconds.
✔ Test swiftLinkerSearchPaths() passed after 83.590 seconds.
✔ Test builtinModuleVerifierSDKVariantFromMacOS() passed after 83.597 seconds.
✔ Test swiftTaskConstruction() passed after 83.636 seconds.
✔ Test multipleBuildVariants() passed after 83.794 seconds.
✔ Test uITestTarget_macOS() passed after 83.889 seconds.
✔ Test unsupportedArchitectureErrors() passed after 84.019 seconds.
✔ Test appIntentsMetadataWithYamlGeneration() passed after 84.158 seconds.
✔ Test appIntentsMetadataWithoutYamlGeneration() passed after 84.163 seconds.
✔ Test emitConstValues() passed after 84.177 seconds.
✔ Test swiftInstallAPI() passed after 84.190 seconds.
✔ Test swiftTaskConstruction_integratedDriver() passed after 84.245 seconds.
✔ Test overridingTargetBuildDirInApplicationUnitTestTarget() passed after 84.281 seconds.
✔ Suite UnsupportedBehaviorTaskConstructionTests passed after 84.336 seconds.
✔ Test mergeableLibraryWithNoSources() passed after 84.348 seconds.
✔ Test swiftObjCAPI() passed after 84.348 seconds.
✔ Suite ClangModuleVerifierCommonTaskConstructionTests passed after 84.392 seconds.
✔ Test swiftWithIndexBuildArena() passed after 84.416 seconds.
✔ Suite IndexBuildTaskConstructionTests passed after 84.439 seconds.
✔ Test applicationUnitTestTarget_watchOS() passed after 84.531 seconds.
✔ Test swiftAppBasics_preSwiftOS() passed after 84.544 seconds.
✔ Test enableBareSlashRegexLiterals() passed after 84.563 seconds.
✔ Test swiftAppBasics_postSwiftSpan() passed after 84.604 seconds.
✔ Test swiftAppBasics_postSwiftOS() passed after 84.640 seconds.
✔ Test watchOnlyApp() passed after 84.728 seconds.
✔ Test globalAPINotes() passed after 84.766 seconds.
✔ Test settingRemoteCacheSupportedLanguages() passed after 84.859 seconds.
✔ Suite CompilationCachingTaskConstructionTests passed after 84.889 seconds.
✔ Test swiftAppBasics_postSwiftOSDeploymentTarget_preSwiftConcurrencySupportedNatively() passed after 84.906 seconds.
✔ Test swiftAppBasics_preSwiftOSDeploymentTarget_postSwiftOSTargetDevice() passed after 84.911 seconds.
✔ Test swiftAppBasics_postSwiftOSDeploymentTarget_preSwiftConcurrencySupportedNatively_DisallowRpathInjection() passed after 84.981 seconds.
✔ Test swiftAppBasics_preSwiftOSDeploymentTarget_postSwiftOSTargetDevice_mixedPlatform() passed after 84.982 seconds.
✔ Test automaticMergedFrameworkCreation_iOS() passed after 85.161 seconds.
⎙ Attached 'Build Transcript.txt' to dependencyValidationWarning().
⎙ Attached 'Build Description.txt' to dependencyValidationWarning().
⎙ Attached 'Build Transcript.txt' to dependencyValidationError().
⎙ Attached 'Build Description.txt' to dependencyValidationError().
✔ Test dependencyValidationWarning() passed after 85.289 seconds.
✔ Test dependencyValidationError() passed after 85.294 seconds.
✔ Test defaultIsolationFlag() passed after 85.351 seconds.
✔ Test swiftInstallAPIPackageProducts() passed after 85.647 seconds.
✔ Suite InstallAPITaskConstructionTests passed after 85.669 seconds.
✔ Test appExtensionUnitTestTarget_watchOS() passed after 85.765 seconds.
✔ Test shellScriptDeploymentTargetPruning_tvOS() passed after 85.787 seconds.
✔ Suite ShellScriptTaskConstructionTests passed after 85.824 seconds.
✔ Test eligibleTargetsEmitTBD() passed after 85.995 seconds.
✔ Suite EagerLinkingTests passed after 86.041 seconds.
✔ Test moduleCompilerOptions() passed after 86.102 seconds.
⎙ Attached 'Build Transcript.txt' to customLocationForBuildDatabaseWithinTargets().
⎙ Attached 'Build Description.txt' to customLocationForBuildDatabaseWithinTargets().
⎙ Attached 'Build Transcript.txt' to explicitModulesWithPrecompiledHeader().
⎙ Attached 'Build Description.txt' to explicitModulesWithPrecompiledHeader().
✔ Test explicitModulesWithPrecompiledHeader() passed after 86.492 seconds.
✔ Test applicationUnitTestTarget_usingSerializedTargetBuild_withAdditionalDependency() passed after 87.076 seconds.
✔ Test uiTestTarget_iOS() passed after 87.474 seconds.
✔ Test cXXFilesAreIgnoredWhenCXXSupportIsDisabled() passed after 87.615 seconds.
✔ Test objectiveCAppDocumentationHeaderHeuristic() passed after 87.855 seconds.
✔ Test applicationUnitTestTarget_usingSerializedTargetBuild() passed after 88.159 seconds.
✔ Suite UnitTestTaskConstructionTests passed after 88.194 seconds.
✔ Test standardLibraryLinkingMacOS() passed after 88.184 seconds.
✔ Suite SwiftCompilerSpecTests passed after 88.230 seconds.
✔ Test clangCacheEnableLauncher() passed after 88.930 seconds.
✔ Suite ClangTests passed after 88.943 seconds.
✔ Test weakLinking() passed after 88.908 seconds.
✔ Test indexingWhileBuildingDisabledInRelease() passed after 88.912 seconds.
✔ Test hostToolBuildsForHostPlatformWithSwiftSDK() passed after 88.979 seconds.
✔ Suite HostBuildToolTaskConstructionTests passed after 89.014 seconds.
⎙ Attached 'Build Transcript.txt' to explicitModulesDriverExpandsToMultipleCC1s().
⎙ Attached 'Build Description.txt' to explicitModulesDriverExpandsToMultipleCC1s().
⎙ Attached 'Build Transcript.txt' to explicitModulesMixedSources().
⎙ Attached 'Build Description.txt' to explicitModulesMixedSources().
✔ Test explicitModulesDriverExpandsToMultipleCC1s() passed after 89.252 seconds.
✔ Test explicitModulesMixedSources() passed after 89.296 seconds.
✔ Test prettyPrintingRuleInfo() passed after 90.003 seconds.
✔ Test strictConcurrencyFlag() passed after 90.305 seconds.
⎙ Attached 'Build Transcript.txt' to setFileAttributesIncrementalBehaviors().
⎙ Attached 'Build Description.txt' to setFileAttributesIncrementalBehaviors().
✔ Test indexingWhileBuilding() passed after 91.260 seconds.
⎙ Attached 'Build Transcript.txt' to macOSUserSelectedFilesReadWriteEntitlement().
⎙ Attached 'Build Description.txt' to macOSUserSelectedFilesReadWriteEntitlement().
✔ Test macOSUserSelectedFilesReadWriteEntitlement() passed after 91.371 seconds.
⎙ Attached 'Build Transcript.txt' to macOSEmptyBuildSettingsBasedEntitlements().
⎙ Attached 'Build Description.txt' to macOSEmptyBuildSettingsBasedEntitlements().
✔ Test macOSEmptyBuildSettingsBasedEntitlements() passed after 91.407 seconds.
✔ Test swiftCachingPrefixMap() passed after 91.385 seconds.
✔ Test buildDocumentationWithContradictingObjectiveCRelatedBuildSettings() passed after 92.023 seconds.
✔ Test buildDocumentationWithoutInstalledCompatibilityHeader() passed after 92.084 seconds.
✔ Test buildDocumentationWithoutARC() passed after 92.158 seconds.
✔ Test buildAppDocumentationWithoutHeaderBuildPhase() passed after 92.263 seconds.
✔ Test requiresArm64Arm64e() passed after 92.270 seconds.
✔ Test toolsetCustomization() passed after 92.279 seconds.
✔ Test multipleArchs_watchOS() passed after 92.333 seconds.
✔ Test buildDocumentationWithoutModuleSupport() passed after 92.515 seconds.
✔ Test buildDocumentationWithSwiftDeclarationsForObjectiveCSymbols() passed after 92.593 seconds.
✔ Test multiProjectAutomaticMergedFrameworkCreation() passed after 92.573 seconds.
✔ Suite MergeableLibraryTests passed after 92.626 seconds.
⎙ Attached 'Build Transcript.txt' to staticlibStubifyTBDSigning().
⎙ Attached 'Build Description.txt' to staticlibStubifyTBDSigning().
✔ Test sanitizers(linkerDriver:expectedAddressArgument:expectedScudoArgument:) with 2 test cases passed after 92.848 seconds.
⎙ Attached 'Build Transcript.txt' to minimalNullIncrementalRebuild().
⎙ Attached 'Build Description.txt' to minimalNullIncrementalRebuild().
✔ Test test32BitMacCatalystPrimaryVariantNoop() passed after 92.975 seconds.
✔ Test buildingWithRemarks() passed after 93.292 seconds.
✔ Suite TaskConstructionTests passed after 93.331 seconds.
✔ Test userModuleVersion() passed after 93.577 seconds.
✔ Test buildWithAllFilesExcludedDoesNotBuildDocumentation() passed after 93.761 seconds.
✔ Test swiftTakesCxxFlagsIfCxxInteropEnabled() passed after 93.910 seconds.
✔ Test regularBuildDoesNotBuildDocumentation() passed after 94.362 seconds.
✔ Test documentationBuildBuildsDocumentation() passed after 94.772 seconds.
✔ Test runDocumentationCompilerWithReverseZipperedProduct() passed after 94.815 seconds.
✔ Test runDocumentationCompilerInRegularBuildWithoutDocsCatalogInput() passed after 94.818 seconds.
⎙ Attached 'Build Transcript.txt' to incrementalArchive(enableBuildSystemCaching:).
⎙ Attached 'Build Description.txt' to incrementalArchive(enableBuildSystemCaching:).
✔ Test dependencyModuleMapsArePassedToExtractAPI() passed after 94.898 seconds.
✔ Test documentationIdentifierFallbackValues() passed after 95.215 seconds.
⎙ Attached 'Build Transcript.txt' to dylibStubifyTBDSigning().
⎙ Attached 'Build Description.txt' to dylibStubifyTBDSigning().
⎙ Attached 'Build Transcript.txt' to incrementalArchive(enableBuildSystemCaching:).
⎙ Attached 'Build Description.txt' to incrementalArchive(enableBuildSystemCaching:).
✔ Test watchOSAppBasics() passed after 95.509 seconds.
✔ Suite WatchTaskConstructionTests passed after 95.540 seconds.
✔ Test runDocumentationCompilerWithZipperedProduct() passed after 95.564 seconds.
✔ Test buildDocumentationWithoutExtensionSymbolsSupport() passed after 95.591 seconds.
✔ Test buildDocumentationWithoutTransformingForStaticHosting() passed after 95.697 seconds.
✔ Test buildDocumentationWithSPIObjectiveCDocumentation() passed after 95.803 seconds.
✔ Test buildDocumentationWithObjectiveCDeclarationsForSwiftSymbols() passed after 95.833 seconds.
✔ Test buildDocumentationWithHostingBasePath() passed after 95.847 seconds.
✔ Test runDocumentationCompilerInRegularBuild() passed after 95.937 seconds.
✔ Test buildDocumentationWithOtherDocCFlags() passed after 96.126 seconds.
✔ Test documentationTemplateBuildSetting() passed after 96.205 seconds.
✔ Test objectiveCDeclarationsForSwiftSymbolsWithoutModule() passed after 96.205 seconds.
✔ Test wasmSwiftSDKRunDestination() passed after 97.356 seconds.
✔ Test staticLinuxSwiftSDKRunDestination(architecture:) with 2 test cases passed after 97.352 seconds.
✔ Suite SWBWebAssemblyPlatformTests passed after 97.374 seconds.
✔ Suite GenericUnixSwiftSDKTaskConstructionTests passed after 97.374 seconds.
✔ Test staticResourceDirectorySelection_requestImposesStaticStdlib() passed after 97.464 seconds.
✔ Test androidSwiftSDKRunDestination(architecture:) with 2 test cases passed after 97.474 seconds.
✔ Suite AndroidTaskConstructionTests passed after 97.497 seconds.
✔ Test staticResourceDirectorySelection_toolsetImposesStaticStdlib() passed after 97.751 seconds.
✔ Test dynamicResourceDirectorySelection() passed after 97.808 seconds.
✔ Suite ToolsetTaskConstructionTests passed after 97.847 seconds.
✔ Test noSwiftModuleOnlyRuleScriptExecutionTasksGenerated() passed after 98.364 seconds.
✔ Test enableHardeningInSwift() passed after 98.396 seconds.
✔ Test copyModuleMaps() passed after 98.424 seconds.
⎙ Attached 'Build Transcript.txt' to dependencyValidationModuleCache().
⎙ Attached 'Build Description.txt' to dependencyValidationModuleCache().
✔ Test prebuiltsAreHostOnly() passed after 99.242 seconds.
✔ Suite PrebuiltsTaskConstructionTests passed after 99.276 seconds.
✔ Test dependencyValidationModuleCache() passed after 99.290 seconds.
⎙ Attached 'Build Transcript.txt' to macOSAppSandboxEnabledEntitlement().
⎙ Attached 'Build Description.txt' to macOSAppSandboxEnabledEntitlement().
✔ Test macOSAppSandboxEnabledEntitlement() passed after 99.361 seconds.
✔ Test definesModuleOff() passed after 100.167 seconds.
✔ Suite ModuleMapTaskConstructionTests passed after 100.181 seconds.
✔ Test coreMLCompiler() passed after 100.735 seconds.
✔ Suite BuildToolTaskConstructionTests passed after 100.752 seconds.
✔ Test overloadedArchDeploymentTarget() passed after 101.472 seconds.
✔ Test swiftModuleOnlyArchsFrameworkDebugBuild() passed after 101.642 seconds.
✔ Test platformFiltering_macCatalyst() passed after 101.827 seconds.
✔ Test swiftModuleOnlyArchsFrameworkReleaseBuild() passed after 102.032 seconds.
✔ Test swiftModuleOnlyArchsDynamicLibraryDebugBuild() passed after 102.179 seconds.
✔ Test swiftModuleOnlyArchsStaticLibraryReleaseBuild() passed after 102.181 seconds.
⎙ Attached 'Build Transcript.txt' to missingInputFailsBuild().
⎙ Attached 'Build Description.txt' to missingInputFailsBuild().
✔ Test platformFiltering_macOS() passed after 102.212 seconds.
✔ Test swiftModuleOnlyArchsDynamicLibraryReleaseBuild() passed after 102.238 seconds.
⎙ Attached 'Build Transcript.txt' to customLocationForBuildDatabase().
⎙ Attached 'Build Description.txt' to customLocationForBuildDatabase().
✔ Test missingInputFailsBuild() passed after 102.447 seconds.
✔ Test customLocationForBuildDatabase() passed after 102.466 seconds.
✔ Test swiftModuleOnlyArchsStaticLibraryDebugBuild() passed after 102.553 seconds.
✔ Suite SwiftModuleOnlyTaskConstructionTests passed after 102.571 seconds.
✔ Test documentationWithoutHeaderMembership() passed after 102.711 seconds.
✔ Test buildActionsWithoutBuildComponentDoesNotBuildRunSymbolExtractWhenBuildSettingIsSet() passed after 102.834 seconds.
✔ Test buildActionsWithoutBuildComponentDoesNotBuildDocumentationWhenBuildSettingIsSet() passed after 102.836 seconds.
✔ Test basicMultiPlatformScenario_PublicSDK_ExplicitDeps() passed after 103.564 seconds.
✔ Test libraryLevel() passed after 103.827 seconds.
✔ Suite SwiftTaskConstructionTests passed after 103.857 seconds.
✔ Test inputOutputLookup() passed after 104.184 seconds.
✔ Suite CommandLineSpecTests passed after 104.223 seconds.
✔ Test basicMultiPlatformScenario_PublicSDK_ImplicitDeps() passed after 104.430 seconds.
━ Suite MultiPlatformTaskConstructionTests passed after 104.449 seconds with 2 known issues.
✔ Test XcodeCommands() passed after 105.446 seconds.
✔ Suite XcodeCommandsTests passed after 105.476 seconds.
⎙ Attached 'Build Transcript.txt' to macOSAppSandboxEnabledEntitlementOff().
⎙ Attached 'Build Description.txt' to macOSAppSandboxEnabledEntitlementOff().
✔ Test macOSAppSandboxEnabledEntitlementOff() passed after 105.642 seconds.
✔ Test platformFiltering_watchOS() passed after 106.843 seconds.
✔ Test platformFiltering_tvOS() passed after 107.061 seconds.
✔ Test platformFiltering_iOS() passed after 107.108 seconds.
✔ Suite PlatformFilteringTaskConstructionTests passed after 107.122 seconds.
✔ Test allHeadersHeadermapUse() passed after 107.180 seconds.
✔ Suite HeadermapTaskConstructionTests passed after 107.212 seconds.
✔ Test skipsDocumentationWhenTargetHasPlusPlusHeader() passed after 107.594 seconds.
✔ Suite ObjectiveCSymbolExtractorTests passed after 107.618 seconds.
⎙ Attached 'Build Transcript.txt' to buildContextDependentHeadermapNonDependency().
⎙ Attached 'Build Description.txt' to buildContextDependentHeadermapNonDependency().
⎙ Attached 'Build Transcript.txt' to macOSUserSelectedFilesReadOnlyEntitlement().
⎙ Attached 'Build Description.txt' to macOSUserSelectedFilesReadOnlyEntitlement().
⎙ Attached 'Build Transcript.txt' to macOSHardenedRuntimeEnabledEntitlementsWithConflict().
⎙ Attached 'Build Description.txt' to macOSHardenedRuntimeEnabledEntitlementsWithConflict().
⎙ Attached 'Build Transcript.txt' to staticFrameworkStubifyTBDSigning().
⎙ Attached 'Build Description.txt' to staticFrameworkStubifyTBDSigning().
⎙ Attached 'Build Transcript.txt' to infoPlistAffectsCodeSigning().
⎙ Attached 'Build Description.txt' to infoPlistAffectsCodeSigning().
✔ Test macOSUserSelectedFilesReadOnlyEntitlement() passed after 113.132 seconds.
⎙ Attached 'Build Transcript.txt' to staticFrameworkInstallAPITBDSigningWithBuildVariants().
⎙ Attached 'Build Description.txt' to staticFrameworkInstallAPITBDSigningWithBuildVariants().
⎙ Attached 'Build Transcript.txt' to onDemandResourcesDisabled().
⎙ Attached 'Build Description.txt' to onDemandResourcesDisabled().
✔ Test onDemandResourcesDisabled() passed after 113.459 seconds.
⎙ Attached 'Build Transcript.txt' to staticlibInstallAPITBDSigningWithBuildVariants().
⎙ Attached 'Build Description.txt' to staticlibInstallAPITBDSigningWithBuildVariants().
⎙ Attached 'Build Transcript.txt' to staticFrameworkInstallAPITBDSigning().
⎙ Attached 'Build Description.txt' to staticFrameworkInstallAPITBDSigning().
⎙ Attached 'Build Transcript.txt' to backtracesForDeletedOutputs().
⎙ Attached 'Build Description.txt' to backtracesForDeletedOutputs().
⎙ Attached 'Build Transcript.txt' to frameworkStubifyTBDSigning().
⎙ Attached 'Build Description.txt' to frameworkStubifyTBDSigning().
✔ Test discoveredClangSpecInfoAcrossToolchains() passed after 116.833 seconds.
✔ Suite CommandLineToolSpecDiscoveredInfoTests passed after 116.869 seconds.
⎙ Attached 'Build Transcript.txt' to macOSHardenedRuntimeEnabledEntitlements().
⎙ Attached 'Build Description.txt' to macOSHardenedRuntimeEnabledEntitlements().
⎙ Attached 'Build Transcript.txt' to macOSAppSandboxEnabledEntitlements().
⎙ Attached 'Build Description.txt' to macOSAppSandboxEnabledEntitlements().
✔ Test macOSHardenedRuntimeEnabledEntitlements() passed after 118.013 seconds.
✔ Test macOSAppSandboxEnabledEntitlements() passed after 118.014 seconds.
⎙ Attached 'Build Transcript.txt' to actualMutableBehaviors().
⎙ Attached 'Build Description.txt' to actualMutableBehaviors().
⎙ Attached 'Build Transcript.txt' to workspaceSFRDoesNotDeleteOtherConfigurations().
⎙ Attached 'Build Description.txt' to workspaceSFRDoesNotDeleteOtherConfigurations().
⎙ Attached 'Build Transcript.txt' to crossWorkspaceStaleEagerLinkingTBDRemoval().
⎙ Attached 'Build Description.txt' to crossWorkspaceStaleEagerLinkingTBDRemoval().
⎙ Attached 'Build Transcript.txt' to staleTBDRemovedWhenFrameworkSwitchesDynamicToStatic().
⎙ Attached 'Build Description.txt' to staleTBDRemovedWhenFrameworkSwitchesDynamicToStatic().
⎙ Attached 'Build Transcript.txt' to dSYMBundleCleanupOnDebugInfoFormatChange().
⎙ Attached 'Build Description.txt' to dSYMBundleCleanupOnDebugInfoFormatChange().
✔ Test expandedTargetTypesSupportBuildingDocumentation() passed after 121.695 seconds.
✔ Suite DocumentationTaskConstructionTests passed after 121.708 seconds.
⎙ Attached 'Build Transcript.txt' to installHeadersStaleFileRemoval().
⎙ Attached 'Build Description.txt' to installHeadersStaleFileRemoval().
⎙ Attached 'Build Transcript.txt' to mutatingTaskBacktraceRecording().
⎙ Attached 'Build Description.txt' to mutatingTaskBacktraceRecording().
⎙ Attached 'Build Transcript.txt' to validateCASPostBuildError().
⎙ Attached 'Build Description.txt' to validateCASPostBuildError().
⎙ Attached 'Build Transcript.txt' to cachingFineGrainedOutputsNotSet().
⎙ Attached 'Build Description.txt' to cachingFineGrainedOutputsNotSet().
⎙ Attached 'Build Transcript.txt' to dSYMAccompaniesProductRebuild().
⎙ Attached 'Build Description.txt' to dSYMAccompaniesProductRebuild().
⎙ Attached 'Build Transcript.txt' to dSYMBundlePreservedWhenBuildVariantRemoved().
⎙ Attached 'Build Description.txt' to dSYMBundlePreservedWhenBuildVariantRemoved().
⎙ Attached 'Build Transcript.txt' to cachingModulesBasicPlugin().
⎙ Attached 'Build Description.txt' to cachingModulesBasicPlugin().
⎙ Attached 'Build Transcript.txt' to cachingFineGrainedOutputsDisabled().
⎙ Attached 'Build Description.txt' to cachingFineGrainedOutputsDisabled().
⎙ Attached 'Build Transcript.txt' to incrementalDatabasePruningWithModules().
⎙ Attached 'Build Description.txt' to incrementalDatabasePruningWithModules().
⎙ Attached 'Build Transcript.txt' to explicitModulesWithLauncher().
⎙ Attached 'Build Description.txt' to explicitModulesWithLauncher().
⎙ Attached 'Build Transcript.txt' to cachingModulesBasic().
⎙ Attached 'Build Description.txt' to cachingModulesBasic().
⎙ Attached 'Build Transcript.txt' to validateCAS(usePlugin:enableCaching:includePostBuild:).
⎙ Attached 'Build Description.txt' to validateCAS(usePlugin:enableCaching:includePostBuild:).
⎙ Attached 'Build Transcript.txt' to implicitModules().
⎙ Attached 'Build Description.txt' to implicitModules().
✔ Test implicitModules() passed after 128.463 seconds.
⎙ Attached 'Build Transcript.txt' to rebuildAfterEnablingCaching().
⎙ Attached 'Build Description.txt' to rebuildAfterEnablingCaching().
⎙ Attached 'Build Transcript.txt' to cachingFineGrainedOutputsVerifySet().
⎙ Attached 'Build Description.txt' to cachingFineGrainedOutputsVerifySet().
⎙ Attached 'Build Transcript.txt' to cachePath().
⎙ Attached 'Build Description.txt' to cachePath().
⎙ Attached 'Build Transcript.txt' to cachingBasicPlugin().
⎙ Attached 'Build Description.txt' to cachingBasicPlugin().
⎙ Attached 'Build Transcript.txt' to cacheCleanup().
⎙ Attached 'Build Description.txt' to cacheCleanup().
⎙ Attached 'Build Transcript.txt' to noCacheCleanupInScript().
⎙ Attached 'Build Description.txt' to noCacheCleanupInScript().
✔ Test noCacheCleanupInScript() passed after 130.880 seconds.
⎙ Attached 'Build Transcript.txt' to sameWorkspaceRebuildPreservesEagerLinkingTBDs().
⎙ Attached 'Build Description.txt' to sameWorkspaceRebuildPreservesEagerLinkingTBDs().
⎙ Attached 'Build Transcript.txt' to cachingFineGrainedOutputsSet().
⎙ Attached 'Build Description.txt' to cachingFineGrainedOutputsSet().
⎙ Attached 'Build Transcript.txt' to validateCASRecovery().
⎙ Attached 'Build Description.txt' to validateCASRecovery().
⎙ Attached 'Build Transcript.txt' to prefixMapping().
⎙ Attached 'Build Description.txt' to prefixMapping().
⎙ Attached 'Build Transcript.txt' to validateCAS(usePlugin:enableCaching:includePostBuild:).
⎙ Attached 'Build Description.txt' to validateCAS(usePlugin:enableCaching:includePostBuild:).
⎙ Attached 'Build Transcript.txt' to validateCAS(usePlugin:enableCaching:includePostBuild:).
⎙ Attached 'Build Description.txt' to validateCAS(usePlugin:enableCaching:includePostBuild:).
⎙ Attached 'Build Transcript.txt' to cachingFineGrainedOutputsCompileCacheDisabled().
⎙ Attached 'Build Description.txt' to cachingFineGrainedOutputsCompileCacheDisabled().
⎙ Attached 'Build Transcript.txt' to validateCAS(usePlugin:enableCaching:includePostBuild:).
⎙ Attached 'Build Description.txt' to validateCAS(usePlugin:enableCaching:includePostBuild:).
⎙ Attached 'Build Transcript.txt' to cachingBasic().
⎙ Attached 'Build Description.txt' to cachingBasic().
⎙ Attached 'Build Transcript.txt' to validateCAS(usePlugin:enableCaching:includePostBuild:).
⎙ Attached 'Build Description.txt' to validateCAS(usePlugin:enableCaching:includePostBuild:).
⎙ Attached 'Build Transcript.txt' to validateCAS(usePlugin:enableCaching:includePostBuild:).
⎙ Attached 'Build Description.txt' to validateCAS(usePlugin:enableCaching:includePostBuild:).
⎙ Attached 'Build Transcript.txt' to clangStatCacheBasics().
⎙ Attached 'Build Description.txt' to clangStatCacheBasics().
✔ Test clangStatCacheBasics() passed after 138.272 seconds.
⎙ Attached 'Build Transcript.txt' to scannerDiagnostics().
⎙ Attached 'Build Description.txt' to scannerDiagnostics().
✔ Test scannerDiagnostics() passed after 139.567 seconds.
⎙ Attached 'Build Transcript.txt' to yaccRenaming().
⎙ Attached 'Build Description.txt' to yaccRenaming().
⎙ Attached 'Build Transcript.txt' to cachingModulesWithPrecompiledHeader().
⎙ Attached 'Build Description.txt' to cachingModulesWithPrecompiledHeader().
⎙ Attached 'Build Transcript.txt' to entitlementsModificationInvalidatesBuildDescription().
⎙ Attached 'Build Description.txt' to entitlementsModificationInvalidatesBuildDescription().
⎙ Attached 'Build Transcript.txt' to preprocessSingleFile().
⎙ Attached 'Build Description.txt' to preprocessSingleFile().
⎙ Attached 'Build Transcript.txt' to analyzerRequestedPrecompilesDoNotAttemptSerializedDiagnosticsParsing().
⎙ Attached 'Build Description.txt' to analyzerRequestedPrecompilesDoNotAttemptSerializedDiagnosticsParsing().
✔ Test analyzerRequestedPrecompilesDoNotAttemptSerializedDiagnosticsParsing() passed after 142.225 seconds.
⎙ Attached 'Build Transcript.txt' to switchingBetweenSanitizerModes().
⎙ Attached 'Build Description.txt' to switchingBetweenSanitizerModes().
⎙ Attached 'Build Transcript.txt' to switchingBetweenSanitizerModesNew().
⎙ Attached 'Build Description.txt' to switchingBetweenSanitizerModesNew().
⎙ Attached 'Build Transcript.txt' to complexSymlinkCaseWithDiscoveredDependencies().
⎙ Attached 'Build Description.txt' to complexSymlinkCaseWithDiscoveredDependencies().
⎙ Attached 'Build Transcript.txt' to explicitModules().
⎙ Attached 'Build Description.txt' to explicitModules().
✔ Test explicitModules() passed after 143.804 seconds.
⎙ Attached 'Build Transcript.txt' to fileNameMap().
⎙ Attached 'Build Description.txt' to fileNameMap().
✔ Test fileNameMap() passed after 144.727 seconds.
⎙ Attached 'Build Transcript.txt' to incrementalBuildsDoNotAccumulateModuleVariantsWhenImportedModulesChange().
⎙ Attached 'Build Description.txt' to incrementalBuildsDoNotAccumulateModuleVariantsWhenImportedModulesChange().
⎙ Attached 'Build Transcript.txt' to sharingBetweenProjects().
⎙ Attached 'Build Description.txt' to sharingBetweenProjects().
⎙ Attached 'Build Transcript.txt' to builtinModuleVerifyList().
⎙ Attached 'Build Description.txt' to builtinModuleVerifyList().
✔ Test sharingBetweenProjects() passed after 146.193 seconds.
⎙ Attached 'Build Transcript.txt' to cachedBuild().
⎙ Attached 'Build Description.txt' to cachedBuild().
✔ Test builtinModuleVerifyList() passed after 146.220 seconds.
✔ Suite ModuleVerifierTaskConstructionTests passed after 146.249 seconds.
⎙ Attached 'Build Transcript.txt' to entitlementsProcessingNotInvalidatedByUnrelatedSettingsChange().
⎙ Attached 'Build Description.txt' to entitlementsProcessingNotInvalidatedByUnrelatedSettingsChange().
⎙ Attached 'Build Transcript.txt' to explicitModulesSharingOfDependencies().
⎙ Attached 'Build Description.txt' to explicitModulesSharingOfDependencies().
⎙ Attached 'Build Transcript.txt' to staticLibraryLinkingStaticLibrary().
⎙ Attached 'Build Description.txt' to staticLibraryLinkingStaticLibrary().
✔ Test staticLibraryLinkingStaticLibrary() passed after 147.934 seconds.
✔ Suite StaticLibraryBuildOperationTests passed after 147.952 seconds.
⎙ Attached 'Build Transcript.txt' to implicitDependency().
⎙ Attached 'Build Description.txt' to implicitDependency().
⎙ Attached 'Build Transcript.txt' to sharingBetweenTargets().
⎙ Attached 'Build Description.txt' to sharingBetweenTargets().
⎙ Attached 'Build Transcript.txt' to prefixHeaderDependencies().
⎙ Attached 'Build Description.txt' to prefixHeaderDependencies().
✔ Test sharingBetweenTargets() passed after 149.176 seconds.
⎙ Attached 'Build Transcript.txt' to prefixMappingWithModuleVerifier().
⎙ Attached 'Build Description.txt' to prefixMappingWithModuleVerifier().
⎙ Attached 'Build Transcript.txt' to copiedFrameworks().
⎙ Attached 'Build Description.txt' to copiedFrameworks().
⎙ Attached 'Build Transcript.txt' to linkingAgainstSymlinks().
⎙ Attached 'Build Description.txt' to linkingAgainstSymlinks().
⎙ Attached 'Build Transcript.txt' to LLBuildBacktraceRecording().
⎙ Attached 'Build Description.txt' to LLBuildBacktraceRecording().
✔ Test linkingAgainstSymlinks() passed after 151.704 seconds.
⎙ Attached 'Build Transcript.txt' to backtraceTextRendering().
⎙ Attached 'Build Description.txt' to backtraceTextRendering().
⎙ Attached 'Build Transcript.txt' to dependencyValidationWithSymlinks().
⎙ Attached 'Build Description.txt' to dependencyValidationWithSymlinks().
⎙ Attached 'Build Transcript.txt' to incrementalCodesignForCopyFileChanges().
⎙ Attached 'Build Description.txt' to incrementalCodesignForCopyFileChanges().
✔ Test dependencyValidationWithSymlinks() passed after 153.705 seconds.
✔ Suite DependencyValidationTests passed after 153.717 seconds.
⎙ Attached 'Build Transcript.txt' to skipDependenciesFlag().
⎙ Attached 'Build Description.txt' to skipDependenciesFlag().
⎙ Attached 'Build Transcript.txt' to incrementalDatabasePruningWithPrecompiledHeader().
⎙ Attached 'Build Description.txt' to incrementalDatabasePruningWithPrecompiledHeader().
⎙ Attached 'Build Transcript.txt' to incrementalDatabasePruningWithPrecompiledHeaderAndModules().
⎙ Attached 'Build Description.txt' to incrementalDatabasePruningWithPrecompiledHeaderAndModules().
⎙ Attached 'Build Transcript.txt' to diagnosingMissingTargetDependencies().
⎙ Attached 'Build Description.txt' to diagnosingMissingTargetDependencies().
⎙ Attached 'Build Transcript.txt' to cleanLegacy().
⎙ Attached 'Build Description.txt' to cleanLegacy().
⎙ Attached 'Build Transcript.txt' to deeplyLinkedStaticLibraryIncrementalBuild().
⎙ Attached 'Build Description.txt' to deeplyLinkedStaticLibraryIncrementalBuild().
⎙ Attached 'Build Transcript.txt' to clangExplicitModulesScannerDependencyRollupIsComplete().
⎙ Attached 'Build Description.txt' to clangExplicitModulesScannerDependencyRollupIsComplete().
⎙ Attached 'Build Transcript.txt' to deeplyLinkedStaticLibraryIncrementalBuildForInstallBuilds().
⎙ Attached 'Build Description.txt' to deeplyLinkedStaticLibraryIncrementalBuildForInstallBuilds().
⎙ Attached 'Build Transcript.txt' to objectFileVerifier().
⎙ Attached 'Build Description.txt' to objectFileVerifier().
✔ Test objectFileVerifier() passed after 158.602 seconds.
⎙ Attached 'Build Transcript.txt' to singleFileAnalyze().
⎙ Attached 'Build Description.txt' to singleFileAnalyze().
✔ Test singleFileAnalyze() passed after 159.647 seconds.
⎙ Attached 'Build Transcript.txt' to prelinkingPropagatesPlatformVersion().
⎙ Attached 'Build Description.txt' to prelinkingPropagatesPlatformVersion().
⎙ Attached 'Build Transcript.txt' to validateCASMultipleExec().
⎙ Attached 'Build Description.txt' to validateCASMultipleExec().
✔ Test prelinkingPropagatesPlatformVersion() passed after 159.798 seconds.
✔ Test validateCASMultipleExec() passed after 159.797 seconds.
⎙ Attached 'Build Transcript.txt' to incrementalCodesignForCopyFileChanges_MixedOnOff().
⎙ Attached 'Build Description.txt' to incrementalCodesignForCopyFileChanges_MixedOnOff().
⎙ Attached 'Build Transcript.txt' to dSYMNullBuild().
⎙ Attached 'Build Description.txt' to dSYMNullBuild().
⎙ Attached 'Build Transcript.txt' to addingTranslationUnit().
⎙ Attached 'Build Description.txt' to addingTranslationUnit().
⎙ Attached 'Build Transcript.txt' to upwardIncludeModuleCycle(eagerParallelCompilation:).
⎙ Attached 'Build Description.txt' to upwardIncludeModuleCycle(eagerParallelCompilation:).
⎙ Attached 'Build Transcript.txt' to upwardIncludeModuleCycle(eagerParallelCompilation:).
⎙ Attached 'Build Description.txt' to upwardIncludeModuleCycle(eagerParallelCompilation:).
⎙ Attached 'Build Transcript.txt' to explicitModulesWithFramework().
⎙ Attached 'Build Description.txt' to explicitModulesWithFramework().
⎙ Attached 'Build Transcript.txt' to incrementalHeaderRename().
⎙ Attached 'Build Description.txt' to incrementalHeaderRename().
✔ Test explicitModulesWithFramework() passed after 165.555 seconds.
⎙ Attached 'Build Transcript.txt' to validateEmbeddedBinary().
⎙ Attached 'Build Description.txt' to validateEmbeddedBinary().
⎙ Attached 'Build Transcript.txt' to targetDependencyCycle().
⎙ Attached 'Build Description.txt' to targetDependencyCycle().
✔ Test targetDependencyCycle() passed after 167.771 seconds.
⎙ Attached 'Build Transcript.txt' to linkerDiscoversIntermediateTBDDependencies().
⎙ Attached 'Build Description.txt' to linkerDiscoversIntermediateTBDDependencies().
✔ Test linkerDiscoversIntermediateTBDDependencies() passed after 168.752 seconds.
⎙ Attached 'Build Transcript.txt' to schemeOrderCycle().
⎙ Attached 'Build Description.txt' to schemeOrderCycle().
⎙ Attached 'Build Transcript.txt' to explicitModulesIncrementalBuildInvalidatingProjectModule().
⎙ Attached 'Build Description.txt' to explicitModulesIncrementalBuildInvalidatingProjectModule().
✔ Test schemeOrderCycle() passed after 168.900 seconds.
⎙ Attached 'Build Transcript.txt' to headerDependenciesOnSystemModuleOutsideSysroot().
⎙ Attached 'Build Description.txt' to headerDependenciesOnSystemModuleOutsideSysroot().
⎙ Attached 'Build Transcript.txt' to precompileDiagnostics().
⎙ Attached 'Build Description.txt' to precompileDiagnostics().
✔ Test precompileDiagnostics() passed after 170.074 seconds.
⎙ Attached 'Build Transcript.txt' to generatedFilesCycle().
⎙ Attached 'Build Description.txt' to generatedFilesCycle().
✔ Test generatedFilesCycle() passed after 171.010 seconds.
⎙ Attached 'Build Transcript.txt' to implicitTargetDependencyCycle().
⎙ Attached 'Build Description.txt' to implicitTargetDependencyCycle().
✔ Test implicitTargetDependencyCycle() passed after 171.733 seconds.
⎙ Attached 'Build Transcript.txt' to actualHeadermapUse().
⎙ Attached 'Build Description.txt' to actualHeadermapUse().
⎙ Attached 'Build Transcript.txt' to targetDiagnosticsRestoration().
⎙ Attached 'Build Description.txt' to targetDiagnosticsRestoration().
✔ Test targetDiagnosticsRestoration() passed after 173.366 seconds.
⎙ Attached 'Build Transcript.txt' to realityToolCachingBasics().
⎙ Attached 'Build Transcript.txt' to incrementalBuildsDoNotAccumulateModuleVariantsWhenSignaturesChange().
⎙ Attached 'Build Description.txt' to incrementalBuildsDoNotAccumulateModuleVariantsWhenSignaturesChange().
⎙ Attached 'Build Transcript.txt' to incrementalBuildHeaderRemoval().
⎙ Attached 'Build Description.txt' to incrementalBuildHeaderRemoval().
⎙ Attached 'Build Transcript.txt' to leadingTargetsAreElidedFromCyclePath().
⎙ Attached 'Build Description.txt' to leadingTargetsAreElidedFromCyclePath().
✔ Test leadingTargetsAreElidedFromCyclePath() passed after 174.856 seconds.
⎙ Attached 'Build Transcript.txt' to incrementalBuildsDoNotRebuildModuleDepsWhenModuleChanges().
⎙ Attached 'Build Description.txt' to incrementalBuildsDoNotRebuildModuleDepsWhenModuleChanges().
⎙ Attached 'Build Transcript.txt' to incrementalUpdateToTransitiveModuleDependency().
⎙ Attached 'Build Description.txt' to incrementalUpdateToTransitiveModuleDependency().
⎙ Attached 'Build Transcript.txt' to swiftBuildTraceEmission().
⎙ Attached 'Build Description.txt' to swiftBuildTraceEmission().
⎙ Attached 'Build Transcript.txt' to verifyModule(enableWMO:).
⎙ Attached 'Build Description.txt' to verifyModule(enableWMO:).
⎙ Attached 'Build Transcript.txt' to verifyModule(enableWMO:).
⎙ Attached 'Build Description.txt' to verifyModule(enableWMO:).
✔ Test verifyModule(enableWMO:) with 2 test cases passed after 177.493 seconds.
⎙ Attached 'Build Transcript.txt' to progress().
⎙ Attached 'Build Description.txt' to progress().
✔ Test progress() passed after 177.569 seconds.
⎙ Attached 'Build Transcript.txt' to jobDiscoveryDoesNotFailAfterNonFatalError().
⎙ Attached 'Build Description.txt' to jobDiscoveryDoesNotFailAfterNonFatalError().
⎙ Attached 'Build Transcript.txt' to linkerDriverDiagnosticsParsing().
⎙ Attached 'Build Description.txt' to linkerDriverDiagnosticsParsing().
✔ Test jobDiscoveryDoesNotFailAfterNonFatalError() passed after 178.841 seconds.
✔ Test linkerDriverDiagnosticsParsing() passed after 178.844 seconds.
⎙ Attached 'Build Transcript.txt' to explicitBuildDefaultFromBlocklist().
⎙ Attached 'Build Description.txt' to explicitBuildDefaultFromBlocklist().
⎙ Attached 'Build Transcript.txt' to incrementalBuild_changeSameFile().
⎙ Attached 'Build Description.txt' to incrementalBuild_changeSameFile().
⎙ Attached 'Build Transcript.txt' to dependencyInfoDebugActivityLogs().
⎙ Attached 'Build Description.txt' to dependencyInfoDebugActivityLogs().
✔ Test dependencyInfoDebugActivityLogs() passed after 180.130 seconds.
⎙ Attached 'Build Transcript.txt' to rebuildDeletedSwiftPCMAfterSourceChange().
⎙ Attached 'Build Description.txt' to rebuildDeletedSwiftPCMAfterSourceChange().
⎙ Attached 'Build Transcript.txt' to progressReportingWithCachedBuildSystem().
⎙ Attached 'Build Description.txt' to progressReportingWithCachedBuildSystem().
⎙ Attached 'Build Transcript.txt' to swiftExclusivity().
⎙ Attached 'Build Description.txt' to swiftExclusivity().
⎙ Attached 'Build Transcript.txt' to singleThreadedWMOCompilation().
⎙ Attached 'Build Description.txt' to singleThreadedWMOCompilation().
✔ Test singleThreadedWMOCompilation() passed after 182.909 seconds.
⎙ Attached 'Build Transcript.txt' to manySwiftFlags().
⎙ Attached 'Build Description.txt' to manySwiftFlags().
✔ Test manySwiftFlags() passed after 183.498 seconds.
⎙ Attached 'Build Transcript.txt' to jobDiscoveryActivityLog().
⎙ Attached 'Build Description.txt' to jobDiscoveryActivityLog().
✔ Test jobDiscoveryActivityLog() passed after 183.530 seconds.
⎙ Attached 'Build Transcript.txt' to previewXOJITBuildsAppExtension().
⎙ Attached 'Build Description.txt' to previewXOJITBuildsAppExtension().
✔ Test previewXOJITBuildsAppExtension() passed after 183.895 seconds.
⎙ Attached 'Build Transcript.txt' to explicitBuildWithAPrecompiledHeader().
⎙ Attached 'Build Description.txt' to explicitBuildWithAPrecompiledHeader().
✔ Test explicitBuildWithAPrecompiledHeader() passed after 184.600 seconds.
⎙ Attached 'Build Transcript.txt' to avoidEmitModuleSourceInfo().
⎙ Attached 'Build Description.txt' to avoidEmitModuleSourceInfo().
✔ Test avoidEmitModuleSourceInfo() passed after 185.595 seconds.
⎙ Attached 'Build Transcript.txt' to incrementalBuildRecordCorrectlyPersistsCompileFailures().
⎙ Attached 'Build Description.txt' to incrementalBuildRecordCorrectlyPersistsCompileFailures().
⎙ Attached 'Build Transcript.txt' to documentationBuild().
⎙ Attached 'Build Description.txt' to documentationBuild().
✔ Test documentationBuild() passed after 187.136 seconds.
⎙ Attached 'Build Transcript.txt' to diagnostics().
⎙ Attached 'Build Description.txt' to diagnostics().
⎙ Attached 'Build Transcript.txt' to resourceEmbedInCodeIncrementalRebuild().
⎙ Attached 'Build Description.txt' to resourceEmbedInCodeIncrementalRebuild().
✔ Test diagnostics() passed after 188.455 seconds.
⎙ Attached 'Build Transcript.txt' to diagnosingLanguageFeatureEnablement().
⎙ Attached 'Build Description.txt' to diagnosingLanguageFeatureEnablement().
⎙ Attached 'Build Transcript.txt' to staleSwiftStdlibDylibRemovedOnIncrementalBuild().
⎙ Attached 'Build Description.txt' to staleSwiftStdlibDylibRemovedOnIncrementalBuild().
⎙ Attached 'Build Transcript.txt' to indexingAndPreviewInfo().
⎙ Attached 'Build Description.txt' to indexingAndPreviewInfo().
⎙ Attached 'Build Transcript.txt' to planningErrorsFailTask().
⎙ Attached 'Build Description.txt' to planningErrorsFailTask().
✔ Test planningErrorsFailTask() passed after 191.660 seconds.
⎙ Attached 'Build Transcript.txt' to prepareForIndexing().
⎙ Attached 'Build Description.txt' to prepareForIndexing().
✔ Test prepareForIndexing() passed after 191.927 seconds.
⎙ Attached 'Build Transcript.txt' to diagnostics_WMO().
⎙ Attached 'Build Description.txt' to diagnostics_WMO().
✔ Test diagnostics_WMO() passed after 193.088 seconds.
⎙ Attached 'Build Transcript.txt' to locExportBuildsHeaders().
⎙ Attached 'Build Description.txt' to locExportBuildsHeaders().
✔ Test locExportBuildsHeaders() passed after 193.485 seconds.
⎙ Attached 'Build Transcript.txt' to explicitPCMDeduplicationWithBuildVariant().
⎙ Attached 'Build Description.txt' to explicitPCMDeduplicationWithBuildVariant().
✔ Test explicitPCMDeduplicationWithBuildVariant() passed after 194.664 seconds.
⎙ Attached 'Build Transcript.txt' to userModuleHeaderChangeInvalidatesPlanning().
⎙ Attached 'Build Description.txt' to userModuleHeaderChangeInvalidatesPlanning().
⎙ Attached 'Build Transcript.txt' to swiftSDKToolsets().
⎙ Attached 'Build Description.txt' to swiftSDKToolsets().
⎙ Attached 'Build Transcript.txt' to incrementalExplicitModulesLinkerSwiftmoduleRegistration().
⎙ Attached 'Build Description.txt' to incrementalExplicitModulesLinkerSwiftmoduleRegistration().
⎙ Attached 'Build Transcript.txt' to clean().
⎙ Attached 'Build Description.txt' to clean().
⎙ Attached 'Build Transcript.txt' to clangStatCacheUsageBySwift().
⎙ Attached 'Build Description.txt' to clangStatCacheUsageBySwift().
✔ Test clangStatCacheUsageBySwift() passed after 200.397 seconds.
⎙ Attached 'Build Transcript.txt' to explicitModulesLinkerSwiftmoduleRegistration().
⎙ Attached 'Build Description.txt' to explicitModulesLinkerSwiftmoduleRegistration().
✔ Test explicitModulesLinkerSwiftmoduleRegistration() passed after 200.522 seconds.
⎙ Attached 'Build Transcript.txt' to systemModuleOutsideSysrootHeaderChangeInvalidatesPlanning().
⎙ Attached 'Build Description.txt' to systemModuleOutsideSysrootHeaderChangeInvalidatesPlanning().
⎙ Attached 'Build Transcript.txt' to commandLineToolAutolinkingFoundation().
⎙ Attached 'Build Description.txt' to commandLineToolAutolinkingFoundation().
✔ Test commandLineToolAutolinkingFoundation() passed after 201.515 seconds.
⎙ Attached 'Build Transcript.txt' to diagnosingMissingTargetDependenciesWithDependencyDomains().
⎙ Attached 'Build Description.txt' to diagnosingMissingTargetDependenciesWithDependencyDomains().
⎙ Attached 'Build Transcript.txt' to linkerDependencyFileDirectoryCreation().
⎙ Attached 'Build Description.txt' to linkerDependencyFileDirectoryCreation().
✔ Test diagnosingMissingTargetDependenciesWithDependencyDomains() passed after 203.516 seconds.
✔ Test linkerDependencyFileDirectoryCreation() passed after 203.681 seconds.
⎙ Attached 'Build Transcript.txt' to previewXOJITBuildsMultiArch().
⎙ Attached 'Build Description.txt' to previewXOJITBuildsMultiArch().
⎙ Attached 'Build Transcript.txt' to buildLibraryForDistributionIgnoresExecutables().
⎙ Attached 'Build Description.txt' to buildLibraryForDistributionIgnoresExecutables().
⎙ Attached 'Build Transcript.txt' to incrementalBuild_invalidateDownstreamPlanning().
⎙ Attached 'Build Description.txt' to incrementalBuild_invalidateDownstreamPlanning().
✔ Test previewXOJITBuildsMultiArch() passed after 204.033 seconds.
✔ Test buildLibraryForDistributionIgnoresExecutables() passed after 204.047 seconds.
⎙ Attached 'Build Transcript.txt' to unitTestWithGeneratedEntryPointViaMacOSOverride().
⎙ Attached 'Build Description.txt' to unitTestWithGeneratedEntryPointViaMacOSOverride().
✔ Test unitTestWithGeneratedEntryPointViaMacOSOverride() passed after 204.137 seconds.
⎙ Attached 'Build Transcript.txt' to apiDigesterDisableFailOnError().
⎙ Attached 'Build Description.txt' to apiDigesterDisableFailOnError().
⎙ Attached 'Build Transcript.txt' to swiftEagerCompilation_WMObutNoLibraryEvolution().
⎙ Attached 'Build Description.txt' to swiftEagerCompilation_WMObutNoLibraryEvolution().
✔ Test swiftEagerCompilation_WMObutNoLibraryEvolution() passed after 207.038 seconds.
⎙ Attached 'Build Transcript.txt' to incrementalBuild_nullBuildPlanning().
⎙ Attached 'Build Description.txt' to incrementalBuild_nullBuildPlanning().
⎙ Attached 'Build Transcript.txt' to locExportGeneratesIntermediateStubs().
⎙ Attached 'Build Description.txt' to locExportGeneratesIntermediateStubs().
⎙ Attached 'Build Transcript.txt' to incrementalBuild_eagerCompilation().
⎙ Attached 'Build Description.txt' to incrementalBuild_eagerCompilation().
⎙ Attached 'Build Transcript.txt' to swiftDriverPlanning().
⎙ Attached 'Build Description.txt' to swiftDriverPlanning().
✔ Test swiftDriverPlanning() passed after 210.097 seconds.
⎙ Attached 'Build Transcript.txt' to compatibleArchs().
⎙ Attached 'Build Description.txt' to compatibleArchs().
⎙ Attached 'Build Transcript.txt' to packageResourcesSwift().
⎙ Attached 'Build Description.txt' to packageResourcesSwift().
✔ Test compatibleArchs() passed after 210.203 seconds.
⎙ Attached 'Build Transcript.txt' to progressStatistics().
⎙ Attached 'Build Description.txt' to progressStatistics().
⎙ Attached 'Build Transcript.txt' to swiftEagerCompilation().
⎙ Attached 'Build Description.txt' to swiftEagerCompilation().
✔ Test packageResourcesSwift() passed after 210.211 seconds.
✔ Test progressStatistics() passed after 210.243 seconds.
✔ Test swiftEagerCompilation() passed after 210.259 seconds.
⎙ Attached 'Build Transcript.txt' to explicitBuild().
⎙ Attached 'Build Description.txt' to explicitBuild().
⎙ Attached 'Build Transcript.txt' to swiftEagerCompilation_WMO().
⎙ Attached 'Build Description.txt' to swiftEagerCompilation_WMO().
✔ Test swiftEagerCompilation_WMO() passed after 212.002 seconds.
⎙ Attached 'Build Transcript.txt' to explicitModuleDeduplicationBasics().
⎙ Attached 'Build Description.txt' to explicitModuleDeduplicationBasics().
✔ Test explicitModuleDeduplicationBasics() passed after 212.972 seconds.
⎙ Attached 'Build Transcript.txt' to discoveredDependencies().
⎙ Attached 'Build Description.txt' to discoveredDependencies().
⎙ Attached 'Build Transcript.txt' to diagnosingMissingTargetDependencies().
⎙ Attached 'Build Description.txt' to diagnosingMissingTargetDependencies().
⎙ Attached 'Build Transcript.txt' to swiftDiscoveredDeps().
⎙ Attached 'Build Description.txt' to swiftDiscoveredDeps().
⎙ Attached 'Build Transcript.txt' to multipleArchs().
⎙ Attached 'Build Description.txt' to multipleArchs().
✔ Test multipleArchs() passed after 216.628 seconds.
⎙ Attached 'Build Transcript.txt' to toolsConsumedByScriptPhasesAreBuiltDuringIndexingPreparation().
⎙ Attached 'Build Description.txt' to toolsConsumedByScriptPhasesAreBuiltDuringIndexingPreparation().
✔ Test toolsConsumedByScriptPhasesAreBuiltDuringIndexingPreparation() passed after 216.802 seconds.
⎙ Attached 'Build Transcript.txt' to hostToolsAreNotFullyBuiltWhenNotPreparingDependents().
⎙ Attached 'Build Description.txt' to hostToolsAreNotFullyBuiltWhenNotPreparingDependents().
✔ Test hostToolsAreNotFullyBuiltWhenNotPreparingDependents() passed after 224.127 seconds.
⎙ Attached 'Build Transcript.txt' to safariExtensionLaunchServicesRegistration().
⎙ Attached 'Build Description.txt' to safariExtensionLaunchServicesRegistration().
⎙ Attached 'Build Transcript.txt' to multiStatCacheBuild().
⎙ Attached 'Build Description.txt' to multiStatCacheBuild().
⎙ Attached 'Build Transcript.txt' to hostToolBuildFailuresDoNotBlockDownstreamModuleGenerationDuringIndexPreparation().
⎙ Attached 'Build Description.txt' to hostToolBuildFailuresDoNotBlockDownstreamModuleGenerationDuringIndexPreparation().
✔ Test hostToolBuildFailuresDoNotBlockDownstreamModuleGenerationDuringIndexPreparation() passed after 224.516 seconds.
✔ Test multiStatCacheBuild() passed after 224.542 seconds.
✔ Suite ClangStatCacheTests passed after 224.557 seconds.
⎙ Attached 'Build Transcript.txt' to copySwiftLibs_preSwiftOS_macos().
⎙ Attached 'Build Description.txt' to copySwiftLibs_preSwiftOS_macos().
⎙ Attached 'Build Transcript.txt' to prepareXCFramework().
⎙ Attached 'Build Description.txt' to prepareXCFramework().
⎙ Attached 'Build Transcript.txt' to toolsConsumedByCustomTasksPreparingForIndexingAreBuiltDuringIndexingPreparation().
⎙ Attached 'Build Description.txt' to toolsConsumedByCustomTasksPreparingForIndexingAreBuiltDuringIndexingPreparation().
⎙ Attached 'Build Transcript.txt' to preparingWithDuplicateProducts().
⎙ Attached 'Build Description.txt' to preparingWithDuplicateProducts().
⎙ Attached 'Build Transcript.txt' to swiftEagerCompilationWithExplicitModules().
⎙ Attached 'Build Description.txt' to swiftEagerCompilationWithExplicitModules().
━ Test swiftEagerCompilationWithExplicitModules() recorded a known issue at SwiftDriverTests.swift:3575:55: Issue recorded
↳ Task Task(forTarget: TargetA, ruleInfo: ["SwiftCompile", "normal", "x86_64", "Compiling fileA1.swift", "/private/var/folders/xr/m5_5rlsd6l9fk2w4ngj13k6m0000gn/T/swbuild.tmp.Qwrkh9On/Data.noindex/Test/aProject/Sources/fileA1.swift"]) does not follow any tasks matching [Rule matches [SWBTestSupport.StringPattern.equal("SwiftExplicitDependencyCompileModuleFromInterface"), SWBTestSupport.StringPattern.equal("normal"), SWBTestSupport.StringPattern.equal("x86_64"), SWBTestSupport.StringPattern.contains("Swift-")]]. Found: [] in [Task(forTarget: TargetA, ruleInfo: ["Ld", "/private/var/folders/xr/m5_5rlsd6l9fk2w4ngj13k6m0000gn/T/swbuild.tmp.Qwrkh9On/Data.noindex/Test/aProject/build/Debug/TargetA.framework/Versions/A/TargetA", "normal"]), Task(forTarget: <none>, ruleInfo: ["Gate", "target-TargetA-T-TargetA-21785--Barrier-RegisterExecutionPolicyException"]), Task(forTarget: TargetA, ruleInfo: ["MkDir", "/private/var/folders/xr/m5_5rlsd6l9fk2w4ngj13k6m0000gn/T/swbuild.tmp.Qwrkh9On/Data.noindex/Test/aProject/build/Debug/TargetA.framework/Versions"]), Task(forTarget: TargetA, ruleInfo: ["SymLink", "/private/var/folders/xr/m5_5rlsd6l9fk2w4ngj13k6m0000gn/T/swbuild.tmp.Qwrkh9On/Data.noindex/Test/aProject/build/EagerLinkingTBDs/Debug/TargetA.framework/TargetA.tbd", "/private/var/folders/xr/m5_5rlsd6l9fk2w4ngj13k6m0000gn/T/swbuild.tmp.Qwrkh9On/Data.noindex/Test/aProject/build/EagerLinkingTBDs/Debug/TargetA.framework/Versions/A/TargetA.tbd"]), Task(forTarget: <none>, ruleInfo: ["Gate", "target-TargetB-T-TargetB-21793--GeneratedFilesTaskProducer"]), Task(forTarget: TargetA, ruleInfo: ["ExtractAppIntentsMetadata"]), Task(forTarget: TargetB, ruleInfo: ["MkDir", "/private/var/folders/xr/m5_5rlsd6l9fk2w4ngj13k6m0000gn/T/swbuild.tmp.Qwrkh9On/Data.noindex/Test/aProject/build/Debug/TargetB.framework/Versions/A/Headers"]), Task(forTarget: <none>, ruleInfo: ["Gate", "target-TargetA-T-TargetA-21785--Barrier-StripSymbols"]), Task(forTarget: TargetB, ruleInfo: ["SwiftDriver Compilation", "TargetB", "normal", "x86_64", "com.apple.xcode.tools.swift.compiler"]), Task(forTarget: TargetB, ruleInfo: ["WriteAuxiliaryFile", "/private/var/folders/xr/m5_5rlsd6l9fk2w4ngj13k6m0000gn/T/swbuild.tmp.Qwrkh9On/Data.noindex/Test/aProject/build/aProject.build/Debug/TargetB.build/Objects-normal/x86_64/TargetB.SwiftConstValuesFileList"]), Task(forTarget: <none>, ruleInfo: ["Gate", "target-TargetB-T-TargetB-21793--TAPISymbolExtractorTaskProducer"]), Task(forTarget: <none>, ruleInfo: ["Gate", "target-TargetB-T-TargetB-21793--swift-generated-headers"]), Task(forTarget: <none>, ruleInfo: ["Gate", "target-TargetB-T-TargetB-21793--ProductPostprocessingTaskProducer"]), Task(forTarget: <none>, ruleInfo: ["Gate", "target-TargetB-T-TargetB-21793--RealityAssetsTaskProducer"]), Task(forTarget: <none>, ruleInfo: ["Gate", "target-TargetA-T-TargetA-21785--Barrier-CopyAside"]), Task(forTarget: <none>, ruleInfo: ["SwiftExplicitDependencyGeneratePcm", "x86_64", "/private/var/folders/xr/m5_5rlsd6l9fk2w4ngj13k6m0000gn/T/swbuild.tmp.Qwrkh9On/Data.noindex/Test/aProject/build/SwiftExplicitPrecompiledModules/SwiftShims-E7NR5GGR9Z7GY7PSRPSK1C6L1.pcm"]), Task(forTarget: TargetA, ruleInfo: ["Copy", "/private/var/folders/xr/m5_5rlsd6l9fk2w4ngj13k6m0000gn/T/swbuild.tmp.Qwrkh9On/Data.noindex/Test/aProject/build/Debug/TargetA.framework/Versions/A/Modules/TargetA.swiftmodule/x86_64-apple-macos.swiftdoc", "/private/var/folders/xr/m5_5rlsd6l9fk2w4ngj13k6m0000gn/T/swbuild.tmp.Qwrkh9On/Data.noindex/Test/aProject/build/aProject.build/Debug/TargetA.build/Objects-normal/x86_64/TargetA.swiftdoc"]), Task(forTarget: TargetB, ruleInfo: ["Gate", "target-TargetB-T-TargetB-21793--begin-scanning"]), Task(forTarget: <none>, ruleInfo: ["Gate", "target-TargetB-T-TargetB-21793--ModuleVerifierTaskProducer"]), Task(forTarget: TargetA, ruleInfo: ["SymLink", "/private/var/folders/xr/m5_5rlsd6l9fk2w4ngj13k6m0000gn/T/swbuild.tmp.Qwrkh9On/Data.noindex/Test/aProject/build/Debug/TargetA.framework/Headers", "Versions/Current/Headers"]), Task(forTarget: TargetB, ruleInfo: ["SwiftCompile", "normal", "x86_64", "Compiling fileB2.swift", "/private/var/folders/xr/m5_5rlsd6l9fk2w4ngj13k6m0000gn/T/swbuild.tmp.Qwrkh9On/Data.noindex/Test/aProject/Sources/fileB2.swift"]), Task(forTarget: TargetB, ruleInfo: ["Gate", "target-TargetB-T-TargetB-21793--linker-inputs-ready"]), Task(forTarget: <none>, ruleInfo: ["Gate", "target-TargetA-T-TargetA-21785--Barrier-ChangePermissions"]), Task(forTarget: TargetA, ruleInfo: ["WriteAuxiliaryFile", "/private/var/folders/xr/m5_5rlsd6l9fk2w4ngj13k6m0000gn/T/swbuild.tmp.Qwrkh9On/Data.noindex/Test/aProject/build/aProject.build/Debug/TargetA.build/TargetA-all-target-headers.hmap"]), Task(forTarget: TargetA, ruleInfo: ["SwiftDriver Compilation Requirements", "TargetA", "normal", "x86_64", "com.apple.xcode.tools.swift.compiler"]), Task(forTarget: TargetA, ruleInfo: ["WriteAuxiliaryFile", "/private/var/folders/xr/m5_5rlsd6l9fk2w4ngj13k6m0000gn/T/swbuild.tmp.Qwrkh9On/Data.noindex/Test/aProject/build/aProject.build/Debug/TargetA.build/Objects-normal/x86_64/TargetA_const_extract_protocols.json"]), Task(forTarget: TargetA, ruleInfo: ["Gate", "target-TargetA-T-TargetA-21785--entry"]), Task(forTarget: TargetA, ruleInfo: ["WriteAuxiliaryFile", "/private/var/folders/xr/m5_5rlsd6l9fk2w4ngj13k6m0000gn/T/swbuild.tmp.Qwrkh9On/Data.noindex/Test/aProject/build/aProject.build/Debug/TargetA.build/TargetA.DependencyMetadataFileList"]), Task(forTarget: TargetA, ruleInfo: ["Copy", "/private/var/folders/xr/m5_5rlsd6l9fk2w4ngj13k6m0000gn/T/swbuild.tmp.Qwrkh9On/Data.noindex/Test/aProject/build/Debug/TargetA.framework/Versions/A/Modules/TargetA.swiftmodule/x86_64-apple-macos.swiftmodule", "/private/var/folders/xr/m5_5rlsd6l9fk2w4ngj13k6m0000gn/T/swbuild.tmp.Qwrkh9On/Data.noindex/Test/aProject/build/aProject.build/Debug/TargetA.build/Objects-normal/x86_64/TargetA.swiftmodule"]), Task(forTarget: <none>, ruleInfo: ["Gate", "target-TargetB-T-TargetB-21793--Barrier-RegisterProduct"]), Task(forTarget: TargetB, ruleInfo: ["SwiftDriver Compilation Requirements", "TargetB", "normal", "x86_64", "com.apple.xcode.tools.swift.compiler"]), Task(forTarget: <none>, ruleInfo: ["Gate", "target-TargetB-T-TargetB-21793--StubBinaryTaskProducer"]), Task(forTarget: TargetB, ruleInfo: ["Gate", "target-TargetB-T-TargetB-21793--entry"]), Task(forTarget: <none>, ruleInfo: ["SwiftExplicitDependencyCompileModuleFromInterface", "x86_64", "/private/var/folders/xr/m5_5rlsd6l9fk2w4ngj13k6m0000gn/T/swbuild.tmp.Qwrkh9On/Data.noindex/Test/aProject/build/SwiftExplicitPrecompiledModules/Swift-1039YR9EBE61.swiftmodule"]), Task(forTarget: <none>, ruleInfo: ["Gate", "target-TargetB-T-TargetB-21793--GenerateAppPlaygroundAssetCatalogTaskProducer"]), Task(forTarget: TargetB, ruleInfo: ["Gate", "target-TargetB-T-TargetB-21793--begin-linking"]), Task(forTarget: TargetA, ruleInfo: ["WriteAuxiliaryFile", "/private/var/folders/xr/m5_5rlsd6l9fk2w4ngj13k6m0000gn/T/swbuild.tmp.Qwrkh9On/Data.noindex/Test/aProject/build/aProject.build/Debug/TargetA.build/Objects-normal/x86_64/TargetA-OutputFileMap.json"]), Task(forTarget: TargetB, ruleInfo: ["WriteAuxiliaryFile", "/private/var/folders/xr/m5_5rlsd6l9fk2w4ngj13k6m0000gn/T/swbuild.tmp.Qwrkh9On/Data.noindex/Test/aProject/build/aProject.build/Debug/TargetB.build/TargetB.DependencyMetadataFileList"]), Task(forTarget: TargetB, ruleInfo: ["WriteAuxiliaryFile", "/private/var/folders/xr/m5_5rlsd6l9fk2w4ngj13k6m0000gn/T/swbuild.tmp.Qwrkh9On/Data.noindex/Test/aProject/build/aProject.build/Debug/TargetB.build/TargetB.hmap"]), Task(forTarget: <none>, ruleInfo: ["CreateBuildDirectory", "/private/var/folders/xr/m5_5rlsd6l9fk2w4ngj13k6m0000gn/T/swbuild.tmp.Qwrkh9On/Data.noindex/Test/aProject/build/SharedPrecompiledHeaders"]), Task(forTarget: TargetA, ruleInfo: ["Gate", "target-TargetA-T-TargetA-21785--unsigned-product-ready"]), Task(forTarget: TargetA, ruleInfo: ["Gate", "target-TargetA-T-TargetA-21785--will-sign"]), Task(forTarget: TargetB, ruleInfo: ["Copy", "/private/var/folders/xr/m5_5rlsd6l9fk2w4ngj13k6m0000gn/T/swbuild.tmp.Qwrkh9On/Data.noindex/Test/aProject/build/Debug/TargetB.framework/Versions/A/Modules/TargetB.swiftmodule/Project/x86_64-apple-macos.swiftsourceinfo", "/private/var/folders/xr/m5_5rlsd6l9fk2w4ngj13k6m0000gn/T/swbuild.tmp.Qwrkh9On/Data.noindex/Test/aProject/build/aProject.build/Debug/TargetB.build/Objects-normal/x86_64/TargetB.swiftsourceinfo"]), Task(forTarget: TargetA, ruleInfo: ["WriteAuxiliaryFile", "/private/var/folders/xr/m5_5rlsd6l9fk2w4ngj13k6m0000gn/T/swbuild.tmp.Qwrkh9On/Data.noindex/Test/aProject/build/aProject.build/Debug/TargetA.build/TargetA-generated-files.hmap"]), Task(forTarget: TargetA, ruleInfo: ["Gate", "target-TargetA-T-TargetA-21785--linker-inputs-ready"]), Task(forTarget: <none>, ruleInfo: ["Gate", "target-TargetB-T-TargetB-21793--Barrier-GenerateStubAPI"]), Task(forTarget: <none>, ruleInfo: ["Gate", "target-TargetA-T-TargetA-21785--ModuleVerifierTaskProducer"]), Task(forTarget: <none>, ruleInfo: ["Gate", "target-TargetB-T-TargetB-21793--SwiftFrameworkABICheckerTaskProducer"]), Task(forTarget: TargetB, ruleInfo: ["Gate", "target-TargetB-T-TargetB-21793--end"]), Task(forTarget: TargetB, ruleInfo: ["WriteAuxiliaryFile", "/private/var/folders/xr/m5_5rlsd6l9fk2w4ngj13k6m0000gn/T/swbuild.tmp.Qwrkh9On/Data.noindex/Test/aProject/build/aProject.build/Debug/TargetB.build/TargetB-all-target-headers.hmap"]), Task(forTarget: <none>, ruleInfo: ["SwiftExplicitDependencyGeneratePcm", "x86_64", "/private/var/folders/xr/m5_5rlsd6l9fk2w4ngj13k6m0000gn/T/swbuild.tmp.Qwrkh9On/Data.noindex/Test/aProject/build/SwiftExplicitPrecompiledModules/_SwiftConcurrencyShims-BUR8XM1R06AS02RWV63HPG1KR.pcm"]), Task(forTarget: <none>, ruleInfo: ["Gate", "target-TargetB-T-TargetB-21793--Barrier-ChangePermissions"]), Task(forTarget: <none>, ruleInfo: ["Gate", "target-TargetB-T-TargetB-21793--Barrier-CodeSign"]), Task(forTarget: TargetB, ruleInfo: ["Touch", "/private/var/folders/xr/m5_5rlsd6l9fk2w4ngj13k6m0000gn/T/swbuild.tmp.Qwrkh9On/Data.noindex/Test/aProject/build/Debug/TargetB.framework"]), Task(forTarget: <none>, ruleInfo: ["Gate", "target-TargetB-T-TargetB-21793--Barrier-StripSymbols"]), Task(forTarget: TargetB, ruleInfo: ["WriteAuxiliaryFile", "/private/var/folders/xr/m5_5rlsd6l9fk2w4ngj13k6m0000gn/T/swbuild.tmp.Qwrkh9On/Data.noindex/Test/aProject/build/aProject.build/Debug/TargetB.build/Objects-normal/x86_64/TargetB-OutputFileMap.json"]), Task(forTarget: TargetB, ruleInfo: ["GenerateTAPI", "/private/var/folders/xr/m5_5rlsd6l9fk2w4ngj13k6m0000gn/T/swbuild.tmp.Qwrkh9On/Data.noindex/Test/aProject/build/EagerLinkingTBDs/Debug/TargetB.framework/Versions/A/TargetB.tbd"]), Task(forTarget: TargetB, ruleInfo: ["SwiftEmitModule", "normal", "x86_64", "Emitting module for TargetB"]), Task(forTarget: TargetB, ruleInfo: ["MkDir", "/private/var/folders/xr/m5_5rlsd6l9fk2w4ngj13k6m0000gn/T/swbuild.tmp.Qwrkh9On/Data.noindex/Test/aProject/build/Debug/TargetB.framework/Versions"]), Task(forTarget: TargetA, ruleInfo: ["WriteAuxiliaryFile", "/private/var/folders/xr/m5_5rlsd6l9fk2w4ngj13k6m0000gn/T/swbuild.tmp.Qwrkh9On/Data.noindex/Test/aProject/build/aProject.build/Debug/TargetA.build/Objects-normal/x86_64/TargetA.SwiftFileList"]), Task(forTarget: TargetB, ruleInfo: ["ExtractAppIntentsMetadata"]), Task(forTarget: <none>, ruleInfo: ["Gate", "target-TargetB-T-TargetB-21793--ProductStructureTaskProducer"]), Task(forTarget: <none>, ruleInfo: ["Gate", "target-TargetB-T-TargetB-21793--HeadermapTaskProducer"]), Task(forTarget: <none>, ruleInfo: ["CreateBuildDirectory", "/private/var/folders/xr/m5_5rlsd6l9fk2w4ngj13k6m0000gn/T/swbuild.tmp.Qwrkh9On/Data.noindex/Test/aProject/build/Debug"]), Task(forTarget: TargetA, ruleInfo: ["WriteAuxiliaryFile", "/private/var/folders/xr/m5_5rlsd6l9fk2w4ngj13k6m0000gn/T/swbuild.tmp.Qwrkh9On/Data.noindex/Test/aProject/build/aProject.build/Debug/TargetA.build/TargetA.DependencyStaticMetadataFileList"]), Task(forTarget: <none>, ruleInfo: ["Gate", "target-TargetB-T-TargetB-21793--ExtensionPointExtractorTaskProducer"]), Task(forTarget: <none>, ruleInfo: ["Gate", "target-TargetB-T-TargetB-21793--SwiftStandardLibrariesTaskProducer"]), Task(forTarget: TargetA, ruleInfo: ["Copy", "/private/var/folders/xr/m5_5rlsd6l9fk2w4ngj13k6m0000gn/T/swbuild.tmp.Qwrkh9On/Data.noindex/Test/aProject/build/Debug/TargetA.framework/Versions/A/Modules/TargetA.swiftmodule/x86_64-apple-macos.abi.json", "/private/var/folders/xr/m5_5rlsd6l9fk2w4ngj13k6m0000gn/T/swbuild.tmp.Qwrkh9On/Data.noindex/Test/aProject/build/aProject.build/Debug/TargetA.build/Objects-normal/x86_64/TargetA.abi.json"]), Task(forTarget: <none>, ruleInfo: ["CreateBuildDirectory", "/private/var/folders/xr/m5_5rlsd6l9fk2w4ngj13k6m0000gn/T/swbuild.tmp.Qwrkh9On/Data.noindex/Test/aProject/build/ExplicitPrecompiledModules"]), Task(forTarget: TargetB, ruleInfo: ["Gate", "target-TargetB-T-TargetB-21793--immediate"]), Task(forTarget: <none>, ruleInfo: ["Gate", "target-TargetA-T-TargetA-21785--AppExtensionInfoPlistGeneratorTaskProducer"]), Task(forTarget: TargetB, ruleInfo: ["SymLink", "/private/var/folders/xr/m5_5rlsd6l9fk2w4ngj13k6m0000gn/T/swbuild.tmp.Qwrkh9On/Data.noindex/Test/aProject/build/Debug/TargetB.framework/Modules", "Versions/Current/Modules"]), Task(forTarget: <none>, ruleInfo: ["Gate", "target-TargetA-T-TargetA-21785--swift-generated-headers"]), Task(forTarget: <none>, ruleInfo: ["Gate", "target-TargetB-T-TargetB-21793--InfoPlistTaskProducer"]), Task(forTarget: <none>, ruleInfo: ["Gate", "target-TargetB-T-TargetB-21793--AppExtensionInfoPlistGeneratorTaskProducer"]), Task(forTarget: TargetB, ruleInfo: ["SwiftDriver", "TargetB", "normal", "x86_64", "com.apple.xcode.tools.swift.compiler"]), Task(forTarget: <none>, ruleInfo: ["Gate", "target-TargetA-T-TargetA-21785--CopySwiftPackageResourcesTaskProducer"]), Task(forTarget: <none>, ruleInfo: ["Gate", "target-TargetA-T-TargetA-21785--ProductStructureTaskProducer"]), Task(forTarget: TargetA, ruleInfo: ["SymLink", "/private/var/folders/xr/m5_5rlsd6l9fk2w4ngj13k6m0000gn/T/swbuild.tmp.Qwrkh9On/Data.noindex/Test/aProject/build/Debug/TargetA.framework/Versions/Current", "A"]), Task(forTarget: TargetA, ruleInfo: ["SwiftMergeGeneratedHeaders", "/private/var/folders/xr/m5_5rlsd6l9fk2w4ngj13k6m0000gn/T/swbuild.tmp.Qwrkh9On/Data.noindex/Test/aProject/build/Debug/TargetA.framework/Versions/A/Headers/TargetA-Swift.h", "/private/var/folders/xr/m5_5rlsd6l9fk2w4ngj13k6m0000gn/T/swbuild.tmp.Qwrkh9On/Data.noindex/Test/aProject/build/aProject.build/Debug/TargetA.build/Objects-normal/x86_64/TargetA-Swift.h"]), Task(forTarget: <none>, ruleInfo: ["Gate", "target-TargetA-T-TargetA-21785--ProductPostprocessingTaskProducer"]), Task(forTarget: TargetB, ruleInfo: ["Copy", "/private/var/folders/xr/m5_5rlsd6l9fk2w4ngj13k6m0000gn/T/swbuild.tmp.Qwrkh9On/Data.noindex/Test/aProject/build/Debug/TargetB.framework/Versions/A/Modules/TargetB.swiftmodule/x86_64-apple-macos.swiftdoc", "/private/var/folders/xr/m5_5rlsd6l9fk2w4ngj13k6m0000gn/T/swbuild.tmp.Qwrkh9On/Data.noindex/Test/aProject/build/aProject.build/Debug/TargetB.build/Objects-normal/x86_64/TargetB.swiftdoc"]), Task(forTarget: <none>, ruleInfo: ["Gate", "target-TargetA-T-TargetA-21785--DocumentationTaskProducer"]), Task(forTarget: TargetB, ruleInfo: ["SymLink", "/private/var/folders/xr/m5_5rlsd6l9fk2w4ngj13k6m0000gn/T/swbuild.tmp.Qwrkh9On/Data.noindex/Test/aProject/build/Debug/TargetB.framework/Versions/Current", "A"]), Task(forTarget: <none>, ruleInfo: ["Gate", "target-TargetA-T-TargetA-21785--InfoPlistTaskProducer"]), Task(forTarget: <none>, ruleInfo: ["CreateBuildDirectory", "/private/var/folders/xr/m5_5rlsd6l9fk2w4ngj13k6m0000gn/T/swbuild.tmp.Qwrkh9On/Data.noindex/Test/aProject/build"]), Task(forTarget: <none>, ruleInfo: ["Gate", "target-TargetA-T-TargetA-21785--SwiftABIBaselineGenerationTaskProducer"]), Task(forTarget: TargetA, ruleInfo: ["SwiftDriver Compilation", "TargetA", "normal", "x86_64", "com.apple.xcode.tools.swift.compiler"]), Task(forTarget: TargetB, ruleInfo: ["SwiftMergeGeneratedHeaders", "/private/var/folders/xr/m5_5rlsd6l9fk2w4ngj13k6m0000gn/T/swbuild.tmp.Qwrkh9On/Data.noindex/Test/aProject/build/Debug/TargetB.framework/Versions/A/Headers/TargetB-Swift.h", "/private/var/folders/xr/m5_5rlsd6l9fk2w4ngj13k6m0000gn/T/swbuild.tmp.Qwrkh9On/Data.noindex/Test/aProject/build/aProject.build/Debug/TargetB.build/Objects-normal/x86_64/TargetB-Swift.h"]), Task(forTarget: TargetB, ruleInfo: ["Ld", "/private/var/folders/xr/m5_5rlsd6l9fk2w4ngj13k6m0000gn/T/swbuild.tmp.Qwrkh9On/Data.noindex/Test/aProject/build/Debug/TargetB.framework/Versions/A/TargetB", "normal"]), Task(forTarget: TargetB, ruleInfo: ["WriteAuxiliaryFile", "/private/var/folders/xr/m5_5rlsd6l9fk2w4ngj13k6m0000gn/T/swbuild.tmp.Qwrkh9On/Data.noindex/Test/aProject/build/aProject.build/Debug/TargetB.build/TargetB-all-non-framework-target-headers.hmap"]), Task(forTarget: <none>, ruleInfo: ["Gate", "target-TargetA-T-TargetA-21785--TAPISymbolExtractorTaskProducer"]), Task(forTarget: <none>, ruleInfo: ["SwiftExplicitDependencyCompileModuleFromInterface", "x86_64", "/private/var/folders/xr/m5_5rlsd6l9fk2w4ngj13k6m0000gn/T/swbuild.tmp.Qwrkh9On/Data.noindex/Test/aProject/build/SwiftExplicitPrecompiledModules/_Concurrency-2W8LU3DF58RLX.swiftmodule"]), Task(forTarget: <none>, ruleInfo: ["Gate", "target-TargetB-T-TargetB-21793--Barrier-ChangeAlternatePermissions"]), Task(forTarget: <none>, ruleInfo: ["Gate", "target-TargetA-T-TargetA-21785--SwiftPackageCopyFilesTaskProducer"]), Task(forTarget: <none>, ruleInfo: ["Gate", "target-TargetA-T-TargetA-21785--copy-headers-completion"]), Task(forTarget: <none>, ruleInfo: ["Gate", "WorkspaceHeaderMapVFSFilesWritten"]), Task(forTarget: TargetA, ruleInfo: ["Gate", "target-TargetA-T-TargetA-21785--modules-ready"]), Task(forTarget: <none>, ruleInfo: ["Gate", "target-TargetB-T-TargetB-21793--SanitizerTaskProducer"]), Task(forTarget: <none>, ruleInfo: ["Gate", "target-TargetA-T-TargetA-21785--Barrier-ChangeAlternatePermissions"]), Task(forTarget: TargetB, ruleInfo: ["SymLink", "/private/var/folders/xr/m5_5rlsd6l9fk2w4ngj13k6m0000gn/T/swbuild.tmp.Qwrkh9On/Data.noindex/Test/aProject/build/Debug/TargetB.framework/Headers", "Versions/Current/Headers"]), Task(forTarget: <none>, ruleInfo: ["CreateBuildDirectory", "/var/folders/xr/m5_5rlsd6l9fk2w4ngj13k6m0000gn/C/com.apple.DeveloperTools/26.4.1-17E202/Xcode/CompilationCache.noindex"]), Task(forTarget: <none>, ruleInfo: ["Gate", "target-TargetA-T-TargetA-21785--CustomTaskProducer"]), Task(forTarget: <none>, ruleInfo: ["Gate", "target-TargetA-T-TargetA-21785--AppIntentsMetadataTaskProducer"]), Task(forTarget: TargetB, ruleInfo: ["Copy", "/private/var/folders/xr/m5_5rlsd6l9fk2w4ngj13k6m0000gn/T/swbuild.tmp.Qwrkh9On/Data.noindex/Test/aProject/build/Debug/TargetB.framework/Versions/A/Modules/TargetB.swiftmodule/x86_64-apple-macos.abi.json", "/private/var/folders/xr/m5_5rlsd6l9fk2w4ngj13k6m0000gn/T/swbuild.tmp.Qwrkh9On/Data.noindex/Test/aProject/build/aProject.build/Debug/TargetB.build/Objects-normal/x86_64/TargetB.abi.json"]), Task(forTarget: <none>, ruleInfo: ["Gate", "target-TargetA-T-TargetA-21785--TestHostTaskProducer"]), Task(forTarget: TargetB, ruleInfo: ["WriteAuxiliaryFile", "/private/var/folders/xr/m5_5rlsd6l9fk2w4ngj13k6m0000gn/T/swbuild.tmp.Qwrkh9On/Data.noindex/Test/aProject/build/aProject.build/Debug/TargetB.build/Objects-normal/x86_64/TargetB.LinkFileList"]), Task(forTarget: <none>, ruleInfo: ["Gate", "target-TargetA-T-TargetA-21785--TestTargetPostprocessingTaskProducer"]), Task(forTarget: <none>, ruleInfo: ["Gate", "target-TargetA-T-TargetA-21785--Barrier-GenerateStubAPI"]), Task(forTarget: TargetB, ruleInfo: ["Gate", "target-TargetB-T-TargetB-21793--will-sign"]), Task(forTarget: <none>, ruleInfo: ["Gate", "target-TargetA-T-TargetA-21785--generated-headers"]), Task(forTarget: <none>, ruleInfo: ["Gate", "target-TargetB-T-TargetB-21793--Barrier-RegisterExecutionPolicyException"]), Task(forTarget: TargetB, ruleInfo: ["SymLink", "/private/var/folders/xr/m5_5rlsd6l9fk2w4ngj13k6m0000gn/T/swbuild.tmp.Qwrkh9On/Data.noindex/Test/aProject/build/EagerLinkingTBDs/Debug/TargetB.framework/TargetB.tbd", "/private/var/folders/xr/m5_5rlsd6l9fk2w4ngj13k6m0000gn/T/swbuild.tmp.Qwrkh9On/Data.noindex/Test/aProject/build/EagerLinkingTBDs/Debug/TargetB.framework/Versions/A/TargetB.tbd"]), Task(forTarget: TargetB, ruleInfo: ["WriteAuxiliaryFile", "/private/var/folders/xr/m5_5rlsd6l9fk2w4ngj13k6m0000gn/T/swbuild.tmp.Qwrkh9On/Data.noindex/Test/aProject/build/aProject.build/Debug/TargetB.build/TargetB-own-target-headers.hmap"]), Task(forTarget: TargetB, ruleInfo: ["WriteAuxiliaryFile", "/private/var/folders/xr/m5_5rlsd6l9fk2w4ngj13k6m0000gn/T/swbuild.tmp.Qwrkh9On/Data.noindex/Test/aProject/build/aProject.build/Debug/TargetB.build/TargetB-project-headers.hmap"]), Task(forTarget: <none>, ruleInfo: ["Gate", "target-TargetB-T-TargetB-21793--DocumentationTaskProducer"]), Task(forTarget: <none>, ruleInfo: ["Gate", "target-TargetA-T-TargetA-21785--TestEntryPointTaskProducerFactory"]), Task(forTarget: <none>, ruleInfo: ["Gate", "target-TargetA-T-TargetA-21785--TestTargetTaskProducer"]), Task(forTarget: TargetA, ruleInfo: ["Touch", "/private/var/folders/xr/m5_5rlsd6l9fk2w4ngj13k6m0000gn/T/swbuild.tmp.Qwrkh9On/Data.noindex/Test/aProject/build/Debug/TargetA.framework"]), Task(forTarget: <none>, ruleInfo: ["Gate", "target-TargetA-T-TargetA-21785--HeadermapTaskProducer"]), Task(forTarget: <none>, ruleInfo: ["Gate", "target-TargetB-T-TargetB-21793--fused-phase0-compile-sources&link-binary"]), Task(forTarget: TargetB, ruleInfo: ["WriteAuxiliaryFile", "/private/var/folders/xr/m5_5rlsd6l9fk2w4ngj13k6m0000gn/T/swbuild.tmp.Qwrkh9On/Data.noindex/Test/aProject/build/aProject.build/Debug/TargetB.build/TargetB.DependencyStaticMetadataFileList"]), Task(forTarget: <none>, ruleInfo: ["Gate", "target-TargetB-T-TargetB-21793--TestTargetTaskProducer"]), Task(forTarget: <none>, ruleInfo: ["Gate", "target-TargetA-T-TargetA-21785--RealityAssetsTaskProducer"]), Task(forTarget: <none>, ruleInfo: ["Gate", "target-TargetB-T-TargetB-21793--CustomTaskProducer"]), Task(forTarget: TargetB, ruleInfo: ["RegisterExecutionPolicyException", "/private/var/folders/xr/m5_5rlsd6l9fk2w4ngj13k6m0000gn/T/swbuild.tmp.Qwrkh9On/Data.noindex/Test/aProject/build/Debug/TargetB.framework"]), Task(forTarget: TargetA, ruleInfo: ["WriteAuxiliaryFile", "/private/var/folders/xr/m5_5rlsd6l9fk2w4ngj13k6m0000gn/T/swbuild.tmp.Qwrkh9On/Data.noindex/Test/aProject/build/aProject.build/Debug/TargetA.build/TargetA-all-non-framework-target-headers.hmap"]), Task(forTarget: TargetB, ruleInfo: ["SwiftCompile", "normal", "x86_64", "Compiling fileB1.swift", "/private/var/folders/xr/m5_5rlsd6l9fk2w4ngj13k6m0000gn/T/swbuild.tmp.Qwrkh9On/Data.noindex/Test/aProject/Sources/fileB1.swift"]), Task(forTarget: <none>, ruleInfo: ["Gate", "target-TargetA-T-TargetA-21785--Barrier-CodeSign"]), Task(forTarget: <none>, ruleInfo: ["Gate", "target-TargetB-T-TargetB-21793--AppIntentsMetadataTaskProducer"]), Task(forTarget: TargetB, ruleInfo: ["Gate", "target-TargetB-T-TargetB-21793--unsigned-product-ready"]), Task(forTarget: TargetA, ruleInfo: ["SwiftDriver", "TargetA", "normal", "x86_64", "com.apple.xcode.tools.swift.compiler"]), Task(forTarget: TargetA, ruleInfo: ["Gate", "target-TargetA-T-TargetA-21785--end"]), Task(forTarget: TargetA, ruleInfo: ["Gate", "target-TargetA-T-TargetA-21785--begin-scanning"]), Task(forTarget: TargetB, ruleInfo: ["WriteAuxiliaryFile", "/private/var/folders/xr/m5_5rlsd6l9fk2w4ngj13k6m0000gn/T/swbuild.tmp.Qwrkh9On/Data.noindex/Test/aProject/build/aProject.build/Debug/TargetB.build/Objects-normal/x86_64/TargetB_const_extract_protocols.json"]), Task(forTarget: <none>, ruleInfo: ["Gate", "target-TargetA-T-TargetA-21785--StubBinaryTaskProducer"]), Task(forTarget: TargetB, ruleInfo: ["MkDir", "/private/var/folders/xr/m5_5rlsd6l9fk2w4ngj13k6m0000gn/T/swbuild.tmp.Qwrkh9On/Data.noindex/Test/aProject/build/Debug/TargetB.framework/Versions/A"]), Task(forTarget: TargetA, ruleInfo: ["SwiftCompile", "normal", "x86_64", "Compiling fileA2.swift", "/private/var/folders/xr/m5_5rlsd6l9fk2w4ngj13k6m0000gn/T/swbuild.tmp.Qwrkh9On/Data.noindex/Test/aProject/Sources/fileA2.swift"]), Task(forTarget: <none>, ruleInfo: ["Gate", "target-TargetA-T-TargetA-21785--fused-phase0-compile-sources"]), Task(forTarget: <none>, ruleInfo: ["Gate", "target-TargetA-T-TargetA-21785--ModuleMapTaskProducer"]), Task(forTarget: <none>, ruleInfo: ["Gate", "target-TargetA-T-TargetA-21785--GeneratedFilesTaskProducer"]), Task(forTarget: <none>, ruleInfo: ["Gate", "target-TargetA-T-TargetA-21785--SwiftStandardLibrariesTaskProducer"]), Task(forTarget: TargetA, ruleInfo: ["GenerateTAPI", "/private/var/folders/xr/m5_5rlsd6l9fk2w4ngj13k6m0000gn/T/swbuild.tmp.Qwrkh9On/Data.noindex/Test/aProject/build/EagerLinkingTBDs/Debug/TargetA.framework/Versions/A/TargetA.tbd"]), Task(forTarget: <none>, ruleInfo: ["Gate", "target-TargetA-T-TargetA-21785--Barrier-Validate"]), Task(forTarget: TargetB, ruleInfo: ["WriteAuxiliaryFile", "/private/var/folders/xr/m5_5rlsd6l9fk2w4ngj13k6m0000gn/T/swbuild.tmp.Qwrkh9On/Data.noindex/Test/aProject/build/aProject.build/Debug/TargetB.build/Objects-normal/x86_64/TargetB.SwiftFileList"]), Task(forTarget: TargetA, ruleInfo: ["MkDir", "/private/var/folders/xr/m5_5rlsd6l9fk2w4ngj13k6m0000gn/T/swbuild.tmp.Qwrkh9On/Data.noindex/Test/aProject/build/Debug/TargetA.framework"]), Task(forTarget: <none>, ruleInfo: ["Gate", "target-TargetA-T-TargetA-21785--ExtensionPointExtractorTaskProducer"]), Task(forTarget: TargetA, ruleInfo: ["SymLink", "/private/var/folders/xr/m5_5rlsd6l9fk2w4ngj13k6m0000gn/T/swbuild.tmp.Qwrkh9On/Data.noindex/Test/aProject/build/Debug/TargetA.framework/TargetA", "Versions/Current/TargetA"]), Task(forTarget: TargetA, ruleInfo: ["MkDir", "/private/var/folders/xr/m5_5rlsd6l9fk2w4ngj13k6m0000gn/T/swbuild.tmp.Qwrkh9On/Data.noindex/Test/aProject/build/Debug/TargetA.framework/Versions/A"]), Task(forTarget: <none>, ruleInfo: ["Gate", "target-TargetB-T-TargetB-21793--generated-headers"]), Task(forTarget: <none>, ruleInfo: ["Gate", "target-TargetA-T-TargetA-21785--SwiftFrameworkABICheckerTaskProducer"]), Task(forTarget: TargetB, ruleInfo: ["Gate", "target-TargetB-T-TargetB-21793--modules-ready"]), Task(forTarget: <none>, ruleInfo: ["ClangStatCache", "/Applications/Xcode17E.app/Contents/Developer/Toolchains/XcodeDefault.xctoolchain/usr/bin/clang-stat-cache", "/Applications/Xcode17E.app/Contents/Developer/Platforms/MacOSX.platform/Developer/SDKs/MacOSX26.4.sdk", "/private/var/folders/xr/m5_5rlsd6l9fk2w4ngj13k6m0000gn/T/swbuild.tmp.Qwrkh9On/Data.noindex/Test/SDKStatCaches.noindex/macosx26.4-25E260-95aa6cf8f3effd57bda17e0c125410c0.sdkstatcache"]), Task(forTarget: TargetB, ruleInfo: ["SymLink", "/private/var/folders/xr/m5_5rlsd6l9fk2w4ngj13k6m0000gn/T/swbuild.tmp.Qwrkh9On/Data.noindex/Test/aProject/build/Debug/TargetB.framework/TargetB", "Versions/Current/TargetB"]), Task(forTarget: TargetA, ruleInfo: ["MkDir", "/private/var/folders/xr/m5_5rlsd6l9fk2w4ngj13k6m0000gn/T/swbuild.tmp.Qwrkh9On/Data.noindex/Test/aProject/build/Debug/TargetA.framework/Versions/A/Headers"]), Task(forTarget: <none>, ruleInfo: ["Gate", "target-TargetB-T-TargetB-21793--TestHostTaskProducer"]), Task(forTarget: TargetA, ruleInfo: ["Gate", "target-TargetA-T-TargetA-21785--begin-linking"]), Task(forTarget: <none>, ruleInfo: ["Gate", "target-TargetB-T-TargetB-21793--ModuleMapTaskProducer"]), Task(forTarget: <none>, ruleInfo: ["CreateBuildDirectory", "/private/var/folders/xr/m5_5rlsd6l9fk2w4ngj13k6m0000gn/T/swbuild.tmp.Qwrkh9On/Data.noindex/Test/aProject/build/SwiftExplicitPrecompiledModules"]), Task(forTarget: <none>, ruleInfo: ["Gate", "target-TargetB-T-TargetB-21793--SwiftABIBaselineGenerationTaskProducer"]), Task(forTarget: <none>, ruleInfo: ["Gate", "target-TargetB-T-TargetB-21793--TestTargetPostprocessingTaskProducer"]), Task(forTarget: <none>, ruleInfo: ["CreateBuildDirectory", "/private/var/folders/xr/m5_5rlsd6l9fk2w4ngj13k6m0000gn/T/swbuild.tmp.Qwrkh9On/Data.noindex/Test/aProject/build/EagerLinkingTBDs/Debug"]), Task(forTarget: TargetA, ruleInfo: ["WriteAuxiliaryFile", "/private/var/folders/xr/m5_5rlsd6l9fk2w4ngj13k6m0000gn/T/swbuild.tmp.Qwrkh9On/Data.noindex/Test/aProject/build/aProject.build/Debug/TargetA.build/Objects-normal/x86_64/TargetA.SwiftConstValuesFileList"]), Task(forTarget: <none>, ruleInfo: ["Gate", "target-TargetA-T-TargetA-21785--GenerateAppPlaygroundAssetCatalogTaskProducer"]), Task(forTarget: <none>, ruleInfo: ["WriteAuxiliaryFile", "/private/var/folders/xr/m5_5rlsd6l9fk2w4ngj13k6m0000gn/T/swbuild.tmp.Qwrkh9On/Data.noindex/Test/aProject/build/aProject.build/Debug/aProject-P21796-VFS/all-product-headers.yaml"]), Task(forTarget: <none>, ruleInfo: ["Gate", "target-TargetB-T-TargetB-21793--CopySwiftPackageResourcesTaskProducer"]), Task(forTarget: <none>, ruleInfo: ["Gate", "target-TargetB-T-TargetB-21793--Barrier-CopyAside"]), Task(forTarget: TargetA, ruleInfo: ["WriteAuxiliaryFile", "/private/var/folders/xr/m5_5rlsd6l9fk2w4ngj13k6m0000gn/T/swbuild.tmp.Qwrkh9On/Data.noindex/Test/aProject/build/aProject.build/Debug/TargetA.build/TargetA-project-headers.hmap"]), Task(forTarget: TargetB, ruleInfo: ["MkDir", "/private/var/folders/xr/m5_5rlsd6l9fk2w4ngj13k6m0000gn/T/swbuild.tmp.Qwrkh9On/Data.noindex/Test/aProject/build/Debug/TargetB.framework"]), Task(forTarget: TargetA, ruleInfo: ["SymLink", "/private/var/folders/xr/m5_5rlsd6l9fk2w4ngj13k6m0000gn/T/swbuild.tmp.Qwrkh9On/Data.noindex/Test/aProject/build/Debug/TargetA.framework/Modules", "Versions/Current/Modules"]), Task(forTarget: <none>, ruleInfo: ["SwiftExplicitDependencyCompileModuleFromInterface", "x86_64", "/private/var/folders/xr/m5_5rlsd6l9fk2w4ngj13k6m0000gn/T/swbuild.tmp.Qwrkh9On/Data.noindex/Test/aProject/build/SwiftExplicitPrecompiledModules/_StringProcessing-13GX4EAKQZW8B.swiftmodule"]), Task(forTarget: TargetA, ruleInfo: ["RegisterExecutionPolicyException", "/private/var/folders/xr/m5_5rlsd6l9fk2w4ngj13k6m0000gn/T/swbuild.tmp.Qwrkh9On/Data.noindex/Test/aProject/build/Debug/TargetA.framework"]), Task(forTarget: TargetA, ruleInfo: ["Copy", "/private/var/folders/xr/m5_5rlsd6l9fk2w4ngj13k6m0000gn/T/swbuild.tmp.Qwrkh9On/Data.noindex/Test/aProject/build/Debug/TargetA.framework/Versions/A/Modules/TargetA.swiftmodule/Project/x86_64-apple-macos.swiftsourceinfo", "/private/var/folders/xr/m5_5rlsd6l9fk2w4ngj13k6m0000gn/T/swbuild.tmp.Qwrkh9On/Data.noindex/Test/aProject/build/aProject.build/Debug/TargetA.build/Objects-normal/x86_64/TargetA.swiftsourceinfo"]), Task(forTarget: <none>, ruleInfo: ["Gate", "target-TargetB-T-TargetB-21793--copy-headers-completion"]), Task(forTarget: <none>, ruleInfo: ["Gate", "target-TargetB-T-TargetB-21793--TestEntryPointTaskProducerFactory"]), Task(forTarget: TargetA, ruleInfo: ["Gate", "target-TargetA-T-TargetA-21785--immediate"]), Task(forTarget: <none>, ruleInfo: ["Gate", "target-TargetA-T-TargetA-21785--Barrier-RegisterProduct"]), Task(forTarget: <none>, ruleInfo: ["Gate", "target-TargetB-T-TargetB-21793--Barrier-Validate"]), Task(forTarget: TargetB, ruleInfo: ["Copy", "/private/var/folders/xr/m5_5rlsd6l9fk2w4ngj13k6m0000gn/T/swbuild.tmp.Qwrkh9On/Data.noindex/Test/aProject/build/Debug/TargetB.framework/Versions/A/Modules/TargetB.swiftmodule/x86_64-apple-macos.swiftmodule", "/private/var/folders/xr/m5_5rlsd6l9fk2w4ngj13k6m0000gn/T/swbuild.tmp.Qwrkh9On/Data.noindex/Test/aProject/build/aProject.build/Debug/TargetB.build/Objects-normal/x86_64/TargetB.swiftmodule"]), Task(forTarget: TargetB, ruleInfo: ["WriteAuxiliaryFile", "/private/var/folders/xr/m5_5rlsd6l9fk2w4ngj13k6m0000gn/T/swbuild.tmp.Qwrkh9On/Data.noindex/Test/aProject/build/aProject.build/Debug/TargetB.build/TargetB-generated-files.hmap"]), Task(forTarget: TargetA, ruleInfo: ["Gate", "target-TargetA-T-TargetA-21785--begin-compiling"]), Task(forTarget: TargetA, ruleInfo: ["WriteAuxiliaryFile", "/private/var/folders/xr/m5_5rlsd6l9fk2w4ngj13k6m0000gn/T/swbuild.tmp.Qwrkh9On/Data.noindex/Test/aProject/build/aProject.build/Debug/TargetA.build/TargetA.hmap"]), Task(forTarget: TargetA, ruleInfo: ["SwiftEmitModule", "normal", "x86_64", "Emitting module for TargetA"]), Task(forTarget: TargetB, ruleInfo: ["Gate", "target-TargetB-T-TargetB-21793--begin-compiling"]), Task(forTarget: <none>, ruleInfo: ["Gate", "target-TargetB-T-TargetB-21793--SwiftPackageCopyFilesTaskProducer"]), Task(forTarget: <none>, ruleInfo: ["Gate", "target-TargetA-T-TargetA-21785--SanitizerTaskProducer"]), Task(forTarget: TargetA, ruleInfo: ["WriteAuxiliaryFile", "/private/var/folders/xr/m5_5rlsd6l9fk2w4ngj13k6m0000gn/T/swbuild.tmp.Qwrkh9On/Data.noindex/Test/aProject/build/aProject.build/Debug/TargetA.build/TargetA-own-target-headers.hmap"]), Task(forTarget: TargetA, ruleInfo: ["WriteAuxiliaryFile", "/private/var/folders/xr/m5_5rlsd6l9fk2w4ngj13k6m0000gn/T/swbuild.tmp.Qwrkh9On/Data.noindex/Test/aProject/build/aProject.build/Debug/TargetA.build/Objects-normal/x86_64/TargetA.LinkFileList"]), Task(forTarget: TargetA, ruleInfo: ["SwiftCompile", "normal", "x86_64", "Compiling fileA1.swift", "/private/var/folders/xr/m5_5rlsd6l9fk2w4ngj13k6m0000gn/T/swbuild.tmp.Qwrkh9On/Data.noindex/Test/aProject/Sources/fileA1.swift"])]
↳ Occasionally fails in CI due to SwiftExplicitDependencyCompileModuleFromInterface missing from the dependency graph
━ Test swiftEagerCompilationWithExplicitModules() recorded a known issue at SwiftDriverTests.swift:3576:55: Issue recorded
↳ Task Task(forTarget: TargetA, ruleInfo: ["SwiftCompile", "normal", "x86_64", "Compiling fileA1.swift", "/private/var/folders/xr/m5_5rlsd6l9fk2w4ngj13k6m0000gn/T/swbuild.tmp.Qwrkh9On/Data.noindex/Test/aProject/Sources/fileA1.swift"]) does not follow any tasks matching [Rule matches [SWBTestSupport.StringPattern.equal("SwiftExplicitDependencyCompileModuleFromInterface"), SWBTestSupport.StringPattern.equal("normal"), SWBTestSupport.StringPattern.equal("x86_64"), SWBTestSupport.StringPattern.contains("_Concurrency-")]]. Found: [] in [Task(forTarget: TargetA, ruleInfo: ["Ld", "/private/var/folders/xr/m5_5rlsd6l9fk2w4ngj13k6m0000gn/T/swbuild.tmp.Qwrkh9On/Data.noindex/Test/aProject/build/Debug/TargetA.framework/Versions/A/TargetA", "normal"]), Task(forTarget: <none>, ruleInfo: ["Gate", "target-TargetA-T-TargetA-21785--Barrier-RegisterExecutionPolicyException"]), Task(forTarget: TargetA, ruleInfo: ["MkDir", "/private/var/folders/xr/m5_5rlsd6l9fk2w4ngj13k6m0000gn/T/swbuild.tmp.Qwrkh9On/Data.noindex/Test/aProject/build/Debug/TargetA.framework/Versions"]), Task(forTarget: TargetA, ruleInfo: ["SymLink", "/private/var/folders/xr/m5_5rlsd6l9fk2w4ngj13k6m0000gn/T/swbuild.tmp.Qwrkh9On/Data.noindex/Test/aProject/build/EagerLinkingTBDs/Debug/TargetA.framework/TargetA.tbd", "/private/var/folders/xr/m5_5rlsd6l9fk2w4ngj13k6m0000gn/T/swbuild.tmp.Qwrkh9On/Data.noindex/Test/aProject/build/EagerLinkingTBDs/Debug/TargetA.framework/Versions/A/TargetA.tbd"]), Task(forTarget: <none>, ruleInfo: ["Gate", "target-TargetB-T-TargetB-21793--GeneratedFilesTaskProducer"]), Task(forTarget: TargetA, ruleInfo: ["ExtractAppIntentsMetadata"]), Task(forTarget: TargetB, ruleInfo: ["MkDir", "/private/var/folders/xr/m5_5rlsd6l9fk2w4ngj13k6m0000gn/T/swbuild.tmp.Qwrkh9On/Data.noindex/Test/aProject/build/Debug/TargetB.framework/Versions/A/Headers"]), Task(forTarget: <none>, ruleInfo: ["Gate", "target-TargetA-T-TargetA-21785--Barrier-StripSymbols"]), Task(forTarget: TargetB, ruleInfo: ["SwiftDriver Compilation", "TargetB", "normal", "x86_64", "com.apple.xcode.tools.swift.compiler"]), Task(forTarget: TargetB, ruleInfo: ["WriteAuxiliaryFile", "/private/var/folders/xr/m5_5rlsd6l9fk2w4ngj13k6m0000gn/T/swbuild.tmp.Qwrkh9On/Data.noindex/Test/aProject/build/aProject.build/Debug/TargetB.build/Objects-normal/x86_64/TargetB.SwiftConstValuesFileList"]), Task(forTarget: <none>, ruleInfo: ["Gate", "target-TargetB-T-TargetB-21793--TAPISymbolExtractorTaskProducer"]), Task(forTarget: <none>, ruleInfo: ["Gate", "target-TargetB-T-TargetB-21793--swift-generated-headers"]), Task(forTarget: <none>, ruleInfo: ["Gate", "target-TargetB-T-TargetB-21793--ProductPostprocessingTaskProducer"]), Task(forTarget: <none>, ruleInfo: ["Gate", "target-TargetB-T-TargetB-21793--RealityAssetsTaskProducer"]), Task(forTarget: <none>, ruleInfo: ["Gate", "target-TargetA-T-TargetA-21785--Barrier-CopyAside"]), Task(forTarget: <none>, ruleInfo: ["SwiftExplicitDependencyGeneratePcm", "x86_64", "/private/var/folders/xr/m5_5rlsd6l9fk2w4ngj13k6m0000gn/T/swbuild.tmp.Qwrkh9On/Data.noindex/Test/aProject/build/SwiftExplicitPrecompiledModules/SwiftShims-E7NR5GGR9Z7GY7PSRPSK1C6L1.pcm"]), Task(forTarget: TargetA, ruleInfo: ["Copy", "/private/var/folders/xr/m5_5rlsd6l9fk2w4ngj13k6m0000gn/T/swbuild.tmp.Qwrkh9On/Data.noindex/Test/aProject/build/Debug/TargetA.framework/Versions/A/Modules/TargetA.swiftmodule/x86_64-apple-macos.swiftdoc", "/private/var/folders/xr/m5_5rlsd6l9fk2w4ngj13k6m0000gn/T/swbuild.tmp.Qwrkh9On/Data.noindex/Test/aProject/build/aProject.build/Debug/TargetA.build/Objects-normal/x86_64/TargetA.swiftdoc"]), Task(forTarget: TargetB, ruleInfo: ["Gate", "target-TargetB-T-TargetB-21793--begin-scanning"]), Task(forTarget: <none>, ruleInfo: ["Gate", "target-TargetB-T-TargetB-21793--ModuleVerifierTaskProducer"]), Task(forTarget: TargetA, ruleInfo: ["SymLink", "/private/var/folders/xr/m5_5rlsd6l9fk2w4ngj13k6m0000gn/T/swbuild.tmp.Qwrkh9On/Data.noindex/Test/aProject/build/Debug/TargetA.framework/Headers", "Versions/Current/Headers"]), Task(forTarget: TargetB, ruleInfo: ["SwiftCompile", "normal", "x86_64", "Compiling fileB2.swift", "/private/var/folders/xr/m5_5rlsd6l9fk2w4ngj13k6m0000gn/T/swbuild.tmp.Qwrkh9On/Data.noindex/Test/aProject/Sources/fileB2.swift"]), Task(forTarget: TargetB, ruleInfo: ["Gate", "target-TargetB-T-TargetB-21793--linker-inputs-ready"]), Task(forTarget: <none>, ruleInfo: ["Gate", "target-TargetA-T-TargetA-21785--Barrier-ChangePermissions"]), Task(forTarget: TargetA, ruleInfo: ["WriteAuxiliaryFile", "/private/var/folders/xr/m5_5rlsd6l9fk2w4ngj13k6m0000gn/T/swbuild.tmp.Qwrkh9On/Data.noindex/Test/aProject/build/aProject.build/Debug/TargetA.build/TargetA-all-target-headers.hmap"]), Task(forTarget: TargetA, ruleInfo: ["SwiftDriver Compilation Requirements", "TargetA", "normal", "x86_64", "com.apple.xcode.tools.swift.compiler"]), Task(forTarget: TargetA, ruleInfo: ["WriteAuxiliaryFile", "/private/var/folders/xr/m5_5rlsd6l9fk2w4ngj13k6m0000gn/T/swbuild.tmp.Qwrkh9On/Data.noindex/Test/aProject/build/aProject.build/Debug/TargetA.build/Objects-normal/x86_64/TargetA_const_extract_protocols.json"]), Task(forTarget: TargetA, ruleInfo: ["Gate", "target-TargetA-T-TargetA-21785--entry"]), Task(forTarget: TargetA, ruleInfo: ["WriteAuxiliaryFile", "/private/var/folders/xr/m5_5rlsd6l9fk2w4ngj13k6m0000gn/T/swbuild.tmp.Qwrkh9On/Data.noindex/Test/aProject/build/aProject.build/Debug/TargetA.build/TargetA.DependencyMetadataFileList"]), Task(forTarget: TargetA, ruleInfo: ["Copy", "/private/var/folders/xr/m5_5rlsd6l9fk2w4ngj13k6m0000gn/T/swbuild.tmp.Qwrkh9On/Data.noindex/Test/aProject/build/Debug/TargetA.framework/Versions/A/Modules/TargetA.swiftmodule/x86_64-apple-macos.swiftmodule", "/private/var/folders/xr/m5_5rlsd6l9fk2w4ngj13k6m0000gn/T/swbuild.tmp.Qwrkh9On/Data.noindex/Test/aProject/build/aProject.build/Debug/TargetA.build/Objects-normal/x86_64/TargetA.swiftmodule"]), Task(forTarget: <none>, ruleInfo: ["Gate", "target-TargetB-T-TargetB-21793--Barrier-RegisterProduct"]), Task(forTarget: TargetB, ruleInfo: ["SwiftDriver Compilation Requirements", "TargetB", "normal", "x86_64", "com.apple.xcode.tools.swift.compiler"]), Task(forTarget: <none>, ruleInfo: ["Gate", "target-TargetB-T-TargetB-21793--StubBinaryTaskProducer"]), Task(forTarget: TargetB, ruleInfo: ["Gate", "target-TargetB-T-TargetB-21793--entry"]), Task(forTarget: <none>, ruleInfo: ["SwiftExplicitDependencyCompileModuleFromInterface", "x86_64", "/private/var/folders/xr/m5_5rlsd6l9fk2w4ngj13k6m0000gn/T/swbuild.tmp.Qwrkh9On/Data.noindex/Test/aProject/build/SwiftExplicitPrecompiledModules/Swift-1039YR9EBE61.swiftmodule"]), Task(forTarget: <none>, ruleInfo: ["Gate", "target-TargetB-T-TargetB-21793--GenerateAppPlaygroundAssetCatalogTaskProducer"]), Task(forTarget: TargetB, ruleInfo: ["Gate", "target-TargetB-T-TargetB-21793--begin-linking"]), Task(forTarget: TargetA, ruleInfo: ["WriteAuxiliaryFile", "/private/var/folders/xr/m5_5rlsd6l9fk2w4ngj13k6m0000gn/T/swbuild.tmp.Qwrkh9On/Data.noindex/Test/aProject/build/aProject.build/Debug/TargetA.build/Objects-normal/x86_64/TargetA-OutputFileMap.json"]), Task(forTarget: TargetB, ruleInfo: ["WriteAuxiliaryFile", "/private/var/folders/xr/m5_5rlsd6l9fk2w4ngj13k6m0000gn/T/swbuild.tmp.Qwrkh9On/Data.noindex/Test/aProject/build/aProject.build/Debug/TargetB.build/TargetB.DependencyMetadataFileList"]), Task(forTarget: TargetB, ruleInfo: ["WriteAuxiliaryFile", "/private/var/folders/xr/m5_5rlsd6l9fk2w4ngj13k6m0000gn/T/swbuild.tmp.Qwrkh9On/Data.noindex/Test/aProject/build/aProject.build/Debug/TargetB.build/TargetB.hmap"]), Task(forTarget: <none>, ruleInfo: ["CreateBuildDirectory", "/private/var/folders/xr/m5_5rlsd6l9fk2w4ngj13k6m0000gn/T/swbuild.tmp.Qwrkh9On/Data.noindex/Test/aProject/build/SharedPrecompiledHeaders"]), Task(forTarget: TargetA, ruleInfo: ["Gate", "target-TargetA-T-TargetA-21785--unsigned-product-ready"]), Task(forTarget: TargetA, ruleInfo: ["Gate", "target-TargetA-T-TargetA-21785--will-sign"]), Task(forTarget: TargetB, ruleInfo: ["Copy", "/private/var/folders/xr/m5_5rlsd6l9fk2w4ngj13k6m0000gn/T/swbuild.tmp.Qwrkh9On/Data.noindex/Test/aProject/build/Debug/TargetB.framework/Versions/A/Modules/TargetB.swiftmodule/Project/x86_64-apple-macos.swiftsourceinfo", "/private/var/folders/xr/m5_5rlsd6l9fk2w4ngj13k6m0000gn/T/swbuild.tmp.Qwrkh9On/Data.noindex/Test/aProject/build/aProject.build/Debug/TargetB.build/Objects-normal/x86_64/TargetB.swiftsourceinfo"]), Task(forTarget: TargetA, ruleInfo: ["WriteAuxiliaryFile", "/private/var/folders/xr/m5_5rlsd6l9fk2w4ngj13k6m0000gn/T/swbuild.tmp.Qwrkh9On/Data.noindex/Test/aProject/build/aProject.build/Debug/TargetA.build/TargetA-generated-files.hmap"]), Task(forTarget: TargetA, ruleInfo: ["Gate", "target-TargetA-T-TargetA-21785--linker-inputs-ready"]), Task(forTarget: <none>, ruleInfo: ["Gate", "target-TargetB-T-TargetB-21793--Barrier-GenerateStubAPI"]), Task(forTarget: <none>, ruleInfo: ["Gate", "target-TargetA-T-TargetA-21785--ModuleVerifierTaskProducer"]), Task(forTarget: <none>, ruleInfo: ["Gate", "target-TargetB-T-TargetB-21793--SwiftFrameworkABICheckerTaskProducer"]), Task(forTarget: TargetB, ruleInfo: ["Gate", "target-TargetB-T-TargetB-21793--end"]), Task(forTarget: TargetB, ruleInfo: ["WriteAuxiliaryFile", "/private/var/folders/xr/m5_5rlsd6l9fk2w4ngj13k6m0000gn/T/swbuild.tmp.Qwrkh9On/Data.noindex/Test/aProject/build/aProject.build/Debug/TargetB.build/TargetB-all-target-headers.hmap"]), Task(forTarget: <none>, ruleInfo: ["SwiftExplicitDependencyGeneratePcm", "x86_64", "/private/var/folders/xr/m5_5rlsd6l9fk2w4ngj13k6m0000gn/T/swbuild.tmp.Qwrkh9On/Data.noindex/Test/aProject/build/SwiftExplicitPrecompiledModules/_SwiftConcurrencyShims-BUR8XM1R06AS02RWV63HPG1KR.pcm"]), Task(forTarget: <none>, ruleInfo: ["Gate", "target-TargetB-T-TargetB-21793--Barrier-ChangePermissions"]), Task(forTarget: <none>, ruleInfo: ["Gate", "target-TargetB-T-TargetB-21793--Barrier-CodeSign"]), Task(forTarget: TargetB, ruleInfo: ["Touch", "/private/var/folders/xr/m5_5rlsd6l9fk2w4ngj13k6m0000gn/T/swbuild.tmp.Qwrkh9On/Data.noindex/Test/aProject/build/Debug/TargetB.framework"]), Task(forTarget: <none>, ruleInfo: ["Gate", "target-TargetB-T-TargetB-21793--Barrier-StripSymbols"]), Task(forTarget: TargetB, ruleInfo: ["WriteAuxiliaryFile", "/private/var/folders/xr/m5_5rlsd6l9fk2w4ngj13k6m0000gn/T/swbuild.tmp.Qwrkh9On/Data.noindex/Test/aProject/build/aProject.build/Debug/TargetB.build/Objects-normal/x86_64/TargetB-OutputFileMap.json"]), Task(forTarget: TargetB, ruleInfo: ["GenerateTAPI", "/private/var/folders/xr/m5_5rlsd6l9fk2w4ngj13k6m0000gn/T/swbuild.tmp.Qwrkh9On/Data.noindex/Test/aProject/build/EagerLinkingTBDs/Debug/TargetB.framework/Versions/A/TargetB.tbd"]), Task(forTarget: TargetB, ruleInfo: ["SwiftEmitModule", "normal", "x86_64", "Emitting module for TargetB"]), Task(forTarget: TargetB, ruleInfo: ["MkDir", "/private/var/folders/xr/m5_5rlsd6l9fk2w4ngj13k6m0000gn/T/swbuild.tmp.Qwrkh9On/Data.noindex/Test/aProject/build/Debug/TargetB.framework/Versions"]), Task(forTarget: TargetA, ruleInfo: ["WriteAuxiliaryFile", "/private/var/folders/xr/m5_5rlsd6l9fk2w4ngj13k6m0000gn/T/swbuild.tmp.Qwrkh9On/Data.noindex/Test/aProject/build/aProject.build/Debug/TargetA.build/Objects-normal/x86_64/TargetA.SwiftFileList"]), Task(forTarget: TargetB, ruleInfo: ["ExtractAppIntentsMetadata"]), Task(forTarget: <none>, ruleInfo: ["Gate", "target-TargetB-T-TargetB-21793--ProductStructureTaskProducer"]), Task(forTarget: <none>, ruleInfo: ["Gate", "target-TargetB-T-TargetB-21793--HeadermapTaskProducer"]), Task(forTarget: <none>, ruleInfo: ["CreateBuildDirectory", "/private/var/folders/xr/m5_5rlsd6l9fk2w4ngj13k6m0000gn/T/swbuild.tmp.Qwrkh9On/Data.noindex/Test/aProject/build/Debug"]), Task(forTarget: TargetA, ruleInfo: ["WriteAuxiliaryFile", "/private/var/folders/xr/m5_5rlsd6l9fk2w4ngj13k6m0000gn/T/swbuild.tmp.Qwrkh9On/Data.noindex/Test/aProject/build/aProject.build/Debug/TargetA.build/TargetA.DependencyStaticMetadataFileList"]), Task(forTarget: <none>, ruleInfo: ["Gate", "target-TargetB-T-TargetB-21793--ExtensionPointExtractorTaskProducer"]), Task(forTarget: <none>, ruleInfo: ["Gate", "target-TargetB-T-TargetB-21793--SwiftStandardLibrariesTaskProducer"]), Task(forTarget: TargetA, ruleInfo: ["Copy", "/private/var/folders/xr/m5_5rlsd6l9fk2w4ngj13k6m0000gn/T/swbuild.tmp.Qwrkh9On/Data.noindex/Test/aProject/build/Debug/TargetA.framework/Versions/A/Modules/TargetA.swiftmodule/x86_64-apple-macos.abi.json", "/private/var/folders/xr/m5_5rlsd6l9fk2w4ngj13k6m0000gn/T/swbuild.tmp.Qwrkh9On/Data.noindex/Test/aProject/build/aProject.build/Debug/TargetA.build/Objects-normal/x86_64/TargetA.abi.json"]), Task(forTarget: <none>, ruleInfo: ["CreateBuildDirectory", "/private/var/folders/xr/m5_5rlsd6l9fk2w4ngj13k6m0000gn/T/swbuild.tmp.Qwrkh9On/Data.noindex/Test/aProject/build/ExplicitPrecompiledModules"]), Task(forTarget: TargetB, ruleInfo: ["Gate", "target-TargetB-T-TargetB-21793--immediate"]), Task(forTarget: <none>, ruleInfo: ["Gate", "target-TargetA-T-TargetA-21785--AppExtensionInfoPlistGeneratorTaskProducer"]), Task(forTarget: TargetB, ruleInfo: ["SymLink", "/private/var/folders/xr/m5_5rlsd6l9fk2w4ngj13k6m0000gn/T/swbuild.tmp.Qwrkh9On/Data.noindex/Test/aProject/build/Debug/TargetB.framework/Modules", "Versions/Current/Modules"]), Task(forTarget: <none>, ruleInfo: ["Gate", "target-TargetA-T-TargetA-21785--swift-generated-headers"]), Task(forTarget: <none>, ruleInfo: ["Gate", "target-TargetB-T-TargetB-21793--InfoPlistTaskProducer"]), Task(forTarget: <none>, ruleInfo: ["Gate", "target-TargetB-T-TargetB-21793--AppExtensionInfoPlistGeneratorTaskProducer"]), Task(forTarget: TargetB, ruleInfo: ["SwiftDriver", "TargetB", "normal", "x86_64", "com.apple.xcode.tools.swift.compiler"]), Task(forTarget: <none>, ruleInfo: ["Gate", "target-TargetA-T-TargetA-21785--CopySwiftPackageResourcesTaskProducer"]), Task(forTarget: <none>, ruleInfo: ["Gate", "target-TargetA-T-TargetA-21785--ProductStructureTaskProducer"]), Task(forTarget: TargetA, ruleInfo: ["SymLink", "/private/var/folders/xr/m5_5rlsd6l9fk2w4ngj13k6m0000gn/T/swbuild.tmp.Qwrkh9On/Data.noindex/Test/aProject/build/Debug/TargetA.framework/Versions/Current", "A"]), Task(forTarget: TargetA, ruleInfo: ["SwiftMergeGeneratedHeaders", "/private/var/folders/xr/m5_5rlsd6l9fk2w4ngj13k6m0000gn/T/swbuild.tmp.Qwrkh9On/Data.noindex/Test/aProject/build/Debug/TargetA.framework/Versions/A/Headers/TargetA-Swift.h", "/private/var/folders/xr/m5_5rlsd6l9fk2w4ngj13k6m0000gn/T/swbuild.tmp.Qwrkh9On/Data.noindex/Test/aProject/build/aProject.build/Debug/TargetA.build/Objects-normal/x86_64/TargetA-Swift.h"]), Task(forTarget: <none>, ruleInfo: ["Gate", "target-TargetA-T-TargetA-21785--ProductPostprocessingTaskProducer"]), Task(forTarget: TargetB, ruleInfo: ["Copy", "/private/var/folders/xr/m5_5rlsd6l9fk2w4ngj13k6m0000gn/T/swbuild.tmp.Qwrkh9On/Data.noindex/Test/aProject/build/Debug/TargetB.framework/Versions/A/Modules/TargetB.swiftmodule/x86_64-apple-macos.swiftdoc", "/private/var/folders/xr/m5_5rlsd6l9fk2w4ngj13k6m0000gn/T/swbuild.tmp.Qwrkh9On/Data.noindex/Test/aProject/build/aProject.build/Debug/TargetB.build/Objects-normal/x86_64/TargetB.swiftdoc"]), Task(forTarget: <none>, ruleInfo: ["Gate", "target-TargetA-T-TargetA-21785--DocumentationTaskProducer"]), Task(forTarget: TargetB, ruleInfo: ["SymLink", "/private/var/folders/xr/m5_5rlsd6l9fk2w4ngj13k6m0000gn/T/swbuild.tmp.Qwrkh9On/Data.noindex/Test/aProject/build/Debug/TargetB.framework/Versions/Current", "A"]), Task(forTarget: <none>, ruleInfo: ["Gate", "target-TargetA-T-TargetA-21785--InfoPlistTaskProducer"]), Task(forTarget: <none>, ruleInfo: ["CreateBuildDirectory", "/private/var/folders/xr/m5_5rlsd6l9fk2w4ngj13k6m0000gn/T/swbuild.tmp.Qwrkh9On/Data.noindex/Test/aProject/build"]), Task(forTarget: <none>, ruleInfo: ["Gate", "target-TargetA-T-TargetA-21785--SwiftABIBaselineGenerationTaskProducer"]), Task(forTarget: TargetA, ruleInfo: ["SwiftDriver Compilation", "TargetA", "normal", "x86_64", "com.apple.xcode.tools.swift.compiler"]), Task(forTarget: TargetB, ruleInfo: ["SwiftMergeGeneratedHeaders", "/private/var/folders/xr/m5_5rlsd6l9fk2w4ngj13k6m0000gn/T/swbuild.tmp.Qwrkh9On/Data.noindex/Test/aProject/build/Debug/TargetB.framework/Versions/A/Headers/TargetB-Swift.h", "/private/var/folders/xr/m5_5rlsd6l9fk2w4ngj13k6m0000gn/T/swbuild.tmp.Qwrkh9On/Data.noindex/Test/aProject/build/aProject.build/Debug/TargetB.build/Objects-normal/x86_64/TargetB-Swift.h"]), Task(forTarget: TargetB, ruleInfo: ["Ld", "/private/var/folders/xr/m5_5rlsd6l9fk2w4ngj13k6m0000gn/T/swbuild.tmp.Qwrkh9On/Data.noindex/Test/aProject/build/Debug/TargetB.framework/Versions/A/TargetB", "normal"]), Task(forTarget: TargetB, ruleInfo: ["WriteAuxiliaryFile", "/private/var/folders/xr/m5_5rlsd6l9fk2w4ngj13k6m0000gn/T/swbuild.tmp.Qwrkh9On/Data.noindex/Test/aProject/build/aProject.build/Debug/TargetB.build/TargetB-all-non-framework-target-headers.hmap"]), Task(forTarget: <none>, ruleInfo: ["Gate", "target-TargetA-T-TargetA-21785--TAPISymbolExtractorTaskProducer"]), Task(forTarget: <none>, ruleInfo: ["SwiftExplicitDependencyCompileModuleFromInterface", "x86_64", "/private/var/folders/xr/m5_5rlsd6l9fk2w4ngj13k6m0000gn/T/swbuild.tmp.Qwrkh9On/Data.noindex/Test/aProject/build/SwiftExplicitPrecompiledModules/_Concurrency-2W8LU3DF58RLX.swiftmodule"]), Task(forTarget: <none>, ruleInfo: ["Gate", "target-TargetB-T-TargetB-21793--Barrier-ChangeAlternatePermissions"]), Task(forTarget: <none>, ruleInfo: ["Gate", "target-TargetA-T-TargetA-21785--SwiftPackageCopyFilesTaskProducer"]), Task(forTarget: <none>, ruleInfo: ["Gate", "target-TargetA-T-TargetA-21785--copy-headers-completion"]), Task(forTarget: <none>, ruleInfo: ["Gate", "WorkspaceHeaderMapVFSFilesWritten"]), Task(forTarget: TargetA, ruleInfo: ["Gate", "target-TargetA-T-TargetA-21785--modules-ready"]), Task(forTarget: <none>, ruleInfo: ["Gate", "target-TargetB-T-TargetB-21793--SanitizerTaskProducer"]), Task(forTarget: <none>, ruleInfo: ["Gate", "target-TargetA-T-TargetA-21785--Barrier-ChangeAlternatePermissions"]), Task(forTarget: TargetB, ruleInfo: ["SymLink", "/private/var/folders/xr/m5_5rlsd6l9fk2w4ngj13k6m0000gn/T/swbuild.tmp.Qwrkh9On/Data.noindex/Test/aProject/build/Debug/TargetB.framework/Headers", "Versions/Current/Headers"]), Task(forTarget: <none>, ruleInfo: ["CreateBuildDirectory", "/var/folders/xr/m5_5rlsd6l9fk2w4ngj13k6m0000gn/C/com.apple.DeveloperTools/26.4.1-17E202/Xcode/CompilationCache.noindex"]), Task(forTarget: <none>, ruleInfo: ["Gate", "target-TargetA-T-TargetA-21785--CustomTaskProducer"]), Task(forTarget: <none>, ruleInfo: ["Gate", "target-TargetA-T-TargetA-21785--AppIntentsMetadataTaskProducer"]), Task(forTarget: TargetB, ruleInfo: ["Copy", "/private/var/folders/xr/m5_5rlsd6l9fk2w4ngj13k6m0000gn/T/swbuild.tmp.Qwrkh9On/Data.noindex/Test/aProject/build/Debug/TargetB.framework/Versions/A/Modules/TargetB.swiftmodule/x86_64-apple-macos.abi.json", "/private/var/folders/xr/m5_5rlsd6l9fk2w4ngj13k6m0000gn/T/swbuild.tmp.Qwrkh9On/Data.noindex/Test/aProject/build/aProject.build/Debug/TargetB.build/Objects-normal/x86_64/TargetB.abi.json"]), Task(forTarget: <none>, ruleInfo: ["Gate", "target-TargetA-T-TargetA-21785--TestHostTaskProducer"]), Task(forTarget: TargetB, ruleInfo: ["WriteAuxiliaryFile", "/private/var/folders/xr/m5_5rlsd6l9fk2w4ngj13k6m0000gn/T/swbuild.tmp.Qwrkh9On/Data.noindex/Test/aProject/build/aProject.build/Debug/TargetB.build/Objects-normal/x86_64/TargetB.LinkFileList"]), Task(forTarget: <none>, ruleInfo: ["Gate", "target-TargetA-T-TargetA-21785--TestTargetPostprocessingTaskProducer"]), Task(forTarget: <none>, ruleInfo: ["Gate", "target-TargetA-T-TargetA-21785--Barrier-GenerateStubAPI"]), Task(forTarget: TargetB, ruleInfo: ["Gate", "target-TargetB-T-TargetB-21793--will-sign"]), Task(forTarget: <none>, ruleInfo: ["Gate", "target-TargetA-T-TargetA-21785--generated-headers"]), Task(forTarget: <none>, ruleInfo: ["Gate", "target-TargetB-T-TargetB-21793--Barrier-RegisterExecutionPolicyException"]), Task(forTarget: TargetB, ruleInfo: ["SymLink", "/private/var/folders/xr/m5_5rlsd6l9fk2w4ngj13k6m0000gn/T/swbuild.tmp.Qwrkh9On/Data.noindex/Test/aProject/build/EagerLinkingTBDs/Debug/TargetB.framework/TargetB.tbd", "/private/var/folders/xr/m5_5rlsd6l9fk2w4ngj13k6m0000gn/T/swbuild.tmp.Qwrkh9On/Data.noindex/Test/aProject/build/EagerLinkingTBDs/Debug/TargetB.framework/Versions/A/TargetB.tbd"]), Task(forTarget: TargetB, ruleInfo: ["WriteAuxiliaryFile", "/private/var/folders/xr/m5_5rlsd6l9fk2w4ngj13k6m0000gn/T/swbuild.tmp.Qwrkh9On/Data.noindex/Test/aProject/build/aProject.build/Debug/TargetB.build/TargetB-own-target-headers.hmap"]), Task(forTarget: TargetB, ruleInfo: ["WriteAuxiliaryFile", "/private/var/folders/xr/m5_5rlsd6l9fk2w4ngj13k6m0000gn/T/swbuild.tmp.Qwrkh9On/Data.noindex/Test/aProject/build/aProject.build/Debug/TargetB.build/TargetB-project-headers.hmap"]), Task(forTarget: <none>, ruleInfo: ["Gate", "target-TargetB-T-TargetB-21793--DocumentationTaskProducer"]), Task(forTarget: <none>, ruleInfo: ["Gate", "target-TargetA-T-TargetA-21785--TestEntryPointTaskProducerFactory"]), Task(forTarget: <none>, ruleInfo: ["Gate", "target-TargetA-T-TargetA-21785--TestTargetTaskProducer"]), Task(forTarget: TargetA, ruleInfo: ["Touch", "/private/var/folders/xr/m5_5rlsd6l9fk2w4ngj13k6m0000gn/T/swbuild.tmp.Qwrkh9On/Data.noindex/Test/aProject/build/Debug/TargetA.framework"]), Task(forTarget: <none>, ruleInfo: ["Gate", "target-TargetA-T-TargetA-21785--HeadermapTaskProducer"]), Task(forTarget: <none>, ruleInfo: ["Gate", "target-TargetB-T-TargetB-21793--fused-phase0-compile-sources&link-binary"]), Task(forTarget: TargetB, ruleInfo: ["WriteAuxiliaryFile", "/private/var/folders/xr/m5_5rlsd6l9fk2w4ngj13k6m0000gn/T/swbuild.tmp.Qwrkh9On/Data.noindex/Test/aProject/build/aProject.build/Debug/TargetB.build/TargetB.DependencyStaticMetadataFileList"]), Task(forTarget: <none>, ruleInfo: ["Gate", "target-TargetB-T-TargetB-21793--TestTargetTaskProducer"]), Task(forTarget: <none>, ruleInfo: ["Gate", "target-TargetA-T-TargetA-21785--RealityAssetsTaskProducer"]), Task(forTarget: <none>, ruleInfo: ["Gate", "target-TargetB-T-TargetB-21793--CustomTaskProducer"]), Task(forTarget: TargetB, ruleInfo: ["RegisterExecutionPolicyException", "/private/var/folders/xr/m5_5rlsd6l9fk2w4ngj13k6m0000gn/T/swbuild.tmp.Qwrkh9On/Data.noindex/Test/aProject/build/Debug/TargetB.framework"]), Task(forTarget: TargetA, ruleInfo: ["WriteAuxiliaryFile", "/private/var/folders/xr/m5_5rlsd6l9fk2w4ngj13k6m0000gn/T/swbuild.tmp.Qwrkh9On/Data.noindex/Test/aProject/build/aProject.build/Debug/TargetA.build/TargetA-all-non-framework-target-headers.hmap"]), Task(forTarget: TargetB, ruleInfo: ["SwiftCompile", "normal", "x86_64", "Compiling fileB1.swift", "/private/var/folders/xr/m5_5rlsd6l9fk2w4ngj13k6m0000gn/T/swbuild.tmp.Qwrkh9On/Data.noindex/Test/aProject/Sources/fileB1.swift"]), Task(forTarget: <none>, ruleInfo: ["Gate", "target-TargetA-T-TargetA-21785--Barrier-CodeSign"]), Task(forTarget: <none>, ruleInfo: ["Gate", "target-TargetB-T-TargetB-21793--AppIntentsMetadataTaskProducer"]), Task(forTarget: TargetB, ruleInfo: ["Gate", "target-TargetB-T-TargetB-21793--unsigned-product-ready"]), Task(forTarget: TargetA, ruleInfo: ["SwiftDriver", "TargetA", "normal", "x86_64", "com.apple.xcode.tools.swift.compiler"]), Task(forTarget: TargetA, ruleInfo: ["Gate", "target-TargetA-T-TargetA-21785--end"]), Task(forTarget: TargetA, ruleInfo: ["Gate", "target-TargetA-T-TargetA-21785--begin-scanning"]), Task(forTarget: TargetB, ruleInfo: ["WriteAuxiliaryFile", "/private/var/folders/xr/m5_5rlsd6l9fk2w4ngj13k6m0000gn/T/swbuild.tmp.Qwrkh9On/Data.noindex/Test/aProject/build/aProject.build/Debug/TargetB.build/Objects-normal/x86_64/TargetB_const_extract_protocols.json"]), Task(forTarget: <none>, ruleInfo: ["Gate", "target-TargetA-T-TargetA-21785--StubBinaryTaskProducer"]), Task(forTarget: TargetB, ruleInfo: ["MkDir", "/private/var/folders/xr/m5_5rlsd6l9fk2w4ngj13k6m0000gn/T/swbuild.tmp.Qwrkh9On/Data.noindex/Test/aProject/build/Debug/TargetB.framework/Versions/A"]), Task(forTarget: TargetA, ruleInfo: ["SwiftCompile", "normal", "x86_64", "Compiling fileA2.swift", "/private/var/folders/xr/m5_5rlsd6l9fk2w4ngj13k6m0000gn/T/swbuild.tmp.Qwrkh9On/Data.noindex/Test/aProject/Sources/fileA2.swift"]), Task(forTarget: <none>, ruleInfo: ["Gate", "target-TargetA-T-TargetA-21785--fused-phase0-compile-sources"]), Task(forTarget: <none>, ruleInfo: ["Gate", "target-TargetA-T-TargetA-21785--ModuleMapTaskProducer"]), Task(forTarget: <none>, ruleInfo: ["Gate", "target-TargetA-T-TargetA-21785--GeneratedFilesTaskProducer"]), Task(forTarget: <none>, ruleInfo: ["Gate", "target-TargetA-T-TargetA-21785--SwiftStandardLibrariesTaskProducer"]), Task(forTarget: TargetA, ruleInfo: ["GenerateTAPI", "/private/var/folders/xr/m5_5rlsd6l9fk2w4ngj13k6m0000gn/T/swbuild.tmp.Qwrkh9On/Data.noindex/Test/aProject/build/EagerLinkingTBDs/Debug/TargetA.framework/Versions/A/TargetA.tbd"]), Task(forTarget: <none>, ruleInfo: ["Gate", "target-TargetA-T-TargetA-21785--Barrier-Validate"]), Task(forTarget: TargetB, ruleInfo: ["WriteAuxiliaryFile", "/private/var/folders/xr/m5_5rlsd6l9fk2w4ngj13k6m0000gn/T/swbuild.tmp.Qwrkh9On/Data.noindex/Test/aProject/build/aProject.build/Debug/TargetB.build/Objects-normal/x86_64/TargetB.SwiftFileList"]), Task(forTarget: TargetA, ruleInfo: ["MkDir", "/private/var/folders/xr/m5_5rlsd6l9fk2w4ngj13k6m0000gn/T/swbuild.tmp.Qwrkh9On/Data.noindex/Test/aProject/build/Debug/TargetA.framework"]), Task(forTarget: <none>, ruleInfo: ["Gate", "target-TargetA-T-TargetA-21785--ExtensionPointExtractorTaskProducer"]), Task(forTarget: TargetA, ruleInfo: ["SymLink", "/private/var/folders/xr/m5_5rlsd6l9fk2w4ngj13k6m0000gn/T/swbuild.tmp.Qwrkh9On/Data.noindex/Test/aProject/build/Debug/TargetA.framework/TargetA", "Versions/Current/TargetA"]), Task(forTarget: TargetA, ruleInfo: ["MkDir", "/private/var/folders/xr/m5_5rlsd6l9fk2w4ngj13k6m0000gn/T/swbuild.tmp.Qwrkh9On/Data.noindex/Test/aProject/build/Debug/TargetA.framework/Versions/A"]), Task(forTarget: <none>, ruleInfo: ["Gate", "target-TargetB-T-TargetB-21793--generated-headers"]), Task(forTarget: <none>, ruleInfo: ["Gate", "target-TargetA-T-TargetA-21785--SwiftFrameworkABICheckerTaskProducer"]), Task(forTarget: TargetB, ruleInfo: ["Gate", "target-TargetB-T-TargetB-21793--modules-ready"]), Task(forTarget: <none>, ruleInfo: ["ClangStatCache", "/Applications/Xcode17E.app/Contents/Developer/Toolchains/XcodeDefault.xctoolchain/usr/bin/clang-stat-cache", "/Applications/Xcode17E.app/Contents/Developer/Platforms/MacOSX.platform/Developer/SDKs/MacOSX26.4.sdk", "/private/var/folders/xr/m5_5rlsd6l9fk2w4ngj13k6m0000gn/T/swbuild.tmp.Qwrkh9On/Data.noindex/Test/SDKStatCaches.noindex/macosx26.4-25E260-95aa6cf8f3effd57bda17e0c125410c0.sdkstatcache"]), Task(forTarget: TargetB, ruleInfo: ["SymLink", "/private/var/folders/xr/m5_5rlsd6l9fk2w4ngj13k6m0000gn/T/swbuild.tmp.Qwrkh9On/Data.noindex/Test/aProject/build/Debug/TargetB.framework/TargetB", "Versions/Current/TargetB"]), Task(forTarget: TargetA, ruleInfo: ["MkDir", "/private/var/folders/xr/m5_5rlsd6l9fk2w4ngj13k6m0000gn/T/swbuild.tmp.Qwrkh9On/Data.noindex/Test/aProject/build/Debug/TargetA.framework/Versions/A/Headers"]), Task(forTarget: <none>, ruleInfo: ["Gate", "target-TargetB-T-TargetB-21793--TestHostTaskProducer"]), Task(forTarget: TargetA, ruleInfo: ["Gate", "target-TargetA-T-TargetA-21785--begin-linking"]), Task(forTarget: <none>, ruleInfo: ["Gate", "target-TargetB-T-TargetB-21793--ModuleMapTaskProducer"]), Task(forTarget: <none>, ruleInfo: ["CreateBuildDirectory", "/private/var/folders/xr/m5_5rlsd6l9fk2w4ngj13k6m0000gn/T/swbuild.tmp.Qwrkh9On/Data.noindex/Test/aProject/build/SwiftExplicitPrecompiledModules"]), Task(forTarget: <none>, ruleInfo: ["Gate", "target-TargetB-T-TargetB-21793--SwiftABIBaselineGenerationTaskProducer"]), Task(forTarget: <none>, ruleInfo: ["Gate", "target-TargetB-T-TargetB-21793--TestTargetPostprocessingTaskProducer"]), Task(forTarget: <none>, ruleInfo: ["CreateBuildDirectory", "/private/var/folders/xr/m5_5rlsd6l9fk2w4ngj13k6m0000gn/T/swbuild.tmp.Qwrkh9On/Data.noindex/Test/aProject/build/EagerLinkingTBDs/Debug"]), Task(forTarget: TargetA, ruleInfo: ["WriteAuxiliaryFile", "/private/var/folders/xr/m5_5rlsd6l9fk2w4ngj13k6m0000gn/T/swbuild.tmp.Qwrkh9On/Data.noindex/Test/aProject/build/aProject.build/Debug/TargetA.build/Objects-normal/x86_64/TargetA.SwiftConstValuesFileList"]), Task(forTarget: <none>, ruleInfo: ["Gate", "target-TargetA-T-TargetA-21785--GenerateAppPlaygroundAssetCatalogTaskProducer"]), Task(forTarget: <none>, ruleInfo: ["WriteAuxiliaryFile", "/private/var/folders/xr/m5_5rlsd6l9fk2w4ngj13k6m0000gn/T/swbuild.tmp.Qwrkh9On/Data.noindex/Test/aProject/build/aProject.build/Debug/aProject-P21796-VFS/all-product-headers.yaml"]), Task(forTarget: <none>, ruleInfo: ["Gate", "target-TargetB-T-TargetB-21793--CopySwiftPackageResourcesTaskProducer"]), Task(forTarget: <none>, ruleInfo: ["Gate", "target-TargetB-T-TargetB-21793--Barrier-CopyAside"]), Task(forTarget: TargetA, ruleInfo: ["WriteAuxiliaryFile", "/private/var/folders/xr/m5_5rlsd6l9fk2w4ngj13k6m0000gn/T/swbuild.tmp.Qwrkh9On/Data.noindex/Test/aProject/build/aProject.build/Debug/TargetA.build/TargetA-project-headers.hmap"]), Task(forTarget: TargetB, ruleInfo: ["MkDir", "/private/var/folders/xr/m5_5rlsd6l9fk2w4ngj13k6m0000gn/T/swbuild.tmp.Qwrkh9On/Data.noindex/Test/aProject/build/Debug/TargetB.framework"]), Task(forTarget: TargetA, ruleInfo: ["SymLink", "/private/var/folders/xr/m5_5rlsd6l9fk2w4ngj13k6m0000gn/T/swbuild.tmp.Qwrkh9On/Data.noindex/Test/aProject/build/Debug/TargetA.framework/Modules", "Versions/Current/Modules"]), Task(forTarget: <none>, ruleInfo: ["SwiftExplicitDependencyCompileModuleFromInterface", "x86_64", "/private/var/folders/xr/m5_5rlsd6l9fk2w4ngj13k6m0000gn/T/swbuild.tmp.Qwrkh9On/Data.noindex/Test/aProject/build/SwiftExplicitPrecompiledModules/_StringProcessing-13GX4EAKQZW8B.swiftmodule"]), Task(forTarget: TargetA, ruleInfo: ["RegisterExecutionPolicyException", "/private/var/folders/xr/m5_5rlsd6l9fk2w4ngj13k6m0000gn/T/swbuild.tmp.Qwrkh9On/Data.noindex/Test/aProject/build/Debug/TargetA.framework"]), Task(forTarget: TargetA, ruleInfo: ["Copy", "/private/var/folders/xr/m5_5rlsd6l9fk2w4ngj13k6m0000gn/T/swbuild.tmp.Qwrkh9On/Data.noindex/Test/aProject/build/Debug/TargetA.framework/Versions/A/Modules/TargetA.swiftmodule/Project/x86_64-apple-macos.swiftsourceinfo", "/private/var/folders/xr/m5_5rlsd6l9fk2w4ngj13k6m0000gn/T/swbuild.tmp.Qwrkh9On/Data.noindex/Test/aProject/build/aProject.build/Debug/TargetA.build/Objects-normal/x86_64/TargetA.swiftsourceinfo"]), Task(forTarget: <none>, ruleInfo: ["Gate", "target-TargetB-T-TargetB-21793--copy-headers-completion"]), Task(forTarget: <none>, ruleInfo: ["Gate", "target-TargetB-T-TargetB-21793--TestEntryPointTaskProducerFactory"]), Task(forTarget: TargetA, ruleInfo: ["Gate", "target-TargetA-T-TargetA-21785--immediate"]), Task(forTarget: <none>, ruleInfo: ["Gate", "target-TargetA-T-TargetA-21785--Barrier-RegisterProduct"]), Task(forTarget: <none>, ruleInfo: ["Gate", "target-TargetB-T-TargetB-21793--Barrier-Validate"]), Task(forTarget: TargetB, ruleInfo: ["Copy", "/private/var/folders/xr/m5_5rlsd6l9fk2w4ngj13k6m0000gn/T/swbuild.tmp.Qwrkh9On/Data.noindex/Test/aProject/build/Debug/TargetB.framework/Versions/A/Modules/TargetB.swiftmodule/x86_64-apple-macos.swiftmodule", "/private/var/folders/xr/m5_5rlsd6l9fk2w4ngj13k6m0000gn/T/swbuild.tmp.Qwrkh9On/Data.noindex/Test/aProject/build/aProject.build/Debug/TargetB.build/Objects-normal/x86_64/TargetB.swiftmodule"]), Task(forTarget: TargetB, ruleInfo: ["WriteAuxiliaryFile", "/private/var/folders/xr/m5_5rlsd6l9fk2w4ngj13k6m0000gn/T/swbuild.tmp.Qwrkh9On/Data.noindex/Test/aProject/build/aProject.build/Debug/TargetB.build/TargetB-generated-files.hmap"]), Task(forTarget: TargetA, ruleInfo: ["Gate", "target-TargetA-T-TargetA-21785--begin-compiling"]), Task(forTarget: TargetA, ruleInfo: ["WriteAuxiliaryFile", "/private/var/folders/xr/m5_5rlsd6l9fk2w4ngj13k6m0000gn/T/swbuild.tmp.Qwrkh9On/Data.noindex/Test/aProject/build/aProject.build/Debug/TargetA.build/TargetA.hmap"]), Task(forTarget: TargetA, ruleInfo: ["SwiftEmitModule", "normal", "x86_64", "Emitting module for TargetA"]), Task(forTarget: TargetB, ruleInfo: ["Gate", "target-TargetB-T-TargetB-21793--begin-compiling"]), Task(forTarget: <none>, ruleInfo: ["Gate", "target-TargetB-T-TargetB-21793--SwiftPackageCopyFilesTaskProducer"]), Task(forTarget: <none>, ruleInfo: ["Gate", "target-TargetA-T-TargetA-21785--SanitizerTaskProducer"]), Task(forTarget: TargetA, ruleInfo: ["WriteAuxiliaryFile", "/private/var/folders/xr/m5_5rlsd6l9fk2w4ngj13k6m0000gn/T/swbuild.tmp.Qwrkh9On/Data.noindex/Test/aProject/build/aProject.build/Debug/TargetA.build/TargetA-own-target-headers.hmap"]), Task(forTarget: TargetA, ruleInfo: ["WriteAuxiliaryFile", "/private/var/folders/xr/m5_5rlsd6l9fk2w4ngj13k6m0000gn/T/swbuild.tmp.Qwrkh9On/Data.noindex/Test/aProject/build/aProject.build/Debug/TargetA.build/Objects-normal/x86_64/TargetA.LinkFileList"]), Task(forTarget: TargetA, ruleInfo: ["SwiftCompile", "normal", "x86_64", "Compiling fileA1.swift", "/private/var/folders/xr/m5_5rlsd6l9fk2w4ngj13k6m0000gn/T/swbuild.tmp.Qwrkh9On/Data.noindex/Test/aProject/Sources/fileA1.swift"])]
↳ Occasionally fails in CI due to SwiftExplicitDependencyCompileModuleFromInterface missing from the dependency graph
━ Test swiftEagerCompilationWithExplicitModules() recorded a known issue at SwiftDriverTests.swift:3577:55: Issue recorded
↳ Task Task(forTarget: TargetA, ruleInfo: ["SwiftCompile", "normal", "x86_64", "Compiling fileA1.swift", "/private/var/folders/xr/m5_5rlsd6l9fk2w4ngj13k6m0000gn/T/swbuild.tmp.Qwrkh9On/Data.noindex/Test/aProject/Sources/fileA1.swift"]) does not follow any tasks matching [Rule matches [SWBTestSupport.StringPattern.equal("SwiftExplicitDependencyCompileModuleFromInterface"), SWBTestSupport.StringPattern.equal("normal"), SWBTestSupport.StringPattern.equal("x86_64"), SWBTestSupport.StringPattern.contains("_StringProcessing-")]]. Found: [] in [Task(forTarget: TargetA, ruleInfo: ["Ld", "/private/var/folders/xr/m5_5rlsd6l9fk2w4ngj13k6m0000gn/T/swbuild.tmp.Qwrkh9On/Data.noindex/Test/aProject/build/Debug/TargetA.framework/Versions/A/TargetA", "normal"]), Task(forTarget: <none>, ruleInfo: ["Gate", "target-TargetA-T-TargetA-21785--Barrier-RegisterExecutionPolicyException"]), Task(forTarget: TargetA, ruleInfo: ["MkDir", "/private/var/folders/xr/m5_5rlsd6l9fk2w4ngj13k6m0000gn/T/swbuild.tmp.Qwrkh9On/Data.noindex/Test/aProject/build/Debug/TargetA.framework/Versions"]), Task(forTarget: TargetA, ruleInfo: ["SymLink", "/private/var/folders/xr/m5_5rlsd6l9fk2w4ngj13k6m0000gn/T/swbuild.tmp.Qwrkh9On/Data.noindex/Test/aProject/build/EagerLinkingTBDs/Debug/TargetA.framework/TargetA.tbd", "/private/var/folders/xr/m5_5rlsd6l9fk2w4ngj13k6m0000gn/T/swbuild.tmp.Qwrkh9On/Data.noindex/Test/aProject/build/EagerLinkingTBDs/Debug/TargetA.framework/Versions/A/TargetA.tbd"]), Task(forTarget: <none>, ruleInfo: ["Gate", "target-TargetB-T-TargetB-21793--GeneratedFilesTaskProducer"]), Task(forTarget: TargetA, ruleInfo: ["ExtractAppIntentsMetadata"]), Task(forTarget: TargetB, ruleInfo: ["MkDir", "/private/var/folders/xr/m5_5rlsd6l9fk2w4ngj13k6m0000gn/T/swbuild.tmp.Qwrkh9On/Data.noindex/Test/aProject/build/Debug/TargetB.framework/Versions/A/Headers"]), Task(forTarget: <none>, ruleInfo: ["Gate", "target-TargetA-T-TargetA-21785--Barrier-StripSymbols"]), Task(forTarget: TargetB, ruleInfo: ["SwiftDriver Compilation", "TargetB", "normal", "x86_64", "com.apple.xcode.tools.swift.compiler"]), Task(forTarget: TargetB, ruleInfo: ["WriteAuxiliaryFile", "/private/var/folders/xr/m5_5rlsd6l9fk2w4ngj13k6m0000gn/T/swbuild.tmp.Qwrkh9On/Data.noindex/Test/aProject/build/aProject.build/Debug/TargetB.build/Objects-normal/x86_64/TargetB.SwiftConstValuesFileList"]), Task(forTarget: <none>, ruleInfo: ["Gate", "target-TargetB-T-TargetB-21793--TAPISymbolExtractorTaskProducer"]), Task(forTarget: <none>, ruleInfo: ["Gate", "target-TargetB-T-TargetB-21793--swift-generated-headers"]), Task(forTarget: <none>, ruleInfo: ["Gate", "target-TargetB-T-TargetB-21793--ProductPostprocessingTaskProducer"]), Task(forTarget: <none>, ruleInfo: ["Gate", "target-TargetB-T-TargetB-21793--RealityAssetsTaskProducer"]), Task(forTarget: <none>, ruleInfo: ["Gate", "target-TargetA-T-TargetA-21785--Barrier-CopyAside"]), Task(forTarget: <none>, ruleInfo: ["SwiftExplicitDependencyGeneratePcm", "x86_64", "/private/var/folders/xr/m5_5rlsd6l9fk2w4ngj13k6m0000gn/T/swbuild.tmp.Qwrkh9On/Data.noindex/Test/aProject/build/SwiftExplicitPrecompiledModules/SwiftShims-E7NR5GGR9Z7GY7PSRPSK1C6L1.pcm"]), Task(forTarget: TargetA, ruleInfo: ["Copy", "/private/var/folders/xr/m5_5rlsd6l9fk2w4ngj13k6m0000gn/T/swbuild.tmp.Qwrkh9On/Data.noindex/Test/aProject/build/Debug/TargetA.framework/Versions/A/Modules/TargetA.swiftmodule/x86_64-apple-macos.swiftdoc", "/private/var/folders/xr/m5_5rlsd6l9fk2w4ngj13k6m0000gn/T/swbuild.tmp.Qwrkh9On/Data.noindex/Test/aProject/build/aProject.build/Debug/TargetA.build/Objects-normal/x86_64/TargetA.swiftdoc"]), Task(forTarget: TargetB, ruleInfo: ["Gate", "target-TargetB-T-TargetB-21793--begin-scanning"]), Task(forTarget: <none>, ruleInfo: ["Gate", "target-TargetB-T-TargetB-21793--ModuleVerifierTaskProducer"]), Task(forTarget: TargetA, ruleInfo: ["SymLink", "/private/var/folders/xr/m5_5rlsd6l9fk2w4ngj13k6m0000gn/T/swbuild.tmp.Qwrkh9On/Data.noindex/Test/aProject/build/Debug/TargetA.framework/Headers", "Versions/Current/Headers"]), Task(forTarget: TargetB, ruleInfo: ["SwiftCompile", "normal", "x86_64", "Compiling fileB2.swift", "/private/var/folders/xr/m5_5rlsd6l9fk2w4ngj13k6m0000gn/T/swbuild.tmp.Qwrkh9On/Data.noindex/Test/aProject/Sources/fileB2.swift"]), Task(forTarget: TargetB, ruleInfo: ["Gate", "target-TargetB-T-TargetB-21793--linker-inputs-ready"]), Task(forTarget: <none>, ruleInfo: ["Gate", "target-TargetA-T-TargetA-21785--Barrier-ChangePermissions"]), Task(forTarget: TargetA, ruleInfo: ["WriteAuxiliaryFile", "/private/var/folders/xr/m5_5rlsd6l9fk2w4ngj13k6m0000gn/T/swbuild.tmp.Qwrkh9On/Data.noindex/Test/aProject/build/aProject.build/Debug/TargetA.build/TargetA-all-target-headers.hmap"]), Task(forTarget: TargetA, ruleInfo: ["SwiftDriver Compilation Requirements", "TargetA", "normal", "x86_64", "com.apple.xcode.tools.swift.compiler"]), Task(forTarget: TargetA, ruleInfo: ["WriteAuxiliaryFile", "/private/var/folders/xr/m5_5rlsd6l9fk2w4ngj13k6m0000gn/T/swbuild.tmp.Qwrkh9On/Data.noindex/Test/aProject/build/aProject.build/Debug/TargetA.build/Objects-normal/x86_64/TargetA_const_extract_protocols.json"]), Task(forTarget: TargetA, ruleInfo: ["Gate", "target-TargetA-T-TargetA-21785--entry"]), Task(forTarget: TargetA, ruleInfo: ["WriteAuxiliaryFile", "/private/var/folders/xr/m5_5rlsd6l9fk2w4ngj13k6m0000gn/T/swbuild.tmp.Qwrkh9On/Data.noindex/Test/aProject/build/aProject.build/Debug/TargetA.build/TargetA.DependencyMetadataFileList"]), Task(forTarget: TargetA, ruleInfo: ["Copy", "/private/var/folders/xr/m5_5rlsd6l9fk2w4ngj13k6m0000gn/T/swbuild.tmp.Qwrkh9On/Data.noindex/Test/aProject/build/Debug/TargetA.framework/Versions/A/Modules/TargetA.swiftmodule/x86_64-apple-macos.swiftmodule", "/private/var/folders/xr/m5_5rlsd6l9fk2w4ngj13k6m0000gn/T/swbuild.tmp.Qwrkh9On/Data.noindex/Test/aProject/build/aProject.build/Debug/TargetA.build/Objects-normal/x86_64/TargetA.swiftmodule"]), Task(forTarget: <none>, ruleInfo: ["Gate", "target-TargetB-T-TargetB-21793--Barrier-RegisterProduct"]), Task(forTarget: TargetB, ruleInfo: ["SwiftDriver Compilation Requirements", "TargetB", "normal", "x86_64", "com.apple.xcode.tools.swift.compiler"]), Task(forTarget: <none>, ruleInfo: ["Gate", "target-TargetB-T-TargetB-21793--StubBinaryTaskProducer"]), Task(forTarget: TargetB, ruleInfo: ["Gate", "target-TargetB-T-TargetB-21793--entry"]), Task(forTarget: <none>, ruleInfo: ["SwiftExplicitDependencyCompileModuleFromInterface", "x86_64", "/private/var/folders/xr/m5_5rlsd6l9fk2w4ngj13k6m0000gn/T/swbuild.tmp.Qwrkh9On/Data.noindex/Test/aProject/build/SwiftExplicitPrecompiledModules/Swift-1039YR9EBE61.swiftmodule"]), Task(forTarget: <none>, ruleInfo: ["Gate", "target-TargetB-T-TargetB-21793--GenerateAppPlaygroundAssetCatalogTaskProducer"]), Task(forTarget: TargetB, ruleInfo: ["Gate", "target-TargetB-T-TargetB-21793--begin-linking"]), Task(forTarget: TargetA, ruleInfo: ["WriteAuxiliaryFile", "/private/var/folders/xr/m5_5rlsd6l9fk2w4ngj13k6m0000gn/T/swbuild.tmp.Qwrkh9On/Data.noindex/Test/aProject/build/aProject.build/Debug/TargetA.build/Objects-normal/x86_64/TargetA-OutputFileMap.json"]), Task(forTarget: TargetB, ruleInfo: ["WriteAuxiliaryFile", "/private/var/folders/xr/m5_5rlsd6l9fk2w4ngj13k6m0000gn/T/swbuild.tmp.Qwrkh9On/Data.noindex/Test/aProject/build/aProject.build/Debug/TargetB.build/TargetB.DependencyMetadataFileList"]), Task(forTarget: TargetB, ruleInfo: ["WriteAuxiliaryFile", "/private/var/folders/xr/m5_5rlsd6l9fk2w4ngj13k6m0000gn/T/swbuild.tmp.Qwrkh9On/Data.noindex/Test/aProject/build/aProject.build/Debug/TargetB.build/TargetB.hmap"]), Task(forTarget: <none>, ruleInfo: ["CreateBuildDirectory", "/private/var/folders/xr/m5_5rlsd6l9fk2w4ngj13k6m0000gn/T/swbuild.tmp.Qwrkh9On/Data.noindex/Test/aProject/build/SharedPrecompiledHeaders"]), Task(forTarget: TargetA, ruleInfo: ["Gate", "target-TargetA-T-TargetA-21785--unsigned-product-ready"]), Task(forTarget: TargetA, ruleInfo: ["Gate", "target-TargetA-T-TargetA-21785--will-sign"]), Task(forTarget: TargetB, ruleInfo: ["Copy", "/private/var/folders/xr/m5_5rlsd6l9fk2w4ngj13k6m0000gn/T/swbuild.tmp.Qwrkh9On/Data.noindex/Test/aProject/build/Debug/TargetB.framework/Versions/A/Modules/TargetB.swiftmodule/Project/x86_64-apple-macos.swiftsourceinfo", "/private/var/folders/xr/m5_5rlsd6l9fk2w4ngj13k6m0000gn/T/swbuild.tmp.Qwrkh9On/Data.noindex/Test/aProject/build/aProject.build/Debug/TargetB.build/Objects-normal/x86_64/TargetB.swiftsourceinfo"]), Task(forTarget: TargetA, ruleInfo: ["WriteAuxiliaryFile", "/private/var/folders/xr/m5_5rlsd6l9fk2w4ngj13k6m0000gn/T/swbuild.tmp.Qwrkh9On/Data.noindex/Test/aProject/build/aProject.build/Debug/TargetA.build/TargetA-generated-files.hmap"]), Task(forTarget: TargetA, ruleInfo: ["Gate", "target-TargetA-T-TargetA-21785--linker-inputs-ready"]), Task(forTarget: <none>, ruleInfo: ["Gate", "target-TargetB-T-TargetB-21793--Barrier-GenerateStubAPI"]), Task(forTarget: <none>, ruleInfo: ["Gate", "target-TargetA-T-TargetA-21785--ModuleVerifierTaskProducer"]), Task(forTarget: <none>, ruleInfo: ["Gate", "target-TargetB-T-TargetB-21793--SwiftFrameworkABICheckerTaskProducer"]), Task(forTarget: TargetB, ruleInfo: ["Gate", "target-TargetB-T-TargetB-21793--end"]), Task(forTarget: TargetB, ruleInfo: ["WriteAuxiliaryFile", "/private/var/folders/xr/m5_5rlsd6l9fk2w4ngj13k6m0000gn/T/swbuild.tmp.Qwrkh9On/Data.noindex/Test/aProject/build/aProject.build/Debug/TargetB.build/TargetB-all-target-headers.hmap"]), Task(forTarget: <none>, ruleInfo: ["SwiftExplicitDependencyGeneratePcm", "x86_64", "/private/var/folders/xr/m5_5rlsd6l9fk2w4ngj13k6m0000gn/T/swbuild.tmp.Qwrkh9On/Data.noindex/Test/aProject/build/SwiftExplicitPrecompiledModules/_SwiftConcurrencyShims-BUR8XM1R06AS02RWV63HPG1KR.pcm"]), Task(forTarget: <none>, ruleInfo: ["Gate", "target-TargetB-T-TargetB-21793--Barrier-ChangePermissions"]), Task(forTarget: <none>, ruleInfo: ["Gate", "target-TargetB-T-TargetB-21793--Barrier-CodeSign"]), Task(forTarget: TargetB, ruleInfo: ["Touch", "/private/var/folders/xr/m5_5rlsd6l9fk2w4ngj13k6m0000gn/T/swbuild.tmp.Qwrkh9On/Data.noindex/Test/aProject/build/Debug/TargetB.framework"]), Task(forTarget: <none>, ruleInfo: ["Gate", "target-TargetB-T-TargetB-21793--Barrier-StripSymbols"]), Task(forTarget: TargetB, ruleInfo: ["WriteAuxiliaryFile", "/private/var/folders/xr/m5_5rlsd6l9fk2w4ngj13k6m0000gn/T/swbuild.tmp.Qwrkh9On/Data.noindex/Test/aProject/build/aProject.build/Debug/TargetB.build/Objects-normal/x86_64/TargetB-OutputFileMap.json"]), Task(forTarget: TargetB, ruleInfo: ["GenerateTAPI", "/private/var/folders/xr/m5_5rlsd6l9fk2w4ngj13k6m0000gn/T/swbuild.tmp.Qwrkh9On/Data.noindex/Test/aProject/build/EagerLinkingTBDs/Debug/TargetB.framework/Versions/A/TargetB.tbd"]), Task(forTarget: TargetB, ruleInfo: ["SwiftEmitModule", "normal", "x86_64", "Emitting module for TargetB"]), Task(forTarget: TargetB, ruleInfo: ["MkDir", "/private/var/folders/xr/m5_5rlsd6l9fk2w4ngj13k6m0000gn/T/swbuild.tmp.Qwrkh9On/Data.noindex/Test/aProject/build/Debug/TargetB.framework/Versions"]), Task(forTarget: TargetA, ruleInfo: ["WriteAuxiliaryFile", "/private/var/folders/xr/m5_5rlsd6l9fk2w4ngj13k6m0000gn/T/swbuild.tmp.Qwrkh9On/Data.noindex/Test/aProject/build/aProject.build/Debug/TargetA.build/Objects-normal/x86_64/TargetA.SwiftFileList"]), Task(forTarget: TargetB, ruleInfo: ["ExtractAppIntentsMetadata"]), Task(forTarget: <none>, ruleInfo: ["Gate", "target-TargetB-T-TargetB-21793--ProductStructureTaskProducer"]), Task(forTarget: <none>, ruleInfo: ["Gate", "target-TargetB-T-TargetB-21793--HeadermapTaskProducer"]), Task(forTarget: <none>, ruleInfo: ["CreateBuildDirectory", "/private/var/folders/xr/m5_5rlsd6l9fk2w4ngj13k6m0000gn/T/swbuild.tmp.Qwrkh9On/Data.noindex/Test/aProject/build/Debug"]), Task(forTarget: TargetA, ruleInfo: ["WriteAuxiliaryFile", "/private/var/folders/xr/m5_5rlsd6l9fk2w4ngj13k6m0000gn/T/swbuild.tmp.Qwrkh9On/Data.noindex/Test/aProject/build/aProject.build/Debug/TargetA.build/TargetA.DependencyStaticMetadataFileList"]), Task(forTarget: <none>, ruleInfo: ["Gate", "target-TargetB-T-TargetB-21793--ExtensionPointExtractorTaskProducer"]), Task(forTarget: <none>, ruleInfo: ["Gate", "target-TargetB-T-TargetB-21793--SwiftStandardLibrariesTaskProducer"]), Task(forTarget: TargetA, ruleInfo: ["Copy", "/private/var/folders/xr/m5_5rlsd6l9fk2w4ngj13k6m0000gn/T/swbuild.tmp.Qwrkh9On/Data.noindex/Test/aProject/build/Debug/TargetA.framework/Versions/A/Modules/TargetA.swiftmodule/x86_64-apple-macos.abi.json", "/private/var/folders/xr/m5_5rlsd6l9fk2w4ngj13k6m0000gn/T/swbuild.tmp.Qwrkh9On/Data.noindex/Test/aProject/build/aProject.build/Debug/TargetA.build/Objects-normal/x86_64/TargetA.abi.json"]), Task(forTarget: <none>, ruleInfo: ["CreateBuildDirectory", "/private/var/folders/xr/m5_5rlsd6l9fk2w4ngj13k6m0000gn/T/swbuild.tmp.Qwrkh9On/Data.noindex/Test/aProject/build/ExplicitPrecompiledModules"]), Task(forTarget: TargetB, ruleInfo: ["Gate", "target-TargetB-T-TargetB-21793--immediate"]), Task(forTarget: <none>, ruleInfo: ["Gate", "target-TargetA-T-TargetA-21785--AppExtensionInfoPlistGeneratorTaskProducer"]), Task(forTarget: TargetB, ruleInfo: ["SymLink", "/private/var/folders/xr/m5_5rlsd6l9fk2w4ngj13k6m0000gn/T/swbuild.tmp.Qwrkh9On/Data.noindex/Test/aProject/build/Debug/TargetB.framework/Modules", "Versions/Current/Modules"]), Task(forTarget: <none>, ruleInfo: ["Gate", "target-TargetA-T-TargetA-21785--swift-generated-headers"]), Task(forTarget: <none>, ruleInfo: ["Gate", "target-TargetB-T-TargetB-21793--InfoPlistTaskProducer"]), Task(forTarget: <none>, ruleInfo: ["Gate", "target-TargetB-T-TargetB-21793--AppExtensionInfoPlistGeneratorTaskProducer"]), Task(forTarget: TargetB, ruleInfo: ["SwiftDriver", "TargetB", "normal", "x86_64", "com.apple.xcode.tools.swift.compiler"]), Task(forTarget: <none>, ruleInfo: ["Gate", "target-TargetA-T-TargetA-21785--CopySwiftPackageResourcesTaskProducer"]), Task(forTarget: <none>, ruleInfo: ["Gate", "target-TargetA-T-TargetA-21785--ProductStructureTaskProducer"]), Task(forTarget: TargetA, ruleInfo: ["SymLink", "/private/var/folders/xr/m5_5rlsd6l9fk2w4ngj13k6m0000gn/T/swbuild.tmp.Qwrkh9On/Data.noindex/Test/aProject/build/Debug/TargetA.framework/Versions/Current", "A"]), Task(forTarget: TargetA, ruleInfo: ["SwiftMergeGeneratedHeaders", "/private/var/folders/xr/m5_5rlsd6l9fk2w4ngj13k6m0000gn/T/swbuild.tmp.Qwrkh9On/Data.noindex/Test/aProject/build/Debug/TargetA.framework/Versions/A/Headers/TargetA-Swift.h", "/private/var/folders/xr/m5_5rlsd6l9fk2w4ngj13k6m0000gn/T/swbuild.tmp.Qwrkh9On/Data.noindex/Test/aProject/build/aProject.build/Debug/TargetA.build/Objects-normal/x86_64/TargetA-Swift.h"]), Task(forTarget: <none>, ruleInfo: ["Gate", "target-TargetA-T-TargetA-21785--ProductPostprocessingTaskProducer"]), Task(forTarget: TargetB, ruleInfo: ["Copy", "/private/var/folders/xr/m5_5rlsd6l9fk2w4ngj13k6m0000gn/T/swbuild.tmp.Qwrkh9On/Data.noindex/Test/aProject/build/Debug/TargetB.framework/Versions/A/Modules/TargetB.swiftmodule/x86_64-apple-macos.swiftdoc", "/private/var/folders/xr/m5_5rlsd6l9fk2w4ngj13k6m0000gn/T/swbuild.tmp.Qwrkh9On/Data.noindex/Test/aProject/build/aProject.build/Debug/TargetB.build/Objects-normal/x86_64/TargetB.swiftdoc"]), Task(forTarget: <none>, ruleInfo: ["Gate", "target-TargetA-T-TargetA-21785--DocumentationTaskProducer"]), Task(forTarget: TargetB, ruleInfo: ["SymLink", "/private/var/folders/xr/m5_5rlsd6l9fk2w4ngj13k6m0000gn/T/swbuild.tmp.Qwrkh9On/Data.noindex/Test/aProject/build/Debug/TargetB.framework/Versions/Current", "A"]), Task(forTarget: <none>, ruleInfo: ["Gate", "target-TargetA-T-TargetA-21785--InfoPlistTaskProducer"]), Task(forTarget: <none>, ruleInfo: ["CreateBuildDirectory", "/private/var/folders/xr/m5_5rlsd6l9fk2w4ngj13k6m0000gn/T/swbuild.tmp.Qwrkh9On/Data.noindex/Test/aProject/build"]), Task(forTarget: <none>, ruleInfo: ["Gate", "target-TargetA-T-TargetA-21785--SwiftABIBaselineGenerationTaskProducer"]), Task(forTarget: TargetA, ruleInfo: ["SwiftDriver Compilation", "TargetA", "normal", "x86_64", "com.apple.xcode.tools.swift.compiler"]), Task(forTarget: TargetB, ruleInfo: ["SwiftMergeGeneratedHeaders", "/private/var/folders/xr/m5_5rlsd6l9fk2w4ngj13k6m0000gn/T/swbuild.tmp.Qwrkh9On/Data.noindex/Test/aProject/build/Debug/TargetB.framework/Versions/A/Headers/TargetB-Swift.h", "/private/var/folders/xr/m5_5rlsd6l9fk2w4ngj13k6m0000gn/T/swbuild.tmp.Qwrkh9On/Data.noindex/Test/aProject/build/aProject.build/Debug/TargetB.build/Objects-normal/x86_64/TargetB-Swift.h"]), Task(forTarget: TargetB, ruleInfo: ["Ld", "/private/var/folders/xr/m5_5rlsd6l9fk2w4ngj13k6m0000gn/T/swbuild.tmp.Qwrkh9On/Data.noindex/Test/aProject/build/Debug/TargetB.framework/Versions/A/TargetB", "normal"]), Task(forTarget: TargetB, ruleInfo: ["WriteAuxiliaryFile", "/private/var/folders/xr/m5_5rlsd6l9fk2w4ngj13k6m0000gn/T/swbuild.tmp.Qwrkh9On/Data.noindex/Test/aProject/build/aProject.build/Debug/TargetB.build/TargetB-all-non-framework-target-headers.hmap"]), Task(forTarget: <none>, ruleInfo: ["Gate", "target-TargetA-T-TargetA-21785--TAPISymbolExtractorTaskProducer"]), Task(forTarget: <none>, ruleInfo: ["SwiftExplicitDependencyCompileModuleFromInterface", "x86_64", "/private/var/folders/xr/m5_5rlsd6l9fk2w4ngj13k6m0000gn/T/swbuild.tmp.Qwrkh9On/Data.noindex/Test/aProject/build/SwiftExplicitPrecompiledModules/_Concurrency-2W8LU3DF58RLX.swiftmodule"]), Task(forTarget: <none>, ruleInfo: ["Gate", "target-TargetB-T-TargetB-21793--Barrier-ChangeAlternatePermissions"]), Task(forTarget: <none>, ruleInfo: ["Gate", "target-TargetA-T-TargetA-21785--SwiftPackageCopyFilesTaskProducer"]), Task(forTarget: <none>, ruleInfo: ["Gate", "target-TargetA-T-TargetA-21785--copy-headers-completion"]), Task(forTarget: <none>, ruleInfo: ["Gate", "WorkspaceHeaderMapVFSFilesWritten"]), Task(forTarget: TargetA, ruleInfo: ["Gate", "target-TargetA-T-TargetA-21785--modules-ready"]), Task(forTarget: <none>, ruleInfo: ["Gate", "target-TargetB-T-TargetB-21793--SanitizerTaskProducer"]), Task(forTarget: <none>, ruleInfo: ["Gate", "target-TargetA-T-TargetA-21785--Barrier-ChangeAlternatePermissions"]), Task(forTarget: TargetB, ruleInfo: ["SymLink", "/private/var/folders/xr/m5_5rlsd6l9fk2w4ngj13k6m0000gn/T/swbuild.tmp.Qwrkh9On/Data.noindex/Test/aProject/build/Debug/TargetB.framework/Headers", "Versions/Current/Headers"]), Task(forTarget: <none>, ruleInfo: ["CreateBuildDirectory", "/var/folders/xr/m5_5rlsd6l9fk2w4ngj13k6m0000gn/C/com.apple.DeveloperTools/26.4.1-17E202/Xcode/CompilationCache.noindex"]), Task(forTarget: <none>, ruleInfo: ["Gate", "target-TargetA-T-TargetA-21785--CustomTaskProducer"]), Task(forTarget: <none>, ruleInfo: ["Gate", "target-TargetA-T-TargetA-21785--AppIntentsMetadataTaskProducer"]), Task(forTarget: TargetB, ruleInfo: ["Copy", "/private/var/folders/xr/m5_5rlsd6l9fk2w4ngj13k6m0000gn/T/swbuild.tmp.Qwrkh9On/Data.noindex/Test/aProject/build/Debug/TargetB.framework/Versions/A/Modules/TargetB.swiftmodule/x86_64-apple-macos.abi.json", "/private/var/folders/xr/m5_5rlsd6l9fk2w4ngj13k6m0000gn/T/swbuild.tmp.Qwrkh9On/Data.noindex/Test/aProject/build/aProject.build/Debug/TargetB.build/Objects-normal/x86_64/TargetB.abi.json"]), Task(forTarget: <none>, ruleInfo: ["Gate", "target-TargetA-T-TargetA-21785--TestHostTaskProducer"]), Task(forTarget: TargetB, ruleInfo: ["WriteAuxiliaryFile", "/private/var/folders/xr/m5_5rlsd6l9fk2w4ngj13k6m0000gn/T/swbuild.tmp.Qwrkh9On/Data.noindex/Test/aProject/build/aProject.build/Debug/TargetB.build/Objects-normal/x86_64/TargetB.LinkFileList"]), Task(forTarget: <none>, ruleInfo: ["Gate", "target-TargetA-T-TargetA-21785--TestTargetPostprocessingTaskProducer"]), Task(forTarget: <none>, ruleInfo: ["Gate", "target-TargetA-T-TargetA-21785--Barrier-GenerateStubAPI"]), Task(forTarget: TargetB, ruleInfo: ["Gate", "target-TargetB-T-TargetB-21793--will-sign"]), Task(forTarget: <none>, ruleInfo: ["Gate", "target-TargetA-T-TargetA-21785--generated-headers"]), Task(forTarget: <none>, ruleInfo: ["Gate", "target-TargetB-T-TargetB-21793--Barrier-RegisterExecutionPolicyException"]), Task(forTarget: TargetB, ruleInfo: ["SymLink", "/private/var/folders/xr/m5_5rlsd6l9fk2w4ngj13k6m0000gn/T/swbuild.tmp.Qwrkh9On/Data.noindex/Test/aProject/build/EagerLinkingTBDs/Debug/TargetB.framework/TargetB.tbd", "/private/var/folders/xr/m5_5rlsd6l9fk2w4ngj13k6m0000gn/T/swbuild.tmp.Qwrkh9On/Data.noindex/Test/aProject/build/EagerLinkingTBDs/Debug/TargetB.framework/Versions/A/TargetB.tbd"]), Task(forTarget: TargetB, ruleInfo: ["WriteAuxiliaryFile", "/private/var/folders/xr/m5_5rlsd6l9fk2w4ngj13k6m0000gn/T/swbuild.tmp.Qwrkh9On/Data.noindex/Test/aProject/build/aProject.build/Debug/TargetB.build/TargetB-own-target-headers.hmap"]), Task(forTarget: TargetB, ruleInfo: ["WriteAuxiliaryFile", "/private/var/folders/xr/m5_5rlsd6l9fk2w4ngj13k6m0000gn/T/swbuild.tmp.Qwrkh9On/Data.noindex/Test/aProject/build/aProject.build/Debug/TargetB.build/TargetB-project-headers.hmap"]), Task(forTarget: <none>, ruleInfo: ["Gate", "target-TargetB-T-TargetB-21793--DocumentationTaskProducer"]), Task(forTarget: <none>, ruleInfo: ["Gate", "target-TargetA-T-TargetA-21785--TestEntryPointTaskProducerFactory"]), Task(forTarget: <none>, ruleInfo: ["Gate", "target-TargetA-T-TargetA-21785--TestTargetTaskProducer"]), Task(forTarget: TargetA, ruleInfo: ["Touch", "/private/var/folders/xr/m5_5rlsd6l9fk2w4ngj13k6m0000gn/T/swbuild.tmp.Qwrkh9On/Data.noindex/Test/aProject/build/Debug/TargetA.framework"]), Task(forTarget: <none>, ruleInfo: ["Gate", "target-TargetA-T-TargetA-21785--HeadermapTaskProducer"]), Task(forTarget: <none>, ruleInfo: ["Gate", "target-TargetB-T-TargetB-21793--fused-phase0-compile-sources&link-binary"]), Task(forTarget: TargetB, ruleInfo: ["WriteAuxiliaryFile", "/private/var/folders/xr/m5_5rlsd6l9fk2w4ngj13k6m0000gn/T/swbuild.tmp.Qwrkh9On/Data.noindex/Test/aProject/build/aProject.build/Debug/TargetB.build/TargetB.DependencyStaticMetadataFileList"]), Task(forTarget: <none>, ruleInfo: ["Gate", "target-TargetB-T-TargetB-21793--TestTargetTaskProducer"]), Task(forTarget: <none>, ruleInfo: ["Gate", "target-TargetA-T-TargetA-21785--RealityAssetsTaskProducer"]), Task(forTarget: <none>, ruleInfo: ["Gate", "target-TargetB-T-TargetB-21793--CustomTaskProducer"]), Task(forTarget: TargetB, ruleInfo: ["RegisterExecutionPolicyException", "/private/var/folders/xr/m5_5rlsd6l9fk2w4ngj13k6m0000gn/T/swbuild.tmp.Qwrkh9On/Data.noindex/Test/aProject/build/Debug/TargetB.framework"]), Task(forTarget: TargetA, ruleInfo: ["WriteAuxiliaryFile", "/private/var/folders/xr/m5_5rlsd6l9fk2w4ngj13k6m0000gn/T/swbuild.tmp.Qwrkh9On/Data.noindex/Test/aProject/build/aProject.build/Debug/TargetA.build/TargetA-all-non-framework-target-headers.hmap"]), Task(forTarget: TargetB, ruleInfo: ["SwiftCompile", "normal", "x86_64", "Compiling fileB1.swift", "/private/var/folders/xr/m5_5rlsd6l9fk2w4ngj13k6m0000gn/T/swbuild.tmp.Qwrkh9On/Data.noindex/Test/aProject/Sources/fileB1.swift"]), Task(forTarget: <none>, ruleInfo: ["Gate", "target-TargetA-T-TargetA-21785--Barrier-CodeSign"]), Task(forTarget: <none>, ruleInfo: ["Gate", "target-TargetB-T-TargetB-21793--AppIntentsMetadataTaskProducer"]), Task(forTarget: TargetB, ruleInfo: ["Gate", "target-TargetB-T-TargetB-21793--unsigned-product-ready"]), Task(forTarget: TargetA, ruleInfo: ["SwiftDriver", "TargetA", "normal", "x86_64", "com.apple.xcode.tools.swift.compiler"]), Task(forTarget: TargetA, ruleInfo: ["Gate", "target-TargetA-T-TargetA-21785--end"]), Task(forTarget: TargetA, ruleInfo: ["Gate", "target-TargetA-T-TargetA-21785--begin-scanning"]), Task(forTarget: TargetB, ruleInfo: ["WriteAuxiliaryFile", "/private/var/folders/xr/m5_5rlsd6l9fk2w4ngj13k6m0000gn/T/swbuild.tmp.Qwrkh9On/Data.noindex/Test/aProject/build/aProject.build/Debug/TargetB.build/Objects-normal/x86_64/TargetB_const_extract_protocols.json"]), Task(forTarget: <none>, ruleInfo: ["Gate", "target-TargetA-T-TargetA-21785--StubBinaryTaskProducer"]), Task(forTarget: TargetB, ruleInfo: ["MkDir", "/private/var/folders/xr/m5_5rlsd6l9fk2w4ngj13k6m0000gn/T/swbuild.tmp.Qwrkh9On/Data.noindex/Test/aProject/build/Debug/TargetB.framework/Versions/A"]), Task(forTarget: TargetA, ruleInfo: ["SwiftCompile", "normal", "x86_64", "Compiling fileA2.swift", "/private/var/folders/xr/m5_5rlsd6l9fk2w4ngj13k6m0000gn/T/swbuild.tmp.Qwrkh9On/Data.noindex/Test/aProject/Sources/fileA2.swift"]), Task(forTarget: <none>, ruleInfo: ["Gate", "target-TargetA-T-TargetA-21785--fused-phase0-compile-sources"]), Task(forTarget: <none>, ruleInfo: ["Gate", "target-TargetA-T-TargetA-21785--ModuleMapTaskProducer"]), Task(forTarget: <none>, ruleInfo: ["Gate", "target-TargetA-T-TargetA-21785--GeneratedFilesTaskProducer"]), Task(forTarget: <none>, ruleInfo: ["Gate", "target-TargetA-T-TargetA-21785--SwiftStandardLibrariesTaskProducer"]), Task(forTarget: TargetA, ruleInfo: ["GenerateTAPI", "/private/var/folders/xr/m5_5rlsd6l9fk2w4ngj13k6m0000gn/T/swbuild.tmp.Qwrkh9On/Data.noindex/Test/aProject/build/EagerLinkingTBDs/Debug/TargetA.framework/Versions/A/TargetA.tbd"]), Task(forTarget: <none>, ruleInfo: ["Gate", "target-TargetA-T-TargetA-21785--Barrier-Validate"]), Task(forTarget: TargetB, ruleInfo: ["WriteAuxiliaryFile", "/private/var/folders/xr/m5_5rlsd6l9fk2w4ngj13k6m0000gn/T/swbuild.tmp.Qwrkh9On/Data.noindex/Test/aProject/build/aProject.build/Debug/TargetB.build/Objects-normal/x86_64/TargetB.SwiftFileList"]), Task(forTarget: TargetA, ruleInfo: ["MkDir", "/private/var/folders/xr/m5_5rlsd6l9fk2w4ngj13k6m0000gn/T/swbuild.tmp.Qwrkh9On/Data.noindex/Test/aProject/build/Debug/TargetA.framework"]), Task(forTarget: <none>, ruleInfo: ["Gate", "target-TargetA-T-TargetA-21785--ExtensionPointExtractorTaskProducer"]), Task(forTarget: TargetA, ruleInfo: ["SymLink", "/private/var/folders/xr/m5_5rlsd6l9fk2w4ngj13k6m0000gn/T/swbuild.tmp.Qwrkh9On/Data.noindex/Test/aProject/build/Debug/TargetA.framework/TargetA", "Versions/Current/TargetA"]), Task(forTarget: TargetA, ruleInfo: ["MkDir", "/private/var/folders/xr/m5_5rlsd6l9fk2w4ngj13k6m0000gn/T/swbuild.tmp.Qwrkh9On/Data.noindex/Test/aProject/build/Debug/TargetA.framework/Versions/A"]), Task(forTarget: <none>, ruleInfo: ["Gate", "target-TargetB-T-TargetB-21793--generated-headers"]), Task(forTarget: <none>, ruleInfo: ["Gate", "target-TargetA-T-TargetA-21785--SwiftFrameworkABICheckerTaskProducer"]), Task(forTarget: TargetB, ruleInfo: ["Gate", "target-TargetB-T-TargetB-21793--modules-ready"]), Task(forTarget: <none>, ruleInfo: ["ClangStatCache", "/Applications/Xcode17E.app/Contents/Developer/Toolchains/XcodeDefault.xctoolchain/usr/bin/clang-stat-cache", "/Applications/Xcode17E.app/Contents/Developer/Platforms/MacOSX.platform/Developer/SDKs/MacOSX26.4.sdk", "/private/var/folders/xr/m5_5rlsd6l9fk2w4ngj13k6m0000gn/T/swbuild.tmp.Qwrkh9On/Data.noindex/Test/SDKStatCaches.noindex/macosx26.4-25E260-95aa6cf8f3effd57bda17e0c125410c0.sdkstatcache"]), Task(forTarget: TargetB, ruleInfo: ["SymLink", "/private/var/folders/xr/m5_5rlsd6l9fk2w4ngj13k6m0000gn/T/swbuild.tmp.Qwrkh9On/Data.noindex/Test/aProject/build/Debug/TargetB.framework/TargetB", "Versions/Current/TargetB"]), Task(forTarget: TargetA, ruleInfo: ["MkDir", "/private/var/folders/xr/m5_5rlsd6l9fk2w4ngj13k6m0000gn/T/swbuild.tmp.Qwrkh9On/Data.noindex/Test/aProject/build/Debug/TargetA.framework/Versions/A/Headers"]), Task(forTarget: <none>, ruleInfo: ["Gate", "target-TargetB-T-TargetB-21793--TestHostTaskProducer"]), Task(forTarget: TargetA, ruleInfo: ["Gate", "target-TargetA-T-TargetA-21785--begin-linking"]), Task(forTarget: <none>, ruleInfo: ["Gate", "target-TargetB-T-TargetB-21793--ModuleMapTaskProducer"]), Task(forTarget: <none>, ruleInfo: ["CreateBuildDirectory", "/private/var/folders/xr/m5_5rlsd6l9fk2w4ngj13k6m0000gn/T/swbuild.tmp.Qwrkh9On/Data.noindex/Test/aProject/build/SwiftExplicitPrecompiledModules"]), Task(forTarget: <none>, ruleInfo: ["Gate", "target-TargetB-T-TargetB-21793--SwiftABIBaselineGenerationTaskProducer"]), Task(forTarget: <none>, ruleInfo: ["Gate", "target-TargetB-T-TargetB-21793--TestTargetPostprocessingTaskProducer"]), Task(forTarget: <none>, ruleInfo: ["CreateBuildDirectory", "/private/var/folders/xr/m5_5rlsd6l9fk2w4ngj13k6m0000gn/T/swbuild.tmp.Qwrkh9On/Data.noindex/Test/aProject/build/EagerLinkingTBDs/Debug"]), Task(forTarget: TargetA, ruleInfo: ["WriteAuxiliaryFile", "/private/var/folders/xr/m5_5rlsd6l9fk2w4ngj13k6m0000gn/T/swbuild.tmp.Qwrkh9On/Data.noindex/Test/aProject/build/aProject.build/Debug/TargetA.build/Objects-normal/x86_64/TargetA.SwiftConstValuesFileList"]), Task(forTarget: <none>, ruleInfo: ["Gate", "target-TargetA-T-TargetA-21785--GenerateAppPlaygroundAssetCatalogTaskProducer"]), Task(forTarget: <none>, ruleInfo: ["WriteAuxiliaryFile", "/private/var/folders/xr/m5_5rlsd6l9fk2w4ngj13k6m0000gn/T/swbuild.tmp.Qwrkh9On/Data.noindex/Test/aProject/build/aProject.build/Debug/aProject-P21796-VFS/all-product-headers.yaml"]), Task(forTarget: <none>, ruleInfo: ["Gate", "target-TargetB-T-TargetB-21793--CopySwiftPackageResourcesTaskProducer"]), Task(forTarget: <none>, ruleInfo: ["Gate", "target-TargetB-T-TargetB-21793--Barrier-CopyAside"]), Task(forTarget: TargetA, ruleInfo: ["WriteAuxiliaryFile", "/private/var/folders/xr/m5_5rlsd6l9fk2w4ngj13k6m0000gn/T/swbuild.tmp.Qwrkh9On/Data.noindex/Test/aProject/build/aProject.build/Debug/TargetA.build/TargetA-project-headers.hmap"]), Task(forTarget: TargetB, ruleInfo: ["MkDir", "/private/var/folders/xr/m5_5rlsd6l9fk2w4ngj13k6m0000gn/T/swbuild.tmp.Qwrkh9On/Data.noindex/Test/aProject/build/Debug/TargetB.framework"]), Task(forTarget: TargetA, ruleInfo: ["SymLink", "/private/var/folders/xr/m5_5rlsd6l9fk2w4ngj13k6m0000gn/T/swbuild.tmp.Qwrkh9On/Data.noindex/Test/aProject/build/Debug/TargetA.framework/Modules", "Versions/Current/Modules"]), Task(forTarget: <none>, ruleInfo: ["SwiftExplicitDependencyCompileModuleFromInterface", "x86_64", "/private/var/folders/xr/m5_5rlsd6l9fk2w4ngj13k6m0000gn/T/swbuild.tmp.Qwrkh9On/Data.noindex/Test/aProject/build/SwiftExplicitPrecompiledModules/_StringProcessing-13GX4EAKQZW8B.swiftmodule"]), Task(forTarget: TargetA, ruleInfo: ["RegisterExecutionPolicyException", "/private/var/folders/xr/m5_5rlsd6l9fk2w4ngj13k6m0000gn/T/swbuild.tmp.Qwrkh9On/Data.noindex/Test/aProject/build/Debug/TargetA.framework"]), Task(forTarget: TargetA, ruleInfo: ["Copy", "/private/var/folders/xr/m5_5rlsd6l9fk2w4ngj13k6m0000gn/T/swbuild.tmp.Qwrkh9On/Data.noindex/Test/aProject/build/Debug/TargetA.framework/Versions/A/Modules/TargetA.swiftmodule/Project/x86_64-apple-macos.swiftsourceinfo", "/private/var/folders/xr/m5_5rlsd6l9fk2w4ngj13k6m0000gn/T/swbuild.tmp.Qwrkh9On/Data.noindex/Test/aProject/build/aProject.build/Debug/TargetA.build/Objects-normal/x86_64/TargetA.swiftsourceinfo"]), Task(forTarget: <none>, ruleInfo: ["Gate", "target-TargetB-T-TargetB-21793--copy-headers-completion"]), Task(forTarget: <none>, ruleInfo: ["Gate", "target-TargetB-T-TargetB-21793--TestEntryPointTaskProducerFactory"]), Task(forTarget: TargetA, ruleInfo: ["Gate", "target-TargetA-T-TargetA-21785--immediate"]), Task(forTarget: <none>, ruleInfo: ["Gate", "target-TargetA-T-TargetA-21785--Barrier-RegisterProduct"]), Task(forTarget: <none>, ruleInfo: ["Gate", "target-TargetB-T-TargetB-21793--Barrier-Validate"]), Task(forTarget: TargetB, ruleInfo: ["Copy", "/private/var/folders/xr/m5_5rlsd6l9fk2w4ngj13k6m0000gn/T/swbuild.tmp.Qwrkh9On/Data.noindex/Test/aProject/build/Debug/TargetB.framework/Versions/A/Modules/TargetB.swiftmodule/x86_64-apple-macos.swiftmodule", "/private/var/folders/xr/m5_5rlsd6l9fk2w4ngj13k6m0000gn/T/swbuild.tmp.Qwrkh9On/Data.noindex/Test/aProject/build/aProject.build/Debug/TargetB.build/Objects-normal/x86_64/TargetB.swiftmodule"]), Task(forTarget: TargetB, ruleInfo: ["WriteAuxiliaryFile", "/private/var/folders/xr/m5_5rlsd6l9fk2w4ngj13k6m0000gn/T/swbuild.tmp.Qwrkh9On/Data.noindex/Test/aProject/build/aProject.build/Debug/TargetB.build/TargetB-generated-files.hmap"]), Task(forTarget: TargetA, ruleInfo: ["Gate", "target-TargetA-T-TargetA-21785--begin-compiling"]), Task(forTarget: TargetA, ruleInfo: ["WriteAuxiliaryFile", "/private/var/folders/xr/m5_5rlsd6l9fk2w4ngj13k6m0000gn/T/swbuild.tmp.Qwrkh9On/Data.noindex/Test/aProject/build/aProject.build/Debug/TargetA.build/TargetA.hmap"]), Task(forTarget: TargetA, ruleInfo: ["SwiftEmitModule", "normal", "x86_64", "Emitting module for TargetA"]), Task(forTarget: TargetB, ruleInfo: ["Gate", "target-TargetB-T-TargetB-21793--begin-compiling"]), Task(forTarget: <none>, ruleInfo: ["Gate", "target-TargetB-T-TargetB-21793--SwiftPackageCopyFilesTaskProducer"]), Task(forTarget: <none>, ruleInfo: ["Gate", "target-TargetA-T-TargetA-21785--SanitizerTaskProducer"]), Task(forTarget: TargetA, ruleInfo: ["WriteAuxiliaryFile", "/private/var/folders/xr/m5_5rlsd6l9fk2w4ngj13k6m0000gn/T/swbuild.tmp.Qwrkh9On/Data.noindex/Test/aProject/build/aProject.build/Debug/TargetA.build/TargetA-own-target-headers.hmap"]), Task(forTarget: TargetA, ruleInfo: ["WriteAuxiliaryFile", "/private/var/folders/xr/m5_5rlsd6l9fk2w4ngj13k6m0000gn/T/swbuild.tmp.Qwrkh9On/Data.noindex/Test/aProject/build/aProject.build/Debug/TargetA.build/Objects-normal/x86_64/TargetA.LinkFileList"]), Task(forTarget: TargetA, ruleInfo: ["SwiftCompile", "normal", "x86_64", "Compiling fileA1.swift", "/private/var/folders/xr/m5_5rlsd6l9fk2w4ngj13k6m0000gn/T/swbuild.tmp.Qwrkh9On/Data.noindex/Test/aProject/Sources/fileA1.swift"])]
↳ Occasionally fails in CI due to SwiftExplicitDependencyCompileModuleFromInterface missing from the dependency graph
━ Test swiftEagerCompilationWithExplicitModules() recorded a known issue at SwiftDriverTests.swift:3578:55: Issue recorded
↳ Task Task(forTarget: TargetA, ruleInfo: ["SwiftCompile", "normal", "x86_64", "Compiling fileA1.swift", "/private/var/folders/xr/m5_5rlsd6l9fk2w4ngj13k6m0000gn/T/swbuild.tmp.Qwrkh9On/Data.noindex/Test/aProject/Sources/fileA1.swift"]) does not follow any tasks matching [Rule matches [SWBTestSupport.StringPattern.equal("SwiftExplicitDependencyGeneratePcm"), SWBTestSupport.StringPattern.equal("normal"), SWBTestSupport.StringPattern.equal("x86_64"), SWBTestSupport.StringPattern.contains("_SwiftConcurrencyShims-")]]. Found: [] in [Task(forTarget: TargetA, ruleInfo: ["Ld", "/private/var/folders/xr/m5_5rlsd6l9fk2w4ngj13k6m0000gn/T/swbuild.tmp.Qwrkh9On/Data.noindex/Test/aProject/build/Debug/TargetA.framework/Versions/A/TargetA", "normal"]), Task(forTarget: <none>, ruleInfo: ["Gate", "target-TargetA-T-TargetA-21785--Barrier-RegisterExecutionPolicyException"]), Task(forTarget: TargetA, ruleInfo: ["MkDir", "/private/var/folders/xr/m5_5rlsd6l9fk2w4ngj13k6m0000gn/T/swbuild.tmp.Qwrkh9On/Data.noindex/Test/aProject/build/Debug/TargetA.framework/Versions"]), Task(forTarget: TargetA, ruleInfo: ["SymLink", "/private/var/folders/xr/m5_5rlsd6l9fk2w4ngj13k6m0000gn/T/swbuild.tmp.Qwrkh9On/Data.noindex/Test/aProject/build/EagerLinkingTBDs/Debug/TargetA.framework/TargetA.tbd", "/private/var/folders/xr/m5_5rlsd6l9fk2w4ngj13k6m0000gn/T/swbuild.tmp.Qwrkh9On/Data.noindex/Test/aProject/build/EagerLinkingTBDs/Debug/TargetA.framework/Versions/A/TargetA.tbd"]), Task(forTarget: <none>, ruleInfo: ["Gate", "target-TargetB-T-TargetB-21793--GeneratedFilesTaskProducer"]), Task(forTarget: TargetA, ruleInfo: ["ExtractAppIntentsMetadata"]), Task(forTarget: TargetB, ruleInfo: ["MkDir", "/private/var/folders/xr/m5_5rlsd6l9fk2w4ngj13k6m0000gn/T/swbuild.tmp.Qwrkh9On/Data.noindex/Test/aProject/build/Debug/TargetB.framework/Versions/A/Headers"]), Task(forTarget: <none>, ruleInfo: ["Gate", "target-TargetA-T-TargetA-21785--Barrier-StripSymbols"]), Task(forTarget: TargetB, ruleInfo: ["SwiftDriver Compilation", "TargetB", "normal", "x86_64", "com.apple.xcode.tools.swift.compiler"]), Task(forTarget: TargetB, ruleInfo: ["WriteAuxiliaryFile", "/private/var/folders/xr/m5_5rlsd6l9fk2w4ngj13k6m0000gn/T/swbuild.tmp.Qwrkh9On/Data.noindex/Test/aProject/build/aProject.build/Debug/TargetB.build/Objects-normal/x86_64/TargetB.SwiftConstValuesFileList"]), Task(forTarget: <none>, ruleInfo: ["Gate", "target-TargetB-T-TargetB-21793--TAPISymbolExtractorTaskProducer"]), Task(forTarget: <none>, ruleInfo: ["Gate", "target-TargetB-T-TargetB-21793--swift-generated-headers"]), Task(forTarget: <none>, ruleInfo: ["Gate", "target-TargetB-T-TargetB-21793--ProductPostprocessingTaskProducer"]), Task(forTarget: <none>, ruleInfo: ["Gate", "target-TargetB-T-TargetB-21793--RealityAssetsTaskProducer"]), Task(forTarget: <none>, ruleInfo: ["Gate", "target-TargetA-T-TargetA-21785--Barrier-CopyAside"]), Task(forTarget: <none>, ruleInfo: ["SwiftExplicitDependencyGeneratePcm", "x86_64", "/private/var/folders/xr/m5_5rlsd6l9fk2w4ngj13k6m0000gn/T/swbuild.tmp.Qwrkh9On/Data.noindex/Test/aProject/build/SwiftExplicitPrecompiledModules/SwiftShims-E7NR5GGR9Z7GY7PSRPSK1C6L1.pcm"]), Task(forTarget: TargetA, ruleInfo: ["Copy", "/private/var/folders/xr/m5_5rlsd6l9fk2w4ngj13k6m0000gn/T/swbuild.tmp.Qwrkh9On/Data.noindex/Test/aProject/build/Debug/TargetA.framework/Versions/A/Modules/TargetA.swiftmodule/x86_64-apple-macos.swiftdoc", "/private/var/folders/xr/m5_5rlsd6l9fk2w4ngj13k6m0000gn/T/swbuild.tmp.Qwrkh9On/Data.noindex/Test/aProject/build/aProject.build/Debug/TargetA.build/Objects-normal/x86_64/TargetA.swiftdoc"]), Task(forTarget: TargetB, ruleInfo: ["Gate", "target-TargetB-T-TargetB-21793--begin-scanning"]), Task(forTarget: <none>, ruleInfo: ["Gate", "target-TargetB-T-TargetB-21793--ModuleVerifierTaskProducer"]), Task(forTarget: TargetA, ruleInfo: ["SymLink", "/private/var/folders/xr/m5_5rlsd6l9fk2w4ngj13k6m0000gn/T/swbuild.tmp.Qwrkh9On/Data.noindex/Test/aProject/build/Debug/TargetA.framework/Headers", "Versions/Current/Headers"]), Task(forTarget: TargetB, ruleInfo: ["SwiftCompile", "normal", "x86_64", "Compiling fileB2.swift", "/private/var/folders/xr/m5_5rlsd6l9fk2w4ngj13k6m0000gn/T/swbuild.tmp.Qwrkh9On/Data.noindex/Test/aProject/Sources/fileB2.swift"]), Task(forTarget: TargetB, ruleInfo: ["Gate", "target-TargetB-T-TargetB-21793--linker-inputs-ready"]), Task(forTarget: <none>, ruleInfo: ["Gate", "target-TargetA-T-TargetA-21785--Barrier-ChangePermissions"]), Task(forTarget: TargetA, ruleInfo: ["WriteAuxiliaryFile", "/private/var/folders/xr/m5_5rlsd6l9fk2w4ngj13k6m0000gn/T/swbuild.tmp.Qwrkh9On/Data.noindex/Test/aProject/build/aProject.build/Debug/TargetA.build/TargetA-all-target-headers.hmap"]), Task(forTarget: TargetA, ruleInfo: ["SwiftDriver Compilation Requirements", "TargetA", "normal", "x86_64", "com.apple.xcode.tools.swift.compiler"]), Task(forTarget: TargetA, ruleInfo: ["WriteAuxiliaryFile", "/private/var/folders/xr/m5_5rlsd6l9fk2w4ngj13k6m0000gn/T/swbuild.tmp.Qwrkh9On/Data.noindex/Test/aProject/build/aProject.build/Debug/TargetA.build/Objects-normal/x86_64/TargetA_const_extract_protocols.json"]), Task(forTarget: TargetA, ruleInfo: ["Gate", "target-TargetA-T-TargetA-21785--entry"]), Task(forTarget: TargetA, ruleInfo: ["WriteAuxiliaryFile", "/private/var/folders/xr/m5_5rlsd6l9fk2w4ngj13k6m0000gn/T/swbuild.tmp.Qwrkh9On/Data.noindex/Test/aProject/build/aProject.build/Debug/TargetA.build/TargetA.DependencyMetadataFileList"]), Task(forTarget: TargetA, ruleInfo: ["Copy", "/private/var/folders/xr/m5_5rlsd6l9fk2w4ngj13k6m0000gn/T/swbuild.tmp.Qwrkh9On/Data.noindex/Test/aProject/build/Debug/TargetA.framework/Versions/A/Modules/TargetA.swiftmodule/x86_64-apple-macos.swiftmodule", "/private/var/folders/xr/m5_5rlsd6l9fk2w4ngj13k6m0000gn/T/swbuild.tmp.Qwrkh9On/Data.noindex/Test/aProject/build/aProject.build/Debug/TargetA.build/Objects-normal/x86_64/TargetA.swiftmodule"]), Task(forTarget: <none>, ruleInfo: ["Gate", "target-TargetB-T-TargetB-21793--Barrier-RegisterProduct"]), Task(forTarget: TargetB, ruleInfo: ["SwiftDriver Compilation Requirements", "TargetB", "normal", "x86_64", "com.apple.xcode.tools.swift.compiler"]), Task(forTarget: <none>, ruleInfo: ["Gate", "target-TargetB-T-TargetB-21793--StubBinaryTaskProducer"]), Task(forTarget: TargetB, ruleInfo: ["Gate", "target-TargetB-T-TargetB-21793--entry"]), Task(forTarget: <none>, ruleInfo: ["SwiftExplicitDependencyCompileModuleFromInterface", "x86_64", "/private/var/folders/xr/m5_5rlsd6l9fk2w4ngj13k6m0000gn/T/swbuild.tmp.Qwrkh9On/Data.noindex/Test/aProject/build/SwiftExplicitPrecompiledModules/Swift-1039YR9EBE61.swiftmodule"]), Task(forTarget: <none>, ruleInfo: ["Gate", "target-TargetB-T-TargetB-21793--GenerateAppPlaygroundAssetCatalogTaskProducer"]), Task(forTarget: TargetB, ruleInfo: ["Gate", "target-TargetB-T-TargetB-21793--begin-linking"]), Task(forTarget: TargetA, ruleInfo: ["WriteAuxiliaryFile", "/private/var/folders/xr/m5_5rlsd6l9fk2w4ngj13k6m0000gn/T/swbuild.tmp.Qwrkh9On/Data.noindex/Test/aProject/build/aProject.build/Debug/TargetA.build/Objects-normal/x86_64/TargetA-OutputFileMap.json"]), Task(forTarget: TargetB, ruleInfo: ["WriteAuxiliaryFile", "/private/var/folders/xr/m5_5rlsd6l9fk2w4ngj13k6m0000gn/T/swbuild.tmp.Qwrkh9On/Data.noindex/Test/aProject/build/aProject.build/Debug/TargetB.build/TargetB.DependencyMetadataFileList"]), Task(forTarget: TargetB, ruleInfo: ["WriteAuxiliaryFile", "/private/var/folders/xr/m5_5rlsd6l9fk2w4ngj13k6m0000gn/T/swbuild.tmp.Qwrkh9On/Data.noindex/Test/aProject/build/aProject.build/Debug/TargetB.build/TargetB.hmap"]), Task(forTarget: <none>, ruleInfo: ["CreateBuildDirectory", "/private/var/folders/xr/m5_5rlsd6l9fk2w4ngj13k6m0000gn/T/swbuild.tmp.Qwrkh9On/Data.noindex/Test/aProject/build/SharedPrecompiledHeaders"]), Task(forTarget: TargetA, ruleInfo: ["Gate", "target-TargetA-T-TargetA-21785--unsigned-product-ready"]), Task(forTarget: TargetA, ruleInfo: ["Gate", "target-TargetA-T-TargetA-21785--will-sign"]), Task(forTarget: TargetB, ruleInfo: ["Copy", "/private/var/folders/xr/m5_5rlsd6l9fk2w4ngj13k6m0000gn/T/swbuild.tmp.Qwrkh9On/Data.noindex/Test/aProject/build/Debug/TargetB.framework/Versions/A/Modules/TargetB.swiftmodule/Project/x86_64-apple-macos.swiftsourceinfo", "/private/var/folders/xr/m5_5rlsd6l9fk2w4ngj13k6m0000gn/T/swbuild.tmp.Qwrkh9On/Data.noindex/Test/aProject/build/aProject.build/Debug/TargetB.build/Objects-normal/x86_64/TargetB.swiftsourceinfo"]), Task(forTarget: TargetA, ruleInfo: ["WriteAuxiliaryFile", "/private/var/folders/xr/m5_5rlsd6l9fk2w4ngj13k6m0000gn/T/swbuild.tmp.Qwrkh9On/Data.noindex/Test/aProject/build/aProject.build/Debug/TargetA.build/TargetA-generated-files.hmap"]), Task(forTarget: TargetA, ruleInfo: ["Gate", "target-TargetA-T-TargetA-21785--linker-inputs-ready"]), Task(forTarget: <none>, ruleInfo: ["Gate", "target-TargetB-T-TargetB-21793--Barrier-GenerateStubAPI"]), Task(forTarget: <none>, ruleInfo: ["Gate", "target-TargetA-T-TargetA-21785--ModuleVerifierTaskProducer"]), Task(forTarget: <none>, ruleInfo: ["Gate", "target-TargetB-T-TargetB-21793--SwiftFrameworkABICheckerTaskProducer"]), Task(forTarget: TargetB, ruleInfo: ["Gate", "target-TargetB-T-TargetB-21793--end"]), Task(forTarget: TargetB, ruleInfo: ["WriteAuxiliaryFile", "/private/var/folders/xr/m5_5rlsd6l9fk2w4ngj13k6m0000gn/T/swbuild.tmp.Qwrkh9On/Data.noindex/Test/aProject/build/aProject.build/Debug/TargetB.build/TargetB-all-target-headers.hmap"]), Task(forTarget: <none>, ruleInfo: ["SwiftExplicitDependencyGeneratePcm", "x86_64", "/private/var/folders/xr/m5_5rlsd6l9fk2w4ngj13k6m0000gn/T/swbuild.tmp.Qwrkh9On/Data.noindex/Test/aProject/build/SwiftExplicitPrecompiledModules/_SwiftConcurrencyShims-BUR8XM1R06AS02RWV63HPG1KR.pcm"]), Task(forTarget: <none>, ruleInfo: ["Gate", "target-TargetB-T-TargetB-21793--Barrier-ChangePermissions"]), Task(forTarget: <none>, ruleInfo: ["Gate", "target-TargetB-T-TargetB-21793--Barrier-CodeSign"]), Task(forTarget: TargetB, ruleInfo: ["Touch", "/private/var/folders/xr/m5_5rlsd6l9fk2w4ngj13k6m0000gn/T/swbuild.tmp.Qwrkh9On/Data.noindex/Test/aProject/build/Debug/TargetB.framework"]), Task(forTarget: <none>, ruleInfo: ["Gate", "target-TargetB-T-TargetB-21793--Barrier-StripSymbols"]), Task(forTarget: TargetB, ruleInfo: ["WriteAuxiliaryFile", "/private/var/folders/xr/m5_5rlsd6l9fk2w4ngj13k6m0000gn/T/swbuild.tmp.Qwrkh9On/Data.noindex/Test/aProject/build/aProject.build/Debug/TargetB.build/Objects-normal/x86_64/TargetB-OutputFileMap.json"]), Task(forTarget: TargetB, ruleInfo: ["GenerateTAPI", "/private/var/folders/xr/m5_5rlsd6l9fk2w4ngj13k6m0000gn/T/swbuild.tmp.Qwrkh9On/Data.noindex/Test/aProject/build/EagerLinkingTBDs/Debug/TargetB.framework/Versions/A/TargetB.tbd"]), Task(forTarget: TargetB, ruleInfo: ["SwiftEmitModule", "normal", "x86_64", "Emitting module for TargetB"]), Task(forTarget: TargetB, ruleInfo: ["MkDir", "/private/var/folders/xr/m5_5rlsd6l9fk2w4ngj13k6m0000gn/T/swbuild.tmp.Qwrkh9On/Data.noindex/Test/aProject/build/Debug/TargetB.framework/Versions"]), Task(forTarget: TargetA, ruleInfo: ["WriteAuxiliaryFile", "/private/var/folders/xr/m5_5rlsd6l9fk2w4ngj13k6m0000gn/T/swbuild.tmp.Qwrkh9On/Data.noindex/Test/aProject/build/aProject.build/Debug/TargetA.build/Objects-normal/x86_64/TargetA.SwiftFileList"]), Task(forTarget: TargetB, ruleInfo: ["ExtractAppIntentsMetadata"]), Task(forTarget: <none>, ruleInfo: ["Gate", "target-TargetB-T-TargetB-21793--ProductStructureTaskProducer"]), Task(forTarget: <none>, ruleInfo: ["Gate", "target-TargetB-T-TargetB-21793--HeadermapTaskProducer"]), Task(forTarget: <none>, ruleInfo: ["CreateBuildDirectory", "/private/var/folders/xr/m5_5rlsd6l9fk2w4ngj13k6m0000gn/T/swbuild.tmp.Qwrkh9On/Data.noindex/Test/aProject/build/Debug"]), Task(forTarget: TargetA, ruleInfo: ["WriteAuxiliaryFile", "/private/var/folders/xr/m5_5rlsd6l9fk2w4ngj13k6m0000gn/T/swbuild.tmp.Qwrkh9On/Data.noindex/Test/aProject/build/aProject.build/Debug/TargetA.build/TargetA.DependencyStaticMetadataFileList"]), Task(forTarget: <none>, ruleInfo: ["Gate", "target-TargetB-T-TargetB-21793--ExtensionPointExtractorTaskProducer"]), Task(forTarget: <none>, ruleInfo: ["Gate", "target-TargetB-T-TargetB-21793--SwiftStandardLibrariesTaskProducer"]), Task(forTarget: TargetA, ruleInfo: ["Copy", "/private/var/folders/xr/m5_5rlsd6l9fk2w4ngj13k6m0000gn/T/swbuild.tmp.Qwrkh9On/Data.noindex/Test/aProject/build/Debug/TargetA.framework/Versions/A/Modules/TargetA.swiftmodule/x86_64-apple-macos.abi.json", "/private/var/folders/xr/m5_5rlsd6l9fk2w4ngj13k6m0000gn/T/swbuild.tmp.Qwrkh9On/Data.noindex/Test/aProject/build/aProject.build/Debug/TargetA.build/Objects-normal/x86_64/TargetA.abi.json"]), Task(forTarget: <none>, ruleInfo: ["CreateBuildDirectory", "/private/var/folders/xr/m5_5rlsd6l9fk2w4ngj13k6m0000gn/T/swbuild.tmp.Qwrkh9On/Data.noindex/Test/aProject/build/ExplicitPrecompiledModules"]), Task(forTarget: TargetB, ruleInfo: ["Gate", "target-TargetB-T-TargetB-21793--immediate"]), Task(forTarget: <none>, ruleInfo: ["Gate", "target-TargetA-T-TargetA-21785--AppExtensionInfoPlistGeneratorTaskProducer"]), Task(forTarget: TargetB, ruleInfo: ["SymLink", "/private/var/folders/xr/m5_5rlsd6l9fk2w4ngj13k6m0000gn/T/swbuild.tmp.Qwrkh9On/Data.noindex/Test/aProject/build/Debug/TargetB.framework/Modules", "Versions/Current/Modules"]), Task(forTarget: <none>, ruleInfo: ["Gate", "target-TargetA-T-TargetA-21785--swift-generated-headers"]), Task(forTarget: <none>, ruleInfo: ["Gate", "target-TargetB-T-TargetB-21793--InfoPlistTaskProducer"]), Task(forTarget: <none>, ruleInfo: ["Gate", "target-TargetB-T-TargetB-21793--AppExtensionInfoPlistGeneratorTaskProducer"]), Task(forTarget: TargetB, ruleInfo: ["SwiftDriver", "TargetB", "normal", "x86_64", "com.apple.xcode.tools.swift.compiler"]), Task(forTarget: <none>, ruleInfo: ["Gate", "target-TargetA-T-TargetA-21785--CopySwiftPackageResourcesTaskProducer"]), Task(forTarget: <none>, ruleInfo: ["Gate", "target-TargetA-T-TargetA-21785--ProductStructureTaskProducer"]), Task(forTarget: TargetA, ruleInfo: ["SymLink", "/private/var/folders/xr/m5_5rlsd6l9fk2w4ngj13k6m0000gn/T/swbuild.tmp.Qwrkh9On/Data.noindex/Test/aProject/build/Debug/TargetA.framework/Versions/Current", "A"]), Task(forTarget: TargetA, ruleInfo: ["SwiftMergeGeneratedHeaders", "/private/var/folders/xr/m5_5rlsd6l9fk2w4ngj13k6m0000gn/T/swbuild.tmp.Qwrkh9On/Data.noindex/Test/aProject/build/Debug/TargetA.framework/Versions/A/Headers/TargetA-Swift.h", "/private/var/folders/xr/m5_5rlsd6l9fk2w4ngj13k6m0000gn/T/swbuild.tmp.Qwrkh9On/Data.noindex/Test/aProject/build/aProject.build/Debug/TargetA.build/Objects-normal/x86_64/TargetA-Swift.h"]), Task(forTarget: <none>, ruleInfo: ["Gate", "target-TargetA-T-TargetA-21785--ProductPostprocessingTaskProducer"]), Task(forTarget: TargetB, ruleInfo: ["Copy", "/private/var/folders/xr/m5_5rlsd6l9fk2w4ngj13k6m0000gn/T/swbuild.tmp.Qwrkh9On/Data.noindex/Test/aProject/build/Debug/TargetB.framework/Versions/A/Modules/TargetB.swiftmodule/x86_64-apple-macos.swiftdoc", "/private/var/folders/xr/m5_5rlsd6l9fk2w4ngj13k6m0000gn/T/swbuild.tmp.Qwrkh9On/Data.noindex/Test/aProject/build/aProject.build/Debug/TargetB.build/Objects-normal/x86_64/TargetB.swiftdoc"]), Task(forTarget: <none>, ruleInfo: ["Gate", "target-TargetA-T-TargetA-21785--DocumentationTaskProducer"]), Task(forTarget: TargetB, ruleInfo: ["SymLink", "/private/var/folders/xr/m5_5rlsd6l9fk2w4ngj13k6m0000gn/T/swbuild.tmp.Qwrkh9On/Data.noindex/Test/aProject/build/Debug/TargetB.framework/Versions/Current", "A"]), Task(forTarget: <none>, ruleInfo: ["Gate", "target-TargetA-T-TargetA-21785--InfoPlistTaskProducer"]), Task(forTarget: <none>, ruleInfo: ["CreateBuildDirectory", "/private/var/folders/xr/m5_5rlsd6l9fk2w4ngj13k6m0000gn/T/swbuild.tmp.Qwrkh9On/Data.noindex/Test/aProject/build"]), Task(forTarget: <none>, ruleInfo: ["Gate", "target-TargetA-T-TargetA-21785--SwiftABIBaselineGenerationTaskProducer"]), Task(forTarget: TargetA, ruleInfo: ["SwiftDriver Compilation", "TargetA", "normal", "x86_64", "com.apple.xcode.tools.swift.compiler"]), Task(forTarget: TargetB, ruleInfo: ["SwiftMergeGeneratedHeaders", "/private/var/folders/xr/m5_5rlsd6l9fk2w4ngj13k6m0000gn/T/swbuild.tmp.Qwrkh9On/Data.noindex/Test/aProject/build/Debug/TargetB.framework/Versions/A/Headers/TargetB-Swift.h", "/private/var/folders/xr/m5_5rlsd6l9fk2w4ngj13k6m0000gn/T/swbuild.tmp.Qwrkh9On/Data.noindex/Test/aProject/build/aProject.build/Debug/TargetB.build/Objects-normal/x86_64/TargetB-Swift.h"]), Task(forTarget: TargetB, ruleInfo: ["Ld", "/private/var/folders/xr/m5_5rlsd6l9fk2w4ngj13k6m0000gn/T/swbuild.tmp.Qwrkh9On/Data.noindex/Test/aProject/build/Debug/TargetB.framework/Versions/A/TargetB", "normal"]), Task(forTarget: TargetB, ruleInfo: ["WriteAuxiliaryFile", "/private/var/folders/xr/m5_5rlsd6l9fk2w4ngj13k6m0000gn/T/swbuild.tmp.Qwrkh9On/Data.noindex/Test/aProject/build/aProject.build/Debug/TargetB.build/TargetB-all-non-framework-target-headers.hmap"]), Task(forTarget: <none>, ruleInfo: ["Gate", "target-TargetA-T-TargetA-21785--TAPISymbolExtractorTaskProducer"]), Task(forTarget: <none>, ruleInfo: ["SwiftExplicitDependencyCompileModuleFromInterface", "x86_64", "/private/var/folders/xr/m5_5rlsd6l9fk2w4ngj13k6m0000gn/T/swbuild.tmp.Qwrkh9On/Data.noindex/Test/aProject/build/SwiftExplicitPrecompiledModules/_Concurrency-2W8LU3DF58RLX.swiftmodule"]), Task(forTarget: <none>, ruleInfo: ["Gate", "target-TargetB-T-TargetB-21793--Barrier-ChangeAlternatePermissions"]), Task(forTarget: <none>, ruleInfo: ["Gate", "target-TargetA-T-TargetA-21785--SwiftPackageCopyFilesTaskProducer"]), Task(forTarget: <none>, ruleInfo: ["Gate", "target-TargetA-T-TargetA-21785--copy-headers-completion"]), Task(forTarget: <none>, ruleInfo: ["Gate", "WorkspaceHeaderMapVFSFilesWritten"]), Task(forTarget: TargetA, ruleInfo: ["Gate", "target-TargetA-T-TargetA-21785--modules-ready"]), Task(forTarget: <none>, ruleInfo: ["Gate", "target-TargetB-T-TargetB-21793--SanitizerTaskProducer"]), Task(forTarget: <none>, ruleInfo: ["Gate", "target-TargetA-T-TargetA-21785--Barrier-ChangeAlternatePermissions"]), Task(forTarget: TargetB, ruleInfo: ["SymLink", "/private/var/folders/xr/m5_5rlsd6l9fk2w4ngj13k6m0000gn/T/swbuild.tmp.Qwrkh9On/Data.noindex/Test/aProject/build/Debug/TargetB.framework/Headers", "Versions/Current/Headers"]), Task(forTarget: <none>, ruleInfo: ["CreateBuildDirectory", "/var/folders/xr/m5_5rlsd6l9fk2w4ngj13k6m0000gn/C/com.apple.DeveloperTools/26.4.1-17E202/Xcode/CompilationCache.noindex"]), Task(forTarget: <none>, ruleInfo: ["Gate", "target-TargetA-T-TargetA-21785--CustomTaskProducer"]), Task(forTarget: <none>, ruleInfo: ["Gate", "target-TargetA-T-TargetA-21785--AppIntentsMetadataTaskProducer"]), Task(forTarget: TargetB, ruleInfo: ["Copy", "/private/var/folders/xr/m5_5rlsd6l9fk2w4ngj13k6m0000gn/T/swbuild.tmp.Qwrkh9On/Data.noindex/Test/aProject/build/Debug/TargetB.framework/Versions/A/Modules/TargetB.swiftmodule/x86_64-apple-macos.abi.json", "/private/var/folders/xr/m5_5rlsd6l9fk2w4ngj13k6m0000gn/T/swbuild.tmp.Qwrkh9On/Data.noindex/Test/aProject/build/aProject.build/Debug/TargetB.build/Objects-normal/x86_64/TargetB.abi.json"]), Task(forTarget: <none>, ruleInfo: ["Gate", "target-TargetA-T-TargetA-21785--TestHostTaskProducer"]), Task(forTarget: TargetB, ruleInfo: ["WriteAuxiliaryFile", "/private/var/folders/xr/m5_5rlsd6l9fk2w4ngj13k6m0000gn/T/swbuild.tmp.Qwrkh9On/Data.noindex/Test/aProject/build/aProject.build/Debug/TargetB.build/Objects-normal/x86_64/TargetB.LinkFileList"]), Task(forTarget: <none>, ruleInfo: ["Gate", "target-TargetA-T-TargetA-21785--TestTargetPostprocessingTaskProducer"]), Task(forTarget: <none>, ruleInfo: ["Gate", "target-TargetA-T-TargetA-21785--Barrier-GenerateStubAPI"]), Task(forTarget: TargetB, ruleInfo: ["Gate", "target-TargetB-T-TargetB-21793--will-sign"]), Task(forTarget: <none>, ruleInfo: ["Gate", "target-TargetA-T-TargetA-21785--generated-headers"]), Task(forTarget: <none>, ruleInfo: ["Gate", "target-TargetB-T-TargetB-21793--Barrier-RegisterExecutionPolicyException"]), Task(forTarget: TargetB, ruleInfo: ["SymLink", "/private/var/folders/xr/m5_5rlsd6l9fk2w4ngj13k6m0000gn/T/swbuild.tmp.Qwrkh9On/Data.noindex/Test/aProject/build/EagerLinkingTBDs/Debug/TargetB.framework/TargetB.tbd", "/private/var/folders/xr/m5_5rlsd6l9fk2w4ngj13k6m0000gn/T/swbuild.tmp.Qwrkh9On/Data.noindex/Test/aProject/build/EagerLinkingTBDs/Debug/TargetB.framework/Versions/A/TargetB.tbd"]), Task(forTarget: TargetB, ruleInfo: ["WriteAuxiliaryFile", "/private/var/folders/xr/m5_5rlsd6l9fk2w4ngj13k6m0000gn/T/swbuild.tmp.Qwrkh9On/Data.noindex/Test/aProject/build/aProject.build/Debug/TargetB.build/TargetB-own-target-headers.hmap"]), Task(forTarget: TargetB, ruleInfo: ["WriteAuxiliaryFile", "/private/var/folders/xr/m5_5rlsd6l9fk2w4ngj13k6m0000gn/T/swbuild.tmp.Qwrkh9On/Data.noindex/Test/aProject/build/aProject.build/Debug/TargetB.build/TargetB-project-headers.hmap"]), Task(forTarget: <none>, ruleInfo: ["Gate", "target-TargetB-T-TargetB-21793--DocumentationTaskProducer"]), Task(forTarget: <none>, ruleInfo: ["Gate", "target-TargetA-T-TargetA-21785--TestEntryPointTaskProducerFactory"]), Task(forTarget: <none>, ruleInfo: ["Gate", "target-TargetA-T-TargetA-21785--TestTargetTaskProducer"]), Task(forTarget: TargetA, ruleInfo: ["Touch", "/private/var/folders/xr/m5_5rlsd6l9fk2w4ngj13k6m0000gn/T/swbuild.tmp.Qwrkh9On/Data.noindex/Test/aProject/build/Debug/TargetA.framework"]), Task(forTarget: <none>, ruleInfo: ["Gate", "target-TargetA-T-TargetA-21785--HeadermapTaskProducer"]), Task(forTarget: <none>, ruleInfo: ["Gate", "target-TargetB-T-TargetB-21793--fused-phase0-compile-sources&link-binary"]), Task(forTarget: TargetB, ruleInfo: ["WriteAuxiliaryFile", "/private/var/folders/xr/m5_5rlsd6l9fk2w4ngj13k6m0000gn/T/swbuild.tmp.Qwrkh9On/Data.noindex/Test/aProject/build/aProject.build/Debug/TargetB.build/TargetB.DependencyStaticMetadataFileList"]), Task(forTarget: <none>, ruleInfo: ["Gate", "target-TargetB-T-TargetB-21793--TestTargetTaskProducer"]), Task(forTarget: <none>, ruleInfo: ["Gate", "target-TargetA-T-TargetA-21785--RealityAssetsTaskProducer"]), Task(forTarget: <none>, ruleInfo: ["Gate", "target-TargetB-T-TargetB-21793--CustomTaskProducer"]), Task(forTarget: TargetB, ruleInfo: ["RegisterExecutionPolicyException", "/private/var/folders/xr/m5_5rlsd6l9fk2w4ngj13k6m0000gn/T/swbuild.tmp.Qwrkh9On/Data.noindex/Test/aProject/build/Debug/TargetB.framework"]), Task(forTarget: TargetA, ruleInfo: ["WriteAuxiliaryFile", "/private/var/folders/xr/m5_5rlsd6l9fk2w4ngj13k6m0000gn/T/swbuild.tmp.Qwrkh9On/Data.noindex/Test/aProject/build/aProject.build/Debug/TargetA.build/TargetA-all-non-framework-target-headers.hmap"]), Task(forTarget: TargetB, ruleInfo: ["SwiftCompile", "normal", "x86_64", "Compiling fileB1.swift", "/private/var/folders/xr/m5_5rlsd6l9fk2w4ngj13k6m0000gn/T/swbuild.tmp.Qwrkh9On/Data.noindex/Test/aProject/Sources/fileB1.swift"]), Task(forTarget: <none>, ruleInfo: ["Gate", "target-TargetA-T-TargetA-21785--Barrier-CodeSign"]), Task(forTarget: <none>, ruleInfo: ["Gate", "target-TargetB-T-TargetB-21793--AppIntentsMetadataTaskProducer"]), Task(forTarget: TargetB, ruleInfo: ["Gate", "target-TargetB-T-TargetB-21793--unsigned-product-ready"]), Task(forTarget: TargetA, ruleInfo: ["SwiftDriver", "TargetA", "normal", "x86_64", "com.apple.xcode.tools.swift.compiler"]), Task(forTarget: TargetA, ruleInfo: ["Gate", "target-TargetA-T-TargetA-21785--end"]), Task(forTarget: TargetA, ruleInfo: ["Gate", "target-TargetA-T-TargetA-21785--begin-scanning"]), Task(forTarget: TargetB, ruleInfo: ["WriteAuxiliaryFile", "/private/var/folders/xr/m5_5rlsd6l9fk2w4ngj13k6m0000gn/T/swbuild.tmp.Qwrkh9On/Data.noindex/Test/aProject/build/aProject.build/Debug/TargetB.build/Objects-normal/x86_64/TargetB_const_extract_protocols.json"]), Task(forTarget: <none>, ruleInfo: ["Gate", "target-TargetA-T-TargetA-21785--StubBinaryTaskProducer"]), Task(forTarget: TargetB, ruleInfo: ["MkDir", "/private/var/folders/xr/m5_5rlsd6l9fk2w4ngj13k6m0000gn/T/swbuild.tmp.Qwrkh9On/Data.noindex/Test/aProject/build/Debug/TargetB.framework/Versions/A"]), Task(forTarget: TargetA, ruleInfo: ["SwiftCompile", "normal", "x86_64", "Compiling fileA2.swift", "/private/var/folders/xr/m5_5rlsd6l9fk2w4ngj13k6m0000gn/T/swbuild.tmp.Qwrkh9On/Data.noindex/Test/aProject/Sources/fileA2.swift"]), Task(forTarget: <none>, ruleInfo: ["Gate", "target-TargetA-T-TargetA-21785--fused-phase0-compile-sources"]), Task(forTarget: <none>, ruleInfo: ["Gate", "target-TargetA-T-TargetA-21785--ModuleMapTaskProducer"]), Task(forTarget: <none>, ruleInfo: ["Gate", "target-TargetA-T-TargetA-21785--GeneratedFilesTaskProducer"]), Task(forTarget: <none>, ruleInfo: ["Gate", "target-TargetA-T-TargetA-21785--SwiftStandardLibrariesTaskProducer"]), Task(forTarget: TargetA, ruleInfo: ["GenerateTAPI", "/private/var/folders/xr/m5_5rlsd6l9fk2w4ngj13k6m0000gn/T/swbuild.tmp.Qwrkh9On/Data.noindex/Test/aProject/build/EagerLinkingTBDs/Debug/TargetA.framework/Versions/A/TargetA.tbd"]), Task(forTarget: <none>, ruleInfo: ["Gate", "target-TargetA-T-TargetA-21785--Barrier-Validate"]), Task(forTarget: TargetB, ruleInfo: ["WriteAuxiliaryFile", "/private/var/folders/xr/m5_5rlsd6l9fk2w4ngj13k6m0000gn/T/swbuild.tmp.Qwrkh9On/Data.noindex/Test/aProject/build/aProject.build/Debug/TargetB.build/Objects-normal/x86_64/TargetB.SwiftFileList"]), Task(forTarget: TargetA, ruleInfo: ["MkDir", "/private/var/folders/xr/m5_5rlsd6l9fk2w4ngj13k6m0000gn/T/swbuild.tmp.Qwrkh9On/Data.noindex/Test/aProject/build/Debug/TargetA.framework"]), Task(forTarget: <none>, ruleInfo: ["Gate", "target-TargetA-T-TargetA-21785--ExtensionPointExtractorTaskProducer"]), Task(forTarget: TargetA, ruleInfo: ["SymLink", "/private/var/folders/xr/m5_5rlsd6l9fk2w4ngj13k6m0000gn/T/swbuild.tmp.Qwrkh9On/Data.noindex/Test/aProject/build/Debug/TargetA.framework/TargetA", "Versions/Current/TargetA"]), Task(forTarget: TargetA, ruleInfo: ["MkDir", "/private/var/folders/xr/m5_5rlsd6l9fk2w4ngj13k6m0000gn/T/swbuild.tmp.Qwrkh9On/Data.noindex/Test/aProject/build/Debug/TargetA.framework/Versions/A"]), Task(forTarget: <none>, ruleInfo: ["Gate", "target-TargetB-T-TargetB-21793--generated-headers"]), Task(forTarget: <none>, ruleInfo: ["Gate", "target-TargetA-T-TargetA-21785--SwiftFrameworkABICheckerTaskProducer"]), Task(forTarget: TargetB, ruleInfo: ["Gate", "target-TargetB-T-TargetB-21793--modules-ready"]), Task(forTarget: <none>, ruleInfo: ["ClangStatCache", "/Applications/Xcode17E.app/Contents/Developer/Toolchains/XcodeDefault.xctoolchain/usr/bin/clang-stat-cache", "/Applications/Xcode17E.app/Contents/Developer/Platforms/MacOSX.platform/Developer/SDKs/MacOSX26.4.sdk", "/private/var/folders/xr/m5_5rlsd6l9fk2w4ngj13k6m0000gn/T/swbuild.tmp.Qwrkh9On/Data.noindex/Test/SDKStatCaches.noindex/macosx26.4-25E260-95aa6cf8f3effd57bda17e0c125410c0.sdkstatcache"]), Task(forTarget: TargetB, ruleInfo: ["SymLink", "/private/var/folders/xr/m5_5rlsd6l9fk2w4ngj13k6m0000gn/T/swbuild.tmp.Qwrkh9On/Data.noindex/Test/aProject/build/Debug/TargetB.framework/TargetB", "Versions/Current/TargetB"]), Task(forTarget: TargetA, ruleInfo: ["MkDir", "/private/var/folders/xr/m5_5rlsd6l9fk2w4ngj13k6m0000gn/T/swbuild.tmp.Qwrkh9On/Data.noindex/Test/aProject/build/Debug/TargetA.framework/Versions/A/Headers"]), Task(forTarget: <none>, ruleInfo: ["Gate", "target-TargetB-T-TargetB-21793--TestHostTaskProducer"]), Task(forTarget: TargetA, ruleInfo: ["Gate", "target-TargetA-T-TargetA-21785--begin-linking"]), Task(forTarget: <none>, ruleInfo: ["Gate", "target-TargetB-T-TargetB-21793--ModuleMapTaskProducer"]), Task(forTarget: <none>, ruleInfo: ["CreateBuildDirectory", "/private/var/folders/xr/m5_5rlsd6l9fk2w4ngj13k6m0000gn/T/swbuild.tmp.Qwrkh9On/Data.noindex/Test/aProject/build/SwiftExplicitPrecompiledModules"]), Task(forTarget: <none>, ruleInfo: ["Gate", "target-TargetB-T-TargetB-21793--SwiftABIBaselineGenerationTaskProducer"]), Task(forTarget: <none>, ruleInfo: ["Gate", "target-TargetB-T-TargetB-21793--TestTargetPostprocessingTaskProducer"]), Task(forTarget: <none>, ruleInfo: ["CreateBuildDirectory", "/private/var/folders/xr/m5_5rlsd6l9fk2w4ngj13k6m0000gn/T/swbuild.tmp.Qwrkh9On/Data.noindex/Test/aProject/build/EagerLinkingTBDs/Debug"]), Task(forTarget: TargetA, ruleInfo: ["WriteAuxiliaryFile", "/private/var/folders/xr/m5_5rlsd6l9fk2w4ngj13k6m0000gn/T/swbuild.tmp.Qwrkh9On/Data.noindex/Test/aProject/build/aProject.build/Debug/TargetA.build/Objects-normal/x86_64/TargetA.SwiftConstValuesFileList"]), Task(forTarget: <none>, ruleInfo: ["Gate", "target-TargetA-T-TargetA-21785--GenerateAppPlaygroundAssetCatalogTaskProducer"]), Task(forTarget: <none>, ruleInfo: ["WriteAuxiliaryFile", "/private/var/folders/xr/m5_5rlsd6l9fk2w4ngj13k6m0000gn/T/swbuild.tmp.Qwrkh9On/Data.noindex/Test/aProject/build/aProject.build/Debug/aProject-P21796-VFS/all-product-headers.yaml"]), Task(forTarget: <none>, ruleInfo: ["Gate", "target-TargetB-T-TargetB-21793--CopySwiftPackageResourcesTaskProducer"]), Task(forTarget: <none>, ruleInfo: ["Gate", "target-TargetB-T-TargetB-21793--Barrier-CopyAside"]), Task(forTarget: TargetA, ruleInfo: ["WriteAuxiliaryFile", "/private/var/folders/xr/m5_5rlsd6l9fk2w4ngj13k6m0000gn/T/swbuild.tmp.Qwrkh9On/Data.noindex/Test/aProject/build/aProject.build/Debug/TargetA.build/TargetA-project-headers.hmap"]), Task(forTarget: TargetB, ruleInfo: ["MkDir", "/private/var/folders/xr/m5_5rlsd6l9fk2w4ngj13k6m0000gn/T/swbuild.tmp.Qwrkh9On/Data.noindex/Test/aProject/build/Debug/TargetB.framework"]), Task(forTarget: TargetA, ruleInfo: ["SymLink", "/private/var/folders/xr/m5_5rlsd6l9fk2w4ngj13k6m0000gn/T/swbuild.tmp.Qwrkh9On/Data.noindex/Test/aProject/build/Debug/TargetA.framework/Modules", "Versions/Current/Modules"]), Task(forTarget: <none>, ruleInfo: ["SwiftExplicitDependencyCompileModuleFromInterface", "x86_64", "/private/var/folders/xr/m5_5rlsd6l9fk2w4ngj13k6m0000gn/T/swbuild.tmp.Qwrkh9On/Data.noindex/Test/aProject/build/SwiftExplicitPrecompiledModules/_StringProcessing-13GX4EAKQZW8B.swiftmodule"]), Task(forTarget: TargetA, ruleInfo: ["RegisterExecutionPolicyException", "/private/var/folders/xr/m5_5rlsd6l9fk2w4ngj13k6m0000gn/T/swbuild.tmp.Qwrkh9On/Data.noindex/Test/aProject/build/Debug/TargetA.framework"]), Task(forTarget: TargetA, ruleInfo: ["Copy", "/private/var/folders/xr/m5_5rlsd6l9fk2w4ngj13k6m0000gn/T/swbuild.tmp.Qwrkh9On/Data.noindex/Test/aProject/build/Debug/TargetA.framework/Versions/A/Modules/TargetA.swiftmodule/Project/x86_64-apple-macos.swiftsourceinfo", "/private/var/folders/xr/m5_5rlsd6l9fk2w4ngj13k6m0000gn/T/swbuild.tmp.Qwrkh9On/Data.noindex/Test/aProject/build/aProject.build/Debug/TargetA.build/Objects-normal/x86_64/TargetA.swiftsourceinfo"]), Task(forTarget: <none>, ruleInfo: ["Gate", "target-TargetB-T-TargetB-21793--copy-headers-completion"]), Task(forTarget: <none>, ruleInfo: ["Gate", "target-TargetB-T-TargetB-21793--TestEntryPointTaskProducerFactory"]), Task(forTarget: TargetA, ruleInfo: ["Gate", "target-TargetA-T-TargetA-21785--immediate"]), Task(forTarget: <none>, ruleInfo: ["Gate", "target-TargetA-T-TargetA-21785--Barrier-RegisterProduct"]), Task(forTarget: <none>, ruleInfo: ["Gate", "target-TargetB-T-TargetB-21793--Barrier-Validate"]), Task(forTarget: TargetB, ruleInfo: ["Copy", "/private/var/folders/xr/m5_5rlsd6l9fk2w4ngj13k6m0000gn/T/swbuild.tmp.Qwrkh9On/Data.noindex/Test/aProject/build/Debug/TargetB.framework/Versions/A/Modules/TargetB.swiftmodule/x86_64-apple-macos.swiftmodule", "/private/var/folders/xr/m5_5rlsd6l9fk2w4ngj13k6m0000gn/T/swbuild.tmp.Qwrkh9On/Data.noindex/Test/aProject/build/aProject.build/Debug/TargetB.build/Objects-normal/x86_64/TargetB.swiftmodule"]), Task(forTarget: TargetB, ruleInfo: ["WriteAuxiliaryFile", "/private/var/folders/xr/m5_5rlsd6l9fk2w4ngj13k6m0000gn/T/swbuild.tmp.Qwrkh9On/Data.noindex/Test/aProject/build/aProject.build/Debug/TargetB.build/TargetB-generated-files.hmap"]), Task(forTarget: TargetA, ruleInfo: ["Gate", "target-TargetA-T-TargetA-21785--begin-compiling"]), Task(forTarget: TargetA, ruleInfo: ["WriteAuxiliaryFile", "/private/var/folders/xr/m5_5rlsd6l9fk2w4ngj13k6m0000gn/T/swbuild.tmp.Qwrkh9On/Data.noindex/Test/aProject/build/aProject.build/Debug/TargetA.build/TargetA.hmap"]), Task(forTarget: TargetA, ruleInfo: ["SwiftEmitModule", "normal", "x86_64", "Emitting module for TargetA"]), Task(forTarget: TargetB, ruleInfo: ["Gate", "target-TargetB-T-TargetB-21793--begin-compiling"]), Task(forTarget: <none>, ruleInfo: ["Gate", "target-TargetB-T-TargetB-21793--SwiftPackageCopyFilesTaskProducer"]), Task(forTarget: <none>, ruleInfo: ["Gate", "target-TargetA-T-TargetA-21785--SanitizerTaskProducer"]), Task(forTarget: TargetA, ruleInfo: ["WriteAuxiliaryFile", "/private/var/folders/xr/m5_5rlsd6l9fk2w4ngj13k6m0000gn/T/swbuild.tmp.Qwrkh9On/Data.noindex/Test/aProject/build/aProject.build/Debug/TargetA.build/TargetA-own-target-headers.hmap"]), Task(forTarget: TargetA, ruleInfo: ["WriteAuxiliaryFile", "/private/var/folders/xr/m5_5rlsd6l9fk2w4ngj13k6m0000gn/T/swbuild.tmp.Qwrkh9On/Data.noindex/Test/aProject/build/aProject.build/Debug/TargetA.build/Objects-normal/x86_64/TargetA.LinkFileList"]), Task(forTarget: TargetA, ruleInfo: ["SwiftCompile", "normal", "x86_64", "Compiling fileA1.swift", "/private/var/folders/xr/m5_5rlsd6l9fk2w4ngj13k6m0000gn/T/swbuild.tmp.Qwrkh9On/Data.noindex/Test/aProject/Sources/fileA1.swift"])]
↳ Occasionally fails in CI due to SwiftExplicitDependencyCompileModuleFromInterface missing from the dependency graph
━ Test swiftEagerCompilationWithExplicitModules() recorded a known issue at SwiftDriverTests.swift:3579:55: Issue recorded
↳ Task Task(forTarget: TargetA, ruleInfo: ["SwiftCompile", "normal", "x86_64", "Compiling fileA1.swift", "/private/var/folders/xr/m5_5rlsd6l9fk2w4ngj13k6m0000gn/T/swbuild.tmp.Qwrkh9On/Data.noindex/Test/aProject/Sources/fileA1.swift"]) does not follow any tasks matching [Rule matches [SWBTestSupport.StringPattern.equal("SwiftExplicitDependencyGeneratePcm"), SWBTestSupport.StringPattern.equal("normal"), SWBTestSupport.StringPattern.equal("x86_64"), SWBTestSupport.StringPattern.contains("SwiftShims-")]]. Found: [] in [Task(forTarget: TargetA, ruleInfo: ["Ld", "/private/var/folders/xr/m5_5rlsd6l9fk2w4ngj13k6m0000gn/T/swbuild.tmp.Qwrkh9On/Data.noindex/Test/aProject/build/Debug/TargetA.framework/Versions/A/TargetA", "normal"]), Task(forTarget: <none>, ruleInfo: ["Gate", "target-TargetA-T-TargetA-21785--Barrier-RegisterExecutionPolicyException"]), Task(forTarget: TargetA, ruleInfo: ["MkDir", "/private/var/folders/xr/m5_5rlsd6l9fk2w4ngj13k6m0000gn/T/swbuild.tmp.Qwrkh9On/Data.noindex/Test/aProject/build/Debug/TargetA.framework/Versions"]), Task(forTarget: TargetA, ruleInfo: ["SymLink", "/private/var/folders/xr/m5_5rlsd6l9fk2w4ngj13k6m0000gn/T/swbuild.tmp.Qwrkh9On/Data.noindex/Test/aProject/build/EagerLinkingTBDs/Debug/TargetA.framework/TargetA.tbd", "/private/var/folders/xr/m5_5rlsd6l9fk2w4ngj13k6m0000gn/T/swbuild.tmp.Qwrkh9On/Data.noindex/Test/aProject/build/EagerLinkingTBDs/Debug/TargetA.framework/Versions/A/TargetA.tbd"]), Task(forTarget: <none>, ruleInfo: ["Gate", "target-TargetB-T-TargetB-21793--GeneratedFilesTaskProducer"]), Task(forTarget: TargetA, ruleInfo: ["ExtractAppIntentsMetadata"]), Task(forTarget: TargetB, ruleInfo: ["MkDir", "/private/var/folders/xr/m5_5rlsd6l9fk2w4ngj13k6m0000gn/T/swbuild.tmp.Qwrkh9On/Data.noindex/Test/aProject/build/Debug/TargetB.framework/Versions/A/Headers"]), Task(forTarget: <none>, ruleInfo: ["Gate", "target-TargetA-T-TargetA-21785--Barrier-StripSymbols"]), Task(forTarget: TargetB, ruleInfo: ["SwiftDriver Compilation", "TargetB", "normal", "x86_64", "com.apple.xcode.tools.swift.compiler"]), Task(forTarget: TargetB, ruleInfo: ["WriteAuxiliaryFile", "/private/var/folders/xr/m5_5rlsd6l9fk2w4ngj13k6m0000gn/T/swbuild.tmp.Qwrkh9On/Data.noindex/Test/aProject/build/aProject.build/Debug/TargetB.build/Objects-normal/x86_64/TargetB.SwiftConstValuesFileList"]), Task(forTarget: <none>, ruleInfo: ["Gate", "target-TargetB-T-TargetB-21793--TAPISymbolExtractorTaskProducer"]), Task(forTarget: <none>, ruleInfo: ["Gate", "target-TargetB-T-TargetB-21793--swift-generated-headers"]), Task(forTarget: <none>, ruleInfo: ["Gate", "target-TargetB-T-TargetB-21793--ProductPostprocessingTaskProducer"]), Task(forTarget: <none>, ruleInfo: ["Gate", "target-TargetB-T-TargetB-21793--RealityAssetsTaskProducer"]), Task(forTarget: <none>, ruleInfo: ["Gate", "target-TargetA-T-TargetA-21785--Barrier-CopyAside"]), Task(forTarget: <none>, ruleInfo: ["SwiftExplicitDependencyGeneratePcm", "x86_64", "/private/var/folders/xr/m5_5rlsd6l9fk2w4ngj13k6m0000gn/T/swbuild.tmp.Qwrkh9On/Data.noindex/Test/aProject/build/SwiftExplicitPrecompiledModules/SwiftShims-E7NR5GGR9Z7GY7PSRPSK1C6L1.pcm"]), Task(forTarget: TargetA, ruleInfo: ["Copy", "/private/var/folders/xr/m5_5rlsd6l9fk2w4ngj13k6m0000gn/T/swbuild.tmp.Qwrkh9On/Data.noindex/Test/aProject/build/Debug/TargetA.framework/Versions/A/Modules/TargetA.swiftmodule/x86_64-apple-macos.swiftdoc", "/private/var/folders/xr/m5_5rlsd6l9fk2w4ngj13k6m0000gn/T/swbuild.tmp.Qwrkh9On/Data.noindex/Test/aProject/build/aProject.build/Debug/TargetA.build/Objects-normal/x86_64/TargetA.swiftdoc"]), Task(forTarget: TargetB, ruleInfo: ["Gate", "target-TargetB-T-TargetB-21793--begin-scanning"]), Task(forTarget: <none>, ruleInfo: ["Gate", "target-TargetB-T-TargetB-21793--ModuleVerifierTaskProducer"]), Task(forTarget: TargetA, ruleInfo: ["SymLink", "/private/var/folders/xr/m5_5rlsd6l9fk2w4ngj13k6m0000gn/T/swbuild.tmp.Qwrkh9On/Data.noindex/Test/aProject/build/Debug/TargetA.framework/Headers", "Versions/Current/Headers"]), Task(forTarget: TargetB, ruleInfo: ["SwiftCompile", "normal", "x86_64", "Compiling fileB2.swift", "/private/var/folders/xr/m5_5rlsd6l9fk2w4ngj13k6m0000gn/T/swbuild.tmp.Qwrkh9On/Data.noindex/Test/aProject/Sources/fileB2.swift"]), Task(forTarget: TargetB, ruleInfo: ["Gate", "target-TargetB-T-TargetB-21793--linker-inputs-ready"]), Task(forTarget: <none>, ruleInfo: ["Gate", "target-TargetA-T-TargetA-21785--Barrier-ChangePermissions"]), Task(forTarget: TargetA, ruleInfo: ["WriteAuxiliaryFile", "/private/var/folders/xr/m5_5rlsd6l9fk2w4ngj13k6m0000gn/T/swbuild.tmp.Qwrkh9On/Data.noindex/Test/aProject/build/aProject.build/Debug/TargetA.build/TargetA-all-target-headers.hmap"]), Task(forTarget: TargetA, ruleInfo: ["SwiftDriver Compilation Requirements", "TargetA", "normal", "x86_64", "com.apple.xcode.tools.swift.compiler"]), Task(forTarget: TargetA, ruleInfo: ["WriteAuxiliaryFile", "/private/var/folders/xr/m5_5rlsd6l9fk2w4ngj13k6m0000gn/T/swbuild.tmp.Qwrkh9On/Data.noindex/Test/aProject/build/aProject.build/Debug/TargetA.build/Objects-normal/x86_64/TargetA_const_extract_protocols.json"]), Task(forTarget: TargetA, ruleInfo: ["Gate", "target-TargetA-T-TargetA-21785--entry"]), Task(forTarget: TargetA, ruleInfo: ["WriteAuxiliaryFile", "/private/var/folders/xr/m5_5rlsd6l9fk2w4ngj13k6m0000gn/T/swbuild.tmp.Qwrkh9On/Data.noindex/Test/aProject/build/aProject.build/Debug/TargetA.build/TargetA.DependencyMetadataFileList"]), Task(forTarget: TargetA, ruleInfo: ["Copy", "/private/var/folders/xr/m5_5rlsd6l9fk2w4ngj13k6m0000gn/T/swbuild.tmp.Qwrkh9On/Data.noindex/Test/aProject/build/Debug/TargetA.framework/Versions/A/Modules/TargetA.swiftmodule/x86_64-apple-macos.swiftmodule", "/private/var/folders/xr/m5_5rlsd6l9fk2w4ngj13k6m0000gn/T/swbuild.tmp.Qwrkh9On/Data.noindex/Test/aProject/build/aProject.build/Debug/TargetA.build/Objects-normal/x86_64/TargetA.swiftmodule"]), Task(forTarget: <none>, ruleInfo: ["Gate", "target-TargetB-T-TargetB-21793--Barrier-RegisterProduct"]), Task(forTarget: TargetB, ruleInfo: ["SwiftDriver Compilation Requirements", "TargetB", "normal", "x86_64", "com.apple.xcode.tools.swift.compiler"]), Task(forTarget: <none>, ruleInfo: ["Gate", "target-TargetB-T-TargetB-21793--StubBinaryTaskProducer"]), Task(forTarget: TargetB, ruleInfo: ["Gate", "target-TargetB-T-TargetB-21793--entry"]), Task(forTarget: <none>, ruleInfo: ["SwiftExplicitDependencyCompileModuleFromInterface", "x86_64", "/private/var/folders/xr/m5_5rlsd6l9fk2w4ngj13k6m0000gn/T/swbuild.tmp.Qwrkh9On/Data.noindex/Test/aProject/build/SwiftExplicitPrecompiledModules/Swift-1039YR9EBE61.swiftmodule"]), Task(forTarget: <none>, ruleInfo: ["Gate", "target-TargetB-T-TargetB-21793--GenerateAppPlaygroundAssetCatalogTaskProducer"]), Task(forTarget: TargetB, ruleInfo: ["Gate", "target-TargetB-T-TargetB-21793--begin-linking"]), Task(forTarget: TargetA, ruleInfo: ["WriteAuxiliaryFile", "/private/var/folders/xr/m5_5rlsd6l9fk2w4ngj13k6m0000gn/T/swbuild.tmp.Qwrkh9On/Data.noindex/Test/aProject/build/aProject.build/Debug/TargetA.build/Objects-normal/x86_64/TargetA-OutputFileMap.json"]), Task(forTarget: TargetB, ruleInfo: ["WriteAuxiliaryFile", "/private/var/folders/xr/m5_5rlsd6l9fk2w4ngj13k6m0000gn/T/swbuild.tmp.Qwrkh9On/Data.noindex/Test/aProject/build/aProject.build/Debug/TargetB.build/TargetB.DependencyMetadataFileList"]), Task(forTarget: TargetB, ruleInfo: ["WriteAuxiliaryFile", "/private/var/folders/xr/m5_5rlsd6l9fk2w4ngj13k6m0000gn/T/swbuild.tmp.Qwrkh9On/Data.noindex/Test/aProject/build/aProject.build/Debug/TargetB.build/TargetB.hmap"]), Task(forTarget: <none>, ruleInfo: ["CreateBuildDirectory", "/private/var/folders/xr/m5_5rlsd6l9fk2w4ngj13k6m0000gn/T/swbuild.tmp.Qwrkh9On/Data.noindex/Test/aProject/build/SharedPrecompiledHeaders"]), Task(forTarget: TargetA, ruleInfo: ["Gate", "target-TargetA-T-TargetA-21785--unsigned-product-ready"]), Task(forTarget: TargetA, ruleInfo: ["Gate", "target-TargetA-T-TargetA-21785--will-sign"]), Task(forTarget: TargetB, ruleInfo: ["Copy", "/private/var/folders/xr/m5_5rlsd6l9fk2w4ngj13k6m0000gn/T/swbuild.tmp.Qwrkh9On/Data.noindex/Test/aProject/build/Debug/TargetB.framework/Versions/A/Modules/TargetB.swiftmodule/Project/x86_64-apple-macos.swiftsourceinfo", "/private/var/folders/xr/m5_5rlsd6l9fk2w4ngj13k6m0000gn/T/swbuild.tmp.Qwrkh9On/Data.noindex/Test/aProject/build/aProject.build/Debug/TargetB.build/Objects-normal/x86_64/TargetB.swiftsourceinfo"]), Task(forTarget: TargetA, ruleInfo: ["WriteAuxiliaryFile", "/private/var/folders/xr/m5_5rlsd6l9fk2w4ngj13k6m0000gn/T/swbuild.tmp.Qwrkh9On/Data.noindex/Test/aProject/build/aProject.build/Debug/TargetA.build/TargetA-generated-files.hmap"]), Task(forTarget: TargetA, ruleInfo: ["Gate", "target-TargetA-T-TargetA-21785--linker-inputs-ready"]), Task(forTarget: <none>, ruleInfo: ["Gate", "target-TargetB-T-TargetB-21793--Barrier-GenerateStubAPI"]), Task(forTarget: <none>, ruleInfo: ["Gate", "target-TargetA-T-TargetA-21785--ModuleVerifierTaskProducer"]), Task(forTarget: <none>, ruleInfo: ["Gate", "target-TargetB-T-TargetB-21793--SwiftFrameworkABICheckerTaskProducer"]), Task(forTarget: TargetB, ruleInfo: ["Gate", "target-TargetB-T-TargetB-21793--end"]), Task(forTarget: TargetB, ruleInfo: ["WriteAuxiliaryFile", "/private/var/folders/xr/m5_5rlsd6l9fk2w4ngj13k6m0000gn/T/swbuild.tmp.Qwrkh9On/Data.noindex/Test/aProject/build/aProject.build/Debug/TargetB.build/TargetB-all-target-headers.hmap"]), Task(forTarget: <none>, ruleInfo: ["SwiftExplicitDependencyGeneratePcm", "x86_64", "/private/var/folders/xr/m5_5rlsd6l9fk2w4ngj13k6m0000gn/T/swbuild.tmp.Qwrkh9On/Data.noindex/Test/aProject/build/SwiftExplicitPrecompiledModules/_SwiftConcurrencyShims-BUR8XM1R06AS02RWV63HPG1KR.pcm"]), Task(forTarget: <none>, ruleInfo: ["Gate", "target-TargetB-T-TargetB-21793--Barrier-ChangePermissions"]), Task(forTarget: <none>, ruleInfo: ["Gate", "target-TargetB-T-TargetB-21793--Barrier-CodeSign"]), Task(forTarget: TargetB, ruleInfo: ["Touch", "/private/var/folders/xr/m5_5rlsd6l9fk2w4ngj13k6m0000gn/T/swbuild.tmp.Qwrkh9On/Data.noindex/Test/aProject/build/Debug/TargetB.framework"]), Task(forTarget: <none>, ruleInfo: ["Gate", "target-TargetB-T-TargetB-21793--Barrier-StripSymbols"]), Task(forTarget: TargetB, ruleInfo: ["WriteAuxiliaryFile", "/private/var/folders/xr/m5_5rlsd6l9fk2w4ngj13k6m0000gn/T/swbuild.tmp.Qwrkh9On/Data.noindex/Test/aProject/build/aProject.build/Debug/TargetB.build/Objects-normal/x86_64/TargetB-OutputFileMap.json"]), Task(forTarget: TargetB, ruleInfo: ["GenerateTAPI", "/private/var/folders/xr/m5_5rlsd6l9fk2w4ngj13k6m0000gn/T/swbuild.tmp.Qwrkh9On/Data.noindex/Test/aProject/build/EagerLinkingTBDs/Debug/TargetB.framework/Versions/A/TargetB.tbd"]), Task(forTarget: TargetB, ruleInfo: ["SwiftEmitModule", "normal", "x86_64", "Emitting module for TargetB"]), Task(forTarget: TargetB, ruleInfo: ["MkDir", "/private/var/folders/xr/m5_5rlsd6l9fk2w4ngj13k6m0000gn/T/swbuild.tmp.Qwrkh9On/Data.noindex/Test/aProject/build/Debug/TargetB.framework/Versions"]), Task(forTarget: TargetA, ruleInfo: ["WriteAuxiliaryFile", "/private/var/folders/xr/m5_5rlsd6l9fk2w4ngj13k6m0000gn/T/swbuild.tmp.Qwrkh9On/Data.noindex/Test/aProject/build/aProject.build/Debug/TargetA.build/Objects-normal/x86_64/TargetA.SwiftFileList"]), Task(forTarget: TargetB, ruleInfo: ["ExtractAppIntentsMetadata"]), Task(forTarget: <none>, ruleInfo: ["Gate", "target-TargetB-T-TargetB-21793--ProductStructureTaskProducer"]), Task(forTarget: <none>, ruleInfo: ["Gate", "target-TargetB-T-TargetB-21793--HeadermapTaskProducer"]), Task(forTarget: <none>, ruleInfo: ["CreateBuildDirectory", "/private/var/folders/xr/m5_5rlsd6l9fk2w4ngj13k6m0000gn/T/swbuild.tmp.Qwrkh9On/Data.noindex/Test/aProject/build/Debug"]), Task(forTarget: TargetA, ruleInfo: ["WriteAuxiliaryFile", "/private/var/folders/xr/m5_5rlsd6l9fk2w4ngj13k6m0000gn/T/swbuild.tmp.Qwrkh9On/Data.noindex/Test/aProject/build/aProject.build/Debug/TargetA.build/TargetA.DependencyStaticMetadataFileList"]), Task(forTarget: <none>, ruleInfo: ["Gate", "target-TargetB-T-TargetB-21793--ExtensionPointExtractorTaskProducer"]), Task(forTarget: <none>, ruleInfo: ["Gate", "target-TargetB-T-TargetB-21793--SwiftStandardLibrariesTaskProducer"]), Task(forTarget: TargetA, ruleInfo: ["Copy", "/private/var/folders/xr/m5_5rlsd6l9fk2w4ngj13k6m0000gn/T/swbuild.tmp.Qwrkh9On/Data.noindex/Test/aProject/build/Debug/TargetA.framework/Versions/A/Modules/TargetA.swiftmodule/x86_64-apple-macos.abi.json", "/private/var/folders/xr/m5_5rlsd6l9fk2w4ngj13k6m0000gn/T/swbuild.tmp.Qwrkh9On/Data.noindex/Test/aProject/build/aProject.build/Debug/TargetA.build/Objects-normal/x86_64/TargetA.abi.json"]), Task(forTarget: <none>, ruleInfo: ["CreateBuildDirectory", "/private/var/folders/xr/m5_5rlsd6l9fk2w4ngj13k6m0000gn/T/swbuild.tmp.Qwrkh9On/Data.noindex/Test/aProject/build/ExplicitPrecompiledModules"]), Task(forTarget: TargetB, ruleInfo: ["Gate", "target-TargetB-T-TargetB-21793--immediate"]), Task(forTarget: <none>, ruleInfo: ["Gate", "target-TargetA-T-TargetA-21785--AppExtensionInfoPlistGeneratorTaskProducer"]), Task(forTarget: TargetB, ruleInfo: ["SymLink", "/private/var/folders/xr/m5_5rlsd6l9fk2w4ngj13k6m0000gn/T/swbuild.tmp.Qwrkh9On/Data.noindex/Test/aProject/build/Debug/TargetB.framework/Modules", "Versions/Current/Modules"]), Task(forTarget: <none>, ruleInfo: ["Gate", "target-TargetA-T-TargetA-21785--swift-generated-headers"]), Task(forTarget: <none>, ruleInfo: ["Gate", "target-TargetB-T-TargetB-21793--InfoPlistTaskProducer"]), Task(forTarget: <none>, ruleInfo: ["Gate", "target-TargetB-T-TargetB-21793--AppExtensionInfoPlistGeneratorTaskProducer"]), Task(forTarget: TargetB, ruleInfo: ["SwiftDriver", "TargetB", "normal", "x86_64", "com.apple.xcode.tools.swift.compiler"]), Task(forTarget: <none>, ruleInfo: ["Gate", "target-TargetA-T-TargetA-21785--CopySwiftPackageResourcesTaskProducer"]), Task(forTarget: <none>, ruleInfo: ["Gate", "target-TargetA-T-TargetA-21785--ProductStructureTaskProducer"]), Task(forTarget: TargetA, ruleInfo: ["SymLink", "/private/var/folders/xr/m5_5rlsd6l9fk2w4ngj13k6m0000gn/T/swbuild.tmp.Qwrkh9On/Data.noindex/Test/aProject/build/Debug/TargetA.framework/Versions/Current", "A"]), Task(forTarget: TargetA, ruleInfo: ["SwiftMergeGeneratedHeaders", "/private/var/folders/xr/m5_5rlsd6l9fk2w4ngj13k6m0000gn/T/swbuild.tmp.Qwrkh9On/Data.noindex/Test/aProject/build/Debug/TargetA.framework/Versions/A/Headers/TargetA-Swift.h", "/private/var/folders/xr/m5_5rlsd6l9fk2w4ngj13k6m0000gn/T/swbuild.tmp.Qwrkh9On/Data.noindex/Test/aProject/build/aProject.build/Debug/TargetA.build/Objects-normal/x86_64/TargetA-Swift.h"]), Task(forTarget: <none>, ruleInfo: ["Gate", "target-TargetA-T-TargetA-21785--ProductPostprocessingTaskProducer"]), Task(forTarget: TargetB, ruleInfo: ["Copy", "/private/var/folders/xr/m5_5rlsd6l9fk2w4ngj13k6m0000gn/T/swbuild.tmp.Qwrkh9On/Data.noindex/Test/aProject/build/Debug/TargetB.framework/Versions/A/Modules/TargetB.swiftmodule/x86_64-apple-macos.swiftdoc", "/private/var/folders/xr/m5_5rlsd6l9fk2w4ngj13k6m0000gn/T/swbuild.tmp.Qwrkh9On/Data.noindex/Test/aProject/build/aProject.build/Debug/TargetB.build/Objects-normal/x86_64/TargetB.swiftdoc"]), Task(forTarget: <none>, ruleInfo: ["Gate", "target-TargetA-T-TargetA-21785--DocumentationTaskProducer"]), Task(forTarget: TargetB, ruleInfo: ["SymLink", "/private/var/folders/xr/m5_5rlsd6l9fk2w4ngj13k6m0000gn/T/swbuild.tmp.Qwrkh9On/Data.noindex/Test/aProject/build/Debug/TargetB.framework/Versions/Current", "A"]), Task(forTarget: <none>, ruleInfo: ["Gate", "target-TargetA-T-TargetA-21785--InfoPlistTaskProducer"]), Task(forTarget: <none>, ruleInfo: ["CreateBuildDirectory", "/private/var/folders/xr/m5_5rlsd6l9fk2w4ngj13k6m0000gn/T/swbuild.tmp.Qwrkh9On/Data.noindex/Test/aProject/build"]), Task(forTarget: <none>, ruleInfo: ["Gate", "target-TargetA-T-TargetA-21785--SwiftABIBaselineGenerationTaskProducer"]), Task(forTarget: TargetA, ruleInfo: ["SwiftDriver Compilation", "TargetA", "normal", "x86_64", "com.apple.xcode.tools.swift.compiler"]), Task(forTarget: TargetB, ruleInfo: ["SwiftMergeGeneratedHeaders", "/private/var/folders/xr/m5_5rlsd6l9fk2w4ngj13k6m0000gn/T/swbuild.tmp.Qwrkh9On/Data.noindex/Test/aProject/build/Debug/TargetB.framework/Versions/A/Headers/TargetB-Swift.h", "/private/var/folders/xr/m5_5rlsd6l9fk2w4ngj13k6m0000gn/T/swbuild.tmp.Qwrkh9On/Data.noindex/Test/aProject/build/aProject.build/Debug/TargetB.build/Objects-normal/x86_64/TargetB-Swift.h"]), Task(forTarget: TargetB, ruleInfo: ["Ld", "/private/var/folders/xr/m5_5rlsd6l9fk2w4ngj13k6m0000gn/T/swbuild.tmp.Qwrkh9On/Data.noindex/Test/aProject/build/Debug/TargetB.framework/Versions/A/TargetB", "normal"]), Task(forTarget: TargetB, ruleInfo: ["WriteAuxiliaryFile", "/private/var/folders/xr/m5_5rlsd6l9fk2w4ngj13k6m0000gn/T/swbuild.tmp.Qwrkh9On/Data.noindex/Test/aProject/build/aProject.build/Debug/TargetB.build/TargetB-all-non-framework-target-headers.hmap"]), Task(forTarget: <none>, ruleInfo: ["Gate", "target-TargetA-T-TargetA-21785--TAPISymbolExtractorTaskProducer"]), Task(forTarget: <none>, ruleInfo: ["SwiftExplicitDependencyCompileModuleFromInterface", "x86_64", "/private/var/folders/xr/m5_5rlsd6l9fk2w4ngj13k6m0000gn/T/swbuild.tmp.Qwrkh9On/Data.noindex/Test/aProject/build/SwiftExplicitPrecompiledModules/_Concurrency-2W8LU3DF58RLX.swiftmodule"]), Task(forTarget: <none>, ruleInfo: ["Gate", "target-TargetB-T-TargetB-21793--Barrier-ChangeAlternatePermissions"]), Task(forTarget: <none>, ruleInfo: ["Gate", "target-TargetA-T-TargetA-21785--SwiftPackageCopyFilesTaskProducer"]), Task(forTarget: <none>, ruleInfo: ["Gate", "target-TargetA-T-TargetA-21785--copy-headers-completion"]), Task(forTarget: <none>, ruleInfo: ["Gate", "WorkspaceHeaderMapVFSFilesWritten"]), Task(forTarget: TargetA, ruleInfo: ["Gate", "target-TargetA-T-TargetA-21785--modules-ready"]), Task(forTarget: <none>, ruleInfo: ["Gate", "target-TargetB-T-TargetB-21793--SanitizerTaskProducer"]), Task(forTarget: <none>, ruleInfo: ["Gate", "target-TargetA-T-TargetA-21785--Barrier-ChangeAlternatePermissions"]), Task(forTarget: TargetB, ruleInfo: ["SymLink", "/private/var/folders/xr/m5_5rlsd6l9fk2w4ngj13k6m0000gn/T/swbuild.tmp.Qwrkh9On/Data.noindex/Test/aProject/build/Debug/TargetB.framework/Headers", "Versions/Current/Headers"]), Task(forTarget: <none>, ruleInfo: ["CreateBuildDirectory", "/var/folders/xr/m5_5rlsd6l9fk2w4ngj13k6m0000gn/C/com.apple.DeveloperTools/26.4.1-17E202/Xcode/CompilationCache.noindex"]), Task(forTarget: <none>, ruleInfo: ["Gate", "target-TargetA-T-TargetA-21785--CustomTaskProducer"]), Task(forTarget: <none>, ruleInfo: ["Gate", "target-TargetA-T-TargetA-21785--AppIntentsMetadataTaskProducer"]), Task(forTarget: TargetB, ruleInfo: ["Copy", "/private/var/folders/xr/m5_5rlsd6l9fk2w4ngj13k6m0000gn/T/swbuild.tmp.Qwrkh9On/Data.noindex/Test/aProject/build/Debug/TargetB.framework/Versions/A/Modules/TargetB.swiftmodule/x86_64-apple-macos.abi.json", "/private/var/folders/xr/m5_5rlsd6l9fk2w4ngj13k6m0000gn/T/swbuild.tmp.Qwrkh9On/Data.noindex/Test/aProject/build/aProject.build/Debug/TargetB.build/Objects-normal/x86_64/TargetB.abi.json"]), Task(forTarget: <none>, ruleInfo: ["Gate", "target-TargetA-T-TargetA-21785--TestHostTaskProducer"]), Task(forTarget: TargetB, ruleInfo: ["WriteAuxiliaryFile", "/private/var/folders/xr/m5_5rlsd6l9fk2w4ngj13k6m0000gn/T/swbuild.tmp.Qwrkh9On/Data.noindex/Test/aProject/build/aProject.build/Debug/TargetB.build/Objects-normal/x86_64/TargetB.LinkFileList"]), Task(forTarget: <none>, ruleInfo: ["Gate", "target-TargetA-T-TargetA-21785--TestTargetPostprocessingTaskProducer"]), Task(forTarget: <none>, ruleInfo: ["Gate", "target-TargetA-T-TargetA-21785--Barrier-GenerateStubAPI"]), Task(forTarget: TargetB, ruleInfo: ["Gate", "target-TargetB-T-TargetB-21793--will-sign"]), Task(forTarget: <none>, ruleInfo: ["Gate", "target-TargetA-T-TargetA-21785--generated-headers"]), Task(forTarget: <none>, ruleInfo: ["Gate", "target-TargetB-T-TargetB-21793--Barrier-RegisterExecutionPolicyException"]), Task(forTarget: TargetB, ruleInfo: ["SymLink", "/private/var/folders/xr/m5_5rlsd6l9fk2w4ngj13k6m0000gn/T/swbuild.tmp.Qwrkh9On/Data.noindex/Test/aProject/build/EagerLinkingTBDs/Debug/TargetB.framework/TargetB.tbd", "/private/var/folders/xr/m5_5rlsd6l9fk2w4ngj13k6m0000gn/T/swbuild.tmp.Qwrkh9On/Data.noindex/Test/aProject/build/EagerLinkingTBDs/Debug/TargetB.framework/Versions/A/TargetB.tbd"]), Task(forTarget: TargetB, ruleInfo: ["WriteAuxiliaryFile", "/private/var/folders/xr/m5_5rlsd6l9fk2w4ngj13k6m0000gn/T/swbuild.tmp.Qwrkh9On/Data.noindex/Test/aProject/build/aProject.build/Debug/TargetB.build/TargetB-own-target-headers.hmap"]), Task(forTarget: TargetB, ruleInfo: ["WriteAuxiliaryFile", "/private/var/folders/xr/m5_5rlsd6l9fk2w4ngj13k6m0000gn/T/swbuild.tmp.Qwrkh9On/Data.noindex/Test/aProject/build/aProject.build/Debug/TargetB.build/TargetB-project-headers.hmap"]), Task(forTarget: <none>, ruleInfo: ["Gate", "target-TargetB-T-TargetB-21793--DocumentationTaskProducer"]), Task(forTarget: <none>, ruleInfo: ["Gate", "target-TargetA-T-TargetA-21785--TestEntryPointTaskProducerFactory"]), Task(forTarget: <none>, ruleInfo: ["Gate", "target-TargetA-T-TargetA-21785--TestTargetTaskProducer"]), Task(forTarget: TargetA, ruleInfo: ["Touch", "/private/var/folders/xr/m5_5rlsd6l9fk2w4ngj13k6m0000gn/T/swbuild.tmp.Qwrkh9On/Data.noindex/Test/aProject/build/Debug/TargetA.framework"]), Task(forTarget: <none>, ruleInfo: ["Gate", "target-TargetA-T-TargetA-21785--HeadermapTaskProducer"]), Task(forTarget: <none>, ruleInfo: ["Gate", "target-TargetB-T-TargetB-21793--fused-phase0-compile-sources&link-binary"]), Task(forTarget: TargetB, ruleInfo: ["WriteAuxiliaryFile", "/private/var/folders/xr/m5_5rlsd6l9fk2w4ngj13k6m0000gn/T/swbuild.tmp.Qwrkh9On/Data.noindex/Test/aProject/build/aProject.build/Debug/TargetB.build/TargetB.DependencyStaticMetadataFileList"]), Task(forTarget: <none>, ruleInfo: ["Gate", "target-TargetB-T-TargetB-21793--TestTargetTaskProducer"]), Task(forTarget: <none>, ruleInfo: ["Gate", "target-TargetA-T-TargetA-21785--RealityAssetsTaskProducer"]), Task(forTarget: <none>, ruleInfo: ["Gate", "target-TargetB-T-TargetB-21793--CustomTaskProducer"]), Task(forTarget: TargetB, ruleInfo: ["RegisterExecutionPolicyException", "/private/var/folders/xr/m5_5rlsd6l9fk2w4ngj13k6m0000gn/T/swbuild.tmp.Qwrkh9On/Data.noindex/Test/aProject/build/Debug/TargetB.framework"]), Task(forTarget: TargetA, ruleInfo: ["WriteAuxiliaryFile", "/private/var/folders/xr/m5_5rlsd6l9fk2w4ngj13k6m0000gn/T/swbuild.tmp.Qwrkh9On/Data.noindex/Test/aProject/build/aProject.build/Debug/TargetA.build/TargetA-all-non-framework-target-headers.hmap"]), Task(forTarget: TargetB, ruleInfo: ["SwiftCompile", "normal", "x86_64", "Compiling fileB1.swift", "/private/var/folders/xr/m5_5rlsd6l9fk2w4ngj13k6m0000gn/T/swbuild.tmp.Qwrkh9On/Data.noindex/Test/aProject/Sources/fileB1.swift"]), Task(forTarget: <none>, ruleInfo: ["Gate", "target-TargetA-T-TargetA-21785--Barrier-CodeSign"]), Task(forTarget: <none>, ruleInfo: ["Gate", "target-TargetB-T-TargetB-21793--AppIntentsMetadataTaskProducer"]), Task(forTarget: TargetB, ruleInfo: ["Gate", "target-TargetB-T-TargetB-21793--unsigned-product-ready"]), Task(forTarget: TargetA, ruleInfo: ["SwiftDriver", "TargetA", "normal", "x86_64", "com.apple.xcode.tools.swift.compiler"]), Task(forTarget: TargetA, ruleInfo: ["Gate", "target-TargetA-T-TargetA-21785--end"]), Task(forTarget: TargetA, ruleInfo: ["Gate", "target-TargetA-T-TargetA-21785--begin-scanning"]), Task(forTarget: TargetB, ruleInfo: ["WriteAuxiliaryFile", "/private/var/folders/xr/m5_5rlsd6l9fk2w4ngj13k6m0000gn/T/swbuild.tmp.Qwrkh9On/Data.noindex/Test/aProject/build/aProject.build/Debug/TargetB.build/Objects-normal/x86_64/TargetB_const_extract_protocols.json"]), Task(forTarget: <none>, ruleInfo: ["Gate", "target-TargetA-T-TargetA-21785--StubBinaryTaskProducer"]), Task(forTarget: TargetB, ruleInfo: ["MkDir", "/private/var/folders/xr/m5_5rlsd6l9fk2w4ngj13k6m0000gn/T/swbuild.tmp.Qwrkh9On/Data.noindex/Test/aProject/build/Debug/TargetB.framework/Versions/A"]), Task(forTarget: TargetA, ruleInfo: ["SwiftCompile", "normal", "x86_64", "Compiling fileA2.swift", "/private/var/folders/xr/m5_5rlsd6l9fk2w4ngj13k6m0000gn/T/swbuild.tmp.Qwrkh9On/Data.noindex/Test/aProject/Sources/fileA2.swift"]), Task(forTarget: <none>, ruleInfo: ["Gate", "target-TargetA-T-TargetA-21785--fused-phase0-compile-sources"]), Task(forTarget: <none>, ruleInfo: ["Gate", "target-TargetA-T-TargetA-21785--ModuleMapTaskProducer"]), Task(forTarget: <none>, ruleInfo: ["Gate", "target-TargetA-T-TargetA-21785--GeneratedFilesTaskProducer"]), Task(forTarget: <none>, ruleInfo: ["Gate", "target-TargetA-T-TargetA-21785--SwiftStandardLibrariesTaskProducer"]), Task(forTarget: TargetA, ruleInfo: ["GenerateTAPI", "/private/var/folders/xr/m5_5rlsd6l9fk2w4ngj13k6m0000gn/T/swbuild.tmp.Qwrkh9On/Data.noindex/Test/aProject/build/EagerLinkingTBDs/Debug/TargetA.framework/Versions/A/TargetA.tbd"]), Task(forTarget: <none>, ruleInfo: ["Gate", "target-TargetA-T-TargetA-21785--Barrier-Validate"]), Task(forTarget: TargetB, ruleInfo: ["WriteAuxiliaryFile", "/private/var/folders/xr/m5_5rlsd6l9fk2w4ngj13k6m0000gn/T/swbuild.tmp.Qwrkh9On/Data.noindex/Test/aProject/build/aProject.build/Debug/TargetB.build/Objects-normal/x86_64/TargetB.SwiftFileList"]), Task(forTarget: TargetA, ruleInfo: ["MkDir", "/private/var/folders/xr/m5_5rlsd6l9fk2w4ngj13k6m0000gn/T/swbuild.tmp.Qwrkh9On/Data.noindex/Test/aProject/build/Debug/TargetA.framework"]), Task(forTarget: <none>, ruleInfo: ["Gate", "target-TargetA-T-TargetA-21785--ExtensionPointExtractorTaskProducer"]), Task(forTarget: TargetA, ruleInfo: ["SymLink", "/private/var/folders/xr/m5_5rlsd6l9fk2w4ngj13k6m0000gn/T/swbuild.tmp.Qwrkh9On/Data.noindex/Test/aProject/build/Debug/TargetA.framework/TargetA", "Versions/Current/TargetA"]), Task(forTarget: TargetA, ruleInfo: ["MkDir", "/private/var/folders/xr/m5_5rlsd6l9fk2w4ngj13k6m0000gn/T/swbuild.tmp.Qwrkh9On/Data.noindex/Test/aProject/build/Debug/TargetA.framework/Versions/A"]), Task(forTarget: <none>, ruleInfo: ["Gate", "target-TargetB-T-TargetB-21793--generated-headers"]), Task(forTarget: <none>, ruleInfo: ["Gate", "target-TargetA-T-TargetA-21785--SwiftFrameworkABICheckerTaskProducer"]), Task(forTarget: TargetB, ruleInfo: ["Gate", "target-TargetB-T-TargetB-21793--modules-ready"]), Task(forTarget: <none>, ruleInfo: ["ClangStatCache", "/Applications/Xcode17E.app/Contents/Developer/Toolchains/XcodeDefault.xctoolchain/usr/bin/clang-stat-cache", "/Applications/Xcode17E.app/Contents/Developer/Platforms/MacOSX.platform/Developer/SDKs/MacOSX26.4.sdk", "/private/var/folders/xr/m5_5rlsd6l9fk2w4ngj13k6m0000gn/T/swbuild.tmp.Qwrkh9On/Data.noindex/Test/SDKStatCaches.noindex/macosx26.4-25E260-95aa6cf8f3effd57bda17e0c125410c0.sdkstatcache"]), Task(forTarget: TargetB, ruleInfo: ["SymLink", "/private/var/folders/xr/m5_5rlsd6l9fk2w4ngj13k6m0000gn/T/swbuild.tmp.Qwrkh9On/Data.noindex/Test/aProject/build/Debug/TargetB.framework/TargetB", "Versions/Current/TargetB"]), Task(forTarget: TargetA, ruleInfo: ["MkDir", "/private/var/folders/xr/m5_5rlsd6l9fk2w4ngj13k6m0000gn/T/swbuild.tmp.Qwrkh9On/Data.noindex/Test/aProject/build/Debug/TargetA.framework/Versions/A/Headers"]), Task(forTarget: <none>, ruleInfo: ["Gate", "target-TargetB-T-TargetB-21793--TestHostTaskProducer"]), Task(forTarget: TargetA, ruleInfo: ["Gate", "target-TargetA-T-TargetA-21785--begin-linking"]), Task(forTarget: <none>, ruleInfo: ["Gate", "target-TargetB-T-TargetB-21793--ModuleMapTaskProducer"]), Task(forTarget: <none>, ruleInfo: ["CreateBuildDirectory", "/private/var/folders/xr/m5_5rlsd6l9fk2w4ngj13k6m0000gn/T/swbuild.tmp.Qwrkh9On/Data.noindex/Test/aProject/build/SwiftExplicitPrecompiledModules"]), Task(forTarget: <none>, ruleInfo: ["Gate", "target-TargetB-T-TargetB-21793--SwiftABIBaselineGenerationTaskProducer"]), Task(forTarget: <none>, ruleInfo: ["Gate", "target-TargetB-T-TargetB-21793--TestTargetPostprocessingTaskProducer"]), Task(forTarget: <none>, ruleInfo: ["CreateBuildDirectory", "/private/var/folders/xr/m5_5rlsd6l9fk2w4ngj13k6m0000gn/T/swbuild.tmp.Qwrkh9On/Data.noindex/Test/aProject/build/EagerLinkingTBDs/Debug"]), Task(forTarget: TargetA, ruleInfo: ["WriteAuxiliaryFile", "/private/var/folders/xr/m5_5rlsd6l9fk2w4ngj13k6m0000gn/T/swbuild.tmp.Qwrkh9On/Data.noindex/Test/aProject/build/aProject.build/Debug/TargetA.build/Objects-normal/x86_64/TargetA.SwiftConstValuesFileList"]), Task(forTarget: <none>, ruleInfo: ["Gate", "target-TargetA-T-TargetA-21785--GenerateAppPlaygroundAssetCatalogTaskProducer"]), Task(forTarget: <none>, ruleInfo: ["WriteAuxiliaryFile", "/private/var/folders/xr/m5_5rlsd6l9fk2w4ngj13k6m0000gn/T/swbuild.tmp.Qwrkh9On/Data.noindex/Test/aProject/build/aProject.build/Debug/aProject-P21796-VFS/all-product-headers.yaml"]), Task(forTarget: <none>, ruleInfo: ["Gate", "target-TargetB-T-TargetB-21793--CopySwiftPackageResourcesTaskProducer"]), Task(forTarget: <none>, ruleInfo: ["Gate", "target-TargetB-T-TargetB-21793--Barrier-CopyAside"]), Task(forTarget: TargetA, ruleInfo: ["WriteAuxiliaryFile", "/private/var/folders/xr/m5_5rlsd6l9fk2w4ngj13k6m0000gn/T/swbuild.tmp.Qwrkh9On/Data.noindex/Test/aProject/build/aProject.build/Debug/TargetA.build/TargetA-project-headers.hmap"]), Task(forTarget: TargetB, ruleInfo: ["MkDir", "/private/var/folders/xr/m5_5rlsd6l9fk2w4ngj13k6m0000gn/T/swbuild.tmp.Qwrkh9On/Data.noindex/Test/aProject/build/Debug/TargetB.framework"]), Task(forTarget: TargetA, ruleInfo: ["SymLink", "/private/var/folders/xr/m5_5rlsd6l9fk2w4ngj13k6m0000gn/T/swbuild.tmp.Qwrkh9On/Data.noindex/Test/aProject/build/Debug/TargetA.framework/Modules", "Versions/Current/Modules"]), Task(forTarget: <none>, ruleInfo: ["SwiftExplicitDependencyCompileModuleFromInterface", "x86_64", "/private/var/folders/xr/m5_5rlsd6l9fk2w4ngj13k6m0000gn/T/swbuild.tmp.Qwrkh9On/Data.noindex/Test/aProject/build/SwiftExplicitPrecompiledModules/_StringProcessing-13GX4EAKQZW8B.swiftmodule"]), Task(forTarget: TargetA, ruleInfo: ["RegisterExecutionPolicyException", "/private/var/folders/xr/m5_5rlsd6l9fk2w4ngj13k6m0000gn/T/swbuild.tmp.Qwrkh9On/Data.noindex/Test/aProject/build/Debug/TargetA.framework"]), Task(forTarget: TargetA, ruleInfo: ["Copy", "/private/var/folders/xr/m5_5rlsd6l9fk2w4ngj13k6m0000gn/T/swbuild.tmp.Qwrkh9On/Data.noindex/Test/aProject/build/Debug/TargetA.framework/Versions/A/Modules/TargetA.swiftmodule/Project/x86_64-apple-macos.swiftsourceinfo", "/private/var/folders/xr/m5_5rlsd6l9fk2w4ngj13k6m0000gn/T/swbuild.tmp.Qwrkh9On/Data.noindex/Test/aProject/build/aProject.build/Debug/TargetA.build/Objects-normal/x86_64/TargetA.swiftsourceinfo"]), Task(forTarget: <none>, ruleInfo: ["Gate", "target-TargetB-T-TargetB-21793--copy-headers-completion"]), Task(forTarget: <none>, ruleInfo: ["Gate", "target-TargetB-T-TargetB-21793--TestEntryPointTaskProducerFactory"]), Task(forTarget: TargetA, ruleInfo: ["Gate", "target-TargetA-T-TargetA-21785--immediate"]), Task(forTarget: <none>, ruleInfo: ["Gate", "target-TargetA-T-TargetA-21785--Barrier-RegisterProduct"]), Task(forTarget: <none>, ruleInfo: ["Gate", "target-TargetB-T-TargetB-21793--Barrier-Validate"]), Task(forTarget: TargetB, ruleInfo: ["Copy", "/private/var/folders/xr/m5_5rlsd6l9fk2w4ngj13k6m0000gn/T/swbuild.tmp.Qwrkh9On/Data.noindex/Test/aProject/build/Debug/TargetB.framework/Versions/A/Modules/TargetB.swiftmodule/x86_64-apple-macos.swiftmodule", "/private/var/folders/xr/m5_5rlsd6l9fk2w4ngj13k6m0000gn/T/swbuild.tmp.Qwrkh9On/Data.noindex/Test/aProject/build/aProject.build/Debug/TargetB.build/Objects-normal/x86_64/TargetB.swiftmodule"]), Task(forTarget: TargetB, ruleInfo: ["WriteAuxiliaryFile", "/private/var/folders/xr/m5_5rlsd6l9fk2w4ngj13k6m0000gn/T/swbuild.tmp.Qwrkh9On/Data.noindex/Test/aProject/build/aProject.build/Debug/TargetB.build/TargetB-generated-files.hmap"]), Task(forTarget: TargetA, ruleInfo: ["Gate", "target-TargetA-T-TargetA-21785--begin-compiling"]), Task(forTarget: TargetA, ruleInfo: ["WriteAuxiliaryFile", "/private/var/folders/xr/m5_5rlsd6l9fk2w4ngj13k6m0000gn/T/swbuild.tmp.Qwrkh9On/Data.noindex/Test/aProject/build/aProject.build/Debug/TargetA.build/TargetA.hmap"]), Task(forTarget: TargetA, ruleInfo: ["SwiftEmitModule", "normal", "x86_64", "Emitting module for TargetA"]), Task(forTarget: TargetB, ruleInfo: ["Gate", "target-TargetB-T-TargetB-21793--begin-compiling"]), Task(forTarget: <none>, ruleInfo: ["Gate", "target-TargetB-T-TargetB-21793--SwiftPackageCopyFilesTaskProducer"]), Task(forTarget: <none>, ruleInfo: ["Gate", "target-TargetA-T-TargetA-21785--SanitizerTaskProducer"]), Task(forTarget: TargetA, ruleInfo: ["WriteAuxiliaryFile", "/private/var/folders/xr/m5_5rlsd6l9fk2w4ngj13k6m0000gn/T/swbuild.tmp.Qwrkh9On/Data.noindex/Test/aProject/build/aProject.build/Debug/TargetA.build/TargetA-own-target-headers.hmap"]), Task(forTarget: TargetA, ruleInfo: ["WriteAuxiliaryFile", "/private/var/folders/xr/m5_5rlsd6l9fk2w4ngj13k6m0000gn/T/swbuild.tmp.Qwrkh9On/Data.noindex/Test/aProject/build/aProject.build/Debug/TargetA.build/Objects-normal/x86_64/TargetA.LinkFileList"]), Task(forTarget: TargetA, ruleInfo: ["SwiftCompile", "normal", "x86_64", "Compiling fileA1.swift", "/private/var/folders/xr/m5_5rlsd6l9fk2w4ngj13k6m0000gn/T/swbuild.tmp.Qwrkh9On/Data.noindex/Test/aProject/Sources/fileA1.swift"])]
↳ Occasionally fails in CI due to SwiftExplicitDependencyCompileModuleFromInterface missing from the dependency graph
━ Test swiftEagerCompilationWithExplicitModules() recorded a known issue at SwiftDriverTests.swift:3580:67: Issue recorded
↳ Unexpected dependency for Task(forTarget: TargetA, ruleInfo: ["SwiftCompile", "normal", "x86_64", "Compiling fileA1.swift", "/private/var/folders/xr/m5_5rlsd6l9fk2w4ngj13k6m0000gn/T/swbuild.tmp.Qwrkh9On/Data.noindex/Test/aProject/Sources/fileA1.swift"]): found ::SwiftExplicitDependencyCompileModuleFromInterface x86_64 /private/var/folders/xr/m5_5rlsd6l9fk2w4ngj13k6m0000gn/T/swbuild.tmp.Qwrkh9On/Data.noindex/Test/aProject/build/SwiftExplicitPrecompiledModules/_StringProcessing-13GX4EAKQZW8B.swiftmodule
↳ Occasionally fails in CI due to SwiftExplicitDependencyCompileModuleFromInterface missing from the dependency graph
━ Test swiftEagerCompilationWithExplicitModules() recorded a known issue at SwiftDriverTests.swift:3580:67: Issue recorded
↳ Unexpected dependency for Task(forTarget: TargetA, ruleInfo: ["SwiftCompile", "normal", "x86_64", "Compiling fileA1.swift", "/private/var/folders/xr/m5_5rlsd6l9fk2w4ngj13k6m0000gn/T/swbuild.tmp.Qwrkh9On/Data.noindex/Test/aProject/Sources/fileA1.swift"]): found ::SwiftExplicitDependencyCompileModuleFromInterface x86_64 /private/var/folders/xr/m5_5rlsd6l9fk2w4ngj13k6m0000gn/T/swbuild.tmp.Qwrkh9On/Data.noindex/Test/aProject/build/SwiftExplicitPrecompiledModules/_Concurrency-2W8LU3DF58RLX.swiftmodule
↳ Occasionally fails in CI due to SwiftExplicitDependencyCompileModuleFromInterface missing from the dependency graph
━ Test swiftEagerCompilationWithExplicitModules() recorded a known issue at SwiftDriverTests.swift:3580:67: Issue recorded
↳ Unexpected dependency for Task(forTarget: TargetA, ruleInfo: ["SwiftCompile", "normal", "x86_64", "Compiling fileA1.swift", "/private/var/folders/xr/m5_5rlsd6l9fk2w4ngj13k6m0000gn/T/swbuild.tmp.Qwrkh9On/Data.noindex/Test/aProject/Sources/fileA1.swift"]): found ::SwiftExplicitDependencyCompileModuleFromInterface x86_64 /private/var/folders/xr/m5_5rlsd6l9fk2w4ngj13k6m0000gn/T/swbuild.tmp.Qwrkh9On/Data.noindex/Test/aProject/build/SwiftExplicitPrecompiledModules/Swift-1039YR9EBE61.swiftmodule
↳ Occasionally fails in CI due to SwiftExplicitDependencyCompileModuleFromInterface missing from the dependency graph
━ Test swiftEagerCompilationWithExplicitModules() recorded a known issue at SwiftDriverTests.swift:3580:67: Issue recorded
↳ Unexpected dependency for Task(forTarget: TargetA, ruleInfo: ["SwiftCompile", "normal", "x86_64", "Compiling fileA1.swift", "/private/var/folders/xr/m5_5rlsd6l9fk2w4ngj13k6m0000gn/T/swbuild.tmp.Qwrkh9On/Data.noindex/Test/aProject/Sources/fileA1.swift"]): found ::SwiftExplicitDependencyGeneratePcm x86_64 /private/var/folders/xr/m5_5rlsd6l9fk2w4ngj13k6m0000gn/T/swbuild.tmp.Qwrkh9On/Data.noindex/Test/aProject/build/SwiftExplicitPrecompiledModules/SwiftShims-E7NR5GGR9Z7GY7PSRPSK1C6L1.pcm
↳ Occasionally fails in CI due to SwiftExplicitDependencyCompileModuleFromInterface missing from the dependency graph
━ Test swiftEagerCompilationWithExplicitModules() recorded a known issue at SwiftDriverTests.swift:3580:67: Issue recorded
↳ Unexpected dependency for Task(forTarget: TargetA, ruleInfo: ["SwiftCompile", "normal", "x86_64", "Compiling fileA1.swift", "/private/var/folders/xr/m5_5rlsd6l9fk2w4ngj13k6m0000gn/T/swbuild.tmp.Qwrkh9On/Data.noindex/Test/aProject/Sources/fileA1.swift"]): found ::SwiftExplicitDependencyGeneratePcm x86_64 /private/var/folders/xr/m5_5rlsd6l9fk2w4ngj13k6m0000gn/T/swbuild.tmp.Qwrkh9On/Data.noindex/Test/aProject/build/SwiftExplicitPrecompiledModules/_SwiftConcurrencyShims-BUR8XM1R06AS02RWV63HPG1KR.pcm
↳ Occasionally fails in CI due to SwiftExplicitDependencyCompileModuleFromInterface missing from the dependency graph
✔ Test toolsConsumedByCustomTasksPreparingForIndexingAreBuiltDuringIndexingPreparation() passed after 227.185 seconds.
━ Test swiftEagerCompilationWithExplicitModules() recorded a known issue at SwiftDriverTests.swift:3586:55: Issue recorded
↳ Task Task(forTarget: TargetA, ruleInfo: ["SwiftCompile", "normal", "x86_64", "Compiling fileA2.swift", "/private/var/folders/xr/m5_5rlsd6l9fk2w4ngj13k6m0000gn/T/swbuild.tmp.Qwrkh9On/Data.noindex/Test/aProject/Sources/fileA2.swift"]) does not follow any tasks matching [Rule matches [SWBTestSupport.StringPattern.equal("SwiftExplicitDependencyCompileModuleFromInterface"), SWBTestSupport.StringPattern.equal("normal"), SWBTestSupport.StringPattern.equal("x86_64"), SWBTestSupport.StringPattern.contains("Swift-")]]. Found: [] in [Task(forTarget: TargetA, ruleInfo: ["Ld", "/private/var/folders/xr/m5_5rlsd6l9fk2w4ngj13k6m0000gn/T/swbuild.tmp.Qwrkh9On/Data.noindex/Test/aProject/build/Debug/TargetA.framework/Versions/A/TargetA", "normal"]), Task(forTarget: <none>, ruleInfo: ["Gate", "target-TargetA-T-TargetA-21785--Barrier-RegisterExecutionPolicyException"]), Task(forTarget: TargetA, ruleInfo: ["MkDir", "/private/var/folders/xr/m5_5rlsd6l9fk2w4ngj13k6m0000gn/T/swbuild.tmp.Qwrkh9On/Data.noindex/Test/aProject/build/Debug/TargetA.framework/Versions"]), Task(forTarget: TargetA, ruleInfo: ["SymLink", "/private/var/folders/xr/m5_5rlsd6l9fk2w4ngj13k6m0000gn/T/swbuild.tmp.Qwrkh9On/Data.noindex/Test/aProject/build/EagerLinkingTBDs/Debug/TargetA.framework/TargetA.tbd", "/private/var/folders/xr/m5_5rlsd6l9fk2w4ngj13k6m0000gn/T/swbuild.tmp.Qwrkh9On/Data.noindex/Test/aProject/build/EagerLinkingTBDs/Debug/TargetA.framework/Versions/A/TargetA.tbd"]), Task(forTarget: <none>, ruleInfo: ["Gate", "target-TargetB-T-TargetB-21793--GeneratedFilesTaskProducer"]), Task(forTarget: TargetA, ruleInfo: ["ExtractAppIntentsMetadata"]), Task(forTarget: TargetB, ruleInfo: ["MkDir", "/private/var/folders/xr/m5_5rlsd6l9fk2w4ngj13k6m0000gn/T/swbuild.tmp.Qwrkh9On/Data.noindex/Test/aProject/build/Debug/TargetB.framework/Versions/A/Headers"]), Task(forTarget: <none>, ruleInfo: ["Gate", "target-TargetA-T-TargetA-21785--Barrier-StripSymbols"]), Task(forTarget: TargetB, ruleInfo: ["SwiftDriver Compilation", "TargetB", "normal", "x86_64", "com.apple.xcode.tools.swift.compiler"]), Task(forTarget: TargetB, ruleInfo: ["WriteAuxiliaryFile", "/private/var/folders/xr/m5_5rlsd6l9fk2w4ngj13k6m0000gn/T/swbuild.tmp.Qwrkh9On/Data.noindex/Test/aProject/build/aProject.build/Debug/TargetB.build/Objects-normal/x86_64/TargetB.SwiftConstValuesFileList"]), Task(forTarget: <none>, ruleInfo: ["Gate", "target-TargetB-T-TargetB-21793--TAPISymbolExtractorTaskProducer"]), Task(forTarget: <none>, ruleInfo: ["Gate", "target-TargetB-T-TargetB-21793--swift-generated-headers"]), Task(forTarget: <none>, ruleInfo: ["Gate", "target-TargetB-T-TargetB-21793--ProductPostprocessingTaskProducer"]), Task(forTarget: <none>, ruleInfo: ["Gate", "target-TargetB-T-TargetB-21793--RealityAssetsTaskProducer"]), Task(forTarget: <none>, ruleInfo: ["Gate", "target-TargetA-T-TargetA-21785--Barrier-CopyAside"]), Task(forTarget: <none>, ruleInfo: ["SwiftExplicitDependencyGeneratePcm", "x86_64", "/private/var/folders/xr/m5_5rlsd6l9fk2w4ngj13k6m0000gn/T/swbuild.tmp.Qwrkh9On/Data.noindex/Test/aProject/build/SwiftExplicitPrecompiledModules/SwiftShims-E7NR5GGR9Z7GY7PSRPSK1C6L1.pcm"]), Task(forTarget: TargetA, ruleInfo: ["Copy", "/private/var/folders/xr/m5_5rlsd6l9fk2w4ngj13k6m0000gn/T/swbuild.tmp.Qwrkh9On/Data.noindex/Test/aProject/build/Debug/TargetA.framework/Versions/A/Modules/TargetA.swiftmodule/x86_64-apple-macos.swiftdoc", "/private/var/folders/xr/m5_5rlsd6l9fk2w4ngj13k6m0000gn/T/swbuild.tmp.Qwrkh9On/Data.noindex/Test/aProject/build/aProject.build/Debug/TargetA.build/Objects-normal/x86_64/TargetA.swiftdoc"]), Task(forTarget: TargetB, ruleInfo: ["Gate", "target-TargetB-T-TargetB-21793--begin-scanning"]), Task(forTarget: <none>, ruleInfo: ["Gate", "target-TargetB-T-TargetB-21793--ModuleVerifierTaskProducer"]), Task(forTarget: TargetA, ruleInfo: ["SymLink", "/private/var/folders/xr/m5_5rlsd6l9fk2w4ngj13k6m0000gn/T/swbuild.tmp.Qwrkh9On/Data.noindex/Test/aProject/build/Debug/TargetA.framework/Headers", "Versions/Current/Headers"]), Task(forTarget: TargetB, ruleInfo: ["SwiftCompile", "normal", "x86_64", "Compiling fileB2.swift", "/private/var/folders/xr/m5_5rlsd6l9fk2w4ngj13k6m0000gn/T/swbuild.tmp.Qwrkh9On/Data.noindex/Test/aProject/Sources/fileB2.swift"]), Task(forTarget: TargetB, ruleInfo: ["Gate", "target-TargetB-T-TargetB-21793--linker-inputs-ready"]), Task(forTarget: <none>, ruleInfo: ["Gate", "target-TargetA-T-TargetA-21785--Barrier-ChangePermissions"]), Task(forTarget: TargetA, ruleInfo: ["WriteAuxiliaryFile", "/private/var/folders/xr/m5_5rlsd6l9fk2w4ngj13k6m0000gn/T/swbuild.tmp.Qwrkh9On/Data.noindex/Test/aProject/build/aProject.build/Debug/TargetA.build/TargetA-all-target-headers.hmap"]), Task(forTarget: TargetA, ruleInfo: ["SwiftDriver Compilation Requirements", "TargetA", "normal", "x86_64", "com.apple.xcode.tools.swift.compiler"]), Task(forTarget: TargetA, ruleInfo: ["WriteAuxiliaryFile", "/private/var/folders/xr/m5_5rlsd6l9fk2w4ngj13k6m0000gn/T/swbuild.tmp.Qwrkh9On/Data.noindex/Test/aProject/build/aProject.build/Debug/TargetA.build/Objects-normal/x86_64/TargetA_const_extract_protocols.json"]), Task(forTarget: TargetA, ruleInfo: ["Gate", "target-TargetA-T-TargetA-21785--entry"]), Task(forTarget: TargetA, ruleInfo: ["WriteAuxiliaryFile", "/private/var/folders/xr/m5_5rlsd6l9fk2w4ngj13k6m0000gn/T/swbuild.tmp.Qwrkh9On/Data.noindex/Test/aProject/build/aProject.build/Debug/TargetA.build/TargetA.DependencyMetadataFileList"]), Task(forTarget: TargetA, ruleInfo: ["Copy", "/private/var/folders/xr/m5_5rlsd6l9fk2w4ngj13k6m0000gn/T/swbuild.tmp.Qwrkh9On/Data.noindex/Test/aProject/build/Debug/TargetA.framework/Versions/A/Modules/TargetA.swiftmodule/x86_64-apple-macos.swiftmodule", "/private/var/folders/xr/m5_5rlsd6l9fk2w4ngj13k6m0000gn/T/swbuild.tmp.Qwrkh9On/Data.noindex/Test/aProject/build/aProject.build/Debug/TargetA.build/Objects-normal/x86_64/TargetA.swiftmodule"]), Task(forTarget: <none>, ruleInfo: ["Gate", "target-TargetB-T-TargetB-21793--Barrier-RegisterProduct"]), Task(forTarget: TargetB, ruleInfo: ["SwiftDriver Compilation Requirements", "TargetB", "normal", "x86_64", "com.apple.xcode.tools.swift.compiler"]), Task(forTarget: <none>, ruleInfo: ["Gate", "target-TargetB-T-TargetB-21793--StubBinaryTaskProducer"]), Task(forTarget: TargetB, ruleInfo: ["Gate", "target-TargetB-T-TargetB-21793--entry"]), Task(forTarget: <none>, ruleInfo: ["SwiftExplicitDependencyCompileModuleFromInterface", "x86_64", "/private/var/folders/xr/m5_5rlsd6l9fk2w4ngj13k6m0000gn/T/swbuild.tmp.Qwrkh9On/Data.noindex/Test/aProject/build/SwiftExplicitPrecompiledModules/Swift-1039YR9EBE61.swiftmodule"]), Task(forTarget: <none>, ruleInfo: ["Gate", "target-TargetB-T-TargetB-21793--GenerateAppPlaygroundAssetCatalogTaskProducer"]), Task(forTarget: TargetB, ruleInfo: ["Gate", "target-TargetB-T-TargetB-21793--begin-linking"]), Task(forTarget: TargetA, ruleInfo: ["WriteAuxiliaryFile", "/private/var/folders/xr/m5_5rlsd6l9fk2w4ngj13k6m0000gn/T/swbuild.tmp.Qwrkh9On/Data.noindex/Test/aProject/build/aProject.build/Debug/TargetA.build/Objects-normal/x86_64/TargetA-OutputFileMap.json"]), Task(forTarget: TargetB, ruleInfo: ["WriteAuxiliaryFile", "/private/var/folders/xr/m5_5rlsd6l9fk2w4ngj13k6m0000gn/T/swbuild.tmp.Qwrkh9On/Data.noindex/Test/aProject/build/aProject.build/Debug/TargetB.build/TargetB.DependencyMetadataFileList"]), Task(forTarget: TargetB, ruleInfo: ["WriteAuxiliaryFile", "/private/var/folders/xr/m5_5rlsd6l9fk2w4ngj13k6m0000gn/T/swbuild.tmp.Qwrkh9On/Data.noindex/Test/aProject/build/aProject.build/Debug/TargetB.build/TargetB.hmap"]), Task(forTarget: <none>, ruleInfo: ["CreateBuildDirectory", "/private/var/folders/xr/m5_5rlsd6l9fk2w4ngj13k6m0000gn/T/swbuild.tmp.Qwrkh9On/Data.noindex/Test/aProject/build/SharedPrecompiledHeaders"]), Task(forTarget: TargetA, ruleInfo: ["Gate", "target-TargetA-T-TargetA-21785--unsigned-product-ready"]), Task(forTarget: TargetA, ruleInfo: ["Gate", "target-TargetA-T-TargetA-21785--will-sign"]), Task(forTarget: TargetB, ruleInfo: ["Copy", "/private/var/folders/xr/m5_5rlsd6l9fk2w4ngj13k6m0000gn/T/swbuild.tmp.Qwrkh9On/Data.noindex/Test/aProject/build/Debug/TargetB.framework/Versions/A/Modules/TargetB.swiftmodule/Project/x86_64-apple-macos.swiftsourceinfo", "/private/var/folders/xr/m5_5rlsd6l9fk2w4ngj13k6m0000gn/T/swbuild.tmp.Qwrkh9On/Data.noindex/Test/aProject/build/aProject.build/Debug/TargetB.build/Objects-normal/x86_64/TargetB.swiftsourceinfo"]), Task(forTarget: TargetA, ruleInfo: ["WriteAuxiliaryFile", "/private/var/folders/xr/m5_5rlsd6l9fk2w4ngj13k6m0000gn/T/swbuild.tmp.Qwrkh9On/Data.noindex/Test/aProject/build/aProject.build/Debug/TargetA.build/TargetA-generated-files.hmap"]), Task(forTarget: TargetA, ruleInfo: ["Gate", "target-TargetA-T-TargetA-21785--linker-inputs-ready"]), Task(forTarget: <none>, ruleInfo: ["Gate", "target-TargetB-T-TargetB-21793--Barrier-GenerateStubAPI"]), Task(forTarget: <none>, ruleInfo: ["Gate", "target-TargetA-T-TargetA-21785--ModuleVerifierTaskProducer"]), Task(forTarget: <none>, ruleInfo: ["Gate", "target-TargetB-T-TargetB-21793--SwiftFrameworkABICheckerTaskProducer"]), Task(forTarget: TargetB, ruleInfo: ["Gate", "target-TargetB-T-TargetB-21793--end"]), Task(forTarget: TargetB, ruleInfo: ["WriteAuxiliaryFile", "/private/var/folders/xr/m5_5rlsd6l9fk2w4ngj13k6m0000gn/T/swbuild.tmp.Qwrkh9On/Data.noindex/Test/aProject/build/aProject.build/Debug/TargetB.build/TargetB-all-target-headers.hmap"]), Task(forTarget: <none>, ruleInfo: ["SwiftExplicitDependencyGeneratePcm", "x86_64", "/private/var/folders/xr/m5_5rlsd6l9fk2w4ngj13k6m0000gn/T/swbuild.tmp.Qwrkh9On/Data.noindex/Test/aProject/build/SwiftExplicitPrecompiledModules/_SwiftConcurrencyShims-BUR8XM1R06AS02RWV63HPG1KR.pcm"]), Task(forTarget: <none>, ruleInfo: ["Gate", "target-TargetB-T-TargetB-21793--Barrier-ChangePermissions"]), Task(forTarget: <none>, ruleInfo: ["Gate", "target-TargetB-T-TargetB-21793--Barrier-CodeSign"]), Task(forTarget: TargetB, ruleInfo: ["Touch", "/private/var/folders/xr/m5_5rlsd6l9fk2w4ngj13k6m0000gn/T/swbuild.tmp.Qwrkh9On/Data.noindex/Test/aProject/build/Debug/TargetB.framework"]), Task(forTarget: <none>, ruleInfo: ["Gate", "target-TargetB-T-TargetB-21793--Barrier-StripSymbols"]), Task(forTarget: TargetB, ruleInfo: ["WriteAuxiliaryFile", "/private/var/folders/xr/m5_5rlsd6l9fk2w4ngj13k6m0000gn/T/swbuild.tmp.Qwrkh9On/Data.noindex/Test/aProject/build/aProject.build/Debug/TargetB.build/Objects-normal/x86_64/TargetB-OutputFileMap.json"]), Task(forTarget: TargetB, ruleInfo: ["GenerateTAPI", "/private/var/folders/xr/m5_5rlsd6l9fk2w4ngj13k6m0000gn/T/swbuild.tmp.Qwrkh9On/Data.noindex/Test/aProject/build/EagerLinkingTBDs/Debug/TargetB.framework/Versions/A/TargetB.tbd"]), Task(forTarget: TargetB, ruleInfo: ["SwiftEmitModule", "normal", "x86_64", "Emitting module for TargetB"]), Task(forTarget: TargetB, ruleInfo: ["MkDir", "/private/var/folders/xr/m5_5rlsd6l9fk2w4ngj13k6m0000gn/T/swbuild.tmp.Qwrkh9On/Data.noindex/Test/aProject/build/Debug/TargetB.framework/Versions"]), Task(forTarget: TargetA, ruleInfo: ["WriteAuxiliaryFile", "/private/var/folders/xr/m5_5rlsd6l9fk2w4ngj13k6m0000gn/T/swbuild.tmp.Qwrkh9On/Data.noindex/Test/aProject/build/aProject.build/Debug/TargetA.build/Objects-normal/x86_64/TargetA.SwiftFileList"]), Task(forTarget: TargetB, ruleInfo: ["ExtractAppIntentsMetadata"]), Task(forTarget: <none>, ruleInfo: ["Gate", "target-TargetB-T-TargetB-21793--ProductStructureTaskProducer"]), Task(forTarget: <none>, ruleInfo: ["Gate", "target-TargetB-T-TargetB-21793--HeadermapTaskProducer"]), Task(forTarget: <none>, ruleInfo: ["CreateBuildDirectory", "/private/var/folders/xr/m5_5rlsd6l9fk2w4ngj13k6m0000gn/T/swbuild.tmp.Qwrkh9On/Data.noindex/Test/aProject/build/Debug"]), Task(forTarget: TargetA, ruleInfo: ["WriteAuxiliaryFile", "/private/var/folders/xr/m5_5rlsd6l9fk2w4ngj13k6m0000gn/T/swbuild.tmp.Qwrkh9On/Data.noindex/Test/aProject/build/aProject.build/Debug/TargetA.build/TargetA.DependencyStaticMetadataFileList"]), Task(forTarget: <none>, ruleInfo: ["Gate", "target-TargetB-T-TargetB-21793--ExtensionPointExtractorTaskProducer"]), Task(forTarget: <none>, ruleInfo: ["Gate", "target-TargetB-T-TargetB-21793--SwiftStandardLibrariesTaskProducer"]), Task(forTarget: TargetA, ruleInfo: ["Copy", "/private/var/folders/xr/m5_5rlsd6l9fk2w4ngj13k6m0000gn/T/swbuild.tmp.Qwrkh9On/Data.noindex/Test/aProject/build/Debug/TargetA.framework/Versions/A/Modules/TargetA.swiftmodule/x86_64-apple-macos.abi.json", "/private/var/folders/xr/m5_5rlsd6l9fk2w4ngj13k6m0000gn/T/swbuild.tmp.Qwrkh9On/Data.noindex/Test/aProject/build/aProject.build/Debug/TargetA.build/Objects-normal/x86_64/TargetA.abi.json"]), Task(forTarget: <none>, ruleInfo: ["CreateBuildDirectory", "/private/var/folders/xr/m5_5rlsd6l9fk2w4ngj13k6m0000gn/T/swbuild.tmp.Qwrkh9On/Data.noindex/Test/aProject/build/ExplicitPrecompiledModules"]), Task(forTarget: TargetB, ruleInfo: ["Gate", "target-TargetB-T-TargetB-21793--immediate"]), Task(forTarget: <none>, ruleInfo: ["Gate", "target-TargetA-T-TargetA-21785--AppExtensionInfoPlistGeneratorTaskProducer"]), Task(forTarget: TargetB, ruleInfo: ["SymLink", "/private/var/folders/xr/m5_5rlsd6l9fk2w4ngj13k6m0000gn/T/swbuild.tmp.Qwrkh9On/Data.noindex/Test/aProject/build/Debug/TargetB.framework/Modules", "Versions/Current/Modules"]), Task(forTarget: <none>, ruleInfo: ["Gate", "target-TargetA-T-TargetA-21785--swift-generated-headers"]), Task(forTarget: <none>, ruleInfo: ["Gate", "target-TargetB-T-TargetB-21793--InfoPlistTaskProducer"]), Task(forTarget: <none>, ruleInfo: ["Gate", "target-TargetB-T-TargetB-21793--AppExtensionInfoPlistGeneratorTaskProducer"]), Task(forTarget: TargetB, ruleInfo: ["SwiftDriver", "TargetB", "normal", "x86_64", "com.apple.xcode.tools.swift.compiler"]), Task(forTarget: <none>, ruleInfo: ["Gate", "target-TargetA-T-TargetA-21785--CopySwiftPackageResourcesTaskProducer"]), Task(forTarget: <none>, ruleInfo: ["Gate", "target-TargetA-T-TargetA-21785--ProductStructureTaskProducer"]), Task(forTarget: TargetA, ruleInfo: ["SymLink", "/private/var/folders/xr/m5_5rlsd6l9fk2w4ngj13k6m0000gn/T/swbuild.tmp.Qwrkh9On/Data.noindex/Test/aProject/build/Debug/TargetA.framework/Versions/Current", "A"]), Task(forTarget: TargetA, ruleInfo: ["SwiftMergeGeneratedHeaders", "/private/var/folders/xr/m5_5rlsd6l9fk2w4ngj13k6m0000gn/T/swbuild.tmp.Qwrkh9On/Data.noindex/Test/aProject/build/Debug/TargetA.framework/Versions/A/Headers/TargetA-Swift.h", "/private/var/folders/xr/m5_5rlsd6l9fk2w4ngj13k6m0000gn/T/swbuild.tmp.Qwrkh9On/Data.noindex/Test/aProject/build/aProject.build/Debug/TargetA.build/Objects-normal/x86_64/TargetA-Swift.h"]), Task(forTarget: <none>, ruleInfo: ["Gate", "target-TargetA-T-TargetA-21785--ProductPostprocessingTaskProducer"]), Task(forTarget: TargetB, ruleInfo: ["Copy", "/private/var/folders/xr/m5_5rlsd6l9fk2w4ngj13k6m0000gn/T/swbuild.tmp.Qwrkh9On/Data.noindex/Test/aProject/build/Debug/TargetB.framework/Versions/A/Modules/TargetB.swiftmodule/x86_64-apple-macos.swiftdoc", "/private/var/folders/xr/m5_5rlsd6l9fk2w4ngj13k6m0000gn/T/swbuild.tmp.Qwrkh9On/Data.noindex/Test/aProject/build/aProject.build/Debug/TargetB.build/Objects-normal/x86_64/TargetB.swiftdoc"]), Task(forTarget: <none>, ruleInfo: ["Gate", "target-TargetA-T-TargetA-21785--DocumentationTaskProducer"]), Task(forTarget: TargetB, ruleInfo: ["SymLink", "/private/var/folders/xr/m5_5rlsd6l9fk2w4ngj13k6m0000gn/T/swbuild.tmp.Qwrkh9On/Data.noindex/Test/aProject/build/Debug/TargetB.framework/Versions/Current", "A"]), Task(forTarget: <none>, ruleInfo: ["Gate", "target-TargetA-T-TargetA-21785--InfoPlistTaskProducer"]), Task(forTarget: <none>, ruleInfo: ["CreateBuildDirectory", "/private/var/folders/xr/m5_5rlsd6l9fk2w4ngj13k6m0000gn/T/swbuild.tmp.Qwrkh9On/Data.noindex/Test/aProject/build"]), Task(forTarget: <none>, ruleInfo: ["Gate", "target-TargetA-T-TargetA-21785--SwiftABIBaselineGenerationTaskProducer"]), Task(forTarget: TargetA, ruleInfo: ["SwiftDriver Compilation", "TargetA", "normal", "x86_64", "com.apple.xcode.tools.swift.compiler"]), Task(forTarget: TargetB, ruleInfo: ["SwiftMergeGeneratedHeaders", "/private/var/folders/xr/m5_5rlsd6l9fk2w4ngj13k6m0000gn/T/swbuild.tmp.Qwrkh9On/Data.noindex/Test/aProject/build/Debug/TargetB.framework/Versions/A/Headers/TargetB-Swift.h", "/private/var/folders/xr/m5_5rlsd6l9fk2w4ngj13k6m0000gn/T/swbuild.tmp.Qwrkh9On/Data.noindex/Test/aProject/build/aProject.build/Debug/TargetB.build/Objects-normal/x86_64/TargetB-Swift.h"]), Task(forTarget: TargetB, ruleInfo: ["Ld", "/private/var/folders/xr/m5_5rlsd6l9fk2w4ngj13k6m0000gn/T/swbuild.tmp.Qwrkh9On/Data.noindex/Test/aProject/build/Debug/TargetB.framework/Versions/A/TargetB", "normal"]), Task(forTarget: TargetB, ruleInfo: ["WriteAuxiliaryFile", "/private/var/folders/xr/m5_5rlsd6l9fk2w4ngj13k6m0000gn/T/swbuild.tmp.Qwrkh9On/Data.noindex/Test/aProject/build/aProject.build/Debug/TargetB.build/TargetB-all-non-framework-target-headers.hmap"]), Task(forTarget: <none>, ruleInfo: ["Gate", "target-TargetA-T-TargetA-21785--TAPISymbolExtractorTaskProducer"]), Task(forTarget: <none>, ruleInfo: ["SwiftExplicitDependencyCompileModuleFromInterface", "x86_64", "/private/var/folders/xr/m5_5rlsd6l9fk2w4ngj13k6m0000gn/T/swbuild.tmp.Qwrkh9On/Data.noindex/Test/aProject/build/SwiftExplicitPrecompiledModules/_Concurrency-2W8LU3DF58RLX.swiftmodule"]), Task(forTarget: <none>, ruleInfo: ["Gate", "target-TargetB-T-TargetB-21793--Barrier-ChangeAlternatePermissions"]), Task(forTarget: <none>, ruleInfo: ["Gate", "target-TargetA-T-TargetA-21785--SwiftPackageCopyFilesTaskProducer"]), Task(forTarget: <none>, ruleInfo: ["Gate", "target-TargetA-T-TargetA-21785--copy-headers-completion"]), Task(forTarget: <none>, ruleInfo: ["Gate", "WorkspaceHeaderMapVFSFilesWritten"]), Task(forTarget: TargetA, ruleInfo: ["Gate", "target-TargetA-T-TargetA-21785--modules-ready"]), Task(forTarget: <none>, ruleInfo: ["Gate", "target-TargetB-T-TargetB-21793--SanitizerTaskProducer"]), Task(forTarget: <none>, ruleInfo: ["Gate", "target-TargetA-T-TargetA-21785--Barrier-ChangeAlternatePermissions"]), Task(forTarget: TargetB, ruleInfo: ["SymLink", "/private/var/folders/xr/m5_5rlsd6l9fk2w4ngj13k6m0000gn/T/swbuild.tmp.Qwrkh9On/Data.noindex/Test/aProject/build/Debug/TargetB.framework/Headers", "Versions/Current/Headers"]), Task(forTarget: <none>, ruleInfo: ["CreateBuildDirectory", "/var/folders/xr/m5_5rlsd6l9fk2w4ngj13k6m0000gn/C/com.apple.DeveloperTools/26.4.1-17E202/Xcode/CompilationCache.noindex"]), Task(forTarget: <none>, ruleInfo: ["Gate", "target-TargetA-T-TargetA-21785--CustomTaskProducer"]), Task(forTarget: <none>, ruleInfo: ["Gate", "target-TargetA-T-TargetA-21785--AppIntentsMetadataTaskProducer"]), Task(forTarget: TargetB, ruleInfo: ["Copy", "/private/var/folders/xr/m5_5rlsd6l9fk2w4ngj13k6m0000gn/T/swbuild.tmp.Qwrkh9On/Data.noindex/Test/aProject/build/Debug/TargetB.framework/Versions/A/Modules/TargetB.swiftmodule/x86_64-apple-macos.abi.json", "/private/var/folders/xr/m5_5rlsd6l9fk2w4ngj13k6m0000gn/T/swbuild.tmp.Qwrkh9On/Data.noindex/Test/aProject/build/aProject.build/Debug/TargetB.build/Objects-normal/x86_64/TargetB.abi.json"]), Task(forTarget: <none>, ruleInfo: ["Gate", "target-TargetA-T-TargetA-21785--TestHostTaskProducer"]), Task(forTarget: TargetB, ruleInfo: ["WriteAuxiliaryFile", "/private/var/folders/xr/m5_5rlsd6l9fk2w4ngj13k6m0000gn/T/swbuild.tmp.Qwrkh9On/Data.noindex/Test/aProject/build/aProject.build/Debug/TargetB.build/Objects-normal/x86_64/TargetB.LinkFileList"]), Task(forTarget: <none>, ruleInfo: ["Gate", "target-TargetA-T-TargetA-21785--TestTargetPostprocessingTaskProducer"]), Task(forTarget: <none>, ruleInfo: ["Gate", "target-TargetA-T-TargetA-21785--Barrier-GenerateStubAPI"]), Task(forTarget: TargetB, ruleInfo: ["Gate", "target-TargetB-T-TargetB-21793--will-sign"]), Task(forTarget: <none>, ruleInfo: ["Gate", "target-TargetA-T-TargetA-21785--generated-headers"]), Task(forTarget: <none>, ruleInfo: ["Gate", "target-TargetB-T-TargetB-21793--Barrier-RegisterExecutionPolicyException"]), Task(forTarget: TargetB, ruleInfo: ["SymLink", "/private/var/folders/xr/m5_5rlsd6l9fk2w4ngj13k6m0000gn/T/swbuild.tmp.Qwrkh9On/Data.noindex/Test/aProject/build/EagerLinkingTBDs/Debug/TargetB.framework/TargetB.tbd", "/private/var/folders/xr/m5_5rlsd6l9fk2w4ngj13k6m0000gn/T/swbuild.tmp.Qwrkh9On/Data.noindex/Test/aProject/build/EagerLinkingTBDs/Debug/TargetB.framework/Versions/A/TargetB.tbd"]), Task(forTarget: TargetB, ruleInfo: ["WriteAuxiliaryFile", "/private/var/folders/xr/m5_5rlsd6l9fk2w4ngj13k6m0000gn/T/swbuild.tmp.Qwrkh9On/Data.noindex/Test/aProject/build/aProject.build/Debug/TargetB.build/TargetB-own-target-headers.hmap"]), Task(forTarget: TargetB, ruleInfo: ["WriteAuxiliaryFile", "/private/var/folders/xr/m5_5rlsd6l9fk2w4ngj13k6m0000gn/T/swbuild.tmp.Qwrkh9On/Data.noindex/Test/aProject/build/aProject.build/Debug/TargetB.build/TargetB-project-headers.hmap"]), Task(forTarget: <none>, ruleInfo: ["Gate", "target-TargetB-T-TargetB-21793--DocumentationTaskProducer"]), Task(forTarget: <none>, ruleInfo: ["Gate", "target-TargetA-T-TargetA-21785--TestEntryPointTaskProducerFactory"]), Task(forTarget: <none>, ruleInfo: ["Gate", "target-TargetA-T-TargetA-21785--TestTargetTaskProducer"]), Task(forTarget: TargetA, ruleInfo: ["Touch", "/private/var/folders/xr/m5_5rlsd6l9fk2w4ngj13k6m0000gn/T/swbuild.tmp.Qwrkh9On/Data.noindex/Test/aProject/build/Debug/TargetA.framework"]), Task(forTarget: <none>, ruleInfo: ["Gate", "target-TargetA-T-TargetA-21785--HeadermapTaskProducer"]), Task(forTarget: <none>, ruleInfo: ["Gate", "target-TargetB-T-TargetB-21793--fused-phase0-compile-sources&link-binary"]), Task(forTarget: TargetB, ruleInfo: ["WriteAuxiliaryFile", "/private/var/folders/xr/m5_5rlsd6l9fk2w4ngj13k6m0000gn/T/swbuild.tmp.Qwrkh9On/Data.noindex/Test/aProject/build/aProject.build/Debug/TargetB.build/TargetB.DependencyStaticMetadataFileList"]), Task(forTarget: <none>, ruleInfo: ["Gate", "target-TargetB-T-TargetB-21793--TestTargetTaskProducer"]), Task(forTarget: <none>, ruleInfo: ["Gate", "target-TargetA-T-TargetA-21785--RealityAssetsTaskProducer"]), Task(forTarget: <none>, ruleInfo: ["Gate", "target-TargetB-T-TargetB-21793--CustomTaskProducer"]), Task(forTarget: TargetB, ruleInfo: ["RegisterExecutionPolicyException", "/private/var/folders/xr/m5_5rlsd6l9fk2w4ngj13k6m0000gn/T/swbuild.tmp.Qwrkh9On/Data.noindex/Test/aProject/build/Debug/TargetB.framework"]), Task(forTarget: TargetA, ruleInfo: ["WriteAuxiliaryFile", "/private/var/folders/xr/m5_5rlsd6l9fk2w4ngj13k6m0000gn/T/swbuild.tmp.Qwrkh9On/Data.noindex/Test/aProject/build/aProject.build/Debug/TargetA.build/TargetA-all-non-framework-target-headers.hmap"]), Task(forTarget: TargetB, ruleInfo: ["SwiftCompile", "normal", "x86_64", "Compiling fileB1.swift", "/private/var/folders/xr/m5_5rlsd6l9fk2w4ngj13k6m0000gn/T/swbuild.tmp.Qwrkh9On/Data.noindex/Test/aProject/Sources/fileB1.swift"]), Task(forTarget: <none>, ruleInfo: ["Gate", "target-TargetA-T-TargetA-21785--Barrier-CodeSign"]), Task(forTarget: <none>, ruleInfo: ["Gate", "target-TargetB-T-TargetB-21793--AppIntentsMetadataTaskProducer"]), Task(forTarget: TargetB, ruleInfo: ["Gate", "target-TargetB-T-TargetB-21793--unsigned-product-ready"]), Task(forTarget: TargetA, ruleInfo: ["SwiftDriver", "TargetA", "normal", "x86_64", "com.apple.xcode.tools.swift.compiler"]), Task(forTarget: TargetA, ruleInfo: ["Gate", "target-TargetA-T-TargetA-21785--end"]), Task(forTarget: TargetA, ruleInfo: ["Gate", "target-TargetA-T-TargetA-21785--begin-scanning"]), Task(forTarget: TargetB, ruleInfo: ["WriteAuxiliaryFile", "/private/var/folders/xr/m5_5rlsd6l9fk2w4ngj13k6m0000gn/T/swbuild.tmp.Qwrkh9On/Data.noindex/Test/aProject/build/aProject.build/Debug/TargetB.build/Objects-normal/x86_64/TargetB_const_extract_protocols.json"]), Task(forTarget: <none>, ruleInfo: ["Gate", "target-TargetA-T-TargetA-21785--StubBinaryTaskProducer"]), Task(forTarget: TargetB, ruleInfo: ["MkDir", "/private/var/folders/xr/m5_5rlsd6l9fk2w4ngj13k6m0000gn/T/swbuild.tmp.Qwrkh9On/Data.noindex/Test/aProject/build/Debug/TargetB.framework/Versions/A"]), Task(forTarget: TargetA, ruleInfo: ["SwiftCompile", "normal", "x86_64", "Compiling fileA2.swift", "/private/var/folders/xr/m5_5rlsd6l9fk2w4ngj13k6m0000gn/T/swbuild.tmp.Qwrkh9On/Data.noindex/Test/aProject/Sources/fileA2.swift"]), Task(forTarget: <none>, ruleInfo: ["Gate", "target-TargetA-T-TargetA-21785--fused-phase0-compile-sources"]), Task(forTarget: <none>, ruleInfo: ["Gate", "target-TargetA-T-TargetA-21785--ModuleMapTaskProducer"]), Task(forTarget: <none>, ruleInfo: ["Gate", "target-TargetA-T-TargetA-21785--GeneratedFilesTaskProducer"]), Task(forTarget: <none>, ruleInfo: ["Gate", "target-TargetA-T-TargetA-21785--SwiftStandardLibrariesTaskProducer"]), Task(forTarget: TargetA, ruleInfo: ["GenerateTAPI", "/private/var/folders/xr/m5_5rlsd6l9fk2w4ngj13k6m0000gn/T/swbuild.tmp.Qwrkh9On/Data.noindex/Test/aProject/build/EagerLinkingTBDs/Debug/TargetA.framework/Versions/A/TargetA.tbd"]), Task(forTarget: <none>, ruleInfo: ["Gate", "target-TargetA-T-TargetA-21785--Barrier-Validate"]), Task(forTarget: TargetB, ruleInfo: ["WriteAuxiliaryFile", "/private/var/folders/xr/m5_5rlsd6l9fk2w4ngj13k6m0000gn/T/swbuild.tmp.Qwrkh9On/Data.noindex/Test/aProject/build/aProject.build/Debug/TargetB.build/Objects-normal/x86_64/TargetB.SwiftFileList"]), Task(forTarget: TargetA, ruleInfo: ["MkDir", "/private/var/folders/xr/m5_5rlsd6l9fk2w4ngj13k6m0000gn/T/swbuild.tmp.Qwrkh9On/Data.noindex/Test/aProject/build/Debug/TargetA.framework"]), Task(forTarget: <none>, ruleInfo: ["Gate", "target-TargetA-T-TargetA-21785--ExtensionPointExtractorTaskProducer"]), Task(forTarget: TargetA, ruleInfo: ["SymLink", "/private/var/folders/xr/m5_5rlsd6l9fk2w4ngj13k6m0000gn/T/swbuild.tmp.Qwrkh9On/Data.noindex/Test/aProject/build/Debug/TargetA.framework/TargetA", "Versions/Current/TargetA"]), Task(forTarget: TargetA, ruleInfo: ["MkDir", "/private/var/folders/xr/m5_5rlsd6l9fk2w4ngj13k6m0000gn/T/swbuild.tmp.Qwrkh9On/Data.noindex/Test/aProject/build/Debug/TargetA.framework/Versions/A"]), Task(forTarget: <none>, ruleInfo: ["Gate", "target-TargetB-T-TargetB-21793--generated-headers"]), Task(forTarget: <none>, ruleInfo: ["Gate", "target-TargetA-T-TargetA-21785--SwiftFrameworkABICheckerTaskProducer"]), Task(forTarget: TargetB, ruleInfo: ["Gate", "target-TargetB-T-TargetB-21793--modules-ready"]), Task(forTarget: <none>, ruleInfo: ["ClangStatCache", "/Applications/Xcode17E.app/Contents/Developer/Toolchains/XcodeDefault.xctoolchain/usr/bin/clang-stat-cache", "/Applications/Xcode17E.app/Contents/Developer/Platforms/MacOSX.platform/Developer/SDKs/MacOSX26.4.sdk", "/private/var/folders/xr/m5_5rlsd6l9fk2w4ngj13k6m0000gn/T/swbuild.tmp.Qwrkh9On/Data.noindex/Test/SDKStatCaches.noindex/macosx26.4-25E260-95aa6cf8f3effd57bda17e0c125410c0.sdkstatcache"]), Task(forTarget: TargetB, ruleInfo: ["SymLink", "/private/var/folders/xr/m5_5rlsd6l9fk2w4ngj13k6m0000gn/T/swbuild.tmp.Qwrkh9On/Data.noindex/Test/aProject/build/Debug/TargetB.framework/TargetB", "Versions/Current/TargetB"]), Task(forTarget: TargetA, ruleInfo: ["MkDir", "/private/var/folders/xr/m5_5rlsd6l9fk2w4ngj13k6m0000gn/T/swbuild.tmp.Qwrkh9On/Data.noindex/Test/aProject/build/Debug/TargetA.framework/Versions/A/Headers"]), Task(forTarget: <none>, ruleInfo: ["Gate", "target-TargetB-T-TargetB-21793--TestHostTaskProducer"]), Task(forTarget: TargetA, ruleInfo: ["Gate", "target-TargetA-T-TargetA-21785--begin-linking"]), Task(forTarget: <none>, ruleInfo: ["Gate", "target-TargetB-T-TargetB-21793--ModuleMapTaskProducer"]), Task(forTarget: <none>, ruleInfo: ["CreateBuildDirectory", "/private/var/folders/xr/m5_5rlsd6l9fk2w4ngj13k6m0000gn/T/swbuild.tmp.Qwrkh9On/Data.noindex/Test/aProject/build/SwiftExplicitPrecompiledModules"]), Task(forTarget: <none>, ruleInfo: ["Gate", "target-TargetB-T-TargetB-21793--SwiftABIBaselineGenerationTaskProducer"]), Task(forTarget: <none>, ruleInfo: ["Gate", "target-TargetB-T-TargetB-21793--TestTargetPostprocessingTaskProducer"]), Task(forTarget: <none>, ruleInfo: ["CreateBuildDirectory", "/private/var/folders/xr/m5_5rlsd6l9fk2w4ngj13k6m0000gn/T/swbuild.tmp.Qwrkh9On/Data.noindex/Test/aProject/build/EagerLinkingTBDs/Debug"]), Task(forTarget: TargetA, ruleInfo: ["WriteAuxiliaryFile", "/private/var/folders/xr/m5_5rlsd6l9fk2w4ngj13k6m0000gn/T/swbuild.tmp.Qwrkh9On/Data.noindex/Test/aProject/build/aProject.build/Debug/TargetA.build/Objects-normal/x86_64/TargetA.SwiftConstValuesFileList"]), Task(forTarget: <none>, ruleInfo: ["Gate", "target-TargetA-T-TargetA-21785--GenerateAppPlaygroundAssetCatalogTaskProducer"]), Task(forTarget: <none>, ruleInfo: ["WriteAuxiliaryFile", "/private/var/folders/xr/m5_5rlsd6l9fk2w4ngj13k6m0000gn/T/swbuild.tmp.Qwrkh9On/Data.noindex/Test/aProject/build/aProject.build/Debug/aProject-P21796-VFS/all-product-headers.yaml"]), Task(forTarget: <none>, ruleInfo: ["Gate", "target-TargetB-T-TargetB-21793--CopySwiftPackageResourcesTaskProducer"]), Task(forTarget: <none>, ruleInfo: ["Gate", "target-TargetB-T-TargetB-21793--Barrier-CopyAside"]), Task(forTarget: TargetA, ruleInfo: ["WriteAuxiliaryFile", "/private/var/folders/xr/m5_5rlsd6l9fk2w4ngj13k6m0000gn/T/swbuild.tmp.Qwrkh9On/Data.noindex/Test/aProject/build/aProject.build/Debug/TargetA.build/TargetA-project-headers.hmap"]), Task(forTarget: TargetB, ruleInfo: ["MkDir", "/private/var/folders/xr/m5_5rlsd6l9fk2w4ngj13k6m0000gn/T/swbuild.tmp.Qwrkh9On/Data.noindex/Test/aProject/build/Debug/TargetB.framework"]), Task(forTarget: TargetA, ruleInfo: ["SymLink", "/private/var/folders/xr/m5_5rlsd6l9fk2w4ngj13k6m0000gn/T/swbuild.tmp.Qwrkh9On/Data.noindex/Test/aProject/build/Debug/TargetA.framework/Modules", "Versions/Current/Modules"]), Task(forTarget: <none>, ruleInfo: ["SwiftExplicitDependencyCompileModuleFromInterface", "x86_64", "/private/var/folders/xr/m5_5rlsd6l9fk2w4ngj13k6m0000gn/T/swbuild.tmp.Qwrkh9On/Data.noindex/Test/aProject/build/SwiftExplicitPrecompiledModules/_StringProcessing-13GX4EAKQZW8B.swiftmodule"]), Task(forTarget: TargetA, ruleInfo: ["RegisterExecutionPolicyException", "/private/var/folders/xr/m5_5rlsd6l9fk2w4ngj13k6m0000gn/T/swbuild.tmp.Qwrkh9On/Data.noindex/Test/aProject/build/Debug/TargetA.framework"]), Task(forTarget: TargetA, ruleInfo: ["Copy", "/private/var/folders/xr/m5_5rlsd6l9fk2w4ngj13k6m0000gn/T/swbuild.tmp.Qwrkh9On/Data.noindex/Test/aProject/build/Debug/TargetA.framework/Versions/A/Modules/TargetA.swiftmodule/Project/x86_64-apple-macos.swiftsourceinfo", "/private/var/folders/xr/m5_5rlsd6l9fk2w4ngj13k6m0000gn/T/swbuild.tmp.Qwrkh9On/Data.noindex/Test/aProject/build/aProject.build/Debug/TargetA.build/Objects-normal/x86_64/TargetA.swiftsourceinfo"]), Task(forTarget: <none>, ruleInfo: ["Gate", "target-TargetB-T-TargetB-21793--copy-headers-completion"]), Task(forTarget: <none>, ruleInfo: ["Gate", "target-TargetB-T-TargetB-21793--TestEntryPointTaskProducerFactory"]), Task(forTarget: TargetA, ruleInfo: ["Gate", "target-TargetA-T-TargetA-21785--immediate"]), Task(forTarget: <none>, ruleInfo: ["Gate", "target-TargetA-T-TargetA-21785--Barrier-RegisterProduct"]), Task(forTarget: <none>, ruleInfo: ["Gate", "target-TargetB-T-TargetB-21793--Barrier-Validate"]), Task(forTarget: TargetB, ruleInfo: ["Copy", "/private/var/folders/xr/m5_5rlsd6l9fk2w4ngj13k6m0000gn/T/swbuild.tmp.Qwrkh9On/Data.noindex/Test/aProject/build/Debug/TargetB.framework/Versions/A/Modules/TargetB.swiftmodule/x86_64-apple-macos.swiftmodule", "/private/var/folders/xr/m5_5rlsd6l9fk2w4ngj13k6m0000gn/T/swbuild.tmp.Qwrkh9On/Data.noindex/Test/aProject/build/aProject.build/Debug/TargetB.build/Objects-normal/x86_64/TargetB.swiftmodule"]), Task(forTarget: TargetB, ruleInfo: ["WriteAuxiliaryFile", "/private/var/folders/xr/m5_5rlsd6l9fk2w4ngj13k6m0000gn/T/swbuild.tmp.Qwrkh9On/Data.noindex/Test/aProject/build/aProject.build/Debug/TargetB.build/TargetB-generated-files.hmap"]), Task(forTarget: TargetA, ruleInfo: ["Gate", "target-TargetA-T-TargetA-21785--begin-compiling"]), Task(forTarget: TargetA, ruleInfo: ["WriteAuxiliaryFile", "/private/var/folders/xr/m5_5rlsd6l9fk2w4ngj13k6m0000gn/T/swbuild.tmp.Qwrkh9On/Data.noindex/Test/aProject/build/aProject.build/Debug/TargetA.build/TargetA.hmap"]), Task(forTarget: TargetA, ruleInfo: ["SwiftEmitModule", "normal", "x86_64", "Emitting module for TargetA"]), Task(forTarget: TargetB, ruleInfo: ["Gate", "target-TargetB-T-TargetB-21793--begin-compiling"]), Task(forTarget: <none>, ruleInfo: ["Gate", "target-TargetB-T-TargetB-21793--SwiftPackageCopyFilesTaskProducer"]), Task(forTarget: <none>, ruleInfo: ["Gate", "target-TargetA-T-TargetA-21785--SanitizerTaskProducer"]), Task(forTarget: TargetA, ruleInfo: ["WriteAuxiliaryFile", "/private/var/folders/xr/m5_5rlsd6l9fk2w4ngj13k6m0000gn/T/swbuild.tmp.Qwrkh9On/Data.noindex/Test/aProject/build/aProject.build/Debug/TargetA.build/TargetA-own-target-headers.hmap"]), Task(forTarget: TargetA, ruleInfo: ["WriteAuxiliaryFile", "/private/var/folders/xr/m5_5rlsd6l9fk2w4ngj13k6m0000gn/T/swbuild.tmp.Qwrkh9On/Data.noindex/Test/aProject/build/aProject.build/Debug/TargetA.build/Objects-normal/x86_64/TargetA.LinkFileList"]), Task(forTarget: TargetA, ruleInfo: ["SwiftCompile", "normal", "x86_64", "Compiling fileA1.swift", "/private/var/folders/xr/m5_5rlsd6l9fk2w4ngj13k6m0000gn/T/swbuild.tmp.Qwrkh9On/Data.noindex/Test/aProject/Sources/fileA1.swift"])]
↳ Occasionally fails in CI due to SwiftExplicitDependencyCompileModuleFromInterface missing from the dependency graph
━ Test swiftEagerCompilationWithExplicitModules() recorded a known issue at SwiftDriverTests.swift:3587:55: Issue recorded
↳ Task Task(forTarget: TargetA, ruleInfo: ["SwiftCompile", "normal", "x86_64", "Compiling fileA2.swift", "/private/var/folders/xr/m5_5rlsd6l9fk2w4ngj13k6m0000gn/T/swbuild.tmp.Qwrkh9On/Data.noindex/Test/aProject/Sources/fileA2.swift"]) does not follow any tasks matching [Rule matches [SWBTestSupport.StringPattern.equal("SwiftExplicitDependencyCompileModuleFromInterface"), SWBTestSupport.StringPattern.equal("normal"), SWBTestSupport.StringPattern.equal("x86_64"), SWBTestSupport.StringPattern.contains("_Concurrency-")]]. Found: [] in [Task(forTarget: TargetA, ruleInfo: ["Ld", "/private/var/folders/xr/m5_5rlsd6l9fk2w4ngj13k6m0000gn/T/swbuild.tmp.Qwrkh9On/Data.noindex/Test/aProject/build/Debug/TargetA.framework/Versions/A/TargetA", "normal"]), Task(forTarget: <none>, ruleInfo: ["Gate", "target-TargetA-T-TargetA-21785--Barrier-RegisterExecutionPolicyException"]), Task(forTarget: TargetA, ruleInfo: ["MkDir", "/private/var/folders/xr/m5_5rlsd6l9fk2w4ngj13k6m0000gn/T/swbuild.tmp.Qwrkh9On/Data.noindex/Test/aProject/build/Debug/TargetA.framework/Versions"]), Task(forTarget: TargetA, ruleInfo: ["SymLink", "/private/var/folders/xr/m5_5rlsd6l9fk2w4ngj13k6m0000gn/T/swbuild.tmp.Qwrkh9On/Data.noindex/Test/aProject/build/EagerLinkingTBDs/Debug/TargetA.framework/TargetA.tbd", "/private/var/folders/xr/m5_5rlsd6l9fk2w4ngj13k6m0000gn/T/swbuild.tmp.Qwrkh9On/Data.noindex/Test/aProject/build/EagerLinkingTBDs/Debug/TargetA.framework/Versions/A/TargetA.tbd"]), Task(forTarget: <none>, ruleInfo: ["Gate", "target-TargetB-T-TargetB-21793--GeneratedFilesTaskProducer"]), Task(forTarget: TargetA, ruleInfo: ["ExtractAppIntentsMetadata"]), Task(forTarget: TargetB, ruleInfo: ["MkDir", "/private/var/folders/xr/m5_5rlsd6l9fk2w4ngj13k6m0000gn/T/swbuild.tmp.Qwrkh9On/Data.noindex/Test/aProject/build/Debug/TargetB.framework/Versions/A/Headers"]), Task(forTarget: <none>, ruleInfo: ["Gate", "target-TargetA-T-TargetA-21785--Barrier-StripSymbols"]), Task(forTarget: TargetB, ruleInfo: ["SwiftDriver Compilation", "TargetB", "normal", "x86_64", "com.apple.xcode.tools.swift.compiler"]), Task(forTarget: TargetB, ruleInfo: ["WriteAuxiliaryFile", "/private/var/folders/xr/m5_5rlsd6l9fk2w4ngj13k6m0000gn/T/swbuild.tmp.Qwrkh9On/Data.noindex/Test/aProject/build/aProject.build/Debug/TargetB.build/Objects-normal/x86_64/TargetB.SwiftConstValuesFileList"]), Task(forTarget: <none>, ruleInfo: ["Gate", "target-TargetB-T-TargetB-21793--TAPISymbolExtractorTaskProducer"]), Task(forTarget: <none>, ruleInfo: ["Gate", "target-TargetB-T-TargetB-21793--swift-generated-headers"]), Task(forTarget: <none>, ruleInfo: ["Gate", "target-TargetB-T-TargetB-21793--ProductPostprocessingTaskProducer"]), Task(forTarget: <none>, ruleInfo: ["Gate", "target-TargetB-T-TargetB-21793--RealityAssetsTaskProducer"]), Task(forTarget: <none>, ruleInfo: ["Gate", "target-TargetA-T-TargetA-21785--Barrier-CopyAside"]), Task(forTarget: <none>, ruleInfo: ["SwiftExplicitDependencyGeneratePcm", "x86_64", "/private/var/folders/xr/m5_5rlsd6l9fk2w4ngj13k6m0000gn/T/swbuild.tmp.Qwrkh9On/Data.noindex/Test/aProject/build/SwiftExplicitPrecompiledModules/SwiftShims-E7NR5GGR9Z7GY7PSRPSK1C6L1.pcm"]), Task(forTarget: TargetA, ruleInfo: ["Copy", "/private/var/folders/xr/m5_5rlsd6l9fk2w4ngj13k6m0000gn/T/swbuild.tmp.Qwrkh9On/Data.noindex/Test/aProject/build/Debug/TargetA.framework/Versions/A/Modules/TargetA.swiftmodule/x86_64-apple-macos.swiftdoc", "/private/var/folders/xr/m5_5rlsd6l9fk2w4ngj13k6m0000gn/T/swbuild.tmp.Qwrkh9On/Data.noindex/Test/aProject/build/aProject.build/Debug/TargetA.build/Objects-normal/x86_64/TargetA.swiftdoc"]), Task(forTarget: TargetB, ruleInfo: ["Gate", "target-TargetB-T-TargetB-21793--begin-scanning"]), Task(forTarget: <none>, ruleInfo: ["Gate", "target-TargetB-T-TargetB-21793--ModuleVerifierTaskProducer"]), Task(forTarget: TargetA, ruleInfo: ["SymLink", "/private/var/folders/xr/m5_5rlsd6l9fk2w4ngj13k6m0000gn/T/swbuild.tmp.Qwrkh9On/Data.noindex/Test/aProject/build/Debug/TargetA.framework/Headers", "Versions/Current/Headers"]), Task(forTarget: TargetB, ruleInfo: ["SwiftCompile", "normal", "x86_64", "Compiling fileB2.swift", "/private/var/folders/xr/m5_5rlsd6l9fk2w4ngj13k6m0000gn/T/swbuild.tmp.Qwrkh9On/Data.noindex/Test/aProject/Sources/fileB2.swift"]), Task(forTarget: TargetB, ruleInfo: ["Gate", "target-TargetB-T-TargetB-21793--linker-inputs-ready"]), Task(forTarget: <none>, ruleInfo: ["Gate", "target-TargetA-T-TargetA-21785--Barrier-ChangePermissions"]), Task(forTarget: TargetA, ruleInfo: ["WriteAuxiliaryFile", "/private/var/folders/xr/m5_5rlsd6l9fk2w4ngj13k6m0000gn/T/swbuild.tmp.Qwrkh9On/Data.noindex/Test/aProject/build/aProject.build/Debug/TargetA.build/TargetA-all-target-headers.hmap"]), Task(forTarget: TargetA, ruleInfo: ["SwiftDriver Compilation Requirements", "TargetA", "normal", "x86_64", "com.apple.xcode.tools.swift.compiler"]), Task(forTarget: TargetA, ruleInfo: ["WriteAuxiliaryFile", "/private/var/folders/xr/m5_5rlsd6l9fk2w4ngj13k6m0000gn/T/swbuild.tmp.Qwrkh9On/Data.noindex/Test/aProject/build/aProject.build/Debug/TargetA.build/Objects-normal/x86_64/TargetA_const_extract_protocols.json"]), Task(forTarget: TargetA, ruleInfo: ["Gate", "target-TargetA-T-TargetA-21785--entry"]), Task(forTarget: TargetA, ruleInfo: ["WriteAuxiliaryFile", "/private/var/folders/xr/m5_5rlsd6l9fk2w4ngj13k6m0000gn/T/swbuild.tmp.Qwrkh9On/Data.noindex/Test/aProject/build/aProject.build/Debug/TargetA.build/TargetA.DependencyMetadataFileList"]), Task(forTarget: TargetA, ruleInfo: ["Copy", "/private/var/folders/xr/m5_5rlsd6l9fk2w4ngj13k6m0000gn/T/swbuild.tmp.Qwrkh9On/Data.noindex/Test/aProject/build/Debug/TargetA.framework/Versions/A/Modules/TargetA.swiftmodule/x86_64-apple-macos.swiftmodule", "/private/var/folders/xr/m5_5rlsd6l9fk2w4ngj13k6m0000gn/T/swbuild.tmp.Qwrkh9On/Data.noindex/Test/aProject/build/aProject.build/Debug/TargetA.build/Objects-normal/x86_64/TargetA.swiftmodule"]), Task(forTarget: <none>, ruleInfo: ["Gate", "target-TargetB-T-TargetB-21793--Barrier-RegisterProduct"]), Task(forTarget: TargetB, ruleInfo: ["SwiftDriver Compilation Requirements", "TargetB", "normal", "x86_64", "com.apple.xcode.tools.swift.compiler"]), Task(forTarget: <none>, ruleInfo: ["Gate", "target-TargetB-T-TargetB-21793--StubBinaryTaskProducer"]), Task(forTarget: TargetB, ruleInfo: ["Gate", "target-TargetB-T-TargetB-21793--entry"]), Task(forTarget: <none>, ruleInfo: ["SwiftExplicitDependencyCompileModuleFromInterface", "x86_64", "/private/var/folders/xr/m5_5rlsd6l9fk2w4ngj13k6m0000gn/T/swbuild.tmp.Qwrkh9On/Data.noindex/Test/aProject/build/SwiftExplicitPrecompiledModules/Swift-1039YR9EBE61.swiftmodule"]), Task(forTarget: <none>, ruleInfo: ["Gate", "target-TargetB-T-TargetB-21793--GenerateAppPlaygroundAssetCatalogTaskProducer"]), Task(forTarget: TargetB, ruleInfo: ["Gate", "target-TargetB-T-TargetB-21793--begin-linking"]), Task(forTarget: TargetA, ruleInfo: ["WriteAuxiliaryFile", "/private/var/folders/xr/m5_5rlsd6l9fk2w4ngj13k6m0000gn/T/swbuild.tmp.Qwrkh9On/Data.noindex/Test/aProject/build/aProject.build/Debug/TargetA.build/Objects-normal/x86_64/TargetA-OutputFileMap.json"]), Task(forTarget: TargetB, ruleInfo: ["WriteAuxiliaryFile", "/private/var/folders/xr/m5_5rlsd6l9fk2w4ngj13k6m0000gn/T/swbuild.tmp.Qwrkh9On/Data.noindex/Test/aProject/build/aProject.build/Debug/TargetB.build/TargetB.DependencyMetadataFileList"]), Task(forTarget: TargetB, ruleInfo: ["WriteAuxiliaryFile", "/private/var/folders/xr/m5_5rlsd6l9fk2w4ngj13k6m0000gn/T/swbuild.tmp.Qwrkh9On/Data.noindex/Test/aProject/build/aProject.build/Debug/TargetB.build/TargetB.hmap"]), Task(forTarget: <none>, ruleInfo: ["CreateBuildDirectory", "/private/var/folders/xr/m5_5rlsd6l9fk2w4ngj13k6m0000gn/T/swbuild.tmp.Qwrkh9On/Data.noindex/Test/aProject/build/SharedPrecompiledHeaders"]), Task(forTarget: TargetA, ruleInfo: ["Gate", "target-TargetA-T-TargetA-21785--unsigned-product-ready"]), Task(forTarget: TargetA, ruleInfo: ["Gate", "target-TargetA-T-TargetA-21785--will-sign"]), Task(forTarget: TargetB, ruleInfo: ["Copy", "/private/var/folders/xr/m5_5rlsd6l9fk2w4ngj13k6m0000gn/T/swbuild.tmp.Qwrkh9On/Data.noindex/Test/aProject/build/Debug/TargetB.framework/Versions/A/Modules/TargetB.swiftmodule/Project/x86_64-apple-macos.swiftsourceinfo", "/private/var/folders/xr/m5_5rlsd6l9fk2w4ngj13k6m0000gn/T/swbuild.tmp.Qwrkh9On/Data.noindex/Test/aProject/build/aProject.build/Debug/TargetB.build/Objects-normal/x86_64/TargetB.swiftsourceinfo"]), Task(forTarget: TargetA, ruleInfo: ["WriteAuxiliaryFile", "/private/var/folders/xr/m5_5rlsd6l9fk2w4ngj13k6m0000gn/T/swbuild.tmp.Qwrkh9On/Data.noindex/Test/aProject/build/aProject.build/Debug/TargetA.build/TargetA-generated-files.hmap"]), Task(forTarget: TargetA, ruleInfo: ["Gate", "target-TargetA-T-TargetA-21785--linker-inputs-ready"]), Task(forTarget: <none>, ruleInfo: ["Gate", "target-TargetB-T-TargetB-21793--Barrier-GenerateStubAPI"]), Task(forTarget: <none>, ruleInfo: ["Gate", "target-TargetA-T-TargetA-21785--ModuleVerifierTaskProducer"]), Task(forTarget: <none>, ruleInfo: ["Gate", "target-TargetB-T-TargetB-21793--SwiftFrameworkABICheckerTaskProducer"]), Task(forTarget: TargetB, ruleInfo: ["Gate", "target-TargetB-T-TargetB-21793--end"]), Task(forTarget: TargetB, ruleInfo: ["WriteAuxiliaryFile", "/private/var/folders/xr/m5_5rlsd6l9fk2w4ngj13k6m0000gn/T/swbuild.tmp.Qwrkh9On/Data.noindex/Test/aProject/build/aProject.build/Debug/TargetB.build/TargetB-all-target-headers.hmap"]), Task(forTarget: <none>, ruleInfo: ["SwiftExplicitDependencyGeneratePcm", "x86_64", "/private/var/folders/xr/m5_5rlsd6l9fk2w4ngj13k6m0000gn/T/swbuild.tmp.Qwrkh9On/Data.noindex/Test/aProject/build/SwiftExplicitPrecompiledModules/_SwiftConcurrencyShims-BUR8XM1R06AS02RWV63HPG1KR.pcm"]), Task(forTarget: <none>, ruleInfo: ["Gate", "target-TargetB-T-TargetB-21793--Barrier-ChangePermissions"]), Task(forTarget: <none>, ruleInfo: ["Gate", "target-TargetB-T-TargetB-21793--Barrier-CodeSign"]), Task(forTarget: TargetB, ruleInfo: ["Touch", "/private/var/folders/xr/m5_5rlsd6l9fk2w4ngj13k6m0000gn/T/swbuild.tmp.Qwrkh9On/Data.noindex/Test/aProject/build/Debug/TargetB.framework"]), Task(forTarget: <none>, ruleInfo: ["Gate", "target-TargetB-T-TargetB-21793--Barrier-StripSymbols"]), Task(forTarget: TargetB, ruleInfo: ["WriteAuxiliaryFile", "/private/var/folders/xr/m5_5rlsd6l9fk2w4ngj13k6m0000gn/T/swbuild.tmp.Qwrkh9On/Data.noindex/Test/aProject/build/aProject.build/Debug/TargetB.build/Objects-normal/x86_64/TargetB-OutputFileMap.json"]), Task(forTarget: TargetB, ruleInfo: ["GenerateTAPI", "/private/var/folders/xr/m5_5rlsd6l9fk2w4ngj13k6m0000gn/T/swbuild.tmp.Qwrkh9On/Data.noindex/Test/aProject/build/EagerLinkingTBDs/Debug/TargetB.framework/Versions/A/TargetB.tbd"]), Task(forTarget: TargetB, ruleInfo: ["SwiftEmitModule", "normal", "x86_64", "Emitting module for TargetB"]), Task(forTarget: TargetB, ruleInfo: ["MkDir", "/private/var/folders/xr/m5_5rlsd6l9fk2w4ngj13k6m0000gn/T/swbuild.tmp.Qwrkh9On/Data.noindex/Test/aProject/build/Debug/TargetB.framework/Versions"]), Task(forTarget: TargetA, ruleInfo: ["WriteAuxiliaryFile", "/private/var/folders/xr/m5_5rlsd6l9fk2w4ngj13k6m0000gn/T/swbuild.tmp.Qwrkh9On/Data.noindex/Test/aProject/build/aProject.build/Debug/TargetA.build/Objects-normal/x86_64/TargetA.SwiftFileList"]), Task(forTarget: TargetB, ruleInfo: ["ExtractAppIntentsMetadata"]), Task(forTarget: <none>, ruleInfo: ["Gate", "target-TargetB-T-TargetB-21793--ProductStructureTaskProducer"]), Task(forTarget: <none>, ruleInfo: ["Gate", "target-TargetB-T-TargetB-21793--HeadermapTaskProducer"]), Task(forTarget: <none>, ruleInfo: ["CreateBuildDirectory", "/private/var/folders/xr/m5_5rlsd6l9fk2w4ngj13k6m0000gn/T/swbuild.tmp.Qwrkh9On/Data.noindex/Test/aProject/build/Debug"]), Task(forTarget: TargetA, ruleInfo: ["WriteAuxiliaryFile", "/private/var/folders/xr/m5_5rlsd6l9fk2w4ngj13k6m0000gn/T/swbuild.tmp.Qwrkh9On/Data.noindex/Test/aProject/build/aProject.build/Debug/TargetA.build/TargetA.DependencyStaticMetadataFileList"]), Task(forTarget: <none>, ruleInfo: ["Gate", "target-TargetB-T-TargetB-21793--ExtensionPointExtractorTaskProducer"]), Task(forTarget: <none>, ruleInfo: ["Gate", "target-TargetB-T-TargetB-21793--SwiftStandardLibrariesTaskProducer"]), Task(forTarget: TargetA, ruleInfo: ["Copy", "/private/var/folders/xr/m5_5rlsd6l9fk2w4ngj13k6m0000gn/T/swbuild.tmp.Qwrkh9On/Data.noindex/Test/aProject/build/Debug/TargetA.framework/Versions/A/Modules/TargetA.swiftmodule/x86_64-apple-macos.abi.json", "/private/var/folders/xr/m5_5rlsd6l9fk2w4ngj13k6m0000gn/T/swbuild.tmp.Qwrkh9On/Data.noindex/Test/aProject/build/aProject.build/Debug/TargetA.build/Objects-normal/x86_64/TargetA.abi.json"]), Task(forTarget: <none>, ruleInfo: ["CreateBuildDirectory", "/private/var/folders/xr/m5_5rlsd6l9fk2w4ngj13k6m0000gn/T/swbuild.tmp.Qwrkh9On/Data.noindex/Test/aProject/build/ExplicitPrecompiledModules"]), Task(forTarget: TargetB, ruleInfo: ["Gate", "target-TargetB-T-TargetB-21793--immediate"]), Task(forTarget: <none>, ruleInfo: ["Gate", "target-TargetA-T-TargetA-21785--AppExtensionInfoPlistGeneratorTaskProducer"]), Task(forTarget: TargetB, ruleInfo: ["SymLink", "/private/var/folders/xr/m5_5rlsd6l9fk2w4ngj13k6m0000gn/T/swbuild.tmp.Qwrkh9On/Data.noindex/Test/aProject/build/Debug/TargetB.framework/Modules", "Versions/Current/Modules"]), Task(forTarget: <none>, ruleInfo: ["Gate", "target-TargetA-T-TargetA-21785--swift-generated-headers"]), Task(forTarget: <none>, ruleInfo: ["Gate", "target-TargetB-T-TargetB-21793--InfoPlistTaskProducer"]), Task(forTarget: <none>, ruleInfo: ["Gate", "target-TargetB-T-TargetB-21793--AppExtensionInfoPlistGeneratorTaskProducer"]), Task(forTarget: TargetB, ruleInfo: ["SwiftDriver", "TargetB", "normal", "x86_64", "com.apple.xcode.tools.swift.compiler"]), Task(forTarget: <none>, ruleInfo: ["Gate", "target-TargetA-T-TargetA-21785--CopySwiftPackageResourcesTaskProducer"]), Task(forTarget: <none>, ruleInfo: ["Gate", "target-TargetA-T-TargetA-21785--ProductStructureTaskProducer"]), Task(forTarget: TargetA, ruleInfo: ["SymLink", "/private/var/folders/xr/m5_5rlsd6l9fk2w4ngj13k6m0000gn/T/swbuild.tmp.Qwrkh9On/Data.noindex/Test/aProject/build/Debug/TargetA.framework/Versions/Current", "A"]), Task(forTarget: TargetA, ruleInfo: ["SwiftMergeGeneratedHeaders", "/private/var/folders/xr/m5_5rlsd6l9fk2w4ngj13k6m0000gn/T/swbuild.tmp.Qwrkh9On/Data.noindex/Test/aProject/build/Debug/TargetA.framework/Versions/A/Headers/TargetA-Swift.h", "/private/var/folders/xr/m5_5rlsd6l9fk2w4ngj13k6m0000gn/T/swbuild.tmp.Qwrkh9On/Data.noindex/Test/aProject/build/aProject.build/Debug/TargetA.build/Objects-normal/x86_64/TargetA-Swift.h"]), Task(forTarget: <none>, ruleInfo: ["Gate", "target-TargetA-T-TargetA-21785--ProductPostprocessingTaskProducer"]), Task(forTarget: TargetB, ruleInfo: ["Copy", "/private/var/folders/xr/m5_5rlsd6l9fk2w4ngj13k6m0000gn/T/swbuild.tmp.Qwrkh9On/Data.noindex/Test/aProject/build/Debug/TargetB.framework/Versions/A/Modules/TargetB.swiftmodule/x86_64-apple-macos.swiftdoc", "/private/var/folders/xr/m5_5rlsd6l9fk2w4ngj13k6m0000gn/T/swbuild.tmp.Qwrkh9On/Data.noindex/Test/aProject/build/aProject.build/Debug/TargetB.build/Objects-normal/x86_64/TargetB.swiftdoc"]), Task(forTarget: <none>, ruleInfo: ["Gate", "target-TargetA-T-TargetA-21785--DocumentationTaskProducer"]), Task(forTarget: TargetB, ruleInfo: ["SymLink", "/private/var/folders/xr/m5_5rlsd6l9fk2w4ngj13k6m0000gn/T/swbuild.tmp.Qwrkh9On/Data.noindex/Test/aProject/build/Debug/TargetB.framework/Versions/Current", "A"]), Task(forTarget: <none>, ruleInfo: ["Gate", "target-TargetA-T-TargetA-21785--InfoPlistTaskProducer"]), Task(forTarget: <none>, ruleInfo: ["CreateBuildDirectory", "/private/var/folders/xr/m5_5rlsd6l9fk2w4ngj13k6m0000gn/T/swbuild.tmp.Qwrkh9On/Data.noindex/Test/aProject/build"]), Task(forTarget: <none>, ruleInfo: ["Gate", "target-TargetA-T-TargetA-21785--SwiftABIBaselineGenerationTaskProducer"]), Task(forTarget: TargetA, ruleInfo: ["SwiftDriver Compilation", "TargetA", "normal", "x86_64", "com.apple.xcode.tools.swift.compiler"]), Task(forTarget: TargetB, ruleInfo: ["SwiftMergeGeneratedHeaders", "/private/var/folders/xr/m5_5rlsd6l9fk2w4ngj13k6m0000gn/T/swbuild.tmp.Qwrkh9On/Data.noindex/Test/aProject/build/Debug/TargetB.framework/Versions/A/Headers/TargetB-Swift.h", "/private/var/folders/xr/m5_5rlsd6l9fk2w4ngj13k6m0000gn/T/swbuild.tmp.Qwrkh9On/Data.noindex/Test/aProject/build/aProject.build/Debug/TargetB.build/Objects-normal/x86_64/TargetB-Swift.h"]), Task(forTarget: TargetB, ruleInfo: ["Ld", "/private/var/folders/xr/m5_5rlsd6l9fk2w4ngj13k6m0000gn/T/swbuild.tmp.Qwrkh9On/Data.noindex/Test/aProject/build/Debug/TargetB.framework/Versions/A/TargetB", "normal"]), Task(forTarget: TargetB, ruleInfo: ["WriteAuxiliaryFile", "/private/var/folders/xr/m5_5rlsd6l9fk2w4ngj13k6m0000gn/T/swbuild.tmp.Qwrkh9On/Data.noindex/Test/aProject/build/aProject.build/Debug/TargetB.build/TargetB-all-non-framework-target-headers.hmap"]), Task(forTarget: <none>, ruleInfo: ["Gate", "target-TargetA-T-TargetA-21785--TAPISymbolExtractorTaskProducer"]), Task(forTarget: <none>, ruleInfo: ["SwiftExplicitDependencyCompileModuleFromInterface", "x86_64", "/private/var/folders/xr/m5_5rlsd6l9fk2w4ngj13k6m0000gn/T/swbuild.tmp.Qwrkh9On/Data.noindex/Test/aProject/build/SwiftExplicitPrecompiledModules/_Concurrency-2W8LU3DF58RLX.swiftmodule"]), Task(forTarget: <none>, ruleInfo: ["Gate", "target-TargetB-T-TargetB-21793--Barrier-ChangeAlternatePermissions"]), Task(forTarget: <none>, ruleInfo: ["Gate", "target-TargetA-T-TargetA-21785--SwiftPackageCopyFilesTaskProducer"]), Task(forTarget: <none>, ruleInfo: ["Gate", "target-TargetA-T-TargetA-21785--copy-headers-completion"]), Task(forTarget: <none>, ruleInfo: ["Gate", "WorkspaceHeaderMapVFSFilesWritten"]), Task(forTarget: TargetA, ruleInfo: ["Gate", "target-TargetA-T-TargetA-21785--modules-ready"]), Task(forTarget: <none>, ruleInfo: ["Gate", "target-TargetB-T-TargetB-21793--SanitizerTaskProducer"]), Task(forTarget: <none>, ruleInfo: ["Gate", "target-TargetA-T-TargetA-21785--Barrier-ChangeAlternatePermissions"]), Task(forTarget: TargetB, ruleInfo: ["SymLink", "/private/var/folders/xr/m5_5rlsd6l9fk2w4ngj13k6m0000gn/T/swbuild.tmp.Qwrkh9On/Data.noindex/Test/aProject/build/Debug/TargetB.framework/Headers", "Versions/Current/Headers"]), Task(forTarget: <none>, ruleInfo: ["CreateBuildDirectory", "/var/folders/xr/m5_5rlsd6l9fk2w4ngj13k6m0000gn/C/com.apple.DeveloperTools/26.4.1-17E202/Xcode/CompilationCache.noindex"]), Task(forTarget: <none>, ruleInfo: ["Gate", "target-TargetA-T-TargetA-21785--CustomTaskProducer"]), Task(forTarget: <none>, ruleInfo: ["Gate", "target-TargetA-T-TargetA-21785--AppIntentsMetadataTaskProducer"]), Task(forTarget: TargetB, ruleInfo: ["Copy", "/private/var/folders/xr/m5_5rlsd6l9fk2w4ngj13k6m0000gn/T/swbuild.tmp.Qwrkh9On/Data.noindex/Test/aProject/build/Debug/TargetB.framework/Versions/A/Modules/TargetB.swiftmodule/x86_64-apple-macos.abi.json", "/private/var/folders/xr/m5_5rlsd6l9fk2w4ngj13k6m0000gn/T/swbuild.tmp.Qwrkh9On/Data.noindex/Test/aProject/build/aProject.build/Debug/TargetB.build/Objects-normal/x86_64/TargetB.abi.json"]), Task(forTarget: <none>, ruleInfo: ["Gate", "target-TargetA-T-TargetA-21785--TestHostTaskProducer"]), Task(forTarget: TargetB, ruleInfo: ["WriteAuxiliaryFile", "/private/var/folders/xr/m5_5rlsd6l9fk2w4ngj13k6m0000gn/T/swbuild.tmp.Qwrkh9On/Data.noindex/Test/aProject/build/aProject.build/Debug/TargetB.build/Objects-normal/x86_64/TargetB.LinkFileList"]), Task(forTarget: <none>, ruleInfo: ["Gate", "target-TargetA-T-TargetA-21785--TestTargetPostprocessingTaskProducer"]), Task(forTarget: <none>, ruleInfo: ["Gate", "target-TargetA-T-TargetA-21785--Barrier-GenerateStubAPI"]), Task(forTarget: TargetB, ruleInfo: ["Gate", "target-TargetB-T-TargetB-21793--will-sign"]), Task(forTarget: <none>, ruleInfo: ["Gate", "target-TargetA-T-TargetA-21785--generated-headers"]), Task(forTarget: <none>, ruleInfo: ["Gate", "target-TargetB-T-TargetB-21793--Barrier-RegisterExecutionPolicyException"]), Task(forTarget: TargetB, ruleInfo: ["SymLink", "/private/var/folders/xr/m5_5rlsd6l9fk2w4ngj13k6m0000gn/T/swbuild.tmp.Qwrkh9On/Data.noindex/Test/aProject/build/EagerLinkingTBDs/Debug/TargetB.framework/TargetB.tbd", "/private/var/folders/xr/m5_5rlsd6l9fk2w4ngj13k6m0000gn/T/swbuild.tmp.Qwrkh9On/Data.noindex/Test/aProject/build/EagerLinkingTBDs/Debug/TargetB.framework/Versions/A/TargetB.tbd"]), Task(forTarget: TargetB, ruleInfo: ["WriteAuxiliaryFile", "/private/var/folders/xr/m5_5rlsd6l9fk2w4ngj13k6m0000gn/T/swbuild.tmp.Qwrkh9On/Data.noindex/Test/aProject/build/aProject.build/Debug/TargetB.build/TargetB-own-target-headers.hmap"]), Task(forTarget: TargetB, ruleInfo: ["WriteAuxiliaryFile", "/private/var/folders/xr/m5_5rlsd6l9fk2w4ngj13k6m0000gn/T/swbuild.tmp.Qwrkh9On/Data.noindex/Test/aProject/build/aProject.build/Debug/TargetB.build/TargetB-project-headers.hmap"]), Task(forTarget: <none>, ruleInfo: ["Gate", "target-TargetB-T-TargetB-21793--DocumentationTaskProducer"]), Task(forTarget: <none>, ruleInfo: ["Gate", "target-TargetA-T-TargetA-21785--TestEntryPointTaskProducerFactory"]), Task(forTarget: <none>, ruleInfo: ["Gate", "target-TargetA-T-TargetA-21785--TestTargetTaskProducer"]), Task(forTarget: TargetA, ruleInfo: ["Touch", "/private/var/folders/xr/m5_5rlsd6l9fk2w4ngj13k6m0000gn/T/swbuild.tmp.Qwrkh9On/Data.noindex/Test/aProject/build/Debug/TargetA.framework"]), Task(forTarget: <none>, ruleInfo: ["Gate", "target-TargetA-T-TargetA-21785--HeadermapTaskProducer"]), Task(forTarget: <none>, ruleInfo: ["Gate", "target-TargetB-T-TargetB-21793--fused-phase0-compile-sources&link-binary"]), Task(forTarget: TargetB, ruleInfo: ["WriteAuxiliaryFile", "/private/var/folders/xr/m5_5rlsd6l9fk2w4ngj13k6m0000gn/T/swbuild.tmp.Qwrkh9On/Data.noindex/Test/aProject/build/aProject.build/Debug/TargetB.build/TargetB.DependencyStaticMetadataFileList"]), Task(forTarget: <none>, ruleInfo: ["Gate", "target-TargetB-T-TargetB-21793--TestTargetTaskProducer"]), Task(forTarget: <none>, ruleInfo: ["Gate", "target-TargetA-T-TargetA-21785--RealityAssetsTaskProducer"]), Task(forTarget: <none>, ruleInfo: ["Gate", "target-TargetB-T-TargetB-21793--CustomTaskProducer"]), Task(forTarget: TargetB, ruleInfo: ["RegisterExecutionPolicyException", "/private/var/folders/xr/m5_5rlsd6l9fk2w4ngj13k6m0000gn/T/swbuild.tmp.Qwrkh9On/Data.noindex/Test/aProject/build/Debug/TargetB.framework"]), Task(forTarget: TargetA, ruleInfo: ["WriteAuxiliaryFile", "/private/var/folders/xr/m5_5rlsd6l9fk2w4ngj13k6m0000gn/T/swbuild.tmp.Qwrkh9On/Data.noindex/Test/aProject/build/aProject.build/Debug/TargetA.build/TargetA-all-non-framework-target-headers.hmap"]), Task(forTarget: TargetB, ruleInfo: ["SwiftCompile", "normal", "x86_64", "Compiling fileB1.swift", "/private/var/folders/xr/m5_5rlsd6l9fk2w4ngj13k6m0000gn/T/swbuild.tmp.Qwrkh9On/Data.noindex/Test/aProject/Sources/fileB1.swift"]), Task(forTarget: <none>, ruleInfo: ["Gate", "target-TargetA-T-TargetA-21785--Barrier-CodeSign"]), Task(forTarget: <none>, ruleInfo: ["Gate", "target-TargetB-T-TargetB-21793--AppIntentsMetadataTaskProducer"]), Task(forTarget: TargetB, ruleInfo: ["Gate", "target-TargetB-T-TargetB-21793--unsigned-product-ready"]), Task(forTarget: TargetA, ruleInfo: ["SwiftDriver", "TargetA", "normal", "x86_64", "com.apple.xcode.tools.swift.compiler"]), Task(forTarget: TargetA, ruleInfo: ["Gate", "target-TargetA-T-TargetA-21785--end"]), Task(forTarget: TargetA, ruleInfo: ["Gate", "target-TargetA-T-TargetA-21785--begin-scanning"]), Task(forTarget: TargetB, ruleInfo: ["WriteAuxiliaryFile", "/private/var/folders/xr/m5_5rlsd6l9fk2w4ngj13k6m0000gn/T/swbuild.tmp.Qwrkh9On/Data.noindex/Test/aProject/build/aProject.build/Debug/TargetB.build/Objects-normal/x86_64/TargetB_const_extract_protocols.json"]), Task(forTarget: <none>, ruleInfo: ["Gate", "target-TargetA-T-TargetA-21785--StubBinaryTaskProducer"]), Task(forTarget: TargetB, ruleInfo: ["MkDir", "/private/var/folders/xr/m5_5rlsd6l9fk2w4ngj13k6m0000gn/T/swbuild.tmp.Qwrkh9On/Data.noindex/Test/aProject/build/Debug/TargetB.framework/Versions/A"]), Task(forTarget: TargetA, ruleInfo: ["SwiftCompile", "normal", "x86_64", "Compiling fileA2.swift", "/private/var/folders/xr/m5_5rlsd6l9fk2w4ngj13k6m0000gn/T/swbuild.tmp.Qwrkh9On/Data.noindex/Test/aProject/Sources/fileA2.swift"]), Task(forTarget: <none>, ruleInfo: ["Gate", "target-TargetA-T-TargetA-21785--fused-phase0-compile-sources"]), Task(forTarget: <none>, ruleInfo: ["Gate", "target-TargetA-T-TargetA-21785--ModuleMapTaskProducer"]), Task(forTarget: <none>, ruleInfo: ["Gate", "target-TargetA-T-TargetA-21785--GeneratedFilesTaskProducer"]), Task(forTarget: <none>, ruleInfo: ["Gate", "target-TargetA-T-TargetA-21785--SwiftStandardLibrariesTaskProducer"]), Task(forTarget: TargetA, ruleInfo: ["GenerateTAPI", "/private/var/folders/xr/m5_5rlsd6l9fk2w4ngj13k6m0000gn/T/swbuild.tmp.Qwrkh9On/Data.noindex/Test/aProject/build/EagerLinkingTBDs/Debug/TargetA.framework/Versions/A/TargetA.tbd"]), Task(forTarget: <none>, ruleInfo: ["Gate", "target-TargetA-T-TargetA-21785--Barrier-Validate"]), Task(forTarget: TargetB, ruleInfo: ["WriteAuxiliaryFile", "/private/var/folders/xr/m5_5rlsd6l9fk2w4ngj13k6m0000gn/T/swbuild.tmp.Qwrkh9On/Data.noindex/Test/aProject/build/aProject.build/Debug/TargetB.build/Objects-normal/x86_64/TargetB.SwiftFileList"]), Task(forTarget: TargetA, ruleInfo: ["MkDir", "/private/var/folders/xr/m5_5rlsd6l9fk2w4ngj13k6m0000gn/T/swbuild.tmp.Qwrkh9On/Data.noindex/Test/aProject/build/Debug/TargetA.framework"]), Task(forTarget: <none>, ruleInfo: ["Gate", "target-TargetA-T-TargetA-21785--ExtensionPointExtractorTaskProducer"]), Task(forTarget: TargetA, ruleInfo: ["SymLink", "/private/var/folders/xr/m5_5rlsd6l9fk2w4ngj13k6m0000gn/T/swbuild.tmp.Qwrkh9On/Data.noindex/Test/aProject/build/Debug/TargetA.framework/TargetA", "Versions/Current/TargetA"]), Task(forTarget: TargetA, ruleInfo: ["MkDir", "/private/var/folders/xr/m5_5rlsd6l9fk2w4ngj13k6m0000gn/T/swbuild.tmp.Qwrkh9On/Data.noindex/Test/aProject/build/Debug/TargetA.framework/Versions/A"]), Task(forTarget: <none>, ruleInfo: ["Gate", "target-TargetB-T-TargetB-21793--generated-headers"]), Task(forTarget: <none>, ruleInfo: ["Gate", "target-TargetA-T-TargetA-21785--SwiftFrameworkABICheckerTaskProducer"]), Task(forTarget: TargetB, ruleInfo: ["Gate", "target-TargetB-T-TargetB-21793--modules-ready"]), Task(forTarget: <none>, ruleInfo: ["ClangStatCache", "/Applications/Xcode17E.app/Contents/Developer/Toolchains/XcodeDefault.xctoolchain/usr/bin/clang-stat-cache", "/Applications/Xcode17E.app/Contents/Developer/Platforms/MacOSX.platform/Developer/SDKs/MacOSX26.4.sdk", "/private/var/folders/xr/m5_5rlsd6l9fk2w4ngj13k6m0000gn/T/swbuild.tmp.Qwrkh9On/Data.noindex/Test/SDKStatCaches.noindex/macosx26.4-25E260-95aa6cf8f3effd57bda17e0c125410c0.sdkstatcache"]), Task(forTarget: TargetB, ruleInfo: ["SymLink", "/private/var/folders/xr/m5_5rlsd6l9fk2w4ngj13k6m0000gn/T/swbuild.tmp.Qwrkh9On/Data.noindex/Test/aProject/build/Debug/TargetB.framework/TargetB", "Versions/Current/TargetB"]), Task(forTarget: TargetA, ruleInfo: ["MkDir", "/private/var/folders/xr/m5_5rlsd6l9fk2w4ngj13k6m0000gn/T/swbuild.tmp.Qwrkh9On/Data.noindex/Test/aProject/build/Debug/TargetA.framework/Versions/A/Headers"]), Task(forTarget: <none>, ruleInfo: ["Gate", "target-TargetB-T-TargetB-21793--TestHostTaskProducer"]), Task(forTarget: TargetA, ruleInfo: ["Gate", "target-TargetA-T-TargetA-21785--begin-linking"]), Task(forTarget: <none>, ruleInfo: ["Gate", "target-TargetB-T-TargetB-21793--ModuleMapTaskProducer"]), Task(forTarget: <none>, ruleInfo: ["CreateBuildDirectory", "/private/var/folders/xr/m5_5rlsd6l9fk2w4ngj13k6m0000gn/T/swbuild.tmp.Qwrkh9On/Data.noindex/Test/aProject/build/SwiftExplicitPrecompiledModules"]), Task(forTarget: <none>, ruleInfo: ["Gate", "target-TargetB-T-TargetB-21793--SwiftABIBaselineGenerationTaskProducer"]), Task(forTarget: <none>, ruleInfo: ["Gate", "target-TargetB-T-TargetB-21793--TestTargetPostprocessingTaskProducer"]), Task(forTarget: <none>, ruleInfo: ["CreateBuildDirectory", "/private/var/folders/xr/m5_5rlsd6l9fk2w4ngj13k6m0000gn/T/swbuild.tmp.Qwrkh9On/Data.noindex/Test/aProject/build/EagerLinkingTBDs/Debug"]), Task(forTarget: TargetA, ruleInfo: ["WriteAuxiliaryFile", "/private/var/folders/xr/m5_5rlsd6l9fk2w4ngj13k6m0000gn/T/swbuild.tmp.Qwrkh9On/Data.noindex/Test/aProject/build/aProject.build/Debug/TargetA.build/Objects-normal/x86_64/TargetA.SwiftConstValuesFileList"]), Task(forTarget: <none>, ruleInfo: ["Gate", "target-TargetA-T-TargetA-21785--GenerateAppPlaygroundAssetCatalogTaskProducer"]), Task(forTarget: <none>, ruleInfo: ["WriteAuxiliaryFile", "/private/var/folders/xr/m5_5rlsd6l9fk2w4ngj13k6m0000gn/T/swbuild.tmp.Qwrkh9On/Data.noindex/Test/aProject/build/aProject.build/Debug/aProject-P21796-VFS/all-product-headers.yaml"]), Task(forTarget: <none>, ruleInfo: ["Gate", "target-TargetB-T-TargetB-21793--CopySwiftPackageResourcesTaskProducer"]), Task(forTarget: <none>, ruleInfo: ["Gate", "target-TargetB-T-TargetB-21793--Barrier-CopyAside"]), Task(forTarget: TargetA, ruleInfo: ["WriteAuxiliaryFile", "/private/var/folders/xr/m5_5rlsd6l9fk2w4ngj13k6m0000gn/T/swbuild.tmp.Qwrkh9On/Data.noindex/Test/aProject/build/aProject.build/Debug/TargetA.build/TargetA-project-headers.hmap"]), Task(forTarget: TargetB, ruleInfo: ["MkDir", "/private/var/folders/xr/m5_5rlsd6l9fk2w4ngj13k6m0000gn/T/swbuild.tmp.Qwrkh9On/Data.noindex/Test/aProject/build/Debug/TargetB.framework"]), Task(forTarget: TargetA, ruleInfo: ["SymLink", "/private/var/folders/xr/m5_5rlsd6l9fk2w4ngj13k6m0000gn/T/swbuild.tmp.Qwrkh9On/Data.noindex/Test/aProject/build/Debug/TargetA.framework/Modules", "Versions/Current/Modules"]), Task(forTarget: <none>, ruleInfo: ["SwiftExplicitDependencyCompileModuleFromInterface", "x86_64", "/private/var/folders/xr/m5_5rlsd6l9fk2w4ngj13k6m0000gn/T/swbuild.tmp.Qwrkh9On/Data.noindex/Test/aProject/build/SwiftExplicitPrecompiledModules/_StringProcessing-13GX4EAKQZW8B.swiftmodule"]), Task(forTarget: TargetA, ruleInfo: ["RegisterExecutionPolicyException", "/private/var/folders/xr/m5_5rlsd6l9fk2w4ngj13k6m0000gn/T/swbuild.tmp.Qwrkh9On/Data.noindex/Test/aProject/build/Debug/TargetA.framework"]), Task(forTarget: TargetA, ruleInfo: ["Copy", "/private/var/folders/xr/m5_5rlsd6l9fk2w4ngj13k6m0000gn/T/swbuild.tmp.Qwrkh9On/Data.noindex/Test/aProject/build/Debug/TargetA.framework/Versions/A/Modules/TargetA.swiftmodule/Project/x86_64-apple-macos.swiftsourceinfo", "/private/var/folders/xr/m5_5rlsd6l9fk2w4ngj13k6m0000gn/T/swbuild.tmp.Qwrkh9On/Data.noindex/Test/aProject/build/aProject.build/Debug/TargetA.build/Objects-normal/x86_64/TargetA.swiftsourceinfo"]), Task(forTarget: <none>, ruleInfo: ["Gate", "target-TargetB-T-TargetB-21793--copy-headers-completion"]), Task(forTarget: <none>, ruleInfo: ["Gate", "target-TargetB-T-TargetB-21793--TestEntryPointTaskProducerFactory"]), Task(forTarget: TargetA, ruleInfo: ["Gate", "target-TargetA-T-TargetA-21785--immediate"]), Task(forTarget: <none>, ruleInfo: ["Gate", "target-TargetA-T-TargetA-21785--Barrier-RegisterProduct"]), Task(forTarget: <none>, ruleInfo: ["Gate", "target-TargetB-T-TargetB-21793--Barrier-Validate"]), Task(forTarget: TargetB, ruleInfo: ["Copy", "/private/var/folders/xr/m5_5rlsd6l9fk2w4ngj13k6m0000gn/T/swbuild.tmp.Qwrkh9On/Data.noindex/Test/aProject/build/Debug/TargetB.framework/Versions/A/Modules/TargetB.swiftmodule/x86_64-apple-macos.swiftmodule", "/private/var/folders/xr/m5_5rlsd6l9fk2w4ngj13k6m0000gn/T/swbuild.tmp.Qwrkh9On/Data.noindex/Test/aProject/build/aProject.build/Debug/TargetB.build/Objects-normal/x86_64/TargetB.swiftmodule"]), Task(forTarget: TargetB, ruleInfo: ["WriteAuxiliaryFile", "/private/var/folders/xr/m5_5rlsd6l9fk2w4ngj13k6m0000gn/T/swbuild.tmp.Qwrkh9On/Data.noindex/Test/aProject/build/aProject.build/Debug/TargetB.build/TargetB-generated-files.hmap"]), Task(forTarget: TargetA, ruleInfo: ["Gate", "target-TargetA-T-TargetA-21785--begin-compiling"]), Task(forTarget: TargetA, ruleInfo: ["WriteAuxiliaryFile", "/private/var/folders/xr/m5_5rlsd6l9fk2w4ngj13k6m0000gn/T/swbuild.tmp.Qwrkh9On/Data.noindex/Test/aProject/build/aProject.build/Debug/TargetA.build/TargetA.hmap"]), Task(forTarget: TargetA, ruleInfo: ["SwiftEmitModule", "normal", "x86_64", "Emitting module for TargetA"]), Task(forTarget: TargetB, ruleInfo: ["Gate", "target-TargetB-T-TargetB-21793--begin-compiling"]), Task(forTarget: <none>, ruleInfo: ["Gate", "target-TargetB-T-TargetB-21793--SwiftPackageCopyFilesTaskProducer"]), Task(forTarget: <none>, ruleInfo: ["Gate", "target-TargetA-T-TargetA-21785--SanitizerTaskProducer"]), Task(forTarget: TargetA, ruleInfo: ["WriteAuxiliaryFile", "/private/var/folders/xr/m5_5rlsd6l9fk2w4ngj13k6m0000gn/T/swbuild.tmp.Qwrkh9On/Data.noindex/Test/aProject/build/aProject.build/Debug/TargetA.build/TargetA-own-target-headers.hmap"]), Task(forTarget: TargetA, ruleInfo: ["WriteAuxiliaryFile", "/private/var/folders/xr/m5_5rlsd6l9fk2w4ngj13k6m0000gn/T/swbuild.tmp.Qwrkh9On/Data.noindex/Test/aProject/build/aProject.build/Debug/TargetA.build/Objects-normal/x86_64/TargetA.LinkFileList"]), Task(forTarget: TargetA, ruleInfo: ["SwiftCompile", "normal", "x86_64", "Compiling fileA1.swift", "/private/var/folders/xr/m5_5rlsd6l9fk2w4ngj13k6m0000gn/T/swbuild.tmp.Qwrkh9On/Data.noindex/Test/aProject/Sources/fileA1.swift"])]
↳ Occasionally fails in CI due to SwiftExplicitDependencyCompileModuleFromInterface missing from the dependency graph
━ Test swiftEagerCompilationWithExplicitModules() recorded a known issue at SwiftDriverTests.swift:3588:55: Issue recorded
↳ Task Task(forTarget: TargetA, ruleInfo: ["SwiftCompile", "normal", "x86_64", "Compiling fileA2.swift", "/private/var/folders/xr/m5_5rlsd6l9fk2w4ngj13k6m0000gn/T/swbuild.tmp.Qwrkh9On/Data.noindex/Test/aProject/Sources/fileA2.swift"]) does not follow any tasks matching [Rule matches [SWBTestSupport.StringPattern.equal("SwiftExplicitDependencyCompileModuleFromInterface"), SWBTestSupport.StringPattern.equal("normal"), SWBTestSupport.StringPattern.equal("x86_64"), SWBTestSupport.StringPattern.contains("_StringProcessing-")]]. Found: [] in [Task(forTarget: TargetA, ruleInfo: ["Ld", "/private/var/folders/xr/m5_5rlsd6l9fk2w4ngj13k6m0000gn/T/swbuild.tmp.Qwrkh9On/Data.noindex/Test/aProject/build/Debug/TargetA.framework/Versions/A/TargetA", "normal"]), Task(forTarget: <none>, ruleInfo: ["Gate", "target-TargetA-T-TargetA-21785--Barrier-RegisterExecutionPolicyException"]), Task(forTarget: TargetA, ruleInfo: ["MkDir", "/private/var/folders/xr/m5_5rlsd6l9fk2w4ngj13k6m0000gn/T/swbuild.tmp.Qwrkh9On/Data.noindex/Test/aProject/build/Debug/TargetA.framework/Versions"]), Task(forTarget: TargetA, ruleInfo: ["SymLink", "/private/var/folders/xr/m5_5rlsd6l9fk2w4ngj13k6m0000gn/T/swbuild.tmp.Qwrkh9On/Data.noindex/Test/aProject/build/EagerLinkingTBDs/Debug/TargetA.framework/TargetA.tbd", "/private/var/folders/xr/m5_5rlsd6l9fk2w4ngj13k6m0000gn/T/swbuild.tmp.Qwrkh9On/Data.noindex/Test/aProject/build/EagerLinkingTBDs/Debug/TargetA.framework/Versions/A/TargetA.tbd"]), Task(forTarget: <none>, ruleInfo: ["Gate", "target-TargetB-T-TargetB-21793--GeneratedFilesTaskProducer"]), Task(forTarget: TargetA, ruleInfo: ["ExtractAppIntentsMetadata"]), Task(forTarget: TargetB, ruleInfo: ["MkDir", "/private/var/folders/xr/m5_5rlsd6l9fk2w4ngj13k6m0000gn/T/swbuild.tmp.Qwrkh9On/Data.noindex/Test/aProject/build/Debug/TargetB.framework/Versions/A/Headers"]), Task(forTarget: <none>, ruleInfo: ["Gate", "target-TargetA-T-TargetA-21785--Barrier-StripSymbols"]), Task(forTarget: TargetB, ruleInfo: ["SwiftDriver Compilation", "TargetB", "normal", "x86_64", "com.apple.xcode.tools.swift.compiler"]), Task(forTarget: TargetB, ruleInfo: ["WriteAuxiliaryFile", "/private/var/folders/xr/m5_5rlsd6l9fk2w4ngj13k6m0000gn/T/swbuild.tmp.Qwrkh9On/Data.noindex/Test/aProject/build/aProject.build/Debug/TargetB.build/Objects-normal/x86_64/TargetB.SwiftConstValuesFileList"]), Task(forTarget: <none>, ruleInfo: ["Gate", "target-TargetB-T-TargetB-21793--TAPISymbolExtractorTaskProducer"]), Task(forTarget: <none>, ruleInfo: ["Gate", "target-TargetB-T-TargetB-21793--swift-generated-headers"]), Task(forTarget: <none>, ruleInfo: ["Gate", "target-TargetB-T-TargetB-21793--ProductPostprocessingTaskProducer"]), Task(forTarget: <none>, ruleInfo: ["Gate", "target-TargetB-T-TargetB-21793--RealityAssetsTaskProducer"]), Task(forTarget: <none>, ruleInfo: ["Gate", "target-TargetA-T-TargetA-21785--Barrier-CopyAside"]), Task(forTarget: <none>, ruleInfo: ["SwiftExplicitDependencyGeneratePcm", "x86_64", "/private/var/folders/xr/m5_5rlsd6l9fk2w4ngj13k6m0000gn/T/swbuild.tmp.Qwrkh9On/Data.noindex/Test/aProject/build/SwiftExplicitPrecompiledModules/SwiftShims-E7NR5GGR9Z7GY7PSRPSK1C6L1.pcm"]), Task(forTarget: TargetA, ruleInfo: ["Copy", "/private/var/folders/xr/m5_5rlsd6l9fk2w4ngj13k6m0000gn/T/swbuild.tmp.Qwrkh9On/Data.noindex/Test/aProject/build/Debug/TargetA.framework/Versions/A/Modules/TargetA.swiftmodule/x86_64-apple-macos.swiftdoc", "/private/var/folders/xr/m5_5rlsd6l9fk2w4ngj13k6m0000gn/T/swbuild.tmp.Qwrkh9On/Data.noindex/Test/aProject/build/aProject.build/Debug/TargetA.build/Objects-normal/x86_64/TargetA.swiftdoc"]), Task(forTarget: TargetB, ruleInfo: ["Gate", "target-TargetB-T-TargetB-21793--begin-scanning"]), Task(forTarget: <none>, ruleInfo: ["Gate", "target-TargetB-T-TargetB-21793--ModuleVerifierTaskProducer"]), Task(forTarget: TargetA, ruleInfo: ["SymLink", "/private/var/folders/xr/m5_5rlsd6l9fk2w4ngj13k6m0000gn/T/swbuild.tmp.Qwrkh9On/Data.noindex/Test/aProject/build/Debug/TargetA.framework/Headers", "Versions/Current/Headers"]), Task(forTarget: TargetB, ruleInfo: ["SwiftCompile", "normal", "x86_64", "Compiling fileB2.swift", "/private/var/folders/xr/m5_5rlsd6l9fk2w4ngj13k6m0000gn/T/swbuild.tmp.Qwrkh9On/Data.noindex/Test/aProject/Sources/fileB2.swift"]), Task(forTarget: TargetB, ruleInfo: ["Gate", "target-TargetB-T-TargetB-21793--linker-inputs-ready"]), Task(forTarget: <none>, ruleInfo: ["Gate", "target-TargetA-T-TargetA-21785--Barrier-ChangePermissions"]), Task(forTarget: TargetA, ruleInfo: ["WriteAuxiliaryFile", "/private/var/folders/xr/m5_5rlsd6l9fk2w4ngj13k6m0000gn/T/swbuild.tmp.Qwrkh9On/Data.noindex/Test/aProject/build/aProject.build/Debug/TargetA.build/TargetA-all-target-headers.hmap"]), Task(forTarget: TargetA, ruleInfo: ["SwiftDriver Compilation Requirements", "TargetA", "normal", "x86_64", "com.apple.xcode.tools.swift.compiler"]), Task(forTarget: TargetA, ruleInfo: ["WriteAuxiliaryFile", "/private/var/folders/xr/m5_5rlsd6l9fk2w4ngj13k6m0000gn/T/swbuild.tmp.Qwrkh9On/Data.noindex/Test/aProject/build/aProject.build/Debug/TargetA.build/Objects-normal/x86_64/TargetA_const_extract_protocols.json"]), Task(forTarget: TargetA, ruleInfo: ["Gate", "target-TargetA-T-TargetA-21785--entry"]), Task(forTarget: TargetA, ruleInfo: ["WriteAuxiliaryFile", "/private/var/folders/xr/m5_5rlsd6l9fk2w4ngj13k6m0000gn/T/swbuild.tmp.Qwrkh9On/Data.noindex/Test/aProject/build/aProject.build/Debug/TargetA.build/TargetA.DependencyMetadataFileList"]), Task(forTarget: TargetA, ruleInfo: ["Copy", "/private/var/folders/xr/m5_5rlsd6l9fk2w4ngj13k6m0000gn/T/swbuild.tmp.Qwrkh9On/Data.noindex/Test/aProject/build/Debug/TargetA.framework/Versions/A/Modules/TargetA.swiftmodule/x86_64-apple-macos.swiftmodule", "/private/var/folders/xr/m5_5rlsd6l9fk2w4ngj13k6m0000gn/T/swbuild.tmp.Qwrkh9On/Data.noindex/Test/aProject/build/aProject.build/Debug/TargetA.build/Objects-normal/x86_64/TargetA.swiftmodule"]), Task(forTarget: <none>, ruleInfo: ["Gate", "target-TargetB-T-TargetB-21793--Barrier-RegisterProduct"]), Task(forTarget: TargetB, ruleInfo: ["SwiftDriver Compilation Requirements", "TargetB", "normal", "x86_64", "com.apple.xcode.tools.swift.compiler"]), Task(forTarget: <none>, ruleInfo: ["Gate", "target-TargetB-T-TargetB-21793--StubBinaryTaskProducer"]), Task(forTarget: TargetB, ruleInfo: ["Gate", "target-TargetB-T-TargetB-21793--entry"]), Task(forTarget: <none>, ruleInfo: ["SwiftExplicitDependencyCompileModuleFromInterface", "x86_64", "/private/var/folders/xr/m5_5rlsd6l9fk2w4ngj13k6m0000gn/T/swbuild.tmp.Qwrkh9On/Data.noindex/Test/aProject/build/SwiftExplicitPrecompiledModules/Swift-1039YR9EBE61.swiftmodule"]), Task(forTarget: <none>, ruleInfo: ["Gate", "target-TargetB-T-TargetB-21793--GenerateAppPlaygroundAssetCatalogTaskProducer"]), Task(forTarget: TargetB, ruleInfo: ["Gate", "target-TargetB-T-TargetB-21793--begin-linking"]), Task(forTarget: TargetA, ruleInfo: ["WriteAuxiliaryFile", "/private/var/folders/xr/m5_5rlsd6l9fk2w4ngj13k6m0000gn/T/swbuild.tmp.Qwrkh9On/Data.noindex/Test/aProject/build/aProject.build/Debug/TargetA.build/Objects-normal/x86_64/TargetA-OutputFileMap.json"]), Task(forTarget: TargetB, ruleInfo: ["WriteAuxiliaryFile", "/private/var/folders/xr/m5_5rlsd6l9fk2w4ngj13k6m0000gn/T/swbuild.tmp.Qwrkh9On/Data.noindex/Test/aProject/build/aProject.build/Debug/TargetB.build/TargetB.DependencyMetadataFileList"]), Task(forTarget: TargetB, ruleInfo: ["WriteAuxiliaryFile", "/private/var/folders/xr/m5_5rlsd6l9fk2w4ngj13k6m0000gn/T/swbuild.tmp.Qwrkh9On/Data.noindex/Test/aProject/build/aProject.build/Debug/TargetB.build/TargetB.hmap"]), Task(forTarget: <none>, ruleInfo: ["CreateBuildDirectory", "/private/var/folders/xr/m5_5rlsd6l9fk2w4ngj13k6m0000gn/T/swbuild.tmp.Qwrkh9On/Data.noindex/Test/aProject/build/SharedPrecompiledHeaders"]), Task(forTarget: TargetA, ruleInfo: ["Gate", "target-TargetA-T-TargetA-21785--unsigned-product-ready"]), Task(forTarget: TargetA, ruleInfo: ["Gate", "target-TargetA-T-TargetA-21785--will-sign"]), Task(forTarget: TargetB, ruleInfo: ["Copy", "/private/var/folders/xr/m5_5rlsd6l9fk2w4ngj13k6m0000gn/T/swbuild.tmp.Qwrkh9On/Data.noindex/Test/aProject/build/Debug/TargetB.framework/Versions/A/Modules/TargetB.swiftmodule/Project/x86_64-apple-macos.swiftsourceinfo", "/private/var/folders/xr/m5_5rlsd6l9fk2w4ngj13k6m0000gn/T/swbuild.tmp.Qwrkh9On/Data.noindex/Test/aProject/build/aProject.build/Debug/TargetB.build/Objects-normal/x86_64/TargetB.swiftsourceinfo"]), Task(forTarget: TargetA, ruleInfo: ["WriteAuxiliaryFile", "/private/var/folders/xr/m5_5rlsd6l9fk2w4ngj13k6m0000gn/T/swbuild.tmp.Qwrkh9On/Data.noindex/Test/aProject/build/aProject.build/Debug/TargetA.build/TargetA-generated-files.hmap"]), Task(forTarget: TargetA, ruleInfo: ["Gate", "target-TargetA-T-TargetA-21785--linker-inputs-ready"]), Task(forTarget: <none>, ruleInfo: ["Gate", "target-TargetB-T-TargetB-21793--Barrier-GenerateStubAPI"]), Task(forTarget: <none>, ruleInfo: ["Gate", "target-TargetA-T-TargetA-21785--ModuleVerifierTaskProducer"]), Task(forTarget: <none>, ruleInfo: ["Gate", "target-TargetB-T-TargetB-21793--SwiftFrameworkABICheckerTaskProducer"]), Task(forTarget: TargetB, ruleInfo: ["Gate", "target-TargetB-T-TargetB-21793--end"]), Task(forTarget: TargetB, ruleInfo: ["WriteAuxiliaryFile", "/private/var/folders/xr/m5_5rlsd6l9fk2w4ngj13k6m0000gn/T/swbuild.tmp.Qwrkh9On/Data.noindex/Test/aProject/build/aProject.build/Debug/TargetB.build/TargetB-all-target-headers.hmap"]), Task(forTarget: <none>, ruleInfo: ["SwiftExplicitDependencyGeneratePcm", "x86_64", "/private/var/folders/xr/m5_5rlsd6l9fk2w4ngj13k6m0000gn/T/swbuild.tmp.Qwrkh9On/Data.noindex/Test/aProject/build/SwiftExplicitPrecompiledModules/_SwiftConcurrencyShims-BUR8XM1R06AS02RWV63HPG1KR.pcm"]), Task(forTarget: <none>, ruleInfo: ["Gate", "target-TargetB-T-TargetB-21793--Barrier-ChangePermissions"]), Task(forTarget: <none>, ruleInfo: ["Gate", "target-TargetB-T-TargetB-21793--Barrier-CodeSign"]), Task(forTarget: TargetB, ruleInfo: ["Touch", "/private/var/folders/xr/m5_5rlsd6l9fk2w4ngj13k6m0000gn/T/swbuild.tmp.Qwrkh9On/Data.noindex/Test/aProject/build/Debug/TargetB.framework"]), Task(forTarget: <none>, ruleInfo: ["Gate", "target-TargetB-T-TargetB-21793--Barrier-StripSymbols"]), Task(forTarget: TargetB, ruleInfo: ["WriteAuxiliaryFile", "/private/var/folders/xr/m5_5rlsd6l9fk2w4ngj13k6m0000gn/T/swbuild.tmp.Qwrkh9On/Data.noindex/Test/aProject/build/aProject.build/Debug/TargetB.build/Objects-normal/x86_64/TargetB-OutputFileMap.json"]), Task(forTarget: TargetB, ruleInfo: ["GenerateTAPI", "/private/var/folders/xr/m5_5rlsd6l9fk2w4ngj13k6m0000gn/T/swbuild.tmp.Qwrkh9On/Data.noindex/Test/aProject/build/EagerLinkingTBDs/Debug/TargetB.framework/Versions/A/TargetB.tbd"]), Task(forTarget: TargetB, ruleInfo: ["SwiftEmitModule", "normal", "x86_64", "Emitting module for TargetB"]), Task(forTarget: TargetB, ruleInfo: ["MkDir", "/private/var/folders/xr/m5_5rlsd6l9fk2w4ngj13k6m0000gn/T/swbuild.tmp.Qwrkh9On/Data.noindex/Test/aProject/build/Debug/TargetB.framework/Versions"]), Task(forTarget: TargetA, ruleInfo: ["WriteAuxiliaryFile", "/private/var/folders/xr/m5_5rlsd6l9fk2w4ngj13k6m0000gn/T/swbuild.tmp.Qwrkh9On/Data.noindex/Test/aProject/build/aProject.build/Debug/TargetA.build/Objects-normal/x86_64/TargetA.SwiftFileList"]), Task(forTarget: TargetB, ruleInfo: ["ExtractAppIntentsMetadata"]), Task(forTarget: <none>, ruleInfo: ["Gate", "target-TargetB-T-TargetB-21793--ProductStructureTaskProducer"]), Task(forTarget: <none>, ruleInfo: ["Gate", "target-TargetB-T-TargetB-21793--HeadermapTaskProducer"]), Task(forTarget: <none>, ruleInfo: ["CreateBuildDirectory", "/private/var/folders/xr/m5_5rlsd6l9fk2w4ngj13k6m0000gn/T/swbuild.tmp.Qwrkh9On/Data.noindex/Test/aProject/build/Debug"]), Task(forTarget: TargetA, ruleInfo: ["WriteAuxiliaryFile", "/private/var/folders/xr/m5_5rlsd6l9fk2w4ngj13k6m0000gn/T/swbuild.tmp.Qwrkh9On/Data.noindex/Test/aProject/build/aProject.build/Debug/TargetA.build/TargetA.DependencyStaticMetadataFileList"]), Task(forTarget: <none>, ruleInfo: ["Gate", "target-TargetB-T-TargetB-21793--ExtensionPointExtractorTaskProducer"]), Task(forTarget: <none>, ruleInfo: ["Gate", "target-TargetB-T-TargetB-21793--SwiftStandardLibrariesTaskProducer"]), Task(forTarget: TargetA, ruleInfo: ["Copy", "/private/var/folders/xr/m5_5rlsd6l9fk2w4ngj13k6m0000gn/T/swbuild.tmp.Qwrkh9On/Data.noindex/Test/aProject/build/Debug/TargetA.framework/Versions/A/Modules/TargetA.swiftmodule/x86_64-apple-macos.abi.json", "/private/var/folders/xr/m5_5rlsd6l9fk2w4ngj13k6m0000gn/T/swbuild.tmp.Qwrkh9On/Data.noindex/Test/aProject/build/aProject.build/Debug/TargetA.build/Objects-normal/x86_64/TargetA.abi.json"]), Task(forTarget: <none>, ruleInfo: ["CreateBuildDirectory", "/private/var/folders/xr/m5_5rlsd6l9fk2w4ngj13k6m0000gn/T/swbuild.tmp.Qwrkh9On/Data.noindex/Test/aProject/build/ExplicitPrecompiledModules"]), Task(forTarget: TargetB, ruleInfo: ["Gate", "target-TargetB-T-TargetB-21793--immediate"]), Task(forTarget: <none>, ruleInfo: ["Gate", "target-TargetA-T-TargetA-21785--AppExtensionInfoPlistGeneratorTaskProducer"]), Task(forTarget: TargetB, ruleInfo: ["SymLink", "/private/var/folders/xr/m5_5rlsd6l9fk2w4ngj13k6m0000gn/T/swbuild.tmp.Qwrkh9On/Data.noindex/Test/aProject/build/Debug/TargetB.framework/Modules", "Versions/Current/Modules"]), Task(forTarget: <none>, ruleInfo: ["Gate", "target-TargetA-T-TargetA-21785--swift-generated-headers"]), Task(forTarget: <none>, ruleInfo: ["Gate", "target-TargetB-T-TargetB-21793--InfoPlistTaskProducer"]), Task(forTarget: <none>, ruleInfo: ["Gate", "target-TargetB-T-TargetB-21793--AppExtensionInfoPlistGeneratorTaskProducer"]), Task(forTarget: TargetB, ruleInfo: ["SwiftDriver", "TargetB", "normal", "x86_64", "com.apple.xcode.tools.swift.compiler"]), Task(forTarget: <none>, ruleInfo: ["Gate", "target-TargetA-T-TargetA-21785--CopySwiftPackageResourcesTaskProducer"]), Task(forTarget: <none>, ruleInfo: ["Gate", "target-TargetA-T-TargetA-21785--ProductStructureTaskProducer"]), Task(forTarget: TargetA, ruleInfo: ["SymLink", "/private/var/folders/xr/m5_5rlsd6l9fk2w4ngj13k6m0000gn/T/swbuild.tmp.Qwrkh9On/Data.noindex/Test/aProject/build/Debug/TargetA.framework/Versions/Current", "A"]), Task(forTarget: TargetA, ruleInfo: ["SwiftMergeGeneratedHeaders", "/private/var/folders/xr/m5_5rlsd6l9fk2w4ngj13k6m0000gn/T/swbuild.tmp.Qwrkh9On/Data.noindex/Test/aProject/build/Debug/TargetA.framework/Versions/A/Headers/TargetA-Swift.h", "/private/var/folders/xr/m5_5rlsd6l9fk2w4ngj13k6m0000gn/T/swbuild.tmp.Qwrkh9On/Data.noindex/Test/aProject/build/aProject.build/Debug/TargetA.build/Objects-normal/x86_64/TargetA-Swift.h"]), Task(forTarget: <none>, ruleInfo: ["Gate", "target-TargetA-T-TargetA-21785--ProductPostprocessingTaskProducer"]), Task(forTarget: TargetB, ruleInfo: ["Copy", "/private/var/folders/xr/m5_5rlsd6l9fk2w4ngj13k6m0000gn/T/swbuild.tmp.Qwrkh9On/Data.noindex/Test/aProject/build/Debug/TargetB.framework/Versions/A/Modules/TargetB.swiftmodule/x86_64-apple-macos.swiftdoc", "/private/var/folders/xr/m5_5rlsd6l9fk2w4ngj13k6m0000gn/T/swbuild.tmp.Qwrkh9On/Data.noindex/Test/aProject/build/aProject.build/Debug/TargetB.build/Objects-normal/x86_64/TargetB.swiftdoc"]), Task(forTarget: <none>, ruleInfo: ["Gate", "target-TargetA-T-TargetA-21785--DocumentationTaskProducer"]), Task(forTarget: TargetB, ruleInfo: ["SymLink", "/private/var/folders/xr/m5_5rlsd6l9fk2w4ngj13k6m0000gn/T/swbuild.tmp.Qwrkh9On/Data.noindex/Test/aProject/build/Debug/TargetB.framework/Versions/Current", "A"]), Task(forTarget: <none>, ruleInfo: ["Gate", "target-TargetA-T-TargetA-21785--InfoPlistTaskProducer"]), Task(forTarget: <none>, ruleInfo: ["CreateBuildDirectory", "/private/var/folders/xr/m5_5rlsd6l9fk2w4ngj13k6m0000gn/T/swbuild.tmp.Qwrkh9On/Data.noindex/Test/aProject/build"]), Task(forTarget: <none>, ruleInfo: ["Gate", "target-TargetA-T-TargetA-21785--SwiftABIBaselineGenerationTaskProducer"]), Task(forTarget: TargetA, ruleInfo: ["SwiftDriver Compilation", "TargetA", "normal", "x86_64", "com.apple.xcode.tools.swift.compiler"]), Task(forTarget: TargetB, ruleInfo: ["SwiftMergeGeneratedHeaders", "/private/var/folders/xr/m5_5rlsd6l9fk2w4ngj13k6m0000gn/T/swbuild.tmp.Qwrkh9On/Data.noindex/Test/aProject/build/Debug/TargetB.framework/Versions/A/Headers/TargetB-Swift.h", "/private/var/folders/xr/m5_5rlsd6l9fk2w4ngj13k6m0000gn/T/swbuild.tmp.Qwrkh9On/Data.noindex/Test/aProject/build/aProject.build/Debug/TargetB.build/Objects-normal/x86_64/TargetB-Swift.h"]), Task(forTarget: TargetB, ruleInfo: ["Ld", "/private/var/folders/xr/m5_5rlsd6l9fk2w4ngj13k6m0000gn/T/swbuild.tmp.Qwrkh9On/Data.noindex/Test/aProject/build/Debug/TargetB.framework/Versions/A/TargetB", "normal"]), Task(forTarget: TargetB, ruleInfo: ["WriteAuxiliaryFile", "/private/var/folders/xr/m5_5rlsd6l9fk2w4ngj13k6m0000gn/T/swbuild.tmp.Qwrkh9On/Data.noindex/Test/aProject/build/aProject.build/Debug/TargetB.build/TargetB-all-non-framework-target-headers.hmap"]), Task(forTarget: <none>, ruleInfo: ["Gate", "target-TargetA-T-TargetA-21785--TAPISymbolExtractorTaskProducer"]), Task(forTarget: <none>, ruleInfo: ["SwiftExplicitDependencyCompileModuleFromInterface", "x86_64", "/private/var/folders/xr/m5_5rlsd6l9fk2w4ngj13k6m0000gn/T/swbuild.tmp.Qwrkh9On/Data.noindex/Test/aProject/build/SwiftExplicitPrecompiledModules/_Concurrency-2W8LU3DF58RLX.swiftmodule"]), Task(forTarget: <none>, ruleInfo: ["Gate", "target-TargetB-T-TargetB-21793--Barrier-ChangeAlternatePermissions"]), Task(forTarget: <none>, ruleInfo: ["Gate", "target-TargetA-T-TargetA-21785--SwiftPackageCopyFilesTaskProducer"]), Task(forTarget: <none>, ruleInfo: ["Gate", "target-TargetA-T-TargetA-21785--copy-headers-completion"]), Task(forTarget: <none>, ruleInfo: ["Gate", "WorkspaceHeaderMapVFSFilesWritten"]), Task(forTarget: TargetA, ruleInfo: ["Gate", "target-TargetA-T-TargetA-21785--modules-ready"]), Task(forTarget: <none>, ruleInfo: ["Gate", "target-TargetB-T-TargetB-21793--SanitizerTaskProducer"]), Task(forTarget: <none>, ruleInfo: ["Gate", "target-TargetA-T-TargetA-21785--Barrier-ChangeAlternatePermissions"]), Task(forTarget: TargetB, ruleInfo: ["SymLink", "/private/var/folders/xr/m5_5rlsd6l9fk2w4ngj13k6m0000gn/T/swbuild.tmp.Qwrkh9On/Data.noindex/Test/aProject/build/Debug/TargetB.framework/Headers", "Versions/Current/Headers"]), Task(forTarget: <none>, ruleInfo: ["CreateBuildDirectory", "/var/folders/xr/m5_5rlsd6l9fk2w4ngj13k6m0000gn/C/com.apple.DeveloperTools/26.4.1-17E202/Xcode/CompilationCache.noindex"]), Task(forTarget: <none>, ruleInfo: ["Gate", "target-TargetA-T-TargetA-21785--CustomTaskProducer"]), Task(forTarget: <none>, ruleInfo: ["Gate", "target-TargetA-T-TargetA-21785--AppIntentsMetadataTaskProducer"]), Task(forTarget: TargetB, ruleInfo: ["Copy", "/private/var/folders/xr/m5_5rlsd6l9fk2w4ngj13k6m0000gn/T/swbuild.tmp.Qwrkh9On/Data.noindex/Test/aProject/build/Debug/TargetB.framework/Versions/A/Modules/TargetB.swiftmodule/x86_64-apple-macos.abi.json", "/private/var/folders/xr/m5_5rlsd6l9fk2w4ngj13k6m0000gn/T/swbuild.tmp.Qwrkh9On/Data.noindex/Test/aProject/build/aProject.build/Debug/TargetB.build/Objects-normal/x86_64/TargetB.abi.json"]), Task(forTarget: <none>, ruleInfo: ["Gate", "target-TargetA-T-TargetA-21785--TestHostTaskProducer"]), Task(forTarget: TargetB, ruleInfo: ["WriteAuxiliaryFile", "/private/var/folders/xr/m5_5rlsd6l9fk2w4ngj13k6m0000gn/T/swbuild.tmp.Qwrkh9On/Data.noindex/Test/aProject/build/aProject.build/Debug/TargetB.build/Objects-normal/x86_64/TargetB.LinkFileList"]), Task(forTarget: <none>, ruleInfo: ["Gate", "target-TargetA-T-TargetA-21785--TestTargetPostprocessingTaskProducer"]), Task(forTarget: <none>, ruleInfo: ["Gate", "target-TargetA-T-TargetA-21785--Barrier-GenerateStubAPI"]), Task(forTarget: TargetB, ruleInfo: ["Gate", "target-TargetB-T-TargetB-21793--will-sign"]), Task(forTarget: <none>, ruleInfo: ["Gate", "target-TargetA-T-TargetA-21785--generated-headers"]), Task(forTarget: <none>, ruleInfo: ["Gate", "target-TargetB-T-TargetB-21793--Barrier-RegisterExecutionPolicyException"]), Task(forTarget: TargetB, ruleInfo: ["SymLink", "/private/var/folders/xr/m5_5rlsd6l9fk2w4ngj13k6m0000gn/T/swbuild.tmp.Qwrkh9On/Data.noindex/Test/aProject/build/EagerLinkingTBDs/Debug/TargetB.framework/TargetB.tbd", "/private/var/folders/xr/m5_5rlsd6l9fk2w4ngj13k6m0000gn/T/swbuild.tmp.Qwrkh9On/Data.noindex/Test/aProject/build/EagerLinkingTBDs/Debug/TargetB.framework/Versions/A/TargetB.tbd"]), Task(forTarget: TargetB, ruleInfo: ["WriteAuxiliaryFile", "/private/var/folders/xr/m5_5rlsd6l9fk2w4ngj13k6m0000gn/T/swbuild.tmp.Qwrkh9On/Data.noindex/Test/aProject/build/aProject.build/Debug/TargetB.build/TargetB-own-target-headers.hmap"]), Task(forTarget: TargetB, ruleInfo: ["WriteAuxiliaryFile", "/private/var/folders/xr/m5_5rlsd6l9fk2w4ngj13k6m0000gn/T/swbuild.tmp.Qwrkh9On/Data.noindex/Test/aProject/build/aProject.build/Debug/TargetB.build/TargetB-project-headers.hmap"]), Task(forTarget: <none>, ruleInfo: ["Gate", "target-TargetB-T-TargetB-21793--DocumentationTaskProducer"]), Task(forTarget: <none>, ruleInfo: ["Gate", "target-TargetA-T-TargetA-21785--TestEntryPointTaskProducerFactory"]), Task(forTarget: <none>, ruleInfo: ["Gate", "target-TargetA-T-TargetA-21785--TestTargetTaskProducer"]), Task(forTarget: TargetA, ruleInfo: ["Touch", "/private/var/folders/xr/m5_5rlsd6l9fk2w4ngj13k6m0000gn/T/swbuild.tmp.Qwrkh9On/Data.noindex/Test/aProject/build/Debug/TargetA.framework"]), Task(forTarget: <none>, ruleInfo: ["Gate", "target-TargetA-T-TargetA-21785--HeadermapTaskProducer"]), Task(forTarget: <none>, ruleInfo: ["Gate", "target-TargetB-T-TargetB-21793--fused-phase0-compile-sources&link-binary"]), Task(forTarget: TargetB, ruleInfo: ["WriteAuxiliaryFile", "/private/var/folders/xr/m5_5rlsd6l9fk2w4ngj13k6m0000gn/T/swbuild.tmp.Qwrkh9On/Data.noindex/Test/aProject/build/aProject.build/Debug/TargetB.build/TargetB.DependencyStaticMetadataFileList"]), Task(forTarget: <none>, ruleInfo: ["Gate", "target-TargetB-T-TargetB-21793--TestTargetTaskProducer"]), Task(forTarget: <none>, ruleInfo: ["Gate", "target-TargetA-T-TargetA-21785--RealityAssetsTaskProducer"]), Task(forTarget: <none>, ruleInfo: ["Gate", "target-TargetB-T-TargetB-21793--CustomTaskProducer"]), Task(forTarget: TargetB, ruleInfo: ["RegisterExecutionPolicyException", "/private/var/folders/xr/m5_5rlsd6l9fk2w4ngj13k6m0000gn/T/swbuild.tmp.Qwrkh9On/Data.noindex/Test/aProject/build/Debug/TargetB.framework"]), Task(forTarget: TargetA, ruleInfo: ["WriteAuxiliaryFile", "/private/var/folders/xr/m5_5rlsd6l9fk2w4ngj13k6m0000gn/T/swbuild.tmp.Qwrkh9On/Data.noindex/Test/aProject/build/aProject.build/Debug/TargetA.build/TargetA-all-non-framework-target-headers.hmap"]), Task(forTarget: TargetB, ruleInfo: ["SwiftCompile", "normal", "x86_64", "Compiling fileB1.swift", "/private/var/folders/xr/m5_5rlsd6l9fk2w4ngj13k6m0000gn/T/swbuild.tmp.Qwrkh9On/Data.noindex/Test/aProject/Sources/fileB1.swift"]), Task(forTarget: <none>, ruleInfo: ["Gate", "target-TargetA-T-TargetA-21785--Barrier-CodeSign"]), Task(forTarget: <none>, ruleInfo: ["Gate", "target-TargetB-T-TargetB-21793--AppIntentsMetadataTaskProducer"]), Task(forTarget: TargetB, ruleInfo: ["Gate", "target-TargetB-T-TargetB-21793--unsigned-product-ready"]), Task(forTarget: TargetA, ruleInfo: ["SwiftDriver", "TargetA", "normal", "x86_64", "com.apple.xcode.tools.swift.compiler"]), Task(forTarget: TargetA, ruleInfo: ["Gate", "target-TargetA-T-TargetA-21785--end"]), Task(forTarget: TargetA, ruleInfo: ["Gate", "target-TargetA-T-TargetA-21785--begin-scanning"]), Task(forTarget: TargetB, ruleInfo: ["WriteAuxiliaryFile", "/private/var/folders/xr/m5_5rlsd6l9fk2w4ngj13k6m0000gn/T/swbuild.tmp.Qwrkh9On/Data.noindex/Test/aProject/build/aProject.build/Debug/TargetB.build/Objects-normal/x86_64/TargetB_const_extract_protocols.json"]), Task(forTarget: <none>, ruleInfo: ["Gate", "target-TargetA-T-TargetA-21785--StubBinaryTaskProducer"]), Task(forTarget: TargetB, ruleInfo: ["MkDir", "/private/var/folders/xr/m5_5rlsd6l9fk2w4ngj13k6m0000gn/T/swbuild.tmp.Qwrkh9On/Data.noindex/Test/aProject/build/Debug/TargetB.framework/Versions/A"]), Task(forTarget: TargetA, ruleInfo: ["SwiftCompile", "normal", "x86_64", "Compiling fileA2.swift", "/private/var/folders/xr/m5_5rlsd6l9fk2w4ngj13k6m0000gn/T/swbuild.tmp.Qwrkh9On/Data.noindex/Test/aProject/Sources/fileA2.swift"]), Task(forTarget: <none>, ruleInfo: ["Gate", "target-TargetA-T-TargetA-21785--fused-phase0-compile-sources"]), Task(forTarget: <none>, ruleInfo: ["Gate", "target-TargetA-T-TargetA-21785--ModuleMapTaskProducer"]), Task(forTarget: <none>, ruleInfo: ["Gate", "target-TargetA-T-TargetA-21785--GeneratedFilesTaskProducer"]), Task(forTarget: <none>, ruleInfo: ["Gate", "target-TargetA-T-TargetA-21785--SwiftStandardLibrariesTaskProducer"]), Task(forTarget: TargetA, ruleInfo: ["GenerateTAPI", "/private/var/folders/xr/m5_5rlsd6l9fk2w4ngj13k6m0000gn/T/swbuild.tmp.Qwrkh9On/Data.noindex/Test/aProject/build/EagerLinkingTBDs/Debug/TargetA.framework/Versions/A/TargetA.tbd"]), Task(forTarget: <none>, ruleInfo: ["Gate", "target-TargetA-T-TargetA-21785--Barrier-Validate"]), Task(forTarget: TargetB, ruleInfo: ["WriteAuxiliaryFile", "/private/var/folders/xr/m5_5rlsd6l9fk2w4ngj13k6m0000gn/T/swbuild.tmp.Qwrkh9On/Data.noindex/Test/aProject/build/aProject.build/Debug/TargetB.build/Objects-normal/x86_64/TargetB.SwiftFileList"]), Task(forTarget: TargetA, ruleInfo: ["MkDir", "/private/var/folders/xr/m5_5rlsd6l9fk2w4ngj13k6m0000gn/T/swbuild.tmp.Qwrkh9On/Data.noindex/Test/aProject/build/Debug/TargetA.framework"]), Task(forTarget: <none>, ruleInfo: ["Gate", "target-TargetA-T-TargetA-21785--ExtensionPointExtractorTaskProducer"]), Task(forTarget: TargetA, ruleInfo: ["SymLink", "/private/var/folders/xr/m5_5rlsd6l9fk2w4ngj13k6m0000gn/T/swbuild.tmp.Qwrkh9On/Data.noindex/Test/aProject/build/Debug/TargetA.framework/TargetA", "Versions/Current/TargetA"]), Task(forTarget: TargetA, ruleInfo: ["MkDir", "/private/var/folders/xr/m5_5rlsd6l9fk2w4ngj13k6m0000gn/T/swbuild.tmp.Qwrkh9On/Data.noindex/Test/aProject/build/Debug/TargetA.framework/Versions/A"]), Task(forTarget: <none>, ruleInfo: ["Gate", "target-TargetB-T-TargetB-21793--generated-headers"]), Task(forTarget: <none>, ruleInfo: ["Gate", "target-TargetA-T-TargetA-21785--SwiftFrameworkABICheckerTaskProducer"]), Task(forTarget: TargetB, ruleInfo: ["Gate", "target-TargetB-T-TargetB-21793--modules-ready"]), Task(forTarget: <none>, ruleInfo: ["ClangStatCache", "/Applications/Xcode17E.app/Contents/Developer/Toolchains/XcodeDefault.xctoolchain/usr/bin/clang-stat-cache", "/Applications/Xcode17E.app/Contents/Developer/Platforms/MacOSX.platform/Developer/SDKs/MacOSX26.4.sdk", "/private/var/folders/xr/m5_5rlsd6l9fk2w4ngj13k6m0000gn/T/swbuild.tmp.Qwrkh9On/Data.noindex/Test/SDKStatCaches.noindex/macosx26.4-25E260-95aa6cf8f3effd57bda17e0c125410c0.sdkstatcache"]), Task(forTarget: TargetB, ruleInfo: ["SymLink", "/private/var/folders/xr/m5_5rlsd6l9fk2w4ngj13k6m0000gn/T/swbuild.tmp.Qwrkh9On/Data.noindex/Test/aProject/build/Debug/TargetB.framework/TargetB", "Versions/Current/TargetB"]), Task(forTarget: TargetA, ruleInfo: ["MkDir", "/private/var/folders/xr/m5_5rlsd6l9fk2w4ngj13k6m0000gn/T/swbuild.tmp.Qwrkh9On/Data.noindex/Test/aProject/build/Debug/TargetA.framework/Versions/A/Headers"]), Task(forTarget: <none>, ruleInfo: ["Gate", "target-TargetB-T-TargetB-21793--TestHostTaskProducer"]), Task(forTarget: TargetA, ruleInfo: ["Gate", "target-TargetA-T-TargetA-21785--begin-linking"]), Task(forTarget: <none>, ruleInfo: ["Gate", "target-TargetB-T-TargetB-21793--ModuleMapTaskProducer"]), Task(forTarget: <none>, ruleInfo: ["CreateBuildDirectory", "/private/var/folders/xr/m5_5rlsd6l9fk2w4ngj13k6m0000gn/T/swbuild.tmp.Qwrkh9On/Data.noindex/Test/aProject/build/SwiftExplicitPrecompiledModules"]), Task(forTarget: <none>, ruleInfo: ["Gate", "target-TargetB-T-TargetB-21793--SwiftABIBaselineGenerationTaskProducer"]), Task(forTarget: <none>, ruleInfo: ["Gate", "target-TargetB-T-TargetB-21793--TestTargetPostprocessingTaskProducer"]), Task(forTarget: <none>, ruleInfo: ["CreateBuildDirectory", "/private/var/folders/xr/m5_5rlsd6l9fk2w4ngj13k6m0000gn/T/swbuild.tmp.Qwrkh9On/Data.noindex/Test/aProject/build/EagerLinkingTBDs/Debug"]), Task(forTarget: TargetA, ruleInfo: ["WriteAuxiliaryFile", "/private/var/folders/xr/m5_5rlsd6l9fk2w4ngj13k6m0000gn/T/swbuild.tmp.Qwrkh9On/Data.noindex/Test/aProject/build/aProject.build/Debug/TargetA.build/Objects-normal/x86_64/TargetA.SwiftConstValuesFileList"]), Task(forTarget: <none>, ruleInfo: ["Gate", "target-TargetA-T-TargetA-21785--GenerateAppPlaygroundAssetCatalogTaskProducer"]), Task(forTarget: <none>, ruleInfo: ["WriteAuxiliaryFile", "/private/var/folders/xr/m5_5rlsd6l9fk2w4ngj13k6m0000gn/T/swbuild.tmp.Qwrkh9On/Data.noindex/Test/aProject/build/aProject.build/Debug/aProject-P21796-VFS/all-product-headers.yaml"]), Task(forTarget: <none>, ruleInfo: ["Gate", "target-TargetB-T-TargetB-21793--CopySwiftPackageResourcesTaskProducer"]), Task(forTarget: <none>, ruleInfo: ["Gate", "target-TargetB-T-TargetB-21793--Barrier-CopyAside"]), Task(forTarget: TargetA, ruleInfo: ["WriteAuxiliaryFile", "/private/var/folders/xr/m5_5rlsd6l9fk2w4ngj13k6m0000gn/T/swbuild.tmp.Qwrkh9On/Data.noindex/Test/aProject/build/aProject.build/Debug/TargetA.build/TargetA-project-headers.hmap"]), Task(forTarget: TargetB, ruleInfo: ["MkDir", "/private/var/folders/xr/m5_5rlsd6l9fk2w4ngj13k6m0000gn/T/swbuild.tmp.Qwrkh9On/Data.noindex/Test/aProject/build/Debug/TargetB.framework"]), Task(forTarget: TargetA, ruleInfo: ["SymLink", "/private/var/folders/xr/m5_5rlsd6l9fk2w4ngj13k6m0000gn/T/swbuild.tmp.Qwrkh9On/Data.noindex/Test/aProject/build/Debug/TargetA.framework/Modules", "Versions/Current/Modules"]), Task(forTarget: <none>, ruleInfo: ["SwiftExplicitDependencyCompileModuleFromInterface", "x86_64", "/private/var/folders/xr/m5_5rlsd6l9fk2w4ngj13k6m0000gn/T/swbuild.tmp.Qwrkh9On/Data.noindex/Test/aProject/build/SwiftExplicitPrecompiledModules/_StringProcessing-13GX4EAKQZW8B.swiftmodule"]), Task(forTarget: TargetA, ruleInfo: ["RegisterExecutionPolicyException", "/private/var/folders/xr/m5_5rlsd6l9fk2w4ngj13k6m0000gn/T/swbuild.tmp.Qwrkh9On/Data.noindex/Test/aProject/build/Debug/TargetA.framework"]), Task(forTarget: TargetA, ruleInfo: ["Copy", "/private/var/folders/xr/m5_5rlsd6l9fk2w4ngj13k6m0000gn/T/swbuild.tmp.Qwrkh9On/Data.noindex/Test/aProject/build/Debug/TargetA.framework/Versions/A/Modules/TargetA.swiftmodule/Project/x86_64-apple-macos.swiftsourceinfo", "/private/var/folders/xr/m5_5rlsd6l9fk2w4ngj13k6m0000gn/T/swbuild.tmp.Qwrkh9On/Data.noindex/Test/aProject/build/aProject.build/Debug/TargetA.build/Objects-normal/x86_64/TargetA.swiftsourceinfo"]), Task(forTarget: <none>, ruleInfo: ["Gate", "target-TargetB-T-TargetB-21793--copy-headers-completion"]), Task(forTarget: <none>, ruleInfo: ["Gate", "target-TargetB-T-TargetB-21793--TestEntryPointTaskProducerFactory"]), Task(forTarget: TargetA, ruleInfo: ["Gate", "target-TargetA-T-TargetA-21785--immediate"]), Task(forTarget: <none>, ruleInfo: ["Gate", "target-TargetA-T-TargetA-21785--Barrier-RegisterProduct"]), Task(forTarget: <none>, ruleInfo: ["Gate", "target-TargetB-T-TargetB-21793--Barrier-Validate"]), Task(forTarget: TargetB, ruleInfo: ["Copy", "/private/var/folders/xr/m5_5rlsd6l9fk2w4ngj13k6m0000gn/T/swbuild.tmp.Qwrkh9On/Data.noindex/Test/aProject/build/Debug/TargetB.framework/Versions/A/Modules/TargetB.swiftmodule/x86_64-apple-macos.swiftmodule", "/private/var/folders/xr/m5_5rlsd6l9fk2w4ngj13k6m0000gn/T/swbuild.tmp.Qwrkh9On/Data.noindex/Test/aProject/build/aProject.build/Debug/TargetB.build/Objects-normal/x86_64/TargetB.swiftmodule"]), Task(forTarget: TargetB, ruleInfo: ["WriteAuxiliaryFile", "/private/var/folders/xr/m5_5rlsd6l9fk2w4ngj13k6m0000gn/T/swbuild.tmp.Qwrkh9On/Data.noindex/Test/aProject/build/aProject.build/Debug/TargetB.build/TargetB-generated-files.hmap"]), Task(forTarget: TargetA, ruleInfo: ["Gate", "target-TargetA-T-TargetA-21785--begin-compiling"]), Task(forTarget: TargetA, ruleInfo: ["WriteAuxiliaryFile", "/private/var/folders/xr/m5_5rlsd6l9fk2w4ngj13k6m0000gn/T/swbuild.tmp.Qwrkh9On/Data.noindex/Test/aProject/build/aProject.build/Debug/TargetA.build/TargetA.hmap"]), Task(forTarget: TargetA, ruleInfo: ["SwiftEmitModule", "normal", "x86_64", "Emitting module for TargetA"]), Task(forTarget: TargetB, ruleInfo: ["Gate", "target-TargetB-T-TargetB-21793--begin-compiling"]), Task(forTarget: <none>, ruleInfo: ["Gate", "target-TargetB-T-TargetB-21793--SwiftPackageCopyFilesTaskProducer"]), Task(forTarget: <none>, ruleInfo: ["Gate", "target-TargetA-T-TargetA-21785--SanitizerTaskProducer"]), Task(forTarget: TargetA, ruleInfo: ["WriteAuxiliaryFile", "/private/var/folders/xr/m5_5rlsd6l9fk2w4ngj13k6m0000gn/T/swbuild.tmp.Qwrkh9On/Data.noindex/Test/aProject/build/aProject.build/Debug/TargetA.build/TargetA-own-target-headers.hmap"]), Task(forTarget: TargetA, ruleInfo: ["WriteAuxiliaryFile", "/private/var/folders/xr/m5_5rlsd6l9fk2w4ngj13k6m0000gn/T/swbuild.tmp.Qwrkh9On/Data.noindex/Test/aProject/build/aProject.build/Debug/TargetA.build/Objects-normal/x86_64/TargetA.LinkFileList"]), Task(forTarget: TargetA, ruleInfo: ["SwiftCompile", "normal", "x86_64", "Compiling fileA1.swift", "/private/var/folders/xr/m5_5rlsd6l9fk2w4ngj13k6m0000gn/T/swbuild.tmp.Qwrkh9On/Data.noindex/Test/aProject/Sources/fileA1.swift"])]
↳ Occasionally fails in CI due to SwiftExplicitDependencyCompileModuleFromInterface missing from the dependency graph
━ Test swiftEagerCompilationWithExplicitModules() recorded a known issue at SwiftDriverTests.swift:3589:55: Issue recorded
↳ Task Task(forTarget: TargetA, ruleInfo: ["SwiftCompile", "normal", "x86_64", "Compiling fileA2.swift", "/private/var/folders/xr/m5_5rlsd6l9fk2w4ngj13k6m0000gn/T/swbuild.tmp.Qwrkh9On/Data.noindex/Test/aProject/Sources/fileA2.swift"]) does not follow any tasks matching [Rule matches [SWBTestSupport.StringPattern.equal("SwiftExplicitDependencyGeneratePcm"), SWBTestSupport.StringPattern.equal("normal"), SWBTestSupport.StringPattern.equal("x86_64"), SWBTestSupport.StringPattern.contains("_SwiftConcurrencyShims-")]]. Found: [] in [Task(forTarget: TargetA, ruleInfo: ["Ld", "/private/var/folders/xr/m5_5rlsd6l9fk2w4ngj13k6m0000gn/T/swbuild.tmp.Qwrkh9On/Data.noindex/Test/aProject/build/Debug/TargetA.framework/Versions/A/TargetA", "normal"]), Task(forTarget: <none>, ruleInfo: ["Gate", "target-TargetA-T-TargetA-21785--Barrier-RegisterExecutionPolicyException"]), Task(forTarget: TargetA, ruleInfo: ["MkDir", "/private/var/folders/xr/m5_5rlsd6l9fk2w4ngj13k6m0000gn/T/swbuild.tmp.Qwrkh9On/Data.noindex/Test/aProject/build/Debug/TargetA.framework/Versions"]), Task(forTarget: TargetA, ruleInfo: ["SymLink", "/private/var/folders/xr/m5_5rlsd6l9fk2w4ngj13k6m0000gn/T/swbuild.tmp.Qwrkh9On/Data.noindex/Test/aProject/build/EagerLinkingTBDs/Debug/TargetA.framework/TargetA.tbd", "/private/var/folders/xr/m5_5rlsd6l9fk2w4ngj13k6m0000gn/T/swbuild.tmp.Qwrkh9On/Data.noindex/Test/aProject/build/EagerLinkingTBDs/Debug/TargetA.framework/Versions/A/TargetA.tbd"]), Task(forTarget: <none>, ruleInfo: ["Gate", "target-TargetB-T-TargetB-21793--GeneratedFilesTaskProducer"]), Task(forTarget: TargetA, ruleInfo: ["ExtractAppIntentsMetadata"]), Task(forTarget: TargetB, ruleInfo: ["MkDir", "/private/var/folders/xr/m5_5rlsd6l9fk2w4ngj13k6m0000gn/T/swbuild.tmp.Qwrkh9On/Data.noindex/Test/aProject/build/Debug/TargetB.framework/Versions/A/Headers"]), Task(forTarget: <none>, ruleInfo: ["Gate", "target-TargetA-T-TargetA-21785--Barrier-StripSymbols"]), Task(forTarget: TargetB, ruleInfo: ["SwiftDriver Compilation", "TargetB", "normal", "x86_64", "com.apple.xcode.tools.swift.compiler"]), Task(forTarget: TargetB, ruleInfo: ["WriteAuxiliaryFile", "/private/var/folders/xr/m5_5rlsd6l9fk2w4ngj13k6m0000gn/T/swbuild.tmp.Qwrkh9On/Data.noindex/Test/aProject/build/aProject.build/Debug/TargetB.build/Objects-normal/x86_64/TargetB.SwiftConstValuesFileList"]), Task(forTarget: <none>, ruleInfo: ["Gate", "target-TargetB-T-TargetB-21793--TAPISymbolExtractorTaskProducer"]), Task(forTarget: <none>, ruleInfo: ["Gate", "target-TargetB-T-TargetB-21793--swift-generated-headers"]), Task(forTarget: <none>, ruleInfo: ["Gate", "target-TargetB-T-TargetB-21793--ProductPostprocessingTaskProducer"]), Task(forTarget: <none>, ruleInfo: ["Gate", "target-TargetB-T-TargetB-21793--RealityAssetsTaskProducer"]), Task(forTarget: <none>, ruleInfo: ["Gate", "target-TargetA-T-TargetA-21785--Barrier-CopyAside"]), Task(forTarget: <none>, ruleInfo: ["SwiftExplicitDependencyGeneratePcm", "x86_64", "/private/var/folders/xr/m5_5rlsd6l9fk2w4ngj13k6m0000gn/T/swbuild.tmp.Qwrkh9On/Data.noindex/Test/aProject/build/SwiftExplicitPrecompiledModules/SwiftShims-E7NR5GGR9Z7GY7PSRPSK1C6L1.pcm"]), Task(forTarget: TargetA, ruleInfo: ["Copy", "/private/var/folders/xr/m5_5rlsd6l9fk2w4ngj13k6m0000gn/T/swbuild.tmp.Qwrkh9On/Data.noindex/Test/aProject/build/Debug/TargetA.framework/Versions/A/Modules/TargetA.swiftmodule/x86_64-apple-macos.swiftdoc", "/private/var/folders/xr/m5_5rlsd6l9fk2w4ngj13k6m0000gn/T/swbuild.tmp.Qwrkh9On/Data.noindex/Test/aProject/build/aProject.build/Debug/TargetA.build/Objects-normal/x86_64/TargetA.swiftdoc"]), Task(forTarget: TargetB, ruleInfo: ["Gate", "target-TargetB-T-TargetB-21793--begin-scanning"]), Task(forTarget: <none>, ruleInfo: ["Gate", "target-TargetB-T-TargetB-21793--ModuleVerifierTaskProducer"]), Task(forTarget: TargetA, ruleInfo: ["SymLink", "/private/var/folders/xr/m5_5rlsd6l9fk2w4ngj13k6m0000gn/T/swbuild.tmp.Qwrkh9On/Data.noindex/Test/aProject/build/Debug/TargetA.framework/Headers", "Versions/Current/Headers"]), Task(forTarget: TargetB, ruleInfo: ["SwiftCompile", "normal", "x86_64", "Compiling fileB2.swift", "/private/var/folders/xr/m5_5rlsd6l9fk2w4ngj13k6m0000gn/T/swbuild.tmp.Qwrkh9On/Data.noindex/Test/aProject/Sources/fileB2.swift"]), Task(forTarget: TargetB, ruleInfo: ["Gate", "target-TargetB-T-TargetB-21793--linker-inputs-ready"]), Task(forTarget: <none>, ruleInfo: ["Gate", "target-TargetA-T-TargetA-21785--Barrier-ChangePermissions"]), Task(forTarget: TargetA, ruleInfo: ["WriteAuxiliaryFile", "/private/var/folders/xr/m5_5rlsd6l9fk2w4ngj13k6m0000gn/T/swbuild.tmp.Qwrkh9On/Data.noindex/Test/aProject/build/aProject.build/Debug/TargetA.build/TargetA-all-target-headers.hmap"]), Task(forTarget: TargetA, ruleInfo: ["SwiftDriver Compilation Requirements", "TargetA", "normal", "x86_64", "com.apple.xcode.tools.swift.compiler"]), Task(forTarget: TargetA, ruleInfo: ["WriteAuxiliaryFile", "/private/var/folders/xr/m5_5rlsd6l9fk2w4ngj13k6m0000gn/T/swbuild.tmp.Qwrkh9On/Data.noindex/Test/aProject/build/aProject.build/Debug/TargetA.build/Objects-normal/x86_64/TargetA_const_extract_protocols.json"]), Task(forTarget: TargetA, ruleInfo: ["Gate", "target-TargetA-T-TargetA-21785--entry"]), Task(forTarget: TargetA, ruleInfo: ["WriteAuxiliaryFile", "/private/var/folders/xr/m5_5rlsd6l9fk2w4ngj13k6m0000gn/T/swbuild.tmp.Qwrkh9On/Data.noindex/Test/aProject/build/aProject.build/Debug/TargetA.build/TargetA.DependencyMetadataFileList"]), Task(forTarget: TargetA, ruleInfo: ["Copy", "/private/var/folders/xr/m5_5rlsd6l9fk2w4ngj13k6m0000gn/T/swbuild.tmp.Qwrkh9On/Data.noindex/Test/aProject/build/Debug/TargetA.framework/Versions/A/Modules/TargetA.swiftmodule/x86_64-apple-macos.swiftmodule", "/private/var/folders/xr/m5_5rlsd6l9fk2w4ngj13k6m0000gn/T/swbuild.tmp.Qwrkh9On/Data.noindex/Test/aProject/build/aProject.build/Debug/TargetA.build/Objects-normal/x86_64/TargetA.swiftmodule"]), Task(forTarget: <none>, ruleInfo: ["Gate", "target-TargetB-T-TargetB-21793--Barrier-RegisterProduct"]), Task(forTarget: TargetB, ruleInfo: ["SwiftDriver Compilation Requirements", "TargetB", "normal", "x86_64", "com.apple.xcode.tools.swift.compiler"]), Task(forTarget: <none>, ruleInfo: ["Gate", "target-TargetB-T-TargetB-21793--StubBinaryTaskProducer"]), Task(forTarget: TargetB, ruleInfo: ["Gate", "target-TargetB-T-TargetB-21793--entry"]), Task(forTarget: <none>, ruleInfo: ["SwiftExplicitDependencyCompileModuleFromInterface", "x86_64", "/private/var/folders/xr/m5_5rlsd6l9fk2w4ngj13k6m0000gn/T/swbuild.tmp.Qwrkh9On/Data.noindex/Test/aProject/build/SwiftExplicitPrecompiledModules/Swift-1039YR9EBE61.swiftmodule"]), Task(forTarget: <none>, ruleInfo: ["Gate", "target-TargetB-T-TargetB-21793--GenerateAppPlaygroundAssetCatalogTaskProducer"]), Task(forTarget: TargetB, ruleInfo: ["Gate", "target-TargetB-T-TargetB-21793--begin-linking"]), Task(forTarget: TargetA, ruleInfo: ["WriteAuxiliaryFile", "/private/var/folders/xr/m5_5rlsd6l9fk2w4ngj13k6m0000gn/T/swbuild.tmp.Qwrkh9On/Data.noindex/Test/aProject/build/aProject.build/Debug/TargetA.build/Objects-normal/x86_64/TargetA-OutputFileMap.json"]), Task(forTarget: TargetB, ruleInfo: ["WriteAuxiliaryFile", "/private/var/folders/xr/m5_5rlsd6l9fk2w4ngj13k6m0000gn/T/swbuild.tmp.Qwrkh9On/Data.noindex/Test/aProject/build/aProject.build/Debug/TargetB.build/TargetB.DependencyMetadataFileList"]), Task(forTarget: TargetB, ruleInfo: ["WriteAuxiliaryFile", "/private/var/folders/xr/m5_5rlsd6l9fk2w4ngj13k6m0000gn/T/swbuild.tmp.Qwrkh9On/Data.noindex/Test/aProject/build/aProject.build/Debug/TargetB.build/TargetB.hmap"]), Task(forTarget: <none>, ruleInfo: ["CreateBuildDirectory", "/private/var/folders/xr/m5_5rlsd6l9fk2w4ngj13k6m0000gn/T/swbuild.tmp.Qwrkh9On/Data.noindex/Test/aProject/build/SharedPrecompiledHeaders"]), Task(forTarget: TargetA, ruleInfo: ["Gate", "target-TargetA-T-TargetA-21785--unsigned-product-ready"]), Task(forTarget: TargetA, ruleInfo: ["Gate", "target-TargetA-T-TargetA-21785--will-sign"]), Task(forTarget: TargetB, ruleInfo: ["Copy", "/private/var/folders/xr/m5_5rlsd6l9fk2w4ngj13k6m0000gn/T/swbuild.tmp.Qwrkh9On/Data.noindex/Test/aProject/build/Debug/TargetB.framework/Versions/A/Modules/TargetB.swiftmodule/Project/x86_64-apple-macos.swiftsourceinfo", "/private/var/folders/xr/m5_5rlsd6l9fk2w4ngj13k6m0000gn/T/swbuild.tmp.Qwrkh9On/Data.noindex/Test/aProject/build/aProject.build/Debug/TargetB.build/Objects-normal/x86_64/TargetB.swiftsourceinfo"]), Task(forTarget: TargetA, ruleInfo: ["WriteAuxiliaryFile", "/private/var/folders/xr/m5_5rlsd6l9fk2w4ngj13k6m0000gn/T/swbuild.tmp.Qwrkh9On/Data.noindex/Test/aProject/build/aProject.build/Debug/TargetA.build/TargetA-generated-files.hmap"]), Task(forTarget: TargetA, ruleInfo: ["Gate", "target-TargetA-T-TargetA-21785--linker-inputs-ready"]), Task(forTarget: <none>, ruleInfo: ["Gate", "target-TargetB-T-TargetB-21793--Barrier-GenerateStubAPI"]), Task(forTarget: <none>, ruleInfo: ["Gate", "target-TargetA-T-TargetA-21785--ModuleVerifierTaskProducer"]), Task(forTarget: <none>, ruleInfo: ["Gate", "target-TargetB-T-TargetB-21793--SwiftFrameworkABICheckerTaskProducer"]), Task(forTarget: TargetB, ruleInfo: ["Gate", "target-TargetB-T-TargetB-21793--end"]), Task(forTarget: TargetB, ruleInfo: ["WriteAuxiliaryFile", "/private/var/folders/xr/m5_5rlsd6l9fk2w4ngj13k6m0000gn/T/swbuild.tmp.Qwrkh9On/Data.noindex/Test/aProject/build/aProject.build/Debug/TargetB.build/TargetB-all-target-headers.hmap"]), Task(forTarget: <none>, ruleInfo: ["SwiftExplicitDependencyGeneratePcm", "x86_64", "/private/var/folders/xr/m5_5rlsd6l9fk2w4ngj13k6m0000gn/T/swbuild.tmp.Qwrkh9On/Data.noindex/Test/aProject/build/SwiftExplicitPrecompiledModules/_SwiftConcurrencyShims-BUR8XM1R06AS02RWV63HPG1KR.pcm"]), Task(forTarget: <none>, ruleInfo: ["Gate", "target-TargetB-T-TargetB-21793--Barrier-ChangePermissions"]), Task(forTarget: <none>, ruleInfo: ["Gate", "target-TargetB-T-TargetB-21793--Barrier-CodeSign"]), Task(forTarget: TargetB, ruleInfo: ["Touch", "/private/var/folders/xr/m5_5rlsd6l9fk2w4ngj13k6m0000gn/T/swbuild.tmp.Qwrkh9On/Data.noindex/Test/aProject/build/Debug/TargetB.framework"]), Task(forTarget: <none>, ruleInfo: ["Gate", "target-TargetB-T-TargetB-21793--Barrier-StripSymbols"]), Task(forTarget: TargetB, ruleInfo: ["WriteAuxiliaryFile", "/private/var/folders/xr/m5_5rlsd6l9fk2w4ngj13k6m0000gn/T/swbuild.tmp.Qwrkh9On/Data.noindex/Test/aProject/build/aProject.build/Debug/TargetB.build/Objects-normal/x86_64/TargetB-OutputFileMap.json"]), Task(forTarget: TargetB, ruleInfo: ["GenerateTAPI", "/private/var/folders/xr/m5_5rlsd6l9fk2w4ngj13k6m0000gn/T/swbuild.tmp.Qwrkh9On/Data.noindex/Test/aProject/build/EagerLinkingTBDs/Debug/TargetB.framework/Versions/A/TargetB.tbd"]), Task(forTarget: TargetB, ruleInfo: ["SwiftEmitModule", "normal", "x86_64", "Emitting module for TargetB"]), Task(forTarget: TargetB, ruleInfo: ["MkDir", "/private/var/folders/xr/m5_5rlsd6l9fk2w4ngj13k6m0000gn/T/swbuild.tmp.Qwrkh9On/Data.noindex/Test/aProject/build/Debug/TargetB.framework/Versions"]), Task(forTarget: TargetA, ruleInfo: ["WriteAuxiliaryFile", "/private/var/folders/xr/m5_5rlsd6l9fk2w4ngj13k6m0000gn/T/swbuild.tmp.Qwrkh9On/Data.noindex/Test/aProject/build/aProject.build/Debug/TargetA.build/Objects-normal/x86_64/TargetA.SwiftFileList"]), Task(forTarget: TargetB, ruleInfo: ["ExtractAppIntentsMetadata"]), Task(forTarget: <none>, ruleInfo: ["Gate", "target-TargetB-T-TargetB-21793--ProductStructureTaskProducer"]), Task(forTarget: <none>, ruleInfo: ["Gate", "target-TargetB-T-TargetB-21793--HeadermapTaskProducer"]), Task(forTarget: <none>, ruleInfo: ["CreateBuildDirectory", "/private/var/folders/xr/m5_5rlsd6l9fk2w4ngj13k6m0000gn/T/swbuild.tmp.Qwrkh9On/Data.noindex/Test/aProject/build/Debug"]), Task(forTarget: TargetA, ruleInfo: ["WriteAuxiliaryFile", "/private/var/folders/xr/m5_5rlsd6l9fk2w4ngj13k6m0000gn/T/swbuild.tmp.Qwrkh9On/Data.noindex/Test/aProject/build/aProject.build/Debug/TargetA.build/TargetA.DependencyStaticMetadataFileList"]), Task(forTarget: <none>, ruleInfo: ["Gate", "target-TargetB-T-TargetB-21793--ExtensionPointExtractorTaskProducer"]), Task(forTarget: <none>, ruleInfo: ["Gate", "target-TargetB-T-TargetB-21793--SwiftStandardLibrariesTaskProducer"]), Task(forTarget: TargetA, ruleInfo: ["Copy", "/private/var/folders/xr/m5_5rlsd6l9fk2w4ngj13k6m0000gn/T/swbuild.tmp.Qwrkh9On/Data.noindex/Test/aProject/build/Debug/TargetA.framework/Versions/A/Modules/TargetA.swiftmodule/x86_64-apple-macos.abi.json", "/private/var/folders/xr/m5_5rlsd6l9fk2w4ngj13k6m0000gn/T/swbuild.tmp.Qwrkh9On/Data.noindex/Test/aProject/build/aProject.build/Debug/TargetA.build/Objects-normal/x86_64/TargetA.abi.json"]), Task(forTarget: <none>, ruleInfo: ["CreateBuildDirectory", "/private/var/folders/xr/m5_5rlsd6l9fk2w4ngj13k6m0000gn/T/swbuild.tmp.Qwrkh9On/Data.noindex/Test/aProject/build/ExplicitPrecompiledModules"]), Task(forTarget: TargetB, ruleInfo: ["Gate", "target-TargetB-T-TargetB-21793--immediate"]), Task(forTarget: <none>, ruleInfo: ["Gate", "target-TargetA-T-TargetA-21785--AppExtensionInfoPlistGeneratorTaskProducer"]), Task(forTarget: TargetB, ruleInfo: ["SymLink", "/private/var/folders/xr/m5_5rlsd6l9fk2w4ngj13k6m0000gn/T/swbuild.tmp.Qwrkh9On/Data.noindex/Test/aProject/build/Debug/TargetB.framework/Modules", "Versions/Current/Modules"]), Task(forTarget: <none>, ruleInfo: ["Gate", "target-TargetA-T-TargetA-21785--swift-generated-headers"]), Task(forTarget: <none>, ruleInfo: ["Gate", "target-TargetB-T-TargetB-21793--InfoPlistTaskProducer"]), Task(forTarget: <none>, ruleInfo: ["Gate", "target-TargetB-T-TargetB-21793--AppExtensionInfoPlistGeneratorTaskProducer"]), Task(forTarget: TargetB, ruleInfo: ["SwiftDriver", "TargetB", "normal", "x86_64", "com.apple.xcode.tools.swift.compiler"]), Task(forTarget: <none>, ruleInfo: ["Gate", "target-TargetA-T-TargetA-21785--CopySwiftPackageResourcesTaskProducer"]), Task(forTarget: <none>, ruleInfo: ["Gate", "target-TargetA-T-TargetA-21785--ProductStructureTaskProducer"]), Task(forTarget: TargetA, ruleInfo: ["SymLink", "/private/var/folders/xr/m5_5rlsd6l9fk2w4ngj13k6m0000gn/T/swbuild.tmp.Qwrkh9On/Data.noindex/Test/aProject/build/Debug/TargetA.framework/Versions/Current", "A"]), Task(forTarget: TargetA, ruleInfo: ["SwiftMergeGeneratedHeaders", "/private/var/folders/xr/m5_5rlsd6l9fk2w4ngj13k6m0000gn/T/swbuild.tmp.Qwrkh9On/Data.noindex/Test/aProject/build/Debug/TargetA.framework/Versions/A/Headers/TargetA-Swift.h", "/private/var/folders/xr/m5_5rlsd6l9fk2w4ngj13k6m0000gn/T/swbuild.tmp.Qwrkh9On/Data.noindex/Test/aProject/build/aProject.build/Debug/TargetA.build/Objects-normal/x86_64/TargetA-Swift.h"]), Task(forTarget: <none>, ruleInfo: ["Gate", "target-TargetA-T-TargetA-21785--ProductPostprocessingTaskProducer"]), Task(forTarget: TargetB, ruleInfo: ["Copy", "/private/var/folders/xr/m5_5rlsd6l9fk2w4ngj13k6m0000gn/T/swbuild.tmp.Qwrkh9On/Data.noindex/Test/aProject/build/Debug/TargetB.framework/Versions/A/Modules/TargetB.swiftmodule/x86_64-apple-macos.swiftdoc", "/private/var/folders/xr/m5_5rlsd6l9fk2w4ngj13k6m0000gn/T/swbuild.tmp.Qwrkh9On/Data.noindex/Test/aProject/build/aProject.build/Debug/TargetB.build/Objects-normal/x86_64/TargetB.swiftdoc"]), Task(forTarget: <none>, ruleInfo: ["Gate", "target-TargetA-T-TargetA-21785--DocumentationTaskProducer"]), Task(forTarget: TargetB, ruleInfo: ["SymLink", "/private/var/folders/xr/m5_5rlsd6l9fk2w4ngj13k6m0000gn/T/swbuild.tmp.Qwrkh9On/Data.noindex/Test/aProject/build/Debug/TargetB.framework/Versions/Current", "A"]), Task(forTarget: <none>, ruleInfo: ["Gate", "target-TargetA-T-TargetA-21785--InfoPlistTaskProducer"]), Task(forTarget: <none>, ruleInfo: ["CreateBuildDirectory", "/private/var/folders/xr/m5_5rlsd6l9fk2w4ngj13k6m0000gn/T/swbuild.tmp.Qwrkh9On/Data.noindex/Test/aProject/build"]), Task(forTarget: <none>, ruleInfo: ["Gate", "target-TargetA-T-TargetA-21785--SwiftABIBaselineGenerationTaskProducer"]), Task(forTarget: TargetA, ruleInfo: ["SwiftDriver Compilation", "TargetA", "normal", "x86_64", "com.apple.xcode.tools.swift.compiler"]), Task(forTarget: TargetB, ruleInfo: ["SwiftMergeGeneratedHeaders", "/private/var/folders/xr/m5_5rlsd6l9fk2w4ngj13k6m0000gn/T/swbuild.tmp.Qwrkh9On/Data.noindex/Test/aProject/build/Debug/TargetB.framework/Versions/A/Headers/TargetB-Swift.h", "/private/var/folders/xr/m5_5rlsd6l9fk2w4ngj13k6m0000gn/T/swbuild.tmp.Qwrkh9On/Data.noindex/Test/aProject/build/aProject.build/Debug/TargetB.build/Objects-normal/x86_64/TargetB-Swift.h"]), Task(forTarget: TargetB, ruleInfo: ["Ld", "/private/var/folders/xr/m5_5rlsd6l9fk2w4ngj13k6m0000gn/T/swbuild.tmp.Qwrkh9On/Data.noindex/Test/aProject/build/Debug/TargetB.framework/Versions/A/TargetB", "normal"]), Task(forTarget: TargetB, ruleInfo: ["WriteAuxiliaryFile", "/private/var/folders/xr/m5_5rlsd6l9fk2w4ngj13k6m0000gn/T/swbuild.tmp.Qwrkh9On/Data.noindex/Test/aProject/build/aProject.build/Debug/TargetB.build/TargetB-all-non-framework-target-headers.hmap"]), Task(forTarget: <none>, ruleInfo: ["Gate", "target-TargetA-T-TargetA-21785--TAPISymbolExtractorTaskProducer"]), Task(forTarget: <none>, ruleInfo: ["SwiftExplicitDependencyCompileModuleFromInterface", "x86_64", "/private/var/folders/xr/m5_5rlsd6l9fk2w4ngj13k6m0000gn/T/swbuild.tmp.Qwrkh9On/Data.noindex/Test/aProject/build/SwiftExplicitPrecompiledModules/_Concurrency-2W8LU3DF58RLX.swiftmodule"]), Task(forTarget: <none>, ruleInfo: ["Gate", "target-TargetB-T-TargetB-21793--Barrier-ChangeAlternatePermissions"]), Task(forTarget: <none>, ruleInfo: ["Gate", "target-TargetA-T-TargetA-21785--SwiftPackageCopyFilesTaskProducer"]), Task(forTarget: <none>, ruleInfo: ["Gate", "target-TargetA-T-TargetA-21785--copy-headers-completion"]), Task(forTarget: <none>, ruleInfo: ["Gate", "WorkspaceHeaderMapVFSFilesWritten"]), Task(forTarget: TargetA, ruleInfo: ["Gate", "target-TargetA-T-TargetA-21785--modules-ready"]), Task(forTarget: <none>, ruleInfo: ["Gate", "target-TargetB-T-TargetB-21793--SanitizerTaskProducer"]), Task(forTarget: <none>, ruleInfo: ["Gate", "target-TargetA-T-TargetA-21785--Barrier-ChangeAlternatePermissions"]), Task(forTarget: TargetB, ruleInfo: ["SymLink", "/private/var/folders/xr/m5_5rlsd6l9fk2w4ngj13k6m0000gn/T/swbuild.tmp.Qwrkh9On/Data.noindex/Test/aProject/build/Debug/TargetB.framework/Headers", "Versions/Current/Headers"]), Task(forTarget: <none>, ruleInfo: ["CreateBuildDirectory", "/var/folders/xr/m5_5rlsd6l9fk2w4ngj13k6m0000gn/C/com.apple.DeveloperTools/26.4.1-17E202/Xcode/CompilationCache.noindex"]), Task(forTarget: <none>, ruleInfo: ["Gate", "target-TargetA-T-TargetA-21785--CustomTaskProducer"]), Task(forTarget: <none>, ruleInfo: ["Gate", "target-TargetA-T-TargetA-21785--AppIntentsMetadataTaskProducer"]), Task(forTarget: TargetB, ruleInfo: ["Copy", "/private/var/folders/xr/m5_5rlsd6l9fk2w4ngj13k6m0000gn/T/swbuild.tmp.Qwrkh9On/Data.noindex/Test/aProject/build/Debug/TargetB.framework/Versions/A/Modules/TargetB.swiftmodule/x86_64-apple-macos.abi.json", "/private/var/folders/xr/m5_5rlsd6l9fk2w4ngj13k6m0000gn/T/swbuild.tmp.Qwrkh9On/Data.noindex/Test/aProject/build/aProject.build/Debug/TargetB.build/Objects-normal/x86_64/TargetB.abi.json"]), Task(forTarget: <none>, ruleInfo: ["Gate", "target-TargetA-T-TargetA-21785--TestHostTaskProducer"]), Task(forTarget: TargetB, ruleInfo: ["WriteAuxiliaryFile", "/private/var/folders/xr/m5_5rlsd6l9fk2w4ngj13k6m0000gn/T/swbuild.tmp.Qwrkh9On/Data.noindex/Test/aProject/build/aProject.build/Debug/TargetB.build/Objects-normal/x86_64/TargetB.LinkFileList"]), Task(forTarget: <none>, ruleInfo: ["Gate", "target-TargetA-T-TargetA-21785--TestTargetPostprocessingTaskProducer"]), Task(forTarget: <none>, ruleInfo: ["Gate", "target-TargetA-T-TargetA-21785--Barrier-GenerateStubAPI"]), Task(forTarget: TargetB, ruleInfo: ["Gate", "target-TargetB-T-TargetB-21793--will-sign"]), Task(forTarget: <none>, ruleInfo: ["Gate", "target-TargetA-T-TargetA-21785--generated-headers"]), Task(forTarget: <none>, ruleInfo: ["Gate", "target-TargetB-T-TargetB-21793--Barrier-RegisterExecutionPolicyException"]), Task(forTarget: TargetB, ruleInfo: ["SymLink", "/private/var/folders/xr/m5_5rlsd6l9fk2w4ngj13k6m0000gn/T/swbuild.tmp.Qwrkh9On/Data.noindex/Test/aProject/build/EagerLinkingTBDs/Debug/TargetB.framework/TargetB.tbd", "/private/var/folders/xr/m5_5rlsd6l9fk2w4ngj13k6m0000gn/T/swbuild.tmp.Qwrkh9On/Data.noindex/Test/aProject/build/EagerLinkingTBDs/Debug/TargetB.framework/Versions/A/TargetB.tbd"]), Task(forTarget: TargetB, ruleInfo: ["WriteAuxiliaryFile", "/private/var/folders/xr/m5_5rlsd6l9fk2w4ngj13k6m0000gn/T/swbuild.tmp.Qwrkh9On/Data.noindex/Test/aProject/build/aProject.build/Debug/TargetB.build/TargetB-own-target-headers.hmap"]), Task(forTarget: TargetB, ruleInfo: ["WriteAuxiliaryFile", "/private/var/folders/xr/m5_5rlsd6l9fk2w4ngj13k6m0000gn/T/swbuild.tmp.Qwrkh9On/Data.noindex/Test/aProject/build/aProject.build/Debug/TargetB.build/TargetB-project-headers.hmap"]), Task(forTarget: <none>, ruleInfo: ["Gate", "target-TargetB-T-TargetB-21793--DocumentationTaskProducer"]), Task(forTarget: <none>, ruleInfo: ["Gate", "target-TargetA-T-TargetA-21785--TestEntryPointTaskProducerFactory"]), Task(forTarget: <none>, ruleInfo: ["Gate", "target-TargetA-T-TargetA-21785--TestTargetTaskProducer"]), Task(forTarget: TargetA, ruleInfo: ["Touch", "/private/var/folders/xr/m5_5rlsd6l9fk2w4ngj13k6m0000gn/T/swbuild.tmp.Qwrkh9On/Data.noindex/Test/aProject/build/Debug/TargetA.framework"]), Task(forTarget: <none>, ruleInfo: ["Gate", "target-TargetA-T-TargetA-21785--HeadermapTaskProducer"]), Task(forTarget: <none>, ruleInfo: ["Gate", "target-TargetB-T-TargetB-21793--fused-phase0-compile-sources&link-binary"]), Task(forTarget: TargetB, ruleInfo: ["WriteAuxiliaryFile", "/private/var/folders/xr/m5_5rlsd6l9fk2w4ngj13k6m0000gn/T/swbuild.tmp.Qwrkh9On/Data.noindex/Test/aProject/build/aProject.build/Debug/TargetB.build/TargetB.DependencyStaticMetadataFileList"]), Task(forTarget: <none>, ruleInfo: ["Gate", "target-TargetB-T-TargetB-21793--TestTargetTaskProducer"]), Task(forTarget: <none>, ruleInfo: ["Gate", "target-TargetA-T-TargetA-21785--RealityAssetsTaskProducer"]), Task(forTarget: <none>, ruleInfo: ["Gate", "target-TargetB-T-TargetB-21793--CustomTaskProducer"]), Task(forTarget: TargetB, ruleInfo: ["RegisterExecutionPolicyException", "/private/var/folders/xr/m5_5rlsd6l9fk2w4ngj13k6m0000gn/T/swbuild.tmp.Qwrkh9On/Data.noindex/Test/aProject/build/Debug/TargetB.framework"]), Task(forTarget: TargetA, ruleInfo: ["WriteAuxiliaryFile", "/private/var/folders/xr/m5_5rlsd6l9fk2w4ngj13k6m0000gn/T/swbuild.tmp.Qwrkh9On/Data.noindex/Test/aProject/build/aProject.build/Debug/TargetA.build/TargetA-all-non-framework-target-headers.hmap"]), Task(forTarget: TargetB, ruleInfo: ["SwiftCompile", "normal", "x86_64", "Compiling fileB1.swift", "/private/var/folders/xr/m5_5rlsd6l9fk2w4ngj13k6m0000gn/T/swbuild.tmp.Qwrkh9On/Data.noindex/Test/aProject/Sources/fileB1.swift"]), Task(forTarget: <none>, ruleInfo: ["Gate", "target-TargetA-T-TargetA-21785--Barrier-CodeSign"]), Task(forTarget: <none>, ruleInfo: ["Gate", "target-TargetB-T-TargetB-21793--AppIntentsMetadataTaskProducer"]), Task(forTarget: TargetB, ruleInfo: ["Gate", "target-TargetB-T-TargetB-21793--unsigned-product-ready"]), Task(forTarget: TargetA, ruleInfo: ["SwiftDriver", "TargetA", "normal", "x86_64", "com.apple.xcode.tools.swift.compiler"]), Task(forTarget: TargetA, ruleInfo: ["Gate", "target-TargetA-T-TargetA-21785--end"]), Task(forTarget: TargetA, ruleInfo: ["Gate", "target-TargetA-T-TargetA-21785--begin-scanning"]), Task(forTarget: TargetB, ruleInfo: ["WriteAuxiliaryFile", "/private/var/folders/xr/m5_5rlsd6l9fk2w4ngj13k6m0000gn/T/swbuild.tmp.Qwrkh9On/Data.noindex/Test/aProject/build/aProject.build/Debug/TargetB.build/Objects-normal/x86_64/TargetB_const_extract_protocols.json"]), Task(forTarget: <none>, ruleInfo: ["Gate", "target-TargetA-T-TargetA-21785--StubBinaryTaskProducer"]), Task(forTarget: TargetB, ruleInfo: ["MkDir", "/private/var/folders/xr/m5_5rlsd6l9fk2w4ngj13k6m0000gn/T/swbuild.tmp.Qwrkh9On/Data.noindex/Test/aProject/build/Debug/TargetB.framework/Versions/A"]), Task(forTarget: TargetA, ruleInfo: ["SwiftCompile", "normal", "x86_64", "Compiling fileA2.swift", "/private/var/folders/xr/m5_5rlsd6l9fk2w4ngj13k6m0000gn/T/swbuild.tmp.Qwrkh9On/Data.noindex/Test/aProject/Sources/fileA2.swift"]), Task(forTarget: <none>, ruleInfo: ["Gate", "target-TargetA-T-TargetA-21785--fused-phase0-compile-sources"]), Task(forTarget: <none>, ruleInfo: ["Gate", "target-TargetA-T-TargetA-21785--ModuleMapTaskProducer"]), Task(forTarget: <none>, ruleInfo: ["Gate", "target-TargetA-T-TargetA-21785--GeneratedFilesTaskProducer"]), Task(forTarget: <none>, ruleInfo: ["Gate", "target-TargetA-T-TargetA-21785--SwiftStandardLibrariesTaskProducer"]), Task(forTarget: TargetA, ruleInfo: ["GenerateTAPI", "/private/var/folders/xr/m5_5rlsd6l9fk2w4ngj13k6m0000gn/T/swbuild.tmp.Qwrkh9On/Data.noindex/Test/aProject/build/EagerLinkingTBDs/Debug/TargetA.framework/Versions/A/TargetA.tbd"]), Task(forTarget: <none>, ruleInfo: ["Gate", "target-TargetA-T-TargetA-21785--Barrier-Validate"]), Task(forTarget: TargetB, ruleInfo: ["WriteAuxiliaryFile", "/private/var/folders/xr/m5_5rlsd6l9fk2w4ngj13k6m0000gn/T/swbuild.tmp.Qwrkh9On/Data.noindex/Test/aProject/build/aProject.build/Debug/TargetB.build/Objects-normal/x86_64/TargetB.SwiftFileList"]), Task(forTarget: TargetA, ruleInfo: ["MkDir", "/private/var/folders/xr/m5_5rlsd6l9fk2w4ngj13k6m0000gn/T/swbuild.tmp.Qwrkh9On/Data.noindex/Test/aProject/build/Debug/TargetA.framework"]), Task(forTarget: <none>, ruleInfo: ["Gate", "target-TargetA-T-TargetA-21785--ExtensionPointExtractorTaskProducer"]), Task(forTarget: TargetA, ruleInfo: ["SymLink", "/private/var/folders/xr/m5_5rlsd6l9fk2w4ngj13k6m0000gn/T/swbuild.tmp.Qwrkh9On/Data.noindex/Test/aProject/build/Debug/TargetA.framework/TargetA", "Versions/Current/TargetA"]), Task(forTarget: TargetA, ruleInfo: ["MkDir", "/private/var/folders/xr/m5_5rlsd6l9fk2w4ngj13k6m0000gn/T/swbuild.tmp.Qwrkh9On/Data.noindex/Test/aProject/build/Debug/TargetA.framework/Versions/A"]), Task(forTarget: <none>, ruleInfo: ["Gate", "target-TargetB-T-TargetB-21793--generated-headers"]), Task(forTarget: <none>, ruleInfo: ["Gate", "target-TargetA-T-TargetA-21785--SwiftFrameworkABICheckerTaskProducer"]), Task(forTarget: TargetB, ruleInfo: ["Gate", "target-TargetB-T-TargetB-21793--modules-ready"]), Task(forTarget: <none>, ruleInfo: ["ClangStatCache", "/Applications/Xcode17E.app/Contents/Developer/Toolchains/XcodeDefault.xctoolchain/usr/bin/clang-stat-cache", "/Applications/Xcode17E.app/Contents/Developer/Platforms/MacOSX.platform/Developer/SDKs/MacOSX26.4.sdk", "/private/var/folders/xr/m5_5rlsd6l9fk2w4ngj13k6m0000gn/T/swbuild.tmp.Qwrkh9On/Data.noindex/Test/SDKStatCaches.noindex/macosx26.4-25E260-95aa6cf8f3effd57bda17e0c125410c0.sdkstatcache"]), Task(forTarget: TargetB, ruleInfo: ["SymLink", "/private/var/folders/xr/m5_5rlsd6l9fk2w4ngj13k6m0000gn/T/swbuild.tmp.Qwrkh9On/Data.noindex/Test/aProject/build/Debug/TargetB.framework/TargetB", "Versions/Current/TargetB"]), Task(forTarget: TargetA, ruleInfo: ["MkDir", "/private/var/folders/xr/m5_5rlsd6l9fk2w4ngj13k6m0000gn/T/swbuild.tmp.Qwrkh9On/Data.noindex/Test/aProject/build/Debug/TargetA.framework/Versions/A/Headers"]), Task(forTarget: <none>, ruleInfo: ["Gate", "target-TargetB-T-TargetB-21793--TestHostTaskProducer"]), Task(forTarget: TargetA, ruleInfo: ["Gate", "target-TargetA-T-TargetA-21785--begin-linking"]), Task(forTarget: <none>, ruleInfo: ["Gate", "target-TargetB-T-TargetB-21793--ModuleMapTaskProducer"]), Task(forTarget: <none>, ruleInfo: ["CreateBuildDirectory", "/private/var/folders/xr/m5_5rlsd6l9fk2w4ngj13k6m0000gn/T/swbuild.tmp.Qwrkh9On/Data.noindex/Test/aProject/build/SwiftExplicitPrecompiledModules"]), Task(forTarget: <none>, ruleInfo: ["Gate", "target-TargetB-T-TargetB-21793--SwiftABIBaselineGenerationTaskProducer"]), Task(forTarget: <none>, ruleInfo: ["Gate", "target-TargetB-T-TargetB-21793--TestTargetPostprocessingTaskProducer"]), Task(forTarget: <none>, ruleInfo: ["CreateBuildDirectory", "/private/var/folders/xr/m5_5rlsd6l9fk2w4ngj13k6m0000gn/T/swbuild.tmp.Qwrkh9On/Data.noindex/Test/aProject/build/EagerLinkingTBDs/Debug"]), Task(forTarget: TargetA, ruleInfo: ["WriteAuxiliaryFile", "/private/var/folders/xr/m5_5rlsd6l9fk2w4ngj13k6m0000gn/T/swbuild.tmp.Qwrkh9On/Data.noindex/Test/aProject/build/aProject.build/Debug/TargetA.build/Objects-normal/x86_64/TargetA.SwiftConstValuesFileList"]), Task(forTarget: <none>, ruleInfo: ["Gate", "target-TargetA-T-TargetA-21785--GenerateAppPlaygroundAssetCatalogTaskProducer"]), Task(forTarget: <none>, ruleInfo: ["WriteAuxiliaryFile", "/private/var/folders/xr/m5_5rlsd6l9fk2w4ngj13k6m0000gn/T/swbuild.tmp.Qwrkh9On/Data.noindex/Test/aProject/build/aProject.build/Debug/aProject-P21796-VFS/all-product-headers.yaml"]), Task(forTarget: <none>, ruleInfo: ["Gate", "target-TargetB-T-TargetB-21793--CopySwiftPackageResourcesTaskProducer"]), Task(forTarget: <none>, ruleInfo: ["Gate", "target-TargetB-T-TargetB-21793--Barrier-CopyAside"]), Task(forTarget: TargetA, ruleInfo: ["WriteAuxiliaryFile", "/private/var/folders/xr/m5_5rlsd6l9fk2w4ngj13k6m0000gn/T/swbuild.tmp.Qwrkh9On/Data.noindex/Test/aProject/build/aProject.build/Debug/TargetA.build/TargetA-project-headers.hmap"]), Task(forTarget: TargetB, ruleInfo: ["MkDir", "/private/var/folders/xr/m5_5rlsd6l9fk2w4ngj13k6m0000gn/T/swbuild.tmp.Qwrkh9On/Data.noindex/Test/aProject/build/Debug/TargetB.framework"]), Task(forTarget: TargetA, ruleInfo: ["SymLink", "/private/var/folders/xr/m5_5rlsd6l9fk2w4ngj13k6m0000gn/T/swbuild.tmp.Qwrkh9On/Data.noindex/Test/aProject/build/Debug/TargetA.framework/Modules", "Versions/Current/Modules"]), Task(forTarget: <none>, ruleInfo: ["SwiftExplicitDependencyCompileModuleFromInterface", "x86_64", "/private/var/folders/xr/m5_5rlsd6l9fk2w4ngj13k6m0000gn/T/swbuild.tmp.Qwrkh9On/Data.noindex/Test/aProject/build/SwiftExplicitPrecompiledModules/_StringProcessing-13GX4EAKQZW8B.swiftmodule"]), Task(forTarget: TargetA, ruleInfo: ["RegisterExecutionPolicyException", "/private/var/folders/xr/m5_5rlsd6l9fk2w4ngj13k6m0000gn/T/swbuild.tmp.Qwrkh9On/Data.noindex/Test/aProject/build/Debug/TargetA.framework"]), Task(forTarget: TargetA, ruleInfo: ["Copy", "/private/var/folders/xr/m5_5rlsd6l9fk2w4ngj13k6m0000gn/T/swbuild.tmp.Qwrkh9On/Data.noindex/Test/aProject/build/Debug/TargetA.framework/Versions/A/Modules/TargetA.swiftmodule/Project/x86_64-apple-macos.swiftsourceinfo", "/private/var/folders/xr/m5_5rlsd6l9fk2w4ngj13k6m0000gn/T/swbuild.tmp.Qwrkh9On/Data.noindex/Test/aProject/build/aProject.build/Debug/TargetA.build/Objects-normal/x86_64/TargetA.swiftsourceinfo"]), Task(forTarget: <none>, ruleInfo: ["Gate", "target-TargetB-T-TargetB-21793--copy-headers-completion"]), Task(forTarget: <none>, ruleInfo: ["Gate", "target-TargetB-T-TargetB-21793--TestEntryPointTaskProducerFactory"]), Task(forTarget: TargetA, ruleInfo: ["Gate", "target-TargetA-T-TargetA-21785--immediate"]), Task(forTarget: <none>, ruleInfo: ["Gate", "target-TargetA-T-TargetA-21785--Barrier-RegisterProduct"]), Task(forTarget: <none>, ruleInfo: ["Gate", "target-TargetB-T-TargetB-21793--Barrier-Validate"]), Task(forTarget: TargetB, ruleInfo: ["Copy", "/private/var/folders/xr/m5_5rlsd6l9fk2w4ngj13k6m0000gn/T/swbuild.tmp.Qwrkh9On/Data.noindex/Test/aProject/build/Debug/TargetB.framework/Versions/A/Modules/TargetB.swiftmodule/x86_64-apple-macos.swiftmodule", "/private/var/folders/xr/m5_5rlsd6l9fk2w4ngj13k6m0000gn/T/swbuild.tmp.Qwrkh9On/Data.noindex/Test/aProject/build/aProject.build/Debug/TargetB.build/Objects-normal/x86_64/TargetB.swiftmodule"]), Task(forTarget: TargetB, ruleInfo: ["WriteAuxiliaryFile", "/private/var/folders/xr/m5_5rlsd6l9fk2w4ngj13k6m0000gn/T/swbuild.tmp.Qwrkh9On/Data.noindex/Test/aProject/build/aProject.build/Debug/TargetB.build/TargetB-generated-files.hmap"]), Task(forTarget: TargetA, ruleInfo: ["Gate", "target-TargetA-T-TargetA-21785--begin-compiling"]), Task(forTarget: TargetA, ruleInfo: ["WriteAuxiliaryFile", "/private/var/folders/xr/m5_5rlsd6l9fk2w4ngj13k6m0000gn/T/swbuild.tmp.Qwrkh9On/Data.noindex/Test/aProject/build/aProject.build/Debug/TargetA.build/TargetA.hmap"]), Task(forTarget: TargetA, ruleInfo: ["SwiftEmitModule", "normal", "x86_64", "Emitting module for TargetA"]), Task(forTarget: TargetB, ruleInfo: ["Gate", "target-TargetB-T-TargetB-21793--begin-compiling"]), Task(forTarget: <none>, ruleInfo: ["Gate", "target-TargetB-T-TargetB-21793--SwiftPackageCopyFilesTaskProducer"]), Task(forTarget: <none>, ruleInfo: ["Gate", "target-TargetA-T-TargetA-21785--SanitizerTaskProducer"]), Task(forTarget: TargetA, ruleInfo: ["WriteAuxiliaryFile", "/private/var/folders/xr/m5_5rlsd6l9fk2w4ngj13k6m0000gn/T/swbuild.tmp.Qwrkh9On/Data.noindex/Test/aProject/build/aProject.build/Debug/TargetA.build/TargetA-own-target-headers.hmap"]), Task(forTarget: TargetA, ruleInfo: ["WriteAuxiliaryFile", "/private/var/folders/xr/m5_5rlsd6l9fk2w4ngj13k6m0000gn/T/swbuild.tmp.Qwrkh9On/Data.noindex/Test/aProject/build/aProject.build/Debug/TargetA.build/Objects-normal/x86_64/TargetA.LinkFileList"]), Task(forTarget: TargetA, ruleInfo: ["SwiftCompile", "normal", "x86_64", "Compiling fileA1.swift", "/private/var/folders/xr/m5_5rlsd6l9fk2w4ngj13k6m0000gn/T/swbuild.tmp.Qwrkh9On/Data.noindex/Test/aProject/Sources/fileA1.swift"])]
↳ Occasionally fails in CI due to SwiftExplicitDependencyCompileModuleFromInterface missing from the dependency graph
━ Test swiftEagerCompilationWithExplicitModules() recorded a known issue at SwiftDriverTests.swift:3590:55: Issue recorded
↳ Task Task(forTarget: TargetA, ruleInfo: ["SwiftCompile", "normal", "x86_64", "Compiling fileA2.swift", "/private/var/folders/xr/m5_5rlsd6l9fk2w4ngj13k6m0000gn/T/swbuild.tmp.Qwrkh9On/Data.noindex/Test/aProject/Sources/fileA2.swift"]) does not follow any tasks matching [Rule matches [SWBTestSupport.StringPattern.equal("SwiftExplicitDependencyGeneratePcm"), SWBTestSupport.StringPattern.equal("normal"), SWBTestSupport.StringPattern.equal("x86_64"), SWBTestSupport.StringPattern.contains("SwiftShims-")]]. Found: [] in [Task(forTarget: TargetA, ruleInfo: ["Ld", "/private/var/folders/xr/m5_5rlsd6l9fk2w4ngj13k6m0000gn/T/swbuild.tmp.Qwrkh9On/Data.noindex/Test/aProject/build/Debug/TargetA.framework/Versions/A/TargetA", "normal"]), Task(forTarget: <none>, ruleInfo: ["Gate", "target-TargetA-T-TargetA-21785--Barrier-RegisterExecutionPolicyException"]), Task(forTarget: TargetA, ruleInfo: ["MkDir", "/private/var/folders/xr/m5_5rlsd6l9fk2w4ngj13k6m0000gn/T/swbuild.tmp.Qwrkh9On/Data.noindex/Test/aProject/build/Debug/TargetA.framework/Versions"]), Task(forTarget: TargetA, ruleInfo: ["SymLink", "/private/var/folders/xr/m5_5rlsd6l9fk2w4ngj13k6m0000gn/T/swbuild.tmp.Qwrkh9On/Data.noindex/Test/aProject/build/EagerLinkingTBDs/Debug/TargetA.framework/TargetA.tbd", "/private/var/folders/xr/m5_5rlsd6l9fk2w4ngj13k6m0000gn/T/swbuild.tmp.Qwrkh9On/Data.noindex/Test/aProject/build/EagerLinkingTBDs/Debug/TargetA.framework/Versions/A/TargetA.tbd"]), Task(forTarget: <none>, ruleInfo: ["Gate", "target-TargetB-T-TargetB-21793--GeneratedFilesTaskProducer"]), Task(forTarget: TargetA, ruleInfo: ["ExtractAppIntentsMetadata"]), Task(forTarget: TargetB, ruleInfo: ["MkDir", "/private/var/folders/xr/m5_5rlsd6l9fk2w4ngj13k6m0000gn/T/swbuild.tmp.Qwrkh9On/Data.noindex/Test/aProject/build/Debug/TargetB.framework/Versions/A/Headers"]), Task(forTarget: <none>, ruleInfo: ["Gate", "target-TargetA-T-TargetA-21785--Barrier-StripSymbols"]), Task(forTarget: TargetB, ruleInfo: ["SwiftDriver Compilation", "TargetB", "normal", "x86_64", "com.apple.xcode.tools.swift.compiler"]), Task(forTarget: TargetB, ruleInfo: ["WriteAuxiliaryFile", "/private/var/folders/xr/m5_5rlsd6l9fk2w4ngj13k6m0000gn/T/swbuild.tmp.Qwrkh9On/Data.noindex/Test/aProject/build/aProject.build/Debug/TargetB.build/Objects-normal/x86_64/TargetB.SwiftConstValuesFileList"]), Task(forTarget: <none>, ruleInfo: ["Gate", "target-TargetB-T-TargetB-21793--TAPISymbolExtractorTaskProducer"]), Task(forTarget: <none>, ruleInfo: ["Gate", "target-TargetB-T-TargetB-21793--swift-generated-headers"]), Task(forTarget: <none>, ruleInfo: ["Gate", "target-TargetB-T-TargetB-21793--ProductPostprocessingTaskProducer"]), Task(forTarget: <none>, ruleInfo: ["Gate", "target-TargetB-T-TargetB-21793--RealityAssetsTaskProducer"]), Task(forTarget: <none>, ruleInfo: ["Gate", "target-TargetA-T-TargetA-21785--Barrier-CopyAside"]), Task(forTarget: <none>, ruleInfo: ["SwiftExplicitDependencyGeneratePcm", "x86_64", "/private/var/folders/xr/m5_5rlsd6l9fk2w4ngj13k6m0000gn/T/swbuild.tmp.Qwrkh9On/Data.noindex/Test/aProject/build/SwiftExplicitPrecompiledModules/SwiftShims-E7NR5GGR9Z7GY7PSRPSK1C6L1.pcm"]), Task(forTarget: TargetA, ruleInfo: ["Copy", "/private/var/folders/xr/m5_5rlsd6l9fk2w4ngj13k6m0000gn/T/swbuild.tmp.Qwrkh9On/Data.noindex/Test/aProject/build/Debug/TargetA.framework/Versions/A/Modules/TargetA.swiftmodule/x86_64-apple-macos.swiftdoc", "/private/var/folders/xr/m5_5rlsd6l9fk2w4ngj13k6m0000gn/T/swbuild.tmp.Qwrkh9On/Data.noindex/Test/aProject/build/aProject.build/Debug/TargetA.build/Objects-normal/x86_64/TargetA.swiftdoc"]), Task(forTarget: TargetB, ruleInfo: ["Gate", "target-TargetB-T-TargetB-21793--begin-scanning"]), Task(forTarget: <none>, ruleInfo: ["Gate", "target-TargetB-T-TargetB-21793--ModuleVerifierTaskProducer"]), Task(forTarget: TargetA, ruleInfo: ["SymLink", "/private/var/folders/xr/m5_5rlsd6l9fk2w4ngj13k6m0000gn/T/swbuild.tmp.Qwrkh9On/Data.noindex/Test/aProject/build/Debug/TargetA.framework/Headers", "Versions/Current/Headers"]), Task(forTarget: TargetB, ruleInfo: ["SwiftCompile", "normal", "x86_64", "Compiling fileB2.swift", "/private/var/folders/xr/m5_5rlsd6l9fk2w4ngj13k6m0000gn/T/swbuild.tmp.Qwrkh9On/Data.noindex/Test/aProject/Sources/fileB2.swift"]), Task(forTarget: TargetB, ruleInfo: ["Gate", "target-TargetB-T-TargetB-21793--linker-inputs-ready"]), Task(forTarget: <none>, ruleInfo: ["Gate", "target-TargetA-T-TargetA-21785--Barrier-ChangePermissions"]), Task(forTarget: TargetA, ruleInfo: ["WriteAuxiliaryFile", "/private/var/folders/xr/m5_5rlsd6l9fk2w4ngj13k6m0000gn/T/swbuild.tmp.Qwrkh9On/Data.noindex/Test/aProject/build/aProject.build/Debug/TargetA.build/TargetA-all-target-headers.hmap"]), Task(forTarget: TargetA, ruleInfo: ["SwiftDriver Compilation Requirements", "TargetA", "normal", "x86_64", "com.apple.xcode.tools.swift.compiler"]), Task(forTarget: TargetA, ruleInfo: ["WriteAuxiliaryFile", "/private/var/folders/xr/m5_5rlsd6l9fk2w4ngj13k6m0000gn/T/swbuild.tmp.Qwrkh9On/Data.noindex/Test/aProject/build/aProject.build/Debug/TargetA.build/Objects-normal/x86_64/TargetA_const_extract_protocols.json"]), Task(forTarget: TargetA, ruleInfo: ["Gate", "target-TargetA-T-TargetA-21785--entry"]), Task(forTarget: TargetA, ruleInfo: ["WriteAuxiliaryFile", "/private/var/folders/xr/m5_5rlsd6l9fk2w4ngj13k6m0000gn/T/swbuild.tmp.Qwrkh9On/Data.noindex/Test/aProject/build/aProject.build/Debug/TargetA.build/TargetA.DependencyMetadataFileList"]), Task(forTarget: TargetA, ruleInfo: ["Copy", "/private/var/folders/xr/m5_5rlsd6l9fk2w4ngj13k6m0000gn/T/swbuild.tmp.Qwrkh9On/Data.noindex/Test/aProject/build/Debug/TargetA.framework/Versions/A/Modules/TargetA.swiftmodule/x86_64-apple-macos.swiftmodule", "/private/var/folders/xr/m5_5rlsd6l9fk2w4ngj13k6m0000gn/T/swbuild.tmp.Qwrkh9On/Data.noindex/Test/aProject/build/aProject.build/Debug/TargetA.build/Objects-normal/x86_64/TargetA.swiftmodule"]), Task(forTarget: <none>, ruleInfo: ["Gate", "target-TargetB-T-TargetB-21793--Barrier-RegisterProduct"]), Task(forTarget: TargetB, ruleInfo: ["SwiftDriver Compilation Requirements", "TargetB", "normal", "x86_64", "com.apple.xcode.tools.swift.compiler"]), Task(forTarget: <none>, ruleInfo: ["Gate", "target-TargetB-T-TargetB-21793--StubBinaryTaskProducer"]), Task(forTarget: TargetB, ruleInfo: ["Gate", "target-TargetB-T-TargetB-21793--entry"]), Task(forTarget: <none>, ruleInfo: ["SwiftExplicitDependencyCompileModuleFromInterface", "x86_64", "/private/var/folders/xr/m5_5rlsd6l9fk2w4ngj13k6m0000gn/T/swbuild.tmp.Qwrkh9On/Data.noindex/Test/aProject/build/SwiftExplicitPrecompiledModules/Swift-1039YR9EBE61.swiftmodule"]), Task(forTarget: <none>, ruleInfo: ["Gate", "target-TargetB-T-TargetB-21793--GenerateAppPlaygroundAssetCatalogTaskProducer"]), Task(forTarget: TargetB, ruleInfo: ["Gate", "target-TargetB-T-TargetB-21793--begin-linking"]), Task(forTarget: TargetA, ruleInfo: ["WriteAuxiliaryFile", "/private/var/folders/xr/m5_5rlsd6l9fk2w4ngj13k6m0000gn/T/swbuild.tmp.Qwrkh9On/Data.noindex/Test/aProject/build/aProject.build/Debug/TargetA.build/Objects-normal/x86_64/TargetA-OutputFileMap.json"]), Task(forTarget: TargetB, ruleInfo: ["WriteAuxiliaryFile", "/private/var/folders/xr/m5_5rlsd6l9fk2w4ngj13k6m0000gn/T/swbuild.tmp.Qwrkh9On/Data.noindex/Test/aProject/build/aProject.build/Debug/TargetB.build/TargetB.DependencyMetadataFileList"]), Task(forTarget: TargetB, ruleInfo: ["WriteAuxiliaryFile", "/private/var/folders/xr/m5_5rlsd6l9fk2w4ngj13k6m0000gn/T/swbuild.tmp.Qwrkh9On/Data.noindex/Test/aProject/build/aProject.build/Debug/TargetB.build/TargetB.hmap"]), Task(forTarget: <none>, ruleInfo: ["CreateBuildDirectory", "/private/var/folders/xr/m5_5rlsd6l9fk2w4ngj13k6m0000gn/T/swbuild.tmp.Qwrkh9On/Data.noindex/Test/aProject/build/SharedPrecompiledHeaders"]), Task(forTarget: TargetA, ruleInfo: ["Gate", "target-TargetA-T-TargetA-21785--unsigned-product-ready"]), Task(forTarget: TargetA, ruleInfo: ["Gate", "target-TargetA-T-TargetA-21785--will-sign"]), Task(forTarget: TargetB, ruleInfo: ["Copy", "/private/var/folders/xr/m5_5rlsd6l9fk2w4ngj13k6m0000gn/T/swbuild.tmp.Qwrkh9On/Data.noindex/Test/aProject/build/Debug/TargetB.framework/Versions/A/Modules/TargetB.swiftmodule/Project/x86_64-apple-macos.swiftsourceinfo", "/private/var/folders/xr/m5_5rlsd6l9fk2w4ngj13k6m0000gn/T/swbuild.tmp.Qwrkh9On/Data.noindex/Test/aProject/build/aProject.build/Debug/TargetB.build/Objects-normal/x86_64/TargetB.swiftsourceinfo"]), Task(forTarget: TargetA, ruleInfo: ["WriteAuxiliaryFile", "/private/var/folders/xr/m5_5rlsd6l9fk2w4ngj13k6m0000gn/T/swbuild.tmp.Qwrkh9On/Data.noindex/Test/aProject/build/aProject.build/Debug/TargetA.build/TargetA-generated-files.hmap"]), Task(forTarget: TargetA, ruleInfo: ["Gate", "target-TargetA-T-TargetA-21785--linker-inputs-ready"]), Task(forTarget: <none>, ruleInfo: ["Gate", "target-TargetB-T-TargetB-21793--Barrier-GenerateStubAPI"]), Task(forTarget: <none>, ruleInfo: ["Gate", "target-TargetA-T-TargetA-21785--ModuleVerifierTaskProducer"]), Task(forTarget: <none>, ruleInfo: ["Gate", "target-TargetB-T-TargetB-21793--SwiftFrameworkABICheckerTaskProducer"]), Task(forTarget: TargetB, ruleInfo: ["Gate", "target-TargetB-T-TargetB-21793--end"]), Task(forTarget: TargetB, ruleInfo: ["WriteAuxiliaryFile", "/private/var/folders/xr/m5_5rlsd6l9fk2w4ngj13k6m0000gn/T/swbuild.tmp.Qwrkh9On/Data.noindex/Test/aProject/build/aProject.build/Debug/TargetB.build/TargetB-all-target-headers.hmap"]), Task(forTarget: <none>, ruleInfo: ["SwiftExplicitDependencyGeneratePcm", "x86_64", "/private/var/folders/xr/m5_5rlsd6l9fk2w4ngj13k6m0000gn/T/swbuild.tmp.Qwrkh9On/Data.noindex/Test/aProject/build/SwiftExplicitPrecompiledModules/_SwiftConcurrencyShims-BUR8XM1R06AS02RWV63HPG1KR.pcm"]), Task(forTarget: <none>, ruleInfo: ["Gate", "target-TargetB-T-TargetB-21793--Barrier-ChangePermissions"]), Task(forTarget: <none>, ruleInfo: ["Gate", "target-TargetB-T-TargetB-21793--Barrier-CodeSign"]), Task(forTarget: TargetB, ruleInfo: ["Touch", "/private/var/folders/xr/m5_5rlsd6l9fk2w4ngj13k6m0000gn/T/swbuild.tmp.Qwrkh9On/Data.noindex/Test/aProject/build/Debug/TargetB.framework"]), Task(forTarget: <none>, ruleInfo: ["Gate", "target-TargetB-T-TargetB-21793--Barrier-StripSymbols"]), Task(forTarget: TargetB, ruleInfo: ["WriteAuxiliaryFile", "/private/var/folders/xr/m5_5rlsd6l9fk2w4ngj13k6m0000gn/T/swbuild.tmp.Qwrkh9On/Data.noindex/Test/aProject/build/aProject.build/Debug/TargetB.build/Objects-normal/x86_64/TargetB-OutputFileMap.json"]), Task(forTarget: TargetB, ruleInfo: ["GenerateTAPI", "/private/var/folders/xr/m5_5rlsd6l9fk2w4ngj13k6m0000gn/T/swbuild.tmp.Qwrkh9On/Data.noindex/Test/aProject/build/EagerLinkingTBDs/Debug/TargetB.framework/Versions/A/TargetB.tbd"]), Task(forTarget: TargetB, ruleInfo: ["SwiftEmitModule", "normal", "x86_64", "Emitting module for TargetB"]), Task(forTarget: TargetB, ruleInfo: ["MkDir", "/private/var/folders/xr/m5_5rlsd6l9fk2w4ngj13k6m0000gn/T/swbuild.tmp.Qwrkh9On/Data.noindex/Test/aProject/build/Debug/TargetB.framework/Versions"]), Task(forTarget: TargetA, ruleInfo: ["WriteAuxiliaryFile", "/private/var/folders/xr/m5_5rlsd6l9fk2w4ngj13k6m0000gn/T/swbuild.tmp.Qwrkh9On/Data.noindex/Test/aProject/build/aProject.build/Debug/TargetA.build/Objects-normal/x86_64/TargetA.SwiftFileList"]), Task(forTarget: TargetB, ruleInfo: ["ExtractAppIntentsMetadata"]), Task(forTarget: <none>, ruleInfo: ["Gate", "target-TargetB-T-TargetB-21793--ProductStructureTaskProducer"]), Task(forTarget: <none>, ruleInfo: ["Gate", "target-TargetB-T-TargetB-21793--HeadermapTaskProducer"]), Task(forTarget: <none>, ruleInfo: ["CreateBuildDirectory", "/private/var/folders/xr/m5_5rlsd6l9fk2w4ngj13k6m0000gn/T/swbuild.tmp.Qwrkh9On/Data.noindex/Test/aProject/build/Debug"]), Task(forTarget: TargetA, ruleInfo: ["WriteAuxiliaryFile", "/private/var/folders/xr/m5_5rlsd6l9fk2w4ngj13k6m0000gn/T/swbuild.tmp.Qwrkh9On/Data.noindex/Test/aProject/build/aProject.build/Debug/TargetA.build/TargetA.DependencyStaticMetadataFileList"]), Task(forTarget: <none>, ruleInfo: ["Gate", "target-TargetB-T-TargetB-21793--ExtensionPointExtractorTaskProducer"]), Task(forTarget: <none>, ruleInfo: ["Gate", "target-TargetB-T-TargetB-21793--SwiftStandardLibrariesTaskProducer"]), Task(forTarget: TargetA, ruleInfo: ["Copy", "/private/var/folders/xr/m5_5rlsd6l9fk2w4ngj13k6m0000gn/T/swbuild.tmp.Qwrkh9On/Data.noindex/Test/aProject/build/Debug/TargetA.framework/Versions/A/Modules/TargetA.swiftmodule/x86_64-apple-macos.abi.json", "/private/var/folders/xr/m5_5rlsd6l9fk2w4ngj13k6m0000gn/T/swbuild.tmp.Qwrkh9On/Data.noindex/Test/aProject/build/aProject.build/Debug/TargetA.build/Objects-normal/x86_64/TargetA.abi.json"]), Task(forTarget: <none>, ruleInfo: ["CreateBuildDirectory", "/private/var/folders/xr/m5_5rlsd6l9fk2w4ngj13k6m0000gn/T/swbuild.tmp.Qwrkh9On/Data.noindex/Test/aProject/build/ExplicitPrecompiledModules"]), Task(forTarget: TargetB, ruleInfo: ["Gate", "target-TargetB-T-TargetB-21793--immediate"]), Task(forTarget: <none>, ruleInfo: ["Gate", "target-TargetA-T-TargetA-21785--AppExtensionInfoPlistGeneratorTaskProducer"]), Task(forTarget: TargetB, ruleInfo: ["SymLink", "/private/var/folders/xr/m5_5rlsd6l9fk2w4ngj13k6m0000gn/T/swbuild.tmp.Qwrkh9On/Data.noindex/Test/aProject/build/Debug/TargetB.framework/Modules", "Versions/Current/Modules"]), Task(forTarget: <none>, ruleInfo: ["Gate", "target-TargetA-T-TargetA-21785--swift-generated-headers"]), Task(forTarget: <none>, ruleInfo: ["Gate", "target-TargetB-T-TargetB-21793--InfoPlistTaskProducer"]), Task(forTarget: <none>, ruleInfo: ["Gate", "target-TargetB-T-TargetB-21793--AppExtensionInfoPlistGeneratorTaskProducer"]), Task(forTarget: TargetB, ruleInfo: ["SwiftDriver", "TargetB", "normal", "x86_64", "com.apple.xcode.tools.swift.compiler"]), Task(forTarget: <none>, ruleInfo: ["Gate", "target-TargetA-T-TargetA-21785--CopySwiftPackageResourcesTaskProducer"]), Task(forTarget: <none>, ruleInfo: ["Gate", "target-TargetA-T-TargetA-21785--ProductStructureTaskProducer"]), Task(forTarget: TargetA, ruleInfo: ["SymLink", "/private/var/folders/xr/m5_5rlsd6l9fk2w4ngj13k6m0000gn/T/swbuild.tmp.Qwrkh9On/Data.noindex/Test/aProject/build/Debug/TargetA.framework/Versions/Current", "A"]), Task(forTarget: TargetA, ruleInfo: ["SwiftMergeGeneratedHeaders", "/private/var/folders/xr/m5_5rlsd6l9fk2w4ngj13k6m0000gn/T/swbuild.tmp.Qwrkh9On/Data.noindex/Test/aProject/build/Debug/TargetA.framework/Versions/A/Headers/TargetA-Swift.h", "/private/var/folders/xr/m5_5rlsd6l9fk2w4ngj13k6m0000gn/T/swbuild.tmp.Qwrkh9On/Data.noindex/Test/aProject/build/aProject.build/Debug/TargetA.build/Objects-normal/x86_64/TargetA-Swift.h"]), Task(forTarget: <none>, ruleInfo: ["Gate", "target-TargetA-T-TargetA-21785--ProductPostprocessingTaskProducer"]), Task(forTarget: TargetB, ruleInfo: ["Copy", "/private/var/folders/xr/m5_5rlsd6l9fk2w4ngj13k6m0000gn/T/swbuild.tmp.Qwrkh9On/Data.noindex/Test/aProject/build/Debug/TargetB.framework/Versions/A/Modules/TargetB.swiftmodule/x86_64-apple-macos.swiftdoc", "/private/var/folders/xr/m5_5rlsd6l9fk2w4ngj13k6m0000gn/T/swbuild.tmp.Qwrkh9On/Data.noindex/Test/aProject/build/aProject.build/Debug/TargetB.build/Objects-normal/x86_64/TargetB.swiftdoc"]), Task(forTarget: <none>, ruleInfo: ["Gate", "target-TargetA-T-TargetA-21785--DocumentationTaskProducer"]), Task(forTarget: TargetB, ruleInfo: ["SymLink", "/private/var/folders/xr/m5_5rlsd6l9fk2w4ngj13k6m0000gn/T/swbuild.tmp.Qwrkh9On/Data.noindex/Test/aProject/build/Debug/TargetB.framework/Versions/Current", "A"]), Task(forTarget: <none>, ruleInfo: ["Gate", "target-TargetA-T-TargetA-21785--InfoPlistTaskProducer"]), Task(forTarget: <none>, ruleInfo: ["CreateBuildDirectory", "/private/var/folders/xr/m5_5rlsd6l9fk2w4ngj13k6m0000gn/T/swbuild.tmp.Qwrkh9On/Data.noindex/Test/aProject/build"]), Task(forTarget: <none>, ruleInfo: ["Gate", "target-TargetA-T-TargetA-21785--SwiftABIBaselineGenerationTaskProducer"]), Task(forTarget: TargetA, ruleInfo: ["SwiftDriver Compilation", "TargetA", "normal", "x86_64", "com.apple.xcode.tools.swift.compiler"]), Task(forTarget: TargetB, ruleInfo: ["SwiftMergeGeneratedHeaders", "/private/var/folders/xr/m5_5rlsd6l9fk2w4ngj13k6m0000gn/T/swbuild.tmp.Qwrkh9On/Data.noindex/Test/aProject/build/Debug/TargetB.framework/Versions/A/Headers/TargetB-Swift.h", "/private/var/folders/xr/m5_5rlsd6l9fk2w4ngj13k6m0000gn/T/swbuild.tmp.Qwrkh9On/Data.noindex/Test/aProject/build/aProject.build/Debug/TargetB.build/Objects-normal/x86_64/TargetB-Swift.h"]), Task(forTarget: TargetB, ruleInfo: ["Ld", "/private/var/folders/xr/m5_5rlsd6l9fk2w4ngj13k6m0000gn/T/swbuild.tmp.Qwrkh9On/Data.noindex/Test/aProject/build/Debug/TargetB.framework/Versions/A/TargetB", "normal"]), Task(forTarget: TargetB, ruleInfo: ["WriteAuxiliaryFile", "/private/var/folders/xr/m5_5rlsd6l9fk2w4ngj13k6m0000gn/T/swbuild.tmp.Qwrkh9On/Data.noindex/Test/aProject/build/aProject.build/Debug/TargetB.build/TargetB-all-non-framework-target-headers.hmap"]), Task(forTarget: <none>, ruleInfo: ["Gate", "target-TargetA-T-TargetA-21785--TAPISymbolExtractorTaskProducer"]), Task(forTarget: <none>, ruleInfo: ["SwiftExplicitDependencyCompileModuleFromInterface", "x86_64", "/private/var/folders/xr/m5_5rlsd6l9fk2w4ngj13k6m0000gn/T/swbuild.tmp.Qwrkh9On/Data.noindex/Test/aProject/build/SwiftExplicitPrecompiledModules/_Concurrency-2W8LU3DF58RLX.swiftmodule"]), Task(forTarget: <none>, ruleInfo: ["Gate", "target-TargetB-T-TargetB-21793--Barrier-ChangeAlternatePermissions"]), Task(forTarget: <none>, ruleInfo: ["Gate", "target-TargetA-T-TargetA-21785--SwiftPackageCopyFilesTaskProducer"]), Task(forTarget: <none>, ruleInfo: ["Gate", "target-TargetA-T-TargetA-21785--copy-headers-completion"]), Task(forTarget: <none>, ruleInfo: ["Gate", "WorkspaceHeaderMapVFSFilesWritten"]), Task(forTarget: TargetA, ruleInfo: ["Gate", "target-TargetA-T-TargetA-21785--modules-ready"]), Task(forTarget: <none>, ruleInfo: ["Gate", "target-TargetB-T-TargetB-21793--SanitizerTaskProducer"]), Task(forTarget: <none>, ruleInfo: ["Gate", "target-TargetA-T-TargetA-21785--Barrier-ChangeAlternatePermissions"]), Task(forTarget: TargetB, ruleInfo: ["SymLink", "/private/var/folders/xr/m5_5rlsd6l9fk2w4ngj13k6m0000gn/T/swbuild.tmp.Qwrkh9On/Data.noindex/Test/aProject/build/Debug/TargetB.framework/Headers", "Versions/Current/Headers"]), Task(forTarget: <none>, ruleInfo: ["CreateBuildDirectory", "/var/folders/xr/m5_5rlsd6l9fk2w4ngj13k6m0000gn/C/com.apple.DeveloperTools/26.4.1-17E202/Xcode/CompilationCache.noindex"]), Task(forTarget: <none>, ruleInfo: ["Gate", "target-TargetA-T-TargetA-21785--CustomTaskProducer"]), Task(forTarget: <none>, ruleInfo: ["Gate", "target-TargetA-T-TargetA-21785--AppIntentsMetadataTaskProducer"]), Task(forTarget: TargetB, ruleInfo: ["Copy", "/private/var/folders/xr/m5_5rlsd6l9fk2w4ngj13k6m0000gn/T/swbuild.tmp.Qwrkh9On/Data.noindex/Test/aProject/build/Debug/TargetB.framework/Versions/A/Modules/TargetB.swiftmodule/x86_64-apple-macos.abi.json", "/private/var/folders/xr/m5_5rlsd6l9fk2w4ngj13k6m0000gn/T/swbuild.tmp.Qwrkh9On/Data.noindex/Test/aProject/build/aProject.build/Debug/TargetB.build/Objects-normal/x86_64/TargetB.abi.json"]), Task(forTarget: <none>, ruleInfo: ["Gate", "target-TargetA-T-TargetA-21785--TestHostTaskProducer"]), Task(forTarget: TargetB, ruleInfo: ["WriteAuxiliaryFile", "/private/var/folders/xr/m5_5rlsd6l9fk2w4ngj13k6m0000gn/T/swbuild.tmp.Qwrkh9On/Data.noindex/Test/aProject/build/aProject.build/Debug/TargetB.build/Objects-normal/x86_64/TargetB.LinkFileList"]), Task(forTarget: <none>, ruleInfo: ["Gate", "target-TargetA-T-TargetA-21785--TestTargetPostprocessingTaskProducer"]), Task(forTarget: <none>, ruleInfo: ["Gate", "target-TargetA-T-TargetA-21785--Barrier-GenerateStubAPI"]), Task(forTarget: TargetB, ruleInfo: ["Gate", "target-TargetB-T-TargetB-21793--will-sign"]), Task(forTarget: <none>, ruleInfo: ["Gate", "target-TargetA-T-TargetA-21785--generated-headers"]), Task(forTarget: <none>, ruleInfo: ["Gate", "target-TargetB-T-TargetB-21793--Barrier-RegisterExecutionPolicyException"]), Task(forTarget: TargetB, ruleInfo: ["SymLink", "/private/var/folders/xr/m5_5rlsd6l9fk2w4ngj13k6m0000gn/T/swbuild.tmp.Qwrkh9On/Data.noindex/Test/aProject/build/EagerLinkingTBDs/Debug/TargetB.framework/TargetB.tbd", "/private/var/folders/xr/m5_5rlsd6l9fk2w4ngj13k6m0000gn/T/swbuild.tmp.Qwrkh9On/Data.noindex/Test/aProject/build/EagerLinkingTBDs/Debug/TargetB.framework/Versions/A/TargetB.tbd"]), Task(forTarget: TargetB, ruleInfo: ["WriteAuxiliaryFile", "/private/var/folders/xr/m5_5rlsd6l9fk2w4ngj13k6m0000gn/T/swbuild.tmp.Qwrkh9On/Data.noindex/Test/aProject/build/aProject.build/Debug/TargetB.build/TargetB-own-target-headers.hmap"]), Task(forTarget: TargetB, ruleInfo: ["WriteAuxiliaryFile", "/private/var/folders/xr/m5_5rlsd6l9fk2w4ngj13k6m0000gn/T/swbuild.tmp.Qwrkh9On/Data.noindex/Test/aProject/build/aProject.build/Debug/TargetB.build/TargetB-project-headers.hmap"]), Task(forTarget: <none>, ruleInfo: ["Gate", "target-TargetB-T-TargetB-21793--DocumentationTaskProducer"]), Task(forTarget: <none>, ruleInfo: ["Gate", "target-TargetA-T-TargetA-21785--TestEntryPointTaskProducerFactory"]), Task(forTarget: <none>, ruleInfo: ["Gate", "target-TargetA-T-TargetA-21785--TestTargetTaskProducer"]), Task(forTarget: TargetA, ruleInfo: ["Touch", "/private/var/folders/xr/m5_5rlsd6l9fk2w4ngj13k6m0000gn/T/swbuild.tmp.Qwrkh9On/Data.noindex/Test/aProject/build/Debug/TargetA.framework"]), Task(forTarget: <none>, ruleInfo: ["Gate", "target-TargetA-T-TargetA-21785--HeadermapTaskProducer"]), Task(forTarget: <none>, ruleInfo: ["Gate", "target-TargetB-T-TargetB-21793--fused-phase0-compile-sources&link-binary"]), Task(forTarget: TargetB, ruleInfo: ["WriteAuxiliaryFile", "/private/var/folders/xr/m5_5rlsd6l9fk2w4ngj13k6m0000gn/T/swbuild.tmp.Qwrkh9On/Data.noindex/Test/aProject/build/aProject.build/Debug/TargetB.build/TargetB.DependencyStaticMetadataFileList"]), Task(forTarget: <none>, ruleInfo: ["Gate", "target-TargetB-T-TargetB-21793--TestTargetTaskProducer"]), Task(forTarget: <none>, ruleInfo: ["Gate", "target-TargetA-T-TargetA-21785--RealityAssetsTaskProducer"]), Task(forTarget: <none>, ruleInfo: ["Gate", "target-TargetB-T-TargetB-21793--CustomTaskProducer"]), Task(forTarget: TargetB, ruleInfo: ["RegisterExecutionPolicyException", "/private/var/folders/xr/m5_5rlsd6l9fk2w4ngj13k6m0000gn/T/swbuild.tmp.Qwrkh9On/Data.noindex/Test/aProject/build/Debug/TargetB.framework"]), Task(forTarget: TargetA, ruleInfo: ["WriteAuxiliaryFile", "/private/var/folders/xr/m5_5rlsd6l9fk2w4ngj13k6m0000gn/T/swbuild.tmp.Qwrkh9On/Data.noindex/Test/aProject/build/aProject.build/Debug/TargetA.build/TargetA-all-non-framework-target-headers.hmap"]), Task(forTarget: TargetB, ruleInfo: ["SwiftCompile", "normal", "x86_64", "Compiling fileB1.swift", "/private/var/folders/xr/m5_5rlsd6l9fk2w4ngj13k6m0000gn/T/swbuild.tmp.Qwrkh9On/Data.noindex/Test/aProject/Sources/fileB1.swift"]), Task(forTarget: <none>, ruleInfo: ["Gate", "target-TargetA-T-TargetA-21785--Barrier-CodeSign"]), Task(forTarget: <none>, ruleInfo: ["Gate", "target-TargetB-T-TargetB-21793--AppIntentsMetadataTaskProducer"]), Task(forTarget: TargetB, ruleInfo: ["Gate", "target-TargetB-T-TargetB-21793--unsigned-product-ready"]), Task(forTarget: TargetA, ruleInfo: ["SwiftDriver", "TargetA", "normal", "x86_64", "com.apple.xcode.tools.swift.compiler"]), Task(forTarget: TargetA, ruleInfo: ["Gate", "target-TargetA-T-TargetA-21785--end"]), Task(forTarget: TargetA, ruleInfo: ["Gate", "target-TargetA-T-TargetA-21785--begin-scanning"]), Task(forTarget: TargetB, ruleInfo: ["WriteAuxiliaryFile", "/private/var/folders/xr/m5_5rlsd6l9fk2w4ngj13k6m0000gn/T/swbuild.tmp.Qwrkh9On/Data.noindex/Test/aProject/build/aProject.build/Debug/TargetB.build/Objects-normal/x86_64/TargetB_const_extract_protocols.json"]), Task(forTarget: <none>, ruleInfo: ["Gate", "target-TargetA-T-TargetA-21785--StubBinaryTaskProducer"]), Task(forTarget: TargetB, ruleInfo: ["MkDir", "/private/var/folders/xr/m5_5rlsd6l9fk2w4ngj13k6m0000gn/T/swbuild.tmp.Qwrkh9On/Data.noindex/Test/aProject/build/Debug/TargetB.framework/Versions/A"]), Task(forTarget: TargetA, ruleInfo: ["SwiftCompile", "normal", "x86_64", "Compiling fileA2.swift", "/private/var/folders/xr/m5_5rlsd6l9fk2w4ngj13k6m0000gn/T/swbuild.tmp.Qwrkh9On/Data.noindex/Test/aProject/Sources/fileA2.swift"]), Task(forTarget: <none>, ruleInfo: ["Gate", "target-TargetA-T-TargetA-21785--fused-phase0-compile-sources"]), Task(forTarget: <none>, ruleInfo: ["Gate", "target-TargetA-T-TargetA-21785--ModuleMapTaskProducer"]), Task(forTarget: <none>, ruleInfo: ["Gate", "target-TargetA-T-TargetA-21785--GeneratedFilesTaskProducer"]), Task(forTarget: <none>, ruleInfo: ["Gate", "target-TargetA-T-TargetA-21785--SwiftStandardLibrariesTaskProducer"]), Task(forTarget: TargetA, ruleInfo: ["GenerateTAPI", "/private/var/folders/xr/m5_5rlsd6l9fk2w4ngj13k6m0000gn/T/swbuild.tmp.Qwrkh9On/Data.noindex/Test/aProject/build/EagerLinkingTBDs/Debug/TargetA.framework/Versions/A/TargetA.tbd"]), Task(forTarget: <none>, ruleInfo: ["Gate", "target-TargetA-T-TargetA-21785--Barrier-Validate"]), Task(forTarget: TargetB, ruleInfo: ["WriteAuxiliaryFile", "/private/var/folders/xr/m5_5rlsd6l9fk2w4ngj13k6m0000gn/T/swbuild.tmp.Qwrkh9On/Data.noindex/Test/aProject/build/aProject.build/Debug/TargetB.build/Objects-normal/x86_64/TargetB.SwiftFileList"]), Task(forTarget: TargetA, ruleInfo: ["MkDir", "/private/var/folders/xr/m5_5rlsd6l9fk2w4ngj13k6m0000gn/T/swbuild.tmp.Qwrkh9On/Data.noindex/Test/aProject/build/Debug/TargetA.framework"]), Task(forTarget: <none>, ruleInfo: ["Gate", "target-TargetA-T-TargetA-21785--ExtensionPointExtractorTaskProducer"]), Task(forTarget: TargetA, ruleInfo: ["SymLink", "/private/var/folders/xr/m5_5rlsd6l9fk2w4ngj13k6m0000gn/T/swbuild.tmp.Qwrkh9On/Data.noindex/Test/aProject/build/Debug/TargetA.framework/TargetA", "Versions/Current/TargetA"]), Task(forTarget: TargetA, ruleInfo: ["MkDir", "/private/var/folders/xr/m5_5rlsd6l9fk2w4ngj13k6m0000gn/T/swbuild.tmp.Qwrkh9On/Data.noindex/Test/aProject/build/Debug/TargetA.framework/Versions/A"]), Task(forTarget: <none>, ruleInfo: ["Gate", "target-TargetB-T-TargetB-21793--generated-headers"]), Task(forTarget: <none>, ruleInfo: ["Gate", "target-TargetA-T-TargetA-21785--SwiftFrameworkABICheckerTaskProducer"]), Task(forTarget: TargetB, ruleInfo: ["Gate", "target-TargetB-T-TargetB-21793--modules-ready"]), Task(forTarget: <none>, ruleInfo: ["ClangStatCache", "/Applications/Xcode17E.app/Contents/Developer/Toolchains/XcodeDefault.xctoolchain/usr/bin/clang-stat-cache", "/Applications/Xcode17E.app/Contents/Developer/Platforms/MacOSX.platform/Developer/SDKs/MacOSX26.4.sdk", "/private/var/folders/xr/m5_5rlsd6l9fk2w4ngj13k6m0000gn/T/swbuild.tmp.Qwrkh9On/Data.noindex/Test/SDKStatCaches.noindex/macosx26.4-25E260-95aa6cf8f3effd57bda17e0c125410c0.sdkstatcache"]), Task(forTarget: TargetB, ruleInfo: ["SymLink", "/private/var/folders/xr/m5_5rlsd6l9fk2w4ngj13k6m0000gn/T/swbuild.tmp.Qwrkh9On/Data.noindex/Test/aProject/build/Debug/TargetB.framework/TargetB", "Versions/Current/TargetB"]), Task(forTarget: TargetA, ruleInfo: ["MkDir", "/private/var/folders/xr/m5_5rlsd6l9fk2w4ngj13k6m0000gn/T/swbuild.tmp.Qwrkh9On/Data.noindex/Test/aProject/build/Debug/TargetA.framework/Versions/A/Headers"]), Task(forTarget: <none>, ruleInfo: ["Gate", "target-TargetB-T-TargetB-21793--TestHostTaskProducer"]), Task(forTarget: TargetA, ruleInfo: ["Gate", "target-TargetA-T-TargetA-21785--begin-linking"]), Task(forTarget: <none>, ruleInfo: ["Gate", "target-TargetB-T-TargetB-21793--ModuleMapTaskProducer"]), Task(forTarget: <none>, ruleInfo: ["CreateBuildDirectory", "/private/var/folders/xr/m5_5rlsd6l9fk2w4ngj13k6m0000gn/T/swbuild.tmp.Qwrkh9On/Data.noindex/Test/aProject/build/SwiftExplicitPrecompiledModules"]), Task(forTarget: <none>, ruleInfo: ["Gate", "target-TargetB-T-TargetB-21793--SwiftABIBaselineGenerationTaskProducer"]), Task(forTarget: <none>, ruleInfo: ["Gate", "target-TargetB-T-TargetB-21793--TestTargetPostprocessingTaskProducer"]), Task(forTarget: <none>, ruleInfo: ["CreateBuildDirectory", "/private/var/folders/xr/m5_5rlsd6l9fk2w4ngj13k6m0000gn/T/swbuild.tmp.Qwrkh9On/Data.noindex/Test/aProject/build/EagerLinkingTBDs/Debug"]), Task(forTarget: TargetA, ruleInfo: ["WriteAuxiliaryFile", "/private/var/folders/xr/m5_5rlsd6l9fk2w4ngj13k6m0000gn/T/swbuild.tmp.Qwrkh9On/Data.noindex/Test/aProject/build/aProject.build/Debug/TargetA.build/Objects-normal/x86_64/TargetA.SwiftConstValuesFileList"]), Task(forTarget: <none>, ruleInfo: ["Gate", "target-TargetA-T-TargetA-21785--GenerateAppPlaygroundAssetCatalogTaskProducer"]), Task(forTarget: <none>, ruleInfo: ["WriteAuxiliaryFile", "/private/var/folders/xr/m5_5rlsd6l9fk2w4ngj13k6m0000gn/T/swbuild.tmp.Qwrkh9On/Data.noindex/Test/aProject/build/aProject.build/Debug/aProject-P21796-VFS/all-product-headers.yaml"]), Task(forTarget: <none>, ruleInfo: ["Gate", "target-TargetB-T-TargetB-21793--CopySwiftPackageResourcesTaskProducer"]), Task(forTarget: <none>, ruleInfo: ["Gate", "target-TargetB-T-TargetB-21793--Barrier-CopyAside"]), Task(forTarget: TargetA, ruleInfo: ["WriteAuxiliaryFile", "/private/var/folders/xr/m5_5rlsd6l9fk2w4ngj13k6m0000gn/T/swbuild.tmp.Qwrkh9On/Data.noindex/Test/aProject/build/aProject.build/Debug/TargetA.build/TargetA-project-headers.hmap"]), Task(forTarget: TargetB, ruleInfo: ["MkDir", "/private/var/folders/xr/m5_5rlsd6l9fk2w4ngj13k6m0000gn/T/swbuild.tmp.Qwrkh9On/Data.noindex/Test/aProject/build/Debug/TargetB.framework"]), Task(forTarget: TargetA, ruleInfo: ["SymLink", "/private/var/folders/xr/m5_5rlsd6l9fk2w4ngj13k6m0000gn/T/swbuild.tmp.Qwrkh9On/Data.noindex/Test/aProject/build/Debug/TargetA.framework/Modules", "Versions/Current/Modules"]), Task(forTarget: <none>, ruleInfo: ["SwiftExplicitDependencyCompileModuleFromInterface", "x86_64", "/private/var/folders/xr/m5_5rlsd6l9fk2w4ngj13k6m0000gn/T/swbuild.tmp.Qwrkh9On/Data.noindex/Test/aProject/build/SwiftExplicitPrecompiledModules/_StringProcessing-13GX4EAKQZW8B.swiftmodule"]), Task(forTarget: TargetA, ruleInfo: ["RegisterExecutionPolicyException", "/private/var/folders/xr/m5_5rlsd6l9fk2w4ngj13k6m0000gn/T/swbuild.tmp.Qwrkh9On/Data.noindex/Test/aProject/build/Debug/TargetA.framework"]), Task(forTarget: TargetA, ruleInfo: ["Copy", "/private/var/folders/xr/m5_5rlsd6l9fk2w4ngj13k6m0000gn/T/swbuild.tmp.Qwrkh9On/Data.noindex/Test/aProject/build/Debug/TargetA.framework/Versions/A/Modules/TargetA.swiftmodule/Project/x86_64-apple-macos.swiftsourceinfo", "/private/var/folders/xr/m5_5rlsd6l9fk2w4ngj13k6m0000gn/T/swbuild.tmp.Qwrkh9On/Data.noindex/Test/aProject/build/aProject.build/Debug/TargetA.build/Objects-normal/x86_64/TargetA.swiftsourceinfo"]), Task(forTarget: <none>, ruleInfo: ["Gate", "target-TargetB-T-TargetB-21793--copy-headers-completion"]), Task(forTarget: <none>, ruleInfo: ["Gate", "target-TargetB-T-TargetB-21793--TestEntryPointTaskProducerFactory"]), Task(forTarget: TargetA, ruleInfo: ["Gate", "target-TargetA-T-TargetA-21785--immediate"]), Task(forTarget: <none>, ruleInfo: ["Gate", "target-TargetA-T-TargetA-21785--Barrier-RegisterProduct"]), Task(forTarget: <none>, ruleInfo: ["Gate", "target-TargetB-T-TargetB-21793--Barrier-Validate"]), Task(forTarget: TargetB, ruleInfo: ["Copy", "/private/var/folders/xr/m5_5rlsd6l9fk2w4ngj13k6m0000gn/T/swbuild.tmp.Qwrkh9On/Data.noindex/Test/aProject/build/Debug/TargetB.framework/Versions/A/Modules/TargetB.swiftmodule/x86_64-apple-macos.swiftmodule", "/private/var/folders/xr/m5_5rlsd6l9fk2w4ngj13k6m0000gn/T/swbuild.tmp.Qwrkh9On/Data.noindex/Test/aProject/build/aProject.build/Debug/TargetB.build/Objects-normal/x86_64/TargetB.swiftmodule"]), Task(forTarget: TargetB, ruleInfo: ["WriteAuxiliaryFile", "/private/var/folders/xr/m5_5rlsd6l9fk2w4ngj13k6m0000gn/T/swbuild.tmp.Qwrkh9On/Data.noindex/Test/aProject/build/aProject.build/Debug/TargetB.build/TargetB-generated-files.hmap"]), Task(forTarget: TargetA, ruleInfo: ["Gate", "target-TargetA-T-TargetA-21785--begin-compiling"]), Task(forTarget: TargetA, ruleInfo: ["WriteAuxiliaryFile", "/private/var/folders/xr/m5_5rlsd6l9fk2w4ngj13k6m0000gn/T/swbuild.tmp.Qwrkh9On/Data.noindex/Test/aProject/build/aProject.build/Debug/TargetA.build/TargetA.hmap"]), Task(forTarget: TargetA, ruleInfo: ["SwiftEmitModule", "normal", "x86_64", "Emitting module for TargetA"]), Task(forTarget: TargetB, ruleInfo: ["Gate", "target-TargetB-T-TargetB-21793--begin-compiling"]), Task(forTarget: <none>, ruleInfo: ["Gate", "target-TargetB-T-TargetB-21793--SwiftPackageCopyFilesTaskProducer"]), Task(forTarget: <none>, ruleInfo: ["Gate", "target-TargetA-T-TargetA-21785--SanitizerTaskProducer"]), Task(forTarget: TargetA, ruleInfo: ["WriteAuxiliaryFile", "/private/var/folders/xr/m5_5rlsd6l9fk2w4ngj13k6m0000gn/T/swbuild.tmp.Qwrkh9On/Data.noindex/Test/aProject/build/aProject.build/Debug/TargetA.build/TargetA-own-target-headers.hmap"]), Task(forTarget: TargetA, ruleInfo: ["WriteAuxiliaryFile", "/private/var/folders/xr/m5_5rlsd6l9fk2w4ngj13k6m0000gn/T/swbuild.tmp.Qwrkh9On/Data.noindex/Test/aProject/build/aProject.build/Debug/TargetA.build/Objects-normal/x86_64/TargetA.LinkFileList"]), Task(forTarget: TargetA, ruleInfo: ["SwiftCompile", "normal", "x86_64", "Compiling fileA1.swift", "/private/var/folders/xr/m5_5rlsd6l9fk2w4ngj13k6m0000gn/T/swbuild.tmp.Qwrkh9On/Data.noindex/Test/aProject/Sources/fileA1.swift"])]
↳ Occasionally fails in CI due to SwiftExplicitDependencyCompileModuleFromInterface missing from the dependency graph
━ Test swiftEagerCompilationWithExplicitModules() recorded a known issue at SwiftDriverTests.swift:3591:67: Issue recorded
↳ Unexpected dependency for Task(forTarget: TargetA, ruleInfo: ["SwiftCompile", "normal", "x86_64", "Compiling fileA2.swift", "/private/var/folders/xr/m5_5rlsd6l9fk2w4ngj13k6m0000gn/T/swbuild.tmp.Qwrkh9On/Data.noindex/Test/aProject/Sources/fileA2.swift"]): found ::SwiftExplicitDependencyCompileModuleFromInterface x86_64 /private/var/folders/xr/m5_5rlsd6l9fk2w4ngj13k6m0000gn/T/swbuild.tmp.Qwrkh9On/Data.noindex/Test/aProject/build/SwiftExplicitPrecompiledModules/_StringProcessing-13GX4EAKQZW8B.swiftmodule
↳ Occasionally fails in CI due to SwiftExplicitDependencyCompileModuleFromInterface missing from the dependency graph
━ Test swiftEagerCompilationWithExplicitModules() recorded a known issue at SwiftDriverTests.swift:3591:67: Issue recorded
↳ Unexpected dependency for Task(forTarget: TargetA, ruleInfo: ["SwiftCompile", "normal", "x86_64", "Compiling fileA2.swift", "/private/var/folders/xr/m5_5rlsd6l9fk2w4ngj13k6m0000gn/T/swbuild.tmp.Qwrkh9On/Data.noindex/Test/aProject/Sources/fileA2.swift"]): found ::SwiftExplicitDependencyCompileModuleFromInterface x86_64 /private/var/folders/xr/m5_5rlsd6l9fk2w4ngj13k6m0000gn/T/swbuild.tmp.Qwrkh9On/Data.noindex/Test/aProject/build/SwiftExplicitPrecompiledModules/_Concurrency-2W8LU3DF58RLX.swiftmodule
↳ Occasionally fails in CI due to SwiftExplicitDependencyCompileModuleFromInterface missing from the dependency graph
━ Test swiftEagerCompilationWithExplicitModules() recorded a known issue at SwiftDriverTests.swift:3591:67: Issue recorded
↳ Unexpected dependency for Task(forTarget: TargetA, ruleInfo: ["SwiftCompile", "normal", "x86_64", "Compiling fileA2.swift", "/private/var/folders/xr/m5_5rlsd6l9fk2w4ngj13k6m0000gn/T/swbuild.tmp.Qwrkh9On/Data.noindex/Test/aProject/Sources/fileA2.swift"]): found ::SwiftExplicitDependencyCompileModuleFromInterface x86_64 /private/var/folders/xr/m5_5rlsd6l9fk2w4ngj13k6m0000gn/T/swbuild.tmp.Qwrkh9On/Data.noindex/Test/aProject/build/SwiftExplicitPrecompiledModules/Swift-1039YR9EBE61.swiftmodule
↳ Occasionally fails in CI due to SwiftExplicitDependencyCompileModuleFromInterface missing from the dependency graph
━ Test swiftEagerCompilationWithExplicitModules() recorded a known issue at SwiftDriverTests.swift:3591:67: Issue recorded
↳ Unexpected dependency for Task(forTarget: TargetA, ruleInfo: ["SwiftCompile", "normal", "x86_64", "Compiling fileA2.swift", "/private/var/folders/xr/m5_5rlsd6l9fk2w4ngj13k6m0000gn/T/swbuild.tmp.Qwrkh9On/Data.noindex/Test/aProject/Sources/fileA2.swift"]): found ::SwiftExplicitDependencyGeneratePcm x86_64 /private/var/folders/xr/m5_5rlsd6l9fk2w4ngj13k6m0000gn/T/swbuild.tmp.Qwrkh9On/Data.noindex/Test/aProject/build/SwiftExplicitPrecompiledModules/SwiftShims-E7NR5GGR9Z7GY7PSRPSK1C6L1.pcm
↳ Occasionally fails in CI due to SwiftExplicitDependencyCompileModuleFromInterface missing from the dependency graph
━ Test swiftEagerCompilationWithExplicitModules() recorded a known issue at SwiftDriverTests.swift:3591:67: Issue recorded
↳ Unexpected dependency for Task(forTarget: TargetA, ruleInfo: ["SwiftCompile", "normal", "x86_64", "Compiling fileA2.swift", "/private/var/folders/xr/m5_5rlsd6l9fk2w4ngj13k6m0000gn/T/swbuild.tmp.Qwrkh9On/Data.noindex/Test/aProject/Sources/fileA2.swift"]): found ::SwiftExplicitDependencyGeneratePcm x86_64 /private/var/folders/xr/m5_5rlsd6l9fk2w4ngj13k6m0000gn/T/swbuild.tmp.Qwrkh9On/Data.noindex/Test/aProject/build/SwiftExplicitPrecompiledModules/_SwiftConcurrencyShims-BUR8XM1R06AS02RWV63HPG1KR.pcm
↳ Occasionally fails in CI due to SwiftExplicitDependencyCompileModuleFromInterface missing from the dependency graph
━ Test swiftEagerCompilationWithExplicitModules() recorded a known issue at SwiftDriverTests.swift:3597:55: Issue recorded
↳ Task Task(forTarget: TargetA, ruleInfo: ["SwiftEmitModule", "normal", "x86_64", "Emitting module for TargetA"]) does not follow any tasks matching [Rule matches [SWBTestSupport.StringPattern.equal("SwiftExplicitDependencyCompileModuleFromInterface"), SWBTestSupport.StringPattern.equal("normal"), SWBTestSupport.StringPattern.equal("x86_64"), SWBTestSupport.StringPattern.contains("Swift-")]]. Found: [] in [Task(forTarget: TargetA, ruleInfo: ["Ld", "/private/var/folders/xr/m5_5rlsd6l9fk2w4ngj13k6m0000gn/T/swbuild.tmp.Qwrkh9On/Data.noindex/Test/aProject/build/Debug/TargetA.framework/Versions/A/TargetA", "normal"]), Task(forTarget: <none>, ruleInfo: ["Gate", "target-TargetA-T-TargetA-21785--Barrier-RegisterExecutionPolicyException"]), Task(forTarget: TargetA, ruleInfo: ["MkDir", "/private/var/folders/xr/m5_5rlsd6l9fk2w4ngj13k6m0000gn/T/swbuild.tmp.Qwrkh9On/Data.noindex/Test/aProject/build/Debug/TargetA.framework/Versions"]), Task(forTarget: TargetA, ruleInfo: ["SymLink", "/private/var/folders/xr/m5_5rlsd6l9fk2w4ngj13k6m0000gn/T/swbuild.tmp.Qwrkh9On/Data.noindex/Test/aProject/build/EagerLinkingTBDs/Debug/TargetA.framework/TargetA.tbd", "/private/var/folders/xr/m5_5rlsd6l9fk2w4ngj13k6m0000gn/T/swbuild.tmp.Qwrkh9On/Data.noindex/Test/aProject/build/EagerLinkingTBDs/Debug/TargetA.framework/Versions/A/TargetA.tbd"]), Task(forTarget: <none>, ruleInfo: ["Gate", "target-TargetB-T-TargetB-21793--GeneratedFilesTaskProducer"]), Task(forTarget: TargetA, ruleInfo: ["ExtractAppIntentsMetadata"]), Task(forTarget: TargetB, ruleInfo: ["MkDir", "/private/var/folders/xr/m5_5rlsd6l9fk2w4ngj13k6m0000gn/T/swbuild.tmp.Qwrkh9On/Data.noindex/Test/aProject/build/Debug/TargetB.framework/Versions/A/Headers"]), Task(forTarget: <none>, ruleInfo: ["Gate", "target-TargetA-T-TargetA-21785--Barrier-StripSymbols"]), Task(forTarget: TargetB, ruleInfo: ["SwiftDriver Compilation", "TargetB", "normal", "x86_64", "com.apple.xcode.tools.swift.compiler"]), Task(forTarget: TargetB, ruleInfo: ["WriteAuxiliaryFile", "/private/var/folders/xr/m5_5rlsd6l9fk2w4ngj13k6m0000gn/T/swbuild.tmp.Qwrkh9On/Data.noindex/Test/aProject/build/aProject.build/Debug/TargetB.build/Objects-normal/x86_64/TargetB.SwiftConstValuesFileList"]), Task(forTarget: <none>, ruleInfo: ["Gate", "target-TargetB-T-TargetB-21793--TAPISymbolExtractorTaskProducer"]), Task(forTarget: <none>, ruleInfo: ["Gate", "target-TargetB-T-TargetB-21793--swift-generated-headers"]), Task(forTarget: <none>, ruleInfo: ["Gate", "target-TargetB-T-TargetB-21793--ProductPostprocessingTaskProducer"]), Task(forTarget: <none>, ruleInfo: ["Gate", "target-TargetB-T-TargetB-21793--RealityAssetsTaskProducer"]), Task(forTarget: <none>, ruleInfo: ["Gate", "target-TargetA-T-TargetA-21785--Barrier-CopyAside"]), Task(forTarget: <none>, ruleInfo: ["SwiftExplicitDependencyGeneratePcm", "x86_64", "/private/var/folders/xr/m5_5rlsd6l9fk2w4ngj13k6m0000gn/T/swbuild.tmp.Qwrkh9On/Data.noindex/Test/aProject/build/SwiftExplicitPrecompiledModules/SwiftShims-E7NR5GGR9Z7GY7PSRPSK1C6L1.pcm"]), Task(forTarget: TargetA, ruleInfo: ["Copy", "/private/var/folders/xr/m5_5rlsd6l9fk2w4ngj13k6m0000gn/T/swbuild.tmp.Qwrkh9On/Data.noindex/Test/aProject/build/Debug/TargetA.framework/Versions/A/Modules/TargetA.swiftmodule/x86_64-apple-macos.swiftdoc", "/private/var/folders/xr/m5_5rlsd6l9fk2w4ngj13k6m0000gn/T/swbuild.tmp.Qwrkh9On/Data.noindex/Test/aProject/build/aProject.build/Debug/TargetA.build/Objects-normal/x86_64/TargetA.swiftdoc"]), Task(forTarget: TargetB, ruleInfo: ["Gate", "target-TargetB-T-TargetB-21793--begin-scanning"]), Task(forTarget: <none>, ruleInfo: ["Gate", "target-TargetB-T-TargetB-21793--ModuleVerifierTaskProducer"]), Task(forTarget: TargetA, ruleInfo: ["SymLink", "/private/var/folders/xr/m5_5rlsd6l9fk2w4ngj13k6m0000gn/T/swbuild.tmp.Qwrkh9On/Data.noindex/Test/aProject/build/Debug/TargetA.framework/Headers", "Versions/Current/Headers"]), Task(forTarget: TargetB, ruleInfo: ["SwiftCompile", "normal", "x86_64", "Compiling fileB2.swift", "/private/var/folders/xr/m5_5rlsd6l9fk2w4ngj13k6m0000gn/T/swbuild.tmp.Qwrkh9On/Data.noindex/Test/aProject/Sources/fileB2.swift"]), Task(forTarget: TargetB, ruleInfo: ["Gate", "target-TargetB-T-TargetB-21793--linker-inputs-ready"]), Task(forTarget: <none>, ruleInfo: ["Gate", "target-TargetA-T-TargetA-21785--Barrier-ChangePermissions"]), Task(forTarget: TargetA, ruleInfo: ["WriteAuxiliaryFile", "/private/var/folders/xr/m5_5rlsd6l9fk2w4ngj13k6m0000gn/T/swbuild.tmp.Qwrkh9On/Data.noindex/Test/aProject/build/aProject.build/Debug/TargetA.build/TargetA-all-target-headers.hmap"]), Task(forTarget: TargetA, ruleInfo: ["SwiftDriver Compilation Requirements", "TargetA", "normal", "x86_64", "com.apple.xcode.tools.swift.compiler"]), Task(forTarget: TargetA, ruleInfo: ["WriteAuxiliaryFile", "/private/var/folders/xr/m5_5rlsd6l9fk2w4ngj13k6m0000gn/T/swbuild.tmp.Qwrkh9On/Data.noindex/Test/aProject/build/aProject.build/Debug/TargetA.build/Objects-normal/x86_64/TargetA_const_extract_protocols.json"]), Task(forTarget: TargetA, ruleInfo: ["Gate", "target-TargetA-T-TargetA-21785--entry"]), Task(forTarget: TargetA, ruleInfo: ["WriteAuxiliaryFile", "/private/var/folders/xr/m5_5rlsd6l9fk2w4ngj13k6m0000gn/T/swbuild.tmp.Qwrkh9On/Data.noindex/Test/aProject/build/aProject.build/Debug/TargetA.build/TargetA.DependencyMetadataFileList"]), Task(forTarget: TargetA, ruleInfo: ["Copy", "/private/var/folders/xr/m5_5rlsd6l9fk2w4ngj13k6m0000gn/T/swbuild.tmp.Qwrkh9On/Data.noindex/Test/aProject/build/Debug/TargetA.framework/Versions/A/Modules/TargetA.swiftmodule/x86_64-apple-macos.swiftmodule", "/private/var/folders/xr/m5_5rlsd6l9fk2w4ngj13k6m0000gn/T/swbuild.tmp.Qwrkh9On/Data.noindex/Test/aProject/build/aProject.build/Debug/TargetA.build/Objects-normal/x86_64/TargetA.swiftmodule"]), Task(forTarget: <none>, ruleInfo: ["Gate", "target-TargetB-T-TargetB-21793--Barrier-RegisterProduct"]), Task(forTarget: TargetB, ruleInfo: ["SwiftDriver Compilation Requirements", "TargetB", "normal", "x86_64", "com.apple.xcode.tools.swift.compiler"]), Task(forTarget: <none>, ruleInfo: ["Gate", "target-TargetB-T-TargetB-21793--StubBinaryTaskProducer"]), Task(forTarget: TargetB, ruleInfo: ["Gate", "target-TargetB-T-TargetB-21793--entry"]), Task(forTarget: <none>, ruleInfo: ["SwiftExplicitDependencyCompileModuleFromInterface", "x86_64", "/private/var/folders/xr/m5_5rlsd6l9fk2w4ngj13k6m0000gn/T/swbuild.tmp.Qwrkh9On/Data.noindex/Test/aProject/build/SwiftExplicitPrecompiledModules/Swift-1039YR9EBE61.swiftmodule"]), Task(forTarget: <none>, ruleInfo: ["Gate", "target-TargetB-T-TargetB-21793--GenerateAppPlaygroundAssetCatalogTaskProducer"]), Task(forTarget: TargetB, ruleInfo: ["Gate", "target-TargetB-T-TargetB-21793--begin-linking"]), Task(forTarget: TargetA, ruleInfo: ["WriteAuxiliaryFile", "/private/var/folders/xr/m5_5rlsd6l9fk2w4ngj13k6m0000gn/T/swbuild.tmp.Qwrkh9On/Data.noindex/Test/aProject/build/aProject.build/Debug/TargetA.build/Objects-normal/x86_64/TargetA-OutputFileMap.json"]), Task(forTarget: TargetB, ruleInfo: ["WriteAuxiliaryFile", "/private/var/folders/xr/m5_5rlsd6l9fk2w4ngj13k6m0000gn/T/swbuild.tmp.Qwrkh9On/Data.noindex/Test/aProject/build/aProject.build/Debug/TargetB.build/TargetB.DependencyMetadataFileList"]), Task(forTarget: TargetB, ruleInfo: ["WriteAuxiliaryFile", "/private/var/folders/xr/m5_5rlsd6l9fk2w4ngj13k6m0000gn/T/swbuild.tmp.Qwrkh9On/Data.noindex/Test/aProject/build/aProject.build/Debug/TargetB.build/TargetB.hmap"]), Task(forTarget: <none>, ruleInfo: ["CreateBuildDirectory", "/private/var/folders/xr/m5_5rlsd6l9fk2w4ngj13k6m0000gn/T/swbuild.tmp.Qwrkh9On/Data.noindex/Test/aProject/build/SharedPrecompiledHeaders"]), Task(forTarget: TargetA, ruleInfo: ["Gate", "target-TargetA-T-TargetA-21785--unsigned-product-ready"]), Task(forTarget: TargetA, ruleInfo: ["Gate", "target-TargetA-T-TargetA-21785--will-sign"]), Task(forTarget: TargetB, ruleInfo: ["Copy", "/private/var/folders/xr/m5_5rlsd6l9fk2w4ngj13k6m0000gn/T/swbuild.tmp.Qwrkh9On/Data.noindex/Test/aProject/build/Debug/TargetB.framework/Versions/A/Modules/TargetB.swiftmodule/Project/x86_64-apple-macos.swiftsourceinfo", "/private/var/folders/xr/m5_5rlsd6l9fk2w4ngj13k6m0000gn/T/swbuild.tmp.Qwrkh9On/Data.noindex/Test/aProject/build/aProject.build/Debug/TargetB.build/Objects-normal/x86_64/TargetB.swiftsourceinfo"]), Task(forTarget: TargetA, ruleInfo: ["WriteAuxiliaryFile", "/private/var/folders/xr/m5_5rlsd6l9fk2w4ngj13k6m0000gn/T/swbuild.tmp.Qwrkh9On/Data.noindex/Test/aProject/build/aProject.build/Debug/TargetA.build/TargetA-generated-files.hmap"]), Task(forTarget: TargetA, ruleInfo: ["Gate", "target-TargetA-T-TargetA-21785--linker-inputs-ready"]), Task(forTarget: <none>, ruleInfo: ["Gate", "target-TargetB-T-TargetB-21793--Barrier-GenerateStubAPI"]), Task(forTarget: <none>, ruleInfo: ["Gate", "target-TargetA-T-TargetA-21785--ModuleVerifierTaskProducer"]), Task(forTarget: <none>, ruleInfo: ["Gate", "target-TargetB-T-TargetB-21793--SwiftFrameworkABICheckerTaskProducer"]), Task(forTarget: TargetB, ruleInfo: ["Gate", "target-TargetB-T-TargetB-21793--end"]), Task(forTarget: TargetB, ruleInfo: ["WriteAuxiliaryFile", "/private/var/folders/xr/m5_5rlsd6l9fk2w4ngj13k6m0000gn/T/swbuild.tmp.Qwrkh9On/Data.noindex/Test/aProject/build/aProject.build/Debug/TargetB.build/TargetB-all-target-headers.hmap"]), Task(forTarget: <none>, ruleInfo: ["SwiftExplicitDependencyGeneratePcm", "x86_64", "/private/var/folders/xr/m5_5rlsd6l9fk2w4ngj13k6m0000gn/T/swbuild.tmp.Qwrkh9On/Data.noindex/Test/aProject/build/SwiftExplicitPrecompiledModules/_SwiftConcurrencyShims-BUR8XM1R06AS02RWV63HPG1KR.pcm"]), Task(forTarget: <none>, ruleInfo: ["Gate", "target-TargetB-T-TargetB-21793--Barrier-ChangePermissions"]), Task(forTarget: <none>, ruleInfo: ["Gate", "target-TargetB-T-TargetB-21793--Barrier-CodeSign"]), Task(forTarget: TargetB, ruleInfo: ["Touch", "/private/var/folders/xr/m5_5rlsd6l9fk2w4ngj13k6m0000gn/T/swbuild.tmp.Qwrkh9On/Data.noindex/Test/aProject/build/Debug/TargetB.framework"]), Task(forTarget: <none>, ruleInfo: ["Gate", "target-TargetB-T-TargetB-21793--Barrier-StripSymbols"]), Task(forTarget: TargetB, ruleInfo: ["WriteAuxiliaryFile", "/private/var/folders/xr/m5_5rlsd6l9fk2w4ngj13k6m0000gn/T/swbuild.tmp.Qwrkh9On/Data.noindex/Test/aProject/build/aProject.build/Debug/TargetB.build/Objects-normal/x86_64/TargetB-OutputFileMap.json"]), Task(forTarget: TargetB, ruleInfo: ["GenerateTAPI", "/private/var/folders/xr/m5_5rlsd6l9fk2w4ngj13k6m0000gn/T/swbuild.tmp.Qwrkh9On/Data.noindex/Test/aProject/build/EagerLinkingTBDs/Debug/TargetB.framework/Versions/A/TargetB.tbd"]), Task(forTarget: TargetB, ruleInfo: ["SwiftEmitModule", "normal", "x86_64", "Emitting module for TargetB"]), Task(forTarget: TargetB, ruleInfo: ["MkDir", "/private/var/folders/xr/m5_5rlsd6l9fk2w4ngj13k6m0000gn/T/swbuild.tmp.Qwrkh9On/Data.noindex/Test/aProject/build/Debug/TargetB.framework/Versions"]), Task(forTarget: TargetA, ruleInfo: ["WriteAuxiliaryFile", "/private/var/folders/xr/m5_5rlsd6l9fk2w4ngj13k6m0000gn/T/swbuild.tmp.Qwrkh9On/Data.noindex/Test/aProject/build/aProject.build/Debug/TargetA.build/Objects-normal/x86_64/TargetA.SwiftFileList"]), Task(forTarget: TargetB, ruleInfo: ["ExtractAppIntentsMetadata"]), Task(forTarget: <none>, ruleInfo: ["Gate", "target-TargetB-T-TargetB-21793--ProductStructureTaskProducer"]), Task(forTarget: <none>, ruleInfo: ["Gate", "target-TargetB-T-TargetB-21793--HeadermapTaskProducer"]), Task(forTarget: <none>, ruleInfo: ["CreateBuildDirectory", "/private/var/folders/xr/m5_5rlsd6l9fk2w4ngj13k6m0000gn/T/swbuild.tmp.Qwrkh9On/Data.noindex/Test/aProject/build/Debug"]), Task(forTarget: TargetA, ruleInfo: ["WriteAuxiliaryFile", "/private/var/folders/xr/m5_5rlsd6l9fk2w4ngj13k6m0000gn/T/swbuild.tmp.Qwrkh9On/Data.noindex/Test/aProject/build/aProject.build/Debug/TargetA.build/TargetA.DependencyStaticMetadataFileList"]), Task(forTarget: <none>, ruleInfo: ["Gate", "target-TargetB-T-TargetB-21793--ExtensionPointExtractorTaskProducer"]), Task(forTarget: <none>, ruleInfo: ["Gate", "target-TargetB-T-TargetB-21793--SwiftStandardLibrariesTaskProducer"]), Task(forTarget: TargetA, ruleInfo: ["Copy", "/private/var/folders/xr/m5_5rlsd6l9fk2w4ngj13k6m0000gn/T/swbuild.tmp.Qwrkh9On/Data.noindex/Test/aProject/build/Debug/TargetA.framework/Versions/A/Modules/TargetA.swiftmodule/x86_64-apple-macos.abi.json", "/private/var/folders/xr/m5_5rlsd6l9fk2w4ngj13k6m0000gn/T/swbuild.tmp.Qwrkh9On/Data.noindex/Test/aProject/build/aProject.build/Debug/TargetA.build/Objects-normal/x86_64/TargetA.abi.json"]), Task(forTarget: <none>, ruleInfo: ["CreateBuildDirectory", "/private/var/folders/xr/m5_5rlsd6l9fk2w4ngj13k6m0000gn/T/swbuild.tmp.Qwrkh9On/Data.noindex/Test/aProject/build/ExplicitPrecompiledModules"]), Task(forTarget: TargetB, ruleInfo: ["Gate", "target-TargetB-T-TargetB-21793--immediate"]), Task(forTarget: <none>, ruleInfo: ["Gate", "target-TargetA-T-TargetA-21785--AppExtensionInfoPlistGeneratorTaskProducer"]), Task(forTarget: TargetB, ruleInfo: ["SymLink", "/private/var/folders/xr/m5_5rlsd6l9fk2w4ngj13k6m0000gn/T/swbuild.tmp.Qwrkh9On/Data.noindex/Test/aProject/build/Debug/TargetB.framework/Modules", "Versions/Current/Modules"]), Task(forTarget: <none>, ruleInfo: ["Gate", "target-TargetA-T-TargetA-21785--swift-generated-headers"]), Task(forTarget: <none>, ruleInfo: ["Gate", "target-TargetB-T-TargetB-21793--InfoPlistTaskProducer"]), Task(forTarget: <none>, ruleInfo: ["Gate", "target-TargetB-T-TargetB-21793--AppExtensionInfoPlistGeneratorTaskProducer"]), Task(forTarget: TargetB, ruleInfo: ["SwiftDriver", "TargetB", "normal", "x86_64", "com.apple.xcode.tools.swift.compiler"]), Task(forTarget: <none>, ruleInfo: ["Gate", "target-TargetA-T-TargetA-21785--CopySwiftPackageResourcesTaskProducer"]), Task(forTarget: <none>, ruleInfo: ["Gate", "target-TargetA-T-TargetA-21785--ProductStructureTaskProducer"]), Task(forTarget: TargetA, ruleInfo: ["SymLink", "/private/var/folders/xr/m5_5rlsd6l9fk2w4ngj13k6m0000gn/T/swbuild.tmp.Qwrkh9On/Data.noindex/Test/aProject/build/Debug/TargetA.framework/Versions/Current", "A"]), Task(forTarget: TargetA, ruleInfo: ["SwiftMergeGeneratedHeaders", "/private/var/folders/xr/m5_5rlsd6l9fk2w4ngj13k6m0000gn/T/swbuild.tmp.Qwrkh9On/Data.noindex/Test/aProject/build/Debug/TargetA.framework/Versions/A/Headers/TargetA-Swift.h", "/private/var/folders/xr/m5_5rlsd6l9fk2w4ngj13k6m0000gn/T/swbuild.tmp.Qwrkh9On/Data.noindex/Test/aProject/build/aProject.build/Debug/TargetA.build/Objects-normal/x86_64/TargetA-Swift.h"]), Task(forTarget: <none>, ruleInfo: ["Gate", "target-TargetA-T-TargetA-21785--ProductPostprocessingTaskProducer"]), Task(forTarget: TargetB, ruleInfo: ["Copy", "/private/var/folders/xr/m5_5rlsd6l9fk2w4ngj13k6m0000gn/T/swbuild.tmp.Qwrkh9On/Data.noindex/Test/aProject/build/Debug/TargetB.framework/Versions/A/Modules/TargetB.swiftmodule/x86_64-apple-macos.swiftdoc", "/private/var/folders/xr/m5_5rlsd6l9fk2w4ngj13k6m0000gn/T/swbuild.tmp.Qwrkh9On/Data.noindex/Test/aProject/build/aProject.build/Debug/TargetB.build/Objects-normal/x86_64/TargetB.swiftdoc"]), Task(forTarget: <none>, ruleInfo: ["Gate", "target-TargetA-T-TargetA-21785--DocumentationTaskProducer"]), Task(forTarget: TargetB, ruleInfo: ["SymLink", "/private/var/folders/xr/m5_5rlsd6l9fk2w4ngj13k6m0000gn/T/swbuild.tmp.Qwrkh9On/Data.noindex/Test/aProject/build/Debug/TargetB.framework/Versions/Current", "A"]), Task(forTarget: <none>, ruleInfo: ["Gate", "target-TargetA-T-TargetA-21785--InfoPlistTaskProducer"]), Task(forTarget: <none>, ruleInfo: ["CreateBuildDirectory", "/private/var/folders/xr/m5_5rlsd6l9fk2w4ngj13k6m0000gn/T/swbuild.tmp.Qwrkh9On/Data.noindex/Test/aProject/build"]), Task(forTarget: <none>, ruleInfo: ["Gate", "target-TargetA-T-TargetA-21785--SwiftABIBaselineGenerationTaskProducer"]), Task(forTarget: TargetA, ruleInfo: ["SwiftDriver Compilation", "TargetA", "normal", "x86_64", "com.apple.xcode.tools.swift.compiler"]), Task(forTarget: TargetB, ruleInfo: ["SwiftMergeGeneratedHeaders", "/private/var/folders/xr/m5_5rlsd6l9fk2w4ngj13k6m0000gn/T/swbuild.tmp.Qwrkh9On/Data.noindex/Test/aProject/build/Debug/TargetB.framework/Versions/A/Headers/TargetB-Swift.h", "/private/var/folders/xr/m5_5rlsd6l9fk2w4ngj13k6m0000gn/T/swbuild.tmp.Qwrkh9On/Data.noindex/Test/aProject/build/aProject.build/Debug/TargetB.build/Objects-normal/x86_64/TargetB-Swift.h"]), Task(forTarget: TargetB, ruleInfo: ["Ld", "/private/var/folders/xr/m5_5rlsd6l9fk2w4ngj13k6m0000gn/T/swbuild.tmp.Qwrkh9On/Data.noindex/Test/aProject/build/Debug/TargetB.framework/Versions/A/TargetB", "normal"]), Task(forTarget: TargetB, ruleInfo: ["WriteAuxiliaryFile", "/private/var/folders/xr/m5_5rlsd6l9fk2w4ngj13k6m0000gn/T/swbuild.tmp.Qwrkh9On/Data.noindex/Test/aProject/build/aProject.build/Debug/TargetB.build/TargetB-all-non-framework-target-headers.hmap"]), Task(forTarget: <none>, ruleInfo: ["Gate", "target-TargetA-T-TargetA-21785--TAPISymbolExtractorTaskProducer"]), Task(forTarget: <none>, ruleInfo: ["SwiftExplicitDependencyCompileModuleFromInterface", "x86_64", "/private/var/folders/xr/m5_5rlsd6l9fk2w4ngj13k6m0000gn/T/swbuild.tmp.Qwrkh9On/Data.noindex/Test/aProject/build/SwiftExplicitPrecompiledModules/_Concurrency-2W8LU3DF58RLX.swiftmodule"]), Task(forTarget: <none>, ruleInfo: ["Gate", "target-TargetB-T-TargetB-21793--Barrier-ChangeAlternatePermissions"]), Task(forTarget: <none>, ruleInfo: ["Gate", "target-TargetA-T-TargetA-21785--SwiftPackageCopyFilesTaskProducer"]), Task(forTarget: <none>, ruleInfo: ["Gate", "target-TargetA-T-TargetA-21785--copy-headers-completion"]), Task(forTarget: <none>, ruleInfo: ["Gate", "WorkspaceHeaderMapVFSFilesWritten"]), Task(forTarget: TargetA, ruleInfo: ["Gate", "target-TargetA-T-TargetA-21785--modules-ready"]), Task(forTarget: <none>, ruleInfo: ["Gate", "target-TargetB-T-TargetB-21793--SanitizerTaskProducer"]), Task(forTarget: <none>, ruleInfo: ["Gate", "target-TargetA-T-TargetA-21785--Barrier-ChangeAlternatePermissions"]), Task(forTarget: TargetB, ruleInfo: ["SymLink", "/private/var/folders/xr/m5_5rlsd6l9fk2w4ngj13k6m0000gn/T/swbuild.tmp.Qwrkh9On/Data.noindex/Test/aProject/build/Debug/TargetB.framework/Headers", "Versions/Current/Headers"]), Task(forTarget: <none>, ruleInfo: ["CreateBuildDirectory", "/var/folders/xr/m5_5rlsd6l9fk2w4ngj13k6m0000gn/C/com.apple.DeveloperTools/26.4.1-17E202/Xcode/CompilationCache.noindex"]), Task(forTarget: <none>, ruleInfo: ["Gate", "target-TargetA-T-TargetA-21785--CustomTaskProducer"]), Task(forTarget: <none>, ruleInfo: ["Gate", "target-TargetA-T-TargetA-21785--AppIntentsMetadataTaskProducer"]), Task(forTarget: TargetB, ruleInfo: ["Copy", "/private/var/folders/xr/m5_5rlsd6l9fk2w4ngj13k6m0000gn/T/swbuild.tmp.Qwrkh9On/Data.noindex/Test/aProject/build/Debug/TargetB.framework/Versions/A/Modules/TargetB.swiftmodule/x86_64-apple-macos.abi.json", "/private/var/folders/xr/m5_5rlsd6l9fk2w4ngj13k6m0000gn/T/swbuild.tmp.Qwrkh9On/Data.noindex/Test/aProject/build/aProject.build/Debug/TargetB.build/Objects-normal/x86_64/TargetB.abi.json"]), Task(forTarget: <none>, ruleInfo: ["Gate", "target-TargetA-T-TargetA-21785--TestHostTaskProducer"]), Task(forTarget: TargetB, ruleInfo: ["WriteAuxiliaryFile", "/private/var/folders/xr/m5_5rlsd6l9fk2w4ngj13k6m0000gn/T/swbuild.tmp.Qwrkh9On/Data.noindex/Test/aProject/build/aProject.build/Debug/TargetB.build/Objects-normal/x86_64/TargetB.LinkFileList"]), Task(forTarget: <none>, ruleInfo: ["Gate", "target-TargetA-T-TargetA-21785--TestTargetPostprocessingTaskProducer"]), Task(forTarget: <none>, ruleInfo: ["Gate", "target-TargetA-T-TargetA-21785--Barrier-GenerateStubAPI"]), Task(forTarget: TargetB, ruleInfo: ["Gate", "target-TargetB-T-TargetB-21793--will-sign"]), Task(forTarget: <none>, ruleInfo: ["Gate", "target-TargetA-T-TargetA-21785--generated-headers"]), Task(forTarget: <none>, ruleInfo: ["Gate", "target-TargetB-T-TargetB-21793--Barrier-RegisterExecutionPolicyException"]), Task(forTarget: TargetB, ruleInfo: ["SymLink", "/private/var/folders/xr/m5_5rlsd6l9fk2w4ngj13k6m0000gn/T/swbuild.tmp.Qwrkh9On/Data.noindex/Test/aProject/build/EagerLinkingTBDs/Debug/TargetB.framework/TargetB.tbd", "/private/var/folders/xr/m5_5rlsd6l9fk2w4ngj13k6m0000gn/T/swbuild.tmp.Qwrkh9On/Data.noindex/Test/aProject/build/EagerLinkingTBDs/Debug/TargetB.framework/Versions/A/TargetB.tbd"]), Task(forTarget: TargetB, ruleInfo: ["WriteAuxiliaryFile", "/private/var/folders/xr/m5_5rlsd6l9fk2w4ngj13k6m0000gn/T/swbuild.tmp.Qwrkh9On/Data.noindex/Test/aProject/build/aProject.build/Debug/TargetB.build/TargetB-own-target-headers.hmap"]), Task(forTarget: TargetB, ruleInfo: ["WriteAuxiliaryFile", "/private/var/folders/xr/m5_5rlsd6l9fk2w4ngj13k6m0000gn/T/swbuild.tmp.Qwrkh9On/Data.noindex/Test/aProject/build/aProject.build/Debug/TargetB.build/TargetB-project-headers.hmap"]), Task(forTarget: <none>, ruleInfo: ["Gate", "target-TargetB-T-TargetB-21793--DocumentationTaskProducer"]), Task(forTarget: <none>, ruleInfo: ["Gate", "target-TargetA-T-TargetA-21785--TestEntryPointTaskProducerFactory"]), Task(forTarget: <none>, ruleInfo: ["Gate", "target-TargetA-T-TargetA-21785--TestTargetTaskProducer"]), Task(forTarget: TargetA, ruleInfo: ["Touch", "/private/var/folders/xr/m5_5rlsd6l9fk2w4ngj13k6m0000gn/T/swbuild.tmp.Qwrkh9On/Data.noindex/Test/aProject/build/Debug/TargetA.framework"]), Task(forTarget: <none>, ruleInfo: ["Gate", "target-TargetA-T-TargetA-21785--HeadermapTaskProducer"]), Task(forTarget: <none>, ruleInfo: ["Gate", "target-TargetB-T-TargetB-21793--fused-phase0-compile-sources&link-binary"]), Task(forTarget: TargetB, ruleInfo: ["WriteAuxiliaryFile", "/private/var/folders/xr/m5_5rlsd6l9fk2w4ngj13k6m0000gn/T/swbuild.tmp.Qwrkh9On/Data.noindex/Test/aProject/build/aProject.build/Debug/TargetB.build/TargetB.DependencyStaticMetadataFileList"]), Task(forTarget: <none>, ruleInfo: ["Gate", "target-TargetB-T-TargetB-21793--TestTargetTaskProducer"]), Task(forTarget: <none>, ruleInfo: ["Gate", "target-TargetA-T-TargetA-21785--RealityAssetsTaskProducer"]), Task(forTarget: <none>, ruleInfo: ["Gate", "target-TargetB-T-TargetB-21793--CustomTaskProducer"]), Task(forTarget: TargetB, ruleInfo: ["RegisterExecutionPolicyException", "/private/var/folders/xr/m5_5rlsd6l9fk2w4ngj13k6m0000gn/T/swbuild.tmp.Qwrkh9On/Data.noindex/Test/aProject/build/Debug/TargetB.framework"]), Task(forTarget: TargetA, ruleInfo: ["WriteAuxiliaryFile", "/private/var/folders/xr/m5_5rlsd6l9fk2w4ngj13k6m0000gn/T/swbuild.tmp.Qwrkh9On/Data.noindex/Test/aProject/build/aProject.build/Debug/TargetA.build/TargetA-all-non-framework-target-headers.hmap"]), Task(forTarget: TargetB, ruleInfo: ["SwiftCompile", "normal", "x86_64", "Compiling fileB1.swift", "/private/var/folders/xr/m5_5rlsd6l9fk2w4ngj13k6m0000gn/T/swbuild.tmp.Qwrkh9On/Data.noindex/Test/aProject/Sources/fileB1.swift"]), Task(forTarget: <none>, ruleInfo: ["Gate", "target-TargetA-T-TargetA-21785--Barrier-CodeSign"]), Task(forTarget: <none>, ruleInfo: ["Gate", "target-TargetB-T-TargetB-21793--AppIntentsMetadataTaskProducer"]), Task(forTarget: TargetB, ruleInfo: ["Gate", "target-TargetB-T-TargetB-21793--unsigned-product-ready"]), Task(forTarget: TargetA, ruleInfo: ["SwiftDriver", "TargetA", "normal", "x86_64", "com.apple.xcode.tools.swift.compiler"]), Task(forTarget: TargetA, ruleInfo: ["Gate", "target-TargetA-T-TargetA-21785--end"]), Task(forTarget: TargetA, ruleInfo: ["Gate", "target-TargetA-T-TargetA-21785--begin-scanning"]), Task(forTarget: TargetB, ruleInfo: ["WriteAuxiliaryFile", "/private/var/folders/xr/m5_5rlsd6l9fk2w4ngj13k6m0000gn/T/swbuild.tmp.Qwrkh9On/Data.noindex/Test/aProject/build/aProject.build/Debug/TargetB.build/Objects-normal/x86_64/TargetB_const_extract_protocols.json"]), Task(forTarget: <none>, ruleInfo: ["Gate", "target-TargetA-T-TargetA-21785--StubBinaryTaskProducer"]), Task(forTarget: TargetB, ruleInfo: ["MkDir", "/private/var/folders/xr/m5_5rlsd6l9fk2w4ngj13k6m0000gn/T/swbuild.tmp.Qwrkh9On/Data.noindex/Test/aProject/build/Debug/TargetB.framework/Versions/A"]), Task(forTarget: TargetA, ruleInfo: ["SwiftCompile", "normal", "x86_64", "Compiling fileA2.swift", "/private/var/folders/xr/m5_5rlsd6l9fk2w4ngj13k6m0000gn/T/swbuild.tmp.Qwrkh9On/Data.noindex/Test/aProject/Sources/fileA2.swift"]), Task(forTarget: <none>, ruleInfo: ["Gate", "target-TargetA-T-TargetA-21785--fused-phase0-compile-sources"]), Task(forTarget: <none>, ruleInfo: ["Gate", "target-TargetA-T-TargetA-21785--ModuleMapTaskProducer"]), Task(forTarget: <none>, ruleInfo: ["Gate", "target-TargetA-T-TargetA-21785--GeneratedFilesTaskProducer"]), Task(forTarget: <none>, ruleInfo: ["Gate", "target-TargetA-T-TargetA-21785--SwiftStandardLibrariesTaskProducer"]), Task(forTarget: TargetA, ruleInfo: ["GenerateTAPI", "/private/var/folders/xr/m5_5rlsd6l9fk2w4ngj13k6m0000gn/T/swbuild.tmp.Qwrkh9On/Data.noindex/Test/aProject/build/EagerLinkingTBDs/Debug/TargetA.framework/Versions/A/TargetA.tbd"]), Task(forTarget: <none>, ruleInfo: ["Gate", "target-TargetA-T-TargetA-21785--Barrier-Validate"]), Task(forTarget: TargetB, ruleInfo: ["WriteAuxiliaryFile", "/private/var/folders/xr/m5_5rlsd6l9fk2w4ngj13k6m0000gn/T/swbuild.tmp.Qwrkh9On/Data.noindex/Test/aProject/build/aProject.build/Debug/TargetB.build/Objects-normal/x86_64/TargetB.SwiftFileList"]), Task(forTarget: TargetA, ruleInfo: ["MkDir", "/private/var/folders/xr/m5_5rlsd6l9fk2w4ngj13k6m0000gn/T/swbuild.tmp.Qwrkh9On/Data.noindex/Test/aProject/build/Debug/TargetA.framework"]), Task(forTarget: <none>, ruleInfo: ["Gate", "target-TargetA-T-TargetA-21785--ExtensionPointExtractorTaskProducer"]), Task(forTarget: TargetA, ruleInfo: ["SymLink", "/private/var/folders/xr/m5_5rlsd6l9fk2w4ngj13k6m0000gn/T/swbuild.tmp.Qwrkh9On/Data.noindex/Test/aProject/build/Debug/TargetA.framework/TargetA", "Versions/Current/TargetA"]), Task(forTarget: TargetA, ruleInfo: ["MkDir", "/private/var/folders/xr/m5_5rlsd6l9fk2w4ngj13k6m0000gn/T/swbuild.tmp.Qwrkh9On/Data.noindex/Test/aProject/build/Debug/TargetA.framework/Versions/A"]), Task(forTarget: <none>, ruleInfo: ["Gate", "target-TargetB-T-TargetB-21793--generated-headers"]), Task(forTarget: <none>, ruleInfo: ["Gate", "target-TargetA-T-TargetA-21785--SwiftFrameworkABICheckerTaskProducer"]), Task(forTarget: TargetB, ruleInfo: ["Gate", "target-TargetB-T-TargetB-21793--modules-ready"]), Task(forTarget: <none>, ruleInfo: ["ClangStatCache", "/Applications/Xcode17E.app/Contents/Developer/Toolchains/XcodeDefault.xctoolchain/usr/bin/clang-stat-cache", "/Applications/Xcode17E.app/Contents/Developer/Platforms/MacOSX.platform/Developer/SDKs/MacOSX26.4.sdk", "/private/var/folders/xr/m5_5rlsd6l9fk2w4ngj13k6m0000gn/T/swbuild.tmp.Qwrkh9On/Data.noindex/Test/SDKStatCaches.noindex/macosx26.4-25E260-95aa6cf8f3effd57bda17e0c125410c0.sdkstatcache"]), Task(forTarget: TargetB, ruleInfo: ["SymLink", "/private/var/folders/xr/m5_5rlsd6l9fk2w4ngj13k6m0000gn/T/swbuild.tmp.Qwrkh9On/Data.noindex/Test/aProject/build/Debug/TargetB.framework/TargetB", "Versions/Current/TargetB"]), Task(forTarget: TargetA, ruleInfo: ["MkDir", "/private/var/folders/xr/m5_5rlsd6l9fk2w4ngj13k6m0000gn/T/swbuild.tmp.Qwrkh9On/Data.noindex/Test/aProject/build/Debug/TargetA.framework/Versions/A/Headers"]), Task(forTarget: <none>, ruleInfo: ["Gate", "target-TargetB-T-TargetB-21793--TestHostTaskProducer"]), Task(forTarget: TargetA, ruleInfo: ["Gate", "target-TargetA-T-TargetA-21785--begin-linking"]), Task(forTarget: <none>, ruleInfo: ["Gate", "target-TargetB-T-TargetB-21793--ModuleMapTaskProducer"]), Task(forTarget: <none>, ruleInfo: ["CreateBuildDirectory", "/private/var/folders/xr/m5_5rlsd6l9fk2w4ngj13k6m0000gn/T/swbuild.tmp.Qwrkh9On/Data.noindex/Test/aProject/build/SwiftExplicitPrecompiledModules"]), Task(forTarget: <none>, ruleInfo: ["Gate", "target-TargetB-T-TargetB-21793--SwiftABIBaselineGenerationTaskProducer"]), Task(forTarget: <none>, ruleInfo: ["Gate", "target-TargetB-T-TargetB-21793--TestTargetPostprocessingTaskProducer"]), Task(forTarget: <none>, ruleInfo: ["CreateBuildDirectory", "/private/var/folders/xr/m5_5rlsd6l9fk2w4ngj13k6m0000gn/T/swbuild.tmp.Qwrkh9On/Data.noindex/Test/aProject/build/EagerLinkingTBDs/Debug"]), Task(forTarget: TargetA, ruleInfo: ["WriteAuxiliaryFile", "/private/var/folders/xr/m5_5rlsd6l9fk2w4ngj13k6m0000gn/T/swbuild.tmp.Qwrkh9On/Data.noindex/Test/aProject/build/aProject.build/Debug/TargetA.build/Objects-normal/x86_64/TargetA.SwiftConstValuesFileList"]), Task(forTarget: <none>, ruleInfo: ["Gate", "target-TargetA-T-TargetA-21785--GenerateAppPlaygroundAssetCatalogTaskProducer"]), Task(forTarget: <none>, ruleInfo: ["WriteAuxiliaryFile", "/private/var/folders/xr/m5_5rlsd6l9fk2w4ngj13k6m0000gn/T/swbuild.tmp.Qwrkh9On/Data.noindex/Test/aProject/build/aProject.build/Debug/aProject-P21796-VFS/all-product-headers.yaml"]), Task(forTarget: <none>, ruleInfo: ["Gate", "target-TargetB-T-TargetB-21793--CopySwiftPackageResourcesTaskProducer"]), Task(forTarget: <none>, ruleInfo: ["Gate", "target-TargetB-T-TargetB-21793--Barrier-CopyAside"]), Task(forTarget: TargetA, ruleInfo: ["WriteAuxiliaryFile", "/private/var/folders/xr/m5_5rlsd6l9fk2w4ngj13k6m0000gn/T/swbuild.tmp.Qwrkh9On/Data.noindex/Test/aProject/build/aProject.build/Debug/TargetA.build/TargetA-project-headers.hmap"]), Task(forTarget: TargetB, ruleInfo: ["MkDir", "/private/var/folders/xr/m5_5rlsd6l9fk2w4ngj13k6m0000gn/T/swbuild.tmp.Qwrkh9On/Data.noindex/Test/aProject/build/Debug/TargetB.framework"]), Task(forTarget: TargetA, ruleInfo: ["SymLink", "/private/var/folders/xr/m5_5rlsd6l9fk2w4ngj13k6m0000gn/T/swbuild.tmp.Qwrkh9On/Data.noindex/Test/aProject/build/Debug/TargetA.framework/Modules", "Versions/Current/Modules"]), Task(forTarget: <none>, ruleInfo: ["SwiftExplicitDependencyCompileModuleFromInterface", "x86_64", "/private/var/folders/xr/m5_5rlsd6l9fk2w4ngj13k6m0000gn/T/swbuild.tmp.Qwrkh9On/Data.noindex/Test/aProject/build/SwiftExplicitPrecompiledModules/_StringProcessing-13GX4EAKQZW8B.swiftmodule"]), Task(forTarget: TargetA, ruleInfo: ["RegisterExecutionPolicyException", "/private/var/folders/xr/m5_5rlsd6l9fk2w4ngj13k6m0000gn/T/swbuild.tmp.Qwrkh9On/Data.noindex/Test/aProject/build/Debug/TargetA.framework"]), Task(forTarget: TargetA, ruleInfo: ["Copy", "/private/var/folders/xr/m5_5rlsd6l9fk2w4ngj13k6m0000gn/T/swbuild.tmp.Qwrkh9On/Data.noindex/Test/aProject/build/Debug/TargetA.framework/Versions/A/Modules/TargetA.swiftmodule/Project/x86_64-apple-macos.swiftsourceinfo", "/private/var/folders/xr/m5_5rlsd6l9fk2w4ngj13k6m0000gn/T/swbuild.tmp.Qwrkh9On/Data.noindex/Test/aProject/build/aProject.build/Debug/TargetA.build/Objects-normal/x86_64/TargetA.swiftsourceinfo"]), Task(forTarget: <none>, ruleInfo: ["Gate", "target-TargetB-T-TargetB-21793--copy-headers-completion"]), Task(forTarget: <none>, ruleInfo: ["Gate", "target-TargetB-T-TargetB-21793--TestEntryPointTaskProducerFactory"]), Task(forTarget: TargetA, ruleInfo: ["Gate", "target-TargetA-T-TargetA-21785--immediate"]), Task(forTarget: <none>, ruleInfo: ["Gate", "target-TargetA-T-TargetA-21785--Barrier-RegisterProduct"]), Task(forTarget: <none>, ruleInfo: ["Gate", "target-TargetB-T-TargetB-21793--Barrier-Validate"]), Task(forTarget: TargetB, ruleInfo: ["Copy", "/private/var/folders/xr/m5_5rlsd6l9fk2w4ngj13k6m0000gn/T/swbuild.tmp.Qwrkh9On/Data.noindex/Test/aProject/build/Debug/TargetB.framework/Versions/A/Modules/TargetB.swiftmodule/x86_64-apple-macos.swiftmodule", "/private/var/folders/xr/m5_5rlsd6l9fk2w4ngj13k6m0000gn/T/swbuild.tmp.Qwrkh9On/Data.noindex/Test/aProject/build/aProject.build/Debug/TargetB.build/Objects-normal/x86_64/TargetB.swiftmodule"]), Task(forTarget: TargetB, ruleInfo: ["WriteAuxiliaryFile", "/private/var/folders/xr/m5_5rlsd6l9fk2w4ngj13k6m0000gn/T/swbuild.tmp.Qwrkh9On/Data.noindex/Test/aProject/build/aProject.build/Debug/TargetB.build/TargetB-generated-files.hmap"]), Task(forTarget: TargetA, ruleInfo: ["Gate", "target-TargetA-T-TargetA-21785--begin-compiling"]), Task(forTarget: TargetA, ruleInfo: ["WriteAuxiliaryFile", "/private/var/folders/xr/m5_5rlsd6l9fk2w4ngj13k6m0000gn/T/swbuild.tmp.Qwrkh9On/Data.noindex/Test/aProject/build/aProject.build/Debug/TargetA.build/TargetA.hmap"]), Task(forTarget: TargetA, ruleInfo: ["SwiftEmitModule", "normal", "x86_64", "Emitting module for TargetA"]), Task(forTarget: TargetB, ruleInfo: ["Gate", "target-TargetB-T-TargetB-21793--begin-compiling"]), Task(forTarget: <none>, ruleInfo: ["Gate", "target-TargetB-T-TargetB-21793--SwiftPackageCopyFilesTaskProducer"]), Task(forTarget: <none>, ruleInfo: ["Gate", "target-TargetA-T-TargetA-21785--SanitizerTaskProducer"]), Task(forTarget: TargetA, ruleInfo: ["WriteAuxiliaryFile", "/private/var/folders/xr/m5_5rlsd6l9fk2w4ngj13k6m0000gn/T/swbuild.tmp.Qwrkh9On/Data.noindex/Test/aProject/build/aProject.build/Debug/TargetA.build/TargetA-own-target-headers.hmap"]), Task(forTarget: TargetA, ruleInfo: ["WriteAuxiliaryFile", "/private/var/folders/xr/m5_5rlsd6l9fk2w4ngj13k6m0000gn/T/swbuild.tmp.Qwrkh9On/Data.noindex/Test/aProject/build/aProject.build/Debug/TargetA.build/Objects-normal/x86_64/TargetA.LinkFileList"]), Task(forTarget: TargetA, ruleInfo: ["SwiftCompile", "normal", "x86_64", "Compiling fileA1.swift", "/private/var/folders/xr/m5_5rlsd6l9fk2w4ngj13k6m0000gn/T/swbuild.tmp.Qwrkh9On/Data.noindex/Test/aProject/Sources/fileA1.swift"])]
↳ Occasionally fails in CI due to SwiftExplicitDependencyCompileModuleFromInterface missing from the dependency graph
━ Test swiftEagerCompilationWithExplicitModules() recorded a known issue at SwiftDriverTests.swift:3598:55: Issue recorded
↳ Task Task(forTarget: TargetA, ruleInfo: ["SwiftEmitModule", "normal", "x86_64", "Emitting module for TargetA"]) does not follow any tasks matching [Rule matches [SWBTestSupport.StringPattern.equal("SwiftExplicitDependencyCompileModuleFromInterface"), SWBTestSupport.StringPattern.equal("normal"), SWBTestSupport.StringPattern.equal("x86_64"), SWBTestSupport.StringPattern.contains("_Concurrency-")]]. Found: [] in [Task(forTarget: TargetA, ruleInfo: ["Ld", "/private/var/folders/xr/m5_5rlsd6l9fk2w4ngj13k6m0000gn/T/swbuild.tmp.Qwrkh9On/Data.noindex/Test/aProject/build/Debug/TargetA.framework/Versions/A/TargetA", "normal"]), Task(forTarget: <none>, ruleInfo: ["Gate", "target-TargetA-T-TargetA-21785--Barrier-RegisterExecutionPolicyException"]), Task(forTarget: TargetA, ruleInfo: ["MkDir", "/private/var/folders/xr/m5_5rlsd6l9fk2w4ngj13k6m0000gn/T/swbuild.tmp.Qwrkh9On/Data.noindex/Test/aProject/build/Debug/TargetA.framework/Versions"]), Task(forTarget: TargetA, ruleInfo: ["SymLink", "/private/var/folders/xr/m5_5rlsd6l9fk2w4ngj13k6m0000gn/T/swbuild.tmp.Qwrkh9On/Data.noindex/Test/aProject/build/EagerLinkingTBDs/Debug/TargetA.framework/TargetA.tbd", "/private/var/folders/xr/m5_5rlsd6l9fk2w4ngj13k6m0000gn/T/swbuild.tmp.Qwrkh9On/Data.noindex/Test/aProject/build/EagerLinkingTBDs/Debug/TargetA.framework/Versions/A/TargetA.tbd"]), Task(forTarget: <none>, ruleInfo: ["Gate", "target-TargetB-T-TargetB-21793--GeneratedFilesTaskProducer"]), Task(forTarget: TargetA, ruleInfo: ["ExtractAppIntentsMetadata"]), Task(forTarget: TargetB, ruleInfo: ["MkDir", "/private/var/folders/xr/m5_5rlsd6l9fk2w4ngj13k6m0000gn/T/swbuild.tmp.Qwrkh9On/Data.noindex/Test/aProject/build/Debug/TargetB.framework/Versions/A/Headers"]), Task(forTarget: <none>, ruleInfo: ["Gate", "target-TargetA-T-TargetA-21785--Barrier-StripSymbols"]), Task(forTarget: TargetB, ruleInfo: ["SwiftDriver Compilation", "TargetB", "normal", "x86_64", "com.apple.xcode.tools.swift.compiler"]), Task(forTarget: TargetB, ruleInfo: ["WriteAuxiliaryFile", "/private/var/folders/xr/m5_5rlsd6l9fk2w4ngj13k6m0000gn/T/swbuild.tmp.Qwrkh9On/Data.noindex/Test/aProject/build/aProject.build/Debug/TargetB.build/Objects-normal/x86_64/TargetB.SwiftConstValuesFileList"]), Task(forTarget: <none>, ruleInfo: ["Gate", "target-TargetB-T-TargetB-21793--TAPISymbolExtractorTaskProducer"]), Task(forTarget: <none>, ruleInfo: ["Gate", "target-TargetB-T-TargetB-21793--swift-generated-headers"]), Task(forTarget: <none>, ruleInfo: ["Gate", "target-TargetB-T-TargetB-21793--ProductPostprocessingTaskProducer"]), Task(forTarget: <none>, ruleInfo: ["Gate", "target-TargetB-T-TargetB-21793--RealityAssetsTaskProducer"]), Task(forTarget: <none>, ruleInfo: ["Gate", "target-TargetA-T-TargetA-21785--Barrier-CopyAside"]), Task(forTarget: <none>, ruleInfo: ["SwiftExplicitDependencyGeneratePcm", "x86_64", "/private/var/folders/xr/m5_5rlsd6l9fk2w4ngj13k6m0000gn/T/swbuild.tmp.Qwrkh9On/Data.noindex/Test/aProject/build/SwiftExplicitPrecompiledModules/SwiftShims-E7NR5GGR9Z7GY7PSRPSK1C6L1.pcm"]), Task(forTarget: TargetA, ruleInfo: ["Copy", "/private/var/folders/xr/m5_5rlsd6l9fk2w4ngj13k6m0000gn/T/swbuild.tmp.Qwrkh9On/Data.noindex/Test/aProject/build/Debug/TargetA.framework/Versions/A/Modules/TargetA.swiftmodule/x86_64-apple-macos.swiftdoc", "/private/var/folders/xr/m5_5rlsd6l9fk2w4ngj13k6m0000gn/T/swbuild.tmp.Qwrkh9On/Data.noindex/Test/aProject/build/aProject.build/Debug/TargetA.build/Objects-normal/x86_64/TargetA.swiftdoc"]), Task(forTarget: TargetB, ruleInfo: ["Gate", "target-TargetB-T-TargetB-21793--begin-scanning"]), Task(forTarget: <none>, ruleInfo: ["Gate", "target-TargetB-T-TargetB-21793--ModuleVerifierTaskProducer"]), Task(forTarget: TargetA, ruleInfo: ["SymLink", "/private/var/folders/xr/m5_5rlsd6l9fk2w4ngj13k6m0000gn/T/swbuild.tmp.Qwrkh9On/Data.noindex/Test/aProject/build/Debug/TargetA.framework/Headers", "Versions/Current/Headers"]), Task(forTarget: TargetB, ruleInfo: ["SwiftCompile", "normal", "x86_64", "Compiling fileB2.swift", "/private/var/folders/xr/m5_5rlsd6l9fk2w4ngj13k6m0000gn/T/swbuild.tmp.Qwrkh9On/Data.noindex/Test/aProject/Sources/fileB2.swift"]), Task(forTarget: TargetB, ruleInfo: ["Gate", "target-TargetB-T-TargetB-21793--linker-inputs-ready"]), Task(forTarget: <none>, ruleInfo: ["Gate", "target-TargetA-T-TargetA-21785--Barrier-ChangePermissions"]), Task(forTarget: TargetA, ruleInfo: ["WriteAuxiliaryFile", "/private/var/folders/xr/m5_5rlsd6l9fk2w4ngj13k6m0000gn/T/swbuild.tmp.Qwrkh9On/Data.noindex/Test/aProject/build/aProject.build/Debug/TargetA.build/TargetA-all-target-headers.hmap"]), Task(forTarget: TargetA, ruleInfo: ["SwiftDriver Compilation Requirements", "TargetA", "normal", "x86_64", "com.apple.xcode.tools.swift.compiler"]), Task(forTarget: TargetA, ruleInfo: ["WriteAuxiliaryFile", "/private/var/folders/xr/m5_5rlsd6l9fk2w4ngj13k6m0000gn/T/swbuild.tmp.Qwrkh9On/Data.noindex/Test/aProject/build/aProject.build/Debug/TargetA.build/Objects-normal/x86_64/TargetA_const_extract_protocols.json"]), Task(forTarget: TargetA, ruleInfo: ["Gate", "target-TargetA-T-TargetA-21785--entry"]), Task(forTarget: TargetA, ruleInfo: ["WriteAuxiliaryFile", "/private/var/folders/xr/m5_5rlsd6l9fk2w4ngj13k6m0000gn/T/swbuild.tmp.Qwrkh9On/Data.noindex/Test/aProject/build/aProject.build/Debug/TargetA.build/TargetA.DependencyMetadataFileList"]), Task(forTarget: TargetA, ruleInfo: ["Copy", "/private/var/folders/xr/m5_5rlsd6l9fk2w4ngj13k6m0000gn/T/swbuild.tmp.Qwrkh9On/Data.noindex/Test/aProject/build/Debug/TargetA.framework/Versions/A/Modules/TargetA.swiftmodule/x86_64-apple-macos.swiftmodule", "/private/var/folders/xr/m5_5rlsd6l9fk2w4ngj13k6m0000gn/T/swbuild.tmp.Qwrkh9On/Data.noindex/Test/aProject/build/aProject.build/Debug/TargetA.build/Objects-normal/x86_64/TargetA.swiftmodule"]), Task(forTarget: <none>, ruleInfo: ["Gate", "target-TargetB-T-TargetB-21793--Barrier-RegisterProduct"]), Task(forTarget: TargetB, ruleInfo: ["SwiftDriver Compilation Requirements", "TargetB", "normal", "x86_64", "com.apple.xcode.tools.swift.compiler"]), Task(forTarget: <none>, ruleInfo: ["Gate", "target-TargetB-T-TargetB-21793--StubBinaryTaskProducer"]), Task(forTarget: TargetB, ruleInfo: ["Gate", "target-TargetB-T-TargetB-21793--entry"]), Task(forTarget: <none>, ruleInfo: ["SwiftExplicitDependencyCompileModuleFromInterface", "x86_64", "/private/var/folders/xr/m5_5rlsd6l9fk2w4ngj13k6m0000gn/T/swbuild.tmp.Qwrkh9On/Data.noindex/Test/aProject/build/SwiftExplicitPrecompiledModules/Swift-1039YR9EBE61.swiftmodule"]), Task(forTarget: <none>, ruleInfo: ["Gate", "target-TargetB-T-TargetB-21793--GenerateAppPlaygroundAssetCatalogTaskProducer"]), Task(forTarget: TargetB, ruleInfo: ["Gate", "target-TargetB-T-TargetB-21793--begin-linking"]), Task(forTarget: TargetA, ruleInfo: ["WriteAuxiliaryFile", "/private/var/folders/xr/m5_5rlsd6l9fk2w4ngj13k6m0000gn/T/swbuild.tmp.Qwrkh9On/Data.noindex/Test/aProject/build/aProject.build/Debug/TargetA.build/Objects-normal/x86_64/TargetA-OutputFileMap.json"]), Task(forTarget: TargetB, ruleInfo: ["WriteAuxiliaryFile", "/private/var/folders/xr/m5_5rlsd6l9fk2w4ngj13k6m0000gn/T/swbuild.tmp.Qwrkh9On/Data.noindex/Test/aProject/build/aProject.build/Debug/TargetB.build/TargetB.DependencyMetadataFileList"]), Task(forTarget: TargetB, ruleInfo: ["WriteAuxiliaryFile", "/private/var/folders/xr/m5_5rlsd6l9fk2w4ngj13k6m0000gn/T/swbuild.tmp.Qwrkh9On/Data.noindex/Test/aProject/build/aProject.build/Debug/TargetB.build/TargetB.hmap"]), Task(forTarget: <none>, ruleInfo: ["CreateBuildDirectory", "/private/var/folders/xr/m5_5rlsd6l9fk2w4ngj13k6m0000gn/T/swbuild.tmp.Qwrkh9On/Data.noindex/Test/aProject/build/SharedPrecompiledHeaders"]), Task(forTarget: TargetA, ruleInfo: ["Gate", "target-TargetA-T-TargetA-21785--unsigned-product-ready"]), Task(forTarget: TargetA, ruleInfo: ["Gate", "target-TargetA-T-TargetA-21785--will-sign"]), Task(forTarget: TargetB, ruleInfo: ["Copy", "/private/var/folders/xr/m5_5rlsd6l9fk2w4ngj13k6m0000gn/T/swbuild.tmp.Qwrkh9On/Data.noindex/Test/aProject/build/Debug/TargetB.framework/Versions/A/Modules/TargetB.swiftmodule/Project/x86_64-apple-macos.swiftsourceinfo", "/private/var/folders/xr/m5_5rlsd6l9fk2w4ngj13k6m0000gn/T/swbuild.tmp.Qwrkh9On/Data.noindex/Test/aProject/build/aProject.build/Debug/TargetB.build/Objects-normal/x86_64/TargetB.swiftsourceinfo"]), Task(forTarget: TargetA, ruleInfo: ["WriteAuxiliaryFile", "/private/var/folders/xr/m5_5rlsd6l9fk2w4ngj13k6m0000gn/T/swbuild.tmp.Qwrkh9On/Data.noindex/Test/aProject/build/aProject.build/Debug/TargetA.build/TargetA-generated-files.hmap"]), Task(forTarget: TargetA, ruleInfo: ["Gate", "target-TargetA-T-TargetA-21785--linker-inputs-ready"]), Task(forTarget: <none>, ruleInfo: ["Gate", "target-TargetB-T-TargetB-21793--Barrier-GenerateStubAPI"]), Task(forTarget: <none>, ruleInfo: ["Gate", "target-TargetA-T-TargetA-21785--ModuleVerifierTaskProducer"]), Task(forTarget: <none>, ruleInfo: ["Gate", "target-TargetB-T-TargetB-21793--SwiftFrameworkABICheckerTaskProducer"]), Task(forTarget: TargetB, ruleInfo: ["Gate", "target-TargetB-T-TargetB-21793--end"]), Task(forTarget: TargetB, ruleInfo: ["WriteAuxiliaryFile", "/private/var/folders/xr/m5_5rlsd6l9fk2w4ngj13k6m0000gn/T/swbuild.tmp.Qwrkh9On/Data.noindex/Test/aProject/build/aProject.build/Debug/TargetB.build/TargetB-all-target-headers.hmap"]), Task(forTarget: <none>, ruleInfo: ["SwiftExplicitDependencyGeneratePcm", "x86_64", "/private/var/folders/xr/m5_5rlsd6l9fk2w4ngj13k6m0000gn/T/swbuild.tmp.Qwrkh9On/Data.noindex/Test/aProject/build/SwiftExplicitPrecompiledModules/_SwiftConcurrencyShims-BUR8XM1R06AS02RWV63HPG1KR.pcm"]), Task(forTarget: <none>, ruleInfo: ["Gate", "target-TargetB-T-TargetB-21793--Barrier-ChangePermissions"]), Task(forTarget: <none>, ruleInfo: ["Gate", "target-TargetB-T-TargetB-21793--Barrier-CodeSign"]), Task(forTarget: TargetB, ruleInfo: ["Touch", "/private/var/folders/xr/m5_5rlsd6l9fk2w4ngj13k6m0000gn/T/swbuild.tmp.Qwrkh9On/Data.noindex/Test/aProject/build/Debug/TargetB.framework"]), Task(forTarget: <none>, ruleInfo: ["Gate", "target-TargetB-T-TargetB-21793--Barrier-StripSymbols"]), Task(forTarget: TargetB, ruleInfo: ["WriteAuxiliaryFile", "/private/var/folders/xr/m5_5rlsd6l9fk2w4ngj13k6m0000gn/T/swbuild.tmp.Qwrkh9On/Data.noindex/Test/aProject/build/aProject.build/Debug/TargetB.build/Objects-normal/x86_64/TargetB-OutputFileMap.json"]), Task(forTarget: TargetB, ruleInfo: ["GenerateTAPI", "/private/var/folders/xr/m5_5rlsd6l9fk2w4ngj13k6m0000gn/T/swbuild.tmp.Qwrkh9On/Data.noindex/Test/aProject/build/EagerLinkingTBDs/Debug/TargetB.framework/Versions/A/TargetB.tbd"]), Task(forTarget: TargetB, ruleInfo: ["SwiftEmitModule", "normal", "x86_64", "Emitting module for TargetB"]), Task(forTarget: TargetB, ruleInfo: ["MkDir", "/private/var/folders/xr/m5_5rlsd6l9fk2w4ngj13k6m0000gn/T/swbuild.tmp.Qwrkh9On/Data.noindex/Test/aProject/build/Debug/TargetB.framework/Versions"]), Task(forTarget: TargetA, ruleInfo: ["WriteAuxiliaryFile", "/private/var/folders/xr/m5_5rlsd6l9fk2w4ngj13k6m0000gn/T/swbuild.tmp.Qwrkh9On/Data.noindex/Test/aProject/build/aProject.build/Debug/TargetA.build/Objects-normal/x86_64/TargetA.SwiftFileList"]), Task(forTarget: TargetB, ruleInfo: ["ExtractAppIntentsMetadata"]), Task(forTarget: <none>, ruleInfo: ["Gate", "target-TargetB-T-TargetB-21793--ProductStructureTaskProducer"]), Task(forTarget: <none>, ruleInfo: ["Gate", "target-TargetB-T-TargetB-21793--HeadermapTaskProducer"]), Task(forTarget: <none>, ruleInfo: ["CreateBuildDirectory", "/private/var/folders/xr/m5_5rlsd6l9fk2w4ngj13k6m0000gn/T/swbuild.tmp.Qwrkh9On/Data.noindex/Test/aProject/build/Debug"]), Task(forTarget: TargetA, ruleInfo: ["WriteAuxiliaryFile", "/private/var/folders/xr/m5_5rlsd6l9fk2w4ngj13k6m0000gn/T/swbuild.tmp.Qwrkh9On/Data.noindex/Test/aProject/build/aProject.build/Debug/TargetA.build/TargetA.DependencyStaticMetadataFileList"]), Task(forTarget: <none>, ruleInfo: ["Gate", "target-TargetB-T-TargetB-21793--ExtensionPointExtractorTaskProducer"]), Task(forTarget: <none>, ruleInfo: ["Gate", "target-TargetB-T-TargetB-21793--SwiftStandardLibrariesTaskProducer"]), Task(forTarget: TargetA, ruleInfo: ["Copy", "/private/var/folders/xr/m5_5rlsd6l9fk2w4ngj13k6m0000gn/T/swbuild.tmp.Qwrkh9On/Data.noindex/Test/aProject/build/Debug/TargetA.framework/Versions/A/Modules/TargetA.swiftmodule/x86_64-apple-macos.abi.json", "/private/var/folders/xr/m5_5rlsd6l9fk2w4ngj13k6m0000gn/T/swbuild.tmp.Qwrkh9On/Data.noindex/Test/aProject/build/aProject.build/Debug/TargetA.build/Objects-normal/x86_64/TargetA.abi.json"]), Task(forTarget: <none>, ruleInfo: ["CreateBuildDirectory", "/private/var/folders/xr/m5_5rlsd6l9fk2w4ngj13k6m0000gn/T/swbuild.tmp.Qwrkh9On/Data.noindex/Test/aProject/build/ExplicitPrecompiledModules"]), Task(forTarget: TargetB, ruleInfo: ["Gate", "target-TargetB-T-TargetB-21793--immediate"]), Task(forTarget: <none>, ruleInfo: ["Gate", "target-TargetA-T-TargetA-21785--AppExtensionInfoPlistGeneratorTaskProducer"]), Task(forTarget: TargetB, ruleInfo: ["SymLink", "/private/var/folders/xr/m5_5rlsd6l9fk2w4ngj13k6m0000gn/T/swbuild.tmp.Qwrkh9On/Data.noindex/Test/aProject/build/Debug/TargetB.framework/Modules", "Versions/Current/Modules"]), Task(forTarget: <none>, ruleInfo: ["Gate", "target-TargetA-T-TargetA-21785--swift-generated-headers"]), Task(forTarget: <none>, ruleInfo: ["Gate", "target-TargetB-T-TargetB-21793--InfoPlistTaskProducer"]), Task(forTarget: <none>, ruleInfo: ["Gate", "target-TargetB-T-TargetB-21793--AppExtensionInfoPlistGeneratorTaskProducer"]), Task(forTarget: TargetB, ruleInfo: ["SwiftDriver", "TargetB", "normal", "x86_64", "com.apple.xcode.tools.swift.compiler"]), Task(forTarget: <none>, ruleInfo: ["Gate", "target-TargetA-T-TargetA-21785--CopySwiftPackageResourcesTaskProducer"]), Task(forTarget: <none>, ruleInfo: ["Gate", "target-TargetA-T-TargetA-21785--ProductStructureTaskProducer"]), Task(forTarget: TargetA, ruleInfo: ["SymLink", "/private/var/folders/xr/m5_5rlsd6l9fk2w4ngj13k6m0000gn/T/swbuild.tmp.Qwrkh9On/Data.noindex/Test/aProject/build/Debug/TargetA.framework/Versions/Current", "A"]), Task(forTarget: TargetA, ruleInfo: ["SwiftMergeGeneratedHeaders", "/private/var/folders/xr/m5_5rlsd6l9fk2w4ngj13k6m0000gn/T/swbuild.tmp.Qwrkh9On/Data.noindex/Test/aProject/build/Debug/TargetA.framework/Versions/A/Headers/TargetA-Swift.h", "/private/var/folders/xr/m5_5rlsd6l9fk2w4ngj13k6m0000gn/T/swbuild.tmp.Qwrkh9On/Data.noindex/Test/aProject/build/aProject.build/Debug/TargetA.build/Objects-normal/x86_64/TargetA-Swift.h"]), Task(forTarget: <none>, ruleInfo: ["Gate", "target-TargetA-T-TargetA-21785--ProductPostprocessingTaskProducer"]), Task(forTarget: TargetB, ruleInfo: ["Copy", "/private/var/folders/xr/m5_5rlsd6l9fk2w4ngj13k6m0000gn/T/swbuild.tmp.Qwrkh9On/Data.noindex/Test/aProject/build/Debug/TargetB.framework/Versions/A/Modules/TargetB.swiftmodule/x86_64-apple-macos.swiftdoc", "/private/var/folders/xr/m5_5rlsd6l9fk2w4ngj13k6m0000gn/T/swbuild.tmp.Qwrkh9On/Data.noindex/Test/aProject/build/aProject.build/Debug/TargetB.build/Objects-normal/x86_64/TargetB.swiftdoc"]), Task(forTarget: <none>, ruleInfo: ["Gate", "target-TargetA-T-TargetA-21785--DocumentationTaskProducer"]), Task(forTarget: TargetB, ruleInfo: ["SymLink", "/private/var/folders/xr/m5_5rlsd6l9fk2w4ngj13k6m0000gn/T/swbuild.tmp.Qwrkh9On/Data.noindex/Test/aProject/build/Debug/TargetB.framework/Versions/Current", "A"]), Task(forTarget: <none>, ruleInfo: ["Gate", "target-TargetA-T-TargetA-21785--InfoPlistTaskProducer"]), Task(forTarget: <none>, ruleInfo: ["CreateBuildDirectory", "/private/var/folders/xr/m5_5rlsd6l9fk2w4ngj13k6m0000gn/T/swbuild.tmp.Qwrkh9On/Data.noindex/Test/aProject/build"]), Task(forTarget: <none>, ruleInfo: ["Gate", "target-TargetA-T-TargetA-21785--SwiftABIBaselineGenerationTaskProducer"]), Task(forTarget: TargetA, ruleInfo: ["SwiftDriver Compilation", "TargetA", "normal", "x86_64", "com.apple.xcode.tools.swift.compiler"]), Task(forTarget: TargetB, ruleInfo: ["SwiftMergeGeneratedHeaders", "/private/var/folders/xr/m5_5rlsd6l9fk2w4ngj13k6m0000gn/T/swbuild.tmp.Qwrkh9On/Data.noindex/Test/aProject/build/Debug/TargetB.framework/Versions/A/Headers/TargetB-Swift.h", "/private/var/folders/xr/m5_5rlsd6l9fk2w4ngj13k6m0000gn/T/swbuild.tmp.Qwrkh9On/Data.noindex/Test/aProject/build/aProject.build/Debug/TargetB.build/Objects-normal/x86_64/TargetB-Swift.h"]), Task(forTarget: TargetB, ruleInfo: ["Ld", "/private/var/folders/xr/m5_5rlsd6l9fk2w4ngj13k6m0000gn/T/swbuild.tmp.Qwrkh9On/Data.noindex/Test/aProject/build/Debug/TargetB.framework/Versions/A/TargetB", "normal"]), Task(forTarget: TargetB, ruleInfo: ["WriteAuxiliaryFile", "/private/var/folders/xr/m5_5rlsd6l9fk2w4ngj13k6m0000gn/T/swbuild.tmp.Qwrkh9On/Data.noindex/Test/aProject/build/aProject.build/Debug/TargetB.build/TargetB-all-non-framework-target-headers.hmap"]), Task(forTarget: <none>, ruleInfo: ["Gate", "target-TargetA-T-TargetA-21785--TAPISymbolExtractorTaskProducer"]), Task(forTarget: <none>, ruleInfo: ["SwiftExplicitDependencyCompileModuleFromInterface", "x86_64", "/private/var/folders/xr/m5_5rlsd6l9fk2w4ngj13k6m0000gn/T/swbuild.tmp.Qwrkh9On/Data.noindex/Test/aProject/build/SwiftExplicitPrecompiledModules/_Concurrency-2W8LU3DF58RLX.swiftmodule"]), Task(forTarget: <none>, ruleInfo: ["Gate", "target-TargetB-T-TargetB-21793--Barrier-ChangeAlternatePermissions"]), Task(forTarget: <none>, ruleInfo: ["Gate", "target-TargetA-T-TargetA-21785--SwiftPackageCopyFilesTaskProducer"]), Task(forTarget: <none>, ruleInfo: ["Gate", "target-TargetA-T-TargetA-21785--copy-headers-completion"]), Task(forTarget: <none>, ruleInfo: ["Gate", "WorkspaceHeaderMapVFSFilesWritten"]), Task(forTarget: TargetA, ruleInfo: ["Gate", "target-TargetA-T-TargetA-21785--modules-ready"]), Task(forTarget: <none>, ruleInfo: ["Gate", "target-TargetB-T-TargetB-21793--SanitizerTaskProducer"]), Task(forTarget: <none>, ruleInfo: ["Gate", "target-TargetA-T-TargetA-21785--Barrier-ChangeAlternatePermissions"]), Task(forTarget: TargetB, ruleInfo: ["SymLink", "/private/var/folders/xr/m5_5rlsd6l9fk2w4ngj13k6m0000gn/T/swbuild.tmp.Qwrkh9On/Data.noindex/Test/aProject/build/Debug/TargetB.framework/Headers", "Versions/Current/Headers"]), Task(forTarget: <none>, ruleInfo: ["CreateBuildDirectory", "/var/folders/xr/m5_5rlsd6l9fk2w4ngj13k6m0000gn/C/com.apple.DeveloperTools/26.4.1-17E202/Xcode/CompilationCache.noindex"]), Task(forTarget: <none>, ruleInfo: ["Gate", "target-TargetA-T-TargetA-21785--CustomTaskProducer"]), Task(forTarget: <none>, ruleInfo: ["Gate", "target-TargetA-T-TargetA-21785--AppIntentsMetadataTaskProducer"]), Task(forTarget: TargetB, ruleInfo: ["Copy", "/private/var/folders/xr/m5_5rlsd6l9fk2w4ngj13k6m0000gn/T/swbuild.tmp.Qwrkh9On/Data.noindex/Test/aProject/build/Debug/TargetB.framework/Versions/A/Modules/TargetB.swiftmodule/x86_64-apple-macos.abi.json", "/private/var/folders/xr/m5_5rlsd6l9fk2w4ngj13k6m0000gn/T/swbuild.tmp.Qwrkh9On/Data.noindex/Test/aProject/build/aProject.build/Debug/TargetB.build/Objects-normal/x86_64/TargetB.abi.json"]), Task(forTarget: <none>, ruleInfo: ["Gate", "target-TargetA-T-TargetA-21785--TestHostTaskProducer"]), Task(forTarget: TargetB, ruleInfo: ["WriteAuxiliaryFile", "/private/var/folders/xr/m5_5rlsd6l9fk2w4ngj13k6m0000gn/T/swbuild.tmp.Qwrkh9On/Data.noindex/Test/aProject/build/aProject.build/Debug/TargetB.build/Objects-normal/x86_64/TargetB.LinkFileList"]), Task(forTarget: <none>, ruleInfo: ["Gate", "target-TargetA-T-TargetA-21785--TestTargetPostprocessingTaskProducer"]), Task(forTarget: <none>, ruleInfo: ["Gate", "target-TargetA-T-TargetA-21785--Barrier-GenerateStubAPI"]), Task(forTarget: TargetB, ruleInfo: ["Gate", "target-TargetB-T-TargetB-21793--will-sign"]), Task(forTarget: <none>, ruleInfo: ["Gate", "target-TargetA-T-TargetA-21785--generated-headers"]), Task(forTarget: <none>, ruleInfo: ["Gate", "target-TargetB-T-TargetB-21793--Barrier-RegisterExecutionPolicyException"]), Task(forTarget: TargetB, ruleInfo: ["SymLink", "/private/var/folders/xr/m5_5rlsd6l9fk2w4ngj13k6m0000gn/T/swbuild.tmp.Qwrkh9On/Data.noindex/Test/aProject/build/EagerLinkingTBDs/Debug/TargetB.framework/TargetB.tbd", "/private/var/folders/xr/m5_5rlsd6l9fk2w4ngj13k6m0000gn/T/swbuild.tmp.Qwrkh9On/Data.noindex/Test/aProject/build/EagerLinkingTBDs/Debug/TargetB.framework/Versions/A/TargetB.tbd"]), Task(forTarget: TargetB, ruleInfo: ["WriteAuxiliaryFile", "/private/var/folders/xr/m5_5rlsd6l9fk2w4ngj13k6m0000gn/T/swbuild.tmp.Qwrkh9On/Data.noindex/Test/aProject/build/aProject.build/Debug/TargetB.build/TargetB-own-target-headers.hmap"]), Task(forTarget: TargetB, ruleInfo: ["WriteAuxiliaryFile", "/private/var/folders/xr/m5_5rlsd6l9fk2w4ngj13k6m0000gn/T/swbuild.tmp.Qwrkh9On/Data.noindex/Test/aProject/build/aProject.build/Debug/TargetB.build/TargetB-project-headers.hmap"]), Task(forTarget: <none>, ruleInfo: ["Gate", "target-TargetB-T-TargetB-21793--DocumentationTaskProducer"]), Task(forTarget: <none>, ruleInfo: ["Gate", "target-TargetA-T-TargetA-21785--TestEntryPointTaskProducerFactory"]), Task(forTarget: <none>, ruleInfo: ["Gate", "target-TargetA-T-TargetA-21785--TestTargetTaskProducer"]), Task(forTarget: TargetA, ruleInfo: ["Touch", "/private/var/folders/xr/m5_5rlsd6l9fk2w4ngj13k6m0000gn/T/swbuild.tmp.Qwrkh9On/Data.noindex/Test/aProject/build/Debug/TargetA.framework"]), Task(forTarget: <none>, ruleInfo: ["Gate", "target-TargetA-T-TargetA-21785--HeadermapTaskProducer"]), Task(forTarget: <none>, ruleInfo: ["Gate", "target-TargetB-T-TargetB-21793--fused-phase0-compile-sources&link-binary"]), Task(forTarget: TargetB, ruleInfo: ["WriteAuxiliaryFile", "/private/var/folders/xr/m5_5rlsd6l9fk2w4ngj13k6m0000gn/T/swbuild.tmp.Qwrkh9On/Data.noindex/Test/aProject/build/aProject.build/Debug/TargetB.build/TargetB.DependencyStaticMetadataFileList"]), Task(forTarget: <none>, ruleInfo: ["Gate", "target-TargetB-T-TargetB-21793--TestTargetTaskProducer"]), Task(forTarget: <none>, ruleInfo: ["Gate", "target-TargetA-T-TargetA-21785--RealityAssetsTaskProducer"]), Task(forTarget: <none>, ruleInfo: ["Gate", "target-TargetB-T-TargetB-21793--CustomTaskProducer"]), Task(forTarget: TargetB, ruleInfo: ["RegisterExecutionPolicyException", "/private/var/folders/xr/m5_5rlsd6l9fk2w4ngj13k6m0000gn/T/swbuild.tmp.Qwrkh9On/Data.noindex/Test/aProject/build/Debug/TargetB.framework"]), Task(forTarget: TargetA, ruleInfo: ["WriteAuxiliaryFile", "/private/var/folders/xr/m5_5rlsd6l9fk2w4ngj13k6m0000gn/T/swbuild.tmp.Qwrkh9On/Data.noindex/Test/aProject/build/aProject.build/Debug/TargetA.build/TargetA-all-non-framework-target-headers.hmap"]), Task(forTarget: TargetB, ruleInfo: ["SwiftCompile", "normal", "x86_64", "Compiling fileB1.swift", "/private/var/folders/xr/m5_5rlsd6l9fk2w4ngj13k6m0000gn/T/swbuild.tmp.Qwrkh9On/Data.noindex/Test/aProject/Sources/fileB1.swift"]), Task(forTarget: <none>, ruleInfo: ["Gate", "target-TargetA-T-TargetA-21785--Barrier-CodeSign"]), Task(forTarget: <none>, ruleInfo: ["Gate", "target-TargetB-T-TargetB-21793--AppIntentsMetadataTaskProducer"]), Task(forTarget: TargetB, ruleInfo: ["Gate", "target-TargetB-T-TargetB-21793--unsigned-product-ready"]), Task(forTarget: TargetA, ruleInfo: ["SwiftDriver", "TargetA", "normal", "x86_64", "com.apple.xcode.tools.swift.compiler"]), Task(forTarget: TargetA, ruleInfo: ["Gate", "target-TargetA-T-TargetA-21785--end"]), Task(forTarget: TargetA, ruleInfo: ["Gate", "target-TargetA-T-TargetA-21785--begin-scanning"]), Task(forTarget: TargetB, ruleInfo: ["WriteAuxiliaryFile", "/private/var/folders/xr/m5_5rlsd6l9fk2w4ngj13k6m0000gn/T/swbuild.tmp.Qwrkh9On/Data.noindex/Test/aProject/build/aProject.build/Debug/TargetB.build/Objects-normal/x86_64/TargetB_const_extract_protocols.json"]), Task(forTarget: <none>, ruleInfo: ["Gate", "target-TargetA-T-TargetA-21785--StubBinaryTaskProducer"]), Task(forTarget: TargetB, ruleInfo: ["MkDir", "/private/var/folders/xr/m5_5rlsd6l9fk2w4ngj13k6m0000gn/T/swbuild.tmp.Qwrkh9On/Data.noindex/Test/aProject/build/Debug/TargetB.framework/Versions/A"]), Task(forTarget: TargetA, ruleInfo: ["SwiftCompile", "normal", "x86_64", "Compiling fileA2.swift", "/private/var/folders/xr/m5_5rlsd6l9fk2w4ngj13k6m0000gn/T/swbuild.tmp.Qwrkh9On/Data.noindex/Test/aProject/Sources/fileA2.swift"]), Task(forTarget: <none>, ruleInfo: ["Gate", "target-TargetA-T-TargetA-21785--fused-phase0-compile-sources"]), Task(forTarget: <none>, ruleInfo: ["Gate", "target-TargetA-T-TargetA-21785--ModuleMapTaskProducer"]), Task(forTarget: <none>, ruleInfo: ["Gate", "target-TargetA-T-TargetA-21785--GeneratedFilesTaskProducer"]), Task(forTarget: <none>, ruleInfo: ["Gate", "target-TargetA-T-TargetA-21785--SwiftStandardLibrariesTaskProducer"]), Task(forTarget: TargetA, ruleInfo: ["GenerateTAPI", "/private/var/folders/xr/m5_5rlsd6l9fk2w4ngj13k6m0000gn/T/swbuild.tmp.Qwrkh9On/Data.noindex/Test/aProject/build/EagerLinkingTBDs/Debug/TargetA.framework/Versions/A/TargetA.tbd"]), Task(forTarget: <none>, ruleInfo: ["Gate", "target-TargetA-T-TargetA-21785--Barrier-Validate"]), Task(forTarget: TargetB, ruleInfo: ["WriteAuxiliaryFile", "/private/var/folders/xr/m5_5rlsd6l9fk2w4ngj13k6m0000gn/T/swbuild.tmp.Qwrkh9On/Data.noindex/Test/aProject/build/aProject.build/Debug/TargetB.build/Objects-normal/x86_64/TargetB.SwiftFileList"]), Task(forTarget: TargetA, ruleInfo: ["MkDir", "/private/var/folders/xr/m5_5rlsd6l9fk2w4ngj13k6m0000gn/T/swbuild.tmp.Qwrkh9On/Data.noindex/Test/aProject/build/Debug/TargetA.framework"]), Task(forTarget: <none>, ruleInfo: ["Gate", "target-TargetA-T-TargetA-21785--ExtensionPointExtractorTaskProducer"]), Task(forTarget: TargetA, ruleInfo: ["SymLink", "/private/var/folders/xr/m5_5rlsd6l9fk2w4ngj13k6m0000gn/T/swbuild.tmp.Qwrkh9On/Data.noindex/Test/aProject/build/Debug/TargetA.framework/TargetA", "Versions/Current/TargetA"]), Task(forTarget: TargetA, ruleInfo: ["MkDir", "/private/var/folders/xr/m5_5rlsd6l9fk2w4ngj13k6m0000gn/T/swbuild.tmp.Qwrkh9On/Data.noindex/Test/aProject/build/Debug/TargetA.framework/Versions/A"]), Task(forTarget: <none>, ruleInfo: ["Gate", "target-TargetB-T-TargetB-21793--generated-headers"]), Task(forTarget: <none>, ruleInfo: ["Gate", "target-TargetA-T-TargetA-21785--SwiftFrameworkABICheckerTaskProducer"]), Task(forTarget: TargetB, ruleInfo: ["Gate", "target-TargetB-T-TargetB-21793--modules-ready"]), Task(forTarget: <none>, ruleInfo: ["ClangStatCache", "/Applications/Xcode17E.app/Contents/Developer/Toolchains/XcodeDefault.xctoolchain/usr/bin/clang-stat-cache", "/Applications/Xcode17E.app/Contents/Developer/Platforms/MacOSX.platform/Developer/SDKs/MacOSX26.4.sdk", "/private/var/folders/xr/m5_5rlsd6l9fk2w4ngj13k6m0000gn/T/swbuild.tmp.Qwrkh9On/Data.noindex/Test/SDKStatCaches.noindex/macosx26.4-25E260-95aa6cf8f3effd57bda17e0c125410c0.sdkstatcache"]), Task(forTarget: TargetB, ruleInfo: ["SymLink", "/private/var/folders/xr/m5_5rlsd6l9fk2w4ngj13k6m0000gn/T/swbuild.tmp.Qwrkh9On/Data.noindex/Test/aProject/build/Debug/TargetB.framework/TargetB", "Versions/Current/TargetB"]), Task(forTarget: TargetA, ruleInfo: ["MkDir", "/private/var/folders/xr/m5_5rlsd6l9fk2w4ngj13k6m0000gn/T/swbuild.tmp.Qwrkh9On/Data.noindex/Test/aProject/build/Debug/TargetA.framework/Versions/A/Headers"]), Task(forTarget: <none>, ruleInfo: ["Gate", "target-TargetB-T-TargetB-21793--TestHostTaskProducer"]), Task(forTarget: TargetA, ruleInfo: ["Gate", "target-TargetA-T-TargetA-21785--begin-linking"]), Task(forTarget: <none>, ruleInfo: ["Gate", "target-TargetB-T-TargetB-21793--ModuleMapTaskProducer"]), Task(forTarget: <none>, ruleInfo: ["CreateBuildDirectory", "/private/var/folders/xr/m5_5rlsd6l9fk2w4ngj13k6m0000gn/T/swbuild.tmp.Qwrkh9On/Data.noindex/Test/aProject/build/SwiftExplicitPrecompiledModules"]), Task(forTarget: <none>, ruleInfo: ["Gate", "target-TargetB-T-TargetB-21793--SwiftABIBaselineGenerationTaskProducer"]), Task(forTarget: <none>, ruleInfo: ["Gate", "target-TargetB-T-TargetB-21793--TestTargetPostprocessingTaskProducer"]), Task(forTarget: <none>, ruleInfo: ["CreateBuildDirectory", "/private/var/folders/xr/m5_5rlsd6l9fk2w4ngj13k6m0000gn/T/swbuild.tmp.Qwrkh9On/Data.noindex/Test/aProject/build/EagerLinkingTBDs/Debug"]), Task(forTarget: TargetA, ruleInfo: ["WriteAuxiliaryFile", "/private/var/folders/xr/m5_5rlsd6l9fk2w4ngj13k6m0000gn/T/swbuild.tmp.Qwrkh9On/Data.noindex/Test/aProject/build/aProject.build/Debug/TargetA.build/Objects-normal/x86_64/TargetA.SwiftConstValuesFileList"]), Task(forTarget: <none>, ruleInfo: ["Gate", "target-TargetA-T-TargetA-21785--GenerateAppPlaygroundAssetCatalogTaskProducer"]), Task(forTarget: <none>, ruleInfo: ["WriteAuxiliaryFile", "/private/var/folders/xr/m5_5rlsd6l9fk2w4ngj13k6m0000gn/T/swbuild.tmp.Qwrkh9On/Data.noindex/Test/aProject/build/aProject.build/Debug/aProject-P21796-VFS/all-product-headers.yaml"]), Task(forTarget: <none>, ruleInfo: ["Gate", "target-TargetB-T-TargetB-21793--CopySwiftPackageResourcesTaskProducer"]), Task(forTarget: <none>, ruleInfo: ["Gate", "target-TargetB-T-TargetB-21793--Barrier-CopyAside"]), Task(forTarget: TargetA, ruleInfo: ["WriteAuxiliaryFile", "/private/var/folders/xr/m5_5rlsd6l9fk2w4ngj13k6m0000gn/T/swbuild.tmp.Qwrkh9On/Data.noindex/Test/aProject/build/aProject.build/Debug/TargetA.build/TargetA-project-headers.hmap"]), Task(forTarget: TargetB, ruleInfo: ["MkDir", "/private/var/folders/xr/m5_5rlsd6l9fk2w4ngj13k6m0000gn/T/swbuild.tmp.Qwrkh9On/Data.noindex/Test/aProject/build/Debug/TargetB.framework"]), Task(forTarget: TargetA, ruleInfo: ["SymLink", "/private/var/folders/xr/m5_5rlsd6l9fk2w4ngj13k6m0000gn/T/swbuild.tmp.Qwrkh9On/Data.noindex/Test/aProject/build/Debug/TargetA.framework/Modules", "Versions/Current/Modules"]), Task(forTarget: <none>, ruleInfo: ["SwiftExplicitDependencyCompileModuleFromInterface", "x86_64", "/private/var/folders/xr/m5_5rlsd6l9fk2w4ngj13k6m0000gn/T/swbuild.tmp.Qwrkh9On/Data.noindex/Test/aProject/build/SwiftExplicitPrecompiledModules/_StringProcessing-13GX4EAKQZW8B.swiftmodule"]), Task(forTarget: TargetA, ruleInfo: ["RegisterExecutionPolicyException", "/private/var/folders/xr/m5_5rlsd6l9fk2w4ngj13k6m0000gn/T/swbuild.tmp.Qwrkh9On/Data.noindex/Test/aProject/build/Debug/TargetA.framework"]), Task(forTarget: TargetA, ruleInfo: ["Copy", "/private/var/folders/xr/m5_5rlsd6l9fk2w4ngj13k6m0000gn/T/swbuild.tmp.Qwrkh9On/Data.noindex/Test/aProject/build/Debug/TargetA.framework/Versions/A/Modules/TargetA.swiftmodule/Project/x86_64-apple-macos.swiftsourceinfo", "/private/var/folders/xr/m5_5rlsd6l9fk2w4ngj13k6m0000gn/T/swbuild.tmp.Qwrkh9On/Data.noindex/Test/aProject/build/aProject.build/Debug/TargetA.build/Objects-normal/x86_64/TargetA.swiftsourceinfo"]), Task(forTarget: <none>, ruleInfo: ["Gate", "target-TargetB-T-TargetB-21793--copy-headers-completion"]), Task(forTarget: <none>, ruleInfo: ["Gate", "target-TargetB-T-TargetB-21793--TestEntryPointTaskProducerFactory"]), Task(forTarget: TargetA, ruleInfo: ["Gate", "target-TargetA-T-TargetA-21785--immediate"]), Task(forTarget: <none>, ruleInfo: ["Gate", "target-TargetA-T-TargetA-21785--Barrier-RegisterProduct"]), Task(forTarget: <none>, ruleInfo: ["Gate", "target-TargetB-T-TargetB-21793--Barrier-Validate"]), Task(forTarget: TargetB, ruleInfo: ["Copy", "/private/var/folders/xr/m5_5rlsd6l9fk2w4ngj13k6m0000gn/T/swbuild.tmp.Qwrkh9On/Data.noindex/Test/aProject/build/Debug/TargetB.framework/Versions/A/Modules/TargetB.swiftmodule/x86_64-apple-macos.swiftmodule", "/private/var/folders/xr/m5_5rlsd6l9fk2w4ngj13k6m0000gn/T/swbuild.tmp.Qwrkh9On/Data.noindex/Test/aProject/build/aProject.build/Debug/TargetB.build/Objects-normal/x86_64/TargetB.swiftmodule"]), Task(forTarget: TargetB, ruleInfo: ["WriteAuxiliaryFile", "/private/var/folders/xr/m5_5rlsd6l9fk2w4ngj13k6m0000gn/T/swbuild.tmp.Qwrkh9On/Data.noindex/Test/aProject/build/aProject.build/Debug/TargetB.build/TargetB-generated-files.hmap"]), Task(forTarget: TargetA, ruleInfo: ["Gate", "target-TargetA-T-TargetA-21785--begin-compiling"]), Task(forTarget: TargetA, ruleInfo: ["WriteAuxiliaryFile", "/private/var/folders/xr/m5_5rlsd6l9fk2w4ngj13k6m0000gn/T/swbuild.tmp.Qwrkh9On/Data.noindex/Test/aProject/build/aProject.build/Debug/TargetA.build/TargetA.hmap"]), Task(forTarget: TargetA, ruleInfo: ["SwiftEmitModule", "normal", "x86_64", "Emitting module for TargetA"]), Task(forTarget: TargetB, ruleInfo: ["Gate", "target-TargetB-T-TargetB-21793--begin-compiling"]), Task(forTarget: <none>, ruleInfo: ["Gate", "target-TargetB-T-TargetB-21793--SwiftPackageCopyFilesTaskProducer"]), Task(forTarget: <none>, ruleInfo: ["Gate", "target-TargetA-T-TargetA-21785--SanitizerTaskProducer"]), Task(forTarget: TargetA, ruleInfo: ["WriteAuxiliaryFile", "/private/var/folders/xr/m5_5rlsd6l9fk2w4ngj13k6m0000gn/T/swbuild.tmp.Qwrkh9On/Data.noindex/Test/aProject/build/aProject.build/Debug/TargetA.build/TargetA-own-target-headers.hmap"]), Task(forTarget: TargetA, ruleInfo: ["WriteAuxiliaryFile", "/private/var/folders/xr/m5_5rlsd6l9fk2w4ngj13k6m0000gn/T/swbuild.tmp.Qwrkh9On/Data.noindex/Test/aProject/build/aProject.build/Debug/TargetA.build/Objects-normal/x86_64/TargetA.LinkFileList"]), Task(forTarget: TargetA, ruleInfo: ["SwiftCompile", "normal", "x86_64", "Compiling fileA1.swift", "/private/var/folders/xr/m5_5rlsd6l9fk2w4ngj13k6m0000gn/T/swbuild.tmp.Qwrkh9On/Data.noindex/Test/aProject/Sources/fileA1.swift"])]
↳ Occasionally fails in CI due to SwiftExplicitDependencyCompileModuleFromInterface missing from the dependency graph
━ Test swiftEagerCompilationWithExplicitModules() recorded a known issue at SwiftDriverTests.swift:3599:55: Issue recorded
↳ Task Task(forTarget: TargetA, ruleInfo: ["SwiftEmitModule", "normal", "x86_64", "Emitting module for TargetA"]) does not follow any tasks matching [Rule matches [SWBTestSupport.StringPattern.equal("SwiftExplicitDependencyCompileModuleFromInterface"), SWBTestSupport.StringPattern.equal("normal"), SWBTestSupport.StringPattern.equal("x86_64"), SWBTestSupport.StringPattern.contains("_StringProcessing-")]]. Found: [] in [Task(forTarget: TargetA, ruleInfo: ["Ld", "/private/var/folders/xr/m5_5rlsd6l9fk2w4ngj13k6m0000gn/T/swbuild.tmp.Qwrkh9On/Data.noindex/Test/aProject/build/Debug/TargetA.framework/Versions/A/TargetA", "normal"]), Task(forTarget: <none>, ruleInfo: ["Gate", "target-TargetA-T-TargetA-21785--Barrier-RegisterExecutionPolicyException"]), Task(forTarget: TargetA, ruleInfo: ["MkDir", "/private/var/folders/xr/m5_5rlsd6l9fk2w4ngj13k6m0000gn/T/swbuild.tmp.Qwrkh9On/Data.noindex/Test/aProject/build/Debug/TargetA.framework/Versions"]), Task(forTarget: TargetA, ruleInfo: ["SymLink", "/private/var/folders/xr/m5_5rlsd6l9fk2w4ngj13k6m0000gn/T/swbuild.tmp.Qwrkh9On/Data.noindex/Test/aProject/build/EagerLinkingTBDs/Debug/TargetA.framework/TargetA.tbd", "/private/var/folders/xr/m5_5rlsd6l9fk2w4ngj13k6m0000gn/T/swbuild.tmp.Qwrkh9On/Data.noindex/Test/aProject/build/EagerLinkingTBDs/Debug/TargetA.framework/Versions/A/TargetA.tbd"]), Task(forTarget: <none>, ruleInfo: ["Gate", "target-TargetB-T-TargetB-21793--GeneratedFilesTaskProducer"]), Task(forTarget: TargetA, ruleInfo: ["ExtractAppIntentsMetadata"]), Task(forTarget: TargetB, ruleInfo: ["MkDir", "/private/var/folders/xr/m5_5rlsd6l9fk2w4ngj13k6m0000gn/T/swbuild.tmp.Qwrkh9On/Data.noindex/Test/aProject/build/Debug/TargetB.framework/Versions/A/Headers"]), Task(forTarget: <none>, ruleInfo: ["Gate", "target-TargetA-T-TargetA-21785--Barrier-StripSymbols"]), Task(forTarget: TargetB, ruleInfo: ["SwiftDriver Compilation", "TargetB", "normal", "x86_64", "com.apple.xcode.tools.swift.compiler"]), Task(forTarget: TargetB, ruleInfo: ["WriteAuxiliaryFile", "/private/var/folders/xr/m5_5rlsd6l9fk2w4ngj13k6m0000gn/T/swbuild.tmp.Qwrkh9On/Data.noindex/Test/aProject/build/aProject.build/Debug/TargetB.build/Objects-normal/x86_64/TargetB.SwiftConstValuesFileList"]), Task(forTarget: <none>, ruleInfo: ["Gate", "target-TargetB-T-TargetB-21793--TAPISymbolExtractorTaskProducer"]), Task(forTarget: <none>, ruleInfo: ["Gate", "target-TargetB-T-TargetB-21793--swift-generated-headers"]), Task(forTarget: <none>, ruleInfo: ["Gate", "target-TargetB-T-TargetB-21793--ProductPostprocessingTaskProducer"]), Task(forTarget: <none>, ruleInfo: ["Gate", "target-TargetB-T-TargetB-21793--RealityAssetsTaskProducer"]), Task(forTarget: <none>, ruleInfo: ["Gate", "target-TargetA-T-TargetA-21785--Barrier-CopyAside"]), Task(forTarget: <none>, ruleInfo: ["SwiftExplicitDependencyGeneratePcm", "x86_64", "/private/var/folders/xr/m5_5rlsd6l9fk2w4ngj13k6m0000gn/T/swbuild.tmp.Qwrkh9On/Data.noindex/Test/aProject/build/SwiftExplicitPrecompiledModules/SwiftShims-E7NR5GGR9Z7GY7PSRPSK1C6L1.pcm"]), Task(forTarget: TargetA, ruleInfo: ["Copy", "/private/var/folders/xr/m5_5rlsd6l9fk2w4ngj13k6m0000gn/T/swbuild.tmp.Qwrkh9On/Data.noindex/Test/aProject/build/Debug/TargetA.framework/Versions/A/Modules/TargetA.swiftmodule/x86_64-apple-macos.swiftdoc", "/private/var/folders/xr/m5_5rlsd6l9fk2w4ngj13k6m0000gn/T/swbuild.tmp.Qwrkh9On/Data.noindex/Test/aProject/build/aProject.build/Debug/TargetA.build/Objects-normal/x86_64/TargetA.swiftdoc"]), Task(forTarget: TargetB, ruleInfo: ["Gate", "target-TargetB-T-TargetB-21793--begin-scanning"]), Task(forTarget: <none>, ruleInfo: ["Gate", "target-TargetB-T-TargetB-21793--ModuleVerifierTaskProducer"]), Task(forTarget: TargetA, ruleInfo: ["SymLink", "/private/var/folders/xr/m5_5rlsd6l9fk2w4ngj13k6m0000gn/T/swbuild.tmp.Qwrkh9On/Data.noindex/Test/aProject/build/Debug/TargetA.framework/Headers", "Versions/Current/Headers"]), Task(forTarget: TargetB, ruleInfo: ["SwiftCompile", "normal", "x86_64", "Compiling fileB2.swift", "/private/var/folders/xr/m5_5rlsd6l9fk2w4ngj13k6m0000gn/T/swbuild.tmp.Qwrkh9On/Data.noindex/Test/aProject/Sources/fileB2.swift"]), Task(forTarget: TargetB, ruleInfo: ["Gate", "target-TargetB-T-TargetB-21793--linker-inputs-ready"]), Task(forTarget: <none>, ruleInfo: ["Gate", "target-TargetA-T-TargetA-21785--Barrier-ChangePermissions"]), Task(forTarget: TargetA, ruleInfo: ["WriteAuxiliaryFile", "/private/var/folders/xr/m5_5rlsd6l9fk2w4ngj13k6m0000gn/T/swbuild.tmp.Qwrkh9On/Data.noindex/Test/aProject/build/aProject.build/Debug/TargetA.build/TargetA-all-target-headers.hmap"]), Task(forTarget: TargetA, ruleInfo: ["SwiftDriver Compilation Requirements", "TargetA", "normal", "x86_64", "com.apple.xcode.tools.swift.compiler"]), Task(forTarget: TargetA, ruleInfo: ["WriteAuxiliaryFile", "/private/var/folders/xr/m5_5rlsd6l9fk2w4ngj13k6m0000gn/T/swbuild.tmp.Qwrkh9On/Data.noindex/Test/aProject/build/aProject.build/Debug/TargetA.build/Objects-normal/x86_64/TargetA_const_extract_protocols.json"]), Task(forTarget: TargetA, ruleInfo: ["Gate", "target-TargetA-T-TargetA-21785--entry"]), Task(forTarget: TargetA, ruleInfo: ["WriteAuxiliaryFile", "/private/var/folders/xr/m5_5rlsd6l9fk2w4ngj13k6m0000gn/T/swbuild.tmp.Qwrkh9On/Data.noindex/Test/aProject/build/aProject.build/Debug/TargetA.build/TargetA.DependencyMetadataFileList"]), Task(forTarget: TargetA, ruleInfo: ["Copy", "/private/var/folders/xr/m5_5rlsd6l9fk2w4ngj13k6m0000gn/T/swbuild.tmp.Qwrkh9On/Data.noindex/Test/aProject/build/Debug/TargetA.framework/Versions/A/Modules/TargetA.swiftmodule/x86_64-apple-macos.swiftmodule", "/private/var/folders/xr/m5_5rlsd6l9fk2w4ngj13k6m0000gn/T/swbuild.tmp.Qwrkh9On/Data.noindex/Test/aProject/build/aProject.build/Debug/TargetA.build/Objects-normal/x86_64/TargetA.swiftmodule"]), Task(forTarget: <none>, ruleInfo: ["Gate", "target-TargetB-T-TargetB-21793--Barrier-RegisterProduct"]), Task(forTarget: TargetB, ruleInfo: ["SwiftDriver Compilation Requirements", "TargetB", "normal", "x86_64", "com.apple.xcode.tools.swift.compiler"]), Task(forTarget: <none>, ruleInfo: ["Gate", "target-TargetB-T-TargetB-21793--StubBinaryTaskProducer"]), Task(forTarget: TargetB, ruleInfo: ["Gate", "target-TargetB-T-TargetB-21793--entry"]), Task(forTarget: <none>, ruleInfo: ["SwiftExplicitDependencyCompileModuleFromInterface", "x86_64", "/private/var/folders/xr/m5_5rlsd6l9fk2w4ngj13k6m0000gn/T/swbuild.tmp.Qwrkh9On/Data.noindex/Test/aProject/build/SwiftExplicitPrecompiledModules/Swift-1039YR9EBE61.swiftmodule"]), Task(forTarget: <none>, ruleInfo: ["Gate", "target-TargetB-T-TargetB-21793--GenerateAppPlaygroundAssetCatalogTaskProducer"]), Task(forTarget: TargetB, ruleInfo: ["Gate", "target-TargetB-T-TargetB-21793--begin-linking"]), Task(forTarget: TargetA, ruleInfo: ["WriteAuxiliaryFile", "/private/var/folders/xr/m5_5rlsd6l9fk2w4ngj13k6m0000gn/T/swbuild.tmp.Qwrkh9On/Data.noindex/Test/aProject/build/aProject.build/Debug/TargetA.build/Objects-normal/x86_64/TargetA-OutputFileMap.json"]), Task(forTarget: TargetB, ruleInfo: ["WriteAuxiliaryFile", "/private/var/folders/xr/m5_5rlsd6l9fk2w4ngj13k6m0000gn/T/swbuild.tmp.Qwrkh9On/Data.noindex/Test/aProject/build/aProject.build/Debug/TargetB.build/TargetB.DependencyMetadataFileList"]), Task(forTarget: TargetB, ruleInfo: ["WriteAuxiliaryFile", "/private/var/folders/xr/m5_5rlsd6l9fk2w4ngj13k6m0000gn/T/swbuild.tmp.Qwrkh9On/Data.noindex/Test/aProject/build/aProject.build/Debug/TargetB.build/TargetB.hmap"]), Task(forTarget: <none>, ruleInfo: ["CreateBuildDirectory", "/private/var/folders/xr/m5_5rlsd6l9fk2w4ngj13k6m0000gn/T/swbuild.tmp.Qwrkh9On/Data.noindex/Test/aProject/build/SharedPrecompiledHeaders"]), Task(forTarget: TargetA, ruleInfo: ["Gate", "target-TargetA-T-TargetA-21785--unsigned-product-ready"]), Task(forTarget: TargetA, ruleInfo: ["Gate", "target-TargetA-T-TargetA-21785--will-sign"]), Task(forTarget: TargetB, ruleInfo: ["Copy", "/private/var/folders/xr/m5_5rlsd6l9fk2w4ngj13k6m0000gn/T/swbuild.tmp.Qwrkh9On/Data.noindex/Test/aProject/build/Debug/TargetB.framework/Versions/A/Modules/TargetB.swiftmodule/Project/x86_64-apple-macos.swiftsourceinfo", "/private/var/folders/xr/m5_5rlsd6l9fk2w4ngj13k6m0000gn/T/swbuild.tmp.Qwrkh9On/Data.noindex/Test/aProject/build/aProject.build/Debug/TargetB.build/Objects-normal/x86_64/TargetB.swiftsourceinfo"]), Task(forTarget: TargetA, ruleInfo: ["WriteAuxiliaryFile", "/private/var/folders/xr/m5_5rlsd6l9fk2w4ngj13k6m0000gn/T/swbuild.tmp.Qwrkh9On/Data.noindex/Test/aProject/build/aProject.build/Debug/TargetA.build/TargetA-generated-files.hmap"]), Task(forTarget: TargetA, ruleInfo: ["Gate", "target-TargetA-T-TargetA-21785--linker-inputs-ready"]), Task(forTarget: <none>, ruleInfo: ["Gate", "target-TargetB-T-TargetB-21793--Barrier-GenerateStubAPI"]), Task(forTarget: <none>, ruleInfo: ["Gate", "target-TargetA-T-TargetA-21785--ModuleVerifierTaskProducer"]), Task(forTarget: <none>, ruleInfo: ["Gate", "target-TargetB-T-TargetB-21793--SwiftFrameworkABICheckerTaskProducer"]), Task(forTarget: TargetB, ruleInfo: ["Gate", "target-TargetB-T-TargetB-21793--end"]), Task(forTarget: TargetB, ruleInfo: ["WriteAuxiliaryFile", "/private/var/folders/xr/m5_5rlsd6l9fk2w4ngj13k6m0000gn/T/swbuild.tmp.Qwrkh9On/Data.noindex/Test/aProject/build/aProject.build/Debug/TargetB.build/TargetB-all-target-headers.hmap"]), Task(forTarget: <none>, ruleInfo: ["SwiftExplicitDependencyGeneratePcm", "x86_64", "/private/var/folders/xr/m5_5rlsd6l9fk2w4ngj13k6m0000gn/T/swbuild.tmp.Qwrkh9On/Data.noindex/Test/aProject/build/SwiftExplicitPrecompiledModules/_SwiftConcurrencyShims-BUR8XM1R06AS02RWV63HPG1KR.pcm"]), Task(forTarget: <none>, ruleInfo: ["Gate", "target-TargetB-T-TargetB-21793--Barrier-ChangePermissions"]), Task(forTarget: <none>, ruleInfo: ["Gate", "target-TargetB-T-TargetB-21793--Barrier-CodeSign"]), Task(forTarget: TargetB, ruleInfo: ["Touch", "/private/var/folders/xr/m5_5rlsd6l9fk2w4ngj13k6m0000gn/T/swbuild.tmp.Qwrkh9On/Data.noindex/Test/aProject/build/Debug/TargetB.framework"]), Task(forTarget: <none>, ruleInfo: ["Gate", "target-TargetB-T-TargetB-21793--Barrier-StripSymbols"]), Task(forTarget: TargetB, ruleInfo: ["WriteAuxiliaryFile", "/private/var/folders/xr/m5_5rlsd6l9fk2w4ngj13k6m0000gn/T/swbuild.tmp.Qwrkh9On/Data.noindex/Test/aProject/build/aProject.build/Debug/TargetB.build/Objects-normal/x86_64/TargetB-OutputFileMap.json"]), Task(forTarget: TargetB, ruleInfo: ["GenerateTAPI", "/private/var/folders/xr/m5_5rlsd6l9fk2w4ngj13k6m0000gn/T/swbuild.tmp.Qwrkh9On/Data.noindex/Test/aProject/build/EagerLinkingTBDs/Debug/TargetB.framework/Versions/A/TargetB.tbd"]), Task(forTarget: TargetB, ruleInfo: ["SwiftEmitModule", "normal", "x86_64", "Emitting module for TargetB"]), Task(forTarget: TargetB, ruleInfo: ["MkDir", "/private/var/folders/xr/m5_5rlsd6l9fk2w4ngj13k6m0000gn/T/swbuild.tmp.Qwrkh9On/Data.noindex/Test/aProject/build/Debug/TargetB.framework/Versions"]), Task(forTarget: TargetA, ruleInfo: ["WriteAuxiliaryFile", "/private/var/folders/xr/m5_5rlsd6l9fk2w4ngj13k6m0000gn/T/swbuild.tmp.Qwrkh9On/Data.noindex/Test/aProject/build/aProject.build/Debug/TargetA.build/Objects-normal/x86_64/TargetA.SwiftFileList"]), Task(forTarget: TargetB, ruleInfo: ["ExtractAppIntentsMetadata"]), Task(forTarget: <none>, ruleInfo: ["Gate", "target-TargetB-T-TargetB-21793--ProductStructureTaskProducer"]), Task(forTarget: <none>, ruleInfo: ["Gate", "target-TargetB-T-TargetB-21793--HeadermapTaskProducer"]), Task(forTarget: <none>, ruleInfo: ["CreateBuildDirectory", "/private/var/folders/xr/m5_5rlsd6l9fk2w4ngj13k6m0000gn/T/swbuild.tmp.Qwrkh9On/Data.noindex/Test/aProject/build/Debug"]), Task(forTarget: TargetA, ruleInfo: ["WriteAuxiliaryFile", "/private/var/folders/xr/m5_5rlsd6l9fk2w4ngj13k6m0000gn/T/swbuild.tmp.Qwrkh9On/Data.noindex/Test/aProject/build/aProject.build/Debug/TargetA.build/TargetA.DependencyStaticMetadataFileList"]), Task(forTarget: <none>, ruleInfo: ["Gate", "target-TargetB-T-TargetB-21793--ExtensionPointExtractorTaskProducer"]), Task(forTarget: <none>, ruleInfo: ["Gate", "target-TargetB-T-TargetB-21793--SwiftStandardLibrariesTaskProducer"]), Task(forTarget: TargetA, ruleInfo: ["Copy", "/private/var/folders/xr/m5_5rlsd6l9fk2w4ngj13k6m0000gn/T/swbuild.tmp.Qwrkh9On/Data.noindex/Test/aProject/build/Debug/TargetA.framework/Versions/A/Modules/TargetA.swiftmodule/x86_64-apple-macos.abi.json", "/private/var/folders/xr/m5_5rlsd6l9fk2w4ngj13k6m0000gn/T/swbuild.tmp.Qwrkh9On/Data.noindex/Test/aProject/build/aProject.build/Debug/TargetA.build/Objects-normal/x86_64/TargetA.abi.json"]), Task(forTarget: <none>, ruleInfo: ["CreateBuildDirectory", "/private/var/folders/xr/m5_5rlsd6l9fk2w4ngj13k6m0000gn/T/swbuild.tmp.Qwrkh9On/Data.noindex/Test/aProject/build/ExplicitPrecompiledModules"]), Task(forTarget: TargetB, ruleInfo: ["Gate", "target-TargetB-T-TargetB-21793--immediate"]), Task(forTarget: <none>, ruleInfo: ["Gate", "target-TargetA-T-TargetA-21785--AppExtensionInfoPlistGeneratorTaskProducer"]), Task(forTarget: TargetB, ruleInfo: ["SymLink", "/private/var/folders/xr/m5_5rlsd6l9fk2w4ngj13k6m0000gn/T/swbuild.tmp.Qwrkh9On/Data.noindex/Test/aProject/build/Debug/TargetB.framework/Modules", "Versions/Current/Modules"]), Task(forTarget: <none>, ruleInfo: ["Gate", "target-TargetA-T-TargetA-21785--swift-generated-headers"]), Task(forTarget: <none>, ruleInfo: ["Gate", "target-TargetB-T-TargetB-21793--InfoPlistTaskProducer"]), Task(forTarget: <none>, ruleInfo: ["Gate", "target-TargetB-T-TargetB-21793--AppExtensionInfoPlistGeneratorTaskProducer"]), Task(forTarget: TargetB, ruleInfo: ["SwiftDriver", "TargetB", "normal", "x86_64", "com.apple.xcode.tools.swift.compiler"]), Task(forTarget: <none>, ruleInfo: ["Gate", "target-TargetA-T-TargetA-21785--CopySwiftPackageResourcesTaskProducer"]), Task(forTarget: <none>, ruleInfo: ["Gate", "target-TargetA-T-TargetA-21785--ProductStructureTaskProducer"]), Task(forTarget: TargetA, ruleInfo: ["SymLink", "/private/var/folders/xr/m5_5rlsd6l9fk2w4ngj13k6m0000gn/T/swbuild.tmp.Qwrkh9On/Data.noindex/Test/aProject/build/Debug/TargetA.framework/Versions/Current", "A"]), Task(forTarget: TargetA, ruleInfo: ["SwiftMergeGeneratedHeaders", "/private/var/folders/xr/m5_5rlsd6l9fk2w4ngj13k6m0000gn/T/swbuild.tmp.Qwrkh9On/Data.noindex/Test/aProject/build/Debug/TargetA.framework/Versions/A/Headers/TargetA-Swift.h", "/private/var/folders/xr/m5_5rlsd6l9fk2w4ngj13k6m0000gn/T/swbuild.tmp.Qwrkh9On/Data.noindex/Test/aProject/build/aProject.build/Debug/TargetA.build/Objects-normal/x86_64/TargetA-Swift.h"]), Task(forTarget: <none>, ruleInfo: ["Gate", "target-TargetA-T-TargetA-21785--ProductPostprocessingTaskProducer"]), Task(forTarget: TargetB, ruleInfo: ["Copy", "/private/var/folders/xr/m5_5rlsd6l9fk2w4ngj13k6m0000gn/T/swbuild.tmp.Qwrkh9On/Data.noindex/Test/aProject/build/Debug/TargetB.framework/Versions/A/Modules/TargetB.swiftmodule/x86_64-apple-macos.swiftdoc", "/private/var/folders/xr/m5_5rlsd6l9fk2w4ngj13k6m0000gn/T/swbuild.tmp.Qwrkh9On/Data.noindex/Test/aProject/build/aProject.build/Debug/TargetB.build/Objects-normal/x86_64/TargetB.swiftdoc"]), Task(forTarget: <none>, ruleInfo: ["Gate", "target-TargetA-T-TargetA-21785--DocumentationTaskProducer"]), Task(forTarget: TargetB, ruleInfo: ["SymLink", "/private/var/folders/xr/m5_5rlsd6l9fk2w4ngj13k6m0000gn/T/swbuild.tmp.Qwrkh9On/Data.noindex/Test/aProject/build/Debug/TargetB.framework/Versions/Current", "A"]), Task(forTarget: <none>, ruleInfo: ["Gate", "target-TargetA-T-TargetA-21785--InfoPlistTaskProducer"]), Task(forTarget: <none>, ruleInfo: ["CreateBuildDirectory", "/private/var/folders/xr/m5_5rlsd6l9fk2w4ngj13k6m0000gn/T/swbuild.tmp.Qwrkh9On/Data.noindex/Test/aProject/build"]), Task(forTarget: <none>, ruleInfo: ["Gate", "target-TargetA-T-TargetA-21785--SwiftABIBaselineGenerationTaskProducer"]), Task(forTarget: TargetA, ruleInfo: ["SwiftDriver Compilation", "TargetA", "normal", "x86_64", "com.apple.xcode.tools.swift.compiler"]), Task(forTarget: TargetB, ruleInfo: ["SwiftMergeGeneratedHeaders", "/private/var/folders/xr/m5_5rlsd6l9fk2w4ngj13k6m0000gn/T/swbuild.tmp.Qwrkh9On/Data.noindex/Test/aProject/build/Debug/TargetB.framework/Versions/A/Headers/TargetB-Swift.h", "/private/var/folders/xr/m5_5rlsd6l9fk2w4ngj13k6m0000gn/T/swbuild.tmp.Qwrkh9On/Data.noindex/Test/aProject/build/aProject.build/Debug/TargetB.build/Objects-normal/x86_64/TargetB-Swift.h"]), Task(forTarget: TargetB, ruleInfo: ["Ld", "/private/var/folders/xr/m5_5rlsd6l9fk2w4ngj13k6m0000gn/T/swbuild.tmp.Qwrkh9On/Data.noindex/Test/aProject/build/Debug/TargetB.framework/Versions/A/TargetB", "normal"]), Task(forTarget: TargetB, ruleInfo: ["WriteAuxiliaryFile", "/private/var/folders/xr/m5_5rlsd6l9fk2w4ngj13k6m0000gn/T/swbuild.tmp.Qwrkh9On/Data.noindex/Test/aProject/build/aProject.build/Debug/TargetB.build/TargetB-all-non-framework-target-headers.hmap"]), Task(forTarget: <none>, ruleInfo: ["Gate", "target-TargetA-T-TargetA-21785--TAPISymbolExtractorTaskProducer"]), Task(forTarget: <none>, ruleInfo: ["SwiftExplicitDependencyCompileModuleFromInterface", "x86_64", "/private/var/folders/xr/m5_5rlsd6l9fk2w4ngj13k6m0000gn/T/swbuild.tmp.Qwrkh9On/Data.noindex/Test/aProject/build/SwiftExplicitPrecompiledModules/_Concurrency-2W8LU3DF58RLX.swiftmodule"]), Task(forTarget: <none>, ruleInfo: ["Gate", "target-TargetB-T-TargetB-21793--Barrier-ChangeAlternatePermissions"]), Task(forTarget: <none>, ruleInfo: ["Gate", "target-TargetA-T-TargetA-21785--SwiftPackageCopyFilesTaskProducer"]), Task(forTarget: <none>, ruleInfo: ["Gate", "target-TargetA-T-TargetA-21785--copy-headers-completion"]), Task(forTarget: <none>, ruleInfo: ["Gate", "WorkspaceHeaderMapVFSFilesWritten"]), Task(forTarget: TargetA, ruleInfo: ["Gate", "target-TargetA-T-TargetA-21785--modules-ready"]), Task(forTarget: <none>, ruleInfo: ["Gate", "target-TargetB-T-TargetB-21793--SanitizerTaskProducer"]), Task(forTarget: <none>, ruleInfo: ["Gate", "target-TargetA-T-TargetA-21785--Barrier-ChangeAlternatePermissions"]), Task(forTarget: TargetB, ruleInfo: ["SymLink", "/private/var/folders/xr/m5_5rlsd6l9fk2w4ngj13k6m0000gn/T/swbuild.tmp.Qwrkh9On/Data.noindex/Test/aProject/build/Debug/TargetB.framework/Headers", "Versions/Current/Headers"]), Task(forTarget: <none>, ruleInfo: ["CreateBuildDirectory", "/var/folders/xr/m5_5rlsd6l9fk2w4ngj13k6m0000gn/C/com.apple.DeveloperTools/26.4.1-17E202/Xcode/CompilationCache.noindex"]), Task(forTarget: <none>, ruleInfo: ["Gate", "target-TargetA-T-TargetA-21785--CustomTaskProducer"]), Task(forTarget: <none>, ruleInfo: ["Gate", "target-TargetA-T-TargetA-21785--AppIntentsMetadataTaskProducer"]), Task(forTarget: TargetB, ruleInfo: ["Copy", "/private/var/folders/xr/m5_5rlsd6l9fk2w4ngj13k6m0000gn/T/swbuild.tmp.Qwrkh9On/Data.noindex/Test/aProject/build/Debug/TargetB.framework/Versions/A/Modules/TargetB.swiftmodule/x86_64-apple-macos.abi.json", "/private/var/folders/xr/m5_5rlsd6l9fk2w4ngj13k6m0000gn/T/swbuild.tmp.Qwrkh9On/Data.noindex/Test/aProject/build/aProject.build/Debug/TargetB.build/Objects-normal/x86_64/TargetB.abi.json"]), Task(forTarget: <none>, ruleInfo: ["Gate", "target-TargetA-T-TargetA-21785--TestHostTaskProducer"]), Task(forTarget: TargetB, ruleInfo: ["WriteAuxiliaryFile", "/private/var/folders/xr/m5_5rlsd6l9fk2w4ngj13k6m0000gn/T/swbuild.tmp.Qwrkh9On/Data.noindex/Test/aProject/build/aProject.build/Debug/TargetB.build/Objects-normal/x86_64/TargetB.LinkFileList"]), Task(forTarget: <none>, ruleInfo: ["Gate", "target-TargetA-T-TargetA-21785--TestTargetPostprocessingTaskProducer"]), Task(forTarget: <none>, ruleInfo: ["Gate", "target-TargetA-T-TargetA-21785--Barrier-GenerateStubAPI"]), Task(forTarget: TargetB, ruleInfo: ["Gate", "target-TargetB-T-TargetB-21793--will-sign"]), Task(forTarget: <none>, ruleInfo: ["Gate", "target-TargetA-T-TargetA-21785--generated-headers"]), Task(forTarget: <none>, ruleInfo: ["Gate", "target-TargetB-T-TargetB-21793--Barrier-RegisterExecutionPolicyException"]), Task(forTarget: TargetB, ruleInfo: ["SymLink", "/private/var/folders/xr/m5_5rlsd6l9fk2w4ngj13k6m0000gn/T/swbuild.tmp.Qwrkh9On/Data.noindex/Test/aProject/build/EagerLinkingTBDs/Debug/TargetB.framework/TargetB.tbd", "/private/var/folders/xr/m5_5rlsd6l9fk2w4ngj13k6m0000gn/T/swbuild.tmp.Qwrkh9On/Data.noindex/Test/aProject/build/EagerLinkingTBDs/Debug/TargetB.framework/Versions/A/TargetB.tbd"]), Task(forTarget: TargetB, ruleInfo: ["WriteAuxiliaryFile", "/private/var/folders/xr/m5_5rlsd6l9fk2w4ngj13k6m0000gn/T/swbuild.tmp.Qwrkh9On/Data.noindex/Test/aProject/build/aProject.build/Debug/TargetB.build/TargetB-own-target-headers.hmap"]), Task(forTarget: TargetB, ruleInfo: ["WriteAuxiliaryFile", "/private/var/folders/xr/m5_5rlsd6l9fk2w4ngj13k6m0000gn/T/swbuild.tmp.Qwrkh9On/Data.noindex/Test/aProject/build/aProject.build/Debug/TargetB.build/TargetB-project-headers.hmap"]), Task(forTarget: <none>, ruleInfo: ["Gate", "target-TargetB-T-TargetB-21793--DocumentationTaskProducer"]), Task(forTarget: <none>, ruleInfo: ["Gate", "target-TargetA-T-TargetA-21785--TestEntryPointTaskProducerFactory"]), Task(forTarget: <none>, ruleInfo: ["Gate", "target-TargetA-T-TargetA-21785--TestTargetTaskProducer"]), Task(forTarget: TargetA, ruleInfo: ["Touch", "/private/var/folders/xr/m5_5rlsd6l9fk2w4ngj13k6m0000gn/T/swbuild.tmp.Qwrkh9On/Data.noindex/Test/aProject/build/Debug/TargetA.framework"]), Task(forTarget: <none>, ruleInfo: ["Gate", "target-TargetA-T-TargetA-21785--HeadermapTaskProducer"]), Task(forTarget: <none>, ruleInfo: ["Gate", "target-TargetB-T-TargetB-21793--fused-phase0-compile-sources&link-binary"]), Task(forTarget: TargetB, ruleInfo: ["WriteAuxiliaryFile", "/private/var/folders/xr/m5_5rlsd6l9fk2w4ngj13k6m0000gn/T/swbuild.tmp.Qwrkh9On/Data.noindex/Test/aProject/build/aProject.build/Debug/TargetB.build/TargetB.DependencyStaticMetadataFileList"]), Task(forTarget: <none>, ruleInfo: ["Gate", "target-TargetB-T-TargetB-21793--TestTargetTaskProducer"]), Task(forTarget: <none>, ruleInfo: ["Gate", "target-TargetA-T-TargetA-21785--RealityAssetsTaskProducer"]), Task(forTarget: <none>, ruleInfo: ["Gate", "target-TargetB-T-TargetB-21793--CustomTaskProducer"]), Task(forTarget: TargetB, ruleInfo: ["RegisterExecutionPolicyException", "/private/var/folders/xr/m5_5rlsd6l9fk2w4ngj13k6m0000gn/T/swbuild.tmp.Qwrkh9On/Data.noindex/Test/aProject/build/Debug/TargetB.framework"]), Task(forTarget: TargetA, ruleInfo: ["WriteAuxiliaryFile", "/private/var/folders/xr/m5_5rlsd6l9fk2w4ngj13k6m0000gn/T/swbuild.tmp.Qwrkh9On/Data.noindex/Test/aProject/build/aProject.build/Debug/TargetA.build/TargetA-all-non-framework-target-headers.hmap"]), Task(forTarget: TargetB, ruleInfo: ["SwiftCompile", "normal", "x86_64", "Compiling fileB1.swift", "/private/var/folders/xr/m5_5rlsd6l9fk2w4ngj13k6m0000gn/T/swbuild.tmp.Qwrkh9On/Data.noindex/Test/aProject/Sources/fileB1.swift"]), Task(forTarget: <none>, ruleInfo: ["Gate", "target-TargetA-T-TargetA-21785--Barrier-CodeSign"]), Task(forTarget: <none>, ruleInfo: ["Gate", "target-TargetB-T-TargetB-21793--AppIntentsMetadataTaskProducer"]), Task(forTarget: TargetB, ruleInfo: ["Gate", "target-TargetB-T-TargetB-21793--unsigned-product-ready"]), Task(forTarget: TargetA, ruleInfo: ["SwiftDriver", "TargetA", "normal", "x86_64", "com.apple.xcode.tools.swift.compiler"]), Task(forTarget: TargetA, ruleInfo: ["Gate", "target-TargetA-T-TargetA-21785--end"]), Task(forTarget: TargetA, ruleInfo: ["Gate", "target-TargetA-T-TargetA-21785--begin-scanning"]), Task(forTarget: TargetB, ruleInfo: ["WriteAuxiliaryFile", "/private/var/folders/xr/m5_5rlsd6l9fk2w4ngj13k6m0000gn/T/swbuild.tmp.Qwrkh9On/Data.noindex/Test/aProject/build/aProject.build/Debug/TargetB.build/Objects-normal/x86_64/TargetB_const_extract_protocols.json"]), Task(forTarget: <none>, ruleInfo: ["Gate", "target-TargetA-T-TargetA-21785--StubBinaryTaskProducer"]), Task(forTarget: TargetB, ruleInfo: ["MkDir", "/private/var/folders/xr/m5_5rlsd6l9fk2w4ngj13k6m0000gn/T/swbuild.tmp.Qwrkh9On/Data.noindex/Test/aProject/build/Debug/TargetB.framework/Versions/A"]), Task(forTarget: TargetA, ruleInfo: ["SwiftCompile", "normal", "x86_64", "Compiling fileA2.swift", "/private/var/folders/xr/m5_5rlsd6l9fk2w4ngj13k6m0000gn/T/swbuild.tmp.Qwrkh9On/Data.noindex/Test/aProject/Sources/fileA2.swift"]), Task(forTarget: <none>, ruleInfo: ["Gate", "target-TargetA-T-TargetA-21785--fused-phase0-compile-sources"]), Task(forTarget: <none>, ruleInfo: ["Gate", "target-TargetA-T-TargetA-21785--ModuleMapTaskProducer"]), Task(forTarget: <none>, ruleInfo: ["Gate", "target-TargetA-T-TargetA-21785--GeneratedFilesTaskProducer"]), Task(forTarget: <none>, ruleInfo: ["Gate", "target-TargetA-T-TargetA-21785--SwiftStandardLibrariesTaskProducer"]), Task(forTarget: TargetA, ruleInfo: ["GenerateTAPI", "/private/var/folders/xr/m5_5rlsd6l9fk2w4ngj13k6m0000gn/T/swbuild.tmp.Qwrkh9On/Data.noindex/Test/aProject/build/EagerLinkingTBDs/Debug/TargetA.framework/Versions/A/TargetA.tbd"]), Task(forTarget: <none>, ruleInfo: ["Gate", "target-TargetA-T-TargetA-21785--Barrier-Validate"]), Task(forTarget: TargetB, ruleInfo: ["WriteAuxiliaryFile", "/private/var/folders/xr/m5_5rlsd6l9fk2w4ngj13k6m0000gn/T/swbuild.tmp.Qwrkh9On/Data.noindex/Test/aProject/build/aProject.build/Debug/TargetB.build/Objects-normal/x86_64/TargetB.SwiftFileList"]), Task(forTarget: TargetA, ruleInfo: ["MkDir", "/private/var/folders/xr/m5_5rlsd6l9fk2w4ngj13k6m0000gn/T/swbuild.tmp.Qwrkh9On/Data.noindex/Test/aProject/build/Debug/TargetA.framework"]), Task(forTarget: <none>, ruleInfo: ["Gate", "target-TargetA-T-TargetA-21785--ExtensionPointExtractorTaskProducer"]), Task(forTarget: TargetA, ruleInfo: ["SymLink", "/private/var/folders/xr/m5_5rlsd6l9fk2w4ngj13k6m0000gn/T/swbuild.tmp.Qwrkh9On/Data.noindex/Test/aProject/build/Debug/TargetA.framework/TargetA", "Versions/Current/TargetA"]), Task(forTarget: TargetA, ruleInfo: ["MkDir", "/private/var/folders/xr/m5_5rlsd6l9fk2w4ngj13k6m0000gn/T/swbuild.tmp.Qwrkh9On/Data.noindex/Test/aProject/build/Debug/TargetA.framework/Versions/A"]), Task(forTarget: <none>, ruleInfo: ["Gate", "target-TargetB-T-TargetB-21793--generated-headers"]), Task(forTarget: <none>, ruleInfo: ["Gate", "target-TargetA-T-TargetA-21785--SwiftFrameworkABICheckerTaskProducer"]), Task(forTarget: TargetB, ruleInfo: ["Gate", "target-TargetB-T-TargetB-21793--modules-ready"]), Task(forTarget: <none>, ruleInfo: ["ClangStatCache", "/Applications/Xcode17E.app/Contents/Developer/Toolchains/XcodeDefault.xctoolchain/usr/bin/clang-stat-cache", "/Applications/Xcode17E.app/Contents/Developer/Platforms/MacOSX.platform/Developer/SDKs/MacOSX26.4.sdk", "/private/var/folders/xr/m5_5rlsd6l9fk2w4ngj13k6m0000gn/T/swbuild.tmp.Qwrkh9On/Data.noindex/Test/SDKStatCaches.noindex/macosx26.4-25E260-95aa6cf8f3effd57bda17e0c125410c0.sdkstatcache"]), Task(forTarget: TargetB, ruleInfo: ["SymLink", "/private/var/folders/xr/m5_5rlsd6l9fk2w4ngj13k6m0000gn/T/swbuild.tmp.Qwrkh9On/Data.noindex/Test/aProject/build/Debug/TargetB.framework/TargetB", "Versions/Current/TargetB"]), Task(forTarget: TargetA, ruleInfo: ["MkDir", "/private/var/folders/xr/m5_5rlsd6l9fk2w4ngj13k6m0000gn/T/swbuild.tmp.Qwrkh9On/Data.noindex/Test/aProject/build/Debug/TargetA.framework/Versions/A/Headers"]), Task(forTarget: <none>, ruleInfo: ["Gate", "target-TargetB-T-TargetB-21793--TestHostTaskProducer"]), Task(forTarget: TargetA, ruleInfo: ["Gate", "target-TargetA-T-TargetA-21785--begin-linking"]), Task(forTarget: <none>, ruleInfo: ["Gate", "target-TargetB-T-TargetB-21793--ModuleMapTaskProducer"]), Task(forTarget: <none>, ruleInfo: ["CreateBuildDirectory", "/private/var/folders/xr/m5_5rlsd6l9fk2w4ngj13k6m0000gn/T/swbuild.tmp.Qwrkh9On/Data.noindex/Test/aProject/build/SwiftExplicitPrecompiledModules"]), Task(forTarget: <none>, ruleInfo: ["Gate", "target-TargetB-T-TargetB-21793--SwiftABIBaselineGenerationTaskProducer"]), Task(forTarget: <none>, ruleInfo: ["Gate", "target-TargetB-T-TargetB-21793--TestTargetPostprocessingTaskProducer"]), Task(forTarget: <none>, ruleInfo: ["CreateBuildDirectory", "/private/var/folders/xr/m5_5rlsd6l9fk2w4ngj13k6m0000gn/T/swbuild.tmp.Qwrkh9On/Data.noindex/Test/aProject/build/EagerLinkingTBDs/Debug"]), Task(forTarget: TargetA, ruleInfo: ["WriteAuxiliaryFile", "/private/var/folders/xr/m5_5rlsd6l9fk2w4ngj13k6m0000gn/T/swbuild.tmp.Qwrkh9On/Data.noindex/Test/aProject/build/aProject.build/Debug/TargetA.build/Objects-normal/x86_64/TargetA.SwiftConstValuesFileList"]), Task(forTarget: <none>, ruleInfo: ["Gate", "target-TargetA-T-TargetA-21785--GenerateAppPlaygroundAssetCatalogTaskProducer"]), Task(forTarget: <none>, ruleInfo: ["WriteAuxiliaryFile", "/private/var/folders/xr/m5_5rlsd6l9fk2w4ngj13k6m0000gn/T/swbuild.tmp.Qwrkh9On/Data.noindex/Test/aProject/build/aProject.build/Debug/aProject-P21796-VFS/all-product-headers.yaml"]), Task(forTarget: <none>, ruleInfo: ["Gate", "target-TargetB-T-TargetB-21793--CopySwiftPackageResourcesTaskProducer"]), Task(forTarget: <none>, ruleInfo: ["Gate", "target-TargetB-T-TargetB-21793--Barrier-CopyAside"]), Task(forTarget: TargetA, ruleInfo: ["WriteAuxiliaryFile", "/private/var/folders/xr/m5_5rlsd6l9fk2w4ngj13k6m0000gn/T/swbuild.tmp.Qwrkh9On/Data.noindex/Test/aProject/build/aProject.build/Debug/TargetA.build/TargetA-project-headers.hmap"]), Task(forTarget: TargetB, ruleInfo: ["MkDir", "/private/var/folders/xr/m5_5rlsd6l9fk2w4ngj13k6m0000gn/T/swbuild.tmp.Qwrkh9On/Data.noindex/Test/aProject/build/Debug/TargetB.framework"]), Task(forTarget: TargetA, ruleInfo: ["SymLink", "/private/var/folders/xr/m5_5rlsd6l9fk2w4ngj13k6m0000gn/T/swbuild.tmp.Qwrkh9On/Data.noindex/Test/aProject/build/Debug/TargetA.framework/Modules", "Versions/Current/Modules"]), Task(forTarget: <none>, ruleInfo: ["SwiftExplicitDependencyCompileModuleFromInterface", "x86_64", "/private/var/folders/xr/m5_5rlsd6l9fk2w4ngj13k6m0000gn/T/swbuild.tmp.Qwrkh9On/Data.noindex/Test/aProject/build/SwiftExplicitPrecompiledModules/_StringProcessing-13GX4EAKQZW8B.swiftmodule"]), Task(forTarget: TargetA, ruleInfo: ["RegisterExecutionPolicyException", "/private/var/folders/xr/m5_5rlsd6l9fk2w4ngj13k6m0000gn/T/swbuild.tmp.Qwrkh9On/Data.noindex/Test/aProject/build/Debug/TargetA.framework"]), Task(forTarget: TargetA, ruleInfo: ["Copy", "/private/var/folders/xr/m5_5rlsd6l9fk2w4ngj13k6m0000gn/T/swbuild.tmp.Qwrkh9On/Data.noindex/Test/aProject/build/Debug/TargetA.framework/Versions/A/Modules/TargetA.swiftmodule/Project/x86_64-apple-macos.swiftsourceinfo", "/private/var/folders/xr/m5_5rlsd6l9fk2w4ngj13k6m0000gn/T/swbuild.tmp.Qwrkh9On/Data.noindex/Test/aProject/build/aProject.build/Debug/TargetA.build/Objects-normal/x86_64/TargetA.swiftsourceinfo"]), Task(forTarget: <none>, ruleInfo: ["Gate", "target-TargetB-T-TargetB-21793--copy-headers-completion"]), Task(forTarget: <none>, ruleInfo: ["Gate", "target-TargetB-T-TargetB-21793--TestEntryPointTaskProducerFactory"]), Task(forTarget: TargetA, ruleInfo: ["Gate", "target-TargetA-T-TargetA-21785--immediate"]), Task(forTarget: <none>, ruleInfo: ["Gate", "target-TargetA-T-TargetA-21785--Barrier-RegisterProduct"]), Task(forTarget: <none>, ruleInfo: ["Gate", "target-TargetB-T-TargetB-21793--Barrier-Validate"]), Task(forTarget: TargetB, ruleInfo: ["Copy", "/private/var/folders/xr/m5_5rlsd6l9fk2w4ngj13k6m0000gn/T/swbuild.tmp.Qwrkh9On/Data.noindex/Test/aProject/build/Debug/TargetB.framework/Versions/A/Modules/TargetB.swiftmodule/x86_64-apple-macos.swiftmodule", "/private/var/folders/xr/m5_5rlsd6l9fk2w4ngj13k6m0000gn/T/swbuild.tmp.Qwrkh9On/Data.noindex/Test/aProject/build/aProject.build/Debug/TargetB.build/Objects-normal/x86_64/TargetB.swiftmodule"]), Task(forTarget: TargetB, ruleInfo: ["WriteAuxiliaryFile", "/private/var/folders/xr/m5_5rlsd6l9fk2w4ngj13k6m0000gn/T/swbuild.tmp.Qwrkh9On/Data.noindex/Test/aProject/build/aProject.build/Debug/TargetB.build/TargetB-generated-files.hmap"]), Task(forTarget: TargetA, ruleInfo: ["Gate", "target-TargetA-T-TargetA-21785--begin-compiling"]), Task(forTarget: TargetA, ruleInfo: ["WriteAuxiliaryFile", "/private/var/folders/xr/m5_5rlsd6l9fk2w4ngj13k6m0000gn/T/swbuild.tmp.Qwrkh9On/Data.noindex/Test/aProject/build/aProject.build/Debug/TargetA.build/TargetA.hmap"]), Task(forTarget: TargetA, ruleInfo: ["SwiftEmitModule", "normal", "x86_64", "Emitting module for TargetA"]), Task(forTarget: TargetB, ruleInfo: ["Gate", "target-TargetB-T-TargetB-21793--begin-compiling"]), Task(forTarget: <none>, ruleInfo: ["Gate", "target-TargetB-T-TargetB-21793--SwiftPackageCopyFilesTaskProducer"]), Task(forTarget: <none>, ruleInfo: ["Gate", "target-TargetA-T-TargetA-21785--SanitizerTaskProducer"]), Task(forTarget: TargetA, ruleInfo: ["WriteAuxiliaryFile", "/private/var/folders/xr/m5_5rlsd6l9fk2w4ngj13k6m0000gn/T/swbuild.tmp.Qwrkh9On/Data.noindex/Test/aProject/build/aProject.build/Debug/TargetA.build/TargetA-own-target-headers.hmap"]), Task(forTarget: TargetA, ruleInfo: ["WriteAuxiliaryFile", "/private/var/folders/xr/m5_5rlsd6l9fk2w4ngj13k6m0000gn/T/swbuild.tmp.Qwrkh9On/Data.noindex/Test/aProject/build/aProject.build/Debug/TargetA.build/Objects-normal/x86_64/TargetA.LinkFileList"]), Task(forTarget: TargetA, ruleInfo: ["SwiftCompile", "normal", "x86_64", "Compiling fileA1.swift", "/private/var/folders/xr/m5_5rlsd6l9fk2w4ngj13k6m0000gn/T/swbuild.tmp.Qwrkh9On/Data.noindex/Test/aProject/Sources/fileA1.swift"])]
↳ Occasionally fails in CI due to SwiftExplicitDependencyCompileModuleFromInterface missing from the dependency graph
━ Test swiftEagerCompilationWithExplicitModules() recorded a known issue at SwiftDriverTests.swift:3600:55: Issue recorded
↳ Task Task(forTarget: TargetA, ruleInfo: ["SwiftEmitModule", "normal", "x86_64", "Emitting module for TargetA"]) does not follow any tasks matching [Rule matches [SWBTestSupport.StringPattern.equal("SwiftExplicitDependencyGeneratePcm"), SWBTestSupport.StringPattern.equal("normal"), SWBTestSupport.StringPattern.equal("x86_64"), SWBTestSupport.StringPattern.contains("_SwiftConcurrencyShims-")]]. Found: [] in [Task(forTarget: TargetA, ruleInfo: ["Ld", "/private/var/folders/xr/m5_5rlsd6l9fk2w4ngj13k6m0000gn/T/swbuild.tmp.Qwrkh9On/Data.noindex/Test/aProject/build/Debug/TargetA.framework/Versions/A/TargetA", "normal"]), Task(forTarget: <none>, ruleInfo: ["Gate", "target-TargetA-T-TargetA-21785--Barrier-RegisterExecutionPolicyException"]), Task(forTarget: TargetA, ruleInfo: ["MkDir", "/private/var/folders/xr/m5_5rlsd6l9fk2w4ngj13k6m0000gn/T/swbuild.tmp.Qwrkh9On/Data.noindex/Test/aProject/build/Debug/TargetA.framework/Versions"]), Task(forTarget: TargetA, ruleInfo: ["SymLink", "/private/var/folders/xr/m5_5rlsd6l9fk2w4ngj13k6m0000gn/T/swbuild.tmp.Qwrkh9On/Data.noindex/Test/aProject/build/EagerLinkingTBDs/Debug/TargetA.framework/TargetA.tbd", "/private/var/folders/xr/m5_5rlsd6l9fk2w4ngj13k6m0000gn/T/swbuild.tmp.Qwrkh9On/Data.noindex/Test/aProject/build/EagerLinkingTBDs/Debug/TargetA.framework/Versions/A/TargetA.tbd"]), Task(forTarget: <none>, ruleInfo: ["Gate", "target-TargetB-T-TargetB-21793--GeneratedFilesTaskProducer"]), Task(forTarget: TargetA, ruleInfo: ["ExtractAppIntentsMetadata"]), Task(forTarget: TargetB, ruleInfo: ["MkDir", "/private/var/folders/xr/m5_5rlsd6l9fk2w4ngj13k6m0000gn/T/swbuild.tmp.Qwrkh9On/Data.noindex/Test/aProject/build/Debug/TargetB.framework/Versions/A/Headers"]), Task(forTarget: <none>, ruleInfo: ["Gate", "target-TargetA-T-TargetA-21785--Barrier-StripSymbols"]), Task(forTarget: TargetB, ruleInfo: ["SwiftDriver Compilation", "TargetB", "normal", "x86_64", "com.apple.xcode.tools.swift.compiler"]), Task(forTarget: TargetB, ruleInfo: ["WriteAuxiliaryFile", "/private/var/folders/xr/m5_5rlsd6l9fk2w4ngj13k6m0000gn/T/swbuild.tmp.Qwrkh9On/Data.noindex/Test/aProject/build/aProject.build/Debug/TargetB.build/Objects-normal/x86_64/TargetB.SwiftConstValuesFileList"]), Task(forTarget: <none>, ruleInfo: ["Gate", "target-TargetB-T-TargetB-21793--TAPISymbolExtractorTaskProducer"]), Task(forTarget: <none>, ruleInfo: ["Gate", "target-TargetB-T-TargetB-21793--swift-generated-headers"]), Task(forTarget: <none>, ruleInfo: ["Gate", "target-TargetB-T-TargetB-21793--ProductPostprocessingTaskProducer"]), Task(forTarget: <none>, ruleInfo: ["Gate", "target-TargetB-T-TargetB-21793--RealityAssetsTaskProducer"]), Task(forTarget: <none>, ruleInfo: ["Gate", "target-TargetA-T-TargetA-21785--Barrier-CopyAside"]), Task(forTarget: <none>, ruleInfo: ["SwiftExplicitDependencyGeneratePcm", "x86_64", "/private/var/folders/xr/m5_5rlsd6l9fk2w4ngj13k6m0000gn/T/swbuild.tmp.Qwrkh9On/Data.noindex/Test/aProject/build/SwiftExplicitPrecompiledModules/SwiftShims-E7NR5GGR9Z7GY7PSRPSK1C6L1.pcm"]), Task(forTarget: TargetA, ruleInfo: ["Copy", "/private/var/folders/xr/m5_5rlsd6l9fk2w4ngj13k6m0000gn/T/swbuild.tmp.Qwrkh9On/Data.noindex/Test/aProject/build/Debug/TargetA.framework/Versions/A/Modules/TargetA.swiftmodule/x86_64-apple-macos.swiftdoc", "/private/var/folders/xr/m5_5rlsd6l9fk2w4ngj13k6m0000gn/T/swbuild.tmp.Qwrkh9On/Data.noindex/Test/aProject/build/aProject.build/Debug/TargetA.build/Objects-normal/x86_64/TargetA.swiftdoc"]), Task(forTarget: TargetB, ruleInfo: ["Gate", "target-TargetB-T-TargetB-21793--begin-scanning"]), Task(forTarget: <none>, ruleInfo: ["Gate", "target-TargetB-T-TargetB-21793--ModuleVerifierTaskProducer"]), Task(forTarget: TargetA, ruleInfo: ["SymLink", "/private/var/folders/xr/m5_5rlsd6l9fk2w4ngj13k6m0000gn/T/swbuild.tmp.Qwrkh9On/Data.noindex/Test/aProject/build/Debug/TargetA.framework/Headers", "Versions/Current/Headers"]), Task(forTarget: TargetB, ruleInfo: ["SwiftCompile", "normal", "x86_64", "Compiling fileB2.swift", "/private/var/folders/xr/m5_5rlsd6l9fk2w4ngj13k6m0000gn/T/swbuild.tmp.Qwrkh9On/Data.noindex/Test/aProject/Sources/fileB2.swift"]), Task(forTarget: TargetB, ruleInfo: ["Gate", "target-TargetB-T-TargetB-21793--linker-inputs-ready"]), Task(forTarget: <none>, ruleInfo: ["Gate", "target-TargetA-T-TargetA-21785--Barrier-ChangePermissions"]), Task(forTarget: TargetA, ruleInfo: ["WriteAuxiliaryFile", "/private/var/folders/xr/m5_5rlsd6l9fk2w4ngj13k6m0000gn/T/swbuild.tmp.Qwrkh9On/Data.noindex/Test/aProject/build/aProject.build/Debug/TargetA.build/TargetA-all-target-headers.hmap"]), Task(forTarget: TargetA, ruleInfo: ["SwiftDriver Compilation Requirements", "TargetA", "normal", "x86_64", "com.apple.xcode.tools.swift.compiler"]), Task(forTarget: TargetA, ruleInfo: ["WriteAuxiliaryFile", "/private/var/folders/xr/m5_5rlsd6l9fk2w4ngj13k6m0000gn/T/swbuild.tmp.Qwrkh9On/Data.noindex/Test/aProject/build/aProject.build/Debug/TargetA.build/Objects-normal/x86_64/TargetA_const_extract_protocols.json"]), Task(forTarget: TargetA, ruleInfo: ["Gate", "target-TargetA-T-TargetA-21785--entry"]), Task(forTarget: TargetA, ruleInfo: ["WriteAuxiliaryFile", "/private/var/folders/xr/m5_5rlsd6l9fk2w4ngj13k6m0000gn/T/swbuild.tmp.Qwrkh9On/Data.noindex/Test/aProject/build/aProject.build/Debug/TargetA.build/TargetA.DependencyMetadataFileList"]), Task(forTarget: TargetA, ruleInfo: ["Copy", "/private/var/folders/xr/m5_5rlsd6l9fk2w4ngj13k6m0000gn/T/swbuild.tmp.Qwrkh9On/Data.noindex/Test/aProject/build/Debug/TargetA.framework/Versions/A/Modules/TargetA.swiftmodule/x86_64-apple-macos.swiftmodule", "/private/var/folders/xr/m5_5rlsd6l9fk2w4ngj13k6m0000gn/T/swbuild.tmp.Qwrkh9On/Data.noindex/Test/aProject/build/aProject.build/Debug/TargetA.build/Objects-normal/x86_64/TargetA.swiftmodule"]), Task(forTarget: <none>, ruleInfo: ["Gate", "target-TargetB-T-TargetB-21793--Barrier-RegisterProduct"]), Task(forTarget: TargetB, ruleInfo: ["SwiftDriver Compilation Requirements", "TargetB", "normal", "x86_64", "com.apple.xcode.tools.swift.compiler"]), Task(forTarget: <none>, ruleInfo: ["Gate", "target-TargetB-T-TargetB-21793--StubBinaryTaskProducer"]), Task(forTarget: TargetB, ruleInfo: ["Gate", "target-TargetB-T-TargetB-21793--entry"]), Task(forTarget: <none>, ruleInfo: ["SwiftExplicitDependencyCompileModuleFromInterface", "x86_64", "/private/var/folders/xr/m5_5rlsd6l9fk2w4ngj13k6m0000gn/T/swbuild.tmp.Qwrkh9On/Data.noindex/Test/aProject/build/SwiftExplicitPrecompiledModules/Swift-1039YR9EBE61.swiftmodule"]), Task(forTarget: <none>, ruleInfo: ["Gate", "target-TargetB-T-TargetB-21793--GenerateAppPlaygroundAssetCatalogTaskProducer"]), Task(forTarget: TargetB, ruleInfo: ["Gate", "target-TargetB-T-TargetB-21793--begin-linking"]), Task(forTarget: TargetA, ruleInfo: ["WriteAuxiliaryFile", "/private/var/folders/xr/m5_5rlsd6l9fk2w4ngj13k6m0000gn/T/swbuild.tmp.Qwrkh9On/Data.noindex/Test/aProject/build/aProject.build/Debug/TargetA.build/Objects-normal/x86_64/TargetA-OutputFileMap.json"]), Task(forTarget: TargetB, ruleInfo: ["WriteAuxiliaryFile", "/private/var/folders/xr/m5_5rlsd6l9fk2w4ngj13k6m0000gn/T/swbuild.tmp.Qwrkh9On/Data.noindex/Test/aProject/build/aProject.build/Debug/TargetB.build/TargetB.DependencyMetadataFileList"]), Task(forTarget: TargetB, ruleInfo: ["WriteAuxiliaryFile", "/private/var/folders/xr/m5_5rlsd6l9fk2w4ngj13k6m0000gn/T/swbuild.tmp.Qwrkh9On/Data.noindex/Test/aProject/build/aProject.build/Debug/TargetB.build/TargetB.hmap"]), Task(forTarget: <none>, ruleInfo: ["CreateBuildDirectory", "/private/var/folders/xr/m5_5rlsd6l9fk2w4ngj13k6m0000gn/T/swbuild.tmp.Qwrkh9On/Data.noindex/Test/aProject/build/SharedPrecompiledHeaders"]), Task(forTarget: TargetA, ruleInfo: ["Gate", "target-TargetA-T-TargetA-21785--unsigned-product-ready"]), Task(forTarget: TargetA, ruleInfo: ["Gate", "target-TargetA-T-TargetA-21785--will-sign"]), Task(forTarget: TargetB, ruleInfo: ["Copy", "/private/var/folders/xr/m5_5rlsd6l9fk2w4ngj13k6m0000gn/T/swbuild.tmp.Qwrkh9On/Data.noindex/Test/aProject/build/Debug/TargetB.framework/Versions/A/Modules/TargetB.swiftmodule/Project/x86_64-apple-macos.swiftsourceinfo", "/private/var/folders/xr/m5_5rlsd6l9fk2w4ngj13k6m0000gn/T/swbuild.tmp.Qwrkh9On/Data.noindex/Test/aProject/build/aProject.build/Debug/TargetB.build/Objects-normal/x86_64/TargetB.swiftsourceinfo"]), Task(forTarget: TargetA, ruleInfo: ["WriteAuxiliaryFile", "/private/var/folders/xr/m5_5rlsd6l9fk2w4ngj13k6m0000gn/T/swbuild.tmp.Qwrkh9On/Data.noindex/Test/aProject/build/aProject.build/Debug/TargetA.build/TargetA-generated-files.hmap"]), Task(forTarget: TargetA, ruleInfo: ["Gate", "target-TargetA-T-TargetA-21785--linker-inputs-ready"]), Task(forTarget: <none>, ruleInfo: ["Gate", "target-TargetB-T-TargetB-21793--Barrier-GenerateStubAPI"]), Task(forTarget: <none>, ruleInfo: ["Gate", "target-TargetA-T-TargetA-21785--ModuleVerifierTaskProducer"]), Task(forTarget: <none>, ruleInfo: ["Gate", "target-TargetB-T-TargetB-21793--SwiftFrameworkABICheckerTaskProducer"]), Task(forTarget: TargetB, ruleInfo: ["Gate", "target-TargetB-T-TargetB-21793--end"]), Task(forTarget: TargetB, ruleInfo: ["WriteAuxiliaryFile", "/private/var/folders/xr/m5_5rlsd6l9fk2w4ngj13k6m0000gn/T/swbuild.tmp.Qwrkh9On/Data.noindex/Test/aProject/build/aProject.build/Debug/TargetB.build/TargetB-all-target-headers.hmap"]), Task(forTarget: <none>, ruleInfo: ["SwiftExplicitDependencyGeneratePcm", "x86_64", "/private/var/folders/xr/m5_5rlsd6l9fk2w4ngj13k6m0000gn/T/swbuild.tmp.Qwrkh9On/Data.noindex/Test/aProject/build/SwiftExplicitPrecompiledModules/_SwiftConcurrencyShims-BUR8XM1R06AS02RWV63HPG1KR.pcm"]), Task(forTarget: <none>, ruleInfo: ["Gate", "target-TargetB-T-TargetB-21793--Barrier-ChangePermissions"]), Task(forTarget: <none>, ruleInfo: ["Gate", "target-TargetB-T-TargetB-21793--Barrier-CodeSign"]), Task(forTarget: TargetB, ruleInfo: ["Touch", "/private/var/folders/xr/m5_5rlsd6l9fk2w4ngj13k6m0000gn/T/swbuild.tmp.Qwrkh9On/Data.noindex/Test/aProject/build/Debug/TargetB.framework"]), Task(forTarget: <none>, ruleInfo: ["Gate", "target-TargetB-T-TargetB-21793--Barrier-StripSymbols"]), Task(forTarget: TargetB, ruleInfo: ["WriteAuxiliaryFile", "/private/var/folders/xr/m5_5rlsd6l9fk2w4ngj13k6m0000gn/T/swbuild.tmp.Qwrkh9On/Data.noindex/Test/aProject/build/aProject.build/Debug/TargetB.build/Objects-normal/x86_64/TargetB-OutputFileMap.json"]), Task(forTarget: TargetB, ruleInfo: ["GenerateTAPI", "/private/var/folders/xr/m5_5rlsd6l9fk2w4ngj13k6m0000gn/T/swbuild.tmp.Qwrkh9On/Data.noindex/Test/aProject/build/EagerLinkingTBDs/Debug/TargetB.framework/Versions/A/TargetB.tbd"]), Task(forTarget: TargetB, ruleInfo: ["SwiftEmitModule", "normal", "x86_64", "Emitting module for TargetB"]), Task(forTarget: TargetB, ruleInfo: ["MkDir", "/private/var/folders/xr/m5_5rlsd6l9fk2w4ngj13k6m0000gn/T/swbuild.tmp.Qwrkh9On/Data.noindex/Test/aProject/build/Debug/TargetB.framework/Versions"]), Task(forTarget: TargetA, ruleInfo: ["WriteAuxiliaryFile", "/private/var/folders/xr/m5_5rlsd6l9fk2w4ngj13k6m0000gn/T/swbuild.tmp.Qwrkh9On/Data.noindex/Test/aProject/build/aProject.build/Debug/TargetA.build/Objects-normal/x86_64/TargetA.SwiftFileList"]), Task(forTarget: TargetB, ruleInfo: ["ExtractAppIntentsMetadata"]), Task(forTarget: <none>, ruleInfo: ["Gate", "target-TargetB-T-TargetB-21793--ProductStructureTaskProducer"]), Task(forTarget: <none>, ruleInfo: ["Gate", "target-TargetB-T-TargetB-21793--HeadermapTaskProducer"]), Task(forTarget: <none>, ruleInfo: ["CreateBuildDirectory", "/private/var/folders/xr/m5_5rlsd6l9fk2w4ngj13k6m0000gn/T/swbuild.tmp.Qwrkh9On/Data.noindex/Test/aProject/build/Debug"]), Task(forTarget: TargetA, ruleInfo: ["WriteAuxiliaryFile", "/private/var/folders/xr/m5_5rlsd6l9fk2w4ngj13k6m0000gn/T/swbuild.tmp.Qwrkh9On/Data.noindex/Test/aProject/build/aProject.build/Debug/TargetA.build/TargetA.DependencyStaticMetadataFileList"]), Task(forTarget: <none>, ruleInfo: ["Gate", "target-TargetB-T-TargetB-21793--ExtensionPointExtractorTaskProducer"]), Task(forTarget: <none>, ruleInfo: ["Gate", "target-TargetB-T-TargetB-21793--SwiftStandardLibrariesTaskProducer"]), Task(forTarget: TargetA, ruleInfo: ["Copy", "/private/var/folders/xr/m5_5rlsd6l9fk2w4ngj13k6m0000gn/T/swbuild.tmp.Qwrkh9On/Data.noindex/Test/aProject/build/Debug/TargetA.framework/Versions/A/Modules/TargetA.swiftmodule/x86_64-apple-macos.abi.json", "/private/var/folders/xr/m5_5rlsd6l9fk2w4ngj13k6m0000gn/T/swbuild.tmp.Qwrkh9On/Data.noindex/Test/aProject/build/aProject.build/Debug/TargetA.build/Objects-normal/x86_64/TargetA.abi.json"]), Task(forTarget: <none>, ruleInfo: ["CreateBuildDirectory", "/private/var/folders/xr/m5_5rlsd6l9fk2w4ngj13k6m0000gn/T/swbuild.tmp.Qwrkh9On/Data.noindex/Test/aProject/build/ExplicitPrecompiledModules"]), Task(forTarget: TargetB, ruleInfo: ["Gate", "target-TargetB-T-TargetB-21793--immediate"]), Task(forTarget: <none>, ruleInfo: ["Gate", "target-TargetA-T-TargetA-21785--AppExtensionInfoPlistGeneratorTaskProducer"]), Task(forTarget: TargetB, ruleInfo: ["SymLink", "/private/var/folders/xr/m5_5rlsd6l9fk2w4ngj13k6m0000gn/T/swbuild.tmp.Qwrkh9On/Data.noindex/Test/aProject/build/Debug/TargetB.framework/Modules", "Versions/Current/Modules"]), Task(forTarget: <none>, ruleInfo: ["Gate", "target-TargetA-T-TargetA-21785--swift-generated-headers"]), Task(forTarget: <none>, ruleInfo: ["Gate", "target-TargetB-T-TargetB-21793--InfoPlistTaskProducer"]), Task(forTarget: <none>, ruleInfo: ["Gate", "target-TargetB-T-TargetB-21793--AppExtensionInfoPlistGeneratorTaskProducer"]), Task(forTarget: TargetB, ruleInfo: ["SwiftDriver", "TargetB", "normal", "x86_64", "com.apple.xcode.tools.swift.compiler"]), Task(forTarget: <none>, ruleInfo: ["Gate", "target-TargetA-T-TargetA-21785--CopySwiftPackageResourcesTaskProducer"]), Task(forTarget: <none>, ruleInfo: ["Gate", "target-TargetA-T-TargetA-21785--ProductStructureTaskProducer"]), Task(forTarget: TargetA, ruleInfo: ["SymLink", "/private/var/folders/xr/m5_5rlsd6l9fk2w4ngj13k6m0000gn/T/swbuild.tmp.Qwrkh9On/Data.noindex/Test/aProject/build/Debug/TargetA.framework/Versions/Current", "A"]), Task(forTarget: TargetA, ruleInfo: ["SwiftMergeGeneratedHeaders", "/private/var/folders/xr/m5_5rlsd6l9fk2w4ngj13k6m0000gn/T/swbuild.tmp.Qwrkh9On/Data.noindex/Test/aProject/build/Debug/TargetA.framework/Versions/A/Headers/TargetA-Swift.h", "/private/var/folders/xr/m5_5rlsd6l9fk2w4ngj13k6m0000gn/T/swbuild.tmp.Qwrkh9On/Data.noindex/Test/aProject/build/aProject.build/Debug/TargetA.build/Objects-normal/x86_64/TargetA-Swift.h"]), Task(forTarget: <none>, ruleInfo: ["Gate", "target-TargetA-T-TargetA-21785--ProductPostprocessingTaskProducer"]), Task(forTarget: TargetB, ruleInfo: ["Copy", "/private/var/folders/xr/m5_5rlsd6l9fk2w4ngj13k6m0000gn/T/swbuild.tmp.Qwrkh9On/Data.noindex/Test/aProject/build/Debug/TargetB.framework/Versions/A/Modules/TargetB.swiftmodule/x86_64-apple-macos.swiftdoc", "/private/var/folders/xr/m5_5rlsd6l9fk2w4ngj13k6m0000gn/T/swbuild.tmp.Qwrkh9On/Data.noindex/Test/aProject/build/aProject.build/Debug/TargetB.build/Objects-normal/x86_64/TargetB.swiftdoc"]), Task(forTarget: <none>, ruleInfo: ["Gate", "target-TargetA-T-TargetA-21785--DocumentationTaskProducer"]), Task(forTarget: TargetB, ruleInfo: ["SymLink", "/private/var/folders/xr/m5_5rlsd6l9fk2w4ngj13k6m0000gn/T/swbuild.tmp.Qwrkh9On/Data.noindex/Test/aProject/build/Debug/TargetB.framework/Versions/Current", "A"]), Task(forTarget: <none>, ruleInfo: ["Gate", "target-TargetA-T-TargetA-21785--InfoPlistTaskProducer"]), Task(forTarget: <none>, ruleInfo: ["CreateBuildDirectory", "/private/var/folders/xr/m5_5rlsd6l9fk2w4ngj13k6m0000gn/T/swbuild.tmp.Qwrkh9On/Data.noindex/Test/aProject/build"]), Task(forTarget: <none>, ruleInfo: ["Gate", "target-TargetA-T-TargetA-21785--SwiftABIBaselineGenerationTaskProducer"]), Task(forTarget: TargetA, ruleInfo: ["SwiftDriver Compilation", "TargetA", "normal", "x86_64", "com.apple.xcode.tools.swift.compiler"]), Task(forTarget: TargetB, ruleInfo: ["SwiftMergeGeneratedHeaders", "/private/var/folders/xr/m5_5rlsd6l9fk2w4ngj13k6m0000gn/T/swbuild.tmp.Qwrkh9On/Data.noindex/Test/aProject/build/Debug/TargetB.framework/Versions/A/Headers/TargetB-Swift.h", "/private/var/folders/xr/m5_5rlsd6l9fk2w4ngj13k6m0000gn/T/swbuild.tmp.Qwrkh9On/Data.noindex/Test/aProject/build/aProject.build/Debug/TargetB.build/Objects-normal/x86_64/TargetB-Swift.h"]), Task(forTarget: TargetB, ruleInfo: ["Ld", "/private/var/folders/xr/m5_5rlsd6l9fk2w4ngj13k6m0000gn/T/swbuild.tmp.Qwrkh9On/Data.noindex/Test/aProject/build/Debug/TargetB.framework/Versions/A/TargetB", "normal"]), Task(forTarget: TargetB, ruleInfo: ["WriteAuxiliaryFile", "/private/var/folders/xr/m5_5rlsd6l9fk2w4ngj13k6m0000gn/T/swbuild.tmp.Qwrkh9On/Data.noindex/Test/aProject/build/aProject.build/Debug/TargetB.build/TargetB-all-non-framework-target-headers.hmap"]), Task(forTarget: <none>, ruleInfo: ["Gate", "target-TargetA-T-TargetA-21785--TAPISymbolExtractorTaskProducer"]), Task(forTarget: <none>, ruleInfo: ["SwiftExplicitDependencyCompileModuleFromInterface", "x86_64", "/private/var/folders/xr/m5_5rlsd6l9fk2w4ngj13k6m0000gn/T/swbuild.tmp.Qwrkh9On/Data.noindex/Test/aProject/build/SwiftExplicitPrecompiledModules/_Concurrency-2W8LU3DF58RLX.swiftmodule"]), Task(forTarget: <none>, ruleInfo: ["Gate", "target-TargetB-T-TargetB-21793--Barrier-ChangeAlternatePermissions"]), Task(forTarget: <none>, ruleInfo: ["Gate", "target-TargetA-T-TargetA-21785--SwiftPackageCopyFilesTaskProducer"]), Task(forTarget: <none>, ruleInfo: ["Gate", "target-TargetA-T-TargetA-21785--copy-headers-completion"]), Task(forTarget: <none>, ruleInfo: ["Gate", "WorkspaceHeaderMapVFSFilesWritten"]), Task(forTarget: TargetA, ruleInfo: ["Gate", "target-TargetA-T-TargetA-21785--modules-ready"]), Task(forTarget: <none>, ruleInfo: ["Gate", "target-TargetB-T-TargetB-21793--SanitizerTaskProducer"]), Task(forTarget: <none>, ruleInfo: ["Gate", "target-TargetA-T-TargetA-21785--Barrier-ChangeAlternatePermissions"]), Task(forTarget: TargetB, ruleInfo: ["SymLink", "/private/var/folders/xr/m5_5rlsd6l9fk2w4ngj13k6m0000gn/T/swbuild.tmp.Qwrkh9On/Data.noindex/Test/aProject/build/Debug/TargetB.framework/Headers", "Versions/Current/Headers"]), Task(forTarget: <none>, ruleInfo: ["CreateBuildDirectory", "/var/folders/xr/m5_5rlsd6l9fk2w4ngj13k6m0000gn/C/com.apple.DeveloperTools/26.4.1-17E202/Xcode/CompilationCache.noindex"]), Task(forTarget: <none>, ruleInfo: ["Gate", "target-TargetA-T-TargetA-21785--CustomTaskProducer"]), Task(forTarget: <none>, ruleInfo: ["Gate", "target-TargetA-T-TargetA-21785--AppIntentsMetadataTaskProducer"]), Task(forTarget: TargetB, ruleInfo: ["Copy", "/private/var/folders/xr/m5_5rlsd6l9fk2w4ngj13k6m0000gn/T/swbuild.tmp.Qwrkh9On/Data.noindex/Test/aProject/build/Debug/TargetB.framework/Versions/A/Modules/TargetB.swiftmodule/x86_64-apple-macos.abi.json", "/private/var/folders/xr/m5_5rlsd6l9fk2w4ngj13k6m0000gn/T/swbuild.tmp.Qwrkh9On/Data.noindex/Test/aProject/build/aProject.build/Debug/TargetB.build/Objects-normal/x86_64/TargetB.abi.json"]), Task(forTarget: <none>, ruleInfo: ["Gate", "target-TargetA-T-TargetA-21785--TestHostTaskProducer"]), Task(forTarget: TargetB, ruleInfo: ["WriteAuxiliaryFile", "/private/var/folders/xr/m5_5rlsd6l9fk2w4ngj13k6m0000gn/T/swbuild.tmp.Qwrkh9On/Data.noindex/Test/aProject/build/aProject.build/Debug/TargetB.build/Objects-normal/x86_64/TargetB.LinkFileList"]), Task(forTarget: <none>, ruleInfo: ["Gate", "target-TargetA-T-TargetA-21785--TestTargetPostprocessingTaskProducer"]), Task(forTarget: <none>, ruleInfo: ["Gate", "target-TargetA-T-TargetA-21785--Barrier-GenerateStubAPI"]), Task(forTarget: TargetB, ruleInfo: ["Gate", "target-TargetB-T-TargetB-21793--will-sign"]), Task(forTarget: <none>, ruleInfo: ["Gate", "target-TargetA-T-TargetA-21785--generated-headers"]), Task(forTarget: <none>, ruleInfo: ["Gate", "target-TargetB-T-TargetB-21793--Barrier-RegisterExecutionPolicyException"]), Task(forTarget: TargetB, ruleInfo: ["SymLink", "/private/var/folders/xr/m5_5rlsd6l9fk2w4ngj13k6m0000gn/T/swbuild.tmp.Qwrkh9On/Data.noindex/Test/aProject/build/EagerLinkingTBDs/Debug/TargetB.framework/TargetB.tbd", "/private/var/folders/xr/m5_5rlsd6l9fk2w4ngj13k6m0000gn/T/swbuild.tmp.Qwrkh9On/Data.noindex/Test/aProject/build/EagerLinkingTBDs/Debug/TargetB.framework/Versions/A/TargetB.tbd"]), Task(forTarget: TargetB, ruleInfo: ["WriteAuxiliaryFile", "/private/var/folders/xr/m5_5rlsd6l9fk2w4ngj13k6m0000gn/T/swbuild.tmp.Qwrkh9On/Data.noindex/Test/aProject/build/aProject.build/Debug/TargetB.build/TargetB-own-target-headers.hmap"]), Task(forTarget: TargetB, ruleInfo: ["WriteAuxiliaryFile", "/private/var/folders/xr/m5_5rlsd6l9fk2w4ngj13k6m0000gn/T/swbuild.tmp.Qwrkh9On/Data.noindex/Test/aProject/build/aProject.build/Debug/TargetB.build/TargetB-project-headers.hmap"]), Task(forTarget: <none>, ruleInfo: ["Gate", "target-TargetB-T-TargetB-21793--DocumentationTaskProducer"]), Task(forTarget: <none>, ruleInfo: ["Gate", "target-TargetA-T-TargetA-21785--TestEntryPointTaskProducerFactory"]), Task(forTarget: <none>, ruleInfo: ["Gate", "target-TargetA-T-TargetA-21785--TestTargetTaskProducer"]), Task(forTarget: TargetA, ruleInfo: ["Touch", "/private/var/folders/xr/m5_5rlsd6l9fk2w4ngj13k6m0000gn/T/swbuild.tmp.Qwrkh9On/Data.noindex/Test/aProject/build/Debug/TargetA.framework"]), Task(forTarget: <none>, ruleInfo: ["Gate", "target-TargetA-T-TargetA-21785--HeadermapTaskProducer"]), Task(forTarget: <none>, ruleInfo: ["Gate", "target-TargetB-T-TargetB-21793--fused-phase0-compile-sources&link-binary"]), Task(forTarget: TargetB, ruleInfo: ["WriteAuxiliaryFile", "/private/var/folders/xr/m5_5rlsd6l9fk2w4ngj13k6m0000gn/T/swbuild.tmp.Qwrkh9On/Data.noindex/Test/aProject/build/aProject.build/Debug/TargetB.build/TargetB.DependencyStaticMetadataFileList"]), Task(forTarget: <none>, ruleInfo: ["Gate", "target-TargetB-T-TargetB-21793--TestTargetTaskProducer"]), Task(forTarget: <none>, ruleInfo: ["Gate", "target-TargetA-T-TargetA-21785--RealityAssetsTaskProducer"]), Task(forTarget: <none>, ruleInfo: ["Gate", "target-TargetB-T-TargetB-21793--CustomTaskProducer"]), Task(forTarget: TargetB, ruleInfo: ["RegisterExecutionPolicyException", "/private/var/folders/xr/m5_5rlsd6l9fk2w4ngj13k6m0000gn/T/swbuild.tmp.Qwrkh9On/Data.noindex/Test/aProject/build/Debug/TargetB.framework"]), Task(forTarget: TargetA, ruleInfo: ["WriteAuxiliaryFile", "/private/var/folders/xr/m5_5rlsd6l9fk2w4ngj13k6m0000gn/T/swbuild.tmp.Qwrkh9On/Data.noindex/Test/aProject/build/aProject.build/Debug/TargetA.build/TargetA-all-non-framework-target-headers.hmap"]), Task(forTarget: TargetB, ruleInfo: ["SwiftCompile", "normal", "x86_64", "Compiling fileB1.swift", "/private/var/folders/xr/m5_5rlsd6l9fk2w4ngj13k6m0000gn/T/swbuild.tmp.Qwrkh9On/Data.noindex/Test/aProject/Sources/fileB1.swift"]), Task(forTarget: <none>, ruleInfo: ["Gate", "target-TargetA-T-TargetA-21785--Barrier-CodeSign"]), Task(forTarget: <none>, ruleInfo: ["Gate", "target-TargetB-T-TargetB-21793--AppIntentsMetadataTaskProducer"]), Task(forTarget: TargetB, ruleInfo: ["Gate", "target-TargetB-T-TargetB-21793--unsigned-product-ready"]), Task(forTarget: TargetA, ruleInfo: ["SwiftDriver", "TargetA", "normal", "x86_64", "com.apple.xcode.tools.swift.compiler"]), Task(forTarget: TargetA, ruleInfo: ["Gate", "target-TargetA-T-TargetA-21785--end"]), Task(forTarget: TargetA, ruleInfo: ["Gate", "target-TargetA-T-TargetA-21785--begin-scanning"]), Task(forTarget: TargetB, ruleInfo: ["WriteAuxiliaryFile", "/private/var/folders/xr/m5_5rlsd6l9fk2w4ngj13k6m0000gn/T/swbuild.tmp.Qwrkh9On/Data.noindex/Test/aProject/build/aProject.build/Debug/TargetB.build/Objects-normal/x86_64/TargetB_const_extract_protocols.json"]), Task(forTarget: <none>, ruleInfo: ["Gate", "target-TargetA-T-TargetA-21785--StubBinaryTaskProducer"]), Task(forTarget: TargetB, ruleInfo: ["MkDir", "/private/var/folders/xr/m5_5rlsd6l9fk2w4ngj13k6m0000gn/T/swbuild.tmp.Qwrkh9On/Data.noindex/Test/aProject/build/Debug/TargetB.framework/Versions/A"]), Task(forTarget: TargetA, ruleInfo: ["SwiftCompile", "normal", "x86_64", "Compiling fileA2.swift", "/private/var/folders/xr/m5_5rlsd6l9fk2w4ngj13k6m0000gn/T/swbuild.tmp.Qwrkh9On/Data.noindex/Test/aProject/Sources/fileA2.swift"]), Task(forTarget: <none>, ruleInfo: ["Gate", "target-TargetA-T-TargetA-21785--fused-phase0-compile-sources"]), Task(forTarget: <none>, ruleInfo: ["Gate", "target-TargetA-T-TargetA-21785--ModuleMapTaskProducer"]), Task(forTarget: <none>, ruleInfo: ["Gate", "target-TargetA-T-TargetA-21785--GeneratedFilesTaskProducer"]), Task(forTarget: <none>, ruleInfo: ["Gate", "target-TargetA-T-TargetA-21785--SwiftStandardLibrariesTaskProducer"]), Task(forTarget: TargetA, ruleInfo: ["GenerateTAPI", "/private/var/folders/xr/m5_5rlsd6l9fk2w4ngj13k6m0000gn/T/swbuild.tmp.Qwrkh9On/Data.noindex/Test/aProject/build/EagerLinkingTBDs/Debug/TargetA.framework/Versions/A/TargetA.tbd"]), Task(forTarget: <none>, ruleInfo: ["Gate", "target-TargetA-T-TargetA-21785--Barrier-Validate"]), Task(forTarget: TargetB, ruleInfo: ["WriteAuxiliaryFile", "/private/var/folders/xr/m5_5rlsd6l9fk2w4ngj13k6m0000gn/T/swbuild.tmp.Qwrkh9On/Data.noindex/Test/aProject/build/aProject.build/Debug/TargetB.build/Objects-normal/x86_64/TargetB.SwiftFileList"]), Task(forTarget: TargetA, ruleInfo: ["MkDir", "/private/var/folders/xr/m5_5rlsd6l9fk2w4ngj13k6m0000gn/T/swbuild.tmp.Qwrkh9On/Data.noindex/Test/aProject/build/Debug/TargetA.framework"]), Task(forTarget: <none>, ruleInfo: ["Gate", "target-TargetA-T-TargetA-21785--ExtensionPointExtractorTaskProducer"]), Task(forTarget: TargetA, ruleInfo: ["SymLink", "/private/var/folders/xr/m5_5rlsd6l9fk2w4ngj13k6m0000gn/T/swbuild.tmp.Qwrkh9On/Data.noindex/Test/aProject/build/Debug/TargetA.framework/TargetA", "Versions/Current/TargetA"]), Task(forTarget: TargetA, ruleInfo: ["MkDir", "/private/var/folders/xr/m5_5rlsd6l9fk2w4ngj13k6m0000gn/T/swbuild.tmp.Qwrkh9On/Data.noindex/Test/aProject/build/Debug/TargetA.framework/Versions/A"]), Task(forTarget: <none>, ruleInfo: ["Gate", "target-TargetB-T-TargetB-21793--generated-headers"]), Task(forTarget: <none>, ruleInfo: ["Gate", "target-TargetA-T-TargetA-21785--SwiftFrameworkABICheckerTaskProducer"]), Task(forTarget: TargetB, ruleInfo: ["Gate", "target-TargetB-T-TargetB-21793--modules-ready"]), Task(forTarget: <none>, ruleInfo: ["ClangStatCache", "/Applications/Xcode17E.app/Contents/Developer/Toolchains/XcodeDefault.xctoolchain/usr/bin/clang-stat-cache", "/Applications/Xcode17E.app/Contents/Developer/Platforms/MacOSX.platform/Developer/SDKs/MacOSX26.4.sdk", "/private/var/folders/xr/m5_5rlsd6l9fk2w4ngj13k6m0000gn/T/swbuild.tmp.Qwrkh9On/Data.noindex/Test/SDKStatCaches.noindex/macosx26.4-25E260-95aa6cf8f3effd57bda17e0c125410c0.sdkstatcache"]), Task(forTarget: TargetB, ruleInfo: ["SymLink", "/private/var/folders/xr/m5_5rlsd6l9fk2w4ngj13k6m0000gn/T/swbuild.tmp.Qwrkh9On/Data.noindex/Test/aProject/build/Debug/TargetB.framework/TargetB", "Versions/Current/TargetB"]), Task(forTarget: TargetA, ruleInfo: ["MkDir", "/private/var/folders/xr/m5_5rlsd6l9fk2w4ngj13k6m0000gn/T/swbuild.tmp.Qwrkh9On/Data.noindex/Test/aProject/build/Debug/TargetA.framework/Versions/A/Headers"]), Task(forTarget: <none>, ruleInfo: ["Gate", "target-TargetB-T-TargetB-21793--TestHostTaskProducer"]), Task(forTarget: TargetA, ruleInfo: ["Gate", "target-TargetA-T-TargetA-21785--begin-linking"]), Task(forTarget: <none>, ruleInfo: ["Gate", "target-TargetB-T-TargetB-21793--ModuleMapTaskProducer"]), Task(forTarget: <none>, ruleInfo: ["CreateBuildDirectory", "/private/var/folders/xr/m5_5rlsd6l9fk2w4ngj13k6m0000gn/T/swbuild.tmp.Qwrkh9On/Data.noindex/Test/aProject/build/SwiftExplicitPrecompiledModules"]), Task(forTarget: <none>, ruleInfo: ["Gate", "target-TargetB-T-TargetB-21793--SwiftABIBaselineGenerationTaskProducer"]), Task(forTarget: <none>, ruleInfo: ["Gate", "target-TargetB-T-TargetB-21793--TestTargetPostprocessingTaskProducer"]), Task(forTarget: <none>, ruleInfo: ["CreateBuildDirectory", "/private/var/folders/xr/m5_5rlsd6l9fk2w4ngj13k6m0000gn/T/swbuild.tmp.Qwrkh9On/Data.noindex/Test/aProject/build/EagerLinkingTBDs/Debug"]), Task(forTarget: TargetA, ruleInfo: ["WriteAuxiliaryFile", "/private/var/folders/xr/m5_5rlsd6l9fk2w4ngj13k6m0000gn/T/swbuild.tmp.Qwrkh9On/Data.noindex/Test/aProject/build/aProject.build/Debug/TargetA.build/Objects-normal/x86_64/TargetA.SwiftConstValuesFileList"]), Task(forTarget: <none>, ruleInfo: ["Gate", "target-TargetA-T-TargetA-21785--GenerateAppPlaygroundAssetCatalogTaskProducer"]), Task(forTarget: <none>, ruleInfo: ["WriteAuxiliaryFile", "/private/var/folders/xr/m5_5rlsd6l9fk2w4ngj13k6m0000gn/T/swbuild.tmp.Qwrkh9On/Data.noindex/Test/aProject/build/aProject.build/Debug/aProject-P21796-VFS/all-product-headers.yaml"]), Task(forTarget: <none>, ruleInfo: ["Gate", "target-TargetB-T-TargetB-21793--CopySwiftPackageResourcesTaskProducer"]), Task(forTarget: <none>, ruleInfo: ["Gate", "target-TargetB-T-TargetB-21793--Barrier-CopyAside"]), Task(forTarget: TargetA, ruleInfo: ["WriteAuxiliaryFile", "/private/var/folders/xr/m5_5rlsd6l9fk2w4ngj13k6m0000gn/T/swbuild.tmp.Qwrkh9On/Data.noindex/Test/aProject/build/aProject.build/Debug/TargetA.build/TargetA-project-headers.hmap"]), Task(forTarget: TargetB, ruleInfo: ["MkDir", "/private/var/folders/xr/m5_5rlsd6l9fk2w4ngj13k6m0000gn/T/swbuild.tmp.Qwrkh9On/Data.noindex/Test/aProject/build/Debug/TargetB.framework"]), Task(forTarget: TargetA, ruleInfo: ["SymLink", "/private/var/folders/xr/m5_5rlsd6l9fk2w4ngj13k6m0000gn/T/swbuild.tmp.Qwrkh9On/Data.noindex/Test/aProject/build/Debug/TargetA.framework/Modules", "Versions/Current/Modules"]), Task(forTarget: <none>, ruleInfo: ["SwiftExplicitDependencyCompileModuleFromInterface", "x86_64", "/private/var/folders/xr/m5_5rlsd6l9fk2w4ngj13k6m0000gn/T/swbuild.tmp.Qwrkh9On/Data.noindex/Test/aProject/build/SwiftExplicitPrecompiledModules/_StringProcessing-13GX4EAKQZW8B.swiftmodule"]), Task(forTarget: TargetA, ruleInfo: ["RegisterExecutionPolicyException", "/private/var/folders/xr/m5_5rlsd6l9fk2w4ngj13k6m0000gn/T/swbuild.tmp.Qwrkh9On/Data.noindex/Test/aProject/build/Debug/TargetA.framework"]), Task(forTarget: TargetA, ruleInfo: ["Copy", "/private/var/folders/xr/m5_5rlsd6l9fk2w4ngj13k6m0000gn/T/swbuild.tmp.Qwrkh9On/Data.noindex/Test/aProject/build/Debug/TargetA.framework/Versions/A/Modules/TargetA.swiftmodule/Project/x86_64-apple-macos.swiftsourceinfo", "/private/var/folders/xr/m5_5rlsd6l9fk2w4ngj13k6m0000gn/T/swbuild.tmp.Qwrkh9On/Data.noindex/Test/aProject/build/aProject.build/Debug/TargetA.build/Objects-normal/x86_64/TargetA.swiftsourceinfo"]), Task(forTarget: <none>, ruleInfo: ["Gate", "target-TargetB-T-TargetB-21793--copy-headers-completion"]), Task(forTarget: <none>, ruleInfo: ["Gate", "target-TargetB-T-TargetB-21793--TestEntryPointTaskProducerFactory"]), Task(forTarget: TargetA, ruleInfo: ["Gate", "target-TargetA-T-TargetA-21785--immediate"]), Task(forTarget: <none>, ruleInfo: ["Gate", "target-TargetA-T-TargetA-21785--Barrier-RegisterProduct"]), Task(forTarget: <none>, ruleInfo: ["Gate", "target-TargetB-T-TargetB-21793--Barrier-Validate"]), Task(forTarget: TargetB, ruleInfo: ["Copy", "/private/var/folders/xr/m5_5rlsd6l9fk2w4ngj13k6m0000gn/T/swbuild.tmp.Qwrkh9On/Data.noindex/Test/aProject/build/Debug/TargetB.framework/Versions/A/Modules/TargetB.swiftmodule/x86_64-apple-macos.swiftmodule", "/private/var/folders/xr/m5_5rlsd6l9fk2w4ngj13k6m0000gn/T/swbuild.tmp.Qwrkh9On/Data.noindex/Test/aProject/build/aProject.build/Debug/TargetB.build/Objects-normal/x86_64/TargetB.swiftmodule"]), Task(forTarget: TargetB, ruleInfo: ["WriteAuxiliaryFile", "/private/var/folders/xr/m5_5rlsd6l9fk2w4ngj13k6m0000gn/T/swbuild.tmp.Qwrkh9On/Data.noindex/Test/aProject/build/aProject.build/Debug/TargetB.build/TargetB-generated-files.hmap"]), Task(forTarget: TargetA, ruleInfo: ["Gate", "target-TargetA-T-TargetA-21785--begin-compiling"]), Task(forTarget: TargetA, ruleInfo: ["WriteAuxiliaryFile", "/private/var/folders/xr/m5_5rlsd6l9fk2w4ngj13k6m0000gn/T/swbuild.tmp.Qwrkh9On/Data.noindex/Test/aProject/build/aProject.build/Debug/TargetA.build/TargetA.hmap"]), Task(forTarget: TargetA, ruleInfo: ["SwiftEmitModule", "normal", "x86_64", "Emitting module for TargetA"]), Task(forTarget: TargetB, ruleInfo: ["Gate", "target-TargetB-T-TargetB-21793--begin-compiling"]), Task(forTarget: <none>, ruleInfo: ["Gate", "target-TargetB-T-TargetB-21793--SwiftPackageCopyFilesTaskProducer"]), Task(forTarget: <none>, ruleInfo: ["Gate", "target-TargetA-T-TargetA-21785--SanitizerTaskProducer"]), Task(forTarget: TargetA, ruleInfo: ["WriteAuxiliaryFile", "/private/var/folders/xr/m5_5rlsd6l9fk2w4ngj13k6m0000gn/T/swbuild.tmp.Qwrkh9On/Data.noindex/Test/aProject/build/aProject.build/Debug/TargetA.build/TargetA-own-target-headers.hmap"]), Task(forTarget: TargetA, ruleInfo: ["WriteAuxiliaryFile", "/private/var/folders/xr/m5_5rlsd6l9fk2w4ngj13k6m0000gn/T/swbuild.tmp.Qwrkh9On/Data.noindex/Test/aProject/build/aProject.build/Debug/TargetA.build/Objects-normal/x86_64/TargetA.LinkFileList"]), Task(forTarget: TargetA, ruleInfo: ["SwiftCompile", "normal", "x86_64", "Compiling fileA1.swift", "/private/var/folders/xr/m5_5rlsd6l9fk2w4ngj13k6m0000gn/T/swbuild.tmp.Qwrkh9On/Data.noindex/Test/aProject/Sources/fileA1.swift"])]
↳ Occasionally fails in CI due to SwiftExplicitDependencyCompileModuleFromInterface missing from the dependency graph
━ Test swiftEagerCompilationWithExplicitModules() recorded a known issue at SwiftDriverTests.swift:3601:55: Issue recorded
↳ Task Task(forTarget: TargetA, ruleInfo: ["SwiftEmitModule", "normal", "x86_64", "Emitting module for TargetA"]) does not follow any tasks matching [Rule matches [SWBTestSupport.StringPattern.equal("SwiftExplicitDependencyGeneratePcm"), SWBTestSupport.StringPattern.equal("normal"), SWBTestSupport.StringPattern.equal("x86_64"), SWBTestSupport.StringPattern.contains("SwiftShims-")]]. Found: [] in [Task(forTarget: TargetA, ruleInfo: ["Ld", "/private/var/folders/xr/m5_5rlsd6l9fk2w4ngj13k6m0000gn/T/swbuild.tmp.Qwrkh9On/Data.noindex/Test/aProject/build/Debug/TargetA.framework/Versions/A/TargetA", "normal"]), Task(forTarget: <none>, ruleInfo: ["Gate", "target-TargetA-T-TargetA-21785--Barrier-RegisterExecutionPolicyException"]), Task(forTarget: TargetA, ruleInfo: ["MkDir", "/private/var/folders/xr/m5_5rlsd6l9fk2w4ngj13k6m0000gn/T/swbuild.tmp.Qwrkh9On/Data.noindex/Test/aProject/build/Debug/TargetA.framework/Versions"]), Task(forTarget: TargetA, ruleInfo: ["SymLink", "/private/var/folders/xr/m5_5rlsd6l9fk2w4ngj13k6m0000gn/T/swbuild.tmp.Qwrkh9On/Data.noindex/Test/aProject/build/EagerLinkingTBDs/Debug/TargetA.framework/TargetA.tbd", "/private/var/folders/xr/m5_5rlsd6l9fk2w4ngj13k6m0000gn/T/swbuild.tmp.Qwrkh9On/Data.noindex/Test/aProject/build/EagerLinkingTBDs/Debug/TargetA.framework/Versions/A/TargetA.tbd"]), Task(forTarget: <none>, ruleInfo: ["Gate", "target-TargetB-T-TargetB-21793--GeneratedFilesTaskProducer"]), Task(forTarget: TargetA, ruleInfo: ["ExtractAppIntentsMetadata"]), Task(forTarget: TargetB, ruleInfo: ["MkDir", "/private/var/folders/xr/m5_5rlsd6l9fk2w4ngj13k6m0000gn/T/swbuild.tmp.Qwrkh9On/Data.noindex/Test/aProject/build/Debug/TargetB.framework/Versions/A/Headers"]), Task(forTarget: <none>, ruleInfo: ["Gate", "target-TargetA-T-TargetA-21785--Barrier-StripSymbols"]), Task(forTarget: TargetB, ruleInfo: ["SwiftDriver Compilation", "TargetB", "normal", "x86_64", "com.apple.xcode.tools.swift.compiler"]), Task(forTarget: TargetB, ruleInfo: ["WriteAuxiliaryFile", "/private/var/folders/xr/m5_5rlsd6l9fk2w4ngj13k6m0000gn/T/swbuild.tmp.Qwrkh9On/Data.noindex/Test/aProject/build/aProject.build/Debug/TargetB.build/Objects-normal/x86_64/TargetB.SwiftConstValuesFileList"]), Task(forTarget: <none>, ruleInfo: ["Gate", "target-TargetB-T-TargetB-21793--TAPISymbolExtractorTaskProducer"]), Task(forTarget: <none>, ruleInfo: ["Gate", "target-TargetB-T-TargetB-21793--swift-generated-headers"]), Task(forTarget: <none>, ruleInfo: ["Gate", "target-TargetB-T-TargetB-21793--ProductPostprocessingTaskProducer"]), Task(forTarget: <none>, ruleInfo: ["Gate", "target-TargetB-T-TargetB-21793--RealityAssetsTaskProducer"]), Task(forTarget: <none>, ruleInfo: ["Gate", "target-TargetA-T-TargetA-21785--Barrier-CopyAside"]), Task(forTarget: <none>, ruleInfo: ["SwiftExplicitDependencyGeneratePcm", "x86_64", "/private/var/folders/xr/m5_5rlsd6l9fk2w4ngj13k6m0000gn/T/swbuild.tmp.Qwrkh9On/Data.noindex/Test/aProject/build/SwiftExplicitPrecompiledModules/SwiftShims-E7NR5GGR9Z7GY7PSRPSK1C6L1.pcm"]), Task(forTarget: TargetA, ruleInfo: ["Copy", "/private/var/folders/xr/m5_5rlsd6l9fk2w4ngj13k6m0000gn/T/swbuild.tmp.Qwrkh9On/Data.noindex/Test/aProject/build/Debug/TargetA.framework/Versions/A/Modules/TargetA.swiftmodule/x86_64-apple-macos.swiftdoc", "/private/var/folders/xr/m5_5rlsd6l9fk2w4ngj13k6m0000gn/T/swbuild.tmp.Qwrkh9On/Data.noindex/Test/aProject/build/aProject.build/Debug/TargetA.build/Objects-normal/x86_64/TargetA.swiftdoc"]), Task(forTarget: TargetB, ruleInfo: ["Gate", "target-TargetB-T-TargetB-21793--begin-scanning"]), Task(forTarget: <none>, ruleInfo: ["Gate", "target-TargetB-T-TargetB-21793--ModuleVerifierTaskProducer"]), Task(forTarget: TargetA, ruleInfo: ["SymLink", "/private/var/folders/xr/m5_5rlsd6l9fk2w4ngj13k6m0000gn/T/swbuild.tmp.Qwrkh9On/Data.noindex/Test/aProject/build/Debug/TargetA.framework/Headers", "Versions/Current/Headers"]), Task(forTarget: TargetB, ruleInfo: ["SwiftCompile", "normal", "x86_64", "Compiling fileB2.swift", "/private/var/folders/xr/m5_5rlsd6l9fk2w4ngj13k6m0000gn/T/swbuild.tmp.Qwrkh9On/Data.noindex/Test/aProject/Sources/fileB2.swift"]), Task(forTarget: TargetB, ruleInfo: ["Gate", "target-TargetB-T-TargetB-21793--linker-inputs-ready"]), Task(forTarget: <none>, ruleInfo: ["Gate", "target-TargetA-T-TargetA-21785--Barrier-ChangePermissions"]), Task(forTarget: TargetA, ruleInfo: ["WriteAuxiliaryFile", "/private/var/folders/xr/m5_5rlsd6l9fk2w4ngj13k6m0000gn/T/swbuild.tmp.Qwrkh9On/Data.noindex/Test/aProject/build/aProject.build/Debug/TargetA.build/TargetA-all-target-headers.hmap"]), Task(forTarget: TargetA, ruleInfo: ["SwiftDriver Compilation Requirements", "TargetA", "normal", "x86_64", "com.apple.xcode.tools.swift.compiler"]), Task(forTarget: TargetA, ruleInfo: ["WriteAuxiliaryFile", "/private/var/folders/xr/m5_5rlsd6l9fk2w4ngj13k6m0000gn/T/swbuild.tmp.Qwrkh9On/Data.noindex/Test/aProject/build/aProject.build/Debug/TargetA.build/Objects-normal/x86_64/TargetA_const_extract_protocols.json"]), Task(forTarget: TargetA, ruleInfo: ["Gate", "target-TargetA-T-TargetA-21785--entry"]), Task(forTarget: TargetA, ruleInfo: ["WriteAuxiliaryFile", "/private/var/folders/xr/m5_5rlsd6l9fk2w4ngj13k6m0000gn/T/swbuild.tmp.Qwrkh9On/Data.noindex/Test/aProject/build/aProject.build/Debug/TargetA.build/TargetA.DependencyMetadataFileList"]), Task(forTarget: TargetA, ruleInfo: ["Copy", "/private/var/folders/xr/m5_5rlsd6l9fk2w4ngj13k6m0000gn/T/swbuild.tmp.Qwrkh9On/Data.noindex/Test/aProject/build/Debug/TargetA.framework/Versions/A/Modules/TargetA.swiftmodule/x86_64-apple-macos.swiftmodule", "/private/var/folders/xr/m5_5rlsd6l9fk2w4ngj13k6m0000gn/T/swbuild.tmp.Qwrkh9On/Data.noindex/Test/aProject/build/aProject.build/Debug/TargetA.build/Objects-normal/x86_64/TargetA.swiftmodule"]), Task(forTarget: <none>, ruleInfo: ["Gate", "target-TargetB-T-TargetB-21793--Barrier-RegisterProduct"]), Task(forTarget: TargetB, ruleInfo: ["SwiftDriver Compilation Requirements", "TargetB", "normal", "x86_64", "com.apple.xcode.tools.swift.compiler"]), Task(forTarget: <none>, ruleInfo: ["Gate", "target-TargetB-T-TargetB-21793--StubBinaryTaskProducer"]), Task(forTarget: TargetB, ruleInfo: ["Gate", "target-TargetB-T-TargetB-21793--entry"]), Task(forTarget: <none>, ruleInfo: ["SwiftExplicitDependencyCompileModuleFromInterface", "x86_64", "/private/var/folders/xr/m5_5rlsd6l9fk2w4ngj13k6m0000gn/T/swbuild.tmp.Qwrkh9On/Data.noindex/Test/aProject/build/SwiftExplicitPrecompiledModules/Swift-1039YR9EBE61.swiftmodule"]), Task(forTarget: <none>, ruleInfo: ["Gate", "target-TargetB-T-TargetB-21793--GenerateAppPlaygroundAssetCatalogTaskProducer"]), Task(forTarget: TargetB, ruleInfo: ["Gate", "target-TargetB-T-TargetB-21793--begin-linking"]), Task(forTarget: TargetA, ruleInfo: ["WriteAuxiliaryFile", "/private/var/folders/xr/m5_5rlsd6l9fk2w4ngj13k6m0000gn/T/swbuild.tmp.Qwrkh9On/Data.noindex/Test/aProject/build/aProject.build/Debug/TargetA.build/Objects-normal/x86_64/TargetA-OutputFileMap.json"]), Task(forTarget: TargetB, ruleInfo: ["WriteAuxiliaryFile", "/private/var/folders/xr/m5_5rlsd6l9fk2w4ngj13k6m0000gn/T/swbuild.tmp.Qwrkh9On/Data.noindex/Test/aProject/build/aProject.build/Debug/TargetB.build/TargetB.DependencyMetadataFileList"]), Task(forTarget: TargetB, ruleInfo: ["WriteAuxiliaryFile", "/private/var/folders/xr/m5_5rlsd6l9fk2w4ngj13k6m0000gn/T/swbuild.tmp.Qwrkh9On/Data.noindex/Test/aProject/build/aProject.build/Debug/TargetB.build/TargetB.hmap"]), Task(forTarget: <none>, ruleInfo: ["CreateBuildDirectory", "/private/var/folders/xr/m5_5rlsd6l9fk2w4ngj13k6m0000gn/T/swbuild.tmp.Qwrkh9On/Data.noindex/Test/aProject/build/SharedPrecompiledHeaders"]), Task(forTarget: TargetA, ruleInfo: ["Gate", "target-TargetA-T-TargetA-21785--unsigned-product-ready"]), Task(forTarget: TargetA, ruleInfo: ["Gate", "target-TargetA-T-TargetA-21785--will-sign"]), Task(forTarget: TargetB, ruleInfo: ["Copy", "/private/var/folders/xr/m5_5rlsd6l9fk2w4ngj13k6m0000gn/T/swbuild.tmp.Qwrkh9On/Data.noindex/Test/aProject/build/Debug/TargetB.framework/Versions/A/Modules/TargetB.swiftmodule/Project/x86_64-apple-macos.swiftsourceinfo", "/private/var/folders/xr/m5_5rlsd6l9fk2w4ngj13k6m0000gn/T/swbuild.tmp.Qwrkh9On/Data.noindex/Test/aProject/build/aProject.build/Debug/TargetB.build/Objects-normal/x86_64/TargetB.swiftsourceinfo"]), Task(forTarget: TargetA, ruleInfo: ["WriteAuxiliaryFile", "/private/var/folders/xr/m5_5rlsd6l9fk2w4ngj13k6m0000gn/T/swbuild.tmp.Qwrkh9On/Data.noindex/Test/aProject/build/aProject.build/Debug/TargetA.build/TargetA-generated-files.hmap"]), Task(forTarget: TargetA, ruleInfo: ["Gate", "target-TargetA-T-TargetA-21785--linker-inputs-ready"]), Task(forTarget: <none>, ruleInfo: ["Gate", "target-TargetB-T-TargetB-21793--Barrier-GenerateStubAPI"]), Task(forTarget: <none>, ruleInfo: ["Gate", "target-TargetA-T-TargetA-21785--ModuleVerifierTaskProducer"]), Task(forTarget: <none>, ruleInfo: ["Gate", "target-TargetB-T-TargetB-21793--SwiftFrameworkABICheckerTaskProducer"]), Task(forTarget: TargetB, ruleInfo: ["Gate", "target-TargetB-T-TargetB-21793--end"]), Task(forTarget: TargetB, ruleInfo: ["WriteAuxiliaryFile", "/private/var/folders/xr/m5_5rlsd6l9fk2w4ngj13k6m0000gn/T/swbuild.tmp.Qwrkh9On/Data.noindex/Test/aProject/build/aProject.build/Debug/TargetB.build/TargetB-all-target-headers.hmap"]), Task(forTarget: <none>, ruleInfo: ["SwiftExplicitDependencyGeneratePcm", "x86_64", "/private/var/folders/xr/m5_5rlsd6l9fk2w4ngj13k6m0000gn/T/swbuild.tmp.Qwrkh9On/Data.noindex/Test/aProject/build/SwiftExplicitPrecompiledModules/_SwiftConcurrencyShims-BUR8XM1R06AS02RWV63HPG1KR.pcm"]), Task(forTarget: <none>, ruleInfo: ["Gate", "target-TargetB-T-TargetB-21793--Barrier-ChangePermissions"]), Task(forTarget: <none>, ruleInfo: ["Gate", "target-TargetB-T-TargetB-21793--Barrier-CodeSign"]), Task(forTarget: TargetB, ruleInfo: ["Touch", "/private/var/folders/xr/m5_5rlsd6l9fk2w4ngj13k6m0000gn/T/swbuild.tmp.Qwrkh9On/Data.noindex/Test/aProject/build/Debug/TargetB.framework"]), Task(forTarget: <none>, ruleInfo: ["Gate", "target-TargetB-T-TargetB-21793--Barrier-StripSymbols"]), Task(forTarget: TargetB, ruleInfo: ["WriteAuxiliaryFile", "/private/var/folders/xr/m5_5rlsd6l9fk2w4ngj13k6m0000gn/T/swbuild.tmp.Qwrkh9On/Data.noindex/Test/aProject/build/aProject.build/Debug/TargetB.build/Objects-normal/x86_64/TargetB-OutputFileMap.json"]), Task(forTarget: TargetB, ruleInfo: ["GenerateTAPI", "/private/var/folders/xr/m5_5rlsd6l9fk2w4ngj13k6m0000gn/T/swbuild.tmp.Qwrkh9On/Data.noindex/Test/aProject/build/EagerLinkingTBDs/Debug/TargetB.framework/Versions/A/TargetB.tbd"]), Task(forTarget: TargetB, ruleInfo: ["SwiftEmitModule", "normal", "x86_64", "Emitting module for TargetB"]), Task(forTarget: TargetB, ruleInfo: ["MkDir", "/private/var/folders/xr/m5_5rlsd6l9fk2w4ngj13k6m0000gn/T/swbuild.tmp.Qwrkh9On/Data.noindex/Test/aProject/build/Debug/TargetB.framework/Versions"]), Task(forTarget: TargetA, ruleInfo: ["WriteAuxiliaryFile", "/private/var/folders/xr/m5_5rlsd6l9fk2w4ngj13k6m0000gn/T/swbuild.tmp.Qwrkh9On/Data.noindex/Test/aProject/build/aProject.build/Debug/TargetA.build/Objects-normal/x86_64/TargetA.SwiftFileList"]), Task(forTarget: TargetB, ruleInfo: ["ExtractAppIntentsMetadata"]), Task(forTarget: <none>, ruleInfo: ["Gate", "target-TargetB-T-TargetB-21793--ProductStructureTaskProducer"]), Task(forTarget: <none>, ruleInfo: ["Gate", "target-TargetB-T-TargetB-21793--HeadermapTaskProducer"]), Task(forTarget: <none>, ruleInfo: ["CreateBuildDirectory", "/private/var/folders/xr/m5_5rlsd6l9fk2w4ngj13k6m0000gn/T/swbuild.tmp.Qwrkh9On/Data.noindex/Test/aProject/build/Debug"]), Task(forTarget: TargetA, ruleInfo: ["WriteAuxiliaryFile", "/private/var/folders/xr/m5_5rlsd6l9fk2w4ngj13k6m0000gn/T/swbuild.tmp.Qwrkh9On/Data.noindex/Test/aProject/build/aProject.build/Debug/TargetA.build/TargetA.DependencyStaticMetadataFileList"]), Task(forTarget: <none>, ruleInfo: ["Gate", "target-TargetB-T-TargetB-21793--ExtensionPointExtractorTaskProducer"]), Task(forTarget: <none>, ruleInfo: ["Gate", "target-TargetB-T-TargetB-21793--SwiftStandardLibrariesTaskProducer"]), Task(forTarget: TargetA, ruleInfo: ["Copy", "/private/var/folders/xr/m5_5rlsd6l9fk2w4ngj13k6m0000gn/T/swbuild.tmp.Qwrkh9On/Data.noindex/Test/aProject/build/Debug/TargetA.framework/Versions/A/Modules/TargetA.swiftmodule/x86_64-apple-macos.abi.json", "/private/var/folders/xr/m5_5rlsd6l9fk2w4ngj13k6m0000gn/T/swbuild.tmp.Qwrkh9On/Data.noindex/Test/aProject/build/aProject.build/Debug/TargetA.build/Objects-normal/x86_64/TargetA.abi.json"]), Task(forTarget: <none>, ruleInfo: ["CreateBuildDirectory", "/private/var/folders/xr/m5_5rlsd6l9fk2w4ngj13k6m0000gn/T/swbuild.tmp.Qwrkh9On/Data.noindex/Test/aProject/build/ExplicitPrecompiledModules"]), Task(forTarget: TargetB, ruleInfo: ["Gate", "target-TargetB-T-TargetB-21793--immediate"]), Task(forTarget: <none>, ruleInfo: ["Gate", "target-TargetA-T-TargetA-21785--AppExtensionInfoPlistGeneratorTaskProducer"]), Task(forTarget: TargetB, ruleInfo: ["SymLink", "/private/var/folders/xr/m5_5rlsd6l9fk2w4ngj13k6m0000gn/T/swbuild.tmp.Qwrkh9On/Data.noindex/Test/aProject/build/Debug/TargetB.framework/Modules", "Versions/Current/Modules"]), Task(forTarget: <none>, ruleInfo: ["Gate", "target-TargetA-T-TargetA-21785--swift-generated-headers"]), Task(forTarget: <none>, ruleInfo: ["Gate", "target-TargetB-T-TargetB-21793--InfoPlistTaskProducer"]), Task(forTarget: <none>, ruleInfo: ["Gate", "target-TargetB-T-TargetB-21793--AppExtensionInfoPlistGeneratorTaskProducer"]), Task(forTarget: TargetB, ruleInfo: ["SwiftDriver", "TargetB", "normal", "x86_64", "com.apple.xcode.tools.swift.compiler"]), Task(forTarget: <none>, ruleInfo: ["Gate", "target-TargetA-T-TargetA-21785--CopySwiftPackageResourcesTaskProducer"]), Task(forTarget: <none>, ruleInfo: ["Gate", "target-TargetA-T-TargetA-21785--ProductStructureTaskProducer"]), Task(forTarget: TargetA, ruleInfo: ["SymLink", "/private/var/folders/xr/m5_5rlsd6l9fk2w4ngj13k6m0000gn/T/swbuild.tmp.Qwrkh9On/Data.noindex/Test/aProject/build/Debug/TargetA.framework/Versions/Current", "A"]), Task(forTarget: TargetA, ruleInfo: ["SwiftMergeGeneratedHeaders", "/private/var/folders/xr/m5_5rlsd6l9fk2w4ngj13k6m0000gn/T/swbuild.tmp.Qwrkh9On/Data.noindex/Test/aProject/build/Debug/TargetA.framework/Versions/A/Headers/TargetA-Swift.h", "/private/var/folders/xr/m5_5rlsd6l9fk2w4ngj13k6m0000gn/T/swbuild.tmp.Qwrkh9On/Data.noindex/Test/aProject/build/aProject.build/Debug/TargetA.build/Objects-normal/x86_64/TargetA-Swift.h"]), Task(forTarget: <none>, ruleInfo: ["Gate", "target-TargetA-T-TargetA-21785--ProductPostprocessingTaskProducer"]), Task(forTarget: TargetB, ruleInfo: ["Copy", "/private/var/folders/xr/m5_5rlsd6l9fk2w4ngj13k6m0000gn/T/swbuild.tmp.Qwrkh9On/Data.noindex/Test/aProject/build/Debug/TargetB.framework/Versions/A/Modules/TargetB.swiftmodule/x86_64-apple-macos.swiftdoc", "/private/var/folders/xr/m5_5rlsd6l9fk2w4ngj13k6m0000gn/T/swbuild.tmp.Qwrkh9On/Data.noindex/Test/aProject/build/aProject.build/Debug/TargetB.build/Objects-normal/x86_64/TargetB.swiftdoc"]), Task(forTarget: <none>, ruleInfo: ["Gate", "target-TargetA-T-TargetA-21785--DocumentationTaskProducer"]), Task(forTarget: TargetB, ruleInfo: ["SymLink", "/private/var/folders/xr/m5_5rlsd6l9fk2w4ngj13k6m0000gn/T/swbuild.tmp.Qwrkh9On/Data.noindex/Test/aProject/build/Debug/TargetB.framework/Versions/Current", "A"]), Task(forTarget: <none>, ruleInfo: ["Gate", "target-TargetA-T-TargetA-21785--InfoPlistTaskProducer"]), Task(forTarget: <none>, ruleInfo: ["CreateBuildDirectory", "/private/var/folders/xr/m5_5rlsd6l9fk2w4ngj13k6m0000gn/T/swbuild.tmp.Qwrkh9On/Data.noindex/Test/aProject/build"]), Task(forTarget: <none>, ruleInfo: ["Gate", "target-TargetA-T-TargetA-21785--SwiftABIBaselineGenerationTaskProducer"]), Task(forTarget: TargetA, ruleInfo: ["SwiftDriver Compilation", "TargetA", "normal", "x86_64", "com.apple.xcode.tools.swift.compiler"]), Task(forTarget: TargetB, ruleInfo: ["SwiftMergeGeneratedHeaders", "/private/var/folders/xr/m5_5rlsd6l9fk2w4ngj13k6m0000gn/T/swbuild.tmp.Qwrkh9On/Data.noindex/Test/aProject/build/Debug/TargetB.framework/Versions/A/Headers/TargetB-Swift.h", "/private/var/folders/xr/m5_5rlsd6l9fk2w4ngj13k6m0000gn/T/swbuild.tmp.Qwrkh9On/Data.noindex/Test/aProject/build/aProject.build/Debug/TargetB.build/Objects-normal/x86_64/TargetB-Swift.h"]), Task(forTarget: TargetB, ruleInfo: ["Ld", "/private/var/folders/xr/m5_5rlsd6l9fk2w4ngj13k6m0000gn/T/swbuild.tmp.Qwrkh9On/Data.noindex/Test/aProject/build/Debug/TargetB.framework/Versions/A/TargetB", "normal"]), Task(forTarget: TargetB, ruleInfo: ["WriteAuxiliaryFile", "/private/var/folders/xr/m5_5rlsd6l9fk2w4ngj13k6m0000gn/T/swbuild.tmp.Qwrkh9On/Data.noindex/Test/aProject/build/aProject.build/Debug/TargetB.build/TargetB-all-non-framework-target-headers.hmap"]), Task(forTarget: <none>, ruleInfo: ["Gate", "target-TargetA-T-TargetA-21785--TAPISymbolExtractorTaskProducer"]), Task(forTarget: <none>, ruleInfo: ["SwiftExplicitDependencyCompileModuleFromInterface", "x86_64", "/private/var/folders/xr/m5_5rlsd6l9fk2w4ngj13k6m0000gn/T/swbuild.tmp.Qwrkh9On/Data.noindex/Test/aProject/build/SwiftExplicitPrecompiledModules/_Concurrency-2W8LU3DF58RLX.swiftmodule"]), Task(forTarget: <none>, ruleInfo: ["Gate", "target-TargetB-T-TargetB-21793--Barrier-ChangeAlternatePermissions"]), Task(forTarget: <none>, ruleInfo: ["Gate", "target-TargetA-T-TargetA-21785--SwiftPackageCopyFilesTaskProducer"]), Task(forTarget: <none>, ruleInfo: ["Gate", "target-TargetA-T-TargetA-21785--copy-headers-completion"]), Task(forTarget: <none>, ruleInfo: ["Gate", "WorkspaceHeaderMapVFSFilesWritten"]), Task(forTarget: TargetA, ruleInfo: ["Gate", "target-TargetA-T-TargetA-21785--modules-ready"]), Task(forTarget: <none>, ruleInfo: ["Gate", "target-TargetB-T-TargetB-21793--SanitizerTaskProducer"]), Task(forTarget: <none>, ruleInfo: ["Gate", "target-TargetA-T-TargetA-21785--Barrier-ChangeAlternatePermissions"]), Task(forTarget: TargetB, ruleInfo: ["SymLink", "/private/var/folders/xr/m5_5rlsd6l9fk2w4ngj13k6m0000gn/T/swbuild.tmp.Qwrkh9On/Data.noindex/Test/aProject/build/Debug/TargetB.framework/Headers", "Versions/Current/Headers"]), Task(forTarget: <none>, ruleInfo: ["CreateBuildDirectory", "/var/folders/xr/m5_5rlsd6l9fk2w4ngj13k6m0000gn/C/com.apple.DeveloperTools/26.4.1-17E202/Xcode/CompilationCache.noindex"]), Task(forTarget: <none>, ruleInfo: ["Gate", "target-TargetA-T-TargetA-21785--CustomTaskProducer"]), Task(forTarget: <none>, ruleInfo: ["Gate", "target-TargetA-T-TargetA-21785--AppIntentsMetadataTaskProducer"]), Task(forTarget: TargetB, ruleInfo: ["Copy", "/private/var/folders/xr/m5_5rlsd6l9fk2w4ngj13k6m0000gn/T/swbuild.tmp.Qwrkh9On/Data.noindex/Test/aProject/build/Debug/TargetB.framework/Versions/A/Modules/TargetB.swiftmodule/x86_64-apple-macos.abi.json", "/private/var/folders/xr/m5_5rlsd6l9fk2w4ngj13k6m0000gn/T/swbuild.tmp.Qwrkh9On/Data.noindex/Test/aProject/build/aProject.build/Debug/TargetB.build/Objects-normal/x86_64/TargetB.abi.json"]), Task(forTarget: <none>, ruleInfo: ["Gate", "target-TargetA-T-TargetA-21785--TestHostTaskProducer"]), Task(forTarget: TargetB, ruleInfo: ["WriteAuxiliaryFile", "/private/var/folders/xr/m5_5rlsd6l9fk2w4ngj13k6m0000gn/T/swbuild.tmp.Qwrkh9On/Data.noindex/Test/aProject/build/aProject.build/Debug/TargetB.build/Objects-normal/x86_64/TargetB.LinkFileList"]), Task(forTarget: <none>, ruleInfo: ["Gate", "target-TargetA-T-TargetA-21785--TestTargetPostprocessingTaskProducer"]), Task(forTarget: <none>, ruleInfo: ["Gate", "target-TargetA-T-TargetA-21785--Barrier-GenerateStubAPI"]), Task(forTarget: TargetB, ruleInfo: ["Gate", "target-TargetB-T-TargetB-21793--will-sign"]), Task(forTarget: <none>, ruleInfo: ["Gate", "target-TargetA-T-TargetA-21785--generated-headers"]), Task(forTarget: <none>, ruleInfo: ["Gate", "target-TargetB-T-TargetB-21793--Barrier-RegisterExecutionPolicyException"]), Task(forTarget: TargetB, ruleInfo: ["SymLink", "/private/var/folders/xr/m5_5rlsd6l9fk2w4ngj13k6m0000gn/T/swbuild.tmp.Qwrkh9On/Data.noindex/Test/aProject/build/EagerLinkingTBDs/Debug/TargetB.framework/TargetB.tbd", "/private/var/folders/xr/m5_5rlsd6l9fk2w4ngj13k6m0000gn/T/swbuild.tmp.Qwrkh9On/Data.noindex/Test/aProject/build/EagerLinkingTBDs/Debug/TargetB.framework/Versions/A/TargetB.tbd"]), Task(forTarget: TargetB, ruleInfo: ["WriteAuxiliaryFile", "/private/var/folders/xr/m5_5rlsd6l9fk2w4ngj13k6m0000gn/T/swbuild.tmp.Qwrkh9On/Data.noindex/Test/aProject/build/aProject.build/Debug/TargetB.build/TargetB-own-target-headers.hmap"]), Task(forTarget: TargetB, ruleInfo: ["WriteAuxiliaryFile", "/private/var/folders/xr/m5_5rlsd6l9fk2w4ngj13k6m0000gn/T/swbuild.tmp.Qwrkh9On/Data.noindex/Test/aProject/build/aProject.build/Debug/TargetB.build/TargetB-project-headers.hmap"]), Task(forTarget: <none>, ruleInfo: ["Gate", "target-TargetB-T-TargetB-21793--DocumentationTaskProducer"]), Task(forTarget: <none>, ruleInfo: ["Gate", "target-TargetA-T-TargetA-21785--TestEntryPointTaskProducerFactory"]), Task(forTarget: <none>, ruleInfo: ["Gate", "target-TargetA-T-TargetA-21785--TestTargetTaskProducer"]), Task(forTarget: TargetA, ruleInfo: ["Touch", "/private/var/folders/xr/m5_5rlsd6l9fk2w4ngj13k6m0000gn/T/swbuild.tmp.Qwrkh9On/Data.noindex/Test/aProject/build/Debug/TargetA.framework"]), Task(forTarget: <none>, ruleInfo: ["Gate", "target-TargetA-T-TargetA-21785--HeadermapTaskProducer"]), Task(forTarget: <none>, ruleInfo: ["Gate", "target-TargetB-T-TargetB-21793--fused-phase0-compile-sources&link-binary"]), Task(forTarget: TargetB, ruleInfo: ["WriteAuxiliaryFile", "/private/var/folders/xr/m5_5rlsd6l9fk2w4ngj13k6m0000gn/T/swbuild.tmp.Qwrkh9On/Data.noindex/Test/aProject/build/aProject.build/Debug/TargetB.build/TargetB.DependencyStaticMetadataFileList"]), Task(forTarget: <none>, ruleInfo: ["Gate", "target-TargetB-T-TargetB-21793--TestTargetTaskProducer"]), Task(forTarget: <none>, ruleInfo: ["Gate", "target-TargetA-T-TargetA-21785--RealityAssetsTaskProducer"]), Task(forTarget: <none>, ruleInfo: ["Gate", "target-TargetB-T-TargetB-21793--CustomTaskProducer"]), Task(forTarget: TargetB, ruleInfo: ["RegisterExecutionPolicyException", "/private/var/folders/xr/m5_5rlsd6l9fk2w4ngj13k6m0000gn/T/swbuild.tmp.Qwrkh9On/Data.noindex/Test/aProject/build/Debug/TargetB.framework"]), Task(forTarget: TargetA, ruleInfo: ["WriteAuxiliaryFile", "/private/var/folders/xr/m5_5rlsd6l9fk2w4ngj13k6m0000gn/T/swbuild.tmp.Qwrkh9On/Data.noindex/Test/aProject/build/aProject.build/Debug/TargetA.build/TargetA-all-non-framework-target-headers.hmap"]), Task(forTarget: TargetB, ruleInfo: ["SwiftCompile", "normal", "x86_64", "Compiling fileB1.swift", "/private/var/folders/xr/m5_5rlsd6l9fk2w4ngj13k6m0000gn/T/swbuild.tmp.Qwrkh9On/Data.noindex/Test/aProject/Sources/fileB1.swift"]), Task(forTarget: <none>, ruleInfo: ["Gate", "target-TargetA-T-TargetA-21785--Barrier-CodeSign"]), Task(forTarget: <none>, ruleInfo: ["Gate", "target-TargetB-T-TargetB-21793--AppIntentsMetadataTaskProducer"]), Task(forTarget: TargetB, ruleInfo: ["Gate", "target-TargetB-T-TargetB-21793--unsigned-product-ready"]), Task(forTarget: TargetA, ruleInfo: ["SwiftDriver", "TargetA", "normal", "x86_64", "com.apple.xcode.tools.swift.compiler"]), Task(forTarget: TargetA, ruleInfo: ["Gate", "target-TargetA-T-TargetA-21785--end"]), Task(forTarget: TargetA, ruleInfo: ["Gate", "target-TargetA-T-TargetA-21785--begin-scanning"]), Task(forTarget: TargetB, ruleInfo: ["WriteAuxiliaryFile", "/private/var/folders/xr/m5_5rlsd6l9fk2w4ngj13k6m0000gn/T/swbuild.tmp.Qwrkh9On/Data.noindex/Test/aProject/build/aProject.build/Debug/TargetB.build/Objects-normal/x86_64/TargetB_const_extract_protocols.json"]), Task(forTarget: <none>, ruleInfo: ["Gate", "target-TargetA-T-TargetA-21785--StubBinaryTaskProducer"]), Task(forTarget: TargetB, ruleInfo: ["MkDir", "/private/var/folders/xr/m5_5rlsd6l9fk2w4ngj13k6m0000gn/T/swbuild.tmp.Qwrkh9On/Data.noindex/Test/aProject/build/Debug/TargetB.framework/Versions/A"]), Task(forTarget: TargetA, ruleInfo: ["SwiftCompile", "normal", "x86_64", "Compiling fileA2.swift", "/private/var/folders/xr/m5_5rlsd6l9fk2w4ngj13k6m0000gn/T/swbuild.tmp.Qwrkh9On/Data.noindex/Test/aProject/Sources/fileA2.swift"]), Task(forTarget: <none>, ruleInfo: ["Gate", "target-TargetA-T-TargetA-21785--fused-phase0-compile-sources"]), Task(forTarget: <none>, ruleInfo: ["Gate", "target-TargetA-T-TargetA-21785--ModuleMapTaskProducer"]), Task(forTarget: <none>, ruleInfo: ["Gate", "target-TargetA-T-TargetA-21785--GeneratedFilesTaskProducer"]), Task(forTarget: <none>, ruleInfo: ["Gate", "target-TargetA-T-TargetA-21785--SwiftStandardLibrariesTaskProducer"]), Task(forTarget: TargetA, ruleInfo: ["GenerateTAPI", "/private/var/folders/xr/m5_5rlsd6l9fk2w4ngj13k6m0000gn/T/swbuild.tmp.Qwrkh9On/Data.noindex/Test/aProject/build/EagerLinkingTBDs/Debug/TargetA.framework/Versions/A/TargetA.tbd"]), Task(forTarget: <none>, ruleInfo: ["Gate", "target-TargetA-T-TargetA-21785--Barrier-Validate"]), Task(forTarget: TargetB, ruleInfo: ["WriteAuxiliaryFile", "/private/var/folders/xr/m5_5rlsd6l9fk2w4ngj13k6m0000gn/T/swbuild.tmp.Qwrkh9On/Data.noindex/Test/aProject/build/aProject.build/Debug/TargetB.build/Objects-normal/x86_64/TargetB.SwiftFileList"]), Task(forTarget: TargetA, ruleInfo: ["MkDir", "/private/var/folders/xr/m5_5rlsd6l9fk2w4ngj13k6m0000gn/T/swbuild.tmp.Qwrkh9On/Data.noindex/Test/aProject/build/Debug/TargetA.framework"]), Task(forTarget: <none>, ruleInfo: ["Gate", "target-TargetA-T-TargetA-21785--ExtensionPointExtractorTaskProducer"]), Task(forTarget: TargetA, ruleInfo: ["SymLink", "/private/var/folders/xr/m5_5rlsd6l9fk2w4ngj13k6m0000gn/T/swbuild.tmp.Qwrkh9On/Data.noindex/Test/aProject/build/Debug/TargetA.framework/TargetA", "Versions/Current/TargetA"]), Task(forTarget: TargetA, ruleInfo: ["MkDir", "/private/var/folders/xr/m5_5rlsd6l9fk2w4ngj13k6m0000gn/T/swbuild.tmp.Qwrkh9On/Data.noindex/Test/aProject/build/Debug/TargetA.framework/Versions/A"]), Task(forTarget: <none>, ruleInfo: ["Gate", "target-TargetB-T-TargetB-21793--generated-headers"]), Task(forTarget: <none>, ruleInfo: ["Gate", "target-TargetA-T-TargetA-21785--SwiftFrameworkABICheckerTaskProducer"]), Task(forTarget: TargetB, ruleInfo: ["Gate", "target-TargetB-T-TargetB-21793--modules-ready"]), Task(forTarget: <none>, ruleInfo: ["ClangStatCache", "/Applications/Xcode17E.app/Contents/Developer/Toolchains/XcodeDefault.xctoolchain/usr/bin/clang-stat-cache", "/Applications/Xcode17E.app/Contents/Developer/Platforms/MacOSX.platform/Developer/SDKs/MacOSX26.4.sdk", "/private/var/folders/xr/m5_5rlsd6l9fk2w4ngj13k6m0000gn/T/swbuild.tmp.Qwrkh9On/Data.noindex/Test/SDKStatCaches.noindex/macosx26.4-25E260-95aa6cf8f3effd57bda17e0c125410c0.sdkstatcache"]), Task(forTarget: TargetB, ruleInfo: ["SymLink", "/private/var/folders/xr/m5_5rlsd6l9fk2w4ngj13k6m0000gn/T/swbuild.tmp.Qwrkh9On/Data.noindex/Test/aProject/build/Debug/TargetB.framework/TargetB", "Versions/Current/TargetB"]), Task(forTarget: TargetA, ruleInfo: ["MkDir", "/private/var/folders/xr/m5_5rlsd6l9fk2w4ngj13k6m0000gn/T/swbuild.tmp.Qwrkh9On/Data.noindex/Test/aProject/build/Debug/TargetA.framework/Versions/A/Headers"]), Task(forTarget: <none>, ruleInfo: ["Gate", "target-TargetB-T-TargetB-21793--TestHostTaskProducer"]), Task(forTarget: TargetA, ruleInfo: ["Gate", "target-TargetA-T-TargetA-21785--begin-linking"]), Task(forTarget: <none>, ruleInfo: ["Gate", "target-TargetB-T-TargetB-21793--ModuleMapTaskProducer"]), Task(forTarget: <none>, ruleInfo: ["CreateBuildDirectory", "/private/var/folders/xr/m5_5rlsd6l9fk2w4ngj13k6m0000gn/T/swbuild.tmp.Qwrkh9On/Data.noindex/Test/aProject/build/SwiftExplicitPrecompiledModules"]), Task(forTarget: <none>, ruleInfo: ["Gate", "target-TargetB-T-TargetB-21793--SwiftABIBaselineGenerationTaskProducer"]), Task(forTarget: <none>, ruleInfo: ["Gate", "target-TargetB-T-TargetB-21793--TestTargetPostprocessingTaskProducer"]), Task(forTarget: <none>, ruleInfo: ["CreateBuildDirectory", "/private/var/folders/xr/m5_5rlsd6l9fk2w4ngj13k6m0000gn/T/swbuild.tmp.Qwrkh9On/Data.noindex/Test/aProject/build/EagerLinkingTBDs/Debug"]), Task(forTarget: TargetA, ruleInfo: ["WriteAuxiliaryFile", "/private/var/folders/xr/m5_5rlsd6l9fk2w4ngj13k6m0000gn/T/swbuild.tmp.Qwrkh9On/Data.noindex/Test/aProject/build/aProject.build/Debug/TargetA.build/Objects-normal/x86_64/TargetA.SwiftConstValuesFileList"]), Task(forTarget: <none>, ruleInfo: ["Gate", "target-TargetA-T-TargetA-21785--GenerateAppPlaygroundAssetCatalogTaskProducer"]), Task(forTarget: <none>, ruleInfo: ["WriteAuxiliaryFile", "/private/var/folders/xr/m5_5rlsd6l9fk2w4ngj13k6m0000gn/T/swbuild.tmp.Qwrkh9On/Data.noindex/Test/aProject/build/aProject.build/Debug/aProject-P21796-VFS/all-product-headers.yaml"]), Task(forTarget: <none>, ruleInfo: ["Gate", "target-TargetB-T-TargetB-21793--CopySwiftPackageResourcesTaskProducer"]), Task(forTarget: <none>, ruleInfo: ["Gate", "target-TargetB-T-TargetB-21793--Barrier-CopyAside"]), Task(forTarget: TargetA, ruleInfo: ["WriteAuxiliaryFile", "/private/var/folders/xr/m5_5rlsd6l9fk2w4ngj13k6m0000gn/T/swbuild.tmp.Qwrkh9On/Data.noindex/Test/aProject/build/aProject.build/Debug/TargetA.build/TargetA-project-headers.hmap"]), Task(forTarget: TargetB, ruleInfo: ["MkDir", "/private/var/folders/xr/m5_5rlsd6l9fk2w4ngj13k6m0000gn/T/swbuild.tmp.Qwrkh9On/Data.noindex/Test/aProject/build/Debug/TargetB.framework"]), Task(forTarget: TargetA, ruleInfo: ["SymLink", "/private/var/folders/xr/m5_5rlsd6l9fk2w4ngj13k6m0000gn/T/swbuild.tmp.Qwrkh9On/Data.noindex/Test/aProject/build/Debug/TargetA.framework/Modules", "Versions/Current/Modules"]), Task(forTarget: <none>, ruleInfo: ["SwiftExplicitDependencyCompileModuleFromInterface", "x86_64", "/private/var/folders/xr/m5_5rlsd6l9fk2w4ngj13k6m0000gn/T/swbuild.tmp.Qwrkh9On/Data.noindex/Test/aProject/build/SwiftExplicitPrecompiledModules/_StringProcessing-13GX4EAKQZW8B.swiftmodule"]), Task(forTarget: TargetA, ruleInfo: ["RegisterExecutionPolicyException", "/private/var/folders/xr/m5_5rlsd6l9fk2w4ngj13k6m0000gn/T/swbuild.tmp.Qwrkh9On/Data.noindex/Test/aProject/build/Debug/TargetA.framework"]), Task(forTarget: TargetA, ruleInfo: ["Copy", "/private/var/folders/xr/m5_5rlsd6l9fk2w4ngj13k6m0000gn/T/swbuild.tmp.Qwrkh9On/Data.noindex/Test/aProject/build/Debug/TargetA.framework/Versions/A/Modules/TargetA.swiftmodule/Project/x86_64-apple-macos.swiftsourceinfo", "/private/var/folders/xr/m5_5rlsd6l9fk2w4ngj13k6m0000gn/T/swbuild.tmp.Qwrkh9On/Data.noindex/Test/aProject/build/aProject.build/Debug/TargetA.build/Objects-normal/x86_64/TargetA.swiftsourceinfo"]), Task(forTarget: <none>, ruleInfo: ["Gate", "target-TargetB-T-TargetB-21793--copy-headers-completion"]), Task(forTarget: <none>, ruleInfo: ["Gate", "target-TargetB-T-TargetB-21793--TestEntryPointTaskProducerFactory"]), Task(forTarget: TargetA, ruleInfo: ["Gate", "target-TargetA-T-TargetA-21785--immediate"]), Task(forTarget: <none>, ruleInfo: ["Gate", "target-TargetA-T-TargetA-21785--Barrier-RegisterProduct"]), Task(forTarget: <none>, ruleInfo: ["Gate", "target-TargetB-T-TargetB-21793--Barrier-Validate"]), Task(forTarget: TargetB, ruleInfo: ["Copy", "/private/var/folders/xr/m5_5rlsd6l9fk2w4ngj13k6m0000gn/T/swbuild.tmp.Qwrkh9On/Data.noindex/Test/aProject/build/Debug/TargetB.framework/Versions/A/Modules/TargetB.swiftmodule/x86_64-apple-macos.swiftmodule", "/private/var/folders/xr/m5_5rlsd6l9fk2w4ngj13k6m0000gn/T/swbuild.tmp.Qwrkh9On/Data.noindex/Test/aProject/build/aProject.build/Debug/TargetB.build/Objects-normal/x86_64/TargetB.swiftmodule"]), Task(forTarget: TargetB, ruleInfo: ["WriteAuxiliaryFile", "/private/var/folders/xr/m5_5rlsd6l9fk2w4ngj13k6m0000gn/T/swbuild.tmp.Qwrkh9On/Data.noindex/Test/aProject/build/aProject.build/Debug/TargetB.build/TargetB-generated-files.hmap"]), Task(forTarget: TargetA, ruleInfo: ["Gate", "target-TargetA-T-TargetA-21785--begin-compiling"]), Task(forTarget: TargetA, ruleInfo: ["WriteAuxiliaryFile", "/private/var/folders/xr/m5_5rlsd6l9fk2w4ngj13k6m0000gn/T/swbuild.tmp.Qwrkh9On/Data.noindex/Test/aProject/build/aProject.build/Debug/TargetA.build/TargetA.hmap"]), Task(forTarget: TargetA, ruleInfo: ["SwiftEmitModule", "normal", "x86_64", "Emitting module for TargetA"]), Task(forTarget: TargetB, ruleInfo: ["Gate", "target-TargetB-T-TargetB-21793--begin-compiling"]), Task(forTarget: <none>, ruleInfo: ["Gate", "target-TargetB-T-TargetB-21793--SwiftPackageCopyFilesTaskProducer"]), Task(forTarget: <none>, ruleInfo: ["Gate", "target-TargetA-T-TargetA-21785--SanitizerTaskProducer"]), Task(forTarget: TargetA, ruleInfo: ["WriteAuxiliaryFile", "/private/var/folders/xr/m5_5rlsd6l9fk2w4ngj13k6m0000gn/T/swbuild.tmp.Qwrkh9On/Data.noindex/Test/aProject/build/aProject.build/Debug/TargetA.build/TargetA-own-target-headers.hmap"]), Task(forTarget: TargetA, ruleInfo: ["WriteAuxiliaryFile", "/private/var/folders/xr/m5_5rlsd6l9fk2w4ngj13k6m0000gn/T/swbuild.tmp.Qwrkh9On/Data.noindex/Test/aProject/build/aProject.build/Debug/TargetA.build/Objects-normal/x86_64/TargetA.LinkFileList"]), Task(forTarget: TargetA, ruleInfo: ["SwiftCompile", "normal", "x86_64", "Compiling fileA1.swift", "/private/var/folders/xr/m5_5rlsd6l9fk2w4ngj13k6m0000gn/T/swbuild.tmp.Qwrkh9On/Data.noindex/Test/aProject/Sources/fileA1.swift"])]
↳ Occasionally fails in CI due to SwiftExplicitDependencyCompileModuleFromInterface missing from the dependency graph
━ Test swiftEagerCompilationWithExplicitModules() recorded a known issue at SwiftDriverTests.swift:3602:67: Issue recorded
↳ Unexpected dependency for Task(forTarget: TargetA, ruleInfo: ["SwiftEmitModule", "normal", "x86_64", "Emitting module for TargetA"]): found ::SwiftExplicitDependencyCompileModuleFromInterface x86_64 /private/var/folders/xr/m5_5rlsd6l9fk2w4ngj13k6m0000gn/T/swbuild.tmp.Qwrkh9On/Data.noindex/Test/aProject/build/SwiftExplicitPrecompiledModules/_StringProcessing-13GX4EAKQZW8B.swiftmodule
↳ Occasionally fails in CI due to SwiftExplicitDependencyCompileModuleFromInterface missing from the dependency graph
━ Test swiftEagerCompilationWithExplicitModules() recorded a known issue at SwiftDriverTests.swift:3602:67: Issue recorded
↳ Unexpected dependency for Task(forTarget: TargetA, ruleInfo: ["SwiftEmitModule", "normal", "x86_64", "Emitting module for TargetA"]): found ::SwiftExplicitDependencyCompileModuleFromInterface x86_64 /private/var/folders/xr/m5_5rlsd6l9fk2w4ngj13k6m0000gn/T/swbuild.tmp.Qwrkh9On/Data.noindex/Test/aProject/build/SwiftExplicitPrecompiledModules/_Concurrency-2W8LU3DF58RLX.swiftmodule
↳ Occasionally fails in CI due to SwiftExplicitDependencyCompileModuleFromInterface missing from the dependency graph
━ Test swiftEagerCompilationWithExplicitModules() recorded a known issue at SwiftDriverTests.swift:3602:67: Issue recorded
↳ Unexpected dependency for Task(forTarget: TargetA, ruleInfo: ["SwiftEmitModule", "normal", "x86_64", "Emitting module for TargetA"]): found ::SwiftExplicitDependencyCompileModuleFromInterface x86_64 /private/var/folders/xr/m5_5rlsd6l9fk2w4ngj13k6m0000gn/T/swbuild.tmp.Qwrkh9On/Data.noindex/Test/aProject/build/SwiftExplicitPrecompiledModules/Swift-1039YR9EBE61.swiftmodule
↳ Occasionally fails in CI due to SwiftExplicitDependencyCompileModuleFromInterface missing from the dependency graph
━ Test swiftEagerCompilationWithExplicitModules() recorded a known issue at SwiftDriverTests.swift:3602:67: Issue recorded
↳ Unexpected dependency for Task(forTarget: TargetA, ruleInfo: ["SwiftEmitModule", "normal", "x86_64", "Emitting module for TargetA"]): found ::SwiftExplicitDependencyGeneratePcm x86_64 /private/var/folders/xr/m5_5rlsd6l9fk2w4ngj13k6m0000gn/T/swbuild.tmp.Qwrkh9On/Data.noindex/Test/aProject/build/SwiftExplicitPrecompiledModules/SwiftShims-E7NR5GGR9Z7GY7PSRPSK1C6L1.pcm
↳ Occasionally fails in CI due to SwiftExplicitDependencyCompileModuleFromInterface missing from the dependency graph
━ Test swiftEagerCompilationWithExplicitModules() recorded a known issue at SwiftDriverTests.swift:3602:67: Issue recorded
↳ Unexpected dependency for Task(forTarget: TargetA, ruleInfo: ["SwiftEmitModule", "normal", "x86_64", "Emitting module for TargetA"]): found ::SwiftExplicitDependencyGeneratePcm x86_64 /private/var/folders/xr/m5_5rlsd6l9fk2w4ngj13k6m0000gn/T/swbuild.tmp.Qwrkh9On/Data.noindex/Test/aProject/build/SwiftExplicitPrecompiledModules/_SwiftConcurrencyShims-BUR8XM1R06AS02RWV63HPG1KR.pcm
↳ Occasionally fails in CI due to SwiftExplicitDependencyCompileModuleFromInterface missing from the dependency graph
━ Test swiftEagerCompilationWithExplicitModules() recorded a known issue at SwiftDriverTests.swift:3575:55: Issue recorded
↳ Task Task(forTarget: TargetB, ruleInfo: ["SwiftCompile", "normal", "x86_64", "Compiling fileB1.swift", "/private/var/folders/xr/m5_5rlsd6l9fk2w4ngj13k6m0000gn/T/swbuild.tmp.Qwrkh9On/Data.noindex/Test/aProject/Sources/fileB1.swift"]) does not follow any tasks matching [Rule matches [SWBTestSupport.StringPattern.equal("SwiftExplicitDependencyCompileModuleFromInterface"), SWBTestSupport.StringPattern.equal("normal"), SWBTestSupport.StringPattern.equal("x86_64"), SWBTestSupport.StringPattern.contains("Swift-")]]. Found: [] in [Task(forTarget: TargetA, ruleInfo: ["Ld", "/private/var/folders/xr/m5_5rlsd6l9fk2w4ngj13k6m0000gn/T/swbuild.tmp.Qwrkh9On/Data.noindex/Test/aProject/build/Debug/TargetA.framework/Versions/A/TargetA", "normal"]), Task(forTarget: <none>, ruleInfo: ["Gate", "target-TargetA-T-TargetA-21785--Barrier-RegisterExecutionPolicyException"]), Task(forTarget: TargetA, ruleInfo: ["MkDir", "/private/var/folders/xr/m5_5rlsd6l9fk2w4ngj13k6m0000gn/T/swbuild.tmp.Qwrkh9On/Data.noindex/Test/aProject/build/Debug/TargetA.framework/Versions"]), Task(forTarget: TargetA, ruleInfo: ["SymLink", "/private/var/folders/xr/m5_5rlsd6l9fk2w4ngj13k6m0000gn/T/swbuild.tmp.Qwrkh9On/Data.noindex/Test/aProject/build/EagerLinkingTBDs/Debug/TargetA.framework/TargetA.tbd", "/private/var/folders/xr/m5_5rlsd6l9fk2w4ngj13k6m0000gn/T/swbuild.tmp.Qwrkh9On/Data.noindex/Test/aProject/build/EagerLinkingTBDs/Debug/TargetA.framework/Versions/A/TargetA.tbd"]), Task(forTarget: <none>, ruleInfo: ["Gate", "target-TargetB-T-TargetB-21793--GeneratedFilesTaskProducer"]), Task(forTarget: TargetA, ruleInfo: ["ExtractAppIntentsMetadata"]), Task(forTarget: TargetB, ruleInfo: ["MkDir", "/private/var/folders/xr/m5_5rlsd6l9fk2w4ngj13k6m0000gn/T/swbuild.tmp.Qwrkh9On/Data.noindex/Test/aProject/build/Debug/TargetB.framework/Versions/A/Headers"]), Task(forTarget: <none>, ruleInfo: ["Gate", "target-TargetA-T-TargetA-21785--Barrier-StripSymbols"]), Task(forTarget: TargetB, ruleInfo: ["SwiftDriver Compilation", "TargetB", "normal", "x86_64", "com.apple.xcode.tools.swift.compiler"]), Task(forTarget: TargetB, ruleInfo: ["WriteAuxiliaryFile", "/private/var/folders/xr/m5_5rlsd6l9fk2w4ngj13k6m0000gn/T/swbuild.tmp.Qwrkh9On/Data.noindex/Test/aProject/build/aProject.build/Debug/TargetB.build/Objects-normal/x86_64/TargetB.SwiftConstValuesFileList"]), Task(forTarget: <none>, ruleInfo: ["Gate", "target-TargetB-T-TargetB-21793--TAPISymbolExtractorTaskProducer"]), Task(forTarget: <none>, ruleInfo: ["Gate", "target-TargetB-T-TargetB-21793--swift-generated-headers"]), Task(forTarget: <none>, ruleInfo: ["Gate", "target-TargetB-T-TargetB-21793--ProductPostprocessingTaskProducer"]), Task(forTarget: <none>, ruleInfo: ["Gate", "target-TargetB-T-TargetB-21793--RealityAssetsTaskProducer"]), Task(forTarget: <none>, ruleInfo: ["Gate", "target-TargetA-T-TargetA-21785--Barrier-CopyAside"]), Task(forTarget: <none>, ruleInfo: ["SwiftExplicitDependencyGeneratePcm", "x86_64", "/private/var/folders/xr/m5_5rlsd6l9fk2w4ngj13k6m0000gn/T/swbuild.tmp.Qwrkh9On/Data.noindex/Test/aProject/build/SwiftExplicitPrecompiledModules/SwiftShims-E7NR5GGR9Z7GY7PSRPSK1C6L1.pcm"]), Task(forTarget: TargetA, ruleInfo: ["Copy", "/private/var/folders/xr/m5_5rlsd6l9fk2w4ngj13k6m0000gn/T/swbuild.tmp.Qwrkh9On/Data.noindex/Test/aProject/build/Debug/TargetA.framework/Versions/A/Modules/TargetA.swiftmodule/x86_64-apple-macos.swiftdoc", "/private/var/folders/xr/m5_5rlsd6l9fk2w4ngj13k6m0000gn/T/swbuild.tmp.Qwrkh9On/Data.noindex/Test/aProject/build/aProject.build/Debug/TargetA.build/Objects-normal/x86_64/TargetA.swiftdoc"]), Task(forTarget: TargetB, ruleInfo: ["Gate", "target-TargetB-T-TargetB-21793--begin-scanning"]), Task(forTarget: <none>, ruleInfo: ["Gate", "target-TargetB-T-TargetB-21793--ModuleVerifierTaskProducer"]), Task(forTarget: TargetA, ruleInfo: ["SymLink", "/private/var/folders/xr/m5_5rlsd6l9fk2w4ngj13k6m0000gn/T/swbuild.tmp.Qwrkh9On/Data.noindex/Test/aProject/build/Debug/TargetA.framework/Headers", "Versions/Current/Headers"]), Task(forTarget: TargetB, ruleInfo: ["SwiftCompile", "normal", "x86_64", "Compiling fileB2.swift", "/private/var/folders/xr/m5_5rlsd6l9fk2w4ngj13k6m0000gn/T/swbuild.tmp.Qwrkh9On/Data.noindex/Test/aProject/Sources/fileB2.swift"]), Task(forTarget: TargetB, ruleInfo: ["Gate", "target-TargetB-T-TargetB-21793--linker-inputs-ready"]), Task(forTarget: <none>, ruleInfo: ["Gate", "target-TargetA-T-TargetA-21785--Barrier-ChangePermissions"]), Task(forTarget: TargetA, ruleInfo: ["WriteAuxiliaryFile", "/private/var/folders/xr/m5_5rlsd6l9fk2w4ngj13k6m0000gn/T/swbuild.tmp.Qwrkh9On/Data.noindex/Test/aProject/build/aProject.build/Debug/TargetA.build/TargetA-all-target-headers.hmap"]), Task(forTarget: TargetA, ruleInfo: ["SwiftDriver Compilation Requirements", "TargetA", "normal", "x86_64", "com.apple.xcode.tools.swift.compiler"]), Task(forTarget: TargetA, ruleInfo: ["WriteAuxiliaryFile", "/private/var/folders/xr/m5_5rlsd6l9fk2w4ngj13k6m0000gn/T/swbuild.tmp.Qwrkh9On/Data.noindex/Test/aProject/build/aProject.build/Debug/TargetA.build/Objects-normal/x86_64/TargetA_const_extract_protocols.json"]), Task(forTarget: TargetA, ruleInfo: ["Gate", "target-TargetA-T-TargetA-21785--entry"]), Task(forTarget: TargetA, ruleInfo: ["WriteAuxiliaryFile", "/private/var/folders/xr/m5_5rlsd6l9fk2w4ngj13k6m0000gn/T/swbuild.tmp.Qwrkh9On/Data.noindex/Test/aProject/build/aProject.build/Debug/TargetA.build/TargetA.DependencyMetadataFileList"]), Task(forTarget: TargetA, ruleInfo: ["Copy", "/private/var/folders/xr/m5_5rlsd6l9fk2w4ngj13k6m0000gn/T/swbuild.tmp.Qwrkh9On/Data.noindex/Test/aProject/build/Debug/TargetA.framework/Versions/A/Modules/TargetA.swiftmodule/x86_64-apple-macos.swiftmodule", "/private/var/folders/xr/m5_5rlsd6l9fk2w4ngj13k6m0000gn/T/swbuild.tmp.Qwrkh9On/Data.noindex/Test/aProject/build/aProject.build/Debug/TargetA.build/Objects-normal/x86_64/TargetA.swiftmodule"]), Task(forTarget: <none>, ruleInfo: ["Gate", "target-TargetB-T-TargetB-21793--Barrier-RegisterProduct"]), Task(forTarget: TargetB, ruleInfo: ["SwiftDriver Compilation Requirements", "TargetB", "normal", "x86_64", "com.apple.xcode.tools.swift.compiler"]), Task(forTarget: <none>, ruleInfo: ["Gate", "target-TargetB-T-TargetB-21793--StubBinaryTaskProducer"]), Task(forTarget: TargetB, ruleInfo: ["Gate", "target-TargetB-T-TargetB-21793--entry"]), Task(forTarget: <none>, ruleInfo: ["SwiftExplicitDependencyCompileModuleFromInterface", "x86_64", "/private/var/folders/xr/m5_5rlsd6l9fk2w4ngj13k6m0000gn/T/swbuild.tmp.Qwrkh9On/Data.noindex/Test/aProject/build/SwiftExplicitPrecompiledModules/Swift-1039YR9EBE61.swiftmodule"]), Task(forTarget: <none>, ruleInfo: ["Gate", "target-TargetB-T-TargetB-21793--GenerateAppPlaygroundAssetCatalogTaskProducer"]), Task(forTarget: TargetB, ruleInfo: ["Gate", "target-TargetB-T-TargetB-21793--begin-linking"]), Task(forTarget: TargetA, ruleInfo: ["WriteAuxiliaryFile", "/private/var/folders/xr/m5_5rlsd6l9fk2w4ngj13k6m0000gn/T/swbuild.tmp.Qwrkh9On/Data.noindex/Test/aProject/build/aProject.build/Debug/TargetA.build/Objects-normal/x86_64/TargetA-OutputFileMap.json"]), Task(forTarget: TargetB, ruleInfo: ["WriteAuxiliaryFile", "/private/var/folders/xr/m5_5rlsd6l9fk2w4ngj13k6m0000gn/T/swbuild.tmp.Qwrkh9On/Data.noindex/Test/aProject/build/aProject.build/Debug/TargetB.build/TargetB.DependencyMetadataFileList"]), Task(forTarget: TargetB, ruleInfo: ["WriteAuxiliaryFile", "/private/var/folders/xr/m5_5rlsd6l9fk2w4ngj13k6m0000gn/T/swbuild.tmp.Qwrkh9On/Data.noindex/Test/aProject/build/aProject.build/Debug/TargetB.build/TargetB.hmap"]), Task(forTarget: <none>, ruleInfo: ["CreateBuildDirectory", "/private/var/folders/xr/m5_5rlsd6l9fk2w4ngj13k6m0000gn/T/swbuild.tmp.Qwrkh9On/Data.noindex/Test/aProject/build/SharedPrecompiledHeaders"]), Task(forTarget: TargetA, ruleInfo: ["Gate", "target-TargetA-T-TargetA-21785--unsigned-product-ready"]), Task(forTarget: TargetA, ruleInfo: ["Gate", "target-TargetA-T-TargetA-21785--will-sign"]), Task(forTarget: TargetB, ruleInfo: ["Copy", "/private/var/folders/xr/m5_5rlsd6l9fk2w4ngj13k6m0000gn/T/swbuild.tmp.Qwrkh9On/Data.noindex/Test/aProject/build/Debug/TargetB.framework/Versions/A/Modules/TargetB.swiftmodule/Project/x86_64-apple-macos.swiftsourceinfo", "/private/var/folders/xr/m5_5rlsd6l9fk2w4ngj13k6m0000gn/T/swbuild.tmp.Qwrkh9On/Data.noindex/Test/aProject/build/aProject.build/Debug/TargetB.build/Objects-normal/x86_64/TargetB.swiftsourceinfo"]), Task(forTarget: TargetA, ruleInfo: ["WriteAuxiliaryFile", "/private/var/folders/xr/m5_5rlsd6l9fk2w4ngj13k6m0000gn/T/swbuild.tmp.Qwrkh9On/Data.noindex/Test/aProject/build/aProject.build/Debug/TargetA.build/TargetA-generated-files.hmap"]), Task(forTarget: TargetA, ruleInfo: ["Gate", "target-TargetA-T-TargetA-21785--linker-inputs-ready"]), Task(forTarget: <none>, ruleInfo: ["Gate", "target-TargetB-T-TargetB-21793--Barrier-GenerateStubAPI"]), Task(forTarget: <none>, ruleInfo: ["Gate", "target-TargetA-T-TargetA-21785--ModuleVerifierTaskProducer"]), Task(forTarget: <none>, ruleInfo: ["Gate", "target-TargetB-T-TargetB-21793--SwiftFrameworkABICheckerTaskProducer"]), Task(forTarget: TargetB, ruleInfo: ["Gate", "target-TargetB-T-TargetB-21793--end"]), Task(forTarget: TargetB, ruleInfo: ["WriteAuxiliaryFile", "/private/var/folders/xr/m5_5rlsd6l9fk2w4ngj13k6m0000gn/T/swbuild.tmp.Qwrkh9On/Data.noindex/Test/aProject/build/aProject.build/Debug/TargetB.build/TargetB-all-target-headers.hmap"]), Task(forTarget: <none>, ruleInfo: ["SwiftExplicitDependencyGeneratePcm", "x86_64", "/private/var/folders/xr/m5_5rlsd6l9fk2w4ngj13k6m0000gn/T/swbuild.tmp.Qwrkh9On/Data.noindex/Test/aProject/build/SwiftExplicitPrecompiledModules/_SwiftConcurrencyShims-BUR8XM1R06AS02RWV63HPG1KR.pcm"]), Task(forTarget: <none>, ruleInfo: ["Gate", "target-TargetB-T-TargetB-21793--Barrier-ChangePermissions"]), Task(forTarget: <none>, ruleInfo: ["Gate", "target-TargetB-T-TargetB-21793--Barrier-CodeSign"]), Task(forTarget: TargetB, ruleInfo: ["Touch", "/private/var/folders/xr/m5_5rlsd6l9fk2w4ngj13k6m0000gn/T/swbuild.tmp.Qwrkh9On/Data.noindex/Test/aProject/build/Debug/TargetB.framework"]), Task(forTarget: <none>, ruleInfo: ["Gate", "target-TargetB-T-TargetB-21793--Barrier-StripSymbols"]), Task(forTarget: TargetB, ruleInfo: ["WriteAuxiliaryFile", "/private/var/folders/xr/m5_5rlsd6l9fk2w4ngj13k6m0000gn/T/swbuild.tmp.Qwrkh9On/Data.noindex/Test/aProject/build/aProject.build/Debug/TargetB.build/Objects-normal/x86_64/TargetB-OutputFileMap.json"]), Task(forTarget: TargetB, ruleInfo: ["GenerateTAPI", "/private/var/folders/xr/m5_5rlsd6l9fk2w4ngj13k6m0000gn/T/swbuild.tmp.Qwrkh9On/Data.noindex/Test/aProject/build/EagerLinkingTBDs/Debug/TargetB.framework/Versions/A/TargetB.tbd"]), Task(forTarget: TargetB, ruleInfo: ["SwiftEmitModule", "normal", "x86_64", "Emitting module for TargetB"]), Task(forTarget: TargetB, ruleInfo: ["MkDir", "/private/var/folders/xr/m5_5rlsd6l9fk2w4ngj13k6m0000gn/T/swbuild.tmp.Qwrkh9On/Data.noindex/Test/aProject/build/Debug/TargetB.framework/Versions"]), Task(forTarget: TargetA, ruleInfo: ["WriteAuxiliaryFile", "/private/var/folders/xr/m5_5rlsd6l9fk2w4ngj13k6m0000gn/T/swbuild.tmp.Qwrkh9On/Data.noindex/Test/aProject/build/aProject.build/Debug/TargetA.build/Objects-normal/x86_64/TargetA.SwiftFileList"]), Task(forTarget: TargetB, ruleInfo: ["ExtractAppIntentsMetadata"]), Task(forTarget: <none>, ruleInfo: ["Gate", "target-TargetB-T-TargetB-21793--ProductStructureTaskProducer"]), Task(forTarget: <none>, ruleInfo: ["Gate", "target-TargetB-T-TargetB-21793--HeadermapTaskProducer"]), Task(forTarget: <none>, ruleInfo: ["CreateBuildDirectory", "/private/var/folders/xr/m5_5rlsd6l9fk2w4ngj13k6m0000gn/T/swbuild.tmp.Qwrkh9On/Data.noindex/Test/aProject/build/Debug"]), Task(forTarget: TargetA, ruleInfo: ["WriteAuxiliaryFile", "/private/var/folders/xr/m5_5rlsd6l9fk2w4ngj13k6m0000gn/T/swbuild.tmp.Qwrkh9On/Data.noindex/Test/aProject/build/aProject.build/Debug/TargetA.build/TargetA.DependencyStaticMetadataFileList"]), Task(forTarget: <none>, ruleInfo: ["Gate", "target-TargetB-T-TargetB-21793--ExtensionPointExtractorTaskProducer"]), Task(forTarget: <none>, ruleInfo: ["Gate", "target-TargetB-T-TargetB-21793--SwiftStandardLibrariesTaskProducer"]), Task(forTarget: TargetA, ruleInfo: ["Copy", "/private/var/folders/xr/m5_5rlsd6l9fk2w4ngj13k6m0000gn/T/swbuild.tmp.Qwrkh9On/Data.noindex/Test/aProject/build/Debug/TargetA.framework/Versions/A/Modules/TargetA.swiftmodule/x86_64-apple-macos.abi.json", "/private/var/folders/xr/m5_5rlsd6l9fk2w4ngj13k6m0000gn/T/swbuild.tmp.Qwrkh9On/Data.noindex/Test/aProject/build/aProject.build/Debug/TargetA.build/Objects-normal/x86_64/TargetA.abi.json"]), Task(forTarget: <none>, ruleInfo: ["CreateBuildDirectory", "/private/var/folders/xr/m5_5rlsd6l9fk2w4ngj13k6m0000gn/T/swbuild.tmp.Qwrkh9On/Data.noindex/Test/aProject/build/ExplicitPrecompiledModules"]), Task(forTarget: TargetB, ruleInfo: ["Gate", "target-TargetB-T-TargetB-21793--immediate"]), Task(forTarget: <none>, ruleInfo: ["Gate", "target-TargetA-T-TargetA-21785--AppExtensionInfoPlistGeneratorTaskProducer"]), Task(forTarget: TargetB, ruleInfo: ["SymLink", "/private/var/folders/xr/m5_5rlsd6l9fk2w4ngj13k6m0000gn/T/swbuild.tmp.Qwrkh9On/Data.noindex/Test/aProject/build/Debug/TargetB.framework/Modules", "Versions/Current/Modules"]), Task(forTarget: <none>, ruleInfo: ["Gate", "target-TargetA-T-TargetA-21785--swift-generated-headers"]), Task(forTarget: <none>, ruleInfo: ["Gate", "target-TargetB-T-TargetB-21793--InfoPlistTaskProducer"]), Task(forTarget: <none>, ruleInfo: ["Gate", "target-TargetB-T-TargetB-21793--AppExtensionInfoPlistGeneratorTaskProducer"]), Task(forTarget: TargetB, ruleInfo: ["SwiftDriver", "TargetB", "normal", "x86_64", "com.apple.xcode.tools.swift.compiler"]), Task(forTarget: <none>, ruleInfo: ["Gate", "target-TargetA-T-TargetA-21785--CopySwiftPackageResourcesTaskProducer"]), Task(forTarget: <none>, ruleInfo: ["Gate", "target-TargetA-T-TargetA-21785--ProductStructureTaskProducer"]), Task(forTarget: TargetA, ruleInfo: ["SymLink", "/private/var/folders/xr/m5_5rlsd6l9fk2w4ngj13k6m0000gn/T/swbuild.tmp.Qwrkh9On/Data.noindex/Test/aProject/build/Debug/TargetA.framework/Versions/Current", "A"]), Task(forTarget: TargetA, ruleInfo: ["SwiftMergeGeneratedHeaders", "/private/var/folders/xr/m5_5rlsd6l9fk2w4ngj13k6m0000gn/T/swbuild.tmp.Qwrkh9On/Data.noindex/Test/aProject/build/Debug/TargetA.framework/Versions/A/Headers/TargetA-Swift.h", "/private/var/folders/xr/m5_5rlsd6l9fk2w4ngj13k6m0000gn/T/swbuild.tmp.Qwrkh9On/Data.noindex/Test/aProject/build/aProject.build/Debug/TargetA.build/Objects-normal/x86_64/TargetA-Swift.h"]), Task(forTarget: <none>, ruleInfo: ["Gate", "target-TargetA-T-TargetA-21785--ProductPostprocessingTaskProducer"]), Task(forTarget: TargetB, ruleInfo: ["Copy", "/private/var/folders/xr/m5_5rlsd6l9fk2w4ngj13k6m0000gn/T/swbuild.tmp.Qwrkh9On/Data.noindex/Test/aProject/build/Debug/TargetB.framework/Versions/A/Modules/TargetB.swiftmodule/x86_64-apple-macos.swiftdoc", "/private/var/folders/xr/m5_5rlsd6l9fk2w4ngj13k6m0000gn/T/swbuild.tmp.Qwrkh9On/Data.noindex/Test/aProject/build/aProject.build/Debug/TargetB.build/Objects-normal/x86_64/TargetB.swiftdoc"]), Task(forTarget: <none>, ruleInfo: ["Gate", "target-TargetA-T-TargetA-21785--DocumentationTaskProducer"]), Task(forTarget: TargetB, ruleInfo: ["SymLink", "/private/var/folders/xr/m5_5rlsd6l9fk2w4ngj13k6m0000gn/T/swbuild.tmp.Qwrkh9On/Data.noindex/Test/aProject/build/Debug/TargetB.framework/Versions/Current", "A"]), Task(forTarget: <none>, ruleInfo: ["Gate", "target-TargetA-T-TargetA-21785--InfoPlistTaskProducer"]), Task(forTarget: <none>, ruleInfo: ["CreateBuildDirectory", "/private/var/folders/xr/m5_5rlsd6l9fk2w4ngj13k6m0000gn/T/swbuild.tmp.Qwrkh9On/Data.noindex/Test/aProject/build"]), Task(forTarget: <none>, ruleInfo: ["Gate", "target-TargetA-T-TargetA-21785--SwiftABIBaselineGenerationTaskProducer"]), Task(forTarget: TargetA, ruleInfo: ["SwiftDriver Compilation", "TargetA", "normal", "x86_64", "com.apple.xcode.tools.swift.compiler"]), Task(forTarget: TargetB, ruleInfo: ["SwiftMergeGeneratedHeaders", "/private/var/folders/xr/m5_5rlsd6l9fk2w4ngj13k6m0000gn/T/swbuild.tmp.Qwrkh9On/Data.noindex/Test/aProject/build/Debug/TargetB.framework/Versions/A/Headers/TargetB-Swift.h", "/private/var/folders/xr/m5_5rlsd6l9fk2w4ngj13k6m0000gn/T/swbuild.tmp.Qwrkh9On/Data.noindex/Test/aProject/build/aProject.build/Debug/TargetB.build/Objects-normal/x86_64/TargetB-Swift.h"]), Task(forTarget: TargetB, ruleInfo: ["Ld", "/private/var/folders/xr/m5_5rlsd6l9fk2w4ngj13k6m0000gn/T/swbuild.tmp.Qwrkh9On/Data.noindex/Test/aProject/build/Debug/TargetB.framework/Versions/A/TargetB", "normal"]), Task(forTarget: TargetB, ruleInfo: ["WriteAuxiliaryFile", "/private/var/folders/xr/m5_5rlsd6l9fk2w4ngj13k6m0000gn/T/swbuild.tmp.Qwrkh9On/Data.noindex/Test/aProject/build/aProject.build/Debug/TargetB.build/TargetB-all-non-framework-target-headers.hmap"]), Task(forTarget: <none>, ruleInfo: ["Gate", "target-TargetA-T-TargetA-21785--TAPISymbolExtractorTaskProducer"]), Task(forTarget: <none>, ruleInfo: ["SwiftExplicitDependencyCompileModuleFromInterface", "x86_64", "/private/var/folders/xr/m5_5rlsd6l9fk2w4ngj13k6m0000gn/T/swbuild.tmp.Qwrkh9On/Data.noindex/Test/aProject/build/SwiftExplicitPrecompiledModules/_Concurrency-2W8LU3DF58RLX.swiftmodule"]), Task(forTarget: <none>, ruleInfo: ["Gate", "target-TargetB-T-TargetB-21793--Barrier-ChangeAlternatePermissions"]), Task(forTarget: <none>, ruleInfo: ["Gate", "target-TargetA-T-TargetA-21785--SwiftPackageCopyFilesTaskProducer"]), Task(forTarget: <none>, ruleInfo: ["Gate", "target-TargetA-T-TargetA-21785--copy-headers-completion"]), Task(forTarget: <none>, ruleInfo: ["Gate", "WorkspaceHeaderMapVFSFilesWritten"]), Task(forTarget: TargetA, ruleInfo: ["Gate", "target-TargetA-T-TargetA-21785--modules-ready"]), Task(forTarget: <none>, ruleInfo: ["Gate", "target-TargetB-T-TargetB-21793--SanitizerTaskProducer"]), Task(forTarget: <none>, ruleInfo: ["Gate", "target-TargetA-T-TargetA-21785--Barrier-ChangeAlternatePermissions"]), Task(forTarget: TargetB, ruleInfo: ["SymLink", "/private/var/folders/xr/m5_5rlsd6l9fk2w4ngj13k6m0000gn/T/swbuild.tmp.Qwrkh9On/Data.noindex/Test/aProject/build/Debug/TargetB.framework/Headers", "Versions/Current/Headers"]), Task(forTarget: <none>, ruleInfo: ["CreateBuildDirectory", "/var/folders/xr/m5_5rlsd6l9fk2w4ngj13k6m0000gn/C/com.apple.DeveloperTools/26.4.1-17E202/Xcode/CompilationCache.noindex"]), Task(forTarget: <none>, ruleInfo: ["Gate", "target-TargetA-T-TargetA-21785--CustomTaskProducer"]), Task(forTarget: <none>, ruleInfo: ["Gate", "target-TargetA-T-TargetA-21785--AppIntentsMetadataTaskProducer"]), Task(forTarget: TargetB, ruleInfo: ["Copy", "/private/var/folders/xr/m5_5rlsd6l9fk2w4ngj13k6m0000gn/T/swbuild.tmp.Qwrkh9On/Data.noindex/Test/aProject/build/Debug/TargetB.framework/Versions/A/Modules/TargetB.swiftmodule/x86_64-apple-macos.abi.json", "/private/var/folders/xr/m5_5rlsd6l9fk2w4ngj13k6m0000gn/T/swbuild.tmp.Qwrkh9On/Data.noindex/Test/aProject/build/aProject.build/Debug/TargetB.build/Objects-normal/x86_64/TargetB.abi.json"]), Task(forTarget: <none>, ruleInfo: ["Gate", "target-TargetA-T-TargetA-21785--TestHostTaskProducer"]), Task(forTarget: TargetB, ruleInfo: ["WriteAuxiliaryFile", "/private/var/folders/xr/m5_5rlsd6l9fk2w4ngj13k6m0000gn/T/swbuild.tmp.Qwrkh9On/Data.noindex/Test/aProject/build/aProject.build/Debug/TargetB.build/Objects-normal/x86_64/TargetB.LinkFileList"]), Task(forTarget: <none>, ruleInfo: ["Gate", "target-TargetA-T-TargetA-21785--TestTargetPostprocessingTaskProducer"]), Task(forTarget: <none>, ruleInfo: ["Gate", "target-TargetA-T-TargetA-21785--Barrier-GenerateStubAPI"]), Task(forTarget: TargetB, ruleInfo: ["Gate", "target-TargetB-T-TargetB-21793--will-sign"]), Task(forTarget: <none>, ruleInfo: ["Gate", "target-TargetA-T-TargetA-21785--generated-headers"]), Task(forTarget: <none>, ruleInfo: ["Gate", "target-TargetB-T-TargetB-21793--Barrier-RegisterExecutionPolicyException"]), Task(forTarget: TargetB, ruleInfo: ["SymLink", "/private/var/folders/xr/m5_5rlsd6l9fk2w4ngj13k6m0000gn/T/swbuild.tmp.Qwrkh9On/Data.noindex/Test/aProject/build/EagerLinkingTBDs/Debug/TargetB.framework/TargetB.tbd", "/private/var/folders/xr/m5_5rlsd6l9fk2w4ngj13k6m0000gn/T/swbuild.tmp.Qwrkh9On/Data.noindex/Test/aProject/build/EagerLinkingTBDs/Debug/TargetB.framework/Versions/A/TargetB.tbd"]), Task(forTarget: TargetB, ruleInfo: ["WriteAuxiliaryFile", "/private/var/folders/xr/m5_5rlsd6l9fk2w4ngj13k6m0000gn/T/swbuild.tmp.Qwrkh9On/Data.noindex/Test/aProject/build/aProject.build/Debug/TargetB.build/TargetB-own-target-headers.hmap"]), Task(forTarget: TargetB, ruleInfo: ["WriteAuxiliaryFile", "/private/var/folders/xr/m5_5rlsd6l9fk2w4ngj13k6m0000gn/T/swbuild.tmp.Qwrkh9On/Data.noindex/Test/aProject/build/aProject.build/Debug/TargetB.build/TargetB-project-headers.hmap"]), Task(forTarget: <none>, ruleInfo: ["Gate", "target-TargetB-T-TargetB-21793--DocumentationTaskProducer"]), Task(forTarget: <none>, ruleInfo: ["Gate", "target-TargetA-T-TargetA-21785--TestEntryPointTaskProducerFactory"]), Task(forTarget: <none>, ruleInfo: ["Gate", "target-TargetA-T-TargetA-21785--TestTargetTaskProducer"]), Task(forTarget: TargetA, ruleInfo: ["Touch", "/private/var/folders/xr/m5_5rlsd6l9fk2w4ngj13k6m0000gn/T/swbuild.tmp.Qwrkh9On/Data.noindex/Test/aProject/build/Debug/TargetA.framework"]), Task(forTarget: <none>, ruleInfo: ["Gate", "target-TargetA-T-TargetA-21785--HeadermapTaskProducer"]), Task(forTarget: <none>, ruleInfo: ["Gate", "target-TargetB-T-TargetB-21793--fused-phase0-compile-sources&link-binary"]), Task(forTarget: TargetB, ruleInfo: ["WriteAuxiliaryFile", "/private/var/folders/xr/m5_5rlsd6l9fk2w4ngj13k6m0000gn/T/swbuild.tmp.Qwrkh9On/Data.noindex/Test/aProject/build/aProject.build/Debug/TargetB.build/TargetB.DependencyStaticMetadataFileList"]), Task(forTarget: <none>, ruleInfo: ["Gate", "target-TargetB-T-TargetB-21793--TestTargetTaskProducer"]), Task(forTarget: <none>, ruleInfo: ["Gate", "target-TargetA-T-TargetA-21785--RealityAssetsTaskProducer"]), Task(forTarget: <none>, ruleInfo: ["Gate", "target-TargetB-T-TargetB-21793--CustomTaskProducer"]), Task(forTarget: TargetB, ruleInfo: ["RegisterExecutionPolicyException", "/private/var/folders/xr/m5_5rlsd6l9fk2w4ngj13k6m0000gn/T/swbuild.tmp.Qwrkh9On/Data.noindex/Test/aProject/build/Debug/TargetB.framework"]), Task(forTarget: TargetA, ruleInfo: ["WriteAuxiliaryFile", "/private/var/folders/xr/m5_5rlsd6l9fk2w4ngj13k6m0000gn/T/swbuild.tmp.Qwrkh9On/Data.noindex/Test/aProject/build/aProject.build/Debug/TargetA.build/TargetA-all-non-framework-target-headers.hmap"]), Task(forTarget: TargetB, ruleInfo: ["SwiftCompile", "normal", "x86_64", "Compiling fileB1.swift", "/private/var/folders/xr/m5_5rlsd6l9fk2w4ngj13k6m0000gn/T/swbuild.tmp.Qwrkh9On/Data.noindex/Test/aProject/Sources/fileB1.swift"]), Task(forTarget: <none>, ruleInfo: ["Gate", "target-TargetA-T-TargetA-21785--Barrier-CodeSign"]), Task(forTarget: <none>, ruleInfo: ["Gate", "target-TargetB-T-TargetB-21793--AppIntentsMetadataTaskProducer"]), Task(forTarget: TargetB, ruleInfo: ["Gate", "target-TargetB-T-TargetB-21793--unsigned-product-ready"]), Task(forTarget: TargetA, ruleInfo: ["SwiftDriver", "TargetA", "normal", "x86_64", "com.apple.xcode.tools.swift.compiler"]), Task(forTarget: TargetA, ruleInfo: ["Gate", "target-TargetA-T-TargetA-21785--end"]), Task(forTarget: TargetA, ruleInfo: ["Gate", "target-TargetA-T-TargetA-21785--begin-scanning"]), Task(forTarget: TargetB, ruleInfo: ["WriteAuxiliaryFile", "/private/var/folders/xr/m5_5rlsd6l9fk2w4ngj13k6m0000gn/T/swbuild.tmp.Qwrkh9On/Data.noindex/Test/aProject/build/aProject.build/Debug/TargetB.build/Objects-normal/x86_64/TargetB_const_extract_protocols.json"]), Task(forTarget: <none>, ruleInfo: ["Gate", "target-TargetA-T-TargetA-21785--StubBinaryTaskProducer"]), Task(forTarget: TargetB, ruleInfo: ["MkDir", "/private/var/folders/xr/m5_5rlsd6l9fk2w4ngj13k6m0000gn/T/swbuild.tmp.Qwrkh9On/Data.noindex/Test/aProject/build/Debug/TargetB.framework/Versions/A"]), Task(forTarget: TargetA, ruleInfo: ["SwiftCompile", "normal", "x86_64", "Compiling fileA2.swift", "/private/var/folders/xr/m5_5rlsd6l9fk2w4ngj13k6m0000gn/T/swbuild.tmp.Qwrkh9On/Data.noindex/Test/aProject/Sources/fileA2.swift"]), Task(forTarget: <none>, ruleInfo: ["Gate", "target-TargetA-T-TargetA-21785--fused-phase0-compile-sources"]), Task(forTarget: <none>, ruleInfo: ["Gate", "target-TargetA-T-TargetA-21785--ModuleMapTaskProducer"]), Task(forTarget: <none>, ruleInfo: ["Gate", "target-TargetA-T-TargetA-21785--GeneratedFilesTaskProducer"]), Task(forTarget: <none>, ruleInfo: ["Gate", "target-TargetA-T-TargetA-21785--SwiftStandardLibrariesTaskProducer"]), Task(forTarget: TargetA, ruleInfo: ["GenerateTAPI", "/private/var/folders/xr/m5_5rlsd6l9fk2w4ngj13k6m0000gn/T/swbuild.tmp.Qwrkh9On/Data.noindex/Test/aProject/build/EagerLinkingTBDs/Debug/TargetA.framework/Versions/A/TargetA.tbd"]), Task(forTarget: <none>, ruleInfo: ["Gate", "target-TargetA-T-TargetA-21785--Barrier-Validate"]), Task(forTarget: TargetB, ruleInfo: ["WriteAuxiliaryFile", "/private/var/folders/xr/m5_5rlsd6l9fk2w4ngj13k6m0000gn/T/swbuild.tmp.Qwrkh9On/Data.noindex/Test/aProject/build/aProject.build/Debug/TargetB.build/Objects-normal/x86_64/TargetB.SwiftFileList"]), Task(forTarget: TargetA, ruleInfo: ["MkDir", "/private/var/folders/xr/m5_5rlsd6l9fk2w4ngj13k6m0000gn/T/swbuild.tmp.Qwrkh9On/Data.noindex/Test/aProject/build/Debug/TargetA.framework"]), Task(forTarget: <none>, ruleInfo: ["Gate", "target-TargetA-T-TargetA-21785--ExtensionPointExtractorTaskProducer"]), Task(forTarget: TargetA, ruleInfo: ["SymLink", "/private/var/folders/xr/m5_5rlsd6l9fk2w4ngj13k6m0000gn/T/swbuild.tmp.Qwrkh9On/Data.noindex/Test/aProject/build/Debug/TargetA.framework/TargetA", "Versions/Current/TargetA"]), Task(forTarget: TargetA, ruleInfo: ["MkDir", "/private/var/folders/xr/m5_5rlsd6l9fk2w4ngj13k6m0000gn/T/swbuild.tmp.Qwrkh9On/Data.noindex/Test/aProject/build/Debug/TargetA.framework/Versions/A"]), Task(forTarget: <none>, ruleInfo: ["Gate", "target-TargetB-T-TargetB-21793--generated-headers"]), Task(forTarget: <none>, ruleInfo: ["Gate", "target-TargetA-T-TargetA-21785--SwiftFrameworkABICheckerTaskProducer"]), Task(forTarget: TargetB, ruleInfo: ["Gate", "target-TargetB-T-TargetB-21793--modules-ready"]), Task(forTarget: <none>, ruleInfo: ["ClangStatCache", "/Applications/Xcode17E.app/Contents/Developer/Toolchains/XcodeDefault.xctoolchain/usr/bin/clang-stat-cache", "/Applications/Xcode17E.app/Contents/Developer/Platforms/MacOSX.platform/Developer/SDKs/MacOSX26.4.sdk", "/private/var/folders/xr/m5_5rlsd6l9fk2w4ngj13k6m0000gn/T/swbuild.tmp.Qwrkh9On/Data.noindex/Test/SDKStatCaches.noindex/macosx26.4-25E260-95aa6cf8f3effd57bda17e0c125410c0.sdkstatcache"]), Task(forTarget: TargetB, ruleInfo: ["SymLink", "/private/var/folders/xr/m5_5rlsd6l9fk2w4ngj13k6m0000gn/T/swbuild.tmp.Qwrkh9On/Data.noindex/Test/aProject/build/Debug/TargetB.framework/TargetB", "Versions/Current/TargetB"]), Task(forTarget: TargetA, ruleInfo: ["MkDir", "/private/var/folders/xr/m5_5rlsd6l9fk2w4ngj13k6m0000gn/T/swbuild.tmp.Qwrkh9On/Data.noindex/Test/aProject/build/Debug/TargetA.framework/Versions/A/Headers"]), Task(forTarget: <none>, ruleInfo: ["Gate", "target-TargetB-T-TargetB-21793--TestHostTaskProducer"]), Task(forTarget: TargetA, ruleInfo: ["Gate", "target-TargetA-T-TargetA-21785--begin-linking"]), Task(forTarget: <none>, ruleInfo: ["Gate", "target-TargetB-T-TargetB-21793--ModuleMapTaskProducer"]), Task(forTarget: <none>, ruleInfo: ["CreateBuildDirectory", "/private/var/folders/xr/m5_5rlsd6l9fk2w4ngj13k6m0000gn/T/swbuild.tmp.Qwrkh9On/Data.noindex/Test/aProject/build/SwiftExplicitPrecompiledModules"]), Task(forTarget: <none>, ruleInfo: ["Gate", "target-TargetB-T-TargetB-21793--SwiftABIBaselineGenerationTaskProducer"]), Task(forTarget: <none>, ruleInfo: ["Gate", "target-TargetB-T-TargetB-21793--TestTargetPostprocessingTaskProducer"]), Task(forTarget: <none>, ruleInfo: ["CreateBuildDirectory", "/private/var/folders/xr/m5_5rlsd6l9fk2w4ngj13k6m0000gn/T/swbuild.tmp.Qwrkh9On/Data.noindex/Test/aProject/build/EagerLinkingTBDs/Debug"]), Task(forTarget: TargetA, ruleInfo: ["WriteAuxiliaryFile", "/private/var/folders/xr/m5_5rlsd6l9fk2w4ngj13k6m0000gn/T/swbuild.tmp.Qwrkh9On/Data.noindex/Test/aProject/build/aProject.build/Debug/TargetA.build/Objects-normal/x86_64/TargetA.SwiftConstValuesFileList"]), Task(forTarget: <none>, ruleInfo: ["Gate", "target-TargetA-T-TargetA-21785--GenerateAppPlaygroundAssetCatalogTaskProducer"]), Task(forTarget: <none>, ruleInfo: ["WriteAuxiliaryFile", "/private/var/folders/xr/m5_5rlsd6l9fk2w4ngj13k6m0000gn/T/swbuild.tmp.Qwrkh9On/Data.noindex/Test/aProject/build/aProject.build/Debug/aProject-P21796-VFS/all-product-headers.yaml"]), Task(forTarget: <none>, ruleInfo: ["Gate", "target-TargetB-T-TargetB-21793--CopySwiftPackageResourcesTaskProducer"]), Task(forTarget: <none>, ruleInfo: ["Gate", "target-TargetB-T-TargetB-21793--Barrier-CopyAside"]), Task(forTarget: TargetA, ruleInfo: ["WriteAuxiliaryFile", "/private/var/folders/xr/m5_5rlsd6l9fk2w4ngj13k6m0000gn/T/swbuild.tmp.Qwrkh9On/Data.noindex/Test/aProject/build/aProject.build/Debug/TargetA.build/TargetA-project-headers.hmap"]), Task(forTarget: TargetB, ruleInfo: ["MkDir", "/private/var/folders/xr/m5_5rlsd6l9fk2w4ngj13k6m0000gn/T/swbuild.tmp.Qwrkh9On/Data.noindex/Test/aProject/build/Debug/TargetB.framework"]), Task(forTarget: TargetA, ruleInfo: ["SymLink", "/private/var/folders/xr/m5_5rlsd6l9fk2w4ngj13k6m0000gn/T/swbuild.tmp.Qwrkh9On/Data.noindex/Test/aProject/build/Debug/TargetA.framework/Modules", "Versions/Current/Modules"]), Task(forTarget: <none>, ruleInfo: ["SwiftExplicitDependencyCompileModuleFromInterface", "x86_64", "/private/var/folders/xr/m5_5rlsd6l9fk2w4ngj13k6m0000gn/T/swbuild.tmp.Qwrkh9On/Data.noindex/Test/aProject/build/SwiftExplicitPrecompiledModules/_StringProcessing-13GX4EAKQZW8B.swiftmodule"]), Task(forTarget: TargetA, ruleInfo: ["RegisterExecutionPolicyException", "/private/var/folders/xr/m5_5rlsd6l9fk2w4ngj13k6m0000gn/T/swbuild.tmp.Qwrkh9On/Data.noindex/Test/aProject/build/Debug/TargetA.framework"]), Task(forTarget: TargetA, ruleInfo: ["Copy", "/private/var/folders/xr/m5_5rlsd6l9fk2w4ngj13k6m0000gn/T/swbuild.tmp.Qwrkh9On/Data.noindex/Test/aProject/build/Debug/TargetA.framework/Versions/A/Modules/TargetA.swiftmodule/Project/x86_64-apple-macos.swiftsourceinfo", "/private/var/folders/xr/m5_5rlsd6l9fk2w4ngj13k6m0000gn/T/swbuild.tmp.Qwrkh9On/Data.noindex/Test/aProject/build/aProject.build/Debug/TargetA.build/Objects-normal/x86_64/TargetA.swiftsourceinfo"]), Task(forTarget: <none>, ruleInfo: ["Gate", "target-TargetB-T-TargetB-21793--copy-headers-completion"]), Task(forTarget: <none>, ruleInfo: ["Gate", "target-TargetB-T-TargetB-21793--TestEntryPointTaskProducerFactory"]), Task(forTarget: TargetA, ruleInfo: ["Gate", "target-TargetA-T-TargetA-21785--immediate"]), Task(forTarget: <none>, ruleInfo: ["Gate", "target-TargetA-T-TargetA-21785--Barrier-RegisterProduct"]), Task(forTarget: <none>, ruleInfo: ["Gate", "target-TargetB-T-TargetB-21793--Barrier-Validate"]), Task(forTarget: TargetB, ruleInfo: ["Copy", "/private/var/folders/xr/m5_5rlsd6l9fk2w4ngj13k6m0000gn/T/swbuild.tmp.Qwrkh9On/Data.noindex/Test/aProject/build/Debug/TargetB.framework/Versions/A/Modules/TargetB.swiftmodule/x86_64-apple-macos.swiftmodule", "/private/var/folders/xr/m5_5rlsd6l9fk2w4ngj13k6m0000gn/T/swbuild.tmp.Qwrkh9On/Data.noindex/Test/aProject/build/aProject.build/Debug/TargetB.build/Objects-normal/x86_64/TargetB.swiftmodule"]), Task(forTarget: TargetB, ruleInfo: ["WriteAuxiliaryFile", "/private/var/folders/xr/m5_5rlsd6l9fk2w4ngj13k6m0000gn/T/swbuild.tmp.Qwrkh9On/Data.noindex/Test/aProject/build/aProject.build/Debug/TargetB.build/TargetB-generated-files.hmap"]), Task(forTarget: TargetA, ruleInfo: ["Gate", "target-TargetA-T-TargetA-21785--begin-compiling"]), Task(forTarget: TargetA, ruleInfo: ["WriteAuxiliaryFile", "/private/var/folders/xr/m5_5rlsd6l9fk2w4ngj13k6m0000gn/T/swbuild.tmp.Qwrkh9On/Data.noindex/Test/aProject/build/aProject.build/Debug/TargetA.build/TargetA.hmap"]), Task(forTarget: TargetA, ruleInfo: ["SwiftEmitModule", "normal", "x86_64", "Emitting module for TargetA"]), Task(forTarget: TargetB, ruleInfo: ["Gate", "target-TargetB-T-TargetB-21793--begin-compiling"]), Task(forTarget: <none>, ruleInfo: ["Gate", "target-TargetB-T-TargetB-21793--SwiftPackageCopyFilesTaskProducer"]), Task(forTarget: <none>, ruleInfo: ["Gate", "target-TargetA-T-TargetA-21785--SanitizerTaskProducer"]), Task(forTarget: TargetA, ruleInfo: ["WriteAuxiliaryFile", "/private/var/folders/xr/m5_5rlsd6l9fk2w4ngj13k6m0000gn/T/swbuild.tmp.Qwrkh9On/Data.noindex/Test/aProject/build/aProject.build/Debug/TargetA.build/TargetA-own-target-headers.hmap"]), Task(forTarget: TargetA, ruleInfo: ["WriteAuxiliaryFile", "/private/var/folders/xr/m5_5rlsd6l9fk2w4ngj13k6m0000gn/T/swbuild.tmp.Qwrkh9On/Data.noindex/Test/aProject/build/aProject.build/Debug/TargetA.build/Objects-normal/x86_64/TargetA.LinkFileList"]), Task(forTarget: TargetA, ruleInfo: ["SwiftCompile", "normal", "x86_64", "Compiling fileA1.swift", "/private/var/folders/xr/m5_5rlsd6l9fk2w4ngj13k6m0000gn/T/swbuild.tmp.Qwrkh9On/Data.noindex/Test/aProject/Sources/fileA1.swift"])]
↳ Occasionally fails in CI due to SwiftExplicitDependencyCompileModuleFromInterface missing from the dependency graph
━ Test swiftEagerCompilationWithExplicitModules() recorded a known issue at SwiftDriverTests.swift:3576:55: Issue recorded
↳ Task Task(forTarget: TargetB, ruleInfo: ["SwiftCompile", "normal", "x86_64", "Compiling fileB1.swift", "/private/var/folders/xr/m5_5rlsd6l9fk2w4ngj13k6m0000gn/T/swbuild.tmp.Qwrkh9On/Data.noindex/Test/aProject/Sources/fileB1.swift"]) does not follow any tasks matching [Rule matches [SWBTestSupport.StringPattern.equal("SwiftExplicitDependencyCompileModuleFromInterface"), SWBTestSupport.StringPattern.equal("normal"), SWBTestSupport.StringPattern.equal("x86_64"), SWBTestSupport.StringPattern.contains("_Concurrency-")]]. Found: [] in [Task(forTarget: TargetA, ruleInfo: ["Ld", "/private/var/folders/xr/m5_5rlsd6l9fk2w4ngj13k6m0000gn/T/swbuild.tmp.Qwrkh9On/Data.noindex/Test/aProject/build/Debug/TargetA.framework/Versions/A/TargetA", "normal"]), Task(forTarget: <none>, ruleInfo: ["Gate", "target-TargetA-T-TargetA-21785--Barrier-RegisterExecutionPolicyException"]), Task(forTarget: TargetA, ruleInfo: ["MkDir", "/private/var/folders/xr/m5_5rlsd6l9fk2w4ngj13k6m0000gn/T/swbuild.tmp.Qwrkh9On/Data.noindex/Test/aProject/build/Debug/TargetA.framework/Versions"]), Task(forTarget: TargetA, ruleInfo: ["SymLink", "/private/var/folders/xr/m5_5rlsd6l9fk2w4ngj13k6m0000gn/T/swbuild.tmp.Qwrkh9On/Data.noindex/Test/aProject/build/EagerLinkingTBDs/Debug/TargetA.framework/TargetA.tbd", "/private/var/folders/xr/m5_5rlsd6l9fk2w4ngj13k6m0000gn/T/swbuild.tmp.Qwrkh9On/Data.noindex/Test/aProject/build/EagerLinkingTBDs/Debug/TargetA.framework/Versions/A/TargetA.tbd"]), Task(forTarget: <none>, ruleInfo: ["Gate", "target-TargetB-T-TargetB-21793--GeneratedFilesTaskProducer"]), Task(forTarget: TargetA, ruleInfo: ["ExtractAppIntentsMetadata"]), Task(forTarget: TargetB, ruleInfo: ["MkDir", "/private/var/folders/xr/m5_5rlsd6l9fk2w4ngj13k6m0000gn/T/swbuild.tmp.Qwrkh9On/Data.noindex/Test/aProject/build/Debug/TargetB.framework/Versions/A/Headers"]), Task(forTarget: <none>, ruleInfo: ["Gate", "target-TargetA-T-TargetA-21785--Barrier-StripSymbols"]), Task(forTarget: TargetB, ruleInfo: ["SwiftDriver Compilation", "TargetB", "normal", "x86_64", "com.apple.xcode.tools.swift.compiler"]), Task(forTarget: TargetB, ruleInfo: ["WriteAuxiliaryFile", "/private/var/folders/xr/m5_5rlsd6l9fk2w4ngj13k6m0000gn/T/swbuild.tmp.Qwrkh9On/Data.noindex/Test/aProject/build/aProject.build/Debug/TargetB.build/Objects-normal/x86_64/TargetB.SwiftConstValuesFileList"]), Task(forTarget: <none>, ruleInfo: ["Gate", "target-TargetB-T-TargetB-21793--TAPISymbolExtractorTaskProducer"]), Task(forTarget: <none>, ruleInfo: ["Gate", "target-TargetB-T-TargetB-21793--swift-generated-headers"]), Task(forTarget: <none>, ruleInfo: ["Gate", "target-TargetB-T-TargetB-21793--ProductPostprocessingTaskProducer"]), Task(forTarget: <none>, ruleInfo: ["Gate", "target-TargetB-T-TargetB-21793--RealityAssetsTaskProducer"]), Task(forTarget: <none>, ruleInfo: ["Gate", "target-TargetA-T-TargetA-21785--Barrier-CopyAside"]), Task(forTarget: <none>, ruleInfo: ["SwiftExplicitDependencyGeneratePcm", "x86_64", "/private/var/folders/xr/m5_5rlsd6l9fk2w4ngj13k6m0000gn/T/swbuild.tmp.Qwrkh9On/Data.noindex/Test/aProject/build/SwiftExplicitPrecompiledModules/SwiftShims-E7NR5GGR9Z7GY7PSRPSK1C6L1.pcm"]), Task(forTarget: TargetA, ruleInfo: ["Copy", "/private/var/folders/xr/m5_5rlsd6l9fk2w4ngj13k6m0000gn/T/swbuild.tmp.Qwrkh9On/Data.noindex/Test/aProject/build/Debug/TargetA.framework/Versions/A/Modules/TargetA.swiftmodule/x86_64-apple-macos.swiftdoc", "/private/var/folders/xr/m5_5rlsd6l9fk2w4ngj13k6m0000gn/T/swbuild.tmp.Qwrkh9On/Data.noindex/Test/aProject/build/aProject.build/Debug/TargetA.build/Objects-normal/x86_64/TargetA.swiftdoc"]), Task(forTarget: TargetB, ruleInfo: ["Gate", "target-TargetB-T-TargetB-21793--begin-scanning"]), Task(forTarget: <none>, ruleInfo: ["Gate", "target-TargetB-T-TargetB-21793--ModuleVerifierTaskProducer"]), Task(forTarget: TargetA, ruleInfo: ["SymLink", "/private/var/folders/xr/m5_5rlsd6l9fk2w4ngj13k6m0000gn/T/swbuild.tmp.Qwrkh9On/Data.noindex/Test/aProject/build/Debug/TargetA.framework/Headers", "Versions/Current/Headers"]), Task(forTarget: TargetB, ruleInfo: ["SwiftCompile", "normal", "x86_64", "Compiling fileB2.swift", "/private/var/folders/xr/m5_5rlsd6l9fk2w4ngj13k6m0000gn/T/swbuild.tmp.Qwrkh9On/Data.noindex/Test/aProject/Sources/fileB2.swift"]), Task(forTarget: TargetB, ruleInfo: ["Gate", "target-TargetB-T-TargetB-21793--linker-inputs-ready"]), Task(forTarget: <none>, ruleInfo: ["Gate", "target-TargetA-T-TargetA-21785--Barrier-ChangePermissions"]), Task(forTarget: TargetA, ruleInfo: ["WriteAuxiliaryFile", "/private/var/folders/xr/m5_5rlsd6l9fk2w4ngj13k6m0000gn/T/swbuild.tmp.Qwrkh9On/Data.noindex/Test/aProject/build/aProject.build/Debug/TargetA.build/TargetA-all-target-headers.hmap"]), Task(forTarget: TargetA, ruleInfo: ["SwiftDriver Compilation Requirements", "TargetA", "normal", "x86_64", "com.apple.xcode.tools.swift.compiler"]), Task(forTarget: TargetA, ruleInfo: ["WriteAuxiliaryFile", "/private/var/folders/xr/m5_5rlsd6l9fk2w4ngj13k6m0000gn/T/swbuild.tmp.Qwrkh9On/Data.noindex/Test/aProject/build/aProject.build/Debug/TargetA.build/Objects-normal/x86_64/TargetA_const_extract_protocols.json"]), Task(forTarget: TargetA, ruleInfo: ["Gate", "target-TargetA-T-TargetA-21785--entry"]), Task(forTarget: TargetA, ruleInfo: ["WriteAuxiliaryFile", "/private/var/folders/xr/m5_5rlsd6l9fk2w4ngj13k6m0000gn/T/swbuild.tmp.Qwrkh9On/Data.noindex/Test/aProject/build/aProject.build/Debug/TargetA.build/TargetA.DependencyMetadataFileList"]), Task(forTarget: TargetA, ruleInfo: ["Copy", "/private/var/folders/xr/m5_5rlsd6l9fk2w4ngj13k6m0000gn/T/swbuild.tmp.Qwrkh9On/Data.noindex/Test/aProject/build/Debug/TargetA.framework/Versions/A/Modules/TargetA.swiftmodule/x86_64-apple-macos.swiftmodule", "/private/var/folders/xr/m5_5rlsd6l9fk2w4ngj13k6m0000gn/T/swbuild.tmp.Qwrkh9On/Data.noindex/Test/aProject/build/aProject.build/Debug/TargetA.build/Objects-normal/x86_64/TargetA.swiftmodule"]), Task(forTarget: <none>, ruleInfo: ["Gate", "target-TargetB-T-TargetB-21793--Barrier-RegisterProduct"]), Task(forTarget: TargetB, ruleInfo: ["SwiftDriver Compilation Requirements", "TargetB", "normal", "x86_64", "com.apple.xcode.tools.swift.compiler"]), Task(forTarget: <none>, ruleInfo: ["Gate", "target-TargetB-T-TargetB-21793--StubBinaryTaskProducer"]), Task(forTarget: TargetB, ruleInfo: ["Gate", "target-TargetB-T-TargetB-21793--entry"]), Task(forTarget: <none>, ruleInfo: ["SwiftExplicitDependencyCompileModuleFromInterface", "x86_64", "/private/var/folders/xr/m5_5rlsd6l9fk2w4ngj13k6m0000gn/T/swbuild.tmp.Qwrkh9On/Data.noindex/Test/aProject/build/SwiftExplicitPrecompiledModules/Swift-1039YR9EBE61.swiftmodule"]), Task(forTarget: <none>, ruleInfo: ["Gate", "target-TargetB-T-TargetB-21793--GenerateAppPlaygroundAssetCatalogTaskProducer"]), Task(forTarget: TargetB, ruleInfo: ["Gate", "target-TargetB-T-TargetB-21793--begin-linking"]), Task(forTarget: TargetA, ruleInfo: ["WriteAuxiliaryFile", "/private/var/folders/xr/m5_5rlsd6l9fk2w4ngj13k6m0000gn/T/swbuild.tmp.Qwrkh9On/Data.noindex/Test/aProject/build/aProject.build/Debug/TargetA.build/Objects-normal/x86_64/TargetA-OutputFileMap.json"]), Task(forTarget: TargetB, ruleInfo: ["WriteAuxiliaryFile", "/private/var/folders/xr/m5_5rlsd6l9fk2w4ngj13k6m0000gn/T/swbuild.tmp.Qwrkh9On/Data.noindex/Test/aProject/build/aProject.build/Debug/TargetB.build/TargetB.DependencyMetadataFileList"]), Task(forTarget: TargetB, ruleInfo: ["WriteAuxiliaryFile", "/private/var/folders/xr/m5_5rlsd6l9fk2w4ngj13k6m0000gn/T/swbuild.tmp.Qwrkh9On/Data.noindex/Test/aProject/build/aProject.build/Debug/TargetB.build/TargetB.hmap"]), Task(forTarget: <none>, ruleInfo: ["CreateBuildDirectory", "/private/var/folders/xr/m5_5rlsd6l9fk2w4ngj13k6m0000gn/T/swbuild.tmp.Qwrkh9On/Data.noindex/Test/aProject/build/SharedPrecompiledHeaders"]), Task(forTarget: TargetA, ruleInfo: ["Gate", "target-TargetA-T-TargetA-21785--unsigned-product-ready"]), Task(forTarget: TargetA, ruleInfo: ["Gate", "target-TargetA-T-TargetA-21785--will-sign"]), Task(forTarget: TargetB, ruleInfo: ["Copy", "/private/var/folders/xr/m5_5rlsd6l9fk2w4ngj13k6m0000gn/T/swbuild.tmp.Qwrkh9On/Data.noindex/Test/aProject/build/Debug/TargetB.framework/Versions/A/Modules/TargetB.swiftmodule/Project/x86_64-apple-macos.swiftsourceinfo", "/private/var/folders/xr/m5_5rlsd6l9fk2w4ngj13k6m0000gn/T/swbuild.tmp.Qwrkh9On/Data.noindex/Test/aProject/build/aProject.build/Debug/TargetB.build/Objects-normal/x86_64/TargetB.swiftsourceinfo"]), Task(forTarget: TargetA, ruleInfo: ["WriteAuxiliaryFile", "/private/var/folders/xr/m5_5rlsd6l9fk2w4ngj13k6m0000gn/T/swbuild.tmp.Qwrkh9On/Data.noindex/Test/aProject/build/aProject.build/Debug/TargetA.build/TargetA-generated-files.hmap"]), Task(forTarget: TargetA, ruleInfo: ["Gate", "target-TargetA-T-TargetA-21785--linker-inputs-ready"]), Task(forTarget: <none>, ruleInfo: ["Gate", "target-TargetB-T-TargetB-21793--Barrier-GenerateStubAPI"]), Task(forTarget: <none>, ruleInfo: ["Gate", "target-TargetA-T-TargetA-21785--ModuleVerifierTaskProducer"]), Task(forTarget: <none>, ruleInfo: ["Gate", "target-TargetB-T-TargetB-21793--SwiftFrameworkABICheckerTaskProducer"]), Task(forTarget: TargetB, ruleInfo: ["Gate", "target-TargetB-T-TargetB-21793--end"]), Task(forTarget: TargetB, ruleInfo: ["WriteAuxiliaryFile", "/private/var/folders/xr/m5_5rlsd6l9fk2w4ngj13k6m0000gn/T/swbuild.tmp.Qwrkh9On/Data.noindex/Test/aProject/build/aProject.build/Debug/TargetB.build/TargetB-all-target-headers.hmap"]), Task(forTarget: <none>, ruleInfo: ["SwiftExplicitDependencyGeneratePcm", "x86_64", "/private/var/folders/xr/m5_5rlsd6l9fk2w4ngj13k6m0000gn/T/swbuild.tmp.Qwrkh9On/Data.noindex/Test/aProject/build/SwiftExplicitPrecompiledModules/_SwiftConcurrencyShims-BUR8XM1R06AS02RWV63HPG1KR.pcm"]), Task(forTarget: <none>, ruleInfo: ["Gate", "target-TargetB-T-TargetB-21793--Barrier-ChangePermissions"]), Task(forTarget: <none>, ruleInfo: ["Gate", "target-TargetB-T-TargetB-21793--Barrier-CodeSign"]), Task(forTarget: TargetB, ruleInfo: ["Touch", "/private/var/folders/xr/m5_5rlsd6l9fk2w4ngj13k6m0000gn/T/swbuild.tmp.Qwrkh9On/Data.noindex/Test/aProject/build/Debug/TargetB.framework"]), Task(forTarget: <none>, ruleInfo: ["Gate", "target-TargetB-T-TargetB-21793--Barrier-StripSymbols"]), Task(forTarget: TargetB, ruleInfo: ["WriteAuxiliaryFile", "/private/var/folders/xr/m5_5rlsd6l9fk2w4ngj13k6m0000gn/T/swbuild.tmp.Qwrkh9On/Data.noindex/Test/aProject/build/aProject.build/Debug/TargetB.build/Objects-normal/x86_64/TargetB-OutputFileMap.json"]), Task(forTarget: TargetB, ruleInfo: ["GenerateTAPI", "/private/var/folders/xr/m5_5rlsd6l9fk2w4ngj13k6m0000gn/T/swbuild.tmp.Qwrkh9On/Data.noindex/Test/aProject/build/EagerLinkingTBDs/Debug/TargetB.framework/Versions/A/TargetB.tbd"]), Task(forTarget: TargetB, ruleInfo: ["SwiftEmitModule", "normal", "x86_64", "Emitting module for TargetB"]), Task(forTarget: TargetB, ruleInfo: ["MkDir", "/private/var/folders/xr/m5_5rlsd6l9fk2w4ngj13k6m0000gn/T/swbuild.tmp.Qwrkh9On/Data.noindex/Test/aProject/build/Debug/TargetB.framework/Versions"]), Task(forTarget: TargetA, ruleInfo: ["WriteAuxiliaryFile", "/private/var/folders/xr/m5_5rlsd6l9fk2w4ngj13k6m0000gn/T/swbuild.tmp.Qwrkh9On/Data.noindex/Test/aProject/build/aProject.build/Debug/TargetA.build/Objects-normal/x86_64/TargetA.SwiftFileList"]), Task(forTarget: TargetB, ruleInfo: ["ExtractAppIntentsMetadata"]), Task(forTarget: <none>, ruleInfo: ["Gate", "target-TargetB-T-TargetB-21793--ProductStructureTaskProducer"]), Task(forTarget: <none>, ruleInfo: ["Gate", "target-TargetB-T-TargetB-21793--HeadermapTaskProducer"]), Task(forTarget: <none>, ruleInfo: ["CreateBuildDirectory", "/private/var/folders/xr/m5_5rlsd6l9fk2w4ngj13k6m0000gn/T/swbuild.tmp.Qwrkh9On/Data.noindex/Test/aProject/build/Debug"]), Task(forTarget: TargetA, ruleInfo: ["WriteAuxiliaryFile", "/private/var/folders/xr/m5_5rlsd6l9fk2w4ngj13k6m0000gn/T/swbuild.tmp.Qwrkh9On/Data.noindex/Test/aProject/build/aProject.build/Debug/TargetA.build/TargetA.DependencyStaticMetadataFileList"]), Task(forTarget: <none>, ruleInfo: ["Gate", "target-TargetB-T-TargetB-21793--ExtensionPointExtractorTaskProducer"]), Task(forTarget: <none>, ruleInfo: ["Gate", "target-TargetB-T-TargetB-21793--SwiftStandardLibrariesTaskProducer"]), Task(forTarget: TargetA, ruleInfo: ["Copy", "/private/var/folders/xr/m5_5rlsd6l9fk2w4ngj13k6m0000gn/T/swbuild.tmp.Qwrkh9On/Data.noindex/Test/aProject/build/Debug/TargetA.framework/Versions/A/Modules/TargetA.swiftmodule/x86_64-apple-macos.abi.json", "/private/var/folders/xr/m5_5rlsd6l9fk2w4ngj13k6m0000gn/T/swbuild.tmp.Qwrkh9On/Data.noindex/Test/aProject/build/aProject.build/Debug/TargetA.build/Objects-normal/x86_64/TargetA.abi.json"]), Task(forTarget: <none>, ruleInfo: ["CreateBuildDirectory", "/private/var/folders/xr/m5_5rlsd6l9fk2w4ngj13k6m0000gn/T/swbuild.tmp.Qwrkh9On/Data.noindex/Test/aProject/build/ExplicitPrecompiledModules"]), Task(forTarget: TargetB, ruleInfo: ["Gate", "target-TargetB-T-TargetB-21793--immediate"]), Task(forTarget: <none>, ruleInfo: ["Gate", "target-TargetA-T-TargetA-21785--AppExtensionInfoPlistGeneratorTaskProducer"]), Task(forTarget: TargetB, ruleInfo: ["SymLink", "/private/var/folders/xr/m5_5rlsd6l9fk2w4ngj13k6m0000gn/T/swbuild.tmp.Qwrkh9On/Data.noindex/Test/aProject/build/Debug/TargetB.framework/Modules", "Versions/Current/Modules"]), Task(forTarget: <none>, ruleInfo: ["Gate", "target-TargetA-T-TargetA-21785--swift-generated-headers"]), Task(forTarget: <none>, ruleInfo: ["Gate", "target-TargetB-T-TargetB-21793--InfoPlistTaskProducer"]), Task(forTarget: <none>, ruleInfo: ["Gate", "target-TargetB-T-TargetB-21793--AppExtensionInfoPlistGeneratorTaskProducer"]), Task(forTarget: TargetB, ruleInfo: ["SwiftDriver", "TargetB", "normal", "x86_64", "com.apple.xcode.tools.swift.compiler"]), Task(forTarget: <none>, ruleInfo: ["Gate", "target-TargetA-T-TargetA-21785--CopySwiftPackageResourcesTaskProducer"]), Task(forTarget: <none>, ruleInfo: ["Gate", "target-TargetA-T-TargetA-21785--ProductStructureTaskProducer"]), Task(forTarget: TargetA, ruleInfo: ["SymLink", "/private/var/folders/xr/m5_5rlsd6l9fk2w4ngj13k6m0000gn/T/swbuild.tmp.Qwrkh9On/Data.noindex/Test/aProject/build/Debug/TargetA.framework/Versions/Current", "A"]), Task(forTarget: TargetA, ruleInfo: ["SwiftMergeGeneratedHeaders", "/private/var/folders/xr/m5_5rlsd6l9fk2w4ngj13k6m0000gn/T/swbuild.tmp.Qwrkh9On/Data.noindex/Test/aProject/build/Debug/TargetA.framework/Versions/A/Headers/TargetA-Swift.h", "/private/var/folders/xr/m5_5rlsd6l9fk2w4ngj13k6m0000gn/T/swbuild.tmp.Qwrkh9On/Data.noindex/Test/aProject/build/aProject.build/Debug/TargetA.build/Objects-normal/x86_64/TargetA-Swift.h"]), Task(forTarget: <none>, ruleInfo: ["Gate", "target-TargetA-T-TargetA-21785--ProductPostprocessingTaskProducer"]), Task(forTarget: TargetB, ruleInfo: ["Copy", "/private/var/folders/xr/m5_5rlsd6l9fk2w4ngj13k6m0000gn/T/swbuild.tmp.Qwrkh9On/Data.noindex/Test/aProject/build/Debug/TargetB.framework/Versions/A/Modules/TargetB.swiftmodule/x86_64-apple-macos.swiftdoc", "/private/var/folders/xr/m5_5rlsd6l9fk2w4ngj13k6m0000gn/T/swbuild.tmp.Qwrkh9On/Data.noindex/Test/aProject/build/aProject.build/Debug/TargetB.build/Objects-normal/x86_64/TargetB.swiftdoc"]), Task(forTarget: <none>, ruleInfo: ["Gate", "target-TargetA-T-TargetA-21785--DocumentationTaskProducer"]), Task(forTarget: TargetB, ruleInfo: ["SymLink", "/private/var/folders/xr/m5_5rlsd6l9fk2w4ngj13k6m0000gn/T/swbuild.tmp.Qwrkh9On/Data.noindex/Test/aProject/build/Debug/TargetB.framework/Versions/Current", "A"]), Task(forTarget: <none>, ruleInfo: ["Gate", "target-TargetA-T-TargetA-21785--InfoPlistTaskProducer"]), Task(forTarget: <none>, ruleInfo: ["CreateBuildDirectory", "/private/var/folders/xr/m5_5rlsd6l9fk2w4ngj13k6m0000gn/T/swbuild.tmp.Qwrkh9On/Data.noindex/Test/aProject/build"]), Task(forTarget: <none>, ruleInfo: ["Gate", "target-TargetA-T-TargetA-21785--SwiftABIBaselineGenerationTaskProducer"]), Task(forTarget: TargetA, ruleInfo: ["SwiftDriver Compilation", "TargetA", "normal", "x86_64", "com.apple.xcode.tools.swift.compiler"]), Task(forTarget: TargetB, ruleInfo: ["SwiftMergeGeneratedHeaders", "/private/var/folders/xr/m5_5rlsd6l9fk2w4ngj13k6m0000gn/T/swbuild.tmp.Qwrkh9On/Data.noindex/Test/aProject/build/Debug/TargetB.framework/Versions/A/Headers/TargetB-Swift.h", "/private/var/folders/xr/m5_5rlsd6l9fk2w4ngj13k6m0000gn/T/swbuild.tmp.Qwrkh9On/Data.noindex/Test/aProject/build/aProject.build/Debug/TargetB.build/Objects-normal/x86_64/TargetB-Swift.h"]), Task(forTarget: TargetB, ruleInfo: ["Ld", "/private/var/folders/xr/m5_5rlsd6l9fk2w4ngj13k6m0000gn/T/swbuild.tmp.Qwrkh9On/Data.noindex/Test/aProject/build/Debug/TargetB.framework/Versions/A/TargetB", "normal"]), Task(forTarget: TargetB, ruleInfo: ["WriteAuxiliaryFile", "/private/var/folders/xr/m5_5rlsd6l9fk2w4ngj13k6m0000gn/T/swbuild.tmp.Qwrkh9On/Data.noindex/Test/aProject/build/aProject.build/Debug/TargetB.build/TargetB-all-non-framework-target-headers.hmap"]), Task(forTarget: <none>, ruleInfo: ["Gate", "target-TargetA-T-TargetA-21785--TAPISymbolExtractorTaskProducer"]), Task(forTarget: <none>, ruleInfo: ["SwiftExplicitDependencyCompileModuleFromInterface", "x86_64", "/private/var/folders/xr/m5_5rlsd6l9fk2w4ngj13k6m0000gn/T/swbuild.tmp.Qwrkh9On/Data.noindex/Test/aProject/build/SwiftExplicitPrecompiledModules/_Concurrency-2W8LU3DF58RLX.swiftmodule"]), Task(forTarget: <none>, ruleInfo: ["Gate", "target-TargetB-T-TargetB-21793--Barrier-ChangeAlternatePermissions"]), Task(forTarget: <none>, ruleInfo: ["Gate", "target-TargetA-T-TargetA-21785--SwiftPackageCopyFilesTaskProducer"]), Task(forTarget: <none>, ruleInfo: ["Gate", "target-TargetA-T-TargetA-21785--copy-headers-completion"]), Task(forTarget: <none>, ruleInfo: ["Gate", "WorkspaceHeaderMapVFSFilesWritten"]), Task(forTarget: TargetA, ruleInfo: ["Gate", "target-TargetA-T-TargetA-21785--modules-ready"]), Task(forTarget: <none>, ruleInfo: ["Gate", "target-TargetB-T-TargetB-21793--SanitizerTaskProducer"]), Task(forTarget: <none>, ruleInfo: ["Gate", "target-TargetA-T-TargetA-21785--Barrier-ChangeAlternatePermissions"]), Task(forTarget: TargetB, ruleInfo: ["SymLink", "/private/var/folders/xr/m5_5rlsd6l9fk2w4ngj13k6m0000gn/T/swbuild.tmp.Qwrkh9On/Data.noindex/Test/aProject/build/Debug/TargetB.framework/Headers", "Versions/Current/Headers"]), Task(forTarget: <none>, ruleInfo: ["CreateBuildDirectory", "/var/folders/xr/m5_5rlsd6l9fk2w4ngj13k6m0000gn/C/com.apple.DeveloperTools/26.4.1-17E202/Xcode/CompilationCache.noindex"]), Task(forTarget: <none>, ruleInfo: ["Gate", "target-TargetA-T-TargetA-21785--CustomTaskProducer"]), Task(forTarget: <none>, ruleInfo: ["Gate", "target-TargetA-T-TargetA-21785--AppIntentsMetadataTaskProducer"]), Task(forTarget: TargetB, ruleInfo: ["Copy", "/private/var/folders/xr/m5_5rlsd6l9fk2w4ngj13k6m0000gn/T/swbuild.tmp.Qwrkh9On/Data.noindex/Test/aProject/build/Debug/TargetB.framework/Versions/A/Modules/TargetB.swiftmodule/x86_64-apple-macos.abi.json", "/private/var/folders/xr/m5_5rlsd6l9fk2w4ngj13k6m0000gn/T/swbuild.tmp.Qwrkh9On/Data.noindex/Test/aProject/build/aProject.build/Debug/TargetB.build/Objects-normal/x86_64/TargetB.abi.json"]), Task(forTarget: <none>, ruleInfo: ["Gate", "target-TargetA-T-TargetA-21785--TestHostTaskProducer"]), Task(forTarget: TargetB, ruleInfo: ["WriteAuxiliaryFile", "/private/var/folders/xr/m5_5rlsd6l9fk2w4ngj13k6m0000gn/T/swbuild.tmp.Qwrkh9On/Data.noindex/Test/aProject/build/aProject.build/Debug/TargetB.build/Objects-normal/x86_64/TargetB.LinkFileList"]), Task(forTarget: <none>, ruleInfo: ["Gate", "target-TargetA-T-TargetA-21785--TestTargetPostprocessingTaskProducer"]), Task(forTarget: <none>, ruleInfo: ["Gate", "target-TargetA-T-TargetA-21785--Barrier-GenerateStubAPI"]), Task(forTarget: TargetB, ruleInfo: ["Gate", "target-TargetB-T-TargetB-21793--will-sign"]), Task(forTarget: <none>, ruleInfo: ["Gate", "target-TargetA-T-TargetA-21785--generated-headers"]), Task(forTarget: <none>, ruleInfo: ["Gate", "target-TargetB-T-TargetB-21793--Barrier-RegisterExecutionPolicyException"]), Task(forTarget: TargetB, ruleInfo: ["SymLink", "/private/var/folders/xr/m5_5rlsd6l9fk2w4ngj13k6m0000gn/T/swbuild.tmp.Qwrkh9On/Data.noindex/Test/aProject/build/EagerLinkingTBDs/Debug/TargetB.framework/TargetB.tbd", "/private/var/folders/xr/m5_5rlsd6l9fk2w4ngj13k6m0000gn/T/swbuild.tmp.Qwrkh9On/Data.noindex/Test/aProject/build/EagerLinkingTBDs/Debug/TargetB.framework/Versions/A/TargetB.tbd"]), Task(forTarget: TargetB, ruleInfo: ["WriteAuxiliaryFile", "/private/var/folders/xr/m5_5rlsd6l9fk2w4ngj13k6m0000gn/T/swbuild.tmp.Qwrkh9On/Data.noindex/Test/aProject/build/aProject.build/Debug/TargetB.build/TargetB-own-target-headers.hmap"]), Task(forTarget: TargetB, ruleInfo: ["WriteAuxiliaryFile", "/private/var/folders/xr/m5_5rlsd6l9fk2w4ngj13k6m0000gn/T/swbuild.tmp.Qwrkh9On/Data.noindex/Test/aProject/build/aProject.build/Debug/TargetB.build/TargetB-project-headers.hmap"]), Task(forTarget: <none>, ruleInfo: ["Gate", "target-TargetB-T-TargetB-21793--DocumentationTaskProducer"]), Task(forTarget: <none>, ruleInfo: ["Gate", "target-TargetA-T-TargetA-21785--TestEntryPointTaskProducerFactory"]), Task(forTarget: <none>, ruleInfo: ["Gate", "target-TargetA-T-TargetA-21785--TestTargetTaskProducer"]), Task(forTarget: TargetA, ruleInfo: ["Touch", "/private/var/folders/xr/m5_5rlsd6l9fk2w4ngj13k6m0000gn/T/swbuild.tmp.Qwrkh9On/Data.noindex/Test/aProject/build/Debug/TargetA.framework"]), Task(forTarget: <none>, ruleInfo: ["Gate", "target-TargetA-T-TargetA-21785--HeadermapTaskProducer"]), Task(forTarget: <none>, ruleInfo: ["Gate", "target-TargetB-T-TargetB-21793--fused-phase0-compile-sources&link-binary"]), Task(forTarget: TargetB, ruleInfo: ["WriteAuxiliaryFile", "/private/var/folders/xr/m5_5rlsd6l9fk2w4ngj13k6m0000gn/T/swbuild.tmp.Qwrkh9On/Data.noindex/Test/aProject/build/aProject.build/Debug/TargetB.build/TargetB.DependencyStaticMetadataFileList"]), Task(forTarget: <none>, ruleInfo: ["Gate", "target-TargetB-T-TargetB-21793--TestTargetTaskProducer"]), Task(forTarget: <none>, ruleInfo: ["Gate", "target-TargetA-T-TargetA-21785--RealityAssetsTaskProducer"]), Task(forTarget: <none>, ruleInfo: ["Gate", "target-TargetB-T-TargetB-21793--CustomTaskProducer"]), Task(forTarget: TargetB, ruleInfo: ["RegisterExecutionPolicyException", "/private/var/folders/xr/m5_5rlsd6l9fk2w4ngj13k6m0000gn/T/swbuild.tmp.Qwrkh9On/Data.noindex/Test/aProject/build/Debug/TargetB.framework"]), Task(forTarget: TargetA, ruleInfo: ["WriteAuxiliaryFile", "/private/var/folders/xr/m5_5rlsd6l9fk2w4ngj13k6m0000gn/T/swbuild.tmp.Qwrkh9On/Data.noindex/Test/aProject/build/aProject.build/Debug/TargetA.build/TargetA-all-non-framework-target-headers.hmap"]), Task(forTarget: TargetB, ruleInfo: ["SwiftCompile", "normal", "x86_64", "Compiling fileB1.swift", "/private/var/folders/xr/m5_5rlsd6l9fk2w4ngj13k6m0000gn/T/swbuild.tmp.Qwrkh9On/Data.noindex/Test/aProject/Sources/fileB1.swift"]), Task(forTarget: <none>, ruleInfo: ["Gate", "target-TargetA-T-TargetA-21785--Barrier-CodeSign"]), Task(forTarget: <none>, ruleInfo: ["Gate", "target-TargetB-T-TargetB-21793--AppIntentsMetadataTaskProducer"]), Task(forTarget: TargetB, ruleInfo: ["Gate", "target-TargetB-T-TargetB-21793--unsigned-product-ready"]), Task(forTarget: TargetA, ruleInfo: ["SwiftDriver", "TargetA", "normal", "x86_64", "com.apple.xcode.tools.swift.compiler"]), Task(forTarget: TargetA, ruleInfo: ["Gate", "target-TargetA-T-TargetA-21785--end"]), Task(forTarget: TargetA, ruleInfo: ["Gate", "target-TargetA-T-TargetA-21785--begin-scanning"]), Task(forTarget: TargetB, ruleInfo: ["WriteAuxiliaryFile", "/private/var/folders/xr/m5_5rlsd6l9fk2w4ngj13k6m0000gn/T/swbuild.tmp.Qwrkh9On/Data.noindex/Test/aProject/build/aProject.build/Debug/TargetB.build/Objects-normal/x86_64/TargetB_const_extract_protocols.json"]), Task(forTarget: <none>, ruleInfo: ["Gate", "target-TargetA-T-TargetA-21785--StubBinaryTaskProducer"]), Task(forTarget: TargetB, ruleInfo: ["MkDir", "/private/var/folders/xr/m5_5rlsd6l9fk2w4ngj13k6m0000gn/T/swbuild.tmp.Qwrkh9On/Data.noindex/Test/aProject/build/Debug/TargetB.framework/Versions/A"]), Task(forTarget: TargetA, ruleInfo: ["SwiftCompile", "normal", "x86_64", "Compiling fileA2.swift", "/private/var/folders/xr/m5_5rlsd6l9fk2w4ngj13k6m0000gn/T/swbuild.tmp.Qwrkh9On/Data.noindex/Test/aProject/Sources/fileA2.swift"]), Task(forTarget: <none>, ruleInfo: ["Gate", "target-TargetA-T-TargetA-21785--fused-phase0-compile-sources"]), Task(forTarget: <none>, ruleInfo: ["Gate", "target-TargetA-T-TargetA-21785--ModuleMapTaskProducer"]), Task(forTarget: <none>, ruleInfo: ["Gate", "target-TargetA-T-TargetA-21785--GeneratedFilesTaskProducer"]), Task(forTarget: <none>, ruleInfo: ["Gate", "target-TargetA-T-TargetA-21785--SwiftStandardLibrariesTaskProducer"]), Task(forTarget: TargetA, ruleInfo: ["GenerateTAPI", "/private/var/folders/xr/m5_5rlsd6l9fk2w4ngj13k6m0000gn/T/swbuild.tmp.Qwrkh9On/Data.noindex/Test/aProject/build/EagerLinkingTBDs/Debug/TargetA.framework/Versions/A/TargetA.tbd"]), Task(forTarget: <none>, ruleInfo: ["Gate", "target-TargetA-T-TargetA-21785--Barrier-Validate"]), Task(forTarget: TargetB, ruleInfo: ["WriteAuxiliaryFile", "/private/var/folders/xr/m5_5rlsd6l9fk2w4ngj13k6m0000gn/T/swbuild.tmp.Qwrkh9On/Data.noindex/Test/aProject/build/aProject.build/Debug/TargetB.build/Objects-normal/x86_64/TargetB.SwiftFileList"]), Task(forTarget: TargetA, ruleInfo: ["MkDir", "/private/var/folders/xr/m5_5rlsd6l9fk2w4ngj13k6m0000gn/T/swbuild.tmp.Qwrkh9On/Data.noindex/Test/aProject/build/Debug/TargetA.framework"]), Task(forTarget: <none>, ruleInfo: ["Gate", "target-TargetA-T-TargetA-21785--ExtensionPointExtractorTaskProducer"]), Task(forTarget: TargetA, ruleInfo: ["SymLink", "/private/var/folders/xr/m5_5rlsd6l9fk2w4ngj13k6m0000gn/T/swbuild.tmp.Qwrkh9On/Data.noindex/Test/aProject/build/Debug/TargetA.framework/TargetA", "Versions/Current/TargetA"]), Task(forTarget: TargetA, ruleInfo: ["MkDir", "/private/var/folders/xr/m5_5rlsd6l9fk2w4ngj13k6m0000gn/T/swbuild.tmp.Qwrkh9On/Data.noindex/Test/aProject/build/Debug/TargetA.framework/Versions/A"]), Task(forTarget: <none>, ruleInfo: ["Gate", "target-TargetB-T-TargetB-21793--generated-headers"]), Task(forTarget: <none>, ruleInfo: ["Gate", "target-TargetA-T-TargetA-21785--SwiftFrameworkABICheckerTaskProducer"]), Task(forTarget: TargetB, ruleInfo: ["Gate", "target-TargetB-T-TargetB-21793--modules-ready"]), Task(forTarget: <none>, ruleInfo: ["ClangStatCache", "/Applications/Xcode17E.app/Contents/Developer/Toolchains/XcodeDefault.xctoolchain/usr/bin/clang-stat-cache", "/Applications/Xcode17E.app/Contents/Developer/Platforms/MacOSX.platform/Developer/SDKs/MacOSX26.4.sdk", "/private/var/folders/xr/m5_5rlsd6l9fk2w4ngj13k6m0000gn/T/swbuild.tmp.Qwrkh9On/Data.noindex/Test/SDKStatCaches.noindex/macosx26.4-25E260-95aa6cf8f3effd57bda17e0c125410c0.sdkstatcache"]), Task(forTarget: TargetB, ruleInfo: ["SymLink", "/private/var/folders/xr/m5_5rlsd6l9fk2w4ngj13k6m0000gn/T/swbuild.tmp.Qwrkh9On/Data.noindex/Test/aProject/build/Debug/TargetB.framework/TargetB", "Versions/Current/TargetB"]), Task(forTarget: TargetA, ruleInfo: ["MkDir", "/private/var/folders/xr/m5_5rlsd6l9fk2w4ngj13k6m0000gn/T/swbuild.tmp.Qwrkh9On/Data.noindex/Test/aProject/build/Debug/TargetA.framework/Versions/A/Headers"]), Task(forTarget: <none>, ruleInfo: ["Gate", "target-TargetB-T-TargetB-21793--TestHostTaskProducer"]), Task(forTarget: TargetA, ruleInfo: ["Gate", "target-TargetA-T-TargetA-21785--begin-linking"]), Task(forTarget: <none>, ruleInfo: ["Gate", "target-TargetB-T-TargetB-21793--ModuleMapTaskProducer"]), Task(forTarget: <none>, ruleInfo: ["CreateBuildDirectory", "/private/var/folders/xr/m5_5rlsd6l9fk2w4ngj13k6m0000gn/T/swbuild.tmp.Qwrkh9On/Data.noindex/Test/aProject/build/SwiftExplicitPrecompiledModules"]), Task(forTarget: <none>, ruleInfo: ["Gate", "target-TargetB-T-TargetB-21793--SwiftABIBaselineGenerationTaskProducer"]), Task(forTarget: <none>, ruleInfo: ["Gate", "target-TargetB-T-TargetB-21793--TestTargetPostprocessingTaskProducer"]), Task(forTarget: <none>, ruleInfo: ["CreateBuildDirectory", "/private/var/folders/xr/m5_5rlsd6l9fk2w4ngj13k6m0000gn/T/swbuild.tmp.Qwrkh9On/Data.noindex/Test/aProject/build/EagerLinkingTBDs/Debug"]), Task(forTarget: TargetA, ruleInfo: ["WriteAuxiliaryFile", "/private/var/folders/xr/m5_5rlsd6l9fk2w4ngj13k6m0000gn/T/swbuild.tmp.Qwrkh9On/Data.noindex/Test/aProject/build/aProject.build/Debug/TargetA.build/Objects-normal/x86_64/TargetA.SwiftConstValuesFileList"]), Task(forTarget: <none>, ruleInfo: ["Gate", "target-TargetA-T-TargetA-21785--GenerateAppPlaygroundAssetCatalogTaskProducer"]), Task(forTarget: <none>, ruleInfo: ["WriteAuxiliaryFile", "/private/var/folders/xr/m5_5rlsd6l9fk2w4ngj13k6m0000gn/T/swbuild.tmp.Qwrkh9On/Data.noindex/Test/aProject/build/aProject.build/Debug/aProject-P21796-VFS/all-product-headers.yaml"]), Task(forTarget: <none>, ruleInfo: ["Gate", "target-TargetB-T-TargetB-21793--CopySwiftPackageResourcesTaskProducer"]), Task(forTarget: <none>, ruleInfo: ["Gate", "target-TargetB-T-TargetB-21793--Barrier-CopyAside"]), Task(forTarget: TargetA, ruleInfo: ["WriteAuxiliaryFile", "/private/var/folders/xr/m5_5rlsd6l9fk2w4ngj13k6m0000gn/T/swbuild.tmp.Qwrkh9On/Data.noindex/Test/aProject/build/aProject.build/Debug/TargetA.build/TargetA-project-headers.hmap"]), Task(forTarget: TargetB, ruleInfo: ["MkDir", "/private/var/folders/xr/m5_5rlsd6l9fk2w4ngj13k6m0000gn/T/swbuild.tmp.Qwrkh9On/Data.noindex/Test/aProject/build/Debug/TargetB.framework"]), Task(forTarget: TargetA, ruleInfo: ["SymLink", "/private/var/folders/xr/m5_5rlsd6l9fk2w4ngj13k6m0000gn/T/swbuild.tmp.Qwrkh9On/Data.noindex/Test/aProject/build/Debug/TargetA.framework/Modules", "Versions/Current/Modules"]), Task(forTarget: <none>, ruleInfo: ["SwiftExplicitDependencyCompileModuleFromInterface", "x86_64", "/private/var/folders/xr/m5_5rlsd6l9fk2w4ngj13k6m0000gn/T/swbuild.tmp.Qwrkh9On/Data.noindex/Test/aProject/build/SwiftExplicitPrecompiledModules/_StringProcessing-13GX4EAKQZW8B.swiftmodule"]), Task(forTarget: TargetA, ruleInfo: ["RegisterExecutionPolicyException", "/private/var/folders/xr/m5_5rlsd6l9fk2w4ngj13k6m0000gn/T/swbuild.tmp.Qwrkh9On/Data.noindex/Test/aProject/build/Debug/TargetA.framework"]), Task(forTarget: TargetA, ruleInfo: ["Copy", "/private/var/folders/xr/m5_5rlsd6l9fk2w4ngj13k6m0000gn/T/swbuild.tmp.Qwrkh9On/Data.noindex/Test/aProject/build/Debug/TargetA.framework/Versions/A/Modules/TargetA.swiftmodule/Project/x86_64-apple-macos.swiftsourceinfo", "/private/var/folders/xr/m5_5rlsd6l9fk2w4ngj13k6m0000gn/T/swbuild.tmp.Qwrkh9On/Data.noindex/Test/aProject/build/aProject.build/Debug/TargetA.build/Objects-normal/x86_64/TargetA.swiftsourceinfo"]), Task(forTarget: <none>, ruleInfo: ["Gate", "target-TargetB-T-TargetB-21793--copy-headers-completion"]), Task(forTarget: <none>, ruleInfo: ["Gate", "target-TargetB-T-TargetB-21793--TestEntryPointTaskProducerFactory"]), Task(forTarget: TargetA, ruleInfo: ["Gate", "target-TargetA-T-TargetA-21785--immediate"]), Task(forTarget: <none>, ruleInfo: ["Gate", "target-TargetA-T-TargetA-21785--Barrier-RegisterProduct"]), Task(forTarget: <none>, ruleInfo: ["Gate", "target-TargetB-T-TargetB-21793--Barrier-Validate"]), Task(forTarget: TargetB, ruleInfo: ["Copy", "/private/var/folders/xr/m5_5rlsd6l9fk2w4ngj13k6m0000gn/T/swbuild.tmp.Qwrkh9On/Data.noindex/Test/aProject/build/Debug/TargetB.framework/Versions/A/Modules/TargetB.swiftmodule/x86_64-apple-macos.swiftmodule", "/private/var/folders/xr/m5_5rlsd6l9fk2w4ngj13k6m0000gn/T/swbuild.tmp.Qwrkh9On/Data.noindex/Test/aProject/build/aProject.build/Debug/TargetB.build/Objects-normal/x86_64/TargetB.swiftmodule"]), Task(forTarget: TargetB, ruleInfo: ["WriteAuxiliaryFile", "/private/var/folders/xr/m5_5rlsd6l9fk2w4ngj13k6m0000gn/T/swbuild.tmp.Qwrkh9On/Data.noindex/Test/aProject/build/aProject.build/Debug/TargetB.build/TargetB-generated-files.hmap"]), Task(forTarget: TargetA, ruleInfo: ["Gate", "target-TargetA-T-TargetA-21785--begin-compiling"]), Task(forTarget: TargetA, ruleInfo: ["WriteAuxiliaryFile", "/private/var/folders/xr/m5_5rlsd6l9fk2w4ngj13k6m0000gn/T/swbuild.tmp.Qwrkh9On/Data.noindex/Test/aProject/build/aProject.build/Debug/TargetA.build/TargetA.hmap"]), Task(forTarget: TargetA, ruleInfo: ["SwiftEmitModule", "normal", "x86_64", "Emitting module for TargetA"]), Task(forTarget: TargetB, ruleInfo: ["Gate", "target-TargetB-T-TargetB-21793--begin-compiling"]), Task(forTarget: <none>, ruleInfo: ["Gate", "target-TargetB-T-TargetB-21793--SwiftPackageCopyFilesTaskProducer"]), Task(forTarget: <none>, ruleInfo: ["Gate", "target-TargetA-T-TargetA-21785--SanitizerTaskProducer"]), Task(forTarget: TargetA, ruleInfo: ["WriteAuxiliaryFile", "/private/var/folders/xr/m5_5rlsd6l9fk2w4ngj13k6m0000gn/T/swbuild.tmp.Qwrkh9On/Data.noindex/Test/aProject/build/aProject.build/Debug/TargetA.build/TargetA-own-target-headers.hmap"]), Task(forTarget: TargetA, ruleInfo: ["WriteAuxiliaryFile", "/private/var/folders/xr/m5_5rlsd6l9fk2w4ngj13k6m0000gn/T/swbuild.tmp.Qwrkh9On/Data.noindex/Test/aProject/build/aProject.build/Debug/TargetA.build/Objects-normal/x86_64/TargetA.LinkFileList"]), Task(forTarget: TargetA, ruleInfo: ["SwiftCompile", "normal", "x86_64", "Compiling fileA1.swift", "/private/var/folders/xr/m5_5rlsd6l9fk2w4ngj13k6m0000gn/T/swbuild.tmp.Qwrkh9On/Data.noindex/Test/aProject/Sources/fileA1.swift"])]
↳ Occasionally fails in CI due to SwiftExplicitDependencyCompileModuleFromInterface missing from the dependency graph
━ Test swiftEagerCompilationWithExplicitModules() recorded a known issue at SwiftDriverTests.swift:3577:55: Issue recorded
↳ Task Task(forTarget: TargetB, ruleInfo: ["SwiftCompile", "normal", "x86_64", "Compiling fileB1.swift", "/private/var/folders/xr/m5_5rlsd6l9fk2w4ngj13k6m0000gn/T/swbuild.tmp.Qwrkh9On/Data.noindex/Test/aProject/Sources/fileB1.swift"]) does not follow any tasks matching [Rule matches [SWBTestSupport.StringPattern.equal("SwiftExplicitDependencyCompileModuleFromInterface"), SWBTestSupport.StringPattern.equal("normal"), SWBTestSupport.StringPattern.equal("x86_64"), SWBTestSupport.StringPattern.contains("_StringProcessing-")]]. Found: [] in [Task(forTarget: TargetA, ruleInfo: ["Ld", "/private/var/folders/xr/m5_5rlsd6l9fk2w4ngj13k6m0000gn/T/swbuild.tmp.Qwrkh9On/Data.noindex/Test/aProject/build/Debug/TargetA.framework/Versions/A/TargetA", "normal"]), Task(forTarget: <none>, ruleInfo: ["Gate", "target-TargetA-T-TargetA-21785--Barrier-RegisterExecutionPolicyException"]), Task(forTarget: TargetA, ruleInfo: ["MkDir", "/private/var/folders/xr/m5_5rlsd6l9fk2w4ngj13k6m0000gn/T/swbuild.tmp.Qwrkh9On/Data.noindex/Test/aProject/build/Debug/TargetA.framework/Versions"]), Task(forTarget: TargetA, ruleInfo: ["SymLink", "/private/var/folders/xr/m5_5rlsd6l9fk2w4ngj13k6m0000gn/T/swbuild.tmp.Qwrkh9On/Data.noindex/Test/aProject/build/EagerLinkingTBDs/Debug/TargetA.framework/TargetA.tbd", "/private/var/folders/xr/m5_5rlsd6l9fk2w4ngj13k6m0000gn/T/swbuild.tmp.Qwrkh9On/Data.noindex/Test/aProject/build/EagerLinkingTBDs/Debug/TargetA.framework/Versions/A/TargetA.tbd"]), Task(forTarget: <none>, ruleInfo: ["Gate", "target-TargetB-T-TargetB-21793--GeneratedFilesTaskProducer"]), Task(forTarget: TargetA, ruleInfo: ["ExtractAppIntentsMetadata"]), Task(forTarget: TargetB, ruleInfo: ["MkDir", "/private/var/folders/xr/m5_5rlsd6l9fk2w4ngj13k6m0000gn/T/swbuild.tmp.Qwrkh9On/Data.noindex/Test/aProject/build/Debug/TargetB.framework/Versions/A/Headers"]), Task(forTarget: <none>, ruleInfo: ["Gate", "target-TargetA-T-TargetA-21785--Barrier-StripSymbols"]), Task(forTarget: TargetB, ruleInfo: ["SwiftDriver Compilation", "TargetB", "normal", "x86_64", "com.apple.xcode.tools.swift.compiler"]), Task(forTarget: TargetB, ruleInfo: ["WriteAuxiliaryFile", "/private/var/folders/xr/m5_5rlsd6l9fk2w4ngj13k6m0000gn/T/swbuild.tmp.Qwrkh9On/Data.noindex/Test/aProject/build/aProject.build/Debug/TargetB.build/Objects-normal/x86_64/TargetB.SwiftConstValuesFileList"]), Task(forTarget: <none>, ruleInfo: ["Gate", "target-TargetB-T-TargetB-21793--TAPISymbolExtractorTaskProducer"]), Task(forTarget: <none>, ruleInfo: ["Gate", "target-TargetB-T-TargetB-21793--swift-generated-headers"]), Task(forTarget: <none>, ruleInfo: ["Gate", "target-TargetB-T-TargetB-21793--ProductPostprocessingTaskProducer"]), Task(forTarget: <none>, ruleInfo: ["Gate", "target-TargetB-T-TargetB-21793--RealityAssetsTaskProducer"]), Task(forTarget: <none>, ruleInfo: ["Gate", "target-TargetA-T-TargetA-21785--Barrier-CopyAside"]), Task(forTarget: <none>, ruleInfo: ["SwiftExplicitDependencyGeneratePcm", "x86_64", "/private/var/folders/xr/m5_5rlsd6l9fk2w4ngj13k6m0000gn/T/swbuild.tmp.Qwrkh9On/Data.noindex/Test/aProject/build/SwiftExplicitPrecompiledModules/SwiftShims-E7NR5GGR9Z7GY7PSRPSK1C6L1.pcm"]), Task(forTarget: TargetA, ruleInfo: ["Copy", "/private/var/folders/xr/m5_5rlsd6l9fk2w4ngj13k6m0000gn/T/swbuild.tmp.Qwrkh9On/Data.noindex/Test/aProject/build/Debug/TargetA.framework/Versions/A/Modules/TargetA.swiftmodule/x86_64-apple-macos.swiftdoc", "/private/var/folders/xr/m5_5rlsd6l9fk2w4ngj13k6m0000gn/T/swbuild.tmp.Qwrkh9On/Data.noindex/Test/aProject/build/aProject.build/Debug/TargetA.build/Objects-normal/x86_64/TargetA.swiftdoc"]), Task(forTarget: TargetB, ruleInfo: ["Gate", "target-TargetB-T-TargetB-21793--begin-scanning"]), Task(forTarget: <none>, ruleInfo: ["Gate", "target-TargetB-T-TargetB-21793--ModuleVerifierTaskProducer"]), Task(forTarget: TargetA, ruleInfo: ["SymLink", "/private/var/folders/xr/m5_5rlsd6l9fk2w4ngj13k6m0000gn/T/swbuild.tmp.Qwrkh9On/Data.noindex/Test/aProject/build/Debug/TargetA.framework/Headers", "Versions/Current/Headers"]), Task(forTarget: TargetB, ruleInfo: ["SwiftCompile", "normal", "x86_64", "Compiling fileB2.swift", "/private/var/folders/xr/m5_5rlsd6l9fk2w4ngj13k6m0000gn/T/swbuild.tmp.Qwrkh9On/Data.noindex/Test/aProject/Sources/fileB2.swift"]), Task(forTarget: TargetB, ruleInfo: ["Gate", "target-TargetB-T-TargetB-21793--linker-inputs-ready"]), Task(forTarget: <none>, ruleInfo: ["Gate", "target-TargetA-T-TargetA-21785--Barrier-ChangePermissions"]), Task(forTarget: TargetA, ruleInfo: ["WriteAuxiliaryFile", "/private/var/folders/xr/m5_5rlsd6l9fk2w4ngj13k6m0000gn/T/swbuild.tmp.Qwrkh9On/Data.noindex/Test/aProject/build/aProject.build/Debug/TargetA.build/TargetA-all-target-headers.hmap"]), Task(forTarget: TargetA, ruleInfo: ["SwiftDriver Compilation Requirements", "TargetA", "normal", "x86_64", "com.apple.xcode.tools.swift.compiler"]), Task(forTarget: TargetA, ruleInfo: ["WriteAuxiliaryFile", "/private/var/folders/xr/m5_5rlsd6l9fk2w4ngj13k6m0000gn/T/swbuild.tmp.Qwrkh9On/Data.noindex/Test/aProject/build/aProject.build/Debug/TargetA.build/Objects-normal/x86_64/TargetA_const_extract_protocols.json"]), Task(forTarget: TargetA, ruleInfo: ["Gate", "target-TargetA-T-TargetA-21785--entry"]), Task(forTarget: TargetA, ruleInfo: ["WriteAuxiliaryFile", "/private/var/folders/xr/m5_5rlsd6l9fk2w4ngj13k6m0000gn/T/swbuild.tmp.Qwrkh9On/Data.noindex/Test/aProject/build/aProject.build/Debug/TargetA.build/TargetA.DependencyMetadataFileList"]), Task(forTarget: TargetA, ruleInfo: ["Copy", "/private/var/folders/xr/m5_5rlsd6l9fk2w4ngj13k6m0000gn/T/swbuild.tmp.Qwrkh9On/Data.noindex/Test/aProject/build/Debug/TargetA.framework/Versions/A/Modules/TargetA.swiftmodule/x86_64-apple-macos.swiftmodule", "/private/var/folders/xr/m5_5rlsd6l9fk2w4ngj13k6m0000gn/T/swbuild.tmp.Qwrkh9On/Data.noindex/Test/aProject/build/aProject.build/Debug/TargetA.build/Objects-normal/x86_64/TargetA.swiftmodule"]), Task(forTarget: <none>, ruleInfo: ["Gate", "target-TargetB-T-TargetB-21793--Barrier-RegisterProduct"]), Task(forTarget: TargetB, ruleInfo: ["SwiftDriver Compilation Requirements", "TargetB", "normal", "x86_64", "com.apple.xcode.tools.swift.compiler"]), Task(forTarget: <none>, ruleInfo: ["Gate", "target-TargetB-T-TargetB-21793--StubBinaryTaskProducer"]), Task(forTarget: TargetB, ruleInfo: ["Gate", "target-TargetB-T-TargetB-21793--entry"]), Task(forTarget: <none>, ruleInfo: ["SwiftExplicitDependencyCompileModuleFromInterface", "x86_64", "/private/var/folders/xr/m5_5rlsd6l9fk2w4ngj13k6m0000gn/T/swbuild.tmp.Qwrkh9On/Data.noindex/Test/aProject/build/SwiftExplicitPrecompiledModules/Swift-1039YR9EBE61.swiftmodule"]), Task(forTarget: <none>, ruleInfo: ["Gate", "target-TargetB-T-TargetB-21793--GenerateAppPlaygroundAssetCatalogTaskProducer"]), Task(forTarget: TargetB, ruleInfo: ["Gate", "target-TargetB-T-TargetB-21793--begin-linking"]), Task(forTarget: TargetA, ruleInfo: ["WriteAuxiliaryFile", "/private/var/folders/xr/m5_5rlsd6l9fk2w4ngj13k6m0000gn/T/swbuild.tmp.Qwrkh9On/Data.noindex/Test/aProject/build/aProject.build/Debug/TargetA.build/Objects-normal/x86_64/TargetA-OutputFileMap.json"]), Task(forTarget: TargetB, ruleInfo: ["WriteAuxiliaryFile", "/private/var/folders/xr/m5_5rlsd6l9fk2w4ngj13k6m0000gn/T/swbuild.tmp.Qwrkh9On/Data.noindex/Test/aProject/build/aProject.build/Debug/TargetB.build/TargetB.DependencyMetadataFileList"]), Task(forTarget: TargetB, ruleInfo: ["WriteAuxiliaryFile", "/private/var/folders/xr/m5_5rlsd6l9fk2w4ngj13k6m0000gn/T/swbuild.tmp.Qwrkh9On/Data.noindex/Test/aProject/build/aProject.build/Debug/TargetB.build/TargetB.hmap"]), Task(forTarget: <none>, ruleInfo: ["CreateBuildDirectory", "/private/var/folders/xr/m5_5rlsd6l9fk2w4ngj13k6m0000gn/T/swbuild.tmp.Qwrkh9On/Data.noindex/Test/aProject/build/SharedPrecompiledHeaders"]), Task(forTarget: TargetA, ruleInfo: ["Gate", "target-TargetA-T-TargetA-21785--unsigned-product-ready"]), Task(forTarget: TargetA, ruleInfo: ["Gate", "target-TargetA-T-TargetA-21785--will-sign"]), Task(forTarget: TargetB, ruleInfo: ["Copy", "/private/var/folders/xr/m5_5rlsd6l9fk2w4ngj13k6m0000gn/T/swbuild.tmp.Qwrkh9On/Data.noindex/Test/aProject/build/Debug/TargetB.framework/Versions/A/Modules/TargetB.swiftmodule/Project/x86_64-apple-macos.swiftsourceinfo", "/private/var/folders/xr/m5_5rlsd6l9fk2w4ngj13k6m0000gn/T/swbuild.tmp.Qwrkh9On/Data.noindex/Test/aProject/build/aProject.build/Debug/TargetB.build/Objects-normal/x86_64/TargetB.swiftsourceinfo"]), Task(forTarget: TargetA, ruleInfo: ["WriteAuxiliaryFile", "/private/var/folders/xr/m5_5rlsd6l9fk2w4ngj13k6m0000gn/T/swbuild.tmp.Qwrkh9On/Data.noindex/Test/aProject/build/aProject.build/Debug/TargetA.build/TargetA-generated-files.hmap"]), Task(forTarget: TargetA, ruleInfo: ["Gate", "target-TargetA-T-TargetA-21785--linker-inputs-ready"]), Task(forTarget: <none>, ruleInfo: ["Gate", "target-TargetB-T-TargetB-21793--Barrier-GenerateStubAPI"]), Task(forTarget: <none>, ruleInfo: ["Gate", "target-TargetA-T-TargetA-21785--ModuleVerifierTaskProducer"]), Task(forTarget: <none>, ruleInfo: ["Gate", "target-TargetB-T-TargetB-21793--SwiftFrameworkABICheckerTaskProducer"]), Task(forTarget: TargetB, ruleInfo: ["Gate", "target-TargetB-T-TargetB-21793--end"]), Task(forTarget: TargetB, ruleInfo: ["WriteAuxiliaryFile", "/private/var/folders/xr/m5_5rlsd6l9fk2w4ngj13k6m0000gn/T/swbuild.tmp.Qwrkh9On/Data.noindex/Test/aProject/build/aProject.build/Debug/TargetB.build/TargetB-all-target-headers.hmap"]), Task(forTarget: <none>, ruleInfo: ["SwiftExplicitDependencyGeneratePcm", "x86_64", "/private/var/folders/xr/m5_5rlsd6l9fk2w4ngj13k6m0000gn/T/swbuild.tmp.Qwrkh9On/Data.noindex/Test/aProject/build/SwiftExplicitPrecompiledModules/_SwiftConcurrencyShims-BUR8XM1R06AS02RWV63HPG1KR.pcm"]), Task(forTarget: <none>, ruleInfo: ["Gate", "target-TargetB-T-TargetB-21793--Barrier-ChangePermissions"]), Task(forTarget: <none>, ruleInfo: ["Gate", "target-TargetB-T-TargetB-21793--Barrier-CodeSign"]), Task(forTarget: TargetB, ruleInfo: ["Touch", "/private/var/folders/xr/m5_5rlsd6l9fk2w4ngj13k6m0000gn/T/swbuild.tmp.Qwrkh9On/Data.noindex/Test/aProject/build/Debug/TargetB.framework"]), Task(forTarget: <none>, ruleInfo: ["Gate", "target-TargetB-T-TargetB-21793--Barrier-StripSymbols"]), Task(forTarget: TargetB, ruleInfo: ["WriteAuxiliaryFile", "/private/var/folders/xr/m5_5rlsd6l9fk2w4ngj13k6m0000gn/T/swbuild.tmp.Qwrkh9On/Data.noindex/Test/aProject/build/aProject.build/Debug/TargetB.build/Objects-normal/x86_64/TargetB-OutputFileMap.json"]), Task(forTarget: TargetB, ruleInfo: ["GenerateTAPI", "/private/var/folders/xr/m5_5rlsd6l9fk2w4ngj13k6m0000gn/T/swbuild.tmp.Qwrkh9On/Data.noindex/Test/aProject/build/EagerLinkingTBDs/Debug/TargetB.framework/Versions/A/TargetB.tbd"]), Task(forTarget: TargetB, ruleInfo: ["SwiftEmitModule", "normal", "x86_64", "Emitting module for TargetB"]), Task(forTarget: TargetB, ruleInfo: ["MkDir", "/private/var/folders/xr/m5_5rlsd6l9fk2w4ngj13k6m0000gn/T/swbuild.tmp.Qwrkh9On/Data.noindex/Test/aProject/build/Debug/TargetB.framework/Versions"]), Task(forTarget: TargetA, ruleInfo: ["WriteAuxiliaryFile", "/private/var/folders/xr/m5_5rlsd6l9fk2w4ngj13k6m0000gn/T/swbuild.tmp.Qwrkh9On/Data.noindex/Test/aProject/build/aProject.build/Debug/TargetA.build/Objects-normal/x86_64/TargetA.SwiftFileList"]), Task(forTarget: TargetB, ruleInfo: ["ExtractAppIntentsMetadata"]), Task(forTarget: <none>, ruleInfo: ["Gate", "target-TargetB-T-TargetB-21793--ProductStructureTaskProducer"]), Task(forTarget: <none>, ruleInfo: ["Gate", "target-TargetB-T-TargetB-21793--HeadermapTaskProducer"]), Task(forTarget: <none>, ruleInfo: ["CreateBuildDirectory", "/private/var/folders/xr/m5_5rlsd6l9fk2w4ngj13k6m0000gn/T/swbuild.tmp.Qwrkh9On/Data.noindex/Test/aProject/build/Debug"]), Task(forTarget: TargetA, ruleInfo: ["WriteAuxiliaryFile", "/private/var/folders/xr/m5_5rlsd6l9fk2w4ngj13k6m0000gn/T/swbuild.tmp.Qwrkh9On/Data.noindex/Test/aProject/build/aProject.build/Debug/TargetA.build/TargetA.DependencyStaticMetadataFileList"]), Task(forTarget: <none>, ruleInfo: ["Gate", "target-TargetB-T-TargetB-21793--ExtensionPointExtractorTaskProducer"]), Task(forTarget: <none>, ruleInfo: ["Gate", "target-TargetB-T-TargetB-21793--SwiftStandardLibrariesTaskProducer"]), Task(forTarget: TargetA, ruleInfo: ["Copy", "/private/var/folders/xr/m5_5rlsd6l9fk2w4ngj13k6m0000gn/T/swbuild.tmp.Qwrkh9On/Data.noindex/Test/aProject/build/Debug/TargetA.framework/Versions/A/Modules/TargetA.swiftmodule/x86_64-apple-macos.abi.json", "/private/var/folders/xr/m5_5rlsd6l9fk2w4ngj13k6m0000gn/T/swbuild.tmp.Qwrkh9On/Data.noindex/Test/aProject/build/aProject.build/Debug/TargetA.build/Objects-normal/x86_64/TargetA.abi.json"]), Task(forTarget: <none>, ruleInfo: ["CreateBuildDirectory", "/private/var/folders/xr/m5_5rlsd6l9fk2w4ngj13k6m0000gn/T/swbuild.tmp.Qwrkh9On/Data.noindex/Test/aProject/build/ExplicitPrecompiledModules"]), Task(forTarget: TargetB, ruleInfo: ["Gate", "target-TargetB-T-TargetB-21793--immediate"]), Task(forTarget: <none>, ruleInfo: ["Gate", "target-TargetA-T-TargetA-21785--AppExtensionInfoPlistGeneratorTaskProducer"]), Task(forTarget: TargetB, ruleInfo: ["SymLink", "/private/var/folders/xr/m5_5rlsd6l9fk2w4ngj13k6m0000gn/T/swbuild.tmp.Qwrkh9On/Data.noindex/Test/aProject/build/Debug/TargetB.framework/Modules", "Versions/Current/Modules"]), Task(forTarget: <none>, ruleInfo: ["Gate", "target-TargetA-T-TargetA-21785--swift-generated-headers"]), Task(forTarget: <none>, ruleInfo: ["Gate", "target-TargetB-T-TargetB-21793--InfoPlistTaskProducer"]), Task(forTarget: <none>, ruleInfo: ["Gate", "target-TargetB-T-TargetB-21793--AppExtensionInfoPlistGeneratorTaskProducer"]), Task(forTarget: TargetB, ruleInfo: ["SwiftDriver", "TargetB", "normal", "x86_64", "com.apple.xcode.tools.swift.compiler"]), Task(forTarget: <none>, ruleInfo: ["Gate", "target-TargetA-T-TargetA-21785--CopySwiftPackageResourcesTaskProducer"]), Task(forTarget: <none>, ruleInfo: ["Gate", "target-TargetA-T-TargetA-21785--ProductStructureTaskProducer"]), Task(forTarget: TargetA, ruleInfo: ["SymLink", "/private/var/folders/xr/m5_5rlsd6l9fk2w4ngj13k6m0000gn/T/swbuild.tmp.Qwrkh9On/Data.noindex/Test/aProject/build/Debug/TargetA.framework/Versions/Current", "A"]), Task(forTarget: TargetA, ruleInfo: ["SwiftMergeGeneratedHeaders", "/private/var/folders/xr/m5_5rlsd6l9fk2w4ngj13k6m0000gn/T/swbuild.tmp.Qwrkh9On/Data.noindex/Test/aProject/build/Debug/TargetA.framework/Versions/A/Headers/TargetA-Swift.h", "/private/var/folders/xr/m5_5rlsd6l9fk2w4ngj13k6m0000gn/T/swbuild.tmp.Qwrkh9On/Data.noindex/Test/aProject/build/aProject.build/Debug/TargetA.build/Objects-normal/x86_64/TargetA-Swift.h"]), Task(forTarget: <none>, ruleInfo: ["Gate", "target-TargetA-T-TargetA-21785--ProductPostprocessingTaskProducer"]), Task(forTarget: TargetB, ruleInfo: ["Copy", "/private/var/folders/xr/m5_5rlsd6l9fk2w4ngj13k6m0000gn/T/swbuild.tmp.Qwrkh9On/Data.noindex/Test/aProject/build/Debug/TargetB.framework/Versions/A/Modules/TargetB.swiftmodule/x86_64-apple-macos.swiftdoc", "/private/var/folders/xr/m5_5rlsd6l9fk2w4ngj13k6m0000gn/T/swbuild.tmp.Qwrkh9On/Data.noindex/Test/aProject/build/aProject.build/Debug/TargetB.build/Objects-normal/x86_64/TargetB.swiftdoc"]), Task(forTarget: <none>, ruleInfo: ["Gate", "target-TargetA-T-TargetA-21785--DocumentationTaskProducer"]), Task(forTarget: TargetB, ruleInfo: ["SymLink", "/private/var/folders/xr/m5_5rlsd6l9fk2w4ngj13k6m0000gn/T/swbuild.tmp.Qwrkh9On/Data.noindex/Test/aProject/build/Debug/TargetB.framework/Versions/Current", "A"]), Task(forTarget: <none>, ruleInfo: ["Gate", "target-TargetA-T-TargetA-21785--InfoPlistTaskProducer"]), Task(forTarget: <none>, ruleInfo: ["CreateBuildDirectory", "/private/var/folders/xr/m5_5rlsd6l9fk2w4ngj13k6m0000gn/T/swbuild.tmp.Qwrkh9On/Data.noindex/Test/aProject/build"]), Task(forTarget: <none>, ruleInfo: ["Gate", "target-TargetA-T-TargetA-21785--SwiftABIBaselineGenerationTaskProducer"]), Task(forTarget: TargetA, ruleInfo: ["SwiftDriver Compilation", "TargetA", "normal", "x86_64", "com.apple.xcode.tools.swift.compiler"]), Task(forTarget: TargetB, ruleInfo: ["SwiftMergeGeneratedHeaders", "/private/var/folders/xr/m5_5rlsd6l9fk2w4ngj13k6m0000gn/T/swbuild.tmp.Qwrkh9On/Data.noindex/Test/aProject/build/Debug/TargetB.framework/Versions/A/Headers/TargetB-Swift.h", "/private/var/folders/xr/m5_5rlsd6l9fk2w4ngj13k6m0000gn/T/swbuild.tmp.Qwrkh9On/Data.noindex/Test/aProject/build/aProject.build/Debug/TargetB.build/Objects-normal/x86_64/TargetB-Swift.h"]), Task(forTarget: TargetB, ruleInfo: ["Ld", "/private/var/folders/xr/m5_5rlsd6l9fk2w4ngj13k6m0000gn/T/swbuild.tmp.Qwrkh9On/Data.noindex/Test/aProject/build/Debug/TargetB.framework/Versions/A/TargetB", "normal"]), Task(forTarget: TargetB, ruleInfo: ["WriteAuxiliaryFile", "/private/var/folders/xr/m5_5rlsd6l9fk2w4ngj13k6m0000gn/T/swbuild.tmp.Qwrkh9On/Data.noindex/Test/aProject/build/aProject.build/Debug/TargetB.build/TargetB-all-non-framework-target-headers.hmap"]), Task(forTarget: <none>, ruleInfo: ["Gate", "target-TargetA-T-TargetA-21785--TAPISymbolExtractorTaskProducer"]), Task(forTarget: <none>, ruleInfo: ["SwiftExplicitDependencyCompileModuleFromInterface", "x86_64", "/private/var/folders/xr/m5_5rlsd6l9fk2w4ngj13k6m0000gn/T/swbuild.tmp.Qwrkh9On/Data.noindex/Test/aProject/build/SwiftExplicitPrecompiledModules/_Concurrency-2W8LU3DF58RLX.swiftmodule"]), Task(forTarget: <none>, ruleInfo: ["Gate", "target-TargetB-T-TargetB-21793--Barrier-ChangeAlternatePermissions"]), Task(forTarget: <none>, ruleInfo: ["Gate", "target-TargetA-T-TargetA-21785--SwiftPackageCopyFilesTaskProducer"]), Task(forTarget: <none>, ruleInfo: ["Gate", "target-TargetA-T-TargetA-21785--copy-headers-completion"]), Task(forTarget: <none>, ruleInfo: ["Gate", "WorkspaceHeaderMapVFSFilesWritten"]), Task(forTarget: TargetA, ruleInfo: ["Gate", "target-TargetA-T-TargetA-21785--modules-ready"]), Task(forTarget: <none>, ruleInfo: ["Gate", "target-TargetB-T-TargetB-21793--SanitizerTaskProducer"]), Task(forTarget: <none>, ruleInfo: ["Gate", "target-TargetA-T-TargetA-21785--Barrier-ChangeAlternatePermissions"]), Task(forTarget: TargetB, ruleInfo: ["SymLink", "/private/var/folders/xr/m5_5rlsd6l9fk2w4ngj13k6m0000gn/T/swbuild.tmp.Qwrkh9On/Data.noindex/Test/aProject/build/Debug/TargetB.framework/Headers", "Versions/Current/Headers"]), Task(forTarget: <none>, ruleInfo: ["CreateBuildDirectory", "/var/folders/xr/m5_5rlsd6l9fk2w4ngj13k6m0000gn/C/com.apple.DeveloperTools/26.4.1-17E202/Xcode/CompilationCache.noindex"]), Task(forTarget: <none>, ruleInfo: ["Gate", "target-TargetA-T-TargetA-21785--CustomTaskProducer"]), Task(forTarget: <none>, ruleInfo: ["Gate", "target-TargetA-T-TargetA-21785--AppIntentsMetadataTaskProducer"]), Task(forTarget: TargetB, ruleInfo: ["Copy", "/private/var/folders/xr/m5_5rlsd6l9fk2w4ngj13k6m0000gn/T/swbuild.tmp.Qwrkh9On/Data.noindex/Test/aProject/build/Debug/TargetB.framework/Versions/A/Modules/TargetB.swiftmodule/x86_64-apple-macos.abi.json", "/private/var/folders/xr/m5_5rlsd6l9fk2w4ngj13k6m0000gn/T/swbuild.tmp.Qwrkh9On/Data.noindex/Test/aProject/build/aProject.build/Debug/TargetB.build/Objects-normal/x86_64/TargetB.abi.json"]), Task(forTarget: <none>, ruleInfo: ["Gate", "target-TargetA-T-TargetA-21785--TestHostTaskProducer"]), Task(forTarget: TargetB, ruleInfo: ["WriteAuxiliaryFile", "/private/var/folders/xr/m5_5rlsd6l9fk2w4ngj13k6m0000gn/T/swbuild.tmp.Qwrkh9On/Data.noindex/Test/aProject/build/aProject.build/Debug/TargetB.build/Objects-normal/x86_64/TargetB.LinkFileList"]), Task(forTarget: <none>, ruleInfo: ["Gate", "target-TargetA-T-TargetA-21785--TestTargetPostprocessingTaskProducer"]), Task(forTarget: <none>, ruleInfo: ["Gate", "target-TargetA-T-TargetA-21785--Barrier-GenerateStubAPI"]), Task(forTarget: TargetB, ruleInfo: ["Gate", "target-TargetB-T-TargetB-21793--will-sign"]), Task(forTarget: <none>, ruleInfo: ["Gate", "target-TargetA-T-TargetA-21785--generated-headers"]), Task(forTarget: <none>, ruleInfo: ["Gate", "target-TargetB-T-TargetB-21793--Barrier-RegisterExecutionPolicyException"]), Task(forTarget: TargetB, ruleInfo: ["SymLink", "/private/var/folders/xr/m5_5rlsd6l9fk2w4ngj13k6m0000gn/T/swbuild.tmp.Qwrkh9On/Data.noindex/Test/aProject/build/EagerLinkingTBDs/Debug/TargetB.framework/TargetB.tbd", "/private/var/folders/xr/m5_5rlsd6l9fk2w4ngj13k6m0000gn/T/swbuild.tmp.Qwrkh9On/Data.noindex/Test/aProject/build/EagerLinkingTBDs/Debug/TargetB.framework/Versions/A/TargetB.tbd"]), Task(forTarget: TargetB, ruleInfo: ["WriteAuxiliaryFile", "/private/var/folders/xr/m5_5rlsd6l9fk2w4ngj13k6m0000gn/T/swbuild.tmp.Qwrkh9On/Data.noindex/Test/aProject/build/aProject.build/Debug/TargetB.build/TargetB-own-target-headers.hmap"]), Task(forTarget: TargetB, ruleInfo: ["WriteAuxiliaryFile", "/private/var/folders/xr/m5_5rlsd6l9fk2w4ngj13k6m0000gn/T/swbuild.tmp.Qwrkh9On/Data.noindex/Test/aProject/build/aProject.build/Debug/TargetB.build/TargetB-project-headers.hmap"]), Task(forTarget: <none>, ruleInfo: ["Gate", "target-TargetB-T-TargetB-21793--DocumentationTaskProducer"]), Task(forTarget: <none>, ruleInfo: ["Gate", "target-TargetA-T-TargetA-21785--TestEntryPointTaskProducerFactory"]), Task(forTarget: <none>, ruleInfo: ["Gate", "target-TargetA-T-TargetA-21785--TestTargetTaskProducer"]), Task(forTarget: TargetA, ruleInfo: ["Touch", "/private/var/folders/xr/m5_5rlsd6l9fk2w4ngj13k6m0000gn/T/swbuild.tmp.Qwrkh9On/Data.noindex/Test/aProject/build/Debug/TargetA.framework"]), Task(forTarget: <none>, ruleInfo: ["Gate", "target-TargetA-T-TargetA-21785--HeadermapTaskProducer"]), Task(forTarget: <none>, ruleInfo: ["Gate", "target-TargetB-T-TargetB-21793--fused-phase0-compile-sources&link-binary"]), Task(forTarget: TargetB, ruleInfo: ["WriteAuxiliaryFile", "/private/var/folders/xr/m5_5rlsd6l9fk2w4ngj13k6m0000gn/T/swbuild.tmp.Qwrkh9On/Data.noindex/Test/aProject/build/aProject.build/Debug/TargetB.build/TargetB.DependencyStaticMetadataFileList"]), Task(forTarget: <none>, ruleInfo: ["Gate", "target-TargetB-T-TargetB-21793--TestTargetTaskProducer"]), Task(forTarget: <none>, ruleInfo: ["Gate", "target-TargetA-T-TargetA-21785--RealityAssetsTaskProducer"]), Task(forTarget: <none>, ruleInfo: ["Gate", "target-TargetB-T-TargetB-21793--CustomTaskProducer"]), Task(forTarget: TargetB, ruleInfo: ["RegisterExecutionPolicyException", "/private/var/folders/xr/m5_5rlsd6l9fk2w4ngj13k6m0000gn/T/swbuild.tmp.Qwrkh9On/Data.noindex/Test/aProject/build/Debug/TargetB.framework"]), Task(forTarget: TargetA, ruleInfo: ["WriteAuxiliaryFile", "/private/var/folders/xr/m5_5rlsd6l9fk2w4ngj13k6m0000gn/T/swbuild.tmp.Qwrkh9On/Data.noindex/Test/aProject/build/aProject.build/Debug/TargetA.build/TargetA-all-non-framework-target-headers.hmap"]), Task(forTarget: TargetB, ruleInfo: ["SwiftCompile", "normal", "x86_64", "Compiling fileB1.swift", "/private/var/folders/xr/m5_5rlsd6l9fk2w4ngj13k6m0000gn/T/swbuild.tmp.Qwrkh9On/Data.noindex/Test/aProject/Sources/fileB1.swift"]), Task(forTarget: <none>, ruleInfo: ["Gate", "target-TargetA-T-TargetA-21785--Barrier-CodeSign"]), Task(forTarget: <none>, ruleInfo: ["Gate", "target-TargetB-T-TargetB-21793--AppIntentsMetadataTaskProducer"]), Task(forTarget: TargetB, ruleInfo: ["Gate", "target-TargetB-T-TargetB-21793--unsigned-product-ready"]), Task(forTarget: TargetA, ruleInfo: ["SwiftDriver", "TargetA", "normal", "x86_64", "com.apple.xcode.tools.swift.compiler"]), Task(forTarget: TargetA, ruleInfo: ["Gate", "target-TargetA-T-TargetA-21785--end"]), Task(forTarget: TargetA, ruleInfo: ["Gate", "target-TargetA-T-TargetA-21785--begin-scanning"]), Task(forTarget: TargetB, ruleInfo: ["WriteAuxiliaryFile", "/private/var/folders/xr/m5_5rlsd6l9fk2w4ngj13k6m0000gn/T/swbuild.tmp.Qwrkh9On/Data.noindex/Test/aProject/build/aProject.build/Debug/TargetB.build/Objects-normal/x86_64/TargetB_const_extract_protocols.json"]), Task(forTarget: <none>, ruleInfo: ["Gate", "target-TargetA-T-TargetA-21785--StubBinaryTaskProducer"]), Task(forTarget: TargetB, ruleInfo: ["MkDir", "/private/var/folders/xr/m5_5rlsd6l9fk2w4ngj13k6m0000gn/T/swbuild.tmp.Qwrkh9On/Data.noindex/Test/aProject/build/Debug/TargetB.framework/Versions/A"]), Task(forTarget: TargetA, ruleInfo: ["SwiftCompile", "normal", "x86_64", "Compiling fileA2.swift", "/private/var/folders/xr/m5_5rlsd6l9fk2w4ngj13k6m0000gn/T/swbuild.tmp.Qwrkh9On/Data.noindex/Test/aProject/Sources/fileA2.swift"]), Task(forTarget: <none>, ruleInfo: ["Gate", "target-TargetA-T-TargetA-21785--fused-phase0-compile-sources"]), Task(forTarget: <none>, ruleInfo: ["Gate", "target-TargetA-T-TargetA-21785--ModuleMapTaskProducer"]), Task(forTarget: <none>, ruleInfo: ["Gate", "target-TargetA-T-TargetA-21785--GeneratedFilesTaskProducer"]), Task(forTarget: <none>, ruleInfo: ["Gate", "target-TargetA-T-TargetA-21785--SwiftStandardLibrariesTaskProducer"]), Task(forTarget: TargetA, ruleInfo: ["GenerateTAPI", "/private/var/folders/xr/m5_5rlsd6l9fk2w4ngj13k6m0000gn/T/swbuild.tmp.Qwrkh9On/Data.noindex/Test/aProject/build/EagerLinkingTBDs/Debug/TargetA.framework/Versions/A/TargetA.tbd"]), Task(forTarget: <none>, ruleInfo: ["Gate", "target-TargetA-T-TargetA-21785--Barrier-Validate"]), Task(forTarget: TargetB, ruleInfo: ["WriteAuxiliaryFile", "/private/var/folders/xr/m5_5rlsd6l9fk2w4ngj13k6m0000gn/T/swbuild.tmp.Qwrkh9On/Data.noindex/Test/aProject/build/aProject.build/Debug/TargetB.build/Objects-normal/x86_64/TargetB.SwiftFileList"]), Task(forTarget: TargetA, ruleInfo: ["MkDir", "/private/var/folders/xr/m5_5rlsd6l9fk2w4ngj13k6m0000gn/T/swbuild.tmp.Qwrkh9On/Data.noindex/Test/aProject/build/Debug/TargetA.framework"]), Task(forTarget: <none>, ruleInfo: ["Gate", "target-TargetA-T-TargetA-21785--ExtensionPointExtractorTaskProducer"]), Task(forTarget: TargetA, ruleInfo: ["SymLink", "/private/var/folders/xr/m5_5rlsd6l9fk2w4ngj13k6m0000gn/T/swbuild.tmp.Qwrkh9On/Data.noindex/Test/aProject/build/Debug/TargetA.framework/TargetA", "Versions/Current/TargetA"]), Task(forTarget: TargetA, ruleInfo: ["MkDir", "/private/var/folders/xr/m5_5rlsd6l9fk2w4ngj13k6m0000gn/T/swbuild.tmp.Qwrkh9On/Data.noindex/Test/aProject/build/Debug/TargetA.framework/Versions/A"]), Task(forTarget: <none>, ruleInfo: ["Gate", "target-TargetB-T-TargetB-21793--generated-headers"]), Task(forTarget: <none>, ruleInfo: ["Gate", "target-TargetA-T-TargetA-21785--SwiftFrameworkABICheckerTaskProducer"]), Task(forTarget: TargetB, ruleInfo: ["Gate", "target-TargetB-T-TargetB-21793--modules-ready"]), Task(forTarget: <none>, ruleInfo: ["ClangStatCache", "/Applications/Xcode17E.app/Contents/Developer/Toolchains/XcodeDefault.xctoolchain/usr/bin/clang-stat-cache", "/Applications/Xcode17E.app/Contents/Developer/Platforms/MacOSX.platform/Developer/SDKs/MacOSX26.4.sdk", "/private/var/folders/xr/m5_5rlsd6l9fk2w4ngj13k6m0000gn/T/swbuild.tmp.Qwrkh9On/Data.noindex/Test/SDKStatCaches.noindex/macosx26.4-25E260-95aa6cf8f3effd57bda17e0c125410c0.sdkstatcache"]), Task(forTarget: TargetB, ruleInfo: ["SymLink", "/private/var/folders/xr/m5_5rlsd6l9fk2w4ngj13k6m0000gn/T/swbuild.tmp.Qwrkh9On/Data.noindex/Test/aProject/build/Debug/TargetB.framework/TargetB", "Versions/Current/TargetB"]), Task(forTarget: TargetA, ruleInfo: ["MkDir", "/private/var/folders/xr/m5_5rlsd6l9fk2w4ngj13k6m0000gn/T/swbuild.tmp.Qwrkh9On/Data.noindex/Test/aProject/build/Debug/TargetA.framework/Versions/A/Headers"]), Task(forTarget: <none>, ruleInfo: ["Gate", "target-TargetB-T-TargetB-21793--TestHostTaskProducer"]), Task(forTarget: TargetA, ruleInfo: ["Gate", "target-TargetA-T-TargetA-21785--begin-linking"]), Task(forTarget: <none>, ruleInfo: ["Gate", "target-TargetB-T-TargetB-21793--ModuleMapTaskProducer"]), Task(forTarget: <none>, ruleInfo: ["CreateBuildDirectory", "/private/var/folders/xr/m5_5rlsd6l9fk2w4ngj13k6m0000gn/T/swbuild.tmp.Qwrkh9On/Data.noindex/Test/aProject/build/SwiftExplicitPrecompiledModules"]), Task(forTarget: <none>, ruleInfo: ["Gate", "target-TargetB-T-TargetB-21793--SwiftABIBaselineGenerationTaskProducer"]), Task(forTarget: <none>, ruleInfo: ["Gate", "target-TargetB-T-TargetB-21793--TestTargetPostprocessingTaskProducer"]), Task(forTarget: <none>, ruleInfo: ["CreateBuildDirectory", "/private/var/folders/xr/m5_5rlsd6l9fk2w4ngj13k6m0000gn/T/swbuild.tmp.Qwrkh9On/Data.noindex/Test/aProject/build/EagerLinkingTBDs/Debug"]), Task(forTarget: TargetA, ruleInfo: ["WriteAuxiliaryFile", "/private/var/folders/xr/m5_5rlsd6l9fk2w4ngj13k6m0000gn/T/swbuild.tmp.Qwrkh9On/Data.noindex/Test/aProject/build/aProject.build/Debug/TargetA.build/Objects-normal/x86_64/TargetA.SwiftConstValuesFileList"]), Task(forTarget: <none>, ruleInfo: ["Gate", "target-TargetA-T-TargetA-21785--GenerateAppPlaygroundAssetCatalogTaskProducer"]), Task(forTarget: <none>, ruleInfo: ["WriteAuxiliaryFile", "/private/var/folders/xr/m5_5rlsd6l9fk2w4ngj13k6m0000gn/T/swbuild.tmp.Qwrkh9On/Data.noindex/Test/aProject/build/aProject.build/Debug/aProject-P21796-VFS/all-product-headers.yaml"]), Task(forTarget: <none>, ruleInfo: ["Gate", "target-TargetB-T-TargetB-21793--CopySwiftPackageResourcesTaskProducer"]), Task(forTarget: <none>, ruleInfo: ["Gate", "target-TargetB-T-TargetB-21793--Barrier-CopyAside"]), Task(forTarget: TargetA, ruleInfo: ["WriteAuxiliaryFile", "/private/var/folders/xr/m5_5rlsd6l9fk2w4ngj13k6m0000gn/T/swbuild.tmp.Qwrkh9On/Data.noindex/Test/aProject/build/aProject.build/Debug/TargetA.build/TargetA-project-headers.hmap"]), Task(forTarget: TargetB, ruleInfo: ["MkDir", "/private/var/folders/xr/m5_5rlsd6l9fk2w4ngj13k6m0000gn/T/swbuild.tmp.Qwrkh9On/Data.noindex/Test/aProject/build/Debug/TargetB.framework"]), Task(forTarget: TargetA, ruleInfo: ["SymLink", "/private/var/folders/xr/m5_5rlsd6l9fk2w4ngj13k6m0000gn/T/swbuild.tmp.Qwrkh9On/Data.noindex/Test/aProject/build/Debug/TargetA.framework/Modules", "Versions/Current/Modules"]), Task(forTarget: <none>, ruleInfo: ["SwiftExplicitDependencyCompileModuleFromInterface", "x86_64", "/private/var/folders/xr/m5_5rlsd6l9fk2w4ngj13k6m0000gn/T/swbuild.tmp.Qwrkh9On/Data.noindex/Test/aProject/build/SwiftExplicitPrecompiledModules/_StringProcessing-13GX4EAKQZW8B.swiftmodule"]), Task(forTarget: TargetA, ruleInfo: ["RegisterExecutionPolicyException", "/private/var/folders/xr/m5_5rlsd6l9fk2w4ngj13k6m0000gn/T/swbuild.tmp.Qwrkh9On/Data.noindex/Test/aProject/build/Debug/TargetA.framework"]), Task(forTarget: TargetA, ruleInfo: ["Copy", "/private/var/folders/xr/m5_5rlsd6l9fk2w4ngj13k6m0000gn/T/swbuild.tmp.Qwrkh9On/Data.noindex/Test/aProject/build/Debug/TargetA.framework/Versions/A/Modules/TargetA.swiftmodule/Project/x86_64-apple-macos.swiftsourceinfo", "/private/var/folders/xr/m5_5rlsd6l9fk2w4ngj13k6m0000gn/T/swbuild.tmp.Qwrkh9On/Data.noindex/Test/aProject/build/aProject.build/Debug/TargetA.build/Objects-normal/x86_64/TargetA.swiftsourceinfo"]), Task(forTarget: <none>, ruleInfo: ["Gate", "target-TargetB-T-TargetB-21793--copy-headers-completion"]), Task(forTarget: <none>, ruleInfo: ["Gate", "target-TargetB-T-TargetB-21793--TestEntryPointTaskProducerFactory"]), Task(forTarget: TargetA, ruleInfo: ["Gate", "target-TargetA-T-TargetA-21785--immediate"]), Task(forTarget: <none>, ruleInfo: ["Gate", "target-TargetA-T-TargetA-21785--Barrier-RegisterProduct"]), Task(forTarget: <none>, ruleInfo: ["Gate", "target-TargetB-T-TargetB-21793--Barrier-Validate"]), Task(forTarget: TargetB, ruleInfo: ["Copy", "/private/var/folders/xr/m5_5rlsd6l9fk2w4ngj13k6m0000gn/T/swbuild.tmp.Qwrkh9On/Data.noindex/Test/aProject/build/Debug/TargetB.framework/Versions/A/Modules/TargetB.swiftmodule/x86_64-apple-macos.swiftmodule", "/private/var/folders/xr/m5_5rlsd6l9fk2w4ngj13k6m0000gn/T/swbuild.tmp.Qwrkh9On/Data.noindex/Test/aProject/build/aProject.build/Debug/TargetB.build/Objects-normal/x86_64/TargetB.swiftmodule"]), Task(forTarget: TargetB, ruleInfo: ["WriteAuxiliaryFile", "/private/var/folders/xr/m5_5rlsd6l9fk2w4ngj13k6m0000gn/T/swbuild.tmp.Qwrkh9On/Data.noindex/Test/aProject/build/aProject.build/Debug/TargetB.build/TargetB-generated-files.hmap"]), Task(forTarget: TargetA, ruleInfo: ["Gate", "target-TargetA-T-TargetA-21785--begin-compiling"]), Task(forTarget: TargetA, ruleInfo: ["WriteAuxiliaryFile", "/private/var/folders/xr/m5_5rlsd6l9fk2w4ngj13k6m0000gn/T/swbuild.tmp.Qwrkh9On/Data.noindex/Test/aProject/build/aProject.build/Debug/TargetA.build/TargetA.hmap"]), Task(forTarget: TargetA, ruleInfo: ["SwiftEmitModule", "normal", "x86_64", "Emitting module for TargetA"]), Task(forTarget: TargetB, ruleInfo: ["Gate", "target-TargetB-T-TargetB-21793--begin-compiling"]), Task(forTarget: <none>, ruleInfo: ["Gate", "target-TargetB-T-TargetB-21793--SwiftPackageCopyFilesTaskProducer"]), Task(forTarget: <none>, ruleInfo: ["Gate", "target-TargetA-T-TargetA-21785--SanitizerTaskProducer"]), Task(forTarget: TargetA, ruleInfo: ["WriteAuxiliaryFile", "/private/var/folders/xr/m5_5rlsd6l9fk2w4ngj13k6m0000gn/T/swbuild.tmp.Qwrkh9On/Data.noindex/Test/aProject/build/aProject.build/Debug/TargetA.build/TargetA-own-target-headers.hmap"]), Task(forTarget: TargetA, ruleInfo: ["WriteAuxiliaryFile", "/private/var/folders/xr/m5_5rlsd6l9fk2w4ngj13k6m0000gn/T/swbuild.tmp.Qwrkh9On/Data.noindex/Test/aProject/build/aProject.build/Debug/TargetA.build/Objects-normal/x86_64/TargetA.LinkFileList"]), Task(forTarget: TargetA, ruleInfo: ["SwiftCompile", "normal", "x86_64", "Compiling fileA1.swift", "/private/var/folders/xr/m5_5rlsd6l9fk2w4ngj13k6m0000gn/T/swbuild.tmp.Qwrkh9On/Data.noindex/Test/aProject/Sources/fileA1.swift"])]
↳ Occasionally fails in CI due to SwiftExplicitDependencyCompileModuleFromInterface missing from the dependency graph
━ Test swiftEagerCompilationWithExplicitModules() recorded a known issue at SwiftDriverTests.swift:3578:55: Issue recorded
↳ Task Task(forTarget: TargetB, ruleInfo: ["SwiftCompile", "normal", "x86_64", "Compiling fileB1.swift", "/private/var/folders/xr/m5_5rlsd6l9fk2w4ngj13k6m0000gn/T/swbuild.tmp.Qwrkh9On/Data.noindex/Test/aProject/Sources/fileB1.swift"]) does not follow any tasks matching [Rule matches [SWBTestSupport.StringPattern.equal("SwiftExplicitDependencyGeneratePcm"), SWBTestSupport.StringPattern.equal("normal"), SWBTestSupport.StringPattern.equal("x86_64"), SWBTestSupport.StringPattern.contains("_SwiftConcurrencyShims-")]]. Found: [] in [Task(forTarget: TargetA, ruleInfo: ["Ld", "/private/var/folders/xr/m5_5rlsd6l9fk2w4ngj13k6m0000gn/T/swbuild.tmp.Qwrkh9On/Data.noindex/Test/aProject/build/Debug/TargetA.framework/Versions/A/TargetA", "normal"]), Task(forTarget: <none>, ruleInfo: ["Gate", "target-TargetA-T-TargetA-21785--Barrier-RegisterExecutionPolicyException"]), Task(forTarget: TargetA, ruleInfo: ["MkDir", "/private/var/folders/xr/m5_5rlsd6l9fk2w4ngj13k6m0000gn/T/swbuild.tmp.Qwrkh9On/Data.noindex/Test/aProject/build/Debug/TargetA.framework/Versions"]), Task(forTarget: TargetA, ruleInfo: ["SymLink", "/private/var/folders/xr/m5_5rlsd6l9fk2w4ngj13k6m0000gn/T/swbuild.tmp.Qwrkh9On/Data.noindex/Test/aProject/build/EagerLinkingTBDs/Debug/TargetA.framework/TargetA.tbd", "/private/var/folders/xr/m5_5rlsd6l9fk2w4ngj13k6m0000gn/T/swbuild.tmp.Qwrkh9On/Data.noindex/Test/aProject/build/EagerLinkingTBDs/Debug/TargetA.framework/Versions/A/TargetA.tbd"]), Task(forTarget: <none>, ruleInfo: ["Gate", "target-TargetB-T-TargetB-21793--GeneratedFilesTaskProducer"]), Task(forTarget: TargetA, ruleInfo: ["ExtractAppIntentsMetadata"]), Task(forTarget: TargetB, ruleInfo: ["MkDir", "/private/var/folders/xr/m5_5rlsd6l9fk2w4ngj13k6m0000gn/T/swbuild.tmp.Qwrkh9On/Data.noindex/Test/aProject/build/Debug/TargetB.framework/Versions/A/Headers"]), Task(forTarget: <none>, ruleInfo: ["Gate", "target-TargetA-T-TargetA-21785--Barrier-StripSymbols"]), Task(forTarget: TargetB, ruleInfo: ["SwiftDriver Compilation", "TargetB", "normal", "x86_64", "com.apple.xcode.tools.swift.compiler"]), Task(forTarget: TargetB, ruleInfo: ["WriteAuxiliaryFile", "/private/var/folders/xr/m5_5rlsd6l9fk2w4ngj13k6m0000gn/T/swbuild.tmp.Qwrkh9On/Data.noindex/Test/aProject/build/aProject.build/Debug/TargetB.build/Objects-normal/x86_64/TargetB.SwiftConstValuesFileList"]), Task(forTarget: <none>, ruleInfo: ["Gate", "target-TargetB-T-TargetB-21793--TAPISymbolExtractorTaskProducer"]), Task(forTarget: <none>, ruleInfo: ["Gate", "target-TargetB-T-TargetB-21793--swift-generated-headers"]), Task(forTarget: <none>, ruleInfo: ["Gate", "target-TargetB-T-TargetB-21793--ProductPostprocessingTaskProducer"]), Task(forTarget: <none>, ruleInfo: ["Gate", "target-TargetB-T-TargetB-21793--RealityAssetsTaskProducer"]), Task(forTarget: <none>, ruleInfo: ["Gate", "target-TargetA-T-TargetA-21785--Barrier-CopyAside"]), Task(forTarget: <none>, ruleInfo: ["SwiftExplicitDependencyGeneratePcm", "x86_64", "/private/var/folders/xr/m5_5rlsd6l9fk2w4ngj13k6m0000gn/T/swbuild.tmp.Qwrkh9On/Data.noindex/Test/aProject/build/SwiftExplicitPrecompiledModules/SwiftShims-E7NR5GGR9Z7GY7PSRPSK1C6L1.pcm"]), Task(forTarget: TargetA, ruleInfo: ["Copy", "/private/var/folders/xr/m5_5rlsd6l9fk2w4ngj13k6m0000gn/T/swbuild.tmp.Qwrkh9On/Data.noindex/Test/aProject/build/Debug/TargetA.framework/Versions/A/Modules/TargetA.swiftmodule/x86_64-apple-macos.swiftdoc", "/private/var/folders/xr/m5_5rlsd6l9fk2w4ngj13k6m0000gn/T/swbuild.tmp.Qwrkh9On/Data.noindex/Test/aProject/build/aProject.build/Debug/TargetA.build/Objects-normal/x86_64/TargetA.swiftdoc"]), Task(forTarget: TargetB, ruleInfo: ["Gate", "target-TargetB-T-TargetB-21793--begin-scanning"]), Task(forTarget: <none>, ruleInfo: ["Gate", "target-TargetB-T-TargetB-21793--ModuleVerifierTaskProducer"]), Task(forTarget: TargetA, ruleInfo: ["SymLink", "/private/var/folders/xr/m5_5rlsd6l9fk2w4ngj13k6m0000gn/T/swbuild.tmp.Qwrkh9On/Data.noindex/Test/aProject/build/Debug/TargetA.framework/Headers", "Versions/Current/Headers"]), Task(forTarget: TargetB, ruleInfo: ["SwiftCompile", "normal", "x86_64", "Compiling fileB2.swift", "/private/var/folders/xr/m5_5rlsd6l9fk2w4ngj13k6m0000gn/T/swbuild.tmp.Qwrkh9On/Data.noindex/Test/aProject/Sources/fileB2.swift"]), Task(forTarget: TargetB, ruleInfo: ["Gate", "target-TargetB-T-TargetB-21793--linker-inputs-ready"]), Task(forTarget: <none>, ruleInfo: ["Gate", "target-TargetA-T-TargetA-21785--Barrier-ChangePermissions"]), Task(forTarget: TargetA, ruleInfo: ["WriteAuxiliaryFile", "/private/var/folders/xr/m5_5rlsd6l9fk2w4ngj13k6m0000gn/T/swbuild.tmp.Qwrkh9On/Data.noindex/Test/aProject/build/aProject.build/Debug/TargetA.build/TargetA-all-target-headers.hmap"]), Task(forTarget: TargetA, ruleInfo: ["SwiftDriver Compilation Requirements", "TargetA", "normal", "x86_64", "com.apple.xcode.tools.swift.compiler"]), Task(forTarget: TargetA, ruleInfo: ["WriteAuxiliaryFile", "/private/var/folders/xr/m5_5rlsd6l9fk2w4ngj13k6m0000gn/T/swbuild.tmp.Qwrkh9On/Data.noindex/Test/aProject/build/aProject.build/Debug/TargetA.build/Objects-normal/x86_64/TargetA_const_extract_protocols.json"]), Task(forTarget: TargetA, ruleInfo: ["Gate", "target-TargetA-T-TargetA-21785--entry"]), Task(forTarget: TargetA, ruleInfo: ["WriteAuxiliaryFile", "/private/var/folders/xr/m5_5rlsd6l9fk2w4ngj13k6m0000gn/T/swbuild.tmp.Qwrkh9On/Data.noindex/Test/aProject/build/aProject.build/Debug/TargetA.build/TargetA.DependencyMetadataFileList"]), Task(forTarget: TargetA, ruleInfo: ["Copy", "/private/var/folders/xr/m5_5rlsd6l9fk2w4ngj13k6m0000gn/T/swbuild.tmp.Qwrkh9On/Data.noindex/Test/aProject/build/Debug/TargetA.framework/Versions/A/Modules/TargetA.swiftmodule/x86_64-apple-macos.swiftmodule", "/private/var/folders/xr/m5_5rlsd6l9fk2w4ngj13k6m0000gn/T/swbuild.tmp.Qwrkh9On/Data.noindex/Test/aProject/build/aProject.build/Debug/TargetA.build/Objects-normal/x86_64/TargetA.swiftmodule"]), Task(forTarget: <none>, ruleInfo: ["Gate", "target-TargetB-T-TargetB-21793--Barrier-RegisterProduct"]), Task(forTarget: TargetB, ruleInfo: ["SwiftDriver Compilation Requirements", "TargetB", "normal", "x86_64", "com.apple.xcode.tools.swift.compiler"]), Task(forTarget: <none>, ruleInfo: ["Gate", "target-TargetB-T-TargetB-21793--StubBinaryTaskProducer"]), Task(forTarget: TargetB, ruleInfo: ["Gate", "target-TargetB-T-TargetB-21793--entry"]), Task(forTarget: <none>, ruleInfo: ["SwiftExplicitDependencyCompileModuleFromInterface", "x86_64", "/private/var/folders/xr/m5_5rlsd6l9fk2w4ngj13k6m0000gn/T/swbuild.tmp.Qwrkh9On/Data.noindex/Test/aProject/build/SwiftExplicitPrecompiledModules/Swift-1039YR9EBE61.swiftmodule"]), Task(forTarget: <none>, ruleInfo: ["Gate", "target-TargetB-T-TargetB-21793--GenerateAppPlaygroundAssetCatalogTaskProducer"]), Task(forTarget: TargetB, ruleInfo: ["Gate", "target-TargetB-T-TargetB-21793--begin-linking"]), Task(forTarget: TargetA, ruleInfo: ["WriteAuxiliaryFile", "/private/var/folders/xr/m5_5rlsd6l9fk2w4ngj13k6m0000gn/T/swbuild.tmp.Qwrkh9On/Data.noindex/Test/aProject/build/aProject.build/Debug/TargetA.build/Objects-normal/x86_64/TargetA-OutputFileMap.json"]), Task(forTarget: TargetB, ruleInfo: ["WriteAuxiliaryFile", "/private/var/folders/xr/m5_5rlsd6l9fk2w4ngj13k6m0000gn/T/swbuild.tmp.Qwrkh9On/Data.noindex/Test/aProject/build/aProject.build/Debug/TargetB.build/TargetB.DependencyMetadataFileList"]), Task(forTarget: TargetB, ruleInfo: ["WriteAuxiliaryFile", "/private/var/folders/xr/m5_5rlsd6l9fk2w4ngj13k6m0000gn/T/swbuild.tmp.Qwrkh9On/Data.noindex/Test/aProject/build/aProject.build/Debug/TargetB.build/TargetB.hmap"]), Task(forTarget: <none>, ruleInfo: ["CreateBuildDirectory", "/private/var/folders/xr/m5_5rlsd6l9fk2w4ngj13k6m0000gn/T/swbuild.tmp.Qwrkh9On/Data.noindex/Test/aProject/build/SharedPrecompiledHeaders"]), Task(forTarget: TargetA, ruleInfo: ["Gate", "target-TargetA-T-TargetA-21785--unsigned-product-ready"]), Task(forTarget: TargetA, ruleInfo: ["Gate", "target-TargetA-T-TargetA-21785--will-sign"]), Task(forTarget: TargetB, ruleInfo: ["Copy", "/private/var/folders/xr/m5_5rlsd6l9fk2w4ngj13k6m0000gn/T/swbuild.tmp.Qwrkh9On/Data.noindex/Test/aProject/build/Debug/TargetB.framework/Versions/A/Modules/TargetB.swiftmodule/Project/x86_64-apple-macos.swiftsourceinfo", "/private/var/folders/xr/m5_5rlsd6l9fk2w4ngj13k6m0000gn/T/swbuild.tmp.Qwrkh9On/Data.noindex/Test/aProject/build/aProject.build/Debug/TargetB.build/Objects-normal/x86_64/TargetB.swiftsourceinfo"]), Task(forTarget: TargetA, ruleInfo: ["WriteAuxiliaryFile", "/private/var/folders/xr/m5_5rlsd6l9fk2w4ngj13k6m0000gn/T/swbuild.tmp.Qwrkh9On/Data.noindex/Test/aProject/build/aProject.build/Debug/TargetA.build/TargetA-generated-files.hmap"]), Task(forTarget: TargetA, ruleInfo: ["Gate", "target-TargetA-T-TargetA-21785--linker-inputs-ready"]), Task(forTarget: <none>, ruleInfo: ["Gate", "target-TargetB-T-TargetB-21793--Barrier-GenerateStubAPI"]), Task(forTarget: <none>, ruleInfo: ["Gate", "target-TargetA-T-TargetA-21785--ModuleVerifierTaskProducer"]), Task(forTarget: <none>, ruleInfo: ["Gate", "target-TargetB-T-TargetB-21793--SwiftFrameworkABICheckerTaskProducer"]), Task(forTarget: TargetB, ruleInfo: ["Gate", "target-TargetB-T-TargetB-21793--end"]), Task(forTarget: TargetB, ruleInfo: ["WriteAuxiliaryFile", "/private/var/folders/xr/m5_5rlsd6l9fk2w4ngj13k6m0000gn/T/swbuild.tmp.Qwrkh9On/Data.noindex/Test/aProject/build/aProject.build/Debug/TargetB.build/TargetB-all-target-headers.hmap"]), Task(forTarget: <none>, ruleInfo: ["SwiftExplicitDependencyGeneratePcm", "x86_64", "/private/var/folders/xr/m5_5rlsd6l9fk2w4ngj13k6m0000gn/T/swbuild.tmp.Qwrkh9On/Data.noindex/Test/aProject/build/SwiftExplicitPrecompiledModules/_SwiftConcurrencyShims-BUR8XM1R06AS02RWV63HPG1KR.pcm"]), Task(forTarget: <none>, ruleInfo: ["Gate", "target-TargetB-T-TargetB-21793--Barrier-ChangePermissions"]), Task(forTarget: <none>, ruleInfo: ["Gate", "target-TargetB-T-TargetB-21793--Barrier-CodeSign"]), Task(forTarget: TargetB, ruleInfo: ["Touch", "/private/var/folders/xr/m5_5rlsd6l9fk2w4ngj13k6m0000gn/T/swbuild.tmp.Qwrkh9On/Data.noindex/Test/aProject/build/Debug/TargetB.framework"]), Task(forTarget: <none>, ruleInfo: ["Gate", "target-TargetB-T-TargetB-21793--Barrier-StripSymbols"]), Task(forTarget: TargetB, ruleInfo: ["WriteAuxiliaryFile", "/private/var/folders/xr/m5_5rlsd6l9fk2w4ngj13k6m0000gn/T/swbuild.tmp.Qwrkh9On/Data.noindex/Test/aProject/build/aProject.build/Debug/TargetB.build/Objects-normal/x86_64/TargetB-OutputFileMap.json"]), Task(forTarget: TargetB, ruleInfo: ["GenerateTAPI", "/private/var/folders/xr/m5_5rlsd6l9fk2w4ngj13k6m0000gn/T/swbuild.tmp.Qwrkh9On/Data.noindex/Test/aProject/build/EagerLinkingTBDs/Debug/TargetB.framework/Versions/A/TargetB.tbd"]), Task(forTarget: TargetB, ruleInfo: ["SwiftEmitModule", "normal", "x86_64", "Emitting module for TargetB"]), Task(forTarget: TargetB, ruleInfo: ["MkDir", "/private/var/folders/xr/m5_5rlsd6l9fk2w4ngj13k6m0000gn/T/swbuild.tmp.Qwrkh9On/Data.noindex/Test/aProject/build/Debug/TargetB.framework/Versions"]), Task(forTarget: TargetA, ruleInfo: ["WriteAuxiliaryFile", "/private/var/folders/xr/m5_5rlsd6l9fk2w4ngj13k6m0000gn/T/swbuild.tmp.Qwrkh9On/Data.noindex/Test/aProject/build/aProject.build/Debug/TargetA.build/Objects-normal/x86_64/TargetA.SwiftFileList"]), Task(forTarget: TargetB, ruleInfo: ["ExtractAppIntentsMetadata"]), Task(forTarget: <none>, ruleInfo: ["Gate", "target-TargetB-T-TargetB-21793--ProductStructureTaskProducer"]), Task(forTarget: <none>, ruleInfo: ["Gate", "target-TargetB-T-TargetB-21793--HeadermapTaskProducer"]), Task(forTarget: <none>, ruleInfo: ["CreateBuildDirectory", "/private/var/folders/xr/m5_5rlsd6l9fk2w4ngj13k6m0000gn/T/swbuild.tmp.Qwrkh9On/Data.noindex/Test/aProject/build/Debug"]), Task(forTarget: TargetA, ruleInfo: ["WriteAuxiliaryFile", "/private/var/folders/xr/m5_5rlsd6l9fk2w4ngj13k6m0000gn/T/swbuild.tmp.Qwrkh9On/Data.noindex/Test/aProject/build/aProject.build/Debug/TargetA.build/TargetA.DependencyStaticMetadataFileList"]), Task(forTarget: <none>, ruleInfo: ["Gate", "target-TargetB-T-TargetB-21793--ExtensionPointExtractorTaskProducer"]), Task(forTarget: <none>, ruleInfo: ["Gate", "target-TargetB-T-TargetB-21793--SwiftStandardLibrariesTaskProducer"]), Task(forTarget: TargetA, ruleInfo: ["Copy", "/private/var/folders/xr/m5_5rlsd6l9fk2w4ngj13k6m0000gn/T/swbuild.tmp.Qwrkh9On/Data.noindex/Test/aProject/build/Debug/TargetA.framework/Versions/A/Modules/TargetA.swiftmodule/x86_64-apple-macos.abi.json", "/private/var/folders/xr/m5_5rlsd6l9fk2w4ngj13k6m0000gn/T/swbuild.tmp.Qwrkh9On/Data.noindex/Test/aProject/build/aProject.build/Debug/TargetA.build/Objects-normal/x86_64/TargetA.abi.json"]), Task(forTarget: <none>, ruleInfo: ["CreateBuildDirectory", "/private/var/folders/xr/m5_5rlsd6l9fk2w4ngj13k6m0000gn/T/swbuild.tmp.Qwrkh9On/Data.noindex/Test/aProject/build/ExplicitPrecompiledModules"]), Task(forTarget: TargetB, ruleInfo: ["Gate", "target-TargetB-T-TargetB-21793--immediate"]), Task(forTarget: <none>, ruleInfo: ["Gate", "target-TargetA-T-TargetA-21785--AppExtensionInfoPlistGeneratorTaskProducer"]), Task(forTarget: TargetB, ruleInfo: ["SymLink", "/private/var/folders/xr/m5_5rlsd6l9fk2w4ngj13k6m0000gn/T/swbuild.tmp.Qwrkh9On/Data.noindex/Test/aProject/build/Debug/TargetB.framework/Modules", "Versions/Current/Modules"]), Task(forTarget: <none>, ruleInfo: ["Gate", "target-TargetA-T-TargetA-21785--swift-generated-headers"]), Task(forTarget: <none>, ruleInfo: ["Gate", "target-TargetB-T-TargetB-21793--InfoPlistTaskProducer"]), Task(forTarget: <none>, ruleInfo: ["Gate", "target-TargetB-T-TargetB-21793--AppExtensionInfoPlistGeneratorTaskProducer"]), Task(forTarget: TargetB, ruleInfo: ["SwiftDriver", "TargetB", "normal", "x86_64", "com.apple.xcode.tools.swift.compiler"]), Task(forTarget: <none>, ruleInfo: ["Gate", "target-TargetA-T-TargetA-21785--CopySwiftPackageResourcesTaskProducer"]), Task(forTarget: <none>, ruleInfo: ["Gate", "target-TargetA-T-TargetA-21785--ProductStructureTaskProducer"]), Task(forTarget: TargetA, ruleInfo: ["SymLink", "/private/var/folders/xr/m5_5rlsd6l9fk2w4ngj13k6m0000gn/T/swbuild.tmp.Qwrkh9On/Data.noindex/Test/aProject/build/Debug/TargetA.framework/Versions/Current", "A"]), Task(forTarget: TargetA, ruleInfo: ["SwiftMergeGeneratedHeaders", "/private/var/folders/xr/m5_5rlsd6l9fk2w4ngj13k6m0000gn/T/swbuild.tmp.Qwrkh9On/Data.noindex/Test/aProject/build/Debug/TargetA.framework/Versions/A/Headers/TargetA-Swift.h", "/private/var/folders/xr/m5_5rlsd6l9fk2w4ngj13k6m0000gn/T/swbuild.tmp.Qwrkh9On/Data.noindex/Test/aProject/build/aProject.build/Debug/TargetA.build/Objects-normal/x86_64/TargetA-Swift.h"]), Task(forTarget: <none>, ruleInfo: ["Gate", "target-TargetA-T-TargetA-21785--ProductPostprocessingTaskProducer"]), Task(forTarget: TargetB, ruleInfo: ["Copy", "/private/var/folders/xr/m5_5rlsd6l9fk2w4ngj13k6m0000gn/T/swbuild.tmp.Qwrkh9On/Data.noindex/Test/aProject/build/Debug/TargetB.framework/Versions/A/Modules/TargetB.swiftmodule/x86_64-apple-macos.swiftdoc", "/private/var/folders/xr/m5_5rlsd6l9fk2w4ngj13k6m0000gn/T/swbuild.tmp.Qwrkh9On/Data.noindex/Test/aProject/build/aProject.build/Debug/TargetB.build/Objects-normal/x86_64/TargetB.swiftdoc"]), Task(forTarget: <none>, ruleInfo: ["Gate", "target-TargetA-T-TargetA-21785--DocumentationTaskProducer"]), Task(forTarget: TargetB, ruleInfo: ["SymLink", "/private/var/folders/xr/m5_5rlsd6l9fk2w4ngj13k6m0000gn/T/swbuild.tmp.Qwrkh9On/Data.noindex/Test/aProject/build/Debug/TargetB.framework/Versions/Current", "A"]), Task(forTarget: <none>, ruleInfo: ["Gate", "target-TargetA-T-TargetA-21785--InfoPlistTaskProducer"]), Task(forTarget: <none>, ruleInfo: ["CreateBuildDirectory", "/private/var/folders/xr/m5_5rlsd6l9fk2w4ngj13k6m0000gn/T/swbuild.tmp.Qwrkh9On/Data.noindex/Test/aProject/build"]), Task(forTarget: <none>, ruleInfo: ["Gate", "target-TargetA-T-TargetA-21785--SwiftABIBaselineGenerationTaskProducer"]), Task(forTarget: TargetA, ruleInfo: ["SwiftDriver Compilation", "TargetA", "normal", "x86_64", "com.apple.xcode.tools.swift.compiler"]), Task(forTarget: TargetB, ruleInfo: ["SwiftMergeGeneratedHeaders", "/private/var/folders/xr/m5_5rlsd6l9fk2w4ngj13k6m0000gn/T/swbuild.tmp.Qwrkh9On/Data.noindex/Test/aProject/build/Debug/TargetB.framework/Versions/A/Headers/TargetB-Swift.h", "/private/var/folders/xr/m5_5rlsd6l9fk2w4ngj13k6m0000gn/T/swbuild.tmp.Qwrkh9On/Data.noindex/Test/aProject/build/aProject.build/Debug/TargetB.build/Objects-normal/x86_64/TargetB-Swift.h"]), Task(forTarget: TargetB, ruleInfo: ["Ld", "/private/var/folders/xr/m5_5rlsd6l9fk2w4ngj13k6m0000gn/T/swbuild.tmp.Qwrkh9On/Data.noindex/Test/aProject/build/Debug/TargetB.framework/Versions/A/TargetB", "normal"]), Task(forTarget: TargetB, ruleInfo: ["WriteAuxiliaryFile", "/private/var/folders/xr/m5_5rlsd6l9fk2w4ngj13k6m0000gn/T/swbuild.tmp.Qwrkh9On/Data.noindex/Test/aProject/build/aProject.build/Debug/TargetB.build/TargetB-all-non-framework-target-headers.hmap"]), Task(forTarget: <none>, ruleInfo: ["Gate", "target-TargetA-T-TargetA-21785--TAPISymbolExtractorTaskProducer"]), Task(forTarget: <none>, ruleInfo: ["SwiftExplicitDependencyCompileModuleFromInterface", "x86_64", "/private/var/folders/xr/m5_5rlsd6l9fk2w4ngj13k6m0000gn/T/swbuild.tmp.Qwrkh9On/Data.noindex/Test/aProject/build/SwiftExplicitPrecompiledModules/_Concurrency-2W8LU3DF58RLX.swiftmodule"]), Task(forTarget: <none>, ruleInfo: ["Gate", "target-TargetB-T-TargetB-21793--Barrier-ChangeAlternatePermissions"]), Task(forTarget: <none>, ruleInfo: ["Gate", "target-TargetA-T-TargetA-21785--SwiftPackageCopyFilesTaskProducer"]), Task(forTarget: <none>, ruleInfo: ["Gate", "target-TargetA-T-TargetA-21785--copy-headers-completion"]), Task(forTarget: <none>, ruleInfo: ["Gate", "WorkspaceHeaderMapVFSFilesWritten"]), Task(forTarget: TargetA, ruleInfo: ["Gate", "target-TargetA-T-TargetA-21785--modules-ready"]), Task(forTarget: <none>, ruleInfo: ["Gate", "target-TargetB-T-TargetB-21793--SanitizerTaskProducer"]), Task(forTarget: <none>, ruleInfo: ["Gate", "target-TargetA-T-TargetA-21785--Barrier-ChangeAlternatePermissions"]), Task(forTarget: TargetB, ruleInfo: ["SymLink", "/private/var/folders/xr/m5_5rlsd6l9fk2w4ngj13k6m0000gn/T/swbuild.tmp.Qwrkh9On/Data.noindex/Test/aProject/build/Debug/TargetB.framework/Headers", "Versions/Current/Headers"]), Task(forTarget: <none>, ruleInfo: ["CreateBuildDirectory", "/var/folders/xr/m5_5rlsd6l9fk2w4ngj13k6m0000gn/C/com.apple.DeveloperTools/26.4.1-17E202/Xcode/CompilationCache.noindex"]), Task(forTarget: <none>, ruleInfo: ["Gate", "target-TargetA-T-TargetA-21785--CustomTaskProducer"]), Task(forTarget: <none>, ruleInfo: ["Gate", "target-TargetA-T-TargetA-21785--AppIntentsMetadataTaskProducer"]), Task(forTarget: TargetB, ruleInfo: ["Copy", "/private/var/folders/xr/m5_5rlsd6l9fk2w4ngj13k6m0000gn/T/swbuild.tmp.Qwrkh9On/Data.noindex/Test/aProject/build/Debug/TargetB.framework/Versions/A/Modules/TargetB.swiftmodule/x86_64-apple-macos.abi.json", "/private/var/folders/xr/m5_5rlsd6l9fk2w4ngj13k6m0000gn/T/swbuild.tmp.Qwrkh9On/Data.noindex/Test/aProject/build/aProject.build/Debug/TargetB.build/Objects-normal/x86_64/TargetB.abi.json"]), Task(forTarget: <none>, ruleInfo: ["Gate", "target-TargetA-T-TargetA-21785--TestHostTaskProducer"]), Task(forTarget: TargetB, ruleInfo: ["WriteAuxiliaryFile", "/private/var/folders/xr/m5_5rlsd6l9fk2w4ngj13k6m0000gn/T/swbuild.tmp.Qwrkh9On/Data.noindex/Test/aProject/build/aProject.build/Debug/TargetB.build/Objects-normal/x86_64/TargetB.LinkFileList"]), Task(forTarget: <none>, ruleInfo: ["Gate", "target-TargetA-T-TargetA-21785--TestTargetPostprocessingTaskProducer"]), Task(forTarget: <none>, ruleInfo: ["Gate", "target-TargetA-T-TargetA-21785--Barrier-GenerateStubAPI"]), Task(forTarget: TargetB, ruleInfo: ["Gate", "target-TargetB-T-TargetB-21793--will-sign"]), Task(forTarget: <none>, ruleInfo: ["Gate", "target-TargetA-T-TargetA-21785--generated-headers"]), Task(forTarget: <none>, ruleInfo: ["Gate", "target-TargetB-T-TargetB-21793--Barrier-RegisterExecutionPolicyException"]), Task(forTarget: TargetB, ruleInfo: ["SymLink", "/private/var/folders/xr/m5_5rlsd6l9fk2w4ngj13k6m0000gn/T/swbuild.tmp.Qwrkh9On/Data.noindex/Test/aProject/build/EagerLinkingTBDs/Debug/TargetB.framework/TargetB.tbd", "/private/var/folders/xr/m5_5rlsd6l9fk2w4ngj13k6m0000gn/T/swbuild.tmp.Qwrkh9On/Data.noindex/Test/aProject/build/EagerLinkingTBDs/Debug/TargetB.framework/Versions/A/TargetB.tbd"]), Task(forTarget: TargetB, ruleInfo: ["WriteAuxiliaryFile", "/private/var/folders/xr/m5_5rlsd6l9fk2w4ngj13k6m0000gn/T/swbuild.tmp.Qwrkh9On/Data.noindex/Test/aProject/build/aProject.build/Debug/TargetB.build/TargetB-own-target-headers.hmap"]), Task(forTarget: TargetB, ruleInfo: ["WriteAuxiliaryFile", "/private/var/folders/xr/m5_5rlsd6l9fk2w4ngj13k6m0000gn/T/swbuild.tmp.Qwrkh9On/Data.noindex/Test/aProject/build/aProject.build/Debug/TargetB.build/TargetB-project-headers.hmap"]), Task(forTarget: <none>, ruleInfo: ["Gate", "target-TargetB-T-TargetB-21793--DocumentationTaskProducer"]), Task(forTarget: <none>, ruleInfo: ["Gate", "target-TargetA-T-TargetA-21785--TestEntryPointTaskProducerFactory"]), Task(forTarget: <none>, ruleInfo: ["Gate", "target-TargetA-T-TargetA-21785--TestTargetTaskProducer"]), Task(forTarget: TargetA, ruleInfo: ["Touch", "/private/var/folders/xr/m5_5rlsd6l9fk2w4ngj13k6m0000gn/T/swbuild.tmp.Qwrkh9On/Data.noindex/Test/aProject/build/Debug/TargetA.framework"]), Task(forTarget: <none>, ruleInfo: ["Gate", "target-TargetA-T-TargetA-21785--HeadermapTaskProducer"]), Task(forTarget: <none>, ruleInfo: ["Gate", "target-TargetB-T-TargetB-21793--fused-phase0-compile-sources&link-binary"]), Task(forTarget: TargetB, ruleInfo: ["WriteAuxiliaryFile", "/private/var/folders/xr/m5_5rlsd6l9fk2w4ngj13k6m0000gn/T/swbuild.tmp.Qwrkh9On/Data.noindex/Test/aProject/build/aProject.build/Debug/TargetB.build/TargetB.DependencyStaticMetadataFileList"]), Task(forTarget: <none>, ruleInfo: ["Gate", "target-TargetB-T-TargetB-21793--TestTargetTaskProducer"]), Task(forTarget: <none>, ruleInfo: ["Gate", "target-TargetA-T-TargetA-21785--RealityAssetsTaskProducer"]), Task(forTarget: <none>, ruleInfo: ["Gate", "target-TargetB-T-TargetB-21793--CustomTaskProducer"]), Task(forTarget: TargetB, ruleInfo: ["RegisterExecutionPolicyException", "/private/var/folders/xr/m5_5rlsd6l9fk2w4ngj13k6m0000gn/T/swbuild.tmp.Qwrkh9On/Data.noindex/Test/aProject/build/Debug/TargetB.framework"]), Task(forTarget: TargetA, ruleInfo: ["WriteAuxiliaryFile", "/private/var/folders/xr/m5_5rlsd6l9fk2w4ngj13k6m0000gn/T/swbuild.tmp.Qwrkh9On/Data.noindex/Test/aProject/build/aProject.build/Debug/TargetA.build/TargetA-all-non-framework-target-headers.hmap"]), Task(forTarget: TargetB, ruleInfo: ["SwiftCompile", "normal", "x86_64", "Compiling fileB1.swift", "/private/var/folders/xr/m5_5rlsd6l9fk2w4ngj13k6m0000gn/T/swbuild.tmp.Qwrkh9On/Data.noindex/Test/aProject/Sources/fileB1.swift"]), Task(forTarget: <none>, ruleInfo: ["Gate", "target-TargetA-T-TargetA-21785--Barrier-CodeSign"]), Task(forTarget: <none>, ruleInfo: ["Gate", "target-TargetB-T-TargetB-21793--AppIntentsMetadataTaskProducer"]), Task(forTarget: TargetB, ruleInfo: ["Gate", "target-TargetB-T-TargetB-21793--unsigned-product-ready"]), Task(forTarget: TargetA, ruleInfo: ["SwiftDriver", "TargetA", "normal", "x86_64", "com.apple.xcode.tools.swift.compiler"]), Task(forTarget: TargetA, ruleInfo: ["Gate", "target-TargetA-T-TargetA-21785--end"]), Task(forTarget: TargetA, ruleInfo: ["Gate", "target-TargetA-T-TargetA-21785--begin-scanning"]), Task(forTarget: TargetB, ruleInfo: ["WriteAuxiliaryFile", "/private/var/folders/xr/m5_5rlsd6l9fk2w4ngj13k6m0000gn/T/swbuild.tmp.Qwrkh9On/Data.noindex/Test/aProject/build/aProject.build/Debug/TargetB.build/Objects-normal/x86_64/TargetB_const_extract_protocols.json"]), Task(forTarget: <none>, ruleInfo: ["Gate", "target-TargetA-T-TargetA-21785--StubBinaryTaskProducer"]), Task(forTarget: TargetB, ruleInfo: ["MkDir", "/private/var/folders/xr/m5_5rlsd6l9fk2w4ngj13k6m0000gn/T/swbuild.tmp.Qwrkh9On/Data.noindex/Test/aProject/build/Debug/TargetB.framework/Versions/A"]), Task(forTarget: TargetA, ruleInfo: ["SwiftCompile", "normal", "x86_64", "Compiling fileA2.swift", "/private/var/folders/xr/m5_5rlsd6l9fk2w4ngj13k6m0000gn/T/swbuild.tmp.Qwrkh9On/Data.noindex/Test/aProject/Sources/fileA2.swift"]), Task(forTarget: <none>, ruleInfo: ["Gate", "target-TargetA-T-TargetA-21785--fused-phase0-compile-sources"]), Task(forTarget: <none>, ruleInfo: ["Gate", "target-TargetA-T-TargetA-21785--ModuleMapTaskProducer"]), Task(forTarget: <none>, ruleInfo: ["Gate", "target-TargetA-T-TargetA-21785--GeneratedFilesTaskProducer"]), Task(forTarget: <none>, ruleInfo: ["Gate", "target-TargetA-T-TargetA-21785--SwiftStandardLibrariesTaskProducer"]), Task(forTarget: TargetA, ruleInfo: ["GenerateTAPI", "/private/var/folders/xr/m5_5rlsd6l9fk2w4ngj13k6m0000gn/T/swbuild.tmp.Qwrkh9On/Data.noindex/Test/aProject/build/EagerLinkingTBDs/Debug/TargetA.framework/Versions/A/TargetA.tbd"]), Task(forTarget: <none>, ruleInfo: ["Gate", "target-TargetA-T-TargetA-21785--Barrier-Validate"]), Task(forTarget: TargetB, ruleInfo: ["WriteAuxiliaryFile", "/private/var/folders/xr/m5_5rlsd6l9fk2w4ngj13k6m0000gn/T/swbuild.tmp.Qwrkh9On/Data.noindex/Test/aProject/build/aProject.build/Debug/TargetB.build/Objects-normal/x86_64/TargetB.SwiftFileList"]), Task(forTarget: TargetA, ruleInfo: ["MkDir", "/private/var/folders/xr/m5_5rlsd6l9fk2w4ngj13k6m0000gn/T/swbuild.tmp.Qwrkh9On/Data.noindex/Test/aProject/build/Debug/TargetA.framework"]), Task(forTarget: <none>, ruleInfo: ["Gate", "target-TargetA-T-TargetA-21785--ExtensionPointExtractorTaskProducer"]), Task(forTarget: TargetA, ruleInfo: ["SymLink", "/private/var/folders/xr/m5_5rlsd6l9fk2w4ngj13k6m0000gn/T/swbuild.tmp.Qwrkh9On/Data.noindex/Test/aProject/build/Debug/TargetA.framework/TargetA", "Versions/Current/TargetA"]), Task(forTarget: TargetA, ruleInfo: ["MkDir", "/private/var/folders/xr/m5_5rlsd6l9fk2w4ngj13k6m0000gn/T/swbuild.tmp.Qwrkh9On/Data.noindex/Test/aProject/build/Debug/TargetA.framework/Versions/A"]), Task(forTarget: <none>, ruleInfo: ["Gate", "target-TargetB-T-TargetB-21793--generated-headers"]), Task(forTarget: <none>, ruleInfo: ["Gate", "target-TargetA-T-TargetA-21785--SwiftFrameworkABICheckerTaskProducer"]), Task(forTarget: TargetB, ruleInfo: ["Gate", "target-TargetB-T-TargetB-21793--modules-ready"]), Task(forTarget: <none>, ruleInfo: ["ClangStatCache", "/Applications/Xcode17E.app/Contents/Developer/Toolchains/XcodeDefault.xctoolchain/usr/bin/clang-stat-cache", "/Applications/Xcode17E.app/Contents/Developer/Platforms/MacOSX.platform/Developer/SDKs/MacOSX26.4.sdk", "/private/var/folders/xr/m5_5rlsd6l9fk2w4ngj13k6m0000gn/T/swbuild.tmp.Qwrkh9On/Data.noindex/Test/SDKStatCaches.noindex/macosx26.4-25E260-95aa6cf8f3effd57bda17e0c125410c0.sdkstatcache"]), Task(forTarget: TargetB, ruleInfo: ["SymLink", "/private/var/folders/xr/m5_5rlsd6l9fk2w4ngj13k6m0000gn/T/swbuild.tmp.Qwrkh9On/Data.noindex/Test/aProject/build/Debug/TargetB.framework/TargetB", "Versions/Current/TargetB"]), Task(forTarget: TargetA, ruleInfo: ["MkDir", "/private/var/folders/xr/m5_5rlsd6l9fk2w4ngj13k6m0000gn/T/swbuild.tmp.Qwrkh9On/Data.noindex/Test/aProject/build/Debug/TargetA.framework/Versions/A/Headers"]), Task(forTarget: <none>, ruleInfo: ["Gate", "target-TargetB-T-TargetB-21793--TestHostTaskProducer"]), Task(forTarget: TargetA, ruleInfo: ["Gate", "target-TargetA-T-TargetA-21785--begin-linking"]), Task(forTarget: <none>, ruleInfo: ["Gate", "target-TargetB-T-TargetB-21793--ModuleMapTaskProducer"]), Task(forTarget: <none>, ruleInfo: ["CreateBuildDirectory", "/private/var/folders/xr/m5_5rlsd6l9fk2w4ngj13k6m0000gn/T/swbuild.tmp.Qwrkh9On/Data.noindex/Test/aProject/build/SwiftExplicitPrecompiledModules"]), Task(forTarget: <none>, ruleInfo: ["Gate", "target-TargetB-T-TargetB-21793--SwiftABIBaselineGenerationTaskProducer"]), Task(forTarget: <none>, ruleInfo: ["Gate", "target-TargetB-T-TargetB-21793--TestTargetPostprocessingTaskProducer"]), Task(forTarget: <none>, ruleInfo: ["CreateBuildDirectory", "/private/var/folders/xr/m5_5rlsd6l9fk2w4ngj13k6m0000gn/T/swbuild.tmp.Qwrkh9On/Data.noindex/Test/aProject/build/EagerLinkingTBDs/Debug"]), Task(forTarget: TargetA, ruleInfo: ["WriteAuxiliaryFile", "/private/var/folders/xr/m5_5rlsd6l9fk2w4ngj13k6m0000gn/T/swbuild.tmp.Qwrkh9On/Data.noindex/Test/aProject/build/aProject.build/Debug/TargetA.build/Objects-normal/x86_64/TargetA.SwiftConstValuesFileList"]), Task(forTarget: <none>, ruleInfo: ["Gate", "target-TargetA-T-TargetA-21785--GenerateAppPlaygroundAssetCatalogTaskProducer"]), Task(forTarget: <none>, ruleInfo: ["WriteAuxiliaryFile", "/private/var/folders/xr/m5_5rlsd6l9fk2w4ngj13k6m0000gn/T/swbuild.tmp.Qwrkh9On/Data.noindex/Test/aProject/build/aProject.build/Debug/aProject-P21796-VFS/all-product-headers.yaml"]), Task(forTarget: <none>, ruleInfo: ["Gate", "target-TargetB-T-TargetB-21793--CopySwiftPackageResourcesTaskProducer"]), Task(forTarget: <none>, ruleInfo: ["Gate", "target-TargetB-T-TargetB-21793--Barrier-CopyAside"]), Task(forTarget: TargetA, ruleInfo: ["WriteAuxiliaryFile", "/private/var/folders/xr/m5_5rlsd6l9fk2w4ngj13k6m0000gn/T/swbuild.tmp.Qwrkh9On/Data.noindex/Test/aProject/build/aProject.build/Debug/TargetA.build/TargetA-project-headers.hmap"]), Task(forTarget: TargetB, ruleInfo: ["MkDir", "/private/var/folders/xr/m5_5rlsd6l9fk2w4ngj13k6m0000gn/T/swbuild.tmp.Qwrkh9On/Data.noindex/Test/aProject/build/Debug/TargetB.framework"]), Task(forTarget: TargetA, ruleInfo: ["SymLink", "/private/var/folders/xr/m5_5rlsd6l9fk2w4ngj13k6m0000gn/T/swbuild.tmp.Qwrkh9On/Data.noindex/Test/aProject/build/Debug/TargetA.framework/Modules", "Versions/Current/Modules"]), Task(forTarget: <none>, ruleInfo: ["SwiftExplicitDependencyCompileModuleFromInterface", "x86_64", "/private/var/folders/xr/m5_5rlsd6l9fk2w4ngj13k6m0000gn/T/swbuild.tmp.Qwrkh9On/Data.noindex/Test/aProject/build/SwiftExplicitPrecompiledModules/_StringProcessing-13GX4EAKQZW8B.swiftmodule"]), Task(forTarget: TargetA, ruleInfo: ["RegisterExecutionPolicyException", "/private/var/folders/xr/m5_5rlsd6l9fk2w4ngj13k6m0000gn/T/swbuild.tmp.Qwrkh9On/Data.noindex/Test/aProject/build/Debug/TargetA.framework"]), Task(forTarget: TargetA, ruleInfo: ["Copy", "/private/var/folders/xr/m5_5rlsd6l9fk2w4ngj13k6m0000gn/T/swbuild.tmp.Qwrkh9On/Data.noindex/Test/aProject/build/Debug/TargetA.framework/Versions/A/Modules/TargetA.swiftmodule/Project/x86_64-apple-macos.swiftsourceinfo", "/private/var/folders/xr/m5_5rlsd6l9fk2w4ngj13k6m0000gn/T/swbuild.tmp.Qwrkh9On/Data.noindex/Test/aProject/build/aProject.build/Debug/TargetA.build/Objects-normal/x86_64/TargetA.swiftsourceinfo"]), Task(forTarget: <none>, ruleInfo: ["Gate", "target-TargetB-T-TargetB-21793--copy-headers-completion"]), Task(forTarget: <none>, ruleInfo: ["Gate", "target-TargetB-T-TargetB-21793--TestEntryPointTaskProducerFactory"]), Task(forTarget: TargetA, ruleInfo: ["Gate", "target-TargetA-T-TargetA-21785--immediate"]), Task(forTarget: <none>, ruleInfo: ["Gate", "target-TargetA-T-TargetA-21785--Barrier-RegisterProduct"]), Task(forTarget: <none>, ruleInfo: ["Gate", "target-TargetB-T-TargetB-21793--Barrier-Validate"]), Task(forTarget: TargetB, ruleInfo: ["Copy", "/private/var/folders/xr/m5_5rlsd6l9fk2w4ngj13k6m0000gn/T/swbuild.tmp.Qwrkh9On/Data.noindex/Test/aProject/build/Debug/TargetB.framework/Versions/A/Modules/TargetB.swiftmodule/x86_64-apple-macos.swiftmodule", "/private/var/folders/xr/m5_5rlsd6l9fk2w4ngj13k6m0000gn/T/swbuild.tmp.Qwrkh9On/Data.noindex/Test/aProject/build/aProject.build/Debug/TargetB.build/Objects-normal/x86_64/TargetB.swiftmodule"]), Task(forTarget: TargetB, ruleInfo: ["WriteAuxiliaryFile", "/private/var/folders/xr/m5_5rlsd6l9fk2w4ngj13k6m0000gn/T/swbuild.tmp.Qwrkh9On/Data.noindex/Test/aProject/build/aProject.build/Debug/TargetB.build/TargetB-generated-files.hmap"]), Task(forTarget: TargetA, ruleInfo: ["Gate", "target-TargetA-T-TargetA-21785--begin-compiling"]), Task(forTarget: TargetA, ruleInfo: ["WriteAuxiliaryFile", "/private/var/folders/xr/m5_5rlsd6l9fk2w4ngj13k6m0000gn/T/swbuild.tmp.Qwrkh9On/Data.noindex/Test/aProject/build/aProject.build/Debug/TargetA.build/TargetA.hmap"]), Task(forTarget: TargetA, ruleInfo: ["SwiftEmitModule", "normal", "x86_64", "Emitting module for TargetA"]), Task(forTarget: TargetB, ruleInfo: ["Gate", "target-TargetB-T-TargetB-21793--begin-compiling"]), Task(forTarget: <none>, ruleInfo: ["Gate", "target-TargetB-T-TargetB-21793--SwiftPackageCopyFilesTaskProducer"]), Task(forTarget: <none>, ruleInfo: ["Gate", "target-TargetA-T-TargetA-21785--SanitizerTaskProducer"]), Task(forTarget: TargetA, ruleInfo: ["WriteAuxiliaryFile", "/private/var/folders/xr/m5_5rlsd6l9fk2w4ngj13k6m0000gn/T/swbuild.tmp.Qwrkh9On/Data.noindex/Test/aProject/build/aProject.build/Debug/TargetA.build/TargetA-own-target-headers.hmap"]), Task(forTarget: TargetA, ruleInfo: ["WriteAuxiliaryFile", "/private/var/folders/xr/m5_5rlsd6l9fk2w4ngj13k6m0000gn/T/swbuild.tmp.Qwrkh9On/Data.noindex/Test/aProject/build/aProject.build/Debug/TargetA.build/Objects-normal/x86_64/TargetA.LinkFileList"]), Task(forTarget: TargetA, ruleInfo: ["SwiftCompile", "normal", "x86_64", "Compiling fileA1.swift", "/private/var/folders/xr/m5_5rlsd6l9fk2w4ngj13k6m0000gn/T/swbuild.tmp.Qwrkh9On/Data.noindex/Test/aProject/Sources/fileA1.swift"])]
↳ Occasionally fails in CI due to SwiftExplicitDependencyCompileModuleFromInterface missing from the dependency graph
━ Test swiftEagerCompilationWithExplicitModules() recorded a known issue at SwiftDriverTests.swift:3579:55: Issue recorded
↳ Task Task(forTarget: TargetB, ruleInfo: ["SwiftCompile", "normal", "x86_64", "Compiling fileB1.swift", "/private/var/folders/xr/m5_5rlsd6l9fk2w4ngj13k6m0000gn/T/swbuild.tmp.Qwrkh9On/Data.noindex/Test/aProject/Sources/fileB1.swift"]) does not follow any tasks matching [Rule matches [SWBTestSupport.StringPattern.equal("SwiftExplicitDependencyGeneratePcm"), SWBTestSupport.StringPattern.equal("normal"), SWBTestSupport.StringPattern.equal("x86_64"), SWBTestSupport.StringPattern.contains("SwiftShims-")]]. Found: [] in [Task(forTarget: TargetA, ruleInfo: ["Ld", "/private/var/folders/xr/m5_5rlsd6l9fk2w4ngj13k6m0000gn/T/swbuild.tmp.Qwrkh9On/Data.noindex/Test/aProject/build/Debug/TargetA.framework/Versions/A/TargetA", "normal"]), Task(forTarget: <none>, ruleInfo: ["Gate", "target-TargetA-T-TargetA-21785--Barrier-RegisterExecutionPolicyException"]), Task(forTarget: TargetA, ruleInfo: ["MkDir", "/private/var/folders/xr/m5_5rlsd6l9fk2w4ngj13k6m0000gn/T/swbuild.tmp.Qwrkh9On/Data.noindex/Test/aProject/build/Debug/TargetA.framework/Versions"]), Task(forTarget: TargetA, ruleInfo: ["SymLink", "/private/var/folders/xr/m5_5rlsd6l9fk2w4ngj13k6m0000gn/T/swbuild.tmp.Qwrkh9On/Data.noindex/Test/aProject/build/EagerLinkingTBDs/Debug/TargetA.framework/TargetA.tbd", "/private/var/folders/xr/m5_5rlsd6l9fk2w4ngj13k6m0000gn/T/swbuild.tmp.Qwrkh9On/Data.noindex/Test/aProject/build/EagerLinkingTBDs/Debug/TargetA.framework/Versions/A/TargetA.tbd"]), Task(forTarget: <none>, ruleInfo: ["Gate", "target-TargetB-T-TargetB-21793--GeneratedFilesTaskProducer"]), Task(forTarget: TargetA, ruleInfo: ["ExtractAppIntentsMetadata"]), Task(forTarget: TargetB, ruleInfo: ["MkDir", "/private/var/folders/xr/m5_5rlsd6l9fk2w4ngj13k6m0000gn/T/swbuild.tmp.Qwrkh9On/Data.noindex/Test/aProject/build/Debug/TargetB.framework/Versions/A/Headers"]), Task(forTarget: <none>, ruleInfo: ["Gate", "target-TargetA-T-TargetA-21785--Barrier-StripSymbols"]), Task(forTarget: TargetB, ruleInfo: ["SwiftDriver Compilation", "TargetB", "normal", "x86_64", "com.apple.xcode.tools.swift.compiler"]), Task(forTarget: TargetB, ruleInfo: ["WriteAuxiliaryFile", "/private/var/folders/xr/m5_5rlsd6l9fk2w4ngj13k6m0000gn/T/swbuild.tmp.Qwrkh9On/Data.noindex/Test/aProject/build/aProject.build/Debug/TargetB.build/Objects-normal/x86_64/TargetB.SwiftConstValuesFileList"]), Task(forTarget: <none>, ruleInfo: ["Gate", "target-TargetB-T-TargetB-21793--TAPISymbolExtractorTaskProducer"]), Task(forTarget: <none>, ruleInfo: ["Gate", "target-TargetB-T-TargetB-21793--swift-generated-headers"]), Task(forTarget: <none>, ruleInfo: ["Gate", "target-TargetB-T-TargetB-21793--ProductPostprocessingTaskProducer"]), Task(forTarget: <none>, ruleInfo: ["Gate", "target-TargetB-T-TargetB-21793--RealityAssetsTaskProducer"]), Task(forTarget: <none>, ruleInfo: ["Gate", "target-TargetA-T-TargetA-21785--Barrier-CopyAside"]), Task(forTarget: <none>, ruleInfo: ["SwiftExplicitDependencyGeneratePcm", "x86_64", "/private/var/folders/xr/m5_5rlsd6l9fk2w4ngj13k6m0000gn/T/swbuild.tmp.Qwrkh9On/Data.noindex/Test/aProject/build/SwiftExplicitPrecompiledModules/SwiftShims-E7NR5GGR9Z7GY7PSRPSK1C6L1.pcm"]), Task(forTarget: TargetA, ruleInfo: ["Copy", "/private/var/folders/xr/m5_5rlsd6l9fk2w4ngj13k6m0000gn/T/swbuild.tmp.Qwrkh9On/Data.noindex/Test/aProject/build/Debug/TargetA.framework/Versions/A/Modules/TargetA.swiftmodule/x86_64-apple-macos.swiftdoc", "/private/var/folders/xr/m5_5rlsd6l9fk2w4ngj13k6m0000gn/T/swbuild.tmp.Qwrkh9On/Data.noindex/Test/aProject/build/aProject.build/Debug/TargetA.build/Objects-normal/x86_64/TargetA.swiftdoc"]), Task(forTarget: TargetB, ruleInfo: ["Gate", "target-TargetB-T-TargetB-21793--begin-scanning"]), Task(forTarget: <none>, ruleInfo: ["Gate", "target-TargetB-T-TargetB-21793--ModuleVerifierTaskProducer"]), Task(forTarget: TargetA, ruleInfo: ["SymLink", "/private/var/folders/xr/m5_5rlsd6l9fk2w4ngj13k6m0000gn/T/swbuild.tmp.Qwrkh9On/Data.noindex/Test/aProject/build/Debug/TargetA.framework/Headers", "Versions/Current/Headers"]), Task(forTarget: TargetB, ruleInfo: ["SwiftCompile", "normal", "x86_64", "Compiling fileB2.swift", "/private/var/folders/xr/m5_5rlsd6l9fk2w4ngj13k6m0000gn/T/swbuild.tmp.Qwrkh9On/Data.noindex/Test/aProject/Sources/fileB2.swift"]), Task(forTarget: TargetB, ruleInfo: ["Gate", "target-TargetB-T-TargetB-21793--linker-inputs-ready"]), Task(forTarget: <none>, ruleInfo: ["Gate", "target-TargetA-T-TargetA-21785--Barrier-ChangePermissions"]), Task(forTarget: TargetA, ruleInfo: ["WriteAuxiliaryFile", "/private/var/folders/xr/m5_5rlsd6l9fk2w4ngj13k6m0000gn/T/swbuild.tmp.Qwrkh9On/Data.noindex/Test/aProject/build/aProject.build/Debug/TargetA.build/TargetA-all-target-headers.hmap"]), Task(forTarget: TargetA, ruleInfo: ["SwiftDriver Compilation Requirements", "TargetA", "normal", "x86_64", "com.apple.xcode.tools.swift.compiler"]), Task(forTarget: TargetA, ruleInfo: ["WriteAuxiliaryFile", "/private/var/folders/xr/m5_5rlsd6l9fk2w4ngj13k6m0000gn/T/swbuild.tmp.Qwrkh9On/Data.noindex/Test/aProject/build/aProject.build/Debug/TargetA.build/Objects-normal/x86_64/TargetA_const_extract_protocols.json"]), Task(forTarget: TargetA, ruleInfo: ["Gate", "target-TargetA-T-TargetA-21785--entry"]), Task(forTarget: TargetA, ruleInfo: ["WriteAuxiliaryFile", "/private/var/folders/xr/m5_5rlsd6l9fk2w4ngj13k6m0000gn/T/swbuild.tmp.Qwrkh9On/Data.noindex/Test/aProject/build/aProject.build/Debug/TargetA.build/TargetA.DependencyMetadataFileList"]), Task(forTarget: TargetA, ruleInfo: ["Copy", "/private/var/folders/xr/m5_5rlsd6l9fk2w4ngj13k6m0000gn/T/swbuild.tmp.Qwrkh9On/Data.noindex/Test/aProject/build/Debug/TargetA.framework/Versions/A/Modules/TargetA.swiftmodule/x86_64-apple-macos.swiftmodule", "/private/var/folders/xr/m5_5rlsd6l9fk2w4ngj13k6m0000gn/T/swbuild.tmp.Qwrkh9On/Data.noindex/Test/aProject/build/aProject.build/Debug/TargetA.build/Objects-normal/x86_64/TargetA.swiftmodule"]), Task(forTarget: <none>, ruleInfo: ["Gate", "target-TargetB-T-TargetB-21793--Barrier-RegisterProduct"]), Task(forTarget: TargetB, ruleInfo: ["SwiftDriver Compilation Requirements", "TargetB", "normal", "x86_64", "com.apple.xcode.tools.swift.compiler"]), Task(forTarget: <none>, ruleInfo: ["Gate", "target-TargetB-T-TargetB-21793--StubBinaryTaskProducer"]), Task(forTarget: TargetB, ruleInfo: ["Gate", "target-TargetB-T-TargetB-21793--entry"]), Task(forTarget: <none>, ruleInfo: ["SwiftExplicitDependencyCompileModuleFromInterface", "x86_64", "/private/var/folders/xr/m5_5rlsd6l9fk2w4ngj13k6m0000gn/T/swbuild.tmp.Qwrkh9On/Data.noindex/Test/aProject/build/SwiftExplicitPrecompiledModules/Swift-1039YR9EBE61.swiftmodule"]), Task(forTarget: <none>, ruleInfo: ["Gate", "target-TargetB-T-TargetB-21793--GenerateAppPlaygroundAssetCatalogTaskProducer"]), Task(forTarget: TargetB, ruleInfo: ["Gate", "target-TargetB-T-TargetB-21793--begin-linking"]), Task(forTarget: TargetA, ruleInfo: ["WriteAuxiliaryFile", "/private/var/folders/xr/m5_5rlsd6l9fk2w4ngj13k6m0000gn/T/swbuild.tmp.Qwrkh9On/Data.noindex/Test/aProject/build/aProject.build/Debug/TargetA.build/Objects-normal/x86_64/TargetA-OutputFileMap.json"]), Task(forTarget: TargetB, ruleInfo: ["WriteAuxiliaryFile", "/private/var/folders/xr/m5_5rlsd6l9fk2w4ngj13k6m0000gn/T/swbuild.tmp.Qwrkh9On/Data.noindex/Test/aProject/build/aProject.build/Debug/TargetB.build/TargetB.DependencyMetadataFileList"]), Task(forTarget: TargetB, ruleInfo: ["WriteAuxiliaryFile", "/private/var/folders/xr/m5_5rlsd6l9fk2w4ngj13k6m0000gn/T/swbuild.tmp.Qwrkh9On/Data.noindex/Test/aProject/build/aProject.build/Debug/TargetB.build/TargetB.hmap"]), Task(forTarget: <none>, ruleInfo: ["CreateBuildDirectory", "/private/var/folders/xr/m5_5rlsd6l9fk2w4ngj13k6m0000gn/T/swbuild.tmp.Qwrkh9On/Data.noindex/Test/aProject/build/SharedPrecompiledHeaders"]), Task(forTarget: TargetA, ruleInfo: ["Gate", "target-TargetA-T-TargetA-21785--unsigned-product-ready"]), Task(forTarget: TargetA, ruleInfo: ["Gate", "target-TargetA-T-TargetA-21785--will-sign"]), Task(forTarget: TargetB, ruleInfo: ["Copy", "/private/var/folders/xr/m5_5rlsd6l9fk2w4ngj13k6m0000gn/T/swbuild.tmp.Qwrkh9On/Data.noindex/Test/aProject/build/Debug/TargetB.framework/Versions/A/Modules/TargetB.swiftmodule/Project/x86_64-apple-macos.swiftsourceinfo", "/private/var/folders/xr/m5_5rlsd6l9fk2w4ngj13k6m0000gn/T/swbuild.tmp.Qwrkh9On/Data.noindex/Test/aProject/build/aProject.build/Debug/TargetB.build/Objects-normal/x86_64/TargetB.swiftsourceinfo"]), Task(forTarget: TargetA, ruleInfo: ["WriteAuxiliaryFile", "/private/var/folders/xr/m5_5rlsd6l9fk2w4ngj13k6m0000gn/T/swbuild.tmp.Qwrkh9On/Data.noindex/Test/aProject/build/aProject.build/Debug/TargetA.build/TargetA-generated-files.hmap"]), Task(forTarget: TargetA, ruleInfo: ["Gate", "target-TargetA-T-TargetA-21785--linker-inputs-ready"]), Task(forTarget: <none>, ruleInfo: ["Gate", "target-TargetB-T-TargetB-21793--Barrier-GenerateStubAPI"]), Task(forTarget: <none>, ruleInfo: ["Gate", "target-TargetA-T-TargetA-21785--ModuleVerifierTaskProducer"]), Task(forTarget: <none>, ruleInfo: ["Gate", "target-TargetB-T-TargetB-21793--SwiftFrameworkABICheckerTaskProducer"]), Task(forTarget: TargetB, ruleInfo: ["Gate", "target-TargetB-T-TargetB-21793--end"]), Task(forTarget: TargetB, ruleInfo: ["WriteAuxiliaryFile", "/private/var/folders/xr/m5_5rlsd6l9fk2w4ngj13k6m0000gn/T/swbuild.tmp.Qwrkh9On/Data.noindex/Test/aProject/build/aProject.build/Debug/TargetB.build/TargetB-all-target-headers.hmap"]), Task(forTarget: <none>, ruleInfo: ["SwiftExplicitDependencyGeneratePcm", "x86_64", "/private/var/folders/xr/m5_5rlsd6l9fk2w4ngj13k6m0000gn/T/swbuild.tmp.Qwrkh9On/Data.noindex/Test/aProject/build/SwiftExplicitPrecompiledModules/_SwiftConcurrencyShims-BUR8XM1R06AS02RWV63HPG1KR.pcm"]), Task(forTarget: <none>, ruleInfo: ["Gate", "target-TargetB-T-TargetB-21793--Barrier-ChangePermissions"]), Task(forTarget: <none>, ruleInfo: ["Gate", "target-TargetB-T-TargetB-21793--Barrier-CodeSign"]), Task(forTarget: TargetB, ruleInfo: ["Touch", "/private/var/folders/xr/m5_5rlsd6l9fk2w4ngj13k6m0000gn/T/swbuild.tmp.Qwrkh9On/Data.noindex/Test/aProject/build/Debug/TargetB.framework"]), Task(forTarget: <none>, ruleInfo: ["Gate", "target-TargetB-T-TargetB-21793--Barrier-StripSymbols"]), Task(forTarget: TargetB, ruleInfo: ["WriteAuxiliaryFile", "/private/var/folders/xr/m5_5rlsd6l9fk2w4ngj13k6m0000gn/T/swbuild.tmp.Qwrkh9On/Data.noindex/Test/aProject/build/aProject.build/Debug/TargetB.build/Objects-normal/x86_64/TargetB-OutputFileMap.json"]), Task(forTarget: TargetB, ruleInfo: ["GenerateTAPI", "/private/var/folders/xr/m5_5rlsd6l9fk2w4ngj13k6m0000gn/T/swbuild.tmp.Qwrkh9On/Data.noindex/Test/aProject/build/EagerLinkingTBDs/Debug/TargetB.framework/Versions/A/TargetB.tbd"]), Task(forTarget: TargetB, ruleInfo: ["SwiftEmitModule", "normal", "x86_64", "Emitting module for TargetB"]), Task(forTarget: TargetB, ruleInfo: ["MkDir", "/private/var/folders/xr/m5_5rlsd6l9fk2w4ngj13k6m0000gn/T/swbuild.tmp.Qwrkh9On/Data.noindex/Test/aProject/build/Debug/TargetB.framework/Versions"]), Task(forTarget: TargetA, ruleInfo: ["WriteAuxiliaryFile", "/private/var/folders/xr/m5_5rlsd6l9fk2w4ngj13k6m0000gn/T/swbuild.tmp.Qwrkh9On/Data.noindex/Test/aProject/build/aProject.build/Debug/TargetA.build/Objects-normal/x86_64/TargetA.SwiftFileList"]), Task(forTarget: TargetB, ruleInfo: ["ExtractAppIntentsMetadata"]), Task(forTarget: <none>, ruleInfo: ["Gate", "target-TargetB-T-TargetB-21793--ProductStructureTaskProducer"]), Task(forTarget: <none>, ruleInfo: ["Gate", "target-TargetB-T-TargetB-21793--HeadermapTaskProducer"]), Task(forTarget: <none>, ruleInfo: ["CreateBuildDirectory", "/private/var/folders/xr/m5_5rlsd6l9fk2w4ngj13k6m0000gn/T/swbuild.tmp.Qwrkh9On/Data.noindex/Test/aProject/build/Debug"]), Task(forTarget: TargetA, ruleInfo: ["WriteAuxiliaryFile", "/private/var/folders/xr/m5_5rlsd6l9fk2w4ngj13k6m0000gn/T/swbuild.tmp.Qwrkh9On/Data.noindex/Test/aProject/build/aProject.build/Debug/TargetA.build/TargetA.DependencyStaticMetadataFileList"]), Task(forTarget: <none>, ruleInfo: ["Gate", "target-TargetB-T-TargetB-21793--ExtensionPointExtractorTaskProducer"]), Task(forTarget: <none>, ruleInfo: ["Gate", "target-TargetB-T-TargetB-21793--SwiftStandardLibrariesTaskProducer"]), Task(forTarget: TargetA, ruleInfo: ["Copy", "/private/var/folders/xr/m5_5rlsd6l9fk2w4ngj13k6m0000gn/T/swbuild.tmp.Qwrkh9On/Data.noindex/Test/aProject/build/Debug/TargetA.framework/Versions/A/Modules/TargetA.swiftmodule/x86_64-apple-macos.abi.json", "/private/var/folders/xr/m5_5rlsd6l9fk2w4ngj13k6m0000gn/T/swbuild.tmp.Qwrkh9On/Data.noindex/Test/aProject/build/aProject.build/Debug/TargetA.build/Objects-normal/x86_64/TargetA.abi.json"]), Task(forTarget: <none>, ruleInfo: ["CreateBuildDirectory", "/private/var/folders/xr/m5_5rlsd6l9fk2w4ngj13k6m0000gn/T/swbuild.tmp.Qwrkh9On/Data.noindex/Test/aProject/build/ExplicitPrecompiledModules"]), Task(forTarget: TargetB, ruleInfo: ["Gate", "target-TargetB-T-TargetB-21793--immediate"]), Task(forTarget: <none>, ruleInfo: ["Gate", "target-TargetA-T-TargetA-21785--AppExtensionInfoPlistGeneratorTaskProducer"]), Task(forTarget: TargetB, ruleInfo: ["SymLink", "/private/var/folders/xr/m5_5rlsd6l9fk2w4ngj13k6m0000gn/T/swbuild.tmp.Qwrkh9On/Data.noindex/Test/aProject/build/Debug/TargetB.framework/Modules", "Versions/Current/Modules"]), Task(forTarget: <none>, ruleInfo: ["Gate", "target-TargetA-T-TargetA-21785--swift-generated-headers"]), Task(forTarget: <none>, ruleInfo: ["Gate", "target-TargetB-T-TargetB-21793--InfoPlistTaskProducer"]), Task(forTarget: <none>, ruleInfo: ["Gate", "target-TargetB-T-TargetB-21793--AppExtensionInfoPlistGeneratorTaskProducer"]), Task(forTarget: TargetB, ruleInfo: ["SwiftDriver", "TargetB", "normal", "x86_64", "com.apple.xcode.tools.swift.compiler"]), Task(forTarget: <none>, ruleInfo: ["Gate", "target-TargetA-T-TargetA-21785--CopySwiftPackageResourcesTaskProducer"]), Task(forTarget: <none>, ruleInfo: ["Gate", "target-TargetA-T-TargetA-21785--ProductStructureTaskProducer"]), Task(forTarget: TargetA, ruleInfo: ["SymLink", "/private/var/folders/xr/m5_5rlsd6l9fk2w4ngj13k6m0000gn/T/swbuild.tmp.Qwrkh9On/Data.noindex/Test/aProject/build/Debug/TargetA.framework/Versions/Current", "A"]), Task(forTarget: TargetA, ruleInfo: ["SwiftMergeGeneratedHeaders", "/private/var/folders/xr/m5_5rlsd6l9fk2w4ngj13k6m0000gn/T/swbuild.tmp.Qwrkh9On/Data.noindex/Test/aProject/build/Debug/TargetA.framework/Versions/A/Headers/TargetA-Swift.h", "/private/var/folders/xr/m5_5rlsd6l9fk2w4ngj13k6m0000gn/T/swbuild.tmp.Qwrkh9On/Data.noindex/Test/aProject/build/aProject.build/Debug/TargetA.build/Objects-normal/x86_64/TargetA-Swift.h"]), Task(forTarget: <none>, ruleInfo: ["Gate", "target-TargetA-T-TargetA-21785--ProductPostprocessingTaskProducer"]), Task(forTarget: TargetB, ruleInfo: ["Copy", "/private/var/folders/xr/m5_5rlsd6l9fk2w4ngj13k6m0000gn/T/swbuild.tmp.Qwrkh9On/Data.noindex/Test/aProject/build/Debug/TargetB.framework/Versions/A/Modules/TargetB.swiftmodule/x86_64-apple-macos.swiftdoc", "/private/var/folders/xr/m5_5rlsd6l9fk2w4ngj13k6m0000gn/T/swbuild.tmp.Qwrkh9On/Data.noindex/Test/aProject/build/aProject.build/Debug/TargetB.build/Objects-normal/x86_64/TargetB.swiftdoc"]), Task(forTarget: <none>, ruleInfo: ["Gate", "target-TargetA-T-TargetA-21785--DocumentationTaskProducer"]), Task(forTarget: TargetB, ruleInfo: ["SymLink", "/private/var/folders/xr/m5_5rlsd6l9fk2w4ngj13k6m0000gn/T/swbuild.tmp.Qwrkh9On/Data.noindex/Test/aProject/build/Debug/TargetB.framework/Versions/Current", "A"]), Task(forTarget: <none>, ruleInfo: ["Gate", "target-TargetA-T-TargetA-21785--InfoPlistTaskProducer"]), Task(forTarget: <none>, ruleInfo: ["CreateBuildDirectory", "/private/var/folders/xr/m5_5rlsd6l9fk2w4ngj13k6m0000gn/T/swbuild.tmp.Qwrkh9On/Data.noindex/Test/aProject/build"]), Task(forTarget: <none>, ruleInfo: ["Gate", "target-TargetA-T-TargetA-21785--SwiftABIBaselineGenerationTaskProducer"]), Task(forTarget: TargetA, ruleInfo: ["SwiftDriver Compilation", "TargetA", "normal", "x86_64", "com.apple.xcode.tools.swift.compiler"]), Task(forTarget: TargetB, ruleInfo: ["SwiftMergeGeneratedHeaders", "/private/var/folders/xr/m5_5rlsd6l9fk2w4ngj13k6m0000gn/T/swbuild.tmp.Qwrkh9On/Data.noindex/Test/aProject/build/Debug/TargetB.framework/Versions/A/Headers/TargetB-Swift.h", "/private/var/folders/xr/m5_5rlsd6l9fk2w4ngj13k6m0000gn/T/swbuild.tmp.Qwrkh9On/Data.noindex/Test/aProject/build/aProject.build/Debug/TargetB.build/Objects-normal/x86_64/TargetB-Swift.h"]), Task(forTarget: TargetB, ruleInfo: ["Ld", "/private/var/folders/xr/m5_5rlsd6l9fk2w4ngj13k6m0000gn/T/swbuild.tmp.Qwrkh9On/Data.noindex/Test/aProject/build/Debug/TargetB.framework/Versions/A/TargetB", "normal"]), Task(forTarget: TargetB, ruleInfo: ["WriteAuxiliaryFile", "/private/var/folders/xr/m5_5rlsd6l9fk2w4ngj13k6m0000gn/T/swbuild.tmp.Qwrkh9On/Data.noindex/Test/aProject/build/aProject.build/Debug/TargetB.build/TargetB-all-non-framework-target-headers.hmap"]), Task(forTarget: <none>, ruleInfo: ["Gate", "target-TargetA-T-TargetA-21785--TAPISymbolExtractorTaskProducer"]), Task(forTarget: <none>, ruleInfo: ["SwiftExplicitDependencyCompileModuleFromInterface", "x86_64", "/private/var/folders/xr/m5_5rlsd6l9fk2w4ngj13k6m0000gn/T/swbuild.tmp.Qwrkh9On/Data.noindex/Test/aProject/build/SwiftExplicitPrecompiledModules/_Concurrency-2W8LU3DF58RLX.swiftmodule"]), Task(forTarget: <none>, ruleInfo: ["Gate", "target-TargetB-T-TargetB-21793--Barrier-ChangeAlternatePermissions"]), Task(forTarget: <none>, ruleInfo: ["Gate", "target-TargetA-T-TargetA-21785--SwiftPackageCopyFilesTaskProducer"]), Task(forTarget: <none>, ruleInfo: ["Gate", "target-TargetA-T-TargetA-21785--copy-headers-completion"]), Task(forTarget: <none>, ruleInfo: ["Gate", "WorkspaceHeaderMapVFSFilesWritten"]), Task(forTarget: TargetA, ruleInfo: ["Gate", "target-TargetA-T-TargetA-21785--modules-ready"]), Task(forTarget: <none>, ruleInfo: ["Gate", "target-TargetB-T-TargetB-21793--SanitizerTaskProducer"]), Task(forTarget: <none>, ruleInfo: ["Gate", "target-TargetA-T-TargetA-21785--Barrier-ChangeAlternatePermissions"]), Task(forTarget: TargetB, ruleInfo: ["SymLink", "/private/var/folders/xr/m5_5rlsd6l9fk2w4ngj13k6m0000gn/T/swbuild.tmp.Qwrkh9On/Data.noindex/Test/aProject/build/Debug/TargetB.framework/Headers", "Versions/Current/Headers"]), Task(forTarget: <none>, ruleInfo: ["CreateBuildDirectory", "/var/folders/xr/m5_5rlsd6l9fk2w4ngj13k6m0000gn/C/com.apple.DeveloperTools/26.4.1-17E202/Xcode/CompilationCache.noindex"]), Task(forTarget: <none>, ruleInfo: ["Gate", "target-TargetA-T-TargetA-21785--CustomTaskProducer"]), Task(forTarget: <none>, ruleInfo: ["Gate", "target-TargetA-T-TargetA-21785--AppIntentsMetadataTaskProducer"]), Task(forTarget: TargetB, ruleInfo: ["Copy", "/private/var/folders/xr/m5_5rlsd6l9fk2w4ngj13k6m0000gn/T/swbuild.tmp.Qwrkh9On/Data.noindex/Test/aProject/build/Debug/TargetB.framework/Versions/A/Modules/TargetB.swiftmodule/x86_64-apple-macos.abi.json", "/private/var/folders/xr/m5_5rlsd6l9fk2w4ngj13k6m0000gn/T/swbuild.tmp.Qwrkh9On/Data.noindex/Test/aProject/build/aProject.build/Debug/TargetB.build/Objects-normal/x86_64/TargetB.abi.json"]), Task(forTarget: <none>, ruleInfo: ["Gate", "target-TargetA-T-TargetA-21785--TestHostTaskProducer"]), Task(forTarget: TargetB, ruleInfo: ["WriteAuxiliaryFile", "/private/var/folders/xr/m5_5rlsd6l9fk2w4ngj13k6m0000gn/T/swbuild.tmp.Qwrkh9On/Data.noindex/Test/aProject/build/aProject.build/Debug/TargetB.build/Objects-normal/x86_64/TargetB.LinkFileList"]), Task(forTarget: <none>, ruleInfo: ["Gate", "target-TargetA-T-TargetA-21785--TestTargetPostprocessingTaskProducer"]), Task(forTarget: <none>, ruleInfo: ["Gate", "target-TargetA-T-TargetA-21785--Barrier-GenerateStubAPI"]), Task(forTarget: TargetB, ruleInfo: ["Gate", "target-TargetB-T-TargetB-21793--will-sign"]), Task(forTarget: <none>, ruleInfo: ["Gate", "target-TargetA-T-TargetA-21785--generated-headers"]), Task(forTarget: <none>, ruleInfo: ["Gate", "target-TargetB-T-TargetB-21793--Barrier-RegisterExecutionPolicyException"]), Task(forTarget: TargetB, ruleInfo: ["SymLink", "/private/var/folders/xr/m5_5rlsd6l9fk2w4ngj13k6m0000gn/T/swbuild.tmp.Qwrkh9On/Data.noindex/Test/aProject/build/EagerLinkingTBDs/Debug/TargetB.framework/TargetB.tbd", "/private/var/folders/xr/m5_5rlsd6l9fk2w4ngj13k6m0000gn/T/swbuild.tmp.Qwrkh9On/Data.noindex/Test/aProject/build/EagerLinkingTBDs/Debug/TargetB.framework/Versions/A/TargetB.tbd"]), Task(forTarget: TargetB, ruleInfo: ["WriteAuxiliaryFile", "/private/var/folders/xr/m5_5rlsd6l9fk2w4ngj13k6m0000gn/T/swbuild.tmp.Qwrkh9On/Data.noindex/Test/aProject/build/aProject.build/Debug/TargetB.build/TargetB-own-target-headers.hmap"]), Task(forTarget: TargetB, ruleInfo: ["WriteAuxiliaryFile", "/private/var/folders/xr/m5_5rlsd6l9fk2w4ngj13k6m0000gn/T/swbuild.tmp.Qwrkh9On/Data.noindex/Test/aProject/build/aProject.build/Debug/TargetB.build/TargetB-project-headers.hmap"]), Task(forTarget: <none>, ruleInfo: ["Gate", "target-TargetB-T-TargetB-21793--DocumentationTaskProducer"]), Task(forTarget: <none>, ruleInfo: ["Gate", "target-TargetA-T-TargetA-21785--TestEntryPointTaskProducerFactory"]), Task(forTarget: <none>, ruleInfo: ["Gate", "target-TargetA-T-TargetA-21785--TestTargetTaskProducer"]), Task(forTarget: TargetA, ruleInfo: ["Touch", "/private/var/folders/xr/m5_5rlsd6l9fk2w4ngj13k6m0000gn/T/swbuild.tmp.Qwrkh9On/Data.noindex/Test/aProject/build/Debug/TargetA.framework"]), Task(forTarget: <none>, ruleInfo: ["Gate", "target-TargetA-T-TargetA-21785--HeadermapTaskProducer"]), Task(forTarget: <none>, ruleInfo: ["Gate", "target-TargetB-T-TargetB-21793--fused-phase0-compile-sources&link-binary"]), Task(forTarget: TargetB, ruleInfo: ["WriteAuxiliaryFile", "/private/var/folders/xr/m5_5rlsd6l9fk2w4ngj13k6m0000gn/T/swbuild.tmp.Qwrkh9On/Data.noindex/Test/aProject/build/aProject.build/Debug/TargetB.build/TargetB.DependencyStaticMetadataFileList"]), Task(forTarget: <none>, ruleInfo: ["Gate", "target-TargetB-T-TargetB-21793--TestTargetTaskProducer"]), Task(forTarget: <none>, ruleInfo: ["Gate", "target-TargetA-T-TargetA-21785--RealityAssetsTaskProducer"]), Task(forTarget: <none>, ruleInfo: ["Gate", "target-TargetB-T-TargetB-21793--CustomTaskProducer"]), Task(forTarget: TargetB, ruleInfo: ["RegisterExecutionPolicyException", "/private/var/folders/xr/m5_5rlsd6l9fk2w4ngj13k6m0000gn/T/swbuild.tmp.Qwrkh9On/Data.noindex/Test/aProject/build/Debug/TargetB.framework"]), Task(forTarget: TargetA, ruleInfo: ["WriteAuxiliaryFile", "/private/var/folders/xr/m5_5rlsd6l9fk2w4ngj13k6m0000gn/T/swbuild.tmp.Qwrkh9On/Data.noindex/Test/aProject/build/aProject.build/Debug/TargetA.build/TargetA-all-non-framework-target-headers.hmap"]), Task(forTarget: TargetB, ruleInfo: ["SwiftCompile", "normal", "x86_64", "Compiling fileB1.swift", "/private/var/folders/xr/m5_5rlsd6l9fk2w4ngj13k6m0000gn/T/swbuild.tmp.Qwrkh9On/Data.noindex/Test/aProject/Sources/fileB1.swift"]), Task(forTarget: <none>, ruleInfo: ["Gate", "target-TargetA-T-TargetA-21785--Barrier-CodeSign"]), Task(forTarget: <none>, ruleInfo: ["Gate", "target-TargetB-T-TargetB-21793--AppIntentsMetadataTaskProducer"]), Task(forTarget: TargetB, ruleInfo: ["Gate", "target-TargetB-T-TargetB-21793--unsigned-product-ready"]), Task(forTarget: TargetA, ruleInfo: ["SwiftDriver", "TargetA", "normal", "x86_64", "com.apple.xcode.tools.swift.compiler"]), Task(forTarget: TargetA, ruleInfo: ["Gate", "target-TargetA-T-TargetA-21785--end"]), Task(forTarget: TargetA, ruleInfo: ["Gate", "target-TargetA-T-TargetA-21785--begin-scanning"]), Task(forTarget: TargetB, ruleInfo: ["WriteAuxiliaryFile", "/private/var/folders/xr/m5_5rlsd6l9fk2w4ngj13k6m0000gn/T/swbuild.tmp.Qwrkh9On/Data.noindex/Test/aProject/build/aProject.build/Debug/TargetB.build/Objects-normal/x86_64/TargetB_const_extract_protocols.json"]), Task(forTarget: <none>, ruleInfo: ["Gate", "target-TargetA-T-TargetA-21785--StubBinaryTaskProducer"]), Task(forTarget: TargetB, ruleInfo: ["MkDir", "/private/var/folders/xr/m5_5rlsd6l9fk2w4ngj13k6m0000gn/T/swbuild.tmp.Qwrkh9On/Data.noindex/Test/aProject/build/Debug/TargetB.framework/Versions/A"]), Task(forTarget: TargetA, ruleInfo: ["SwiftCompile", "normal", "x86_64", "Compiling fileA2.swift", "/private/var/folders/xr/m5_5rlsd6l9fk2w4ngj13k6m0000gn/T/swbuild.tmp.Qwrkh9On/Data.noindex/Test/aProject/Sources/fileA2.swift"]), Task(forTarget: <none>, ruleInfo: ["Gate", "target-TargetA-T-TargetA-21785--fused-phase0-compile-sources"]), Task(forTarget: <none>, ruleInfo: ["Gate", "target-TargetA-T-TargetA-21785--ModuleMapTaskProducer"]), Task(forTarget: <none>, ruleInfo: ["Gate", "target-TargetA-T-TargetA-21785--GeneratedFilesTaskProducer"]), Task(forTarget: <none>, ruleInfo: ["Gate", "target-TargetA-T-TargetA-21785--SwiftStandardLibrariesTaskProducer"]), Task(forTarget: TargetA, ruleInfo: ["GenerateTAPI", "/private/var/folders/xr/m5_5rlsd6l9fk2w4ngj13k6m0000gn/T/swbuild.tmp.Qwrkh9On/Data.noindex/Test/aProject/build/EagerLinkingTBDs/Debug/TargetA.framework/Versions/A/TargetA.tbd"]), Task(forTarget: <none>, ruleInfo: ["Gate", "target-TargetA-T-TargetA-21785--Barrier-Validate"]), Task(forTarget: TargetB, ruleInfo: ["WriteAuxiliaryFile", "/private/var/folders/xr/m5_5rlsd6l9fk2w4ngj13k6m0000gn/T/swbuild.tmp.Qwrkh9On/Data.noindex/Test/aProject/build/aProject.build/Debug/TargetB.build/Objects-normal/x86_64/TargetB.SwiftFileList"]), Task(forTarget: TargetA, ruleInfo: ["MkDir", "/private/var/folders/xr/m5_5rlsd6l9fk2w4ngj13k6m0000gn/T/swbuild.tmp.Qwrkh9On/Data.noindex/Test/aProject/build/Debug/TargetA.framework"]), Task(forTarget: <none>, ruleInfo: ["Gate", "target-TargetA-T-TargetA-21785--ExtensionPointExtractorTaskProducer"]), Task(forTarget: TargetA, ruleInfo: ["SymLink", "/private/var/folders/xr/m5_5rlsd6l9fk2w4ngj13k6m0000gn/T/swbuild.tmp.Qwrkh9On/Data.noindex/Test/aProject/build/Debug/TargetA.framework/TargetA", "Versions/Current/TargetA"]), Task(forTarget: TargetA, ruleInfo: ["MkDir", "/private/var/folders/xr/m5_5rlsd6l9fk2w4ngj13k6m0000gn/T/swbuild.tmp.Qwrkh9On/Data.noindex/Test/aProject/build/Debug/TargetA.framework/Versions/A"]), Task(forTarget: <none>, ruleInfo: ["Gate", "target-TargetB-T-TargetB-21793--generated-headers"]), Task(forTarget: <none>, ruleInfo: ["Gate", "target-TargetA-T-TargetA-21785--SwiftFrameworkABICheckerTaskProducer"]), Task(forTarget: TargetB, ruleInfo: ["Gate", "target-TargetB-T-TargetB-21793--modules-ready"]), Task(forTarget: <none>, ruleInfo: ["ClangStatCache", "/Applications/Xcode17E.app/Contents/Developer/Toolchains/XcodeDefault.xctoolchain/usr/bin/clang-stat-cache", "/Applications/Xcode17E.app/Contents/Developer/Platforms/MacOSX.platform/Developer/SDKs/MacOSX26.4.sdk", "/private/var/folders/xr/m5_5rlsd6l9fk2w4ngj13k6m0000gn/T/swbuild.tmp.Qwrkh9On/Data.noindex/Test/SDKStatCaches.noindex/macosx26.4-25E260-95aa6cf8f3effd57bda17e0c125410c0.sdkstatcache"]), Task(forTarget: TargetB, ruleInfo: ["SymLink", "/private/var/folders/xr/m5_5rlsd6l9fk2w4ngj13k6m0000gn/T/swbuild.tmp.Qwrkh9On/Data.noindex/Test/aProject/build/Debug/TargetB.framework/TargetB", "Versions/Current/TargetB"]), Task(forTarget: TargetA, ruleInfo: ["MkDir", "/private/var/folders/xr/m5_5rlsd6l9fk2w4ngj13k6m0000gn/T/swbuild.tmp.Qwrkh9On/Data.noindex/Test/aProject/build/Debug/TargetA.framework/Versions/A/Headers"]), Task(forTarget: <none>, ruleInfo: ["Gate", "target-TargetB-T-TargetB-21793--TestHostTaskProducer"]), Task(forTarget: TargetA, ruleInfo: ["Gate", "target-TargetA-T-TargetA-21785--begin-linking"]), Task(forTarget: <none>, ruleInfo: ["Gate", "target-TargetB-T-TargetB-21793--ModuleMapTaskProducer"]), Task(forTarget: <none>, ruleInfo: ["CreateBuildDirectory", "/private/var/folders/xr/m5_5rlsd6l9fk2w4ngj13k6m0000gn/T/swbuild.tmp.Qwrkh9On/Data.noindex/Test/aProject/build/SwiftExplicitPrecompiledModules"]), Task(forTarget: <none>, ruleInfo: ["Gate", "target-TargetB-T-TargetB-21793--SwiftABIBaselineGenerationTaskProducer"]), Task(forTarget: <none>, ruleInfo: ["Gate", "target-TargetB-T-TargetB-21793--TestTargetPostprocessingTaskProducer"]), Task(forTarget: <none>, ruleInfo: ["CreateBuildDirectory", "/private/var/folders/xr/m5_5rlsd6l9fk2w4ngj13k6m0000gn/T/swbuild.tmp.Qwrkh9On/Data.noindex/Test/aProject/build/EagerLinkingTBDs/Debug"]), Task(forTarget: TargetA, ruleInfo: ["WriteAuxiliaryFile", "/private/var/folders/xr/m5_5rlsd6l9fk2w4ngj13k6m0000gn/T/swbuild.tmp.Qwrkh9On/Data.noindex/Test/aProject/build/aProject.build/Debug/TargetA.build/Objects-normal/x86_64/TargetA.SwiftConstValuesFileList"]), Task(forTarget: <none>, ruleInfo: ["Gate", "target-TargetA-T-TargetA-21785--GenerateAppPlaygroundAssetCatalogTaskProducer"]), Task(forTarget: <none>, ruleInfo: ["WriteAuxiliaryFile", "/private/var/folders/xr/m5_5rlsd6l9fk2w4ngj13k6m0000gn/T/swbuild.tmp.Qwrkh9On/Data.noindex/Test/aProject/build/aProject.build/Debug/aProject-P21796-VFS/all-product-headers.yaml"]), Task(forTarget: <none>, ruleInfo: ["Gate", "target-TargetB-T-TargetB-21793--CopySwiftPackageResourcesTaskProducer"]), Task(forTarget: <none>, ruleInfo: ["Gate", "target-TargetB-T-TargetB-21793--Barrier-CopyAside"]), Task(forTarget: TargetA, ruleInfo: ["WriteAuxiliaryFile", "/private/var/folders/xr/m5_5rlsd6l9fk2w4ngj13k6m0000gn/T/swbuild.tmp.Qwrkh9On/Data.noindex/Test/aProject/build/aProject.build/Debug/TargetA.build/TargetA-project-headers.hmap"]), Task(forTarget: TargetB, ruleInfo: ["MkDir", "/private/var/folders/xr/m5_5rlsd6l9fk2w4ngj13k6m0000gn/T/swbuild.tmp.Qwrkh9On/Data.noindex/Test/aProject/build/Debug/TargetB.framework"]), Task(forTarget: TargetA, ruleInfo: ["SymLink", "/private/var/folders/xr/m5_5rlsd6l9fk2w4ngj13k6m0000gn/T/swbuild.tmp.Qwrkh9On/Data.noindex/Test/aProject/build/Debug/TargetA.framework/Modules", "Versions/Current/Modules"]), Task(forTarget: <none>, ruleInfo: ["SwiftExplicitDependencyCompileModuleFromInterface", "x86_64", "/private/var/folders/xr/m5_5rlsd6l9fk2w4ngj13k6m0000gn/T/swbuild.tmp.Qwrkh9On/Data.noindex/Test/aProject/build/SwiftExplicitPrecompiledModules/_StringProcessing-13GX4EAKQZW8B.swiftmodule"]), Task(forTarget: TargetA, ruleInfo: ["RegisterExecutionPolicyException", "/private/var/folders/xr/m5_5rlsd6l9fk2w4ngj13k6m0000gn/T/swbuild.tmp.Qwrkh9On/Data.noindex/Test/aProject/build/Debug/TargetA.framework"]), Task(forTarget: TargetA, ruleInfo: ["Copy", "/private/var/folders/xr/m5_5rlsd6l9fk2w4ngj13k6m0000gn/T/swbuild.tmp.Qwrkh9On/Data.noindex/Test/aProject/build/Debug/TargetA.framework/Versions/A/Modules/TargetA.swiftmodule/Project/x86_64-apple-macos.swiftsourceinfo", "/private/var/folders/xr/m5_5rlsd6l9fk2w4ngj13k6m0000gn/T/swbuild.tmp.Qwrkh9On/Data.noindex/Test/aProject/build/aProject.build/Debug/TargetA.build/Objects-normal/x86_64/TargetA.swiftsourceinfo"]), Task(forTarget: <none>, ruleInfo: ["Gate", "target-TargetB-T-TargetB-21793--copy-headers-completion"]), Task(forTarget: <none>, ruleInfo: ["Gate", "target-TargetB-T-TargetB-21793--TestEntryPointTaskProducerFactory"]), Task(forTarget: TargetA, ruleInfo: ["Gate", "target-TargetA-T-TargetA-21785--immediate"]), Task(forTarget: <none>, ruleInfo: ["Gate", "target-TargetA-T-TargetA-21785--Barrier-RegisterProduct"]), Task(forTarget: <none>, ruleInfo: ["Gate", "target-TargetB-T-TargetB-21793--Barrier-Validate"]), Task(forTarget: TargetB, ruleInfo: ["Copy", "/private/var/folders/xr/m5_5rlsd6l9fk2w4ngj13k6m0000gn/T/swbuild.tmp.Qwrkh9On/Data.noindex/Test/aProject/build/Debug/TargetB.framework/Versions/A/Modules/TargetB.swiftmodule/x86_64-apple-macos.swiftmodule", "/private/var/folders/xr/m5_5rlsd6l9fk2w4ngj13k6m0000gn/T/swbuild.tmp.Qwrkh9On/Data.noindex/Test/aProject/build/aProject.build/Debug/TargetB.build/Objects-normal/x86_64/TargetB.swiftmodule"]), Task(forTarget: TargetB, ruleInfo: ["WriteAuxiliaryFile", "/private/var/folders/xr/m5_5rlsd6l9fk2w4ngj13k6m0000gn/T/swbuild.tmp.Qwrkh9On/Data.noindex/Test/aProject/build/aProject.build/Debug/TargetB.build/TargetB-generated-files.hmap"]), Task(forTarget: TargetA, ruleInfo: ["Gate", "target-TargetA-T-TargetA-21785--begin-compiling"]), Task(forTarget: TargetA, ruleInfo: ["WriteAuxiliaryFile", "/private/var/folders/xr/m5_5rlsd6l9fk2w4ngj13k6m0000gn/T/swbuild.tmp.Qwrkh9On/Data.noindex/Test/aProject/build/aProject.build/Debug/TargetA.build/TargetA.hmap"]), Task(forTarget: TargetA, ruleInfo: ["SwiftEmitModule", "normal", "x86_64", "Emitting module for TargetA"]), Task(forTarget: TargetB, ruleInfo: ["Gate", "target-TargetB-T-TargetB-21793--begin-compiling"]), Task(forTarget: <none>, ruleInfo: ["Gate", "target-TargetB-T-TargetB-21793--SwiftPackageCopyFilesTaskProducer"]), Task(forTarget: <none>, ruleInfo: ["Gate", "target-TargetA-T-TargetA-21785--SanitizerTaskProducer"]), Task(forTarget: TargetA, ruleInfo: ["WriteAuxiliaryFile", "/private/var/folders/xr/m5_5rlsd6l9fk2w4ngj13k6m0000gn/T/swbuild.tmp.Qwrkh9On/Data.noindex/Test/aProject/build/aProject.build/Debug/TargetA.build/TargetA-own-target-headers.hmap"]), Task(forTarget: TargetA, ruleInfo: ["WriteAuxiliaryFile", "/private/var/folders/xr/m5_5rlsd6l9fk2w4ngj13k6m0000gn/T/swbuild.tmp.Qwrkh9On/Data.noindex/Test/aProject/build/aProject.build/Debug/TargetA.build/Objects-normal/x86_64/TargetA.LinkFileList"]), Task(forTarget: TargetA, ruleInfo: ["SwiftCompile", "normal", "x86_64", "Compiling fileA1.swift", "/private/var/folders/xr/m5_5rlsd6l9fk2w4ngj13k6m0000gn/T/swbuild.tmp.Qwrkh9On/Data.noindex/Test/aProject/Sources/fileA1.swift"])]
↳ Occasionally fails in CI due to SwiftExplicitDependencyCompileModuleFromInterface missing from the dependency graph
━ Test swiftEagerCompilationWithExplicitModules() recorded a known issue at SwiftDriverTests.swift:3586:55: Issue recorded
↳ Task Task(forTarget: TargetB, ruleInfo: ["SwiftCompile", "normal", "x86_64", "Compiling fileB2.swift", "/private/var/folders/xr/m5_5rlsd6l9fk2w4ngj13k6m0000gn/T/swbuild.tmp.Qwrkh9On/Data.noindex/Test/aProject/Sources/fileB2.swift"]) does not follow any tasks matching [Rule matches [SWBTestSupport.StringPattern.equal("SwiftExplicitDependencyCompileModuleFromInterface"), SWBTestSupport.StringPattern.equal("normal"), SWBTestSupport.StringPattern.equal("x86_64"), SWBTestSupport.StringPattern.contains("Swift-")]]. Found: [] in [Task(forTarget: TargetA, ruleInfo: ["Ld", "/private/var/folders/xr/m5_5rlsd6l9fk2w4ngj13k6m0000gn/T/swbuild.tmp.Qwrkh9On/Data.noindex/Test/aProject/build/Debug/TargetA.framework/Versions/A/TargetA", "normal"]), Task(forTarget: <none>, ruleInfo: ["Gate", "target-TargetA-T-TargetA-21785--Barrier-RegisterExecutionPolicyException"]), Task(forTarget: TargetA, ruleInfo: ["MkDir", "/private/var/folders/xr/m5_5rlsd6l9fk2w4ngj13k6m0000gn/T/swbuild.tmp.Qwrkh9On/Data.noindex/Test/aProject/build/Debug/TargetA.framework/Versions"]), Task(forTarget: TargetA, ruleInfo: ["SymLink", "/private/var/folders/xr/m5_5rlsd6l9fk2w4ngj13k6m0000gn/T/swbuild.tmp.Qwrkh9On/Data.noindex/Test/aProject/build/EagerLinkingTBDs/Debug/TargetA.framework/TargetA.tbd", "/private/var/folders/xr/m5_5rlsd6l9fk2w4ngj13k6m0000gn/T/swbuild.tmp.Qwrkh9On/Data.noindex/Test/aProject/build/EagerLinkingTBDs/Debug/TargetA.framework/Versions/A/TargetA.tbd"]), Task(forTarget: <none>, ruleInfo: ["Gate", "target-TargetB-T-TargetB-21793--GeneratedFilesTaskProducer"]), Task(forTarget: TargetA, ruleInfo: ["ExtractAppIntentsMetadata"]), Task(forTarget: TargetB, ruleInfo: ["MkDir", "/private/var/folders/xr/m5_5rlsd6l9fk2w4ngj13k6m0000gn/T/swbuild.tmp.Qwrkh9On/Data.noindex/Test/aProject/build/Debug/TargetB.framework/Versions/A/Headers"]), Task(forTarget: <none>, ruleInfo: ["Gate", "target-TargetA-T-TargetA-21785--Barrier-StripSymbols"]), Task(forTarget: TargetB, ruleInfo: ["SwiftDriver Compilation", "TargetB", "normal", "x86_64", "com.apple.xcode.tools.swift.compiler"]), Task(forTarget: TargetB, ruleInfo: ["WriteAuxiliaryFile", "/private/var/folders/xr/m5_5rlsd6l9fk2w4ngj13k6m0000gn/T/swbuild.tmp.Qwrkh9On/Data.noindex/Test/aProject/build/aProject.build/Debug/TargetB.build/Objects-normal/x86_64/TargetB.SwiftConstValuesFileList"]), Task(forTarget: <none>, ruleInfo: ["Gate", "target-TargetB-T-TargetB-21793--TAPISymbolExtractorTaskProducer"]), Task(forTarget: <none>, ruleInfo: ["Gate", "target-TargetB-T-TargetB-21793--swift-generated-headers"]), Task(forTarget: <none>, ruleInfo: ["Gate", "target-TargetB-T-TargetB-21793--ProductPostprocessingTaskProducer"]), Task(forTarget: <none>, ruleInfo: ["Gate", "target-TargetB-T-TargetB-21793--RealityAssetsTaskProducer"]), Task(forTarget: <none>, ruleInfo: ["Gate", "target-TargetA-T-TargetA-21785--Barrier-CopyAside"]), Task(forTarget: <none>, ruleInfo: ["SwiftExplicitDependencyGeneratePcm", "x86_64", "/private/var/folders/xr/m5_5rlsd6l9fk2w4ngj13k6m0000gn/T/swbuild.tmp.Qwrkh9On/Data.noindex/Test/aProject/build/SwiftExplicitPrecompiledModules/SwiftShims-E7NR5GGR9Z7GY7PSRPSK1C6L1.pcm"]), Task(forTarget: TargetA, ruleInfo: ["Copy", "/private/var/folders/xr/m5_5rlsd6l9fk2w4ngj13k6m0000gn/T/swbuild.tmp.Qwrkh9On/Data.noindex/Test/aProject/build/Debug/TargetA.framework/Versions/A/Modules/TargetA.swiftmodule/x86_64-apple-macos.swiftdoc", "/private/var/folders/xr/m5_5rlsd6l9fk2w4ngj13k6m0000gn/T/swbuild.tmp.Qwrkh9On/Data.noindex/Test/aProject/build/aProject.build/Debug/TargetA.build/Objects-normal/x86_64/TargetA.swiftdoc"]), Task(forTarget: TargetB, ruleInfo: ["Gate", "target-TargetB-T-TargetB-21793--begin-scanning"]), Task(forTarget: <none>, ruleInfo: ["Gate", "target-TargetB-T-TargetB-21793--ModuleVerifierTaskProducer"]), Task(forTarget: TargetA, ruleInfo: ["SymLink", "/private/var/folders/xr/m5_5rlsd6l9fk2w4ngj13k6m0000gn/T/swbuild.tmp.Qwrkh9On/Data.noindex/Test/aProject/build/Debug/TargetA.framework/Headers", "Versions/Current/Headers"]), Task(forTarget: TargetB, ruleInfo: ["SwiftCompile", "normal", "x86_64", "Compiling fileB2.swift", "/private/var/folders/xr/m5_5rlsd6l9fk2w4ngj13k6m0000gn/T/swbuild.tmp.Qwrkh9On/Data.noindex/Test/aProject/Sources/fileB2.swift"]), Task(forTarget: TargetB, ruleInfo: ["Gate", "target-TargetB-T-TargetB-21793--linker-inputs-ready"]), Task(forTarget: <none>, ruleInfo: ["Gate", "target-TargetA-T-TargetA-21785--Barrier-ChangePermissions"]), Task(forTarget: TargetA, ruleInfo: ["WriteAuxiliaryFile", "/private/var/folders/xr/m5_5rlsd6l9fk2w4ngj13k6m0000gn/T/swbuild.tmp.Qwrkh9On/Data.noindex/Test/aProject/build/aProject.build/Debug/TargetA.build/TargetA-all-target-headers.hmap"]), Task(forTarget: TargetA, ruleInfo: ["SwiftDriver Compilation Requirements", "TargetA", "normal", "x86_64", "com.apple.xcode.tools.swift.compiler"]), Task(forTarget: TargetA, ruleInfo: ["WriteAuxiliaryFile", "/private/var/folders/xr/m5_5rlsd6l9fk2w4ngj13k6m0000gn/T/swbuild.tmp.Qwrkh9On/Data.noindex/Test/aProject/build/aProject.build/Debug/TargetA.build/Objects-normal/x86_64/TargetA_const_extract_protocols.json"]), Task(forTarget: TargetA, ruleInfo: ["Gate", "target-TargetA-T-TargetA-21785--entry"]), Task(forTarget: TargetA, ruleInfo: ["WriteAuxiliaryFile", "/private/var/folders/xr/m5_5rlsd6l9fk2w4ngj13k6m0000gn/T/swbuild.tmp.Qwrkh9On/Data.noindex/Test/aProject/build/aProject.build/Debug/TargetA.build/TargetA.DependencyMetadataFileList"]), Task(forTarget: TargetA, ruleInfo: ["Copy", "/private/var/folders/xr/m5_5rlsd6l9fk2w4ngj13k6m0000gn/T/swbuild.tmp.Qwrkh9On/Data.noindex/Test/aProject/build/Debug/TargetA.framework/Versions/A/Modules/TargetA.swiftmodule/x86_64-apple-macos.swiftmodule", "/private/var/folders/xr/m5_5rlsd6l9fk2w4ngj13k6m0000gn/T/swbuild.tmp.Qwrkh9On/Data.noindex/Test/aProject/build/aProject.build/Debug/TargetA.build/Objects-normal/x86_64/TargetA.swiftmodule"]), Task(forTarget: <none>, ruleInfo: ["Gate", "target-TargetB-T-TargetB-21793--Barrier-RegisterProduct"]), Task(forTarget: TargetB, ruleInfo: ["SwiftDriver Compilation Requirements", "TargetB", "normal", "x86_64", "com.apple.xcode.tools.swift.compiler"]), Task(forTarget: <none>, ruleInfo: ["Gate", "target-TargetB-T-TargetB-21793--StubBinaryTaskProducer"]), Task(forTarget: TargetB, ruleInfo: ["Gate", "target-TargetB-T-TargetB-21793--entry"]), Task(forTarget: <none>, ruleInfo: ["SwiftExplicitDependencyCompileModuleFromInterface", "x86_64", "/private/var/folders/xr/m5_5rlsd6l9fk2w4ngj13k6m0000gn/T/swbuild.tmp.Qwrkh9On/Data.noindex/Test/aProject/build/SwiftExplicitPrecompiledModules/Swift-1039YR9EBE61.swiftmodule"]), Task(forTarget: <none>, ruleInfo: ["Gate", "target-TargetB-T-TargetB-21793--GenerateAppPlaygroundAssetCatalogTaskProducer"]), Task(forTarget: TargetB, ruleInfo: ["Gate", "target-TargetB-T-TargetB-21793--begin-linking"]), Task(forTarget: TargetA, ruleInfo: ["WriteAuxiliaryFile", "/private/var/folders/xr/m5_5rlsd6l9fk2w4ngj13k6m0000gn/T/swbuild.tmp.Qwrkh9On/Data.noindex/Test/aProject/build/aProject.build/Debug/TargetA.build/Objects-normal/x86_64/TargetA-OutputFileMap.json"]), Task(forTarget: TargetB, ruleInfo: ["WriteAuxiliaryFile", "/private/var/folders/xr/m5_5rlsd6l9fk2w4ngj13k6m0000gn/T/swbuild.tmp.Qwrkh9On/Data.noindex/Test/aProject/build/aProject.build/Debug/TargetB.build/TargetB.DependencyMetadataFileList"]), Task(forTarget: TargetB, ruleInfo: ["WriteAuxiliaryFile", "/private/var/folders/xr/m5_5rlsd6l9fk2w4ngj13k6m0000gn/T/swbuild.tmp.Qwrkh9On/Data.noindex/Test/aProject/build/aProject.build/Debug/TargetB.build/TargetB.hmap"]), Task(forTarget: <none>, ruleInfo: ["CreateBuildDirectory", "/private/var/folders/xr/m5_5rlsd6l9fk2w4ngj13k6m0000gn/T/swbuild.tmp.Qwrkh9On/Data.noindex/Test/aProject/build/SharedPrecompiledHeaders"]), Task(forTarget: TargetA, ruleInfo: ["Gate", "target-TargetA-T-TargetA-21785--unsigned-product-ready"]), Task(forTarget: TargetA, ruleInfo: ["Gate", "target-TargetA-T-TargetA-21785--will-sign"]), Task(forTarget: TargetB, ruleInfo: ["Copy", "/private/var/folders/xr/m5_5rlsd6l9fk2w4ngj13k6m0000gn/T/swbuild.tmp.Qwrkh9On/Data.noindex/Test/aProject/build/Debug/TargetB.framework/Versions/A/Modules/TargetB.swiftmodule/Project/x86_64-apple-macos.swiftsourceinfo", "/private/var/folders/xr/m5_5rlsd6l9fk2w4ngj13k6m0000gn/T/swbuild.tmp.Qwrkh9On/Data.noindex/Test/aProject/build/aProject.build/Debug/TargetB.build/Objects-normal/x86_64/TargetB.swiftsourceinfo"]), Task(forTarget: TargetA, ruleInfo: ["WriteAuxiliaryFile", "/private/var/folders/xr/m5_5rlsd6l9fk2w4ngj13k6m0000gn/T/swbuild.tmp.Qwrkh9On/Data.noindex/Test/aProject/build/aProject.build/Debug/TargetA.build/TargetA-generated-files.hmap"]), Task(forTarget: TargetA, ruleInfo: ["Gate", "target-TargetA-T-TargetA-21785--linker-inputs-ready"]), Task(forTarget: <none>, ruleInfo: ["Gate", "target-TargetB-T-TargetB-21793--Barrier-GenerateStubAPI"]), Task(forTarget: <none>, ruleInfo: ["Gate", "target-TargetA-T-TargetA-21785--ModuleVerifierTaskProducer"]), Task(forTarget: <none>, ruleInfo: ["Gate", "target-TargetB-T-TargetB-21793--SwiftFrameworkABICheckerTaskProducer"]), Task(forTarget: TargetB, ruleInfo: ["Gate", "target-TargetB-T-TargetB-21793--end"]), Task(forTarget: TargetB, ruleInfo: ["WriteAuxiliaryFile", "/private/var/folders/xr/m5_5rlsd6l9fk2w4ngj13k6m0000gn/T/swbuild.tmp.Qwrkh9On/Data.noindex/Test/aProject/build/aProject.build/Debug/TargetB.build/TargetB-all-target-headers.hmap"]), Task(forTarget: <none>, ruleInfo: ["SwiftExplicitDependencyGeneratePcm", "x86_64", "/private/var/folders/xr/m5_5rlsd6l9fk2w4ngj13k6m0000gn/T/swbuild.tmp.Qwrkh9On/Data.noindex/Test/aProject/build/SwiftExplicitPrecompiledModules/_SwiftConcurrencyShims-BUR8XM1R06AS02RWV63HPG1KR.pcm"]), Task(forTarget: <none>, ruleInfo: ["Gate", "target-TargetB-T-TargetB-21793--Barrier-ChangePermissions"]), Task(forTarget: <none>, ruleInfo: ["Gate", "target-TargetB-T-TargetB-21793--Barrier-CodeSign"]), Task(forTarget: TargetB, ruleInfo: ["Touch", "/private/var/folders/xr/m5_5rlsd6l9fk2w4ngj13k6m0000gn/T/swbuild.tmp.Qwrkh9On/Data.noindex/Test/aProject/build/Debug/TargetB.framework"]), Task(forTarget: <none>, ruleInfo: ["Gate", "target-TargetB-T-TargetB-21793--Barrier-StripSymbols"]), Task(forTarget: TargetB, ruleInfo: ["WriteAuxiliaryFile", "/private/var/folders/xr/m5_5rlsd6l9fk2w4ngj13k6m0000gn/T/swbuild.tmp.Qwrkh9On/Data.noindex/Test/aProject/build/aProject.build/Debug/TargetB.build/Objects-normal/x86_64/TargetB-OutputFileMap.json"]), Task(forTarget: TargetB, ruleInfo: ["GenerateTAPI", "/private/var/folders/xr/m5_5rlsd6l9fk2w4ngj13k6m0000gn/T/swbuild.tmp.Qwrkh9On/Data.noindex/Test/aProject/build/EagerLinkingTBDs/Debug/TargetB.framework/Versions/A/TargetB.tbd"]), Task(forTarget: TargetB, ruleInfo: ["SwiftEmitModule", "normal", "x86_64", "Emitting module for TargetB"]), Task(forTarget: TargetB, ruleInfo: ["MkDir", "/private/var/folders/xr/m5_5rlsd6l9fk2w4ngj13k6m0000gn/T/swbuild.tmp.Qwrkh9On/Data.noindex/Test/aProject/build/Debug/TargetB.framework/Versions"]), Task(forTarget: TargetA, ruleInfo: ["WriteAuxiliaryFile", "/private/var/folders/xr/m5_5rlsd6l9fk2w4ngj13k6m0000gn/T/swbuild.tmp.Qwrkh9On/Data.noindex/Test/aProject/build/aProject.build/Debug/TargetA.build/Objects-normal/x86_64/TargetA.SwiftFileList"]), Task(forTarget: TargetB, ruleInfo: ["ExtractAppIntentsMetadata"]), Task(forTarget: <none>, ruleInfo: ["Gate", "target-TargetB-T-TargetB-21793--ProductStructureTaskProducer"]), Task(forTarget: <none>, ruleInfo: ["Gate", "target-TargetB-T-TargetB-21793--HeadermapTaskProducer"]), Task(forTarget: <none>, ruleInfo: ["CreateBuildDirectory", "/private/var/folders/xr/m5_5rlsd6l9fk2w4ngj13k6m0000gn/T/swbuild.tmp.Qwrkh9On/Data.noindex/Test/aProject/build/Debug"]), Task(forTarget: TargetA, ruleInfo: ["WriteAuxiliaryFile", "/private/var/folders/xr/m5_5rlsd6l9fk2w4ngj13k6m0000gn/T/swbuild.tmp.Qwrkh9On/Data.noindex/Test/aProject/build/aProject.build/Debug/TargetA.build/TargetA.DependencyStaticMetadataFileList"]), Task(forTarget: <none>, ruleInfo: ["Gate", "target-TargetB-T-TargetB-21793--ExtensionPointExtractorTaskProducer"]), Task(forTarget: <none>, ruleInfo: ["Gate", "target-TargetB-T-TargetB-21793--SwiftStandardLibrariesTaskProducer"]), Task(forTarget: TargetA, ruleInfo: ["Copy", "/private/var/folders/xr/m5_5rlsd6l9fk2w4ngj13k6m0000gn/T/swbuild.tmp.Qwrkh9On/Data.noindex/Test/aProject/build/Debug/TargetA.framework/Versions/A/Modules/TargetA.swiftmodule/x86_64-apple-macos.abi.json", "/private/var/folders/xr/m5_5rlsd6l9fk2w4ngj13k6m0000gn/T/swbuild.tmp.Qwrkh9On/Data.noindex/Test/aProject/build/aProject.build/Debug/TargetA.build/Objects-normal/x86_64/TargetA.abi.json"]), Task(forTarget: <none>, ruleInfo: ["CreateBuildDirectory", "/private/var/folders/xr/m5_5rlsd6l9fk2w4ngj13k6m0000gn/T/swbuild.tmp.Qwrkh9On/Data.noindex/Test/aProject/build/ExplicitPrecompiledModules"]), Task(forTarget: TargetB, ruleInfo: ["Gate", "target-TargetB-T-TargetB-21793--immediate"]), Task(forTarget: <none>, ruleInfo: ["Gate", "target-TargetA-T-TargetA-21785--AppExtensionInfoPlistGeneratorTaskProducer"]), Task(forTarget: TargetB, ruleInfo: ["SymLink", "/private/var/folders/xr/m5_5rlsd6l9fk2w4ngj13k6m0000gn/T/swbuild.tmp.Qwrkh9On/Data.noindex/Test/aProject/build/Debug/TargetB.framework/Modules", "Versions/Current/Modules"]), Task(forTarget: <none>, ruleInfo: ["Gate", "target-TargetA-T-TargetA-21785--swift-generated-headers"]), Task(forTarget: <none>, ruleInfo: ["Gate", "target-TargetB-T-TargetB-21793--InfoPlistTaskProducer"]), Task(forTarget: <none>, ruleInfo: ["Gate", "target-TargetB-T-TargetB-21793--AppExtensionInfoPlistGeneratorTaskProducer"]), Task(forTarget: TargetB, ruleInfo: ["SwiftDriver", "TargetB", "normal", "x86_64", "com.apple.xcode.tools.swift.compiler"]), Task(forTarget: <none>, ruleInfo: ["Gate", "target-TargetA-T-TargetA-21785--CopySwiftPackageResourcesTaskProducer"]), Task(forTarget: <none>, ruleInfo: ["Gate", "target-TargetA-T-TargetA-21785--ProductStructureTaskProducer"]), Task(forTarget: TargetA, ruleInfo: ["SymLink", "/private/var/folders/xr/m5_5rlsd6l9fk2w4ngj13k6m0000gn/T/swbuild.tmp.Qwrkh9On/Data.noindex/Test/aProject/build/Debug/TargetA.framework/Versions/Current", "A"]), Task(forTarget: TargetA, ruleInfo: ["SwiftMergeGeneratedHeaders", "/private/var/folders/xr/m5_5rlsd6l9fk2w4ngj13k6m0000gn/T/swbuild.tmp.Qwrkh9On/Data.noindex/Test/aProject/build/Debug/TargetA.framework/Versions/A/Headers/TargetA-Swift.h", "/private/var/folders/xr/m5_5rlsd6l9fk2w4ngj13k6m0000gn/T/swbuild.tmp.Qwrkh9On/Data.noindex/Test/aProject/build/aProject.build/Debug/TargetA.build/Objects-normal/x86_64/TargetA-Swift.h"]), Task(forTarget: <none>, ruleInfo: ["Gate", "target-TargetA-T-TargetA-21785--ProductPostprocessingTaskProducer"]), Task(forTarget: TargetB, ruleInfo: ["Copy", "/private/var/folders/xr/m5_5rlsd6l9fk2w4ngj13k6m0000gn/T/swbuild.tmp.Qwrkh9On/Data.noindex/Test/aProject/build/Debug/TargetB.framework/Versions/A/Modules/TargetB.swiftmodule/x86_64-apple-macos.swiftdoc", "/private/var/folders/xr/m5_5rlsd6l9fk2w4ngj13k6m0000gn/T/swbuild.tmp.Qwrkh9On/Data.noindex/Test/aProject/build/aProject.build/Debug/TargetB.build/Objects-normal/x86_64/TargetB.swiftdoc"]), Task(forTarget: <none>, ruleInfo: ["Gate", "target-TargetA-T-TargetA-21785--DocumentationTaskProducer"]), Task(forTarget: TargetB, ruleInfo: ["SymLink", "/private/var/folders/xr/m5_5rlsd6l9fk2w4ngj13k6m0000gn/T/swbuild.tmp.Qwrkh9On/Data.noindex/Test/aProject/build/Debug/TargetB.framework/Versions/Current", "A"]), Task(forTarget: <none>, ruleInfo: ["Gate", "target-TargetA-T-TargetA-21785--InfoPlistTaskProducer"]), Task(forTarget: <none>, ruleInfo: ["CreateBuildDirectory", "/private/var/folders/xr/m5_5rlsd6l9fk2w4ngj13k6m0000gn/T/swbuild.tmp.Qwrkh9On/Data.noindex/Test/aProject/build"]), Task(forTarget: <none>, ruleInfo: ["Gate", "target-TargetA-T-TargetA-21785--SwiftABIBaselineGenerationTaskProducer"]), Task(forTarget: TargetA, ruleInfo: ["SwiftDriver Compilation", "TargetA", "normal", "x86_64", "com.apple.xcode.tools.swift.compiler"]), Task(forTarget: TargetB, ruleInfo: ["SwiftMergeGeneratedHeaders", "/private/var/folders/xr/m5_5rlsd6l9fk2w4ngj13k6m0000gn/T/swbuild.tmp.Qwrkh9On/Data.noindex/Test/aProject/build/Debug/TargetB.framework/Versions/A/Headers/TargetB-Swift.h", "/private/var/folders/xr/m5_5rlsd6l9fk2w4ngj13k6m0000gn/T/swbuild.tmp.Qwrkh9On/Data.noindex/Test/aProject/build/aProject.build/Debug/TargetB.build/Objects-normal/x86_64/TargetB-Swift.h"]), Task(forTarget: TargetB, ruleInfo: ["Ld", "/private/var/folders/xr/m5_5rlsd6l9fk2w4ngj13k6m0000gn/T/swbuild.tmp.Qwrkh9On/Data.noindex/Test/aProject/build/Debug/TargetB.framework/Versions/A/TargetB", "normal"]), Task(forTarget: TargetB, ruleInfo: ["WriteAuxiliaryFile", "/private/var/folders/xr/m5_5rlsd6l9fk2w4ngj13k6m0000gn/T/swbuild.tmp.Qwrkh9On/Data.noindex/Test/aProject/build/aProject.build/Debug/TargetB.build/TargetB-all-non-framework-target-headers.hmap"]), Task(forTarget: <none>, ruleInfo: ["Gate", "target-TargetA-T-TargetA-21785--TAPISymbolExtractorTaskProducer"]), Task(forTarget: <none>, ruleInfo: ["SwiftExplicitDependencyCompileModuleFromInterface", "x86_64", "/private/var/folders/xr/m5_5rlsd6l9fk2w4ngj13k6m0000gn/T/swbuild.tmp.Qwrkh9On/Data.noindex/Test/aProject/build/SwiftExplicitPrecompiledModules/_Concurrency-2W8LU3DF58RLX.swiftmodule"]), Task(forTarget: <none>, ruleInfo: ["Gate", "target-TargetB-T-TargetB-21793--Barrier-ChangeAlternatePermissions"]), Task(forTarget: <none>, ruleInfo: ["Gate", "target-TargetA-T-TargetA-21785--SwiftPackageCopyFilesTaskProducer"]), Task(forTarget: <none>, ruleInfo: ["Gate", "target-TargetA-T-TargetA-21785--copy-headers-completion"]), Task(forTarget: <none>, ruleInfo: ["Gate", "WorkspaceHeaderMapVFSFilesWritten"]), Task(forTarget: TargetA, ruleInfo: ["Gate", "target-TargetA-T-TargetA-21785--modules-ready"]), Task(forTarget: <none>, ruleInfo: ["Gate", "target-TargetB-T-TargetB-21793--SanitizerTaskProducer"]), Task(forTarget: <none>, ruleInfo: ["Gate", "target-TargetA-T-TargetA-21785--Barrier-ChangeAlternatePermissions"]), Task(forTarget: TargetB, ruleInfo: ["SymLink", "/private/var/folders/xr/m5_5rlsd6l9fk2w4ngj13k6m0000gn/T/swbuild.tmp.Qwrkh9On/Data.noindex/Test/aProject/build/Debug/TargetB.framework/Headers", "Versions/Current/Headers"]), Task(forTarget: <none>, ruleInfo: ["CreateBuildDirectory", "/var/folders/xr/m5_5rlsd6l9fk2w4ngj13k6m0000gn/C/com.apple.DeveloperTools/26.4.1-17E202/Xcode/CompilationCache.noindex"]), Task(forTarget: <none>, ruleInfo: ["Gate", "target-TargetA-T-TargetA-21785--CustomTaskProducer"]), Task(forTarget: <none>, ruleInfo: ["Gate", "target-TargetA-T-TargetA-21785--AppIntentsMetadataTaskProducer"]), Task(forTarget: TargetB, ruleInfo: ["Copy", "/private/var/folders/xr/m5_5rlsd6l9fk2w4ngj13k6m0000gn/T/swbuild.tmp.Qwrkh9On/Data.noindex/Test/aProject/build/Debug/TargetB.framework/Versions/A/Modules/TargetB.swiftmodule/x86_64-apple-macos.abi.json", "/private/var/folders/xr/m5_5rlsd6l9fk2w4ngj13k6m0000gn/T/swbuild.tmp.Qwrkh9On/Data.noindex/Test/aProject/build/aProject.build/Debug/TargetB.build/Objects-normal/x86_64/TargetB.abi.json"]), Task(forTarget: <none>, ruleInfo: ["Gate", "target-TargetA-T-TargetA-21785--TestHostTaskProducer"]), Task(forTarget: TargetB, ruleInfo: ["WriteAuxiliaryFile", "/private/var/folders/xr/m5_5rlsd6l9fk2w4ngj13k6m0000gn/T/swbuild.tmp.Qwrkh9On/Data.noindex/Test/aProject/build/aProject.build/Debug/TargetB.build/Objects-normal/x86_64/TargetB.LinkFileList"]), Task(forTarget: <none>, ruleInfo: ["Gate", "target-TargetA-T-TargetA-21785--TestTargetPostprocessingTaskProducer"]), Task(forTarget: <none>, ruleInfo: ["Gate", "target-TargetA-T-TargetA-21785--Barrier-GenerateStubAPI"]), Task(forTarget: TargetB, ruleInfo: ["Gate", "target-TargetB-T-TargetB-21793--will-sign"]), Task(forTarget: <none>, ruleInfo: ["Gate", "target-TargetA-T-TargetA-21785--generated-headers"]), Task(forTarget: <none>, ruleInfo: ["Gate", "target-TargetB-T-TargetB-21793--Barrier-RegisterExecutionPolicyException"]), Task(forTarget: TargetB, ruleInfo: ["SymLink", "/private/var/folders/xr/m5_5rlsd6l9fk2w4ngj13k6m0000gn/T/swbuild.tmp.Qwrkh9On/Data.noindex/Test/aProject/build/EagerLinkingTBDs/Debug/TargetB.framework/TargetB.tbd", "/private/var/folders/xr/m5_5rlsd6l9fk2w4ngj13k6m0000gn/T/swbuild.tmp.Qwrkh9On/Data.noindex/Test/aProject/build/EagerLinkingTBDs/Debug/TargetB.framework/Versions/A/TargetB.tbd"]), Task(forTarget: TargetB, ruleInfo: ["WriteAuxiliaryFile", "/private/var/folders/xr/m5_5rlsd6l9fk2w4ngj13k6m0000gn/T/swbuild.tmp.Qwrkh9On/Data.noindex/Test/aProject/build/aProject.build/Debug/TargetB.build/TargetB-own-target-headers.hmap"]), Task(forTarget: TargetB, ruleInfo: ["WriteAuxiliaryFile", "/private/var/folders/xr/m5_5rlsd6l9fk2w4ngj13k6m0000gn/T/swbuild.tmp.Qwrkh9On/Data.noindex/Test/aProject/build/aProject.build/Debug/TargetB.build/TargetB-project-headers.hmap"]), Task(forTarget: <none>, ruleInfo: ["Gate", "target-TargetB-T-TargetB-21793--DocumentationTaskProducer"]), Task(forTarget: <none>, ruleInfo: ["Gate", "target-TargetA-T-TargetA-21785--TestEntryPointTaskProducerFactory"]), Task(forTarget: <none>, ruleInfo: ["Gate", "target-TargetA-T-TargetA-21785--TestTargetTaskProducer"]), Task(forTarget: TargetA, ruleInfo: ["Touch", "/private/var/folders/xr/m5_5rlsd6l9fk2w4ngj13k6m0000gn/T/swbuild.tmp.Qwrkh9On/Data.noindex/Test/aProject/build/Debug/TargetA.framework"]), Task(forTarget: <none>, ruleInfo: ["Gate", "target-TargetA-T-TargetA-21785--HeadermapTaskProducer"]), Task(forTarget: <none>, ruleInfo: ["Gate", "target-TargetB-T-TargetB-21793--fused-phase0-compile-sources&link-binary"]), Task(forTarget: TargetB, ruleInfo: ["WriteAuxiliaryFile", "/private/var/folders/xr/m5_5rlsd6l9fk2w4ngj13k6m0000gn/T/swbuild.tmp.Qwrkh9On/Data.noindex/Test/aProject/build/aProject.build/Debug/TargetB.build/TargetB.DependencyStaticMetadataFileList"]), Task(forTarget: <none>, ruleInfo: ["Gate", "target-TargetB-T-TargetB-21793--TestTargetTaskProducer"]), Task(forTarget: <none>, ruleInfo: ["Gate", "target-TargetA-T-TargetA-21785--RealityAssetsTaskProducer"]), Task(forTarget: <none>, ruleInfo: ["Gate", "target-TargetB-T-TargetB-21793--CustomTaskProducer"]), Task(forTarget: TargetB, ruleInfo: ["RegisterExecutionPolicyException", "/private/var/folders/xr/m5_5rlsd6l9fk2w4ngj13k6m0000gn/T/swbuild.tmp.Qwrkh9On/Data.noindex/Test/aProject/build/Debug/TargetB.framework"]), Task(forTarget: TargetA, ruleInfo: ["WriteAuxiliaryFile", "/private/var/folders/xr/m5_5rlsd6l9fk2w4ngj13k6m0000gn/T/swbuild.tmp.Qwrkh9On/Data.noindex/Test/aProject/build/aProject.build/Debug/TargetA.build/TargetA-all-non-framework-target-headers.hmap"]), Task(forTarget: TargetB, ruleInfo: ["SwiftCompile", "normal", "x86_64", "Compiling fileB1.swift", "/private/var/folders/xr/m5_5rlsd6l9fk2w4ngj13k6m0000gn/T/swbuild.tmp.Qwrkh9On/Data.noindex/Test/aProject/Sources/fileB1.swift"]), Task(forTarget: <none>, ruleInfo: ["Gate", "target-TargetA-T-TargetA-21785--Barrier-CodeSign"]), Task(forTarget: <none>, ruleInfo: ["Gate", "target-TargetB-T-TargetB-21793--AppIntentsMetadataTaskProducer"]), Task(forTarget: TargetB, ruleInfo: ["Gate", "target-TargetB-T-TargetB-21793--unsigned-product-ready"]), Task(forTarget: TargetA, ruleInfo: ["SwiftDriver", "TargetA", "normal", "x86_64", "com.apple.xcode.tools.swift.compiler"]), Task(forTarget: TargetA, ruleInfo: ["Gate", "target-TargetA-T-TargetA-21785--end"]), Task(forTarget: TargetA, ruleInfo: ["Gate", "target-TargetA-T-TargetA-21785--begin-scanning"]), Task(forTarget: TargetB, ruleInfo: ["WriteAuxiliaryFile", "/private/var/folders/xr/m5_5rlsd6l9fk2w4ngj13k6m0000gn/T/swbuild.tmp.Qwrkh9On/Data.noindex/Test/aProject/build/aProject.build/Debug/TargetB.build/Objects-normal/x86_64/TargetB_const_extract_protocols.json"]), Task(forTarget: <none>, ruleInfo: ["Gate", "target-TargetA-T-TargetA-21785--StubBinaryTaskProducer"]), Task(forTarget: TargetB, ruleInfo: ["MkDir", "/private/var/folders/xr/m5_5rlsd6l9fk2w4ngj13k6m0000gn/T/swbuild.tmp.Qwrkh9On/Data.noindex/Test/aProject/build/Debug/TargetB.framework/Versions/A"]), Task(forTarget: TargetA, ruleInfo: ["SwiftCompile", "normal", "x86_64", "Compiling fileA2.swift", "/private/var/folders/xr/m5_5rlsd6l9fk2w4ngj13k6m0000gn/T/swbuild.tmp.Qwrkh9On/Data.noindex/Test/aProject/Sources/fileA2.swift"]), Task(forTarget: <none>, ruleInfo: ["Gate", "target-TargetA-T-TargetA-21785--fused-phase0-compile-sources"]), Task(forTarget: <none>, ruleInfo: ["Gate", "target-TargetA-T-TargetA-21785--ModuleMapTaskProducer"]), Task(forTarget: <none>, ruleInfo: ["Gate", "target-TargetA-T-TargetA-21785--GeneratedFilesTaskProducer"]), Task(forTarget: <none>, ruleInfo: ["Gate", "target-TargetA-T-TargetA-21785--SwiftStandardLibrariesTaskProducer"]), Task(forTarget: TargetA, ruleInfo: ["GenerateTAPI", "/private/var/folders/xr/m5_5rlsd6l9fk2w4ngj13k6m0000gn/T/swbuild.tmp.Qwrkh9On/Data.noindex/Test/aProject/build/EagerLinkingTBDs/Debug/TargetA.framework/Versions/A/TargetA.tbd"]), Task(forTarget: <none>, ruleInfo: ["Gate", "target-TargetA-T-TargetA-21785--Barrier-Validate"]), Task(forTarget: TargetB, ruleInfo: ["WriteAuxiliaryFile", "/private/var/folders/xr/m5_5rlsd6l9fk2w4ngj13k6m0000gn/T/swbuild.tmp.Qwrkh9On/Data.noindex/Test/aProject/build/aProject.build/Debug/TargetB.build/Objects-normal/x86_64/TargetB.SwiftFileList"]), Task(forTarget: TargetA, ruleInfo: ["MkDir", "/private/var/folders/xr/m5_5rlsd6l9fk2w4ngj13k6m0000gn/T/swbuild.tmp.Qwrkh9On/Data.noindex/Test/aProject/build/Debug/TargetA.framework"]), Task(forTarget: <none>, ruleInfo: ["Gate", "target-TargetA-T-TargetA-21785--ExtensionPointExtractorTaskProducer"]), Task(forTarget: TargetA, ruleInfo: ["SymLink", "/private/var/folders/xr/m5_5rlsd6l9fk2w4ngj13k6m0000gn/T/swbuild.tmp.Qwrkh9On/Data.noindex/Test/aProject/build/Debug/TargetA.framework/TargetA", "Versions/Current/TargetA"]), Task(forTarget: TargetA, ruleInfo: ["MkDir", "/private/var/folders/xr/m5_5rlsd6l9fk2w4ngj13k6m0000gn/T/swbuild.tmp.Qwrkh9On/Data.noindex/Test/aProject/build/Debug/TargetA.framework/Versions/A"]), Task(forTarget: <none>, ruleInfo: ["Gate", "target-TargetB-T-TargetB-21793--generated-headers"]), Task(forTarget: <none>, ruleInfo: ["Gate", "target-TargetA-T-TargetA-21785--SwiftFrameworkABICheckerTaskProducer"]), Task(forTarget: TargetB, ruleInfo: ["Gate", "target-TargetB-T-TargetB-21793--modules-ready"]), Task(forTarget: <none>, ruleInfo: ["ClangStatCache", "/Applications/Xcode17E.app/Contents/Developer/Toolchains/XcodeDefault.xctoolchain/usr/bin/clang-stat-cache", "/Applications/Xcode17E.app/Contents/Developer/Platforms/MacOSX.platform/Developer/SDKs/MacOSX26.4.sdk", "/private/var/folders/xr/m5_5rlsd6l9fk2w4ngj13k6m0000gn/T/swbuild.tmp.Qwrkh9On/Data.noindex/Test/SDKStatCaches.noindex/macosx26.4-25E260-95aa6cf8f3effd57bda17e0c125410c0.sdkstatcache"]), Task(forTarget: TargetB, ruleInfo: ["SymLink", "/private/var/folders/xr/m5_5rlsd6l9fk2w4ngj13k6m0000gn/T/swbuild.tmp.Qwrkh9On/Data.noindex/Test/aProject/build/Debug/TargetB.framework/TargetB", "Versions/Current/TargetB"]), Task(forTarget: TargetA, ruleInfo: ["MkDir", "/private/var/folders/xr/m5_5rlsd6l9fk2w4ngj13k6m0000gn/T/swbuild.tmp.Qwrkh9On/Data.noindex/Test/aProject/build/Debug/TargetA.framework/Versions/A/Headers"]), Task(forTarget: <none>, ruleInfo: ["Gate", "target-TargetB-T-TargetB-21793--TestHostTaskProducer"]), Task(forTarget: TargetA, ruleInfo: ["Gate", "target-TargetA-T-TargetA-21785--begin-linking"]), Task(forTarget: <none>, ruleInfo: ["Gate", "target-TargetB-T-TargetB-21793--ModuleMapTaskProducer"]), Task(forTarget: <none>, ruleInfo: ["CreateBuildDirectory", "/private/var/folders/xr/m5_5rlsd6l9fk2w4ngj13k6m0000gn/T/swbuild.tmp.Qwrkh9On/Data.noindex/Test/aProject/build/SwiftExplicitPrecompiledModules"]), Task(forTarget: <none>, ruleInfo: ["Gate", "target-TargetB-T-TargetB-21793--SwiftABIBaselineGenerationTaskProducer"]), Task(forTarget: <none>, ruleInfo: ["Gate", "target-TargetB-T-TargetB-21793--TestTargetPostprocessingTaskProducer"]), Task(forTarget: <none>, ruleInfo: ["CreateBuildDirectory", "/private/var/folders/xr/m5_5rlsd6l9fk2w4ngj13k6m0000gn/T/swbuild.tmp.Qwrkh9On/Data.noindex/Test/aProject/build/EagerLinkingTBDs/Debug"]), Task(forTarget: TargetA, ruleInfo: ["WriteAuxiliaryFile", "/private/var/folders/xr/m5_5rlsd6l9fk2w4ngj13k6m0000gn/T/swbuild.tmp.Qwrkh9On/Data.noindex/Test/aProject/build/aProject.build/Debug/TargetA.build/Objects-normal/x86_64/TargetA.SwiftConstValuesFileList"]), Task(forTarget: <none>, ruleInfo: ["Gate", "target-TargetA-T-TargetA-21785--GenerateAppPlaygroundAssetCatalogTaskProducer"]), Task(forTarget: <none>, ruleInfo: ["WriteAuxiliaryFile", "/private/var/folders/xr/m5_5rlsd6l9fk2w4ngj13k6m0000gn/T/swbuild.tmp.Qwrkh9On/Data.noindex/Test/aProject/build/aProject.build/Debug/aProject-P21796-VFS/all-product-headers.yaml"]), Task(forTarget: <none>, ruleInfo: ["Gate", "target-TargetB-T-TargetB-21793--CopySwiftPackageResourcesTaskProducer"]), Task(forTarget: <none>, ruleInfo: ["Gate", "target-TargetB-T-TargetB-21793--Barrier-CopyAside"]), Task(forTarget: TargetA, ruleInfo: ["WriteAuxiliaryFile", "/private/var/folders/xr/m5_5rlsd6l9fk2w4ngj13k6m0000gn/T/swbuild.tmp.Qwrkh9On/Data.noindex/Test/aProject/build/aProject.build/Debug/TargetA.build/TargetA-project-headers.hmap"]), Task(forTarget: TargetB, ruleInfo: ["MkDir", "/private/var/folders/xr/m5_5rlsd6l9fk2w4ngj13k6m0000gn/T/swbuild.tmp.Qwrkh9On/Data.noindex/Test/aProject/build/Debug/TargetB.framework"]), Task(forTarget: TargetA, ruleInfo: ["SymLink", "/private/var/folders/xr/m5_5rlsd6l9fk2w4ngj13k6m0000gn/T/swbuild.tmp.Qwrkh9On/Data.noindex/Test/aProject/build/Debug/TargetA.framework/Modules", "Versions/Current/Modules"]), Task(forTarget: <none>, ruleInfo: ["SwiftExplicitDependencyCompileModuleFromInterface", "x86_64", "/private/var/folders/xr/m5_5rlsd6l9fk2w4ngj13k6m0000gn/T/swbuild.tmp.Qwrkh9On/Data.noindex/Test/aProject/build/SwiftExplicitPrecompiledModules/_StringProcessing-13GX4EAKQZW8B.swiftmodule"]), Task(forTarget: TargetA, ruleInfo: ["RegisterExecutionPolicyException", "/private/var/folders/xr/m5_5rlsd6l9fk2w4ngj13k6m0000gn/T/swbuild.tmp.Qwrkh9On/Data.noindex/Test/aProject/build/Debug/TargetA.framework"]), Task(forTarget: TargetA, ruleInfo: ["Copy", "/private/var/folders/xr/m5_5rlsd6l9fk2w4ngj13k6m0000gn/T/swbuild.tmp.Qwrkh9On/Data.noindex/Test/aProject/build/Debug/TargetA.framework/Versions/A/Modules/TargetA.swiftmodule/Project/x86_64-apple-macos.swiftsourceinfo", "/private/var/folders/xr/m5_5rlsd6l9fk2w4ngj13k6m0000gn/T/swbuild.tmp.Qwrkh9On/Data.noindex/Test/aProject/build/aProject.build/Debug/TargetA.build/Objects-normal/x86_64/TargetA.swiftsourceinfo"]), Task(forTarget: <none>, ruleInfo: ["Gate", "target-TargetB-T-TargetB-21793--copy-headers-completion"]), Task(forTarget: <none>, ruleInfo: ["Gate", "target-TargetB-T-TargetB-21793--TestEntryPointTaskProducerFactory"]), Task(forTarget: TargetA, ruleInfo: ["Gate", "target-TargetA-T-TargetA-21785--immediate"]), Task(forTarget: <none>, ruleInfo: ["Gate", "target-TargetA-T-TargetA-21785--Barrier-RegisterProduct"]), Task(forTarget: <none>, ruleInfo: ["Gate", "target-TargetB-T-TargetB-21793--Barrier-Validate"]), Task(forTarget: TargetB, ruleInfo: ["Copy", "/private/var/folders/xr/m5_5rlsd6l9fk2w4ngj13k6m0000gn/T/swbuild.tmp.Qwrkh9On/Data.noindex/Test/aProject/build/Debug/TargetB.framework/Versions/A/Modules/TargetB.swiftmodule/x86_64-apple-macos.swiftmodule", "/private/var/folders/xr/m5_5rlsd6l9fk2w4ngj13k6m0000gn/T/swbuild.tmp.Qwrkh9On/Data.noindex/Test/aProject/build/aProject.build/Debug/TargetB.build/Objects-normal/x86_64/TargetB.swiftmodule"]), Task(forTarget: TargetB, ruleInfo: ["WriteAuxiliaryFile", "/private/var/folders/xr/m5_5rlsd6l9fk2w4ngj13k6m0000gn/T/swbuild.tmp.Qwrkh9On/Data.noindex/Test/aProject/build/aProject.build/Debug/TargetB.build/TargetB-generated-files.hmap"]), Task(forTarget: TargetA, ruleInfo: ["Gate", "target-TargetA-T-TargetA-21785--begin-compiling"]), Task(forTarget: TargetA, ruleInfo: ["WriteAuxiliaryFile", "/private/var/folders/xr/m5_5rlsd6l9fk2w4ngj13k6m0000gn/T/swbuild.tmp.Qwrkh9On/Data.noindex/Test/aProject/build/aProject.build/Debug/TargetA.build/TargetA.hmap"]), Task(forTarget: TargetA, ruleInfo: ["SwiftEmitModule", "normal", "x86_64", "Emitting module for TargetA"]), Task(forTarget: TargetB, ruleInfo: ["Gate", "target-TargetB-T-TargetB-21793--begin-compiling"]), Task(forTarget: <none>, ruleInfo: ["Gate", "target-TargetB-T-TargetB-21793--SwiftPackageCopyFilesTaskProducer"]), Task(forTarget: <none>, ruleInfo: ["Gate", "target-TargetA-T-TargetA-21785--SanitizerTaskProducer"]), Task(forTarget: TargetA, ruleInfo: ["WriteAuxiliaryFile", "/private/var/folders/xr/m5_5rlsd6l9fk2w4ngj13k6m0000gn/T/swbuild.tmp.Qwrkh9On/Data.noindex/Test/aProject/build/aProject.build/Debug/TargetA.build/TargetA-own-target-headers.hmap"]), Task(forTarget: TargetA, ruleInfo: ["WriteAuxiliaryFile", "/private/var/folders/xr/m5_5rlsd6l9fk2w4ngj13k6m0000gn/T/swbuild.tmp.Qwrkh9On/Data.noindex/Test/aProject/build/aProject.build/Debug/TargetA.build/Objects-normal/x86_64/TargetA.LinkFileList"]), Task(forTarget: TargetA, ruleInfo: ["SwiftCompile", "normal", "x86_64", "Compiling fileA1.swift", "/private/var/folders/xr/m5_5rlsd6l9fk2w4ngj13k6m0000gn/T/swbuild.tmp.Qwrkh9On/Data.noindex/Test/aProject/Sources/fileA1.swift"])]
↳ Occasionally fails in CI due to SwiftExplicitDependencyCompileModuleFromInterface missing from the dependency graph
━ Test swiftEagerCompilationWithExplicitModules() recorded a known issue at SwiftDriverTests.swift:3587:55: Issue recorded
↳ Task Task(forTarget: TargetB, ruleInfo: ["SwiftCompile", "normal", "x86_64", "Compiling fileB2.swift", "/private/var/folders/xr/m5_5rlsd6l9fk2w4ngj13k6m0000gn/T/swbuild.tmp.Qwrkh9On/Data.noindex/Test/aProject/Sources/fileB2.swift"]) does not follow any tasks matching [Rule matches [SWBTestSupport.StringPattern.equal("SwiftExplicitDependencyCompileModuleFromInterface"), SWBTestSupport.StringPattern.equal("normal"), SWBTestSupport.StringPattern.equal("x86_64"), SWBTestSupport.StringPattern.contains("_Concurrency-")]]. Found: [] in [Task(forTarget: TargetA, ruleInfo: ["Ld", "/private/var/folders/xr/m5_5rlsd6l9fk2w4ngj13k6m0000gn/T/swbuild.tmp.Qwrkh9On/Data.noindex/Test/aProject/build/Debug/TargetA.framework/Versions/A/TargetA", "normal"]), Task(forTarget: <none>, ruleInfo: ["Gate", "target-TargetA-T-TargetA-21785--Barrier-RegisterExecutionPolicyException"]), Task(forTarget: TargetA, ruleInfo: ["MkDir", "/private/var/folders/xr/m5_5rlsd6l9fk2w4ngj13k6m0000gn/T/swbuild.tmp.Qwrkh9On/Data.noindex/Test/aProject/build/Debug/TargetA.framework/Versions"]), Task(forTarget: TargetA, ruleInfo: ["SymLink", "/private/var/folders/xr/m5_5rlsd6l9fk2w4ngj13k6m0000gn/T/swbuild.tmp.Qwrkh9On/Data.noindex/Test/aProject/build/EagerLinkingTBDs/Debug/TargetA.framework/TargetA.tbd", "/private/var/folders/xr/m5_5rlsd6l9fk2w4ngj13k6m0000gn/T/swbuild.tmp.Qwrkh9On/Data.noindex/Test/aProject/build/EagerLinkingTBDs/Debug/TargetA.framework/Versions/A/TargetA.tbd"]), Task(forTarget: <none>, ruleInfo: ["Gate", "target-TargetB-T-TargetB-21793--GeneratedFilesTaskProducer"]), Task(forTarget: TargetA, ruleInfo: ["ExtractAppIntentsMetadata"]), Task(forTarget: TargetB, ruleInfo: ["MkDir", "/private/var/folders/xr/m5_5rlsd6l9fk2w4ngj13k6m0000gn/T/swbuild.tmp.Qwrkh9On/Data.noindex/Test/aProject/build/Debug/TargetB.framework/Versions/A/Headers"]), Task(forTarget: <none>, ruleInfo: ["Gate", "target-TargetA-T-TargetA-21785--Barrier-StripSymbols"]), Task(forTarget: TargetB, ruleInfo: ["SwiftDriver Compilation", "TargetB", "normal", "x86_64", "com.apple.xcode.tools.swift.compiler"]), Task(forTarget: TargetB, ruleInfo: ["WriteAuxiliaryFile", "/private/var/folders/xr/m5_5rlsd6l9fk2w4ngj13k6m0000gn/T/swbuild.tmp.Qwrkh9On/Data.noindex/Test/aProject/build/aProject.build/Debug/TargetB.build/Objects-normal/x86_64/TargetB.SwiftConstValuesFileList"]), Task(forTarget: <none>, ruleInfo: ["Gate", "target-TargetB-T-TargetB-21793--TAPISymbolExtractorTaskProducer"]), Task(forTarget: <none>, ruleInfo: ["Gate", "target-TargetB-T-TargetB-21793--swift-generated-headers"]), Task(forTarget: <none>, ruleInfo: ["Gate", "target-TargetB-T-TargetB-21793--ProductPostprocessingTaskProducer"]), Task(forTarget: <none>, ruleInfo: ["Gate", "target-TargetB-T-TargetB-21793--RealityAssetsTaskProducer"]), Task(forTarget: <none>, ruleInfo: ["Gate", "target-TargetA-T-TargetA-21785--Barrier-CopyAside"]), Task(forTarget: <none>, ruleInfo: ["SwiftExplicitDependencyGeneratePcm", "x86_64", "/private/var/folders/xr/m5_5rlsd6l9fk2w4ngj13k6m0000gn/T/swbuild.tmp.Qwrkh9On/Data.noindex/Test/aProject/build/SwiftExplicitPrecompiledModules/SwiftShims-E7NR5GGR9Z7GY7PSRPSK1C6L1.pcm"]), Task(forTarget: TargetA, ruleInfo: ["Copy", "/private/var/folders/xr/m5_5rlsd6l9fk2w4ngj13k6m0000gn/T/swbuild.tmp.Qwrkh9On/Data.noindex/Test/aProject/build/Debug/TargetA.framework/Versions/A/Modules/TargetA.swiftmodule/x86_64-apple-macos.swiftdoc", "/private/var/folders/xr/m5_5rlsd6l9fk2w4ngj13k6m0000gn/T/swbuild.tmp.Qwrkh9On/Data.noindex/Test/aProject/build/aProject.build/Debug/TargetA.build/Objects-normal/x86_64/TargetA.swiftdoc"]), Task(forTarget: TargetB, ruleInfo: ["Gate", "target-TargetB-T-TargetB-21793--begin-scanning"]), Task(forTarget: <none>, ruleInfo: ["Gate", "target-TargetB-T-TargetB-21793--ModuleVerifierTaskProducer"]), Task(forTarget: TargetA, ruleInfo: ["SymLink", "/private/var/folders/xr/m5_5rlsd6l9fk2w4ngj13k6m0000gn/T/swbuild.tmp.Qwrkh9On/Data.noindex/Test/aProject/build/Debug/TargetA.framework/Headers", "Versions/Current/Headers"]), Task(forTarget: TargetB, ruleInfo: ["SwiftCompile", "normal", "x86_64", "Compiling fileB2.swift", "/private/var/folders/xr/m5_5rlsd6l9fk2w4ngj13k6m0000gn/T/swbuild.tmp.Qwrkh9On/Data.noindex/Test/aProject/Sources/fileB2.swift"]), Task(forTarget: TargetB, ruleInfo: ["Gate", "target-TargetB-T-TargetB-21793--linker-inputs-ready"]), Task(forTarget: <none>, ruleInfo: ["Gate", "target-TargetA-T-TargetA-21785--Barrier-ChangePermissions"]), Task(forTarget: TargetA, ruleInfo: ["WriteAuxiliaryFile", "/private/var/folders/xr/m5_5rlsd6l9fk2w4ngj13k6m0000gn/T/swbuild.tmp.Qwrkh9On/Data.noindex/Test/aProject/build/aProject.build/Debug/TargetA.build/TargetA-all-target-headers.hmap"]), Task(forTarget: TargetA, ruleInfo: ["SwiftDriver Compilation Requirements", "TargetA", "normal", "x86_64", "com.apple.xcode.tools.swift.compiler"]), Task(forTarget: TargetA, ruleInfo: ["WriteAuxiliaryFile", "/private/var/folders/xr/m5_5rlsd6l9fk2w4ngj13k6m0000gn/T/swbuild.tmp.Qwrkh9On/Data.noindex/Test/aProject/build/aProject.build/Debug/TargetA.build/Objects-normal/x86_64/TargetA_const_extract_protocols.json"]), Task(forTarget: TargetA, ruleInfo: ["Gate", "target-TargetA-T-TargetA-21785--entry"]), Task(forTarget: TargetA, ruleInfo: ["WriteAuxiliaryFile", "/private/var/folders/xr/m5_5rlsd6l9fk2w4ngj13k6m0000gn/T/swbuild.tmp.Qwrkh9On/Data.noindex/Test/aProject/build/aProject.build/Debug/TargetA.build/TargetA.DependencyMetadataFileList"]), Task(forTarget: TargetA, ruleInfo: ["Copy", "/private/var/folders/xr/m5_5rlsd6l9fk2w4ngj13k6m0000gn/T/swbuild.tmp.Qwrkh9On/Data.noindex/Test/aProject/build/Debug/TargetA.framework/Versions/A/Modules/TargetA.swiftmodule/x86_64-apple-macos.swiftmodule", "/private/var/folders/xr/m5_5rlsd6l9fk2w4ngj13k6m0000gn/T/swbuild.tmp.Qwrkh9On/Data.noindex/Test/aProject/build/aProject.build/Debug/TargetA.build/Objects-normal/x86_64/TargetA.swiftmodule"]), Task(forTarget: <none>, ruleInfo: ["Gate", "target-TargetB-T-TargetB-21793--Barrier-RegisterProduct"]), Task(forTarget: TargetB, ruleInfo: ["SwiftDriver Compilation Requirements", "TargetB", "normal", "x86_64", "com.apple.xcode.tools.swift.compiler"]), Task(forTarget: <none>, ruleInfo: ["Gate", "target-TargetB-T-TargetB-21793--StubBinaryTaskProducer"]), Task(forTarget: TargetB, ruleInfo: ["Gate", "target-TargetB-T-TargetB-21793--entry"]), Task(forTarget: <none>, ruleInfo: ["SwiftExplicitDependencyCompileModuleFromInterface", "x86_64", "/private/var/folders/xr/m5_5rlsd6l9fk2w4ngj13k6m0000gn/T/swbuild.tmp.Qwrkh9On/Data.noindex/Test/aProject/build/SwiftExplicitPrecompiledModules/Swift-1039YR9EBE61.swiftmodule"]), Task(forTarget: <none>, ruleInfo: ["Gate", "target-TargetB-T-TargetB-21793--GenerateAppPlaygroundAssetCatalogTaskProducer"]), Task(forTarget: TargetB, ruleInfo: ["Gate", "target-TargetB-T-TargetB-21793--begin-linking"]), Task(forTarget: TargetA, ruleInfo: ["WriteAuxiliaryFile", "/private/var/folders/xr/m5_5rlsd6l9fk2w4ngj13k6m0000gn/T/swbuild.tmp.Qwrkh9On/Data.noindex/Test/aProject/build/aProject.build/Debug/TargetA.build/Objects-normal/x86_64/TargetA-OutputFileMap.json"]), Task(forTarget: TargetB, ruleInfo: ["WriteAuxiliaryFile", "/private/var/folders/xr/m5_5rlsd6l9fk2w4ngj13k6m0000gn/T/swbuild.tmp.Qwrkh9On/Data.noindex/Test/aProject/build/aProject.build/Debug/TargetB.build/TargetB.DependencyMetadataFileList"]), Task(forTarget: TargetB, ruleInfo: ["WriteAuxiliaryFile", "/private/var/folders/xr/m5_5rlsd6l9fk2w4ngj13k6m0000gn/T/swbuild.tmp.Qwrkh9On/Data.noindex/Test/aProject/build/aProject.build/Debug/TargetB.build/TargetB.hmap"]), Task(forTarget: <none>, ruleInfo: ["CreateBuildDirectory", "/private/var/folders/xr/m5_5rlsd6l9fk2w4ngj13k6m0000gn/T/swbuild.tmp.Qwrkh9On/Data.noindex/Test/aProject/build/SharedPrecompiledHeaders"]), Task(forTarget: TargetA, ruleInfo: ["Gate", "target-TargetA-T-TargetA-21785--unsigned-product-ready"]), Task(forTarget: TargetA, ruleInfo: ["Gate", "target-TargetA-T-TargetA-21785--will-sign"]), Task(forTarget: TargetB, ruleInfo: ["Copy", "/private/var/folders/xr/m5_5rlsd6l9fk2w4ngj13k6m0000gn/T/swbuild.tmp.Qwrkh9On/Data.noindex/Test/aProject/build/Debug/TargetB.framework/Versions/A/Modules/TargetB.swiftmodule/Project/x86_64-apple-macos.swiftsourceinfo", "/private/var/folders/xr/m5_5rlsd6l9fk2w4ngj13k6m0000gn/T/swbuild.tmp.Qwrkh9On/Data.noindex/Test/aProject/build/aProject.build/Debug/TargetB.build/Objects-normal/x86_64/TargetB.swiftsourceinfo"]), Task(forTarget: TargetA, ruleInfo: ["WriteAuxiliaryFile", "/private/var/folders/xr/m5_5rlsd6l9fk2w4ngj13k6m0000gn/T/swbuild.tmp.Qwrkh9On/Data.noindex/Test/aProject/build/aProject.build/Debug/TargetA.build/TargetA-generated-files.hmap"]), Task(forTarget: TargetA, ruleInfo: ["Gate", "target-TargetA-T-TargetA-21785--linker-inputs-ready"]), Task(forTarget: <none>, ruleInfo: ["Gate", "target-TargetB-T-TargetB-21793--Barrier-GenerateStubAPI"]), Task(forTarget: <none>, ruleInfo: ["Gate", "target-TargetA-T-TargetA-21785--ModuleVerifierTaskProducer"]), Task(forTarget: <none>, ruleInfo: ["Gate", "target-TargetB-T-TargetB-21793--SwiftFrameworkABICheckerTaskProducer"]), Task(forTarget: TargetB, ruleInfo: ["Gate", "target-TargetB-T-TargetB-21793--end"]), Task(forTarget: TargetB, ruleInfo: ["WriteAuxiliaryFile", "/private/var/folders/xr/m5_5rlsd6l9fk2w4ngj13k6m0000gn/T/swbuild.tmp.Qwrkh9On/Data.noindex/Test/aProject/build/aProject.build/Debug/TargetB.build/TargetB-all-target-headers.hmap"]), Task(forTarget: <none>, ruleInfo: ["SwiftExplicitDependencyGeneratePcm", "x86_64", "/private/var/folders/xr/m5_5rlsd6l9fk2w4ngj13k6m0000gn/T/swbuild.tmp.Qwrkh9On/Data.noindex/Test/aProject/build/SwiftExplicitPrecompiledModules/_SwiftConcurrencyShims-BUR8XM1R06AS02RWV63HPG1KR.pcm"]), Task(forTarget: <none>, ruleInfo: ["Gate", "target-TargetB-T-TargetB-21793--Barrier-ChangePermissions"]), Task(forTarget: <none>, ruleInfo: ["Gate", "target-TargetB-T-TargetB-21793--Barrier-CodeSign"]), Task(forTarget: TargetB, ruleInfo: ["Touch", "/private/var/folders/xr/m5_5rlsd6l9fk2w4ngj13k6m0000gn/T/swbuild.tmp.Qwrkh9On/Data.noindex/Test/aProject/build/Debug/TargetB.framework"]), Task(forTarget: <none>, ruleInfo: ["Gate", "target-TargetB-T-TargetB-21793--Barrier-StripSymbols"]), Task(forTarget: TargetB, ruleInfo: ["WriteAuxiliaryFile", "/private/var/folders/xr/m5_5rlsd6l9fk2w4ngj13k6m0000gn/T/swbuild.tmp.Qwrkh9On/Data.noindex/Test/aProject/build/aProject.build/Debug/TargetB.build/Objects-normal/x86_64/TargetB-OutputFileMap.json"]), Task(forTarget: TargetB, ruleInfo: ["GenerateTAPI", "/private/var/folders/xr/m5_5rlsd6l9fk2w4ngj13k6m0000gn/T/swbuild.tmp.Qwrkh9On/Data.noindex/Test/aProject/build/EagerLinkingTBDs/Debug/TargetB.framework/Versions/A/TargetB.tbd"]), Task(forTarget: TargetB, ruleInfo: ["SwiftEmitModule", "normal", "x86_64", "Emitting module for TargetB"]), Task(forTarget: TargetB, ruleInfo: ["MkDir", "/private/var/folders/xr/m5_5rlsd6l9fk2w4ngj13k6m0000gn/T/swbuild.tmp.Qwrkh9On/Data.noindex/Test/aProject/build/Debug/TargetB.framework/Versions"]), Task(forTarget: TargetA, ruleInfo: ["WriteAuxiliaryFile", "/private/var/folders/xr/m5_5rlsd6l9fk2w4ngj13k6m0000gn/T/swbuild.tmp.Qwrkh9On/Data.noindex/Test/aProject/build/aProject.build/Debug/TargetA.build/Objects-normal/x86_64/TargetA.SwiftFileList"]), Task(forTarget: TargetB, ruleInfo: ["ExtractAppIntentsMetadata"]), Task(forTarget: <none>, ruleInfo: ["Gate", "target-TargetB-T-TargetB-21793--ProductStructureTaskProducer"]), Task(forTarget: <none>, ruleInfo: ["Gate", "target-TargetB-T-TargetB-21793--HeadermapTaskProducer"]), Task(forTarget: <none>, ruleInfo: ["CreateBuildDirectory", "/private/var/folders/xr/m5_5rlsd6l9fk2w4ngj13k6m0000gn/T/swbuild.tmp.Qwrkh9On/Data.noindex/Test/aProject/build/Debug"]), Task(forTarget: TargetA, ruleInfo: ["WriteAuxiliaryFile", "/private/var/folders/xr/m5_5rlsd6l9fk2w4ngj13k6m0000gn/T/swbuild.tmp.Qwrkh9On/Data.noindex/Test/aProject/build/aProject.build/Debug/TargetA.build/TargetA.DependencyStaticMetadataFileList"]), Task(forTarget: <none>, ruleInfo: ["Gate", "target-TargetB-T-TargetB-21793--ExtensionPointExtractorTaskProducer"]), Task(forTarget: <none>, ruleInfo: ["Gate", "target-TargetB-T-TargetB-21793--SwiftStandardLibrariesTaskProducer"]), Task(forTarget: TargetA, ruleInfo: ["Copy", "/private/var/folders/xr/m5_5rlsd6l9fk2w4ngj13k6m0000gn/T/swbuild.tmp.Qwrkh9On/Data.noindex/Test/aProject/build/Debug/TargetA.framework/Versions/A/Modules/TargetA.swiftmodule/x86_64-apple-macos.abi.json", "/private/var/folders/xr/m5_5rlsd6l9fk2w4ngj13k6m0000gn/T/swbuild.tmp.Qwrkh9On/Data.noindex/Test/aProject/build/aProject.build/Debug/TargetA.build/Objects-normal/x86_64/TargetA.abi.json"]), Task(forTarget: <none>, ruleInfo: ["CreateBuildDirectory", "/private/var/folders/xr/m5_5rlsd6l9fk2w4ngj13k6m0000gn/T/swbuild.tmp.Qwrkh9On/Data.noindex/Test/aProject/build/ExplicitPrecompiledModules"]), Task(forTarget: TargetB, ruleInfo: ["Gate", "target-TargetB-T-TargetB-21793--immediate"]), Task(forTarget: <none>, ruleInfo: ["Gate", "target-TargetA-T-TargetA-21785--AppExtensionInfoPlistGeneratorTaskProducer"]), Task(forTarget: TargetB, ruleInfo: ["SymLink", "/private/var/folders/xr/m5_5rlsd6l9fk2w4ngj13k6m0000gn/T/swbuild.tmp.Qwrkh9On/Data.noindex/Test/aProject/build/Debug/TargetB.framework/Modules", "Versions/Current/Modules"]), Task(forTarget: <none>, ruleInfo: ["Gate", "target-TargetA-T-TargetA-21785--swift-generated-headers"]), Task(forTarget: <none>, ruleInfo: ["Gate", "target-TargetB-T-TargetB-21793--InfoPlistTaskProducer"]), Task(forTarget: <none>, ruleInfo: ["Gate", "target-TargetB-T-TargetB-21793--AppExtensionInfoPlistGeneratorTaskProducer"]), Task(forTarget: TargetB, ruleInfo: ["SwiftDriver", "TargetB", "normal", "x86_64", "com.apple.xcode.tools.swift.compiler"]), Task(forTarget: <none>, ruleInfo: ["Gate", "target-TargetA-T-TargetA-21785--CopySwiftPackageResourcesTaskProducer"]), Task(forTarget: <none>, ruleInfo: ["Gate", "target-TargetA-T-TargetA-21785--ProductStructureTaskProducer"]), Task(forTarget: TargetA, ruleInfo: ["SymLink", "/private/var/folders/xr/m5_5rlsd6l9fk2w4ngj13k6m0000gn/T/swbuild.tmp.Qwrkh9On/Data.noindex/Test/aProject/build/Debug/TargetA.framework/Versions/Current", "A"]), Task(forTarget: TargetA, ruleInfo: ["SwiftMergeGeneratedHeaders", "/private/var/folders/xr/m5_5rlsd6l9fk2w4ngj13k6m0000gn/T/swbuild.tmp.Qwrkh9On/Data.noindex/Test/aProject/build/Debug/TargetA.framework/Versions/A/Headers/TargetA-Swift.h", "/private/var/folders/xr/m5_5rlsd6l9fk2w4ngj13k6m0000gn/T/swbuild.tmp.Qwrkh9On/Data.noindex/Test/aProject/build/aProject.build/Debug/TargetA.build/Objects-normal/x86_64/TargetA-Swift.h"]), Task(forTarget: <none>, ruleInfo: ["Gate", "target-TargetA-T-TargetA-21785--ProductPostprocessingTaskProducer"]), Task(forTarget: TargetB, ruleInfo: ["Copy", "/private/var/folders/xr/m5_5rlsd6l9fk2w4ngj13k6m0000gn/T/swbuild.tmp.Qwrkh9On/Data.noindex/Test/aProject/build/Debug/TargetB.framework/Versions/A/Modules/TargetB.swiftmodule/x86_64-apple-macos.swiftdoc", "/private/var/folders/xr/m5_5rlsd6l9fk2w4ngj13k6m0000gn/T/swbuild.tmp.Qwrkh9On/Data.noindex/Test/aProject/build/aProject.build/Debug/TargetB.build/Objects-normal/x86_64/TargetB.swiftdoc"]), Task(forTarget: <none>, ruleInfo: ["Gate", "target-TargetA-T-TargetA-21785--DocumentationTaskProducer"]), Task(forTarget: TargetB, ruleInfo: ["SymLink", "/private/var/folders/xr/m5_5rlsd6l9fk2w4ngj13k6m0000gn/T/swbuild.tmp.Qwrkh9On/Data.noindex/Test/aProject/build/Debug/TargetB.framework/Versions/Current", "A"]), Task(forTarget: <none>, ruleInfo: ["Gate", "target-TargetA-T-TargetA-21785--InfoPlistTaskProducer"]), Task(forTarget: <none>, ruleInfo: ["CreateBuildDirectory", "/private/var/folders/xr/m5_5rlsd6l9fk2w4ngj13k6m0000gn/T/swbuild.tmp.Qwrkh9On/Data.noindex/Test/aProject/build"]), Task(forTarget: <none>, ruleInfo: ["Gate", "target-TargetA-T-TargetA-21785--SwiftABIBaselineGenerationTaskProducer"]), Task(forTarget: TargetA, ruleInfo: ["SwiftDriver Compilation", "TargetA", "normal", "x86_64", "com.apple.xcode.tools.swift.compiler"]), Task(forTarget: TargetB, ruleInfo: ["SwiftMergeGeneratedHeaders", "/private/var/folders/xr/m5_5rlsd6l9fk2w4ngj13k6m0000gn/T/swbuild.tmp.Qwrkh9On/Data.noindex/Test/aProject/build/Debug/TargetB.framework/Versions/A/Headers/TargetB-Swift.h", "/private/var/folders/xr/m5_5rlsd6l9fk2w4ngj13k6m0000gn/T/swbuild.tmp.Qwrkh9On/Data.noindex/Test/aProject/build/aProject.build/Debug/TargetB.build/Objects-normal/x86_64/TargetB-Swift.h"]), Task(forTarget: TargetB, ruleInfo: ["Ld", "/private/var/folders/xr/m5_5rlsd6l9fk2w4ngj13k6m0000gn/T/swbuild.tmp.Qwrkh9On/Data.noindex/Test/aProject/build/Debug/TargetB.framework/Versions/A/TargetB", "normal"]), Task(forTarget: TargetB, ruleInfo: ["WriteAuxiliaryFile", "/private/var/folders/xr/m5_5rlsd6l9fk2w4ngj13k6m0000gn/T/swbuild.tmp.Qwrkh9On/Data.noindex/Test/aProject/build/aProject.build/Debug/TargetB.build/TargetB-all-non-framework-target-headers.hmap"]), Task(forTarget: <none>, ruleInfo: ["Gate", "target-TargetA-T-TargetA-21785--TAPISymbolExtractorTaskProducer"]), Task(forTarget: <none>, ruleInfo: ["SwiftExplicitDependencyCompileModuleFromInterface", "x86_64", "/private/var/folders/xr/m5_5rlsd6l9fk2w4ngj13k6m0000gn/T/swbuild.tmp.Qwrkh9On/Data.noindex/Test/aProject/build/SwiftExplicitPrecompiledModules/_Concurrency-2W8LU3DF58RLX.swiftmodule"]), Task(forTarget: <none>, ruleInfo: ["Gate", "target-TargetB-T-TargetB-21793--Barrier-ChangeAlternatePermissions"]), Task(forTarget: <none>, ruleInfo: ["Gate", "target-TargetA-T-TargetA-21785--SwiftPackageCopyFilesTaskProducer"]), Task(forTarget: <none>, ruleInfo: ["Gate", "target-TargetA-T-TargetA-21785--copy-headers-completion"]), Task(forTarget: <none>, ruleInfo: ["Gate", "WorkspaceHeaderMapVFSFilesWritten"]), Task(forTarget: TargetA, ruleInfo: ["Gate", "target-TargetA-T-TargetA-21785--modules-ready"]), Task(forTarget: <none>, ruleInfo: ["Gate", "target-TargetB-T-TargetB-21793--SanitizerTaskProducer"]), Task(forTarget: <none>, ruleInfo: ["Gate", "target-TargetA-T-TargetA-21785--Barrier-ChangeAlternatePermissions"]), Task(forTarget: TargetB, ruleInfo: ["SymLink", "/private/var/folders/xr/m5_5rlsd6l9fk2w4ngj13k6m0000gn/T/swbuild.tmp.Qwrkh9On/Data.noindex/Test/aProject/build/Debug/TargetB.framework/Headers", "Versions/Current/Headers"]), Task(forTarget: <none>, ruleInfo: ["CreateBuildDirectory", "/var/folders/xr/m5_5rlsd6l9fk2w4ngj13k6m0000gn/C/com.apple.DeveloperTools/26.4.1-17E202/Xcode/CompilationCache.noindex"]), Task(forTarget: <none>, ruleInfo: ["Gate", "target-TargetA-T-TargetA-21785--CustomTaskProducer"]), Task(forTarget: <none>, ruleInfo: ["Gate", "target-TargetA-T-TargetA-21785--AppIntentsMetadataTaskProducer"]), Task(forTarget: TargetB, ruleInfo: ["Copy", "/private/var/folders/xr/m5_5rlsd6l9fk2w4ngj13k6m0000gn/T/swbuild.tmp.Qwrkh9On/Data.noindex/Test/aProject/build/Debug/TargetB.framework/Versions/A/Modules/TargetB.swiftmodule/x86_64-apple-macos.abi.json", "/private/var/folders/xr/m5_5rlsd6l9fk2w4ngj13k6m0000gn/T/swbuild.tmp.Qwrkh9On/Data.noindex/Test/aProject/build/aProject.build/Debug/TargetB.build/Objects-normal/x86_64/TargetB.abi.json"]), Task(forTarget: <none>, ruleInfo: ["Gate", "target-TargetA-T-TargetA-21785--TestHostTaskProducer"]), Task(forTarget: TargetB, ruleInfo: ["WriteAuxiliaryFile", "/private/var/folders/xr/m5_5rlsd6l9fk2w4ngj13k6m0000gn/T/swbuild.tmp.Qwrkh9On/Data.noindex/Test/aProject/build/aProject.build/Debug/TargetB.build/Objects-normal/x86_64/TargetB.LinkFileList"]), Task(forTarget: <none>, ruleInfo: ["Gate", "target-TargetA-T-TargetA-21785--TestTargetPostprocessingTaskProducer"]), Task(forTarget: <none>, ruleInfo: ["Gate", "target-TargetA-T-TargetA-21785--Barrier-GenerateStubAPI"]), Task(forTarget: TargetB, ruleInfo: ["Gate", "target-TargetB-T-TargetB-21793--will-sign"]), Task(forTarget: <none>, ruleInfo: ["Gate", "target-TargetA-T-TargetA-21785--generated-headers"]), Task(forTarget: <none>, ruleInfo: ["Gate", "target-TargetB-T-TargetB-21793--Barrier-RegisterExecutionPolicyException"]), Task(forTarget: TargetB, ruleInfo: ["SymLink", "/private/var/folders/xr/m5_5rlsd6l9fk2w4ngj13k6m0000gn/T/swbuild.tmp.Qwrkh9On/Data.noindex/Test/aProject/build/EagerLinkingTBDs/Debug/TargetB.framework/TargetB.tbd", "/private/var/folders/xr/m5_5rlsd6l9fk2w4ngj13k6m0000gn/T/swbuild.tmp.Qwrkh9On/Data.noindex/Test/aProject/build/EagerLinkingTBDs/Debug/TargetB.framework/Versions/A/TargetB.tbd"]), Task(forTarget: TargetB, ruleInfo: ["WriteAuxiliaryFile", "/private/var/folders/xr/m5_5rlsd6l9fk2w4ngj13k6m0000gn/T/swbuild.tmp.Qwrkh9On/Data.noindex/Test/aProject/build/aProject.build/Debug/TargetB.build/TargetB-own-target-headers.hmap"]), Task(forTarget: TargetB, ruleInfo: ["WriteAuxiliaryFile", "/private/var/folders/xr/m5_5rlsd6l9fk2w4ngj13k6m0000gn/T/swbuild.tmp.Qwrkh9On/Data.noindex/Test/aProject/build/aProject.build/Debug/TargetB.build/TargetB-project-headers.hmap"]), Task(forTarget: <none>, ruleInfo: ["Gate", "target-TargetB-T-TargetB-21793--DocumentationTaskProducer"]), Task(forTarget: <none>, ruleInfo: ["Gate", "target-TargetA-T-TargetA-21785--TestEntryPointTaskProducerFactory"]), Task(forTarget: <none>, ruleInfo: ["Gate", "target-TargetA-T-TargetA-21785--TestTargetTaskProducer"]), Task(forTarget: TargetA, ruleInfo: ["Touch", "/private/var/folders/xr/m5_5rlsd6l9fk2w4ngj13k6m0000gn/T/swbuild.tmp.Qwrkh9On/Data.noindex/Test/aProject/build/Debug/TargetA.framework"]), Task(forTarget: <none>, ruleInfo: ["Gate", "target-TargetA-T-TargetA-21785--HeadermapTaskProducer"]), Task(forTarget: <none>, ruleInfo: ["Gate", "target-TargetB-T-TargetB-21793--fused-phase0-compile-sources&link-binary"]), Task(forTarget: TargetB, ruleInfo: ["WriteAuxiliaryFile", "/private/var/folders/xr/m5_5rlsd6l9fk2w4ngj13k6m0000gn/T/swbuild.tmp.Qwrkh9On/Data.noindex/Test/aProject/build/aProject.build/Debug/TargetB.build/TargetB.DependencyStaticMetadataFileList"]), Task(forTarget: <none>, ruleInfo: ["Gate", "target-TargetB-T-TargetB-21793--TestTargetTaskProducer"]), Task(forTarget: <none>, ruleInfo: ["Gate", "target-TargetA-T-TargetA-21785--RealityAssetsTaskProducer"]), Task(forTarget: <none>, ruleInfo: ["Gate", "target-TargetB-T-TargetB-21793--CustomTaskProducer"]), Task(forTarget: TargetB, ruleInfo: ["RegisterExecutionPolicyException", "/private/var/folders/xr/m5_5rlsd6l9fk2w4ngj13k6m0000gn/T/swbuild.tmp.Qwrkh9On/Data.noindex/Test/aProject/build/Debug/TargetB.framework"]), Task(forTarget: TargetA, ruleInfo: ["WriteAuxiliaryFile", "/private/var/folders/xr/m5_5rlsd6l9fk2w4ngj13k6m0000gn/T/swbuild.tmp.Qwrkh9On/Data.noindex/Test/aProject/build/aProject.build/Debug/TargetA.build/TargetA-all-non-framework-target-headers.hmap"]), Task(forTarget: TargetB, ruleInfo: ["SwiftCompile", "normal", "x86_64", "Compiling fileB1.swift", "/private/var/folders/xr/m5_5rlsd6l9fk2w4ngj13k6m0000gn/T/swbuild.tmp.Qwrkh9On/Data.noindex/Test/aProject/Sources/fileB1.swift"]), Task(forTarget: <none>, ruleInfo: ["Gate", "target-TargetA-T-TargetA-21785--Barrier-CodeSign"]), Task(forTarget: <none>, ruleInfo: ["Gate", "target-TargetB-T-TargetB-21793--AppIntentsMetadataTaskProducer"]), Task(forTarget: TargetB, ruleInfo: ["Gate", "target-TargetB-T-TargetB-21793--unsigned-product-ready"]), Task(forTarget: TargetA, ruleInfo: ["SwiftDriver", "TargetA", "normal", "x86_64", "com.apple.xcode.tools.swift.compiler"]), Task(forTarget: TargetA, ruleInfo: ["Gate", "target-TargetA-T-TargetA-21785--end"]), Task(forTarget: TargetA, ruleInfo: ["Gate", "target-TargetA-T-TargetA-21785--begin-scanning"]), Task(forTarget: TargetB, ruleInfo: ["WriteAuxiliaryFile", "/private/var/folders/xr/m5_5rlsd6l9fk2w4ngj13k6m0000gn/T/swbuild.tmp.Qwrkh9On/Data.noindex/Test/aProject/build/aProject.build/Debug/TargetB.build/Objects-normal/x86_64/TargetB_const_extract_protocols.json"]), Task(forTarget: <none>, ruleInfo: ["Gate", "target-TargetA-T-TargetA-21785--StubBinaryTaskProducer"]), Task(forTarget: TargetB, ruleInfo: ["MkDir", "/private/var/folders/xr/m5_5rlsd6l9fk2w4ngj13k6m0000gn/T/swbuild.tmp.Qwrkh9On/Data.noindex/Test/aProject/build/Debug/TargetB.framework/Versions/A"]), Task(forTarget: TargetA, ruleInfo: ["SwiftCompile", "normal", "x86_64", "Compiling fileA2.swift", "/private/var/folders/xr/m5_5rlsd6l9fk2w4ngj13k6m0000gn/T/swbuild.tmp.Qwrkh9On/Data.noindex/Test/aProject/Sources/fileA2.swift"]), Task(forTarget: <none>, ruleInfo: ["Gate", "target-TargetA-T-TargetA-21785--fused-phase0-compile-sources"]), Task(forTarget: <none>, ruleInfo: ["Gate", "target-TargetA-T-TargetA-21785--ModuleMapTaskProducer"]), Task(forTarget: <none>, ruleInfo: ["Gate", "target-TargetA-T-TargetA-21785--GeneratedFilesTaskProducer"]), Task(forTarget: <none>, ruleInfo: ["Gate", "target-TargetA-T-TargetA-21785--SwiftStandardLibrariesTaskProducer"]), Task(forTarget: TargetA, ruleInfo: ["GenerateTAPI", "/private/var/folders/xr/m5_5rlsd6l9fk2w4ngj13k6m0000gn/T/swbuild.tmp.Qwrkh9On/Data.noindex/Test/aProject/build/EagerLinkingTBDs/Debug/TargetA.framework/Versions/A/TargetA.tbd"]), Task(forTarget: <none>, ruleInfo: ["Gate", "target-TargetA-T-TargetA-21785--Barrier-Validate"]), Task(forTarget: TargetB, ruleInfo: ["WriteAuxiliaryFile", "/private/var/folders/xr/m5_5rlsd6l9fk2w4ngj13k6m0000gn/T/swbuild.tmp.Qwrkh9On/Data.noindex/Test/aProject/build/aProject.build/Debug/TargetB.build/Objects-normal/x86_64/TargetB.SwiftFileList"]), Task(forTarget: TargetA, ruleInfo: ["MkDir", "/private/var/folders/xr/m5_5rlsd6l9fk2w4ngj13k6m0000gn/T/swbuild.tmp.Qwrkh9On/Data.noindex/Test/aProject/build/Debug/TargetA.framework"]), Task(forTarget: <none>, ruleInfo: ["Gate", "target-TargetA-T-TargetA-21785--ExtensionPointExtractorTaskProducer"]), Task(forTarget: TargetA, ruleInfo: ["SymLink", "/private/var/folders/xr/m5_5rlsd6l9fk2w4ngj13k6m0000gn/T/swbuild.tmp.Qwrkh9On/Data.noindex/Test/aProject/build/Debug/TargetA.framework/TargetA", "Versions/Current/TargetA"]), Task(forTarget: TargetA, ruleInfo: ["MkDir", "/private/var/folders/xr/m5_5rlsd6l9fk2w4ngj13k6m0000gn/T/swbuild.tmp.Qwrkh9On/Data.noindex/Test/aProject/build/Debug/TargetA.framework/Versions/A"]), Task(forTarget: <none>, ruleInfo: ["Gate", "target-TargetB-T-TargetB-21793--generated-headers"]), Task(forTarget: <none>, ruleInfo: ["Gate", "target-TargetA-T-TargetA-21785--SwiftFrameworkABICheckerTaskProducer"]), Task(forTarget: TargetB, ruleInfo: ["Gate", "target-TargetB-T-TargetB-21793--modules-ready"]), Task(forTarget: <none>, ruleInfo: ["ClangStatCache", "/Applications/Xcode17E.app/Contents/Developer/Toolchains/XcodeDefault.xctoolchain/usr/bin/clang-stat-cache", "/Applications/Xcode17E.app/Contents/Developer/Platforms/MacOSX.platform/Developer/SDKs/MacOSX26.4.sdk", "/private/var/folders/xr/m5_5rlsd6l9fk2w4ngj13k6m0000gn/T/swbuild.tmp.Qwrkh9On/Data.noindex/Test/SDKStatCaches.noindex/macosx26.4-25E260-95aa6cf8f3effd57bda17e0c125410c0.sdkstatcache"]), Task(forTarget: TargetB, ruleInfo: ["SymLink", "/private/var/folders/xr/m5_5rlsd6l9fk2w4ngj13k6m0000gn/T/swbuild.tmp.Qwrkh9On/Data.noindex/Test/aProject/build/Debug/TargetB.framework/TargetB", "Versions/Current/TargetB"]), Task(forTarget: TargetA, ruleInfo: ["MkDir", "/private/var/folders/xr/m5_5rlsd6l9fk2w4ngj13k6m0000gn/T/swbuild.tmp.Qwrkh9On/Data.noindex/Test/aProject/build/Debug/TargetA.framework/Versions/A/Headers"]), Task(forTarget: <none>, ruleInfo: ["Gate", "target-TargetB-T-TargetB-21793--TestHostTaskProducer"]), Task(forTarget: TargetA, ruleInfo: ["Gate", "target-TargetA-T-TargetA-21785--begin-linking"]), Task(forTarget: <none>, ruleInfo: ["Gate", "target-TargetB-T-TargetB-21793--ModuleMapTaskProducer"]), Task(forTarget: <none>, ruleInfo: ["CreateBuildDirectory", "/private/var/folders/xr/m5_5rlsd6l9fk2w4ngj13k6m0000gn/T/swbuild.tmp.Qwrkh9On/Data.noindex/Test/aProject/build/SwiftExplicitPrecompiledModules"]), Task(forTarget: <none>, ruleInfo: ["Gate", "target-TargetB-T-TargetB-21793--SwiftABIBaselineGenerationTaskProducer"]), Task(forTarget: <none>, ruleInfo: ["Gate", "target-TargetB-T-TargetB-21793--TestTargetPostprocessingTaskProducer"]), Task(forTarget: <none>, ruleInfo: ["CreateBuildDirectory", "/private/var/folders/xr/m5_5rlsd6l9fk2w4ngj13k6m0000gn/T/swbuild.tmp.Qwrkh9On/Data.noindex/Test/aProject/build/EagerLinkingTBDs/Debug"]), Task(forTarget: TargetA, ruleInfo: ["WriteAuxiliaryFile", "/private/var/folders/xr/m5_5rlsd6l9fk2w4ngj13k6m0000gn/T/swbuild.tmp.Qwrkh9On/Data.noindex/Test/aProject/build/aProject.build/Debug/TargetA.build/Objects-normal/x86_64/TargetA.SwiftConstValuesFileList"]), Task(forTarget: <none>, ruleInfo: ["Gate", "target-TargetA-T-TargetA-21785--GenerateAppPlaygroundAssetCatalogTaskProducer"]), Task(forTarget: <none>, ruleInfo: ["WriteAuxiliaryFile", "/private/var/folders/xr/m5_5rlsd6l9fk2w4ngj13k6m0000gn/T/swbuild.tmp.Qwrkh9On/Data.noindex/Test/aProject/build/aProject.build/Debug/aProject-P21796-VFS/all-product-headers.yaml"]), Task(forTarget: <none>, ruleInfo: ["Gate", "target-TargetB-T-TargetB-21793--CopySwiftPackageResourcesTaskProducer"]), Task(forTarget: <none>, ruleInfo: ["Gate", "target-TargetB-T-TargetB-21793--Barrier-CopyAside"]), Task(forTarget: TargetA, ruleInfo: ["WriteAuxiliaryFile", "/private/var/folders/xr/m5_5rlsd6l9fk2w4ngj13k6m0000gn/T/swbuild.tmp.Qwrkh9On/Data.noindex/Test/aProject/build/aProject.build/Debug/TargetA.build/TargetA-project-headers.hmap"]), Task(forTarget: TargetB, ruleInfo: ["MkDir", "/private/var/folders/xr/m5_5rlsd6l9fk2w4ngj13k6m0000gn/T/swbuild.tmp.Qwrkh9On/Data.noindex/Test/aProject/build/Debug/TargetB.framework"]), Task(forTarget: TargetA, ruleInfo: ["SymLink", "/private/var/folders/xr/m5_5rlsd6l9fk2w4ngj13k6m0000gn/T/swbuild.tmp.Qwrkh9On/Data.noindex/Test/aProject/build/Debug/TargetA.framework/Modules", "Versions/Current/Modules"]), Task(forTarget: <none>, ruleInfo: ["SwiftExplicitDependencyCompileModuleFromInterface", "x86_64", "/private/var/folders/xr/m5_5rlsd6l9fk2w4ngj13k6m0000gn/T/swbuild.tmp.Qwrkh9On/Data.noindex/Test/aProject/build/SwiftExplicitPrecompiledModules/_StringProcessing-13GX4EAKQZW8B.swiftmodule"]), Task(forTarget: TargetA, ruleInfo: ["RegisterExecutionPolicyException", "/private/var/folders/xr/m5_5rlsd6l9fk2w4ngj13k6m0000gn/T/swbuild.tmp.Qwrkh9On/Data.noindex/Test/aProject/build/Debug/TargetA.framework"]), Task(forTarget: TargetA, ruleInfo: ["Copy", "/private/var/folders/xr/m5_5rlsd6l9fk2w4ngj13k6m0000gn/T/swbuild.tmp.Qwrkh9On/Data.noindex/Test/aProject/build/Debug/TargetA.framework/Versions/A/Modules/TargetA.swiftmodule/Project/x86_64-apple-macos.swiftsourceinfo", "/private/var/folders/xr/m5_5rlsd6l9fk2w4ngj13k6m0000gn/T/swbuild.tmp.Qwrkh9On/Data.noindex/Test/aProject/build/aProject.build/Debug/TargetA.build/Objects-normal/x86_64/TargetA.swiftsourceinfo"]), Task(forTarget: <none>, ruleInfo: ["Gate", "target-TargetB-T-TargetB-21793--copy-headers-completion"]), Task(forTarget: <none>, ruleInfo: ["Gate", "target-TargetB-T-TargetB-21793--TestEntryPointTaskProducerFactory"]), Task(forTarget: TargetA, ruleInfo: ["Gate", "target-TargetA-T-TargetA-21785--immediate"]), Task(forTarget: <none>, ruleInfo: ["Gate", "target-TargetA-T-TargetA-21785--Barrier-RegisterProduct"]), Task(forTarget: <none>, ruleInfo: ["Gate", "target-TargetB-T-TargetB-21793--Barrier-Validate"]), Task(forTarget: TargetB, ruleInfo: ["Copy", "/private/var/folders/xr/m5_5rlsd6l9fk2w4ngj13k6m0000gn/T/swbuild.tmp.Qwrkh9On/Data.noindex/Test/aProject/build/Debug/TargetB.framework/Versions/A/Modules/TargetB.swiftmodule/x86_64-apple-macos.swiftmodule", "/private/var/folders/xr/m5_5rlsd6l9fk2w4ngj13k6m0000gn/T/swbuild.tmp.Qwrkh9On/Data.noindex/Test/aProject/build/aProject.build/Debug/TargetB.build/Objects-normal/x86_64/TargetB.swiftmodule"]), Task(forTarget: TargetB, ruleInfo: ["WriteAuxiliaryFile", "/private/var/folders/xr/m5_5rlsd6l9fk2w4ngj13k6m0000gn/T/swbuild.tmp.Qwrkh9On/Data.noindex/Test/aProject/build/aProject.build/Debug/TargetB.build/TargetB-generated-files.hmap"]), Task(forTarget: TargetA, ruleInfo: ["Gate", "target-TargetA-T-TargetA-21785--begin-compiling"]), Task(forTarget: TargetA, ruleInfo: ["WriteAuxiliaryFile", "/private/var/folders/xr/m5_5rlsd6l9fk2w4ngj13k6m0000gn/T/swbuild.tmp.Qwrkh9On/Data.noindex/Test/aProject/build/aProject.build/Debug/TargetA.build/TargetA.hmap"]), Task(forTarget: TargetA, ruleInfo: ["SwiftEmitModule", "normal", "x86_64", "Emitting module for TargetA"]), Task(forTarget: TargetB, ruleInfo: ["Gate", "target-TargetB-T-TargetB-21793--begin-compiling"]), Task(forTarget: <none>, ruleInfo: ["Gate", "target-TargetB-T-TargetB-21793--SwiftPackageCopyFilesTaskProducer"]), Task(forTarget: <none>, ruleInfo: ["Gate", "target-TargetA-T-TargetA-21785--SanitizerTaskProducer"]), Task(forTarget: TargetA, ruleInfo: ["WriteAuxiliaryFile", "/private/var/folders/xr/m5_5rlsd6l9fk2w4ngj13k6m0000gn/T/swbuild.tmp.Qwrkh9On/Data.noindex/Test/aProject/build/aProject.build/Debug/TargetA.build/TargetA-own-target-headers.hmap"]), Task(forTarget: TargetA, ruleInfo: ["WriteAuxiliaryFile", "/private/var/folders/xr/m5_5rlsd6l9fk2w4ngj13k6m0000gn/T/swbuild.tmp.Qwrkh9On/Data.noindex/Test/aProject/build/aProject.build/Debug/TargetA.build/Objects-normal/x86_64/TargetA.LinkFileList"]), Task(forTarget: TargetA, ruleInfo: ["SwiftCompile", "normal", "x86_64", "Compiling fileA1.swift", "/private/var/folders/xr/m5_5rlsd6l9fk2w4ngj13k6m0000gn/T/swbuild.tmp.Qwrkh9On/Data.noindex/Test/aProject/Sources/fileA1.swift"])]
↳ Occasionally fails in CI due to SwiftExplicitDependencyCompileModuleFromInterface missing from the dependency graph
━ Test swiftEagerCompilationWithExplicitModules() recorded a known issue at SwiftDriverTests.swift:3588:55: Issue recorded
↳ Task Task(forTarget: TargetB, ruleInfo: ["SwiftCompile", "normal", "x86_64", "Compiling fileB2.swift", "/private/var/folders/xr/m5_5rlsd6l9fk2w4ngj13k6m0000gn/T/swbuild.tmp.Qwrkh9On/Data.noindex/Test/aProject/Sources/fileB2.swift"]) does not follow any tasks matching [Rule matches [SWBTestSupport.StringPattern.equal("SwiftExplicitDependencyCompileModuleFromInterface"), SWBTestSupport.StringPattern.equal("normal"), SWBTestSupport.StringPattern.equal("x86_64"), SWBTestSupport.StringPattern.contains("_StringProcessing-")]]. Found: [] in [Task(forTarget: TargetA, ruleInfo: ["Ld", "/private/var/folders/xr/m5_5rlsd6l9fk2w4ngj13k6m0000gn/T/swbuild.tmp.Qwrkh9On/Data.noindex/Test/aProject/build/Debug/TargetA.framework/Versions/A/TargetA", "normal"]), Task(forTarget: <none>, ruleInfo: ["Gate", "target-TargetA-T-TargetA-21785--Barrier-RegisterExecutionPolicyException"]), Task(forTarget: TargetA, ruleInfo: ["MkDir", "/private/var/folders/xr/m5_5rlsd6l9fk2w4ngj13k6m0000gn/T/swbuild.tmp.Qwrkh9On/Data.noindex/Test/aProject/build/Debug/TargetA.framework/Versions"]), Task(forTarget: TargetA, ruleInfo: ["SymLink", "/private/var/folders/xr/m5_5rlsd6l9fk2w4ngj13k6m0000gn/T/swbuild.tmp.Qwrkh9On/Data.noindex/Test/aProject/build/EagerLinkingTBDs/Debug/TargetA.framework/TargetA.tbd", "/private/var/folders/xr/m5_5rlsd6l9fk2w4ngj13k6m0000gn/T/swbuild.tmp.Qwrkh9On/Data.noindex/Test/aProject/build/EagerLinkingTBDs/Debug/TargetA.framework/Versions/A/TargetA.tbd"]), Task(forTarget: <none>, ruleInfo: ["Gate", "target-TargetB-T-TargetB-21793--GeneratedFilesTaskProducer"]), Task(forTarget: TargetA, ruleInfo: ["ExtractAppIntentsMetadata"]), Task(forTarget: TargetB, ruleInfo: ["MkDir", "/private/var/folders/xr/m5_5rlsd6l9fk2w4ngj13k6m0000gn/T/swbuild.tmp.Qwrkh9On/Data.noindex/Test/aProject/build/Debug/TargetB.framework/Versions/A/Headers"]), Task(forTarget: <none>, ruleInfo: ["Gate", "target-TargetA-T-TargetA-21785--Barrier-StripSymbols"]), Task(forTarget: TargetB, ruleInfo: ["SwiftDriver Compilation", "TargetB", "normal", "x86_64", "com.apple.xcode.tools.swift.compiler"]), Task(forTarget: TargetB, ruleInfo: ["WriteAuxiliaryFile", "/private/var/folders/xr/m5_5rlsd6l9fk2w4ngj13k6m0000gn/T/swbuild.tmp.Qwrkh9On/Data.noindex/Test/aProject/build/aProject.build/Debug/TargetB.build/Objects-normal/x86_64/TargetB.SwiftConstValuesFileList"]), Task(forTarget: <none>, ruleInfo: ["Gate", "target-TargetB-T-TargetB-21793--TAPISymbolExtractorTaskProducer"]), Task(forTarget: <none>, ruleInfo: ["Gate", "target-TargetB-T-TargetB-21793--swift-generated-headers"]), Task(forTarget: <none>, ruleInfo: ["Gate", "target-TargetB-T-TargetB-21793--ProductPostprocessingTaskProducer"]), Task(forTarget: <none>, ruleInfo: ["Gate", "target-TargetB-T-TargetB-21793--RealityAssetsTaskProducer"]), Task(forTarget: <none>, ruleInfo: ["Gate", "target-TargetA-T-TargetA-21785--Barrier-CopyAside"]), Task(forTarget: <none>, ruleInfo: ["SwiftExplicitDependencyGeneratePcm", "x86_64", "/private/var/folders/xr/m5_5rlsd6l9fk2w4ngj13k6m0000gn/T/swbuild.tmp.Qwrkh9On/Data.noindex/Test/aProject/build/SwiftExplicitPrecompiledModules/SwiftShims-E7NR5GGR9Z7GY7PSRPSK1C6L1.pcm"]), Task(forTarget: TargetA, ruleInfo: ["Copy", "/private/var/folders/xr/m5_5rlsd6l9fk2w4ngj13k6m0000gn/T/swbuild.tmp.Qwrkh9On/Data.noindex/Test/aProject/build/Debug/TargetA.framework/Versions/A/Modules/TargetA.swiftmodule/x86_64-apple-macos.swiftdoc", "/private/var/folders/xr/m5_5rlsd6l9fk2w4ngj13k6m0000gn/T/swbuild.tmp.Qwrkh9On/Data.noindex/Test/aProject/build/aProject.build/Debug/TargetA.build/Objects-normal/x86_64/TargetA.swiftdoc"]), Task(forTarget: TargetB, ruleInfo: ["Gate", "target-TargetB-T-TargetB-21793--begin-scanning"]), Task(forTarget: <none>, ruleInfo: ["Gate", "target-TargetB-T-TargetB-21793--ModuleVerifierTaskProducer"]), Task(forTarget: TargetA, ruleInfo: ["SymLink", "/private/var/folders/xr/m5_5rlsd6l9fk2w4ngj13k6m0000gn/T/swbuild.tmp.Qwrkh9On/Data.noindex/Test/aProject/build/Debug/TargetA.framework/Headers", "Versions/Current/Headers"]), Task(forTarget: TargetB, ruleInfo: ["SwiftCompile", "normal", "x86_64", "Compiling fileB2.swift", "/private/var/folders/xr/m5_5rlsd6l9fk2w4ngj13k6m0000gn/T/swbuild.tmp.Qwrkh9On/Data.noindex/Test/aProject/Sources/fileB2.swift"]), Task(forTarget: TargetB, ruleInfo: ["Gate", "target-TargetB-T-TargetB-21793--linker-inputs-ready"]), Task(forTarget: <none>, ruleInfo: ["Gate", "target-TargetA-T-TargetA-21785--Barrier-ChangePermissions"]), Task(forTarget: TargetA, ruleInfo: ["WriteAuxiliaryFile", "/private/var/folders/xr/m5_5rlsd6l9fk2w4ngj13k6m0000gn/T/swbuild.tmp.Qwrkh9On/Data.noindex/Test/aProject/build/aProject.build/Debug/TargetA.build/TargetA-all-target-headers.hmap"]), Task(forTarget: TargetA, ruleInfo: ["SwiftDriver Compilation Requirements", "TargetA", "normal", "x86_64", "com.apple.xcode.tools.swift.compiler"]), Task(forTarget: TargetA, ruleInfo: ["WriteAuxiliaryFile", "/private/var/folders/xr/m5_5rlsd6l9fk2w4ngj13k6m0000gn/T/swbuild.tmp.Qwrkh9On/Data.noindex/Test/aProject/build/aProject.build/Debug/TargetA.build/Objects-normal/x86_64/TargetA_const_extract_protocols.json"]), Task(forTarget: TargetA, ruleInfo: ["Gate", "target-TargetA-T-TargetA-21785--entry"]), Task(forTarget: TargetA, ruleInfo: ["WriteAuxiliaryFile", "/private/var/folders/xr/m5_5rlsd6l9fk2w4ngj13k6m0000gn/T/swbuild.tmp.Qwrkh9On/Data.noindex/Test/aProject/build/aProject.build/Debug/TargetA.build/TargetA.DependencyMetadataFileList"]), Task(forTarget: TargetA, ruleInfo: ["Copy", "/private/var/folders/xr/m5_5rlsd6l9fk2w4ngj13k6m0000gn/T/swbuild.tmp.Qwrkh9On/Data.noindex/Test/aProject/build/Debug/TargetA.framework/Versions/A/Modules/TargetA.swiftmodule/x86_64-apple-macos.swiftmodule", "/private/var/folders/xr/m5_5rlsd6l9fk2w4ngj13k6m0000gn/T/swbuild.tmp.Qwrkh9On/Data.noindex/Test/aProject/build/aProject.build/Debug/TargetA.build/Objects-normal/x86_64/TargetA.swiftmodule"]), Task(forTarget: <none>, ruleInfo: ["Gate", "target-TargetB-T-TargetB-21793--Barrier-RegisterProduct"]), Task(forTarget: TargetB, ruleInfo: ["SwiftDriver Compilation Requirements", "TargetB", "normal", "x86_64", "com.apple.xcode.tools.swift.compiler"]), Task(forTarget: <none>, ruleInfo: ["Gate", "target-TargetB-T-TargetB-21793--StubBinaryTaskProducer"]), Task(forTarget: TargetB, ruleInfo: ["Gate", "target-TargetB-T-TargetB-21793--entry"]), Task(forTarget: <none>, ruleInfo: ["SwiftExplicitDependencyCompileModuleFromInterface", "x86_64", "/private/var/folders/xr/m5_5rlsd6l9fk2w4ngj13k6m0000gn/T/swbuild.tmp.Qwrkh9On/Data.noindex/Test/aProject/build/SwiftExplicitPrecompiledModules/Swift-1039YR9EBE61.swiftmodule"]), Task(forTarget: <none>, ruleInfo: ["Gate", "target-TargetB-T-TargetB-21793--GenerateAppPlaygroundAssetCatalogTaskProducer"]), Task(forTarget: TargetB, ruleInfo: ["Gate", "target-TargetB-T-TargetB-21793--begin-linking"]), Task(forTarget: TargetA, ruleInfo: ["WriteAuxiliaryFile", "/private/var/folders/xr/m5_5rlsd6l9fk2w4ngj13k6m0000gn/T/swbuild.tmp.Qwrkh9On/Data.noindex/Test/aProject/build/aProject.build/Debug/TargetA.build/Objects-normal/x86_64/TargetA-OutputFileMap.json"]), Task(forTarget: TargetB, ruleInfo: ["WriteAuxiliaryFile", "/private/var/folders/xr/m5_5rlsd6l9fk2w4ngj13k6m0000gn/T/swbuild.tmp.Qwrkh9On/Data.noindex/Test/aProject/build/aProject.build/Debug/TargetB.build/TargetB.DependencyMetadataFileList"]), Task(forTarget: TargetB, ruleInfo: ["WriteAuxiliaryFile", "/private/var/folders/xr/m5_5rlsd6l9fk2w4ngj13k6m0000gn/T/swbuild.tmp.Qwrkh9On/Data.noindex/Test/aProject/build/aProject.build/Debug/TargetB.build/TargetB.hmap"]), Task(forTarget: <none>, ruleInfo: ["CreateBuildDirectory", "/private/var/folders/xr/m5_5rlsd6l9fk2w4ngj13k6m0000gn/T/swbuild.tmp.Qwrkh9On/Data.noindex/Test/aProject/build/SharedPrecompiledHeaders"]), Task(forTarget: TargetA, ruleInfo: ["Gate", "target-TargetA-T-TargetA-21785--unsigned-product-ready"]), Task(forTarget: TargetA, ruleInfo: ["Gate", "target-TargetA-T-TargetA-21785--will-sign"]), Task(forTarget: TargetB, ruleInfo: ["Copy", "/private/var/folders/xr/m5_5rlsd6l9fk2w4ngj13k6m0000gn/T/swbuild.tmp.Qwrkh9On/Data.noindex/Test/aProject/build/Debug/TargetB.framework/Versions/A/Modules/TargetB.swiftmodule/Project/x86_64-apple-macos.swiftsourceinfo", "/private/var/folders/xr/m5_5rlsd6l9fk2w4ngj13k6m0000gn/T/swbuild.tmp.Qwrkh9On/Data.noindex/Test/aProject/build/aProject.build/Debug/TargetB.build/Objects-normal/x86_64/TargetB.swiftsourceinfo"]), Task(forTarget: TargetA, ruleInfo: ["WriteAuxiliaryFile", "/private/var/folders/xr/m5_5rlsd6l9fk2w4ngj13k6m0000gn/T/swbuild.tmp.Qwrkh9On/Data.noindex/Test/aProject/build/aProject.build/Debug/TargetA.build/TargetA-generated-files.hmap"]), Task(forTarget: TargetA, ruleInfo: ["Gate", "target-TargetA-T-TargetA-21785--linker-inputs-ready"]), Task(forTarget: <none>, ruleInfo: ["Gate", "target-TargetB-T-TargetB-21793--Barrier-GenerateStubAPI"]), Task(forTarget: <none>, ruleInfo: ["Gate", "target-TargetA-T-TargetA-21785--ModuleVerifierTaskProducer"]), Task(forTarget: <none>, ruleInfo: ["Gate", "target-TargetB-T-TargetB-21793--SwiftFrameworkABICheckerTaskProducer"]), Task(forTarget: TargetB, ruleInfo: ["Gate", "target-TargetB-T-TargetB-21793--end"]), Task(forTarget: TargetB, ruleInfo: ["WriteAuxiliaryFile", "/private/var/folders/xr/m5_5rlsd6l9fk2w4ngj13k6m0000gn/T/swbuild.tmp.Qwrkh9On/Data.noindex/Test/aProject/build/aProject.build/Debug/TargetB.build/TargetB-all-target-headers.hmap"]), Task(forTarget: <none>, ruleInfo: ["SwiftExplicitDependencyGeneratePcm", "x86_64", "/private/var/folders/xr/m5_5rlsd6l9fk2w4ngj13k6m0000gn/T/swbuild.tmp.Qwrkh9On/Data.noindex/Test/aProject/build/SwiftExplicitPrecompiledModules/_SwiftConcurrencyShims-BUR8XM1R06AS02RWV63HPG1KR.pcm"]), Task(forTarget: <none>, ruleInfo: ["Gate", "target-TargetB-T-TargetB-21793--Barrier-ChangePermissions"]), Task(forTarget: <none>, ruleInfo: ["Gate", "target-TargetB-T-TargetB-21793--Barrier-CodeSign"]), Task(forTarget: TargetB, ruleInfo: ["Touch", "/private/var/folders/xr/m5_5rlsd6l9fk2w4ngj13k6m0000gn/T/swbuild.tmp.Qwrkh9On/Data.noindex/Test/aProject/build/Debug/TargetB.framework"]), Task(forTarget: <none>, ruleInfo: ["Gate", "target-TargetB-T-TargetB-21793--Barrier-StripSymbols"]), Task(forTarget: TargetB, ruleInfo: ["WriteAuxiliaryFile", "/private/var/folders/xr/m5_5rlsd6l9fk2w4ngj13k6m0000gn/T/swbuild.tmp.Qwrkh9On/Data.noindex/Test/aProject/build/aProject.build/Debug/TargetB.build/Objects-normal/x86_64/TargetB-OutputFileMap.json"]), Task(forTarget: TargetB, ruleInfo: ["GenerateTAPI", "/private/var/folders/xr/m5_5rlsd6l9fk2w4ngj13k6m0000gn/T/swbuild.tmp.Qwrkh9On/Data.noindex/Test/aProject/build/EagerLinkingTBDs/Debug/TargetB.framework/Versions/A/TargetB.tbd"]), Task(forTarget: TargetB, ruleInfo: ["SwiftEmitModule", "normal", "x86_64", "Emitting module for TargetB"]), Task(forTarget: TargetB, ruleInfo: ["MkDir", "/private/var/folders/xr/m5_5rlsd6l9fk2w4ngj13k6m0000gn/T/swbuild.tmp.Qwrkh9On/Data.noindex/Test/aProject/build/Debug/TargetB.framework/Versions"]), Task(forTarget: TargetA, ruleInfo: ["WriteAuxiliaryFile", "/private/var/folders/xr/m5_5rlsd6l9fk2w4ngj13k6m0000gn/T/swbuild.tmp.Qwrkh9On/Data.noindex/Test/aProject/build/aProject.build/Debug/TargetA.build/Objects-normal/x86_64/TargetA.SwiftFileList"]), Task(forTarget: TargetB, ruleInfo: ["ExtractAppIntentsMetadata"]), Task(forTarget: <none>, ruleInfo: ["Gate", "target-TargetB-T-TargetB-21793--ProductStructureTaskProducer"]), Task(forTarget: <none>, ruleInfo: ["Gate", "target-TargetB-T-TargetB-21793--HeadermapTaskProducer"]), Task(forTarget: <none>, ruleInfo: ["CreateBuildDirectory", "/private/var/folders/xr/m5_5rlsd6l9fk2w4ngj13k6m0000gn/T/swbuild.tmp.Qwrkh9On/Data.noindex/Test/aProject/build/Debug"]), Task(forTarget: TargetA, ruleInfo: ["WriteAuxiliaryFile", "/private/var/folders/xr/m5_5rlsd6l9fk2w4ngj13k6m0000gn/T/swbuild.tmp.Qwrkh9On/Data.noindex/Test/aProject/build/aProject.build/Debug/TargetA.build/TargetA.DependencyStaticMetadataFileList"]), Task(forTarget: <none>, ruleInfo: ["Gate", "target-TargetB-T-TargetB-21793--ExtensionPointExtractorTaskProducer"]), Task(forTarget: <none>, ruleInfo: ["Gate", "target-TargetB-T-TargetB-21793--SwiftStandardLibrariesTaskProducer"]), Task(forTarget: TargetA, ruleInfo: ["Copy", "/private/var/folders/xr/m5_5rlsd6l9fk2w4ngj13k6m0000gn/T/swbuild.tmp.Qwrkh9On/Data.noindex/Test/aProject/build/Debug/TargetA.framework/Versions/A/Modules/TargetA.swiftmodule/x86_64-apple-macos.abi.json", "/private/var/folders/xr/m5_5rlsd6l9fk2w4ngj13k6m0000gn/T/swbuild.tmp.Qwrkh9On/Data.noindex/Test/aProject/build/aProject.build/Debug/TargetA.build/Objects-normal/x86_64/TargetA.abi.json"]), Task(forTarget: <none>, ruleInfo: ["CreateBuildDirectory", "/private/var/folders/xr/m5_5rlsd6l9fk2w4ngj13k6m0000gn/T/swbuild.tmp.Qwrkh9On/Data.noindex/Test/aProject/build/ExplicitPrecompiledModules"]), Task(forTarget: TargetB, ruleInfo: ["Gate", "target-TargetB-T-TargetB-21793--immediate"]), Task(forTarget: <none>, ruleInfo: ["Gate", "target-TargetA-T-TargetA-21785--AppExtensionInfoPlistGeneratorTaskProducer"]), Task(forTarget: TargetB, ruleInfo: ["SymLink", "/private/var/folders/xr/m5_5rlsd6l9fk2w4ngj13k6m0000gn/T/swbuild.tmp.Qwrkh9On/Data.noindex/Test/aProject/build/Debug/TargetB.framework/Modules", "Versions/Current/Modules"]), Task(forTarget: <none>, ruleInfo: ["Gate", "target-TargetA-T-TargetA-21785--swift-generated-headers"]), Task(forTarget: <none>, ruleInfo: ["Gate", "target-TargetB-T-TargetB-21793--InfoPlistTaskProducer"]), Task(forTarget: <none>, ruleInfo: ["Gate", "target-TargetB-T-TargetB-21793--AppExtensionInfoPlistGeneratorTaskProducer"]), Task(forTarget: TargetB, ruleInfo: ["SwiftDriver", "TargetB", "normal", "x86_64", "com.apple.xcode.tools.swift.compiler"]), Task(forTarget: <none>, ruleInfo: ["Gate", "target-TargetA-T-TargetA-21785--CopySwiftPackageResourcesTaskProducer"]), Task(forTarget: <none>, ruleInfo: ["Gate", "target-TargetA-T-TargetA-21785--ProductStructureTaskProducer"]), Task(forTarget: TargetA, ruleInfo: ["SymLink", "/private/var/folders/xr/m5_5rlsd6l9fk2w4ngj13k6m0000gn/T/swbuild.tmp.Qwrkh9On/Data.noindex/Test/aProject/build/Debug/TargetA.framework/Versions/Current", "A"]), Task(forTarget: TargetA, ruleInfo: ["SwiftMergeGeneratedHeaders", "/private/var/folders/xr/m5_5rlsd6l9fk2w4ngj13k6m0000gn/T/swbuild.tmp.Qwrkh9On/Data.noindex/Test/aProject/build/Debug/TargetA.framework/Versions/A/Headers/TargetA-Swift.h", "/private/var/folders/xr/m5_5rlsd6l9fk2w4ngj13k6m0000gn/T/swbuild.tmp.Qwrkh9On/Data.noindex/Test/aProject/build/aProject.build/Debug/TargetA.build/Objects-normal/x86_64/TargetA-Swift.h"]), Task(forTarget: <none>, ruleInfo: ["Gate", "target-TargetA-T-TargetA-21785--ProductPostprocessingTaskProducer"]), Task(forTarget: TargetB, ruleInfo: ["Copy", "/private/var/folders/xr/m5_5rlsd6l9fk2w4ngj13k6m0000gn/T/swbuild.tmp.Qwrkh9On/Data.noindex/Test/aProject/build/Debug/TargetB.framework/Versions/A/Modules/TargetB.swiftmodule/x86_64-apple-macos.swiftdoc", "/private/var/folders/xr/m5_5rlsd6l9fk2w4ngj13k6m0000gn/T/swbuild.tmp.Qwrkh9On/Data.noindex/Test/aProject/build/aProject.build/Debug/TargetB.build/Objects-normal/x86_64/TargetB.swiftdoc"]), Task(forTarget: <none>, ruleInfo: ["Gate", "target-TargetA-T-TargetA-21785--DocumentationTaskProducer"]), Task(forTarget: TargetB, ruleInfo: ["SymLink", "/private/var/folders/xr/m5_5rlsd6l9fk2w4ngj13k6m0000gn/T/swbuild.tmp.Qwrkh9On/Data.noindex/Test/aProject/build/Debug/TargetB.framework/Versions/Current", "A"]), Task(forTarget: <none>, ruleInfo: ["Gate", "target-TargetA-T-TargetA-21785--InfoPlistTaskProducer"]), Task(forTarget: <none>, ruleInfo: ["CreateBuildDirectory", "/private/var/folders/xr/m5_5rlsd6l9fk2w4ngj13k6m0000gn/T/swbuild.tmp.Qwrkh9On/Data.noindex/Test/aProject/build"]), Task(forTarget: <none>, ruleInfo: ["Gate", "target-TargetA-T-TargetA-21785--SwiftABIBaselineGenerationTaskProducer"]), Task(forTarget: TargetA, ruleInfo: ["SwiftDriver Compilation", "TargetA", "normal", "x86_64", "com.apple.xcode.tools.swift.compiler"]), Task(forTarget: TargetB, ruleInfo: ["SwiftMergeGeneratedHeaders", "/private/var/folders/xr/m5_5rlsd6l9fk2w4ngj13k6m0000gn/T/swbuild.tmp.Qwrkh9On/Data.noindex/Test/aProject/build/Debug/TargetB.framework/Versions/A/Headers/TargetB-Swift.h", "/private/var/folders/xr/m5_5rlsd6l9fk2w4ngj13k6m0000gn/T/swbuild.tmp.Qwrkh9On/Data.noindex/Test/aProject/build/aProject.build/Debug/TargetB.build/Objects-normal/x86_64/TargetB-Swift.h"]), Task(forTarget: TargetB, ruleInfo: ["Ld", "/private/var/folders/xr/m5_5rlsd6l9fk2w4ngj13k6m0000gn/T/swbuild.tmp.Qwrkh9On/Data.noindex/Test/aProject/build/Debug/TargetB.framework/Versions/A/TargetB", "normal"]), Task(forTarget: TargetB, ruleInfo: ["WriteAuxiliaryFile", "/private/var/folders/xr/m5_5rlsd6l9fk2w4ngj13k6m0000gn/T/swbuild.tmp.Qwrkh9On/Data.noindex/Test/aProject/build/aProject.build/Debug/TargetB.build/TargetB-all-non-framework-target-headers.hmap"]), Task(forTarget: <none>, ruleInfo: ["Gate", "target-TargetA-T-TargetA-21785--TAPISymbolExtractorTaskProducer"]), Task(forTarget: <none>, ruleInfo: ["SwiftExplicitDependencyCompileModuleFromInterface", "x86_64", "/private/var/folders/xr/m5_5rlsd6l9fk2w4ngj13k6m0000gn/T/swbuild.tmp.Qwrkh9On/Data.noindex/Test/aProject/build/SwiftExplicitPrecompiledModules/_Concurrency-2W8LU3DF58RLX.swiftmodule"]), Task(forTarget: <none>, ruleInfo: ["Gate", "target-TargetB-T-TargetB-21793--Barrier-ChangeAlternatePermissions"]), Task(forTarget: <none>, ruleInfo: ["Gate", "target-TargetA-T-TargetA-21785--SwiftPackageCopyFilesTaskProducer"]), Task(forTarget: <none>, ruleInfo: ["Gate", "target-TargetA-T-TargetA-21785--copy-headers-completion"]), Task(forTarget: <none>, ruleInfo: ["Gate", "WorkspaceHeaderMapVFSFilesWritten"]), Task(forTarget: TargetA, ruleInfo: ["Gate", "target-TargetA-T-TargetA-21785--modules-ready"]), Task(forTarget: <none>, ruleInfo: ["Gate", "target-TargetB-T-TargetB-21793--SanitizerTaskProducer"]), Task(forTarget: <none>, ruleInfo: ["Gate", "target-TargetA-T-TargetA-21785--Barrier-ChangeAlternatePermissions"]), Task(forTarget: TargetB, ruleInfo: ["SymLink", "/private/var/folders/xr/m5_5rlsd6l9fk2w4ngj13k6m0000gn/T/swbuild.tmp.Qwrkh9On/Data.noindex/Test/aProject/build/Debug/TargetB.framework/Headers", "Versions/Current/Headers"]), Task(forTarget: <none>, ruleInfo: ["CreateBuildDirectory", "/var/folders/xr/m5_5rlsd6l9fk2w4ngj13k6m0000gn/C/com.apple.DeveloperTools/26.4.1-17E202/Xcode/CompilationCache.noindex"]), Task(forTarget: <none>, ruleInfo: ["Gate", "target-TargetA-T-TargetA-21785--CustomTaskProducer"]), Task(forTarget: <none>, ruleInfo: ["Gate", "target-TargetA-T-TargetA-21785--AppIntentsMetadataTaskProducer"]), Task(forTarget: TargetB, ruleInfo: ["Copy", "/private/var/folders/xr/m5_5rlsd6l9fk2w4ngj13k6m0000gn/T/swbuild.tmp.Qwrkh9On/Data.noindex/Test/aProject/build/Debug/TargetB.framework/Versions/A/Modules/TargetB.swiftmodule/x86_64-apple-macos.abi.json", "/private/var/folders/xr/m5_5rlsd6l9fk2w4ngj13k6m0000gn/T/swbuild.tmp.Qwrkh9On/Data.noindex/Test/aProject/build/aProject.build/Debug/TargetB.build/Objects-normal/x86_64/TargetB.abi.json"]), Task(forTarget: <none>, ruleInfo: ["Gate", "target-TargetA-T-TargetA-21785--TestHostTaskProducer"]), Task(forTarget: TargetB, ruleInfo: ["WriteAuxiliaryFile", "/private/var/folders/xr/m5_5rlsd6l9fk2w4ngj13k6m0000gn/T/swbuild.tmp.Qwrkh9On/Data.noindex/Test/aProject/build/aProject.build/Debug/TargetB.build/Objects-normal/x86_64/TargetB.LinkFileList"]), Task(forTarget: <none>, ruleInfo: ["Gate", "target-TargetA-T-TargetA-21785--TestTargetPostprocessingTaskProducer"]), Task(forTarget: <none>, ruleInfo: ["Gate", "target-TargetA-T-TargetA-21785--Barrier-GenerateStubAPI"]), Task(forTarget: TargetB, ruleInfo: ["Gate", "target-TargetB-T-TargetB-21793--will-sign"]), Task(forTarget: <none>, ruleInfo: ["Gate", "target-TargetA-T-TargetA-21785--generated-headers"]), Task(forTarget: <none>, ruleInfo: ["Gate", "target-TargetB-T-TargetB-21793--Barrier-RegisterExecutionPolicyException"]), Task(forTarget: TargetB, ruleInfo: ["SymLink", "/private/var/folders/xr/m5_5rlsd6l9fk2w4ngj13k6m0000gn/T/swbuild.tmp.Qwrkh9On/Data.noindex/Test/aProject/build/EagerLinkingTBDs/Debug/TargetB.framework/TargetB.tbd", "/private/var/folders/xr/m5_5rlsd6l9fk2w4ngj13k6m0000gn/T/swbuild.tmp.Qwrkh9On/Data.noindex/Test/aProject/build/EagerLinkingTBDs/Debug/TargetB.framework/Versions/A/TargetB.tbd"]), Task(forTarget: TargetB, ruleInfo: ["WriteAuxiliaryFile", "/private/var/folders/xr/m5_5rlsd6l9fk2w4ngj13k6m0000gn/T/swbuild.tmp.Qwrkh9On/Data.noindex/Test/aProject/build/aProject.build/Debug/TargetB.build/TargetB-own-target-headers.hmap"]), Task(forTarget: TargetB, ruleInfo: ["WriteAuxiliaryFile", "/private/var/folders/xr/m5_5rlsd6l9fk2w4ngj13k6m0000gn/T/swbuild.tmp.Qwrkh9On/Data.noindex/Test/aProject/build/aProject.build/Debug/TargetB.build/TargetB-project-headers.hmap"]), Task(forTarget: <none>, ruleInfo: ["Gate", "target-TargetB-T-TargetB-21793--DocumentationTaskProducer"]), Task(forTarget: <none>, ruleInfo: ["Gate", "target-TargetA-T-TargetA-21785--TestEntryPointTaskProducerFactory"]), Task(forTarget: <none>, ruleInfo: ["Gate", "target-TargetA-T-TargetA-21785--TestTargetTaskProducer"]), Task(forTarget: TargetA, ruleInfo: ["Touch", "/private/var/folders/xr/m5_5rlsd6l9fk2w4ngj13k6m0000gn/T/swbuild.tmp.Qwrkh9On/Data.noindex/Test/aProject/build/Debug/TargetA.framework"]), Task(forTarget: <none>, ruleInfo: ["Gate", "target-TargetA-T-TargetA-21785--HeadermapTaskProducer"]), Task(forTarget: <none>, ruleInfo: ["Gate", "target-TargetB-T-TargetB-21793--fused-phase0-compile-sources&link-binary"]), Task(forTarget: TargetB, ruleInfo: ["WriteAuxiliaryFile", "/private/var/folders/xr/m5_5rlsd6l9fk2w4ngj13k6m0000gn/T/swbuild.tmp.Qwrkh9On/Data.noindex/Test/aProject/build/aProject.build/Debug/TargetB.build/TargetB.DependencyStaticMetadataFileList"]), Task(forTarget: <none>, ruleInfo: ["Gate", "target-TargetB-T-TargetB-21793--TestTargetTaskProducer"]), Task(forTarget: <none>, ruleInfo: ["Gate", "target-TargetA-T-TargetA-21785--RealityAssetsTaskProducer"]), Task(forTarget: <none>, ruleInfo: ["Gate", "target-TargetB-T-TargetB-21793--CustomTaskProducer"]), Task(forTarget: TargetB, ruleInfo: ["RegisterExecutionPolicyException", "/private/var/folders/xr/m5_5rlsd6l9fk2w4ngj13k6m0000gn/T/swbuild.tmp.Qwrkh9On/Data.noindex/Test/aProject/build/Debug/TargetB.framework"]), Task(forTarget: TargetA, ruleInfo: ["WriteAuxiliaryFile", "/private/var/folders/xr/m5_5rlsd6l9fk2w4ngj13k6m0000gn/T/swbuild.tmp.Qwrkh9On/Data.noindex/Test/aProject/build/aProject.build/Debug/TargetA.build/TargetA-all-non-framework-target-headers.hmap"]), Task(forTarget: TargetB, ruleInfo: ["SwiftCompile", "normal", "x86_64", "Compiling fileB1.swift", "/private/var/folders/xr/m5_5rlsd6l9fk2w4ngj13k6m0000gn/T/swbuild.tmp.Qwrkh9On/Data.noindex/Test/aProject/Sources/fileB1.swift"]), Task(forTarget: <none>, ruleInfo: ["Gate", "target-TargetA-T-TargetA-21785--Barrier-CodeSign"]), Task(forTarget: <none>, ruleInfo: ["Gate", "target-TargetB-T-TargetB-21793--AppIntentsMetadataTaskProducer"]), Task(forTarget: TargetB, ruleInfo: ["Gate", "target-TargetB-T-TargetB-21793--unsigned-product-ready"]), Task(forTarget: TargetA, ruleInfo: ["SwiftDriver", "TargetA", "normal", "x86_64", "com.apple.xcode.tools.swift.compiler"]), Task(forTarget: TargetA, ruleInfo: ["Gate", "target-TargetA-T-TargetA-21785--end"]), Task(forTarget: TargetA, ruleInfo: ["Gate", "target-TargetA-T-TargetA-21785--begin-scanning"]), Task(forTarget: TargetB, ruleInfo: ["WriteAuxiliaryFile", "/private/var/folders/xr/m5_5rlsd6l9fk2w4ngj13k6m0000gn/T/swbuild.tmp.Qwrkh9On/Data.noindex/Test/aProject/build/aProject.build/Debug/TargetB.build/Objects-normal/x86_64/TargetB_const_extract_protocols.json"]), Task(forTarget: <none>, ruleInfo: ["Gate", "target-TargetA-T-TargetA-21785--StubBinaryTaskProducer"]), Task(forTarget: TargetB, ruleInfo: ["MkDir", "/private/var/folders/xr/m5_5rlsd6l9fk2w4ngj13k6m0000gn/T/swbuild.tmp.Qwrkh9On/Data.noindex/Test/aProject/build/Debug/TargetB.framework/Versions/A"]), Task(forTarget: TargetA, ruleInfo: ["SwiftCompile", "normal", "x86_64", "Compiling fileA2.swift", "/private/var/folders/xr/m5_5rlsd6l9fk2w4ngj13k6m0000gn/T/swbuild.tmp.Qwrkh9On/Data.noindex/Test/aProject/Sources/fileA2.swift"]), Task(forTarget: <none>, ruleInfo: ["Gate", "target-TargetA-T-TargetA-21785--fused-phase0-compile-sources"]), Task(forTarget: <none>, ruleInfo: ["Gate", "target-TargetA-T-TargetA-21785--ModuleMapTaskProducer"]), Task(forTarget: <none>, ruleInfo: ["Gate", "target-TargetA-T-TargetA-21785--GeneratedFilesTaskProducer"]), Task(forTarget: <none>, ruleInfo: ["Gate", "target-TargetA-T-TargetA-21785--SwiftStandardLibrariesTaskProducer"]), Task(forTarget: TargetA, ruleInfo: ["GenerateTAPI", "/private/var/folders/xr/m5_5rlsd6l9fk2w4ngj13k6m0000gn/T/swbuild.tmp.Qwrkh9On/Data.noindex/Test/aProject/build/EagerLinkingTBDs/Debug/TargetA.framework/Versions/A/TargetA.tbd"]), Task(forTarget: <none>, ruleInfo: ["Gate", "target-TargetA-T-TargetA-21785--Barrier-Validate"]), Task(forTarget: TargetB, ruleInfo: ["WriteAuxiliaryFile", "/private/var/folders/xr/m5_5rlsd6l9fk2w4ngj13k6m0000gn/T/swbuild.tmp.Qwrkh9On/Data.noindex/Test/aProject/build/aProject.build/Debug/TargetB.build/Objects-normal/x86_64/TargetB.SwiftFileList"]), Task(forTarget: TargetA, ruleInfo: ["MkDir", "/private/var/folders/xr/m5_5rlsd6l9fk2w4ngj13k6m0000gn/T/swbuild.tmp.Qwrkh9On/Data.noindex/Test/aProject/build/Debug/TargetA.framework"]), Task(forTarget: <none>, ruleInfo: ["Gate", "target-TargetA-T-TargetA-21785--ExtensionPointExtractorTaskProducer"]), Task(forTarget: TargetA, ruleInfo: ["SymLink", "/private/var/folders/xr/m5_5rlsd6l9fk2w4ngj13k6m0000gn/T/swbuild.tmp.Qwrkh9On/Data.noindex/Test/aProject/build/Debug/TargetA.framework/TargetA", "Versions/Current/TargetA"]), Task(forTarget: TargetA, ruleInfo: ["MkDir", "/private/var/folders/xr/m5_5rlsd6l9fk2w4ngj13k6m0000gn/T/swbuild.tmp.Qwrkh9On/Data.noindex/Test/aProject/build/Debug/TargetA.framework/Versions/A"]), Task(forTarget: <none>, ruleInfo: ["Gate", "target-TargetB-T-TargetB-21793--generated-headers"]), Task(forTarget: <none>, ruleInfo: ["Gate", "target-TargetA-T-TargetA-21785--SwiftFrameworkABICheckerTaskProducer"]), Task(forTarget: TargetB, ruleInfo: ["Gate", "target-TargetB-T-TargetB-21793--modules-ready"]), Task(forTarget: <none>, ruleInfo: ["ClangStatCache", "/Applications/Xcode17E.app/Contents/Developer/Toolchains/XcodeDefault.xctoolchain/usr/bin/clang-stat-cache", "/Applications/Xcode17E.app/Contents/Developer/Platforms/MacOSX.platform/Developer/SDKs/MacOSX26.4.sdk", "/private/var/folders/xr/m5_5rlsd6l9fk2w4ngj13k6m0000gn/T/swbuild.tmp.Qwrkh9On/Data.noindex/Test/SDKStatCaches.noindex/macosx26.4-25E260-95aa6cf8f3effd57bda17e0c125410c0.sdkstatcache"]), Task(forTarget: TargetB, ruleInfo: ["SymLink", "/private/var/folders/xr/m5_5rlsd6l9fk2w4ngj13k6m0000gn/T/swbuild.tmp.Qwrkh9On/Data.noindex/Test/aProject/build/Debug/TargetB.framework/TargetB", "Versions/Current/TargetB"]), Task(forTarget: TargetA, ruleInfo: ["MkDir", "/private/var/folders/xr/m5_5rlsd6l9fk2w4ngj13k6m0000gn/T/swbuild.tmp.Qwrkh9On/Data.noindex/Test/aProject/build/Debug/TargetA.framework/Versions/A/Headers"]), Task(forTarget: <none>, ruleInfo: ["Gate", "target-TargetB-T-TargetB-21793--TestHostTaskProducer"]), Task(forTarget: TargetA, ruleInfo: ["Gate", "target-TargetA-T-TargetA-21785--begin-linking"]), Task(forTarget: <none>, ruleInfo: ["Gate", "target-TargetB-T-TargetB-21793--ModuleMapTaskProducer"]), Task(forTarget: <none>, ruleInfo: ["CreateBuildDirectory", "/private/var/folders/xr/m5_5rlsd6l9fk2w4ngj13k6m0000gn/T/swbuild.tmp.Qwrkh9On/Data.noindex/Test/aProject/build/SwiftExplicitPrecompiledModules"]), Task(forTarget: <none>, ruleInfo: ["Gate", "target-TargetB-T-TargetB-21793--SwiftABIBaselineGenerationTaskProducer"]), Task(forTarget: <none>, ruleInfo: ["Gate", "target-TargetB-T-TargetB-21793--TestTargetPostprocessingTaskProducer"]), Task(forTarget: <none>, ruleInfo: ["CreateBuildDirectory", "/private/var/folders/xr/m5_5rlsd6l9fk2w4ngj13k6m0000gn/T/swbuild.tmp.Qwrkh9On/Data.noindex/Test/aProject/build/EagerLinkingTBDs/Debug"]), Task(forTarget: TargetA, ruleInfo: ["WriteAuxiliaryFile", "/private/var/folders/xr/m5_5rlsd6l9fk2w4ngj13k6m0000gn/T/swbuild.tmp.Qwrkh9On/Data.noindex/Test/aProject/build/aProject.build/Debug/TargetA.build/Objects-normal/x86_64/TargetA.SwiftConstValuesFileList"]), Task(forTarget: <none>, ruleInfo: ["Gate", "target-TargetA-T-TargetA-21785--GenerateAppPlaygroundAssetCatalogTaskProducer"]), Task(forTarget: <none>, ruleInfo: ["WriteAuxiliaryFile", "/private/var/folders/xr/m5_5rlsd6l9fk2w4ngj13k6m0000gn/T/swbuild.tmp.Qwrkh9On/Data.noindex/Test/aProject/build/aProject.build/Debug/aProject-P21796-VFS/all-product-headers.yaml"]), Task(forTarget: <none>, ruleInfo: ["Gate", "target-TargetB-T-TargetB-21793--CopySwiftPackageResourcesTaskProducer"]), Task(forTarget: <none>, ruleInfo: ["Gate", "target-TargetB-T-TargetB-21793--Barrier-CopyAside"]), Task(forTarget: TargetA, ruleInfo: ["WriteAuxiliaryFile", "/private/var/folders/xr/m5_5rlsd6l9fk2w4ngj13k6m0000gn/T/swbuild.tmp.Qwrkh9On/Data.noindex/Test/aProject/build/aProject.build/Debug/TargetA.build/TargetA-project-headers.hmap"]), Task(forTarget: TargetB, ruleInfo: ["MkDir", "/private/var/folders/xr/m5_5rlsd6l9fk2w4ngj13k6m0000gn/T/swbuild.tmp.Qwrkh9On/Data.noindex/Test/aProject/build/Debug/TargetB.framework"]), Task(forTarget: TargetA, ruleInfo: ["SymLink", "/private/var/folders/xr/m5_5rlsd6l9fk2w4ngj13k6m0000gn/T/swbuild.tmp.Qwrkh9On/Data.noindex/Test/aProject/build/Debug/TargetA.framework/Modules", "Versions/Current/Modules"]), Task(forTarget: <none>, ruleInfo: ["SwiftExplicitDependencyCompileModuleFromInterface", "x86_64", "/private/var/folders/xr/m5_5rlsd6l9fk2w4ngj13k6m0000gn/T/swbuild.tmp.Qwrkh9On/Data.noindex/Test/aProject/build/SwiftExplicitPrecompiledModules/_StringProcessing-13GX4EAKQZW8B.swiftmodule"]), Task(forTarget: TargetA, ruleInfo: ["RegisterExecutionPolicyException", "/private/var/folders/xr/m5_5rlsd6l9fk2w4ngj13k6m0000gn/T/swbuild.tmp.Qwrkh9On/Data.noindex/Test/aProject/build/Debug/TargetA.framework"]), Task(forTarget: TargetA, ruleInfo: ["Copy", "/private/var/folders/xr/m5_5rlsd6l9fk2w4ngj13k6m0000gn/T/swbuild.tmp.Qwrkh9On/Data.noindex/Test/aProject/build/Debug/TargetA.framework/Versions/A/Modules/TargetA.swiftmodule/Project/x86_64-apple-macos.swiftsourceinfo", "/private/var/folders/xr/m5_5rlsd6l9fk2w4ngj13k6m0000gn/T/swbuild.tmp.Qwrkh9On/Data.noindex/Test/aProject/build/aProject.build/Debug/TargetA.build/Objects-normal/x86_64/TargetA.swiftsourceinfo"]), Task(forTarget: <none>, ruleInfo: ["Gate", "target-TargetB-T-TargetB-21793--copy-headers-completion"]), Task(forTarget: <none>, ruleInfo: ["Gate", "target-TargetB-T-TargetB-21793--TestEntryPointTaskProducerFactory"]), Task(forTarget: TargetA, ruleInfo: ["Gate", "target-TargetA-T-TargetA-21785--immediate"]), Task(forTarget: <none>, ruleInfo: ["Gate", "target-TargetA-T-TargetA-21785--Barrier-RegisterProduct"]), Task(forTarget: <none>, ruleInfo: ["Gate", "target-TargetB-T-TargetB-21793--Barrier-Validate"]), Task(forTarget: TargetB, ruleInfo: ["Copy", "/private/var/folders/xr/m5_5rlsd6l9fk2w4ngj13k6m0000gn/T/swbuild.tmp.Qwrkh9On/Data.noindex/Test/aProject/build/Debug/TargetB.framework/Versions/A/Modules/TargetB.swiftmodule/x86_64-apple-macos.swiftmodule", "/private/var/folders/xr/m5_5rlsd6l9fk2w4ngj13k6m0000gn/T/swbuild.tmp.Qwrkh9On/Data.noindex/Test/aProject/build/aProject.build/Debug/TargetB.build/Objects-normal/x86_64/TargetB.swiftmodule"]), Task(forTarget: TargetB, ruleInfo: ["WriteAuxiliaryFile", "/private/var/folders/xr/m5_5rlsd6l9fk2w4ngj13k6m0000gn/T/swbuild.tmp.Qwrkh9On/Data.noindex/Test/aProject/build/aProject.build/Debug/TargetB.build/TargetB-generated-files.hmap"]), Task(forTarget: TargetA, ruleInfo: ["Gate", "target-TargetA-T-TargetA-21785--begin-compiling"]), Task(forTarget: TargetA, ruleInfo: ["WriteAuxiliaryFile", "/private/var/folders/xr/m5_5rlsd6l9fk2w4ngj13k6m0000gn/T/swbuild.tmp.Qwrkh9On/Data.noindex/Test/aProject/build/aProject.build/Debug/TargetA.build/TargetA.hmap"]), Task(forTarget: TargetA, ruleInfo: ["SwiftEmitModule", "normal", "x86_64", "Emitting module for TargetA"]), Task(forTarget: TargetB, ruleInfo: ["Gate", "target-TargetB-T-TargetB-21793--begin-compiling"]), Task(forTarget: <none>, ruleInfo: ["Gate", "target-TargetB-T-TargetB-21793--SwiftPackageCopyFilesTaskProducer"]), Task(forTarget: <none>, ruleInfo: ["Gate", "target-TargetA-T-TargetA-21785--SanitizerTaskProducer"]), Task(forTarget: TargetA, ruleInfo: ["WriteAuxiliaryFile", "/private/var/folders/xr/m5_5rlsd6l9fk2w4ngj13k6m0000gn/T/swbuild.tmp.Qwrkh9On/Data.noindex/Test/aProject/build/aProject.build/Debug/TargetA.build/TargetA-own-target-headers.hmap"]), Task(forTarget: TargetA, ruleInfo: ["WriteAuxiliaryFile", "/private/var/folders/xr/m5_5rlsd6l9fk2w4ngj13k6m0000gn/T/swbuild.tmp.Qwrkh9On/Data.noindex/Test/aProject/build/aProject.build/Debug/TargetA.build/Objects-normal/x86_64/TargetA.LinkFileList"]), Task(forTarget: TargetA, ruleInfo: ["SwiftCompile", "normal", "x86_64", "Compiling fileA1.swift", "/private/var/folders/xr/m5_5rlsd6l9fk2w4ngj13k6m0000gn/T/swbuild.tmp.Qwrkh9On/Data.noindex/Test/aProject/Sources/fileA1.swift"])]
↳ Occasionally fails in CI due to SwiftExplicitDependencyCompileModuleFromInterface missing from the dependency graph
━ Test swiftEagerCompilationWithExplicitModules() recorded a known issue at SwiftDriverTests.swift:3589:55: Issue recorded
↳ Task Task(forTarget: TargetB, ruleInfo: ["SwiftCompile", "normal", "x86_64", "Compiling fileB2.swift", "/private/var/folders/xr/m5_5rlsd6l9fk2w4ngj13k6m0000gn/T/swbuild.tmp.Qwrkh9On/Data.noindex/Test/aProject/Sources/fileB2.swift"]) does not follow any tasks matching [Rule matches [SWBTestSupport.StringPattern.equal("SwiftExplicitDependencyGeneratePcm"), SWBTestSupport.StringPattern.equal("normal"), SWBTestSupport.StringPattern.equal("x86_64"), SWBTestSupport.StringPattern.contains("_SwiftConcurrencyShims-")]]. Found: [] in [Task(forTarget: TargetA, ruleInfo: ["Ld", "/private/var/folders/xr/m5_5rlsd6l9fk2w4ngj13k6m0000gn/T/swbuild.tmp.Qwrkh9On/Data.noindex/Test/aProject/build/Debug/TargetA.framework/Versions/A/TargetA", "normal"]), Task(forTarget: <none>, ruleInfo: ["Gate", "target-TargetA-T-TargetA-21785--Barrier-RegisterExecutionPolicyException"]), Task(forTarget: TargetA, ruleInfo: ["MkDir", "/private/var/folders/xr/m5_5rlsd6l9fk2w4ngj13k6m0000gn/T/swbuild.tmp.Qwrkh9On/Data.noindex/Test/aProject/build/Debug/TargetA.framework/Versions"]), Task(forTarget: TargetA, ruleInfo: ["SymLink", "/private/var/folders/xr/m5_5rlsd6l9fk2w4ngj13k6m0000gn/T/swbuild.tmp.Qwrkh9On/Data.noindex/Test/aProject/build/EagerLinkingTBDs/Debug/TargetA.framework/TargetA.tbd", "/private/var/folders/xr/m5_5rlsd6l9fk2w4ngj13k6m0000gn/T/swbuild.tmp.Qwrkh9On/Data.noindex/Test/aProject/build/EagerLinkingTBDs/Debug/TargetA.framework/Versions/A/TargetA.tbd"]), Task(forTarget: <none>, ruleInfo: ["Gate", "target-TargetB-T-TargetB-21793--GeneratedFilesTaskProducer"]), Task(forTarget: TargetA, ruleInfo: ["ExtractAppIntentsMetadata"]), Task(forTarget: TargetB, ruleInfo: ["MkDir", "/private/var/folders/xr/m5_5rlsd6l9fk2w4ngj13k6m0000gn/T/swbuild.tmp.Qwrkh9On/Data.noindex/Test/aProject/build/Debug/TargetB.framework/Versions/A/Headers"]), Task(forTarget: <none>, ruleInfo: ["Gate", "target-TargetA-T-TargetA-21785--Barrier-StripSymbols"]), Task(forTarget: TargetB, ruleInfo: ["SwiftDriver Compilation", "TargetB", "normal", "x86_64", "com.apple.xcode.tools.swift.compiler"]), Task(forTarget: TargetB, ruleInfo: ["WriteAuxiliaryFile", "/private/var/folders/xr/m5_5rlsd6l9fk2w4ngj13k6m0000gn/T/swbuild.tmp.Qwrkh9On/Data.noindex/Test/aProject/build/aProject.build/Debug/TargetB.build/Objects-normal/x86_64/TargetB.SwiftConstValuesFileList"]), Task(forTarget: <none>, ruleInfo: ["Gate", "target-TargetB-T-TargetB-21793--TAPISymbolExtractorTaskProducer"]), Task(forTarget: <none>, ruleInfo: ["Gate", "target-TargetB-T-TargetB-21793--swift-generated-headers"]), Task(forTarget: <none>, ruleInfo: ["Gate", "target-TargetB-T-TargetB-21793--ProductPostprocessingTaskProducer"]), Task(forTarget: <none>, ruleInfo: ["Gate", "target-TargetB-T-TargetB-21793--RealityAssetsTaskProducer"]), Task(forTarget: <none>, ruleInfo: ["Gate", "target-TargetA-T-TargetA-21785--Barrier-CopyAside"]), Task(forTarget: <none>, ruleInfo: ["SwiftExplicitDependencyGeneratePcm", "x86_64", "/private/var/folders/xr/m5_5rlsd6l9fk2w4ngj13k6m0000gn/T/swbuild.tmp.Qwrkh9On/Data.noindex/Test/aProject/build/SwiftExplicitPrecompiledModules/SwiftShims-E7NR5GGR9Z7GY7PSRPSK1C6L1.pcm"]), Task(forTarget: TargetA, ruleInfo: ["Copy", "/private/var/folders/xr/m5_5rlsd6l9fk2w4ngj13k6m0000gn/T/swbuild.tmp.Qwrkh9On/Data.noindex/Test/aProject/build/Debug/TargetA.framework/Versions/A/Modules/TargetA.swiftmodule/x86_64-apple-macos.swiftdoc", "/private/var/folders/xr/m5_5rlsd6l9fk2w4ngj13k6m0000gn/T/swbuild.tmp.Qwrkh9On/Data.noindex/Test/aProject/build/aProject.build/Debug/TargetA.build/Objects-normal/x86_64/TargetA.swiftdoc"]), Task(forTarget: TargetB, ruleInfo: ["Gate", "target-TargetB-T-TargetB-21793--begin-scanning"]), Task(forTarget: <none>, ruleInfo: ["Gate", "target-TargetB-T-TargetB-21793--ModuleVerifierTaskProducer"]), Task(forTarget: TargetA, ruleInfo: ["SymLink", "/private/var/folders/xr/m5_5rlsd6l9fk2w4ngj13k6m0000gn/T/swbuild.tmp.Qwrkh9On/Data.noindex/Test/aProject/build/Debug/TargetA.framework/Headers", "Versions/Current/Headers"]), Task(forTarget: TargetB, ruleInfo: ["SwiftCompile", "normal", "x86_64", "Compiling fileB2.swift", "/private/var/folders/xr/m5_5rlsd6l9fk2w4ngj13k6m0000gn/T/swbuild.tmp.Qwrkh9On/Data.noindex/Test/aProject/Sources/fileB2.swift"]), Task(forTarget: TargetB, ruleInfo: ["Gate", "target-TargetB-T-TargetB-21793--linker-inputs-ready"]), Task(forTarget: <none>, ruleInfo: ["Gate", "target-TargetA-T-TargetA-21785--Barrier-ChangePermissions"]), Task(forTarget: TargetA, ruleInfo: ["WriteAuxiliaryFile", "/private/var/folders/xr/m5_5rlsd6l9fk2w4ngj13k6m0000gn/T/swbuild.tmp.Qwrkh9On/Data.noindex/Test/aProject/build/aProject.build/Debug/TargetA.build/TargetA-all-target-headers.hmap"]), Task(forTarget: TargetA, ruleInfo: ["SwiftDriver Compilation Requirements", "TargetA", "normal", "x86_64", "com.apple.xcode.tools.swift.compiler"]), Task(forTarget: TargetA, ruleInfo: ["WriteAuxiliaryFile", "/private/var/folders/xr/m5_5rlsd6l9fk2w4ngj13k6m0000gn/T/swbuild.tmp.Qwrkh9On/Data.noindex/Test/aProject/build/aProject.build/Debug/TargetA.build/Objects-normal/x86_64/TargetA_const_extract_protocols.json"]), Task(forTarget: TargetA, ruleInfo: ["Gate", "target-TargetA-T-TargetA-21785--entry"]), Task(forTarget: TargetA, ruleInfo: ["WriteAuxiliaryFile", "/private/var/folders/xr/m5_5rlsd6l9fk2w4ngj13k6m0000gn/T/swbuild.tmp.Qwrkh9On/Data.noindex/Test/aProject/build/aProject.build/Debug/TargetA.build/TargetA.DependencyMetadataFileList"]), Task(forTarget: TargetA, ruleInfo: ["Copy", "/private/var/folders/xr/m5_5rlsd6l9fk2w4ngj13k6m0000gn/T/swbuild.tmp.Qwrkh9On/Data.noindex/Test/aProject/build/Debug/TargetA.framework/Versions/A/Modules/TargetA.swiftmodule/x86_64-apple-macos.swiftmodule", "/private/var/folders/xr/m5_5rlsd6l9fk2w4ngj13k6m0000gn/T/swbuild.tmp.Qwrkh9On/Data.noindex/Test/aProject/build/aProject.build/Debug/TargetA.build/Objects-normal/x86_64/TargetA.swiftmodule"]), Task(forTarget: <none>, ruleInfo: ["Gate", "target-TargetB-T-TargetB-21793--Barrier-RegisterProduct"]), Task(forTarget: TargetB, ruleInfo: ["SwiftDriver Compilation Requirements", "TargetB", "normal", "x86_64", "com.apple.xcode.tools.swift.compiler"]), Task(forTarget: <none>, ruleInfo: ["Gate", "target-TargetB-T-TargetB-21793--StubBinaryTaskProducer"]), Task(forTarget: TargetB, ruleInfo: ["Gate", "target-TargetB-T-TargetB-21793--entry"]), Task(forTarget: <none>, ruleInfo: ["SwiftExplicitDependencyCompileModuleFromInterface", "x86_64", "/private/var/folders/xr/m5_5rlsd6l9fk2w4ngj13k6m0000gn/T/swbuild.tmp.Qwrkh9On/Data.noindex/Test/aProject/build/SwiftExplicitPrecompiledModules/Swift-1039YR9EBE61.swiftmodule"]), Task(forTarget: <none>, ruleInfo: ["Gate", "target-TargetB-T-TargetB-21793--GenerateAppPlaygroundAssetCatalogTaskProducer"]), Task(forTarget: TargetB, ruleInfo: ["Gate", "target-TargetB-T-TargetB-21793--begin-linking"]), Task(forTarget: TargetA, ruleInfo: ["WriteAuxiliaryFile", "/private/var/folders/xr/m5_5rlsd6l9fk2w4ngj13k6m0000gn/T/swbuild.tmp.Qwrkh9On/Data.noindex/Test/aProject/build/aProject.build/Debug/TargetA.build/Objects-normal/x86_64/TargetA-OutputFileMap.json"]), Task(forTarget: TargetB, ruleInfo: ["WriteAuxiliaryFile", "/private/var/folders/xr/m5_5rlsd6l9fk2w4ngj13k6m0000gn/T/swbuild.tmp.Qwrkh9On/Data.noindex/Test/aProject/build/aProject.build/Debug/TargetB.build/TargetB.DependencyMetadataFileList"]), Task(forTarget: TargetB, ruleInfo: ["WriteAuxiliaryFile", "/private/var/folders/xr/m5_5rlsd6l9fk2w4ngj13k6m0000gn/T/swbuild.tmp.Qwrkh9On/Data.noindex/Test/aProject/build/aProject.build/Debug/TargetB.build/TargetB.hmap"]), Task(forTarget: <none>, ruleInfo: ["CreateBuildDirectory", "/private/var/folders/xr/m5_5rlsd6l9fk2w4ngj13k6m0000gn/T/swbuild.tmp.Qwrkh9On/Data.noindex/Test/aProject/build/SharedPrecompiledHeaders"]), Task(forTarget: TargetA, ruleInfo: ["Gate", "target-TargetA-T-TargetA-21785--unsigned-product-ready"]), Task(forTarget: TargetA, ruleInfo: ["Gate", "target-TargetA-T-TargetA-21785--will-sign"]), Task(forTarget: TargetB, ruleInfo: ["Copy", "/private/var/folders/xr/m5_5rlsd6l9fk2w4ngj13k6m0000gn/T/swbuild.tmp.Qwrkh9On/Data.noindex/Test/aProject/build/Debug/TargetB.framework/Versions/A/Modules/TargetB.swiftmodule/Project/x86_64-apple-macos.swiftsourceinfo", "/private/var/folders/xr/m5_5rlsd6l9fk2w4ngj13k6m0000gn/T/swbuild.tmp.Qwrkh9On/Data.noindex/Test/aProject/build/aProject.build/Debug/TargetB.build/Objects-normal/x86_64/TargetB.swiftsourceinfo"]), Task(forTarget: TargetA, ruleInfo: ["WriteAuxiliaryFile", "/private/var/folders/xr/m5_5rlsd6l9fk2w4ngj13k6m0000gn/T/swbuild.tmp.Qwrkh9On/Data.noindex/Test/aProject/build/aProject.build/Debug/TargetA.build/TargetA-generated-files.hmap"]), Task(forTarget: TargetA, ruleInfo: ["Gate", "target-TargetA-T-TargetA-21785--linker-inputs-ready"]), Task(forTarget: <none>, ruleInfo: ["Gate", "target-TargetB-T-TargetB-21793--Barrier-GenerateStubAPI"]), Task(forTarget: <none>, ruleInfo: ["Gate", "target-TargetA-T-TargetA-21785--ModuleVerifierTaskProducer"]), Task(forTarget: <none>, ruleInfo: ["Gate", "target-TargetB-T-TargetB-21793--SwiftFrameworkABICheckerTaskProducer"]), Task(forTarget: TargetB, ruleInfo: ["Gate", "target-TargetB-T-TargetB-21793--end"]), Task(forTarget: TargetB, ruleInfo: ["WriteAuxiliaryFile", "/private/var/folders/xr/m5_5rlsd6l9fk2w4ngj13k6m0000gn/T/swbuild.tmp.Qwrkh9On/Data.noindex/Test/aProject/build/aProject.build/Debug/TargetB.build/TargetB-all-target-headers.hmap"]), Task(forTarget: <none>, ruleInfo: ["SwiftExplicitDependencyGeneratePcm", "x86_64", "/private/var/folders/xr/m5_5rlsd6l9fk2w4ngj13k6m0000gn/T/swbuild.tmp.Qwrkh9On/Data.noindex/Test/aProject/build/SwiftExplicitPrecompiledModules/_SwiftConcurrencyShims-BUR8XM1R06AS02RWV63HPG1KR.pcm"]), Task(forTarget: <none>, ruleInfo: ["Gate", "target-TargetB-T-TargetB-21793--Barrier-ChangePermissions"]), Task(forTarget: <none>, ruleInfo: ["Gate", "target-TargetB-T-TargetB-21793--Barrier-CodeSign"]), Task(forTarget: TargetB, ruleInfo: ["Touch", "/private/var/folders/xr/m5_5rlsd6l9fk2w4ngj13k6m0000gn/T/swbuild.tmp.Qwrkh9On/Data.noindex/Test/aProject/build/Debug/TargetB.framework"]), Task(forTarget: <none>, ruleInfo: ["Gate", "target-TargetB-T-TargetB-21793--Barrier-StripSymbols"]), Task(forTarget: TargetB, ruleInfo: ["WriteAuxiliaryFile", "/private/var/folders/xr/m5_5rlsd6l9fk2w4ngj13k6m0000gn/T/swbuild.tmp.Qwrkh9On/Data.noindex/Test/aProject/build/aProject.build/Debug/TargetB.build/Objects-normal/x86_64/TargetB-OutputFileMap.json"]), Task(forTarget: TargetB, ruleInfo: ["GenerateTAPI", "/private/var/folders/xr/m5_5rlsd6l9fk2w4ngj13k6m0000gn/T/swbuild.tmp.Qwrkh9On/Data.noindex/Test/aProject/build/EagerLinkingTBDs/Debug/TargetB.framework/Versions/A/TargetB.tbd"]), Task(forTarget: TargetB, ruleInfo: ["SwiftEmitModule", "normal", "x86_64", "Emitting module for TargetB"]), Task(forTarget: TargetB, ruleInfo: ["MkDir", "/private/var/folders/xr/m5_5rlsd6l9fk2w4ngj13k6m0000gn/T/swbuild.tmp.Qwrkh9On/Data.noindex/Test/aProject/build/Debug/TargetB.framework/Versions"]), Task(forTarget: TargetA, ruleInfo: ["WriteAuxiliaryFile", "/private/var/folders/xr/m5_5rlsd6l9fk2w4ngj13k6m0000gn/T/swbuild.tmp.Qwrkh9On/Data.noindex/Test/aProject/build/aProject.build/Debug/TargetA.build/Objects-normal/x86_64/TargetA.SwiftFileList"]), Task(forTarget: TargetB, ruleInfo: ["ExtractAppIntentsMetadata"]), Task(forTarget: <none>, ruleInfo: ["Gate", "target-TargetB-T-TargetB-21793--ProductStructureTaskProducer"]), Task(forTarget: <none>, ruleInfo: ["Gate", "target-TargetB-T-TargetB-21793--HeadermapTaskProducer"]), Task(forTarget: <none>, ruleInfo: ["CreateBuildDirectory", "/private/var/folders/xr/m5_5rlsd6l9fk2w4ngj13k6m0000gn/T/swbuild.tmp.Qwrkh9On/Data.noindex/Test/aProject/build/Debug"]), Task(forTarget: TargetA, ruleInfo: ["WriteAuxiliaryFile", "/private/var/folders/xr/m5_5rlsd6l9fk2w4ngj13k6m0000gn/T/swbuild.tmp.Qwrkh9On/Data.noindex/Test/aProject/build/aProject.build/Debug/TargetA.build/TargetA.DependencyStaticMetadataFileList"]), Task(forTarget: <none>, ruleInfo: ["Gate", "target-TargetB-T-TargetB-21793--ExtensionPointExtractorTaskProducer"]), Task(forTarget: <none>, ruleInfo: ["Gate", "target-TargetB-T-TargetB-21793--SwiftStandardLibrariesTaskProducer"]), Task(forTarget: TargetA, ruleInfo: ["Copy", "/private/var/folders/xr/m5_5rlsd6l9fk2w4ngj13k6m0000gn/T/swbuild.tmp.Qwrkh9On/Data.noindex/Test/aProject/build/Debug/TargetA.framework/Versions/A/Modules/TargetA.swiftmodule/x86_64-apple-macos.abi.json", "/private/var/folders/xr/m5_5rlsd6l9fk2w4ngj13k6m0000gn/T/swbuild.tmp.Qwrkh9On/Data.noindex/Test/aProject/build/aProject.build/Debug/TargetA.build/Objects-normal/x86_64/TargetA.abi.json"]), Task(forTarget: <none>, ruleInfo: ["CreateBuildDirectory", "/private/var/folders/xr/m5_5rlsd6l9fk2w4ngj13k6m0000gn/T/swbuild.tmp.Qwrkh9On/Data.noindex/Test/aProject/build/ExplicitPrecompiledModules"]), Task(forTarget: TargetB, ruleInfo: ["Gate", "target-TargetB-T-TargetB-21793--immediate"]), Task(forTarget: <none>, ruleInfo: ["Gate", "target-TargetA-T-TargetA-21785--AppExtensionInfoPlistGeneratorTaskProducer"]), Task(forTarget: TargetB, ruleInfo: ["SymLink", "/private/var/folders/xr/m5_5rlsd6l9fk2w4ngj13k6m0000gn/T/swbuild.tmp.Qwrkh9On/Data.noindex/Test/aProject/build/Debug/TargetB.framework/Modules", "Versions/Current/Modules"]), Task(forTarget: <none>, ruleInfo: ["Gate", "target-TargetA-T-TargetA-21785--swift-generated-headers"]), Task(forTarget: <none>, ruleInfo: ["Gate", "target-TargetB-T-TargetB-21793--InfoPlistTaskProducer"]), Task(forTarget: <none>, ruleInfo: ["Gate", "target-TargetB-T-TargetB-21793--AppExtensionInfoPlistGeneratorTaskProducer"]), Task(forTarget: TargetB, ruleInfo: ["SwiftDriver", "TargetB", "normal", "x86_64", "com.apple.xcode.tools.swift.compiler"]), Task(forTarget: <none>, ruleInfo: ["Gate", "target-TargetA-T-TargetA-21785--CopySwiftPackageResourcesTaskProducer"]), Task(forTarget: <none>, ruleInfo: ["Gate", "target-TargetA-T-TargetA-21785--ProductStructureTaskProducer"]), Task(forTarget: TargetA, ruleInfo: ["SymLink", "/private/var/folders/xr/m5_5rlsd6l9fk2w4ngj13k6m0000gn/T/swbuild.tmp.Qwrkh9On/Data.noindex/Test/aProject/build/Debug/TargetA.framework/Versions/Current", "A"]), Task(forTarget: TargetA, ruleInfo: ["SwiftMergeGeneratedHeaders", "/private/var/folders/xr/m5_5rlsd6l9fk2w4ngj13k6m0000gn/T/swbuild.tmp.Qwrkh9On/Data.noindex/Test/aProject/build/Debug/TargetA.framework/Versions/A/Headers/TargetA-Swift.h", "/private/var/folders/xr/m5_5rlsd6l9fk2w4ngj13k6m0000gn/T/swbuild.tmp.Qwrkh9On/Data.noindex/Test/aProject/build/aProject.build/Debug/TargetA.build/Objects-normal/x86_64/TargetA-Swift.h"]), Task(forTarget: <none>, ruleInfo: ["Gate", "target-TargetA-T-TargetA-21785--ProductPostprocessingTaskProducer"]), Task(forTarget: TargetB, ruleInfo: ["Copy", "/private/var/folders/xr/m5_5rlsd6l9fk2w4ngj13k6m0000gn/T/swbuild.tmp.Qwrkh9On/Data.noindex/Test/aProject/build/Debug/TargetB.framework/Versions/A/Modules/TargetB.swiftmodule/x86_64-apple-macos.swiftdoc", "/private/var/folders/xr/m5_5rlsd6l9fk2w4ngj13k6m0000gn/T/swbuild.tmp.Qwrkh9On/Data.noindex/Test/aProject/build/aProject.build/Debug/TargetB.build/Objects-normal/x86_64/TargetB.swiftdoc"]), Task(forTarget: <none>, ruleInfo: ["Gate", "target-TargetA-T-TargetA-21785--DocumentationTaskProducer"]), Task(forTarget: TargetB, ruleInfo: ["SymLink", "/private/var/folders/xr/m5_5rlsd6l9fk2w4ngj13k6m0000gn/T/swbuild.tmp.Qwrkh9On/Data.noindex/Test/aProject/build/Debug/TargetB.framework/Versions/Current", "A"]), Task(forTarget: <none>, ruleInfo: ["Gate", "target-TargetA-T-TargetA-21785--InfoPlistTaskProducer"]), Task(forTarget: <none>, ruleInfo: ["CreateBuildDirectory", "/private/var/folders/xr/m5_5rlsd6l9fk2w4ngj13k6m0000gn/T/swbuild.tmp.Qwrkh9On/Data.noindex/Test/aProject/build"]), Task(forTarget: <none>, ruleInfo: ["Gate", "target-TargetA-T-TargetA-21785--SwiftABIBaselineGenerationTaskProducer"]), Task(forTarget: TargetA, ruleInfo: ["SwiftDriver Compilation", "TargetA", "normal", "x86_64", "com.apple.xcode.tools.swift.compiler"]), Task(forTarget: TargetB, ruleInfo: ["SwiftMergeGeneratedHeaders", "/private/var/folders/xr/m5_5rlsd6l9fk2w4ngj13k6m0000gn/T/swbuild.tmp.Qwrkh9On/Data.noindex/Test/aProject/build/Debug/TargetB.framework/Versions/A/Headers/TargetB-Swift.h", "/private/var/folders/xr/m5_5rlsd6l9fk2w4ngj13k6m0000gn/T/swbuild.tmp.Qwrkh9On/Data.noindex/Test/aProject/build/aProject.build/Debug/TargetB.build/Objects-normal/x86_64/TargetB-Swift.h"]), Task(forTarget: TargetB, ruleInfo: ["Ld", "/private/var/folders/xr/m5_5rlsd6l9fk2w4ngj13k6m0000gn/T/swbuild.tmp.Qwrkh9On/Data.noindex/Test/aProject/build/Debug/TargetB.framework/Versions/A/TargetB", "normal"]), Task(forTarget: TargetB, ruleInfo: ["WriteAuxiliaryFile", "/private/var/folders/xr/m5_5rlsd6l9fk2w4ngj13k6m0000gn/T/swbuild.tmp.Qwrkh9On/Data.noindex/Test/aProject/build/aProject.build/Debug/TargetB.build/TargetB-all-non-framework-target-headers.hmap"]), Task(forTarget: <none>, ruleInfo: ["Gate", "target-TargetA-T-TargetA-21785--TAPISymbolExtractorTaskProducer"]), Task(forTarget: <none>, ruleInfo: ["SwiftExplicitDependencyCompileModuleFromInterface", "x86_64", "/private/var/folders/xr/m5_5rlsd6l9fk2w4ngj13k6m0000gn/T/swbuild.tmp.Qwrkh9On/Data.noindex/Test/aProject/build/SwiftExplicitPrecompiledModules/_Concurrency-2W8LU3DF58RLX.swiftmodule"]), Task(forTarget: <none>, ruleInfo: ["Gate", "target-TargetB-T-TargetB-21793--Barrier-ChangeAlternatePermissions"]), Task(forTarget: <none>, ruleInfo: ["Gate", "target-TargetA-T-TargetA-21785--SwiftPackageCopyFilesTaskProducer"]), Task(forTarget: <none>, ruleInfo: ["Gate", "target-TargetA-T-TargetA-21785--copy-headers-completion"]), Task(forTarget: <none>, ruleInfo: ["Gate", "WorkspaceHeaderMapVFSFilesWritten"]), Task(forTarget: TargetA, ruleInfo: ["Gate", "target-TargetA-T-TargetA-21785--modules-ready"]), Task(forTarget: <none>, ruleInfo: ["Gate", "target-TargetB-T-TargetB-21793--SanitizerTaskProducer"]), Task(forTarget: <none>, ruleInfo: ["Gate", "target-TargetA-T-TargetA-21785--Barrier-ChangeAlternatePermissions"]), Task(forTarget: TargetB, ruleInfo: ["SymLink", "/private/var/folders/xr/m5_5rlsd6l9fk2w4ngj13k6m0000gn/T/swbuild.tmp.Qwrkh9On/Data.noindex/Test/aProject/build/Debug/TargetB.framework/Headers", "Versions/Current/Headers"]), Task(forTarget: <none>, ruleInfo: ["CreateBuildDirectory", "/var/folders/xr/m5_5rlsd6l9fk2w4ngj13k6m0000gn/C/com.apple.DeveloperTools/26.4.1-17E202/Xcode/CompilationCache.noindex"]), Task(forTarget: <none>, ruleInfo: ["Gate", "target-TargetA-T-TargetA-21785--CustomTaskProducer"]), Task(forTarget: <none>, ruleInfo: ["Gate", "target-TargetA-T-TargetA-21785--AppIntentsMetadataTaskProducer"]), Task(forTarget: TargetB, ruleInfo: ["Copy", "/private/var/folders/xr/m5_5rlsd6l9fk2w4ngj13k6m0000gn/T/swbuild.tmp.Qwrkh9On/Data.noindex/Test/aProject/build/Debug/TargetB.framework/Versions/A/Modules/TargetB.swiftmodule/x86_64-apple-macos.abi.json", "/private/var/folders/xr/m5_5rlsd6l9fk2w4ngj13k6m0000gn/T/swbuild.tmp.Qwrkh9On/Data.noindex/Test/aProject/build/aProject.build/Debug/TargetB.build/Objects-normal/x86_64/TargetB.abi.json"]), Task(forTarget: <none>, ruleInfo: ["Gate", "target-TargetA-T-TargetA-21785--TestHostTaskProducer"]), Task(forTarget: TargetB, ruleInfo: ["WriteAuxiliaryFile", "/private/var/folders/xr/m5_5rlsd6l9fk2w4ngj13k6m0000gn/T/swbuild.tmp.Qwrkh9On/Data.noindex/Test/aProject/build/aProject.build/Debug/TargetB.build/Objects-normal/x86_64/TargetB.LinkFileList"]), Task(forTarget: <none>, ruleInfo: ["Gate", "target-TargetA-T-TargetA-21785--TestTargetPostprocessingTaskProducer"]), Task(forTarget: <none>, ruleInfo: ["Gate", "target-TargetA-T-TargetA-21785--Barrier-GenerateStubAPI"]), Task(forTarget: TargetB, ruleInfo: ["Gate", "target-TargetB-T-TargetB-21793--will-sign"]), Task(forTarget: <none>, ruleInfo: ["Gate", "target-TargetA-T-TargetA-21785--generated-headers"]), Task(forTarget: <none>, ruleInfo: ["Gate", "target-TargetB-T-TargetB-21793--Barrier-RegisterExecutionPolicyException"]), Task(forTarget: TargetB, ruleInfo: ["SymLink", "/private/var/folders/xr/m5_5rlsd6l9fk2w4ngj13k6m0000gn/T/swbuild.tmp.Qwrkh9On/Data.noindex/Test/aProject/build/EagerLinkingTBDs/Debug/TargetB.framework/TargetB.tbd", "/private/var/folders/xr/m5_5rlsd6l9fk2w4ngj13k6m0000gn/T/swbuild.tmp.Qwrkh9On/Data.noindex/Test/aProject/build/EagerLinkingTBDs/Debug/TargetB.framework/Versions/A/TargetB.tbd"]), Task(forTarget: TargetB, ruleInfo: ["WriteAuxiliaryFile", "/private/var/folders/xr/m5_5rlsd6l9fk2w4ngj13k6m0000gn/T/swbuild.tmp.Qwrkh9On/Data.noindex/Test/aProject/build/aProject.build/Debug/TargetB.build/TargetB-own-target-headers.hmap"]), Task(forTarget: TargetB, ruleInfo: ["WriteAuxiliaryFile", "/private/var/folders/xr/m5_5rlsd6l9fk2w4ngj13k6m0000gn/T/swbuild.tmp.Qwrkh9On/Data.noindex/Test/aProject/build/aProject.build/Debug/TargetB.build/TargetB-project-headers.hmap"]), Task(forTarget: <none>, ruleInfo: ["Gate", "target-TargetB-T-TargetB-21793--DocumentationTaskProducer"]), Task(forTarget: <none>, ruleInfo: ["Gate", "target-TargetA-T-TargetA-21785--TestEntryPointTaskProducerFactory"]), Task(forTarget: <none>, ruleInfo: ["Gate", "target-TargetA-T-TargetA-21785--TestTargetTaskProducer"]), Task(forTarget: TargetA, ruleInfo: ["Touch", "/private/var/folders/xr/m5_5rlsd6l9fk2w4ngj13k6m0000gn/T/swbuild.tmp.Qwrkh9On/Data.noindex/Test/aProject/build/Debug/TargetA.framework"]), Task(forTarget: <none>, ruleInfo: ["Gate", "target-TargetA-T-TargetA-21785--HeadermapTaskProducer"]), Task(forTarget: <none>, ruleInfo: ["Gate", "target-TargetB-T-TargetB-21793--fused-phase0-compile-sources&link-binary"]), Task(forTarget: TargetB, ruleInfo: ["WriteAuxiliaryFile", "/private/var/folders/xr/m5_5rlsd6l9fk2w4ngj13k6m0000gn/T/swbuild.tmp.Qwrkh9On/Data.noindex/Test/aProject/build/aProject.build/Debug/TargetB.build/TargetB.DependencyStaticMetadataFileList"]), Task(forTarget: <none>, ruleInfo: ["Gate", "target-TargetB-T-TargetB-21793--TestTargetTaskProducer"]), Task(forTarget: <none>, ruleInfo: ["Gate", "target-TargetA-T-TargetA-21785--RealityAssetsTaskProducer"]), Task(forTarget: <none>, ruleInfo: ["Gate", "target-TargetB-T-TargetB-21793--CustomTaskProducer"]), Task(forTarget: TargetB, ruleInfo: ["RegisterExecutionPolicyException", "/private/var/folders/xr/m5_5rlsd6l9fk2w4ngj13k6m0000gn/T/swbuild.tmp.Qwrkh9On/Data.noindex/Test/aProject/build/Debug/TargetB.framework"]), Task(forTarget: TargetA, ruleInfo: ["WriteAuxiliaryFile", "/private/var/folders/xr/m5_5rlsd6l9fk2w4ngj13k6m0000gn/T/swbuild.tmp.Qwrkh9On/Data.noindex/Test/aProject/build/aProject.build/Debug/TargetA.build/TargetA-all-non-framework-target-headers.hmap"]), Task(forTarget: TargetB, ruleInfo: ["SwiftCompile", "normal", "x86_64", "Compiling fileB1.swift", "/private/var/folders/xr/m5_5rlsd6l9fk2w4ngj13k6m0000gn/T/swbuild.tmp.Qwrkh9On/Data.noindex/Test/aProject/Sources/fileB1.swift"]), Task(forTarget: <none>, ruleInfo: ["Gate", "target-TargetA-T-TargetA-21785--Barrier-CodeSign"]), Task(forTarget: <none>, ruleInfo: ["Gate", "target-TargetB-T-TargetB-21793--AppIntentsMetadataTaskProducer"]), Task(forTarget: TargetB, ruleInfo: ["Gate", "target-TargetB-T-TargetB-21793--unsigned-product-ready"]), Task(forTarget: TargetA, ruleInfo: ["SwiftDriver", "TargetA", "normal", "x86_64", "com.apple.xcode.tools.swift.compiler"]), Task(forTarget: TargetA, ruleInfo: ["Gate", "target-TargetA-T-TargetA-21785--end"]), Task(forTarget: TargetA, ruleInfo: ["Gate", "target-TargetA-T-TargetA-21785--begin-scanning"]), Task(forTarget: TargetB, ruleInfo: ["WriteAuxiliaryFile", "/private/var/folders/xr/m5_5rlsd6l9fk2w4ngj13k6m0000gn/T/swbuild.tmp.Qwrkh9On/Data.noindex/Test/aProject/build/aProject.build/Debug/TargetB.build/Objects-normal/x86_64/TargetB_const_extract_protocols.json"]), Task(forTarget: <none>, ruleInfo: ["Gate", "target-TargetA-T-TargetA-21785--StubBinaryTaskProducer"]), Task(forTarget: TargetB, ruleInfo: ["MkDir", "/private/var/folders/xr/m5_5rlsd6l9fk2w4ngj13k6m0000gn/T/swbuild.tmp.Qwrkh9On/Data.noindex/Test/aProject/build/Debug/TargetB.framework/Versions/A"]), Task(forTarget: TargetA, ruleInfo: ["SwiftCompile", "normal", "x86_64", "Compiling fileA2.swift", "/private/var/folders/xr/m5_5rlsd6l9fk2w4ngj13k6m0000gn/T/swbuild.tmp.Qwrkh9On/Data.noindex/Test/aProject/Sources/fileA2.swift"]), Task(forTarget: <none>, ruleInfo: ["Gate", "target-TargetA-T-TargetA-21785--fused-phase0-compile-sources"]), Task(forTarget: <none>, ruleInfo: ["Gate", "target-TargetA-T-TargetA-21785--ModuleMapTaskProducer"]), Task(forTarget: <none>, ruleInfo: ["Gate", "target-TargetA-T-TargetA-21785--GeneratedFilesTaskProducer"]), Task(forTarget: <none>, ruleInfo: ["Gate", "target-TargetA-T-TargetA-21785--SwiftStandardLibrariesTaskProducer"]), Task(forTarget: TargetA, ruleInfo: ["GenerateTAPI", "/private/var/folders/xr/m5_5rlsd6l9fk2w4ngj13k6m0000gn/T/swbuild.tmp.Qwrkh9On/Data.noindex/Test/aProject/build/EagerLinkingTBDs/Debug/TargetA.framework/Versions/A/TargetA.tbd"]), Task(forTarget: <none>, ruleInfo: ["Gate", "target-TargetA-T-TargetA-21785--Barrier-Validate"]), Task(forTarget: TargetB, ruleInfo: ["WriteAuxiliaryFile", "/private/var/folders/xr/m5_5rlsd6l9fk2w4ngj13k6m0000gn/T/swbuild.tmp.Qwrkh9On/Data.noindex/Test/aProject/build/aProject.build/Debug/TargetB.build/Objects-normal/x86_64/TargetB.SwiftFileList"]), Task(forTarget: TargetA, ruleInfo: ["MkDir", "/private/var/folders/xr/m5_5rlsd6l9fk2w4ngj13k6m0000gn/T/swbuild.tmp.Qwrkh9On/Data.noindex/Test/aProject/build/Debug/TargetA.framework"]), Task(forTarget: <none>, ruleInfo: ["Gate", "target-TargetA-T-TargetA-21785--ExtensionPointExtractorTaskProducer"]), Task(forTarget: TargetA, ruleInfo: ["SymLink", "/private/var/folders/xr/m5_5rlsd6l9fk2w4ngj13k6m0000gn/T/swbuild.tmp.Qwrkh9On/Data.noindex/Test/aProject/build/Debug/TargetA.framework/TargetA", "Versions/Current/TargetA"]), Task(forTarget: TargetA, ruleInfo: ["MkDir", "/private/var/folders/xr/m5_5rlsd6l9fk2w4ngj13k6m0000gn/T/swbuild.tmp.Qwrkh9On/Data.noindex/Test/aProject/build/Debug/TargetA.framework/Versions/A"]), Task(forTarget: <none>, ruleInfo: ["Gate", "target-TargetB-T-TargetB-21793--generated-headers"]), Task(forTarget: <none>, ruleInfo: ["Gate", "target-TargetA-T-TargetA-21785--SwiftFrameworkABICheckerTaskProducer"]), Task(forTarget: TargetB, ruleInfo: ["Gate", "target-TargetB-T-TargetB-21793--modules-ready"]), Task(forTarget: <none>, ruleInfo: ["ClangStatCache", "/Applications/Xcode17E.app/Contents/Developer/Toolchains/XcodeDefault.xctoolchain/usr/bin/clang-stat-cache", "/Applications/Xcode17E.app/Contents/Developer/Platforms/MacOSX.platform/Developer/SDKs/MacOSX26.4.sdk", "/private/var/folders/xr/m5_5rlsd6l9fk2w4ngj13k6m0000gn/T/swbuild.tmp.Qwrkh9On/Data.noindex/Test/SDKStatCaches.noindex/macosx26.4-25E260-95aa6cf8f3effd57bda17e0c125410c0.sdkstatcache"]), Task(forTarget: TargetB, ruleInfo: ["SymLink", "/private/var/folders/xr/m5_5rlsd6l9fk2w4ngj13k6m0000gn/T/swbuild.tmp.Qwrkh9On/Data.noindex/Test/aProject/build/Debug/TargetB.framework/TargetB", "Versions/Current/TargetB"]), Task(forTarget: TargetA, ruleInfo: ["MkDir", "/private/var/folders/xr/m5_5rlsd6l9fk2w4ngj13k6m0000gn/T/swbuild.tmp.Qwrkh9On/Data.noindex/Test/aProject/build/Debug/TargetA.framework/Versions/A/Headers"]), Task(forTarget: <none>, ruleInfo: ["Gate", "target-TargetB-T-TargetB-21793--TestHostTaskProducer"]), Task(forTarget: TargetA, ruleInfo: ["Gate", "target-TargetA-T-TargetA-21785--begin-linking"]), Task(forTarget: <none>, ruleInfo: ["Gate", "target-TargetB-T-TargetB-21793--ModuleMapTaskProducer"]), Task(forTarget: <none>, ruleInfo: ["CreateBuildDirectory", "/private/var/folders/xr/m5_5rlsd6l9fk2w4ngj13k6m0000gn/T/swbuild.tmp.Qwrkh9On/Data.noindex/Test/aProject/build/SwiftExplicitPrecompiledModules"]), Task(forTarget: <none>, ruleInfo: ["Gate", "target-TargetB-T-TargetB-21793--SwiftABIBaselineGenerationTaskProducer"]), Task(forTarget: <none>, ruleInfo: ["Gate", "target-TargetB-T-TargetB-21793--TestTargetPostprocessingTaskProducer"]), Task(forTarget: <none>, ruleInfo: ["CreateBuildDirectory", "/private/var/folders/xr/m5_5rlsd6l9fk2w4ngj13k6m0000gn/T/swbuild.tmp.Qwrkh9On/Data.noindex/Test/aProject/build/EagerLinkingTBDs/Debug"]), Task(forTarget: TargetA, ruleInfo: ["WriteAuxiliaryFile", "/private/var/folders/xr/m5_5rlsd6l9fk2w4ngj13k6m0000gn/T/swbuild.tmp.Qwrkh9On/Data.noindex/Test/aProject/build/aProject.build/Debug/TargetA.build/Objects-normal/x86_64/TargetA.SwiftConstValuesFileList"]), Task(forTarget: <none>, ruleInfo: ["Gate", "target-TargetA-T-TargetA-21785--GenerateAppPlaygroundAssetCatalogTaskProducer"]), Task(forTarget: <none>, ruleInfo: ["WriteAuxiliaryFile", "/private/var/folders/xr/m5_5rlsd6l9fk2w4ngj13k6m0000gn/T/swbuild.tmp.Qwrkh9On/Data.noindex/Test/aProject/build/aProject.build/Debug/aProject-P21796-VFS/all-product-headers.yaml"]), Task(forTarget: <none>, ruleInfo: ["Gate", "target-TargetB-T-TargetB-21793--CopySwiftPackageResourcesTaskProducer"]), Task(forTarget: <none>, ruleInfo: ["Gate", "target-TargetB-T-TargetB-21793--Barrier-CopyAside"]), Task(forTarget: TargetA, ruleInfo: ["WriteAuxiliaryFile", "/private/var/folders/xr/m5_5rlsd6l9fk2w4ngj13k6m0000gn/T/swbuild.tmp.Qwrkh9On/Data.noindex/Test/aProject/build/aProject.build/Debug/TargetA.build/TargetA-project-headers.hmap"]), Task(forTarget: TargetB, ruleInfo: ["MkDir", "/private/var/folders/xr/m5_5rlsd6l9fk2w4ngj13k6m0000gn/T/swbuild.tmp.Qwrkh9On/Data.noindex/Test/aProject/build/Debug/TargetB.framework"]), Task(forTarget: TargetA, ruleInfo: ["SymLink", "/private/var/folders/xr/m5_5rlsd6l9fk2w4ngj13k6m0000gn/T/swbuild.tmp.Qwrkh9On/Data.noindex/Test/aProject/build/Debug/TargetA.framework/Modules", "Versions/Current/Modules"]), Task(forTarget: <none>, ruleInfo: ["SwiftExplicitDependencyCompileModuleFromInterface", "x86_64", "/private/var/folders/xr/m5_5rlsd6l9fk2w4ngj13k6m0000gn/T/swbuild.tmp.Qwrkh9On/Data.noindex/Test/aProject/build/SwiftExplicitPrecompiledModules/_StringProcessing-13GX4EAKQZW8B.swiftmodule"]), Task(forTarget: TargetA, ruleInfo: ["RegisterExecutionPolicyException", "/private/var/folders/xr/m5_5rlsd6l9fk2w4ngj13k6m0000gn/T/swbuild.tmp.Qwrkh9On/Data.noindex/Test/aProject/build/Debug/TargetA.framework"]), Task(forTarget: TargetA, ruleInfo: ["Copy", "/private/var/folders/xr/m5_5rlsd6l9fk2w4ngj13k6m0000gn/T/swbuild.tmp.Qwrkh9On/Data.noindex/Test/aProject/build/Debug/TargetA.framework/Versions/A/Modules/TargetA.swiftmodule/Project/x86_64-apple-macos.swiftsourceinfo", "/private/var/folders/xr/m5_5rlsd6l9fk2w4ngj13k6m0000gn/T/swbuild.tmp.Qwrkh9On/Data.noindex/Test/aProject/build/aProject.build/Debug/TargetA.build/Objects-normal/x86_64/TargetA.swiftsourceinfo"]), Task(forTarget: <none>, ruleInfo: ["Gate", "target-TargetB-T-TargetB-21793--copy-headers-completion"]), Task(forTarget: <none>, ruleInfo: ["Gate", "target-TargetB-T-TargetB-21793--TestEntryPointTaskProducerFactory"]), Task(forTarget: TargetA, ruleInfo: ["Gate", "target-TargetA-T-TargetA-21785--immediate"]), Task(forTarget: <none>, ruleInfo: ["Gate", "target-TargetA-T-TargetA-21785--Barrier-RegisterProduct"]), Task(forTarget: <none>, ruleInfo: ["Gate", "target-TargetB-T-TargetB-21793--Barrier-Validate"]), Task(forTarget: TargetB, ruleInfo: ["Copy", "/private/var/folders/xr/m5_5rlsd6l9fk2w4ngj13k6m0000gn/T/swbuild.tmp.Qwrkh9On/Data.noindex/Test/aProject/build/Debug/TargetB.framework/Versions/A/Modules/TargetB.swiftmodule/x86_64-apple-macos.swiftmodule", "/private/var/folders/xr/m5_5rlsd6l9fk2w4ngj13k6m0000gn/T/swbuild.tmp.Qwrkh9On/Data.noindex/Test/aProject/build/aProject.build/Debug/TargetB.build/Objects-normal/x86_64/TargetB.swiftmodule"]), Task(forTarget: TargetB, ruleInfo: ["WriteAuxiliaryFile", "/private/var/folders/xr/m5_5rlsd6l9fk2w4ngj13k6m0000gn/T/swbuild.tmp.Qwrkh9On/Data.noindex/Test/aProject/build/aProject.build/Debug/TargetB.build/TargetB-generated-files.hmap"]), Task(forTarget: TargetA, ruleInfo: ["Gate", "target-TargetA-T-TargetA-21785--begin-compiling"]), Task(forTarget: TargetA, ruleInfo: ["WriteAuxiliaryFile", "/private/var/folders/xr/m5_5rlsd6l9fk2w4ngj13k6m0000gn/T/swbuild.tmp.Qwrkh9On/Data.noindex/Test/aProject/build/aProject.build/Debug/TargetA.build/TargetA.hmap"]), Task(forTarget: TargetA, ruleInfo: ["SwiftEmitModule", "normal", "x86_64", "Emitting module for TargetA"]), Task(forTarget: TargetB, ruleInfo: ["Gate", "target-TargetB-T-TargetB-21793--begin-compiling"]), Task(forTarget: <none>, ruleInfo: ["Gate", "target-TargetB-T-TargetB-21793--SwiftPackageCopyFilesTaskProducer"]), Task(forTarget: <none>, ruleInfo: ["Gate", "target-TargetA-T-TargetA-21785--SanitizerTaskProducer"]), Task(forTarget: TargetA, ruleInfo: ["WriteAuxiliaryFile", "/private/var/folders/xr/m5_5rlsd6l9fk2w4ngj13k6m0000gn/T/swbuild.tmp.Qwrkh9On/Data.noindex/Test/aProject/build/aProject.build/Debug/TargetA.build/TargetA-own-target-headers.hmap"]), Task(forTarget: TargetA, ruleInfo: ["WriteAuxiliaryFile", "/private/var/folders/xr/m5_5rlsd6l9fk2w4ngj13k6m0000gn/T/swbuild.tmp.Qwrkh9On/Data.noindex/Test/aProject/build/aProject.build/Debug/TargetA.build/Objects-normal/x86_64/TargetA.LinkFileList"]), Task(forTarget: TargetA, ruleInfo: ["SwiftCompile", "normal", "x86_64", "Compiling fileA1.swift", "/private/var/folders/xr/m5_5rlsd6l9fk2w4ngj13k6m0000gn/T/swbuild.tmp.Qwrkh9On/Data.noindex/Test/aProject/Sources/fileA1.swift"])]
↳ Occasionally fails in CI due to SwiftExplicitDependencyCompileModuleFromInterface missing from the dependency graph
━ Test swiftEagerCompilationWithExplicitModules() recorded a known issue at SwiftDriverTests.swift:3590:55: Issue recorded
↳ Task Task(forTarget: TargetB, ruleInfo: ["SwiftCompile", "normal", "x86_64", "Compiling fileB2.swift", "/private/var/folders/xr/m5_5rlsd6l9fk2w4ngj13k6m0000gn/T/swbuild.tmp.Qwrkh9On/Data.noindex/Test/aProject/Sources/fileB2.swift"]) does not follow any tasks matching [Rule matches [SWBTestSupport.StringPattern.equal("SwiftExplicitDependencyGeneratePcm"), SWBTestSupport.StringPattern.equal("normal"), SWBTestSupport.StringPattern.equal("x86_64"), SWBTestSupport.StringPattern.contains("SwiftShims-")]]. Found: [] in [Task(forTarget: TargetA, ruleInfo: ["Ld", "/private/var/folders/xr/m5_5rlsd6l9fk2w4ngj13k6m0000gn/T/swbuild.tmp.Qwrkh9On/Data.noindex/Test/aProject/build/Debug/TargetA.framework/Versions/A/TargetA", "normal"]), Task(forTarget: <none>, ruleInfo: ["Gate", "target-TargetA-T-TargetA-21785--Barrier-RegisterExecutionPolicyException"]), Task(forTarget: TargetA, ruleInfo: ["MkDir", "/private/var/folders/xr/m5_5rlsd6l9fk2w4ngj13k6m0000gn/T/swbuild.tmp.Qwrkh9On/Data.noindex/Test/aProject/build/Debug/TargetA.framework/Versions"]), Task(forTarget: TargetA, ruleInfo: ["SymLink", "/private/var/folders/xr/m5_5rlsd6l9fk2w4ngj13k6m0000gn/T/swbuild.tmp.Qwrkh9On/Data.noindex/Test/aProject/build/EagerLinkingTBDs/Debug/TargetA.framework/TargetA.tbd", "/private/var/folders/xr/m5_5rlsd6l9fk2w4ngj13k6m0000gn/T/swbuild.tmp.Qwrkh9On/Data.noindex/Test/aProject/build/EagerLinkingTBDs/Debug/TargetA.framework/Versions/A/TargetA.tbd"]), Task(forTarget: <none>, ruleInfo: ["Gate", "target-TargetB-T-TargetB-21793--GeneratedFilesTaskProducer"]), Task(forTarget: TargetA, ruleInfo: ["ExtractAppIntentsMetadata"]), Task(forTarget: TargetB, ruleInfo: ["MkDir", "/private/var/folders/xr/m5_5rlsd6l9fk2w4ngj13k6m0000gn/T/swbuild.tmp.Qwrkh9On/Data.noindex/Test/aProject/build/Debug/TargetB.framework/Versions/A/Headers"]), Task(forTarget: <none>, ruleInfo: ["Gate", "target-TargetA-T-TargetA-21785--Barrier-StripSymbols"]), Task(forTarget: TargetB, ruleInfo: ["SwiftDriver Compilation", "TargetB", "normal", "x86_64", "com.apple.xcode.tools.swift.compiler"]), Task(forTarget: TargetB, ruleInfo: ["WriteAuxiliaryFile", "/private/var/folders/xr/m5_5rlsd6l9fk2w4ngj13k6m0000gn/T/swbuild.tmp.Qwrkh9On/Data.noindex/Test/aProject/build/aProject.build/Debug/TargetB.build/Objects-normal/x86_64/TargetB.SwiftConstValuesFileList"]), Task(forTarget: <none>, ruleInfo: ["Gate", "target-TargetB-T-TargetB-21793--TAPISymbolExtractorTaskProducer"]), Task(forTarget: <none>, ruleInfo: ["Gate", "target-TargetB-T-TargetB-21793--swift-generated-headers"]), Task(forTarget: <none>, ruleInfo: ["Gate", "target-TargetB-T-TargetB-21793--ProductPostprocessingTaskProducer"]), Task(forTarget: <none>, ruleInfo: ["Gate", "target-TargetB-T-TargetB-21793--RealityAssetsTaskProducer"]), Task(forTarget: <none>, ruleInfo: ["Gate", "target-TargetA-T-TargetA-21785--Barrier-CopyAside"]), Task(forTarget: <none>, ruleInfo: ["SwiftExplicitDependencyGeneratePcm", "x86_64", "/private/var/folders/xr/m5_5rlsd6l9fk2w4ngj13k6m0000gn/T/swbuild.tmp.Qwrkh9On/Data.noindex/Test/aProject/build/SwiftExplicitPrecompiledModules/SwiftShims-E7NR5GGR9Z7GY7PSRPSK1C6L1.pcm"]), Task(forTarget: TargetA, ruleInfo: ["Copy", "/private/var/folders/xr/m5_5rlsd6l9fk2w4ngj13k6m0000gn/T/swbuild.tmp.Qwrkh9On/Data.noindex/Test/aProject/build/Debug/TargetA.framework/Versions/A/Modules/TargetA.swiftmodule/x86_64-apple-macos.swiftdoc", "/private/var/folders/xr/m5_5rlsd6l9fk2w4ngj13k6m0000gn/T/swbuild.tmp.Qwrkh9On/Data.noindex/Test/aProject/build/aProject.build/Debug/TargetA.build/Objects-normal/x86_64/TargetA.swiftdoc"]), Task(forTarget: TargetB, ruleInfo: ["Gate", "target-TargetB-T-TargetB-21793--begin-scanning"]), Task(forTarget: <none>, ruleInfo: ["Gate", "target-TargetB-T-TargetB-21793--ModuleVerifierTaskProducer"]), Task(forTarget: TargetA, ruleInfo: ["SymLink", "/private/var/folders/xr/m5_5rlsd6l9fk2w4ngj13k6m0000gn/T/swbuild.tmp.Qwrkh9On/Data.noindex/Test/aProject/build/Debug/TargetA.framework/Headers", "Versions/Current/Headers"]), Task(forTarget: TargetB, ruleInfo: ["SwiftCompile", "normal", "x86_64", "Compiling fileB2.swift", "/private/var/folders/xr/m5_5rlsd6l9fk2w4ngj13k6m0000gn/T/swbuild.tmp.Qwrkh9On/Data.noindex/Test/aProject/Sources/fileB2.swift"]), Task(forTarget: TargetB, ruleInfo: ["Gate", "target-TargetB-T-TargetB-21793--linker-inputs-ready"]), Task(forTarget: <none>, ruleInfo: ["Gate", "target-TargetA-T-TargetA-21785--Barrier-ChangePermissions"]), Task(forTarget: TargetA, ruleInfo: ["WriteAuxiliaryFile", "/private/var/folders/xr/m5_5rlsd6l9fk2w4ngj13k6m0000gn/T/swbuild.tmp.Qwrkh9On/Data.noindex/Test/aProject/build/aProject.build/Debug/TargetA.build/TargetA-all-target-headers.hmap"]), Task(forTarget: TargetA, ruleInfo: ["SwiftDriver Compilation Requirements", "TargetA", "normal", "x86_64", "com.apple.xcode.tools.swift.compiler"]), Task(forTarget: TargetA, ruleInfo: ["WriteAuxiliaryFile", "/private/var/folders/xr/m5_5rlsd6l9fk2w4ngj13k6m0000gn/T/swbuild.tmp.Qwrkh9On/Data.noindex/Test/aProject/build/aProject.build/Debug/TargetA.build/Objects-normal/x86_64/TargetA_const_extract_protocols.json"]), Task(forTarget: TargetA, ruleInfo: ["Gate", "target-TargetA-T-TargetA-21785--entry"]), Task(forTarget: TargetA, ruleInfo: ["WriteAuxiliaryFile", "/private/var/folders/xr/m5_5rlsd6l9fk2w4ngj13k6m0000gn/T/swbuild.tmp.Qwrkh9On/Data.noindex/Test/aProject/build/aProject.build/Debug/TargetA.build/TargetA.DependencyMetadataFileList"]), Task(forTarget: TargetA, ruleInfo: ["Copy", "/private/var/folders/xr/m5_5rlsd6l9fk2w4ngj13k6m0000gn/T/swbuild.tmp.Qwrkh9On/Data.noindex/Test/aProject/build/Debug/TargetA.framework/Versions/A/Modules/TargetA.swiftmodule/x86_64-apple-macos.swiftmodule", "/private/var/folders/xr/m5_5rlsd6l9fk2w4ngj13k6m0000gn/T/swbuild.tmp.Qwrkh9On/Data.noindex/Test/aProject/build/aProject.build/Debug/TargetA.build/Objects-normal/x86_64/TargetA.swiftmodule"]), Task(forTarget: <none>, ruleInfo: ["Gate", "target-TargetB-T-TargetB-21793--Barrier-RegisterProduct"]), Task(forTarget: TargetB, ruleInfo: ["SwiftDriver Compilation Requirements", "TargetB", "normal", "x86_64", "com.apple.xcode.tools.swift.compiler"]), Task(forTarget: <none>, ruleInfo: ["Gate", "target-TargetB-T-TargetB-21793--StubBinaryTaskProducer"]), Task(forTarget: TargetB, ruleInfo: ["Gate", "target-TargetB-T-TargetB-21793--entry"]), Task(forTarget: <none>, ruleInfo: ["SwiftExplicitDependencyCompileModuleFromInterface", "x86_64", "/private/var/folders/xr/m5_5rlsd6l9fk2w4ngj13k6m0000gn/T/swbuild.tmp.Qwrkh9On/Data.noindex/Test/aProject/build/SwiftExplicitPrecompiledModules/Swift-1039YR9EBE61.swiftmodule"]), Task(forTarget: <none>, ruleInfo: ["Gate", "target-TargetB-T-TargetB-21793--GenerateAppPlaygroundAssetCatalogTaskProducer"]), Task(forTarget: TargetB, ruleInfo: ["Gate", "target-TargetB-T-TargetB-21793--begin-linking"]), Task(forTarget: TargetA, ruleInfo: ["WriteAuxiliaryFile", "/private/var/folders/xr/m5_5rlsd6l9fk2w4ngj13k6m0000gn/T/swbuild.tmp.Qwrkh9On/Data.noindex/Test/aProject/build/aProject.build/Debug/TargetA.build/Objects-normal/x86_64/TargetA-OutputFileMap.json"]), Task(forTarget: TargetB, ruleInfo: ["WriteAuxiliaryFile", "/private/var/folders/xr/m5_5rlsd6l9fk2w4ngj13k6m0000gn/T/swbuild.tmp.Qwrkh9On/Data.noindex/Test/aProject/build/aProject.build/Debug/TargetB.build/TargetB.DependencyMetadataFileList"]), Task(forTarget: TargetB, ruleInfo: ["WriteAuxiliaryFile", "/private/var/folders/xr/m5_5rlsd6l9fk2w4ngj13k6m0000gn/T/swbuild.tmp.Qwrkh9On/Data.noindex/Test/aProject/build/aProject.build/Debug/TargetB.build/TargetB.hmap"]), Task(forTarget: <none>, ruleInfo: ["CreateBuildDirectory", "/private/var/folders/xr/m5_5rlsd6l9fk2w4ngj13k6m0000gn/T/swbuild.tmp.Qwrkh9On/Data.noindex/Test/aProject/build/SharedPrecompiledHeaders"]), Task(forTarget: TargetA, ruleInfo: ["Gate", "target-TargetA-T-TargetA-21785--unsigned-product-ready"]), Task(forTarget: TargetA, ruleInfo: ["Gate", "target-TargetA-T-TargetA-21785--will-sign"]), Task(forTarget: TargetB, ruleInfo: ["Copy", "/private/var/folders/xr/m5_5rlsd6l9fk2w4ngj13k6m0000gn/T/swbuild.tmp.Qwrkh9On/Data.noindex/Test/aProject/build/Debug/TargetB.framework/Versions/A/Modules/TargetB.swiftmodule/Project/x86_64-apple-macos.swiftsourceinfo", "/private/var/folders/xr/m5_5rlsd6l9fk2w4ngj13k6m0000gn/T/swbuild.tmp.Qwrkh9On/Data.noindex/Test/aProject/build/aProject.build/Debug/TargetB.build/Objects-normal/x86_64/TargetB.swiftsourceinfo"]), Task(forTarget: TargetA, ruleInfo: ["WriteAuxiliaryFile", "/private/var/folders/xr/m5_5rlsd6l9fk2w4ngj13k6m0000gn/T/swbuild.tmp.Qwrkh9On/Data.noindex/Test/aProject/build/aProject.build/Debug/TargetA.build/TargetA-generated-files.hmap"]), Task(forTarget: TargetA, ruleInfo: ["Gate", "target-TargetA-T-TargetA-21785--linker-inputs-ready"]), Task(forTarget: <none>, ruleInfo: ["Gate", "target-TargetB-T-TargetB-21793--Barrier-GenerateStubAPI"]), Task(forTarget: <none>, ruleInfo: ["Gate", "target-TargetA-T-TargetA-21785--ModuleVerifierTaskProducer"]), Task(forTarget: <none>, ruleInfo: ["Gate", "target-TargetB-T-TargetB-21793--SwiftFrameworkABICheckerTaskProducer"]), Task(forTarget: TargetB, ruleInfo: ["Gate", "target-TargetB-T-TargetB-21793--end"]), Task(forTarget: TargetB, ruleInfo: ["WriteAuxiliaryFile", "/private/var/folders/xr/m5_5rlsd6l9fk2w4ngj13k6m0000gn/T/swbuild.tmp.Qwrkh9On/Data.noindex/Test/aProject/build/aProject.build/Debug/TargetB.build/TargetB-all-target-headers.hmap"]), Task(forTarget: <none>, ruleInfo: ["SwiftExplicitDependencyGeneratePcm", "x86_64", "/private/var/folders/xr/m5_5rlsd6l9fk2w4ngj13k6m0000gn/T/swbuild.tmp.Qwrkh9On/Data.noindex/Test/aProject/build/SwiftExplicitPrecompiledModules/_SwiftConcurrencyShims-BUR8XM1R06AS02RWV63HPG1KR.pcm"]), Task(forTarget: <none>, ruleInfo: ["Gate", "target-TargetB-T-TargetB-21793--Barrier-ChangePermissions"]), Task(forTarget: <none>, ruleInfo: ["Gate", "target-TargetB-T-TargetB-21793--Barrier-CodeSign"]), Task(forTarget: TargetB, ruleInfo: ["Touch", "/private/var/folders/xr/m5_5rlsd6l9fk2w4ngj13k6m0000gn/T/swbuild.tmp.Qwrkh9On/Data.noindex/Test/aProject/build/Debug/TargetB.framework"]), Task(forTarget: <none>, ruleInfo: ["Gate", "target-TargetB-T-TargetB-21793--Barrier-StripSymbols"]), Task(forTarget: TargetB, ruleInfo: ["WriteAuxiliaryFile", "/private/var/folders/xr/m5_5rlsd6l9fk2w4ngj13k6m0000gn/T/swbuild.tmp.Qwrkh9On/Data.noindex/Test/aProject/build/aProject.build/Debug/TargetB.build/Objects-normal/x86_64/TargetB-OutputFileMap.json"]), Task(forTarget: TargetB, ruleInfo: ["GenerateTAPI", "/private/var/folders/xr/m5_5rlsd6l9fk2w4ngj13k6m0000gn/T/swbuild.tmp.Qwrkh9On/Data.noindex/Test/aProject/build/EagerLinkingTBDs/Debug/TargetB.framework/Versions/A/TargetB.tbd"]), Task(forTarget: TargetB, ruleInfo: ["SwiftEmitModule", "normal", "x86_64", "Emitting module for TargetB"]), Task(forTarget: TargetB, ruleInfo: ["MkDir", "/private/var/folders/xr/m5_5rlsd6l9fk2w4ngj13k6m0000gn/T/swbuild.tmp.Qwrkh9On/Data.noindex/Test/aProject/build/Debug/TargetB.framework/Versions"]), Task(forTarget: TargetA, ruleInfo: ["WriteAuxiliaryFile", "/private/var/folders/xr/m5_5rlsd6l9fk2w4ngj13k6m0000gn/T/swbuild.tmp.Qwrkh9On/Data.noindex/Test/aProject/build/aProject.build/Debug/TargetA.build/Objects-normal/x86_64/TargetA.SwiftFileList"]), Task(forTarget: TargetB, ruleInfo: ["ExtractAppIntentsMetadata"]), Task(forTarget: <none>, ruleInfo: ["Gate", "target-TargetB-T-TargetB-21793--ProductStructureTaskProducer"]), Task(forTarget: <none>, ruleInfo: ["Gate", "target-TargetB-T-TargetB-21793--HeadermapTaskProducer"]), Task(forTarget: <none>, ruleInfo: ["CreateBuildDirectory", "/private/var/folders/xr/m5_5rlsd6l9fk2w4ngj13k6m0000gn/T/swbuild.tmp.Qwrkh9On/Data.noindex/Test/aProject/build/Debug"]), Task(forTarget: TargetA, ruleInfo: ["WriteAuxiliaryFile", "/private/var/folders/xr/m5_5rlsd6l9fk2w4ngj13k6m0000gn/T/swbuild.tmp.Qwrkh9On/Data.noindex/Test/aProject/build/aProject.build/Debug/TargetA.build/TargetA.DependencyStaticMetadataFileList"]), Task(forTarget: <none>, ruleInfo: ["Gate", "target-TargetB-T-TargetB-21793--ExtensionPointExtractorTaskProducer"]), Task(forTarget: <none>, ruleInfo: ["Gate", "target-TargetB-T-TargetB-21793--SwiftStandardLibrariesTaskProducer"]), Task(forTarget: TargetA, ruleInfo: ["Copy", "/private/var/folders/xr/m5_5rlsd6l9fk2w4ngj13k6m0000gn/T/swbuild.tmp.Qwrkh9On/Data.noindex/Test/aProject/build/Debug/TargetA.framework/Versions/A/Modules/TargetA.swiftmodule/x86_64-apple-macos.abi.json", "/private/var/folders/xr/m5_5rlsd6l9fk2w4ngj13k6m0000gn/T/swbuild.tmp.Qwrkh9On/Data.noindex/Test/aProject/build/aProject.build/Debug/TargetA.build/Objects-normal/x86_64/TargetA.abi.json"]), Task(forTarget: <none>, ruleInfo: ["CreateBuildDirectory", "/private/var/folders/xr/m5_5rlsd6l9fk2w4ngj13k6m0000gn/T/swbuild.tmp.Qwrkh9On/Data.noindex/Test/aProject/build/ExplicitPrecompiledModules"]), Task(forTarget: TargetB, ruleInfo: ["Gate", "target-TargetB-T-TargetB-21793--immediate"]), Task(forTarget: <none>, ruleInfo: ["Gate", "target-TargetA-T-TargetA-21785--AppExtensionInfoPlistGeneratorTaskProducer"]), Task(forTarget: TargetB, ruleInfo: ["SymLink", "/private/var/folders/xr/m5_5rlsd6l9fk2w4ngj13k6m0000gn/T/swbuild.tmp.Qwrkh9On/Data.noindex/Test/aProject/build/Debug/TargetB.framework/Modules", "Versions/Current/Modules"]), Task(forTarget: <none>, ruleInfo: ["Gate", "target-TargetA-T-TargetA-21785--swift-generated-headers"]), Task(forTarget: <none>, ruleInfo: ["Gate", "target-TargetB-T-TargetB-21793--InfoPlistTaskProducer"]), Task(forTarget: <none>, ruleInfo: ["Gate", "target-TargetB-T-TargetB-21793--AppExtensionInfoPlistGeneratorTaskProducer"]), Task(forTarget: TargetB, ruleInfo: ["SwiftDriver", "TargetB", "normal", "x86_64", "com.apple.xcode.tools.swift.compiler"]), Task(forTarget: <none>, ruleInfo: ["Gate", "target-TargetA-T-TargetA-21785--CopySwiftPackageResourcesTaskProducer"]), Task(forTarget: <none>, ruleInfo: ["Gate", "target-TargetA-T-TargetA-21785--ProductStructureTaskProducer"]), Task(forTarget: TargetA, ruleInfo: ["SymLink", "/private/var/folders/xr/m5_5rlsd6l9fk2w4ngj13k6m0000gn/T/swbuild.tmp.Qwrkh9On/Data.noindex/Test/aProject/build/Debug/TargetA.framework/Versions/Current", "A"]), Task(forTarget: TargetA, ruleInfo: ["SwiftMergeGeneratedHeaders", "/private/var/folders/xr/m5_5rlsd6l9fk2w4ngj13k6m0000gn/T/swbuild.tmp.Qwrkh9On/Data.noindex/Test/aProject/build/Debug/TargetA.framework/Versions/A/Headers/TargetA-Swift.h", "/private/var/folders/xr/m5_5rlsd6l9fk2w4ngj13k6m0000gn/T/swbuild.tmp.Qwrkh9On/Data.noindex/Test/aProject/build/aProject.build/Debug/TargetA.build/Objects-normal/x86_64/TargetA-Swift.h"]), Task(forTarget: <none>, ruleInfo: ["Gate", "target-TargetA-T-TargetA-21785--ProductPostprocessingTaskProducer"]), Task(forTarget: TargetB, ruleInfo: ["Copy", "/private/var/folders/xr/m5_5rlsd6l9fk2w4ngj13k6m0000gn/T/swbuild.tmp.Qwrkh9On/Data.noindex/Test/aProject/build/Debug/TargetB.framework/Versions/A/Modules/TargetB.swiftmodule/x86_64-apple-macos.swiftdoc", "/private/var/folders/xr/m5_5rlsd6l9fk2w4ngj13k6m0000gn/T/swbuild.tmp.Qwrkh9On/Data.noindex/Test/aProject/build/aProject.build/Debug/TargetB.build/Objects-normal/x86_64/TargetB.swiftdoc"]), Task(forTarget: <none>, ruleInfo: ["Gate", "target-TargetA-T-TargetA-21785--DocumentationTaskProducer"]), Task(forTarget: TargetB, ruleInfo: ["SymLink", "/private/var/folders/xr/m5_5rlsd6l9fk2w4ngj13k6m0000gn/T/swbuild.tmp.Qwrkh9On/Data.noindex/Test/aProject/build/Debug/TargetB.framework/Versions/Current", "A"]), Task(forTarget: <none>, ruleInfo: ["Gate", "target-TargetA-T-TargetA-21785--InfoPlistTaskProducer"]), Task(forTarget: <none>, ruleInfo: ["CreateBuildDirectory", "/private/var/folders/xr/m5_5rlsd6l9fk2w4ngj13k6m0000gn/T/swbuild.tmp.Qwrkh9On/Data.noindex/Test/aProject/build"]), Task(forTarget: <none>, ruleInfo: ["Gate", "target-TargetA-T-TargetA-21785--SwiftABIBaselineGenerationTaskProducer"]), Task(forTarget: TargetA, ruleInfo: ["SwiftDriver Compilation", "TargetA", "normal", "x86_64", "com.apple.xcode.tools.swift.compiler"]), Task(forTarget: TargetB, ruleInfo: ["SwiftMergeGeneratedHeaders", "/private/var/folders/xr/m5_5rlsd6l9fk2w4ngj13k6m0000gn/T/swbuild.tmp.Qwrkh9On/Data.noindex/Test/aProject/build/Debug/TargetB.framework/Versions/A/Headers/TargetB-Swift.h", "/private/var/folders/xr/m5_5rlsd6l9fk2w4ngj13k6m0000gn/T/swbuild.tmp.Qwrkh9On/Data.noindex/Test/aProject/build/aProject.build/Debug/TargetB.build/Objects-normal/x86_64/TargetB-Swift.h"]), Task(forTarget: TargetB, ruleInfo: ["Ld", "/private/var/folders/xr/m5_5rlsd6l9fk2w4ngj13k6m0000gn/T/swbuild.tmp.Qwrkh9On/Data.noindex/Test/aProject/build/Debug/TargetB.framework/Versions/A/TargetB", "normal"]), Task(forTarget: TargetB, ruleInfo: ["WriteAuxiliaryFile", "/private/var/folders/xr/m5_5rlsd6l9fk2w4ngj13k6m0000gn/T/swbuild.tmp.Qwrkh9On/Data.noindex/Test/aProject/build/aProject.build/Debug/TargetB.build/TargetB-all-non-framework-target-headers.hmap"]), Task(forTarget: <none>, ruleInfo: ["Gate", "target-TargetA-T-TargetA-21785--TAPISymbolExtractorTaskProducer"]), Task(forTarget: <none>, ruleInfo: ["SwiftExplicitDependencyCompileModuleFromInterface", "x86_64", "/private/var/folders/xr/m5_5rlsd6l9fk2w4ngj13k6m0000gn/T/swbuild.tmp.Qwrkh9On/Data.noindex/Test/aProject/build/SwiftExplicitPrecompiledModules/_Concurrency-2W8LU3DF58RLX.swiftmodule"]), Task(forTarget: <none>, ruleInfo: ["Gate", "target-TargetB-T-TargetB-21793--Barrier-ChangeAlternatePermissions"]), Task(forTarget: <none>, ruleInfo: ["Gate", "target-TargetA-T-TargetA-21785--SwiftPackageCopyFilesTaskProducer"]), Task(forTarget: <none>, ruleInfo: ["Gate", "target-TargetA-T-TargetA-21785--copy-headers-completion"]), Task(forTarget: <none>, ruleInfo: ["Gate", "WorkspaceHeaderMapVFSFilesWritten"]), Task(forTarget: TargetA, ruleInfo: ["Gate", "target-TargetA-T-TargetA-21785--modules-ready"]), Task(forTarget: <none>, ruleInfo: ["Gate", "target-TargetB-T-TargetB-21793--SanitizerTaskProducer"]), Task(forTarget: <none>, ruleInfo: ["Gate", "target-TargetA-T-TargetA-21785--Barrier-ChangeAlternatePermissions"]), Task(forTarget: TargetB, ruleInfo: ["SymLink", "/private/var/folders/xr/m5_5rlsd6l9fk2w4ngj13k6m0000gn/T/swbuild.tmp.Qwrkh9On/Data.noindex/Test/aProject/build/Debug/TargetB.framework/Headers", "Versions/Current/Headers"]), Task(forTarget: <none>, ruleInfo: ["CreateBuildDirectory", "/var/folders/xr/m5_5rlsd6l9fk2w4ngj13k6m0000gn/C/com.apple.DeveloperTools/26.4.1-17E202/Xcode/CompilationCache.noindex"]), Task(forTarget: <none>, ruleInfo: ["Gate", "target-TargetA-T-TargetA-21785--CustomTaskProducer"]), Task(forTarget: <none>, ruleInfo: ["Gate", "target-TargetA-T-TargetA-21785--AppIntentsMetadataTaskProducer"]), Task(forTarget: TargetB, ruleInfo: ["Copy", "/private/var/folders/xr/m5_5rlsd6l9fk2w4ngj13k6m0000gn/T/swbuild.tmp.Qwrkh9On/Data.noindex/Test/aProject/build/Debug/TargetB.framework/Versions/A/Modules/TargetB.swiftmodule/x86_64-apple-macos.abi.json", "/private/var/folders/xr/m5_5rlsd6l9fk2w4ngj13k6m0000gn/T/swbuild.tmp.Qwrkh9On/Data.noindex/Test/aProject/build/aProject.build/Debug/TargetB.build/Objects-normal/x86_64/TargetB.abi.json"]), Task(forTarget: <none>, ruleInfo: ["Gate", "target-TargetA-T-TargetA-21785--TestHostTaskProducer"]), Task(forTarget: TargetB, ruleInfo: ["WriteAuxiliaryFile", "/private/var/folders/xr/m5_5rlsd6l9fk2w4ngj13k6m0000gn/T/swbuild.tmp.Qwrkh9On/Data.noindex/Test/aProject/build/aProject.build/Debug/TargetB.build/Objects-normal/x86_64/TargetB.LinkFileList"]), Task(forTarget: <none>, ruleInfo: ["Gate", "target-TargetA-T-TargetA-21785--TestTargetPostprocessingTaskProducer"]), Task(forTarget: <none>, ruleInfo: ["Gate", "target-TargetA-T-TargetA-21785--Barrier-GenerateStubAPI"]), Task(forTarget: TargetB, ruleInfo: ["Gate", "target-TargetB-T-TargetB-21793--will-sign"]), Task(forTarget: <none>, ruleInfo: ["Gate", "target-TargetA-T-TargetA-21785--generated-headers"]), Task(forTarget: <none>, ruleInfo: ["Gate", "target-TargetB-T-TargetB-21793--Barrier-RegisterExecutionPolicyException"]), Task(forTarget: TargetB, ruleInfo: ["SymLink", "/private/var/folders/xr/m5_5rlsd6l9fk2w4ngj13k6m0000gn/T/swbuild.tmp.Qwrkh9On/Data.noindex/Test/aProject/build/EagerLinkingTBDs/Debug/TargetB.framework/TargetB.tbd", "/private/var/folders/xr/m5_5rlsd6l9fk2w4ngj13k6m0000gn/T/swbuild.tmp.Qwrkh9On/Data.noindex/Test/aProject/build/EagerLinkingTBDs/Debug/TargetB.framework/Versions/A/TargetB.tbd"]), Task(forTarget: TargetB, ruleInfo: ["WriteAuxiliaryFile", "/private/var/folders/xr/m5_5rlsd6l9fk2w4ngj13k6m0000gn/T/swbuild.tmp.Qwrkh9On/Data.noindex/Test/aProject/build/aProject.build/Debug/TargetB.build/TargetB-own-target-headers.hmap"]), Task(forTarget: TargetB, ruleInfo: ["WriteAuxiliaryFile", "/private/var/folders/xr/m5_5rlsd6l9fk2w4ngj13k6m0000gn/T/swbuild.tmp.Qwrkh9On/Data.noindex/Test/aProject/build/aProject.build/Debug/TargetB.build/TargetB-project-headers.hmap"]), Task(forTarget: <none>, ruleInfo: ["Gate", "target-TargetB-T-TargetB-21793--DocumentationTaskProducer"]), Task(forTarget: <none>, ruleInfo: ["Gate", "target-TargetA-T-TargetA-21785--TestEntryPointTaskProducerFactory"]), Task(forTarget: <none>, ruleInfo: ["Gate", "target-TargetA-T-TargetA-21785--TestTargetTaskProducer"]), Task(forTarget: TargetA, ruleInfo: ["Touch", "/private/var/folders/xr/m5_5rlsd6l9fk2w4ngj13k6m0000gn/T/swbuild.tmp.Qwrkh9On/Data.noindex/Test/aProject/build/Debug/TargetA.framework"]), Task(forTarget: <none>, ruleInfo: ["Gate", "target-TargetA-T-TargetA-21785--HeadermapTaskProducer"]), Task(forTarget: <none>, ruleInfo: ["Gate", "target-TargetB-T-TargetB-21793--fused-phase0-compile-sources&link-binary"]), Task(forTarget: TargetB, ruleInfo: ["WriteAuxiliaryFile", "/private/var/folders/xr/m5_5rlsd6l9fk2w4ngj13k6m0000gn/T/swbuild.tmp.Qwrkh9On/Data.noindex/Test/aProject/build/aProject.build/Debug/TargetB.build/TargetB.DependencyStaticMetadataFileList"]), Task(forTarget: <none>, ruleInfo: ["Gate", "target-TargetB-T-TargetB-21793--TestTargetTaskProducer"]), Task(forTarget: <none>, ruleInfo: ["Gate", "target-TargetA-T-TargetA-21785--RealityAssetsTaskProducer"]), Task(forTarget: <none>, ruleInfo: ["Gate", "target-TargetB-T-TargetB-21793--CustomTaskProducer"]), Task(forTarget: TargetB, ruleInfo: ["RegisterExecutionPolicyException", "/private/var/folders/xr/m5_5rlsd6l9fk2w4ngj13k6m0000gn/T/swbuild.tmp.Qwrkh9On/Data.noindex/Test/aProject/build/Debug/TargetB.framework"]), Task(forTarget: TargetA, ruleInfo: ["WriteAuxiliaryFile", "/private/var/folders/xr/m5_5rlsd6l9fk2w4ngj13k6m0000gn/T/swbuild.tmp.Qwrkh9On/Data.noindex/Test/aProject/build/aProject.build/Debug/TargetA.build/TargetA-all-non-framework-target-headers.hmap"]), Task(forTarget: TargetB, ruleInfo: ["SwiftCompile", "normal", "x86_64", "Compiling fileB1.swift", "/private/var/folders/xr/m5_5rlsd6l9fk2w4ngj13k6m0000gn/T/swbuild.tmp.Qwrkh9On/Data.noindex/Test/aProject/Sources/fileB1.swift"]), Task(forTarget: <none>, ruleInfo: ["Gate", "target-TargetA-T-TargetA-21785--Barrier-CodeSign"]), Task(forTarget: <none>, ruleInfo: ["Gate", "target-TargetB-T-TargetB-21793--AppIntentsMetadataTaskProducer"]), Task(forTarget: TargetB, ruleInfo: ["Gate", "target-TargetB-T-TargetB-21793--unsigned-product-ready"]), Task(forTarget: TargetA, ruleInfo: ["SwiftDriver", "TargetA", "normal", "x86_64", "com.apple.xcode.tools.swift.compiler"]), Task(forTarget: TargetA, ruleInfo: ["Gate", "target-TargetA-T-TargetA-21785--end"]), Task(forTarget: TargetA, ruleInfo: ["Gate", "target-TargetA-T-TargetA-21785--begin-scanning"]), Task(forTarget: TargetB, ruleInfo: ["WriteAuxiliaryFile", "/private/var/folders/xr/m5_5rlsd6l9fk2w4ngj13k6m0000gn/T/swbuild.tmp.Qwrkh9On/Data.noindex/Test/aProject/build/aProject.build/Debug/TargetB.build/Objects-normal/x86_64/TargetB_const_extract_protocols.json"]), Task(forTarget: <none>, ruleInfo: ["Gate", "target-TargetA-T-TargetA-21785--StubBinaryTaskProducer"]), Task(forTarget: TargetB, ruleInfo: ["MkDir", "/private/var/folders/xr/m5_5rlsd6l9fk2w4ngj13k6m0000gn/T/swbuild.tmp.Qwrkh9On/Data.noindex/Test/aProject/build/Debug/TargetB.framework/Versions/A"]), Task(forTarget: TargetA, ruleInfo: ["SwiftCompile", "normal", "x86_64", "Compiling fileA2.swift", "/private/var/folders/xr/m5_5rlsd6l9fk2w4ngj13k6m0000gn/T/swbuild.tmp.Qwrkh9On/Data.noindex/Test/aProject/Sources/fileA2.swift"]), Task(forTarget: <none>, ruleInfo: ["Gate", "target-TargetA-T-TargetA-21785--fused-phase0-compile-sources"]), Task(forTarget: <none>, ruleInfo: ["Gate", "target-TargetA-T-TargetA-21785--ModuleMapTaskProducer"]), Task(forTarget: <none>, ruleInfo: ["Gate", "target-TargetA-T-TargetA-21785--GeneratedFilesTaskProducer"]), Task(forTarget: <none>, ruleInfo: ["Gate", "target-TargetA-T-TargetA-21785--SwiftStandardLibrariesTaskProducer"]), Task(forTarget: TargetA, ruleInfo: ["GenerateTAPI", "/private/var/folders/xr/m5_5rlsd6l9fk2w4ngj13k6m0000gn/T/swbuild.tmp.Qwrkh9On/Data.noindex/Test/aProject/build/EagerLinkingTBDs/Debug/TargetA.framework/Versions/A/TargetA.tbd"]), Task(forTarget: <none>, ruleInfo: ["Gate", "target-TargetA-T-TargetA-21785--Barrier-Validate"]), Task(forTarget: TargetB, ruleInfo: ["WriteAuxiliaryFile", "/private/var/folders/xr/m5_5rlsd6l9fk2w4ngj13k6m0000gn/T/swbuild.tmp.Qwrkh9On/Data.noindex/Test/aProject/build/aProject.build/Debug/TargetB.build/Objects-normal/x86_64/TargetB.SwiftFileList"]), Task(forTarget: TargetA, ruleInfo: ["MkDir", "/private/var/folders/xr/m5_5rlsd6l9fk2w4ngj13k6m0000gn/T/swbuild.tmp.Qwrkh9On/Data.noindex/Test/aProject/build/Debug/TargetA.framework"]), Task(forTarget: <none>, ruleInfo: ["Gate", "target-TargetA-T-TargetA-21785--ExtensionPointExtractorTaskProducer"]), Task(forTarget: TargetA, ruleInfo: ["SymLink", "/private/var/folders/xr/m5_5rlsd6l9fk2w4ngj13k6m0000gn/T/swbuild.tmp.Qwrkh9On/Data.noindex/Test/aProject/build/Debug/TargetA.framework/TargetA", "Versions/Current/TargetA"]), Task(forTarget: TargetA, ruleInfo: ["MkDir", "/private/var/folders/xr/m5_5rlsd6l9fk2w4ngj13k6m0000gn/T/swbuild.tmp.Qwrkh9On/Data.noindex/Test/aProject/build/Debug/TargetA.framework/Versions/A"]), Task(forTarget: <none>, ruleInfo: ["Gate", "target-TargetB-T-TargetB-21793--generated-headers"]), Task(forTarget: <none>, ruleInfo: ["Gate", "target-TargetA-T-TargetA-21785--SwiftFrameworkABICheckerTaskProducer"]), Task(forTarget: TargetB, ruleInfo: ["Gate", "target-TargetB-T-TargetB-21793--modules-ready"]), Task(forTarget: <none>, ruleInfo: ["ClangStatCache", "/Applications/Xcode17E.app/Contents/Developer/Toolchains/XcodeDefault.xctoolchain/usr/bin/clang-stat-cache", "/Applications/Xcode17E.app/Contents/Developer/Platforms/MacOSX.platform/Developer/SDKs/MacOSX26.4.sdk", "/private/var/folders/xr/m5_5rlsd6l9fk2w4ngj13k6m0000gn/T/swbuild.tmp.Qwrkh9On/Data.noindex/Test/SDKStatCaches.noindex/macosx26.4-25E260-95aa6cf8f3effd57bda17e0c125410c0.sdkstatcache"]), Task(forTarget: TargetB, ruleInfo: ["SymLink", "/private/var/folders/xr/m5_5rlsd6l9fk2w4ngj13k6m0000gn/T/swbuild.tmp.Qwrkh9On/Data.noindex/Test/aProject/build/Debug/TargetB.framework/TargetB", "Versions/Current/TargetB"]), Task(forTarget: TargetA, ruleInfo: ["MkDir", "/private/var/folders/xr/m5_5rlsd6l9fk2w4ngj13k6m0000gn/T/swbuild.tmp.Qwrkh9On/Data.noindex/Test/aProject/build/Debug/TargetA.framework/Versions/A/Headers"]), Task(forTarget: <none>, ruleInfo: ["Gate", "target-TargetB-T-TargetB-21793--TestHostTaskProducer"]), Task(forTarget: TargetA, ruleInfo: ["Gate", "target-TargetA-T-TargetA-21785--begin-linking"]), Task(forTarget: <none>, ruleInfo: ["Gate", "target-TargetB-T-TargetB-21793--ModuleMapTaskProducer"]), Task(forTarget: <none>, ruleInfo: ["CreateBuildDirectory", "/private/var/folders/xr/m5_5rlsd6l9fk2w4ngj13k6m0000gn/T/swbuild.tmp.Qwrkh9On/Data.noindex/Test/aProject/build/SwiftExplicitPrecompiledModules"]), Task(forTarget: <none>, ruleInfo: ["Gate", "target-TargetB-T-TargetB-21793--SwiftABIBaselineGenerationTaskProducer"]), Task(forTarget: <none>, ruleInfo: ["Gate", "target-TargetB-T-TargetB-21793--TestTargetPostprocessingTaskProducer"]), Task(forTarget: <none>, ruleInfo: ["CreateBuildDirectory", "/private/var/folders/xr/m5_5rlsd6l9fk2w4ngj13k6m0000gn/T/swbuild.tmp.Qwrkh9On/Data.noindex/Test/aProject/build/EagerLinkingTBDs/Debug"]), Task(forTarget: TargetA, ruleInfo: ["WriteAuxiliaryFile", "/private/var/folders/xr/m5_5rlsd6l9fk2w4ngj13k6m0000gn/T/swbuild.tmp.Qwrkh9On/Data.noindex/Test/aProject/build/aProject.build/Debug/TargetA.build/Objects-normal/x86_64/TargetA.SwiftConstValuesFileList"]), Task(forTarget: <none>, ruleInfo: ["Gate", "target-TargetA-T-TargetA-21785--GenerateAppPlaygroundAssetCatalogTaskProducer"]), Task(forTarget: <none>, ruleInfo: ["WriteAuxiliaryFile", "/private/var/folders/xr/m5_5rlsd6l9fk2w4ngj13k6m0000gn/T/swbuild.tmp.Qwrkh9On/Data.noindex/Test/aProject/build/aProject.build/Debug/aProject-P21796-VFS/all-product-headers.yaml"]), Task(forTarget: <none>, ruleInfo: ["Gate", "target-TargetB-T-TargetB-21793--CopySwiftPackageResourcesTaskProducer"]), Task(forTarget: <none>, ruleInfo: ["Gate", "target-TargetB-T-TargetB-21793--Barrier-CopyAside"]), Task(forTarget: TargetA, ruleInfo: ["WriteAuxiliaryFile", "/private/var/folders/xr/m5_5rlsd6l9fk2w4ngj13k6m0000gn/T/swbuild.tmp.Qwrkh9On/Data.noindex/Test/aProject/build/aProject.build/Debug/TargetA.build/TargetA-project-headers.hmap"]), Task(forTarget: TargetB, ruleInfo: ["MkDir", "/private/var/folders/xr/m5_5rlsd6l9fk2w4ngj13k6m0000gn/T/swbuild.tmp.Qwrkh9On/Data.noindex/Test/aProject/build/Debug/TargetB.framework"]), Task(forTarget: TargetA, ruleInfo: ["SymLink", "/private/var/folders/xr/m5_5rlsd6l9fk2w4ngj13k6m0000gn/T/swbuild.tmp.Qwrkh9On/Data.noindex/Test/aProject/build/Debug/TargetA.framework/Modules", "Versions/Current/Modules"]), Task(forTarget: <none>, ruleInfo: ["SwiftExplicitDependencyCompileModuleFromInterface", "x86_64", "/private/var/folders/xr/m5_5rlsd6l9fk2w4ngj13k6m0000gn/T/swbuild.tmp.Qwrkh9On/Data.noindex/Test/aProject/build/SwiftExplicitPrecompiledModules/_StringProcessing-13GX4EAKQZW8B.swiftmodule"]), Task(forTarget: TargetA, ruleInfo: ["RegisterExecutionPolicyException", "/private/var/folders/xr/m5_5rlsd6l9fk2w4ngj13k6m0000gn/T/swbuild.tmp.Qwrkh9On/Data.noindex/Test/aProject/build/Debug/TargetA.framework"]), Task(forTarget: TargetA, ruleInfo: ["Copy", "/private/var/folders/xr/m5_5rlsd6l9fk2w4ngj13k6m0000gn/T/swbuild.tmp.Qwrkh9On/Data.noindex/Test/aProject/build/Debug/TargetA.framework/Versions/A/Modules/TargetA.swiftmodule/Project/x86_64-apple-macos.swiftsourceinfo", "/private/var/folders/xr/m5_5rlsd6l9fk2w4ngj13k6m0000gn/T/swbuild.tmp.Qwrkh9On/Data.noindex/Test/aProject/build/aProject.build/Debug/TargetA.build/Objects-normal/x86_64/TargetA.swiftsourceinfo"]), Task(forTarget: <none>, ruleInfo: ["Gate", "target-TargetB-T-TargetB-21793--copy-headers-completion"]), Task(forTarget: <none>, ruleInfo: ["Gate", "target-TargetB-T-TargetB-21793--TestEntryPointTaskProducerFactory"]), Task(forTarget: TargetA, ruleInfo: ["Gate", "target-TargetA-T-TargetA-21785--immediate"]), Task(forTarget: <none>, ruleInfo: ["Gate", "target-TargetA-T-TargetA-21785--Barrier-RegisterProduct"]), Task(forTarget: <none>, ruleInfo: ["Gate", "target-TargetB-T-TargetB-21793--Barrier-Validate"]), Task(forTarget: TargetB, ruleInfo: ["Copy", "/private/var/folders/xr/m5_5rlsd6l9fk2w4ngj13k6m0000gn/T/swbuild.tmp.Qwrkh9On/Data.noindex/Test/aProject/build/Debug/TargetB.framework/Versions/A/Modules/TargetB.swiftmodule/x86_64-apple-macos.swiftmodule", "/private/var/folders/xr/m5_5rlsd6l9fk2w4ngj13k6m0000gn/T/swbuild.tmp.Qwrkh9On/Data.noindex/Test/aProject/build/aProject.build/Debug/TargetB.build/Objects-normal/x86_64/TargetB.swiftmodule"]), Task(forTarget: TargetB, ruleInfo: ["WriteAuxiliaryFile", "/private/var/folders/xr/m5_5rlsd6l9fk2w4ngj13k6m0000gn/T/swbuild.tmp.Qwrkh9On/Data.noindex/Test/aProject/build/aProject.build/Debug/TargetB.build/TargetB-generated-files.hmap"]), Task(forTarget: TargetA, ruleInfo: ["Gate", "target-TargetA-T-TargetA-21785--begin-compiling"]), Task(forTarget: TargetA, ruleInfo: ["WriteAuxiliaryFile", "/private/var/folders/xr/m5_5rlsd6l9fk2w4ngj13k6m0000gn/T/swbuild.tmp.Qwrkh9On/Data.noindex/Test/aProject/build/aProject.build/Debug/TargetA.build/TargetA.hmap"]), Task(forTarget: TargetA, ruleInfo: ["SwiftEmitModule", "normal", "x86_64", "Emitting module for TargetA"]), Task(forTarget: TargetB, ruleInfo: ["Gate", "target-TargetB-T-TargetB-21793--begin-compiling"]), Task(forTarget: <none>, ruleInfo: ["Gate", "target-TargetB-T-TargetB-21793--SwiftPackageCopyFilesTaskProducer"]), Task(forTarget: <none>, ruleInfo: ["Gate", "target-TargetA-T-TargetA-21785--SanitizerTaskProducer"]), Task(forTarget: TargetA, ruleInfo: ["WriteAuxiliaryFile", "/private/var/folders/xr/m5_5rlsd6l9fk2w4ngj13k6m0000gn/T/swbuild.tmp.Qwrkh9On/Data.noindex/Test/aProject/build/aProject.build/Debug/TargetA.build/TargetA-own-target-headers.hmap"]), Task(forTarget: TargetA, ruleInfo: ["WriteAuxiliaryFile", "/private/var/folders/xr/m5_5rlsd6l9fk2w4ngj13k6m0000gn/T/swbuild.tmp.Qwrkh9On/Data.noindex/Test/aProject/build/aProject.build/Debug/TargetA.build/Objects-normal/x86_64/TargetA.LinkFileList"]), Task(forTarget: TargetA, ruleInfo: ["SwiftCompile", "normal", "x86_64", "Compiling fileA1.swift", "/private/var/folders/xr/m5_5rlsd6l9fk2w4ngj13k6m0000gn/T/swbuild.tmp.Qwrkh9On/Data.noindex/Test/aProject/Sources/fileA1.swift"])]
↳ Occasionally fails in CI due to SwiftExplicitDependencyCompileModuleFromInterface missing from the dependency graph
━ Test swiftEagerCompilationWithExplicitModules() recorded a known issue at SwiftDriverTests.swift:3597:55: Issue recorded
↳ Task Task(forTarget: TargetB, ruleInfo: ["SwiftEmitModule", "normal", "x86_64", "Emitting module for TargetB"]) does not follow any tasks matching [Rule matches [SWBTestSupport.StringPattern.equal("SwiftExplicitDependencyCompileModuleFromInterface"), SWBTestSupport.StringPattern.equal("normal"), SWBTestSupport.StringPattern.equal("x86_64"), SWBTestSupport.StringPattern.contains("Swift-")]]. Found: [] in [Task(forTarget: TargetA, ruleInfo: ["Ld", "/private/var/folders/xr/m5_5rlsd6l9fk2w4ngj13k6m0000gn/T/swbuild.tmp.Qwrkh9On/Data.noindex/Test/aProject/build/Debug/TargetA.framework/Versions/A/TargetA", "normal"]), Task(forTarget: <none>, ruleInfo: ["Gate", "target-TargetA-T-TargetA-21785--Barrier-RegisterExecutionPolicyException"]), Task(forTarget: TargetA, ruleInfo: ["MkDir", "/private/var/folders/xr/m5_5rlsd6l9fk2w4ngj13k6m0000gn/T/swbuild.tmp.Qwrkh9On/Data.noindex/Test/aProject/build/Debug/TargetA.framework/Versions"]), Task(forTarget: TargetA, ruleInfo: ["SymLink", "/private/var/folders/xr/m5_5rlsd6l9fk2w4ngj13k6m0000gn/T/swbuild.tmp.Qwrkh9On/Data.noindex/Test/aProject/build/EagerLinkingTBDs/Debug/TargetA.framework/TargetA.tbd", "/private/var/folders/xr/m5_5rlsd6l9fk2w4ngj13k6m0000gn/T/swbuild.tmp.Qwrkh9On/Data.noindex/Test/aProject/build/EagerLinkingTBDs/Debug/TargetA.framework/Versions/A/TargetA.tbd"]), Task(forTarget: <none>, ruleInfo: ["Gate", "target-TargetB-T-TargetB-21793--GeneratedFilesTaskProducer"]), Task(forTarget: TargetA, ruleInfo: ["ExtractAppIntentsMetadata"]), Task(forTarget: TargetB, ruleInfo: ["MkDir", "/private/var/folders/xr/m5_5rlsd6l9fk2w4ngj13k6m0000gn/T/swbuild.tmp.Qwrkh9On/Data.noindex/Test/aProject/build/Debug/TargetB.framework/Versions/A/Headers"]), Task(forTarget: <none>, ruleInfo: ["Gate", "target-TargetA-T-TargetA-21785--Barrier-StripSymbols"]), Task(forTarget: TargetB, ruleInfo: ["SwiftDriver Compilation", "TargetB", "normal", "x86_64", "com.apple.xcode.tools.swift.compiler"]), Task(forTarget: TargetB, ruleInfo: ["WriteAuxiliaryFile", "/private/var/folders/xr/m5_5rlsd6l9fk2w4ngj13k6m0000gn/T/swbuild.tmp.Qwrkh9On/Data.noindex/Test/aProject/build/aProject.build/Debug/TargetB.build/Objects-normal/x86_64/TargetB.SwiftConstValuesFileList"]), Task(forTarget: <none>, ruleInfo: ["Gate", "target-TargetB-T-TargetB-21793--TAPISymbolExtractorTaskProducer"]), Task(forTarget: <none>, ruleInfo: ["Gate", "target-TargetB-T-TargetB-21793--swift-generated-headers"]), Task(forTarget: <none>, ruleInfo: ["Gate", "target-TargetB-T-TargetB-21793--ProductPostprocessingTaskProducer"]), Task(forTarget: <none>, ruleInfo: ["Gate", "target-TargetB-T-TargetB-21793--RealityAssetsTaskProducer"]), Task(forTarget: <none>, ruleInfo: ["Gate", "target-TargetA-T-TargetA-21785--Barrier-CopyAside"]), Task(forTarget: <none>, ruleInfo: ["SwiftExplicitDependencyGeneratePcm", "x86_64", "/private/var/folders/xr/m5_5rlsd6l9fk2w4ngj13k6m0000gn/T/swbuild.tmp.Qwrkh9On/Data.noindex/Test/aProject/build/SwiftExplicitPrecompiledModules/SwiftShims-E7NR5GGR9Z7GY7PSRPSK1C6L1.pcm"]), Task(forTarget: TargetA, ruleInfo: ["Copy", "/private/var/folders/xr/m5_5rlsd6l9fk2w4ngj13k6m0000gn/T/swbuild.tmp.Qwrkh9On/Data.noindex/Test/aProject/build/Debug/TargetA.framework/Versions/A/Modules/TargetA.swiftmodule/x86_64-apple-macos.swiftdoc", "/private/var/folders/xr/m5_5rlsd6l9fk2w4ngj13k6m0000gn/T/swbuild.tmp.Qwrkh9On/Data.noindex/Test/aProject/build/aProject.build/Debug/TargetA.build/Objects-normal/x86_64/TargetA.swiftdoc"]), Task(forTarget: TargetB, ruleInfo: ["Gate", "target-TargetB-T-TargetB-21793--begin-scanning"]), Task(forTarget: <none>, ruleInfo: ["Gate", "target-TargetB-T-TargetB-21793--ModuleVerifierTaskProducer"]), Task(forTarget: TargetA, ruleInfo: ["SymLink", "/private/var/folders/xr/m5_5rlsd6l9fk2w4ngj13k6m0000gn/T/swbuild.tmp.Qwrkh9On/Data.noindex/Test/aProject/build/Debug/TargetA.framework/Headers", "Versions/Current/Headers"]), Task(forTarget: TargetB, ruleInfo: ["SwiftCompile", "normal", "x86_64", "Compiling fileB2.swift", "/private/var/folders/xr/m5_5rlsd6l9fk2w4ngj13k6m0000gn/T/swbuild.tmp.Qwrkh9On/Data.noindex/Test/aProject/Sources/fileB2.swift"]), Task(forTarget: TargetB, ruleInfo: ["Gate", "target-TargetB-T-TargetB-21793--linker-inputs-ready"]), Task(forTarget: <none>, ruleInfo: ["Gate", "target-TargetA-T-TargetA-21785--Barrier-ChangePermissions"]), Task(forTarget: TargetA, ruleInfo: ["WriteAuxiliaryFile", "/private/var/folders/xr/m5_5rlsd6l9fk2w4ngj13k6m0000gn/T/swbuild.tmp.Qwrkh9On/Data.noindex/Test/aProject/build/aProject.build/Debug/TargetA.build/TargetA-all-target-headers.hmap"]), Task(forTarget: TargetA, ruleInfo: ["SwiftDriver Compilation Requirements", "TargetA", "normal", "x86_64", "com.apple.xcode.tools.swift.compiler"]), Task(forTarget: TargetA, ruleInfo: ["WriteAuxiliaryFile", "/private/var/folders/xr/m5_5rlsd6l9fk2w4ngj13k6m0000gn/T/swbuild.tmp.Qwrkh9On/Data.noindex/Test/aProject/build/aProject.build/Debug/TargetA.build/Objects-normal/x86_64/TargetA_const_extract_protocols.json"]), Task(forTarget: TargetA, ruleInfo: ["Gate", "target-TargetA-T-TargetA-21785--entry"]), Task(forTarget: TargetA, ruleInfo: ["WriteAuxiliaryFile", "/private/var/folders/xr/m5_5rlsd6l9fk2w4ngj13k6m0000gn/T/swbuild.tmp.Qwrkh9On/Data.noindex/Test/aProject/build/aProject.build/Debug/TargetA.build/TargetA.DependencyMetadataFileList"]), Task(forTarget: TargetA, ruleInfo: ["Copy", "/private/var/folders/xr/m5_5rlsd6l9fk2w4ngj13k6m0000gn/T/swbuild.tmp.Qwrkh9On/Data.noindex/Test/aProject/build/Debug/TargetA.framework/Versions/A/Modules/TargetA.swiftmodule/x86_64-apple-macos.swiftmodule", "/private/var/folders/xr/m5_5rlsd6l9fk2w4ngj13k6m0000gn/T/swbuild.tmp.Qwrkh9On/Data.noindex/Test/aProject/build/aProject.build/Debug/TargetA.build/Objects-normal/x86_64/TargetA.swiftmodule"]), Task(forTarget: <none>, ruleInfo: ["Gate", "target-TargetB-T-TargetB-21793--Barrier-RegisterProduct"]), Task(forTarget: TargetB, ruleInfo: ["SwiftDriver Compilation Requirements", "TargetB", "normal", "x86_64", "com.apple.xcode.tools.swift.compiler"]), Task(forTarget: <none>, ruleInfo: ["Gate", "target-TargetB-T-TargetB-21793--StubBinaryTaskProducer"]), Task(forTarget: TargetB, ruleInfo: ["Gate", "target-TargetB-T-TargetB-21793--entry"]), Task(forTarget: <none>, ruleInfo: ["SwiftExplicitDependencyCompileModuleFromInterface", "x86_64", "/private/var/folders/xr/m5_5rlsd6l9fk2w4ngj13k6m0000gn/T/swbuild.tmp.Qwrkh9On/Data.noindex/Test/aProject/build/SwiftExplicitPrecompiledModules/Swift-1039YR9EBE61.swiftmodule"]), Task(forTarget: <none>, ruleInfo: ["Gate", "target-TargetB-T-TargetB-21793--GenerateAppPlaygroundAssetCatalogTaskProducer"]), Task(forTarget: TargetB, ruleInfo: ["Gate", "target-TargetB-T-TargetB-21793--begin-linking"]), Task(forTarget: TargetA, ruleInfo: ["WriteAuxiliaryFile", "/private/var/folders/xr/m5_5rlsd6l9fk2w4ngj13k6m0000gn/T/swbuild.tmp.Qwrkh9On/Data.noindex/Test/aProject/build/aProject.build/Debug/TargetA.build/Objects-normal/x86_64/TargetA-OutputFileMap.json"]), Task(forTarget: TargetB, ruleInfo: ["WriteAuxiliaryFile", "/private/var/folders/xr/m5_5rlsd6l9fk2w4ngj13k6m0000gn/T/swbuild.tmp.Qwrkh9On/Data.noindex/Test/aProject/build/aProject.build/Debug/TargetB.build/TargetB.DependencyMetadataFileList"]), Task(forTarget: TargetB, ruleInfo: ["WriteAuxiliaryFile", "/private/var/folders/xr/m5_5rlsd6l9fk2w4ngj13k6m0000gn/T/swbuild.tmp.Qwrkh9On/Data.noindex/Test/aProject/build/aProject.build/Debug/TargetB.build/TargetB.hmap"]), Task(forTarget: <none>, ruleInfo: ["CreateBuildDirectory", "/private/var/folders/xr/m5_5rlsd6l9fk2w4ngj13k6m0000gn/T/swbuild.tmp.Qwrkh9On/Data.noindex/Test/aProject/build/SharedPrecompiledHeaders"]), Task(forTarget: TargetA, ruleInfo: ["Gate", "target-TargetA-T-TargetA-21785--unsigned-product-ready"]), Task(forTarget: TargetA, ruleInfo: ["Gate", "target-TargetA-T-TargetA-21785--will-sign"]), Task(forTarget: TargetB, ruleInfo: ["Copy", "/private/var/folders/xr/m5_5rlsd6l9fk2w4ngj13k6m0000gn/T/swbuild.tmp.Qwrkh9On/Data.noindex/Test/aProject/build/Debug/TargetB.framework/Versions/A/Modules/TargetB.swiftmodule/Project/x86_64-apple-macos.swiftsourceinfo", "/private/var/folders/xr/m5_5rlsd6l9fk2w4ngj13k6m0000gn/T/swbuild.tmp.Qwrkh9On/Data.noindex/Test/aProject/build/aProject.build/Debug/TargetB.build/Objects-normal/x86_64/TargetB.swiftsourceinfo"]), Task(forTarget: TargetA, ruleInfo: ["WriteAuxiliaryFile", "/private/var/folders/xr/m5_5rlsd6l9fk2w4ngj13k6m0000gn/T/swbuild.tmp.Qwrkh9On/Data.noindex/Test/aProject/build/aProject.build/Debug/TargetA.build/TargetA-generated-files.hmap"]), Task(forTarget: TargetA, ruleInfo: ["Gate", "target-TargetA-T-TargetA-21785--linker-inputs-ready"]), Task(forTarget: <none>, ruleInfo: ["Gate", "target-TargetB-T-TargetB-21793--Barrier-GenerateStubAPI"]), Task(forTarget: <none>, ruleInfo: ["Gate", "target-TargetA-T-TargetA-21785--ModuleVerifierTaskProducer"]), Task(forTarget: <none>, ruleInfo: ["Gate", "target-TargetB-T-TargetB-21793--SwiftFrameworkABICheckerTaskProducer"]), Task(forTarget: TargetB, ruleInfo: ["Gate", "target-TargetB-T-TargetB-21793--end"]), Task(forTarget: TargetB, ruleInfo: ["WriteAuxiliaryFile", "/private/var/folders/xr/m5_5rlsd6l9fk2w4ngj13k6m0000gn/T/swbuild.tmp.Qwrkh9On/Data.noindex/Test/aProject/build/aProject.build/Debug/TargetB.build/TargetB-all-target-headers.hmap"]), Task(forTarget: <none>, ruleInfo: ["SwiftExplicitDependencyGeneratePcm", "x86_64", "/private/var/folders/xr/m5_5rlsd6l9fk2w4ngj13k6m0000gn/T/swbuild.tmp.Qwrkh9On/Data.noindex/Test/aProject/build/SwiftExplicitPrecompiledModules/_SwiftConcurrencyShims-BUR8XM1R06AS02RWV63HPG1KR.pcm"]), Task(forTarget: <none>, ruleInfo: ["Gate", "target-TargetB-T-TargetB-21793--Barrier-ChangePermissions"]), Task(forTarget: <none>, ruleInfo: ["Gate", "target-TargetB-T-TargetB-21793--Barrier-CodeSign"]), Task(forTarget: TargetB, ruleInfo: ["Touch", "/private/var/folders/xr/m5_5rlsd6l9fk2w4ngj13k6m0000gn/T/swbuild.tmp.Qwrkh9On/Data.noindex/Test/aProject/build/Debug/TargetB.framework"]), Task(forTarget: <none>, ruleInfo: ["Gate", "target-TargetB-T-TargetB-21793--Barrier-StripSymbols"]), Task(forTarget: TargetB, ruleInfo: ["WriteAuxiliaryFile", "/private/var/folders/xr/m5_5rlsd6l9fk2w4ngj13k6m0000gn/T/swbuild.tmp.Qwrkh9On/Data.noindex/Test/aProject/build/aProject.build/Debug/TargetB.build/Objects-normal/x86_64/TargetB-OutputFileMap.json"]), Task(forTarget: TargetB, ruleInfo: ["GenerateTAPI", "/private/var/folders/xr/m5_5rlsd6l9fk2w4ngj13k6m0000gn/T/swbuild.tmp.Qwrkh9On/Data.noindex/Test/aProject/build/EagerLinkingTBDs/Debug/TargetB.framework/Versions/A/TargetB.tbd"]), Task(forTarget: TargetB, ruleInfo: ["SwiftEmitModule", "normal", "x86_64", "Emitting module for TargetB"]), Task(forTarget: TargetB, ruleInfo: ["MkDir", "/private/var/folders/xr/m5_5rlsd6l9fk2w4ngj13k6m0000gn/T/swbuild.tmp.Qwrkh9On/Data.noindex/Test/aProject/build/Debug/TargetB.framework/Versions"]), Task(forTarget: TargetA, ruleInfo: ["WriteAuxiliaryFile", "/private/var/folders/xr/m5_5rlsd6l9fk2w4ngj13k6m0000gn/T/swbuild.tmp.Qwrkh9On/Data.noindex/Test/aProject/build/aProject.build/Debug/TargetA.build/Objects-normal/x86_64/TargetA.SwiftFileList"]), Task(forTarget: TargetB, ruleInfo: ["ExtractAppIntentsMetadata"]), Task(forTarget: <none>, ruleInfo: ["Gate", "target-TargetB-T-TargetB-21793--ProductStructureTaskProducer"]), Task(forTarget: <none>, ruleInfo: ["Gate", "target-TargetB-T-TargetB-21793--HeadermapTaskProducer"]), Task(forTarget: <none>, ruleInfo: ["CreateBuildDirectory", "/private/var/folders/xr/m5_5rlsd6l9fk2w4ngj13k6m0000gn/T/swbuild.tmp.Qwrkh9On/Data.noindex/Test/aProject/build/Debug"]), Task(forTarget: TargetA, ruleInfo: ["WriteAuxiliaryFile", "/private/var/folders/xr/m5_5rlsd6l9fk2w4ngj13k6m0000gn/T/swbuild.tmp.Qwrkh9On/Data.noindex/Test/aProject/build/aProject.build/Debug/TargetA.build/TargetA.DependencyStaticMetadataFileList"]), Task(forTarget: <none>, ruleInfo: ["Gate", "target-TargetB-T-TargetB-21793--ExtensionPointExtractorTaskProducer"]), Task(forTarget: <none>, ruleInfo: ["Gate", "target-TargetB-T-TargetB-21793--SwiftStandardLibrariesTaskProducer"]), Task(forTarget: TargetA, ruleInfo: ["Copy", "/private/var/folders/xr/m5_5rlsd6l9fk2w4ngj13k6m0000gn/T/swbuild.tmp.Qwrkh9On/Data.noindex/Test/aProject/build/Debug/TargetA.framework/Versions/A/Modules/TargetA.swiftmodule/x86_64-apple-macos.abi.json", "/private/var/folders/xr/m5_5rlsd6l9fk2w4ngj13k6m0000gn/T/swbuild.tmp.Qwrkh9On/Data.noindex/Test/aProject/build/aProject.build/Debug/TargetA.build/Objects-normal/x86_64/TargetA.abi.json"]), Task(forTarget: <none>, ruleInfo: ["CreateBuildDirectory", "/private/var/folders/xr/m5_5rlsd6l9fk2w4ngj13k6m0000gn/T/swbuild.tmp.Qwrkh9On/Data.noindex/Test/aProject/build/ExplicitPrecompiledModules"]), Task(forTarget: TargetB, ruleInfo: ["Gate", "target-TargetB-T-TargetB-21793--immediate"]), Task(forTarget: <none>, ruleInfo: ["Gate", "target-TargetA-T-TargetA-21785--AppExtensionInfoPlistGeneratorTaskProducer"]), Task(forTarget: TargetB, ruleInfo: ["SymLink", "/private/var/folders/xr/m5_5rlsd6l9fk2w4ngj13k6m0000gn/T/swbuild.tmp.Qwrkh9On/Data.noindex/Test/aProject/build/Debug/TargetB.framework/Modules", "Versions/Current/Modules"]), Task(forTarget: <none>, ruleInfo: ["Gate", "target-TargetA-T-TargetA-21785--swift-generated-headers"]), Task(forTarget: <none>, ruleInfo: ["Gate", "target-TargetB-T-TargetB-21793--InfoPlistTaskProducer"]), Task(forTarget: <none>, ruleInfo: ["Gate", "target-TargetB-T-TargetB-21793--AppExtensionInfoPlistGeneratorTaskProducer"]), Task(forTarget: TargetB, ruleInfo: ["SwiftDriver", "TargetB", "normal", "x86_64", "com.apple.xcode.tools.swift.compiler"]), Task(forTarget: <none>, ruleInfo: ["Gate", "target-TargetA-T-TargetA-21785--CopySwiftPackageResourcesTaskProducer"]), Task(forTarget: <none>, ruleInfo: ["Gate", "target-TargetA-T-TargetA-21785--ProductStructureTaskProducer"]), Task(forTarget: TargetA, ruleInfo: ["SymLink", "/private/var/folders/xr/m5_5rlsd6l9fk2w4ngj13k6m0000gn/T/swbuild.tmp.Qwrkh9On/Data.noindex/Test/aProject/build/Debug/TargetA.framework/Versions/Current", "A"]), Task(forTarget: TargetA, ruleInfo: ["SwiftMergeGeneratedHeaders", "/private/var/folders/xr/m5_5rlsd6l9fk2w4ngj13k6m0000gn/T/swbuild.tmp.Qwrkh9On/Data.noindex/Test/aProject/build/Debug/TargetA.framework/Versions/A/Headers/TargetA-Swift.h", "/private/var/folders/xr/m5_5rlsd6l9fk2w4ngj13k6m0000gn/T/swbuild.tmp.Qwrkh9On/Data.noindex/Test/aProject/build/aProject.build/Debug/TargetA.build/Objects-normal/x86_64/TargetA-Swift.h"]), Task(forTarget: <none>, ruleInfo: ["Gate", "target-TargetA-T-TargetA-21785--ProductPostprocessingTaskProducer"]), Task(forTarget: TargetB, ruleInfo: ["Copy", "/private/var/folders/xr/m5_5rlsd6l9fk2w4ngj13k6m0000gn/T/swbuild.tmp.Qwrkh9On/Data.noindex/Test/aProject/build/Debug/TargetB.framework/Versions/A/Modules/TargetB.swiftmodule/x86_64-apple-macos.swiftdoc", "/private/var/folders/xr/m5_5rlsd6l9fk2w4ngj13k6m0000gn/T/swbuild.tmp.Qwrkh9On/Data.noindex/Test/aProject/build/aProject.build/Debug/TargetB.build/Objects-normal/x86_64/TargetB.swiftdoc"]), Task(forTarget: <none>, ruleInfo: ["Gate", "target-TargetA-T-TargetA-21785--DocumentationTaskProducer"]), Task(forTarget: TargetB, ruleInfo: ["SymLink", "/private/var/folders/xr/m5_5rlsd6l9fk2w4ngj13k6m0000gn/T/swbuild.tmp.Qwrkh9On/Data.noindex/Test/aProject/build/Debug/TargetB.framework/Versions/Current", "A"]), Task(forTarget: <none>, ruleInfo: ["Gate", "target-TargetA-T-TargetA-21785--InfoPlistTaskProducer"]), Task(forTarget: <none>, ruleInfo: ["CreateBuildDirectory", "/private/var/folders/xr/m5_5rlsd6l9fk2w4ngj13k6m0000gn/T/swbuild.tmp.Qwrkh9On/Data.noindex/Test/aProject/build"]), Task(forTarget: <none>, ruleInfo: ["Gate", "target-TargetA-T-TargetA-21785--SwiftABIBaselineGenerationTaskProducer"]), Task(forTarget: TargetA, ruleInfo: ["SwiftDriver Compilation", "TargetA", "normal", "x86_64", "com.apple.xcode.tools.swift.compiler"]), Task(forTarget: TargetB, ruleInfo: ["SwiftMergeGeneratedHeaders", "/private/var/folders/xr/m5_5rlsd6l9fk2w4ngj13k6m0000gn/T/swbuild.tmp.Qwrkh9On/Data.noindex/Test/aProject/build/Debug/TargetB.framework/Versions/A/Headers/TargetB-Swift.h", "/private/var/folders/xr/m5_5rlsd6l9fk2w4ngj13k6m0000gn/T/swbuild.tmp.Qwrkh9On/Data.noindex/Test/aProject/build/aProject.build/Debug/TargetB.build/Objects-normal/x86_64/TargetB-Swift.h"]), Task(forTarget: TargetB, ruleInfo: ["Ld", "/private/var/folders/xr/m5_5rlsd6l9fk2w4ngj13k6m0000gn/T/swbuild.tmp.Qwrkh9On/Data.noindex/Test/aProject/build/Debug/TargetB.framework/Versions/A/TargetB", "normal"]), Task(forTarget: TargetB, ruleInfo: ["WriteAuxiliaryFile", "/private/var/folders/xr/m5_5rlsd6l9fk2w4ngj13k6m0000gn/T/swbuild.tmp.Qwrkh9On/Data.noindex/Test/aProject/build/aProject.build/Debug/TargetB.build/TargetB-all-non-framework-target-headers.hmap"]), Task(forTarget: <none>, ruleInfo: ["Gate", "target-TargetA-T-TargetA-21785--TAPISymbolExtractorTaskProducer"]), Task(forTarget: <none>, ruleInfo: ["SwiftExplicitDependencyCompileModuleFromInterface", "x86_64", "/private/var/folders/xr/m5_5rlsd6l9fk2w4ngj13k6m0000gn/T/swbuild.tmp.Qwrkh9On/Data.noindex/Test/aProject/build/SwiftExplicitPrecompiledModules/_Concurrency-2W8LU3DF58RLX.swiftmodule"]), Task(forTarget: <none>, ruleInfo: ["Gate", "target-TargetB-T-TargetB-21793--Barrier-ChangeAlternatePermissions"]), Task(forTarget: <none>, ruleInfo: ["Gate", "target-TargetA-T-TargetA-21785--SwiftPackageCopyFilesTaskProducer"]), Task(forTarget: <none>, ruleInfo: ["Gate", "target-TargetA-T-TargetA-21785--copy-headers-completion"]), Task(forTarget: <none>, ruleInfo: ["Gate", "WorkspaceHeaderMapVFSFilesWritten"]), Task(forTarget: TargetA, ruleInfo: ["Gate", "target-TargetA-T-TargetA-21785--modules-ready"]), Task(forTarget: <none>, ruleInfo: ["Gate", "target-TargetB-T-TargetB-21793--SanitizerTaskProducer"]), Task(forTarget: <none>, ruleInfo: ["Gate", "target-TargetA-T-TargetA-21785--Barrier-ChangeAlternatePermissions"]), Task(forTarget: TargetB, ruleInfo: ["SymLink", "/private/var/folders/xr/m5_5rlsd6l9fk2w4ngj13k6m0000gn/T/swbuild.tmp.Qwrkh9On/Data.noindex/Test/aProject/build/Debug/TargetB.framework/Headers", "Versions/Current/Headers"]), Task(forTarget: <none>, ruleInfo: ["CreateBuildDirectory", "/var/folders/xr/m5_5rlsd6l9fk2w4ngj13k6m0000gn/C/com.apple.DeveloperTools/26.4.1-17E202/Xcode/CompilationCache.noindex"]), Task(forTarget: <none>, ruleInfo: ["Gate", "target-TargetA-T-TargetA-21785--CustomTaskProducer"]), Task(forTarget: <none>, ruleInfo: ["Gate", "target-TargetA-T-TargetA-21785--AppIntentsMetadataTaskProducer"]), Task(forTarget: TargetB, ruleInfo: ["Copy", "/private/var/folders/xr/m5_5rlsd6l9fk2w4ngj13k6m0000gn/T/swbuild.tmp.Qwrkh9On/Data.noindex/Test/aProject/build/Debug/TargetB.framework/Versions/A/Modules/TargetB.swiftmodule/x86_64-apple-macos.abi.json", "/private/var/folders/xr/m5_5rlsd6l9fk2w4ngj13k6m0000gn/T/swbuild.tmp.Qwrkh9On/Data.noindex/Test/aProject/build/aProject.build/Debug/TargetB.build/Objects-normal/x86_64/TargetB.abi.json"]), Task(forTarget: <none>, ruleInfo: ["Gate", "target-TargetA-T-TargetA-21785--TestHostTaskProducer"]), Task(forTarget: TargetB, ruleInfo: ["WriteAuxiliaryFile", "/private/var/folders/xr/m5_5rlsd6l9fk2w4ngj13k6m0000gn/T/swbuild.tmp.Qwrkh9On/Data.noindex/Test/aProject/build/aProject.build/Debug/TargetB.build/Objects-normal/x86_64/TargetB.LinkFileList"]), Task(forTarget: <none>, ruleInfo: ["Gate", "target-TargetA-T-TargetA-21785--TestTargetPostprocessingTaskProducer"]), Task(forTarget: <none>, ruleInfo: ["Gate", "target-TargetA-T-TargetA-21785--Barrier-GenerateStubAPI"]), Task(forTarget: TargetB, ruleInfo: ["Gate", "target-TargetB-T-TargetB-21793--will-sign"]), Task(forTarget: <none>, ruleInfo: ["Gate", "target-TargetA-T-TargetA-21785--generated-headers"]), Task(forTarget: <none>, ruleInfo: ["Gate", "target-TargetB-T-TargetB-21793--Barrier-RegisterExecutionPolicyException"]), Task(forTarget: TargetB, ruleInfo: ["SymLink", "/private/var/folders/xr/m5_5rlsd6l9fk2w4ngj13k6m0000gn/T/swbuild.tmp.Qwrkh9On/Data.noindex/Test/aProject/build/EagerLinkingTBDs/Debug/TargetB.framework/TargetB.tbd", "/private/var/folders/xr/m5_5rlsd6l9fk2w4ngj13k6m0000gn/T/swbuild.tmp.Qwrkh9On/Data.noindex/Test/aProject/build/EagerLinkingTBDs/Debug/TargetB.framework/Versions/A/TargetB.tbd"]), Task(forTarget: TargetB, ruleInfo: ["WriteAuxiliaryFile", "/private/var/folders/xr/m5_5rlsd6l9fk2w4ngj13k6m0000gn/T/swbuild.tmp.Qwrkh9On/Data.noindex/Test/aProject/build/aProject.build/Debug/TargetB.build/TargetB-own-target-headers.hmap"]), Task(forTarget: TargetB, ruleInfo: ["WriteAuxiliaryFile", "/private/var/folders/xr/m5_5rlsd6l9fk2w4ngj13k6m0000gn/T/swbuild.tmp.Qwrkh9On/Data.noindex/Test/aProject/build/aProject.build/Debug/TargetB.build/TargetB-project-headers.hmap"]), Task(forTarget: <none>, ruleInfo: ["Gate", "target-TargetB-T-TargetB-21793--DocumentationTaskProducer"]), Task(forTarget: <none>, ruleInfo: ["Gate", "target-TargetA-T-TargetA-21785--TestEntryPointTaskProducerFactory"]), Task(forTarget: <none>, ruleInfo: ["Gate", "target-TargetA-T-TargetA-21785--TestTargetTaskProducer"]), Task(forTarget: TargetA, ruleInfo: ["Touch", "/private/var/folders/xr/m5_5rlsd6l9fk2w4ngj13k6m0000gn/T/swbuild.tmp.Qwrkh9On/Data.noindex/Test/aProject/build/Debug/TargetA.framework"]), Task(forTarget: <none>, ruleInfo: ["Gate", "target-TargetA-T-TargetA-21785--HeadermapTaskProducer"]), Task(forTarget: <none>, ruleInfo: ["Gate", "target-TargetB-T-TargetB-21793--fused-phase0-compile-sources&link-binary"]), Task(forTarget: TargetB, ruleInfo: ["WriteAuxiliaryFile", "/private/var/folders/xr/m5_5rlsd6l9fk2w4ngj13k6m0000gn/T/swbuild.tmp.Qwrkh9On/Data.noindex/Test/aProject/build/aProject.build/Debug/TargetB.build/TargetB.DependencyStaticMetadataFileList"]), Task(forTarget: <none>, ruleInfo: ["Gate", "target-TargetB-T-TargetB-21793--TestTargetTaskProducer"]), Task(forTarget: <none>, ruleInfo: ["Gate", "target-TargetA-T-TargetA-21785--RealityAssetsTaskProducer"]), Task(forTarget: <none>, ruleInfo: ["Gate", "target-TargetB-T-TargetB-21793--CustomTaskProducer"]), Task(forTarget: TargetB, ruleInfo: ["RegisterExecutionPolicyException", "/private/var/folders/xr/m5_5rlsd6l9fk2w4ngj13k6m0000gn/T/swbuild.tmp.Qwrkh9On/Data.noindex/Test/aProject/build/Debug/TargetB.framework"]), Task(forTarget: TargetA, ruleInfo: ["WriteAuxiliaryFile", "/private/var/folders/xr/m5_5rlsd6l9fk2w4ngj13k6m0000gn/T/swbuild.tmp.Qwrkh9On/Data.noindex/Test/aProject/build/aProject.build/Debug/TargetA.build/TargetA-all-non-framework-target-headers.hmap"]), Task(forTarget: TargetB, ruleInfo: ["SwiftCompile", "normal", "x86_64", "Compiling fileB1.swift", "/private/var/folders/xr/m5_5rlsd6l9fk2w4ngj13k6m0000gn/T/swbuild.tmp.Qwrkh9On/Data.noindex/Test/aProject/Sources/fileB1.swift"]), Task(forTarget: <none>, ruleInfo: ["Gate", "target-TargetA-T-TargetA-21785--Barrier-CodeSign"]), Task(forTarget: <none>, ruleInfo: ["Gate", "target-TargetB-T-TargetB-21793--AppIntentsMetadataTaskProducer"]), Task(forTarget: TargetB, ruleInfo: ["Gate", "target-TargetB-T-TargetB-21793--unsigned-product-ready"]), Task(forTarget: TargetA, ruleInfo: ["SwiftDriver", "TargetA", "normal", "x86_64", "com.apple.xcode.tools.swift.compiler"]), Task(forTarget: TargetA, ruleInfo: ["Gate", "target-TargetA-T-TargetA-21785--end"]), Task(forTarget: TargetA, ruleInfo: ["Gate", "target-TargetA-T-TargetA-21785--begin-scanning"]), Task(forTarget: TargetB, ruleInfo: ["WriteAuxiliaryFile", "/private/var/folders/xr/m5_5rlsd6l9fk2w4ngj13k6m0000gn/T/swbuild.tmp.Qwrkh9On/Data.noindex/Test/aProject/build/aProject.build/Debug/TargetB.build/Objects-normal/x86_64/TargetB_const_extract_protocols.json"]), Task(forTarget: <none>, ruleInfo: ["Gate", "target-TargetA-T-TargetA-21785--StubBinaryTaskProducer"]), Task(forTarget: TargetB, ruleInfo: ["MkDir", "/private/var/folders/xr/m5_5rlsd6l9fk2w4ngj13k6m0000gn/T/swbuild.tmp.Qwrkh9On/Data.noindex/Test/aProject/build/Debug/TargetB.framework/Versions/A"]), Task(forTarget: TargetA, ruleInfo: ["SwiftCompile", "normal", "x86_64", "Compiling fileA2.swift", "/private/var/folders/xr/m5_5rlsd6l9fk2w4ngj13k6m0000gn/T/swbuild.tmp.Qwrkh9On/Data.noindex/Test/aProject/Sources/fileA2.swift"]), Task(forTarget: <none>, ruleInfo: ["Gate", "target-TargetA-T-TargetA-21785--fused-phase0-compile-sources"]), Task(forTarget: <none>, ruleInfo: ["Gate", "target-TargetA-T-TargetA-21785--ModuleMapTaskProducer"]), Task(forTarget: <none>, ruleInfo: ["Gate", "target-TargetA-T-TargetA-21785--GeneratedFilesTaskProducer"]), Task(forTarget: <none>, ruleInfo: ["Gate", "target-TargetA-T-TargetA-21785--SwiftStandardLibrariesTaskProducer"]), Task(forTarget: TargetA, ruleInfo: ["GenerateTAPI", "/private/var/folders/xr/m5_5rlsd6l9fk2w4ngj13k6m0000gn/T/swbuild.tmp.Qwrkh9On/Data.noindex/Test/aProject/build/EagerLinkingTBDs/Debug/TargetA.framework/Versions/A/TargetA.tbd"]), Task(forTarget: <none>, ruleInfo: ["Gate", "target-TargetA-T-TargetA-21785--Barrier-Validate"]), Task(forTarget: TargetB, ruleInfo: ["WriteAuxiliaryFile", "/private/var/folders/xr/m5_5rlsd6l9fk2w4ngj13k6m0000gn/T/swbuild.tmp.Qwrkh9On/Data.noindex/Test/aProject/build/aProject.build/Debug/TargetB.build/Objects-normal/x86_64/TargetB.SwiftFileList"]), Task(forTarget: TargetA, ruleInfo: ["MkDir", "/private/var/folders/xr/m5_5rlsd6l9fk2w4ngj13k6m0000gn/T/swbuild.tmp.Qwrkh9On/Data.noindex/Test/aProject/build/Debug/TargetA.framework"]), Task(forTarget: <none>, ruleInfo: ["Gate", "target-TargetA-T-TargetA-21785--ExtensionPointExtractorTaskProducer"]), Task(forTarget: TargetA, ruleInfo: ["SymLink", "/private/var/folders/xr/m5_5rlsd6l9fk2w4ngj13k6m0000gn/T/swbuild.tmp.Qwrkh9On/Data.noindex/Test/aProject/build/Debug/TargetA.framework/TargetA", "Versions/Current/TargetA"]), Task(forTarget: TargetA, ruleInfo: ["MkDir", "/private/var/folders/xr/m5_5rlsd6l9fk2w4ngj13k6m0000gn/T/swbuild.tmp.Qwrkh9On/Data.noindex/Test/aProject/build/Debug/TargetA.framework/Versions/A"]), Task(forTarget: <none>, ruleInfo: ["Gate", "target-TargetB-T-TargetB-21793--generated-headers"]), Task(forTarget: <none>, ruleInfo: ["Gate", "target-TargetA-T-TargetA-21785--SwiftFrameworkABICheckerTaskProducer"]), Task(forTarget: TargetB, ruleInfo: ["Gate", "target-TargetB-T-TargetB-21793--modules-ready"]), Task(forTarget: <none>, ruleInfo: ["ClangStatCache", "/Applications/Xcode17E.app/Contents/Developer/Toolchains/XcodeDefault.xctoolchain/usr/bin/clang-stat-cache", "/Applications/Xcode17E.app/Contents/Developer/Platforms/MacOSX.platform/Developer/SDKs/MacOSX26.4.sdk", "/private/var/folders/xr/m5_5rlsd6l9fk2w4ngj13k6m0000gn/T/swbuild.tmp.Qwrkh9On/Data.noindex/Test/SDKStatCaches.noindex/macosx26.4-25E260-95aa6cf8f3effd57bda17e0c125410c0.sdkstatcache"]), Task(forTarget: TargetB, ruleInfo: ["SymLink", "/private/var/folders/xr/m5_5rlsd6l9fk2w4ngj13k6m0000gn/T/swbuild.tmp.Qwrkh9On/Data.noindex/Test/aProject/build/Debug/TargetB.framework/TargetB", "Versions/Current/TargetB"]), Task(forTarget: TargetA, ruleInfo: ["MkDir", "/private/var/folders/xr/m5_5rlsd6l9fk2w4ngj13k6m0000gn/T/swbuild.tmp.Qwrkh9On/Data.noindex/Test/aProject/build/Debug/TargetA.framework/Versions/A/Headers"]), Task(forTarget: <none>, ruleInfo: ["Gate", "target-TargetB-T-TargetB-21793--TestHostTaskProducer"]), Task(forTarget: TargetA, ruleInfo: ["Gate", "target-TargetA-T-TargetA-21785--begin-linking"]), Task(forTarget: <none>, ruleInfo: ["Gate", "target-TargetB-T-TargetB-21793--ModuleMapTaskProducer"]), Task(forTarget: <none>, ruleInfo: ["CreateBuildDirectory", "/private/var/folders/xr/m5_5rlsd6l9fk2w4ngj13k6m0000gn/T/swbuild.tmp.Qwrkh9On/Data.noindex/Test/aProject/build/SwiftExplicitPrecompiledModules"]), Task(forTarget: <none>, ruleInfo: ["Gate", "target-TargetB-T-TargetB-21793--SwiftABIBaselineGenerationTaskProducer"]), Task(forTarget: <none>, ruleInfo: ["Gate", "target-TargetB-T-TargetB-21793--TestTargetPostprocessingTaskProducer"]), Task(forTarget: <none>, ruleInfo: ["CreateBuildDirectory", "/private/var/folders/xr/m5_5rlsd6l9fk2w4ngj13k6m0000gn/T/swbuild.tmp.Qwrkh9On/Data.noindex/Test/aProject/build/EagerLinkingTBDs/Debug"]), Task(forTarget: TargetA, ruleInfo: ["WriteAuxiliaryFile", "/private/var/folders/xr/m5_5rlsd6l9fk2w4ngj13k6m0000gn/T/swbuild.tmp.Qwrkh9On/Data.noindex/Test/aProject/build/aProject.build/Debug/TargetA.build/Objects-normal/x86_64/TargetA.SwiftConstValuesFileList"]), Task(forTarget: <none>, ruleInfo: ["Gate", "target-TargetA-T-TargetA-21785--GenerateAppPlaygroundAssetCatalogTaskProducer"]), Task(forTarget: <none>, ruleInfo: ["WriteAuxiliaryFile", "/private/var/folders/xr/m5_5rlsd6l9fk2w4ngj13k6m0000gn/T/swbuild.tmp.Qwrkh9On/Data.noindex/Test/aProject/build/aProject.build/Debug/aProject-P21796-VFS/all-product-headers.yaml"]), Task(forTarget: <none>, ruleInfo: ["Gate", "target-TargetB-T-TargetB-21793--CopySwiftPackageResourcesTaskProducer"]), Task(forTarget: <none>, ruleInfo: ["Gate", "target-TargetB-T-TargetB-21793--Barrier-CopyAside"]), Task(forTarget: TargetA, ruleInfo: ["WriteAuxiliaryFile", "/private/var/folders/xr/m5_5rlsd6l9fk2w4ngj13k6m0000gn/T/swbuild.tmp.Qwrkh9On/Data.noindex/Test/aProject/build/aProject.build/Debug/TargetA.build/TargetA-project-headers.hmap"]), Task(forTarget: TargetB, ruleInfo: ["MkDir", "/private/var/folders/xr/m5_5rlsd6l9fk2w4ngj13k6m0000gn/T/swbuild.tmp.Qwrkh9On/Data.noindex/Test/aProject/build/Debug/TargetB.framework"]), Task(forTarget: TargetA, ruleInfo: ["SymLink", "/private/var/folders/xr/m5_5rlsd6l9fk2w4ngj13k6m0000gn/T/swbuild.tmp.Qwrkh9On/Data.noindex/Test/aProject/build/Debug/TargetA.framework/Modules", "Versions/Current/Modules"]), Task(forTarget: <none>, ruleInfo: ["SwiftExplicitDependencyCompileModuleFromInterface", "x86_64", "/private/var/folders/xr/m5_5rlsd6l9fk2w4ngj13k6m0000gn/T/swbuild.tmp.Qwrkh9On/Data.noindex/Test/aProject/build/SwiftExplicitPrecompiledModules/_StringProcessing-13GX4EAKQZW8B.swiftmodule"]), Task(forTarget: TargetA, ruleInfo: ["RegisterExecutionPolicyException", "/private/var/folders/xr/m5_5rlsd6l9fk2w4ngj13k6m0000gn/T/swbuild.tmp.Qwrkh9On/Data.noindex/Test/aProject/build/Debug/TargetA.framework"]), Task(forTarget: TargetA, ruleInfo: ["Copy", "/private/var/folders/xr/m5_5rlsd6l9fk2w4ngj13k6m0000gn/T/swbuild.tmp.Qwrkh9On/Data.noindex/Test/aProject/build/Debug/TargetA.framework/Versions/A/Modules/TargetA.swiftmodule/Project/x86_64-apple-macos.swiftsourceinfo", "/private/var/folders/xr/m5_5rlsd6l9fk2w4ngj13k6m0000gn/T/swbuild.tmp.Qwrkh9On/Data.noindex/Test/aProject/build/aProject.build/Debug/TargetA.build/Objects-normal/x86_64/TargetA.swiftsourceinfo"]), Task(forTarget: <none>, ruleInfo: ["Gate", "target-TargetB-T-TargetB-21793--copy-headers-completion"]), Task(forTarget: <none>, ruleInfo: ["Gate", "target-TargetB-T-TargetB-21793--TestEntryPointTaskProducerFactory"]), Task(forTarget: TargetA, ruleInfo: ["Gate", "target-TargetA-T-TargetA-21785--immediate"]), Task(forTarget: <none>, ruleInfo: ["Gate", "target-TargetA-T-TargetA-21785--Barrier-RegisterProduct"]), Task(forTarget: <none>, ruleInfo: ["Gate", "target-TargetB-T-TargetB-21793--Barrier-Validate"]), Task(forTarget: TargetB, ruleInfo: ["Copy", "/private/var/folders/xr/m5_5rlsd6l9fk2w4ngj13k6m0000gn/T/swbuild.tmp.Qwrkh9On/Data.noindex/Test/aProject/build/Debug/TargetB.framework/Versions/A/Modules/TargetB.swiftmodule/x86_64-apple-macos.swiftmodule", "/private/var/folders/xr/m5_5rlsd6l9fk2w4ngj13k6m0000gn/T/swbuild.tmp.Qwrkh9On/Data.noindex/Test/aProject/build/aProject.build/Debug/TargetB.build/Objects-normal/x86_64/TargetB.swiftmodule"]), Task(forTarget: TargetB, ruleInfo: ["WriteAuxiliaryFile", "/private/var/folders/xr/m5_5rlsd6l9fk2w4ngj13k6m0000gn/T/swbuild.tmp.Qwrkh9On/Data.noindex/Test/aProject/build/aProject.build/Debug/TargetB.build/TargetB-generated-files.hmap"]), Task(forTarget: TargetA, ruleInfo: ["Gate", "target-TargetA-T-TargetA-21785--begin-compiling"]), Task(forTarget: TargetA, ruleInfo: ["WriteAuxiliaryFile", "/private/var/folders/xr/m5_5rlsd6l9fk2w4ngj13k6m0000gn/T/swbuild.tmp.Qwrkh9On/Data.noindex/Test/aProject/build/aProject.build/Debug/TargetA.build/TargetA.hmap"]), Task(forTarget: TargetA, ruleInfo: ["SwiftEmitModule", "normal", "x86_64", "Emitting module for TargetA"]), Task(forTarget: TargetB, ruleInfo: ["Gate", "target-TargetB-T-TargetB-21793--begin-compiling"]), Task(forTarget: <none>, ruleInfo: ["Gate", "target-TargetB-T-TargetB-21793--SwiftPackageCopyFilesTaskProducer"]), Task(forTarget: <none>, ruleInfo: ["Gate", "target-TargetA-T-TargetA-21785--SanitizerTaskProducer"]), Task(forTarget: TargetA, ruleInfo: ["WriteAuxiliaryFile", "/private/var/folders/xr/m5_5rlsd6l9fk2w4ngj13k6m0000gn/T/swbuild.tmp.Qwrkh9On/Data.noindex/Test/aProject/build/aProject.build/Debug/TargetA.build/TargetA-own-target-headers.hmap"]), Task(forTarget: TargetA, ruleInfo: ["WriteAuxiliaryFile", "/private/var/folders/xr/m5_5rlsd6l9fk2w4ngj13k6m0000gn/T/swbuild.tmp.Qwrkh9On/Data.noindex/Test/aProject/build/aProject.build/Debug/TargetA.build/Objects-normal/x86_64/TargetA.LinkFileList"]), Task(forTarget: TargetA, ruleInfo: ["SwiftCompile", "normal", "x86_64", "Compiling fileA1.swift", "/private/var/folders/xr/m5_5rlsd6l9fk2w4ngj13k6m0000gn/T/swbuild.tmp.Qwrkh9On/Data.noindex/Test/aProject/Sources/fileA1.swift"])]
↳ Occasionally fails in CI due to SwiftExplicitDependencyCompileModuleFromInterface missing from the dependency graph
━ Test swiftEagerCompilationWithExplicitModules() recorded a known issue at SwiftDriverTests.swift:3598:55: Issue recorded
↳ Task Task(forTarget: TargetB, ruleInfo: ["SwiftEmitModule", "normal", "x86_64", "Emitting module for TargetB"]) does not follow any tasks matching [Rule matches [SWBTestSupport.StringPattern.equal("SwiftExplicitDependencyCompileModuleFromInterface"), SWBTestSupport.StringPattern.equal("normal"), SWBTestSupport.StringPattern.equal("x86_64"), SWBTestSupport.StringPattern.contains("_Concurrency-")]]. Found: [] in [Task(forTarget: TargetA, ruleInfo: ["Ld", "/private/var/folders/xr/m5_5rlsd6l9fk2w4ngj13k6m0000gn/T/swbuild.tmp.Qwrkh9On/Data.noindex/Test/aProject/build/Debug/TargetA.framework/Versions/A/TargetA", "normal"]), Task(forTarget: <none>, ruleInfo: ["Gate", "target-TargetA-T-TargetA-21785--Barrier-RegisterExecutionPolicyException"]), Task(forTarget: TargetA, ruleInfo: ["MkDir", "/private/var/folders/xr/m5_5rlsd6l9fk2w4ngj13k6m0000gn/T/swbuild.tmp.Qwrkh9On/Data.noindex/Test/aProject/build/Debug/TargetA.framework/Versions"]), Task(forTarget: TargetA, ruleInfo: ["SymLink", "/private/var/folders/xr/m5_5rlsd6l9fk2w4ngj13k6m0000gn/T/swbuild.tmp.Qwrkh9On/Data.noindex/Test/aProject/build/EagerLinkingTBDs/Debug/TargetA.framework/TargetA.tbd", "/private/var/folders/xr/m5_5rlsd6l9fk2w4ngj13k6m0000gn/T/swbuild.tmp.Qwrkh9On/Data.noindex/Test/aProject/build/EagerLinkingTBDs/Debug/TargetA.framework/Versions/A/TargetA.tbd"]), Task(forTarget: <none>, ruleInfo: ["Gate", "target-TargetB-T-TargetB-21793--GeneratedFilesTaskProducer"]), Task(forTarget: TargetA, ruleInfo: ["ExtractAppIntentsMetadata"]), Task(forTarget: TargetB, ruleInfo: ["MkDir", "/private/var/folders/xr/m5_5rlsd6l9fk2w4ngj13k6m0000gn/T/swbuild.tmp.Qwrkh9On/Data.noindex/Test/aProject/build/Debug/TargetB.framework/Versions/A/Headers"]), Task(forTarget: <none>, ruleInfo: ["Gate", "target-TargetA-T-TargetA-21785--Barrier-StripSymbols"]), Task(forTarget: TargetB, ruleInfo: ["SwiftDriver Compilation", "TargetB", "normal", "x86_64", "com.apple.xcode.tools.swift.compiler"]), Task(forTarget: TargetB, ruleInfo: ["WriteAuxiliaryFile", "/private/var/folders/xr/m5_5rlsd6l9fk2w4ngj13k6m0000gn/T/swbuild.tmp.Qwrkh9On/Data.noindex/Test/aProject/build/aProject.build/Debug/TargetB.build/Objects-normal/x86_64/TargetB.SwiftConstValuesFileList"]), Task(forTarget: <none>, ruleInfo: ["Gate", "target-TargetB-T-TargetB-21793--TAPISymbolExtractorTaskProducer"]), Task(forTarget: <none>, ruleInfo: ["Gate", "target-TargetB-T-TargetB-21793--swift-generated-headers"]), Task(forTarget: <none>, ruleInfo: ["Gate", "target-TargetB-T-TargetB-21793--ProductPostprocessingTaskProducer"]), Task(forTarget: <none>, ruleInfo: ["Gate", "target-TargetB-T-TargetB-21793--RealityAssetsTaskProducer"]), Task(forTarget: <none>, ruleInfo: ["Gate", "target-TargetA-T-TargetA-21785--Barrier-CopyAside"]), Task(forTarget: <none>, ruleInfo: ["SwiftExplicitDependencyGeneratePcm", "x86_64", "/private/var/folders/xr/m5_5rlsd6l9fk2w4ngj13k6m0000gn/T/swbuild.tmp.Qwrkh9On/Data.noindex/Test/aProject/build/SwiftExplicitPrecompiledModules/SwiftShims-E7NR5GGR9Z7GY7PSRPSK1C6L1.pcm"]), Task(forTarget: TargetA, ruleInfo: ["Copy", "/private/var/folders/xr/m5_5rlsd6l9fk2w4ngj13k6m0000gn/T/swbuild.tmp.Qwrkh9On/Data.noindex/Test/aProject/build/Debug/TargetA.framework/Versions/A/Modules/TargetA.swiftmodule/x86_64-apple-macos.swiftdoc", "/private/var/folders/xr/m5_5rlsd6l9fk2w4ngj13k6m0000gn/T/swbuild.tmp.Qwrkh9On/Data.noindex/Test/aProject/build/aProject.build/Debug/TargetA.build/Objects-normal/x86_64/TargetA.swiftdoc"]), Task(forTarget: TargetB, ruleInfo: ["Gate", "target-TargetB-T-TargetB-21793--begin-scanning"]), Task(forTarget: <none>, ruleInfo: ["Gate", "target-TargetB-T-TargetB-21793--ModuleVerifierTaskProducer"]), Task(forTarget: TargetA, ruleInfo: ["SymLink", "/private/var/folders/xr/m5_5rlsd6l9fk2w4ngj13k6m0000gn/T/swbuild.tmp.Qwrkh9On/Data.noindex/Test/aProject/build/Debug/TargetA.framework/Headers", "Versions/Current/Headers"]), Task(forTarget: TargetB, ruleInfo: ["SwiftCompile", "normal", "x86_64", "Compiling fileB2.swift", "/private/var/folders/xr/m5_5rlsd6l9fk2w4ngj13k6m0000gn/T/swbuild.tmp.Qwrkh9On/Data.noindex/Test/aProject/Sources/fileB2.swift"]), Task(forTarget: TargetB, ruleInfo: ["Gate", "target-TargetB-T-TargetB-21793--linker-inputs-ready"]), Task(forTarget: <none>, ruleInfo: ["Gate", "target-TargetA-T-TargetA-21785--Barrier-ChangePermissions"]), Task(forTarget: TargetA, ruleInfo: ["WriteAuxiliaryFile", "/private/var/folders/xr/m5_5rlsd6l9fk2w4ngj13k6m0000gn/T/swbuild.tmp.Qwrkh9On/Data.noindex/Test/aProject/build/aProject.build/Debug/TargetA.build/TargetA-all-target-headers.hmap"]), Task(forTarget: TargetA, ruleInfo: ["SwiftDriver Compilation Requirements", "TargetA", "normal", "x86_64", "com.apple.xcode.tools.swift.compiler"]), Task(forTarget: TargetA, ruleInfo: ["WriteAuxiliaryFile", "/private/var/folders/xr/m5_5rlsd6l9fk2w4ngj13k6m0000gn/T/swbuild.tmp.Qwrkh9On/Data.noindex/Test/aProject/build/aProject.build/Debug/TargetA.build/Objects-normal/x86_64/TargetA_const_extract_protocols.json"]), Task(forTarget: TargetA, ruleInfo: ["Gate", "target-TargetA-T-TargetA-21785--entry"]), Task(forTarget: TargetA, ruleInfo: ["WriteAuxiliaryFile", "/private/var/folders/xr/m5_5rlsd6l9fk2w4ngj13k6m0000gn/T/swbuild.tmp.Qwrkh9On/Data.noindex/Test/aProject/build/aProject.build/Debug/TargetA.build/TargetA.DependencyMetadataFileList"]), Task(forTarget: TargetA, ruleInfo: ["Copy", "/private/var/folders/xr/m5_5rlsd6l9fk2w4ngj13k6m0000gn/T/swbuild.tmp.Qwrkh9On/Data.noindex/Test/aProject/build/Debug/TargetA.framework/Versions/A/Modules/TargetA.swiftmodule/x86_64-apple-macos.swiftmodule", "/private/var/folders/xr/m5_5rlsd6l9fk2w4ngj13k6m0000gn/T/swbuild.tmp.Qwrkh9On/Data.noindex/Test/aProject/build/aProject.build/Debug/TargetA.build/Objects-normal/x86_64/TargetA.swiftmodule"]), Task(forTarget: <none>, ruleInfo: ["Gate", "target-TargetB-T-TargetB-21793--Barrier-RegisterProduct"]), Task(forTarget: TargetB, ruleInfo: ["SwiftDriver Compilation Requirements", "TargetB", "normal", "x86_64", "com.apple.xcode.tools.swift.compiler"]), Task(forTarget: <none>, ruleInfo: ["Gate", "target-TargetB-T-TargetB-21793--StubBinaryTaskProducer"]), Task(forTarget: TargetB, ruleInfo: ["Gate", "target-TargetB-T-TargetB-21793--entry"]), Task(forTarget: <none>, ruleInfo: ["SwiftExplicitDependencyCompileModuleFromInterface", "x86_64", "/private/var/folders/xr/m5_5rlsd6l9fk2w4ngj13k6m0000gn/T/swbuild.tmp.Qwrkh9On/Data.noindex/Test/aProject/build/SwiftExplicitPrecompiledModules/Swift-1039YR9EBE61.swiftmodule"]), Task(forTarget: <none>, ruleInfo: ["Gate", "target-TargetB-T-TargetB-21793--GenerateAppPlaygroundAssetCatalogTaskProducer"]), Task(forTarget: TargetB, ruleInfo: ["Gate", "target-TargetB-T-TargetB-21793--begin-linking"]), Task(forTarget: TargetA, ruleInfo: ["WriteAuxiliaryFile", "/private/var/folders/xr/m5_5rlsd6l9fk2w4ngj13k6m0000gn/T/swbuild.tmp.Qwrkh9On/Data.noindex/Test/aProject/build/aProject.build/Debug/TargetA.build/Objects-normal/x86_64/TargetA-OutputFileMap.json"]), Task(forTarget: TargetB, ruleInfo: ["WriteAuxiliaryFile", "/private/var/folders/xr/m5_5rlsd6l9fk2w4ngj13k6m0000gn/T/swbuild.tmp.Qwrkh9On/Data.noindex/Test/aProject/build/aProject.build/Debug/TargetB.build/TargetB.DependencyMetadataFileList"]), Task(forTarget: TargetB, ruleInfo: ["WriteAuxiliaryFile", "/private/var/folders/xr/m5_5rlsd6l9fk2w4ngj13k6m0000gn/T/swbuild.tmp.Qwrkh9On/Data.noindex/Test/aProject/build/aProject.build/Debug/TargetB.build/TargetB.hmap"]), Task(forTarget: <none>, ruleInfo: ["CreateBuildDirectory", "/private/var/folders/xr/m5_5rlsd6l9fk2w4ngj13k6m0000gn/T/swbuild.tmp.Qwrkh9On/Data.noindex/Test/aProject/build/SharedPrecompiledHeaders"]), Task(forTarget: TargetA, ruleInfo: ["Gate", "target-TargetA-T-TargetA-21785--unsigned-product-ready"]), Task(forTarget: TargetA, ruleInfo: ["Gate", "target-TargetA-T-TargetA-21785--will-sign"]), Task(forTarget: TargetB, ruleInfo: ["Copy", "/private/var/folders/xr/m5_5rlsd6l9fk2w4ngj13k6m0000gn/T/swbuild.tmp.Qwrkh9On/Data.noindex/Test/aProject/build/Debug/TargetB.framework/Versions/A/Modules/TargetB.swiftmodule/Project/x86_64-apple-macos.swiftsourceinfo", "/private/var/folders/xr/m5_5rlsd6l9fk2w4ngj13k6m0000gn/T/swbuild.tmp.Qwrkh9On/Data.noindex/Test/aProject/build/aProject.build/Debug/TargetB.build/Objects-normal/x86_64/TargetB.swiftsourceinfo"]), Task(forTarget: TargetA, ruleInfo: ["WriteAuxiliaryFile", "/private/var/folders/xr/m5_5rlsd6l9fk2w4ngj13k6m0000gn/T/swbuild.tmp.Qwrkh9On/Data.noindex/Test/aProject/build/aProject.build/Debug/TargetA.build/TargetA-generated-files.hmap"]), Task(forTarget: TargetA, ruleInfo: ["Gate", "target-TargetA-T-TargetA-21785--linker-inputs-ready"]), Task(forTarget: <none>, ruleInfo: ["Gate", "target-TargetB-T-TargetB-21793--Barrier-GenerateStubAPI"]), Task(forTarget: <none>, ruleInfo: ["Gate", "target-TargetA-T-TargetA-21785--ModuleVerifierTaskProducer"]), Task(forTarget: <none>, ruleInfo: ["Gate", "target-TargetB-T-TargetB-21793--SwiftFrameworkABICheckerTaskProducer"]), Task(forTarget: TargetB, ruleInfo: ["Gate", "target-TargetB-T-TargetB-21793--end"]), Task(forTarget: TargetB, ruleInfo: ["WriteAuxiliaryFile", "/private/var/folders/xr/m5_5rlsd6l9fk2w4ngj13k6m0000gn/T/swbuild.tmp.Qwrkh9On/Data.noindex/Test/aProject/build/aProject.build/Debug/TargetB.build/TargetB-all-target-headers.hmap"]), Task(forTarget: <none>, ruleInfo: ["SwiftExplicitDependencyGeneratePcm", "x86_64", "/private/var/folders/xr/m5_5rlsd6l9fk2w4ngj13k6m0000gn/T/swbuild.tmp.Qwrkh9On/Data.noindex/Test/aProject/build/SwiftExplicitPrecompiledModules/_SwiftConcurrencyShims-BUR8XM1R06AS02RWV63HPG1KR.pcm"]), Task(forTarget: <none>, ruleInfo: ["Gate", "target-TargetB-T-TargetB-21793--Barrier-ChangePermissions"]), Task(forTarget: <none>, ruleInfo: ["Gate", "target-TargetB-T-TargetB-21793--Barrier-CodeSign"]), Task(forTarget: TargetB, ruleInfo: ["Touch", "/private/var/folders/xr/m5_5rlsd6l9fk2w4ngj13k6m0000gn/T/swbuild.tmp.Qwrkh9On/Data.noindex/Test/aProject/build/Debug/TargetB.framework"]), Task(forTarget: <none>, ruleInfo: ["Gate", "target-TargetB-T-TargetB-21793--Barrier-StripSymbols"]), Task(forTarget: TargetB, ruleInfo: ["WriteAuxiliaryFile", "/private/var/folders/xr/m5_5rlsd6l9fk2w4ngj13k6m0000gn/T/swbuild.tmp.Qwrkh9On/Data.noindex/Test/aProject/build/aProject.build/Debug/TargetB.build/Objects-normal/x86_64/TargetB-OutputFileMap.json"]), Task(forTarget: TargetB, ruleInfo: ["GenerateTAPI", "/private/var/folders/xr/m5_5rlsd6l9fk2w4ngj13k6m0000gn/T/swbuild.tmp.Qwrkh9On/Data.noindex/Test/aProject/build/EagerLinkingTBDs/Debug/TargetB.framework/Versions/A/TargetB.tbd"]), Task(forTarget: TargetB, ruleInfo: ["SwiftEmitModule", "normal", "x86_64", "Emitting module for TargetB"]), Task(forTarget: TargetB, ruleInfo: ["MkDir", "/private/var/folders/xr/m5_5rlsd6l9fk2w4ngj13k6m0000gn/T/swbuild.tmp.Qwrkh9On/Data.noindex/Test/aProject/build/Debug/TargetB.framework/Versions"]), Task(forTarget: TargetA, ruleInfo: ["WriteAuxiliaryFile", "/private/var/folders/xr/m5_5rlsd6l9fk2w4ngj13k6m0000gn/T/swbuild.tmp.Qwrkh9On/Data.noindex/Test/aProject/build/aProject.build/Debug/TargetA.build/Objects-normal/x86_64/TargetA.SwiftFileList"]), Task(forTarget: TargetB, ruleInfo: ["ExtractAppIntentsMetadata"]), Task(forTarget: <none>, ruleInfo: ["Gate", "target-TargetB-T-TargetB-21793--ProductStructureTaskProducer"]), Task(forTarget: <none>, ruleInfo: ["Gate", "target-TargetB-T-TargetB-21793--HeadermapTaskProducer"]), Task(forTarget: <none>, ruleInfo: ["CreateBuildDirectory", "/private/var/folders/xr/m5_5rlsd6l9fk2w4ngj13k6m0000gn/T/swbuild.tmp.Qwrkh9On/Data.noindex/Test/aProject/build/Debug"]), Task(forTarget: TargetA, ruleInfo: ["WriteAuxiliaryFile", "/private/var/folders/xr/m5_5rlsd6l9fk2w4ngj13k6m0000gn/T/swbuild.tmp.Qwrkh9On/Data.noindex/Test/aProject/build/aProject.build/Debug/TargetA.build/TargetA.DependencyStaticMetadataFileList"]), Task(forTarget: <none>, ruleInfo: ["Gate", "target-TargetB-T-TargetB-21793--ExtensionPointExtractorTaskProducer"]), Task(forTarget: <none>, ruleInfo: ["Gate", "target-TargetB-T-TargetB-21793--SwiftStandardLibrariesTaskProducer"]), Task(forTarget: TargetA, ruleInfo: ["Copy", "/private/var/folders/xr/m5_5rlsd6l9fk2w4ngj13k6m0000gn/T/swbuild.tmp.Qwrkh9On/Data.noindex/Test/aProject/build/Debug/TargetA.framework/Versions/A/Modules/TargetA.swiftmodule/x86_64-apple-macos.abi.json", "/private/var/folders/xr/m5_5rlsd6l9fk2w4ngj13k6m0000gn/T/swbuild.tmp.Qwrkh9On/Data.noindex/Test/aProject/build/aProject.build/Debug/TargetA.build/Objects-normal/x86_64/TargetA.abi.json"]), Task(forTarget: <none>, ruleInfo: ["CreateBuildDirectory", "/private/var/folders/xr/m5_5rlsd6l9fk2w4ngj13k6m0000gn/T/swbuild.tmp.Qwrkh9On/Data.noindex/Test/aProject/build/ExplicitPrecompiledModules"]), Task(forTarget: TargetB, ruleInfo: ["Gate", "target-TargetB-T-TargetB-21793--immediate"]), Task(forTarget: <none>, ruleInfo: ["Gate", "target-TargetA-T-TargetA-21785--AppExtensionInfoPlistGeneratorTaskProducer"]), Task(forTarget: TargetB, ruleInfo: ["SymLink", "/private/var/folders/xr/m5_5rlsd6l9fk2w4ngj13k6m0000gn/T/swbuild.tmp.Qwrkh9On/Data.noindex/Test/aProject/build/Debug/TargetB.framework/Modules", "Versions/Current/Modules"]), Task(forTarget: <none>, ruleInfo: ["Gate", "target-TargetA-T-TargetA-21785--swift-generated-headers"]), Task(forTarget: <none>, ruleInfo: ["Gate", "target-TargetB-T-TargetB-21793--InfoPlistTaskProducer"]), Task(forTarget: <none>, ruleInfo: ["Gate", "target-TargetB-T-TargetB-21793--AppExtensionInfoPlistGeneratorTaskProducer"]), Task(forTarget: TargetB, ruleInfo: ["SwiftDriver", "TargetB", "normal", "x86_64", "com.apple.xcode.tools.swift.compiler"]), Task(forTarget: <none>, ruleInfo: ["Gate", "target-TargetA-T-TargetA-21785--CopySwiftPackageResourcesTaskProducer"]), Task(forTarget: <none>, ruleInfo: ["Gate", "target-TargetA-T-TargetA-21785--ProductStructureTaskProducer"]), Task(forTarget: TargetA, ruleInfo: ["SymLink", "/private/var/folders/xr/m5_5rlsd6l9fk2w4ngj13k6m0000gn/T/swbuild.tmp.Qwrkh9On/Data.noindex/Test/aProject/build/Debug/TargetA.framework/Versions/Current", "A"]), Task(forTarget: TargetA, ruleInfo: ["SwiftMergeGeneratedHeaders", "/private/var/folders/xr/m5_5rlsd6l9fk2w4ngj13k6m0000gn/T/swbuild.tmp.Qwrkh9On/Data.noindex/Test/aProject/build/Debug/TargetA.framework/Versions/A/Headers/TargetA-Swift.h", "/private/var/folders/xr/m5_5rlsd6l9fk2w4ngj13k6m0000gn/T/swbuild.tmp.Qwrkh9On/Data.noindex/Test/aProject/build/aProject.build/Debug/TargetA.build/Objects-normal/x86_64/TargetA-Swift.h"]), Task(forTarget: <none>, ruleInfo: ["Gate", "target-TargetA-T-TargetA-21785--ProductPostprocessingTaskProducer"]), Task(forTarget: TargetB, ruleInfo: ["Copy", "/private/var/folders/xr/m5_5rlsd6l9fk2w4ngj13k6m0000gn/T/swbuild.tmp.Qwrkh9On/Data.noindex/Test/aProject/build/Debug/TargetB.framework/Versions/A/Modules/TargetB.swiftmodule/x86_64-apple-macos.swiftdoc", "/private/var/folders/xr/m5_5rlsd6l9fk2w4ngj13k6m0000gn/T/swbuild.tmp.Qwrkh9On/Data.noindex/Test/aProject/build/aProject.build/Debug/TargetB.build/Objects-normal/x86_64/TargetB.swiftdoc"]), Task(forTarget: <none>, ruleInfo: ["Gate", "target-TargetA-T-TargetA-21785--DocumentationTaskProducer"]), Task(forTarget: TargetB, ruleInfo: ["SymLink", "/private/var/folders/xr/m5_5rlsd6l9fk2w4ngj13k6m0000gn/T/swbuild.tmp.Qwrkh9On/Data.noindex/Test/aProject/build/Debug/TargetB.framework/Versions/Current", "A"]), Task(forTarget: <none>, ruleInfo: ["Gate", "target-TargetA-T-TargetA-21785--InfoPlistTaskProducer"]), Task(forTarget: <none>, ruleInfo: ["CreateBuildDirectory", "/private/var/folders/xr/m5_5rlsd6l9fk2w4ngj13k6m0000gn/T/swbuild.tmp.Qwrkh9On/Data.noindex/Test/aProject/build"]), Task(forTarget: <none>, ruleInfo: ["Gate", "target-TargetA-T-TargetA-21785--SwiftABIBaselineGenerationTaskProducer"]), Task(forTarget: TargetA, ruleInfo: ["SwiftDriver Compilation", "TargetA", "normal", "x86_64", "com.apple.xcode.tools.swift.compiler"]), Task(forTarget: TargetB, ruleInfo: ["SwiftMergeGeneratedHeaders", "/private/var/folders/xr/m5_5rlsd6l9fk2w4ngj13k6m0000gn/T/swbuild.tmp.Qwrkh9On/Data.noindex/Test/aProject/build/Debug/TargetB.framework/Versions/A/Headers/TargetB-Swift.h", "/private/var/folders/xr/m5_5rlsd6l9fk2w4ngj13k6m0000gn/T/swbuild.tmp.Qwrkh9On/Data.noindex/Test/aProject/build/aProject.build/Debug/TargetB.build/Objects-normal/x86_64/TargetB-Swift.h"]), Task(forTarget: TargetB, ruleInfo: ["Ld", "/private/var/folders/xr/m5_5rlsd6l9fk2w4ngj13k6m0000gn/T/swbuild.tmp.Qwrkh9On/Data.noindex/Test/aProject/build/Debug/TargetB.framework/Versions/A/TargetB", "normal"]), Task(forTarget: TargetB, ruleInfo: ["WriteAuxiliaryFile", "/private/var/folders/xr/m5_5rlsd6l9fk2w4ngj13k6m0000gn/T/swbuild.tmp.Qwrkh9On/Data.noindex/Test/aProject/build/aProject.build/Debug/TargetB.build/TargetB-all-non-framework-target-headers.hmap"]), Task(forTarget: <none>, ruleInfo: ["Gate", "target-TargetA-T-TargetA-21785--TAPISymbolExtractorTaskProducer"]), Task(forTarget: <none>, ruleInfo: ["SwiftExplicitDependencyCompileModuleFromInterface", "x86_64", "/private/var/folders/xr/m5_5rlsd6l9fk2w4ngj13k6m0000gn/T/swbuild.tmp.Qwrkh9On/Data.noindex/Test/aProject/build/SwiftExplicitPrecompiledModules/_Concurrency-2W8LU3DF58RLX.swiftmodule"]), Task(forTarget: <none>, ruleInfo: ["Gate", "target-TargetB-T-TargetB-21793--Barrier-ChangeAlternatePermissions"]), Task(forTarget: <none>, ruleInfo: ["Gate", "target-TargetA-T-TargetA-21785--SwiftPackageCopyFilesTaskProducer"]), Task(forTarget: <none>, ruleInfo: ["Gate", "target-TargetA-T-TargetA-21785--copy-headers-completion"]), Task(forTarget: <none>, ruleInfo: ["Gate", "WorkspaceHeaderMapVFSFilesWritten"]), Task(forTarget: TargetA, ruleInfo: ["Gate", "target-TargetA-T-TargetA-21785--modules-ready"]), Task(forTarget: <none>, ruleInfo: ["Gate", "target-TargetB-T-TargetB-21793--SanitizerTaskProducer"]), Task(forTarget: <none>, ruleInfo: ["Gate", "target-TargetA-T-TargetA-21785--Barrier-ChangeAlternatePermissions"]), Task(forTarget: TargetB, ruleInfo: ["SymLink", "/private/var/folders/xr/m5_5rlsd6l9fk2w4ngj13k6m0000gn/T/swbuild.tmp.Qwrkh9On/Data.noindex/Test/aProject/build/Debug/TargetB.framework/Headers", "Versions/Current/Headers"]), Task(forTarget: <none>, ruleInfo: ["CreateBuildDirectory", "/var/folders/xr/m5_5rlsd6l9fk2w4ngj13k6m0000gn/C/com.apple.DeveloperTools/26.4.1-17E202/Xcode/CompilationCache.noindex"]), Task(forTarget: <none>, ruleInfo: ["Gate", "target-TargetA-T-TargetA-21785--CustomTaskProducer"]), Task(forTarget: <none>, ruleInfo: ["Gate", "target-TargetA-T-TargetA-21785--AppIntentsMetadataTaskProducer"]), Task(forTarget: TargetB, ruleInfo: ["Copy", "/private/var/folders/xr/m5_5rlsd6l9fk2w4ngj13k6m0000gn/T/swbuild.tmp.Qwrkh9On/Data.noindex/Test/aProject/build/Debug/TargetB.framework/Versions/A/Modules/TargetB.swiftmodule/x86_64-apple-macos.abi.json", "/private/var/folders/xr/m5_5rlsd6l9fk2w4ngj13k6m0000gn/T/swbuild.tmp.Qwrkh9On/Data.noindex/Test/aProject/build/aProject.build/Debug/TargetB.build/Objects-normal/x86_64/TargetB.abi.json"]), Task(forTarget: <none>, ruleInfo: ["Gate", "target-TargetA-T-TargetA-21785--TestHostTaskProducer"]), Task(forTarget: TargetB, ruleInfo: ["WriteAuxiliaryFile", "/private/var/folders/xr/m5_5rlsd6l9fk2w4ngj13k6m0000gn/T/swbuild.tmp.Qwrkh9On/Data.noindex/Test/aProject/build/aProject.build/Debug/TargetB.build/Objects-normal/x86_64/TargetB.LinkFileList"]), Task(forTarget: <none>, ruleInfo: ["Gate", "target-TargetA-T-TargetA-21785--TestTargetPostprocessingTaskProducer"]), Task(forTarget: <none>, ruleInfo: ["Gate", "target-TargetA-T-TargetA-21785--Barrier-GenerateStubAPI"]), Task(forTarget: TargetB, ruleInfo: ["Gate", "target-TargetB-T-TargetB-21793--will-sign"]), Task(forTarget: <none>, ruleInfo: ["Gate", "target-TargetA-T-TargetA-21785--generated-headers"]), Task(forTarget: <none>, ruleInfo: ["Gate", "target-TargetB-T-TargetB-21793--Barrier-RegisterExecutionPolicyException"]), Task(forTarget: TargetB, ruleInfo: ["SymLink", "/private/var/folders/xr/m5_5rlsd6l9fk2w4ngj13k6m0000gn/T/swbuild.tmp.Qwrkh9On/Data.noindex/Test/aProject/build/EagerLinkingTBDs/Debug/TargetB.framework/TargetB.tbd", "/private/var/folders/xr/m5_5rlsd6l9fk2w4ngj13k6m0000gn/T/swbuild.tmp.Qwrkh9On/Data.noindex/Test/aProject/build/EagerLinkingTBDs/Debug/TargetB.framework/Versions/A/TargetB.tbd"]), Task(forTarget: TargetB, ruleInfo: ["WriteAuxiliaryFile", "/private/var/folders/xr/m5_5rlsd6l9fk2w4ngj13k6m0000gn/T/swbuild.tmp.Qwrkh9On/Data.noindex/Test/aProject/build/aProject.build/Debug/TargetB.build/TargetB-own-target-headers.hmap"]), Task(forTarget: TargetB, ruleInfo: ["WriteAuxiliaryFile", "/private/var/folders/xr/m5_5rlsd6l9fk2w4ngj13k6m0000gn/T/swbuild.tmp.Qwrkh9On/Data.noindex/Test/aProject/build/aProject.build/Debug/TargetB.build/TargetB-project-headers.hmap"]), Task(forTarget: <none>, ruleInfo: ["Gate", "target-TargetB-T-TargetB-21793--DocumentationTaskProducer"]), Task(forTarget: <none>, ruleInfo: ["Gate", "target-TargetA-T-TargetA-21785--TestEntryPointTaskProducerFactory"]), Task(forTarget: <none>, ruleInfo: ["Gate", "target-TargetA-T-TargetA-21785--TestTargetTaskProducer"]), Task(forTarget: TargetA, ruleInfo: ["Touch", "/private/var/folders/xr/m5_5rlsd6l9fk2w4ngj13k6m0000gn/T/swbuild.tmp.Qwrkh9On/Data.noindex/Test/aProject/build/Debug/TargetA.framework"]), Task(forTarget: <none>, ruleInfo: ["Gate", "target-TargetA-T-TargetA-21785--HeadermapTaskProducer"]), Task(forTarget: <none>, ruleInfo: ["Gate", "target-TargetB-T-TargetB-21793--fused-phase0-compile-sources&link-binary"]), Task(forTarget: TargetB, ruleInfo: ["WriteAuxiliaryFile", "/private/var/folders/xr/m5_5rlsd6l9fk2w4ngj13k6m0000gn/T/swbuild.tmp.Qwrkh9On/Data.noindex/Test/aProject/build/aProject.build/Debug/TargetB.build/TargetB.DependencyStaticMetadataFileList"]), Task(forTarget: <none>, ruleInfo: ["Gate", "target-TargetB-T-TargetB-21793--TestTargetTaskProducer"]), Task(forTarget: <none>, ruleInfo: ["Gate", "target-TargetA-T-TargetA-21785--RealityAssetsTaskProducer"]), Task(forTarget: <none>, ruleInfo: ["Gate", "target-TargetB-T-TargetB-21793--CustomTaskProducer"]), Task(forTarget: TargetB, ruleInfo: ["RegisterExecutionPolicyException", "/private/var/folders/xr/m5_5rlsd6l9fk2w4ngj13k6m0000gn/T/swbuild.tmp.Qwrkh9On/Data.noindex/Test/aProject/build/Debug/TargetB.framework"]), Task(forTarget: TargetA, ruleInfo: ["WriteAuxiliaryFile", "/private/var/folders/xr/m5_5rlsd6l9fk2w4ngj13k6m0000gn/T/swbuild.tmp.Qwrkh9On/Data.noindex/Test/aProject/build/aProject.build/Debug/TargetA.build/TargetA-all-non-framework-target-headers.hmap"]), Task(forTarget: TargetB, ruleInfo: ["SwiftCompile", "normal", "x86_64", "Compiling fileB1.swift", "/private/var/folders/xr/m5_5rlsd6l9fk2w4ngj13k6m0000gn/T/swbuild.tmp.Qwrkh9On/Data.noindex/Test/aProject/Sources/fileB1.swift"]), Task(forTarget: <none>, ruleInfo: ["Gate", "target-TargetA-T-TargetA-21785--Barrier-CodeSign"]), Task(forTarget: <none>, ruleInfo: ["Gate", "target-TargetB-T-TargetB-21793--AppIntentsMetadataTaskProducer"]), Task(forTarget: TargetB, ruleInfo: ["Gate", "target-TargetB-T-TargetB-21793--unsigned-product-ready"]), Task(forTarget: TargetA, ruleInfo: ["SwiftDriver", "TargetA", "normal", "x86_64", "com.apple.xcode.tools.swift.compiler"]), Task(forTarget: TargetA, ruleInfo: ["Gate", "target-TargetA-T-TargetA-21785--end"]), Task(forTarget: TargetA, ruleInfo: ["Gate", "target-TargetA-T-TargetA-21785--begin-scanning"]), Task(forTarget: TargetB, ruleInfo: ["WriteAuxiliaryFile", "/private/var/folders/xr/m5_5rlsd6l9fk2w4ngj13k6m0000gn/T/swbuild.tmp.Qwrkh9On/Data.noindex/Test/aProject/build/aProject.build/Debug/TargetB.build/Objects-normal/x86_64/TargetB_const_extract_protocols.json"]), Task(forTarget: <none>, ruleInfo: ["Gate", "target-TargetA-T-TargetA-21785--StubBinaryTaskProducer"]), Task(forTarget: TargetB, ruleInfo: ["MkDir", "/private/var/folders/xr/m5_5rlsd6l9fk2w4ngj13k6m0000gn/T/swbuild.tmp.Qwrkh9On/Data.noindex/Test/aProject/build/Debug/TargetB.framework/Versions/A"]), Task(forTarget: TargetA, ruleInfo: ["SwiftCompile", "normal", "x86_64", "Compiling fileA2.swift", "/private/var/folders/xr/m5_5rlsd6l9fk2w4ngj13k6m0000gn/T/swbuild.tmp.Qwrkh9On/Data.noindex/Test/aProject/Sources/fileA2.swift"]), Task(forTarget: <none>, ruleInfo: ["Gate", "target-TargetA-T-TargetA-21785--fused-phase0-compile-sources"]), Task(forTarget: <none>, ruleInfo: ["Gate", "target-TargetA-T-TargetA-21785--ModuleMapTaskProducer"]), Task(forTarget: <none>, ruleInfo: ["Gate", "target-TargetA-T-TargetA-21785--GeneratedFilesTaskProducer"]), Task(forTarget: <none>, ruleInfo: ["Gate", "target-TargetA-T-TargetA-21785--SwiftStandardLibrariesTaskProducer"]), Task(forTarget: TargetA, ruleInfo: ["GenerateTAPI", "/private/var/folders/xr/m5_5rlsd6l9fk2w4ngj13k6m0000gn/T/swbuild.tmp.Qwrkh9On/Data.noindex/Test/aProject/build/EagerLinkingTBDs/Debug/TargetA.framework/Versions/A/TargetA.tbd"]), Task(forTarget: <none>, ruleInfo: ["Gate", "target-TargetA-T-TargetA-21785--Barrier-Validate"]), Task(forTarget: TargetB, ruleInfo: ["WriteAuxiliaryFile", "/private/var/folders/xr/m5_5rlsd6l9fk2w4ngj13k6m0000gn/T/swbuild.tmp.Qwrkh9On/Data.noindex/Test/aProject/build/aProject.build/Debug/TargetB.build/Objects-normal/x86_64/TargetB.SwiftFileList"]), Task(forTarget: TargetA, ruleInfo: ["MkDir", "/private/var/folders/xr/m5_5rlsd6l9fk2w4ngj13k6m0000gn/T/swbuild.tmp.Qwrkh9On/Data.noindex/Test/aProject/build/Debug/TargetA.framework"]), Task(forTarget: <none>, ruleInfo: ["Gate", "target-TargetA-T-TargetA-21785--ExtensionPointExtractorTaskProducer"]), Task(forTarget: TargetA, ruleInfo: ["SymLink", "/private/var/folders/xr/m5_5rlsd6l9fk2w4ngj13k6m0000gn/T/swbuild.tmp.Qwrkh9On/Data.noindex/Test/aProject/build/Debug/TargetA.framework/TargetA", "Versions/Current/TargetA"]), Task(forTarget: TargetA, ruleInfo: ["MkDir", "/private/var/folders/xr/m5_5rlsd6l9fk2w4ngj13k6m0000gn/T/swbuild.tmp.Qwrkh9On/Data.noindex/Test/aProject/build/Debug/TargetA.framework/Versions/A"]), Task(forTarget: <none>, ruleInfo: ["Gate", "target-TargetB-T-TargetB-21793--generated-headers"]), Task(forTarget: <none>, ruleInfo: ["Gate", "target-TargetA-T-TargetA-21785--SwiftFrameworkABICheckerTaskProducer"]), Task(forTarget: TargetB, ruleInfo: ["Gate", "target-TargetB-T-TargetB-21793--modules-ready"]), Task(forTarget: <none>, ruleInfo: ["ClangStatCache", "/Applications/Xcode17E.app/Contents/Developer/Toolchains/XcodeDefault.xctoolchain/usr/bin/clang-stat-cache", "/Applications/Xcode17E.app/Contents/Developer/Platforms/MacOSX.platform/Developer/SDKs/MacOSX26.4.sdk", "/private/var/folders/xr/m5_5rlsd6l9fk2w4ngj13k6m0000gn/T/swbuild.tmp.Qwrkh9On/Data.noindex/Test/SDKStatCaches.noindex/macosx26.4-25E260-95aa6cf8f3effd57bda17e0c125410c0.sdkstatcache"]), Task(forTarget: TargetB, ruleInfo: ["SymLink", "/private/var/folders/xr/m5_5rlsd6l9fk2w4ngj13k6m0000gn/T/swbuild.tmp.Qwrkh9On/Data.noindex/Test/aProject/build/Debug/TargetB.framework/TargetB", "Versions/Current/TargetB"]), Task(forTarget: TargetA, ruleInfo: ["MkDir", "/private/var/folders/xr/m5_5rlsd6l9fk2w4ngj13k6m0000gn/T/swbuild.tmp.Qwrkh9On/Data.noindex/Test/aProject/build/Debug/TargetA.framework/Versions/A/Headers"]), Task(forTarget: <none>, ruleInfo: ["Gate", "target-TargetB-T-TargetB-21793--TestHostTaskProducer"]), Task(forTarget: TargetA, ruleInfo: ["Gate", "target-TargetA-T-TargetA-21785--begin-linking"]), Task(forTarget: <none>, ruleInfo: ["Gate", "target-TargetB-T-TargetB-21793--ModuleMapTaskProducer"]), Task(forTarget: <none>, ruleInfo: ["CreateBuildDirectory", "/private/var/folders/xr/m5_5rlsd6l9fk2w4ngj13k6m0000gn/T/swbuild.tmp.Qwrkh9On/Data.noindex/Test/aProject/build/SwiftExplicitPrecompiledModules"]), Task(forTarget: <none>, ruleInfo: ["Gate", "target-TargetB-T-TargetB-21793--SwiftABIBaselineGenerationTaskProducer"]), Task(forTarget: <none>, ruleInfo: ["Gate", "target-TargetB-T-TargetB-21793--TestTargetPostprocessingTaskProducer"]), Task(forTarget: <none>, ruleInfo: ["CreateBuildDirectory", "/private/var/folders/xr/m5_5rlsd6l9fk2w4ngj13k6m0000gn/T/swbuild.tmp.Qwrkh9On/Data.noindex/Test/aProject/build/EagerLinkingTBDs/Debug"]), Task(forTarget: TargetA, ruleInfo: ["WriteAuxiliaryFile", "/private/var/folders/xr/m5_5rlsd6l9fk2w4ngj13k6m0000gn/T/swbuild.tmp.Qwrkh9On/Data.noindex/Test/aProject/build/aProject.build/Debug/TargetA.build/Objects-normal/x86_64/TargetA.SwiftConstValuesFileList"]), Task(forTarget: <none>, ruleInfo: ["Gate", "target-TargetA-T-TargetA-21785--GenerateAppPlaygroundAssetCatalogTaskProducer"]), Task(forTarget: <none>, ruleInfo: ["WriteAuxiliaryFile", "/private/var/folders/xr/m5_5rlsd6l9fk2w4ngj13k6m0000gn/T/swbuild.tmp.Qwrkh9On/Data.noindex/Test/aProject/build/aProject.build/Debug/aProject-P21796-VFS/all-product-headers.yaml"]), Task(forTarget: <none>, ruleInfo: ["Gate", "target-TargetB-T-TargetB-21793--CopySwiftPackageResourcesTaskProducer"]), Task(forTarget: <none>, ruleInfo: ["Gate", "target-TargetB-T-TargetB-21793--Barrier-CopyAside"]), Task(forTarget: TargetA, ruleInfo: ["WriteAuxiliaryFile", "/private/var/folders/xr/m5_5rlsd6l9fk2w4ngj13k6m0000gn/T/swbuild.tmp.Qwrkh9On/Data.noindex/Test/aProject/build/aProject.build/Debug/TargetA.build/TargetA-project-headers.hmap"]), Task(forTarget: TargetB, ruleInfo: ["MkDir", "/private/var/folders/xr/m5_5rlsd6l9fk2w4ngj13k6m0000gn/T/swbuild.tmp.Qwrkh9On/Data.noindex/Test/aProject/build/Debug/TargetB.framework"]), Task(forTarget: TargetA, ruleInfo: ["SymLink", "/private/var/folders/xr/m5_5rlsd6l9fk2w4ngj13k6m0000gn/T/swbuild.tmp.Qwrkh9On/Data.noindex/Test/aProject/build/Debug/TargetA.framework/Modules", "Versions/Current/Modules"]), Task(forTarget: <none>, ruleInfo: ["SwiftExplicitDependencyCompileModuleFromInterface", "x86_64", "/private/var/folders/xr/m5_5rlsd6l9fk2w4ngj13k6m0000gn/T/swbuild.tmp.Qwrkh9On/Data.noindex/Test/aProject/build/SwiftExplicitPrecompiledModules/_StringProcessing-13GX4EAKQZW8B.swiftmodule"]), Task(forTarget: TargetA, ruleInfo: ["RegisterExecutionPolicyException", "/private/var/folders/xr/m5_5rlsd6l9fk2w4ngj13k6m0000gn/T/swbuild.tmp.Qwrkh9On/Data.noindex/Test/aProject/build/Debug/TargetA.framework"]), Task(forTarget: TargetA, ruleInfo: ["Copy", "/private/var/folders/xr/m5_5rlsd6l9fk2w4ngj13k6m0000gn/T/swbuild.tmp.Qwrkh9On/Data.noindex/Test/aProject/build/Debug/TargetA.framework/Versions/A/Modules/TargetA.swiftmodule/Project/x86_64-apple-macos.swiftsourceinfo", "/private/var/folders/xr/m5_5rlsd6l9fk2w4ngj13k6m0000gn/T/swbuild.tmp.Qwrkh9On/Data.noindex/Test/aProject/build/aProject.build/Debug/TargetA.build/Objects-normal/x86_64/TargetA.swiftsourceinfo"]), Task(forTarget: <none>, ruleInfo: ["Gate", "target-TargetB-T-TargetB-21793--copy-headers-completion"]), Task(forTarget: <none>, ruleInfo: ["Gate", "target-TargetB-T-TargetB-21793--TestEntryPointTaskProducerFactory"]), Task(forTarget: TargetA, ruleInfo: ["Gate", "target-TargetA-T-TargetA-21785--immediate"]), Task(forTarget: <none>, ruleInfo: ["Gate", "target-TargetA-T-TargetA-21785--Barrier-RegisterProduct"]), Task(forTarget: <none>, ruleInfo: ["Gate", "target-TargetB-T-TargetB-21793--Barrier-Validate"]), Task(forTarget: TargetB, ruleInfo: ["Copy", "/private/var/folders/xr/m5_5rlsd6l9fk2w4ngj13k6m0000gn/T/swbuild.tmp.Qwrkh9On/Data.noindex/Test/aProject/build/Debug/TargetB.framework/Versions/A/Modules/TargetB.swiftmodule/x86_64-apple-macos.swiftmodule", "/private/var/folders/xr/m5_5rlsd6l9fk2w4ngj13k6m0000gn/T/swbuild.tmp.Qwrkh9On/Data.noindex/Test/aProject/build/aProject.build/Debug/TargetB.build/Objects-normal/x86_64/TargetB.swiftmodule"]), Task(forTarget: TargetB, ruleInfo: ["WriteAuxiliaryFile", "/private/var/folders/xr/m5_5rlsd6l9fk2w4ngj13k6m0000gn/T/swbuild.tmp.Qwrkh9On/Data.noindex/Test/aProject/build/aProject.build/Debug/TargetB.build/TargetB-generated-files.hmap"]), Task(forTarget: TargetA, ruleInfo: ["Gate", "target-TargetA-T-TargetA-21785--begin-compiling"]), Task(forTarget: TargetA, ruleInfo: ["WriteAuxiliaryFile", "/private/var/folders/xr/m5_5rlsd6l9fk2w4ngj13k6m0000gn/T/swbuild.tmp.Qwrkh9On/Data.noindex/Test/aProject/build/aProject.build/Debug/TargetA.build/TargetA.hmap"]), Task(forTarget: TargetA, ruleInfo: ["SwiftEmitModule", "normal", "x86_64", "Emitting module for TargetA"]), Task(forTarget: TargetB, ruleInfo: ["Gate", "target-TargetB-T-TargetB-21793--begin-compiling"]), Task(forTarget: <none>, ruleInfo: ["Gate", "target-TargetB-T-TargetB-21793--SwiftPackageCopyFilesTaskProducer"]), Task(forTarget: <none>, ruleInfo: ["Gate", "target-TargetA-T-TargetA-21785--SanitizerTaskProducer"]), Task(forTarget: TargetA, ruleInfo: ["WriteAuxiliaryFile", "/private/var/folders/xr/m5_5rlsd6l9fk2w4ngj13k6m0000gn/T/swbuild.tmp.Qwrkh9On/Data.noindex/Test/aProject/build/aProject.build/Debug/TargetA.build/TargetA-own-target-headers.hmap"]), Task(forTarget: TargetA, ruleInfo: ["WriteAuxiliaryFile", "/private/var/folders/xr/m5_5rlsd6l9fk2w4ngj13k6m0000gn/T/swbuild.tmp.Qwrkh9On/Data.noindex/Test/aProject/build/aProject.build/Debug/TargetA.build/Objects-normal/x86_64/TargetA.LinkFileList"]), Task(forTarget: TargetA, ruleInfo: ["SwiftCompile", "normal", "x86_64", "Compiling fileA1.swift", "/private/var/folders/xr/m5_5rlsd6l9fk2w4ngj13k6m0000gn/T/swbuild.tmp.Qwrkh9On/Data.noindex/Test/aProject/Sources/fileA1.swift"])]
↳ Occasionally fails in CI due to SwiftExplicitDependencyCompileModuleFromInterface missing from the dependency graph
━ Test swiftEagerCompilationWithExplicitModules() recorded a known issue at SwiftDriverTests.swift:3599:55: Issue recorded
↳ Task Task(forTarget: TargetB, ruleInfo: ["SwiftEmitModule", "normal", "x86_64", "Emitting module for TargetB"]) does not follow any tasks matching [Rule matches [SWBTestSupport.StringPattern.equal("SwiftExplicitDependencyCompileModuleFromInterface"), SWBTestSupport.StringPattern.equal("normal"), SWBTestSupport.StringPattern.equal("x86_64"), SWBTestSupport.StringPattern.contains("_StringProcessing-")]]. Found: [] in [Task(forTarget: TargetA, ruleInfo: ["Ld", "/private/var/folders/xr/m5_5rlsd6l9fk2w4ngj13k6m0000gn/T/swbuild.tmp.Qwrkh9On/Data.noindex/Test/aProject/build/Debug/TargetA.framework/Versions/A/TargetA", "normal"]), Task(forTarget: <none>, ruleInfo: ["Gate", "target-TargetA-T-TargetA-21785--Barrier-RegisterExecutionPolicyException"]), Task(forTarget: TargetA, ruleInfo: ["MkDir", "/private/var/folders/xr/m5_5rlsd6l9fk2w4ngj13k6m0000gn/T/swbuild.tmp.Qwrkh9On/Data.noindex/Test/aProject/build/Debug/TargetA.framework/Versions"]), Task(forTarget: TargetA, ruleInfo: ["SymLink", "/private/var/folders/xr/m5_5rlsd6l9fk2w4ngj13k6m0000gn/T/swbuild.tmp.Qwrkh9On/Data.noindex/Test/aProject/build/EagerLinkingTBDs/Debug/TargetA.framework/TargetA.tbd", "/private/var/folders/xr/m5_5rlsd6l9fk2w4ngj13k6m0000gn/T/swbuild.tmp.Qwrkh9On/Data.noindex/Test/aProject/build/EagerLinkingTBDs/Debug/TargetA.framework/Versions/A/TargetA.tbd"]), Task(forTarget: <none>, ruleInfo: ["Gate", "target-TargetB-T-TargetB-21793--GeneratedFilesTaskProducer"]), Task(forTarget: TargetA, ruleInfo: ["ExtractAppIntentsMetadata"]), Task(forTarget: TargetB, ruleInfo: ["MkDir", "/private/var/folders/xr/m5_5rlsd6l9fk2w4ngj13k6m0000gn/T/swbuild.tmp.Qwrkh9On/Data.noindex/Test/aProject/build/Debug/TargetB.framework/Versions/A/Headers"]), Task(forTarget: <none>, ruleInfo: ["Gate", "target-TargetA-T-TargetA-21785--Barrier-StripSymbols"]), Task(forTarget: TargetB, ruleInfo: ["SwiftDriver Compilation", "TargetB", "normal", "x86_64", "com.apple.xcode.tools.swift.compiler"]), Task(forTarget: TargetB, ruleInfo: ["WriteAuxiliaryFile", "/private/var/folders/xr/m5_5rlsd6l9fk2w4ngj13k6m0000gn/T/swbuild.tmp.Qwrkh9On/Data.noindex/Test/aProject/build/aProject.build/Debug/TargetB.build/Objects-normal/x86_64/TargetB.SwiftConstValuesFileList"]), Task(forTarget: <none>, ruleInfo: ["Gate", "target-TargetB-T-TargetB-21793--TAPISymbolExtractorTaskProducer"]), Task(forTarget: <none>, ruleInfo: ["Gate", "target-TargetB-T-TargetB-21793--swift-generated-headers"]), Task(forTarget: <none>, ruleInfo: ["Gate", "target-TargetB-T-TargetB-21793--ProductPostprocessingTaskProducer"]), Task(forTarget: <none>, ruleInfo: ["Gate", "target-TargetB-T-TargetB-21793--RealityAssetsTaskProducer"]), Task(forTarget: <none>, ruleInfo: ["Gate", "target-TargetA-T-TargetA-21785--Barrier-CopyAside"]), Task(forTarget: <none>, ruleInfo: ["SwiftExplicitDependencyGeneratePcm", "x86_64", "/private/var/folders/xr/m5_5rlsd6l9fk2w4ngj13k6m0000gn/T/swbuild.tmp.Qwrkh9On/Data.noindex/Test/aProject/build/SwiftExplicitPrecompiledModules/SwiftShims-E7NR5GGR9Z7GY7PSRPSK1C6L1.pcm"]), Task(forTarget: TargetA, ruleInfo: ["Copy", "/private/var/folders/xr/m5_5rlsd6l9fk2w4ngj13k6m0000gn/T/swbuild.tmp.Qwrkh9On/Data.noindex/Test/aProject/build/Debug/TargetA.framework/Versions/A/Modules/TargetA.swiftmodule/x86_64-apple-macos.swiftdoc", "/private/var/folders/xr/m5_5rlsd6l9fk2w4ngj13k6m0000gn/T/swbuild.tmp.Qwrkh9On/Data.noindex/Test/aProject/build/aProject.build/Debug/TargetA.build/Objects-normal/x86_64/TargetA.swiftdoc"]), Task(forTarget: TargetB, ruleInfo: ["Gate", "target-TargetB-T-TargetB-21793--begin-scanning"]), Task(forTarget: <none>, ruleInfo: ["Gate", "target-TargetB-T-TargetB-21793--ModuleVerifierTaskProducer"]), Task(forTarget: TargetA, ruleInfo: ["SymLink", "/private/var/folders/xr/m5_5rlsd6l9fk2w4ngj13k6m0000gn/T/swbuild.tmp.Qwrkh9On/Data.noindex/Test/aProject/build/Debug/TargetA.framework/Headers", "Versions/Current/Headers"]), Task(forTarget: TargetB, ruleInfo: ["SwiftCompile", "normal", "x86_64", "Compiling fileB2.swift", "/private/var/folders/xr/m5_5rlsd6l9fk2w4ngj13k6m0000gn/T/swbuild.tmp.Qwrkh9On/Data.noindex/Test/aProject/Sources/fileB2.swift"]), Task(forTarget: TargetB, ruleInfo: ["Gate", "target-TargetB-T-TargetB-21793--linker-inputs-ready"]), Task(forTarget: <none>, ruleInfo: ["Gate", "target-TargetA-T-TargetA-21785--Barrier-ChangePermissions"]), Task(forTarget: TargetA, ruleInfo: ["WriteAuxiliaryFile", "/private/var/folders/xr/m5_5rlsd6l9fk2w4ngj13k6m0000gn/T/swbuild.tmp.Qwrkh9On/Data.noindex/Test/aProject/build/aProject.build/Debug/TargetA.build/TargetA-all-target-headers.hmap"]), Task(forTarget: TargetA, ruleInfo: ["SwiftDriver Compilation Requirements", "TargetA", "normal", "x86_64", "com.apple.xcode.tools.swift.compiler"]), Task(forTarget: TargetA, ruleInfo: ["WriteAuxiliaryFile", "/private/var/folders/xr/m5_5rlsd6l9fk2w4ngj13k6m0000gn/T/swbuild.tmp.Qwrkh9On/Data.noindex/Test/aProject/build/aProject.build/Debug/TargetA.build/Objects-normal/x86_64/TargetA_const_extract_protocols.json"]), Task(forTarget: TargetA, ruleInfo: ["Gate", "target-TargetA-T-TargetA-21785--entry"]), Task(forTarget: TargetA, ruleInfo: ["WriteAuxiliaryFile", "/private/var/folders/xr/m5_5rlsd6l9fk2w4ngj13k6m0000gn/T/swbuild.tmp.Qwrkh9On/Data.noindex/Test/aProject/build/aProject.build/Debug/TargetA.build/TargetA.DependencyMetadataFileList"]), Task(forTarget: TargetA, ruleInfo: ["Copy", "/private/var/folders/xr/m5_5rlsd6l9fk2w4ngj13k6m0000gn/T/swbuild.tmp.Qwrkh9On/Data.noindex/Test/aProject/build/Debug/TargetA.framework/Versions/A/Modules/TargetA.swiftmodule/x86_64-apple-macos.swiftmodule", "/private/var/folders/xr/m5_5rlsd6l9fk2w4ngj13k6m0000gn/T/swbuild.tmp.Qwrkh9On/Data.noindex/Test/aProject/build/aProject.build/Debug/TargetA.build/Objects-normal/x86_64/TargetA.swiftmodule"]), Task(forTarget: <none>, ruleInfo: ["Gate", "target-TargetB-T-TargetB-21793--Barrier-RegisterProduct"]), Task(forTarget: TargetB, ruleInfo: ["SwiftDriver Compilation Requirements", "TargetB", "normal", "x86_64", "com.apple.xcode.tools.swift.compiler"]), Task(forTarget: <none>, ruleInfo: ["Gate", "target-TargetB-T-TargetB-21793--StubBinaryTaskProducer"]), Task(forTarget: TargetB, ruleInfo: ["Gate", "target-TargetB-T-TargetB-21793--entry"]), Task(forTarget: <none>, ruleInfo: ["SwiftExplicitDependencyCompileModuleFromInterface", "x86_64", "/private/var/folders/xr/m5_5rlsd6l9fk2w4ngj13k6m0000gn/T/swbuild.tmp.Qwrkh9On/Data.noindex/Test/aProject/build/SwiftExplicitPrecompiledModules/Swift-1039YR9EBE61.swiftmodule"]), Task(forTarget: <none>, ruleInfo: ["Gate", "target-TargetB-T-TargetB-21793--GenerateAppPlaygroundAssetCatalogTaskProducer"]), Task(forTarget: TargetB, ruleInfo: ["Gate", "target-TargetB-T-TargetB-21793--begin-linking"]), Task(forTarget: TargetA, ruleInfo: ["WriteAuxiliaryFile", "/private/var/folders/xr/m5_5rlsd6l9fk2w4ngj13k6m0000gn/T/swbuild.tmp.Qwrkh9On/Data.noindex/Test/aProject/build/aProject.build/Debug/TargetA.build/Objects-normal/x86_64/TargetA-OutputFileMap.json"]), Task(forTarget: TargetB, ruleInfo: ["WriteAuxiliaryFile", "/private/var/folders/xr/m5_5rlsd6l9fk2w4ngj13k6m0000gn/T/swbuild.tmp.Qwrkh9On/Data.noindex/Test/aProject/build/aProject.build/Debug/TargetB.build/TargetB.DependencyMetadataFileList"]), Task(forTarget: TargetB, ruleInfo: ["WriteAuxiliaryFile", "/private/var/folders/xr/m5_5rlsd6l9fk2w4ngj13k6m0000gn/T/swbuild.tmp.Qwrkh9On/Data.noindex/Test/aProject/build/aProject.build/Debug/TargetB.build/TargetB.hmap"]), Task(forTarget: <none>, ruleInfo: ["CreateBuildDirectory", "/private/var/folders/xr/m5_5rlsd6l9fk2w4ngj13k6m0000gn/T/swbuild.tmp.Qwrkh9On/Data.noindex/Test/aProject/build/SharedPrecompiledHeaders"]), Task(forTarget: TargetA, ruleInfo: ["Gate", "target-TargetA-T-TargetA-21785--unsigned-product-ready"]), Task(forTarget: TargetA, ruleInfo: ["Gate", "target-TargetA-T-TargetA-21785--will-sign"]), Task(forTarget: TargetB, ruleInfo: ["Copy", "/private/var/folders/xr/m5_5rlsd6l9fk2w4ngj13k6m0000gn/T/swbuild.tmp.Qwrkh9On/Data.noindex/Test/aProject/build/Debug/TargetB.framework/Versions/A/Modules/TargetB.swiftmodule/Project/x86_64-apple-macos.swiftsourceinfo", "/private/var/folders/xr/m5_5rlsd6l9fk2w4ngj13k6m0000gn/T/swbuild.tmp.Qwrkh9On/Data.noindex/Test/aProject/build/aProject.build/Debug/TargetB.build/Objects-normal/x86_64/TargetB.swiftsourceinfo"]), Task(forTarget: TargetA, ruleInfo: ["WriteAuxiliaryFile", "/private/var/folders/xr/m5_5rlsd6l9fk2w4ngj13k6m0000gn/T/swbuild.tmp.Qwrkh9On/Data.noindex/Test/aProject/build/aProject.build/Debug/TargetA.build/TargetA-generated-files.hmap"]), Task(forTarget: TargetA, ruleInfo: ["Gate", "target-TargetA-T-TargetA-21785--linker-inputs-ready"]), Task(forTarget: <none>, ruleInfo: ["Gate", "target-TargetB-T-TargetB-21793--Barrier-GenerateStubAPI"]), Task(forTarget: <none>, ruleInfo: ["Gate", "target-TargetA-T-TargetA-21785--ModuleVerifierTaskProducer"]), Task(forTarget: <none>, ruleInfo: ["Gate", "target-TargetB-T-TargetB-21793--SwiftFrameworkABICheckerTaskProducer"]), Task(forTarget: TargetB, ruleInfo: ["Gate", "target-TargetB-T-TargetB-21793--end"]), Task(forTarget: TargetB, ruleInfo: ["WriteAuxiliaryFile", "/private/var/folders/xr/m5_5rlsd6l9fk2w4ngj13k6m0000gn/T/swbuild.tmp.Qwrkh9On/Data.noindex/Test/aProject/build/aProject.build/Debug/TargetB.build/TargetB-all-target-headers.hmap"]), Task(forTarget: <none>, ruleInfo: ["SwiftExplicitDependencyGeneratePcm", "x86_64", "/private/var/folders/xr/m5_5rlsd6l9fk2w4ngj13k6m0000gn/T/swbuild.tmp.Qwrkh9On/Data.noindex/Test/aProject/build/SwiftExplicitPrecompiledModules/_SwiftConcurrencyShims-BUR8XM1R06AS02RWV63HPG1KR.pcm"]), Task(forTarget: <none>, ruleInfo: ["Gate", "target-TargetB-T-TargetB-21793--Barrier-ChangePermissions"]), Task(forTarget: <none>, ruleInfo: ["Gate", "target-TargetB-T-TargetB-21793--Barrier-CodeSign"]), Task(forTarget: TargetB, ruleInfo: ["Touch", "/private/var/folders/xr/m5_5rlsd6l9fk2w4ngj13k6m0000gn/T/swbuild.tmp.Qwrkh9On/Data.noindex/Test/aProject/build/Debug/TargetB.framework"]), Task(forTarget: <none>, ruleInfo: ["Gate", "target-TargetB-T-TargetB-21793--Barrier-StripSymbols"]), Task(forTarget: TargetB, ruleInfo: ["WriteAuxiliaryFile", "/private/var/folders/xr/m5_5rlsd6l9fk2w4ngj13k6m0000gn/T/swbuild.tmp.Qwrkh9On/Data.noindex/Test/aProject/build/aProject.build/Debug/TargetB.build/Objects-normal/x86_64/TargetB-OutputFileMap.json"]), Task(forTarget: TargetB, ruleInfo: ["GenerateTAPI", "/private/var/folders/xr/m5_5rlsd6l9fk2w4ngj13k6m0000gn/T/swbuild.tmp.Qwrkh9On/Data.noindex/Test/aProject/build/EagerLinkingTBDs/Debug/TargetB.framework/Versions/A/TargetB.tbd"]), Task(forTarget: TargetB, ruleInfo: ["SwiftEmitModule", "normal", "x86_64", "Emitting module for TargetB"]), Task(forTarget: TargetB, ruleInfo: ["MkDir", "/private/var/folders/xr/m5_5rlsd6l9fk2w4ngj13k6m0000gn/T/swbuild.tmp.Qwrkh9On/Data.noindex/Test/aProject/build/Debug/TargetB.framework/Versions"]), Task(forTarget: TargetA, ruleInfo: ["WriteAuxiliaryFile", "/private/var/folders/xr/m5_5rlsd6l9fk2w4ngj13k6m0000gn/T/swbuild.tmp.Qwrkh9On/Data.noindex/Test/aProject/build/aProject.build/Debug/TargetA.build/Objects-normal/x86_64/TargetA.SwiftFileList"]), Task(forTarget: TargetB, ruleInfo: ["ExtractAppIntentsMetadata"]), Task(forTarget: <none>, ruleInfo: ["Gate", "target-TargetB-T-TargetB-21793--ProductStructureTaskProducer"]), Task(forTarget: <none>, ruleInfo: ["Gate", "target-TargetB-T-TargetB-21793--HeadermapTaskProducer"]), Task(forTarget: <none>, ruleInfo: ["CreateBuildDirectory", "/private/var/folders/xr/m5_5rlsd6l9fk2w4ngj13k6m0000gn/T/swbuild.tmp.Qwrkh9On/Data.noindex/Test/aProject/build/Debug"]), Task(forTarget: TargetA, ruleInfo: ["WriteAuxiliaryFile", "/private/var/folders/xr/m5_5rlsd6l9fk2w4ngj13k6m0000gn/T/swbuild.tmp.Qwrkh9On/Data.noindex/Test/aProject/build/aProject.build/Debug/TargetA.build/TargetA.DependencyStaticMetadataFileList"]), Task(forTarget: <none>, ruleInfo: ["Gate", "target-TargetB-T-TargetB-21793--ExtensionPointExtractorTaskProducer"]), Task(forTarget: <none>, ruleInfo: ["Gate", "target-TargetB-T-TargetB-21793--SwiftStandardLibrariesTaskProducer"]), Task(forTarget: TargetA, ruleInfo: ["Copy", "/private/var/folders/xr/m5_5rlsd6l9fk2w4ngj13k6m0000gn/T/swbuild.tmp.Qwrkh9On/Data.noindex/Test/aProject/build/Debug/TargetA.framework/Versions/A/Modules/TargetA.swiftmodule/x86_64-apple-macos.abi.json", "/private/var/folders/xr/m5_5rlsd6l9fk2w4ngj13k6m0000gn/T/swbuild.tmp.Qwrkh9On/Data.noindex/Test/aProject/build/aProject.build/Debug/TargetA.build/Objects-normal/x86_64/TargetA.abi.json"]), Task(forTarget: <none>, ruleInfo: ["CreateBuildDirectory", "/private/var/folders/xr/m5_5rlsd6l9fk2w4ngj13k6m0000gn/T/swbuild.tmp.Qwrkh9On/Data.noindex/Test/aProject/build/ExplicitPrecompiledModules"]), Task(forTarget: TargetB, ruleInfo: ["Gate", "target-TargetB-T-TargetB-21793--immediate"]), Task(forTarget: <none>, ruleInfo: ["Gate", "target-TargetA-T-TargetA-21785--AppExtensionInfoPlistGeneratorTaskProducer"]), Task(forTarget: TargetB, ruleInfo: ["SymLink", "/private/var/folders/xr/m5_5rlsd6l9fk2w4ngj13k6m0000gn/T/swbuild.tmp.Qwrkh9On/Data.noindex/Test/aProject/build/Debug/TargetB.framework/Modules", "Versions/Current/Modules"]), Task(forTarget: <none>, ruleInfo: ["Gate", "target-TargetA-T-TargetA-21785--swift-generated-headers"]), Task(forTarget: <none>, ruleInfo: ["Gate", "target-TargetB-T-TargetB-21793--InfoPlistTaskProducer"]), Task(forTarget: <none>, ruleInfo: ["Gate", "target-TargetB-T-TargetB-21793--AppExtensionInfoPlistGeneratorTaskProducer"]), Task(forTarget: TargetB, ruleInfo: ["SwiftDriver", "TargetB", "normal", "x86_64", "com.apple.xcode.tools.swift.compiler"]), Task(forTarget: <none>, ruleInfo: ["Gate", "target-TargetA-T-TargetA-21785--CopySwiftPackageResourcesTaskProducer"]), Task(forTarget: <none>, ruleInfo: ["Gate", "target-TargetA-T-TargetA-21785--ProductStructureTaskProducer"]), Task(forTarget: TargetA, ruleInfo: ["SymLink", "/private/var/folders/xr/m5_5rlsd6l9fk2w4ngj13k6m0000gn/T/swbuild.tmp.Qwrkh9On/Data.noindex/Test/aProject/build/Debug/TargetA.framework/Versions/Current", "A"]), Task(forTarget: TargetA, ruleInfo: ["SwiftMergeGeneratedHeaders", "/private/var/folders/xr/m5_5rlsd6l9fk2w4ngj13k6m0000gn/T/swbuild.tmp.Qwrkh9On/Data.noindex/Test/aProject/build/Debug/TargetA.framework/Versions/A/Headers/TargetA-Swift.h", "/private/var/folders/xr/m5_5rlsd6l9fk2w4ngj13k6m0000gn/T/swbuild.tmp.Qwrkh9On/Data.noindex/Test/aProject/build/aProject.build/Debug/TargetA.build/Objects-normal/x86_64/TargetA-Swift.h"]), Task(forTarget: <none>, ruleInfo: ["Gate", "target-TargetA-T-TargetA-21785--ProductPostprocessingTaskProducer"]), Task(forTarget: TargetB, ruleInfo: ["Copy", "/private/var/folders/xr/m5_5rlsd6l9fk2w4ngj13k6m0000gn/T/swbuild.tmp.Qwrkh9On/Data.noindex/Test/aProject/build/Debug/TargetB.framework/Versions/A/Modules/TargetB.swiftmodule/x86_64-apple-macos.swiftdoc", "/private/var/folders/xr/m5_5rlsd6l9fk2w4ngj13k6m0000gn/T/swbuild.tmp.Qwrkh9On/Data.noindex/Test/aProject/build/aProject.build/Debug/TargetB.build/Objects-normal/x86_64/TargetB.swiftdoc"]), Task(forTarget: <none>, ruleInfo: ["Gate", "target-TargetA-T-TargetA-21785--DocumentationTaskProducer"]), Task(forTarget: TargetB, ruleInfo: ["SymLink", "/private/var/folders/xr/m5_5rlsd6l9fk2w4ngj13k6m0000gn/T/swbuild.tmp.Qwrkh9On/Data.noindex/Test/aProject/build/Debug/TargetB.framework/Versions/Current", "A"]), Task(forTarget: <none>, ruleInfo: ["Gate", "target-TargetA-T-TargetA-21785--InfoPlistTaskProducer"]), Task(forTarget: <none>, ruleInfo: ["CreateBuildDirectory", "/private/var/folders/xr/m5_5rlsd6l9fk2w4ngj13k6m0000gn/T/swbuild.tmp.Qwrkh9On/Data.noindex/Test/aProject/build"]), Task(forTarget: <none>, ruleInfo: ["Gate", "target-TargetA-T-TargetA-21785--SwiftABIBaselineGenerationTaskProducer"]), Task(forTarget: TargetA, ruleInfo: ["SwiftDriver Compilation", "TargetA", "normal", "x86_64", "com.apple.xcode.tools.swift.compiler"]), Task(forTarget: TargetB, ruleInfo: ["SwiftMergeGeneratedHeaders", "/private/var/folders/xr/m5_5rlsd6l9fk2w4ngj13k6m0000gn/T/swbuild.tmp.Qwrkh9On/Data.noindex/Test/aProject/build/Debug/TargetB.framework/Versions/A/Headers/TargetB-Swift.h", "/private/var/folders/xr/m5_5rlsd6l9fk2w4ngj13k6m0000gn/T/swbuild.tmp.Qwrkh9On/Data.noindex/Test/aProject/build/aProject.build/Debug/TargetB.build/Objects-normal/x86_64/TargetB-Swift.h"]), Task(forTarget: TargetB, ruleInfo: ["Ld", "/private/var/folders/xr/m5_5rlsd6l9fk2w4ngj13k6m0000gn/T/swbuild.tmp.Qwrkh9On/Data.noindex/Test/aProject/build/Debug/TargetB.framework/Versions/A/TargetB", "normal"]), Task(forTarget: TargetB, ruleInfo: ["WriteAuxiliaryFile", "/private/var/folders/xr/m5_5rlsd6l9fk2w4ngj13k6m0000gn/T/swbuild.tmp.Qwrkh9On/Data.noindex/Test/aProject/build/aProject.build/Debug/TargetB.build/TargetB-all-non-framework-target-headers.hmap"]), Task(forTarget: <none>, ruleInfo: ["Gate", "target-TargetA-T-TargetA-21785--TAPISymbolExtractorTaskProducer"]), Task(forTarget: <none>, ruleInfo: ["SwiftExplicitDependencyCompileModuleFromInterface", "x86_64", "/private/var/folders/xr/m5_5rlsd6l9fk2w4ngj13k6m0000gn/T/swbuild.tmp.Qwrkh9On/Data.noindex/Test/aProject/build/SwiftExplicitPrecompiledModules/_Concurrency-2W8LU3DF58RLX.swiftmodule"]), Task(forTarget: <none>, ruleInfo: ["Gate", "target-TargetB-T-TargetB-21793--Barrier-ChangeAlternatePermissions"]), Task(forTarget: <none>, ruleInfo: ["Gate", "target-TargetA-T-TargetA-21785--SwiftPackageCopyFilesTaskProducer"]), Task(forTarget: <none>, ruleInfo: ["Gate", "target-TargetA-T-TargetA-21785--copy-headers-completion"]), Task(forTarget: <none>, ruleInfo: ["Gate", "WorkspaceHeaderMapVFSFilesWritten"]), Task(forTarget: TargetA, ruleInfo: ["Gate", "target-TargetA-T-TargetA-21785--modules-ready"]), Task(forTarget: <none>, ruleInfo: ["Gate", "target-TargetB-T-TargetB-21793--SanitizerTaskProducer"]), Task(forTarget: <none>, ruleInfo: ["Gate", "target-TargetA-T-TargetA-21785--Barrier-ChangeAlternatePermissions"]), Task(forTarget: TargetB, ruleInfo: ["SymLink", "/private/var/folders/xr/m5_5rlsd6l9fk2w4ngj13k6m0000gn/T/swbuild.tmp.Qwrkh9On/Data.noindex/Test/aProject/build/Debug/TargetB.framework/Headers", "Versions/Current/Headers"]), Task(forTarget: <none>, ruleInfo: ["CreateBuildDirectory", "/var/folders/xr/m5_5rlsd6l9fk2w4ngj13k6m0000gn/C/com.apple.DeveloperTools/26.4.1-17E202/Xcode/CompilationCache.noindex"]), Task(forTarget: <none>, ruleInfo: ["Gate", "target-TargetA-T-TargetA-21785--CustomTaskProducer"]), Task(forTarget: <none>, ruleInfo: ["Gate", "target-TargetA-T-TargetA-21785--AppIntentsMetadataTaskProducer"]), Task(forTarget: TargetB, ruleInfo: ["Copy", "/private/var/folders/xr/m5_5rlsd6l9fk2w4ngj13k6m0000gn/T/swbuild.tmp.Qwrkh9On/Data.noindex/Test/aProject/build/Debug/TargetB.framework/Versions/A/Modules/TargetB.swiftmodule/x86_64-apple-macos.abi.json", "/private/var/folders/xr/m5_5rlsd6l9fk2w4ngj13k6m0000gn/T/swbuild.tmp.Qwrkh9On/Data.noindex/Test/aProject/build/aProject.build/Debug/TargetB.build/Objects-normal/x86_64/TargetB.abi.json"]), Task(forTarget: <none>, ruleInfo: ["Gate", "target-TargetA-T-TargetA-21785--TestHostTaskProducer"]), Task(forTarget: TargetB, ruleInfo: ["WriteAuxiliaryFile", "/private/var/folders/xr/m5_5rlsd6l9fk2w4ngj13k6m0000gn/T/swbuild.tmp.Qwrkh9On/Data.noindex/Test/aProject/build/aProject.build/Debug/TargetB.build/Objects-normal/x86_64/TargetB.LinkFileList"]), Task(forTarget: <none>, ruleInfo: ["Gate", "target-TargetA-T-TargetA-21785--TestTargetPostprocessingTaskProducer"]), Task(forTarget: <none>, ruleInfo: ["Gate", "target-TargetA-T-TargetA-21785--Barrier-GenerateStubAPI"]), Task(forTarget: TargetB, ruleInfo: ["Gate", "target-TargetB-T-TargetB-21793--will-sign"]), Task(forTarget: <none>, ruleInfo: ["Gate", "target-TargetA-T-TargetA-21785--generated-headers"]), Task(forTarget: <none>, ruleInfo: ["Gate", "target-TargetB-T-TargetB-21793--Barrier-RegisterExecutionPolicyException"]), Task(forTarget: TargetB, ruleInfo: ["SymLink", "/private/var/folders/xr/m5_5rlsd6l9fk2w4ngj13k6m0000gn/T/swbuild.tmp.Qwrkh9On/Data.noindex/Test/aProject/build/EagerLinkingTBDs/Debug/TargetB.framework/TargetB.tbd", "/private/var/folders/xr/m5_5rlsd6l9fk2w4ngj13k6m0000gn/T/swbuild.tmp.Qwrkh9On/Data.noindex/Test/aProject/build/EagerLinkingTBDs/Debug/TargetB.framework/Versions/A/TargetB.tbd"]), Task(forTarget: TargetB, ruleInfo: ["WriteAuxiliaryFile", "/private/var/folders/xr/m5_5rlsd6l9fk2w4ngj13k6m0000gn/T/swbuild.tmp.Qwrkh9On/Data.noindex/Test/aProject/build/aProject.build/Debug/TargetB.build/TargetB-own-target-headers.hmap"]), Task(forTarget: TargetB, ruleInfo: ["WriteAuxiliaryFile", "/private/var/folders/xr/m5_5rlsd6l9fk2w4ngj13k6m0000gn/T/swbuild.tmp.Qwrkh9On/Data.noindex/Test/aProject/build/aProject.build/Debug/TargetB.build/TargetB-project-headers.hmap"]), Task(forTarget: <none>, ruleInfo: ["Gate", "target-TargetB-T-TargetB-21793--DocumentationTaskProducer"]), Task(forTarget: <none>, ruleInfo: ["Gate", "target-TargetA-T-TargetA-21785--TestEntryPointTaskProducerFactory"]), Task(forTarget: <none>, ruleInfo: ["Gate", "target-TargetA-T-TargetA-21785--TestTargetTaskProducer"]), Task(forTarget: TargetA, ruleInfo: ["Touch", "/private/var/folders/xr/m5_5rlsd6l9fk2w4ngj13k6m0000gn/T/swbuild.tmp.Qwrkh9On/Data.noindex/Test/aProject/build/Debug/TargetA.framework"]), Task(forTarget: <none>, ruleInfo: ["Gate", "target-TargetA-T-TargetA-21785--HeadermapTaskProducer"]), Task(forTarget: <none>, ruleInfo: ["Gate", "target-TargetB-T-TargetB-21793--fused-phase0-compile-sources&link-binary"]), Task(forTarget: TargetB, ruleInfo: ["WriteAuxiliaryFile", "/private/var/folders/xr/m5_5rlsd6l9fk2w4ngj13k6m0000gn/T/swbuild.tmp.Qwrkh9On/Data.noindex/Test/aProject/build/aProject.build/Debug/TargetB.build/TargetB.DependencyStaticMetadataFileList"]), Task(forTarget: <none>, ruleInfo: ["Gate", "target-TargetB-T-TargetB-21793--TestTargetTaskProducer"]), Task(forTarget: <none>, ruleInfo: ["Gate", "target-TargetA-T-TargetA-21785--RealityAssetsTaskProducer"]), Task(forTarget: <none>, ruleInfo: ["Gate", "target-TargetB-T-TargetB-21793--CustomTaskProducer"]), Task(forTarget: TargetB, ruleInfo: ["RegisterExecutionPolicyException", "/private/var/folders/xr/m5_5rlsd6l9fk2w4ngj13k6m0000gn/T/swbuild.tmp.Qwrkh9On/Data.noindex/Test/aProject/build/Debug/TargetB.framework"]), Task(forTarget: TargetA, ruleInfo: ["WriteAuxiliaryFile", "/private/var/folders/xr/m5_5rlsd6l9fk2w4ngj13k6m0000gn/T/swbuild.tmp.Qwrkh9On/Data.noindex/Test/aProject/build/aProject.build/Debug/TargetA.build/TargetA-all-non-framework-target-headers.hmap"]), Task(forTarget: TargetB, ruleInfo: ["SwiftCompile", "normal", "x86_64", "Compiling fileB1.swift", "/private/var/folders/xr/m5_5rlsd6l9fk2w4ngj13k6m0000gn/T/swbuild.tmp.Qwrkh9On/Data.noindex/Test/aProject/Sources/fileB1.swift"]), Task(forTarget: <none>, ruleInfo: ["Gate", "target-TargetA-T-TargetA-21785--Barrier-CodeSign"]), Task(forTarget: <none>, ruleInfo: ["Gate", "target-TargetB-T-TargetB-21793--AppIntentsMetadataTaskProducer"]), Task(forTarget: TargetB, ruleInfo: ["Gate", "target-TargetB-T-TargetB-21793--unsigned-product-ready"]), Task(forTarget: TargetA, ruleInfo: ["SwiftDriver", "TargetA", "normal", "x86_64", "com.apple.xcode.tools.swift.compiler"]), Task(forTarget: TargetA, ruleInfo: ["Gate", "target-TargetA-T-TargetA-21785--end"]), Task(forTarget: TargetA, ruleInfo: ["Gate", "target-TargetA-T-TargetA-21785--begin-scanning"]), Task(forTarget: TargetB, ruleInfo: ["WriteAuxiliaryFile", "/private/var/folders/xr/m5_5rlsd6l9fk2w4ngj13k6m0000gn/T/swbuild.tmp.Qwrkh9On/Data.noindex/Test/aProject/build/aProject.build/Debug/TargetB.build/Objects-normal/x86_64/TargetB_const_extract_protocols.json"]), Task(forTarget: <none>, ruleInfo: ["Gate", "target-TargetA-T-TargetA-21785--StubBinaryTaskProducer"]), Task(forTarget: TargetB, ruleInfo: ["MkDir", "/private/var/folders/xr/m5_5rlsd6l9fk2w4ngj13k6m0000gn/T/swbuild.tmp.Qwrkh9On/Data.noindex/Test/aProject/build/Debug/TargetB.framework/Versions/A"]), Task(forTarget: TargetA, ruleInfo: ["SwiftCompile", "normal", "x86_64", "Compiling fileA2.swift", "/private/var/folders/xr/m5_5rlsd6l9fk2w4ngj13k6m0000gn/T/swbuild.tmp.Qwrkh9On/Data.noindex/Test/aProject/Sources/fileA2.swift"]), Task(forTarget: <none>, ruleInfo: ["Gate", "target-TargetA-T-TargetA-21785--fused-phase0-compile-sources"]), Task(forTarget: <none>, ruleInfo: ["Gate", "target-TargetA-T-TargetA-21785--ModuleMapTaskProducer"]), Task(forTarget: <none>, ruleInfo: ["Gate", "target-TargetA-T-TargetA-21785--GeneratedFilesTaskProducer"]), Task(forTarget: <none>, ruleInfo: ["Gate", "target-TargetA-T-TargetA-21785--SwiftStandardLibrariesTaskProducer"]), Task(forTarget: TargetA, ruleInfo: ["GenerateTAPI", "/private/var/folders/xr/m5_5rlsd6l9fk2w4ngj13k6m0000gn/T/swbuild.tmp.Qwrkh9On/Data.noindex/Test/aProject/build/EagerLinkingTBDs/Debug/TargetA.framework/Versions/A/TargetA.tbd"]), Task(forTarget: <none>, ruleInfo: ["Gate", "target-TargetA-T-TargetA-21785--Barrier-Validate"]), Task(forTarget: TargetB, ruleInfo: ["WriteAuxiliaryFile", "/private/var/folders/xr/m5_5rlsd6l9fk2w4ngj13k6m0000gn/T/swbuild.tmp.Qwrkh9On/Data.noindex/Test/aProject/build/aProject.build/Debug/TargetB.build/Objects-normal/x86_64/TargetB.SwiftFileList"]), Task(forTarget: TargetA, ruleInfo: ["MkDir", "/private/var/folders/xr/m5_5rlsd6l9fk2w4ngj13k6m0000gn/T/swbuild.tmp.Qwrkh9On/Data.noindex/Test/aProject/build/Debug/TargetA.framework"]), Task(forTarget: <none>, ruleInfo: ["Gate", "target-TargetA-T-TargetA-21785--ExtensionPointExtractorTaskProducer"]), Task(forTarget: TargetA, ruleInfo: ["SymLink", "/private/var/folders/xr/m5_5rlsd6l9fk2w4ngj13k6m0000gn/T/swbuild.tmp.Qwrkh9On/Data.noindex/Test/aProject/build/Debug/TargetA.framework/TargetA", "Versions/Current/TargetA"]), Task(forTarget: TargetA, ruleInfo: ["MkDir", "/private/var/folders/xr/m5_5rlsd6l9fk2w4ngj13k6m0000gn/T/swbuild.tmp.Qwrkh9On/Data.noindex/Test/aProject/build/Debug/TargetA.framework/Versions/A"]), Task(forTarget: <none>, ruleInfo: ["Gate", "target-TargetB-T-TargetB-21793--generated-headers"]), Task(forTarget: <none>, ruleInfo: ["Gate", "target-TargetA-T-TargetA-21785--SwiftFrameworkABICheckerTaskProducer"]), Task(forTarget: TargetB, ruleInfo: ["Gate", "target-TargetB-T-TargetB-21793--modules-ready"]), Task(forTarget: <none>, ruleInfo: ["ClangStatCache", "/Applications/Xcode17E.app/Contents/Developer/Toolchains/XcodeDefault.xctoolchain/usr/bin/clang-stat-cache", "/Applications/Xcode17E.app/Contents/Developer/Platforms/MacOSX.platform/Developer/SDKs/MacOSX26.4.sdk", "/private/var/folders/xr/m5_5rlsd6l9fk2w4ngj13k6m0000gn/T/swbuild.tmp.Qwrkh9On/Data.noindex/Test/SDKStatCaches.noindex/macosx26.4-25E260-95aa6cf8f3effd57bda17e0c125410c0.sdkstatcache"]), Task(forTarget: TargetB, ruleInfo: ["SymLink", "/private/var/folders/xr/m5_5rlsd6l9fk2w4ngj13k6m0000gn/T/swbuild.tmp.Qwrkh9On/Data.noindex/Test/aProject/build/Debug/TargetB.framework/TargetB", "Versions/Current/TargetB"]), Task(forTarget: TargetA, ruleInfo: ["MkDir", "/private/var/folders/xr/m5_5rlsd6l9fk2w4ngj13k6m0000gn/T/swbuild.tmp.Qwrkh9On/Data.noindex/Test/aProject/build/Debug/TargetA.framework/Versions/A/Headers"]), Task(forTarget: <none>, ruleInfo: ["Gate", "target-TargetB-T-TargetB-21793--TestHostTaskProducer"]), Task(forTarget: TargetA, ruleInfo: ["Gate", "target-TargetA-T-TargetA-21785--begin-linking"]), Task(forTarget: <none>, ruleInfo: ["Gate", "target-TargetB-T-TargetB-21793--ModuleMapTaskProducer"]), Task(forTarget: <none>, ruleInfo: ["CreateBuildDirectory", "/private/var/folders/xr/m5_5rlsd6l9fk2w4ngj13k6m0000gn/T/swbuild.tmp.Qwrkh9On/Data.noindex/Test/aProject/build/SwiftExplicitPrecompiledModules"]), Task(forTarget: <none>, ruleInfo: ["Gate", "target-TargetB-T-TargetB-21793--SwiftABIBaselineGenerationTaskProducer"]), Task(forTarget: <none>, ruleInfo: ["Gate", "target-TargetB-T-TargetB-21793--TestTargetPostprocessingTaskProducer"]), Task(forTarget: <none>, ruleInfo: ["CreateBuildDirectory", "/private/var/folders/xr/m5_5rlsd6l9fk2w4ngj13k6m0000gn/T/swbuild.tmp.Qwrkh9On/Data.noindex/Test/aProject/build/EagerLinkingTBDs/Debug"]), Task(forTarget: TargetA, ruleInfo: ["WriteAuxiliaryFile", "/private/var/folders/xr/m5_5rlsd6l9fk2w4ngj13k6m0000gn/T/swbuild.tmp.Qwrkh9On/Data.noindex/Test/aProject/build/aProject.build/Debug/TargetA.build/Objects-normal/x86_64/TargetA.SwiftConstValuesFileList"]), Task(forTarget: <none>, ruleInfo: ["Gate", "target-TargetA-T-TargetA-21785--GenerateAppPlaygroundAssetCatalogTaskProducer"]), Task(forTarget: <none>, ruleInfo: ["WriteAuxiliaryFile", "/private/var/folders/xr/m5_5rlsd6l9fk2w4ngj13k6m0000gn/T/swbuild.tmp.Qwrkh9On/Data.noindex/Test/aProject/build/aProject.build/Debug/aProject-P21796-VFS/all-product-headers.yaml"]), Task(forTarget: <none>, ruleInfo: ["Gate", "target-TargetB-T-TargetB-21793--CopySwiftPackageResourcesTaskProducer"]), Task(forTarget: <none>, ruleInfo: ["Gate", "target-TargetB-T-TargetB-21793--Barrier-CopyAside"]), Task(forTarget: TargetA, ruleInfo: ["WriteAuxiliaryFile", "/private/var/folders/xr/m5_5rlsd6l9fk2w4ngj13k6m0000gn/T/swbuild.tmp.Qwrkh9On/Data.noindex/Test/aProject/build/aProject.build/Debug/TargetA.build/TargetA-project-headers.hmap"]), Task(forTarget: TargetB, ruleInfo: ["MkDir", "/private/var/folders/xr/m5_5rlsd6l9fk2w4ngj13k6m0000gn/T/swbuild.tmp.Qwrkh9On/Data.noindex/Test/aProject/build/Debug/TargetB.framework"]), Task(forTarget: TargetA, ruleInfo: ["SymLink", "/private/var/folders/xr/m5_5rlsd6l9fk2w4ngj13k6m0000gn/T/swbuild.tmp.Qwrkh9On/Data.noindex/Test/aProject/build/Debug/TargetA.framework/Modules", "Versions/Current/Modules"]), Task(forTarget: <none>, ruleInfo: ["SwiftExplicitDependencyCompileModuleFromInterface", "x86_64", "/private/var/folders/xr/m5_5rlsd6l9fk2w4ngj13k6m0000gn/T/swbuild.tmp.Qwrkh9On/Data.noindex/Test/aProject/build/SwiftExplicitPrecompiledModules/_StringProcessing-13GX4EAKQZW8B.swiftmodule"]), Task(forTarget: TargetA, ruleInfo: ["RegisterExecutionPolicyException", "/private/var/folders/xr/m5_5rlsd6l9fk2w4ngj13k6m0000gn/T/swbuild.tmp.Qwrkh9On/Data.noindex/Test/aProject/build/Debug/TargetA.framework"]), Task(forTarget: TargetA, ruleInfo: ["Copy", "/private/var/folders/xr/m5_5rlsd6l9fk2w4ngj13k6m0000gn/T/swbuild.tmp.Qwrkh9On/Data.noindex/Test/aProject/build/Debug/TargetA.framework/Versions/A/Modules/TargetA.swiftmodule/Project/x86_64-apple-macos.swiftsourceinfo", "/private/var/folders/xr/m5_5rlsd6l9fk2w4ngj13k6m0000gn/T/swbuild.tmp.Qwrkh9On/Data.noindex/Test/aProject/build/aProject.build/Debug/TargetA.build/Objects-normal/x86_64/TargetA.swiftsourceinfo"]), Task(forTarget: <none>, ruleInfo: ["Gate", "target-TargetB-T-TargetB-21793--copy-headers-completion"]), Task(forTarget: <none>, ruleInfo: ["Gate", "target-TargetB-T-TargetB-21793--TestEntryPointTaskProducerFactory"]), Task(forTarget: TargetA, ruleInfo: ["Gate", "target-TargetA-T-TargetA-21785--immediate"]), Task(forTarget: <none>, ruleInfo: ["Gate", "target-TargetA-T-TargetA-21785--Barrier-RegisterProduct"]), Task(forTarget: <none>, ruleInfo: ["Gate", "target-TargetB-T-TargetB-21793--Barrier-Validate"]), Task(forTarget: TargetB, ruleInfo: ["Copy", "/private/var/folders/xr/m5_5rlsd6l9fk2w4ngj13k6m0000gn/T/swbuild.tmp.Qwrkh9On/Data.noindex/Test/aProject/build/Debug/TargetB.framework/Versions/A/Modules/TargetB.swiftmodule/x86_64-apple-macos.swiftmodule", "/private/var/folders/xr/m5_5rlsd6l9fk2w4ngj13k6m0000gn/T/swbuild.tmp.Qwrkh9On/Data.noindex/Test/aProject/build/aProject.build/Debug/TargetB.build/Objects-normal/x86_64/TargetB.swiftmodule"]), Task(forTarget: TargetB, ruleInfo: ["WriteAuxiliaryFile", "/private/var/folders/xr/m5_5rlsd6l9fk2w4ngj13k6m0000gn/T/swbuild.tmp.Qwrkh9On/Data.noindex/Test/aProject/build/aProject.build/Debug/TargetB.build/TargetB-generated-files.hmap"]), Task(forTarget: TargetA, ruleInfo: ["Gate", "target-TargetA-T-TargetA-21785--begin-compiling"]), Task(forTarget: TargetA, ruleInfo: ["WriteAuxiliaryFile", "/private/var/folders/xr/m5_5rlsd6l9fk2w4ngj13k6m0000gn/T/swbuild.tmp.Qwrkh9On/Data.noindex/Test/aProject/build/aProject.build/Debug/TargetA.build/TargetA.hmap"]), Task(forTarget: TargetA, ruleInfo: ["SwiftEmitModule", "normal", "x86_64", "Emitting module for TargetA"]), Task(forTarget: TargetB, ruleInfo: ["Gate", "target-TargetB-T-TargetB-21793--begin-compiling"]), Task(forTarget: <none>, ruleInfo: ["Gate", "target-TargetB-T-TargetB-21793--SwiftPackageCopyFilesTaskProducer"]), Task(forTarget: <none>, ruleInfo: ["Gate", "target-TargetA-T-TargetA-21785--SanitizerTaskProducer"]), Task(forTarget: TargetA, ruleInfo: ["WriteAuxiliaryFile", "/private/var/folders/xr/m5_5rlsd6l9fk2w4ngj13k6m0000gn/T/swbuild.tmp.Qwrkh9On/Data.noindex/Test/aProject/build/aProject.build/Debug/TargetA.build/TargetA-own-target-headers.hmap"]), Task(forTarget: TargetA, ruleInfo: ["WriteAuxiliaryFile", "/private/var/folders/xr/m5_5rlsd6l9fk2w4ngj13k6m0000gn/T/swbuild.tmp.Qwrkh9On/Data.noindex/Test/aProject/build/aProject.build/Debug/TargetA.build/Objects-normal/x86_64/TargetA.LinkFileList"]), Task(forTarget: TargetA, ruleInfo: ["SwiftCompile", "normal", "x86_64", "Compiling fileA1.swift", "/private/var/folders/xr/m5_5rlsd6l9fk2w4ngj13k6m0000gn/T/swbuild.tmp.Qwrkh9On/Data.noindex/Test/aProject/Sources/fileA1.swift"])]
↳ Occasionally fails in CI due to SwiftExplicitDependencyCompileModuleFromInterface missing from the dependency graph
━ Test swiftEagerCompilationWithExplicitModules() recorded a known issue at SwiftDriverTests.swift:3600:55: Issue recorded
↳ Task Task(forTarget: TargetB, ruleInfo: ["SwiftEmitModule", "normal", "x86_64", "Emitting module for TargetB"]) does not follow any tasks matching [Rule matches [SWBTestSupport.StringPattern.equal("SwiftExplicitDependencyGeneratePcm"), SWBTestSupport.StringPattern.equal("normal"), SWBTestSupport.StringPattern.equal("x86_64"), SWBTestSupport.StringPattern.contains("_SwiftConcurrencyShims-")]]. Found: [] in [Task(forTarget: TargetA, ruleInfo: ["Ld", "/private/var/folders/xr/m5_5rlsd6l9fk2w4ngj13k6m0000gn/T/swbuild.tmp.Qwrkh9On/Data.noindex/Test/aProject/build/Debug/TargetA.framework/Versions/A/TargetA", "normal"]), Task(forTarget: <none>, ruleInfo: ["Gate", "target-TargetA-T-TargetA-21785--Barrier-RegisterExecutionPolicyException"]), Task(forTarget: TargetA, ruleInfo: ["MkDir", "/private/var/folders/xr/m5_5rlsd6l9fk2w4ngj13k6m0000gn/T/swbuild.tmp.Qwrkh9On/Data.noindex/Test/aProject/build/Debug/TargetA.framework/Versions"]), Task(forTarget: TargetA, ruleInfo: ["SymLink", "/private/var/folders/xr/m5_5rlsd6l9fk2w4ngj13k6m0000gn/T/swbuild.tmp.Qwrkh9On/Data.noindex/Test/aProject/build/EagerLinkingTBDs/Debug/TargetA.framework/TargetA.tbd", "/private/var/folders/xr/m5_5rlsd6l9fk2w4ngj13k6m0000gn/T/swbuild.tmp.Qwrkh9On/Data.noindex/Test/aProject/build/EagerLinkingTBDs/Debug/TargetA.framework/Versions/A/TargetA.tbd"]), Task(forTarget: <none>, ruleInfo: ["Gate", "target-TargetB-T-TargetB-21793--GeneratedFilesTaskProducer"]), Task(forTarget: TargetA, ruleInfo: ["ExtractAppIntentsMetadata"]), Task(forTarget: TargetB, ruleInfo: ["MkDir", "/private/var/folders/xr/m5_5rlsd6l9fk2w4ngj13k6m0000gn/T/swbuild.tmp.Qwrkh9On/Data.noindex/Test/aProject/build/Debug/TargetB.framework/Versions/A/Headers"]), Task(forTarget: <none>, ruleInfo: ["Gate", "target-TargetA-T-TargetA-21785--Barrier-StripSymbols"]), Task(forTarget: TargetB, ruleInfo: ["SwiftDriver Compilation", "TargetB", "normal", "x86_64", "com.apple.xcode.tools.swift.compiler"]), Task(forTarget: TargetB, ruleInfo: ["WriteAuxiliaryFile", "/private/var/folders/xr/m5_5rlsd6l9fk2w4ngj13k6m0000gn/T/swbuild.tmp.Qwrkh9On/Data.noindex/Test/aProject/build/aProject.build/Debug/TargetB.build/Objects-normal/x86_64/TargetB.SwiftConstValuesFileList"]), Task(forTarget: <none>, ruleInfo: ["Gate", "target-TargetB-T-TargetB-21793--TAPISymbolExtractorTaskProducer"]), Task(forTarget: <none>, ruleInfo: ["Gate", "target-TargetB-T-TargetB-21793--swift-generated-headers"]), Task(forTarget: <none>, ruleInfo: ["Gate", "target-TargetB-T-TargetB-21793--ProductPostprocessingTaskProducer"]), Task(forTarget: <none>, ruleInfo: ["Gate", "target-TargetB-T-TargetB-21793--RealityAssetsTaskProducer"]), Task(forTarget: <none>, ruleInfo: ["Gate", "target-TargetA-T-TargetA-21785--Barrier-CopyAside"]), Task(forTarget: <none>, ruleInfo: ["SwiftExplicitDependencyGeneratePcm", "x86_64", "/private/var/folders/xr/m5_5rlsd6l9fk2w4ngj13k6m0000gn/T/swbuild.tmp.Qwrkh9On/Data.noindex/Test/aProject/build/SwiftExplicitPrecompiledModules/SwiftShims-E7NR5GGR9Z7GY7PSRPSK1C6L1.pcm"]), Task(forTarget: TargetA, ruleInfo: ["Copy", "/private/var/folders/xr/m5_5rlsd6l9fk2w4ngj13k6m0000gn/T/swbuild.tmp.Qwrkh9On/Data.noindex/Test/aProject/build/Debug/TargetA.framework/Versions/A/Modules/TargetA.swiftmodule/x86_64-apple-macos.swiftdoc", "/private/var/folders/xr/m5_5rlsd6l9fk2w4ngj13k6m0000gn/T/swbuild.tmp.Qwrkh9On/Data.noindex/Test/aProject/build/aProject.build/Debug/TargetA.build/Objects-normal/x86_64/TargetA.swiftdoc"]), Task(forTarget: TargetB, ruleInfo: ["Gate", "target-TargetB-T-TargetB-21793--begin-scanning"]), Task(forTarget: <none>, ruleInfo: ["Gate", "target-TargetB-T-TargetB-21793--ModuleVerifierTaskProducer"]), Task(forTarget: TargetA, ruleInfo: ["SymLink", "/private/var/folders/xr/m5_5rlsd6l9fk2w4ngj13k6m0000gn/T/swbuild.tmp.Qwrkh9On/Data.noindex/Test/aProject/build/Debug/TargetA.framework/Headers", "Versions/Current/Headers"]), Task(forTarget: TargetB, ruleInfo: ["SwiftCompile", "normal", "x86_64", "Compiling fileB2.swift", "/private/var/folders/xr/m5_5rlsd6l9fk2w4ngj13k6m0000gn/T/swbuild.tmp.Qwrkh9On/Data.noindex/Test/aProject/Sources/fileB2.swift"]), Task(forTarget: TargetB, ruleInfo: ["Gate", "target-TargetB-T-TargetB-21793--linker-inputs-ready"]), Task(forTarget: <none>, ruleInfo: ["Gate", "target-TargetA-T-TargetA-21785--Barrier-ChangePermissions"]), Task(forTarget: TargetA, ruleInfo: ["WriteAuxiliaryFile", "/private/var/folders/xr/m5_5rlsd6l9fk2w4ngj13k6m0000gn/T/swbuild.tmp.Qwrkh9On/Data.noindex/Test/aProject/build/aProject.build/Debug/TargetA.build/TargetA-all-target-headers.hmap"]), Task(forTarget: TargetA, ruleInfo: ["SwiftDriver Compilation Requirements", "TargetA", "normal", "x86_64", "com.apple.xcode.tools.swift.compiler"]), Task(forTarget: TargetA, ruleInfo: ["WriteAuxiliaryFile", "/private/var/folders/xr/m5_5rlsd6l9fk2w4ngj13k6m0000gn/T/swbuild.tmp.Qwrkh9On/Data.noindex/Test/aProject/build/aProject.build/Debug/TargetA.build/Objects-normal/x86_64/TargetA_const_extract_protocols.json"]), Task(forTarget: TargetA, ruleInfo: ["Gate", "target-TargetA-T-TargetA-21785--entry"]), Task(forTarget: TargetA, ruleInfo: ["WriteAuxiliaryFile", "/private/var/folders/xr/m5_5rlsd6l9fk2w4ngj13k6m0000gn/T/swbuild.tmp.Qwrkh9On/Data.noindex/Test/aProject/build/aProject.build/Debug/TargetA.build/TargetA.DependencyMetadataFileList"]), Task(forTarget: TargetA, ruleInfo: ["Copy", "/private/var/folders/xr/m5_5rlsd6l9fk2w4ngj13k6m0000gn/T/swbuild.tmp.Qwrkh9On/Data.noindex/Test/aProject/build/Debug/TargetA.framework/Versions/A/Modules/TargetA.swiftmodule/x86_64-apple-macos.swiftmodule", "/private/var/folders/xr/m5_5rlsd6l9fk2w4ngj13k6m0000gn/T/swbuild.tmp.Qwrkh9On/Data.noindex/Test/aProject/build/aProject.build/Debug/TargetA.build/Objects-normal/x86_64/TargetA.swiftmodule"]), Task(forTarget: <none>, ruleInfo: ["Gate", "target-TargetB-T-TargetB-21793--Barrier-RegisterProduct"]), Task(forTarget: TargetB, ruleInfo: ["SwiftDriver Compilation Requirements", "TargetB", "normal", "x86_64", "com.apple.xcode.tools.swift.compiler"]), Task(forTarget: <none>, ruleInfo: ["Gate", "target-TargetB-T-TargetB-21793--StubBinaryTaskProducer"]), Task(forTarget: TargetB, ruleInfo: ["Gate", "target-TargetB-T-TargetB-21793--entry"]), Task(forTarget: <none>, ruleInfo: ["SwiftExplicitDependencyCompileModuleFromInterface", "x86_64", "/private/var/folders/xr/m5_5rlsd6l9fk2w4ngj13k6m0000gn/T/swbuild.tmp.Qwrkh9On/Data.noindex/Test/aProject/build/SwiftExplicitPrecompiledModules/Swift-1039YR9EBE61.swiftmodule"]), Task(forTarget: <none>, ruleInfo: ["Gate", "target-TargetB-T-TargetB-21793--GenerateAppPlaygroundAssetCatalogTaskProducer"]), Task(forTarget: TargetB, ruleInfo: ["Gate", "target-TargetB-T-TargetB-21793--begin-linking"]), Task(forTarget: TargetA, ruleInfo: ["WriteAuxiliaryFile", "/private/var/folders/xr/m5_5rlsd6l9fk2w4ngj13k6m0000gn/T/swbuild.tmp.Qwrkh9On/Data.noindex/Test/aProject/build/aProject.build/Debug/TargetA.build/Objects-normal/x86_64/TargetA-OutputFileMap.json"]), Task(forTarget: TargetB, ruleInfo: ["WriteAuxiliaryFile", "/private/var/folders/xr/m5_5rlsd6l9fk2w4ngj13k6m0000gn/T/swbuild.tmp.Qwrkh9On/Data.noindex/Test/aProject/build/aProject.build/Debug/TargetB.build/TargetB.DependencyMetadataFileList"]), Task(forTarget: TargetB, ruleInfo: ["WriteAuxiliaryFile", "/private/var/folders/xr/m5_5rlsd6l9fk2w4ngj13k6m0000gn/T/swbuild.tmp.Qwrkh9On/Data.noindex/Test/aProject/build/aProject.build/Debug/TargetB.build/TargetB.hmap"]), Task(forTarget: <none>, ruleInfo: ["CreateBuildDirectory", "/private/var/folders/xr/m5_5rlsd6l9fk2w4ngj13k6m0000gn/T/swbuild.tmp.Qwrkh9On/Data.noindex/Test/aProject/build/SharedPrecompiledHeaders"]), Task(forTarget: TargetA, ruleInfo: ["Gate", "target-TargetA-T-TargetA-21785--unsigned-product-ready"]), Task(forTarget: TargetA, ruleInfo: ["Gate", "target-TargetA-T-TargetA-21785--will-sign"]), Task(forTarget: TargetB, ruleInfo: ["Copy", "/private/var/folders/xr/m5_5rlsd6l9fk2w4ngj13k6m0000gn/T/swbuild.tmp.Qwrkh9On/Data.noindex/Test/aProject/build/Debug/TargetB.framework/Versions/A/Modules/TargetB.swiftmodule/Project/x86_64-apple-macos.swiftsourceinfo", "/private/var/folders/xr/m5_5rlsd6l9fk2w4ngj13k6m0000gn/T/swbuild.tmp.Qwrkh9On/Data.noindex/Test/aProject/build/aProject.build/Debug/TargetB.build/Objects-normal/x86_64/TargetB.swiftsourceinfo"]), Task(forTarget: TargetA, ruleInfo: ["WriteAuxiliaryFile", "/private/var/folders/xr/m5_5rlsd6l9fk2w4ngj13k6m0000gn/T/swbuild.tmp.Qwrkh9On/Data.noindex/Test/aProject/build/aProject.build/Debug/TargetA.build/TargetA-generated-files.hmap"]), Task(forTarget: TargetA, ruleInfo: ["Gate", "target-TargetA-T-TargetA-21785--linker-inputs-ready"]), Task(forTarget: <none>, ruleInfo: ["Gate", "target-TargetB-T-TargetB-21793--Barrier-GenerateStubAPI"]), Task(forTarget: <none>, ruleInfo: ["Gate", "target-TargetA-T-TargetA-21785--ModuleVerifierTaskProducer"]), Task(forTarget: <none>, ruleInfo: ["Gate", "target-TargetB-T-TargetB-21793--SwiftFrameworkABICheckerTaskProducer"]), Task(forTarget: TargetB, ruleInfo: ["Gate", "target-TargetB-T-TargetB-21793--end"]), Task(forTarget: TargetB, ruleInfo: ["WriteAuxiliaryFile", "/private/var/folders/xr/m5_5rlsd6l9fk2w4ngj13k6m0000gn/T/swbuild.tmp.Qwrkh9On/Data.noindex/Test/aProject/build/aProject.build/Debug/TargetB.build/TargetB-all-target-headers.hmap"]), Task(forTarget: <none>, ruleInfo: ["SwiftExplicitDependencyGeneratePcm", "x86_64", "/private/var/folders/xr/m5_5rlsd6l9fk2w4ngj13k6m0000gn/T/swbuild.tmp.Qwrkh9On/Data.noindex/Test/aProject/build/SwiftExplicitPrecompiledModules/_SwiftConcurrencyShims-BUR8XM1R06AS02RWV63HPG1KR.pcm"]), Task(forTarget: <none>, ruleInfo: ["Gate", "target-TargetB-T-TargetB-21793--Barrier-ChangePermissions"]), Task(forTarget: <none>, ruleInfo: ["Gate", "target-TargetB-T-TargetB-21793--Barrier-CodeSign"]), Task(forTarget: TargetB, ruleInfo: ["Touch", "/private/var/folders/xr/m5_5rlsd6l9fk2w4ngj13k6m0000gn/T/swbuild.tmp.Qwrkh9On/Data.noindex/Test/aProject/build/Debug/TargetB.framework"]), Task(forTarget: <none>, ruleInfo: ["Gate", "target-TargetB-T-TargetB-21793--Barrier-StripSymbols"]), Task(forTarget: TargetB, ruleInfo: ["WriteAuxiliaryFile", "/private/var/folders/xr/m5_5rlsd6l9fk2w4ngj13k6m0000gn/T/swbuild.tmp.Qwrkh9On/Data.noindex/Test/aProject/build/aProject.build/Debug/TargetB.build/Objects-normal/x86_64/TargetB-OutputFileMap.json"]), Task(forTarget: TargetB, ruleInfo: ["GenerateTAPI", "/private/var/folders/xr/m5_5rlsd6l9fk2w4ngj13k6m0000gn/T/swbuild.tmp.Qwrkh9On/Data.noindex/Test/aProject/build/EagerLinkingTBDs/Debug/TargetB.framework/Versions/A/TargetB.tbd"]), Task(forTarget: TargetB, ruleInfo: ["SwiftEmitModule", "normal", "x86_64", "Emitting module for TargetB"]), Task(forTarget: TargetB, ruleInfo: ["MkDir", "/private/var/folders/xr/m5_5rlsd6l9fk2w4ngj13k6m0000gn/T/swbuild.tmp.Qwrkh9On/Data.noindex/Test/aProject/build/Debug/TargetB.framework/Versions"]), Task(forTarget: TargetA, ruleInfo: ["WriteAuxiliaryFile", "/private/var/folders/xr/m5_5rlsd6l9fk2w4ngj13k6m0000gn/T/swbuild.tmp.Qwrkh9On/Data.noindex/Test/aProject/build/aProject.build/Debug/TargetA.build/Objects-normal/x86_64/TargetA.SwiftFileList"]), Task(forTarget: TargetB, ruleInfo: ["ExtractAppIntentsMetadata"]), Task(forTarget: <none>, ruleInfo: ["Gate", "target-TargetB-T-TargetB-21793--ProductStructureTaskProducer"]), Task(forTarget: <none>, ruleInfo: ["Gate", "target-TargetB-T-TargetB-21793--HeadermapTaskProducer"]), Task(forTarget: <none>, ruleInfo: ["CreateBuildDirectory", "/private/var/folders/xr/m5_5rlsd6l9fk2w4ngj13k6m0000gn/T/swbuild.tmp.Qwrkh9On/Data.noindex/Test/aProject/build/Debug"]), Task(forTarget: TargetA, ruleInfo: ["WriteAuxiliaryFile", "/private/var/folders/xr/m5_5rlsd6l9fk2w4ngj13k6m0000gn/T/swbuild.tmp.Qwrkh9On/Data.noindex/Test/aProject/build/aProject.build/Debug/TargetA.build/TargetA.DependencyStaticMetadataFileList"]), Task(forTarget: <none>, ruleInfo: ["Gate", "target-TargetB-T-TargetB-21793--ExtensionPointExtractorTaskProducer"]), Task(forTarget: <none>, ruleInfo: ["Gate", "target-TargetB-T-TargetB-21793--SwiftStandardLibrariesTaskProducer"]), Task(forTarget: TargetA, ruleInfo: ["Copy", "/private/var/folders/xr/m5_5rlsd6l9fk2w4ngj13k6m0000gn/T/swbuild.tmp.Qwrkh9On/Data.noindex/Test/aProject/build/Debug/TargetA.framework/Versions/A/Modules/TargetA.swiftmodule/x86_64-apple-macos.abi.json", "/private/var/folders/xr/m5_5rlsd6l9fk2w4ngj13k6m0000gn/T/swbuild.tmp.Qwrkh9On/Data.noindex/Test/aProject/build/aProject.build/Debug/TargetA.build/Objects-normal/x86_64/TargetA.abi.json"]), Task(forTarget: <none>, ruleInfo: ["CreateBuildDirectory", "/private/var/folders/xr/m5_5rlsd6l9fk2w4ngj13k6m0000gn/T/swbuild.tmp.Qwrkh9On/Data.noindex/Test/aProject/build/ExplicitPrecompiledModules"]), Task(forTarget: TargetB, ruleInfo: ["Gate", "target-TargetB-T-TargetB-21793--immediate"]), Task(forTarget: <none>, ruleInfo: ["Gate", "target-TargetA-T-TargetA-21785--AppExtensionInfoPlistGeneratorTaskProducer"]), Task(forTarget: TargetB, ruleInfo: ["SymLink", "/private/var/folders/xr/m5_5rlsd6l9fk2w4ngj13k6m0000gn/T/swbuild.tmp.Qwrkh9On/Data.noindex/Test/aProject/build/Debug/TargetB.framework/Modules", "Versions/Current/Modules"]), Task(forTarget: <none>, ruleInfo: ["Gate", "target-TargetA-T-TargetA-21785--swift-generated-headers"]), Task(forTarget: <none>, ruleInfo: ["Gate", "target-TargetB-T-TargetB-21793--InfoPlistTaskProducer"]), Task(forTarget: <none>, ruleInfo: ["Gate", "target-TargetB-T-TargetB-21793--AppExtensionInfoPlistGeneratorTaskProducer"]), Task(forTarget: TargetB, ruleInfo: ["SwiftDriver", "TargetB", "normal", "x86_64", "com.apple.xcode.tools.swift.compiler"]), Task(forTarget: <none>, ruleInfo: ["Gate", "target-TargetA-T-TargetA-21785--CopySwiftPackageResourcesTaskProducer"]), Task(forTarget: <none>, ruleInfo: ["Gate", "target-TargetA-T-TargetA-21785--ProductStructureTaskProducer"]), Task(forTarget: TargetA, ruleInfo: ["SymLink", "/private/var/folders/xr/m5_5rlsd6l9fk2w4ngj13k6m0000gn/T/swbuild.tmp.Qwrkh9On/Data.noindex/Test/aProject/build/Debug/TargetA.framework/Versions/Current", "A"]), Task(forTarget: TargetA, ruleInfo: ["SwiftMergeGeneratedHeaders", "/private/var/folders/xr/m5_5rlsd6l9fk2w4ngj13k6m0000gn/T/swbuild.tmp.Qwrkh9On/Data.noindex/Test/aProject/build/Debug/TargetA.framework/Versions/A/Headers/TargetA-Swift.h", "/private/var/folders/xr/m5_5rlsd6l9fk2w4ngj13k6m0000gn/T/swbuild.tmp.Qwrkh9On/Data.noindex/Test/aProject/build/aProject.build/Debug/TargetA.build/Objects-normal/x86_64/TargetA-Swift.h"]), Task(forTarget: <none>, ruleInfo: ["Gate", "target-TargetA-T-TargetA-21785--ProductPostprocessingTaskProducer"]), Task(forTarget: TargetB, ruleInfo: ["Copy", "/private/var/folders/xr/m5_5rlsd6l9fk2w4ngj13k6m0000gn/T/swbuild.tmp.Qwrkh9On/Data.noindex/Test/aProject/build/Debug/TargetB.framework/Versions/A/Modules/TargetB.swiftmodule/x86_64-apple-macos.swiftdoc", "/private/var/folders/xr/m5_5rlsd6l9fk2w4ngj13k6m0000gn/T/swbuild.tmp.Qwrkh9On/Data.noindex/Test/aProject/build/aProject.build/Debug/TargetB.build/Objects-normal/x86_64/TargetB.swiftdoc"]), Task(forTarget: <none>, ruleInfo: ["Gate", "target-TargetA-T-TargetA-21785--DocumentationTaskProducer"]), Task(forTarget: TargetB, ruleInfo: ["SymLink", "/private/var/folders/xr/m5_5rlsd6l9fk2w4ngj13k6m0000gn/T/swbuild.tmp.Qwrkh9On/Data.noindex/Test/aProject/build/Debug/TargetB.framework/Versions/Current", "A"]), Task(forTarget: <none>, ruleInfo: ["Gate", "target-TargetA-T-TargetA-21785--InfoPlistTaskProducer"]), Task(forTarget: <none>, ruleInfo: ["CreateBuildDirectory", "/private/var/folders/xr/m5_5rlsd6l9fk2w4ngj13k6m0000gn/T/swbuild.tmp.Qwrkh9On/Data.noindex/Test/aProject/build"]), Task(forTarget: <none>, ruleInfo: ["Gate", "target-TargetA-T-TargetA-21785--SwiftABIBaselineGenerationTaskProducer"]), Task(forTarget: TargetA, ruleInfo: ["SwiftDriver Compilation", "TargetA", "normal", "x86_64", "com.apple.xcode.tools.swift.compiler"]), Task(forTarget: TargetB, ruleInfo: ["SwiftMergeGeneratedHeaders", "/private/var/folders/xr/m5_5rlsd6l9fk2w4ngj13k6m0000gn/T/swbuild.tmp.Qwrkh9On/Data.noindex/Test/aProject/build/Debug/TargetB.framework/Versions/A/Headers/TargetB-Swift.h", "/private/var/folders/xr/m5_5rlsd6l9fk2w4ngj13k6m0000gn/T/swbuild.tmp.Qwrkh9On/Data.noindex/Test/aProject/build/aProject.build/Debug/TargetB.build/Objects-normal/x86_64/TargetB-Swift.h"]), Task(forTarget: TargetB, ruleInfo: ["Ld", "/private/var/folders/xr/m5_5rlsd6l9fk2w4ngj13k6m0000gn/T/swbuild.tmp.Qwrkh9On/Data.noindex/Test/aProject/build/Debug/TargetB.framework/Versions/A/TargetB", "normal"]), Task(forTarget: TargetB, ruleInfo: ["WriteAuxiliaryFile", "/private/var/folders/xr/m5_5rlsd6l9fk2w4ngj13k6m0000gn/T/swbuild.tmp.Qwrkh9On/Data.noindex/Test/aProject/build/aProject.build/Debug/TargetB.build/TargetB-all-non-framework-target-headers.hmap"]), Task(forTarget: <none>, ruleInfo: ["Gate", "target-TargetA-T-TargetA-21785--TAPISymbolExtractorTaskProducer"]), Task(forTarget: <none>, ruleInfo: ["SwiftExplicitDependencyCompileModuleFromInterface", "x86_64", "/private/var/folders/xr/m5_5rlsd6l9fk2w4ngj13k6m0000gn/T/swbuild.tmp.Qwrkh9On/Data.noindex/Test/aProject/build/SwiftExplicitPrecompiledModules/_Concurrency-2W8LU3DF58RLX.swiftmodule"]), Task(forTarget: <none>, ruleInfo: ["Gate", "target-TargetB-T-TargetB-21793--Barrier-ChangeAlternatePermissions"]), Task(forTarget: <none>, ruleInfo: ["Gate", "target-TargetA-T-TargetA-21785--SwiftPackageCopyFilesTaskProducer"]), Task(forTarget: <none>, ruleInfo: ["Gate", "target-TargetA-T-TargetA-21785--copy-headers-completion"]), Task(forTarget: <none>, ruleInfo: ["Gate", "WorkspaceHeaderMapVFSFilesWritten"]), Task(forTarget: TargetA, ruleInfo: ["Gate", "target-TargetA-T-TargetA-21785--modules-ready"]), Task(forTarget: <none>, ruleInfo: ["Gate", "target-TargetB-T-TargetB-21793--SanitizerTaskProducer"]), Task(forTarget: <none>, ruleInfo: ["Gate", "target-TargetA-T-TargetA-21785--Barrier-ChangeAlternatePermissions"]), Task(forTarget: TargetB, ruleInfo: ["SymLink", "/private/var/folders/xr/m5_5rlsd6l9fk2w4ngj13k6m0000gn/T/swbuild.tmp.Qwrkh9On/Data.noindex/Test/aProject/build/Debug/TargetB.framework/Headers", "Versions/Current/Headers"]), Task(forTarget: <none>, ruleInfo: ["CreateBuildDirectory", "/var/folders/xr/m5_5rlsd6l9fk2w4ngj13k6m0000gn/C/com.apple.DeveloperTools/26.4.1-17E202/Xcode/CompilationCache.noindex"]), Task(forTarget: <none>, ruleInfo: ["Gate", "target-TargetA-T-TargetA-21785--CustomTaskProducer"]), Task(forTarget: <none>, ruleInfo: ["Gate", "target-TargetA-T-TargetA-21785--AppIntentsMetadataTaskProducer"]), Task(forTarget: TargetB, ruleInfo: ["Copy", "/private/var/folders/xr/m5_5rlsd6l9fk2w4ngj13k6m0000gn/T/swbuild.tmp.Qwrkh9On/Data.noindex/Test/aProject/build/Debug/TargetB.framework/Versions/A/Modules/TargetB.swiftmodule/x86_64-apple-macos.abi.json", "/private/var/folders/xr/m5_5rlsd6l9fk2w4ngj13k6m0000gn/T/swbuild.tmp.Qwrkh9On/Data.noindex/Test/aProject/build/aProject.build/Debug/TargetB.build/Objects-normal/x86_64/TargetB.abi.json"]), Task(forTarget: <none>, ruleInfo: ["Gate", "target-TargetA-T-TargetA-21785--TestHostTaskProducer"]), Task(forTarget: TargetB, ruleInfo: ["WriteAuxiliaryFile", "/private/var/folders/xr/m5_5rlsd6l9fk2w4ngj13k6m0000gn/T/swbuild.tmp.Qwrkh9On/Data.noindex/Test/aProject/build/aProject.build/Debug/TargetB.build/Objects-normal/x86_64/TargetB.LinkFileList"]), Task(forTarget: <none>, ruleInfo: ["Gate", "target-TargetA-T-TargetA-21785--TestTargetPostprocessingTaskProducer"]), Task(forTarget: <none>, ruleInfo: ["Gate", "target-TargetA-T-TargetA-21785--Barrier-GenerateStubAPI"]), Task(forTarget: TargetB, ruleInfo: ["Gate", "target-TargetB-T-TargetB-21793--will-sign"]), Task(forTarget: <none>, ruleInfo: ["Gate", "target-TargetA-T-TargetA-21785--generated-headers"]), Task(forTarget: <none>, ruleInfo: ["Gate", "target-TargetB-T-TargetB-21793--Barrier-RegisterExecutionPolicyException"]), Task(forTarget: TargetB, ruleInfo: ["SymLink", "/private/var/folders/xr/m5_5rlsd6l9fk2w4ngj13k6m0000gn/T/swbuild.tmp.Qwrkh9On/Data.noindex/Test/aProject/build/EagerLinkingTBDs/Debug/TargetB.framework/TargetB.tbd", "/private/var/folders/xr/m5_5rlsd6l9fk2w4ngj13k6m0000gn/T/swbuild.tmp.Qwrkh9On/Data.noindex/Test/aProject/build/EagerLinkingTBDs/Debug/TargetB.framework/Versions/A/TargetB.tbd"]), Task(forTarget: TargetB, ruleInfo: ["WriteAuxiliaryFile", "/private/var/folders/xr/m5_5rlsd6l9fk2w4ngj13k6m0000gn/T/swbuild.tmp.Qwrkh9On/Data.noindex/Test/aProject/build/aProject.build/Debug/TargetB.build/TargetB-own-target-headers.hmap"]), Task(forTarget: TargetB, ruleInfo: ["WriteAuxiliaryFile", "/private/var/folders/xr/m5_5rlsd6l9fk2w4ngj13k6m0000gn/T/swbuild.tmp.Qwrkh9On/Data.noindex/Test/aProject/build/aProject.build/Debug/TargetB.build/TargetB-project-headers.hmap"]), Task(forTarget: <none>, ruleInfo: ["Gate", "target-TargetB-T-TargetB-21793--DocumentationTaskProducer"]), Task(forTarget: <none>, ruleInfo: ["Gate", "target-TargetA-T-TargetA-21785--TestEntryPointTaskProducerFactory"]), Task(forTarget: <none>, ruleInfo: ["Gate", "target-TargetA-T-TargetA-21785--TestTargetTaskProducer"]), Task(forTarget: TargetA, ruleInfo: ["Touch", "/private/var/folders/xr/m5_5rlsd6l9fk2w4ngj13k6m0000gn/T/swbuild.tmp.Qwrkh9On/Data.noindex/Test/aProject/build/Debug/TargetA.framework"]), Task(forTarget: <none>, ruleInfo: ["Gate", "target-TargetA-T-TargetA-21785--HeadermapTaskProducer"]), Task(forTarget: <none>, ruleInfo: ["Gate", "target-TargetB-T-TargetB-21793--fused-phase0-compile-sources&link-binary"]), Task(forTarget: TargetB, ruleInfo: ["WriteAuxiliaryFile", "/private/var/folders/xr/m5_5rlsd6l9fk2w4ngj13k6m0000gn/T/swbuild.tmp.Qwrkh9On/Data.noindex/Test/aProject/build/aProject.build/Debug/TargetB.build/TargetB.DependencyStaticMetadataFileList"]), Task(forTarget: <none>, ruleInfo: ["Gate", "target-TargetB-T-TargetB-21793--TestTargetTaskProducer"]), Task(forTarget: <none>, ruleInfo: ["Gate", "target-TargetA-T-TargetA-21785--RealityAssetsTaskProducer"]), Task(forTarget: <none>, ruleInfo: ["Gate", "target-TargetB-T-TargetB-21793--CustomTaskProducer"]), Task(forTarget: TargetB, ruleInfo: ["RegisterExecutionPolicyException", "/private/var/folders/xr/m5_5rlsd6l9fk2w4ngj13k6m0000gn/T/swbuild.tmp.Qwrkh9On/Data.noindex/Test/aProject/build/Debug/TargetB.framework"]), Task(forTarget: TargetA, ruleInfo: ["WriteAuxiliaryFile", "/private/var/folders/xr/m5_5rlsd6l9fk2w4ngj13k6m0000gn/T/swbuild.tmp.Qwrkh9On/Data.noindex/Test/aProject/build/aProject.build/Debug/TargetA.build/TargetA-all-non-framework-target-headers.hmap"]), Task(forTarget: TargetB, ruleInfo: ["SwiftCompile", "normal", "x86_64", "Compiling fileB1.swift", "/private/var/folders/xr/m5_5rlsd6l9fk2w4ngj13k6m0000gn/T/swbuild.tmp.Qwrkh9On/Data.noindex/Test/aProject/Sources/fileB1.swift"]), Task(forTarget: <none>, ruleInfo: ["Gate", "target-TargetA-T-TargetA-21785--Barrier-CodeSign"]), Task(forTarget: <none>, ruleInfo: ["Gate", "target-TargetB-T-TargetB-21793--AppIntentsMetadataTaskProducer"]), Task(forTarget: TargetB, ruleInfo: ["Gate", "target-TargetB-T-TargetB-21793--unsigned-product-ready"]), Task(forTarget: TargetA, ruleInfo: ["SwiftDriver", "TargetA", "normal", "x86_64", "com.apple.xcode.tools.swift.compiler"]), Task(forTarget: TargetA, ruleInfo: ["Gate", "target-TargetA-T-TargetA-21785--end"]), Task(forTarget: TargetA, ruleInfo: ["Gate", "target-TargetA-T-TargetA-21785--begin-scanning"]), Task(forTarget: TargetB, ruleInfo: ["WriteAuxiliaryFile", "/private/var/folders/xr/m5_5rlsd6l9fk2w4ngj13k6m0000gn/T/swbuild.tmp.Qwrkh9On/Data.noindex/Test/aProject/build/aProject.build/Debug/TargetB.build/Objects-normal/x86_64/TargetB_const_extract_protocols.json"]), Task(forTarget: <none>, ruleInfo: ["Gate", "target-TargetA-T-TargetA-21785--StubBinaryTaskProducer"]), Task(forTarget: TargetB, ruleInfo: ["MkDir", "/private/var/folders/xr/m5_5rlsd6l9fk2w4ngj13k6m0000gn/T/swbuild.tmp.Qwrkh9On/Data.noindex/Test/aProject/build/Debug/TargetB.framework/Versions/A"]), Task(forTarget: TargetA, ruleInfo: ["SwiftCompile", "normal", "x86_64", "Compiling fileA2.swift", "/private/var/folders/xr/m5_5rlsd6l9fk2w4ngj13k6m0000gn/T/swbuild.tmp.Qwrkh9On/Data.noindex/Test/aProject/Sources/fileA2.swift"]), Task(forTarget: <none>, ruleInfo: ["Gate", "target-TargetA-T-TargetA-21785--fused-phase0-compile-sources"]), Task(forTarget: <none>, ruleInfo: ["Gate", "target-TargetA-T-TargetA-21785--ModuleMapTaskProducer"]), Task(forTarget: <none>, ruleInfo: ["Gate", "target-TargetA-T-TargetA-21785--GeneratedFilesTaskProducer"]), Task(forTarget: <none>, ruleInfo: ["Gate", "target-TargetA-T-TargetA-21785--SwiftStandardLibrariesTaskProducer"]), Task(forTarget: TargetA, ruleInfo: ["GenerateTAPI", "/private/var/folders/xr/m5_5rlsd6l9fk2w4ngj13k6m0000gn/T/swbuild.tmp.Qwrkh9On/Data.noindex/Test/aProject/build/EagerLinkingTBDs/Debug/TargetA.framework/Versions/A/TargetA.tbd"]), Task(forTarget: <none>, ruleInfo: ["Gate", "target-TargetA-T-TargetA-21785--Barrier-Validate"]), Task(forTarget: TargetB, ruleInfo: ["WriteAuxiliaryFile", "/private/var/folders/xr/m5_5rlsd6l9fk2w4ngj13k6m0000gn/T/swbuild.tmp.Qwrkh9On/Data.noindex/Test/aProject/build/aProject.build/Debug/TargetB.build/Objects-normal/x86_64/TargetB.SwiftFileList"]), Task(forTarget: TargetA, ruleInfo: ["MkDir", "/private/var/folders/xr/m5_5rlsd6l9fk2w4ngj13k6m0000gn/T/swbuild.tmp.Qwrkh9On/Data.noindex/Test/aProject/build/Debug/TargetA.framework"]), Task(forTarget: <none>, ruleInfo: ["Gate", "target-TargetA-T-TargetA-21785--ExtensionPointExtractorTaskProducer"]), Task(forTarget: TargetA, ruleInfo: ["SymLink", "/private/var/folders/xr/m5_5rlsd6l9fk2w4ngj13k6m0000gn/T/swbuild.tmp.Qwrkh9On/Data.noindex/Test/aProject/build/Debug/TargetA.framework/TargetA", "Versions/Current/TargetA"]), Task(forTarget: TargetA, ruleInfo: ["MkDir", "/private/var/folders/xr/m5_5rlsd6l9fk2w4ngj13k6m0000gn/T/swbuild.tmp.Qwrkh9On/Data.noindex/Test/aProject/build/Debug/TargetA.framework/Versions/A"]), Task(forTarget: <none>, ruleInfo: ["Gate", "target-TargetB-T-TargetB-21793--generated-headers"]), Task(forTarget: <none>, ruleInfo: ["Gate", "target-TargetA-T-TargetA-21785--SwiftFrameworkABICheckerTaskProducer"]), Task(forTarget: TargetB, ruleInfo: ["Gate", "target-TargetB-T-TargetB-21793--modules-ready"]), Task(forTarget: <none>, ruleInfo: ["ClangStatCache", "/Applications/Xcode17E.app/Contents/Developer/Toolchains/XcodeDefault.xctoolchain/usr/bin/clang-stat-cache", "/Applications/Xcode17E.app/Contents/Developer/Platforms/MacOSX.platform/Developer/SDKs/MacOSX26.4.sdk", "/private/var/folders/xr/m5_5rlsd6l9fk2w4ngj13k6m0000gn/T/swbuild.tmp.Qwrkh9On/Data.noindex/Test/SDKStatCaches.noindex/macosx26.4-25E260-95aa6cf8f3effd57bda17e0c125410c0.sdkstatcache"]), Task(forTarget: TargetB, ruleInfo: ["SymLink", "/private/var/folders/xr/m5_5rlsd6l9fk2w4ngj13k6m0000gn/T/swbuild.tmp.Qwrkh9On/Data.noindex/Test/aProject/build/Debug/TargetB.framework/TargetB", "Versions/Current/TargetB"]), Task(forTarget: TargetA, ruleInfo: ["MkDir", "/private/var/folders/xr/m5_5rlsd6l9fk2w4ngj13k6m0000gn/T/swbuild.tmp.Qwrkh9On/Data.noindex/Test/aProject/build/Debug/TargetA.framework/Versions/A/Headers"]), Task(forTarget: <none>, ruleInfo: ["Gate", "target-TargetB-T-TargetB-21793--TestHostTaskProducer"]), Task(forTarget: TargetA, ruleInfo: ["Gate", "target-TargetA-T-TargetA-21785--begin-linking"]), Task(forTarget: <none>, ruleInfo: ["Gate", "target-TargetB-T-TargetB-21793--ModuleMapTaskProducer"]), Task(forTarget: <none>, ruleInfo: ["CreateBuildDirectory", "/private/var/folders/xr/m5_5rlsd6l9fk2w4ngj13k6m0000gn/T/swbuild.tmp.Qwrkh9On/Data.noindex/Test/aProject/build/SwiftExplicitPrecompiledModules"]), Task(forTarget: <none>, ruleInfo: ["Gate", "target-TargetB-T-TargetB-21793--SwiftABIBaselineGenerationTaskProducer"]), Task(forTarget: <none>, ruleInfo: ["Gate", "target-TargetB-T-TargetB-21793--TestTargetPostprocessingTaskProducer"]), Task(forTarget: <none>, ruleInfo: ["CreateBuildDirectory", "/private/var/folders/xr/m5_5rlsd6l9fk2w4ngj13k6m0000gn/T/swbuild.tmp.Qwrkh9On/Data.noindex/Test/aProject/build/EagerLinkingTBDs/Debug"]), Task(forTarget: TargetA, ruleInfo: ["WriteAuxiliaryFile", "/private/var/folders/xr/m5_5rlsd6l9fk2w4ngj13k6m0000gn/T/swbuild.tmp.Qwrkh9On/Data.noindex/Test/aProject/build/aProject.build/Debug/TargetA.build/Objects-normal/x86_64/TargetA.SwiftConstValuesFileList"]), Task(forTarget: <none>, ruleInfo: ["Gate", "target-TargetA-T-TargetA-21785--GenerateAppPlaygroundAssetCatalogTaskProducer"]), Task(forTarget: <none>, ruleInfo: ["WriteAuxiliaryFile", "/private/var/folders/xr/m5_5rlsd6l9fk2w4ngj13k6m0000gn/T/swbuild.tmp.Qwrkh9On/Data.noindex/Test/aProject/build/aProject.build/Debug/aProject-P21796-VFS/all-product-headers.yaml"]), Task(forTarget: <none>, ruleInfo: ["Gate", "target-TargetB-T-TargetB-21793--CopySwiftPackageResourcesTaskProducer"]), Task(forTarget: <none>, ruleInfo: ["Gate", "target-TargetB-T-TargetB-21793--Barrier-CopyAside"]), Task(forTarget: TargetA, ruleInfo: ["WriteAuxiliaryFile", "/private/var/folders/xr/m5_5rlsd6l9fk2w4ngj13k6m0000gn/T/swbuild.tmp.Qwrkh9On/Data.noindex/Test/aProject/build/aProject.build/Debug/TargetA.build/TargetA-project-headers.hmap"]), Task(forTarget: TargetB, ruleInfo: ["MkDir", "/private/var/folders/xr/m5_5rlsd6l9fk2w4ngj13k6m0000gn/T/swbuild.tmp.Qwrkh9On/Data.noindex/Test/aProject/build/Debug/TargetB.framework"]), Task(forTarget: TargetA, ruleInfo: ["SymLink", "/private/var/folders/xr/m5_5rlsd6l9fk2w4ngj13k6m0000gn/T/swbuild.tmp.Qwrkh9On/Data.noindex/Test/aProject/build/Debug/TargetA.framework/Modules", "Versions/Current/Modules"]), Task(forTarget: <none>, ruleInfo: ["SwiftExplicitDependencyCompileModuleFromInterface", "x86_64", "/private/var/folders/xr/m5_5rlsd6l9fk2w4ngj13k6m0000gn/T/swbuild.tmp.Qwrkh9On/Data.noindex/Test/aProject/build/SwiftExplicitPrecompiledModules/_StringProcessing-13GX4EAKQZW8B.swiftmodule"]), Task(forTarget: TargetA, ruleInfo: ["RegisterExecutionPolicyException", "/private/var/folders/xr/m5_5rlsd6l9fk2w4ngj13k6m0000gn/T/swbuild.tmp.Qwrkh9On/Data.noindex/Test/aProject/build/Debug/TargetA.framework"]), Task(forTarget: TargetA, ruleInfo: ["Copy", "/private/var/folders/xr/m5_5rlsd6l9fk2w4ngj13k6m0000gn/T/swbuild.tmp.Qwrkh9On/Data.noindex/Test/aProject/build/Debug/TargetA.framework/Versions/A/Modules/TargetA.swiftmodule/Project/x86_64-apple-macos.swiftsourceinfo", "/private/var/folders/xr/m5_5rlsd6l9fk2w4ngj13k6m0000gn/T/swbuild.tmp.Qwrkh9On/Data.noindex/Test/aProject/build/aProject.build/Debug/TargetA.build/Objects-normal/x86_64/TargetA.swiftsourceinfo"]), Task(forTarget: <none>, ruleInfo: ["Gate", "target-TargetB-T-TargetB-21793--copy-headers-completion"]), Task(forTarget: <none>, ruleInfo: ["Gate", "target-TargetB-T-TargetB-21793--TestEntryPointTaskProducerFactory"]), Task(forTarget: TargetA, ruleInfo: ["Gate", "target-TargetA-T-TargetA-21785--immediate"]), Task(forTarget: <none>, ruleInfo: ["Gate", "target-TargetA-T-TargetA-21785--Barrier-RegisterProduct"]), Task(forTarget: <none>, ruleInfo: ["Gate", "target-TargetB-T-TargetB-21793--Barrier-Validate"]), Task(forTarget: TargetB, ruleInfo: ["Copy", "/private/var/folders/xr/m5_5rlsd6l9fk2w4ngj13k6m0000gn/T/swbuild.tmp.Qwrkh9On/Data.noindex/Test/aProject/build/Debug/TargetB.framework/Versions/A/Modules/TargetB.swiftmodule/x86_64-apple-macos.swiftmodule", "/private/var/folders/xr/m5_5rlsd6l9fk2w4ngj13k6m0000gn/T/swbuild.tmp.Qwrkh9On/Data.noindex/Test/aProject/build/aProject.build/Debug/TargetB.build/Objects-normal/x86_64/TargetB.swiftmodule"]), Task(forTarget: TargetB, ruleInfo: ["WriteAuxiliaryFile", "/private/var/folders/xr/m5_5rlsd6l9fk2w4ngj13k6m0000gn/T/swbuild.tmp.Qwrkh9On/Data.noindex/Test/aProject/build/aProject.build/Debug/TargetB.build/TargetB-generated-files.hmap"]), Task(forTarget: TargetA, ruleInfo: ["Gate", "target-TargetA-T-TargetA-21785--begin-compiling"]), Task(forTarget: TargetA, ruleInfo: ["WriteAuxiliaryFile", "/private/var/folders/xr/m5_5rlsd6l9fk2w4ngj13k6m0000gn/T/swbuild.tmp.Qwrkh9On/Data.noindex/Test/aProject/build/aProject.build/Debug/TargetA.build/TargetA.hmap"]), Task(forTarget: TargetA, ruleInfo: ["SwiftEmitModule", "normal", "x86_64", "Emitting module for TargetA"]), Task(forTarget: TargetB, ruleInfo: ["Gate", "target-TargetB-T-TargetB-21793--begin-compiling"]), Task(forTarget: <none>, ruleInfo: ["Gate", "target-TargetB-T-TargetB-21793--SwiftPackageCopyFilesTaskProducer"]), Task(forTarget: <none>, ruleInfo: ["Gate", "target-TargetA-T-TargetA-21785--SanitizerTaskProducer"]), Task(forTarget: TargetA, ruleInfo: ["WriteAuxiliaryFile", "/private/var/folders/xr/m5_5rlsd6l9fk2w4ngj13k6m0000gn/T/swbuild.tmp.Qwrkh9On/Data.noindex/Test/aProject/build/aProject.build/Debug/TargetA.build/TargetA-own-target-headers.hmap"]), Task(forTarget: TargetA, ruleInfo: ["WriteAuxiliaryFile", "/private/var/folders/xr/m5_5rlsd6l9fk2w4ngj13k6m0000gn/T/swbuild.tmp.Qwrkh9On/Data.noindex/Test/aProject/build/aProject.build/Debug/TargetA.build/Objects-normal/x86_64/TargetA.LinkFileList"]), Task(forTarget: TargetA, ruleInfo: ["SwiftCompile", "normal", "x86_64", "Compiling fileA1.swift", "/private/var/folders/xr/m5_5rlsd6l9fk2w4ngj13k6m0000gn/T/swbuild.tmp.Qwrkh9On/Data.noindex/Test/aProject/Sources/fileA1.swift"])]
↳ Occasionally fails in CI due to SwiftExplicitDependencyCompileModuleFromInterface missing from the dependency graph
━ Test swiftEagerCompilationWithExplicitModules() recorded a known issue at SwiftDriverTests.swift:3601:55: Issue recorded
↳ Task Task(forTarget: TargetB, ruleInfo: ["SwiftEmitModule", "normal", "x86_64", "Emitting module for TargetB"]) does not follow any tasks matching [Rule matches [SWBTestSupport.StringPattern.equal("SwiftExplicitDependencyGeneratePcm"), SWBTestSupport.StringPattern.equal("normal"), SWBTestSupport.StringPattern.equal("x86_64"), SWBTestSupport.StringPattern.contains("SwiftShims-")]]. Found: [] in [Task(forTarget: TargetA, ruleInfo: ["Ld", "/private/var/folders/xr/m5_5rlsd6l9fk2w4ngj13k6m0000gn/T/swbuild.tmp.Qwrkh9On/Data.noindex/Test/aProject/build/Debug/TargetA.framework/Versions/A/TargetA", "normal"]), Task(forTarget: <none>, ruleInfo: ["Gate", "target-TargetA-T-TargetA-21785--Barrier-RegisterExecutionPolicyException"]), Task(forTarget: TargetA, ruleInfo: ["MkDir", "/private/var/folders/xr/m5_5rlsd6l9fk2w4ngj13k6m0000gn/T/swbuild.tmp.Qwrkh9On/Data.noindex/Test/aProject/build/Debug/TargetA.framework/Versions"]), Task(forTarget: TargetA, ruleInfo: ["SymLink", "/private/var/folders/xr/m5_5rlsd6l9fk2w4ngj13k6m0000gn/T/swbuild.tmp.Qwrkh9On/Data.noindex/Test/aProject/build/EagerLinkingTBDs/Debug/TargetA.framework/TargetA.tbd", "/private/var/folders/xr/m5_5rlsd6l9fk2w4ngj13k6m0000gn/T/swbuild.tmp.Qwrkh9On/Data.noindex/Test/aProject/build/EagerLinkingTBDs/Debug/TargetA.framework/Versions/A/TargetA.tbd"]), Task(forTarget: <none>, ruleInfo: ["Gate", "target-TargetB-T-TargetB-21793--GeneratedFilesTaskProducer"]), Task(forTarget: TargetA, ruleInfo: ["ExtractAppIntentsMetadata"]), Task(forTarget: TargetB, ruleInfo: ["MkDir", "/private/var/folders/xr/m5_5rlsd6l9fk2w4ngj13k6m0000gn/T/swbuild.tmp.Qwrkh9On/Data.noindex/Test/aProject/build/Debug/TargetB.framework/Versions/A/Headers"]), Task(forTarget: <none>, ruleInfo: ["Gate", "target-TargetA-T-TargetA-21785--Barrier-StripSymbols"]), Task(forTarget: TargetB, ruleInfo: ["SwiftDriver Compilation", "TargetB", "normal", "x86_64", "com.apple.xcode.tools.swift.compiler"]), Task(forTarget: TargetB, ruleInfo: ["WriteAuxiliaryFile", "/private/var/folders/xr/m5_5rlsd6l9fk2w4ngj13k6m0000gn/T/swbuild.tmp.Qwrkh9On/Data.noindex/Test/aProject/build/aProject.build/Debug/TargetB.build/Objects-normal/x86_64/TargetB.SwiftConstValuesFileList"]), Task(forTarget: <none>, ruleInfo: ["Gate", "target-TargetB-T-TargetB-21793--TAPISymbolExtractorTaskProducer"]), Task(forTarget: <none>, ruleInfo: ["Gate", "target-TargetB-T-TargetB-21793--swift-generated-headers"]), Task(forTarget: <none>, ruleInfo: ["Gate", "target-TargetB-T-TargetB-21793--ProductPostprocessingTaskProducer"]), Task(forTarget: <none>, ruleInfo: ["Gate", "target-TargetB-T-TargetB-21793--RealityAssetsTaskProducer"]), Task(forTarget: <none>, ruleInfo: ["Gate", "target-TargetA-T-TargetA-21785--Barrier-CopyAside"]), Task(forTarget: <none>, ruleInfo: ["SwiftExplicitDependencyGeneratePcm", "x86_64", "/private/var/folders/xr/m5_5rlsd6l9fk2w4ngj13k6m0000gn/T/swbuild.tmp.Qwrkh9On/Data.noindex/Test/aProject/build/SwiftExplicitPrecompiledModules/SwiftShims-E7NR5GGR9Z7GY7PSRPSK1C6L1.pcm"]), Task(forTarget: TargetA, ruleInfo: ["Copy", "/private/var/folders/xr/m5_5rlsd6l9fk2w4ngj13k6m0000gn/T/swbuild.tmp.Qwrkh9On/Data.noindex/Test/aProject/build/Debug/TargetA.framework/Versions/A/Modules/TargetA.swiftmodule/x86_64-apple-macos.swiftdoc", "/private/var/folders/xr/m5_5rlsd6l9fk2w4ngj13k6m0000gn/T/swbuild.tmp.Qwrkh9On/Data.noindex/Test/aProject/build/aProject.build/Debug/TargetA.build/Objects-normal/x86_64/TargetA.swiftdoc"]), Task(forTarget: TargetB, ruleInfo: ["Gate", "target-TargetB-T-TargetB-21793--begin-scanning"]), Task(forTarget: <none>, ruleInfo: ["Gate", "target-TargetB-T-TargetB-21793--ModuleVerifierTaskProducer"]), Task(forTarget: TargetA, ruleInfo: ["SymLink", "/private/var/folders/xr/m5_5rlsd6l9fk2w4ngj13k6m0000gn/T/swbuild.tmp.Qwrkh9On/Data.noindex/Test/aProject/build/Debug/TargetA.framework/Headers", "Versions/Current/Headers"]), Task(forTarget: TargetB, ruleInfo: ["SwiftCompile", "normal", "x86_64", "Compiling fileB2.swift", "/private/var/folders/xr/m5_5rlsd6l9fk2w4ngj13k6m0000gn/T/swbuild.tmp.Qwrkh9On/Data.noindex/Test/aProject/Sources/fileB2.swift"]), Task(forTarget: TargetB, ruleInfo: ["Gate", "target-TargetB-T-TargetB-21793--linker-inputs-ready"]), Task(forTarget: <none>, ruleInfo: ["Gate", "target-TargetA-T-TargetA-21785--Barrier-ChangePermissions"]), Task(forTarget: TargetA, ruleInfo: ["WriteAuxiliaryFile", "/private/var/folders/xr/m5_5rlsd6l9fk2w4ngj13k6m0000gn/T/swbuild.tmp.Qwrkh9On/Data.noindex/Test/aProject/build/aProject.build/Debug/TargetA.build/TargetA-all-target-headers.hmap"]), Task(forTarget: TargetA, ruleInfo: ["SwiftDriver Compilation Requirements", "TargetA", "normal", "x86_64", "com.apple.xcode.tools.swift.compiler"]), Task(forTarget: TargetA, ruleInfo: ["WriteAuxiliaryFile", "/private/var/folders/xr/m5_5rlsd6l9fk2w4ngj13k6m0000gn/T/swbuild.tmp.Qwrkh9On/Data.noindex/Test/aProject/build/aProject.build/Debug/TargetA.build/Objects-normal/x86_64/TargetA_const_extract_protocols.json"]), Task(forTarget: TargetA, ruleInfo: ["Gate", "target-TargetA-T-TargetA-21785--entry"]), Task(forTarget: TargetA, ruleInfo: ["WriteAuxiliaryFile", "/private/var/folders/xr/m5_5rlsd6l9fk2w4ngj13k6m0000gn/T/swbuild.tmp.Qwrkh9On/Data.noindex/Test/aProject/build/aProject.build/Debug/TargetA.build/TargetA.DependencyMetadataFileList"]), Task(forTarget: TargetA, ruleInfo: ["Copy", "/private/var/folders/xr/m5_5rlsd6l9fk2w4ngj13k6m0000gn/T/swbuild.tmp.Qwrkh9On/Data.noindex/Test/aProject/build/Debug/TargetA.framework/Versions/A/Modules/TargetA.swiftmodule/x86_64-apple-macos.swiftmodule", "/private/var/folders/xr/m5_5rlsd6l9fk2w4ngj13k6m0000gn/T/swbuild.tmp.Qwrkh9On/Data.noindex/Test/aProject/build/aProject.build/Debug/TargetA.build/Objects-normal/x86_64/TargetA.swiftmodule"]), Task(forTarget: <none>, ruleInfo: ["Gate", "target-TargetB-T-TargetB-21793--Barrier-RegisterProduct"]), Task(forTarget: TargetB, ruleInfo: ["SwiftDriver Compilation Requirements", "TargetB", "normal", "x86_64", "com.apple.xcode.tools.swift.compiler"]), Task(forTarget: <none>, ruleInfo: ["Gate", "target-TargetB-T-TargetB-21793--StubBinaryTaskProducer"]), Task(forTarget: TargetB, ruleInfo: ["Gate", "target-TargetB-T-TargetB-21793--entry"]), Task(forTarget: <none>, ruleInfo: ["SwiftExplicitDependencyCompileModuleFromInterface", "x86_64", "/private/var/folders/xr/m5_5rlsd6l9fk2w4ngj13k6m0000gn/T/swbuild.tmp.Qwrkh9On/Data.noindex/Test/aProject/build/SwiftExplicitPrecompiledModules/Swift-1039YR9EBE61.swiftmodule"]), Task(forTarget: <none>, ruleInfo: ["Gate", "target-TargetB-T-TargetB-21793--GenerateAppPlaygroundAssetCatalogTaskProducer"]), Task(forTarget: TargetB, ruleInfo: ["Gate", "target-TargetB-T-TargetB-21793--begin-linking"]), Task(forTarget: TargetA, ruleInfo: ["WriteAuxiliaryFile", "/private/var/folders/xr/m5_5rlsd6l9fk2w4ngj13k6m0000gn/T/swbuild.tmp.Qwrkh9On/Data.noindex/Test/aProject/build/aProject.build/Debug/TargetA.build/Objects-normal/x86_64/TargetA-OutputFileMap.json"]), Task(forTarget: TargetB, ruleInfo: ["WriteAuxiliaryFile", "/private/var/folders/xr/m5_5rlsd6l9fk2w4ngj13k6m0000gn/T/swbuild.tmp.Qwrkh9On/Data.noindex/Test/aProject/build/aProject.build/Debug/TargetB.build/TargetB.DependencyMetadataFileList"]), Task(forTarget: TargetB, ruleInfo: ["WriteAuxiliaryFile", "/private/var/folders/xr/m5_5rlsd6l9fk2w4ngj13k6m0000gn/T/swbuild.tmp.Qwrkh9On/Data.noindex/Test/aProject/build/aProject.build/Debug/TargetB.build/TargetB.hmap"]), Task(forTarget: <none>, ruleInfo: ["CreateBuildDirectory", "/private/var/folders/xr/m5_5rlsd6l9fk2w4ngj13k6m0000gn/T/swbuild.tmp.Qwrkh9On/Data.noindex/Test/aProject/build/SharedPrecompiledHeaders"]), Task(forTarget: TargetA, ruleInfo: ["Gate", "target-TargetA-T-TargetA-21785--unsigned-product-ready"]), Task(forTarget: TargetA, ruleInfo: ["Gate", "target-TargetA-T-TargetA-21785--will-sign"]), Task(forTarget: TargetB, ruleInfo: ["Copy", "/private/var/folders/xr/m5_5rlsd6l9fk2w4ngj13k6m0000gn/T/swbuild.tmp.Qwrkh9On/Data.noindex/Test/aProject/build/Debug/TargetB.framework/Versions/A/Modules/TargetB.swiftmodule/Project/x86_64-apple-macos.swiftsourceinfo", "/private/var/folders/xr/m5_5rlsd6l9fk2w4ngj13k6m0000gn/T/swbuild.tmp.Qwrkh9On/Data.noindex/Test/aProject/build/aProject.build/Debug/TargetB.build/Objects-normal/x86_64/TargetB.swiftsourceinfo"]), Task(forTarget: TargetA, ruleInfo: ["WriteAuxiliaryFile", "/private/var/folders/xr/m5_5rlsd6l9fk2w4ngj13k6m0000gn/T/swbuild.tmp.Qwrkh9On/Data.noindex/Test/aProject/build/aProject.build/Debug/TargetA.build/TargetA-generated-files.hmap"]), Task(forTarget: TargetA, ruleInfo: ["Gate", "target-TargetA-T-TargetA-21785--linker-inputs-ready"]), Task(forTarget: <none>, ruleInfo: ["Gate", "target-TargetB-T-TargetB-21793--Barrier-GenerateStubAPI"]), Task(forTarget: <none>, ruleInfo: ["Gate", "target-TargetA-T-TargetA-21785--ModuleVerifierTaskProducer"]), Task(forTarget: <none>, ruleInfo: ["Gate", "target-TargetB-T-TargetB-21793--SwiftFrameworkABICheckerTaskProducer"]), Task(forTarget: TargetB, ruleInfo: ["Gate", "target-TargetB-T-TargetB-21793--end"]), Task(forTarget: TargetB, ruleInfo: ["WriteAuxiliaryFile", "/private/var/folders/xr/m5_5rlsd6l9fk2w4ngj13k6m0000gn/T/swbuild.tmp.Qwrkh9On/Data.noindex/Test/aProject/build/aProject.build/Debug/TargetB.build/TargetB-all-target-headers.hmap"]), Task(forTarget: <none>, ruleInfo: ["SwiftExplicitDependencyGeneratePcm", "x86_64", "/private/var/folders/xr/m5_5rlsd6l9fk2w4ngj13k6m0000gn/T/swbuild.tmp.Qwrkh9On/Data.noindex/Test/aProject/build/SwiftExplicitPrecompiledModules/_SwiftConcurrencyShims-BUR8XM1R06AS02RWV63HPG1KR.pcm"]), Task(forTarget: <none>, ruleInfo: ["Gate", "target-TargetB-T-TargetB-21793--Barrier-ChangePermissions"]), Task(forTarget: <none>, ruleInfo: ["Gate", "target-TargetB-T-TargetB-21793--Barrier-CodeSign"]), Task(forTarget: TargetB, ruleInfo: ["Touch", "/private/var/folders/xr/m5_5rlsd6l9fk2w4ngj13k6m0000gn/T/swbuild.tmp.Qwrkh9On/Data.noindex/Test/aProject/build/Debug/TargetB.framework"]), Task(forTarget: <none>, ruleInfo: ["Gate", "target-TargetB-T-TargetB-21793--Barrier-StripSymbols"]), Task(forTarget: TargetB, ruleInfo: ["WriteAuxiliaryFile", "/private/var/folders/xr/m5_5rlsd6l9fk2w4ngj13k6m0000gn/T/swbuild.tmp.Qwrkh9On/Data.noindex/Test/aProject/build/aProject.build/Debug/TargetB.build/Objects-normal/x86_64/TargetB-OutputFileMap.json"]), Task(forTarget: TargetB, ruleInfo: ["GenerateTAPI", "/private/var/folders/xr/m5_5rlsd6l9fk2w4ngj13k6m0000gn/T/swbuild.tmp.Qwrkh9On/Data.noindex/Test/aProject/build/EagerLinkingTBDs/Debug/TargetB.framework/Versions/A/TargetB.tbd"]), Task(forTarget: TargetB, ruleInfo: ["SwiftEmitModule", "normal", "x86_64", "Emitting module for TargetB"]), Task(forTarget: TargetB, ruleInfo: ["MkDir", "/private/var/folders/xr/m5_5rlsd6l9fk2w4ngj13k6m0000gn/T/swbuild.tmp.Qwrkh9On/Data.noindex/Test/aProject/build/Debug/TargetB.framework/Versions"]), Task(forTarget: TargetA, ruleInfo: ["WriteAuxiliaryFile", "/private/var/folders/xr/m5_5rlsd6l9fk2w4ngj13k6m0000gn/T/swbuild.tmp.Qwrkh9On/Data.noindex/Test/aProject/build/aProject.build/Debug/TargetA.build/Objects-normal/x86_64/TargetA.SwiftFileList"]), Task(forTarget: TargetB, ruleInfo: ["ExtractAppIntentsMetadata"]), Task(forTarget: <none>, ruleInfo: ["Gate", "target-TargetB-T-TargetB-21793--ProductStructureTaskProducer"]), Task(forTarget: <none>, ruleInfo: ["Gate", "target-TargetB-T-TargetB-21793--HeadermapTaskProducer"]), Task(forTarget: <none>, ruleInfo: ["CreateBuildDirectory", "/private/var/folders/xr/m5_5rlsd6l9fk2w4ngj13k6m0000gn/T/swbuild.tmp.Qwrkh9On/Data.noindex/Test/aProject/build/Debug"]), Task(forTarget: TargetA, ruleInfo: ["WriteAuxiliaryFile", "/private/var/folders/xr/m5_5rlsd6l9fk2w4ngj13k6m0000gn/T/swbuild.tmp.Qwrkh9On/Data.noindex/Test/aProject/build/aProject.build/Debug/TargetA.build/TargetA.DependencyStaticMetadataFileList"]), Task(forTarget: <none>, ruleInfo: ["Gate", "target-TargetB-T-TargetB-21793--ExtensionPointExtractorTaskProducer"]), Task(forTarget: <none>, ruleInfo: ["Gate", "target-TargetB-T-TargetB-21793--SwiftStandardLibrariesTaskProducer"]), Task(forTarget: TargetA, ruleInfo: ["Copy", "/private/var/folders/xr/m5_5rlsd6l9fk2w4ngj13k6m0000gn/T/swbuild.tmp.Qwrkh9On/Data.noindex/Test/aProject/build/Debug/TargetA.framework/Versions/A/Modules/TargetA.swiftmodule/x86_64-apple-macos.abi.json", "/private/var/folders/xr/m5_5rlsd6l9fk2w4ngj13k6m0000gn/T/swbuild.tmp.Qwrkh9On/Data.noindex/Test/aProject/build/aProject.build/Debug/TargetA.build/Objects-normal/x86_64/TargetA.abi.json"]), Task(forTarget: <none>, ruleInfo: ["CreateBuildDirectory", "/private/var/folders/xr/m5_5rlsd6l9fk2w4ngj13k6m0000gn/T/swbuild.tmp.Qwrkh9On/Data.noindex/Test/aProject/build/ExplicitPrecompiledModules"]), Task(forTarget: TargetB, ruleInfo: ["Gate", "target-TargetB-T-TargetB-21793--immediate"]), Task(forTarget: <none>, ruleInfo: ["Gate", "target-TargetA-T-TargetA-21785--AppExtensionInfoPlistGeneratorTaskProducer"]), Task(forTarget: TargetB, ruleInfo: ["SymLink", "/private/var/folders/xr/m5_5rlsd6l9fk2w4ngj13k6m0000gn/T/swbuild.tmp.Qwrkh9On/Data.noindex/Test/aProject/build/Debug/TargetB.framework/Modules", "Versions/Current/Modules"]), Task(forTarget: <none>, ruleInfo: ["Gate", "target-TargetA-T-TargetA-21785--swift-generated-headers"]), Task(forTarget: <none>, ruleInfo: ["Gate", "target-TargetB-T-TargetB-21793--InfoPlistTaskProducer"]), Task(forTarget: <none>, ruleInfo: ["Gate", "target-TargetB-T-TargetB-21793--AppExtensionInfoPlistGeneratorTaskProducer"]), Task(forTarget: TargetB, ruleInfo: ["SwiftDriver", "TargetB", "normal", "x86_64", "com.apple.xcode.tools.swift.compiler"]), Task(forTarget: <none>, ruleInfo: ["Gate", "target-TargetA-T-TargetA-21785--CopySwiftPackageResourcesTaskProducer"]), Task(forTarget: <none>, ruleInfo: ["Gate", "target-TargetA-T-TargetA-21785--ProductStructureTaskProducer"]), Task(forTarget: TargetA, ruleInfo: ["SymLink", "/private/var/folders/xr/m5_5rlsd6l9fk2w4ngj13k6m0000gn/T/swbuild.tmp.Qwrkh9On/Data.noindex/Test/aProject/build/Debug/TargetA.framework/Versions/Current", "A"]), Task(forTarget: TargetA, ruleInfo: ["SwiftMergeGeneratedHeaders", "/private/var/folders/xr/m5_5rlsd6l9fk2w4ngj13k6m0000gn/T/swbuild.tmp.Qwrkh9On/Data.noindex/Test/aProject/build/Debug/TargetA.framework/Versions/A/Headers/TargetA-Swift.h", "/private/var/folders/xr/m5_5rlsd6l9fk2w4ngj13k6m0000gn/T/swbuild.tmp.Qwrkh9On/Data.noindex/Test/aProject/build/aProject.build/Debug/TargetA.build/Objects-normal/x86_64/TargetA-Swift.h"]), Task(forTarget: <none>, ruleInfo: ["Gate", "target-TargetA-T-TargetA-21785--ProductPostprocessingTaskProducer"]), Task(forTarget: TargetB, ruleInfo: ["Copy", "/private/var/folders/xr/m5_5rlsd6l9fk2w4ngj13k6m0000gn/T/swbuild.tmp.Qwrkh9On/Data.noindex/Test/aProject/build/Debug/TargetB.framework/Versions/A/Modules/TargetB.swiftmodule/x86_64-apple-macos.swiftdoc", "/private/var/folders/xr/m5_5rlsd6l9fk2w4ngj13k6m0000gn/T/swbuild.tmp.Qwrkh9On/Data.noindex/Test/aProject/build/aProject.build/Debug/TargetB.build/Objects-normal/x86_64/TargetB.swiftdoc"]), Task(forTarget: <none>, ruleInfo: ["Gate", "target-TargetA-T-TargetA-21785--DocumentationTaskProducer"]), Task(forTarget: TargetB, ruleInfo: ["SymLink", "/private/var/folders/xr/m5_5rlsd6l9fk2w4ngj13k6m0000gn/T/swbuild.tmp.Qwrkh9On/Data.noindex/Test/aProject/build/Debug/TargetB.framework/Versions/Current", "A"]), Task(forTarget: <none>, ruleInfo: ["Gate", "target-TargetA-T-TargetA-21785--InfoPlistTaskProducer"]), Task(forTarget: <none>, ruleInfo: ["CreateBuildDirectory", "/private/var/folders/xr/m5_5rlsd6l9fk2w4ngj13k6m0000gn/T/swbuild.tmp.Qwrkh9On/Data.noindex/Test/aProject/build"]), Task(forTarget: <none>, ruleInfo: ["Gate", "target-TargetA-T-TargetA-21785--SwiftABIBaselineGenerationTaskProducer"]), Task(forTarget: TargetA, ruleInfo: ["SwiftDriver Compilation", "TargetA", "normal", "x86_64", "com.apple.xcode.tools.swift.compiler"]), Task(forTarget: TargetB, ruleInfo: ["SwiftMergeGeneratedHeaders", "/private/var/folders/xr/m5_5rlsd6l9fk2w4ngj13k6m0000gn/T/swbuild.tmp.Qwrkh9On/Data.noindex/Test/aProject/build/Debug/TargetB.framework/Versions/A/Headers/TargetB-Swift.h", "/private/var/folders/xr/m5_5rlsd6l9fk2w4ngj13k6m0000gn/T/swbuild.tmp.Qwrkh9On/Data.noindex/Test/aProject/build/aProject.build/Debug/TargetB.build/Objects-normal/x86_64/TargetB-Swift.h"]), Task(forTarget: TargetB, ruleInfo: ["Ld", "/private/var/folders/xr/m5_5rlsd6l9fk2w4ngj13k6m0000gn/T/swbuild.tmp.Qwrkh9On/Data.noindex/Test/aProject/build/Debug/TargetB.framework/Versions/A/TargetB", "normal"]), Task(forTarget: TargetB, ruleInfo: ["WriteAuxiliaryFile", "/private/var/folders/xr/m5_5rlsd6l9fk2w4ngj13k6m0000gn/T/swbuild.tmp.Qwrkh9On/Data.noindex/Test/aProject/build/aProject.build/Debug/TargetB.build/TargetB-all-non-framework-target-headers.hmap"]), Task(forTarget: <none>, ruleInfo: ["Gate", "target-TargetA-T-TargetA-21785--TAPISymbolExtractorTaskProducer"]), Task(forTarget: <none>, ruleInfo: ["SwiftExplicitDependencyCompileModuleFromInterface", "x86_64", "/private/var/folders/xr/m5_5rlsd6l9fk2w4ngj13k6m0000gn/T/swbuild.tmp.Qwrkh9On/Data.noindex/Test/aProject/build/SwiftExplicitPrecompiledModules/_Concurrency-2W8LU3DF58RLX.swiftmodule"]), Task(forTarget: <none>, ruleInfo: ["Gate", "target-TargetB-T-TargetB-21793--Barrier-ChangeAlternatePermissions"]), Task(forTarget: <none>, ruleInfo: ["Gate", "target-TargetA-T-TargetA-21785--SwiftPackageCopyFilesTaskProducer"]), Task(forTarget: <none>, ruleInfo: ["Gate", "target-TargetA-T-TargetA-21785--copy-headers-completion"]), Task(forTarget: <none>, ruleInfo: ["Gate", "WorkspaceHeaderMapVFSFilesWritten"]), Task(forTarget: TargetA, ruleInfo: ["Gate", "target-TargetA-T-TargetA-21785--modules-ready"]), Task(forTarget: <none>, ruleInfo: ["Gate", "target-TargetB-T-TargetB-21793--SanitizerTaskProducer"]), Task(forTarget: <none>, ruleInfo: ["Gate", "target-TargetA-T-TargetA-21785--Barrier-ChangeAlternatePermissions"]), Task(forTarget: TargetB, ruleInfo: ["SymLink", "/private/var/folders/xr/m5_5rlsd6l9fk2w4ngj13k6m0000gn/T/swbuild.tmp.Qwrkh9On/Data.noindex/Test/aProject/build/Debug/TargetB.framework/Headers", "Versions/Current/Headers"]), Task(forTarget: <none>, ruleInfo: ["CreateBuildDirectory", "/var/folders/xr/m5_5rlsd6l9fk2w4ngj13k6m0000gn/C/com.apple.DeveloperTools/26.4.1-17E202/Xcode/CompilationCache.noindex"]), Task(forTarget: <none>, ruleInfo: ["Gate", "target-TargetA-T-TargetA-21785--CustomTaskProducer"]), Task(forTarget: <none>, ruleInfo: ["Gate", "target-TargetA-T-TargetA-21785--AppIntentsMetadataTaskProducer"]), Task(forTarget: TargetB, ruleInfo: ["Copy", "/private/var/folders/xr/m5_5rlsd6l9fk2w4ngj13k6m0000gn/T/swbuild.tmp.Qwrkh9On/Data.noindex/Test/aProject/build/Debug/TargetB.framework/Versions/A/Modules/TargetB.swiftmodule/x86_64-apple-macos.abi.json", "/private/var/folders/xr/m5_5rlsd6l9fk2w4ngj13k6m0000gn/T/swbuild.tmp.Qwrkh9On/Data.noindex/Test/aProject/build/aProject.build/Debug/TargetB.build/Objects-normal/x86_64/TargetB.abi.json"]), Task(forTarget: <none>, ruleInfo: ["Gate", "target-TargetA-T-TargetA-21785--TestHostTaskProducer"]), Task(forTarget: TargetB, ruleInfo: ["WriteAuxiliaryFile", "/private/var/folders/xr/m5_5rlsd6l9fk2w4ngj13k6m0000gn/T/swbuild.tmp.Qwrkh9On/Data.noindex/Test/aProject/build/aProject.build/Debug/TargetB.build/Objects-normal/x86_64/TargetB.LinkFileList"]), Task(forTarget: <none>, ruleInfo: ["Gate", "target-TargetA-T-TargetA-21785--TestTargetPostprocessingTaskProducer"]), Task(forTarget: <none>, ruleInfo: ["Gate", "target-TargetA-T-TargetA-21785--Barrier-GenerateStubAPI"]), Task(forTarget: TargetB, ruleInfo: ["Gate", "target-TargetB-T-TargetB-21793--will-sign"]), Task(forTarget: <none>, ruleInfo: ["Gate", "target-TargetA-T-TargetA-21785--generated-headers"]), Task(forTarget: <none>, ruleInfo: ["Gate", "target-TargetB-T-TargetB-21793--Barrier-RegisterExecutionPolicyException"]), Task(forTarget: TargetB, ruleInfo: ["SymLink", "/private/var/folders/xr/m5_5rlsd6l9fk2w4ngj13k6m0000gn/T/swbuild.tmp.Qwrkh9On/Data.noindex/Test/aProject/build/EagerLinkingTBDs/Debug/TargetB.framework/TargetB.tbd", "/private/var/folders/xr/m5_5rlsd6l9fk2w4ngj13k6m0000gn/T/swbuild.tmp.Qwrkh9On/Data.noindex/Test/aProject/build/EagerLinkingTBDs/Debug/TargetB.framework/Versions/A/TargetB.tbd"]), Task(forTarget: TargetB, ruleInfo: ["WriteAuxiliaryFile", "/private/var/folders/xr/m5_5rlsd6l9fk2w4ngj13k6m0000gn/T/swbuild.tmp.Qwrkh9On/Data.noindex/Test/aProject/build/aProject.build/Debug/TargetB.build/TargetB-own-target-headers.hmap"]), Task(forTarget: TargetB, ruleInfo: ["WriteAuxiliaryFile", "/private/var/folders/xr/m5_5rlsd6l9fk2w4ngj13k6m0000gn/T/swbuild.tmp.Qwrkh9On/Data.noindex/Test/aProject/build/aProject.build/Debug/TargetB.build/TargetB-project-headers.hmap"]), Task(forTarget: <none>, ruleInfo: ["Gate", "target-TargetB-T-TargetB-21793--DocumentationTaskProducer"]), Task(forTarget: <none>, ruleInfo: ["Gate", "target-TargetA-T-TargetA-21785--TestEntryPointTaskProducerFactory"]), Task(forTarget: <none>, ruleInfo: ["Gate", "target-TargetA-T-TargetA-21785--TestTargetTaskProducer"]), Task(forTarget: TargetA, ruleInfo: ["Touch", "/private/var/folders/xr/m5_5rlsd6l9fk2w4ngj13k6m0000gn/T/swbuild.tmp.Qwrkh9On/Data.noindex/Test/aProject/build/Debug/TargetA.framework"]), Task(forTarget: <none>, ruleInfo: ["Gate", "target-TargetA-T-TargetA-21785--HeadermapTaskProducer"]), Task(forTarget: <none>, ruleInfo: ["Gate", "target-TargetB-T-TargetB-21793--fused-phase0-compile-sources&link-binary"]), Task(forTarget: TargetB, ruleInfo: ["WriteAuxiliaryFile", "/private/var/folders/xr/m5_5rlsd6l9fk2w4ngj13k6m0000gn/T/swbuild.tmp.Qwrkh9On/Data.noindex/Test/aProject/build/aProject.build/Debug/TargetB.build/TargetB.DependencyStaticMetadataFileList"]), Task(forTarget: <none>, ruleInfo: ["Gate", "target-TargetB-T-TargetB-21793--TestTargetTaskProducer"]), Task(forTarget: <none>, ruleInfo: ["Gate", "target-TargetA-T-TargetA-21785--RealityAssetsTaskProducer"]), Task(forTarget: <none>, ruleInfo: ["Gate", "target-TargetB-T-TargetB-21793--CustomTaskProducer"]), Task(forTarget: TargetB, ruleInfo: ["RegisterExecutionPolicyException", "/private/var/folders/xr/m5_5rlsd6l9fk2w4ngj13k6m0000gn/T/swbuild.tmp.Qwrkh9On/Data.noindex/Test/aProject/build/Debug/TargetB.framework"]), Task(forTarget: TargetA, ruleInfo: ["WriteAuxiliaryFile", "/private/var/folders/xr/m5_5rlsd6l9fk2w4ngj13k6m0000gn/T/swbuild.tmp.Qwrkh9On/Data.noindex/Test/aProject/build/aProject.build/Debug/TargetA.build/TargetA-all-non-framework-target-headers.hmap"]), Task(forTarget: TargetB, ruleInfo: ["SwiftCompile", "normal", "x86_64", "Compiling fileB1.swift", "/private/var/folders/xr/m5_5rlsd6l9fk2w4ngj13k6m0000gn/T/swbuild.tmp.Qwrkh9On/Data.noindex/Test/aProject/Sources/fileB1.swift"]), Task(forTarget: <none>, ruleInfo: ["Gate", "target-TargetA-T-TargetA-21785--Barrier-CodeSign"]), Task(forTarget: <none>, ruleInfo: ["Gate", "target-TargetB-T-TargetB-21793--AppIntentsMetadataTaskProducer"]), Task(forTarget: TargetB, ruleInfo: ["Gate", "target-TargetB-T-TargetB-21793--unsigned-product-ready"]), Task(forTarget: TargetA, ruleInfo: ["SwiftDriver", "TargetA", "normal", "x86_64", "com.apple.xcode.tools.swift.compiler"]), Task(forTarget: TargetA, ruleInfo: ["Gate", "target-TargetA-T-TargetA-21785--end"]), Task(forTarget: TargetA, ruleInfo: ["Gate", "target-TargetA-T-TargetA-21785--begin-scanning"]), Task(forTarget: TargetB, ruleInfo: ["WriteAuxiliaryFile", "/private/var/folders/xr/m5_5rlsd6l9fk2w4ngj13k6m0000gn/T/swbuild.tmp.Qwrkh9On/Data.noindex/Test/aProject/build/aProject.build/Debug/TargetB.build/Objects-normal/x86_64/TargetB_const_extract_protocols.json"]), Task(forTarget: <none>, ruleInfo: ["Gate", "target-TargetA-T-TargetA-21785--StubBinaryTaskProducer"]), Task(forTarget: TargetB, ruleInfo: ["MkDir", "/private/var/folders/xr/m5_5rlsd6l9fk2w4ngj13k6m0000gn/T/swbuild.tmp.Qwrkh9On/Data.noindex/Test/aProject/build/Debug/TargetB.framework/Versions/A"]), Task(forTarget: TargetA, ruleInfo: ["SwiftCompile", "normal", "x86_64", "Compiling fileA2.swift", "/private/var/folders/xr/m5_5rlsd6l9fk2w4ngj13k6m0000gn/T/swbuild.tmp.Qwrkh9On/Data.noindex/Test/aProject/Sources/fileA2.swift"]), Task(forTarget: <none>, ruleInfo: ["Gate", "target-TargetA-T-TargetA-21785--fused-phase0-compile-sources"]), Task(forTarget: <none>, ruleInfo: ["Gate", "target-TargetA-T-TargetA-21785--ModuleMapTaskProducer"]), Task(forTarget: <none>, ruleInfo: ["Gate", "target-TargetA-T-TargetA-21785--GeneratedFilesTaskProducer"]), Task(forTarget: <none>, ruleInfo: ["Gate", "target-TargetA-T-TargetA-21785--SwiftStandardLibrariesTaskProducer"]), Task(forTarget: TargetA, ruleInfo: ["GenerateTAPI", "/private/var/folders/xr/m5_5rlsd6l9fk2w4ngj13k6m0000gn/T/swbuild.tmp.Qwrkh9On/Data.noindex/Test/aProject/build/EagerLinkingTBDs/Debug/TargetA.framework/Versions/A/TargetA.tbd"]), Task(forTarget: <none>, ruleInfo: ["Gate", "target-TargetA-T-TargetA-21785--Barrier-Validate"]), Task(forTarget: TargetB, ruleInfo: ["WriteAuxiliaryFile", "/private/var/folders/xr/m5_5rlsd6l9fk2w4ngj13k6m0000gn/T/swbuild.tmp.Qwrkh9On/Data.noindex/Test/aProject/build/aProject.build/Debug/TargetB.build/Objects-normal/x86_64/TargetB.SwiftFileList"]), Task(forTarget: TargetA, ruleInfo: ["MkDir", "/private/var/folders/xr/m5_5rlsd6l9fk2w4ngj13k6m0000gn/T/swbuild.tmp.Qwrkh9On/Data.noindex/Test/aProject/build/Debug/TargetA.framework"]), Task(forTarget: <none>, ruleInfo: ["Gate", "target-TargetA-T-TargetA-21785--ExtensionPointExtractorTaskProducer"]), Task(forTarget: TargetA, ruleInfo: ["SymLink", "/private/var/folders/xr/m5_5rlsd6l9fk2w4ngj13k6m0000gn/T/swbuild.tmp.Qwrkh9On/Data.noindex/Test/aProject/build/Debug/TargetA.framework/TargetA", "Versions/Current/TargetA"]), Task(forTarget: TargetA, ruleInfo: ["MkDir", "/private/var/folders/xr/m5_5rlsd6l9fk2w4ngj13k6m0000gn/T/swbuild.tmp.Qwrkh9On/Data.noindex/Test/aProject/build/Debug/TargetA.framework/Versions/A"]), Task(forTarget: <none>, ruleInfo: ["Gate", "target-TargetB-T-TargetB-21793--generated-headers"]), Task(forTarget: <none>, ruleInfo: ["Gate", "target-TargetA-T-TargetA-21785--SwiftFrameworkABICheckerTaskProducer"]), Task(forTarget: TargetB, ruleInfo: ["Gate", "target-TargetB-T-TargetB-21793--modules-ready"]), Task(forTarget: <none>, ruleInfo: ["ClangStatCache", "/Applications/Xcode17E.app/Contents/Developer/Toolchains/XcodeDefault.xctoolchain/usr/bin/clang-stat-cache", "/Applications/Xcode17E.app/Contents/Developer/Platforms/MacOSX.platform/Developer/SDKs/MacOSX26.4.sdk", "/private/var/folders/xr/m5_5rlsd6l9fk2w4ngj13k6m0000gn/T/swbuild.tmp.Qwrkh9On/Data.noindex/Test/SDKStatCaches.noindex/macosx26.4-25E260-95aa6cf8f3effd57bda17e0c125410c0.sdkstatcache"]), Task(forTarget: TargetB, ruleInfo: ["SymLink", "/private/var/folders/xr/m5_5rlsd6l9fk2w4ngj13k6m0000gn/T/swbuild.tmp.Qwrkh9On/Data.noindex/Test/aProject/build/Debug/TargetB.framework/TargetB", "Versions/Current/TargetB"]), Task(forTarget: TargetA, ruleInfo: ["MkDir", "/private/var/folders/xr/m5_5rlsd6l9fk2w4ngj13k6m0000gn/T/swbuild.tmp.Qwrkh9On/Data.noindex/Test/aProject/build/Debug/TargetA.framework/Versions/A/Headers"]), Task(forTarget: <none>, ruleInfo: ["Gate", "target-TargetB-T-TargetB-21793--TestHostTaskProducer"]), Task(forTarget: TargetA, ruleInfo: ["Gate", "target-TargetA-T-TargetA-21785--begin-linking"]), Task(forTarget: <none>, ruleInfo: ["Gate", "target-TargetB-T-TargetB-21793--ModuleMapTaskProducer"]), Task(forTarget: <none>, ruleInfo: ["CreateBuildDirectory", "/private/var/folders/xr/m5_5rlsd6l9fk2w4ngj13k6m0000gn/T/swbuild.tmp.Qwrkh9On/Data.noindex/Test/aProject/build/SwiftExplicitPrecompiledModules"]), Task(forTarget: <none>, ruleInfo: ["Gate", "target-TargetB-T-TargetB-21793--SwiftABIBaselineGenerationTaskProducer"]), Task(forTarget: <none>, ruleInfo: ["Gate", "target-TargetB-T-TargetB-21793--TestTargetPostprocessingTaskProducer"]), Task(forTarget: <none>, ruleInfo: ["CreateBuildDirectory", "/private/var/folders/xr/m5_5rlsd6l9fk2w4ngj13k6m0000gn/T/swbuild.tmp.Qwrkh9On/Data.noindex/Test/aProject/build/EagerLinkingTBDs/Debug"]), Task(forTarget: TargetA, ruleInfo: ["WriteAuxiliaryFile", "/private/var/folders/xr/m5_5rlsd6l9fk2w4ngj13k6m0000gn/T/swbuild.tmp.Qwrkh9On/Data.noindex/Test/aProject/build/aProject.build/Debug/TargetA.build/Objects-normal/x86_64/TargetA.SwiftConstValuesFileList"]), Task(forTarget: <none>, ruleInfo: ["Gate", "target-TargetA-T-TargetA-21785--GenerateAppPlaygroundAssetCatalogTaskProducer"]), Task(forTarget: <none>, ruleInfo: ["WriteAuxiliaryFile", "/private/var/folders/xr/m5_5rlsd6l9fk2w4ngj13k6m0000gn/T/swbuild.tmp.Qwrkh9On/Data.noindex/Test/aProject/build/aProject.build/Debug/aProject-P21796-VFS/all-product-headers.yaml"]), Task(forTarget: <none>, ruleInfo: ["Gate", "target-TargetB-T-TargetB-21793--CopySwiftPackageResourcesTaskProducer"]), Task(forTarget: <none>, ruleInfo: ["Gate", "target-TargetB-T-TargetB-21793--Barrier-CopyAside"]), Task(forTarget: TargetA, ruleInfo: ["WriteAuxiliaryFile", "/private/var/folders/xr/m5_5rlsd6l9fk2w4ngj13k6m0000gn/T/swbuild.tmp.Qwrkh9On/Data.noindex/Test/aProject/build/aProject.build/Debug/TargetA.build/TargetA-project-headers.hmap"]), Task(forTarget: TargetB, ruleInfo: ["MkDir", "/private/var/folders/xr/m5_5rlsd6l9fk2w4ngj13k6m0000gn/T/swbuild.tmp.Qwrkh9On/Data.noindex/Test/aProject/build/Debug/TargetB.framework"]), Task(forTarget: TargetA, ruleInfo: ["SymLink", "/private/var/folders/xr/m5_5rlsd6l9fk2w4ngj13k6m0000gn/T/swbuild.tmp.Qwrkh9On/Data.noindex/Test/aProject/build/Debug/TargetA.framework/Modules", "Versions/Current/Modules"]), Task(forTarget: <none>, ruleInfo: ["SwiftExplicitDependencyCompileModuleFromInterface", "x86_64", "/private/var/folders/xr/m5_5rlsd6l9fk2w4ngj13k6m0000gn/T/swbuild.tmp.Qwrkh9On/Data.noindex/Test/aProject/build/SwiftExplicitPrecompiledModules/_StringProcessing-13GX4EAKQZW8B.swiftmodule"]), Task(forTarget: TargetA, ruleInfo: ["RegisterExecutionPolicyException", "/private/var/folders/xr/m5_5rlsd6l9fk2w4ngj13k6m0000gn/T/swbuild.tmp.Qwrkh9On/Data.noindex/Test/aProject/build/Debug/TargetA.framework"]), Task(forTarget: TargetA, ruleInfo: ["Copy", "/private/var/folders/xr/m5_5rlsd6l9fk2w4ngj13k6m0000gn/T/swbuild.tmp.Qwrkh9On/Data.noindex/Test/aProject/build/Debug/TargetA.framework/Versions/A/Modules/TargetA.swiftmodule/Project/x86_64-apple-macos.swiftsourceinfo", "/private/var/folders/xr/m5_5rlsd6l9fk2w4ngj13k6m0000gn/T/swbuild.tmp.Qwrkh9On/Data.noindex/Test/aProject/build/aProject.build/Debug/TargetA.build/Objects-normal/x86_64/TargetA.swiftsourceinfo"]), Task(forTarget: <none>, ruleInfo: ["Gate", "target-TargetB-T-TargetB-21793--copy-headers-completion"]), Task(forTarget: <none>, ruleInfo: ["Gate", "target-TargetB-T-TargetB-21793--TestEntryPointTaskProducerFactory"]), Task(forTarget: TargetA, ruleInfo: ["Gate", "target-TargetA-T-TargetA-21785--immediate"]), Task(forTarget: <none>, ruleInfo: ["Gate", "target-TargetA-T-TargetA-21785--Barrier-RegisterProduct"]), Task(forTarget: <none>, ruleInfo: ["Gate", "target-TargetB-T-TargetB-21793--Barrier-Validate"]), Task(forTarget: TargetB, ruleInfo: ["Copy", "/private/var/folders/xr/m5_5rlsd6l9fk2w4ngj13k6m0000gn/T/swbuild.tmp.Qwrkh9On/Data.noindex/Test/aProject/build/Debug/TargetB.framework/Versions/A/Modules/TargetB.swiftmodule/x86_64-apple-macos.swiftmodule", "/private/var/folders/xr/m5_5rlsd6l9fk2w4ngj13k6m0000gn/T/swbuild.tmp.Qwrkh9On/Data.noindex/Test/aProject/build/aProject.build/Debug/TargetB.build/Objects-normal/x86_64/TargetB.swiftmodule"]), Task(forTarget: TargetB, ruleInfo: ["WriteAuxiliaryFile", "/private/var/folders/xr/m5_5rlsd6l9fk2w4ngj13k6m0000gn/T/swbuild.tmp.Qwrkh9On/Data.noindex/Test/aProject/build/aProject.build/Debug/TargetB.build/TargetB-generated-files.hmap"]), Task(forTarget: TargetA, ruleInfo: ["Gate", "target-TargetA-T-TargetA-21785--begin-compiling"]), Task(forTarget: TargetA, ruleInfo: ["WriteAuxiliaryFile", "/private/var/folders/xr/m5_5rlsd6l9fk2w4ngj13k6m0000gn/T/swbuild.tmp.Qwrkh9On/Data.noindex/Test/aProject/build/aProject.build/Debug/TargetA.build/TargetA.hmap"]), Task(forTarget: TargetA, ruleInfo: ["SwiftEmitModule", "normal", "x86_64", "Emitting module for TargetA"]), Task(forTarget: TargetB, ruleInfo: ["Gate", "target-TargetB-T-TargetB-21793--begin-compiling"]), Task(forTarget: <none>, ruleInfo: ["Gate", "target-TargetB-T-TargetB-21793--SwiftPackageCopyFilesTaskProducer"]), Task(forTarget: <none>, ruleInfo: ["Gate", "target-TargetA-T-TargetA-21785--SanitizerTaskProducer"]), Task(forTarget: TargetA, ruleInfo: ["WriteAuxiliaryFile", "/private/var/folders/xr/m5_5rlsd6l9fk2w4ngj13k6m0000gn/T/swbuild.tmp.Qwrkh9On/Data.noindex/Test/aProject/build/aProject.build/Debug/TargetA.build/TargetA-own-target-headers.hmap"]), Task(forTarget: TargetA, ruleInfo: ["WriteAuxiliaryFile", "/private/var/folders/xr/m5_5rlsd6l9fk2w4ngj13k6m0000gn/T/swbuild.tmp.Qwrkh9On/Data.noindex/Test/aProject/build/aProject.build/Debug/TargetA.build/Objects-normal/x86_64/TargetA.LinkFileList"]), Task(forTarget: TargetA, ruleInfo: ["SwiftCompile", "normal", "x86_64", "Compiling fileA1.swift", "/private/var/folders/xr/m5_5rlsd6l9fk2w4ngj13k6m0000gn/T/swbuild.tmp.Qwrkh9On/Data.noindex/Test/aProject/Sources/fileA1.swift"])]
↳ Occasionally fails in CI due to SwiftExplicitDependencyCompileModuleFromInterface missing from the dependency graph
⎙ Attached 'Build Transcript.txt' to preparingWithDuplicateScriptOutput().
⎙ Attached 'Build Description.txt' to preparingWithDuplicateScriptOutput().
⎙ Attached 'Build Transcript.txt' to copySwiftLibs_postSwiftSpan_macos().
⎙ Attached 'Build Description.txt' to copySwiftLibs_postSwiftSpan_macos().
⎙ Attached 'Build Transcript.txt' to hostToolsAreSkippedDuringIndexingPreparationWhenUnapproved().
⎙ Attached 'Build Description.txt' to hostToolsAreSkippedDuringIndexingPreparationWhenUnapproved().
✔ Test hostToolsAreSkippedDuringIndexingPreparationWhenUnapproved() passed after 228.162 seconds.
⎙ Attached 'Build Transcript.txt' to copySwiftLibs_postSwiftOS_preSwiftConcurrency_macos().
⎙ Attached 'Build Description.txt' to copySwiftLibs_postSwiftOS_preSwiftConcurrency_macos().
⎙ Attached 'Build Transcript.txt' to legacyPrebuild2().
⎙ Attached 'Build Description.txt' to legacyPrebuild2().
✔ Test legacyPrebuild2() passed after 230.022 seconds.
⎙ Attached 'Build Transcript.txt' to outputParsing().
⎙ Attached 'Build Description.txt' to outputParsing().
✔ Test outputParsing() passed after 230.192 seconds.
✔ Suite CustomTaskBuildOperationTests passed after 230.215 seconds.
⎙ Attached 'Build Transcript.txt' to validateCAS().
⎙ Attached 'Build Description.txt' to validateCAS().
⎙ Attached 'Build Transcript.txt' to swiftCASLimiting().
⎙ Attached 'Build Description.txt' to swiftCASLimiting().
⎙ Attached 'Build Transcript.txt' to wrapperFileTypeMonitoring().
⎙ Attached 'Build Description.txt' to wrapperFileTypeMonitoring().
⎙ Attached 'Build Transcript.txt' to constValueExtractWMO().
⎙ Attached 'Build Description.txt' to constValueExtractWMO().
✔ Test constValueExtractWMO() passed after 233.008 seconds.
✔ Suite AppIntentsMetadataTaskConstructionTests passed after 233.029 seconds.
⎙ Attached 'Build Transcript.txt' to singleUseTaskBacktraceRecording().
⎙ Attached 'Build Description.txt' to singleUseTaskBacktraceRecording().
⎙ Attached 'Build Transcript.txt' to dSYMSwiftDependencies().
⎙ Attached 'Build Description.txt' to dSYMSwiftDependencies().
✔ Test dSYMSwiftDependencies() passed after 233.432 seconds.
⎙ Attached 'Build Transcript.txt' to swiftCachingSimple().
⎙ Attached 'Build Description.txt' to swiftCachingSimple().
⎙ Attached 'Build Transcript.txt' to copySwiftLibs_postSwiftConcurrency_macos().
⎙ Attached 'Build Description.txt' to copySwiftLibs_postSwiftConcurrency_macos().
⎙ Attached 'Build Transcript.txt' to plistStamping().
⎙ Attached 'Build Description.txt' to plistStamping().
✔ Test plistStamping() passed after 235.308 seconds.
⎙ Attached 'Build Transcript.txt' to swiftSubtaskReporting().
⎙ Attached 'Build Description.txt' to swiftSubtaskReporting().
⎙ Attached 'Build Transcript.txt' to dynamicLibraryConsumingObjectLibraryWithCodeCoverage().
⎙ Attached 'Build Description.txt' to dynamicLibraryConsumingObjectLibraryWithCodeCoverage().
⎙ Attached 'Build Transcript.txt' to consumingObjectLibrary_libtool().
⎙ Attached 'Build Description.txt' to consumingObjectLibrary_libtool().
⎙ Attached 'Build Transcript.txt' to architectureSwitching().
⎙ Attached 'Build Description.txt' to architectureSwitching().
✔ Test consumingObjectLibrary_libtool() passed after 235.514 seconds.
⎙ Attached 'Build Transcript.txt' to copySwiftLibs_postSwiftOS_macos().
⎙ Attached 'Build Description.txt' to copySwiftLibs_postSwiftOS_macos().
⎙ Attached 'Build Transcript.txt' to basicsSwift4_2().
⎙ Attached 'Build Description.txt' to basicsSwift4_2().
✔ Test basicsSwift4_2() passed after 238.181 seconds.
⎙ Attached 'Build Transcript.txt' to consumingObjectLibrary_ld().
⎙ Attached 'Build Description.txt' to consumingObjectLibrary_ld().
⎙ Attached 'Build Transcript.txt' to alternateLinkerSelection().
⎙ Attached 'Build Description.txt' to alternateLinkerSelection().
✔ Test consumingObjectLibrary_ld() passed after 238.344 seconds.
⎙ Attached 'Build Transcript.txt' to commandLineTool(linkerDriver:optimizationLevel:).
⎙ Attached 'Build Description.txt' to commandLineTool(linkerDriver:optimizationLevel:).
⎙ Attached 'Build Transcript.txt' to precompiledHeader().
⎙ Attached 'Build Description.txt' to precompiledHeader().
✔ Test precompiledHeader() passed after 240.822 seconds.
⎙ Attached 'Build Transcript.txt' to appHostedTestTargetRebuild().
⎙ Attached 'Build Description.txt' to appHostedTestTargetRebuild().
━ Test appHostedTestTargetRebuild() recorded a known issue at UnitTestBuildOperationTests.swift:760:38: Expectation failed: (_eventList → SWBTestSupport.BuildOperationTester.BuildResults.(unknown context at $11a43e644).BuildEventList).contains(event → taskHadEvent(Task(forTarget: UnitTestTarget, ruleInfo: ["SwiftCompile", "normal", "arm64", "Compiling TestOne.swift", "/private/var/folders/xr/m5_5rlsd6l9fk2w4ngj13k6m0000gn/T/swbuild.tmp.Jfd1gu5V/Data.noindex/Test/aProject/TestOne.swift"]), event: exit(exit(exitStatus: exited with status 256, metrics: nil))))
↳ event taskHadEvent(Task(forTarget: UnitTestTarget, ruleInfo: ["SwiftCompile", "normal", "arm64", "Compiling TestOne.swift", "/private/var/folders/xr/m5_5rlsd6l9fk2w4ngj13k6m0000gn/T/swbuild.tmp.Jfd1gu5V/Data.noindex/Test/aProject/TestOne.swift"]), event: exit(exit(exitStatus: exited with status 256, metrics: nil))) was not present
↳ fails due to rdar://72202535
━ Test appHostedTestTargetRebuild() recorded a known issue at UnitTestBuildOperationTests.swift:764:50: Issue recorded
↳ unable to find any task matching conditions '[Target == UnitTestTarget, RuleType == Ld]', among tasks: 'Task(forTarget: AppTarget, ruleInfo: ["CodeSign", "/private/var/folders/xr/m5_5rlsd6l9fk2w4ngj13k6m0000gn/T/swbuild.tmp.Jfd1gu5V/Data.noindex/Test/aProject/build/Debug/AppTarget.app"]),
  	Task(forTarget: AppTarget, ruleInfo: ["CodeSign", "/private/var/folders/xr/m5_5rlsd6l9fk2w4ngj13k6m0000gn/T/swbuild.tmp.Jfd1gu5V/Data.noindex/Test/aProject/build/Debug/AppTarget.app/Contents/Frameworks/Testing.framework"]),
  	Task(forTarget: AppTarget, ruleInfo: ["CodeSign", "/private/var/folders/xr/m5_5rlsd6l9fk2w4ngj13k6m0000gn/T/swbuild.tmp.Jfd1gu5V/Data.noindex/Test/aProject/build/Debug/AppTarget.app/Contents/Frameworks/XCTAutomationSupport.framework"]),
  	Task(forTarget: AppTarget, ruleInfo: ["CodeSign", "/private/var/folders/xr/m5_5rlsd6l9fk2w4ngj13k6m0000gn/T/swbuild.tmp.Jfd1gu5V/Data.noindex/Test/aProject/build/Debug/AppTarget.app/Contents/Frameworks/XCTest.framework"]),
  	Task(forTarget: AppTarget, ruleInfo: ["CodeSign", "/private/var/folders/xr/m5_5rlsd6l9fk2w4ngj13k6m0000gn/T/swbuild.tmp.Jfd1gu5V/Data.noindex/Test/aProject/build/Debug/AppTarget.app/Contents/Frameworks/XCTestCore.framework"]),
  	Task(forTarget: AppTarget, ruleInfo: ["CodeSign", "/private/var/folders/xr/m5_5rlsd6l9fk2w4ngj13k6m0000gn/T/swbuild.tmp.Jfd1gu5V/Data.noindex/Test/aProject/build/Debug/AppTarget.app/Contents/Frameworks/XCTestSupport.framework"]),
  	Task(forTarget: AppTarget, ruleInfo: ["CodeSign", "/private/var/folders/xr/m5_5rlsd6l9fk2w4ngj13k6m0000gn/T/swbuild.tmp.Jfd1gu5V/Data.noindex/Test/aProject/build/Debug/AppTarget.app/Contents/Frameworks/XCUIAutomation.framework"]),
  	Task(forTarget: AppTarget, ruleInfo: ["CodeSign", "/private/var/folders/xr/m5_5rlsd6l9fk2w4ngj13k6m0000gn/T/swbuild.tmp.Jfd1gu5V/Data.noindex/Test/aProject/build/Debug/AppTarget.app/Contents/Frameworks/XCUnit.framework"]),
  	Task(forTarget: AppTarget, ruleInfo: ["CodeSign", "/private/var/folders/xr/m5_5rlsd6l9fk2w4ngj13k6m0000gn/T/swbuild.tmp.Jfd1gu5V/Data.noindex/Test/aProject/build/Debug/AppTarget.app/Contents/Frameworks/libXCTestBundleInject.dylib"]),
  	Task(forTarget: AppTarget, ruleInfo: ["CodeSign", "/private/var/folders/xr/m5_5rlsd6l9fk2w4ngj13k6m0000gn/T/swbuild.tmp.Jfd1gu5V/Data.noindex/Test/aProject/build/Debug/AppTarget.app/Contents/Frameworks/libXCTestSwiftSupport.dylib"]),
  	Task(forTarget: AppTarget, ruleInfo: ["CompileC", "/private/var/folders/xr/m5_5rlsd6l9fk2w4ngj13k6m0000gn/T/swbuild.tmp.Jfd1gu5V/Data.noindex/Test/aProject/build/aProject.build/Debug/AppTarget.build/Objects-normal/arm64/main.o", "/private/var/folders/xr/m5_5rlsd6l9fk2w4ngj13k6m0000gn/T/swbuild.tmp.Jfd1gu5V/Data.noindex/Test/aProject/main.c", "normal", "arm64", "c", "com.apple.compilers.llvm.clang.1_0.compiler"]),
  	Task(forTarget: AppTarget, ruleInfo: ["Copy", "/private/var/folders/xr/m5_5rlsd6l9fk2w4ngj13k6m0000gn/T/swbuild.tmp.Jfd1gu5V/Data.noindex/Test/aProject/build/Debug/AppTarget.app/Contents/Frameworks/Testing.framework", "/Applications/Xcode17E.app/Contents/Developer/Platforms/MacOSX.platform/Developer/Library/Frameworks/Testing.framework"]),
  	Task(forTarget: AppTarget, ruleInfo: ["Copy", "/private/var/folders/xr/m5_5rlsd6l9fk2w4ngj13k6m0000gn/T/swbuild.tmp.Jfd1gu5V/Data.noindex/Test/aProject/build/Debug/AppTarget.app/Contents/Frameworks/XCTAutomationSupport.framework", "/Applications/Xcode17E.app/Contents/Developer/Platforms/MacOSX.platform/Developer/Library/PrivateFrameworks/XCTAutomationSupport.framework"]),
  	Task(forTarget: AppTarget, ruleInfo: ["Copy", "/private/var/folders/xr/m5_5rlsd6l9fk2w4ngj13k6m0000gn/T/swbuild.tmp.Jfd1gu5V/Data.noindex/Test/aProject/build/Debug/AppTarget.app/Contents/Frameworks/XCTest.framework", "/Applications/Xcode17E.app/Contents/Developer/Platforms/MacOSX.platform/Developer/Library/Frameworks/XCTest.framework"]),
  	Task(forTarget: AppTarget, ruleInfo: ["Copy", "/private/var/folders/xr/m5_5rlsd6l9fk2w4ngj13k6m0000gn/T/swbuild.tmp.Jfd1gu5V/Data.noindex/Test/aProject/build/Debug/AppTarget.app/Contents/Frameworks/XCTestCore.framework", "/Applications/Xcode17E.app/Contents/Developer/Platforms/MacOSX.platform/Developer/Library/PrivateFrameworks/XCTestCore.framework"]),
  	Task(forTarget: AppTarget, ruleInfo: ["Copy", "/private/var/folders/xr/m5_5rlsd6l9fk2w4ngj13k6m0000gn/T/swbuild.tmp.Jfd1gu5V/Data.noindex/Test/aProject/build/Debug/AppTarget.app/Contents/Frameworks/XCTestSupport.framework", "/Applications/Xcode17E.app/Contents/Developer/Platforms/MacOSX.platform/Developer/Library/PrivateFrameworks/XCTestSupport.framework"]),
  	Task(forTarget: AppTarget, ruleInfo: ["Copy", "/private/var/folders/xr/m5_5rlsd6l9fk2w4ngj13k6m0000gn/T/swbuild.tmp.Jfd1gu5V/Data.noindex/Test/aProject/build/Debug/AppTarget.app/Contents/Frameworks/XCUIAutomation.framework", "/Applications/Xcode17E.app/Contents/Developer/Platforms/MacOSX.platform/Developer/Library/Frameworks/XCUIAutomation.framework"]),
  	Task(forTarget: AppTarget, ruleInfo: ["Copy", "/private/var/folders/xr/m5_5rlsd6l9fk2w4ngj13k6m0000gn/T/swbuild.tmp.Jfd1gu5V/Data.noindex/Test/aProject/build/Debug/AppTarget.app/Contents/Frameworks/XCUnit.framework", "/Applications/Xcode17E.app/Contents/Developer/Platforms/MacOSX.platform/Developer/Library/PrivateFrameworks/XCUnit.framework"]),
  	Task(forTarget: AppTarget, ruleInfo: ["Copy", "/private/var/folders/xr/m5_5rlsd6l9fk2w4ngj13k6m0000gn/T/swbuild.tmp.Jfd1gu5V/Data.noindex/Test/aProject/build/Debug/AppTarget.app/Contents/Frameworks/libXCTestBundleInject.dylib", "/Applications/Xcode17E.app/Contents/Developer/Platforms/MacOSX.platform/Developer/usr/lib/libXCTestBundleInject.dylib"]),
  	Task(forTarget: AppTarget, ruleInfo: ["Copy", "/private/var/folders/xr/m5_5rlsd6l9fk2w4ngj13k6m0000gn/T/swbuild.tmp.Jfd1gu5V/Data.noindex/Test/aProject/build/Debug/AppTarget.app/Contents/Frameworks/libXCTestSwiftSupport.dylib", "/Applications/Xcode17E.app/Contents/Developer/Platforms/MacOSX.platform/Developer/usr/lib/libXCTestSwiftSupport.dylib"]),
  	Task(forTarget: AppTarget, ruleInfo: ["Copy", "/private/var/folders/xr/m5_5rlsd6l9fk2w4ngj13k6m0000gn/T/swbuild.tmp.Jfd1gu5V/Data.noindex/Test/aProject/build/Debug/AppTarget.swiftmodule/Project/arm64-apple-macos.swiftsourceinfo", "/private/var/folders/xr/m5_5rlsd6l9fk2w4ngj13k6m0000gn/T/swbuild.tmp.Jfd1gu5V/Data.noindex/Test/aProject/build/aProject.build/Debug/AppTarget.build/Objects-normal/arm64/AppTarget.swiftsourceinfo"]),
  	Task(forTarget: AppTarget, ruleInfo: ["Copy", "/private/var/folders/xr/m5_5rlsd6l9fk2w4ngj13k6m0000gn/T/swbuild.tmp.Jfd1gu5V/Data.noindex/Test/aProject/build/Debug/AppTarget.swiftmodule/arm64-apple-macos.abi.json", "/private/var/folders/xr/m5_5rlsd6l9fk2w4ngj13k6m0000gn/T/swbuild.tmp.Jfd1gu5V/Data.noindex/Test/aProject/build/aProject.build/Debug/AppTarget.build/Objects-normal/arm64/AppTarget.abi.json"]),
  	Task(forTarget: AppTarget, ruleInfo: ["Copy", "/private/var/folders/xr/m5_5rlsd6l9fk2w4ngj13k6m0000gn/T/swbuild.tmp.Jfd1gu5V/Data.noindex/Test/aProject/build/Debug/AppTarget.swiftmodule/arm64-apple-macos.swiftdoc", "/private/var/folders/xr/m5_5rlsd6l9fk2w4ngj13k6m0000gn/T/swbuild.tmp.Jfd1gu5V/Data.noindex/Test/aProject/build/aProject.build/Debug/AppTarget.build/Objects-normal/arm64/AppTarget.swiftdoc"]),
  	Task(forTarget: AppTarget, ruleInfo: ["Copy", "/private/var/folders/xr/m5_5rlsd6l9fk2w4ngj13k6m0000gn/T/swbuild.tmp.Jfd1gu5V/Data.noindex/Test/aProject/build/Debug/AppTarget.swiftmodule/arm64-apple-macos.swiftmodule", "/private/var/folders/xr/m5_5rlsd6l9fk2w4ngj13k6m0000gn/T/swbuild.tmp.Jfd1gu5V/Data.noindex/Test/aProject/build/aProject.build/Debug/AppTarget.build/Objects-normal/arm64/AppTarget.swiftmodule"]),
  	Task(forTarget: AppTarget, ruleInfo: ["CopySwiftLibs", "/private/var/folders/xr/m5_5rlsd6l9fk2w4ngj13k6m0000gn/T/swbuild.tmp.Jfd1gu5V/Data.noindex/Test/aProject/build/Debug/AppTarget.app"]),
  	Task(forTarget: AppTarget, ruleInfo: ["ExtractAppIntentsMetadata"]),
  	Task(forTarget: AppTarget, ruleInfo: ["Gate", "target-AppTarget-T-AppTarget-26817--begin-compiling"]),
  	Task(forTarget: AppTarget, ruleInfo: ["Gate", "target-AppTarget-T-AppTarget-26817--begin-linking"]),
  	Task(forTarget: AppTarget, ruleInfo: ["Gate", "target-AppTarget-T-AppTarget-26817--begin-scanning"]),
  	Task(forTarget: AppTarget, ruleInfo: ["Gate", "target-AppTarget-T-AppTarget-26817--entry"]),
  	Task(forTarget: AppTarget, ruleInfo: ["Gate", "target-AppTarget-T-AppTarget-26817--immediate"]),
  	Task(forTarget: AppTarget, ruleInfo: ["Gate", "target-AppTarget-T-AppTarget-26817--linker-inputs-ready"]),
  	Task(forTarget: AppTarget, ruleInfo: ["Gate", "target-AppTarget-T-AppTarget-26817--modules-ready"]),
  	Task(forTarget: AppTarget, ruleInfo: ["Gate", "target-AppTarget-T-AppTarget-26817--unsigned-product-ready"]),
  	Task(forTarget: AppTarget, ruleInfo: ["Gate", "target-AppTarget-T-AppTarget-26817--will-sign"]),
  	Task(forTarget: AppTarget, ruleInfo: ["Ld", "/private/var/folders/xr/m5_5rlsd6l9fk2w4ngj13k6m0000gn/T/swbuild.tmp.Jfd1gu5V/Data.noindex/Test/aProject/build/Debug/AppTarget.app/Contents/MacOS/AppTarget", "normal"]),
  	Task(forTarget: AppTarget, ruleInfo: ["MkDir", "/private/var/folders/xr/m5_5rlsd6l9fk2w4ngj13k6m0000gn/T/swbuild.tmp.Jfd1gu5V/Data.noindex/Test/aProject/build/Debug/AppTarget.app"]),
  	Task(forTarget: AppTarget, ruleInfo: ["MkDir", "/private/var/folders/xr/m5_5rlsd6l9fk2w4ngj13k6m0000gn/T/swbuild.tmp.Jfd1gu5V/Data.noindex/Test/aProject/build/Debug/AppTarget.app/Contents"]),
  	Task(forTarget: AppTarget, ruleInfo: ["MkDir", "/private/var/folders/xr/m5_5rlsd6l9fk2w4ngj13k6m0000gn/T/swbuild.tmp.Jfd1gu5V/Data.noindex/Test/aProject/build/Debug/AppTarget.app/Contents/Frameworks"]),
  	Task(forTarget: AppTarget, ruleInfo: ["MkDir", "/private/var/folders/xr/m5_5rlsd6l9fk2w4ngj13k6m0000gn/T/swbuild.tmp.Jfd1gu5V/Data.noindex/Test/aProject/build/Debug/AppTarget.app/Contents/MacOS"]),
  	Task(forTarget: AppTarget, ruleInfo: ["MkDir", "/private/var/folders/xr/m5_5rlsd6l9fk2w4ngj13k6m0000gn/T/swbuild.tmp.Jfd1gu5V/Data.noindex/Test/aProject/build/Debug/AppTarget.app/Contents/PlugIns"]),
  	Task(forTarget: AppTarget, ruleInfo: ["ProcessInfoPlistFile", "/private/var/folders/xr/m5_5rlsd6l9fk2w4ngj13k6m0000gn/T/swbuild.tmp.Jfd1gu5V/Data.noindex/Test/aProject/build/Debug/AppTarget.app/Contents/Info.plist", "/private/var/folders/xr/m5_5rlsd6l9fk2w4ngj13k6m0000gn/T/swbuild.tmp.Jfd1gu5V/Data.noindex/Test/aProject/AppTarget-Info.plist"]),
  	Task(forTarget: AppTarget, ruleInfo: ["RegisterExecutionPolicyException", "/private/var/folders/xr/m5_5rlsd6l9fk2w4ngj13k6m0000gn/T/swbuild.tmp.Jfd1gu5V/Data.noindex/Test/aProject/build/Debug/AppTarget.app"]),
  	Task(forTarget: AppTarget, ruleInfo: ["SwiftCompile", "normal", "arm64", "Compiling ClassOne.swift", "/private/var/folders/xr/m5_5rlsd6l9fk2w4ngj13k6m0000gn/T/swbuild.tmp.Jfd1gu5V/Data.noindex/Test/aProject/ClassOne.swift"]),
  	Task(forTarget: AppTarget, ruleInfo: ["SwiftDriver", "AppTarget", "normal", "arm64", "com.apple.xcode.tools.swift.compiler"]),
  	Task(forTarget: AppTarget, ruleInfo: ["SwiftDriver Compilation", "AppTarget", "normal", "arm64", "com.apple.xcode.tools.swift.compiler"]),
  	Task(forTarget: AppTarget, ruleInfo: ["SwiftDriver Compilation Requirements", "AppTarget", "normal", "arm64", "com.apple.xcode.tools.swift.compiler"]),
  	Task(forTarget: AppTarget, ruleInfo: ["SwiftEmitModule", "normal", "arm64", "Emitting module for AppTarget"]),
  	Task(forTarget: AppTarget, ruleInfo: ["SwiftMergeGeneratedHeaders", "/private/var/folders/xr/m5_5rlsd6l9fk2w4ngj13k6m0000gn/T/swbuild.tmp.Jfd1gu5V/Data.noindex/Test/aProject/build/aProject.build/Debug/AppTarget.build/DerivedSources/AppTarget-Swift.h", "/private/var/folders/xr/m5_5rlsd6l9fk2w4ngj13k6m0000gn/T/swbuild.tmp.Jfd1gu5V/Data.noindex/Test/aProject/build/aProject.build/Debug/AppTarget.build/Objects-normal/arm64/AppTarget-Swift.h"]),
  	Task(forTarget: AppTarget, ruleInfo: ["Touch", "/private/var/folders/xr/m5_5rlsd6l9fk2w4ngj13k6m0000gn/T/swbuild.tmp.Jfd1gu5V/Data.noindex/Test/aProject/build/Debug/AppTarget.app"]),
  	Task(forTarget: AppTarget, ruleInfo: ["WriteAuxiliaryFile", "/private/var/folders/xr/m5_5rlsd6l9fk2w4ngj13k6m0000gn/T/swbuild.tmp.Jfd1gu5V/Data.noindex/Test/aProject/build/aProject.build/Debug/AppTarget.build/AppTarget-all-non-framework-target-headers.hmap"]),
  	Task(forTarget: AppTarget, ruleInfo: ["WriteAuxiliaryFile", "/private/var/folders/xr/m5_5rlsd6l9fk2w4ngj13k6m0000gn/T/swbuild.tmp.Jfd1gu5V/Data.noindex/Test/aProject/build/aProject.build/Debug/AppTarget.build/AppTarget-all-target-headers.hmap"]),
  	Task(forTarget: AppTarget, ruleInfo: ["WriteAuxiliaryFile", "/private/var/folders/xr/m5_5rlsd6l9fk2w4ngj13k6m0000gn/T/swbuild.tmp.Jfd1gu5V/Data.noindex/Test/aProject/build/aProject.build/Debug/AppTarget.build/AppTarget-generated-files.hmap"]),
  	Task(forTarget: AppTarget, ruleInfo: ["WriteAuxiliaryFile", "/private/var/folders/xr/m5_5rlsd6l9fk2w4ngj13k6m0000gn/T/swbuild.tmp.Jfd1gu5V/Data.noindex/Test/aProject/build/aProject.build/Debug/AppTarget.build/AppTarget-own-target-headers.hmap"]),
  	Task(forTarget: AppTarget, ruleInfo: ["WriteAuxiliaryFile", "/private/var/folders/xr/m5_5rlsd6l9fk2w4ngj13k6m0000gn/T/swbuild.tmp.Jfd1gu5V/Data.noindex/Test/aProject/build/aProject.build/Debug/AppTarget.build/AppTarget-project-headers.hmap"]),
  	Task(forTarget: AppTarget, ruleInfo: ["WriteAuxiliaryFile", "/private/var/folders/xr/m5_5rlsd6l9fk2w4ngj13k6m0000gn/T/swbuild.tmp.Jfd1gu5V/Data.noindex/Test/aProject/build/aProject.build/Debug/AppTarget.build/AppTarget.DependencyMetadataFileList"]),
  	Task(forTarget: AppTarget, ruleInfo: ["WriteAuxiliaryFile", "/private/var/folders/xr/m5_5rlsd6l9fk2w4ngj13k6m0000gn/T/swbuild.tmp.Jfd1gu5V/Data.noindex/Test/aProject/build/aProject.build/Debug/AppTarget.build/AppTarget.DependencyStaticMetadataFileList"]),
  	Task(forTarget: AppTarget, ruleInfo: ["WriteAuxiliaryFile", "/private/var/folders/xr/m5_5rlsd6l9fk2w4ngj13k6m0000gn/T/swbuild.tmp.Jfd1gu5V/Data.noindex/Test/aProject/build/aProject.build/Debug/AppTarget.build/AppTarget.hmap"]),
  	Task(forTarget: AppTarget, ruleInfo: ["WriteAuxiliaryFile", "/private/var/folders/xr/m5_5rlsd6l9fk2w4ngj13k6m0000gn/T/swbuild.tmp.Jfd1gu5V/Data.noindex/Test/aProject/build/aProject.build/Debug/AppTarget.build/Objects-normal/arm64/7187679823f38a2a940e0043cdf9d637-common-args.resp"]),
  	Task(forTarget: AppTarget, ruleInfo: ["WriteAuxiliaryFile", "/private/var/folders/xr/m5_5rlsd6l9fk2w4ngj13k6m0000gn/T/swbuild.tmp.Jfd1gu5V/Data.noindex/Test/aProject/build/aProject.build/Debug/AppTarget.build/Objects-normal/arm64/AppTarget-OutputFileMap.json"]),
  	Task(forTarget: AppTarget, ruleInfo: ["WriteAuxiliaryFile", "/private/var/folders/xr/m5_5rlsd6l9fk2w4ngj13k6m0000gn/T/swbuild.tmp.Jfd1gu5V/Data.noindex/Test/aProject/build/aProject.build/Debug/AppTarget.build/Objects-normal/arm64/AppTarget.LinkFileList"]),
  	Task(forTarget: AppTarget, ruleInfo: ["WriteAuxiliaryFile", "/private/var/folders/xr/m5_5rlsd6l9fk2w4ngj13k6m0000gn/T/swbuild.tmp.Jfd1gu5V/Data.noindex/Test/aProject/build/aProject.build/Debug/AppTarget.build/Objects-normal/arm64/AppTarget.SwiftConstValuesFileList"]),
  	Task(forTarget: AppTarget, ruleInfo: ["WriteAuxiliaryFile", "/private/var/folders/xr/m5_5rlsd6l9fk2w4ngj13k6m0000gn/T/swbuild.tmp.Jfd1gu5V/Data.noindex/Test/aProject/build/aProject.build/Debug/AppTarget.build/Objects-normal/arm64/AppTarget.SwiftFileList"]),
  	Task(forTarget: AppTarget, ruleInfo: ["WriteAuxiliaryFile", "/private/var/folders/xr/m5_5rlsd6l9fk2w4ngj13k6m0000gn/T/swbuild.tmp.Jfd1gu5V/Data.noindex/Test/aProject/build/aProject.build/Debug/AppTarget.build/Objects-normal/arm64/AppTarget_const_extract_protocols.json"]),
  	Task(forTarget: UnitTestTarget, ruleInfo: ["Copy", "/private/var/folders/xr/m5_5rlsd6l9fk2w4ngj13k6m0000gn/T/swbuild.tmp.Jfd1gu5V/Data.noindex/Test/aProject/build/Debug/UnitTestTarget.swiftmodule/Project/arm64-apple-macos.swiftsourceinfo", "/private/var/folders/xr/m5_5rlsd6l9fk2w4ngj13k6m0000gn/T/swbuild.tmp.Jfd1gu5V/Data.noindex/Test/aProject/build/aProject.build/Debug/UnitTestTarget.build/Objects-normal/arm64/UnitTestTarget.swiftsourceinfo"]),
  	Task(forTarget: UnitTestTarget, ruleInfo: ["Copy", "/private/var/folders/xr/m5_5rlsd6l9fk2w4ngj13k6m0000gn/T/swbuild.tmp.Jfd1gu5V/Data.noindex/Test/aProject/build/Debug/UnitTestTarget.swiftmodule/arm64-apple-macos.abi.json", "/private/var/folders/xr/m5_5rlsd6l9fk2w4ngj13k6m0000gn/T/swbuild.tmp.Jfd1gu5V/Data.noindex/Test/aProject/build/aProject.build/Debug/UnitTestTarget.build/Objects-normal/arm64/UnitTestTarget.abi.json"]),
  	Task(forTarget: UnitTestTarget, ruleInfo: ["Copy", "/private/var/folders/xr/m5_5rlsd6l9fk2w4ngj13k6m0000gn/T/swbuild.tmp.Jfd1gu5V/Data.noindex/Test/aProject/build/Debug/UnitTestTarget.swiftmodule/arm64-apple-macos.swiftdoc", "/private/var/folders/xr/m5_5rlsd6l9fk2w4ngj13k6m0000gn/T/swbuild.tmp.Jfd1gu5V/Data.noindex/Test/aProject/build/aProject.build/Debug/UnitTestTarget.build/Objects-normal/arm64/UnitTestTarget.swiftdoc"]),
  	Task(forTarget: UnitTestTarget, ruleInfo: ["Copy", "/private/var/folders/xr/m5_5rlsd6l9fk2w4ngj13k6m0000gn/T/swbuild.tmp.Jfd1gu5V/Data.noindex/Test/aProject/build/Debug/UnitTestTarget.swiftmodule/arm64-apple-macos.swiftmodule", "/private/var/folders/xr/m5_5rlsd6l9fk2w4ngj13k6m0000gn/T/swbuild.tmp.Jfd1gu5V/Data.noindex/Test/aProject/build/aProject.build/Debug/UnitTestTarget.build/Objects-normal/arm64/UnitTestTarget.swiftmodule"]),
  	Task(forTarget: UnitTestTarget, ruleInfo: ["Gate", "target-UnitTestTarget-T-UnitTestTarget-26811--begin-compiling"]),
  	Task(forTarget: UnitTestTarget, ruleInfo: ["Gate", "target-UnitTestTarget-T-UnitTestTarget-26811--begin-linking"]),
  	Task(forTarget: UnitTestTarget, ruleInfo: ["Gate", "target-UnitTestTarget-T-UnitTestTarget-26811--begin-scanning"]),
  	Task(forTarget: UnitTestTarget, ruleInfo: ["Gate", "target-UnitTestTarget-T-UnitTestTarget-26811--entry"]),
  	Task(forTarget: UnitTestTarget, ruleInfo: ["Gate", "target-UnitTestTarget-T-UnitTestTarget-26811--immediate"]),
  	Task(forTarget: UnitTestTarget, ruleInfo: ["Gate", "target-UnitTestTarget-T-UnitTestTarget-26811--modules-ready"]),
  	Task(forTarget: UnitTestTarget, ruleInfo: ["Gate", "target-UnitTestTarget-T-UnitTestTarget-26811--will-sign"]),
  	Task(forTarget: UnitTestTarget, ruleInfo: ["MkDir", "/private/var/folders/xr/m5_5rlsd6l9fk2w4ngj13k6m0000gn/T/swbuild.tmp.Jfd1gu5V/Data.noindex/Test/aProject/build/Debug/AppTarget.app/Contents/PlugIns/UnitTestTarget.xctest"]),
  	Task(forTarget: UnitTestTarget, ruleInfo: ["MkDir", "/private/var/folders/xr/m5_5rlsd6l9fk2w4ngj13k6m0000gn/T/swbuild.tmp.Jfd1gu5V/Data.noindex/Test/aProject/build/Debug/AppTarget.app/Contents/PlugIns/UnitTestTarget.xctest/Contents"]),
  	Task(forTarget: UnitTestTarget, ruleInfo: ["MkDir", "/private/var/folders/xr/m5_5rlsd6l9fk2w4ngj13k6m0000gn/T/swbuild.tmp.Jfd1gu5V/Data.noindex/Test/aProject/build/Debug/AppTarget.app/Contents/PlugIns/UnitTestTarget.xctest/Contents/MacOS"]),
  	Task(forTarget: UnitTestTarget, ruleInfo: ["ProcessInfoPlistFile", "/private/var/folders/xr/m5_5rlsd6l9fk2w4ngj13k6m0000gn/T/swbuild.tmp.Jfd1gu5V/Data.noindex/Test/aProject/build/Debug/AppTarget.app/Contents/PlugIns/UnitTestTarget.xctest/Contents/Info.plist", "/private/var/folders/xr/m5_5rlsd6l9fk2w4ngj13k6m0000gn/T/swbuild.tmp.Jfd1gu5V/Data.noindex/Test/aProject/UnitTestTarget-Info.plist"]),
  	Task(forTarget: UnitTestTarget, ruleInfo: ["RegisterExecutionPolicyException", "/private/var/folders/xr/m5_5rlsd6l9fk2w4ngj13k6m0000gn/T/swbuild.tmp.Jfd1gu5V/Data.noindex/Test/aProject/build/Debug/AppTarget.app/Contents/PlugIns/UnitTestTarget.xctest"]),
  	Task(forTarget: UnitTestTarget, ruleInfo: ["SwiftCompile", "normal", "arm64", "Compiling TestOne.swift", "/private/var/folders/xr/m5_5rlsd6l9fk2w4ngj13k6m0000gn/T/swbuild.tmp.Jfd1gu5V/Data.noindex/Test/aProject/TestOne.swift"]),
  	Task(forTarget: UnitTestTarget, ruleInfo: ["SwiftDriver", "UnitTestTarget", "normal", "arm64", "com.apple.xcode.tools.swift.compiler"]),
  	Task(forTarget: UnitTestTarget, ruleInfo: ["SwiftDriver Compilation", "UnitTestTarget", "normal", "arm64", "com.apple.xcode.tools.swift.compiler"]),
  	Task(forTarget: UnitTestTarget, ruleInfo: ["SwiftDriver Compilation Requirements", "UnitTestTarget", "normal", "arm64", "com.apple.xcode.tools.swift.compiler"]),
  	Task(forTarget: UnitTestTarget, ruleInfo: ["SwiftEmitModule", "normal", "arm64", "Emitting module for UnitTestTarget"]),
  	Task(forTarget: UnitTestTarget, ruleInfo: ["SwiftMergeGeneratedHeaders", "/private/var/folders/xr/m5_5rlsd6l9fk2w4ngj13k6m0000gn/T/swbuild.tmp.Jfd1gu5V/Data.noindex/Test/aProject/build/aProject.build/Debug/UnitTestTarget.build/DerivedSources/UnitTestTarget-Swift.h", "/private/var/folders/xr/m5_5rlsd6l9fk2w4ngj13k6m0000gn/T/swbuild.tmp.Jfd1gu5V/Data.noindex/Test/aProject/build/aProject.build/Debug/UnitTestTarget.build/Objects-normal/arm64/UnitTestTarget-Swift.h"]),
  	Task(forTarget: UnitTestTarget, ruleInfo: ["Touch", "/private/var/folders/xr/m5_5rlsd6l9fk2w4ngj13k6m0000gn/T/swbuild.tmp.Jfd1gu5V/Data.noindex/Test/aProject/build/Debug/AppTarget.app/Contents/PlugIns/UnitTestTarget.xctest"]),
  	Task(forTarget: UnitTestTarget, ruleInfo: ["WriteAuxiliaryFile", "/private/var/folders/xr/m5_5rlsd6l9fk2w4ngj13k6m0000gn/T/swbuild.tmp.Jfd1gu5V/Data.noindex/Test/aProject/build/aProject.build/Debug/UnitTestTarget.build/Objects-normal/arm64/UnitTestTarget-OutputFileMap.json"]),
  	Task(forTarget: UnitTestTarget, ruleInfo: ["WriteAuxiliaryFile", "/private/var/folders/xr/m5_5rlsd6l9fk2w4ngj13k6m0000gn/T/swbuild.tmp.Jfd1gu5V/Data.noindex/Test/aProject/build/aProject.build/Debug/UnitTestTarget.build/Objects-normal/arm64/UnitTestTarget.LinkFileList"]),
  	Task(forTarget: UnitTestTarget, ruleInfo: ["WriteAuxiliaryFile", "/private/var/folders/xr/m5_5rlsd6l9fk2w4ngj13k6m0000gn/T/swbuild.tmp.Jfd1gu5V/Data.noindex/Test/aProject/build/aProject.build/Debug/UnitTestTarget.build/Objects-normal/arm64/UnitTestTarget.SwiftConstValuesFileList"]),
  	Task(forTarget: UnitTestTarget, ruleInfo: ["WriteAuxiliaryFile", "/private/var/folders/xr/m5_5rlsd6l9fk2w4ngj13k6m0000gn/T/swbuild.tmp.Jfd1gu5V/Data.noindex/Test/aProject/build/aProject.build/Debug/UnitTestTarget.build/Objects-normal/arm64/UnitTestTarget.SwiftFileList"]),
  	Task(forTarget: UnitTestTarget, ruleInfo: ["WriteAuxiliaryFile", "/private/var/folders/xr/m5_5rlsd6l9fk2w4ngj13k6m0000gn/T/swbuild.tmp.Jfd1gu5V/Data.noindex/Test/aProject/build/aProject.build/Debug/UnitTestTarget.build/Objects-normal/arm64/UnitTestTarget_const_extract_protocols.json"]),
  	Task(forTarget: UnitTestTarget, ruleInfo: ["WriteAuxiliaryFile", "/private/var/folders/xr/m5_5rlsd6l9fk2w4ngj13k6m0000gn/T/swbuild.tmp.Jfd1gu5V/Data.noindex/Test/aProject/build/aProject.build/Debug/UnitTestTarget.build/UnitTestTarget-all-non-framework-target-headers.hmap"]),
  	Task(forTarget: UnitTestTarget, ruleInfo: ["WriteAuxiliaryFile", "/private/var/folders/xr/m5_5rlsd6l9fk2w4ngj13k6m0000gn/T/swbuild.tmp.Jfd1gu5V/Data.noindex/Test/aProject/build/aProject.build/Debug/UnitTestTarget.build/UnitTestTarget-all-target-headers.hmap"]),
  	Task(forTarget: UnitTestTarget, ruleInfo: ["WriteAuxiliaryFile", "/private/var/folders/xr/m5_5rlsd6l9fk2w4ngj13k6m0000gn/T/swbuild.tmp.Jfd1gu5V/Data.noindex/Test/aProject/build/aProject.build/Debug/UnitTestTarget.build/UnitTestTarget-generated-files.hmap"]),
  	Task(forTarget: UnitTestTarget, ruleInfo: ["WriteAuxiliaryFile", "/private/var/folders/xr/m5_5rlsd6l9fk2w4ngj13k6m0000gn/T/swbuild.tmp.Jfd1gu5V/Data.noindex/Test/aProject/build/aProject.build/Debug/UnitTestTarget.build/UnitTestTarget-own-target-headers.hmap"]),
  	Task(forTarget: UnitTestTarget, ruleInfo: ["WriteAuxiliaryFile", "/private/var/folders/xr/m5_5rlsd6l9fk2w4ngj13k6m0000gn/T/swbuild.tmp.Jfd1gu5V/Data.noindex/Test/aProject/build/aProject.build/Debug/UnitTestTarget.build/UnitTestTarget-project-headers.hmap"]),
  	Task(forTarget: UnitTestTarget, ruleInfo: ["WriteAuxiliaryFile", "/private/var/folders/xr/m5_5rlsd6l9fk2w4ngj13k6m0000gn/T/swbuild.tmp.Jfd1gu5V/Data.noindex/Test/aProject/build/aProject.build/Debug/UnitTestTarget.build/UnitTestTarget.DependencyMetadataFileList"]),
  	Task(forTarget: UnitTestTarget, ruleInfo: ["WriteAuxiliaryFile", "/private/var/folders/xr/m5_5rlsd6l9fk2w4ngj13k6m0000gn/T/swbuild.tmp.Jfd1gu5V/Data.noindex/Test/aProject/build/aProject.build/Debug/UnitTestTarget.build/UnitTestTarget.DependencyStaticMetadataFileList"]),
  	Task(forTarget: UnitTestTarget, ruleInfo: ["WriteAuxiliaryFile", "/private/var/folders/xr/m5_5rlsd6l9fk2w4ngj13k6m0000gn/T/swbuild.tmp.Jfd1gu5V/Data.noindex/Test/aProject/build/aProject.build/Debug/UnitTestTarget.build/UnitTestTarget.hmap"]),
  	Task(forTarget: <none>, ruleInfo: ["ClangStatCache", "/Applications/Xcode17E.app/Contents/Developer/Toolchains/XcodeDefault.xctoolchain/usr/bin/clang-stat-cache", "/Applications/Xcode17E.app/Contents/Developer/Platforms/MacOSX.platform/Developer/SDKs/MacOSX26.4.sdk", "/private/var/folders/xr/m5_5rlsd6l9fk2w4ngj13k6m0000gn/T/swbuild.tmp.Jfd1gu5V/Data.noindex/Test/SDKStatCaches.noindex/macosx26.4-25E260-95aa6cf8f3effd57bda17e0c125410c0.sdkstatcache"]),
  	Task(forTarget: <none>, ruleInfo: ["CreateBuildDirectory", "/private/var/folders/xr/m5_5rlsd6l9fk2w4ngj13k6m0000gn/T/swbuild.tmp.Jfd1gu5V/Data.noindex/Test/aProject/build"]),
  	Task(forTarget: <none>, ruleInfo: ["CreateBuildDirectory", "/private/var/folders/xr/m5_5rlsd6l9fk2w4ngj13k6m0000gn/T/swbuild.tmp.Jfd1gu5V/Data.noindex/Test/aProject/build/Debug"]),
  	Task(forTarget: <none>, ruleInfo: ["CreateBuildDirectory", "/private/var/folders/xr/m5_5rlsd6l9fk2w4ngj13k6m0000gn/T/swbuild.tmp.Jfd1gu5V/Data.noindex/Test/aProject/build/EagerLinkingTBDs/Debug"]),
  	Task(forTarget: <none>, ruleInfo: ["CreateBuildDirectory", "/private/var/folders/xr/m5_5rlsd6l9fk2w4ngj13k6m0000gn/T/swbuild.tmp.Jfd1gu5V/Data.noindex/Test/aProject/build/ExplicitPrecompiledModules"]),
  	Task(forTarget: <none>, ruleInfo: ["CreateBuildDirectory", "/private/var/folders/xr/m5_5rlsd6l9fk2w4ngj13k6m0000gn/T/swbuild.tmp.Jfd1gu5V/Data.noindex/Test/aProject/build/SharedPrecompiledHeaders"]),
  	Task(forTarget: <none>, ruleInfo: ["CreateBuildDirectory", "/private/var/folders/xr/m5_5rlsd6l9fk2w4ngj13k6m0000gn/T/swbuild.tmp.Jfd1gu5V/Data.noindex/Test/aProject/build/SwiftExplicitPrecompiledModules"]),
  	Task(forTarget: <none>, ruleInfo: ["CreateBuildDirectory", "/var/folders/xr/m5_5rlsd6l9fk2w4ngj13k6m0000gn/C/com.apple.DeveloperTools/26.4.1-17E202/Xcode/CompilationCache.noindex"]),
  	Task(forTarget: <none>, ruleInfo: ["Gate", "WorkspaceHeaderMapVFSFilesWritten"]),
  	Task(forTarget: <none>, ruleInfo: ["Gate", "target-AppTarget-T-AppTarget-26817--AppExtensionInfoPlistGeneratorTaskProducer"]),
  	Task(forTarget: <none>, ruleInfo: ["Gate", "target-AppTarget-T-AppTarget-26817--AppIntentsMetadataTaskProducer"]),
  	Task(forTarget: <none>, ruleInfo: ["Gate", "target-AppTarget-T-AppTarget-26817--Barrier-ChangeAlternatePermissions"]),
  	Task(forTarget: <none>, ruleInfo: ["Gate", "target-AppTarget-T-AppTarget-26817--Barrier-ChangePermissions"]),
  	Task(forTarget: <none>, ruleInfo: ["Gate", "target-AppTarget-T-AppTarget-26817--Barrier-CopyAside"]),
  	Task(forTarget: <none>, ruleInfo: ["Gate", "target-AppTarget-T-AppTarget-26817--Barrier-GenerateStubAPI"]),
  	Task(forTarget: <none>, ruleInfo: ["Gate", "target-AppTarget-T-AppTarget-26817--Barrier-RegisterExecutionPolicyException"]),
  	Task(forTarget: <none>, ruleInfo: ["Gate", "target-AppTarget-T-AppTarget-26817--Barrier-StripSymbols"]),
  	Task(forTarget: <none>, ruleInfo: ["Gate", "target-AppTarget-T-AppTarget-26817--CopySwiftPackageResourcesTaskProducer"]),
  	Task(forTarget: <none>, ruleInfo: ["Gate", "target-AppTarget-T-AppTarget-26817--CustomTaskProducer"]),
  	Task(forTarget: <none>, ruleInfo: ["Gate", "target-AppTarget-T-AppTarget-26817--DocumentationTaskProducer"]),
  	Task(forTarget: <none>, ruleInfo: ["Gate", "target-AppTarget-T-AppTarget-26817--ExtensionPointExtractorTaskProducer"]),
  	Task(forTarget: <none>, ruleInfo: ["Gate", "target-AppTarget-T-AppTarget-26817--GenerateAppPlaygroundAssetCatalogTaskProducer"]),
  	Task(forTarget: <none>, ruleInfo: ["Gate", "target-AppTarget-T-AppTarget-26817--GeneratedFilesTaskProducer"]),
  	Task(forTarget: <none>, ruleInfo: ["Gate", "target-AppTarget-T-AppTarget-26817--HeadermapTaskProducer"]),
  	Task(forTarget: <none>, ruleInfo: ["Gate", "target-AppTarget-T-AppTarget-26817--InfoPlistTaskProducer"]),
  	Task(forTarget: <none>, ruleInfo: ["Gate", "target-AppTarget-T-AppTarget-26817--ModuleMapTaskProducer"]),
  	Task(forTarget: <none>, ruleInfo: ["Gate", "target-AppTarget-T-AppTarget-26817--ModuleVerifierTaskProducer"]),
  	Task(forTarget: <none>, ruleInfo: ["Gate", "target-AppTarget-T-AppTarget-26817--ProductPostprocessingTaskProducer"]),
  	Task(forTarget: <none>, ruleInfo: ["Gate", "target-AppTarget-T-AppTarget-26817--ProductStructureTaskProducer"]),
  	Task(forTarget: <none>, ruleInfo: ["Gate", "target-AppTarget-T-AppTarget-26817--RealityAssetsTaskProducer"]),
  	Task(forTarget: <none>, ruleInfo: ["Gate", "target-AppTarget-T-AppTarget-26817--SanitizerTaskProducer"]),
  	Task(forTarget: <none>, ruleInfo: ["Gate", "target-AppTarget-T-AppTarget-26817--StubBinaryTaskProducer"]),
  	Task(forTarget: <none>, ruleInfo: ["Gate", "target-AppTarget-T-AppTarget-26817--SwiftABIBaselineGenerationTaskProducer"]),
  	Task(forTarget: <none>, ruleInfo: ["Gate", "target-AppTarget-T-AppTarget-26817--SwiftFrameworkABICheckerTaskProducer"]),
  	Task(forTarget: <none>, ruleInfo: ["Gate", "target-AppTarget-T-AppTarget-26817--SwiftPackageCopyFilesTaskProducer"]),
  	Task(forTarget: <none>, ruleInfo: ["Gate", "target-AppTarget-T-AppTarget-26817--SwiftStandardLibrariesTaskProducer"]),
  	Task(forTarget: <none>, ruleInfo: ["Gate", "target-AppTarget-T-AppTarget-26817--TAPISymbolExtractorTaskProducer"]),
  	Task(forTarget: <none>, ruleInfo: ["Gate", "target-AppTarget-T-AppTarget-26817--TestEntryPointTaskProducerFactory"]),
  	Task(forTarget: <none>, ruleInfo: ["Gate", "target-AppTarget-T-AppTarget-26817--TestHostTaskProducer"]),
  	Task(forTarget: <none>, ruleInfo: ["Gate", "target-AppTarget-T-AppTarget-26817--TestTargetPostprocessingTaskProducer"]),
  	Task(forTarget: <none>, ruleInfo: ["Gate", "target-AppTarget-T-AppTarget-26817--TestTargetTaskProducer"]),
  	Task(forTarget: <none>, ruleInfo: ["Gate", "target-AppTarget-T-AppTarget-26817--copy-headers-completion"]),
  	Task(forTarget: <none>, ruleInfo: ["Gate", "target-AppTarget-T-AppTarget-26817--fused-phase0-compile-sources"]),
  	Task(forTarget: <none>, ruleInfo: ["Gate", "target-AppTarget-T-AppTarget-26817--generated-headers"]),
  	Task(forTarget: <none>, ruleInfo: ["Gate", "target-AppTarget-T-AppTarget-26817--swift-generated-headers"]),
  	Task(forTarget: <none>, ruleInfo: ["Gate", "target-UnitTestTarget-T-UnitTestTarget-26811--AppExtensionInfoPlistGeneratorTaskProducer"]),
  	Task(forTarget: <none>, ruleInfo: ["Gate", "target-UnitTestTarget-T-UnitTestTarget-26811--Barrier-ChangeAlternatePermissions"]),
  	Task(forTarget: <none>, ruleInfo: ["Gate", "target-UnitTestTarget-T-UnitTestTarget-26811--Barrier-ChangePermissions"]),
  	Task(forTarget: <none>, ruleInfo: ["Gate", "target-UnitTestTarget-T-UnitTestTarget-26811--Barrier-CopyAside"]),
  	Task(forTarget: <none>, ruleInfo: ["Gate", "target-UnitTestTarget-T-UnitTestTarget-26811--Barrier-GenerateStubAPI"]),
  	Task(forTarget: <none>, ruleInfo: ["Gate", "target-UnitTestTarget-T-UnitTestTarget-26811--Barrier-RegisterExecutionPolicyException"]),
  	Task(forTarget: <none>, ruleInfo: ["Gate", "target-UnitTestTarget-T-UnitTestTarget-26811--Barrier-RegisterProduct"]),
  	Task(forTarget: <none>, ruleInfo: ["Gate", "target-UnitTestTarget-T-UnitTestTarget-26811--Barrier-StripSymbols"]),
  	Task(forTarget: <none>, ruleInfo: ["Gate", "target-UnitTestTarget-T-UnitTestTarget-26811--Barrier-Validate"]),
  	Task(forTarget: <none>, ruleInfo: ["Gate", "target-UnitTestTarget-T-UnitTestTarget-26811--CopySwiftPackageResourcesTaskProducer"]),
  	Task(forTarget: <none>, ruleInfo: ["Gate", "target-UnitTestTarget-T-UnitTestTarget-26811--CustomTaskProducer"]),
  	Task(forTarget: <none>, ruleInfo: ["Gate", "target-UnitTestTarget-T-UnitTestTarget-26811--DocumentationTaskProducer"]),
  	Task(forTarget: <none>, ruleInfo: ["Gate", "target-UnitTestTarget-T-UnitTestTarget-26811--ExtensionPointExtractorTaskProducer"]),
  	Task(forTarget: <none>, ruleInfo: ["Gate", "target-UnitTestTarget-T-UnitTestTarget-26811--GenerateAppPlaygroundAssetCatalogTaskProducer"]),
  	Task(forTarget: <none>, ruleInfo: ["Gate", "target-UnitTestTarget-T-UnitTestTarget-26811--GeneratedFilesTaskProducer"]),
  	Task(forTarget: <none>, ruleInfo: ["Gate", "target-UnitTestTarget-T-UnitTestTarget-26811--HeadermapTaskProducer"]),
  	Task(forTarget: <none>, ruleInfo: ["Gate", "target-UnitTestTarget-T-UnitTestTarget-26811--InfoPlistTaskProducer"]),
  	Task(forTarget: <none>, ruleInfo: ["Gate", "target-UnitTestTarget-T-UnitTestTarget-26811--ModuleMapTaskProducer"]),
  	Task(forTarget: <none>, ruleInfo: ["Gate", "target-UnitTestTarget-T-UnitTestTarget-26811--ModuleVerifierTaskProducer"]),
  	Task(forTarget: <none>, ruleInfo: ["Gate", "target-UnitTestTarget-T-UnitTestTarget-26811--ProductPostprocessingTaskProducer"]),
  	Task(forTarget: <none>, ruleInfo: ["Gate", "target-UnitTestTarget-T-UnitTestTarget-26811--ProductStructureTaskProducer"]),
  	Task(forTarget: <none>, ruleInfo: ["Gate", "target-UnitTestTarget-T-UnitTestTarget-26811--RealityAssetsTaskProducer"]),
  	Task(forTarget: <none>, ruleInfo: ["Gate", "target-UnitTestTarget-T-UnitTestTarget-26811--SanitizerTaskProducer"]),
  	Task(forTarget: <none>, ruleInfo: ["Gate", "target-UnitTestTarget-T-UnitTestTarget-26811--StubBinaryTaskProducer"]),
  	Task(forTarget: <none>, ruleInfo: ["Gate", "target-UnitTestTarget-T-UnitTestTarget-26811--SwiftABIBaselineGenerationTaskProducer"]),
  	Task(forTarget: <none>, ruleInfo: ["Gate", "target-UnitTestTarget-T-UnitTestTarget-26811--SwiftFrameworkABICheckerTaskProducer"]),
  	Task(forTarget: <none>, ruleInfo: ["Gate", "target-UnitTestTarget-T-UnitTestTarget-26811--SwiftPackageCopyFilesTaskProducer"]),
  	Task(forTarget: <none>, ruleInfo: ["Gate", "target-UnitTestTarget-T-UnitTestTarget-26811--TAPISymbolExtractorTaskProducer"]),
  	Task(forTarget: <none>, ruleInfo: ["Gate", "target-UnitTestTarget-T-UnitTestTarget-26811--TestEntryPointTaskProducerFactory"]),
  	Task(forTarget: <none>, ruleInfo: ["Gate", "target-UnitTestTarget-T-UnitTestTarget-26811--TestHostTaskProducer"]),
  	Task(forTarget: <none>, ruleInfo: ["Gate", "target-UnitTestTarget-T-UnitTestTarget-26811--TestTargetPostprocessingTaskProducer"]),
  	Task(forTarget: <none>, ruleInfo: ["Gate", "target-UnitTestTarget-T-UnitTestTarget-26811--TestTargetTaskProducer"]),
  	Task(forTarget: <none>, ruleInfo: ["Gate", "target-UnitTestTarget-T-UnitTestTarget-26811--copy-headers-completion"]),
  	Task(forTarget: <none>, ruleInfo: ["Gate", "target-UnitTestTarget-T-UnitTestTarget-26811--generated-headers"]),
  	Task(forTarget: <none>, ruleInfo: ["Gate", "target-UnitTestTarget-T-UnitTestTarget-26811--swift-generated-headers"]),
  	Task(forTarget: <none>, ruleInfo: ["SwiftExplicitDependencyGeneratePcm", "arm64", "/private/var/folders/xr/m5_5rlsd6l9fk2w4ngj13k6m0000gn/T/swbuild.tmp.Jfd1gu5V/Data.noindex/Test/aProject/build/SwiftExplicitPrecompiledModules/SwiftShims-DRL5VEKIHSH2Z2KHL6TOUWGDD.pcm"]),
  	Task(forTarget: <none>, ruleInfo: ["SwiftExplicitDependencyGeneratePcm", "arm64", "/private/var/folders/xr/m5_5rlsd6l9fk2w4ngj13k6m0000gn/T/swbuild.tmp.Jfd1gu5V/Data.noindex/Test/aProject/build/SwiftExplicitPrecompiledModules/_SwiftConcurrencyShims-BGZN6I2CF9JEAAHWVHP4OAUFM.pcm"]),
  	Task(forTarget: <none>, ruleInfo: ["WriteAuxiliaryFile", "/private/var/folders/xr/m5_5rlsd6l9fk2w4ngj13k6m0000gn/T/swbuild.tmp.Jfd1gu5V/Data.noindex/Test/aProject/build/aProject.build/Debug/aProject-P26818-VFS/all-product-headers.yaml"])'
↳ fails due to rdar://72202535
━ Test appHostedTestTargetRebuild() recorded a known issue at UnitTestBuildOperationTests.swift:767:50: Issue recorded
↳ unable to find any task matching conditions '[Target == UnitTestTarget, RuleType == CodeSign]', among tasks: 'Task(forTarget: AppTarget, ruleInfo: ["CodeSign", "/private/var/folders/xr/m5_5rlsd6l9fk2w4ngj13k6m0000gn/T/swbuild.tmp.Jfd1gu5V/Data.noindex/Test/aProject/build/Debug/AppTarget.app"]),
  	Task(forTarget: AppTarget, ruleInfo: ["CodeSign", "/private/var/folders/xr/m5_5rlsd6l9fk2w4ngj13k6m0000gn/T/swbuild.tmp.Jfd1gu5V/Data.noindex/Test/aProject/build/Debug/AppTarget.app/Contents/Frameworks/Testing.framework"]),
  	Task(forTarget: AppTarget, ruleInfo: ["CodeSign", "/private/var/folders/xr/m5_5rlsd6l9fk2w4ngj13k6m0000gn/T/swbuild.tmp.Jfd1gu5V/Data.noindex/Test/aProject/build/Debug/AppTarget.app/Contents/Frameworks/XCTAutomationSupport.framework"]),
  	Task(forTarget: AppTarget, ruleInfo: ["CodeSign", "/private/var/folders/xr/m5_5rlsd6l9fk2w4ngj13k6m0000gn/T/swbuild.tmp.Jfd1gu5V/Data.noindex/Test/aProject/build/Debug/AppTarget.app/Contents/Frameworks/XCTest.framework"]),
  	Task(forTarget: AppTarget, ruleInfo: ["CodeSign", "/private/var/folders/xr/m5_5rlsd6l9fk2w4ngj13k6m0000gn/T/swbuild.tmp.Jfd1gu5V/Data.noindex/Test/aProject/build/Debug/AppTarget.app/Contents/Frameworks/XCTestCore.framework"]),
  	Task(forTarget: AppTarget, ruleInfo: ["CodeSign", "/private/var/folders/xr/m5_5rlsd6l9fk2w4ngj13k6m0000gn/T/swbuild.tmp.Jfd1gu5V/Data.noindex/Test/aProject/build/Debug/AppTarget.app/Contents/Frameworks/XCTestSupport.framework"]),
  	Task(forTarget: AppTarget, ruleInfo: ["CodeSign", "/private/var/folders/xr/m5_5rlsd6l9fk2w4ngj13k6m0000gn/T/swbuild.tmp.Jfd1gu5V/Data.noindex/Test/aProject/build/Debug/AppTarget.app/Contents/Frameworks/XCUIAutomation.framework"]),
  	Task(forTarget: AppTarget, ruleInfo: ["CodeSign", "/private/var/folders/xr/m5_5rlsd6l9fk2w4ngj13k6m0000gn/T/swbuild.tmp.Jfd1gu5V/Data.noindex/Test/aProject/build/Debug/AppTarget.app/Contents/Frameworks/XCUnit.framework"]),
  	Task(forTarget: AppTarget, ruleInfo: ["CodeSign", "/private/var/folders/xr/m5_5rlsd6l9fk2w4ngj13k6m0000gn/T/swbuild.tmp.Jfd1gu5V/Data.noindex/Test/aProject/build/Debug/AppTarget.app/Contents/Frameworks/libXCTestBundleInject.dylib"]),
  	Task(forTarget: AppTarget, ruleInfo: ["CodeSign", "/private/var/folders/xr/m5_5rlsd6l9fk2w4ngj13k6m0000gn/T/swbuild.tmp.Jfd1gu5V/Data.noindex/Test/aProject/build/Debug/AppTarget.app/Contents/Frameworks/libXCTestSwiftSupport.dylib"]),
  	Task(forTarget: AppTarget, ruleInfo: ["CompileC", "/private/var/folders/xr/m5_5rlsd6l9fk2w4ngj13k6m0000gn/T/swbuild.tmp.Jfd1gu5V/Data.noindex/Test/aProject/build/aProject.build/Debug/AppTarget.build/Objects-normal/arm64/main.o", "/private/var/folders/xr/m5_5rlsd6l9fk2w4ngj13k6m0000gn/T/swbuild.tmp.Jfd1gu5V/Data.noindex/Test/aProject/main.c", "normal", "arm64", "c", "com.apple.compilers.llvm.clang.1_0.compiler"]),
  	Task(forTarget: AppTarget, ruleInfo: ["Copy", "/private/var/folders/xr/m5_5rlsd6l9fk2w4ngj13k6m0000gn/T/swbuild.tmp.Jfd1gu5V/Data.noindex/Test/aProject/build/Debug/AppTarget.app/Contents/Frameworks/Testing.framework", "/Applications/Xcode17E.app/Contents/Developer/Platforms/MacOSX.platform/Developer/Library/Frameworks/Testing.framework"]),
  	Task(forTarget: AppTarget, ruleInfo: ["Copy", "/private/var/folders/xr/m5_5rlsd6l9fk2w4ngj13k6m0000gn/T/swbuild.tmp.Jfd1gu5V/Data.noindex/Test/aProject/build/Debug/AppTarget.app/Contents/Frameworks/XCTAutomationSupport.framework", "/Applications/Xcode17E.app/Contents/Developer/Platforms/MacOSX.platform/Developer/Library/PrivateFrameworks/XCTAutomationSupport.framework"]),
  	Task(forTarget: AppTarget, ruleInfo: ["Copy", "/private/var/folders/xr/m5_5rlsd6l9fk2w4ngj13k6m0000gn/T/swbuild.tmp.Jfd1gu5V/Data.noindex/Test/aProject/build/Debug/AppTarget.app/Contents/Frameworks/XCTest.framework", "/Applications/Xcode17E.app/Contents/Developer/Platforms/MacOSX.platform/Developer/Library/Frameworks/XCTest.framework"]),
  	Task(forTarget: AppTarget, ruleInfo: ["Copy", "/private/var/folders/xr/m5_5rlsd6l9fk2w4ngj13k6m0000gn/T/swbuild.tmp.Jfd1gu5V/Data.noindex/Test/aProject/build/Debug/AppTarget.app/Contents/Frameworks/XCTestCore.framework", "/Applications/Xcode17E.app/Contents/Developer/Platforms/MacOSX.platform/Developer/Library/PrivateFrameworks/XCTestCore.framework"]),
  	Task(forTarget: AppTarget, ruleInfo: ["Copy", "/private/var/folders/xr/m5_5rlsd6l9fk2w4ngj13k6m0000gn/T/swbuild.tmp.Jfd1gu5V/Data.noindex/Test/aProject/build/Debug/AppTarget.app/Contents/Frameworks/XCTestSupport.framework", "/Applications/Xcode17E.app/Contents/Developer/Platforms/MacOSX.platform/Developer/Library/PrivateFrameworks/XCTestSupport.framework"]),
  	Task(forTarget: AppTarget, ruleInfo: ["Copy", "/private/var/folders/xr/m5_5rlsd6l9fk2w4ngj13k6m0000gn/T/swbuild.tmp.Jfd1gu5V/Data.noindex/Test/aProject/build/Debug/AppTarget.app/Contents/Frameworks/XCUIAutomation.framework", "/Applications/Xcode17E.app/Contents/Developer/Platforms/MacOSX.platform/Developer/Library/Frameworks/XCUIAutomation.framework"]),
  	Task(forTarget: AppTarget, ruleInfo: ["Copy", "/private/var/folders/xr/m5_5rlsd6l9fk2w4ngj13k6m0000gn/T/swbuild.tmp.Jfd1gu5V/Data.noindex/Test/aProject/build/Debug/AppTarget.app/Contents/Frameworks/XCUnit.framework", "/Applications/Xcode17E.app/Contents/Developer/Platforms/MacOSX.platform/Developer/Library/PrivateFrameworks/XCUnit.framework"]),
  	Task(forTarget: AppTarget, ruleInfo: ["Copy", "/private/var/folders/xr/m5_5rlsd6l9fk2w4ngj13k6m0000gn/T/swbuild.tmp.Jfd1gu5V/Data.noindex/Test/aProject/build/Debug/AppTarget.app/Contents/Frameworks/libXCTestBundleInject.dylib", "/Applications/Xcode17E.app/Contents/Developer/Platforms/MacOSX.platform/Developer/usr/lib/libXCTestBundleInject.dylib"]),
  	Task(forTarget: AppTarget, ruleInfo: ["Copy", "/private/var/folders/xr/m5_5rlsd6l9fk2w4ngj13k6m0000gn/T/swbuild.tmp.Jfd1gu5V/Data.noindex/Test/aProject/build/Debug/AppTarget.app/Contents/Frameworks/libXCTestSwiftSupport.dylib", "/Applications/Xcode17E.app/Contents/Developer/Platforms/MacOSX.platform/Developer/usr/lib/libXCTestSwiftSupport.dylib"]),
  	Task(forTarget: AppTarget, ruleInfo: ["Copy", "/private/var/folders/xr/m5_5rlsd6l9fk2w4ngj13k6m0000gn/T/swbuild.tmp.Jfd1gu5V/Data.noindex/Test/aProject/build/Debug/AppTarget.swiftmodule/Project/arm64-apple-macos.swiftsourceinfo", "/private/var/folders/xr/m5_5rlsd6l9fk2w4ngj13k6m0000gn/T/swbuild.tmp.Jfd1gu5V/Data.noindex/Test/aProject/build/aProject.build/Debug/AppTarget.build/Objects-normal/arm64/AppTarget.swiftsourceinfo"]),
  	Task(forTarget: AppTarget, ruleInfo: ["Copy", "/private/var/folders/xr/m5_5rlsd6l9fk2w4ngj13k6m0000gn/T/swbuild.tmp.Jfd1gu5V/Data.noindex/Test/aProject/build/Debug/AppTarget.swiftmodule/arm64-apple-macos.abi.json", "/private/var/folders/xr/m5_5rlsd6l9fk2w4ngj13k6m0000gn/T/swbuild.tmp.Jfd1gu5V/Data.noindex/Test/aProject/build/aProject.build/Debug/AppTarget.build/Objects-normal/arm64/AppTarget.abi.json"]),
  	Task(forTarget: AppTarget, ruleInfo: ["Copy", "/private/var/folders/xr/m5_5rlsd6l9fk2w4ngj13k6m0000gn/T/swbuild.tmp.Jfd1gu5V/Data.noindex/Test/aProject/build/Debug/AppTarget.swiftmodule/arm64-apple-macos.swiftdoc", "/private/var/folders/xr/m5_5rlsd6l9fk2w4ngj13k6m0000gn/T/swbuild.tmp.Jfd1gu5V/Data.noindex/Test/aProject/build/aProject.build/Debug/AppTarget.build/Objects-normal/arm64/AppTarget.swiftdoc"]),
  	Task(forTarget: AppTarget, ruleInfo: ["Copy", "/private/var/folders/xr/m5_5rlsd6l9fk2w4ngj13k6m0000gn/T/swbuild.tmp.Jfd1gu5V/Data.noindex/Test/aProject/build/Debug/AppTarget.swiftmodule/arm64-apple-macos.swiftmodule", "/private/var/folders/xr/m5_5rlsd6l9fk2w4ngj13k6m0000gn/T/swbuild.tmp.Jfd1gu5V/Data.noindex/Test/aProject/build/aProject.build/Debug/AppTarget.build/Objects-normal/arm64/AppTarget.swiftmodule"]),
  	Task(forTarget: AppTarget, ruleInfo: ["CopySwiftLibs", "/private/var/folders/xr/m5_5rlsd6l9fk2w4ngj13k6m0000gn/T/swbuild.tmp.Jfd1gu5V/Data.noindex/Test/aProject/build/Debug/AppTarget.app"]),
  	Task(forTarget: AppTarget, ruleInfo: ["ExtractAppIntentsMetadata"]),
  	Task(forTarget: AppTarget, ruleInfo: ["Gate", "target-AppTarget-T-AppTarget-26817--begin-compiling"]),
  	Task(forTarget: AppTarget, ruleInfo: ["Gate", "target-AppTarget-T-AppTarget-26817--begin-linking"]),
  	Task(forTarget: AppTarget, ruleInfo: ["Gate", "target-AppTarget-T-AppTarget-26817--begin-scanning"]),
  	Task(forTarget: AppTarget, ruleInfo: ["Gate", "target-AppTarget-T-AppTarget-26817--entry"]),
  	Task(forTarget: AppTarget, ruleInfo: ["Gate", "target-AppTarget-T-AppTarget-26817--immediate"]),
  	Task(forTarget: AppTarget, ruleInfo: ["Gate", "target-AppTarget-T-AppTarget-26817--linker-inputs-ready"]),
  	Task(forTarget: AppTarget, ruleInfo: ["Gate", "target-AppTarget-T-AppTarget-26817--modules-ready"]),
  	Task(forTarget: AppTarget, ruleInfo: ["Gate", "target-AppTarget-T-AppTarget-26817--unsigned-product-ready"]),
  	Task(forTarget: AppTarget, ruleInfo: ["Gate", "target-AppTarget-T-AppTarget-26817--will-sign"]),
  	Task(forTarget: AppTarget, ruleInfo: ["Ld", "/private/var/folders/xr/m5_5rlsd6l9fk2w4ngj13k6m0000gn/T/swbuild.tmp.Jfd1gu5V/Data.noindex/Test/aProject/build/Debug/AppTarget.app/Contents/MacOS/AppTarget", "normal"]),
  	Task(forTarget: AppTarget, ruleInfo: ["MkDir", "/private/var/folders/xr/m5_5rlsd6l9fk2w4ngj13k6m0000gn/T/swbuild.tmp.Jfd1gu5V/Data.noindex/Test/aProject/build/Debug/AppTarget.app"]),
  	Task(forTarget: AppTarget, ruleInfo: ["MkDir", "/private/var/folders/xr/m5_5rlsd6l9fk2w4ngj13k6m0000gn/T/swbuild.tmp.Jfd1gu5V/Data.noindex/Test/aProject/build/Debug/AppTarget.app/Contents"]),
  	Task(forTarget: AppTarget, ruleInfo: ["MkDir", "/private/var/folders/xr/m5_5rlsd6l9fk2w4ngj13k6m0000gn/T/swbuild.tmp.Jfd1gu5V/Data.noindex/Test/aProject/build/Debug/AppTarget.app/Contents/Frameworks"]),
  	Task(forTarget: AppTarget, ruleInfo: ["MkDir", "/private/var/folders/xr/m5_5rlsd6l9fk2w4ngj13k6m0000gn/T/swbuild.tmp.Jfd1gu5V/Data.noindex/Test/aProject/build/Debug/AppTarget.app/Contents/MacOS"]),
  	Task(forTarget: AppTarget, ruleInfo: ["MkDir", "/private/var/folders/xr/m5_5rlsd6l9fk2w4ngj13k6m0000gn/T/swbuild.tmp.Jfd1gu5V/Data.noindex/Test/aProject/build/Debug/AppTarget.app/Contents/PlugIns"]),
  	Task(forTarget: AppTarget, ruleInfo: ["ProcessInfoPlistFile", "/private/var/folders/xr/m5_5rlsd6l9fk2w4ngj13k6m0000gn/T/swbuild.tmp.Jfd1gu5V/Data.noindex/Test/aProject/build/Debug/AppTarget.app/Contents/Info.plist", "/private/var/folders/xr/m5_5rlsd6l9fk2w4ngj13k6m0000gn/T/swbuild.tmp.Jfd1gu5V/Data.noindex/Test/aProject/AppTarget-Info.plist"]),
  	Task(forTarget: AppTarget, ruleInfo: ["RegisterExecutionPolicyException", "/private/var/folders/xr/m5_5rlsd6l9fk2w4ngj13k6m0000gn/T/swbuild.tmp.Jfd1gu5V/Data.noindex/Test/aProject/build/Debug/AppTarget.app"]),
  	Task(forTarget: AppTarget, ruleInfo: ["SwiftCompile", "normal", "arm64", "Compiling ClassOne.swift", "/private/var/folders/xr/m5_5rlsd6l9fk2w4ngj13k6m0000gn/T/swbuild.tmp.Jfd1gu5V/Data.noindex/Test/aProject/ClassOne.swift"]),
  	Task(forTarget: AppTarget, ruleInfo: ["SwiftDriver", "AppTarget", "normal", "arm64", "com.apple.xcode.tools.swift.compiler"]),
  	Task(forTarget: AppTarget, ruleInfo: ["SwiftDriver Compilation", "AppTarget", "normal", "arm64", "com.apple.xcode.tools.swift.compiler"]),
  	Task(forTarget: AppTarget, ruleInfo: ["SwiftDriver Compilation Requirements", "AppTarget", "normal", "arm64", "com.apple.xcode.tools.swift.compiler"]),
  	Task(forTarget: AppTarget, ruleInfo: ["SwiftEmitModule", "normal", "arm64", "Emitting module for AppTarget"]),
  	Task(forTarget: AppTarget, ruleInfo: ["SwiftMergeGeneratedHeaders", "/private/var/folders/xr/m5_5rlsd6l9fk2w4ngj13k6m0000gn/T/swbuild.tmp.Jfd1gu5V/Data.noindex/Test/aProject/build/aProject.build/Debug/AppTarget.build/DerivedSources/AppTarget-Swift.h", "/private/var/folders/xr/m5_5rlsd6l9fk2w4ngj13k6m0000gn/T/swbuild.tmp.Jfd1gu5V/Data.noindex/Test/aProject/build/aProject.build/Debug/AppTarget.build/Objects-normal/arm64/AppTarget-Swift.h"]),
  	Task(forTarget: AppTarget, ruleInfo: ["Touch", "/private/var/folders/xr/m5_5rlsd6l9fk2w4ngj13k6m0000gn/T/swbuild.tmp.Jfd1gu5V/Data.noindex/Test/aProject/build/Debug/AppTarget.app"]),
  	Task(forTarget: AppTarget, ruleInfo: ["WriteAuxiliaryFile", "/private/var/folders/xr/m5_5rlsd6l9fk2w4ngj13k6m0000gn/T/swbuild.tmp.Jfd1gu5V/Data.noindex/Test/aProject/build/aProject.build/Debug/AppTarget.build/AppTarget-all-non-framework-target-headers.hmap"]),
  	Task(forTarget: AppTarget, ruleInfo: ["WriteAuxiliaryFile", "/private/var/folders/xr/m5_5rlsd6l9fk2w4ngj13k6m0000gn/T/swbuild.tmp.Jfd1gu5V/Data.noindex/Test/aProject/build/aProject.build/Debug/AppTarget.build/AppTarget-all-target-headers.hmap"]),
  	Task(forTarget: AppTarget, ruleInfo: ["WriteAuxiliaryFile", "/private/var/folders/xr/m5_5rlsd6l9fk2w4ngj13k6m0000gn/T/swbuild.tmp.Jfd1gu5V/Data.noindex/Test/aProject/build/aProject.build/Debug/AppTarget.build/AppTarget-generated-files.hmap"]),
  	Task(forTarget: AppTarget, ruleInfo: ["WriteAuxiliaryFile", "/private/var/folders/xr/m5_5rlsd6l9fk2w4ngj13k6m0000gn/T/swbuild.tmp.Jfd1gu5V/Data.noindex/Test/aProject/build/aProject.build/Debug/AppTarget.build/AppTarget-own-target-headers.hmap"]),
  	Task(forTarget: AppTarget, ruleInfo: ["WriteAuxiliaryFile", "/private/var/folders/xr/m5_5rlsd6l9fk2w4ngj13k6m0000gn/T/swbuild.tmp.Jfd1gu5V/Data.noindex/Test/aProject/build/aProject.build/Debug/AppTarget.build/AppTarget-project-headers.hmap"]),
  	Task(forTarget: AppTarget, ruleInfo: ["WriteAuxiliaryFile", "/private/var/folders/xr/m5_5rlsd6l9fk2w4ngj13k6m0000gn/T/swbuild.tmp.Jfd1gu5V/Data.noindex/Test/aProject/build/aProject.build/Debug/AppTarget.build/AppTarget.DependencyMetadataFileList"]),
  	Task(forTarget: AppTarget, ruleInfo: ["WriteAuxiliaryFile", "/private/var/folders/xr/m5_5rlsd6l9fk2w4ngj13k6m0000gn/T/swbuild.tmp.Jfd1gu5V/Data.noindex/Test/aProject/build/aProject.build/Debug/AppTarget.build/AppTarget.DependencyStaticMetadataFileList"]),
  	Task(forTarget: AppTarget, ruleInfo: ["WriteAuxiliaryFile", "/private/var/folders/xr/m5_5rlsd6l9fk2w4ngj13k6m0000gn/T/swbuild.tmp.Jfd1gu5V/Data.noindex/Test/aProject/build/aProject.build/Debug/AppTarget.build/AppTarget.hmap"]),
  	Task(forTarget: AppTarget, ruleInfo: ["WriteAuxiliaryFile", "/private/var/folders/xr/m5_5rlsd6l9fk2w4ngj13k6m0000gn/T/swbuild.tmp.Jfd1gu5V/Data.noindex/Test/aProject/build/aProject.build/Debug/AppTarget.build/Objects-normal/arm64/7187679823f38a2a940e0043cdf9d637-common-args.resp"]),
  	Task(forTarget: AppTarget, ruleInfo: ["WriteAuxiliaryFile", "/private/var/folders/xr/m5_5rlsd6l9fk2w4ngj13k6m0000gn/T/swbuild.tmp.Jfd1gu5V/Data.noindex/Test/aProject/build/aProject.build/Debug/AppTarget.build/Objects-normal/arm64/AppTarget-OutputFileMap.json"]),
  	Task(forTarget: AppTarget, ruleInfo: ["WriteAuxiliaryFile", "/private/var/folders/xr/m5_5rlsd6l9fk2w4ngj13k6m0000gn/T/swbuild.tmp.Jfd1gu5V/Data.noindex/Test/aProject/build/aProject.build/Debug/AppTarget.build/Objects-normal/arm64/AppTarget.LinkFileList"]),
  	Task(forTarget: AppTarget, ruleInfo: ["WriteAuxiliaryFile", "/private/var/folders/xr/m5_5rlsd6l9fk2w4ngj13k6m0000gn/T/swbuild.tmp.Jfd1gu5V/Data.noindex/Test/aProject/build/aProject.build/Debug/AppTarget.build/Objects-normal/arm64/AppTarget.SwiftConstValuesFileList"]),
  	Task(forTarget: AppTarget, ruleInfo: ["WriteAuxiliaryFile", "/private/var/folders/xr/m5_5rlsd6l9fk2w4ngj13k6m0000gn/T/swbuild.tmp.Jfd1gu5V/Data.noindex/Test/aProject/build/aProject.build/Debug/AppTarget.build/Objects-normal/arm64/AppTarget.SwiftFileList"]),
  	Task(forTarget: AppTarget, ruleInfo: ["WriteAuxiliaryFile", "/private/var/folders/xr/m5_5rlsd6l9fk2w4ngj13k6m0000gn/T/swbuild.tmp.Jfd1gu5V/Data.noindex/Test/aProject/build/aProject.build/Debug/AppTarget.build/Objects-normal/arm64/AppTarget_const_extract_protocols.json"]),
  	Task(forTarget: UnitTestTarget, ruleInfo: ["Copy", "/private/var/folders/xr/m5_5rlsd6l9fk2w4ngj13k6m0000gn/T/swbuild.tmp.Jfd1gu5V/Data.noindex/Test/aProject/build/Debug/UnitTestTarget.swiftmodule/Project/arm64-apple-macos.swiftsourceinfo", "/private/var/folders/xr/m5_5rlsd6l9fk2w4ngj13k6m0000gn/T/swbuild.tmp.Jfd1gu5V/Data.noindex/Test/aProject/build/aProject.build/Debug/UnitTestTarget.build/Objects-normal/arm64/UnitTestTarget.swiftsourceinfo"]),
  	Task(forTarget: UnitTestTarget, ruleInfo: ["Copy", "/private/var/folders/xr/m5_5rlsd6l9fk2w4ngj13k6m0000gn/T/swbuild.tmp.Jfd1gu5V/Data.noindex/Test/aProject/build/Debug/UnitTestTarget.swiftmodule/arm64-apple-macos.abi.json", "/private/var/folders/xr/m5_5rlsd6l9fk2w4ngj13k6m0000gn/T/swbuild.tmp.Jfd1gu5V/Data.noindex/Test/aProject/build/aProject.build/Debug/UnitTestTarget.build/Objects-normal/arm64/UnitTestTarget.abi.json"]),
  	Task(forTarget: UnitTestTarget, ruleInfo: ["Copy", "/private/var/folders/xr/m5_5rlsd6l9fk2w4ngj13k6m0000gn/T/swbuild.tmp.Jfd1gu5V/Data.noindex/Test/aProject/build/Debug/UnitTestTarget.swiftmodule/arm64-apple-macos.swiftdoc", "/private/var/folders/xr/m5_5rlsd6l9fk2w4ngj13k6m0000gn/T/swbuild.tmp.Jfd1gu5V/Data.noindex/Test/aProject/build/aProject.build/Debug/UnitTestTarget.build/Objects-normal/arm64/UnitTestTarget.swiftdoc"]),
  	Task(forTarget: UnitTestTarget, ruleInfo: ["Copy", "/private/var/folders/xr/m5_5rlsd6l9fk2w4ngj13k6m0000gn/T/swbuild.tmp.Jfd1gu5V/Data.noindex/Test/aProject/build/Debug/UnitTestTarget.swiftmodule/arm64-apple-macos.swiftmodule", "/private/var/folders/xr/m5_5rlsd6l9fk2w4ngj13k6m0000gn/T/swbuild.tmp.Jfd1gu5V/Data.noindex/Test/aProject/build/aProject.build/Debug/UnitTestTarget.build/Objects-normal/arm64/UnitTestTarget.swiftmodule"]),
  	Task(forTarget: UnitTestTarget, ruleInfo: ["Gate", "target-UnitTestTarget-T-UnitTestTarget-26811--begin-compiling"]),
  	Task(forTarget: UnitTestTarget, ruleInfo: ["Gate", "target-UnitTestTarget-T-UnitTestTarget-26811--begin-linking"]),
  	Task(forTarget: UnitTestTarget, ruleInfo: ["Gate", "target-UnitTestTarget-T-UnitTestTarget-26811--begin-scanning"]),
  	Task(forTarget: UnitTestTarget, ruleInfo: ["Gate", "target-UnitTestTarget-T-UnitTestTarget-26811--entry"]),
  	Task(forTarget: UnitTestTarget, ruleInfo: ["Gate", "target-UnitTestTarget-T-UnitTestTarget-26811--immediate"]),
  	Task(forTarget: UnitTestTarget, ruleInfo: ["Gate", "target-UnitTestTarget-T-UnitTestTarget-26811--modules-ready"]),
  	Task(forTarget: UnitTestTarget, ruleInfo: ["Gate", "target-UnitTestTarget-T-UnitTestTarget-26811--will-sign"]),
  	Task(forTarget: UnitTestTarget, ruleInfo: ["MkDir", "/private/var/folders/xr/m5_5rlsd6l9fk2w4ngj13k6m0000gn/T/swbuild.tmp.Jfd1gu5V/Data.noindex/Test/aProject/build/Debug/AppTarget.app/Contents/PlugIns/UnitTestTarget.xctest"]),
  	Task(forTarget: UnitTestTarget, ruleInfo: ["MkDir", "/private/var/folders/xr/m5_5rlsd6l9fk2w4ngj13k6m0000gn/T/swbuild.tmp.Jfd1gu5V/Data.noindex/Test/aProject/build/Debug/AppTarget.app/Contents/PlugIns/UnitTestTarget.xctest/Contents"]),
  	Task(forTarget: UnitTestTarget, ruleInfo: ["MkDir", "/private/var/folders/xr/m5_5rlsd6l9fk2w4ngj13k6m0000gn/T/swbuild.tmp.Jfd1gu5V/Data.noindex/Test/aProject/build/Debug/AppTarget.app/Contents/PlugIns/UnitTestTarget.xctest/Contents/MacOS"]),
  	Task(forTarget: UnitTestTarget, ruleInfo: ["ProcessInfoPlistFile", "/private/var/folders/xr/m5_5rlsd6l9fk2w4ngj13k6m0000gn/T/swbuild.tmp.Jfd1gu5V/Data.noindex/Test/aProject/build/Debug/AppTarget.app/Contents/PlugIns/UnitTestTarget.xctest/Contents/Info.plist", "/private/var/folders/xr/m5_5rlsd6l9fk2w4ngj13k6m0000gn/T/swbuild.tmp.Jfd1gu5V/Data.noindex/Test/aProject/UnitTestTarget-Info.plist"]),
  	Task(forTarget: UnitTestTarget, ruleInfo: ["RegisterExecutionPolicyException", "/private/var/folders/xr/m5_5rlsd6l9fk2w4ngj13k6m0000gn/T/swbuild.tmp.Jfd1gu5V/Data.noindex/Test/aProject/build/Debug/AppTarget.app/Contents/PlugIns/UnitTestTarget.xctest"]),
  	Task(forTarget: UnitTestTarget, ruleInfo: ["SwiftCompile", "normal", "arm64", "Compiling TestOne.swift", "/private/var/folders/xr/m5_5rlsd6l9fk2w4ngj13k6m0000gn/T/swbuild.tmp.Jfd1gu5V/Data.noindex/Test/aProject/TestOne.swift"]),
  	Task(forTarget: UnitTestTarget, ruleInfo: ["SwiftDriver", "UnitTestTarget", "normal", "arm64", "com.apple.xcode.tools.swift.compiler"]),
  	Task(forTarget: UnitTestTarget, ruleInfo: ["SwiftDriver Compilation", "UnitTestTarget", "normal", "arm64", "com.apple.xcode.tools.swift.compiler"]),
  	Task(forTarget: UnitTestTarget, ruleInfo: ["SwiftDriver Compilation Requirements", "UnitTestTarget", "normal", "arm64", "com.apple.xcode.tools.swift.compiler"]),
  	Task(forTarget: UnitTestTarget, ruleInfo: ["SwiftEmitModule", "normal", "arm64", "Emitting module for UnitTestTarget"]),
  	Task(forTarget: UnitTestTarget, ruleInfo: ["SwiftMergeGeneratedHeaders", "/private/var/folders/xr/m5_5rlsd6l9fk2w4ngj13k6m0000gn/T/swbuild.tmp.Jfd1gu5V/Data.noindex/Test/aProject/build/aProject.build/Debug/UnitTestTarget.build/DerivedSources/UnitTestTarget-Swift.h", "/private/var/folders/xr/m5_5rlsd6l9fk2w4ngj13k6m0000gn/T/swbuild.tmp.Jfd1gu5V/Data.noindex/Test/aProject/build/aProject.build/Debug/UnitTestTarget.build/Objects-normal/arm64/UnitTestTarget-Swift.h"]),
  	Task(forTarget: UnitTestTarget, ruleInfo: ["Touch", "/private/var/folders/xr/m5_5rlsd6l9fk2w4ngj13k6m0000gn/T/swbuild.tmp.Jfd1gu5V/Data.noindex/Test/aProject/build/Debug/AppTarget.app/Contents/PlugIns/UnitTestTarget.xctest"]),
  	Task(forTarget: UnitTestTarget, ruleInfo: ["WriteAuxiliaryFile", "/private/var/folders/xr/m5_5rlsd6l9fk2w4ngj13k6m0000gn/T/swbuild.tmp.Jfd1gu5V/Data.noindex/Test/aProject/build/aProject.build/Debug/UnitTestTarget.build/Objects-normal/arm64/UnitTestTarget-OutputFileMap.json"]),
  	Task(forTarget: UnitTestTarget, ruleInfo: ["WriteAuxiliaryFile", "/private/var/folders/xr/m5_5rlsd6l9fk2w4ngj13k6m0000gn/T/swbuild.tmp.Jfd1gu5V/Data.noindex/Test/aProject/build/aProject.build/Debug/UnitTestTarget.build/Objects-normal/arm64/UnitTestTarget.LinkFileList"]),
  	Task(forTarget: UnitTestTarget, ruleInfo: ["WriteAuxiliaryFile", "/private/var/folders/xr/m5_5rlsd6l9fk2w4ngj13k6m0000gn/T/swbuild.tmp.Jfd1gu5V/Data.noindex/Test/aProject/build/aProject.build/Debug/UnitTestTarget.build/Objects-normal/arm64/UnitTestTarget.SwiftConstValuesFileList"]),
  	Task(forTarget: UnitTestTarget, ruleInfo: ["WriteAuxiliaryFile", "/private/var/folders/xr/m5_5rlsd6l9fk2w4ngj13k6m0000gn/T/swbuild.tmp.Jfd1gu5V/Data.noindex/Test/aProject/build/aProject.build/Debug/UnitTestTarget.build/Objects-normal/arm64/UnitTestTarget.SwiftFileList"]),
  	Task(forTarget: UnitTestTarget, ruleInfo: ["WriteAuxiliaryFile", "/private/var/folders/xr/m5_5rlsd6l9fk2w4ngj13k6m0000gn/T/swbuild.tmp.Jfd1gu5V/Data.noindex/Test/aProject/build/aProject.build/Debug/UnitTestTarget.build/Objects-normal/arm64/UnitTestTarget_const_extract_protocols.json"]),
  	Task(forTarget: UnitTestTarget, ruleInfo: ["WriteAuxiliaryFile", "/private/var/folders/xr/m5_5rlsd6l9fk2w4ngj13k6m0000gn/T/swbuild.tmp.Jfd1gu5V/Data.noindex/Test/aProject/build/aProject.build/Debug/UnitTestTarget.build/UnitTestTarget-all-non-framework-target-headers.hmap"]),
  	Task(forTarget: UnitTestTarget, ruleInfo: ["WriteAuxiliaryFile", "/private/var/folders/xr/m5_5rlsd6l9fk2w4ngj13k6m0000gn/T/swbuild.tmp.Jfd1gu5V/Data.noindex/Test/aProject/build/aProject.build/Debug/UnitTestTarget.build/UnitTestTarget-all-target-headers.hmap"]),
  	Task(forTarget: UnitTestTarget, ruleInfo: ["WriteAuxiliaryFile", "/private/var/folders/xr/m5_5rlsd6l9fk2w4ngj13k6m0000gn/T/swbuild.tmp.Jfd1gu5V/Data.noindex/Test/aProject/build/aProject.build/Debug/UnitTestTarget.build/UnitTestTarget-generated-files.hmap"]),
  	Task(forTarget: UnitTestTarget, ruleInfo: ["WriteAuxiliaryFile", "/private/var/folders/xr/m5_5rlsd6l9fk2w4ngj13k6m0000gn/T/swbuild.tmp.Jfd1gu5V/Data.noindex/Test/aProject/build/aProject.build/Debug/UnitTestTarget.build/UnitTestTarget-own-target-headers.hmap"]),
  	Task(forTarget: UnitTestTarget, ruleInfo: ["WriteAuxiliaryFile", "/private/var/folders/xr/m5_5rlsd6l9fk2w4ngj13k6m0000gn/T/swbuild.tmp.Jfd1gu5V/Data.noindex/Test/aProject/build/aProject.build/Debug/UnitTestTarget.build/UnitTestTarget-project-headers.hmap"]),
  	Task(forTarget: UnitTestTarget, ruleInfo: ["WriteAuxiliaryFile", "/private/var/folders/xr/m5_5rlsd6l9fk2w4ngj13k6m0000gn/T/swbuild.tmp.Jfd1gu5V/Data.noindex/Test/aProject/build/aProject.build/Debug/UnitTestTarget.build/UnitTestTarget.DependencyMetadataFileList"]),
  	Task(forTarget: UnitTestTarget, ruleInfo: ["WriteAuxiliaryFile", "/private/var/folders/xr/m5_5rlsd6l9fk2w4ngj13k6m0000gn/T/swbuild.tmp.Jfd1gu5V/Data.noindex/Test/aProject/build/aProject.build/Debug/UnitTestTarget.build/UnitTestTarget.DependencyStaticMetadataFileList"]),
  	Task(forTarget: UnitTestTarget, ruleInfo: ["WriteAuxiliaryFile", "/private/var/folders/xr/m5_5rlsd6l9fk2w4ngj13k6m0000gn/T/swbuild.tmp.Jfd1gu5V/Data.noindex/Test/aProject/build/aProject.build/Debug/UnitTestTarget.build/UnitTestTarget.hmap"]),
  	Task(forTarget: <none>, ruleInfo: ["ClangStatCache", "/Applications/Xcode17E.app/Contents/Developer/Toolchains/XcodeDefault.xctoolchain/usr/bin/clang-stat-cache", "/Applications/Xcode17E.app/Contents/Developer/Platforms/MacOSX.platform/Developer/SDKs/MacOSX26.4.sdk", "/private/var/folders/xr/m5_5rlsd6l9fk2w4ngj13k6m0000gn/T/swbuild.tmp.Jfd1gu5V/Data.noindex/Test/SDKStatCaches.noindex/macosx26.4-25E260-95aa6cf8f3effd57bda17e0c125410c0.sdkstatcache"]),
  	Task(forTarget: <none>, ruleInfo: ["CreateBuildDirectory", "/private/var/folders/xr/m5_5rlsd6l9fk2w4ngj13k6m0000gn/T/swbuild.tmp.Jfd1gu5V/Data.noindex/Test/aProject/build"]),
  	Task(forTarget: <none>, ruleInfo: ["CreateBuildDirectory", "/private/var/folders/xr/m5_5rlsd6l9fk2w4ngj13k6m0000gn/T/swbuild.tmp.Jfd1gu5V/Data.noindex/Test/aProject/build/Debug"]),
  	Task(forTarget: <none>, ruleInfo: ["CreateBuildDirectory", "/private/var/folders/xr/m5_5rlsd6l9fk2w4ngj13k6m0000gn/T/swbuild.tmp.Jfd1gu5V/Data.noindex/Test/aProject/build/EagerLinkingTBDs/Debug"]),
  	Task(forTarget: <none>, ruleInfo: ["CreateBuildDirectory", "/private/var/folders/xr/m5_5rlsd6l9fk2w4ngj13k6m0000gn/T/swbuild.tmp.Jfd1gu5V/Data.noindex/Test/aProject/build/ExplicitPrecompiledModules"]),
  	Task(forTarget: <none>, ruleInfo: ["CreateBuildDirectory", "/private/var/folders/xr/m5_5rlsd6l9fk2w4ngj13k6m0000gn/T/swbuild.tmp.Jfd1gu5V/Data.noindex/Test/aProject/build/SharedPrecompiledHeaders"]),
  	Task(forTarget: <none>, ruleInfo: ["CreateBuildDirectory", "/private/var/folders/xr/m5_5rlsd6l9fk2w4ngj13k6m0000gn/T/swbuild.tmp.Jfd1gu5V/Data.noindex/Test/aProject/build/SwiftExplicitPrecompiledModules"]),
  	Task(forTarget: <none>, ruleInfo: ["CreateBuildDirectory", "/var/folders/xr/m5_5rlsd6l9fk2w4ngj13k6m0000gn/C/com.apple.DeveloperTools/26.4.1-17E202/Xcode/CompilationCache.noindex"]),
  	Task(forTarget: <none>, ruleInfo: ["Gate", "WorkspaceHeaderMapVFSFilesWritten"]),
  	Task(forTarget: <none>, ruleInfo: ["Gate", "target-AppTarget-T-AppTarget-26817--AppExtensionInfoPlistGeneratorTaskProducer"]),
  	Task(forTarget: <none>, ruleInfo: ["Gate", "target-AppTarget-T-AppTarget-26817--AppIntentsMetadataTaskProducer"]),
  	Task(forTarget: <none>, ruleInfo: ["Gate", "target-AppTarget-T-AppTarget-26817--Barrier-ChangeAlternatePermissions"]),
  	Task(forTarget: <none>, ruleInfo: ["Gate", "target-AppTarget-T-AppTarget-26817--Barrier-ChangePermissions"]),
  	Task(forTarget: <none>, ruleInfo: ["Gate", "target-AppTarget-T-AppTarget-26817--Barrier-CopyAside"]),
  	Task(forTarget: <none>, ruleInfo: ["Gate", "target-AppTarget-T-AppTarget-26817--Barrier-GenerateStubAPI"]),
  	Task(forTarget: <none>, ruleInfo: ["Gate", "target-AppTarget-T-AppTarget-26817--Barrier-RegisterExecutionPolicyException"]),
  	Task(forTarget: <none>, ruleInfo: ["Gate", "target-AppTarget-T-AppTarget-26817--Barrier-StripSymbols"]),
  	Task(forTarget: <none>, ruleInfo: ["Gate", "target-AppTarget-T-AppTarget-26817--CopySwiftPackageResourcesTaskProducer"]),
  	Task(forTarget: <none>, ruleInfo: ["Gate", "target-AppTarget-T-AppTarget-26817--CustomTaskProducer"]),
  	Task(forTarget: <none>, ruleInfo: ["Gate", "target-AppTarget-T-AppTarget-26817--DocumentationTaskProducer"]),
  	Task(forTarget: <none>, ruleInfo: ["Gate", "target-AppTarget-T-AppTarget-26817--ExtensionPointExtractorTaskProducer"]),
  	Task(forTarget: <none>, ruleInfo: ["Gate", "target-AppTarget-T-AppTarget-26817--GenerateAppPlaygroundAssetCatalogTaskProducer"]),
  	Task(forTarget: <none>, ruleInfo: ["Gate", "target-AppTarget-T-AppTarget-26817--GeneratedFilesTaskProducer"]),
  	Task(forTarget: <none>, ruleInfo: ["Gate", "target-AppTarget-T-AppTarget-26817--HeadermapTaskProducer"]),
  	Task(forTarget: <none>, ruleInfo: ["Gate", "target-AppTarget-T-AppTarget-26817--InfoPlistTaskProducer"]),
  	Task(forTarget: <none>, ruleInfo: ["Gate", "target-AppTarget-T-AppTarget-26817--ModuleMapTaskProducer"]),
  	Task(forTarget: <none>, ruleInfo: ["Gate", "target-AppTarget-T-AppTarget-26817--ModuleVerifierTaskProducer"]),
  	Task(forTarget: <none>, ruleInfo: ["Gate", "target-AppTarget-T-AppTarget-26817--ProductPostprocessingTaskProducer"]),
  	Task(forTarget: <none>, ruleInfo: ["Gate", "target-AppTarget-T-AppTarget-26817--ProductStructureTaskProducer"]),
  	Task(forTarget: <none>, ruleInfo: ["Gate", "target-AppTarget-T-AppTarget-26817--RealityAssetsTaskProducer"]),
  	Task(forTarget: <none>, ruleInfo: ["Gate", "target-AppTarget-T-AppTarget-26817--SanitizerTaskProducer"]),
  	Task(forTarget: <none>, ruleInfo: ["Gate", "target-AppTarget-T-AppTarget-26817--StubBinaryTaskProducer"]),
  	Task(forTarget: <none>, ruleInfo: ["Gate", "target-AppTarget-T-AppTarget-26817--SwiftABIBaselineGenerationTaskProducer"]),
  	Task(forTarget: <none>, ruleInfo: ["Gate", "target-AppTarget-T-AppTarget-26817--SwiftFrameworkABICheckerTaskProducer"]),
  	Task(forTarget: <none>, ruleInfo: ["Gate", "target-AppTarget-T-AppTarget-26817--SwiftPackageCopyFilesTaskProducer"]),
  	Task(forTarget: <none>, ruleInfo: ["Gate", "target-AppTarget-T-AppTarget-26817--SwiftStandardLibrariesTaskProducer"]),
  	Task(forTarget: <none>, ruleInfo: ["Gate", "target-AppTarget-T-AppTarget-26817--TAPISymbolExtractorTaskProducer"]),
  	Task(forTarget: <none>, ruleInfo: ["Gate", "target-AppTarget-T-AppTarget-26817--TestEntryPointTaskProducerFactory"]),
  	Task(forTarget: <none>, ruleInfo: ["Gate", "target-AppTarget-T-AppTarget-26817--TestHostTaskProducer"]),
  	Task(forTarget: <none>, ruleInfo: ["Gate", "target-AppTarget-T-AppTarget-26817--TestTargetPostprocessingTaskProducer"]),
  	Task(forTarget: <none>, ruleInfo: ["Gate", "target-AppTarget-T-AppTarget-26817--TestTargetTaskProducer"]),
  	Task(forTarget: <none>, ruleInfo: ["Gate", "target-AppTarget-T-AppTarget-26817--copy-headers-completion"]),
  	Task(forTarget: <none>, ruleInfo: ["Gate", "target-AppTarget-T-AppTarget-26817--fused-phase0-compile-sources"]),
  	Task(forTarget: <none>, ruleInfo: ["Gate", "target-AppTarget-T-AppTarget-26817--generated-headers"]),
  	Task(forTarget: <none>, ruleInfo: ["Gate", "target-AppTarget-T-AppTarget-26817--swift-generated-headers"]),
  	Task(forTarget: <none>, ruleInfo: ["Gate", "target-UnitTestTarget-T-UnitTestTarget-26811--AppExtensionInfoPlistGeneratorTaskProducer"]),
  	Task(forTarget: <none>, ruleInfo: ["Gate", "target-UnitTestTarget-T-UnitTestTarget-26811--Barrier-ChangeAlternatePermissions"]),
  	Task(forTarget: <none>, ruleInfo: ["Gate", "target-UnitTestTarget-T-UnitTestTarget-26811--Barrier-ChangePermissions"]),
  	Task(forTarget: <none>, ruleInfo: ["Gate", "target-UnitTestTarget-T-UnitTestTarget-26811--Barrier-CopyAside"]),
  	Task(forTarget: <none>, ruleInfo: ["Gate", "target-UnitTestTarget-T-UnitTestTarget-26811--Barrier-GenerateStubAPI"]),
  	Task(forTarget: <none>, ruleInfo: ["Gate", "target-UnitTestTarget-T-UnitTestTarget-26811--Barrier-RegisterExecutionPolicyException"]),
  	Task(forTarget: <none>, ruleInfo: ["Gate", "target-UnitTestTarget-T-UnitTestTarget-26811--Barrier-RegisterProduct"]),
  	Task(forTarget: <none>, ruleInfo: ["Gate", "target-UnitTestTarget-T-UnitTestTarget-26811--Barrier-StripSymbols"]),
  	Task(forTarget: <none>, ruleInfo: ["Gate", "target-UnitTestTarget-T-UnitTestTarget-26811--Barrier-Validate"]),
  	Task(forTarget: <none>, ruleInfo: ["Gate", "target-UnitTestTarget-T-UnitTestTarget-26811--CopySwiftPackageResourcesTaskProducer"]),
  	Task(forTarget: <none>, ruleInfo: ["Gate", "target-UnitTestTarget-T-UnitTestTarget-26811--CustomTaskProducer"]),
  	Task(forTarget: <none>, ruleInfo: ["Gate", "target-UnitTestTarget-T-UnitTestTarget-26811--DocumentationTaskProducer"]),
  	Task(forTarget: <none>, ruleInfo: ["Gate", "target-UnitTestTarget-T-UnitTestTarget-26811--ExtensionPointExtractorTaskProducer"]),
  	Task(forTarget: <none>, ruleInfo: ["Gate", "target-UnitTestTarget-T-UnitTestTarget-26811--GenerateAppPlaygroundAssetCatalogTaskProducer"]),
  	Task(forTarget: <none>, ruleInfo: ["Gate", "target-UnitTestTarget-T-UnitTestTarget-26811--GeneratedFilesTaskProducer"]),
  	Task(forTarget: <none>, ruleInfo: ["Gate", "target-UnitTestTarget-T-UnitTestTarget-26811--HeadermapTaskProducer"]),
  	Task(forTarget: <none>, ruleInfo: ["Gate", "target-UnitTestTarget-T-UnitTestTarget-26811--InfoPlistTaskProducer"]),
  	Task(forTarget: <none>, ruleInfo: ["Gate", "target-UnitTestTarget-T-UnitTestTarget-26811--ModuleMapTaskProducer"]),
  	Task(forTarget: <none>, ruleInfo: ["Gate", "target-UnitTestTarget-T-UnitTestTarget-26811--ModuleVerifierTaskProducer"]),
  	Task(forTarget: <none>, ruleInfo: ["Gate", "target-UnitTestTarget-T-UnitTestTarget-26811--ProductPostprocessingTaskProducer"]),
  	Task(forTarget: <none>, ruleInfo: ["Gate", "target-UnitTestTarget-T-UnitTestTarget-26811--ProductStructureTaskProducer"]),
  	Task(forTarget: <none>, ruleInfo: ["Gate", "target-UnitTestTarget-T-UnitTestTarget-26811--RealityAssetsTaskProducer"]),
  	Task(forTarget: <none>, ruleInfo: ["Gate", "target-UnitTestTarget-T-UnitTestTarget-26811--SanitizerTaskProducer"]),
  	Task(forTarget: <none>, ruleInfo: ["Gate", "target-UnitTestTarget-T-UnitTestTarget-26811--StubBinaryTaskProducer"]),
  	Task(forTarget: <none>, ruleInfo: ["Gate", "target-UnitTestTarget-T-UnitTestTarget-26811--SwiftABIBaselineGenerationTaskProducer"]),
  	Task(forTarget: <none>, ruleInfo: ["Gate", "target-UnitTestTarget-T-UnitTestTarget-26811--SwiftFrameworkABICheckerTaskProducer"]),
  	Task(forTarget: <none>, ruleInfo: ["Gate", "target-UnitTestTarget-T-UnitTestTarget-26811--SwiftPackageCopyFilesTaskProducer"]),
  	Task(forTarget: <none>, ruleInfo: ["Gate", "target-UnitTestTarget-T-UnitTestTarget-26811--TAPISymbolExtractorTaskProducer"]),
  	Task(forTarget: <none>, ruleInfo: ["Gate", "target-UnitTestTarget-T-UnitTestTarget-26811--TestEntryPointTaskProducerFactory"]),
  	Task(forTarget: <none>, ruleInfo: ["Gate", "target-UnitTestTarget-T-UnitTestTarget-26811--TestHostTaskProducer"]),
  	Task(forTarget: <none>, ruleInfo: ["Gate", "target-UnitTestTarget-T-UnitTestTarget-26811--TestTargetPostprocessingTaskProducer"]),
  	Task(forTarget: <none>, ruleInfo: ["Gate", "target-UnitTestTarget-T-UnitTestTarget-26811--TestTargetTaskProducer"]),
  	Task(forTarget: <none>, ruleInfo: ["Gate", "target-UnitTestTarget-T-UnitTestTarget-26811--copy-headers-completion"]),
  	Task(forTarget: <none>, ruleInfo: ["Gate", "target-UnitTestTarget-T-UnitTestTarget-26811--generated-headers"]),
  	Task(forTarget: <none>, ruleInfo: ["Gate", "target-UnitTestTarget-T-UnitTestTarget-26811--swift-generated-headers"]),
  	Task(forTarget: <none>, ruleInfo: ["SwiftExplicitDependencyGeneratePcm", "arm64", "/private/var/folders/xr/m5_5rlsd6l9fk2w4ngj13k6m0000gn/T/swbuild.tmp.Jfd1gu5V/Data.noindex/Test/aProject/build/SwiftExplicitPrecompiledModules/SwiftShims-DRL5VEKIHSH2Z2KHL6TOUWGDD.pcm"]),
  	Task(forTarget: <none>, ruleInfo: ["SwiftExplicitDependencyGeneratePcm", "arm64", "/private/var/folders/xr/m5_5rlsd6l9fk2w4ngj13k6m0000gn/T/swbuild.tmp.Jfd1gu5V/Data.noindex/Test/aProject/build/SwiftExplicitPrecompiledModules/_SwiftConcurrencyShims-BGZN6I2CF9JEAAHWVHP4OAUFM.pcm"]),
  	Task(forTarget: <none>, ruleInfo: ["WriteAuxiliaryFile", "/private/var/folders/xr/m5_5rlsd6l9fk2w4ngj13k6m0000gn/T/swbuild.tmp.Jfd1gu5V/Data.noindex/Test/aProject/build/aProject.build/Debug/aProject-P26818-VFS/all-product-headers.yaml"])'
↳ fails due to rdar://72202535
━ Test appHostedTestTargetRebuild() recorded a known issue at UnitTestBuildOperationTests.swift:771:38: Expectation failed: !((_eventList → SWBTestSupport.BuildOperationTester.BuildResults.(unknown context at $11a43e644).BuildEventList).contains(event → taskHadEvent(Task(forTarget: AppTarget, ruleInfo: ["CodeSign", "/private/var/folders/xr/m5_5rlsd6l9fk2w4ngj13k6m0000gn/T/swbuild.tmp.Jfd1gu5V/Data.noindex/Test/aProject/build/Debug/AppTarget.app"]), event: .started)) → true)
↳ event taskHadEvent(Task(forTarget: AppTarget, ruleInfo: ["CodeSign", "/private/var/folders/xr/m5_5rlsd6l9fk2w4ngj13k6m0000gn/T/swbuild.tmp.Jfd1gu5V/Data.noindex/Test/aProject/build/Debug/AppTarget.app"]), event: .started) was present
↳ fails due to rdar://72202535
━ Test appHostedTestTargetRebuild() recorded a known issue at UnitTestBuildOperationTests.swift:775:40: Issue recorded
↳ Unable to find error: '.prefix("Command SwiftDriver failed.")'
↳ fails due to rdar://72202535
━ Test appHostedTestTargetRebuild() recorded a known issue at UnitTestBuildOperationTests.swift:775:40: Issue recorded
↳ Unexpected error diagnostics: ["Command SwiftCompile failed. The command `(cd /private/var/folders/xr/m5_5rlsd6l9fk2w4ngj13k6m0000gn/T/swbuild.tmp.Jfd1gu5V/Data.noindex/Test/aProject && env -i \'ANDROID_HOME=/Users/dschaefer2/android\' \'ANDROID_NDK_HOME=/Users/dschaefer2/android/ndk/27.3.13750724\' \'ANDROID_NDK_ROOT=/Users/dschaefer2/android/ndk/27.3.13750724\' \'ANDROID_SDK_ROOT=/Users/dschaefer2/android\' \'DEVELOPER_DIR=/Applications/Xcode17E.app/Contents/Developer\' \'DYLD_FRAMEWORK_PATH=/Applications/Xcode17E.app/Contents/Developer/Platforms/MacOSX.platform/Developer/Library/Frameworks:/Applications/Xcode17E.app/Contents/Developer/Platforms/MacOSX.platform/Developer/Library/PrivateFrameworks\' \'DYLD_LIBRARY_PATH=/Applications/Xcode17E.app/Contents/Developer/Platforms/MacOSX.platform/Developer/usr/lib\' \'PATH=/usr/local/bin:/usr/bin:/bin:/usr/sbin:/sbin\' \'SDKROOT=/Applications/Xcode17E.app/Contents/Developer/Platforms/MacOSX.platform/Developer/SDKs/MacOSX26.4.sdk\' builtin-swiftTaskExecution -- /Applications/Xcode17E.app/Contents/Developer/Toolchains/XcodeDefault.xctoolchain/usr/bin/swift-frontend -frontend -c -primary-file /private/var/folders/xr/m5_5rlsd6l9fk2w4ngj13k6m0000gn/T/swbuild.tmp.Jfd1gu5V/Data.noindex/Test/aProject/TestOne.swift -emit-dependencies-path /private/var/folders/xr/m5_5rlsd6l9fk2w4ngj13k6m0000gn/T/swbuild.tmp.Jfd1gu5V/Data.noindex/Test/aProject/build/aProject.build/Debug/UnitTestTarget.build/Objects-normal/arm64/TestOne.d -emit-const-values-path /private/var/folders/xr/m5_5rlsd6l9fk2w4ngj13k6m0000gn/T/swbuild.tmp.Jfd1gu5V/Data.noindex/Test/aProject/build/aProject.build/Debug/UnitTestTarget.build/Objects-normal/arm64/TestOne.swiftconstvalues -emit-reference-dependencies-path /private/var/folders/xr/m5_5rlsd6l9fk2w4ngj13k6m0000gn/T/swbuild.tmp.Jfd1gu5V/Data.noindex/Test/aProject/build/aProject.build/Debug/UnitTestTarget.build/Objects-normal/arm64/TestOne.swiftdeps -serialize-diagnostics-path /private/var/folders/xr/m5_5rlsd6l9fk2w4ngj13k6m0000gn/T/swbuild.tmp.Jfd1gu5V/Data.noindex/Test/aProject/build/aProject.build/Debug/UnitTestTarget.build/Objects-normal/arm64/TestOne.dia -target arm64-apple-macos26.4 -load-resolved-plugin \'/Applications/Xcode17E.app/Contents/Developer/Platforms/MacOSX.platform/Developer/usr/lib/swift/host/plugins/libSwiftMacros.dylib#/Applications/Xcode17E.app/Contents/Developer/Platforms/MacOSX.platform/Developer/usr/bin/swift-plugin-server#SwiftMacros\' -disable-implicit-swift-modules -Xcc -fno-implicit-modules -Xcc -fno-implicit-module-maps -explicit-swift-module-map-file /private/var/folders/xr/m5_5rlsd6l9fk2w4ngj13k6m0000gn/T/swbuild.tmp.Jfd1gu5V/Data.noindex/Test/aProject/build/aProject.build/Debug/UnitTestTarget.build/Objects-normal/arm64/UnitTestTarget-dependencies-1.json -Xllvm -aarch64-use-tbi -enable-objc-interop -sdk /Applications/Xcode17E.app/Contents/Developer/Platforms/MacOSX.platform/Developer/SDKs/MacOSX26.4.sdk -I /private/var/folders/xr/m5_5rlsd6l9fk2w4ngj13k6m0000gn/T/swbuild.tmp.Jfd1gu5V/Data.noindex/Test/aProject/build/Debug -Isystem /Applications/Xcode17E.app/Contents/Developer/Platforms/MacOSX.platform/Developer/usr/lib -F /private/var/folders/xr/m5_5rlsd6l9fk2w4ngj13k6m0000gn/T/swbuild.tmp.Jfd1gu5V/Data.noindex/Test/aProject/build/Debug -F /Applications/Xcode17E.app/Contents/Developer/Platforms/MacOSX.platform/Developer/Library/Frameworks -module-cache-path /private/var/folders/xr/m5_5rlsd6l9fk2w4ngj13k6m0000gn/T/swbuild.tmp.Jfd1gu5V/Data.noindex/Test/aProject/build/SwiftExplicitPrecompiledModules -no-color-diagnostics -Xcc -fno-color-diagnostics -g \'-debug-info-format=dwarf\' \'-dwarf-version=5\' -swift-version 6 -O -serialize-debugging-options -enable-experimental-feature DebugDescriptionMacro -empty-abi-descriptor -blocklist-file /Applications/Xcode17E.app/Contents/Developer/Toolchains/XcodeDefault.xctoolchain/usr/local/lib/swift/blocklists/Optimizations.yaml -blocklist-file /Applications/Xcode17E.app/Contents/Developer/Toolchains/XcodeDefault.xctoolchain/usr/local/lib/swift/blocklists/modules.yml -validate-clang-modules-once -clang-build-session-file /var/folders/xr/m5_5rlsd6l9fk2w4ngj13k6m0000gn/C/org.llvm.clang/ModuleCache.noindex/Session.modulevalidation -Xcc -working-directory -Xcc /private/var/folders/xr/m5_5rlsd6l9fk2w4ngj13k6m0000gn/T/swbuild.tmp.Jfd1gu5V/Data.noindex/Test/aProject -file-compilation-dir /private/var/folders/xr/m5_5rlsd6l9fk2w4ngj13k6m0000gn/T/swbuild.tmp.Jfd1gu5V/Data.noindex/Test/aProject -Xcc -ivfsstatcache -Xcc /private/var/folders/xr/m5_5rlsd6l9fk2w4ngj13k6m0000gn/T/swbuild.tmp.Jfd1gu5V/Data.noindex/Test/SDKStatCaches.noindex/macosx26.4-25E260-95aa6cf8f3effd57bda17e0c125410c0.sdkstatcache -Xcc \'-fmodules-prune-interval=86400\' -Xcc \'-fmodules-prune-after=345600\' -Xcc -I/private/var/folders/xr/m5_5rlsd6l9fk2w4ngj13k6m0000gn/T/swbuild.tmp.Jfd1gu5V/Data.noindex/Test/aProject/build/aProject.build/Debug/UnitTestTarget.build/swift-overrides.hmap -Xcc -iquote -Xcc /private/var/folders/xr/m5_5rlsd6l9fk2w4ngj13k6m0000gn/T/swbuild.tmp.Jfd1gu5V/Data.noindex/Test/aProject/build/aProject.build/Debug/UnitTestTarget.build/UnitTestTarget-generated-files.hmap -Xcc -I/private/var/folders/xr/m5_5rlsd6l9fk2w4ngj13k6m0000gn/T/swbuild.tmp.Jfd1gu5V/Data.noindex/Test/aProject/build/aProject.build/Debug/UnitTestTarget.build/UnitTestTarget-own-target-headers.hmap -Xcc -I/private/var/folders/xr/m5_5rlsd6l9fk2w4ngj13k6m0000gn/T/swbuild.tmp.Jfd1gu5V/Data.noindex/Test/aProject/build/aProject.build/Debug/UnitTestTarget.build/UnitTestTarget-all-target-headers.hmap -Xcc -iquote -Xcc /private/var/folders/xr/m5_5rlsd6l9fk2w4ngj13k6m0000gn/T/swbuild.tmp.Jfd1gu5V/Data.noindex/Test/aProject/build/aProject.build/Debug/UnitTestTarget.build/UnitTestTarget-project-headers.hmap -Xcc -I/private/var/folders/xr/m5_5rlsd6l9fk2w4ngj13k6m0000gn/T/swbuild.tmp.Jfd1gu5V/Data.noindex/Test/aProject/build/Debug/include -Xcc -I/private/var/folders/xr/m5_5rlsd6l9fk2w4ngj13k6m0000gn/T/swbuild.tmp.Jfd1gu5V/Data.noindex/Test/aProject/build/aProject.build/Debug/UnitTestTarget.build/DerivedSources-normal/arm64 -Xcc -I/private/var/folders/xr/m5_5rlsd6l9fk2w4ngj13k6m0000gn/T/swbuild.tmp.Jfd1gu5V/Data.noindex/Test/aProject/build/aProject.build/Debug/UnitTestTarget.build/DerivedSources/arm64 -Xcc -I/private/var/folders/xr/m5_5rlsd6l9fk2w4ngj13k6m0000gn/T/swbuild.tmp.Jfd1gu5V/Data.noindex/Test/aProject/build/aProject.build/Debug/UnitTestTarget.build/DerivedSources -no-auto-bridging-header-chaining -module-name UnitTestTarget -const-gather-protocols-file /private/var/folders/xr/m5_5rlsd6l9fk2w4ngj13k6m0000gn/T/swbuild.tmp.Jfd1gu5V/Data.noindex/Test/aProject/build/aProject.build/Debug/UnitTestTarget.build/Objects-normal/arm64/UnitTestTarget_const_extract_protocols.json -clang-target arm64-apple-macos26.4 -target-sdk-version 26.4 -target-sdk-name macosx26.4 -in-process-plugin-server-path /Applications/Xcode17E.app/Contents/Developer/Toolchains/XcodeDefault.xctoolchain/usr/lib/swift/host/libSwiftInProcPluginServer.dylib -parse-as-library -o /private/var/folders/xr/m5_5rlsd6l9fk2w4ngj13k6m0000gn/T/swbuild.tmp.Jfd1gu5V/Data.noindex/Test/aProject/build/aProject.build/Debug/UnitTestTarget.build/Objects-normal/arm64/TestOne.o -index-unit-output-path /aProject.build/Debug/UnitTestTarget.build/Objects-normal/arm64/TestOne.o)` exited with status 1. The command\'s output was:\n\n/private/var/folders/xr/m5_5rlsd6l9fk2w4ngj13k6m0000gn/T/swbuild.tmp.Jfd1gu5V/Data.noindex/Test/aProject/TestOne.swift:1:17: error: cannot find \'foo\' in scope\n1 | func testFoo(){ foo }\n  |                 `- error: cannot find \'foo\' in scope\nFailed frontend command:\n/Applications/Xcode17E.app/Contents/Developer/Toolchains/XcodeDefault.xctoolchain/usr/bin/swift-frontend -frontend -c -primary-file /private/var/folders/xr/m5_5rlsd6l9fk2w4ngj13k6m0000gn/T/swbuild.tmp.Jfd1gu5V/Data.noindex/Test/aProject/TestOne.swift -emit-dependencies-path /private/var/folders/xr/m5_5rlsd6l9fk2w4ngj13k6m0000gn/T/swbuild.tmp.Jfd1gu5V/Data.noindex/Test/aProject/build/aProject.build/Debug/UnitTestTarget.build/Objects-normal/arm64/TestOne.d -emit-const-values-path /private/var/folders/xr/m5_5rlsd6l9fk2w4ngj13k6m0000gn/T/swbuild.tmp.Jfd1gu5V/Data.noindex/Test/aProject/build/aProject.build/Debug/UnitTestTarget.build/Objects-normal/arm64/TestOne.swiftconstvalues -emit-reference-dependencies-path /private/var/folders/xr/m5_5rlsd6l9fk2w4ngj13k6m0000gn/T/swbuild.tmp.Jfd1gu5V/Data.noindex/Test/aProject/build/aProject.build/Debug/UnitTestTarget.build/Objects-normal/arm64/TestOne.swiftdeps -serialize-diagnostics-path /private/var/folders/xr/m5_5rlsd6l9fk2w4ngj13k6m0000gn/T/swbuild.tmp.Jfd1gu5V/Data.noindex/Test/aProject/build/aProject.build/Debug/UnitTestTarget.build/Objects-normal/arm64/TestOne.dia -target arm64-apple-macos26.4 -load-resolved-plugin /Applications/Xcode17E.app/Contents/Developer/Platforms/MacOSX.platform/Developer/usr/lib/swift/host/plugins/libSwiftMacros.dylib\\#/Applications/Xcode17E.app/Contents/Developer/Platforms/MacOSX.platform/Developer/usr/bin/swift-plugin-server\\#SwiftMacros -disable-implicit-swift-modules -Xcc -fno-implicit-modules -Xcc -fno-implicit-module-maps -explicit-swift-module-map-file /private/var/folders/xr/m5_5rlsd6l9fk2w4ngj13k6m0000gn/T/swbuild.tmp.Jfd1gu5V/Data.noindex/Test/aProject/build/aProject.build/Debug/UnitTestTarget.build/Objects-normal/arm64/UnitTestTarget-dependencies-1.json -Xllvm -aarch64-use-tbi -enable-objc-interop -sdk /Applications/Xcode17E.app/Contents/Developer/Platforms/MacOSX.platform/Developer/SDKs/MacOSX26.4.sdk -I /private/var/folders/xr/m5_5rlsd6l9fk2w4ngj13k6m0000gn/T/swbuild.tmp.Jfd1gu5V/Data.noindex/Test/aProject/build/Debug -Isystem /Applications/Xcode17E.app/Contents/Developer/Platforms/MacOSX.platform/Developer/usr/lib -F /private/var/folders/xr/m5_5rlsd6l9fk2w4ngj13k6m0000gn/T/swbuild.tmp.Jfd1gu5V/Data.noindex/Test/aProject/build/Debug -F /Applications/Xcode17E.app/Contents/Developer/Platforms/MacOSX.platform/Developer/Library/Frameworks -module-cache-path /private/var/folders/xr/m5_5rlsd6l9fk2w4ngj13k6m0000gn/T/swbuild.tmp.Jfd1gu5V/Data.noindex/Test/aProject/build/SwiftExplicitPrecompiledModules -no-color-diagnostics -Xcc -fno-color-diagnostics -g -debug-info-format\\=dwarf -dwarf-version\\=5 -swift-version 6 -O -serialize-debugging-options -enable-experimental-feature DebugDescriptionMacro -empty-abi-descriptor -blocklist-file /Applications/Xcode17E.app/Contents/Developer/Toolchains/XcodeDefault.xctoolchain/usr/local/lib/swift/blocklists/Optimizations.yaml -blocklist-file /Applications/Xcode17E.app/Contents/Developer/Toolchains/XcodeDefault.xctoolchain/usr/local/lib/swift/blocklists/modules.yml -validate-clang-modules-once -clang-build-session-file /var/folders/xr/m5_5rlsd6l9fk2w4ngj13k6m0000gn/C/org.llvm.clang/ModuleCache.noindex/Session.modulevalidation -Xcc -working-directory -Xcc /private/var/folders/xr/m5_5rlsd6l9fk2w4ngj13k6m0000gn/T/swbuild.tmp.Jfd1gu5V/Data.noindex/Test/aProject -file-compilation-dir /private/var/folders/xr/m5_5rlsd6l9fk2w4ngj13k6m0000gn/T/swbuild.tmp.Jfd1gu5V/Data.noindex/Test/aProject -Xcc -ivfsstatcache -Xcc /private/var/folders/xr/m5_5rlsd6l9fk2w4ngj13k6m0000gn/T/swbuild.tmp.Jfd1gu5V/Data.noindex/Test/SDKStatCaches.noindex/macosx26.4-25E260-95aa6cf8f3effd57bda17e0c125410c0.sdkstatcache -Xcc -fmodules-prune-interval\\=86400 -Xcc -fmodules-prune-after\\=345600 -Xcc -I/private/var/folders/xr/m5_5rlsd6l9fk2w4ngj13k6m0000gn/T/swbuild.tmp.Jfd1gu5V/Data.noindex/Test/aProject/build/aProject.build/Debug/UnitTestTarget.build/swift-overrides.hmap -Xcc -iquote -Xcc /private/var/folders/xr/m5_5rlsd6l9fk2w4ngj13k6m0000gn/T/swbuild.tmp.Jfd1gu5V/Data.noindex/Test/aProject/build/aProject.build/Debug/UnitTestTarget.build/UnitTestTarget-generated-files.hmap -Xcc -I/private/var/folders/xr/m5_5rlsd6l9fk2w4ngj13k6m0000gn/T/swbuild.tmp.Jfd1gu5V/Data.noindex/Test/aProject/build/aProject.build/Debug/UnitTestTarget.build/UnitTestTarget-own-target-headers.hmap -Xcc -I/private/var/folders/xr/m5_5rlsd6l9fk2w4ngj13k6m0000gn/T/swbuild.tmp.Jfd1gu5V/Data.noindex/Test/aProject/build/aProject.build/Debug/UnitTestTarget.build/UnitTestTarget-all-target-headers.hmap -Xcc -iquote -Xcc /private/var/folders/xr/m5_5rlsd6l9fk2w4ngj13k6m0000gn/T/swbuild.tmp.Jfd1gu5V/Data.noindex/Test/aProject/build/aProject.build/Debug/UnitTestTarget.build/UnitTestTarget-project-headers.hmap -Xcc -I/private/var/folders/xr/m5_5rlsd6l9fk2w4ngj13k6m0000gn/T/swbuild.tmp.Jfd1gu5V/Data.noindex/Test/aProject/build/Debug/include -Xcc -I/private/var/folders/xr/m5_5rlsd6l9fk2w4ngj13k6m0000gn/T/swbuild.tmp.Jfd1gu5V/Data.noindex/Test/aProject/build/aProject.build/Debug/UnitTestTarget.build/DerivedSources-normal/arm64 -Xcc -I/private/var/folders/xr/m5_5rlsd6l9fk2w4ngj13k6m0000gn/T/swbuild.tmp.Jfd1gu5V/Data.noindex/Test/aProject/build/aProject.build/Debug/UnitTestTarget.build/DerivedSources/arm64 -Xcc -I/private/var/folders/xr/m5_5rlsd6l9fk2w4ngj13k6m0000gn/T/swbuild.tmp.Jfd1gu5V/Data.noindex/Test/aProject/build/aProject.build/Debug/UnitTestTarget.build/DerivedSources -no-auto-bridging-header-chaining -module-name UnitTestTarget -const-gather-protocols-file /private/var/folders/xr/m5_5rlsd6l9fk2w4ngj13k6m0000gn/T/swbuild.tmp.Jfd1gu5V/Data.noindex/Test/aProject/build/aProject.build/Debug/UnitTestTarget.build/Objects-normal/arm64/UnitTestTarget_const_extract_protocols.json -clang-target arm64-apple-macos26.4 -target-sdk-version 26.4 -target-sdk-name macosx26.4 -in-process-plugin-server-path /Applications/Xcode17E.app/Contents/Developer/Toolchains/XcodeDefault.xctoolchain/usr/lib/swift/host/libSwiftInProcPluginServer.dylib -parse-as-library -o /private/var/folders/xr/m5_5rlsd6l9fk2w4ngj13k6m0000gn/T/swbuild.tmp.Jfd1gu5V/Data.noindex/Test/aProject/build/aProject.build/Debug/UnitTestTarget.build/Objects-normal/arm64/TestOne.o -index-unit-output-path /aProject.build/Debug/UnitTestTarget.build/Objects-normal/arm64/TestOne.o\n", "Command CodeSign failed. The command `(cd /private/var/folders/xr/m5_5rlsd6l9fk2w4ngj13k6m0000gn/T/swbuild.tmp.Jfd1gu5V/Data.noindex/Test/aProject && env -i \'ANDROID_HOME=/Users/dschaefer2/android\' \'ANDROID_NDK_HOME=/Users/dschaefer2/android/ndk/27.3.13750724\' \'ANDROID_NDK_ROOT=/Users/dschaefer2/android/ndk/27.3.13750724\' \'ANDROID_SDK_ROOT=/Users/dschaefer2/android\' \'CODESIGN_ALLOCATE=/Applications/Xcode17E.app/Contents/Developer/Toolchains/XcodeDefault.xctoolchain/usr/bin/codesign_allocate\' \'DYLD_FRAMEWORK_PATH=/Applications/Xcode17E.app/Contents/Developer/Platforms/MacOSX.platform/Developer/Library/Frameworks:/Applications/Xcode17E.app/Contents/Developer/Platforms/MacOSX.platform/Developer/Library/PrivateFrameworks\' \'DYLD_LIBRARY_PATH=/Applications/Xcode17E.app/Contents/Developer/Platforms/MacOSX.platform/Developer/usr/lib\' \'PATH=/usr/local/bin:/usr/bin:/bin:/usr/sbin:/sbin\' /usr/bin/codesign --force --sign - \'--timestamp=none\' --generate-entitlement-der /private/var/folders/xr/m5_5rlsd6l9fk2w4ngj13k6m0000gn/T/swbuild.tmp.Jfd1gu5V/Data.noindex/Test/aProject/build/Debug/AppTarget.app)` exited with status 1. The command\'s output was:\n\n/private/var/folders/xr/m5_5rlsd6l9fk2w4ngj13k6m0000gn/T/swbuild.tmp.Jfd1gu5V/Data.noindex/Test/aProject/build/Debug/AppTarget.app: code object is not signed at all\nIn subcomponent: /private/var/folders/xr/m5_5rlsd6l9fk2w4ngj13k6m0000gn/T/swbuild.tmp.Jfd1gu5V/Data.noindex/Test/aProject/build/Debug/AppTarget.app/Contents/PlugIns/UnitTestTarget.xctest\n"]
↳ fails due to rdar://72202535
⎙ Attached 'Build Transcript.txt' to consumingObjectLibraryIncrementalBuild().
⎙ Attached 'Build Description.txt' to consumingObjectLibraryIncrementalBuild().
⎙ Attached 'Build Transcript.txt' to commandLineTool(linkerDriver:optimizationLevel:).
⎙ Attached 'Build Description.txt' to commandLineTool(linkerDriver:optimizationLevel:).
⎙ Attached 'Build Transcript.txt' to disabledWhenLdClassicIsInUse().
⎙ Attached 'Build Description.txt' to disabledWhenLdClassicIsInUse().
⎙ Attached 'Build Transcript.txt' to basic().
⎙ Attached 'Build Description.txt' to basic().
✔ Test basic() passed after 242.399 seconds.
⎙ Attached 'Build Transcript.txt' to debuggableCommandLineTool().
⎙ Attached 'Build Description.txt' to debuggableCommandLineTool().
⎙ Attached 'Build Transcript.txt' to commandLineTool(linkerDriver:optimizationLevel:).
⎙ Attached 'Build Description.txt' to commandLineTool(linkerDriver:optimizationLevel:).
⎙ Attached 'Build Transcript.txt' to commandLineTool_whitespaceEscaping().
⎙ Attached 'Build Description.txt' to commandLineTool_whitespaceEscaping().
✔ Test commandLineTool_whitespaceEscaping() passed after 243.706 seconds.
✔ Test debuggableCommandLineTool() passed after 244.172 seconds.
⎙ Attached 'Build Transcript.txt' to outputAgnosticsFlagsRebuild().
⎙ Attached 'Build Description.txt' to outputAgnosticsFlagsRebuild().
⎙ Attached 'Build Transcript.txt' to buildingHostTools().
⎙ Attached 'Build Description.txt' to buildingHostTools().
⎙ Attached 'Build Transcript.txt' to actualMinimalFramework().
⎙ Attached 'Build Description.txt' to actualMinimalFramework().
⎙ Attached 'Build Transcript.txt' to signatureDiffing().
⎙ Attached 'Build Description.txt' to signatureDiffing().
⎙ Attached 'Build Transcript.txt' to basicTrackedDomainAggregationEmptyDomains().
⎙ Attached 'Build Description.txt' to basicTrackedDomainAggregationEmptyDomains().
⎙ Attached 'Build Transcript.txt' to wishfullySimulatedMinimalFramework().
⎙ Attached 'Build Description.txt' to wishfullySimulatedMinimalFramework().
✔ Test wishfullySimulatedMinimalFramework() passed after 248.829 seconds.
⎙ Attached 'Build Transcript.txt' to moduleMapGetRewrittenIfSourceChanges().
⎙ Attached 'Build Description.txt' to moduleMapGetRewrittenIfSourceChanges().
⎙ Attached 'Build Transcript.txt' to basicTrackedDomainAggregation().
⎙ Attached 'Build Description.txt' to basicTrackedDomainAggregation().
⎙ Attached 'Build Transcript.txt' to compileMissingInputs().
⎙ Attached 'Build Description.txt' to compileMissingInputs().
✔ Test compileMissingInputs() passed after 250.731 seconds.
⎙ Attached 'Build Transcript.txt' to swiftCachingSwiftPM().
⎙ Attached 'Build Description.txt' to swiftCachingSwiftPM().
✔ Test swiftCachingSwiftPM() passed after 252.318 seconds.
⎙ Attached 'Build Transcript.txt' to singleFileCompile().
⎙ Attached 'Build Description.txt' to singleFileCompile().
⎙ Attached 'Build Transcript for Build Operation "Debug".txt' to automaticMergedFrameworkCreation().
⎙ Attached 'Build Description for Build Operation "Debug".txt' to automaticMergedFrameworkCreation().
⎙ Attached 'Build Transcript.txt' to buildDescriptionUseInBuildSystemCaching().
⎙ Attached 'Build Description.txt' to buildDescriptionUseInBuildSystemCaching().
⎙ Attached 'Build Transcript.txt' to inMemoryBuildDescriptionCache().
⎙ Attached 'Build Description.txt' to inMemoryBuildDescriptionCache().
⎙ Attached 'Build Transcript.txt' to cleanFramework().
⎙ Attached 'Build Description.txt' to cleanFramework().
⎙ Attached 'Build Transcript.txt' to cleanDoesNotDeleteManuallyCreatedFolders().
⎙ Attached 'Build Description.txt' to cleanDoesNotDeleteManuallyCreatedFolders().
⎙ Attached 'Build Transcript.txt' to clearCaches().
⎙ Attached 'Build Description.txt' to clearCaches().
⎙ Attached 'Build Transcript.txt' to cleanBuildFolderContainingProject().
⎙ Attached 'Build Description.txt' to cleanBuildFolderContainingProject().
⎙ Attached 'Build Transcript.txt' to cleanFrameworkInstall().
⎙ Attached 'Build Description.txt' to cleanFrameworkInstall().
⎙ Attached 'Build Transcript.txt' to incrementalCodesignForCopyFileChangesWithAppHostedTests().
⎙ Attached 'Build Description.txt' to incrementalCodesignForCopyFileChangesWithAppHostedTests().
⎙ Attached 'Build Transcript.txt' to dylibIncrementalInstallAPI().
⎙ Attached 'Build Description.txt' to dylibIncrementalInstallAPI().
⎙ Attached 'Build Transcript.txt' to installAPIHeaderPlatformFiltering().
⎙ Attached 'Build Description.txt' to installAPIHeaderPlatformFiltering().
⎙ Attached 'Build Transcript.txt' to onDiskBuildDescriptionCache().
⎙ Attached 'Build Description.txt' to onDiskBuildDescriptionCache().
⎙ Attached 'Build Transcript.txt' to precompiledHeaderAsModuleCxx().
⎙ Attached 'Build Description.txt' to precompiledHeaderAsModuleCxx().
✔ Test precompiledHeaderAsModuleCxx() passed after 257.676 seconds.
✔ Suite PrefixHeaderAsModuleTests passed after 257.687 seconds.
⎙ Attached 'Build Transcript.txt' to frameworkIncrementalInstallAPIPostHeaderRemoval().
⎙ Attached 'Build Description.txt' to frameworkIncrementalInstallAPIPostHeaderRemoval().
⎙ Attached 'Build Transcript.txt' to frameworkIncrementalInstallAPI().
⎙ Attached 'Build Description.txt' to frameworkIncrementalInstallAPI().
⎙ Attached 'Build Transcript.txt' to incrementalFwkTAPI().
⎙ Attached 'Build Description.txt' to incrementalFwkTAPI().
⎙ Attached 'Build Transcript.txt' to dylibInstallAPITBDSigning().
⎙ Attached 'Build Description.txt' to dylibInstallAPITBDSigning().
⎙ Attached 'Build Transcript.txt' to codeSignCycleWithInstallAPI().
⎙ Attached 'Build Description.txt' to codeSignCycleWithInstallAPI().
✔ Test codeSignCycleWithInstallAPI() passed after 260.136 seconds.
⎙ Attached 'Build Transcript.txt' to dylibInstallAPITBDSigningWithBuildVariants().
⎙ Attached 'Build Description.txt' to dylibInstallAPITBDSigningWithBuildVariants().
⎙ Attached 'Build Transcript.txt' to frameworkInstallAPITBDSigning().
⎙ Attached 'Build Description.txt' to frameworkInstallAPITBDSigning().
⎙ Attached 'Build Transcript.txt' to swiftDriverJobExecutionEnvironment().
⎙ Attached 'Build Description.txt' to swiftDriverJobExecutionEnvironment().
✔ Test swiftDriverJobExecutionEnvironment() passed after 260.301 seconds.
⎙ Attached 'Build Transcript.txt' to driverInitDiagnostics().
⎙ Attached 'Build Description.txt' to driverInitDiagnostics().
✔ Test driverInitDiagnostics() passed after 260.379 seconds.
⎙ Attached 'Build Transcript.txt' to frameworkInstallAPITBDSigningWithBuildVariants().
⎙ Attached 'Build Description.txt' to frameworkInstallAPITBDSigningWithBuildVariants().
⎙ Attached 'Build Transcript.txt' to shellScriptContentAwareIncrementalBehaviorWithTwoPhases().
⎙ Attached 'Build Description.txt' to shellScriptContentAwareIncrementalBehaviorWithTwoPhases().
⎙ Attached 'Build Transcript.txt' to swiftEagerLinkingFrameworkWithShallowBundle().
⎙ Attached 'Build Description.txt' to swiftEagerLinkingFrameworkWithShallowBundle().
✔ Test swiftEagerLinkingFrameworkWithShallowBundle() passed after 261.746 seconds.
⎙ Attached 'Build Transcript.txt' to cachingCppModules().
⎙ Attached 'Build Description.txt' to cachingCppModules().
✔ Test cachingCppModules() passed after 262.705 seconds.
⎙ Attached 'Build Transcript.txt' to stubifyAvoidsRelinkingWhenExportedSymbolsDoNotChange().
⎙ Attached 'Build Description.txt' to stubifyAvoidsRelinkingWhenExportedSymbolsDoNotChange().
⎙ Attached 'Build Transcript.txt' to cachingMixedModulesAndNonModules().
⎙ Attached 'Build Description.txt' to cachingMixedModulesAndNonModules().
⎙ Attached 'Build Transcript.txt' to skipInstall().
⎙ Attached 'Build Description.txt' to skipInstall().
✔ Test skipInstall() passed after 262.997 seconds.
⎙ Attached 'Build Transcript.txt' to swiftEagerLinking().
⎙ Attached 'Build Description.txt' to swiftEagerLinking().
✔ Test swiftEagerLinking() passed after 263.385 seconds.
⎙ Attached 'Build Transcript.txt' to cachingPluginOniOSPlatform().
⎙ Attached 'Build Description.txt' to cachingPluginOniOSPlatform().
⎙ Attached 'Build Transcript.txt' to incrementalCodesignForCopyFileChanges_iOS().
⎙ Attached 'Build Description.txt' to incrementalCodesignForCopyFileChanges_iOS().
⎙ Attached 'Build Transcript.txt' to iOSAppSandboxAndHardenedRuntimeBuildSettingEnabled().
⎙ Attached 'Build Description.txt' to iOSAppSandboxAndHardenedRuntimeBuildSettingEnabled().
⎙ Attached 'Build Transcript.txt' to simulatorEntitlementsSections().
⎙ Attached 'Build Description.txt' to simulatorEntitlementsSections().
✔ Test iOSAppSandboxAndHardenedRuntimeBuildSettingEnabled() passed after 265.280 seconds.
✔ Test simulatorEntitlementsSections() passed after 265.294 seconds.
⎙ Attached 'Build Transcript.txt' to directoryInputBasic().
⎙ Attached 'Build Description.txt' to directoryInputBasic().
⎙ Attached 'Build Transcript.txt' to copiedFrameworkContentPruning(runDestination:).
⎙ Attached 'Build Description.txt' to copiedFrameworkContentPruning(runDestination:).
⎙ Attached 'Build Transcript.txt' to uiTestTarget_iOS().
⎙ Attached 'Build Description.txt' to uiTestTarget_iOS().
⎙ Attached 'Build Transcript.txt' to appHostedTestTarget_iOS().
⎙ Attached 'Build Description.txt' to appHostedTestTarget_iOS().
⎙ Attached 'Build Transcript.txt' to threadSafety().
⎙ Attached 'Build Description.txt' to threadSafety().
✔ Test threadSafety() passed after 271.202 seconds.
⎙ Attached 'Build Transcript.txt' to appIntentsNLTraining().
⎙ Attached 'Build Description.txt' to appIntentsNLTraining().
✔ Test appIntentsNLTraining() passed after 280.499 seconds.
✔ Suite AppIntentsNLTrainingTests passed after 280.509 seconds.
⎙ Attached 'Build Transcript.txt' to targetedDeviceFamilyFiltering_watchOS().
⎙ Attached 'Build Description.txt' to targetedDeviceFamilyFiltering_watchOS().
⎙ Attached 'Build Transcript.txt' to targetedDeviceFamilyFiltering_tvOS().
⎙ Attached 'Build Description.txt' to targetedDeviceFamilyFiltering_tvOS().
⎙ Attached 'Build Transcript.txt' to stubAppNullBuild().
⎙ Attached 'Build Description.txt' to stubAppNullBuild().
⎙ Attached 'Build Transcript.txt' to unifdefActionSignatureChange().
⎙ Attached 'Build Description.txt' to unifdefActionSignatureChange().
✔ Test unifdefActionSignatureChange() passed after 281.599 seconds.
✔ Suite UnifdefTests passed after 281.610 seconds.
⎙ Attached 'Build Transcript.txt' to targetedDeviceFamilyFiltering_macOS().
⎙ Attached 'Build Description.txt' to targetedDeviceFamilyFiltering_macOS().
⎙ Attached 'Build Transcript.txt' to customBuildRulesInputAndOutputFileList().
⎙ Attached 'Build Description.txt' to customBuildRulesInputAndOutputFileList().
✔ Test customBuildRulesInputAndOutputFileList() passed after 281.977 seconds.
⎙ Attached 'Build Transcript.txt' to multipleInvocationsOfCustomBuildRuleWithFileList().
⎙ Attached 'Build Description.txt' to multipleInvocationsOfCustomBuildRuleWithFileList().
✔ Test multipleInvocationsOfCustomBuildRuleWithFileList() passed after 282.290 seconds.
⎙ Attached 'Build Transcript.txt' to mismatchingSignatureDoesNotProduceDiagnostics().
⎙ Attached 'Build Description.txt' to mismatchingSignatureDoesNotProduceDiagnostics().
✔ Test mismatchingSignatureDoesNotProduceDiagnostics() passed after 284.089 seconds.
⎙ Attached 'Build Transcript.txt' to assembleSingleFile().
⎙ Attached 'Build Description.txt' to assembleSingleFile().
⎙ Attached 'Build Transcript.txt' to missingMetadataFoldersProducesDiagnostics().
⎙ Attached 'Build Description.txt' to missingMetadataFoldersProducesDiagnostics().
⎙ Attached 'Build Transcript.txt' to mismatchingSignatureProducesDiagnostics().
⎙ Attached 'Build Description.txt' to mismatchingSignatureProducesDiagnostics().
✔ Test mismatchingSignatureProducesDiagnostics() passed after 289.381 seconds.
⎙ Attached 'Build Transcript.txt' to infoPlistIncrementalBehavior().
⎙ Attached 'Build Description.txt' to infoPlistIncrementalBehavior().
⎙ Attached 'Build Transcript.txt' to circularLayeringViolationDependency().
⎙ Attached 'Build Description.txt' to circularLayeringViolationDependency().
✔ Test circularLayeringViolationDependency() passed after 291.969 seconds.
✔ Suite CircularDependencyTests passed after 291.998 seconds.
⎙ Attached 'Build Transcript.txt' to preparePCH().
⎙ Attached 'Build Description.txt' to preparePCH().
⎙ Attached 'Build Transcript.txt' to ensureHeaderDiagnosticsForCollisions().
⎙ Attached 'Build Description.txt' to ensureHeaderDiagnosticsForCollisions().
✔ Test ensureHeaderDiagnosticsForCollisions() passed after 293.739 seconds.
⎙ Attached 'Build Transcript.txt' to copiedFrameworkContentPruning(runDestination:).
⎙ Attached 'Build Description.txt' to copiedFrameworkContentPruning(runDestination:).
⎙ Attached 'Build Transcript.txt' to buildDescriptionInvalidation().
⎙ Attached 'Build Description.txt' to buildDescriptionInvalidation().
⎙ Attached 'Build Transcript.txt' to onDemandResourcesBasics().
⎙ Attached 'Build Description.txt' to onDemandResourcesBasics().
✔ Test onDemandResourcesBasics() passed after 297.664 seconds.
⎙ Attached 'Build Transcript.txt' to preparingWithConflictingTargets().
⎙ Attached 'Build Description.txt' to preparingWithConflictingTargets().
✔ Test preparingWithConflictingTargets() passed after 297.858 seconds.
⎙ Attached 'Build Transcript.txt' to previewXOJITBuilds(linkerDriver:).
⎙ Attached 'Build Description.txt' to previewXOJITBuilds(linkerDriver:).
⎙ Attached 'Build Transcript.txt' to previewXOJITBuilds(linkerDriver:).
⎙ Attached 'Build Description.txt' to previewXOJITBuilds(linkerDriver:).
⎙ Attached 'Build Transcript.txt' to shellScriptContentAwareIncrementalBehaviors().
⎙ Attached 'Build Description.txt' to shellScriptContentAwareIncrementalBehaviors().
⎙ Attached 'Build Transcript.txt' to prepareForIndexResultInfo().
⎙ Attached 'Build Description.txt' to prepareForIndexResultInfo().
⎙ Attached 'Build Transcript.txt' to explicitBuildWithMixedSourceTarget().
⎙ Attached 'Build Description.txt' to explicitBuildWithMixedSourceTarget().
⎙ Attached 'Build Transcript.txt' to previewXOJITBuildsMultiFile().
⎙ Attached 'Build Description.txt' to previewXOJITBuildsMultiFile().
✔ Test previewXOJITBuildsMultiFile() passed after 298.963 seconds.
⎙ Attached 'Build Transcript.txt' to singleFileCompileWithSameBaseName().
⎙ Attached 'Build Description.txt' to singleFileCompileWithSameBaseName().
⎙ Attached 'Build Transcript.txt' to preparingForIndexingSimulatorTarget().
⎙ Attached 'Build Description.txt' to preparingForIndexingSimulatorTarget().
⎙ Attached 'Build Transcript.txt' to infoPlistPreprocessingMerging().
⎙ Attached 'Build Description.txt' to infoPlistPreprocessingMerging().
⎙ Attached 'Build Transcript.txt' to copiedFrameworkContentPruning(runDestination:).
⎙ Attached 'Build Description.txt' to copiedFrameworkContentPruning(runDestination:).
⎙ Attached 'Build Transcript.txt' to xCFrameworksAreCopiedIndependentlyOfUserBuildPhases().
⎙ Attached 'Build Description.txt' to xCFrameworksAreCopiedIndependentlyOfUserBuildPhases().
✔ Test xCFrameworksAreCopiedIndependentlyOfUserBuildPhases() passed after 301.472 seconds.
⎙ Attached 'Build Transcript.txt' to appHostedTestTarget_macOS().
⎙ Attached 'Build Description.txt' to appHostedTestTarget_macOS().
⎙ Attached 'Build Transcript.txt' to uITestTarget_macOS().
⎙ Attached 'Build Description.txt' to uITestTarget_macOS().
⎙ Attached 'Build Transcript.txt' to packageResourcesObjCPP().
⎙ Attached 'Build Description.txt' to packageResourcesObjCPP().
✔ Test packageResourcesObjCPP() passed after 304.128 seconds.
⎙ Attached 'Build Transcript.txt' to objCxxTargetLinksWithSwiftStdlibIfDepUsesSwiftCxxInterop().
⎙ Attached 'Build Description.txt' to objCxxTargetLinksWithSwiftStdlibIfDepUsesSwiftCxxInterop().
⎙ Attached 'Build Transcript.txt' to singleFileCompileMetal().
⎙ Attached 'Build Description.txt' to singleFileCompileMetal().
⎙ Attached 'Build Transcript.txt' to assembly().
⎙ Attached 'Build Description.txt' to assembly().
✔ Test assembly() passed after 306.046 seconds.
⎙ Attached 'Build Transcript.txt' to cachingBlockList().
⎙ Attached 'Build Description.txt' to cachingBlockList().
⎙ Attached 'Build Transcript.txt' to scriptWithSymlinkedInputRerunsWhenTargetChanges().
⎙ Attached 'Build Description.txt' to scriptWithSymlinkedInputRerunsWhenTargetChanges().
✔ Test scriptWithSymlinkedInputRerunsWhenTargetChanges() passed after 307.698 seconds.
✔ Suite CopyTests passed after 307.713 seconds.
⎙ Attached 'Build Transcript.txt' to incrementalMetalLinkWithCodeSign().
⎙ Attached 'Build Description.txt' to incrementalMetalLinkWithCodeSign().
⎙ Attached 'Build Transcript.txt' to assetCatalogIncrementalRebuild().
⎙ Attached 'Build Description.txt' to assetCatalogIncrementalRebuild().
⎙ Attached 'Build Transcript.txt' to repeatedReplay().
⎙ Attached 'Build Description.txt' to repeatedReplay().
⎙ Attached 'Build Transcript.txt' to assetCatalogCachingBasics().
⎙ Attached 'Build Transcript.txt' to incrementalAssetPackUpdates().
⎙ Attached 'Build Description.txt' to incrementalAssetPackUpdates().
✔ Test incrementalAssetPackUpdates() passed after 309.017 seconds.
⎙ Attached 'Build Transcript.txt' to minimalCopiedBundle().
⎙ Attached 'Build Description.txt' to minimalCopiedBundle().
⎙ Attached 'Build Transcript.txt' to configSwitchNullBuild().
⎙ Attached 'Build Description.txt' to configSwitchNullBuild().
⎙ Attached 'Build Transcript.txt' to targetedDeviceFamilyFiltering_iOS().
⎙ Attached 'Build Description.txt' to targetedDeviceFamilyFiltering_iOS().
⎙ Attached 'Build Transcript for Build Operation "Merge".txt' to usingMergeableXCFramework().
⎙ Attached 'Build Description for Build Operation "Merge".txt' to usingMergeableXCFramework().
⎙ Attached 'Build Transcript.txt' to preparingWithBuildRuleOrPhaseScript().
⎙ Attached 'Build Description.txt' to preparingWithBuildRuleOrPhaseScript().
⎙ Attached 'Build Transcript.txt' to previewThunkBuildsForPackages().
⎙ Attached 'Build Description.txt' to previewThunkBuildsForPackages().
✔ Test previewThunkBuildsForPackages() passed after 311.238 seconds.
⎙ Attached 'Build Transcript.txt' to explicitModulesBasic().
⎙ Attached 'Build Description.txt' to explicitModulesBasic().
✔ Test explicitModulesBasic() passed after 311.741 seconds.
⎙ Attached 'Build Transcript for Build Operation "Merge".txt' to usingMergeableXCFrameworkWithInterveningFramework().
⎙ Attached 'Build Description for Build Operation "Merge".txt' to usingMergeableXCFrameworkWithInterveningFramework().
✔ Test usingMergeableXCFrameworkWithInterveningFramework() passed after 311.925 seconds.
⎙ Attached 'Build Transcript.txt' to appShortcutsStringsValidation_InvalidStringsFile().
⎙ Attached 'Build Description.txt' to appShortcutsStringsValidation_InvalidStringsFile().
⎙ Attached 'Build Transcript.txt' to ibtoolCachingBasics().
✔ Test appShortcutsStringsValidation_InvalidStringsFile() passed after 314.018 seconds.
⎙ Attached 'Build Transcript.txt' to targetedDeviceFamilyFilteringMacCatalyst().
⎙ Attached 'Build Description.txt' to targetedDeviceFamilyFilteringMacCatalyst().
✔ Test targetedDeviceFamilyFilteringMacCatalyst() passed after 314.328 seconds.
⎙ Attached 'Build Transcript.txt' to incrementalTUChangeDoesNotForceModuleRebuilds().
⎙ Attached 'Build Description.txt' to incrementalTUChangeDoesNotForceModuleRebuilds().
⎙ Attached 'Build Transcript.txt' to dependencyInfoIngestion().
⎙ Attached 'Build Description.txt' to dependencyInfoIngestion().
✔ Test dependencyInfoIngestion() passed after 314.858 seconds.
⎙ Attached 'Build Transcript.txt' to incrementalRebuildAcrossPlatforms().
⎙ Attached 'Build Description.txt' to incrementalRebuildAcrossPlatforms().
⎙ Attached 'Build Transcript.txt' to RKAssetsWrongPlatform().
⎙ Attached 'Build Description.txt' to RKAssetsWrongPlatform().
✔ Test RKAssetsWrongPlatform() passed after 316.923 seconds.
⎙ Attached 'Build Transcript for Build Operation "Debug".txt' to mergedFrameworkCreationWithMultipleProjects().
⎙ Attached 'Build Description for Build Operation "Debug".txt' to mergedFrameworkCreationWithMultipleProjects().
⎙ Attached 'Build Transcript.txt' to pointerAuthenticationBuildSetting_iOS().
⎙ Attached 'Build Description.txt' to pointerAuthenticationBuildSetting_iOS().
⎙ Attached 'Build Transcript.txt' to incrementalBuildBasics().
⎙ Attached 'Build Description.txt' to incrementalBuildBasics().
⎙ Attached 'Build Transcript.txt' to appShortcutsStringsValidation().
⎙ Attached 'Build Description.txt' to appShortcutsStringsValidation().
⎙ Attached 'Build Transcript.txt' to previewThunkBuilds().
⎙ Attached 'Build Description.txt' to previewThunkBuilds().
⎙ Attached 'Build Transcript.txt' to swiftArchitectureFallbackInGeneratedHeader().
⎙ Attached 'Build Description.txt' to swiftArchitectureFallbackInGeneratedHeader().
✔ Test swiftArchitectureFallbackInGeneratedHeader() passed after 320.979 seconds.
⎙ Attached 'Build Transcript.txt' to archSpecificSwiftInterfaces().
⎙ Attached 'Build Description.txt' to archSpecificSwiftInterfaces().
✔ Test archSpecificSwiftInterfaces() passed after 322.106 seconds.
⎙ Attached 'Build Transcript.txt' to legacyPrebuild().
⎙ Attached 'Build Description.txt' to legacyPrebuild().
✔ Test legacyPrebuild() passed after 323.529 seconds.
⎙ Attached 'Build Transcript.txt' to xCFrameworkProcessingStatic().
⎙ Attached 'Build Description.txt' to xCFrameworkProcessingStatic().
⎙ Attached 'Build Transcript.txt' to xCFrameworkProcessingStaticSkipAutoEmbed().
⎙ Attached 'Build Description.txt' to xCFrameworkProcessingStaticSkipAutoEmbed().
⎙ Attached 'Build Transcript.txt' to preparingForIndexingOnlyTheseTargets().
⎙ Attached 'Build Description.txt' to preparingForIndexingOnlyTheseTargets().
⎙ Attached 'Build Transcript.txt' to xCFrameworkProcessingObjectSkipAutoEmbed().
⎙ Attached 'Build Description.txt' to xCFrameworkProcessingObjectSkipAutoEmbed().
⎙ Attached 'Build Transcript.txt' to coreDataCodeGeneration().
⎙ Attached 'Build Description.txt' to coreDataCodeGeneration().
⎙ Attached 'Build Transcript.txt' to staticlibInstallAPITBDSigning().
⎙ Attached 'Build Description.txt' to staticlibInstallAPITBDSigning().
⎙ Attached 'Build Transcript.txt' to intentsCodeGeneration().
⎙ Attached 'Build Description.txt' to intentsCodeGeneration().
✔ Test staticlibInstallAPITBDSigning() passed after 328.706 seconds.
⎙ Attached 'Build Transcript.txt' to avoidSignatureFileCollisions().
⎙ Attached 'Build Description.txt' to avoidSignatureFileCollisions().
✔ Test avoidSignatureFileCollisions() passed after 329.048 seconds.
⎙ Attached 'Build Transcript.txt' to multiplatformFramework().
⎙ Attached 'Build Description.txt' to multiplatformFramework().
✔ Test multiplatformFramework() passed after 329.230 seconds.
⎙ Attached 'Build Transcript.txt' to explicitBuildWithMultipleProjects(arch:).
⎙ Attached 'Build Description.txt' to explicitBuildWithMultipleProjects(arch:).
━ Test explicitBuildWithMultipleProjects(arch:) recorded a known issue with 1 argument arch → "x86_64" at SwiftDriverTests.swift:1434:34: Issue recorded
↳ unable to find any task matching conditions '[Rule matches [SWBTestSupport.StringPattern.equal("SwiftExplicitDependencyGeneratePcm"), SWBTestSupport.StringPattern.equal("normal"), SWBTestSupport.StringPattern.equal("x86_64"), SWBTestSupport.StringPattern.contains("SwiftShims")], CommandLineArguments contains SwiftShims, CommandLineArguments match contains("aProject/build/SwiftExplicitPrecompiledModules/SwiftShims")]', among tasks: 'Task(forTarget: TargetA, ruleInfo: ["Copy", "/private/var/folders/xr/m5_5rlsd6l9fk2w4ngj13k6m0000gn/T/swbuild.tmp.1MKAHc3s/Data.noindex/Test/aProject/build/Debug/TargetA.framework/Versions/A/Modules/TargetA.swiftmodule/Project/x86_64-apple-macos.swiftsourceinfo", "/private/var/folders/xr/m5_5rlsd6l9fk2w4ngj13k6m0000gn/T/swbuild.tmp.1MKAHc3s/Data.noindex/Test/aProject/build/aProject.build/Debug/TargetA.build/Objects-normal/x86_64/TargetA.swiftsourceinfo"]),
  	Task(forTarget: TargetA, ruleInfo: ["Copy", "/private/var/folders/xr/m5_5rlsd6l9fk2w4ngj13k6m0000gn/T/swbuild.tmp.1MKAHc3s/Data.noindex/Test/aProject/build/Debug/TargetA.framework/Versions/A/Modules/TargetA.swiftmodule/x86_64-apple-macos.abi.json", "/private/var/folders/xr/m5_5rlsd6l9fk2w4ngj13k6m0000gn/T/swbuild.tmp.1MKAHc3s/Data.noindex/Test/aProject/build/aProject.build/Debug/TargetA.build/Objects-normal/x86_64/TargetA.abi.json"]),
  	Task(forTarget: TargetA, ruleInfo: ["Copy", "/private/var/folders/xr/m5_5rlsd6l9fk2w4ngj13k6m0000gn/T/swbuild.tmp.1MKAHc3s/Data.noindex/Test/aProject/build/Debug/TargetA.framework/Versions/A/Modules/TargetA.swiftmodule/x86_64-apple-macos.swiftdoc", "/private/var/folders/xr/m5_5rlsd6l9fk2w4ngj13k6m0000gn/T/swbuild.tmp.1MKAHc3s/Data.noindex/Test/aProject/build/aProject.build/Debug/TargetA.build/Objects-normal/x86_64/TargetA.swiftdoc"]),
  	Task(forTarget: TargetA, ruleInfo: ["Copy", "/private/var/folders/xr/m5_5rlsd6l9fk2w4ngj13k6m0000gn/T/swbuild.tmp.1MKAHc3s/Data.noindex/Test/aProject/build/Debug/TargetA.framework/Versions/A/Modules/TargetA.swiftmodule/x86_64-apple-macos.swiftmodule", "/private/var/folders/xr/m5_5rlsd6l9fk2w4ngj13k6m0000gn/T/swbuild.tmp.1MKAHc3s/Data.noindex/Test/aProject/build/aProject.build/Debug/TargetA.build/Objects-normal/x86_64/TargetA.swiftmodule"]),
  	Task(forTarget: TargetA, ruleInfo: ["ExtractAppIntentsMetadata"]),
  	Task(forTarget: TargetA, ruleInfo: ["Gate", "target-TargetA-T-TargetA-20851--begin-compiling"]),
  	Task(forTarget: TargetA, ruleInfo: ["Gate", "target-TargetA-T-TargetA-20851--begin-linking"]),
  	Task(forTarget: TargetA, ruleInfo: ["Gate", "target-TargetA-T-TargetA-20851--begin-scanning"]),
  	Task(forTarget: TargetA, ruleInfo: ["Gate", "target-TargetA-T-TargetA-20851--end"]),
  	Task(forTarget: TargetA, ruleInfo: ["Gate", "target-TargetA-T-TargetA-20851--entry"]),
  	Task(forTarget: TargetA, ruleInfo: ["Gate", "target-TargetA-T-TargetA-20851--immediate"]),
  	Task(forTarget: TargetA, ruleInfo: ["Gate", "target-TargetA-T-TargetA-20851--linker-inputs-ready"]),
  	Task(forTarget: TargetA, ruleInfo: ["Gate", "target-TargetA-T-TargetA-20851--modules-ready"]),
  	Task(forTarget: TargetA, ruleInfo: ["Gate", "target-TargetA-T-TargetA-20851--unsigned-product-ready"]),
  	Task(forTarget: TargetA, ruleInfo: ["Gate", "target-TargetA-T-TargetA-20851--will-sign"]),
  	Task(forTarget: TargetA, ruleInfo: ["GenerateTAPI", "/private/var/folders/xr/m5_5rlsd6l9fk2w4ngj13k6m0000gn/T/swbuild.tmp.1MKAHc3s/Data.noindex/Test/aProject/build/EagerLinkingTBDs/Debug/TargetA.framework/Versions/A/TargetA.tbd"]),
  	Task(forTarget: TargetA, ruleInfo: ["Ld", "/private/var/folders/xr/m5_5rlsd6l9fk2w4ngj13k6m0000gn/T/swbuild.tmp.1MKAHc3s/Data.noindex/Test/aProject/build/Debug/TargetA.framework/Versions/A/TargetA", "normal"]),
  	Task(forTarget: TargetA, ruleInfo: ["MkDir", "/private/var/folders/xr/m5_5rlsd6l9fk2w4ngj13k6m0000gn/T/swbuild.tmp.1MKAHc3s/Data.noindex/Test/aProject/build/Debug/TargetA.framework"]),
  	Task(forTarget: TargetA, ruleInfo: ["MkDir", "/private/var/folders/xr/m5_5rlsd6l9fk2w4ngj13k6m0000gn/T/swbuild.tmp.1MKAHc3s/Data.noindex/Test/aProject/build/Debug/TargetA.framework/Versions"]),
  	Task(forTarget: TargetA, ruleInfo: ["MkDir", "/private/var/folders/xr/m5_5rlsd6l9fk2w4ngj13k6m0000gn/T/swbuild.tmp.1MKAHc3s/Data.noindex/Test/aProject/build/Debug/TargetA.framework/Versions/A"]),
  	Task(forTarget: TargetA, ruleInfo: ["MkDir", "/private/var/folders/xr/m5_5rlsd6l9fk2w4ngj13k6m0000gn/T/swbuild.tmp.1MKAHc3s/Data.noindex/Test/aProject/build/Debug/TargetA.framework/Versions/A/Headers"]),
  	Task(forTarget: TargetA, ruleInfo: ["RegisterExecutionPolicyException", "/private/var/folders/xr/m5_5rlsd6l9fk2w4ngj13k6m0000gn/T/swbuild.tmp.1MKAHc3s/Data.noindex/Test/aProject/build/Debug/TargetA.framework"]),
  	Task(forTarget: TargetA, ruleInfo: ["SwiftCompile", "normal", "x86_64", "Compiling file1.swift", "/private/var/folders/xr/m5_5rlsd6l9fk2w4ngj13k6m0000gn/T/swbuild.tmp.1MKAHc3s/Data.noindex/Test/aProject/Sources/file1.swift"]),
  	Task(forTarget: TargetA, ruleInfo: ["SwiftCompile", "normal", "x86_64", "Compiling file2.swift", "/private/var/folders/xr/m5_5rlsd6l9fk2w4ngj13k6m0000gn/T/swbuild.tmp.1MKAHc3s/Data.noindex/Test/aProject/Sources/file2.swift"]),
  	Task(forTarget: TargetA, ruleInfo: ["SwiftDriver", "TargetA", "normal", "x86_64", "com.apple.xcode.tools.swift.compiler"]),
  	Task(forTarget: TargetA, ruleInfo: ["SwiftDriver Compilation", "TargetA", "normal", "x86_64", "com.apple.xcode.tools.swift.compiler"]),
  	Task(forTarget: TargetA, ruleInfo: ["SwiftDriver Compilation Requirements", "TargetA", "normal", "x86_64", "com.apple.xcode.tools.swift.compiler"]),
  	Task(forTarget: TargetA, ruleInfo: ["SwiftEmitModule", "normal", "x86_64", "Emitting module for TargetA"]),
  	Task(forTarget: TargetA, ruleInfo: ["SwiftMergeGeneratedHeaders", "/private/var/folders/xr/m5_5rlsd6l9fk2w4ngj13k6m0000gn/T/swbuild.tmp.1MKAHc3s/Data.noindex/Test/aProject/build/Debug/TargetA.framework/Versions/A/Headers/TargetA-Swift.h", "/private/var/folders/xr/m5_5rlsd6l9fk2w4ngj13k6m0000gn/T/swbuild.tmp.1MKAHc3s/Data.noindex/Test/aProject/build/aProject.build/Debug/TargetA.build/Objects-normal/x86_64/TargetA-Swift.h"]),
  	Task(forTarget: TargetA, ruleInfo: ["SymLink", "/private/var/folders/xr/m5_5rlsd6l9fk2w4ngj13k6m0000gn/T/swbuild.tmp.1MKAHc3s/Data.noindex/Test/aProject/build/Debug/TargetA.framework/Headers", "Versions/Current/Headers"]),
  	Task(forTarget: TargetA, ruleInfo: ["SymLink", "/private/var/folders/xr/m5_5rlsd6l9fk2w4ngj13k6m0000gn/T/swbuild.tmp.1MKAHc3s/Data.noindex/Test/aProject/build/Debug/TargetA.framework/Modules", "Versions/Current/Modules"]),
  	Task(forTarget: TargetA, ruleInfo: ["SymLink", "/private/var/folders/xr/m5_5rlsd6l9fk2w4ngj13k6m0000gn/T/swbuild.tmp.1MKAHc3s/Data.noindex/Test/aProject/build/Debug/TargetA.framework/TargetA", "Versions/Current/TargetA"]),
  	Task(forTarget: TargetA, ruleInfo: ["SymLink", "/private/var/folders/xr/m5_5rlsd6l9fk2w4ngj13k6m0000gn/T/swbuild.tmp.1MKAHc3s/Data.noindex/Test/aProject/build/Debug/TargetA.framework/Versions/Current", "A"]),
  	Task(forTarget: TargetA, ruleInfo: ["SymLink", "/private/var/folders/xr/m5_5rlsd6l9fk2w4ngj13k6m0000gn/T/swbuild.tmp.1MKAHc3s/Data.noindex/Test/aProject/build/EagerLinkingTBDs/Debug/TargetA.framework/TargetA.tbd", "/private/var/folders/xr/m5_5rlsd6l9fk2w4ngj13k6m0000gn/T/swbuild.tmp.1MKAHc3s/Data.noindex/Test/aProject/build/EagerLinkingTBDs/Debug/TargetA.framework/Versions/A/TargetA.tbd"]),
  	Task(forTarget: TargetA, ruleInfo: ["Touch", "/private/var/folders/xr/m5_5rlsd6l9fk2w4ngj13k6m0000gn/T/swbuild.tmp.1MKAHc3s/Data.noindex/Test/aProject/build/Debug/TargetA.framework"]),
  	Task(forTarget: TargetA, ruleInfo: ["WriteAuxiliaryFile", "/private/var/folders/xr/m5_5rlsd6l9fk2w4ngj13k6m0000gn/T/swbuild.tmp.1MKAHc3s/Data.noindex/Test/aProject/build/aProject.build/Debug/TargetA.build/Objects-normal/x86_64/TargetA-OutputFileMap.json"]),
  	Task(forTarget: TargetA, ruleInfo: ["WriteAuxiliaryFile", "/private/var/folders/xr/m5_5rlsd6l9fk2w4ngj13k6m0000gn/T/swbuild.tmp.1MKAHc3s/Data.noindex/Test/aProject/build/aProject.build/Debug/TargetA.build/Objects-normal/x86_64/TargetA.LinkFileList"]),
  	Task(forTarget: TargetA, ruleInfo: ["WriteAuxiliaryFile", "/private/var/folders/xr/m5_5rlsd6l9fk2w4ngj13k6m0000gn/T/swbuild.tmp.1MKAHc3s/Data.noindex/Test/aProject/build/aProject.build/Debug/TargetA.build/Objects-normal/x86_64/TargetA.SwiftConstValuesFileList"]),
  	Task(forTarget: TargetA, ruleInfo: ["WriteAuxiliaryFile", "/private/var/folders/xr/m5_5rlsd6l9fk2w4ngj13k6m0000gn/T/swbuild.tmp.1MKAHc3s/Data.noindex/Test/aProject/build/aProject.build/Debug/TargetA.build/Objects-normal/x86_64/TargetA.SwiftFileList"]),
  	Task(forTarget: TargetA, ruleInfo: ["WriteAuxiliaryFile", "/private/var/folders/xr/m5_5rlsd6l9fk2w4ngj13k6m0000gn/T/swbuild.tmp.1MKAHc3s/Data.noindex/Test/aProject/build/aProject.build/Debug/TargetA.build/Objects-normal/x86_64/TargetA_const_extract_protocols.json"]),
  	Task(forTarget: TargetA, ruleInfo: ["WriteAuxiliaryFile", "/private/var/folders/xr/m5_5rlsd6l9fk2w4ngj13k6m0000gn/T/swbuild.tmp.1MKAHc3s/Data.noindex/Test/aProject/build/aProject.build/Debug/TargetA.build/TargetA-all-non-framework-target-headers.hmap"]),
  	Task(forTarget: TargetA, ruleInfo: ["WriteAuxiliaryFile", "/private/var/folders/xr/m5_5rlsd6l9fk2w4ngj13k6m0000gn/T/swbuild.tmp.1MKAHc3s/Data.noindex/Test/aProject/build/aProject.build/Debug/TargetA.build/TargetA-all-target-headers.hmap"]),
  	Task(forTarget: TargetA, ruleInfo: ["WriteAuxiliaryFile", "/private/var/folders/xr/m5_5rlsd6l9fk2w4ngj13k6m0000gn/T/swbuild.tmp.1MKAHc3s/Data.noindex/Test/aProject/build/aProject.build/Debug/TargetA.build/TargetA-generated-files.hmap"]),
  	Task(forTarget: TargetA, ruleInfo: ["WriteAuxiliaryFile", "/private/var/folders/xr/m5_5rlsd6l9fk2w4ngj13k6m0000gn/T/swbuild.tmp.1MKAHc3s/Data.noindex/Test/aProject/build/aProject.build/Debug/TargetA.build/TargetA-own-target-headers.hmap"]),
  	Task(forTarget: TargetA, ruleInfo: ["WriteAuxiliaryFile", "/private/var/folders/xr/m5_5rlsd6l9fk2w4ngj13k6m0000gn/T/swbuild.tmp.1MKAHc3s/Data.noindex/Test/aProject/build/aProject.build/Debug/TargetA.build/TargetA-project-headers.hmap"]),
  	Task(forTarget: TargetA, ruleInfo: ["WriteAuxiliaryFile", "/private/var/folders/xr/m5_5rlsd6l9fk2w4ngj13k6m0000gn/T/swbuild.tmp.1MKAHc3s/Data.noindex/Test/aProject/build/aProject.build/Debug/TargetA.build/TargetA.DependencyMetadataFileList"]),
  	Task(forTarget: TargetA, ruleInfo: ["WriteAuxiliaryFile", "/private/var/folders/xr/m5_5rlsd6l9fk2w4ngj13k6m0000gn/T/swbuild.tmp.1MKAHc3s/Data.noindex/Test/aProject/build/aProject.build/Debug/TargetA.build/TargetA.DependencyStaticMetadataFileList"]),
  	Task(forTarget: TargetA, ruleInfo: ["WriteAuxiliaryFile", "/private/var/folders/xr/m5_5rlsd6l9fk2w4ngj13k6m0000gn/T/swbuild.tmp.1MKAHc3s/Data.noindex/Test/aProject/build/aProject.build/Debug/TargetA.build/TargetA.hmap"]),
  	Task(forTarget: TargetB, ruleInfo: ["Copy", "/private/var/folders/xr/m5_5rlsd6l9fk2w4ngj13k6m0000gn/T/swbuild.tmp.1MKAHc3s/Data.noindex/Test/bProject/build/Debug/TargetB.framework/Versions/A/Modules/TargetB.swiftmodule/Project/x86_64-apple-macos.swiftsourceinfo", "/private/var/folders/xr/m5_5rlsd6l9fk2w4ngj13k6m0000gn/T/swbuild.tmp.1MKAHc3s/Data.noindex/Test/bProject/build/bProject.build/Debug/TargetB.build/Objects-normal/x86_64/TargetB.swiftsourceinfo"]),
  	Task(forTarget: TargetB, ruleInfo: ["Copy", "/private/var/folders/xr/m5_5rlsd6l9fk2w4ngj13k6m0000gn/T/swbuild.tmp.1MKAHc3s/Data.noindex/Test/bProject/build/Debug/TargetB.framework/Versions/A/Modules/TargetB.swiftmodule/x86_64-apple-macos.abi.json", "/private/var/folders/xr/m5_5rlsd6l9fk2w4ngj13k6m0000gn/T/swbuild.tmp.1MKAHc3s/Data.noindex/Test/bProject/build/bProject.build/Debug/TargetB.build/Objects-normal/x86_64/TargetB.abi.json"]),
  	Task(forTarget: TargetB, ruleInfo: ["Copy", "/private/var/folders/xr/m5_5rlsd6l9fk2w4ngj13k6m0000gn/T/swbuild.tmp.1MKAHc3s/Data.noindex/Test/bProject/build/Debug/TargetB.framework/Versions/A/Modules/TargetB.swiftmodule/x86_64-apple-macos.swiftdoc", "/private/var/folders/xr/m5_5rlsd6l9fk2w4ngj13k6m0000gn/T/swbuild.tmp.1MKAHc3s/Data.noindex/Test/bProject/build/bProject.build/Debug/TargetB.build/Objects-normal/x86_64/TargetB.swiftdoc"]),
  	Task(forTarget: TargetB, ruleInfo: ["Copy", "/private/var/folders/xr/m5_5rlsd6l9fk2w4ngj13k6m0000gn/T/swbuild.tmp.1MKAHc3s/Data.noindex/Test/bProject/build/Debug/TargetB.framework/Versions/A/Modules/TargetB.swiftmodule/x86_64-apple-macos.swiftmodule", "/private/var/folders/xr/m5_5rlsd6l9fk2w4ngj13k6m0000gn/T/swbuild.tmp.1MKAHc3s/Data.noindex/Test/bProject/build/bProject.build/Debug/TargetB.build/Objects-normal/x86_64/TargetB.swiftmodule"]),
  	Task(forTarget: TargetB, ruleInfo: ["ExtractAppIntentsMetadata"]),
  	Task(forTarget: TargetB, ruleInfo: ["Gate", "target-TargetB-T-TargetB-29512--begin-compiling"]),
  	Task(forTarget: TargetB, ruleInfo: ["Gate", "target-TargetB-T-TargetB-29512--begin-linking"]),
  	Task(forTarget: TargetB, ruleInfo: ["Gate", "target-TargetB-T-TargetB-29512--begin-scanning"]),
  	Task(forTarget: TargetB, ruleInfo: ["Gate", "target-TargetB-T-TargetB-29512--end"]),
  	Task(forTarget: TargetB, ruleInfo: ["Gate", "target-TargetB-T-TargetB-29512--entry"]),
  	Task(forTarget: TargetB, ruleInfo: ["Gate", "target-TargetB-T-TargetB-29512--immediate"]),
  	Task(forTarget: TargetB, ruleInfo: ["Gate", "target-TargetB-T-TargetB-29512--linker-inputs-ready"]),
  	Task(forTarget: TargetB, ruleInfo: ["Gate", "target-TargetB-T-TargetB-29512--modules-ready"]),
  	Task(forTarget: TargetB, ruleInfo: ["Gate", "target-TargetB-T-TargetB-29512--unsigned-product-ready"]),
  	Task(forTarget: TargetB, ruleInfo: ["Gate", "target-TargetB-T-TargetB-29512--will-sign"]),
  	Task(forTarget: TargetB, ruleInfo: ["GenerateTAPI", "/private/var/folders/xr/m5_5rlsd6l9fk2w4ngj13k6m0000gn/T/swbuild.tmp.1MKAHc3s/Data.noindex/Test/bProject/build/EagerLinkingTBDs/Debug/TargetB.framework/Versions/A/TargetB.tbd"]),
  	Task(forTarget: TargetB, ruleInfo: ["Ld", "/private/var/folders/xr/m5_5rlsd6l9fk2w4ngj13k6m0000gn/T/swbuild.tmp.1MKAHc3s/Data.noindex/Test/bProject/build/Debug/TargetB.framework/Versions/A/TargetB", "normal"]),
  	Task(forTarget: TargetB, ruleInfo: ["MkDir", "/private/var/folders/xr/m5_5rlsd6l9fk2w4ngj13k6m0000gn/T/swbuild.tmp.1MKAHc3s/Data.noindex/Test/bProject/build/Debug/TargetB.framework"]),
  	Task(forTarget: TargetB, ruleInfo: ["MkDir", "/private/var/folders/xr/m5_5rlsd6l9fk2w4ngj13k6m0000gn/T/swbuild.tmp.1MKAHc3s/Data.noindex/Test/bProject/build/Debug/TargetB.framework/Versions"]),
  	Task(forTarget: TargetB, ruleInfo: ["MkDir", "/private/var/folders/xr/m5_5rlsd6l9fk2w4ngj13k6m0000gn/T/swbuild.tmp.1MKAHc3s/Data.noindex/Test/bProject/build/Debug/TargetB.framework/Versions/A"]),
  	Task(forTarget: TargetB, ruleInfo: ["MkDir", "/private/var/folders/xr/m5_5rlsd6l9fk2w4ngj13k6m0000gn/T/swbuild.tmp.1MKAHc3s/Data.noindex/Test/bProject/build/Debug/TargetB.framework/Versions/A/Headers"]),
  	Task(forTarget: TargetB, ruleInfo: ["RegisterExecutionPolicyException", "/private/var/folders/xr/m5_5rlsd6l9fk2w4ngj13k6m0000gn/T/swbuild.tmp.1MKAHc3s/Data.noindex/Test/bProject/build/Debug/TargetB.framework"]),
  	Task(forTarget: TargetB, ruleInfo: ["SwiftCompile", "normal", "x86_64", "Compiling file3.swift", "/private/var/folders/xr/m5_5rlsd6l9fk2w4ngj13k6m0000gn/T/swbuild.tmp.1MKAHc3s/Data.noindex/Test/bProject/Sources/file3.swift"]),
  	Task(forTarget: TargetB, ruleInfo: ["SwiftCompile", "normal", "x86_64", "Compiling file4.swift", "/private/var/folders/xr/m5_5rlsd6l9fk2w4ngj13k6m0000gn/T/swbuild.tmp.1MKAHc3s/Data.noindex/Test/bProject/Sources/file4.swift"]),
  	Task(forTarget: TargetB, ruleInfo: ["SwiftDriver", "TargetB", "normal", "x86_64", "com.apple.xcode.tools.swift.compiler"]),
  	Task(forTarget: TargetB, ruleInfo: ["SwiftDriver Compilation", "TargetB", "normal", "x86_64", "com.apple.xcode.tools.swift.compiler"]),
  	Task(forTarget: TargetB, ruleInfo: ["SwiftDriver Compilation Requirements", "TargetB", "normal", "x86_64", "com.apple.xcode.tools.swift.compiler"]),
  	Task(forTarget: TargetB, ruleInfo: ["SwiftEmitModule", "normal", "x86_64", "Emitting module for TargetB"]),
  	Task(forTarget: TargetB, ruleInfo: ["SwiftMergeGeneratedHeaders", "/private/var/folders/xr/m5_5rlsd6l9fk2w4ngj13k6m0000gn/T/swbuild.tmp.1MKAHc3s/Data.noindex/Test/bProject/build/Debug/TargetB.framework/Versions/A/Headers/TargetB-Swift.h", "/private/var/folders/xr/m5_5rlsd6l9fk2w4ngj13k6m0000gn/T/swbuild.tmp.1MKAHc3s/Data.noindex/Test/bProject/build/bProject.build/Debug/TargetB.build/Objects-normal/x86_64/TargetB-Swift.h"]),
  	Task(forTarget: TargetB, ruleInfo: ["SymLink", "/private/var/folders/xr/m5_5rlsd6l9fk2w4ngj13k6m0000gn/T/swbuild.tmp.1MKAHc3s/Data.noindex/Test/bProject/build/Debug/TargetB.framework/Headers", "Versions/Current/Headers"]),
  	Task(forTarget: TargetB, ruleInfo: ["SymLink", "/private/var/folders/xr/m5_5rlsd6l9fk2w4ngj13k6m0000gn/T/swbuild.tmp.1MKAHc3s/Data.noindex/Test/bProject/build/Debug/TargetB.framework/Modules", "Versions/Current/Modules"]),
  	Task(forTarget: TargetB, ruleInfo: ["SymLink", "/private/var/folders/xr/m5_5rlsd6l9fk2w4ngj13k6m0000gn/T/swbuild.tmp.1MKAHc3s/Data.noindex/Test/bProject/build/Debug/TargetB.framework/TargetB", "Versions/Current/TargetB"]),
  	Task(forTarget: TargetB, ruleInfo: ["SymLink", "/private/var/folders/xr/m5_5rlsd6l9fk2w4ngj13k6m0000gn/T/swbuild.tmp.1MKAHc3s/Data.noindex/Test/bProject/build/Debug/TargetB.framework/Versions/Current", "A"]),
  	Task(forTarget: TargetB, ruleInfo: ["SymLink", "/private/var/folders/xr/m5_5rlsd6l9fk2w4ngj13k6m0000gn/T/swbuild.tmp.1MKAHc3s/Data.noindex/Test/bProject/build/EagerLinkingTBDs/Debug/TargetB.framework/TargetB.tbd", "/private/var/folders/xr/m5_5rlsd6l9fk2w4ngj13k6m0000gn/T/swbuild.tmp.1MKAHc3s/Data.noindex/Test/bProject/build/EagerLinkingTBDs/Debug/TargetB.framework/Versions/A/TargetB.tbd"]),
  	Task(forTarget: TargetB, ruleInfo: ["Touch", "/private/var/folders/xr/m5_5rlsd6l9fk2w4ngj13k6m0000gn/T/swbuild.tmp.1MKAHc3s/Data.noindex/Test/bProject/build/Debug/TargetB.framework"]),
  	Task(forTarget: TargetB, ruleInfo: ["WriteAuxiliaryFile", "/private/var/folders/xr/m5_5rlsd6l9fk2w4ngj13k6m0000gn/T/swbuild.tmp.1MKAHc3s/Data.noindex/Test/bProject/build/bProject.build/Debug/TargetB.build/Objects-normal/x86_64/TargetB-OutputFileMap.json"]),
  	Task(forTarget: TargetB, ruleInfo: ["WriteAuxiliaryFile", "/private/var/folders/xr/m5_5rlsd6l9fk2w4ngj13k6m0000gn/T/swbuild.tmp.1MKAHc3s/Data.noindex/Test/bProject/build/bProject.build/Debug/TargetB.build/Objects-normal/x86_64/TargetB.LinkFileList"]),
  	Task(forTarget: TargetB, ruleInfo: ["WriteAuxiliaryFile", "/private/var/folders/xr/m5_5rlsd6l9fk2w4ngj13k6m0000gn/T/swbuild.tmp.1MKAHc3s/Data.noindex/Test/bProject/build/bProject.build/Debug/TargetB.build/Objects-normal/x86_64/TargetB.SwiftConstValuesFileList"]),
  	Task(forTarget: TargetB, ruleInfo: ["WriteAuxiliaryFile", "/private/var/folders/xr/m5_5rlsd6l9fk2w4ngj13k6m0000gn/T/swbuild.tmp.1MKAHc3s/Data.noindex/Test/bProject/build/bProject.build/Debug/TargetB.build/Objects-normal/x86_64/TargetB.SwiftFileList"]),
  	Task(forTarget: TargetB, ruleInfo: ["WriteAuxiliaryFile", "/private/var/folders/xr/m5_5rlsd6l9fk2w4ngj13k6m0000gn/T/swbuild.tmp.1MKAHc3s/Data.noindex/Test/bProject/build/bProject.build/Debug/TargetB.build/Objects-normal/x86_64/TargetB_const_extract_protocols.json"]),
  	Task(forTarget: TargetB, ruleInfo: ["WriteAuxiliaryFile", "/private/var/folders/xr/m5_5rlsd6l9fk2w4ngj13k6m0000gn/T/swbuild.tmp.1MKAHc3s/Data.noindex/Test/bProject/build/bProject.build/Debug/TargetB.build/TargetB-all-non-framework-target-headers.hmap"]),
  	Task(forTarget: TargetB, ruleInfo: ["WriteAuxiliaryFile", "/private/var/folders/xr/m5_5rlsd6l9fk2w4ngj13k6m0000gn/T/swbuild.tmp.1MKAHc3s/Data.noindex/Test/bProject/build/bProject.build/Debug/TargetB.build/TargetB-all-target-headers.hmap"]),
  	Task(forTarget: TargetB, ruleInfo: ["WriteAuxiliaryFile", "/private/var/folders/xr/m5_5rlsd6l9fk2w4ngj13k6m0000gn/T/swbuild.tmp.1MKAHc3s/Data.noindex/Test/bProject/build/bProject.build/Debug/TargetB.build/TargetB-generated-files.hmap"]),
  	Task(forTarget: TargetB, ruleInfo: ["WriteAuxiliaryFile", "/private/var/folders/xr/m5_5rlsd6l9fk2w4ngj13k6m0000gn/T/swbuild.tmp.1MKAHc3s/Data.noindex/Test/bProject/build/bProject.build/Debug/TargetB.build/TargetB-own-target-headers.hmap"]),
  	Task(forTarget: TargetB, ruleInfo: ["WriteAuxiliaryFile", "/private/var/folders/xr/m5_5rlsd6l9fk2w4ngj13k6m0000gn/T/swbuild.tmp.1MKAHc3s/Data.noindex/Test/bProject/build/bProject.build/Debug/TargetB.build/TargetB-project-headers.hmap"]),
  	Task(forTarget: TargetB, ruleInfo: ["WriteAuxiliaryFile", "/private/var/folders/xr/m5_5rlsd6l9fk2w4ngj13k6m0000gn/T/swbuild.tmp.1MKAHc3s/Data.noindex/Test/bProject/build/bProject.build/Debug/TargetB.build/TargetB.DependencyMetadataFileList"]),
  	Task(forTarget: TargetB, ruleInfo: ["WriteAuxiliaryFile", "/private/var/folders/xr/m5_5rlsd6l9fk2w4ngj13k6m0000gn/T/swbuild.tmp.1MKAHc3s/Data.noindex/Test/bProject/build/bProject.build/Debug/TargetB.build/TargetB.DependencyStaticMetadataFileList"]),
  	Task(forTarget: TargetB, ruleInfo: ["WriteAuxiliaryFile", "/private/var/folders/xr/m5_5rlsd6l9fk2w4ngj13k6m0000gn/T/swbuild.tmp.1MKAHc3s/Data.noindex/Test/bProject/build/bProject.build/Debug/TargetB.build/TargetB.hmap"]),
  	Task(forTarget: <none>, ruleInfo: ["ClangStatCache", "/Applications/Xcode17E.app/Contents/Developer/Toolchains/XcodeDefault.xctoolchain/usr/bin/clang-stat-cache", "/Applications/Xcode17E.app/Contents/Developer/Platforms/MacOSX.platform/Developer/SDKs/MacOSX26.4.sdk", "/private/var/folders/xr/m5_5rlsd6l9fk2w4ngj13k6m0000gn/T/swbuild.tmp.1MKAHc3s/Data.noindex/Test/SDKStatCaches.noindex/macosx26.4-25E260-95aa6cf8f3effd57bda17e0c125410c0.sdkstatcache"]),
  	Task(forTarget: <none>, ruleInfo: ["CreateBuildDirectory", "/private/var/folders/xr/m5_5rlsd6l9fk2w4ngj13k6m0000gn/T/swbuild.tmp.1MKAHc3s/Data.noindex/Test/aProject/build"]),
  	Task(forTarget: <none>, ruleInfo: ["CreateBuildDirectory", "/private/var/folders/xr/m5_5rlsd6l9fk2w4ngj13k6m0000gn/T/swbuild.tmp.1MKAHc3s/Data.noindex/Test/aProject/build/Debug"]),
  	Task(forTarget: <none>, ruleInfo: ["CreateBuildDirectory", "/private/var/folders/xr/m5_5rlsd6l9fk2w4ngj13k6m0000gn/T/swbuild.tmp.1MKAHc3s/Data.noindex/Test/aProject/build/EagerLinkingTBDs/Debug"]),
  	Task(forTarget: <none>, ruleInfo: ["CreateBuildDirectory", "/private/var/folders/xr/m5_5rlsd6l9fk2w4ngj13k6m0000gn/T/swbuild.tmp.1MKAHc3s/Data.noindex/Test/aProject/build/ExplicitPrecompiledModules"]),
  	Task(forTarget: <none>, ruleInfo: ["CreateBuildDirectory", "/private/var/folders/xr/m5_5rlsd6l9fk2w4ngj13k6m0000gn/T/swbuild.tmp.1MKAHc3s/Data.noindex/Test/aProject/build/SharedPrecompiledHeaders"]),
  	Task(forTarget: <none>, ruleInfo: ["CreateBuildDirectory", "/private/var/folders/xr/m5_5rlsd6l9fk2w4ngj13k6m0000gn/T/swbuild.tmp.1MKAHc3s/Data.noindex/Test/aProject/build/SwiftExplicitPrecompiledModules"]),
  	Task(forTarget: <none>, ruleInfo: ["CreateBuildDirectory", "/private/var/folders/xr/m5_5rlsd6l9fk2w4ngj13k6m0000gn/T/swbuild.tmp.1MKAHc3s/Data.noindex/Test/bProject/build"]),
  	Task(forTarget: <none>, ruleInfo: ["CreateBuildDirectory", "/private/var/folders/xr/m5_5rlsd6l9fk2w4ngj13k6m0000gn/T/swbuild.tmp.1MKAHc3s/Data.noindex/Test/bProject/build/Debug"]),
  	Task(forTarget: <none>, ruleInfo: ["CreateBuildDirectory", "/private/var/folders/xr/m5_5rlsd6l9fk2w4ngj13k6m0000gn/T/swbuild.tmp.1MKAHc3s/Data.noindex/Test/bProject/build/EagerLinkingTBDs/Debug"]),
  	Task(forTarget: <none>, ruleInfo: ["CreateBuildDirectory", "/private/var/folders/xr/m5_5rlsd6l9fk2w4ngj13k6m0000gn/T/swbuild.tmp.1MKAHc3s/Data.noindex/Test/bProject/build/ExplicitPrecompiledModules"]),
  	Task(forTarget: <none>, ruleInfo: ["CreateBuildDirectory", "/private/var/folders/xr/m5_5rlsd6l9fk2w4ngj13k6m0000gn/T/swbuild.tmp.1MKAHc3s/Data.noindex/Test/bProject/build/SharedPrecompiledHeaders"]),
  	Task(forTarget: <none>, ruleInfo: ["CreateBuildDirectory", "/private/var/folders/xr/m5_5rlsd6l9fk2w4ngj13k6m0000gn/T/swbuild.tmp.1MKAHc3s/Data.noindex/Test/bProject/build/SwiftExplicitPrecompiledModules"]),
  	Task(forTarget: <none>, ruleInfo: ["CreateBuildDirectory", "/var/folders/xr/m5_5rlsd6l9fk2w4ngj13k6m0000gn/C/com.apple.DeveloperTools/26.4.1-17E202/Xcode/CompilationCache.noindex"]),
  	Task(forTarget: <none>, ruleInfo: ["Gate", "WorkspaceHeaderMapVFSFilesWritten"]),
  	Task(forTarget: <none>, ruleInfo: ["Gate", "target-TargetA-T-TargetA-20851--AppExtensionInfoPlistGeneratorTaskProducer"]),
  	Task(forTarget: <none>, ruleInfo: ["Gate", "target-TargetA-T-TargetA-20851--AppIntentsMetadataTaskProducer"]),
  	Task(forTarget: <none>, ruleInfo: ["Gate", "target-TargetA-T-TargetA-20851--Barrier-ChangeAlternatePermissions"]),
  	Task(forTarget: <none>, ruleInfo: ["Gate", "target-TargetA-T-TargetA-20851--Barrier-ChangePermissions"]),
  	Task(forTarget: <none>, ruleInfo: ["Gate", "target-TargetA-T-TargetA-20851--Barrier-CodeSign"]),
  	Task(forTarget: <none>, ruleInfo: ["Gate", "target-TargetA-T-TargetA-20851--Barrier-CopyAside"]),
  	Task(forTarget: <none>, ruleInfo: ["Gate", "target-TargetA-T-TargetA-20851--Barrier-GenerateStubAPI"]),
  	Task(forTarget: <none>, ruleInfo: ["Gate", "target-TargetA-T-TargetA-20851--Barrier-RegisterExecutionPolicyException"]),
  	Task(forTarget: <none>, ruleInfo: ["Gate", "target-TargetA-T-TargetA-20851--Barrier-RegisterProduct"]),
  	Task(forTarget: <none>, ruleInfo: ["Gate", "target-TargetA-T-TargetA-20851--Barrier-StripSymbols"]),
  	Task(forTarget: <none>, ruleInfo: ["Gate", "target-TargetA-T-TargetA-20851--Barrier-Validate"]),
  	Task(forTarget: <none>, ruleInfo: ["Gate", "target-TargetA-T-TargetA-20851--CopySwiftPackageResourcesTaskProducer"]),
  	Task(forTarget: <none>, ruleInfo: ["Gate", "target-TargetA-T-TargetA-20851--CustomTaskProducer"]),
  	Task(forTarget: <none>, ruleInfo: ["Gate", "target-TargetA-T-TargetA-20851--DocumentationTaskProducer"]),
  	Task(forTarget: <none>, ruleInfo: ["Gate", "target-TargetA-T-TargetA-20851--ExtensionPointExtractorTaskProducer"]),
  	Task(forTarget: <none>, ruleInfo: ["Gate", "target-TargetA-T-TargetA-20851--GenerateAppPlaygroundAssetCatalogTaskProducer"]),
  	Task(forTarget: <none>, ruleInfo: ["Gate", "target-TargetA-T-TargetA-20851--GeneratedFilesTaskProducer"]),
  	Task(forTarget: <none>, ruleInfo: ["Gate", "target-TargetA-T-TargetA-20851--HeadermapTaskProducer"]),
  	Task(forTarget: <none>, ruleInfo: ["Gate", "target-TargetA-T-TargetA-20851--InfoPlistTaskProducer"]),
  	Task(forTarget: <none>, ruleInfo: ["Gate", "target-TargetA-T-TargetA-20851--ModuleMapTaskProducer"]),
  	Task(forTarget: <none>, ruleInfo: ["Gate", "target-TargetA-T-TargetA-20851--ModuleVerifierTaskProducer"]),
  	Task(forTarget: <none>, ruleInfo: ["Gate", "target-TargetA-T-TargetA-20851--ProductPostprocessingTaskProducer"]),
  	Task(forTarget: <none>, ruleInfo: ["Gate", "target-TargetA-T-TargetA-20851--ProductStructureTaskProducer"]),
  	Task(forTarget: <none>, ruleInfo: ["Gate", "target-TargetA-T-TargetA-20851--RealityAssetsTaskProducer"]),
  	Task(forTarget: <none>, ruleInfo: ["Gate", "target-TargetA-T-TargetA-20851--SanitizerTaskProducer"]),
  	Task(forTarget: <none>, ruleInfo: ["Gate", "target-TargetA-T-TargetA-20851--StubBinaryTaskProducer"]),
  	Task(forTarget: <none>, ruleInfo: ["Gate", "target-TargetA-T-TargetA-20851--SwiftABIBaselineGenerationTaskProducer"]),
  	Task(forTarget: <none>, ruleInfo: ["Gate", "target-TargetA-T-TargetA-20851--SwiftFrameworkABICheckerTaskProducer"]),
  	Task(forTarget: <none>, ruleInfo: ["Gate", "target-TargetA-T-TargetA-20851--SwiftPackageCopyFilesTaskProducer"]),
  	Task(forTarget: <none>, ruleInfo: ["Gate", "target-TargetA-T-TargetA-20851--SwiftStandardLibrariesTaskProducer"]),
  	Task(forTarget: <none>, ruleInfo: ["Gate", "target-TargetA-T-TargetA-20851--TAPISymbolExtractorTaskProducer"]),
  	Task(forTarget: <none>, ruleInfo: ["Gate", "target-TargetA-T-TargetA-20851--TestEntryPointTaskProducerFactory"]),
  	Task(forTarget: <none>, ruleInfo: ["Gate", "target-TargetA-T-TargetA-20851--TestHostTaskProducer"]),
  	Task(forTarget: <none>, ruleInfo: ["Gate", "target-TargetA-T-TargetA-20851--TestTargetPostprocessingTaskProducer"]),
  	Task(forTarget: <none>, ruleInfo: ["Gate", "target-TargetA-T-TargetA-20851--TestTargetTaskProducer"]),
  	Task(forTarget: <none>, ruleInfo: ["Gate", "target-TargetA-T-TargetA-20851--copy-headers-completion"]),
  	Task(forTarget: <none>, ruleInfo: ["Gate", "target-TargetA-T-TargetA-20851--fused-phase0-compile-sources"]),
  	Task(forTarget: <none>, ruleInfo: ["Gate", "target-TargetA-T-TargetA-20851--generated-headers"]),
  	Task(forTarget: <none>, ruleInfo: ["Gate", "target-TargetA-T-TargetA-20851--swift-generated-headers"]),
  	Task(forTarget: <none>, ruleInfo: ["Gate", "target-TargetB-T-TargetB-29512--AppExtensionInfoPlistGeneratorTaskProducer"]),
  	Task(forTarget: <none>, ruleInfo: ["Gate", "target-TargetB-T-TargetB-29512--AppIntentsMetadataTaskProducer"]),
  	Task(forTarget: <none>, ruleInfo: ["Gate", "target-TargetB-T-TargetB-29512--Barrier-ChangeAlternatePermissions"]),
  	Task(forTarget: <none>, ruleInfo: ["Gate", "target-TargetB-T-TargetB-29512--Barrier-ChangePermissions"]),
  	Task(forTarget: <none>, ruleInfo: ["Gate", "target-TargetB-T-TargetB-29512--Barrier-CodeSign"]),
  	Task(forTarget: <none>, ruleInfo: ["Gate", "target-TargetB-T-TargetB-29512--Barrier-CopyAside"]),
  	Task(forTarget: <none>, ruleInfo: ["Gate", "target-TargetB-T-TargetB-29512--Barrier-GenerateStubAPI"]),
  	Task(forTarget: <none>, ruleInfo: ["Gate", "target-TargetB-T-TargetB-29512--Barrier-RegisterExecutionPolicyException"]),
  	Task(forTarget: <none>, ruleInfo: ["Gate", "target-TargetB-T-TargetB-29512--Barrier-RegisterProduct"]),
  	Task(forTarget: <none>, ruleInfo: ["Gate", "target-TargetB-T-TargetB-29512--Barrier-StripSymbols"]),
  	Task(forTarget: <none>, ruleInfo: ["Gate", "target-TargetB-T-TargetB-29512--Barrier-Validate"]),
  	Task(forTarget: <none>, ruleInfo: ["Gate", "target-TargetB-T-TargetB-29512--CopySwiftPackageResourcesTaskProducer"]),
  	Task(forTarget: <none>, ruleInfo: ["Gate", "target-TargetB-T-TargetB-29512--CustomTaskProducer"]),
  	Task(forTarget: <none>, ruleInfo: ["Gate", "target-TargetB-T-TargetB-29512--DocumentationTaskProducer"]),
  	Task(forTarget: <none>, ruleInfo: ["Gate", "target-TargetB-T-TargetB-29512--ExtensionPointExtractorTaskProducer"]),
  	Task(forTarget: <none>, ruleInfo: ["Gate", "target-TargetB-T-TargetB-29512--GenerateAppPlaygroundAssetCatalogTaskProducer"]),
  	Task(forTarget: <none>, ruleInfo: ["Gate", "target-TargetB-T-TargetB-29512--GeneratedFilesTaskProducer"]),
  	Task(forTarget: <none>, ruleInfo: ["Gate", "target-TargetB-T-TargetB-29512--HeadermapTaskProducer"]),
  	Task(forTarget: <none>, ruleInfo: ["Gate", "target-TargetB-T-TargetB-29512--InfoPlistTaskProducer"]),
  	Task(forTarget: <none>, ruleInfo: ["Gate", "target-TargetB-T-TargetB-29512--ModuleMapTaskProducer"]),
  	Task(forTarget: <none>, ruleInfo: ["Gate", "target-TargetB-T-TargetB-29512--ModuleVerifierTaskProducer"]),
  	Task(forTarget: <none>, ruleInfo: ["Gate", "target-TargetB-T-TargetB-29512--ProductPostprocessingTaskProducer"]),
  	Task(forTarget: <none>, ruleInfo: ["Gate", "target-TargetB-T-TargetB-29512--ProductStructureTaskProducer"]),
  	Task(forTarget: <none>, ruleInfo: ["Gate", "target-TargetB-T-TargetB-29512--RealityAssetsTaskProducer"]),
  	Task(forTarget: <none>, ruleInfo: ["Gate", "target-TargetB-T-TargetB-29512--SanitizerTaskProducer"]),
  	Task(forTarget: <none>, ruleInfo: ["Gate", "target-TargetB-T-TargetB-29512--StubBinaryTaskProducer"]),
  	Task(forTarget: <none>, ruleInfo: ["Gate", "target-TargetB-T-TargetB-29512--SwiftABIBaselineGenerationTaskProducer"]),
  	Task(forTarget: <none>, ruleInfo: ["Gate", "target-TargetB-T-TargetB-29512--SwiftFrameworkABICheckerTaskProducer"]),
  	Task(forTarget: <none>, ruleInfo: ["Gate", "target-TargetB-T-TargetB-29512--SwiftPackageCopyFilesTaskProducer"]),
  	Task(forTarget: <none>, ruleInfo: ["Gate", "target-TargetB-T-TargetB-29512--SwiftStandardLibrariesTaskProducer"]),
  	Task(forTarget: <none>, ruleInfo: ["Gate", "target-TargetB-T-TargetB-29512--TAPISymbolExtractorTaskProducer"]),
  	Task(forTarget: <none>, ruleInfo: ["Gate", "target-TargetB-T-TargetB-29512--TestEntryPointTaskProducerFactory"]),
  	Task(forTarget: <none>, ruleInfo: ["Gate", "target-TargetB-T-TargetB-29512--TestHostTaskProducer"]),
  	Task(forTarget: <none>, ruleInfo: ["Gate", "target-TargetB-T-TargetB-29512--TestTargetPostprocessingTaskProducer"]),
  	Task(forTarget: <none>, ruleInfo: ["Gate", "target-TargetB-T-TargetB-29512--TestTargetTaskProducer"]),
  	Task(forTarget: <none>, ruleInfo: ["Gate", "target-TargetB-T-TargetB-29512--copy-headers-completion"]),
  	Task(forTarget: <none>, ruleInfo: ["Gate", "target-TargetB-T-TargetB-29512--fused-phase0-compile-sources&link-binary"]),
  	Task(forTarget: <none>, ruleInfo: ["Gate", "target-TargetB-T-TargetB-29512--generated-headers"]),
  	Task(forTarget: <none>, ruleInfo: ["Gate", "target-TargetB-T-TargetB-29512--swift-generated-headers"]),
  	Task(forTarget: <none>, ruleInfo: ["SwiftExplicitDependencyCompileModuleFromInterface", "x86_64", "/private/var/folders/xr/m5_5rlsd6l9fk2w4ngj13k6m0000gn/T/swbuild.tmp.1MKAHc3s/Data.noindex/Test/aProject/build/SwiftExplicitPrecompiledModules/Swift-26Y8ZZGXD7LG6.swiftmodule"]),
  	Task(forTarget: <none>, ruleInfo: ["SwiftExplicitDependencyCompileModuleFromInterface", "x86_64", "/private/var/folders/xr/m5_5rlsd6l9fk2w4ngj13k6m0000gn/T/swbuild.tmp.1MKAHc3s/Data.noindex/Test/aProject/build/SwiftExplicitPrecompiledModules/_Concurrency-237ST542ST3YY.swiftmodule"]),
  	Task(forTarget: <none>, ruleInfo: ["SwiftExplicitDependencyCompileModuleFromInterface", "x86_64", "/private/var/folders/xr/m5_5rlsd6l9fk2w4ngj13k6m0000gn/T/swbuild.tmp.1MKAHc3s/Data.noindex/Test/aProject/build/SwiftExplicitPrecompiledModules/_StringProcessing-J08VCSKJGF4H.swiftmodule"]),
  	Task(forTarget: <none>, ruleInfo: ["SwiftExplicitDependencyCompileModuleFromInterface", "x86_64", "/private/var/folders/xr/m5_5rlsd6l9fk2w4ngj13k6m0000gn/T/swbuild.tmp.1MKAHc3s/Data.noindex/Test/bProject/build/SwiftExplicitPrecompiledModules/Swift-26Y8ZZGXD7LG6.swiftmodule"]),
  	Task(forTarget: <none>, ruleInfo: ["SwiftExplicitDependencyCompileModuleFromInterface", "x86_64", "/private/var/folders/xr/m5_5rlsd6l9fk2w4ngj13k6m0000gn/T/swbuild.tmp.1MKAHc3s/Data.noindex/Test/bProject/build/SwiftExplicitPrecompiledModules/_Concurrency-237ST542ST3YY.swiftmodule"]),
  	Task(forTarget: <none>, ruleInfo: ["SwiftExplicitDependencyCompileModuleFromInterface", "x86_64", "/private/var/folders/xr/m5_5rlsd6l9fk2w4ngj13k6m0000gn/T/swbuild.tmp.1MKAHc3s/Data.noindex/Test/bProject/build/SwiftExplicitPrecompiledModules/_StringProcessing-J08VCSKJGF4H.swiftmodule"]),
  	Task(forTarget: <none>, ruleInfo: ["SwiftExplicitDependencyGeneratePcm", "x86_64", "/private/var/folders/xr/m5_5rlsd6l9fk2w4ngj13k6m0000gn/T/swbuild.tmp.1MKAHc3s/Data.noindex/Test/aProject/build/SwiftExplicitPrecompiledModules/SwiftShims-73P0BUP0PJH23YNM6YTPQGI1F.pcm"]),
  	Task(forTarget: <none>, ruleInfo: ["SwiftExplicitDependencyGeneratePcm", "x86_64", "/private/var/folders/xr/m5_5rlsd6l9fk2w4ngj13k6m0000gn/T/swbuild.tmp.1MKAHc3s/Data.noindex/Test/aProject/build/SwiftExplicitPrecompiledModules/_SwiftConcurrencyShims-IYVT9SACWIGLXNDAYRFEUH50.pcm"]),
  	Task(forTarget: <none>, ruleInfo: ["SwiftExplicitDependencyGeneratePcm", "x86_64", "/private/var/folders/xr/m5_5rlsd6l9fk2w4ngj13k6m0000gn/T/swbuild.tmp.1MKAHc3s/Data.noindex/Test/bProject/build/SwiftExplicitPrecompiledModules/SwiftShims-73P0BUP0PJH23YNM6YTPQGI1F.pcm"]),
  	Task(forTarget: <none>, ruleInfo: ["SwiftExplicitDependencyGeneratePcm", "x86_64", "/private/var/folders/xr/m5_5rlsd6l9fk2w4ngj13k6m0000gn/T/swbuild.tmp.1MKAHc3s/Data.noindex/Test/bProject/build/SwiftExplicitPrecompiledModules/_SwiftConcurrencyShims-IYVT9SACWIGLXNDAYRFEUH50.pcm"]),
  	Task(forTarget: <none>, ruleInfo: ["WriteAuxiliaryFile", "/private/var/folders/xr/m5_5rlsd6l9fk2w4ngj13k6m0000gn/T/swbuild.tmp.1MKAHc3s/Data.noindex/Test/aProject/build/aProject.build/Debug/aProject-P20852-VFS/all-product-headers.yaml"]),
  	Task(forTarget: <none>, ruleInfo: ["WriteAuxiliaryFile", "/private/var/folders/xr/m5_5rlsd6l9fk2w4ngj13k6m0000gn/T/swbuild.tmp.1MKAHc3s/Data.noindex/Test/bProject/build/bProject.build/Debug/bProject-P29513-VFS/all-product-headers.yaml"])'
↳ Occasionally fails in CI due to SwiftExplicitDependencyCompileModuleFromInterface missing from the dependency graph
━ Test explicitBuildWithMultipleProjects(arch:) recorded a known issue with 1 argument arch → "x86_64" at SwiftDriverTests.swift:1437:34: Issue recorded
↳ unable to find any task matching conditions '[Rule matches [SWBTestSupport.StringPattern.equal("SwiftExplicitDependencyGeneratePcm"), SWBTestSupport.StringPattern.equal("normal"), SWBTestSupport.StringPattern.equal("x86_64"), SWBTestSupport.StringPattern.contains("SwiftShims")], CommandLineArguments contains SwiftShims, CommandLineArguments match contains("bProject/build/SwiftExplicitPrecompiledModules/SwiftShims")]', among tasks: 'Task(forTarget: TargetA, ruleInfo: ["Copy", "/private/var/folders/xr/m5_5rlsd6l9fk2w4ngj13k6m0000gn/T/swbuild.tmp.1MKAHc3s/Data.noindex/Test/aProject/build/Debug/TargetA.framework/Versions/A/Modules/TargetA.swiftmodule/Project/x86_64-apple-macos.swiftsourceinfo", "/private/var/folders/xr/m5_5rlsd6l9fk2w4ngj13k6m0000gn/T/swbuild.tmp.1MKAHc3s/Data.noindex/Test/aProject/build/aProject.build/Debug/TargetA.build/Objects-normal/x86_64/TargetA.swiftsourceinfo"]),
  	Task(forTarget: TargetA, ruleInfo: ["Copy", "/private/var/folders/xr/m5_5rlsd6l9fk2w4ngj13k6m0000gn/T/swbuild.tmp.1MKAHc3s/Data.noindex/Test/aProject/build/Debug/TargetA.framework/Versions/A/Modules/TargetA.swiftmodule/x86_64-apple-macos.abi.json", "/private/var/folders/xr/m5_5rlsd6l9fk2w4ngj13k6m0000gn/T/swbuild.tmp.1MKAHc3s/Data.noindex/Test/aProject/build/aProject.build/Debug/TargetA.build/Objects-normal/x86_64/TargetA.abi.json"]),
  	Task(forTarget: TargetA, ruleInfo: ["Copy", "/private/var/folders/xr/m5_5rlsd6l9fk2w4ngj13k6m0000gn/T/swbuild.tmp.1MKAHc3s/Data.noindex/Test/aProject/build/Debug/TargetA.framework/Versions/A/Modules/TargetA.swiftmodule/x86_64-apple-macos.swiftdoc", "/private/var/folders/xr/m5_5rlsd6l9fk2w4ngj13k6m0000gn/T/swbuild.tmp.1MKAHc3s/Data.noindex/Test/aProject/build/aProject.build/Debug/TargetA.build/Objects-normal/x86_64/TargetA.swiftdoc"]),
  	Task(forTarget: TargetA, ruleInfo: ["Copy", "/private/var/folders/xr/m5_5rlsd6l9fk2w4ngj13k6m0000gn/T/swbuild.tmp.1MKAHc3s/Data.noindex/Test/aProject/build/Debug/TargetA.framework/Versions/A/Modules/TargetA.swiftmodule/x86_64-apple-macos.swiftmodule", "/private/var/folders/xr/m5_5rlsd6l9fk2w4ngj13k6m0000gn/T/swbuild.tmp.1MKAHc3s/Data.noindex/Test/aProject/build/aProject.build/Debug/TargetA.build/Objects-normal/x86_64/TargetA.swiftmodule"]),
  	Task(forTarget: TargetA, ruleInfo: ["ExtractAppIntentsMetadata"]),
  	Task(forTarget: TargetA, ruleInfo: ["Gate", "target-TargetA-T-TargetA-20851--begin-compiling"]),
  	Task(forTarget: TargetA, ruleInfo: ["Gate", "target-TargetA-T-TargetA-20851--begin-linking"]),
  	Task(forTarget: TargetA, ruleInfo: ["Gate", "target-TargetA-T-TargetA-20851--begin-scanning"]),
  	Task(forTarget: TargetA, ruleInfo: ["Gate", "target-TargetA-T-TargetA-20851--end"]),
  	Task(forTarget: TargetA, ruleInfo: ["Gate", "target-TargetA-T-TargetA-20851--entry"]),
  	Task(forTarget: TargetA, ruleInfo: ["Gate", "target-TargetA-T-TargetA-20851--immediate"]),
  	Task(forTarget: TargetA, ruleInfo: ["Gate", "target-TargetA-T-TargetA-20851--linker-inputs-ready"]),
  	Task(forTarget: TargetA, ruleInfo: ["Gate", "target-TargetA-T-TargetA-20851--modules-ready"]),
  	Task(forTarget: TargetA, ruleInfo: ["Gate", "target-TargetA-T-TargetA-20851--unsigned-product-ready"]),
  	Task(forTarget: TargetA, ruleInfo: ["Gate", "target-TargetA-T-TargetA-20851--will-sign"]),
  	Task(forTarget: TargetA, ruleInfo: ["GenerateTAPI", "/private/var/folders/xr/m5_5rlsd6l9fk2w4ngj13k6m0000gn/T/swbuild.tmp.1MKAHc3s/Data.noindex/Test/aProject/build/EagerLinkingTBDs/Debug/TargetA.framework/Versions/A/TargetA.tbd"]),
  	Task(forTarget: TargetA, ruleInfo: ["Ld", "/private/var/folders/xr/m5_5rlsd6l9fk2w4ngj13k6m0000gn/T/swbuild.tmp.1MKAHc3s/Data.noindex/Test/aProject/build/Debug/TargetA.framework/Versions/A/TargetA", "normal"]),
  	Task(forTarget: TargetA, ruleInfo: ["MkDir", "/private/var/folders/xr/m5_5rlsd6l9fk2w4ngj13k6m0000gn/T/swbuild.tmp.1MKAHc3s/Data.noindex/Test/aProject/build/Debug/TargetA.framework"]),
  	Task(forTarget: TargetA, ruleInfo: ["MkDir", "/private/var/folders/xr/m5_5rlsd6l9fk2w4ngj13k6m0000gn/T/swbuild.tmp.1MKAHc3s/Data.noindex/Test/aProject/build/Debug/TargetA.framework/Versions"]),
  	Task(forTarget: TargetA, ruleInfo: ["MkDir", "/private/var/folders/xr/m5_5rlsd6l9fk2w4ngj13k6m0000gn/T/swbuild.tmp.1MKAHc3s/Data.noindex/Test/aProject/build/Debug/TargetA.framework/Versions/A"]),
  	Task(forTarget: TargetA, ruleInfo: ["MkDir", "/private/var/folders/xr/m5_5rlsd6l9fk2w4ngj13k6m0000gn/T/swbuild.tmp.1MKAHc3s/Data.noindex/Test/aProject/build/Debug/TargetA.framework/Versions/A/Headers"]),
  	Task(forTarget: TargetA, ruleInfo: ["RegisterExecutionPolicyException", "/private/var/folders/xr/m5_5rlsd6l9fk2w4ngj13k6m0000gn/T/swbuild.tmp.1MKAHc3s/Data.noindex/Test/aProject/build/Debug/TargetA.framework"]),
  	Task(forTarget: TargetA, ruleInfo: ["SwiftCompile", "normal", "x86_64", "Compiling file1.swift", "/private/var/folders/xr/m5_5rlsd6l9fk2w4ngj13k6m0000gn/T/swbuild.tmp.1MKAHc3s/Data.noindex/Test/aProject/Sources/file1.swift"]),
  	Task(forTarget: TargetA, ruleInfo: ["SwiftCompile", "normal", "x86_64", "Compiling file2.swift", "/private/var/folders/xr/m5_5rlsd6l9fk2w4ngj13k6m0000gn/T/swbuild.tmp.1MKAHc3s/Data.noindex/Test/aProject/Sources/file2.swift"]),
  	Task(forTarget: TargetA, ruleInfo: ["SwiftDriver", "TargetA", "normal", "x86_64", "com.apple.xcode.tools.swift.compiler"]),
  	Task(forTarget: TargetA, ruleInfo: ["SwiftDriver Compilation", "TargetA", "normal", "x86_64", "com.apple.xcode.tools.swift.compiler"]),
  	Task(forTarget: TargetA, ruleInfo: ["SwiftDriver Compilation Requirements", "TargetA", "normal", "x86_64", "com.apple.xcode.tools.swift.compiler"]),
  	Task(forTarget: TargetA, ruleInfo: ["SwiftEmitModule", "normal", "x86_64", "Emitting module for TargetA"]),
  	Task(forTarget: TargetA, ruleInfo: ["SwiftMergeGeneratedHeaders", "/private/var/folders/xr/m5_5rlsd6l9fk2w4ngj13k6m0000gn/T/swbuild.tmp.1MKAHc3s/Data.noindex/Test/aProject/build/Debug/TargetA.framework/Versions/A/Headers/TargetA-Swift.h", "/private/var/folders/xr/m5_5rlsd6l9fk2w4ngj13k6m0000gn/T/swbuild.tmp.1MKAHc3s/Data.noindex/Test/aProject/build/aProject.build/Debug/TargetA.build/Objects-normal/x86_64/TargetA-Swift.h"]),
  	Task(forTarget: TargetA, ruleInfo: ["SymLink", "/private/var/folders/xr/m5_5rlsd6l9fk2w4ngj13k6m0000gn/T/swbuild.tmp.1MKAHc3s/Data.noindex/Test/aProject/build/Debug/TargetA.framework/Headers", "Versions/Current/Headers"]),
  	Task(forTarget: TargetA, ruleInfo: ["SymLink", "/private/var/folders/xr/m5_5rlsd6l9fk2w4ngj13k6m0000gn/T/swbuild.tmp.1MKAHc3s/Data.noindex/Test/aProject/build/Debug/TargetA.framework/Modules", "Versions/Current/Modules"]),
  	Task(forTarget: TargetA, ruleInfo: ["SymLink", "/private/var/folders/xr/m5_5rlsd6l9fk2w4ngj13k6m0000gn/T/swbuild.tmp.1MKAHc3s/Data.noindex/Test/aProject/build/Debug/TargetA.framework/TargetA", "Versions/Current/TargetA"]),
  	Task(forTarget: TargetA, ruleInfo: ["SymLink", "/private/var/folders/xr/m5_5rlsd6l9fk2w4ngj13k6m0000gn/T/swbuild.tmp.1MKAHc3s/Data.noindex/Test/aProject/build/Debug/TargetA.framework/Versions/Current", "A"]),
  	Task(forTarget: TargetA, ruleInfo: ["SymLink", "/private/var/folders/xr/m5_5rlsd6l9fk2w4ngj13k6m0000gn/T/swbuild.tmp.1MKAHc3s/Data.noindex/Test/aProject/build/EagerLinkingTBDs/Debug/TargetA.framework/TargetA.tbd", "/private/var/folders/xr/m5_5rlsd6l9fk2w4ngj13k6m0000gn/T/swbuild.tmp.1MKAHc3s/Data.noindex/Test/aProject/build/EagerLinkingTBDs/Debug/TargetA.framework/Versions/A/TargetA.tbd"]),
  	Task(forTarget: TargetA, ruleInfo: ["Touch", "/private/var/folders/xr/m5_5rlsd6l9fk2w4ngj13k6m0000gn/T/swbuild.tmp.1MKAHc3s/Data.noindex/Test/aProject/build/Debug/TargetA.framework"]),
  	Task(forTarget: TargetA, ruleInfo: ["WriteAuxiliaryFile", "/private/var/folders/xr/m5_5rlsd6l9fk2w4ngj13k6m0000gn/T/swbuild.tmp.1MKAHc3s/Data.noindex/Test/aProject/build/aProject.build/Debug/TargetA.build/Objects-normal/x86_64/TargetA-OutputFileMap.json"]),
  	Task(forTarget: TargetA, ruleInfo: ["WriteAuxiliaryFile", "/private/var/folders/xr/m5_5rlsd6l9fk2w4ngj13k6m0000gn/T/swbuild.tmp.1MKAHc3s/Data.noindex/Test/aProject/build/aProject.build/Debug/TargetA.build/Objects-normal/x86_64/TargetA.LinkFileList"]),
  	Task(forTarget: TargetA, ruleInfo: ["WriteAuxiliaryFile", "/private/var/folders/xr/m5_5rlsd6l9fk2w4ngj13k6m0000gn/T/swbuild.tmp.1MKAHc3s/Data.noindex/Test/aProject/build/aProject.build/Debug/TargetA.build/Objects-normal/x86_64/TargetA.SwiftConstValuesFileList"]),
  	Task(forTarget: TargetA, ruleInfo: ["WriteAuxiliaryFile", "/private/var/folders/xr/m5_5rlsd6l9fk2w4ngj13k6m0000gn/T/swbuild.tmp.1MKAHc3s/Data.noindex/Test/aProject/build/aProject.build/Debug/TargetA.build/Objects-normal/x86_64/TargetA.SwiftFileList"]),
  	Task(forTarget: TargetA, ruleInfo: ["WriteAuxiliaryFile", "/private/var/folders/xr/m5_5rlsd6l9fk2w4ngj13k6m0000gn/T/swbuild.tmp.1MKAHc3s/Data.noindex/Test/aProject/build/aProject.build/Debug/TargetA.build/Objects-normal/x86_64/TargetA_const_extract_protocols.json"]),
  	Task(forTarget: TargetA, ruleInfo: ["WriteAuxiliaryFile", "/private/var/folders/xr/m5_5rlsd6l9fk2w4ngj13k6m0000gn/T/swbuild.tmp.1MKAHc3s/Data.noindex/Test/aProject/build/aProject.build/Debug/TargetA.build/TargetA-all-non-framework-target-headers.hmap"]),
  	Task(forTarget: TargetA, ruleInfo: ["WriteAuxiliaryFile", "/private/var/folders/xr/m5_5rlsd6l9fk2w4ngj13k6m0000gn/T/swbuild.tmp.1MKAHc3s/Data.noindex/Test/aProject/build/aProject.build/Debug/TargetA.build/TargetA-all-target-headers.hmap"]),
  	Task(forTarget: TargetA, ruleInfo: ["WriteAuxiliaryFile", "/private/var/folders/xr/m5_5rlsd6l9fk2w4ngj13k6m0000gn/T/swbuild.tmp.1MKAHc3s/Data.noindex/Test/aProject/build/aProject.build/Debug/TargetA.build/TargetA-generated-files.hmap"]),
  	Task(forTarget: TargetA, ruleInfo: ["WriteAuxiliaryFile", "/private/var/folders/xr/m5_5rlsd6l9fk2w4ngj13k6m0000gn/T/swbuild.tmp.1MKAHc3s/Data.noindex/Test/aProject/build/aProject.build/Debug/TargetA.build/TargetA-own-target-headers.hmap"]),
  	Task(forTarget: TargetA, ruleInfo: ["WriteAuxiliaryFile", "/private/var/folders/xr/m5_5rlsd6l9fk2w4ngj13k6m0000gn/T/swbuild.tmp.1MKAHc3s/Data.noindex/Test/aProject/build/aProject.build/Debug/TargetA.build/TargetA-project-headers.hmap"]),
  	Task(forTarget: TargetA, ruleInfo: ["WriteAuxiliaryFile", "/private/var/folders/xr/m5_5rlsd6l9fk2w4ngj13k6m0000gn/T/swbuild.tmp.1MKAHc3s/Data.noindex/Test/aProject/build/aProject.build/Debug/TargetA.build/TargetA.DependencyMetadataFileList"]),
  	Task(forTarget: TargetA, ruleInfo: ["WriteAuxiliaryFile", "/private/var/folders/xr/m5_5rlsd6l9fk2w4ngj13k6m0000gn/T/swbuild.tmp.1MKAHc3s/Data.noindex/Test/aProject/build/aProject.build/Debug/TargetA.build/TargetA.DependencyStaticMetadataFileList"]),
  	Task(forTarget: TargetA, ruleInfo: ["WriteAuxiliaryFile", "/private/var/folders/xr/m5_5rlsd6l9fk2w4ngj13k6m0000gn/T/swbuild.tmp.1MKAHc3s/Data.noindex/Test/aProject/build/aProject.build/Debug/TargetA.build/TargetA.hmap"]),
  	Task(forTarget: TargetB, ruleInfo: ["Copy", "/private/var/folders/xr/m5_5rlsd6l9fk2w4ngj13k6m0000gn/T/swbuild.tmp.1MKAHc3s/Data.noindex/Test/bProject/build/Debug/TargetB.framework/Versions/A/Modules/TargetB.swiftmodule/Project/x86_64-apple-macos.swiftsourceinfo", "/private/var/folders/xr/m5_5rlsd6l9fk2w4ngj13k6m0000gn/T/swbuild.tmp.1MKAHc3s/Data.noindex/Test/bProject/build/bProject.build/Debug/TargetB.build/Objects-normal/x86_64/TargetB.swiftsourceinfo"]),
  	Task(forTarget: TargetB, ruleInfo: ["Copy", "/private/var/folders/xr/m5_5rlsd6l9fk2w4ngj13k6m0000gn/T/swbuild.tmp.1MKAHc3s/Data.noindex/Test/bProject/build/Debug/TargetB.framework/Versions/A/Modules/TargetB.swiftmodule/x86_64-apple-macos.abi.json", "/private/var/folders/xr/m5_5rlsd6l9fk2w4ngj13k6m0000gn/T/swbuild.tmp.1MKAHc3s/Data.noindex/Test/bProject/build/bProject.build/Debug/TargetB.build/Objects-normal/x86_64/TargetB.abi.json"]),
  	Task(forTarget: TargetB, ruleInfo: ["Copy", "/private/var/folders/xr/m5_5rlsd6l9fk2w4ngj13k6m0000gn/T/swbuild.tmp.1MKAHc3s/Data.noindex/Test/bProject/build/Debug/TargetB.framework/Versions/A/Modules/TargetB.swiftmodule/x86_64-apple-macos.swiftdoc", "/private/var/folders/xr/m5_5rlsd6l9fk2w4ngj13k6m0000gn/T/swbuild.tmp.1MKAHc3s/Data.noindex/Test/bProject/build/bProject.build/Debug/TargetB.build/Objects-normal/x86_64/TargetB.swiftdoc"]),
  	Task(forTarget: TargetB, ruleInfo: ["Copy", "/private/var/folders/xr/m5_5rlsd6l9fk2w4ngj13k6m0000gn/T/swbuild.tmp.1MKAHc3s/Data.noindex/Test/bProject/build/Debug/TargetB.framework/Versions/A/Modules/TargetB.swiftmodule/x86_64-apple-macos.swiftmodule", "/private/var/folders/xr/m5_5rlsd6l9fk2w4ngj13k6m0000gn/T/swbuild.tmp.1MKAHc3s/Data.noindex/Test/bProject/build/bProject.build/Debug/TargetB.build/Objects-normal/x86_64/TargetB.swiftmodule"]),
  	Task(forTarget: TargetB, ruleInfo: ["ExtractAppIntentsMetadata"]),
  	Task(forTarget: TargetB, ruleInfo: ["Gate", "target-TargetB-T-TargetB-29512--begin-compiling"]),
  	Task(forTarget: TargetB, ruleInfo: ["Gate", "target-TargetB-T-TargetB-29512--begin-linking"]),
  	Task(forTarget: TargetB, ruleInfo: ["Gate", "target-TargetB-T-TargetB-29512--begin-scanning"]),
  	Task(forTarget: TargetB, ruleInfo: ["Gate", "target-TargetB-T-TargetB-29512--end"]),
  	Task(forTarget: TargetB, ruleInfo: ["Gate", "target-TargetB-T-TargetB-29512--entry"]),
  	Task(forTarget: TargetB, ruleInfo: ["Gate", "target-TargetB-T-TargetB-29512--immediate"]),
  	Task(forTarget: TargetB, ruleInfo: ["Gate", "target-TargetB-T-TargetB-29512--linker-inputs-ready"]),
  	Task(forTarget: TargetB, ruleInfo: ["Gate", "target-TargetB-T-TargetB-29512--modules-ready"]),
  	Task(forTarget: TargetB, ruleInfo: ["Gate", "target-TargetB-T-TargetB-29512--unsigned-product-ready"]),
  	Task(forTarget: TargetB, ruleInfo: ["Gate", "target-TargetB-T-TargetB-29512--will-sign"]),
  	Task(forTarget: TargetB, ruleInfo: ["GenerateTAPI", "/private/var/folders/xr/m5_5rlsd6l9fk2w4ngj13k6m0000gn/T/swbuild.tmp.1MKAHc3s/Data.noindex/Test/bProject/build/EagerLinkingTBDs/Debug/TargetB.framework/Versions/A/TargetB.tbd"]),
  	Task(forTarget: TargetB, ruleInfo: ["Ld", "/private/var/folders/xr/m5_5rlsd6l9fk2w4ngj13k6m0000gn/T/swbuild.tmp.1MKAHc3s/Data.noindex/Test/bProject/build/Debug/TargetB.framework/Versions/A/TargetB", "normal"]),
  	Task(forTarget: TargetB, ruleInfo: ["MkDir", "/private/var/folders/xr/m5_5rlsd6l9fk2w4ngj13k6m0000gn/T/swbuild.tmp.1MKAHc3s/Data.noindex/Test/bProject/build/Debug/TargetB.framework"]),
  	Task(forTarget: TargetB, ruleInfo: ["MkDir", "/private/var/folders/xr/m5_5rlsd6l9fk2w4ngj13k6m0000gn/T/swbuild.tmp.1MKAHc3s/Data.noindex/Test/bProject/build/Debug/TargetB.framework/Versions"]),
  	Task(forTarget: TargetB, ruleInfo: ["MkDir", "/private/var/folders/xr/m5_5rlsd6l9fk2w4ngj13k6m0000gn/T/swbuild.tmp.1MKAHc3s/Data.noindex/Test/bProject/build/Debug/TargetB.framework/Versions/A"]),
  	Task(forTarget: TargetB, ruleInfo: ["MkDir", "/private/var/folders/xr/m5_5rlsd6l9fk2w4ngj13k6m0000gn/T/swbuild.tmp.1MKAHc3s/Data.noindex/Test/bProject/build/Debug/TargetB.framework/Versions/A/Headers"]),
  	Task(forTarget: TargetB, ruleInfo: ["RegisterExecutionPolicyException", "/private/var/folders/xr/m5_5rlsd6l9fk2w4ngj13k6m0000gn/T/swbuild.tmp.1MKAHc3s/Data.noindex/Test/bProject/build/Debug/TargetB.framework"]),
  	Task(forTarget: TargetB, ruleInfo: ["SwiftCompile", "normal", "x86_64", "Compiling file3.swift", "/private/var/folders/xr/m5_5rlsd6l9fk2w4ngj13k6m0000gn/T/swbuild.tmp.1MKAHc3s/Data.noindex/Test/bProject/Sources/file3.swift"]),
  	Task(forTarget: TargetB, ruleInfo: ["SwiftCompile", "normal", "x86_64", "Compiling file4.swift", "/private/var/folders/xr/m5_5rlsd6l9fk2w4ngj13k6m0000gn/T/swbuild.tmp.1MKAHc3s/Data.noindex/Test/bProject/Sources/file4.swift"]),
  	Task(forTarget: TargetB, ruleInfo: ["SwiftDriver", "TargetB", "normal", "x86_64", "com.apple.xcode.tools.swift.compiler"]),
  	Task(forTarget: TargetB, ruleInfo: ["SwiftDriver Compilation", "TargetB", "normal", "x86_64", "com.apple.xcode.tools.swift.compiler"]),
  	Task(forTarget: TargetB, ruleInfo: ["SwiftDriver Compilation Requirements", "TargetB", "normal", "x86_64", "com.apple.xcode.tools.swift.compiler"]),
  	Task(forTarget: TargetB, ruleInfo: ["SwiftEmitModule", "normal", "x86_64", "Emitting module for TargetB"]),
  	Task(forTarget: TargetB, ruleInfo: ["SwiftMergeGeneratedHeaders", "/private/var/folders/xr/m5_5rlsd6l9fk2w4ngj13k6m0000gn/T/swbuild.tmp.1MKAHc3s/Data.noindex/Test/bProject/build/Debug/TargetB.framework/Versions/A/Headers/TargetB-Swift.h", "/private/var/folders/xr/m5_5rlsd6l9fk2w4ngj13k6m0000gn/T/swbuild.tmp.1MKAHc3s/Data.noindex/Test/bProject/build/bProject.build/Debug/TargetB.build/Objects-normal/x86_64/TargetB-Swift.h"]),
  	Task(forTarget: TargetB, ruleInfo: ["SymLink", "/private/var/folders/xr/m5_5rlsd6l9fk2w4ngj13k6m0000gn/T/swbuild.tmp.1MKAHc3s/Data.noindex/Test/bProject/build/Debug/TargetB.framework/Headers", "Versions/Current/Headers"]),
  	Task(forTarget: TargetB, ruleInfo: ["SymLink", "/private/var/folders/xr/m5_5rlsd6l9fk2w4ngj13k6m0000gn/T/swbuild.tmp.1MKAHc3s/Data.noindex/Test/bProject/build/Debug/TargetB.framework/Modules", "Versions/Current/Modules"]),
  	Task(forTarget: TargetB, ruleInfo: ["SymLink", "/private/var/folders/xr/m5_5rlsd6l9fk2w4ngj13k6m0000gn/T/swbuild.tmp.1MKAHc3s/Data.noindex/Test/bProject/build/Debug/TargetB.framework/TargetB", "Versions/Current/TargetB"]),
  	Task(forTarget: TargetB, ruleInfo: ["SymLink", "/private/var/folders/xr/m5_5rlsd6l9fk2w4ngj13k6m0000gn/T/swbuild.tmp.1MKAHc3s/Data.noindex/Test/bProject/build/Debug/TargetB.framework/Versions/Current", "A"]),
  	Task(forTarget: TargetB, ruleInfo: ["SymLink", "/private/var/folders/xr/m5_5rlsd6l9fk2w4ngj13k6m0000gn/T/swbuild.tmp.1MKAHc3s/Data.noindex/Test/bProject/build/EagerLinkingTBDs/Debug/TargetB.framework/TargetB.tbd", "/private/var/folders/xr/m5_5rlsd6l9fk2w4ngj13k6m0000gn/T/swbuild.tmp.1MKAHc3s/Data.noindex/Test/bProject/build/EagerLinkingTBDs/Debug/TargetB.framework/Versions/A/TargetB.tbd"]),
  	Task(forTarget: TargetB, ruleInfo: ["Touch", "/private/var/folders/xr/m5_5rlsd6l9fk2w4ngj13k6m0000gn/T/swbuild.tmp.1MKAHc3s/Data.noindex/Test/bProject/build/Debug/TargetB.framework"]),
  	Task(forTarget: TargetB, ruleInfo: ["WriteAuxiliaryFile", "/private/var/folders/xr/m5_5rlsd6l9fk2w4ngj13k6m0000gn/T/swbuild.tmp.1MKAHc3s/Data.noindex/Test/bProject/build/bProject.build/Debug/TargetB.build/Objects-normal/x86_64/TargetB-OutputFileMap.json"]),
  	Task(forTarget: TargetB, ruleInfo: ["WriteAuxiliaryFile", "/private/var/folders/xr/m5_5rlsd6l9fk2w4ngj13k6m0000gn/T/swbuild.tmp.1MKAHc3s/Data.noindex/Test/bProject/build/bProject.build/Debug/TargetB.build/Objects-normal/x86_64/TargetB.LinkFileList"]),
  	Task(forTarget: TargetB, ruleInfo: ["WriteAuxiliaryFile", "/private/var/folders/xr/m5_5rlsd6l9fk2w4ngj13k6m0000gn/T/swbuild.tmp.1MKAHc3s/Data.noindex/Test/bProject/build/bProject.build/Debug/TargetB.build/Objects-normal/x86_64/TargetB.SwiftConstValuesFileList"]),
  	Task(forTarget: TargetB, ruleInfo: ["WriteAuxiliaryFile", "/private/var/folders/xr/m5_5rlsd6l9fk2w4ngj13k6m0000gn/T/swbuild.tmp.1MKAHc3s/Data.noindex/Test/bProject/build/bProject.build/Debug/TargetB.build/Objects-normal/x86_64/TargetB.SwiftFileList"]),
  	Task(forTarget: TargetB, ruleInfo: ["WriteAuxiliaryFile", "/private/var/folders/xr/m5_5rlsd6l9fk2w4ngj13k6m0000gn/T/swbuild.tmp.1MKAHc3s/Data.noindex/Test/bProject/build/bProject.build/Debug/TargetB.build/Objects-normal/x86_64/TargetB_const_extract_protocols.json"]),
  	Task(forTarget: TargetB, ruleInfo: ["WriteAuxiliaryFile", "/private/var/folders/xr/m5_5rlsd6l9fk2w4ngj13k6m0000gn/T/swbuild.tmp.1MKAHc3s/Data.noindex/Test/bProject/build/bProject.build/Debug/TargetB.build/TargetB-all-non-framework-target-headers.hmap"]),
  	Task(forTarget: TargetB, ruleInfo: ["WriteAuxiliaryFile", "/private/var/folders/xr/m5_5rlsd6l9fk2w4ngj13k6m0000gn/T/swbuild.tmp.1MKAHc3s/Data.noindex/Test/bProject/build/bProject.build/Debug/TargetB.build/TargetB-all-target-headers.hmap"]),
  	Task(forTarget: TargetB, ruleInfo: ["WriteAuxiliaryFile", "/private/var/folders/xr/m5_5rlsd6l9fk2w4ngj13k6m0000gn/T/swbuild.tmp.1MKAHc3s/Data.noindex/Test/bProject/build/bProject.build/Debug/TargetB.build/TargetB-generated-files.hmap"]),
  	Task(forTarget: TargetB, ruleInfo: ["WriteAuxiliaryFile", "/private/var/folders/xr/m5_5rlsd6l9fk2w4ngj13k6m0000gn/T/swbuild.tmp.1MKAHc3s/Data.noindex/Test/bProject/build/bProject.build/Debug/TargetB.build/TargetB-own-target-headers.hmap"]),
  	Task(forTarget: TargetB, ruleInfo: ["WriteAuxiliaryFile", "/private/var/folders/xr/m5_5rlsd6l9fk2w4ngj13k6m0000gn/T/swbuild.tmp.1MKAHc3s/Data.noindex/Test/bProject/build/bProject.build/Debug/TargetB.build/TargetB-project-headers.hmap"]),
  	Task(forTarget: TargetB, ruleInfo: ["WriteAuxiliaryFile", "/private/var/folders/xr/m5_5rlsd6l9fk2w4ngj13k6m0000gn/T/swbuild.tmp.1MKAHc3s/Data.noindex/Test/bProject/build/bProject.build/Debug/TargetB.build/TargetB.DependencyMetadataFileList"]),
  	Task(forTarget: TargetB, ruleInfo: ["WriteAuxiliaryFile", "/private/var/folders/xr/m5_5rlsd6l9fk2w4ngj13k6m0000gn/T/swbuild.tmp.1MKAHc3s/Data.noindex/Test/bProject/build/bProject.build/Debug/TargetB.build/TargetB.DependencyStaticMetadataFileList"]),
  	Task(forTarget: TargetB, ruleInfo: ["WriteAuxiliaryFile", "/private/var/folders/xr/m5_5rlsd6l9fk2w4ngj13k6m0000gn/T/swbuild.tmp.1MKAHc3s/Data.noindex/Test/bProject/build/bProject.build/Debug/TargetB.build/TargetB.hmap"]),
  	Task(forTarget: <none>, ruleInfo: ["ClangStatCache", "/Applications/Xcode17E.app/Contents/Developer/Toolchains/XcodeDefault.xctoolchain/usr/bin/clang-stat-cache", "/Applications/Xcode17E.app/Contents/Developer/Platforms/MacOSX.platform/Developer/SDKs/MacOSX26.4.sdk", "/private/var/folders/xr/m5_5rlsd6l9fk2w4ngj13k6m0000gn/T/swbuild.tmp.1MKAHc3s/Data.noindex/Test/SDKStatCaches.noindex/macosx26.4-25E260-95aa6cf8f3effd57bda17e0c125410c0.sdkstatcache"]),
  	Task(forTarget: <none>, ruleInfo: ["CreateBuildDirectory", "/private/var/folders/xr/m5_5rlsd6l9fk2w4ngj13k6m0000gn/T/swbuild.tmp.1MKAHc3s/Data.noindex/Test/aProject/build"]),
  	Task(forTarget: <none>, ruleInfo: ["CreateBuildDirectory", "/private/var/folders/xr/m5_5rlsd6l9fk2w4ngj13k6m0000gn/T/swbuild.tmp.1MKAHc3s/Data.noindex/Test/aProject/build/Debug"]),
  	Task(forTarget: <none>, ruleInfo: ["CreateBuildDirectory", "/private/var/folders/xr/m5_5rlsd6l9fk2w4ngj13k6m0000gn/T/swbuild.tmp.1MKAHc3s/Data.noindex/Test/aProject/build/EagerLinkingTBDs/Debug"]),
  	Task(forTarget: <none>, ruleInfo: ["CreateBuildDirectory", "/private/var/folders/xr/m5_5rlsd6l9fk2w4ngj13k6m0000gn/T/swbuild.tmp.1MKAHc3s/Data.noindex/Test/aProject/build/ExplicitPrecompiledModules"]),
  	Task(forTarget: <none>, ruleInfo: ["CreateBuildDirectory", "/private/var/folders/xr/m5_5rlsd6l9fk2w4ngj13k6m0000gn/T/swbuild.tmp.1MKAHc3s/Data.noindex/Test/aProject/build/SharedPrecompiledHeaders"]),
  	Task(forTarget: <none>, ruleInfo: ["CreateBuildDirectory", "/private/var/folders/xr/m5_5rlsd6l9fk2w4ngj13k6m0000gn/T/swbuild.tmp.1MKAHc3s/Data.noindex/Test/aProject/build/SwiftExplicitPrecompiledModules"]),
  	Task(forTarget: <none>, ruleInfo: ["CreateBuildDirectory", "/private/var/folders/xr/m5_5rlsd6l9fk2w4ngj13k6m0000gn/T/swbuild.tmp.1MKAHc3s/Data.noindex/Test/bProject/build"]),
  	Task(forTarget: <none>, ruleInfo: ["CreateBuildDirectory", "/private/var/folders/xr/m5_5rlsd6l9fk2w4ngj13k6m0000gn/T/swbuild.tmp.1MKAHc3s/Data.noindex/Test/bProject/build/Debug"]),
  	Task(forTarget: <none>, ruleInfo: ["CreateBuildDirectory", "/private/var/folders/xr/m5_5rlsd6l9fk2w4ngj13k6m0000gn/T/swbuild.tmp.1MKAHc3s/Data.noindex/Test/bProject/build/EagerLinkingTBDs/Debug"]),
  	Task(forTarget: <none>, ruleInfo: ["CreateBuildDirectory", "/private/var/folders/xr/m5_5rlsd6l9fk2w4ngj13k6m0000gn/T/swbuild.tmp.1MKAHc3s/Data.noindex/Test/bProject/build/ExplicitPrecompiledModules"]),
  	Task(forTarget: <none>, ruleInfo: ["CreateBuildDirectory", "/private/var/folders/xr/m5_5rlsd6l9fk2w4ngj13k6m0000gn/T/swbuild.tmp.1MKAHc3s/Data.noindex/Test/bProject/build/SharedPrecompiledHeaders"]),
  	Task(forTarget: <none>, ruleInfo: ["CreateBuildDirectory", "/private/var/folders/xr/m5_5rlsd6l9fk2w4ngj13k6m0000gn/T/swbuild.tmp.1MKAHc3s/Data.noindex/Test/bProject/build/SwiftExplicitPrecompiledModules"]),
  	Task(forTarget: <none>, ruleInfo: ["CreateBuildDirectory", "/var/folders/xr/m5_5rlsd6l9fk2w4ngj13k6m0000gn/C/com.apple.DeveloperTools/26.4.1-17E202/Xcode/CompilationCache.noindex"]),
  	Task(forTarget: <none>, ruleInfo: ["Gate", "WorkspaceHeaderMapVFSFilesWritten"]),
  	Task(forTarget: <none>, ruleInfo: ["Gate", "target-TargetA-T-TargetA-20851--AppExtensionInfoPlistGeneratorTaskProducer"]),
  	Task(forTarget: <none>, ruleInfo: ["Gate", "target-TargetA-T-TargetA-20851--AppIntentsMetadataTaskProducer"]),
  	Task(forTarget: <none>, ruleInfo: ["Gate", "target-TargetA-T-TargetA-20851--Barrier-ChangeAlternatePermissions"]),
  	Task(forTarget: <none>, ruleInfo: ["Gate", "target-TargetA-T-TargetA-20851--Barrier-ChangePermissions"]),
  	Task(forTarget: <none>, ruleInfo: ["Gate", "target-TargetA-T-TargetA-20851--Barrier-CodeSign"]),
  	Task(forTarget: <none>, ruleInfo: ["Gate", "target-TargetA-T-TargetA-20851--Barrier-CopyAside"]),
  	Task(forTarget: <none>, ruleInfo: ["Gate", "target-TargetA-T-TargetA-20851--Barrier-GenerateStubAPI"]),
  	Task(forTarget: <none>, ruleInfo: ["Gate", "target-TargetA-T-TargetA-20851--Barrier-RegisterExecutionPolicyException"]),
  	Task(forTarget: <none>, ruleInfo: ["Gate", "target-TargetA-T-TargetA-20851--Barrier-RegisterProduct"]),
  	Task(forTarget: <none>, ruleInfo: ["Gate", "target-TargetA-T-TargetA-20851--Barrier-StripSymbols"]),
  	Task(forTarget: <none>, ruleInfo: ["Gate", "target-TargetA-T-TargetA-20851--Barrier-Validate"]),
  	Task(forTarget: <none>, ruleInfo: ["Gate", "target-TargetA-T-TargetA-20851--CopySwiftPackageResourcesTaskProducer"]),
  	Task(forTarget: <none>, ruleInfo: ["Gate", "target-TargetA-T-TargetA-20851--CustomTaskProducer"]),
  	Task(forTarget: <none>, ruleInfo: ["Gate", "target-TargetA-T-TargetA-20851--DocumentationTaskProducer"]),
  	Task(forTarget: <none>, ruleInfo: ["Gate", "target-TargetA-T-TargetA-20851--ExtensionPointExtractorTaskProducer"]),
  	Task(forTarget: <none>, ruleInfo: ["Gate", "target-TargetA-T-TargetA-20851--GenerateAppPlaygroundAssetCatalogTaskProducer"]),
  	Task(forTarget: <none>, ruleInfo: ["Gate", "target-TargetA-T-TargetA-20851--GeneratedFilesTaskProducer"]),
  	Task(forTarget: <none>, ruleInfo: ["Gate", "target-TargetA-T-TargetA-20851--HeadermapTaskProducer"]),
  	Task(forTarget: <none>, ruleInfo: ["Gate", "target-TargetA-T-TargetA-20851--InfoPlistTaskProducer"]),
  	Task(forTarget: <none>, ruleInfo: ["Gate", "target-TargetA-T-TargetA-20851--ModuleMapTaskProducer"]),
  	Task(forTarget: <none>, ruleInfo: ["Gate", "target-TargetA-T-TargetA-20851--ModuleVerifierTaskProducer"]),
  	Task(forTarget: <none>, ruleInfo: ["Gate", "target-TargetA-T-TargetA-20851--ProductPostprocessingTaskProducer"]),
  	Task(forTarget: <none>, ruleInfo: ["Gate", "target-TargetA-T-TargetA-20851--ProductStructureTaskProducer"]),
  	Task(forTarget: <none>, ruleInfo: ["Gate", "target-TargetA-T-TargetA-20851--RealityAssetsTaskProducer"]),
  	Task(forTarget: <none>, ruleInfo: ["Gate", "target-TargetA-T-TargetA-20851--SanitizerTaskProducer"]),
  	Task(forTarget: <none>, ruleInfo: ["Gate", "target-TargetA-T-TargetA-20851--StubBinaryTaskProducer"]),
  	Task(forTarget: <none>, ruleInfo: ["Gate", "target-TargetA-T-TargetA-20851--SwiftABIBaselineGenerationTaskProducer"]),
  	Task(forTarget: <none>, ruleInfo: ["Gate", "target-TargetA-T-TargetA-20851--SwiftFrameworkABICheckerTaskProducer"]),
  	Task(forTarget: <none>, ruleInfo: ["Gate", "target-TargetA-T-TargetA-20851--SwiftPackageCopyFilesTaskProducer"]),
  	Task(forTarget: <none>, ruleInfo: ["Gate", "target-TargetA-T-TargetA-20851--SwiftStandardLibrariesTaskProducer"]),
  	Task(forTarget: <none>, ruleInfo: ["Gate", "target-TargetA-T-TargetA-20851--TAPISymbolExtractorTaskProducer"]),
  	Task(forTarget: <none>, ruleInfo: ["Gate", "target-TargetA-T-TargetA-20851--TestEntryPointTaskProducerFactory"]),
  	Task(forTarget: <none>, ruleInfo: ["Gate", "target-TargetA-T-TargetA-20851--TestHostTaskProducer"]),
  	Task(forTarget: <none>, ruleInfo: ["Gate", "target-TargetA-T-TargetA-20851--TestTargetPostprocessingTaskProducer"]),
  	Task(forTarget: <none>, ruleInfo: ["Gate", "target-TargetA-T-TargetA-20851--TestTargetTaskProducer"]),
  	Task(forTarget: <none>, ruleInfo: ["Gate", "target-TargetA-T-TargetA-20851--copy-headers-completion"]),
  	Task(forTarget: <none>, ruleInfo: ["Gate", "target-TargetA-T-TargetA-20851--fused-phase0-compile-sources"]),
  	Task(forTarget: <none>, ruleInfo: ["Gate", "target-TargetA-T-TargetA-20851--generated-headers"]),
  	Task(forTarget: <none>, ruleInfo: ["Gate", "target-TargetA-T-TargetA-20851--swift-generated-headers"]),
  	Task(forTarget: <none>, ruleInfo: ["Gate", "target-TargetB-T-TargetB-29512--AppExtensionInfoPlistGeneratorTaskProducer"]),
  	Task(forTarget: <none>, ruleInfo: ["Gate", "target-TargetB-T-TargetB-29512--AppIntentsMetadataTaskProducer"]),
  	Task(forTarget: <none>, ruleInfo: ["Gate", "target-TargetB-T-TargetB-29512--Barrier-ChangeAlternatePermissions"]),
  	Task(forTarget: <none>, ruleInfo: ["Gate", "target-TargetB-T-TargetB-29512--Barrier-ChangePermissions"]),
  	Task(forTarget: <none>, ruleInfo: ["Gate", "target-TargetB-T-TargetB-29512--Barrier-CodeSign"]),
  	Task(forTarget: <none>, ruleInfo: ["Gate", "target-TargetB-T-TargetB-29512--Barrier-CopyAside"]),
  	Task(forTarget: <none>, ruleInfo: ["Gate", "target-TargetB-T-TargetB-29512--Barrier-GenerateStubAPI"]),
  	Task(forTarget: <none>, ruleInfo: ["Gate", "target-TargetB-T-TargetB-29512--Barrier-RegisterExecutionPolicyException"]),
  	Task(forTarget: <none>, ruleInfo: ["Gate", "target-TargetB-T-TargetB-29512--Barrier-RegisterProduct"]),
  	Task(forTarget: <none>, ruleInfo: ["Gate", "target-TargetB-T-TargetB-29512--Barrier-StripSymbols"]),
  	Task(forTarget: <none>, ruleInfo: ["Gate", "target-TargetB-T-TargetB-29512--Barrier-Validate"]),
  	Task(forTarget: <none>, ruleInfo: ["Gate", "target-TargetB-T-TargetB-29512--CopySwiftPackageResourcesTaskProducer"]),
  	Task(forTarget: <none>, ruleInfo: ["Gate", "target-TargetB-T-TargetB-29512--CustomTaskProducer"]),
  	Task(forTarget: <none>, ruleInfo: ["Gate", "target-TargetB-T-TargetB-29512--DocumentationTaskProducer"]),
  	Task(forTarget: <none>, ruleInfo: ["Gate", "target-TargetB-T-TargetB-29512--ExtensionPointExtractorTaskProducer"]),
  	Task(forTarget: <none>, ruleInfo: ["Gate", "target-TargetB-T-TargetB-29512--GenerateAppPlaygroundAssetCatalogTaskProducer"]),
  	Task(forTarget: <none>, ruleInfo: ["Gate", "target-TargetB-T-TargetB-29512--GeneratedFilesTaskProducer"]),
  	Task(forTarget: <none>, ruleInfo: ["Gate", "target-TargetB-T-TargetB-29512--HeadermapTaskProducer"]),
  	Task(forTarget: <none>, ruleInfo: ["Gate", "target-TargetB-T-TargetB-29512--InfoPlistTaskProducer"]),
  	Task(forTarget: <none>, ruleInfo: ["Gate", "target-TargetB-T-TargetB-29512--ModuleMapTaskProducer"]),
  	Task(forTarget: <none>, ruleInfo: ["Gate", "target-TargetB-T-TargetB-29512--ModuleVerifierTaskProducer"]),
  	Task(forTarget: <none>, ruleInfo: ["Gate", "target-TargetB-T-TargetB-29512--ProductPostprocessingTaskProducer"]),
  	Task(forTarget: <none>, ruleInfo: ["Gate", "target-TargetB-T-TargetB-29512--ProductStructureTaskProducer"]),
  	Task(forTarget: <none>, ruleInfo: ["Gate", "target-TargetB-T-TargetB-29512--RealityAssetsTaskProducer"]),
  	Task(forTarget: <none>, ruleInfo: ["Gate", "target-TargetB-T-TargetB-29512--SanitizerTaskProducer"]),
  	Task(forTarget: <none>, ruleInfo: ["Gate", "target-TargetB-T-TargetB-29512--StubBinaryTaskProducer"]),
  	Task(forTarget: <none>, ruleInfo: ["Gate", "target-TargetB-T-TargetB-29512--SwiftABIBaselineGenerationTaskProducer"]),
  	Task(forTarget: <none>, ruleInfo: ["Gate", "target-TargetB-T-TargetB-29512--SwiftFrameworkABICheckerTaskProducer"]),
  	Task(forTarget: <none>, ruleInfo: ["Gate", "target-TargetB-T-TargetB-29512--SwiftPackageCopyFilesTaskProducer"]),
  	Task(forTarget: <none>, ruleInfo: ["Gate", "target-TargetB-T-TargetB-29512--SwiftStandardLibrariesTaskProducer"]),
  	Task(forTarget: <none>, ruleInfo: ["Gate", "target-TargetB-T-TargetB-29512--TAPISymbolExtractorTaskProducer"]),
  	Task(forTarget: <none>, ruleInfo: ["Gate", "target-TargetB-T-TargetB-29512--TestEntryPointTaskProducerFactory"]),
  	Task(forTarget: <none>, ruleInfo: ["Gate", "target-TargetB-T-TargetB-29512--TestHostTaskProducer"]),
  	Task(forTarget: <none>, ruleInfo: ["Gate", "target-TargetB-T-TargetB-29512--TestTargetPostprocessingTaskProducer"]),
  	Task(forTarget: <none>, ruleInfo: ["Gate", "target-TargetB-T-TargetB-29512--TestTargetTaskProducer"]),
  	Task(forTarget: <none>, ruleInfo: ["Gate", "target-TargetB-T-TargetB-29512--copy-headers-completion"]),
  	Task(forTarget: <none>, ruleInfo: ["Gate", "target-TargetB-T-TargetB-29512--fused-phase0-compile-sources&link-binary"]),
  	Task(forTarget: <none>, ruleInfo: ["Gate", "target-TargetB-T-TargetB-29512--generated-headers"]),
  	Task(forTarget: <none>, ruleInfo: ["Gate", "target-TargetB-T-TargetB-29512--swift-generated-headers"]),
  	Task(forTarget: <none>, ruleInfo: ["SwiftExplicitDependencyCompileModuleFromInterface", "x86_64", "/private/var/folders/xr/m5_5rlsd6l9fk2w4ngj13k6m0000gn/T/swbuild.tmp.1MKAHc3s/Data.noindex/Test/aProject/build/SwiftExplicitPrecompiledModules/Swift-26Y8ZZGXD7LG6.swiftmodule"]),
  	Task(forTarget: <none>, ruleInfo: ["SwiftExplicitDependencyCompileModuleFromInterface", "x86_64", "/private/var/folders/xr/m5_5rlsd6l9fk2w4ngj13k6m0000gn/T/swbuild.tmp.1MKAHc3s/Data.noindex/Test/aProject/build/SwiftExplicitPrecompiledModules/_Concurrency-237ST542ST3YY.swiftmodule"]),
  	Task(forTarget: <none>, ruleInfo: ["SwiftExplicitDependencyCompileModuleFromInterface", "x86_64", "/private/var/folders/xr/m5_5rlsd6l9fk2w4ngj13k6m0000gn/T/swbuild.tmp.1MKAHc3s/Data.noindex/Test/aProject/build/SwiftExplicitPrecompiledModules/_StringProcessing-J08VCSKJGF4H.swiftmodule"]),
  	Task(forTarget: <none>, ruleInfo: ["SwiftExplicitDependencyCompileModuleFromInterface", "x86_64", "/private/var/folders/xr/m5_5rlsd6l9fk2w4ngj13k6m0000gn/T/swbuild.tmp.1MKAHc3s/Data.noindex/Test/bProject/build/SwiftExplicitPrecompiledModules/Swift-26Y8ZZGXD7LG6.swiftmodule"]),
  	Task(forTarget: <none>, ruleInfo: ["SwiftExplicitDependencyCompileModuleFromInterface", "x86_64", "/private/var/folders/xr/m5_5rlsd6l9fk2w4ngj13k6m0000gn/T/swbuild.tmp.1MKAHc3s/Data.noindex/Test/bProject/build/SwiftExplicitPrecompiledModules/_Concurrency-237ST542ST3YY.swiftmodule"]),
  	Task(forTarget: <none>, ruleInfo: ["SwiftExplicitDependencyCompileModuleFromInterface", "x86_64", "/private/var/folders/xr/m5_5rlsd6l9fk2w4ngj13k6m0000gn/T/swbuild.tmp.1MKAHc3s/Data.noindex/Test/bProject/build/SwiftExplicitPrecompiledModules/_StringProcessing-J08VCSKJGF4H.swiftmodule"]),
  	Task(forTarget: <none>, ruleInfo: ["SwiftExplicitDependencyGeneratePcm", "x86_64", "/private/var/folders/xr/m5_5rlsd6l9fk2w4ngj13k6m0000gn/T/swbuild.tmp.1MKAHc3s/Data.noindex/Test/aProject/build/SwiftExplicitPrecompiledModules/SwiftShims-73P0BUP0PJH23YNM6YTPQGI1F.pcm"]),
  	Task(forTarget: <none>, ruleInfo: ["SwiftExplicitDependencyGeneratePcm", "x86_64", "/private/var/folders/xr/m5_5rlsd6l9fk2w4ngj13k6m0000gn/T/swbuild.tmp.1MKAHc3s/Data.noindex/Test/aProject/build/SwiftExplicitPrecompiledModules/_SwiftConcurrencyShims-IYVT9SACWIGLXNDAYRFEUH50.pcm"]),
  	Task(forTarget: <none>, ruleInfo: ["SwiftExplicitDependencyGeneratePcm", "x86_64", "/private/var/folders/xr/m5_5rlsd6l9fk2w4ngj13k6m0000gn/T/swbuild.tmp.1MKAHc3s/Data.noindex/Test/bProject/build/SwiftExplicitPrecompiledModules/SwiftShims-73P0BUP0PJH23YNM6YTPQGI1F.pcm"]),
  	Task(forTarget: <none>, ruleInfo: ["SwiftExplicitDependencyGeneratePcm", "x86_64", "/private/var/folders/xr/m5_5rlsd6l9fk2w4ngj13k6m0000gn/T/swbuild.tmp.1MKAHc3s/Data.noindex/Test/bProject/build/SwiftExplicitPrecompiledModules/_SwiftConcurrencyShims-IYVT9SACWIGLXNDAYRFEUH50.pcm"]),
  	Task(forTarget: <none>, ruleInfo: ["WriteAuxiliaryFile", "/private/var/folders/xr/m5_5rlsd6l9fk2w4ngj13k6m0000gn/T/swbuild.tmp.1MKAHc3s/Data.noindex/Test/aProject/build/aProject.build/Debug/aProject-P20852-VFS/all-product-headers.yaml"]),
  	Task(forTarget: <none>, ruleInfo: ["WriteAuxiliaryFile", "/private/var/folders/xr/m5_5rlsd6l9fk2w4ngj13k6m0000gn/T/swbuild.tmp.1MKAHc3s/Data.noindex/Test/bProject/build/bProject.build/Debug/bProject-P29513-VFS/all-product-headers.yaml"])'
↳ Occasionally fails in CI due to SwiftExplicitDependencyCompileModuleFromInterface missing from the dependency graph
━ Test explicitBuildWithMultipleProjects(arch:) recorded a known issue with 1 argument arch → "x86_64" at SwiftDriverTests.swift:1441:34: Issue recorded
↳ unable to find any task matching conditions '[Rule matches [SWBTestSupport.StringPattern.equal("SwiftExplicitDependencyCompileModuleFromInterface"), SWBTestSupport.StringPattern.equal("normal"), SWBTestSupport.StringPattern.equal("x86_64"), SWBTestSupport.StringPattern.contains("Swift")], CommandLineArguments contains Swift, CommandLineArguments match contains("aProject/build/SwiftExplicitPrecompiledModules/Swift")]', among tasks: 'Task(forTarget: TargetA, ruleInfo: ["Copy", "/private/var/folders/xr/m5_5rlsd6l9fk2w4ngj13k6m0000gn/T/swbuild.tmp.1MKAHc3s/Data.noindex/Test/aProject/build/Debug/TargetA.framework/Versions/A/Modules/TargetA.swiftmodule/Project/x86_64-apple-macos.swiftsourceinfo", "/private/var/folders/xr/m5_5rlsd6l9fk2w4ngj13k6m0000gn/T/swbuild.tmp.1MKAHc3s/Data.noindex/Test/aProject/build/aProject.build/Debug/TargetA.build/Objects-normal/x86_64/TargetA.swiftsourceinfo"]),
  	Task(forTarget: TargetA, ruleInfo: ["Copy", "/private/var/folders/xr/m5_5rlsd6l9fk2w4ngj13k6m0000gn/T/swbuild.tmp.1MKAHc3s/Data.noindex/Test/aProject/build/Debug/TargetA.framework/Versions/A/Modules/TargetA.swiftmodule/x86_64-apple-macos.abi.json", "/private/var/folders/xr/m5_5rlsd6l9fk2w4ngj13k6m0000gn/T/swbuild.tmp.1MKAHc3s/Data.noindex/Test/aProject/build/aProject.build/Debug/TargetA.build/Objects-normal/x86_64/TargetA.abi.json"]),
  	Task(forTarget: TargetA, ruleInfo: ["Copy", "/private/var/folders/xr/m5_5rlsd6l9fk2w4ngj13k6m0000gn/T/swbuild.tmp.1MKAHc3s/Data.noindex/Test/aProject/build/Debug/TargetA.framework/Versions/A/Modules/TargetA.swiftmodule/x86_64-apple-macos.swiftdoc", "/private/var/folders/xr/m5_5rlsd6l9fk2w4ngj13k6m0000gn/T/swbuild.tmp.1MKAHc3s/Data.noindex/Test/aProject/build/aProject.build/Debug/TargetA.build/Objects-normal/x86_64/TargetA.swiftdoc"]),
  	Task(forTarget: TargetA, ruleInfo: ["Copy", "/private/var/folders/xr/m5_5rlsd6l9fk2w4ngj13k6m0000gn/T/swbuild.tmp.1MKAHc3s/Data.noindex/Test/aProject/build/Debug/TargetA.framework/Versions/A/Modules/TargetA.swiftmodule/x86_64-apple-macos.swiftmodule", "/private/var/folders/xr/m5_5rlsd6l9fk2w4ngj13k6m0000gn/T/swbuild.tmp.1MKAHc3s/Data.noindex/Test/aProject/build/aProject.build/Debug/TargetA.build/Objects-normal/x86_64/TargetA.swiftmodule"]),
  	Task(forTarget: TargetA, ruleInfo: ["ExtractAppIntentsMetadata"]),
  	Task(forTarget: TargetA, ruleInfo: ["Gate", "target-TargetA-T-TargetA-20851--begin-compiling"]),
  	Task(forTarget: TargetA, ruleInfo: ["Gate", "target-TargetA-T-TargetA-20851--begin-linking"]),
  	Task(forTarget: TargetA, ruleInfo: ["Gate", "target-TargetA-T-TargetA-20851--begin-scanning"]),
  	Task(forTarget: TargetA, ruleInfo: ["Gate", "target-TargetA-T-TargetA-20851--end"]),
  	Task(forTarget: TargetA, ruleInfo: ["Gate", "target-TargetA-T-TargetA-20851--entry"]),
  	Task(forTarget: TargetA, ruleInfo: ["Gate", "target-TargetA-T-TargetA-20851--immediate"]),
  	Task(forTarget: TargetA, ruleInfo: ["Gate", "target-TargetA-T-TargetA-20851--linker-inputs-ready"]),
  	Task(forTarget: TargetA, ruleInfo: ["Gate", "target-TargetA-T-TargetA-20851--modules-ready"]),
  	Task(forTarget: TargetA, ruleInfo: ["Gate", "target-TargetA-T-TargetA-20851--unsigned-product-ready"]),
  	Task(forTarget: TargetA, ruleInfo: ["Gate", "target-TargetA-T-TargetA-20851--will-sign"]),
  	Task(forTarget: TargetA, ruleInfo: ["GenerateTAPI", "/private/var/folders/xr/m5_5rlsd6l9fk2w4ngj13k6m0000gn/T/swbuild.tmp.1MKAHc3s/Data.noindex/Test/aProject/build/EagerLinkingTBDs/Debug/TargetA.framework/Versions/A/TargetA.tbd"]),
  	Task(forTarget: TargetA, ruleInfo: ["Ld", "/private/var/folders/xr/m5_5rlsd6l9fk2w4ngj13k6m0000gn/T/swbuild.tmp.1MKAHc3s/Data.noindex/Test/aProject/build/Debug/TargetA.framework/Versions/A/TargetA", "normal"]),
  	Task(forTarget: TargetA, ruleInfo: ["MkDir", "/private/var/folders/xr/m5_5rlsd6l9fk2w4ngj13k6m0000gn/T/swbuild.tmp.1MKAHc3s/Data.noindex/Test/aProject/build/Debug/TargetA.framework"]),
  	Task(forTarget: TargetA, ruleInfo: ["MkDir", "/private/var/folders/xr/m5_5rlsd6l9fk2w4ngj13k6m0000gn/T/swbuild.tmp.1MKAHc3s/Data.noindex/Test/aProject/build/Debug/TargetA.framework/Versions"]),
  	Task(forTarget: TargetA, ruleInfo: ["MkDir", "/private/var/folders/xr/m5_5rlsd6l9fk2w4ngj13k6m0000gn/T/swbuild.tmp.1MKAHc3s/Data.noindex/Test/aProject/build/Debug/TargetA.framework/Versions/A"]),
  	Task(forTarget: TargetA, ruleInfo: ["MkDir", "/private/var/folders/xr/m5_5rlsd6l9fk2w4ngj13k6m0000gn/T/swbuild.tmp.1MKAHc3s/Data.noindex/Test/aProject/build/Debug/TargetA.framework/Versions/A/Headers"]),
  	Task(forTarget: TargetA, ruleInfo: ["RegisterExecutionPolicyException", "/private/var/folders/xr/m5_5rlsd6l9fk2w4ngj13k6m0000gn/T/swbuild.tmp.1MKAHc3s/Data.noindex/Test/aProject/build/Debug/TargetA.framework"]),
  	Task(forTarget: TargetA, ruleInfo: ["SwiftCompile", "normal", "x86_64", "Compiling file1.swift", "/private/var/folders/xr/m5_5rlsd6l9fk2w4ngj13k6m0000gn/T/swbuild.tmp.1MKAHc3s/Data.noindex/Test/aProject/Sources/file1.swift"]),
  	Task(forTarget: TargetA, ruleInfo: ["SwiftCompile", "normal", "x86_64", "Compiling file2.swift", "/private/var/folders/xr/m5_5rlsd6l9fk2w4ngj13k6m0000gn/T/swbuild.tmp.1MKAHc3s/Data.noindex/Test/aProject/Sources/file2.swift"]),
  	Task(forTarget: TargetA, ruleInfo: ["SwiftDriver", "TargetA", "normal", "x86_64", "com.apple.xcode.tools.swift.compiler"]),
  	Task(forTarget: TargetA, ruleInfo: ["SwiftDriver Compilation", "TargetA", "normal", "x86_64", "com.apple.xcode.tools.swift.compiler"]),
  	Task(forTarget: TargetA, ruleInfo: ["SwiftDriver Compilation Requirements", "TargetA", "normal", "x86_64", "com.apple.xcode.tools.swift.compiler"]),
  	Task(forTarget: TargetA, ruleInfo: ["SwiftEmitModule", "normal", "x86_64", "Emitting module for TargetA"]),
  	Task(forTarget: TargetA, ruleInfo: ["SwiftMergeGeneratedHeaders", "/private/var/folders/xr/m5_5rlsd6l9fk2w4ngj13k6m0000gn/T/swbuild.tmp.1MKAHc3s/Data.noindex/Test/aProject/build/Debug/TargetA.framework/Versions/A/Headers/TargetA-Swift.h", "/private/var/folders/xr/m5_5rlsd6l9fk2w4ngj13k6m0000gn/T/swbuild.tmp.1MKAHc3s/Data.noindex/Test/aProject/build/aProject.build/Debug/TargetA.build/Objects-normal/x86_64/TargetA-Swift.h"]),
  	Task(forTarget: TargetA, ruleInfo: ["SymLink", "/private/var/folders/xr/m5_5rlsd6l9fk2w4ngj13k6m0000gn/T/swbuild.tmp.1MKAHc3s/Data.noindex/Test/aProject/build/Debug/TargetA.framework/Headers", "Versions/Current/Headers"]),
  	Task(forTarget: TargetA, ruleInfo: ["SymLink", "/private/var/folders/xr/m5_5rlsd6l9fk2w4ngj13k6m0000gn/T/swbuild.tmp.1MKAHc3s/Data.noindex/Test/aProject/build/Debug/TargetA.framework/Modules", "Versions/Current/Modules"]),
  	Task(forTarget: TargetA, ruleInfo: ["SymLink", "/private/var/folders/xr/m5_5rlsd6l9fk2w4ngj13k6m0000gn/T/swbuild.tmp.1MKAHc3s/Data.noindex/Test/aProject/build/Debug/TargetA.framework/TargetA", "Versions/Current/TargetA"]),
  	Task(forTarget: TargetA, ruleInfo: ["SymLink", "/private/var/folders/xr/m5_5rlsd6l9fk2w4ngj13k6m0000gn/T/swbuild.tmp.1MKAHc3s/Data.noindex/Test/aProject/build/Debug/TargetA.framework/Versions/Current", "A"]),
  	Task(forTarget: TargetA, ruleInfo: ["SymLink", "/private/var/folders/xr/m5_5rlsd6l9fk2w4ngj13k6m0000gn/T/swbuild.tmp.1MKAHc3s/Data.noindex/Test/aProject/build/EagerLinkingTBDs/Debug/TargetA.framework/TargetA.tbd", "/private/var/folders/xr/m5_5rlsd6l9fk2w4ngj13k6m0000gn/T/swbuild.tmp.1MKAHc3s/Data.noindex/Test/aProject/build/EagerLinkingTBDs/Debug/TargetA.framework/Versions/A/TargetA.tbd"]),
  	Task(forTarget: TargetA, ruleInfo: ["Touch", "/private/var/folders/xr/m5_5rlsd6l9fk2w4ngj13k6m0000gn/T/swbuild.tmp.1MKAHc3s/Data.noindex/Test/aProject/build/Debug/TargetA.framework"]),
  	Task(forTarget: TargetA, ruleInfo: ["WriteAuxiliaryFile", "/private/var/folders/xr/m5_5rlsd6l9fk2w4ngj13k6m0000gn/T/swbuild.tmp.1MKAHc3s/Data.noindex/Test/aProject/build/aProject.build/Debug/TargetA.build/Objects-normal/x86_64/TargetA-OutputFileMap.json"]),
  	Task(forTarget: TargetA, ruleInfo: ["WriteAuxiliaryFile", "/private/var/folders/xr/m5_5rlsd6l9fk2w4ngj13k6m0000gn/T/swbuild.tmp.1MKAHc3s/Data.noindex/Test/aProject/build/aProject.build/Debug/TargetA.build/Objects-normal/x86_64/TargetA.LinkFileList"]),
  	Task(forTarget: TargetA, ruleInfo: ["WriteAuxiliaryFile", "/private/var/folders/xr/m5_5rlsd6l9fk2w4ngj13k6m0000gn/T/swbuild.tmp.1MKAHc3s/Data.noindex/Test/aProject/build/aProject.build/Debug/TargetA.build/Objects-normal/x86_64/TargetA.SwiftConstValuesFileList"]),
  	Task(forTarget: TargetA, ruleInfo: ["WriteAuxiliaryFile", "/private/var/folders/xr/m5_5rlsd6l9fk2w4ngj13k6m0000gn/T/swbuild.tmp.1MKAHc3s/Data.noindex/Test/aProject/build/aProject.build/Debug/TargetA.build/Objects-normal/x86_64/TargetA.SwiftFileList"]),
  	Task(forTarget: TargetA, ruleInfo: ["WriteAuxiliaryFile", "/private/var/folders/xr/m5_5rlsd6l9fk2w4ngj13k6m0000gn/T/swbuild.tmp.1MKAHc3s/Data.noindex/Test/aProject/build/aProject.build/Debug/TargetA.build/Objects-normal/x86_64/TargetA_const_extract_protocols.json"]),
  	Task(forTarget: TargetA, ruleInfo: ["WriteAuxiliaryFile", "/private/var/folders/xr/m5_5rlsd6l9fk2w4ngj13k6m0000gn/T/swbuild.tmp.1MKAHc3s/Data.noindex/Test/aProject/build/aProject.build/Debug/TargetA.build/TargetA-all-non-framework-target-headers.hmap"]),
  	Task(forTarget: TargetA, ruleInfo: ["WriteAuxiliaryFile", "/private/var/folders/xr/m5_5rlsd6l9fk2w4ngj13k6m0000gn/T/swbuild.tmp.1MKAHc3s/Data.noindex/Test/aProject/build/aProject.build/Debug/TargetA.build/TargetA-all-target-headers.hmap"]),
  	Task(forTarget: TargetA, ruleInfo: ["WriteAuxiliaryFile", "/private/var/folders/xr/m5_5rlsd6l9fk2w4ngj13k6m0000gn/T/swbuild.tmp.1MKAHc3s/Data.noindex/Test/aProject/build/aProject.build/Debug/TargetA.build/TargetA-generated-files.hmap"]),
  	Task(forTarget: TargetA, ruleInfo: ["WriteAuxiliaryFile", "/private/var/folders/xr/m5_5rlsd6l9fk2w4ngj13k6m0000gn/T/swbuild.tmp.1MKAHc3s/Data.noindex/Test/aProject/build/aProject.build/Debug/TargetA.build/TargetA-own-target-headers.hmap"]),
  	Task(forTarget: TargetA, ruleInfo: ["WriteAuxiliaryFile", "/private/var/folders/xr/m5_5rlsd6l9fk2w4ngj13k6m0000gn/T/swbuild.tmp.1MKAHc3s/Data.noindex/Test/aProject/build/aProject.build/Debug/TargetA.build/TargetA-project-headers.hmap"]),
  	Task(forTarget: TargetA, ruleInfo: ["WriteAuxiliaryFile", "/private/var/folders/xr/m5_5rlsd6l9fk2w4ngj13k6m0000gn/T/swbuild.tmp.1MKAHc3s/Data.noindex/Test/aProject/build/aProject.build/Debug/TargetA.build/TargetA.DependencyMetadataFileList"]),
  	Task(forTarget: TargetA, ruleInfo: ["WriteAuxiliaryFile", "/private/var/folders/xr/m5_5rlsd6l9fk2w4ngj13k6m0000gn/T/swbuild.tmp.1MKAHc3s/Data.noindex/Test/aProject/build/aProject.build/Debug/TargetA.build/TargetA.DependencyStaticMetadataFileList"]),
  	Task(forTarget: TargetA, ruleInfo: ["WriteAuxiliaryFile", "/private/var/folders/xr/m5_5rlsd6l9fk2w4ngj13k6m0000gn/T/swbuild.tmp.1MKAHc3s/Data.noindex/Test/aProject/build/aProject.build/Debug/TargetA.build/TargetA.hmap"]),
  	Task(forTarget: TargetB, ruleInfo: ["Copy", "/private/var/folders/xr/m5_5rlsd6l9fk2w4ngj13k6m0000gn/T/swbuild.tmp.1MKAHc3s/Data.noindex/Test/bProject/build/Debug/TargetB.framework/Versions/A/Modules/TargetB.swiftmodule/Project/x86_64-apple-macos.swiftsourceinfo", "/private/var/folders/xr/m5_5rlsd6l9fk2w4ngj13k6m0000gn/T/swbuild.tmp.1MKAHc3s/Data.noindex/Test/bProject/build/bProject.build/Debug/TargetB.build/Objects-normal/x86_64/TargetB.swiftsourceinfo"]),
  	Task(forTarget: TargetB, ruleInfo: ["Copy", "/private/var/folders/xr/m5_5rlsd6l9fk2w4ngj13k6m0000gn/T/swbuild.tmp.1MKAHc3s/Data.noindex/Test/bProject/build/Debug/TargetB.framework/Versions/A/Modules/TargetB.swiftmodule/x86_64-apple-macos.abi.json", "/private/var/folders/xr/m5_5rlsd6l9fk2w4ngj13k6m0000gn/T/swbuild.tmp.1MKAHc3s/Data.noindex/Test/bProject/build/bProject.build/Debug/TargetB.build/Objects-normal/x86_64/TargetB.abi.json"]),
  	Task(forTarget: TargetB, ruleInfo: ["Copy", "/private/var/folders/xr/m5_5rlsd6l9fk2w4ngj13k6m0000gn/T/swbuild.tmp.1MKAHc3s/Data.noindex/Test/bProject/build/Debug/TargetB.framework/Versions/A/Modules/TargetB.swiftmodule/x86_64-apple-macos.swiftdoc", "/private/var/folders/xr/m5_5rlsd6l9fk2w4ngj13k6m0000gn/T/swbuild.tmp.1MKAHc3s/Data.noindex/Test/bProject/build/bProject.build/Debug/TargetB.build/Objects-normal/x86_64/TargetB.swiftdoc"]),
  	Task(forTarget: TargetB, ruleInfo: ["Copy", "/private/var/folders/xr/m5_5rlsd6l9fk2w4ngj13k6m0000gn/T/swbuild.tmp.1MKAHc3s/Data.noindex/Test/bProject/build/Debug/TargetB.framework/Versions/A/Modules/TargetB.swiftmodule/x86_64-apple-macos.swiftmodule", "/private/var/folders/xr/m5_5rlsd6l9fk2w4ngj13k6m0000gn/T/swbuild.tmp.1MKAHc3s/Data.noindex/Test/bProject/build/bProject.build/Debug/TargetB.build/Objects-normal/x86_64/TargetB.swiftmodule"]),
  	Task(forTarget: TargetB, ruleInfo: ["ExtractAppIntentsMetadata"]),
  	Task(forTarget: TargetB, ruleInfo: ["Gate", "target-TargetB-T-TargetB-29512--begin-compiling"]),
  	Task(forTarget: TargetB, ruleInfo: ["Gate", "target-TargetB-T-TargetB-29512--begin-linking"]),
  	Task(forTarget: TargetB, ruleInfo: ["Gate", "target-TargetB-T-TargetB-29512--begin-scanning"]),
  	Task(forTarget: TargetB, ruleInfo: ["Gate", "target-TargetB-T-TargetB-29512--end"]),
  	Task(forTarget: TargetB, ruleInfo: ["Gate", "target-TargetB-T-TargetB-29512--entry"]),
  	Task(forTarget: TargetB, ruleInfo: ["Gate", "target-TargetB-T-TargetB-29512--immediate"]),
  	Task(forTarget: TargetB, ruleInfo: ["Gate", "target-TargetB-T-TargetB-29512--linker-inputs-ready"]),
  	Task(forTarget: TargetB, ruleInfo: ["Gate", "target-TargetB-T-TargetB-29512--modules-ready"]),
  	Task(forTarget: TargetB, ruleInfo: ["Gate", "target-TargetB-T-TargetB-29512--unsigned-product-ready"]),
  	Task(forTarget: TargetB, ruleInfo: ["Gate", "target-TargetB-T-TargetB-29512--will-sign"]),
  	Task(forTarget: TargetB, ruleInfo: ["GenerateTAPI", "/private/var/folders/xr/m5_5rlsd6l9fk2w4ngj13k6m0000gn/T/swbuild.tmp.1MKAHc3s/Data.noindex/Test/bProject/build/EagerLinkingTBDs/Debug/TargetB.framework/Versions/A/TargetB.tbd"]),
  	Task(forTarget: TargetB, ruleInfo: ["Ld", "/private/var/folders/xr/m5_5rlsd6l9fk2w4ngj13k6m0000gn/T/swbuild.tmp.1MKAHc3s/Data.noindex/Test/bProject/build/Debug/TargetB.framework/Versions/A/TargetB", "normal"]),
  	Task(forTarget: TargetB, ruleInfo: ["MkDir", "/private/var/folders/xr/m5_5rlsd6l9fk2w4ngj13k6m0000gn/T/swbuild.tmp.1MKAHc3s/Data.noindex/Test/bProject/build/Debug/TargetB.framework"]),
  	Task(forTarget: TargetB, ruleInfo: ["MkDir", "/private/var/folders/xr/m5_5rlsd6l9fk2w4ngj13k6m0000gn/T/swbuild.tmp.1MKAHc3s/Data.noindex/Test/bProject/build/Debug/TargetB.framework/Versions"]),
  	Task(forTarget: TargetB, ruleInfo: ["MkDir", "/private/var/folders/xr/m5_5rlsd6l9fk2w4ngj13k6m0000gn/T/swbuild.tmp.1MKAHc3s/Data.noindex/Test/bProject/build/Debug/TargetB.framework/Versions/A"]),
  	Task(forTarget: TargetB, ruleInfo: ["MkDir", "/private/var/folders/xr/m5_5rlsd6l9fk2w4ngj13k6m0000gn/T/swbuild.tmp.1MKAHc3s/Data.noindex/Test/bProject/build/Debug/TargetB.framework/Versions/A/Headers"]),
  	Task(forTarget: TargetB, ruleInfo: ["RegisterExecutionPolicyException", "/private/var/folders/xr/m5_5rlsd6l9fk2w4ngj13k6m0000gn/T/swbuild.tmp.1MKAHc3s/Data.noindex/Test/bProject/build/Debug/TargetB.framework"]),
  	Task(forTarget: TargetB, ruleInfo: ["SwiftCompile", "normal", "x86_64", "Compiling file3.swift", "/private/var/folders/xr/m5_5rlsd6l9fk2w4ngj13k6m0000gn/T/swbuild.tmp.1MKAHc3s/Data.noindex/Test/bProject/Sources/file3.swift"]),
  	Task(forTarget: TargetB, ruleInfo: ["SwiftCompile", "normal", "x86_64", "Compiling file4.swift", "/private/var/folders/xr/m5_5rlsd6l9fk2w4ngj13k6m0000gn/T/swbuild.tmp.1MKAHc3s/Data.noindex/Test/bProject/Sources/file4.swift"]),
  	Task(forTarget: TargetB, ruleInfo: ["SwiftDriver", "TargetB", "normal", "x86_64", "com.apple.xcode.tools.swift.compiler"]),
  	Task(forTarget: TargetB, ruleInfo: ["SwiftDriver Compilation", "TargetB", "normal", "x86_64", "com.apple.xcode.tools.swift.compiler"]),
  	Task(forTarget: TargetB, ruleInfo: ["SwiftDriver Compilation Requirements", "TargetB", "normal", "x86_64", "com.apple.xcode.tools.swift.compiler"]),
  	Task(forTarget: TargetB, ruleInfo: ["SwiftEmitModule", "normal", "x86_64", "Emitting module for TargetB"]),
  	Task(forTarget: TargetB, ruleInfo: ["SwiftMergeGeneratedHeaders", "/private/var/folders/xr/m5_5rlsd6l9fk2w4ngj13k6m0000gn/T/swbuild.tmp.1MKAHc3s/Data.noindex/Test/bProject/build/Debug/TargetB.framework/Versions/A/Headers/TargetB-Swift.h", "/private/var/folders/xr/m5_5rlsd6l9fk2w4ngj13k6m0000gn/T/swbuild.tmp.1MKAHc3s/Data.noindex/Test/bProject/build/bProject.build/Debug/TargetB.build/Objects-normal/x86_64/TargetB-Swift.h"]),
  	Task(forTarget: TargetB, ruleInfo: ["SymLink", "/private/var/folders/xr/m5_5rlsd6l9fk2w4ngj13k6m0000gn/T/swbuild.tmp.1MKAHc3s/Data.noindex/Test/bProject/build/Debug/TargetB.framework/Headers", "Versions/Current/Headers"]),
  	Task(forTarget: TargetB, ruleInfo: ["SymLink", "/private/var/folders/xr/m5_5rlsd6l9fk2w4ngj13k6m0000gn/T/swbuild.tmp.1MKAHc3s/Data.noindex/Test/bProject/build/Debug/TargetB.framework/Modules", "Versions/Current/Modules"]),
  	Task(forTarget: TargetB, ruleInfo: ["SymLink", "/private/var/folders/xr/m5_5rlsd6l9fk2w4ngj13k6m0000gn/T/swbuild.tmp.1MKAHc3s/Data.noindex/Test/bProject/build/Debug/TargetB.framework/TargetB", "Versions/Current/TargetB"]),
  	Task(forTarget: TargetB, ruleInfo: ["SymLink", "/private/var/folders/xr/m5_5rlsd6l9fk2w4ngj13k6m0000gn/T/swbuild.tmp.1MKAHc3s/Data.noindex/Test/bProject/build/Debug/TargetB.framework/Versions/Current", "A"]),
  	Task(forTarget: TargetB, ruleInfo: ["SymLink", "/private/var/folders/xr/m5_5rlsd6l9fk2w4ngj13k6m0000gn/T/swbuild.tmp.1MKAHc3s/Data.noindex/Test/bProject/build/EagerLinkingTBDs/Debug/TargetB.framework/TargetB.tbd", "/private/var/folders/xr/m5_5rlsd6l9fk2w4ngj13k6m0000gn/T/swbuild.tmp.1MKAHc3s/Data.noindex/Test/bProject/build/EagerLinkingTBDs/Debug/TargetB.framework/Versions/A/TargetB.tbd"]),
  	Task(forTarget: TargetB, ruleInfo: ["Touch", "/private/var/folders/xr/m5_5rlsd6l9fk2w4ngj13k6m0000gn/T/swbuild.tmp.1MKAHc3s/Data.noindex/Test/bProject/build/Debug/TargetB.framework"]),
  	Task(forTarget: TargetB, ruleInfo: ["WriteAuxiliaryFile", "/private/var/folders/xr/m5_5rlsd6l9fk2w4ngj13k6m0000gn/T/swbuild.tmp.1MKAHc3s/Data.noindex/Test/bProject/build/bProject.build/Debug/TargetB.build/Objects-normal/x86_64/TargetB-OutputFileMap.json"]),
  	Task(forTarget: TargetB, ruleInfo: ["WriteAuxiliaryFile", "/private/var/folders/xr/m5_5rlsd6l9fk2w4ngj13k6m0000gn/T/swbuild.tmp.1MKAHc3s/Data.noindex/Test/bProject/build/bProject.build/Debug/TargetB.build/Objects-normal/x86_64/TargetB.LinkFileList"]),
  	Task(forTarget: TargetB, ruleInfo: ["WriteAuxiliaryFile", "/private/var/folders/xr/m5_5rlsd6l9fk2w4ngj13k6m0000gn/T/swbuild.tmp.1MKAHc3s/Data.noindex/Test/bProject/build/bProject.build/Debug/TargetB.build/Objects-normal/x86_64/TargetB.SwiftConstValuesFileList"]),
  	Task(forTarget: TargetB, ruleInfo: ["WriteAuxiliaryFile", "/private/var/folders/xr/m5_5rlsd6l9fk2w4ngj13k6m0000gn/T/swbuild.tmp.1MKAHc3s/Data.noindex/Test/bProject/build/bProject.build/Debug/TargetB.build/Objects-normal/x86_64/TargetB.SwiftFileList"]),
  	Task(forTarget: TargetB, ruleInfo: ["WriteAuxiliaryFile", "/private/var/folders/xr/m5_5rlsd6l9fk2w4ngj13k6m0000gn/T/swbuild.tmp.1MKAHc3s/Data.noindex/Test/bProject/build/bProject.build/Debug/TargetB.build/Objects-normal/x86_64/TargetB_const_extract_protocols.json"]),
  	Task(forTarget: TargetB, ruleInfo: ["WriteAuxiliaryFile", "/private/var/folders/xr/m5_5rlsd6l9fk2w4ngj13k6m0000gn/T/swbuild.tmp.1MKAHc3s/Data.noindex/Test/bProject/build/bProject.build/Debug/TargetB.build/TargetB-all-non-framework-target-headers.hmap"]),
  	Task(forTarget: TargetB, ruleInfo: ["WriteAuxiliaryFile", "/private/var/folders/xr/m5_5rlsd6l9fk2w4ngj13k6m0000gn/T/swbuild.tmp.1MKAHc3s/Data.noindex/Test/bProject/build/bProject.build/Debug/TargetB.build/TargetB-all-target-headers.hmap"]),
  	Task(forTarget: TargetB, ruleInfo: ["WriteAuxiliaryFile", "/private/var/folders/xr/m5_5rlsd6l9fk2w4ngj13k6m0000gn/T/swbuild.tmp.1MKAHc3s/Data.noindex/Test/bProject/build/bProject.build/Debug/TargetB.build/TargetB-generated-files.hmap"]),
  	Task(forTarget: TargetB, ruleInfo: ["WriteAuxiliaryFile", "/private/var/folders/xr/m5_5rlsd6l9fk2w4ngj13k6m0000gn/T/swbuild.tmp.1MKAHc3s/Data.noindex/Test/bProject/build/bProject.build/Debug/TargetB.build/TargetB-own-target-headers.hmap"]),
  	Task(forTarget: TargetB, ruleInfo: ["WriteAuxiliaryFile", "/private/var/folders/xr/m5_5rlsd6l9fk2w4ngj13k6m0000gn/T/swbuild.tmp.1MKAHc3s/Data.noindex/Test/bProject/build/bProject.build/Debug/TargetB.build/TargetB-project-headers.hmap"]),
  	Task(forTarget: TargetB, ruleInfo: ["WriteAuxiliaryFile", "/private/var/folders/xr/m5_5rlsd6l9fk2w4ngj13k6m0000gn/T/swbuild.tmp.1MKAHc3s/Data.noindex/Test/bProject/build/bProject.build/Debug/TargetB.build/TargetB.DependencyMetadataFileList"]),
  	Task(forTarget: TargetB, ruleInfo: ["WriteAuxiliaryFile", "/private/var/folders/xr/m5_5rlsd6l9fk2w4ngj13k6m0000gn/T/swbuild.tmp.1MKAHc3s/Data.noindex/Test/bProject/build/bProject.build/Debug/TargetB.build/TargetB.DependencyStaticMetadataFileList"]),
  	Task(forTarget: TargetB, ruleInfo: ["WriteAuxiliaryFile", "/private/var/folders/xr/m5_5rlsd6l9fk2w4ngj13k6m0000gn/T/swbuild.tmp.1MKAHc3s/Data.noindex/Test/bProject/build/bProject.build/Debug/TargetB.build/TargetB.hmap"]),
  	Task(forTarget: <none>, ruleInfo: ["ClangStatCache", "/Applications/Xcode17E.app/Contents/Developer/Toolchains/XcodeDefault.xctoolchain/usr/bin/clang-stat-cache", "/Applications/Xcode17E.app/Contents/Developer/Platforms/MacOSX.platform/Developer/SDKs/MacOSX26.4.sdk", "/private/var/folders/xr/m5_5rlsd6l9fk2w4ngj13k6m0000gn/T/swbuild.tmp.1MKAHc3s/Data.noindex/Test/SDKStatCaches.noindex/macosx26.4-25E260-95aa6cf8f3effd57bda17e0c125410c0.sdkstatcache"]),
  	Task(forTarget: <none>, ruleInfo: ["CreateBuildDirectory", "/private/var/folders/xr/m5_5rlsd6l9fk2w4ngj13k6m0000gn/T/swbuild.tmp.1MKAHc3s/Data.noindex/Test/aProject/build"]),
  	Task(forTarget: <none>, ruleInfo: ["CreateBuildDirectory", "/private/var/folders/xr/m5_5rlsd6l9fk2w4ngj13k6m0000gn/T/swbuild.tmp.1MKAHc3s/Data.noindex/Test/aProject/build/Debug"]),
  	Task(forTarget: <none>, ruleInfo: ["CreateBuildDirectory", "/private/var/folders/xr/m5_5rlsd6l9fk2w4ngj13k6m0000gn/T/swbuild.tmp.1MKAHc3s/Data.noindex/Test/aProject/build/EagerLinkingTBDs/Debug"]),
  	Task(forTarget: <none>, ruleInfo: ["CreateBuildDirectory", "/private/var/folders/xr/m5_5rlsd6l9fk2w4ngj13k6m0000gn/T/swbuild.tmp.1MKAHc3s/Data.noindex/Test/aProject/build/ExplicitPrecompiledModules"]),
  	Task(forTarget: <none>, ruleInfo: ["CreateBuildDirectory", "/private/var/folders/xr/m5_5rlsd6l9fk2w4ngj13k6m0000gn/T/swbuild.tmp.1MKAHc3s/Data.noindex/Test/aProject/build/SharedPrecompiledHeaders"]),
  	Task(forTarget: <none>, ruleInfo: ["CreateBuildDirectory", "/private/var/folders/xr/m5_5rlsd6l9fk2w4ngj13k6m0000gn/T/swbuild.tmp.1MKAHc3s/Data.noindex/Test/aProject/build/SwiftExplicitPrecompiledModules"]),
  	Task(forTarget: <none>, ruleInfo: ["CreateBuildDirectory", "/private/var/folders/xr/m5_5rlsd6l9fk2w4ngj13k6m0000gn/T/swbuild.tmp.1MKAHc3s/Data.noindex/Test/bProject/build"]),
  	Task(forTarget: <none>, ruleInfo: ["CreateBuildDirectory", "/private/var/folders/xr/m5_5rlsd6l9fk2w4ngj13k6m0000gn/T/swbuild.tmp.1MKAHc3s/Data.noindex/Test/bProject/build/Debug"]),
  	Task(forTarget: <none>, ruleInfo: ["CreateBuildDirectory", "/private/var/folders/xr/m5_5rlsd6l9fk2w4ngj13k6m0000gn/T/swbuild.tmp.1MKAHc3s/Data.noindex/Test/bProject/build/EagerLinkingTBDs/Debug"]),
  	Task(forTarget: <none>, ruleInfo: ["CreateBuildDirectory", "/private/var/folders/xr/m5_5rlsd6l9fk2w4ngj13k6m0000gn/T/swbuild.tmp.1MKAHc3s/Data.noindex/Test/bProject/build/ExplicitPrecompiledModules"]),
  	Task(forTarget: <none>, ruleInfo: ["CreateBuildDirectory", "/private/var/folders/xr/m5_5rlsd6l9fk2w4ngj13k6m0000gn/T/swbuild.tmp.1MKAHc3s/Data.noindex/Test/bProject/build/SharedPrecompiledHeaders"]),
  	Task(forTarget: <none>, ruleInfo: ["CreateBuildDirectory", "/private/var/folders/xr/m5_5rlsd6l9fk2w4ngj13k6m0000gn/T/swbuild.tmp.1MKAHc3s/Data.noindex/Test/bProject/build/SwiftExplicitPrecompiledModules"]),
  	Task(forTarget: <none>, ruleInfo: ["CreateBuildDirectory", "/var/folders/xr/m5_5rlsd6l9fk2w4ngj13k6m0000gn/C/com.apple.DeveloperTools/26.4.1-17E202/Xcode/CompilationCache.noindex"]),
  	Task(forTarget: <none>, ruleInfo: ["Gate", "WorkspaceHeaderMapVFSFilesWritten"]),
  	Task(forTarget: <none>, ruleInfo: ["Gate", "target-TargetA-T-TargetA-20851--AppExtensionInfoPlistGeneratorTaskProducer"]),
  	Task(forTarget: <none>, ruleInfo: ["Gate", "target-TargetA-T-TargetA-20851--AppIntentsMetadataTaskProducer"]),
  	Task(forTarget: <none>, ruleInfo: ["Gate", "target-TargetA-T-TargetA-20851--Barrier-ChangeAlternatePermissions"]),
  	Task(forTarget: <none>, ruleInfo: ["Gate", "target-TargetA-T-TargetA-20851--Barrier-ChangePermissions"]),
  	Task(forTarget: <none>, ruleInfo: ["Gate", "target-TargetA-T-TargetA-20851--Barrier-CodeSign"]),
  	Task(forTarget: <none>, ruleInfo: ["Gate", "target-TargetA-T-TargetA-20851--Barrier-CopyAside"]),
  	Task(forTarget: <none>, ruleInfo: ["Gate", "target-TargetA-T-TargetA-20851--Barrier-GenerateStubAPI"]),
  	Task(forTarget: <none>, ruleInfo: ["Gate", "target-TargetA-T-TargetA-20851--Barrier-RegisterExecutionPolicyException"]),
  	Task(forTarget: <none>, ruleInfo: ["Gate", "target-TargetA-T-TargetA-20851--Barrier-RegisterProduct"]),
  	Task(forTarget: <none>, ruleInfo: ["Gate", "target-TargetA-T-TargetA-20851--Barrier-StripSymbols"]),
  	Task(forTarget: <none>, ruleInfo: ["Gate", "target-TargetA-T-TargetA-20851--Barrier-Validate"]),
  	Task(forTarget: <none>, ruleInfo: ["Gate", "target-TargetA-T-TargetA-20851--CopySwiftPackageResourcesTaskProducer"]),
  	Task(forTarget: <none>, ruleInfo: ["Gate", "target-TargetA-T-TargetA-20851--CustomTaskProducer"]),
  	Task(forTarget: <none>, ruleInfo: ["Gate", "target-TargetA-T-TargetA-20851--DocumentationTaskProducer"]),
  	Task(forTarget: <none>, ruleInfo: ["Gate", "target-TargetA-T-TargetA-20851--ExtensionPointExtractorTaskProducer"]),
  	Task(forTarget: <none>, ruleInfo: ["Gate", "target-TargetA-T-TargetA-20851--GenerateAppPlaygroundAssetCatalogTaskProducer"]),
  	Task(forTarget: <none>, ruleInfo: ["Gate", "target-TargetA-T-TargetA-20851--GeneratedFilesTaskProducer"]),
  	Task(forTarget: <none>, ruleInfo: ["Gate", "target-TargetA-T-TargetA-20851--HeadermapTaskProducer"]),
  	Task(forTarget: <none>, ruleInfo: ["Gate", "target-TargetA-T-TargetA-20851--InfoPlistTaskProducer"]),
  	Task(forTarget: <none>, ruleInfo: ["Gate", "target-TargetA-T-TargetA-20851--ModuleMapTaskProducer"]),
  	Task(forTarget: <none>, ruleInfo: ["Gate", "target-TargetA-T-TargetA-20851--ModuleVerifierTaskProducer"]),
  	Task(forTarget: <none>, ruleInfo: ["Gate", "target-TargetA-T-TargetA-20851--ProductPostprocessingTaskProducer"]),
  	Task(forTarget: <none>, ruleInfo: ["Gate", "target-TargetA-T-TargetA-20851--ProductStructureTaskProducer"]),
  	Task(forTarget: <none>, ruleInfo: ["Gate", "target-TargetA-T-TargetA-20851--RealityAssetsTaskProducer"]),
  	Task(forTarget: <none>, ruleInfo: ["Gate", "target-TargetA-T-TargetA-20851--SanitizerTaskProducer"]),
  	Task(forTarget: <none>, ruleInfo: ["Gate", "target-TargetA-T-TargetA-20851--StubBinaryTaskProducer"]),
  	Task(forTarget: <none>, ruleInfo: ["Gate", "target-TargetA-T-TargetA-20851--SwiftABIBaselineGenerationTaskProducer"]),
  	Task(forTarget: <none>, ruleInfo: ["Gate", "target-TargetA-T-TargetA-20851--SwiftFrameworkABICheckerTaskProducer"]),
  	Task(forTarget: <none>, ruleInfo: ["Gate", "target-TargetA-T-TargetA-20851--SwiftPackageCopyFilesTaskProducer"]),
  	Task(forTarget: <none>, ruleInfo: ["Gate", "target-TargetA-T-TargetA-20851--SwiftStandardLibrariesTaskProducer"]),
  	Task(forTarget: <none>, ruleInfo: ["Gate", "target-TargetA-T-TargetA-20851--TAPISymbolExtractorTaskProducer"]),
  	Task(forTarget: <none>, ruleInfo: ["Gate", "target-TargetA-T-TargetA-20851--TestEntryPointTaskProducerFactory"]),
  	Task(forTarget: <none>, ruleInfo: ["Gate", "target-TargetA-T-TargetA-20851--TestHostTaskProducer"]),
  	Task(forTarget: <none>, ruleInfo: ["Gate", "target-TargetA-T-TargetA-20851--TestTargetPostprocessingTaskProducer"]),
  	Task(forTarget: <none>, ruleInfo: ["Gate", "target-TargetA-T-TargetA-20851--TestTargetTaskProducer"]),
  	Task(forTarget: <none>, ruleInfo: ["Gate", "target-TargetA-T-TargetA-20851--copy-headers-completion"]),
  	Task(forTarget: <none>, ruleInfo: ["Gate", "target-TargetA-T-TargetA-20851--fused-phase0-compile-sources"]),
  	Task(forTarget: <none>, ruleInfo: ["Gate", "target-TargetA-T-TargetA-20851--generated-headers"]),
  	Task(forTarget: <none>, ruleInfo: ["Gate", "target-TargetA-T-TargetA-20851--swift-generated-headers"]),
  	Task(forTarget: <none>, ruleInfo: ["Gate", "target-TargetB-T-TargetB-29512--AppExtensionInfoPlistGeneratorTaskProducer"]),
  	Task(forTarget: <none>, ruleInfo: ["Gate", "target-TargetB-T-TargetB-29512--AppIntentsMetadataTaskProducer"]),
  	Task(forTarget: <none>, ruleInfo: ["Gate", "target-TargetB-T-TargetB-29512--Barrier-ChangeAlternatePermissions"]),
  	Task(forTarget: <none>, ruleInfo: ["Gate", "target-TargetB-T-TargetB-29512--Barrier-ChangePermissions"]),
  	Task(forTarget: <none>, ruleInfo: ["Gate", "target-TargetB-T-TargetB-29512--Barrier-CodeSign"]),
  	Task(forTarget: <none>, ruleInfo: ["Gate", "target-TargetB-T-TargetB-29512--Barrier-CopyAside"]),
  	Task(forTarget: <none>, ruleInfo: ["Gate", "target-TargetB-T-TargetB-29512--Barrier-GenerateStubAPI"]),
  	Task(forTarget: <none>, ruleInfo: ["Gate", "target-TargetB-T-TargetB-29512--Barrier-RegisterExecutionPolicyException"]),
  	Task(forTarget: <none>, ruleInfo: ["Gate", "target-TargetB-T-TargetB-29512--Barrier-RegisterProduct"]),
  	Task(forTarget: <none>, ruleInfo: ["Gate", "target-TargetB-T-TargetB-29512--Barrier-StripSymbols"]),
  	Task(forTarget: <none>, ruleInfo: ["Gate", "target-TargetB-T-TargetB-29512--Barrier-Validate"]),
  	Task(forTarget: <none>, ruleInfo: ["Gate", "target-TargetB-T-TargetB-29512--CopySwiftPackageResourcesTaskProducer"]),
  	Task(forTarget: <none>, ruleInfo: ["Gate", "target-TargetB-T-TargetB-29512--CustomTaskProducer"]),
  	Task(forTarget: <none>, ruleInfo: ["Gate", "target-TargetB-T-TargetB-29512--DocumentationTaskProducer"]),
  	Task(forTarget: <none>, ruleInfo: ["Gate", "target-TargetB-T-TargetB-29512--ExtensionPointExtractorTaskProducer"]),
  	Task(forTarget: <none>, ruleInfo: ["Gate", "target-TargetB-T-TargetB-29512--GenerateAppPlaygroundAssetCatalogTaskProducer"]),
  	Task(forTarget: <none>, ruleInfo: ["Gate", "target-TargetB-T-TargetB-29512--GeneratedFilesTaskProducer"]),
  	Task(forTarget: <none>, ruleInfo: ["Gate", "target-TargetB-T-TargetB-29512--HeadermapTaskProducer"]),
  	Task(forTarget: <none>, ruleInfo: ["Gate", "target-TargetB-T-TargetB-29512--InfoPlistTaskProducer"]),
  	Task(forTarget: <none>, ruleInfo: ["Gate", "target-TargetB-T-TargetB-29512--ModuleMapTaskProducer"]),
  	Task(forTarget: <none>, ruleInfo: ["Gate", "target-TargetB-T-TargetB-29512--ModuleVerifierTaskProducer"]),
  	Task(forTarget: <none>, ruleInfo: ["Gate", "target-TargetB-T-TargetB-29512--ProductPostprocessingTaskProducer"]),
  	Task(forTarget: <none>, ruleInfo: ["Gate", "target-TargetB-T-TargetB-29512--ProductStructureTaskProducer"]),
  	Task(forTarget: <none>, ruleInfo: ["Gate", "target-TargetB-T-TargetB-29512--RealityAssetsTaskProducer"]),
  	Task(forTarget: <none>, ruleInfo: ["Gate", "target-TargetB-T-TargetB-29512--SanitizerTaskProducer"]),
  	Task(forTarget: <none>, ruleInfo: ["Gate", "target-TargetB-T-TargetB-29512--StubBinaryTaskProducer"]),
  	Task(forTarget: <none>, ruleInfo: ["Gate", "target-TargetB-T-TargetB-29512--SwiftABIBaselineGenerationTaskProducer"]),
  	Task(forTarget: <none>, ruleInfo: ["Gate", "target-TargetB-T-TargetB-29512--SwiftFrameworkABICheckerTaskProducer"]),
  	Task(forTarget: <none>, ruleInfo: ["Gate", "target-TargetB-T-TargetB-29512--SwiftPackageCopyFilesTaskProducer"]),
  	Task(forTarget: <none>, ruleInfo: ["Gate", "target-TargetB-T-TargetB-29512--SwiftStandardLibrariesTaskProducer"]),
  	Task(forTarget: <none>, ruleInfo: ["Gate", "target-TargetB-T-TargetB-29512--TAPISymbolExtractorTaskProducer"]),
  	Task(forTarget: <none>, ruleInfo: ["Gate", "target-TargetB-T-TargetB-29512--TestEntryPointTaskProducerFactory"]),
  	Task(forTarget: <none>, ruleInfo: ["Gate", "target-TargetB-T-TargetB-29512--TestHostTaskProducer"]),
  	Task(forTarget: <none>, ruleInfo: ["Gate", "target-TargetB-T-TargetB-29512--TestTargetPostprocessingTaskProducer"]),
  	Task(forTarget: <none>, ruleInfo: ["Gate", "target-TargetB-T-TargetB-29512--TestTargetTaskProducer"]),
  	Task(forTarget: <none>, ruleInfo: ["Gate", "target-TargetB-T-TargetB-29512--copy-headers-completion"]),
  	Task(forTarget: <none>, ruleInfo: ["Gate", "target-TargetB-T-TargetB-29512--fused-phase0-compile-sources&link-binary"]),
  	Task(forTarget: <none>, ruleInfo: ["Gate", "target-TargetB-T-TargetB-29512--generated-headers"]),
  	Task(forTarget: <none>, ruleInfo: ["Gate", "target-TargetB-T-TargetB-29512--swift-generated-headers"]),
  	Task(forTarget: <none>, ruleInfo: ["SwiftExplicitDependencyCompileModuleFromInterface", "x86_64", "/private/var/folders/xr/m5_5rlsd6l9fk2w4ngj13k6m0000gn/T/swbuild.tmp.1MKAHc3s/Data.noindex/Test/aProject/build/SwiftExplicitPrecompiledModules/Swift-26Y8ZZGXD7LG6.swiftmodule"]),
  	Task(forTarget: <none>, ruleInfo: ["SwiftExplicitDependencyCompileModuleFromInterface", "x86_64", "/private/var/folders/xr/m5_5rlsd6l9fk2w4ngj13k6m0000gn/T/swbuild.tmp.1MKAHc3s/Data.noindex/Test/aProject/build/SwiftExplicitPrecompiledModules/_Concurrency-237ST542ST3YY.swiftmodule"]),
  	Task(forTarget: <none>, ruleInfo: ["SwiftExplicitDependencyCompileModuleFromInterface", "x86_64", "/private/var/folders/xr/m5_5rlsd6l9fk2w4ngj13k6m0000gn/T/swbuild.tmp.1MKAHc3s/Data.noindex/Test/aProject/build/SwiftExplicitPrecompiledModules/_StringProcessing-J08VCSKJGF4H.swiftmodule"]),
  	Task(forTarget: <none>, ruleInfo: ["SwiftExplicitDependencyCompileModuleFromInterface", "x86_64", "/private/var/folders/xr/m5_5rlsd6l9fk2w4ngj13k6m0000gn/T/swbuild.tmp.1MKAHc3s/Data.noindex/Test/bProject/build/SwiftExplicitPrecompiledModules/Swift-26Y8ZZGXD7LG6.swiftmodule"]),
  	Task(forTarget: <none>, ruleInfo: ["SwiftExplicitDependencyCompileModuleFromInterface", "x86_64", "/private/var/folders/xr/m5_5rlsd6l9fk2w4ngj13k6m0000gn/T/swbuild.tmp.1MKAHc3s/Data.noindex/Test/bProject/build/SwiftExplicitPrecompiledModules/_Concurrency-237ST542ST3YY.swiftmodule"]),
  	Task(forTarget: <none>, ruleInfo: ["SwiftExplicitDependencyCompileModuleFromInterface", "x86_64", "/private/var/folders/xr/m5_5rlsd6l9fk2w4ngj13k6m0000gn/T/swbuild.tmp.1MKAHc3s/Data.noindex/Test/bProject/build/SwiftExplicitPrecompiledModules/_StringProcessing-J08VCSKJGF4H.swiftmodule"]),
  	Task(forTarget: <none>, ruleInfo: ["SwiftExplicitDependencyGeneratePcm", "x86_64", "/private/var/folders/xr/m5_5rlsd6l9fk2w4ngj13k6m0000gn/T/swbuild.tmp.1MKAHc3s/Data.noindex/Test/aProject/build/SwiftExplicitPrecompiledModules/SwiftShims-73P0BUP0PJH23YNM6YTPQGI1F.pcm"]),
  	Task(forTarget: <none>, ruleInfo: ["SwiftExplicitDependencyGeneratePcm", "x86_64", "/private/var/folders/xr/m5_5rlsd6l9fk2w4ngj13k6m0000gn/T/swbuild.tmp.1MKAHc3s/Data.noindex/Test/aProject/build/SwiftExplicitPrecompiledModules/_SwiftConcurrencyShims-IYVT9SACWIGLXNDAYRFEUH50.pcm"]),
  	Task(forTarget: <none>, ruleInfo: ["SwiftExplicitDependencyGeneratePcm", "x86_64", "/private/var/folders/xr/m5_5rlsd6l9fk2w4ngj13k6m0000gn/T/swbuild.tmp.1MKAHc3s/Data.noindex/Test/bProject/build/SwiftExplicitPrecompiledModules/SwiftShims-73P0BUP0PJH23YNM6YTPQGI1F.pcm"]),
  	Task(forTarget: <none>, ruleInfo: ["SwiftExplicitDependencyGeneratePcm", "x86_64", "/private/var/folders/xr/m5_5rlsd6l9fk2w4ngj13k6m0000gn/T/swbuild.tmp.1MKAHc3s/Data.noindex/Test/bProject/build/SwiftExplicitPrecompiledModules/_SwiftConcurrencyShims-IYVT9SACWIGLXNDAYRFEUH50.pcm"]),
  	Task(forTarget: <none>, ruleInfo: ["WriteAuxiliaryFile", "/private/var/folders/xr/m5_5rlsd6l9fk2w4ngj13k6m0000gn/T/swbuild.tmp.1MKAHc3s/Data.noindex/Test/aProject/build/aProject.build/Debug/aProject-P20852-VFS/all-product-headers.yaml"]),
  	Task(forTarget: <none>, ruleInfo: ["WriteAuxiliaryFile", "/private/var/folders/xr/m5_5rlsd6l9fk2w4ngj13k6m0000gn/T/swbuild.tmp.1MKAHc3s/Data.noindex/Test/bProject/build/bProject.build/Debug/bProject-P29513-VFS/all-product-headers.yaml"])'
↳ Occasionally fails in CI due to SwiftExplicitDependencyCompileModuleFromInterface missing from the dependency graph
━ Test explicitBuildWithMultipleProjects(arch:) recorded a known issue with 1 argument arch → "x86_64" at SwiftDriverTests.swift:1444:34: Issue recorded
↳ unable to find any task matching conditions '[Rule matches [SWBTestSupport.StringPattern.equal("SwiftExplicitDependencyCompileModuleFromInterface"), SWBTestSupport.StringPattern.equal("normal"), SWBTestSupport.StringPattern.equal("x86_64"), SWBTestSupport.StringPattern.contains("Swift")], CommandLineArguments contains Swift, CommandLineArguments match contains("bProject/build/SwiftExplicitPrecompiledModules/Swift")]', among tasks: 'Task(forTarget: TargetA, ruleInfo: ["Copy", "/private/var/folders/xr/m5_5rlsd6l9fk2w4ngj13k6m0000gn/T/swbuild.tmp.1MKAHc3s/Data.noindex/Test/aProject/build/Debug/TargetA.framework/Versions/A/Modules/TargetA.swiftmodule/Project/x86_64-apple-macos.swiftsourceinfo", "/private/var/folders/xr/m5_5rlsd6l9fk2w4ngj13k6m0000gn/T/swbuild.tmp.1MKAHc3s/Data.noindex/Test/aProject/build/aProject.build/Debug/TargetA.build/Objects-normal/x86_64/TargetA.swiftsourceinfo"]),
  	Task(forTarget: TargetA, ruleInfo: ["Copy", "/private/var/folders/xr/m5_5rlsd6l9fk2w4ngj13k6m0000gn/T/swbuild.tmp.1MKAHc3s/Data.noindex/Test/aProject/build/Debug/TargetA.framework/Versions/A/Modules/TargetA.swiftmodule/x86_64-apple-macos.abi.json", "/private/var/folders/xr/m5_5rlsd6l9fk2w4ngj13k6m0000gn/T/swbuild.tmp.1MKAHc3s/Data.noindex/Test/aProject/build/aProject.build/Debug/TargetA.build/Objects-normal/x86_64/TargetA.abi.json"]),
  	Task(forTarget: TargetA, ruleInfo: ["Copy", "/private/var/folders/xr/m5_5rlsd6l9fk2w4ngj13k6m0000gn/T/swbuild.tmp.1MKAHc3s/Data.noindex/Test/aProject/build/Debug/TargetA.framework/Versions/A/Modules/TargetA.swiftmodule/x86_64-apple-macos.swiftdoc", "/private/var/folders/xr/m5_5rlsd6l9fk2w4ngj13k6m0000gn/T/swbuild.tmp.1MKAHc3s/Data.noindex/Test/aProject/build/aProject.build/Debug/TargetA.build/Objects-normal/x86_64/TargetA.swiftdoc"]),
  	Task(forTarget: TargetA, ruleInfo: ["Copy", "/private/var/folders/xr/m5_5rlsd6l9fk2w4ngj13k6m0000gn/T/swbuild.tmp.1MKAHc3s/Data.noindex/Test/aProject/build/Debug/TargetA.framework/Versions/A/Modules/TargetA.swiftmodule/x86_64-apple-macos.swiftmodule", "/private/var/folders/xr/m5_5rlsd6l9fk2w4ngj13k6m0000gn/T/swbuild.tmp.1MKAHc3s/Data.noindex/Test/aProject/build/aProject.build/Debug/TargetA.build/Objects-normal/x86_64/TargetA.swiftmodule"]),
  	Task(forTarget: TargetA, ruleInfo: ["ExtractAppIntentsMetadata"]),
  	Task(forTarget: TargetA, ruleInfo: ["Gate", "target-TargetA-T-TargetA-20851--begin-compiling"]),
  	Task(forTarget: TargetA, ruleInfo: ["Gate", "target-TargetA-T-TargetA-20851--begin-linking"]),
  	Task(forTarget: TargetA, ruleInfo: ["Gate", "target-TargetA-T-TargetA-20851--begin-scanning"]),
  	Task(forTarget: TargetA, ruleInfo: ["Gate", "target-TargetA-T-TargetA-20851--end"]),
  	Task(forTarget: TargetA, ruleInfo: ["Gate", "target-TargetA-T-TargetA-20851--entry"]),
  	Task(forTarget: TargetA, ruleInfo: ["Gate", "target-TargetA-T-TargetA-20851--immediate"]),
  	Task(forTarget: TargetA, ruleInfo: ["Gate", "target-TargetA-T-TargetA-20851--linker-inputs-ready"]),
  	Task(forTarget: TargetA, ruleInfo: ["Gate", "target-TargetA-T-TargetA-20851--modules-ready"]),
  	Task(forTarget: TargetA, ruleInfo: ["Gate", "target-TargetA-T-TargetA-20851--unsigned-product-ready"]),
  	Task(forTarget: TargetA, ruleInfo: ["Gate", "target-TargetA-T-TargetA-20851--will-sign"]),
  	Task(forTarget: TargetA, ruleInfo: ["GenerateTAPI", "/private/var/folders/xr/m5_5rlsd6l9fk2w4ngj13k6m0000gn/T/swbuild.tmp.1MKAHc3s/Data.noindex/Test/aProject/build/EagerLinkingTBDs/Debug/TargetA.framework/Versions/A/TargetA.tbd"]),
  	Task(forTarget: TargetA, ruleInfo: ["Ld", "/private/var/folders/xr/m5_5rlsd6l9fk2w4ngj13k6m0000gn/T/swbuild.tmp.1MKAHc3s/Data.noindex/Test/aProject/build/Debug/TargetA.framework/Versions/A/TargetA", "normal"]),
  	Task(forTarget: TargetA, ruleInfo: ["MkDir", "/private/var/folders/xr/m5_5rlsd6l9fk2w4ngj13k6m0000gn/T/swbuild.tmp.1MKAHc3s/Data.noindex/Test/aProject/build/Debug/TargetA.framework"]),
  	Task(forTarget: TargetA, ruleInfo: ["MkDir", "/private/var/folders/xr/m5_5rlsd6l9fk2w4ngj13k6m0000gn/T/swbuild.tmp.1MKAHc3s/Data.noindex/Test/aProject/build/Debug/TargetA.framework/Versions"]),
  	Task(forTarget: TargetA, ruleInfo: ["MkDir", "/private/var/folders/xr/m5_5rlsd6l9fk2w4ngj13k6m0000gn/T/swbuild.tmp.1MKAHc3s/Data.noindex/Test/aProject/build/Debug/TargetA.framework/Versions/A"]),
  	Task(forTarget: TargetA, ruleInfo: ["MkDir", "/private/var/folders/xr/m5_5rlsd6l9fk2w4ngj13k6m0000gn/T/swbuild.tmp.1MKAHc3s/Data.noindex/Test/aProject/build/Debug/TargetA.framework/Versions/A/Headers"]),
  	Task(forTarget: TargetA, ruleInfo: ["RegisterExecutionPolicyException", "/private/var/folders/xr/m5_5rlsd6l9fk2w4ngj13k6m0000gn/T/swbuild.tmp.1MKAHc3s/Data.noindex/Test/aProject/build/Debug/TargetA.framework"]),
  	Task(forTarget: TargetA, ruleInfo: ["SwiftCompile", "normal", "x86_64", "Compiling file1.swift", "/private/var/folders/xr/m5_5rlsd6l9fk2w4ngj13k6m0000gn/T/swbuild.tmp.1MKAHc3s/Data.noindex/Test/aProject/Sources/file1.swift"]),
  	Task(forTarget: TargetA, ruleInfo: ["SwiftCompile", "normal", "x86_64", "Compiling file2.swift", "/private/var/folders/xr/m5_5rlsd6l9fk2w4ngj13k6m0000gn/T/swbuild.tmp.1MKAHc3s/Data.noindex/Test/aProject/Sources/file2.swift"]),
  	Task(forTarget: TargetA, ruleInfo: ["SwiftDriver", "TargetA", "normal", "x86_64", "com.apple.xcode.tools.swift.compiler"]),
  	Task(forTarget: TargetA, ruleInfo: ["SwiftDriver Compilation", "TargetA", "normal", "x86_64", "com.apple.xcode.tools.swift.compiler"]),
  	Task(forTarget: TargetA, ruleInfo: ["SwiftDriver Compilation Requirements", "TargetA", "normal", "x86_64", "com.apple.xcode.tools.swift.compiler"]),
  	Task(forTarget: TargetA, ruleInfo: ["SwiftEmitModule", "normal", "x86_64", "Emitting module for TargetA"]),
  	Task(forTarget: TargetA, ruleInfo: ["SwiftMergeGeneratedHeaders", "/private/var/folders/xr/m5_5rlsd6l9fk2w4ngj13k6m0000gn/T/swbuild.tmp.1MKAHc3s/Data.noindex/Test/aProject/build/Debug/TargetA.framework/Versions/A/Headers/TargetA-Swift.h", "/private/var/folders/xr/m5_5rlsd6l9fk2w4ngj13k6m0000gn/T/swbuild.tmp.1MKAHc3s/Data.noindex/Test/aProject/build/aProject.build/Debug/TargetA.build/Objects-normal/x86_64/TargetA-Swift.h"]),
  	Task(forTarget: TargetA, ruleInfo: ["SymLink", "/private/var/folders/xr/m5_5rlsd6l9fk2w4ngj13k6m0000gn/T/swbuild.tmp.1MKAHc3s/Data.noindex/Test/aProject/build/Debug/TargetA.framework/Headers", "Versions/Current/Headers"]),
  	Task(forTarget: TargetA, ruleInfo: ["SymLink", "/private/var/folders/xr/m5_5rlsd6l9fk2w4ngj13k6m0000gn/T/swbuild.tmp.1MKAHc3s/Data.noindex/Test/aProject/build/Debug/TargetA.framework/Modules", "Versions/Current/Modules"]),
  	Task(forTarget: TargetA, ruleInfo: ["SymLink", "/private/var/folders/xr/m5_5rlsd6l9fk2w4ngj13k6m0000gn/T/swbuild.tmp.1MKAHc3s/Data.noindex/Test/aProject/build/Debug/TargetA.framework/TargetA", "Versions/Current/TargetA"]),
  	Task(forTarget: TargetA, ruleInfo: ["SymLink", "/private/var/folders/xr/m5_5rlsd6l9fk2w4ngj13k6m0000gn/T/swbuild.tmp.1MKAHc3s/Data.noindex/Test/aProject/build/Debug/TargetA.framework/Versions/Current", "A"]),
  	Task(forTarget: TargetA, ruleInfo: ["SymLink", "/private/var/folders/xr/m5_5rlsd6l9fk2w4ngj13k6m0000gn/T/swbuild.tmp.1MKAHc3s/Data.noindex/Test/aProject/build/EagerLinkingTBDs/Debug/TargetA.framework/TargetA.tbd", "/private/var/folders/xr/m5_5rlsd6l9fk2w4ngj13k6m0000gn/T/swbuild.tmp.1MKAHc3s/Data.noindex/Test/aProject/build/EagerLinkingTBDs/Debug/TargetA.framework/Versions/A/TargetA.tbd"]),
  	Task(forTarget: TargetA, ruleInfo: ["Touch", "/private/var/folders/xr/m5_5rlsd6l9fk2w4ngj13k6m0000gn/T/swbuild.tmp.1MKAHc3s/Data.noindex/Test/aProject/build/Debug/TargetA.framework"]),
  	Task(forTarget: TargetA, ruleInfo: ["WriteAuxiliaryFile", "/private/var/folders/xr/m5_5rlsd6l9fk2w4ngj13k6m0000gn/T/swbuild.tmp.1MKAHc3s/Data.noindex/Test/aProject/build/aProject.build/Debug/TargetA.build/Objects-normal/x86_64/TargetA-OutputFileMap.json"]),
  	Task(forTarget: TargetA, ruleInfo: ["WriteAuxiliaryFile", "/private/var/folders/xr/m5_5rlsd6l9fk2w4ngj13k6m0000gn/T/swbuild.tmp.1MKAHc3s/Data.noindex/Test/aProject/build/aProject.build/Debug/TargetA.build/Objects-normal/x86_64/TargetA.LinkFileList"]),
  	Task(forTarget: TargetA, ruleInfo: ["WriteAuxiliaryFile", "/private/var/folders/xr/m5_5rlsd6l9fk2w4ngj13k6m0000gn/T/swbuild.tmp.1MKAHc3s/Data.noindex/Test/aProject/build/aProject.build/Debug/TargetA.build/Objects-normal/x86_64/TargetA.SwiftConstValuesFileList"]),
  	Task(forTarget: TargetA, ruleInfo: ["WriteAuxiliaryFile", "/private/var/folders/xr/m5_5rlsd6l9fk2w4ngj13k6m0000gn/T/swbuild.tmp.1MKAHc3s/Data.noindex/Test/aProject/build/aProject.build/Debug/TargetA.build/Objects-normal/x86_64/TargetA.SwiftFileList"]),
  	Task(forTarget: TargetA, ruleInfo: ["WriteAuxiliaryFile", "/private/var/folders/xr/m5_5rlsd6l9fk2w4ngj13k6m0000gn/T/swbuild.tmp.1MKAHc3s/Data.noindex/Test/aProject/build/aProject.build/Debug/TargetA.build/Objects-normal/x86_64/TargetA_const_extract_protocols.json"]),
  	Task(forTarget: TargetA, ruleInfo: ["WriteAuxiliaryFile", "/private/var/folders/xr/m5_5rlsd6l9fk2w4ngj13k6m0000gn/T/swbuild.tmp.1MKAHc3s/Data.noindex/Test/aProject/build/aProject.build/Debug/TargetA.build/TargetA-all-non-framework-target-headers.hmap"]),
  	Task(forTarget: TargetA, ruleInfo: ["WriteAuxiliaryFile", "/private/var/folders/xr/m5_5rlsd6l9fk2w4ngj13k6m0000gn/T/swbuild.tmp.1MKAHc3s/Data.noindex/Test/aProject/build/aProject.build/Debug/TargetA.build/TargetA-all-target-headers.hmap"]),
  	Task(forTarget: TargetA, ruleInfo: ["WriteAuxiliaryFile", "/private/var/folders/xr/m5_5rlsd6l9fk2w4ngj13k6m0000gn/T/swbuild.tmp.1MKAHc3s/Data.noindex/Test/aProject/build/aProject.build/Debug/TargetA.build/TargetA-generated-files.hmap"]),
  	Task(forTarget: TargetA, ruleInfo: ["WriteAuxiliaryFile", "/private/var/folders/xr/m5_5rlsd6l9fk2w4ngj13k6m0000gn/T/swbuild.tmp.1MKAHc3s/Data.noindex/Test/aProject/build/aProject.build/Debug/TargetA.build/TargetA-own-target-headers.hmap"]),
  	Task(forTarget: TargetA, ruleInfo: ["WriteAuxiliaryFile", "/private/var/folders/xr/m5_5rlsd6l9fk2w4ngj13k6m0000gn/T/swbuild.tmp.1MKAHc3s/Data.noindex/Test/aProject/build/aProject.build/Debug/TargetA.build/TargetA-project-headers.hmap"]),
  	Task(forTarget: TargetA, ruleInfo: ["WriteAuxiliaryFile", "/private/var/folders/xr/m5_5rlsd6l9fk2w4ngj13k6m0000gn/T/swbuild.tmp.1MKAHc3s/Data.noindex/Test/aProject/build/aProject.build/Debug/TargetA.build/TargetA.DependencyMetadataFileList"]),
  	Task(forTarget: TargetA, ruleInfo: ["WriteAuxiliaryFile", "/private/var/folders/xr/m5_5rlsd6l9fk2w4ngj13k6m0000gn/T/swbuild.tmp.1MKAHc3s/Data.noindex/Test/aProject/build/aProject.build/Debug/TargetA.build/TargetA.DependencyStaticMetadataFileList"]),
  	Task(forTarget: TargetA, ruleInfo: ["WriteAuxiliaryFile", "/private/var/folders/xr/m5_5rlsd6l9fk2w4ngj13k6m0000gn/T/swbuild.tmp.1MKAHc3s/Data.noindex/Test/aProject/build/aProject.build/Debug/TargetA.build/TargetA.hmap"]),
  	Task(forTarget: TargetB, ruleInfo: ["Copy", "/private/var/folders/xr/m5_5rlsd6l9fk2w4ngj13k6m0000gn/T/swbuild.tmp.1MKAHc3s/Data.noindex/Test/bProject/build/Debug/TargetB.framework/Versions/A/Modules/TargetB.swiftmodule/Project/x86_64-apple-macos.swiftsourceinfo", "/private/var/folders/xr/m5_5rlsd6l9fk2w4ngj13k6m0000gn/T/swbuild.tmp.1MKAHc3s/Data.noindex/Test/bProject/build/bProject.build/Debug/TargetB.build/Objects-normal/x86_64/TargetB.swiftsourceinfo"]),
  	Task(forTarget: TargetB, ruleInfo: ["Copy", "/private/var/folders/xr/m5_5rlsd6l9fk2w4ngj13k6m0000gn/T/swbuild.tmp.1MKAHc3s/Data.noindex/Test/bProject/build/Debug/TargetB.framework/Versions/A/Modules/TargetB.swiftmodule/x86_64-apple-macos.abi.json", "/private/var/folders/xr/m5_5rlsd6l9fk2w4ngj13k6m0000gn/T/swbuild.tmp.1MKAHc3s/Data.noindex/Test/bProject/build/bProject.build/Debug/TargetB.build/Objects-normal/x86_64/TargetB.abi.json"]),
  	Task(forTarget: TargetB, ruleInfo: ["Copy", "/private/var/folders/xr/m5_5rlsd6l9fk2w4ngj13k6m0000gn/T/swbuild.tmp.1MKAHc3s/Data.noindex/Test/bProject/build/Debug/TargetB.framework/Versions/A/Modules/TargetB.swiftmodule/x86_64-apple-macos.swiftdoc", "/private/var/folders/xr/m5_5rlsd6l9fk2w4ngj13k6m0000gn/T/swbuild.tmp.1MKAHc3s/Data.noindex/Test/bProject/build/bProject.build/Debug/TargetB.build/Objects-normal/x86_64/TargetB.swiftdoc"]),
  	Task(forTarget: TargetB, ruleInfo: ["Copy", "/private/var/folders/xr/m5_5rlsd6l9fk2w4ngj13k6m0000gn/T/swbuild.tmp.1MKAHc3s/Data.noindex/Test/bProject/build/Debug/TargetB.framework/Versions/A/Modules/TargetB.swiftmodule/x86_64-apple-macos.swiftmodule", "/private/var/folders/xr/m5_5rlsd6l9fk2w4ngj13k6m0000gn/T/swbuild.tmp.1MKAHc3s/Data.noindex/Test/bProject/build/bProject.build/Debug/TargetB.build/Objects-normal/x86_64/TargetB.swiftmodule"]),
  	Task(forTarget: TargetB, ruleInfo: ["ExtractAppIntentsMetadata"]),
  	Task(forTarget: TargetB, ruleInfo: ["Gate", "target-TargetB-T-TargetB-29512--begin-compiling"]),
  	Task(forTarget: TargetB, ruleInfo: ["Gate", "target-TargetB-T-TargetB-29512--begin-linking"]),
  	Task(forTarget: TargetB, ruleInfo: ["Gate", "target-TargetB-T-TargetB-29512--begin-scanning"]),
  	Task(forTarget: TargetB, ruleInfo: ["Gate", "target-TargetB-T-TargetB-29512--end"]),
  	Task(forTarget: TargetB, ruleInfo: ["Gate", "target-TargetB-T-TargetB-29512--entry"]),
  	Task(forTarget: TargetB, ruleInfo: ["Gate", "target-TargetB-T-TargetB-29512--immediate"]),
  	Task(forTarget: TargetB, ruleInfo: ["Gate", "target-TargetB-T-TargetB-29512--linker-inputs-ready"]),
  	Task(forTarget: TargetB, ruleInfo: ["Gate", "target-TargetB-T-TargetB-29512--modules-ready"]),
  	Task(forTarget: TargetB, ruleInfo: ["Gate", "target-TargetB-T-TargetB-29512--unsigned-product-ready"]),
  	Task(forTarget: TargetB, ruleInfo: ["Gate", "target-TargetB-T-TargetB-29512--will-sign"]),
  	Task(forTarget: TargetB, ruleInfo: ["GenerateTAPI", "/private/var/folders/xr/m5_5rlsd6l9fk2w4ngj13k6m0000gn/T/swbuild.tmp.1MKAHc3s/Data.noindex/Test/bProject/build/EagerLinkingTBDs/Debug/TargetB.framework/Versions/A/TargetB.tbd"]),
  	Task(forTarget: TargetB, ruleInfo: ["Ld", "/private/var/folders/xr/m5_5rlsd6l9fk2w4ngj13k6m0000gn/T/swbuild.tmp.1MKAHc3s/Data.noindex/Test/bProject/build/Debug/TargetB.framework/Versions/A/TargetB", "normal"]),
  	Task(forTarget: TargetB, ruleInfo: ["MkDir", "/private/var/folders/xr/m5_5rlsd6l9fk2w4ngj13k6m0000gn/T/swbuild.tmp.1MKAHc3s/Data.noindex/Test/bProject/build/Debug/TargetB.framework"]),
  	Task(forTarget: TargetB, ruleInfo: ["MkDir", "/private/var/folders/xr/m5_5rlsd6l9fk2w4ngj13k6m0000gn/T/swbuild.tmp.1MKAHc3s/Data.noindex/Test/bProject/build/Debug/TargetB.framework/Versions"]),
  	Task(forTarget: TargetB, ruleInfo: ["MkDir", "/private/var/folders/xr/m5_5rlsd6l9fk2w4ngj13k6m0000gn/T/swbuild.tmp.1MKAHc3s/Data.noindex/Test/bProject/build/Debug/TargetB.framework/Versions/A"]),
  	Task(forTarget: TargetB, ruleInfo: ["MkDir", "/private/var/folders/xr/m5_5rlsd6l9fk2w4ngj13k6m0000gn/T/swbuild.tmp.1MKAHc3s/Data.noindex/Test/bProject/build/Debug/TargetB.framework/Versions/A/Headers"]),
  	Task(forTarget: TargetB, ruleInfo: ["RegisterExecutionPolicyException", "/private/var/folders/xr/m5_5rlsd6l9fk2w4ngj13k6m0000gn/T/swbuild.tmp.1MKAHc3s/Data.noindex/Test/bProject/build/Debug/TargetB.framework"]),
  	Task(forTarget: TargetB, ruleInfo: ["SwiftCompile", "normal", "x86_64", "Compiling file3.swift", "/private/var/folders/xr/m5_5rlsd6l9fk2w4ngj13k6m0000gn/T/swbuild.tmp.1MKAHc3s/Data.noindex/Test/bProject/Sources/file3.swift"]),
  	Task(forTarget: TargetB, ruleInfo: ["SwiftCompile", "normal", "x86_64", "Compiling file4.swift", "/private/var/folders/xr/m5_5rlsd6l9fk2w4ngj13k6m0000gn/T/swbuild.tmp.1MKAHc3s/Data.noindex/Test/bProject/Sources/file4.swift"]),
  	Task(forTarget: TargetB, ruleInfo: ["SwiftDriver", "TargetB", "normal", "x86_64", "com.apple.xcode.tools.swift.compiler"]),
  	Task(forTarget: TargetB, ruleInfo: ["SwiftDriver Compilation", "TargetB", "normal", "x86_64", "com.apple.xcode.tools.swift.compiler"]),
  	Task(forTarget: TargetB, ruleInfo: ["SwiftDriver Compilation Requirements", "TargetB", "normal", "x86_64", "com.apple.xcode.tools.swift.compiler"]),
  	Task(forTarget: TargetB, ruleInfo: ["SwiftEmitModule", "normal", "x86_64", "Emitting module for TargetB"]),
  	Task(forTarget: TargetB, ruleInfo: ["SwiftMergeGeneratedHeaders", "/private/var/folders/xr/m5_5rlsd6l9fk2w4ngj13k6m0000gn/T/swbuild.tmp.1MKAHc3s/Data.noindex/Test/bProject/build/Debug/TargetB.framework/Versions/A/Headers/TargetB-Swift.h", "/private/var/folders/xr/m5_5rlsd6l9fk2w4ngj13k6m0000gn/T/swbuild.tmp.1MKAHc3s/Data.noindex/Test/bProject/build/bProject.build/Debug/TargetB.build/Objects-normal/x86_64/TargetB-Swift.h"]),
  	Task(forTarget: TargetB, ruleInfo: ["SymLink", "/private/var/folders/xr/m5_5rlsd6l9fk2w4ngj13k6m0000gn/T/swbuild.tmp.1MKAHc3s/Data.noindex/Test/bProject/build/Debug/TargetB.framework/Headers", "Versions/Current/Headers"]),
  	Task(forTarget: TargetB, ruleInfo: ["SymLink", "/private/var/folders/xr/m5_5rlsd6l9fk2w4ngj13k6m0000gn/T/swbuild.tmp.1MKAHc3s/Data.noindex/Test/bProject/build/Debug/TargetB.framework/Modules", "Versions/Current/Modules"]),
  	Task(forTarget: TargetB, ruleInfo: ["SymLink", "/private/var/folders/xr/m5_5rlsd6l9fk2w4ngj13k6m0000gn/T/swbuild.tmp.1MKAHc3s/Data.noindex/Test/bProject/build/Debug/TargetB.framework/TargetB", "Versions/Current/TargetB"]),
  	Task(forTarget: TargetB, ruleInfo: ["SymLink", "/private/var/folders/xr/m5_5rlsd6l9fk2w4ngj13k6m0000gn/T/swbuild.tmp.1MKAHc3s/Data.noindex/Test/bProject/build/Debug/TargetB.framework/Versions/Current", "A"]),
  	Task(forTarget: TargetB, ruleInfo: ["SymLink", "/private/var/folders/xr/m5_5rlsd6l9fk2w4ngj13k6m0000gn/T/swbuild.tmp.1MKAHc3s/Data.noindex/Test/bProject/build/EagerLinkingTBDs/Debug/TargetB.framework/TargetB.tbd", "/private/var/folders/xr/m5_5rlsd6l9fk2w4ngj13k6m0000gn/T/swbuild.tmp.1MKAHc3s/Data.noindex/Test/bProject/build/EagerLinkingTBDs/Debug/TargetB.framework/Versions/A/TargetB.tbd"]),
  	Task(forTarget: TargetB, ruleInfo: ["Touch", "/private/var/folders/xr/m5_5rlsd6l9fk2w4ngj13k6m0000gn/T/swbuild.tmp.1MKAHc3s/Data.noindex/Test/bProject/build/Debug/TargetB.framework"]),
  	Task(forTarget: TargetB, ruleInfo: ["WriteAuxiliaryFile", "/private/var/folders/xr/m5_5rlsd6l9fk2w4ngj13k6m0000gn/T/swbuild.tmp.1MKAHc3s/Data.noindex/Test/bProject/build/bProject.build/Debug/TargetB.build/Objects-normal/x86_64/TargetB-OutputFileMap.json"]),
  	Task(forTarget: TargetB, ruleInfo: ["WriteAuxiliaryFile", "/private/var/folders/xr/m5_5rlsd6l9fk2w4ngj13k6m0000gn/T/swbuild.tmp.1MKAHc3s/Data.noindex/Test/bProject/build/bProject.build/Debug/TargetB.build/Objects-normal/x86_64/TargetB.LinkFileList"]),
  	Task(forTarget: TargetB, ruleInfo: ["WriteAuxiliaryFile", "/private/var/folders/xr/m5_5rlsd6l9fk2w4ngj13k6m0000gn/T/swbuild.tmp.1MKAHc3s/Data.noindex/Test/bProject/build/bProject.build/Debug/TargetB.build/Objects-normal/x86_64/TargetB.SwiftConstValuesFileList"]),
  	Task(forTarget: TargetB, ruleInfo: ["WriteAuxiliaryFile", "/private/var/folders/xr/m5_5rlsd6l9fk2w4ngj13k6m0000gn/T/swbuild.tmp.1MKAHc3s/Data.noindex/Test/bProject/build/bProject.build/Debug/TargetB.build/Objects-normal/x86_64/TargetB.SwiftFileList"]),
  	Task(forTarget: TargetB, ruleInfo: ["WriteAuxiliaryFile", "/private/var/folders/xr/m5_5rlsd6l9fk2w4ngj13k6m0000gn/T/swbuild.tmp.1MKAHc3s/Data.noindex/Test/bProject/build/bProject.build/Debug/TargetB.build/Objects-normal/x86_64/TargetB_const_extract_protocols.json"]),
  	Task(forTarget: TargetB, ruleInfo: ["WriteAuxiliaryFile", "/private/var/folders/xr/m5_5rlsd6l9fk2w4ngj13k6m0000gn/T/swbuild.tmp.1MKAHc3s/Data.noindex/Test/bProject/build/bProject.build/Debug/TargetB.build/TargetB-all-non-framework-target-headers.hmap"]),
  	Task(forTarget: TargetB, ruleInfo: ["WriteAuxiliaryFile", "/private/var/folders/xr/m5_5rlsd6l9fk2w4ngj13k6m0000gn/T/swbuild.tmp.1MKAHc3s/Data.noindex/Test/bProject/build/bProject.build/Debug/TargetB.build/TargetB-all-target-headers.hmap"]),
  	Task(forTarget: TargetB, ruleInfo: ["WriteAuxiliaryFile", "/private/var/folders/xr/m5_5rlsd6l9fk2w4ngj13k6m0000gn/T/swbuild.tmp.1MKAHc3s/Data.noindex/Test/bProject/build/bProject.build/Debug/TargetB.build/TargetB-generated-files.hmap"]),
  	Task(forTarget: TargetB, ruleInfo: ["WriteAuxiliaryFile", "/private/var/folders/xr/m5_5rlsd6l9fk2w4ngj13k6m0000gn/T/swbuild.tmp.1MKAHc3s/Data.noindex/Test/bProject/build/bProject.build/Debug/TargetB.build/TargetB-own-target-headers.hmap"]),
  	Task(forTarget: TargetB, ruleInfo: ["WriteAuxiliaryFile", "/private/var/folders/xr/m5_5rlsd6l9fk2w4ngj13k6m0000gn/T/swbuild.tmp.1MKAHc3s/Data.noindex/Test/bProject/build/bProject.build/Debug/TargetB.build/TargetB-project-headers.hmap"]),
  	Task(forTarget: TargetB, ruleInfo: ["WriteAuxiliaryFile", "/private/var/folders/xr/m5_5rlsd6l9fk2w4ngj13k6m0000gn/T/swbuild.tmp.1MKAHc3s/Data.noindex/Test/bProject/build/bProject.build/Debug/TargetB.build/TargetB.DependencyMetadataFileList"]),
  	Task(forTarget: TargetB, ruleInfo: ["WriteAuxiliaryFile", "/private/var/folders/xr/m5_5rlsd6l9fk2w4ngj13k6m0000gn/T/swbuild.tmp.1MKAHc3s/Data.noindex/Test/bProject/build/bProject.build/Debug/TargetB.build/TargetB.DependencyStaticMetadataFileList"]),
  	Task(forTarget: TargetB, ruleInfo: ["WriteAuxiliaryFile", "/private/var/folders/xr/m5_5rlsd6l9fk2w4ngj13k6m0000gn/T/swbuild.tmp.1MKAHc3s/Data.noindex/Test/bProject/build/bProject.build/Debug/TargetB.build/TargetB.hmap"]),
  	Task(forTarget: <none>, ruleInfo: ["ClangStatCache", "/Applications/Xcode17E.app/Contents/Developer/Toolchains/XcodeDefault.xctoolchain/usr/bin/clang-stat-cache", "/Applications/Xcode17E.app/Contents/Developer/Platforms/MacOSX.platform/Developer/SDKs/MacOSX26.4.sdk", "/private/var/folders/xr/m5_5rlsd6l9fk2w4ngj13k6m0000gn/T/swbuild.tmp.1MKAHc3s/Data.noindex/Test/SDKStatCaches.noindex/macosx26.4-25E260-95aa6cf8f3effd57bda17e0c125410c0.sdkstatcache"]),
  	Task(forTarget: <none>, ruleInfo: ["CreateBuildDirectory", "/private/var/folders/xr/m5_5rlsd6l9fk2w4ngj13k6m0000gn/T/swbuild.tmp.1MKAHc3s/Data.noindex/Test/aProject/build"]),
  	Task(forTarget: <none>, ruleInfo: ["CreateBuildDirectory", "/private/var/folders/xr/m5_5rlsd6l9fk2w4ngj13k6m0000gn/T/swbuild.tmp.1MKAHc3s/Data.noindex/Test/aProject/build/Debug"]),
  	Task(forTarget: <none>, ruleInfo: ["CreateBuildDirectory", "/private/var/folders/xr/m5_5rlsd6l9fk2w4ngj13k6m0000gn/T/swbuild.tmp.1MKAHc3s/Data.noindex/Test/aProject/build/EagerLinkingTBDs/Debug"]),
  	Task(forTarget: <none>, ruleInfo: ["CreateBuildDirectory", "/private/var/folders/xr/m5_5rlsd6l9fk2w4ngj13k6m0000gn/T/swbuild.tmp.1MKAHc3s/Data.noindex/Test/aProject/build/ExplicitPrecompiledModules"]),
  	Task(forTarget: <none>, ruleInfo: ["CreateBuildDirectory", "/private/var/folders/xr/m5_5rlsd6l9fk2w4ngj13k6m0000gn/T/swbuild.tmp.1MKAHc3s/Data.noindex/Test/aProject/build/SharedPrecompiledHeaders"]),
  	Task(forTarget: <none>, ruleInfo: ["CreateBuildDirectory", "/private/var/folders/xr/m5_5rlsd6l9fk2w4ngj13k6m0000gn/T/swbuild.tmp.1MKAHc3s/Data.noindex/Test/aProject/build/SwiftExplicitPrecompiledModules"]),
  	Task(forTarget: <none>, ruleInfo: ["CreateBuildDirectory", "/private/var/folders/xr/m5_5rlsd6l9fk2w4ngj13k6m0000gn/T/swbuild.tmp.1MKAHc3s/Data.noindex/Test/bProject/build"]),
  	Task(forTarget: <none>, ruleInfo: ["CreateBuildDirectory", "/private/var/folders/xr/m5_5rlsd6l9fk2w4ngj13k6m0000gn/T/swbuild.tmp.1MKAHc3s/Data.noindex/Test/bProject/build/Debug"]),
  	Task(forTarget: <none>, ruleInfo: ["CreateBuildDirectory", "/private/var/folders/xr/m5_5rlsd6l9fk2w4ngj13k6m0000gn/T/swbuild.tmp.1MKAHc3s/Data.noindex/Test/bProject/build/EagerLinkingTBDs/Debug"]),
  	Task(forTarget: <none>, ruleInfo: ["CreateBuildDirectory", "/private/var/folders/xr/m5_5rlsd6l9fk2w4ngj13k6m0000gn/T/swbuild.tmp.1MKAHc3s/Data.noindex/Test/bProject/build/ExplicitPrecompiledModules"]),
  	Task(forTarget: <none>, ruleInfo: ["CreateBuildDirectory", "/private/var/folders/xr/m5_5rlsd6l9fk2w4ngj13k6m0000gn/T/swbuild.tmp.1MKAHc3s/Data.noindex/Test/bProject/build/SharedPrecompiledHeaders"]),
  	Task(forTarget: <none>, ruleInfo: ["CreateBuildDirectory", "/private/var/folders/xr/m5_5rlsd6l9fk2w4ngj13k6m0000gn/T/swbuild.tmp.1MKAHc3s/Data.noindex/Test/bProject/build/SwiftExplicitPrecompiledModules"]),
  	Task(forTarget: <none>, ruleInfo: ["CreateBuildDirectory", "/var/folders/xr/m5_5rlsd6l9fk2w4ngj13k6m0000gn/C/com.apple.DeveloperTools/26.4.1-17E202/Xcode/CompilationCache.noindex"]),
  	Task(forTarget: <none>, ruleInfo: ["Gate", "WorkspaceHeaderMapVFSFilesWritten"]),
  	Task(forTarget: <none>, ruleInfo: ["Gate", "target-TargetA-T-TargetA-20851--AppExtensionInfoPlistGeneratorTaskProducer"]),
  	Task(forTarget: <none>, ruleInfo: ["Gate", "target-TargetA-T-TargetA-20851--AppIntentsMetadataTaskProducer"]),
  	Task(forTarget: <none>, ruleInfo: ["Gate", "target-TargetA-T-TargetA-20851--Barrier-ChangeAlternatePermissions"]),
  	Task(forTarget: <none>, ruleInfo: ["Gate", "target-TargetA-T-TargetA-20851--Barrier-ChangePermissions"]),
  	Task(forTarget: <none>, ruleInfo: ["Gate", "target-TargetA-T-TargetA-20851--Barrier-CodeSign"]),
  	Task(forTarget: <none>, ruleInfo: ["Gate", "target-TargetA-T-TargetA-20851--Barrier-CopyAside"]),
  	Task(forTarget: <none>, ruleInfo: ["Gate", "target-TargetA-T-TargetA-20851--Barrier-GenerateStubAPI"]),
  	Task(forTarget: <none>, ruleInfo: ["Gate", "target-TargetA-T-TargetA-20851--Barrier-RegisterExecutionPolicyException"]),
  	Task(forTarget: <none>, ruleInfo: ["Gate", "target-TargetA-T-TargetA-20851--Barrier-RegisterProduct"]),
  	Task(forTarget: <none>, ruleInfo: ["Gate", "target-TargetA-T-TargetA-20851--Barrier-StripSymbols"]),
  	Task(forTarget: <none>, ruleInfo: ["Gate", "target-TargetA-T-TargetA-20851--Barrier-Validate"]),
  	Task(forTarget: <none>, ruleInfo: ["Gate", "target-TargetA-T-TargetA-20851--CopySwiftPackageResourcesTaskProducer"]),
  	Task(forTarget: <none>, ruleInfo: ["Gate", "target-TargetA-T-TargetA-20851--CustomTaskProducer"]),
  	Task(forTarget: <none>, ruleInfo: ["Gate", "target-TargetA-T-TargetA-20851--DocumentationTaskProducer"]),
  	Task(forTarget: <none>, ruleInfo: ["Gate", "target-TargetA-T-TargetA-20851--ExtensionPointExtractorTaskProducer"]),
  	Task(forTarget: <none>, ruleInfo: ["Gate", "target-TargetA-T-TargetA-20851--GenerateAppPlaygroundAssetCatalogTaskProducer"]),
  	Task(forTarget: <none>, ruleInfo: ["Gate", "target-TargetA-T-TargetA-20851--GeneratedFilesTaskProducer"]),
  	Task(forTarget: <none>, ruleInfo: ["Gate", "target-TargetA-T-TargetA-20851--HeadermapTaskProducer"]),
  	Task(forTarget: <none>, ruleInfo: ["Gate", "target-TargetA-T-TargetA-20851--InfoPlistTaskProducer"]),
  	Task(forTarget: <none>, ruleInfo: ["Gate", "target-TargetA-T-TargetA-20851--ModuleMapTaskProducer"]),
  	Task(forTarget: <none>, ruleInfo: ["Gate", "target-TargetA-T-TargetA-20851--ModuleVerifierTaskProducer"]),
  	Task(forTarget: <none>, ruleInfo: ["Gate", "target-TargetA-T-TargetA-20851--ProductPostprocessingTaskProducer"]),
  	Task(forTarget: <none>, ruleInfo: ["Gate", "target-TargetA-T-TargetA-20851--ProductStructureTaskProducer"]),
  	Task(forTarget: <none>, ruleInfo: ["Gate", "target-TargetA-T-TargetA-20851--RealityAssetsTaskProducer"]),
  	Task(forTarget: <none>, ruleInfo: ["Gate", "target-TargetA-T-TargetA-20851--SanitizerTaskProducer"]),
  	Task(forTarget: <none>, ruleInfo: ["Gate", "target-TargetA-T-TargetA-20851--StubBinaryTaskProducer"]),
  	Task(forTarget: <none>, ruleInfo: ["Gate", "target-TargetA-T-TargetA-20851--SwiftABIBaselineGenerationTaskProducer"]),
  	Task(forTarget: <none>, ruleInfo: ["Gate", "target-TargetA-T-TargetA-20851--SwiftFrameworkABICheckerTaskProducer"]),
  	Task(forTarget: <none>, ruleInfo: ["Gate", "target-TargetA-T-TargetA-20851--SwiftPackageCopyFilesTaskProducer"]),
  	Task(forTarget: <none>, ruleInfo: ["Gate", "target-TargetA-T-TargetA-20851--SwiftStandardLibrariesTaskProducer"]),
  	Task(forTarget: <none>, ruleInfo: ["Gate", "target-TargetA-T-TargetA-20851--TAPISymbolExtractorTaskProducer"]),
  	Task(forTarget: <none>, ruleInfo: ["Gate", "target-TargetA-T-TargetA-20851--TestEntryPointTaskProducerFactory"]),
  	Task(forTarget: <none>, ruleInfo: ["Gate", "target-TargetA-T-TargetA-20851--TestHostTaskProducer"]),
  	Task(forTarget: <none>, ruleInfo: ["Gate", "target-TargetA-T-TargetA-20851--TestTargetPostprocessingTaskProducer"]),
  	Task(forTarget: <none>, ruleInfo: ["Gate", "target-TargetA-T-TargetA-20851--TestTargetTaskProducer"]),
  	Task(forTarget: <none>, ruleInfo: ["Gate", "target-TargetA-T-TargetA-20851--copy-headers-completion"]),
  	Task(forTarget: <none>, ruleInfo: ["Gate", "target-TargetA-T-TargetA-20851--fused-phase0-compile-sources"]),
  	Task(forTarget: <none>, ruleInfo: ["Gate", "target-TargetA-T-TargetA-20851--generated-headers"]),
  	Task(forTarget: <none>, ruleInfo: ["Gate", "target-TargetA-T-TargetA-20851--swift-generated-headers"]),
  	Task(forTarget: <none>, ruleInfo: ["Gate", "target-TargetB-T-TargetB-29512--AppExtensionInfoPlistGeneratorTaskProducer"]),
  	Task(forTarget: <none>, ruleInfo: ["Gate", "target-TargetB-T-TargetB-29512--AppIntentsMetadataTaskProducer"]),
  	Task(forTarget: <none>, ruleInfo: ["Gate", "target-TargetB-T-TargetB-29512--Barrier-ChangeAlternatePermissions"]),
  	Task(forTarget: <none>, ruleInfo: ["Gate", "target-TargetB-T-TargetB-29512--Barrier-ChangePermissions"]),
  	Task(forTarget: <none>, ruleInfo: ["Gate", "target-TargetB-T-TargetB-29512--Barrier-CodeSign"]),
  	Task(forTarget: <none>, ruleInfo: ["Gate", "target-TargetB-T-TargetB-29512--Barrier-CopyAside"]),
  	Task(forTarget: <none>, ruleInfo: ["Gate", "target-TargetB-T-TargetB-29512--Barrier-GenerateStubAPI"]),
  	Task(forTarget: <none>, ruleInfo: ["Gate", "target-TargetB-T-TargetB-29512--Barrier-RegisterExecutionPolicyException"]),
  	Task(forTarget: <none>, ruleInfo: ["Gate", "target-TargetB-T-TargetB-29512--Barrier-RegisterProduct"]),
  	Task(forTarget: <none>, ruleInfo: ["Gate", "target-TargetB-T-TargetB-29512--Barrier-StripSymbols"]),
  	Task(forTarget: <none>, ruleInfo: ["Gate", "target-TargetB-T-TargetB-29512--Barrier-Validate"]),
  	Task(forTarget: <none>, ruleInfo: ["Gate", "target-TargetB-T-TargetB-29512--CopySwiftPackageResourcesTaskProducer"]),
  	Task(forTarget: <none>, ruleInfo: ["Gate", "target-TargetB-T-TargetB-29512--CustomTaskProducer"]),
  	Task(forTarget: <none>, ruleInfo: ["Gate", "target-TargetB-T-TargetB-29512--DocumentationTaskProducer"]),
  	Task(forTarget: <none>, ruleInfo: ["Gate", "target-TargetB-T-TargetB-29512--ExtensionPointExtractorTaskProducer"]),
  	Task(forTarget: <none>, ruleInfo: ["Gate", "target-TargetB-T-TargetB-29512--GenerateAppPlaygroundAssetCatalogTaskProducer"]),
  	Task(forTarget: <none>, ruleInfo: ["Gate", "target-TargetB-T-TargetB-29512--GeneratedFilesTaskProducer"]),
  	Task(forTarget: <none>, ruleInfo: ["Gate", "target-TargetB-T-TargetB-29512--HeadermapTaskProducer"]),
  	Task(forTarget: <none>, ruleInfo: ["Gate", "target-TargetB-T-TargetB-29512--InfoPlistTaskProducer"]),
  	Task(forTarget: <none>, ruleInfo: ["Gate", "target-TargetB-T-TargetB-29512--ModuleMapTaskProducer"]),
  	Task(forTarget: <none>, ruleInfo: ["Gate", "target-TargetB-T-TargetB-29512--ModuleVerifierTaskProducer"]),
  	Task(forTarget: <none>, ruleInfo: ["Gate", "target-TargetB-T-TargetB-29512--ProductPostprocessingTaskProducer"]),
  	Task(forTarget: <none>, ruleInfo: ["Gate", "target-TargetB-T-TargetB-29512--ProductStructureTaskProducer"]),
  	Task(forTarget: <none>, ruleInfo: ["Gate", "target-TargetB-T-TargetB-29512--RealityAssetsTaskProducer"]),
  	Task(forTarget: <none>, ruleInfo: ["Gate", "target-TargetB-T-TargetB-29512--SanitizerTaskProducer"]),
  	Task(forTarget: <none>, ruleInfo: ["Gate", "target-TargetB-T-TargetB-29512--StubBinaryTaskProducer"]),
  	Task(forTarget: <none>, ruleInfo: ["Gate", "target-TargetB-T-TargetB-29512--SwiftABIBaselineGenerationTaskProducer"]),
  	Task(forTarget: <none>, ruleInfo: ["Gate", "target-TargetB-T-TargetB-29512--SwiftFrameworkABICheckerTaskProducer"]),
  	Task(forTarget: <none>, ruleInfo: ["Gate", "target-TargetB-T-TargetB-29512--SwiftPackageCopyFilesTaskProducer"]),
  	Task(forTarget: <none>, ruleInfo: ["Gate", "target-TargetB-T-TargetB-29512--SwiftStandardLibrariesTaskProducer"]),
  	Task(forTarget: <none>, ruleInfo: ["Gate", "target-TargetB-T-TargetB-29512--TAPISymbolExtractorTaskProducer"]),
  	Task(forTarget: <none>, ruleInfo: ["Gate", "target-TargetB-T-TargetB-29512--TestEntryPointTaskProducerFactory"]),
  	Task(forTarget: <none>, ruleInfo: ["Gate", "target-TargetB-T-TargetB-29512--TestHostTaskProducer"]),
  	Task(forTarget: <none>, ruleInfo: ["Gate", "target-TargetB-T-TargetB-29512--TestTargetPostprocessingTaskProducer"]),
  	Task(forTarget: <none>, ruleInfo: ["Gate", "target-TargetB-T-TargetB-29512--TestTargetTaskProducer"]),
  	Task(forTarget: <none>, ruleInfo: ["Gate", "target-TargetB-T-TargetB-29512--copy-headers-completion"]),
  	Task(forTarget: <none>, ruleInfo: ["Gate", "target-TargetB-T-TargetB-29512--fused-phase0-compile-sources&link-binary"]),
  	Task(forTarget: <none>, ruleInfo: ["Gate", "target-TargetB-T-TargetB-29512--generated-headers"]),
  	Task(forTarget: <none>, ruleInfo: ["Gate", "target-TargetB-T-TargetB-29512--swift-generated-headers"]),
  	Task(forTarget: <none>, ruleInfo: ["SwiftExplicitDependencyCompileModuleFromInterface", "x86_64", "/private/var/folders/xr/m5_5rlsd6l9fk2w4ngj13k6m0000gn/T/swbuild.tmp.1MKAHc3s/Data.noindex/Test/aProject/build/SwiftExplicitPrecompiledModules/Swift-26Y8ZZGXD7LG6.swiftmodule"]),
  	Task(forTarget: <none>, ruleInfo: ["SwiftExplicitDependencyCompileModuleFromInterface", "x86_64", "/private/var/folders/xr/m5_5rlsd6l9fk2w4ngj13k6m0000gn/T/swbuild.tmp.1MKAHc3s/Data.noindex/Test/aProject/build/SwiftExplicitPrecompiledModules/_Concurrency-237ST542ST3YY.swiftmodule"]),
  	Task(forTarget: <none>, ruleInfo: ["SwiftExplicitDependencyCompileModuleFromInterface", "x86_64", "/private/var/folders/xr/m5_5rlsd6l9fk2w4ngj13k6m0000gn/T/swbuild.tmp.1MKAHc3s/Data.noindex/Test/aProject/build/SwiftExplicitPrecompiledModules/_StringProcessing-J08VCSKJGF4H.swiftmodule"]),
  	Task(forTarget: <none>, ruleInfo: ["SwiftExplicitDependencyCompileModuleFromInterface", "x86_64", "/private/var/folders/xr/m5_5rlsd6l9fk2w4ngj13k6m0000gn/T/swbuild.tmp.1MKAHc3s/Data.noindex/Test/bProject/build/SwiftExplicitPrecompiledModules/Swift-26Y8ZZGXD7LG6.swiftmodule"]),
  	Task(forTarget: <none>, ruleInfo: ["SwiftExplicitDependencyCompileModuleFromInterface", "x86_64", "/private/var/folders/xr/m5_5rlsd6l9fk2w4ngj13k6m0000gn/T/swbuild.tmp.1MKAHc3s/Data.noindex/Test/bProject/build/SwiftExplicitPrecompiledModules/_Concurrency-237ST542ST3YY.swiftmodule"]),
  	Task(forTarget: <none>, ruleInfo: ["SwiftExplicitDependencyCompileModuleFromInterface", "x86_64", "/private/var/folders/xr/m5_5rlsd6l9fk2w4ngj13k6m0000gn/T/swbuild.tmp.1MKAHc3s/Data.noindex/Test/bProject/build/SwiftExplicitPrecompiledModules/_StringProcessing-J08VCSKJGF4H.swiftmodule"]),
  	Task(forTarget: <none>, ruleInfo: ["SwiftExplicitDependencyGeneratePcm", "x86_64", "/private/var/folders/xr/m5_5rlsd6l9fk2w4ngj13k6m0000gn/T/swbuild.tmp.1MKAHc3s/Data.noindex/Test/aProject/build/SwiftExplicitPrecompiledModules/SwiftShims-73P0BUP0PJH23YNM6YTPQGI1F.pcm"]),
  	Task(forTarget: <none>, ruleInfo: ["SwiftExplicitDependencyGeneratePcm", "x86_64", "/private/var/folders/xr/m5_5rlsd6l9fk2w4ngj13k6m0000gn/T/swbuild.tmp.1MKAHc3s/Data.noindex/Test/aProject/build/SwiftExplicitPrecompiledModules/_SwiftConcurrencyShims-IYVT9SACWIGLXNDAYRFEUH50.pcm"]),
  	Task(forTarget: <none>, ruleInfo: ["SwiftExplicitDependencyGeneratePcm", "x86_64", "/private/var/folders/xr/m5_5rlsd6l9fk2w4ngj13k6m0000gn/T/swbuild.tmp.1MKAHc3s/Data.noindex/Test/bProject/build/SwiftExplicitPrecompiledModules/SwiftShims-73P0BUP0PJH23YNM6YTPQGI1F.pcm"]),
  	Task(forTarget: <none>, ruleInfo: ["SwiftExplicitDependencyGeneratePcm", "x86_64", "/private/var/folders/xr/m5_5rlsd6l9fk2w4ngj13k6m0000gn/T/swbuild.tmp.1MKAHc3s/Data.noindex/Test/bProject/build/SwiftExplicitPrecompiledModules/_SwiftConcurrencyShims-IYVT9SACWIGLXNDAYRFEUH50.pcm"]),
  	Task(forTarget: <none>, ruleInfo: ["WriteAuxiliaryFile", "/private/var/folders/xr/m5_5rlsd6l9fk2w4ngj13k6m0000gn/T/swbuild.tmp.1MKAHc3s/Data.noindex/Test/aProject/build/aProject.build/Debug/aProject-P20852-VFS/all-product-headers.yaml"]),
  	Task(forTarget: <none>, ruleInfo: ["WriteAuxiliaryFile", "/private/var/folders/xr/m5_5rlsd6l9fk2w4ngj13k6m0000gn/T/swbuild.tmp.1MKAHc3s/Data.noindex/Test/bProject/build/bProject.build/Debug/bProject-P29513-VFS/all-product-headers.yaml"])'
↳ Occasionally fails in CI due to SwiftExplicitDependencyCompileModuleFromInterface missing from the dependency graph
⎙ Attached 'Build Transcript.txt' to explicitBuildWithMultipleProjects(arch:).
⎙ Attached 'Build Description.txt' to explicitBuildWithMultipleProjects(arch:).
━ Test explicitBuildWithMultipleProjects(arch:) recorded a known issue with 1 argument arch → "arm64" at SwiftDriverTests.swift:1434:34: Issue recorded
↳ unable to find any task matching conditions '[Rule matches [SWBTestSupport.StringPattern.equal("SwiftExplicitDependencyGeneratePcm"), SWBTestSupport.StringPattern.equal("normal"), SWBTestSupport.StringPattern.equal("arm64"), SWBTestSupport.StringPattern.contains("SwiftShims")], CommandLineArguments contains SwiftShims, CommandLineArguments match contains("aProject/build/SwiftExplicitPrecompiledModules/SwiftShims")]', among tasks: 'Task(forTarget: TargetA, ruleInfo: ["Copy", "/private/var/folders/xr/m5_5rlsd6l9fk2w4ngj13k6m0000gn/T/swbuild.tmp.p2K35VBX/Data.noindex/Test/aProject/build/Debug/TargetA.framework/Versions/A/Modules/TargetA.swiftmodule/Project/arm64-apple-macos.swiftsourceinfo", "/private/var/folders/xr/m5_5rlsd6l9fk2w4ngj13k6m0000gn/T/swbuild.tmp.p2K35VBX/Data.noindex/Test/aProject/build/aProject.build/Debug/TargetA.build/Objects-normal/arm64/TargetA.swiftsourceinfo"]),
  	Task(forTarget: TargetA, ruleInfo: ["Copy", "/private/var/folders/xr/m5_5rlsd6l9fk2w4ngj13k6m0000gn/T/swbuild.tmp.p2K35VBX/Data.noindex/Test/aProject/build/Debug/TargetA.framework/Versions/A/Modules/TargetA.swiftmodule/arm64-apple-macos.abi.json", "/private/var/folders/xr/m5_5rlsd6l9fk2w4ngj13k6m0000gn/T/swbuild.tmp.p2K35VBX/Data.noindex/Test/aProject/build/aProject.build/Debug/TargetA.build/Objects-normal/arm64/TargetA.abi.json"]),
  	Task(forTarget: TargetA, ruleInfo: ["Copy", "/private/var/folders/xr/m5_5rlsd6l9fk2w4ngj13k6m0000gn/T/swbuild.tmp.p2K35VBX/Data.noindex/Test/aProject/build/Debug/TargetA.framework/Versions/A/Modules/TargetA.swiftmodule/arm64-apple-macos.swiftdoc", "/private/var/folders/xr/m5_5rlsd6l9fk2w4ngj13k6m0000gn/T/swbuild.tmp.p2K35VBX/Data.noindex/Test/aProject/build/aProject.build/Debug/TargetA.build/Objects-normal/arm64/TargetA.swiftdoc"]),
  	Task(forTarget: TargetA, ruleInfo: ["Copy", "/private/var/folders/xr/m5_5rlsd6l9fk2w4ngj13k6m0000gn/T/swbuild.tmp.p2K35VBX/Data.noindex/Test/aProject/build/Debug/TargetA.framework/Versions/A/Modules/TargetA.swiftmodule/arm64-apple-macos.swiftmodule", "/private/var/folders/xr/m5_5rlsd6l9fk2w4ngj13k6m0000gn/T/swbuild.tmp.p2K35VBX/Data.noindex/Test/aProject/build/aProject.build/Debug/TargetA.build/Objects-normal/arm64/TargetA.swiftmodule"]),
  	Task(forTarget: TargetA, ruleInfo: ["ExtractAppIntentsMetadata"]),
  	Task(forTarget: TargetA, ruleInfo: ["Gate", "target-TargetA-T-TargetA-20766--begin-compiling"]),
  	Task(forTarget: TargetA, ruleInfo: ["Gate", "target-TargetA-T-TargetA-20766--begin-linking"]),
  	Task(forTarget: TargetA, ruleInfo: ["Gate", "target-TargetA-T-TargetA-20766--begin-scanning"]),
  	Task(forTarget: TargetA, ruleInfo: ["Gate", "target-TargetA-T-TargetA-20766--end"]),
  	Task(forTarget: TargetA, ruleInfo: ["Gate", "target-TargetA-T-TargetA-20766--entry"]),
  	Task(forTarget: TargetA, ruleInfo: ["Gate", "target-TargetA-T-TargetA-20766--immediate"]),
  	Task(forTarget: TargetA, ruleInfo: ["Gate", "target-TargetA-T-TargetA-20766--linker-inputs-ready"]),
  	Task(forTarget: TargetA, ruleInfo: ["Gate", "target-TargetA-T-TargetA-20766--modules-ready"]),
  	Task(forTarget: TargetA, ruleInfo: ["Gate", "target-TargetA-T-TargetA-20766--unsigned-product-ready"]),
  	Task(forTarget: TargetA, ruleInfo: ["Gate", "target-TargetA-T-TargetA-20766--will-sign"]),
  	Task(forTarget: TargetA, ruleInfo: ["GenerateTAPI", "/private/var/folders/xr/m5_5rlsd6l9fk2w4ngj13k6m0000gn/T/swbuild.tmp.p2K35VBX/Data.noindex/Test/aProject/build/EagerLinkingTBDs/Debug/TargetA.framework/Versions/A/TargetA.tbd"]),
  	Task(forTarget: TargetA, ruleInfo: ["Ld", "/private/var/folders/xr/m5_5rlsd6l9fk2w4ngj13k6m0000gn/T/swbuild.tmp.p2K35VBX/Data.noindex/Test/aProject/build/Debug/TargetA.framework/Versions/A/TargetA", "normal"]),
  	Task(forTarget: TargetA, ruleInfo: ["MkDir", "/private/var/folders/xr/m5_5rlsd6l9fk2w4ngj13k6m0000gn/T/swbuild.tmp.p2K35VBX/Data.noindex/Test/aProject/build/Debug/TargetA.framework"]),
  	Task(forTarget: TargetA, ruleInfo: ["MkDir", "/private/var/folders/xr/m5_5rlsd6l9fk2w4ngj13k6m0000gn/T/swbuild.tmp.p2K35VBX/Data.noindex/Test/aProject/build/Debug/TargetA.framework/Versions"]),
  	Task(forTarget: TargetA, ruleInfo: ["MkDir", "/private/var/folders/xr/m5_5rlsd6l9fk2w4ngj13k6m0000gn/T/swbuild.tmp.p2K35VBX/Data.noindex/Test/aProject/build/Debug/TargetA.framework/Versions/A"]),
  	Task(forTarget: TargetA, ruleInfo: ["MkDir", "/private/var/folders/xr/m5_5rlsd6l9fk2w4ngj13k6m0000gn/T/swbuild.tmp.p2K35VBX/Data.noindex/Test/aProject/build/Debug/TargetA.framework/Versions/A/Headers"]),
  	Task(forTarget: TargetA, ruleInfo: ["RegisterExecutionPolicyException", "/private/var/folders/xr/m5_5rlsd6l9fk2w4ngj13k6m0000gn/T/swbuild.tmp.p2K35VBX/Data.noindex/Test/aProject/build/Debug/TargetA.framework"]),
  	Task(forTarget: TargetA, ruleInfo: ["SwiftCompile", "normal", "arm64", "Compiling file1.swift", "/private/var/folders/xr/m5_5rlsd6l9fk2w4ngj13k6m0000gn/T/swbuild.tmp.p2K35VBX/Data.noindex/Test/aProject/Sources/file1.swift"]),
  	Task(forTarget: TargetA, ruleInfo: ["SwiftCompile", "normal", "arm64", "Compiling file2.swift", "/private/var/folders/xr/m5_5rlsd6l9fk2w4ngj13k6m0000gn/T/swbuild.tmp.p2K35VBX/Data.noindex/Test/aProject/Sources/file2.swift"]),
  	Task(forTarget: TargetA, ruleInfo: ["SwiftDriver", "TargetA", "normal", "arm64", "com.apple.xcode.tools.swift.compiler"]),
  	Task(forTarget: TargetA, ruleInfo: ["SwiftDriver Compilation", "TargetA", "normal", "arm64", "com.apple.xcode.tools.swift.compiler"]),
  	Task(forTarget: TargetA, ruleInfo: ["SwiftDriver Compilation Requirements", "TargetA", "normal", "arm64", "com.apple.xcode.tools.swift.compiler"]),
  	Task(forTarget: TargetA, ruleInfo: ["SwiftEmitModule", "normal", "arm64", "Emitting module for TargetA"]),
  	Task(forTarget: TargetA, ruleInfo: ["SwiftMergeGeneratedHeaders", "/private/var/folders/xr/m5_5rlsd6l9fk2w4ngj13k6m0000gn/T/swbuild.tmp.p2K35VBX/Data.noindex/Test/aProject/build/Debug/TargetA.framework/Versions/A/Headers/TargetA-Swift.h", "/private/var/folders/xr/m5_5rlsd6l9fk2w4ngj13k6m0000gn/T/swbuild.tmp.p2K35VBX/Data.noindex/Test/aProject/build/aProject.build/Debug/TargetA.build/Objects-normal/arm64/TargetA-Swift.h"]),
  	Task(forTarget: TargetA, ruleInfo: ["SymLink", "/private/var/folders/xr/m5_5rlsd6l9fk2w4ngj13k6m0000gn/T/swbuild.tmp.p2K35VBX/Data.noindex/Test/aProject/build/Debug/TargetA.framework/Headers", "Versions/Current/Headers"]),
  	Task(forTarget: TargetA, ruleInfo: ["SymLink", "/private/var/folders/xr/m5_5rlsd6l9fk2w4ngj13k6m0000gn/T/swbuild.tmp.p2K35VBX/Data.noindex/Test/aProject/build/Debug/TargetA.framework/Modules", "Versions/Current/Modules"]),
  	Task(forTarget: TargetA, ruleInfo: ["SymLink", "/private/var/folders/xr/m5_5rlsd6l9fk2w4ngj13k6m0000gn/T/swbuild.tmp.p2K35VBX/Data.noindex/Test/aProject/build/Debug/TargetA.framework/TargetA", "Versions/Current/TargetA"]),
  	Task(forTarget: TargetA, ruleInfo: ["SymLink", "/private/var/folders/xr/m5_5rlsd6l9fk2w4ngj13k6m0000gn/T/swbuild.tmp.p2K35VBX/Data.noindex/Test/aProject/build/Debug/TargetA.framework/Versions/Current", "A"]),
  	Task(forTarget: TargetA, ruleInfo: ["SymLink", "/private/var/folders/xr/m5_5rlsd6l9fk2w4ngj13k6m0000gn/T/swbuild.tmp.p2K35VBX/Data.noindex/Test/aProject/build/EagerLinkingTBDs/Debug/TargetA.framework/TargetA.tbd", "/private/var/folders/xr/m5_5rlsd6l9fk2w4ngj13k6m0000gn/T/swbuild.tmp.p2K35VBX/Data.noindex/Test/aProject/build/EagerLinkingTBDs/Debug/TargetA.framework/Versions/A/TargetA.tbd"]),
  	Task(forTarget: TargetA, ruleInfo: ["Touch", "/private/var/folders/xr/m5_5rlsd6l9fk2w4ngj13k6m0000gn/T/swbuild.tmp.p2K35VBX/Data.noindex/Test/aProject/build/Debug/TargetA.framework"]),
  	Task(forTarget: TargetA, ruleInfo: ["WriteAuxiliaryFile", "/private/var/folders/xr/m5_5rlsd6l9fk2w4ngj13k6m0000gn/T/swbuild.tmp.p2K35VBX/Data.noindex/Test/aProject/build/aProject.build/Debug/TargetA.build/Objects-normal/arm64/TargetA-OutputFileMap.json"]),
  	Task(forTarget: TargetA, ruleInfo: ["WriteAuxiliaryFile", "/private/var/folders/xr/m5_5rlsd6l9fk2w4ngj13k6m0000gn/T/swbuild.tmp.p2K35VBX/Data.noindex/Test/aProject/build/aProject.build/Debug/TargetA.build/Objects-normal/arm64/TargetA.LinkFileList"]),
  	Task(forTarget: TargetA, ruleInfo: ["WriteAuxiliaryFile", "/private/var/folders/xr/m5_5rlsd6l9fk2w4ngj13k6m0000gn/T/swbuild.tmp.p2K35VBX/Data.noindex/Test/aProject/build/aProject.build/Debug/TargetA.build/Objects-normal/arm64/TargetA.SwiftConstValuesFileList"]),
  	Task(forTarget: TargetA, ruleInfo: ["WriteAuxiliaryFile", "/private/var/folders/xr/m5_5rlsd6l9fk2w4ngj13k6m0000gn/T/swbuild.tmp.p2K35VBX/Data.noindex/Test/aProject/build/aProject.build/Debug/TargetA.build/Objects-normal/arm64/TargetA.SwiftFileList"]),
  	Task(forTarget: TargetA, ruleInfo: ["WriteAuxiliaryFile", "/private/var/folders/xr/m5_5rlsd6l9fk2w4ngj13k6m0000gn/T/swbuild.tmp.p2K35VBX/Data.noindex/Test/aProject/build/aProject.build/Debug/TargetA.build/Objects-normal/arm64/TargetA_const_extract_protocols.json"]),
  	Task(forTarget: TargetA, ruleInfo: ["WriteAuxiliaryFile", "/private/var/folders/xr/m5_5rlsd6l9fk2w4ngj13k6m0000gn/T/swbuild.tmp.p2K35VBX/Data.noindex/Test/aProject/build/aProject.build/Debug/TargetA.build/TargetA-all-non-framework-target-headers.hmap"]),
  	Task(forTarget: TargetA, ruleInfo: ["WriteAuxiliaryFile", "/private/var/folders/xr/m5_5rlsd6l9fk2w4ngj13k6m0000gn/T/swbuild.tmp.p2K35VBX/Data.noindex/Test/aProject/build/aProject.build/Debug/TargetA.build/TargetA-all-target-headers.hmap"]),
  	Task(forTarget: TargetA, ruleInfo: ["WriteAuxiliaryFile", "/private/var/folders/xr/m5_5rlsd6l9fk2w4ngj13k6m0000gn/T/swbuild.tmp.p2K35VBX/Data.noindex/Test/aProject/build/aProject.build/Debug/TargetA.build/TargetA-generated-files.hmap"]),
  	Task(forTarget: TargetA, ruleInfo: ["WriteAuxiliaryFile", "/private/var/folders/xr/m5_5rlsd6l9fk2w4ngj13k6m0000gn/T/swbuild.tmp.p2K35VBX/Data.noindex/Test/aProject/build/aProject.build/Debug/TargetA.build/TargetA-own-target-headers.hmap"]),
  	Task(forTarget: TargetA, ruleInfo: ["WriteAuxiliaryFile", "/private/var/folders/xr/m5_5rlsd6l9fk2w4ngj13k6m0000gn/T/swbuild.tmp.p2K35VBX/Data.noindex/Test/aProject/build/aProject.build/Debug/TargetA.build/TargetA-project-headers.hmap"]),
  	Task(forTarget: TargetA, ruleInfo: ["WriteAuxiliaryFile", "/private/var/folders/xr/m5_5rlsd6l9fk2w4ngj13k6m0000gn/T/swbuild.tmp.p2K35VBX/Data.noindex/Test/aProject/build/aProject.build/Debug/TargetA.build/TargetA.DependencyMetadataFileList"]),
  	Task(forTarget: TargetA, ruleInfo: ["WriteAuxiliaryFile", "/private/var/folders/xr/m5_5rlsd6l9fk2w4ngj13k6m0000gn/T/swbuild.tmp.p2K35VBX/Data.noindex/Test/aProject/build/aProject.build/Debug/TargetA.build/TargetA.DependencyStaticMetadataFileList"]),
  	Task(forTarget: TargetA, ruleInfo: ["WriteAuxiliaryFile", "/private/var/folders/xr/m5_5rlsd6l9fk2w4ngj13k6m0000gn/T/swbuild.tmp.p2K35VBX/Data.noindex/Test/aProject/build/aProject.build/Debug/TargetA.build/TargetA.hmap"]),
  	Task(forTarget: TargetB, ruleInfo: ["Copy", "/private/var/folders/xr/m5_5rlsd6l9fk2w4ngj13k6m0000gn/T/swbuild.tmp.p2K35VBX/Data.noindex/Test/bProject/build/Debug/TargetB.framework/Versions/A/Modules/TargetB.swiftmodule/Project/arm64-apple-macos.swiftsourceinfo", "/private/var/folders/xr/m5_5rlsd6l9fk2w4ngj13k6m0000gn/T/swbuild.tmp.p2K35VBX/Data.noindex/Test/bProject/build/bProject.build/Debug/TargetB.build/Objects-normal/arm64/TargetB.swiftsourceinfo"]),
  	Task(forTarget: TargetB, ruleInfo: ["Copy", "/private/var/folders/xr/m5_5rlsd6l9fk2w4ngj13k6m0000gn/T/swbuild.tmp.p2K35VBX/Data.noindex/Test/bProject/build/Debug/TargetB.framework/Versions/A/Modules/TargetB.swiftmodule/arm64-apple-macos.abi.json", "/private/var/folders/xr/m5_5rlsd6l9fk2w4ngj13k6m0000gn/T/swbuild.tmp.p2K35VBX/Data.noindex/Test/bProject/build/bProject.build/Debug/TargetB.build/Objects-normal/arm64/TargetB.abi.json"]),
  	Task(forTarget: TargetB, ruleInfo: ["Copy", "/private/var/folders/xr/m5_5rlsd6l9fk2w4ngj13k6m0000gn/T/swbuild.tmp.p2K35VBX/Data.noindex/Test/bProject/build/Debug/TargetB.framework/Versions/A/Modules/TargetB.swiftmodule/arm64-apple-macos.swiftdoc", "/private/var/folders/xr/m5_5rlsd6l9fk2w4ngj13k6m0000gn/T/swbuild.tmp.p2K35VBX/Data.noindex/Test/bProject/build/bProject.build/Debug/TargetB.build/Objects-normal/arm64/TargetB.swiftdoc"]),
  	Task(forTarget: TargetB, ruleInfo: ["Copy", "/private/var/folders/xr/m5_5rlsd6l9fk2w4ngj13k6m0000gn/T/swbuild.tmp.p2K35VBX/Data.noindex/Test/bProject/build/Debug/TargetB.framework/Versions/A/Modules/TargetB.swiftmodule/arm64-apple-macos.swiftmodule", "/private/var/folders/xr/m5_5rlsd6l9fk2w4ngj13k6m0000gn/T/swbuild.tmp.p2K35VBX/Data.noindex/Test/bProject/build/bProject.build/Debug/TargetB.build/Objects-normal/arm64/TargetB.swiftmodule"]),
  	Task(forTarget: TargetB, ruleInfo: ["ExtractAppIntentsMetadata"]),
  	Task(forTarget: TargetB, ruleInfo: ["Gate", "target-TargetB-T-TargetB-29606--begin-compiling"]),
  	Task(forTarget: TargetB, ruleInfo: ["Gate", "target-TargetB-T-TargetB-29606--begin-linking"]),
  	Task(forTarget: TargetB, ruleInfo: ["Gate", "target-TargetB-T-TargetB-29606--begin-scanning"]),
  	Task(forTarget: TargetB, ruleInfo: ["Gate", "target-TargetB-T-TargetB-29606--end"]),
  	Task(forTarget: TargetB, ruleInfo: ["Gate", "target-TargetB-T-TargetB-29606--entry"]),
  	Task(forTarget: TargetB, ruleInfo: ["Gate", "target-TargetB-T-TargetB-29606--immediate"]),
  	Task(forTarget: TargetB, ruleInfo: ["Gate", "target-TargetB-T-TargetB-29606--linker-inputs-ready"]),
  	Task(forTarget: TargetB, ruleInfo: ["Gate", "target-TargetB-T-TargetB-29606--modules-ready"]),
  	Task(forTarget: TargetB, ruleInfo: ["Gate", "target-TargetB-T-TargetB-29606--unsigned-product-ready"]),
  	Task(forTarget: TargetB, ruleInfo: ["Gate", "target-TargetB-T-TargetB-29606--will-sign"]),
  	Task(forTarget: TargetB, ruleInfo: ["GenerateTAPI", "/private/var/folders/xr/m5_5rlsd6l9fk2w4ngj13k6m0000gn/T/swbuild.tmp.p2K35VBX/Data.noindex/Test/bProject/build/EagerLinkingTBDs/Debug/TargetB.framework/Versions/A/TargetB.tbd"]),
  	Task(forTarget: TargetB, ruleInfo: ["Ld", "/private/var/folders/xr/m5_5rlsd6l9fk2w4ngj13k6m0000gn/T/swbuild.tmp.p2K35VBX/Data.noindex/Test/bProject/build/Debug/TargetB.framework/Versions/A/TargetB", "normal"]),
  	Task(forTarget: TargetB, ruleInfo: ["MkDir", "/private/var/folders/xr/m5_5rlsd6l9fk2w4ngj13k6m0000gn/T/swbuild.tmp.p2K35VBX/Data.noindex/Test/bProject/build/Debug/TargetB.framework"]),
  	Task(forTarget: TargetB, ruleInfo: ["MkDir", "/private/var/folders/xr/m5_5rlsd6l9fk2w4ngj13k6m0000gn/T/swbuild.tmp.p2K35VBX/Data.noindex/Test/bProject/build/Debug/TargetB.framework/Versions"]),
  	Task(forTarget: TargetB, ruleInfo: ["MkDir", "/private/var/folders/xr/m5_5rlsd6l9fk2w4ngj13k6m0000gn/T/swbuild.tmp.p2K35VBX/Data.noindex/Test/bProject/build/Debug/TargetB.framework/Versions/A"]),
  	Task(forTarget: TargetB, ruleInfo: ["MkDir", "/private/var/folders/xr/m5_5rlsd6l9fk2w4ngj13k6m0000gn/T/swbuild.tmp.p2K35VBX/Data.noindex/Test/bProject/build/Debug/TargetB.framework/Versions/A/Headers"]),
  	Task(forTarget: TargetB, ruleInfo: ["RegisterExecutionPolicyException", "/private/var/folders/xr/m5_5rlsd6l9fk2w4ngj13k6m0000gn/T/swbuild.tmp.p2K35VBX/Data.noindex/Test/bProject/build/Debug/TargetB.framework"]),
  	Task(forTarget: TargetB, ruleInfo: ["SwiftCompile", "normal", "arm64", "Compiling file3.swift", "/private/var/folders/xr/m5_5rlsd6l9fk2w4ngj13k6m0000gn/T/swbuild.tmp.p2K35VBX/Data.noindex/Test/bProject/Sources/file3.swift"]),
  	Task(forTarget: TargetB, ruleInfo: ["SwiftCompile", "normal", "arm64", "Compiling file4.swift", "/private/var/folders/xr/m5_5rlsd6l9fk2w4ngj13k6m0000gn/T/swbuild.tmp.p2K35VBX/Data.noindex/Test/bProject/Sources/file4.swift"]),
  	Task(forTarget: TargetB, ruleInfo: ["SwiftDriver", "TargetB", "normal", "arm64", "com.apple.xcode.tools.swift.compiler"]),
  	Task(forTarget: TargetB, ruleInfo: ["SwiftDriver Compilation", "TargetB", "normal", "arm64", "com.apple.xcode.tools.swift.compiler"]),
  	Task(forTarget: TargetB, ruleInfo: ["SwiftDriver Compilation Requirements", "TargetB", "normal", "arm64", "com.apple.xcode.tools.swift.compiler"]),
  	Task(forTarget: TargetB, ruleInfo: ["SwiftEmitModule", "normal", "arm64", "Emitting module for TargetB"]),
  	Task(forTarget: TargetB, ruleInfo: ["SwiftMergeGeneratedHeaders", "/private/var/folders/xr/m5_5rlsd6l9fk2w4ngj13k6m0000gn/T/swbuild.tmp.p2K35VBX/Data.noindex/Test/bProject/build/Debug/TargetB.framework/Versions/A/Headers/TargetB-Swift.h", "/private/var/folders/xr/m5_5rlsd6l9fk2w4ngj13k6m0000gn/T/swbuild.tmp.p2K35VBX/Data.noindex/Test/bProject/build/bProject.build/Debug/TargetB.build/Objects-normal/arm64/TargetB-Swift.h"]),
  	Task(forTarget: TargetB, ruleInfo: ["SymLink", "/private/var/folders/xr/m5_5rlsd6l9fk2w4ngj13k6m0000gn/T/swbuild.tmp.p2K35VBX/Data.noindex/Test/bProject/build/Debug/TargetB.framework/Headers", "Versions/Current/Headers"]),
  	Task(forTarget: TargetB, ruleInfo: ["SymLink", "/private/var/folders/xr/m5_5rlsd6l9fk2w4ngj13k6m0000gn/T/swbuild.tmp.p2K35VBX/Data.noindex/Test/bProject/build/Debug/TargetB.framework/Modules", "Versions/Current/Modules"]),
  	Task(forTarget: TargetB, ruleInfo: ["SymLink", "/private/var/folders/xr/m5_5rlsd6l9fk2w4ngj13k6m0000gn/T/swbuild.tmp.p2K35VBX/Data.noindex/Test/bProject/build/Debug/TargetB.framework/TargetB", "Versions/Current/TargetB"]),
  	Task(forTarget: TargetB, ruleInfo: ["SymLink", "/private/var/folders/xr/m5_5rlsd6l9fk2w4ngj13k6m0000gn/T/swbuild.tmp.p2K35VBX/Data.noindex/Test/bProject/build/Debug/TargetB.framework/Versions/Current", "A"]),
  	Task(forTarget: TargetB, ruleInfo: ["SymLink", "/private/var/folders/xr/m5_5rlsd6l9fk2w4ngj13k6m0000gn/T/swbuild.tmp.p2K35VBX/Data.noindex/Test/bProject/build/EagerLinkingTBDs/Debug/TargetB.framework/TargetB.tbd", "/private/var/folders/xr/m5_5rlsd6l9fk2w4ngj13k6m0000gn/T/swbuild.tmp.p2K35VBX/Data.noindex/Test/bProject/build/EagerLinkingTBDs/Debug/TargetB.framework/Versions/A/TargetB.tbd"]),
  	Task(forTarget: TargetB, ruleInfo: ["Touch", "/private/var/folders/xr/m5_5rlsd6l9fk2w4ngj13k6m0000gn/T/swbuild.tmp.p2K35VBX/Data.noindex/Test/bProject/build/Debug/TargetB.framework"]),
  	Task(forTarget: TargetB, ruleInfo: ["WriteAuxiliaryFile", "/private/var/folders/xr/m5_5rlsd6l9fk2w4ngj13k6m0000gn/T/swbuild.tmp.p2K35VBX/Data.noindex/Test/bProject/build/bProject.build/Debug/TargetB.build/Objects-normal/arm64/TargetB-OutputFileMap.json"]),
  	Task(forTarget: TargetB, ruleInfo: ["WriteAuxiliaryFile", "/private/var/folders/xr/m5_5rlsd6l9fk2w4ngj13k6m0000gn/T/swbuild.tmp.p2K35VBX/Data.noindex/Test/bProject/build/bProject.build/Debug/TargetB.build/Objects-normal/arm64/TargetB.LinkFileList"]),
  	Task(forTarget: TargetB, ruleInfo: ["WriteAuxiliaryFile", "/private/var/folders/xr/m5_5rlsd6l9fk2w4ngj13k6m0000gn/T/swbuild.tmp.p2K35VBX/Data.noindex/Test/bProject/build/bProject.build/Debug/TargetB.build/Objects-normal/arm64/TargetB.SwiftConstValuesFileList"]),
  	Task(forTarget: TargetB, ruleInfo: ["WriteAuxiliaryFile", "/private/var/folders/xr/m5_5rlsd6l9fk2w4ngj13k6m0000gn/T/swbuild.tmp.p2K35VBX/Data.noindex/Test/bProject/build/bProject.build/Debug/TargetB.build/Objects-normal/arm64/TargetB.SwiftFileList"]),
  	Task(forTarget: TargetB, ruleInfo: ["WriteAuxiliaryFile", "/private/var/folders/xr/m5_5rlsd6l9fk2w4ngj13k6m0000gn/T/swbuild.tmp.p2K35VBX/Data.noindex/Test/bProject/build/bProject.build/Debug/TargetB.build/Objects-normal/arm64/TargetB_const_extract_protocols.json"]),
  	Task(forTarget: TargetB, ruleInfo: ["WriteAuxiliaryFile", "/private/var/folders/xr/m5_5rlsd6l9fk2w4ngj13k6m0000gn/T/swbuild.tmp.p2K35VBX/Data.noindex/Test/bProject/build/bProject.build/Debug/TargetB.build/TargetB-all-non-framework-target-headers.hmap"]),
  	Task(forTarget: TargetB, ruleInfo: ["WriteAuxiliaryFile", "/private/var/folders/xr/m5_5rlsd6l9fk2w4ngj13k6m0000gn/T/swbuild.tmp.p2K35VBX/Data.noindex/Test/bProject/build/bProject.build/Debug/TargetB.build/TargetB-all-target-headers.hmap"]),
  	Task(forTarget: TargetB, ruleInfo: ["WriteAuxiliaryFile", "/private/var/folders/xr/m5_5rlsd6l9fk2w4ngj13k6m0000gn/T/swbuild.tmp.p2K35VBX/Data.noindex/Test/bProject/build/bProject.build/Debug/TargetB.build/TargetB-generated-files.hmap"]),
  	Task(forTarget: TargetB, ruleInfo: ["WriteAuxiliaryFile", "/private/var/folders/xr/m5_5rlsd6l9fk2w4ngj13k6m0000gn/T/swbuild.tmp.p2K35VBX/Data.noindex/Test/bProject/build/bProject.build/Debug/TargetB.build/TargetB-own-target-headers.hmap"]),
  	Task(forTarget: TargetB, ruleInfo: ["WriteAuxiliaryFile", "/private/var/folders/xr/m5_5rlsd6l9fk2w4ngj13k6m0000gn/T/swbuild.tmp.p2K35VBX/Data.noindex/Test/bProject/build/bProject.build/Debug/TargetB.build/TargetB-project-headers.hmap"]),
  	Task(forTarget: TargetB, ruleInfo: ["WriteAuxiliaryFile", "/private/var/folders/xr/m5_5rlsd6l9fk2w4ngj13k6m0000gn/T/swbuild.tmp.p2K35VBX/Data.noindex/Test/bProject/build/bProject.build/Debug/TargetB.build/TargetB.DependencyMetadataFileList"]),
  	Task(forTarget: TargetB, ruleInfo: ["WriteAuxiliaryFile", "/private/var/folders/xr/m5_5rlsd6l9fk2w4ngj13k6m0000gn/T/swbuild.tmp.p2K35VBX/Data.noindex/Test/bProject/build/bProject.build/Debug/TargetB.build/TargetB.DependencyStaticMetadataFileList"]),
  	Task(forTarget: TargetB, ruleInfo: ["WriteAuxiliaryFile", "/private/var/folders/xr/m5_5rlsd6l9fk2w4ngj13k6m0000gn/T/swbuild.tmp.p2K35VBX/Data.noindex/Test/bProject/build/bProject.build/Debug/TargetB.build/TargetB.hmap"]),
  	Task(forTarget: <none>, ruleInfo: ["ClangStatCache", "/Applications/Xcode17E.app/Contents/Developer/Toolchains/XcodeDefault.xctoolchain/usr/bin/clang-stat-cache", "/Applications/Xcode17E.app/Contents/Developer/Platforms/MacOSX.platform/Developer/SDKs/MacOSX26.4.sdk", "/private/var/folders/xr/m5_5rlsd6l9fk2w4ngj13k6m0000gn/T/swbuild.tmp.p2K35VBX/Data.noindex/Test/SDKStatCaches.noindex/macosx26.4-25E260-95aa6cf8f3effd57bda17e0c125410c0.sdkstatcache"]),
  	Task(forTarget: <none>, ruleInfo: ["CreateBuildDirectory", "/private/var/folders/xr/m5_5rlsd6l9fk2w4ngj13k6m0000gn/T/swbuild.tmp.p2K35VBX/Data.noindex/Test/aProject/build"]),
  	Task(forTarget: <none>, ruleInfo: ["CreateBuildDirectory", "/private/var/folders/xr/m5_5rlsd6l9fk2w4ngj13k6m0000gn/T/swbuild.tmp.p2K35VBX/Data.noindex/Test/aProject/build/Debug"]),
  	Task(forTarget: <none>, ruleInfo: ["CreateBuildDirectory", "/private/var/folders/xr/m5_5rlsd6l9fk2w4ngj13k6m0000gn/T/swbuild.tmp.p2K35VBX/Data.noindex/Test/aProject/build/EagerLinkingTBDs/Debug"]),
  	Task(forTarget: <none>, ruleInfo: ["CreateBuildDirectory", "/private/var/folders/xr/m5_5rlsd6l9fk2w4ngj13k6m0000gn/T/swbuild.tmp.p2K35VBX/Data.noindex/Test/aProject/build/ExplicitPrecompiledModules"]),
  	Task(forTarget: <none>, ruleInfo: ["CreateBuildDirectory", "/private/var/folders/xr/m5_5rlsd6l9fk2w4ngj13k6m0000gn/T/swbuild.tmp.p2K35VBX/Data.noindex/Test/aProject/build/SharedPrecompiledHeaders"]),
  	Task(forTarget: <none>, ruleInfo: ["CreateBuildDirectory", "/private/var/folders/xr/m5_5rlsd6l9fk2w4ngj13k6m0000gn/T/swbuild.tmp.p2K35VBX/Data.noindex/Test/aProject/build/SwiftExplicitPrecompiledModules"]),
  	Task(forTarget: <none>, ruleInfo: ["CreateBuildDirectory", "/private/var/folders/xr/m5_5rlsd6l9fk2w4ngj13k6m0000gn/T/swbuild.tmp.p2K35VBX/Data.noindex/Test/bProject/build"]),
  	Task(forTarget: <none>, ruleInfo: ["CreateBuildDirectory", "/private/var/folders/xr/m5_5rlsd6l9fk2w4ngj13k6m0000gn/T/swbuild.tmp.p2K35VBX/Data.noindex/Test/bProject/build/Debug"]),
  	Task(forTarget: <none>, ruleInfo: ["CreateBuildDirectory", "/private/var/folders/xr/m5_5rlsd6l9fk2w4ngj13k6m0000gn/T/swbuild.tmp.p2K35VBX/Data.noindex/Test/bProject/build/EagerLinkingTBDs/Debug"]),
  	Task(forTarget: <none>, ruleInfo: ["CreateBuildDirectory", "/private/var/folders/xr/m5_5rlsd6l9fk2w4ngj13k6m0000gn/T/swbuild.tmp.p2K35VBX/Data.noindex/Test/bProject/build/ExplicitPrecompiledModules"]),
  	Task(forTarget: <none>, ruleInfo: ["CreateBuildDirectory", "/private/var/folders/xr/m5_5rlsd6l9fk2w4ngj13k6m0000gn/T/swbuild.tmp.p2K35VBX/Data.noindex/Test/bProject/build/SharedPrecompiledHeaders"]),
  	Task(forTarget: <none>, ruleInfo: ["CreateBuildDirectory", "/private/var/folders/xr/m5_5rlsd6l9fk2w4ngj13k6m0000gn/T/swbuild.tmp.p2K35VBX/Data.noindex/Test/bProject/build/SwiftExplicitPrecompiledModules"]),
  	Task(forTarget: <none>, ruleInfo: ["CreateBuildDirectory", "/var/folders/xr/m5_5rlsd6l9fk2w4ngj13k6m0000gn/C/com.apple.DeveloperTools/26.4.1-17E202/Xcode/CompilationCache.noindex"]),
  	Task(forTarget: <none>, ruleInfo: ["Gate", "WorkspaceHeaderMapVFSFilesWritten"]),
  	Task(forTarget: <none>, ruleInfo: ["Gate", "target-TargetA-T-TargetA-20766--AppExtensionInfoPlistGeneratorTaskProducer"]),
  	Task(forTarget: <none>, ruleInfo: ["Gate", "target-TargetA-T-TargetA-20766--AppIntentsMetadataTaskProducer"]),
  	Task(forTarget: <none>, ruleInfo: ["Gate", "target-TargetA-T-TargetA-20766--Barrier-ChangeAlternatePermissions"]),
  	Task(forTarget: <none>, ruleInfo: ["Gate", "target-TargetA-T-TargetA-20766--Barrier-ChangePermissions"]),
  	Task(forTarget: <none>, ruleInfo: ["Gate", "target-TargetA-T-TargetA-20766--Barrier-CodeSign"]),
  	Task(forTarget: <none>, ruleInfo: ["Gate", "target-TargetA-T-TargetA-20766--Barrier-CopyAside"]),
  	Task(forTarget: <none>, ruleInfo: ["Gate", "target-TargetA-T-TargetA-20766--Barrier-GenerateStubAPI"]),
  	Task(forTarget: <none>, ruleInfo: ["Gate", "target-TargetA-T-TargetA-20766--Barrier-RegisterExecutionPolicyException"]),
  	Task(forTarget: <none>, ruleInfo: ["Gate", "target-TargetA-T-TargetA-20766--Barrier-RegisterProduct"]),
  	Task(forTarget: <none>, ruleInfo: ["Gate", "target-TargetA-T-TargetA-20766--Barrier-StripSymbols"]),
  	Task(forTarget: <none>, ruleInfo: ["Gate", "target-TargetA-T-TargetA-20766--Barrier-Validate"]),
  	Task(forTarget: <none>, ruleInfo: ["Gate", "target-TargetA-T-TargetA-20766--CopySwiftPackageResourcesTaskProducer"]),
  	Task(forTarget: <none>, ruleInfo: ["Gate", "target-TargetA-T-TargetA-20766--CustomTaskProducer"]),
  	Task(forTarget: <none>, ruleInfo: ["Gate", "target-TargetA-T-TargetA-20766--DocumentationTaskProducer"]),
  	Task(forTarget: <none>, ruleInfo: ["Gate", "target-TargetA-T-TargetA-20766--ExtensionPointExtractorTaskProducer"]),
  	Task(forTarget: <none>, ruleInfo: ["Gate", "target-TargetA-T-TargetA-20766--GenerateAppPlaygroundAssetCatalogTaskProducer"]),
  	Task(forTarget: <none>, ruleInfo: ["Gate", "target-TargetA-T-TargetA-20766--GeneratedFilesTaskProducer"]),
  	Task(forTarget: <none>, ruleInfo: ["Gate", "target-TargetA-T-TargetA-20766--HeadermapTaskProducer"]),
  	Task(forTarget: <none>, ruleInfo: ["Gate", "target-TargetA-T-TargetA-20766--InfoPlistTaskProducer"]),
  	Task(forTarget: <none>, ruleInfo: ["Gate", "target-TargetA-T-TargetA-20766--ModuleMapTaskProducer"]),
  	Task(forTarget: <none>, ruleInfo: ["Gate", "target-TargetA-T-TargetA-20766--ModuleVerifierTaskProducer"]),
  	Task(forTarget: <none>, ruleInfo: ["Gate", "target-TargetA-T-TargetA-20766--ProductPostprocessingTaskProducer"]),
  	Task(forTarget: <none>, ruleInfo: ["Gate", "target-TargetA-T-TargetA-20766--ProductStructureTaskProducer"]),
  	Task(forTarget: <none>, ruleInfo: ["Gate", "target-TargetA-T-TargetA-20766--RealityAssetsTaskProducer"]),
  	Task(forTarget: <none>, ruleInfo: ["Gate", "target-TargetA-T-TargetA-20766--SanitizerTaskProducer"]),
  	Task(forTarget: <none>, ruleInfo: ["Gate", "target-TargetA-T-TargetA-20766--StubBinaryTaskProducer"]),
  	Task(forTarget: <none>, ruleInfo: ["Gate", "target-TargetA-T-TargetA-20766--SwiftABIBaselineGenerationTaskProducer"]),
  	Task(forTarget: <none>, ruleInfo: ["Gate", "target-TargetA-T-TargetA-20766--SwiftFrameworkABICheckerTaskProducer"]),
  	Task(forTarget: <none>, ruleInfo: ["Gate", "target-TargetA-T-TargetA-20766--SwiftPackageCopyFilesTaskProducer"]),
  	Task(forTarget: <none>, ruleInfo: ["Gate", "target-TargetA-T-TargetA-20766--SwiftStandardLibrariesTaskProducer"]),
  	Task(forTarget: <none>, ruleInfo: ["Gate", "target-TargetA-T-TargetA-20766--TAPISymbolExtractorTaskProducer"]),
  	Task(forTarget: <none>, ruleInfo: ["Gate", "target-TargetA-T-TargetA-20766--TestEntryPointTaskProducerFactory"]),
  	Task(forTarget: <none>, ruleInfo: ["Gate", "target-TargetA-T-TargetA-20766--TestHostTaskProducer"]),
  	Task(forTarget: <none>, ruleInfo: ["Gate", "target-TargetA-T-TargetA-20766--TestTargetPostprocessingTaskProducer"]),
  	Task(forTarget: <none>, ruleInfo: ["Gate", "target-TargetA-T-TargetA-20766--TestTargetTaskProducer"]),
  	Task(forTarget: <none>, ruleInfo: ["Gate", "target-TargetA-T-TargetA-20766--copy-headers-completion"]),
  	Task(forTarget: <none>, ruleInfo: ["Gate", "target-TargetA-T-TargetA-20766--fused-phase0-compile-sources"]),
  	Task(forTarget: <none>, ruleInfo: ["Gate", "target-TargetA-T-TargetA-20766--generated-headers"]),
  	Task(forTarget: <none>, ruleInfo: ["Gate", "target-TargetA-T-TargetA-20766--swift-generated-headers"]),
  	Task(forTarget: <none>, ruleInfo: ["Gate", "target-TargetB-T-TargetB-29606--AppExtensionInfoPlistGeneratorTaskProducer"]),
  	Task(forTarget: <none>, ruleInfo: ["Gate", "target-TargetB-T-TargetB-29606--AppIntentsMetadataTaskProducer"]),
  	Task(forTarget: <none>, ruleInfo: ["Gate", "target-TargetB-T-TargetB-29606--Barrier-ChangeAlternatePermissions"]),
  	Task(forTarget: <none>, ruleInfo: ["Gate", "target-TargetB-T-TargetB-29606--Barrier-ChangePermissions"]),
  	Task(forTarget: <none>, ruleInfo: ["Gate", "target-TargetB-T-TargetB-29606--Barrier-CodeSign"]),
  	Task(forTarget: <none>, ruleInfo: ["Gate", "target-TargetB-T-TargetB-29606--Barrier-CopyAside"]),
  	Task(forTarget: <none>, ruleInfo: ["Gate", "target-TargetB-T-TargetB-29606--Barrier-GenerateStubAPI"]),
  	Task(forTarget: <none>, ruleInfo: ["Gate", "target-TargetB-T-TargetB-29606--Barrier-RegisterExecutionPolicyException"]),
  	Task(forTarget: <none>, ruleInfo: ["Gate", "target-TargetB-T-TargetB-29606--Barrier-RegisterProduct"]),
  	Task(forTarget: <none>, ruleInfo: ["Gate", "target-TargetB-T-TargetB-29606--Barrier-StripSymbols"]),
  	Task(forTarget: <none>, ruleInfo: ["Gate", "target-TargetB-T-TargetB-29606--Barrier-Validate"]),
  	Task(forTarget: <none>, ruleInfo: ["Gate", "target-TargetB-T-TargetB-29606--CopySwiftPackageResourcesTaskProducer"]),
  	Task(forTarget: <none>, ruleInfo: ["Gate", "target-TargetB-T-TargetB-29606--CustomTaskProducer"]),
  	Task(forTarget: <none>, ruleInfo: ["Gate", "target-TargetB-T-TargetB-29606--DocumentationTaskProducer"]),
  	Task(forTarget: <none>, ruleInfo: ["Gate", "target-TargetB-T-TargetB-29606--ExtensionPointExtractorTaskProducer"]),
  	Task(forTarget: <none>, ruleInfo: ["Gate", "target-TargetB-T-TargetB-29606--GenerateAppPlaygroundAssetCatalogTaskProducer"]),
  	Task(forTarget: <none>, ruleInfo: ["Gate", "target-TargetB-T-TargetB-29606--GeneratedFilesTaskProducer"]),
  	Task(forTarget: <none>, ruleInfo: ["Gate", "target-TargetB-T-TargetB-29606--HeadermapTaskProducer"]),
  	Task(forTarget: <none>, ruleInfo: ["Gate", "target-TargetB-T-TargetB-29606--InfoPlistTaskProducer"]),
  	Task(forTarget: <none>, ruleInfo: ["Gate", "target-TargetB-T-TargetB-29606--ModuleMapTaskProducer"]),
  	Task(forTarget: <none>, ruleInfo: ["Gate", "target-TargetB-T-TargetB-29606--ModuleVerifierTaskProducer"]),
  	Task(forTarget: <none>, ruleInfo: ["Gate", "target-TargetB-T-TargetB-29606--ProductPostprocessingTaskProducer"]),
  	Task(forTarget: <none>, ruleInfo: ["Gate", "target-TargetB-T-TargetB-29606--ProductStructureTaskProducer"]),
  	Task(forTarget: <none>, ruleInfo: ["Gate", "target-TargetB-T-TargetB-29606--RealityAssetsTaskProducer"]),
  	Task(forTarget: <none>, ruleInfo: ["Gate", "target-TargetB-T-TargetB-29606--SanitizerTaskProducer"]),
  	Task(forTarget: <none>, ruleInfo: ["Gate", "target-TargetB-T-TargetB-29606--StubBinaryTaskProducer"]),
  	Task(forTarget: <none>, ruleInfo: ["Gate", "target-TargetB-T-TargetB-29606--SwiftABIBaselineGenerationTaskProducer"]),
  	Task(forTarget: <none>, ruleInfo: ["Gate", "target-TargetB-T-TargetB-29606--SwiftFrameworkABICheckerTaskProducer"]),
  	Task(forTarget: <none>, ruleInfo: ["Gate", "target-TargetB-T-TargetB-29606--SwiftPackageCopyFilesTaskProducer"]),
  	Task(forTarget: <none>, ruleInfo: ["Gate", "target-TargetB-T-TargetB-29606--SwiftStandardLibrariesTaskProducer"]),
  	Task(forTarget: <none>, ruleInfo: ["Gate", "target-TargetB-T-TargetB-29606--TAPISymbolExtractorTaskProducer"]),
  	Task(forTarget: <none>, ruleInfo: ["Gate", "target-TargetB-T-TargetB-29606--TestEntryPointTaskProducerFactory"]),
  	Task(forTarget: <none>, ruleInfo: ["Gate", "target-TargetB-T-TargetB-29606--TestHostTaskProducer"]),
  	Task(forTarget: <none>, ruleInfo: ["Gate", "target-TargetB-T-TargetB-29606--TestTargetPostprocessingTaskProducer"]),
  	Task(forTarget: <none>, ruleInfo: ["Gate", "target-TargetB-T-TargetB-29606--TestTargetTaskProducer"]),
  	Task(forTarget: <none>, ruleInfo: ["Gate", "target-TargetB-T-TargetB-29606--copy-headers-completion"]),
  	Task(forTarget: <none>, ruleInfo: ["Gate", "target-TargetB-T-TargetB-29606--fused-phase0-compile-sources&link-binary"]),
  	Task(forTarget: <none>, ruleInfo: ["Gate", "target-TargetB-T-TargetB-29606--generated-headers"]),
  	Task(forTarget: <none>, ruleInfo: ["Gate", "target-TargetB-T-TargetB-29606--swift-generated-headers"]),
  	Task(forTarget: <none>, ruleInfo: ["SwiftExplicitDependencyCompileModuleFromInterface", "arm64", "/private/var/folders/xr/m5_5rlsd6l9fk2w4ngj13k6m0000gn/T/swbuild.tmp.p2K35VBX/Data.noindex/Test/aProject/build/SwiftExplicitPrecompiledModules/Swift-31DUUYE8HNF3G.swiftmodule"]),
  	Task(forTarget: <none>, ruleInfo: ["SwiftExplicitDependencyCompileModuleFromInterface", "arm64", "/private/var/folders/xr/m5_5rlsd6l9fk2w4ngj13k6m0000gn/T/swbuild.tmp.p2K35VBX/Data.noindex/Test/aProject/build/SwiftExplicitPrecompiledModules/_Concurrency-1SF9RCU1JWIRU.swiftmodule"]),
  	Task(forTarget: <none>, ruleInfo: ["SwiftExplicitDependencyCompileModuleFromInterface", "arm64", "/private/var/folders/xr/m5_5rlsd6l9fk2w4ngj13k6m0000gn/T/swbuild.tmp.p2K35VBX/Data.noindex/Test/aProject/build/SwiftExplicitPrecompiledModules/_StringProcessing-2MXU3J6Y749BD.swiftmodule"]),
  	Task(forTarget: <none>, ruleInfo: ["SwiftExplicitDependencyCompileModuleFromInterface", "arm64", "/private/var/folders/xr/m5_5rlsd6l9fk2w4ngj13k6m0000gn/T/swbuild.tmp.p2K35VBX/Data.noindex/Test/bProject/build/SwiftExplicitPrecompiledModules/Swift-31DUUYE8HNF3G.swiftmodule"]),
  	Task(forTarget: <none>, ruleInfo: ["SwiftExplicitDependencyCompileModuleFromInterface", "arm64", "/private/var/folders/xr/m5_5rlsd6l9fk2w4ngj13k6m0000gn/T/swbuild.tmp.p2K35VBX/Data.noindex/Test/bProject/build/SwiftExplicitPrecompiledModules/_Concurrency-1SF9RCU1JWIRU.swiftmodule"]),
  	Task(forTarget: <none>, ruleInfo: ["SwiftExplicitDependencyCompileModuleFromInterface", "arm64", "/private/var/folders/xr/m5_5rlsd6l9fk2w4ngj13k6m0000gn/T/swbuild.tmp.p2K35VBX/Data.noindex/Test/bProject/build/SwiftExplicitPrecompiledModules/_StringProcessing-2MXU3J6Y749BD.swiftmodule"]),
  	Task(forTarget: <none>, ruleInfo: ["SwiftExplicitDependencyGeneratePcm", "arm64", "/private/var/folders/xr/m5_5rlsd6l9fk2w4ngj13k6m0000gn/T/swbuild.tmp.p2K35VBX/Data.noindex/Test/aProject/build/SwiftExplicitPrecompiledModules/SwiftShims-D80889OB6772EMIM46C08B0T9.pcm"]),
  	Task(forTarget: <none>, ruleInfo: ["SwiftExplicitDependencyGeneratePcm", "arm64", "/private/var/folders/xr/m5_5rlsd6l9fk2w4ngj13k6m0000gn/T/swbuild.tmp.p2K35VBX/Data.noindex/Test/aProject/build/SwiftExplicitPrecompiledModules/_SwiftConcurrencyShims-CZAEMFM3UERZTKE562OWFXL9Y.pcm"]),
  	Task(forTarget: <none>, ruleInfo: ["SwiftExplicitDependencyGeneratePcm", "arm64", "/private/var/folders/xr/m5_5rlsd6l9fk2w4ngj13k6m0000gn/T/swbuild.tmp.p2K35VBX/Data.noindex/Test/bProject/build/SwiftExplicitPrecompiledModules/SwiftShims-D80889OB6772EMIM46C08B0T9.pcm"]),
  	Task(forTarget: <none>, ruleInfo: ["SwiftExplicitDependencyGeneratePcm", "arm64", "/private/var/folders/xr/m5_5rlsd6l9fk2w4ngj13k6m0000gn/T/swbuild.tmp.p2K35VBX/Data.noindex/Test/bProject/build/SwiftExplicitPrecompiledModules/_SwiftConcurrencyShims-CZAEMFM3UERZTKE562OWFXL9Y.pcm"]),
  	Task(forTarget: <none>, ruleInfo: ["WriteAuxiliaryFile", "/private/var/folders/xr/m5_5rlsd6l9fk2w4ngj13k6m0000gn/T/swbuild.tmp.p2K35VBX/Data.noindex/Test/aProject/build/aProject.build/Debug/aProject-P20767-VFS/all-product-headers.yaml"]),
  	Task(forTarget: <none>, ruleInfo: ["WriteAuxiliaryFile", "/private/var/folders/xr/m5_5rlsd6l9fk2w4ngj13k6m0000gn/T/swbuild.tmp.p2K35VBX/Data.noindex/Test/bProject/build/bProject.build/Debug/bProject-P29607-VFS/all-product-headers.yaml"])'
↳ Occasionally fails in CI due to SwiftExplicitDependencyCompileModuleFromInterface missing from the dependency graph
━ Test explicitBuildWithMultipleProjects(arch:) recorded a known issue with 1 argument arch → "arm64" at SwiftDriverTests.swift:1437:34: Issue recorded
↳ unable to find any task matching conditions '[Rule matches [SWBTestSupport.StringPattern.equal("SwiftExplicitDependencyGeneratePcm"), SWBTestSupport.StringPattern.equal("normal"), SWBTestSupport.StringPattern.equal("arm64"), SWBTestSupport.StringPattern.contains("SwiftShims")], CommandLineArguments contains SwiftShims, CommandLineArguments match contains("bProject/build/SwiftExplicitPrecompiledModules/SwiftShims")]', among tasks: 'Task(forTarget: TargetA, ruleInfo: ["Copy", "/private/var/folders/xr/m5_5rlsd6l9fk2w4ngj13k6m0000gn/T/swbuild.tmp.p2K35VBX/Data.noindex/Test/aProject/build/Debug/TargetA.framework/Versions/A/Modules/TargetA.swiftmodule/Project/arm64-apple-macos.swiftsourceinfo", "/private/var/folders/xr/m5_5rlsd6l9fk2w4ngj13k6m0000gn/T/swbuild.tmp.p2K35VBX/Data.noindex/Test/aProject/build/aProject.build/Debug/TargetA.build/Objects-normal/arm64/TargetA.swiftsourceinfo"]),
  	Task(forTarget: TargetA, ruleInfo: ["Copy", "/private/var/folders/xr/m5_5rlsd6l9fk2w4ngj13k6m0000gn/T/swbuild.tmp.p2K35VBX/Data.noindex/Test/aProject/build/Debug/TargetA.framework/Versions/A/Modules/TargetA.swiftmodule/arm64-apple-macos.abi.json", "/private/var/folders/xr/m5_5rlsd6l9fk2w4ngj13k6m0000gn/T/swbuild.tmp.p2K35VBX/Data.noindex/Test/aProject/build/aProject.build/Debug/TargetA.build/Objects-normal/arm64/TargetA.abi.json"]),
  	Task(forTarget: TargetA, ruleInfo: ["Copy", "/private/var/folders/xr/m5_5rlsd6l9fk2w4ngj13k6m0000gn/T/swbuild.tmp.p2K35VBX/Data.noindex/Test/aProject/build/Debug/TargetA.framework/Versions/A/Modules/TargetA.swiftmodule/arm64-apple-macos.swiftdoc", "/private/var/folders/xr/m5_5rlsd6l9fk2w4ngj13k6m0000gn/T/swbuild.tmp.p2K35VBX/Data.noindex/Test/aProject/build/aProject.build/Debug/TargetA.build/Objects-normal/arm64/TargetA.swiftdoc"]),
  	Task(forTarget: TargetA, ruleInfo: ["Copy", "/private/var/folders/xr/m5_5rlsd6l9fk2w4ngj13k6m0000gn/T/swbuild.tmp.p2K35VBX/Data.noindex/Test/aProject/build/Debug/TargetA.framework/Versions/A/Modules/TargetA.swiftmodule/arm64-apple-macos.swiftmodule", "/private/var/folders/xr/m5_5rlsd6l9fk2w4ngj13k6m0000gn/T/swbuild.tmp.p2K35VBX/Data.noindex/Test/aProject/build/aProject.build/Debug/TargetA.build/Objects-normal/arm64/TargetA.swiftmodule"]),
  	Task(forTarget: TargetA, ruleInfo: ["ExtractAppIntentsMetadata"]),
  	Task(forTarget: TargetA, ruleInfo: ["Gate", "target-TargetA-T-TargetA-20766--begin-compiling"]),
  	Task(forTarget: TargetA, ruleInfo: ["Gate", "target-TargetA-T-TargetA-20766--begin-linking"]),
  	Task(forTarget: TargetA, ruleInfo: ["Gate", "target-TargetA-T-TargetA-20766--begin-scanning"]),
  	Task(forTarget: TargetA, ruleInfo: ["Gate", "target-TargetA-T-TargetA-20766--end"]),
  	Task(forTarget: TargetA, ruleInfo: ["Gate", "target-TargetA-T-TargetA-20766--entry"]),
  	Task(forTarget: TargetA, ruleInfo: ["Gate", "target-TargetA-T-TargetA-20766--immediate"]),
  	Task(forTarget: TargetA, ruleInfo: ["Gate", "target-TargetA-T-TargetA-20766--linker-inputs-ready"]),
  	Task(forTarget: TargetA, ruleInfo: ["Gate", "target-TargetA-T-TargetA-20766--modules-ready"]),
  	Task(forTarget: TargetA, ruleInfo: ["Gate", "target-TargetA-T-TargetA-20766--unsigned-product-ready"]),
  	Task(forTarget: TargetA, ruleInfo: ["Gate", "target-TargetA-T-TargetA-20766--will-sign"]),
  	Task(forTarget: TargetA, ruleInfo: ["GenerateTAPI", "/private/var/folders/xr/m5_5rlsd6l9fk2w4ngj13k6m0000gn/T/swbuild.tmp.p2K35VBX/Data.noindex/Test/aProject/build/EagerLinkingTBDs/Debug/TargetA.framework/Versions/A/TargetA.tbd"]),
  	Task(forTarget: TargetA, ruleInfo: ["Ld", "/private/var/folders/xr/m5_5rlsd6l9fk2w4ngj13k6m0000gn/T/swbuild.tmp.p2K35VBX/Data.noindex/Test/aProject/build/Debug/TargetA.framework/Versions/A/TargetA", "normal"]),
  	Task(forTarget: TargetA, ruleInfo: ["MkDir", "/private/var/folders/xr/m5_5rlsd6l9fk2w4ngj13k6m0000gn/T/swbuild.tmp.p2K35VBX/Data.noindex/Test/aProject/build/Debug/TargetA.framework"]),
  	Task(forTarget: TargetA, ruleInfo: ["MkDir", "/private/var/folders/xr/m5_5rlsd6l9fk2w4ngj13k6m0000gn/T/swbuild.tmp.p2K35VBX/Data.noindex/Test/aProject/build/Debug/TargetA.framework/Versions"]),
  	Task(forTarget: TargetA, ruleInfo: ["MkDir", "/private/var/folders/xr/m5_5rlsd6l9fk2w4ngj13k6m0000gn/T/swbuild.tmp.p2K35VBX/Data.noindex/Test/aProject/build/Debug/TargetA.framework/Versions/A"]),
  	Task(forTarget: TargetA, ruleInfo: ["MkDir", "/private/var/folders/xr/m5_5rlsd6l9fk2w4ngj13k6m0000gn/T/swbuild.tmp.p2K35VBX/Data.noindex/Test/aProject/build/Debug/TargetA.framework/Versions/A/Headers"]),
  	Task(forTarget: TargetA, ruleInfo: ["RegisterExecutionPolicyException", "/private/var/folders/xr/m5_5rlsd6l9fk2w4ngj13k6m0000gn/T/swbuild.tmp.p2K35VBX/Data.noindex/Test/aProject/build/Debug/TargetA.framework"]),
  	Task(forTarget: TargetA, ruleInfo: ["SwiftCompile", "normal", "arm64", "Compiling file1.swift", "/private/var/folders/xr/m5_5rlsd6l9fk2w4ngj13k6m0000gn/T/swbuild.tmp.p2K35VBX/Data.noindex/Test/aProject/Sources/file1.swift"]),
  	Task(forTarget: TargetA, ruleInfo: ["SwiftCompile", "normal", "arm64", "Compiling file2.swift", "/private/var/folders/xr/m5_5rlsd6l9fk2w4ngj13k6m0000gn/T/swbuild.tmp.p2K35VBX/Data.noindex/Test/aProject/Sources/file2.swift"]),
  	Task(forTarget: TargetA, ruleInfo: ["SwiftDriver", "TargetA", "normal", "arm64", "com.apple.xcode.tools.swift.compiler"]),
  	Task(forTarget: TargetA, ruleInfo: ["SwiftDriver Compilation", "TargetA", "normal", "arm64", "com.apple.xcode.tools.swift.compiler"]),
  	Task(forTarget: TargetA, ruleInfo: ["SwiftDriver Compilation Requirements", "TargetA", "normal", "arm64", "com.apple.xcode.tools.swift.compiler"]),
  	Task(forTarget: TargetA, ruleInfo: ["SwiftEmitModule", "normal", "arm64", "Emitting module for TargetA"]),
  	Task(forTarget: TargetA, ruleInfo: ["SwiftMergeGeneratedHeaders", "/private/var/folders/xr/m5_5rlsd6l9fk2w4ngj13k6m0000gn/T/swbuild.tmp.p2K35VBX/Data.noindex/Test/aProject/build/Debug/TargetA.framework/Versions/A/Headers/TargetA-Swift.h", "/private/var/folders/xr/m5_5rlsd6l9fk2w4ngj13k6m0000gn/T/swbuild.tmp.p2K35VBX/Data.noindex/Test/aProject/build/aProject.build/Debug/TargetA.build/Objects-normal/arm64/TargetA-Swift.h"]),
  	Task(forTarget: TargetA, ruleInfo: ["SymLink", "/private/var/folders/xr/m5_5rlsd6l9fk2w4ngj13k6m0000gn/T/swbuild.tmp.p2K35VBX/Data.noindex/Test/aProject/build/Debug/TargetA.framework/Headers", "Versions/Current/Headers"]),
  	Task(forTarget: TargetA, ruleInfo: ["SymLink", "/private/var/folders/xr/m5_5rlsd6l9fk2w4ngj13k6m0000gn/T/swbuild.tmp.p2K35VBX/Data.noindex/Test/aProject/build/Debug/TargetA.framework/Modules", "Versions/Current/Modules"]),
  	Task(forTarget: TargetA, ruleInfo: ["SymLink", "/private/var/folders/xr/m5_5rlsd6l9fk2w4ngj13k6m0000gn/T/swbuild.tmp.p2K35VBX/Data.noindex/Test/aProject/build/Debug/TargetA.framework/TargetA", "Versions/Current/TargetA"]),
  	Task(forTarget: TargetA, ruleInfo: ["SymLink", "/private/var/folders/xr/m5_5rlsd6l9fk2w4ngj13k6m0000gn/T/swbuild.tmp.p2K35VBX/Data.noindex/Test/aProject/build/Debug/TargetA.framework/Versions/Current", "A"]),
  	Task(forTarget: TargetA, ruleInfo: ["SymLink", "/private/var/folders/xr/m5_5rlsd6l9fk2w4ngj13k6m0000gn/T/swbuild.tmp.p2K35VBX/Data.noindex/Test/aProject/build/EagerLinkingTBDs/Debug/TargetA.framework/TargetA.tbd", "/private/var/folders/xr/m5_5rlsd6l9fk2w4ngj13k6m0000gn/T/swbuild.tmp.p2K35VBX/Data.noindex/Test/aProject/build/EagerLinkingTBDs/Debug/TargetA.framework/Versions/A/TargetA.tbd"]),
  	Task(forTarget: TargetA, ruleInfo: ["Touch", "/private/var/folders/xr/m5_5rlsd6l9fk2w4ngj13k6m0000gn/T/swbuild.tmp.p2K35VBX/Data.noindex/Test/aProject/build/Debug/TargetA.framework"]),
  	Task(forTarget: TargetA, ruleInfo: ["WriteAuxiliaryFile", "/private/var/folders/xr/m5_5rlsd6l9fk2w4ngj13k6m0000gn/T/swbuild.tmp.p2K35VBX/Data.noindex/Test/aProject/build/aProject.build/Debug/TargetA.build/Objects-normal/arm64/TargetA-OutputFileMap.json"]),
  	Task(forTarget: TargetA, ruleInfo: ["WriteAuxiliaryFile", "/private/var/folders/xr/m5_5rlsd6l9fk2w4ngj13k6m0000gn/T/swbuild.tmp.p2K35VBX/Data.noindex/Test/aProject/build/aProject.build/Debug/TargetA.build/Objects-normal/arm64/TargetA.LinkFileList"]),
  	Task(forTarget: TargetA, ruleInfo: ["WriteAuxiliaryFile", "/private/var/folders/xr/m5_5rlsd6l9fk2w4ngj13k6m0000gn/T/swbuild.tmp.p2K35VBX/Data.noindex/Test/aProject/build/aProject.build/Debug/TargetA.build/Objects-normal/arm64/TargetA.SwiftConstValuesFileList"]),
  	Task(forTarget: TargetA, ruleInfo: ["WriteAuxiliaryFile", "/private/var/folders/xr/m5_5rlsd6l9fk2w4ngj13k6m0000gn/T/swbuild.tmp.p2K35VBX/Data.noindex/Test/aProject/build/aProject.build/Debug/TargetA.build/Objects-normal/arm64/TargetA.SwiftFileList"]),
  	Task(forTarget: TargetA, ruleInfo: ["WriteAuxiliaryFile", "/private/var/folders/xr/m5_5rlsd6l9fk2w4ngj13k6m0000gn/T/swbuild.tmp.p2K35VBX/Data.noindex/Test/aProject/build/aProject.build/Debug/TargetA.build/Objects-normal/arm64/TargetA_const_extract_protocols.json"]),
  	Task(forTarget: TargetA, ruleInfo: ["WriteAuxiliaryFile", "/private/var/folders/xr/m5_5rlsd6l9fk2w4ngj13k6m0000gn/T/swbuild.tmp.p2K35VBX/Data.noindex/Test/aProject/build/aProject.build/Debug/TargetA.build/TargetA-all-non-framework-target-headers.hmap"]),
  	Task(forTarget: TargetA, ruleInfo: ["WriteAuxiliaryFile", "/private/var/folders/xr/m5_5rlsd6l9fk2w4ngj13k6m0000gn/T/swbuild.tmp.p2K35VBX/Data.noindex/Test/aProject/build/aProject.build/Debug/TargetA.build/TargetA-all-target-headers.hmap"]),
  	Task(forTarget: TargetA, ruleInfo: ["WriteAuxiliaryFile", "/private/var/folders/xr/m5_5rlsd6l9fk2w4ngj13k6m0000gn/T/swbuild.tmp.p2K35VBX/Data.noindex/Test/aProject/build/aProject.build/Debug/TargetA.build/TargetA-generated-files.hmap"]),
  	Task(forTarget: TargetA, ruleInfo: ["WriteAuxiliaryFile", "/private/var/folders/xr/m5_5rlsd6l9fk2w4ngj13k6m0000gn/T/swbuild.tmp.p2K35VBX/Data.noindex/Test/aProject/build/aProject.build/Debug/TargetA.build/TargetA-own-target-headers.hmap"]),
  	Task(forTarget: TargetA, ruleInfo: ["WriteAuxiliaryFile", "/private/var/folders/xr/m5_5rlsd6l9fk2w4ngj13k6m0000gn/T/swbuild.tmp.p2K35VBX/Data.noindex/Test/aProject/build/aProject.build/Debug/TargetA.build/TargetA-project-headers.hmap"]),
  	Task(forTarget: TargetA, ruleInfo: ["WriteAuxiliaryFile", "/private/var/folders/xr/m5_5rlsd6l9fk2w4ngj13k6m0000gn/T/swbuild.tmp.p2K35VBX/Data.noindex/Test/aProject/build/aProject.build/Debug/TargetA.build/TargetA.DependencyMetadataFileList"]),
  	Task(forTarget: TargetA, ruleInfo: ["WriteAuxiliaryFile", "/private/var/folders/xr/m5_5rlsd6l9fk2w4ngj13k6m0000gn/T/swbuild.tmp.p2K35VBX/Data.noindex/Test/aProject/build/aProject.build/Debug/TargetA.build/TargetA.DependencyStaticMetadataFileList"]),
  	Task(forTarget: TargetA, ruleInfo: ["WriteAuxiliaryFile", "/private/var/folders/xr/m5_5rlsd6l9fk2w4ngj13k6m0000gn/T/swbuild.tmp.p2K35VBX/Data.noindex/Test/aProject/build/aProject.build/Debug/TargetA.build/TargetA.hmap"]),
  	Task(forTarget: TargetB, ruleInfo: ["Copy", "/private/var/folders/xr/m5_5rlsd6l9fk2w4ngj13k6m0000gn/T/swbuild.tmp.p2K35VBX/Data.noindex/Test/bProject/build/Debug/TargetB.framework/Versions/A/Modules/TargetB.swiftmodule/Project/arm64-apple-macos.swiftsourceinfo", "/private/var/folders/xr/m5_5rlsd6l9fk2w4ngj13k6m0000gn/T/swbuild.tmp.p2K35VBX/Data.noindex/Test/bProject/build/bProject.build/Debug/TargetB.build/Objects-normal/arm64/TargetB.swiftsourceinfo"]),
  	Task(forTarget: TargetB, ruleInfo: ["Copy", "/private/var/folders/xr/m5_5rlsd6l9fk2w4ngj13k6m0000gn/T/swbuild.tmp.p2K35VBX/Data.noindex/Test/bProject/build/Debug/TargetB.framework/Versions/A/Modules/TargetB.swiftmodule/arm64-apple-macos.abi.json", "/private/var/folders/xr/m5_5rlsd6l9fk2w4ngj13k6m0000gn/T/swbuild.tmp.p2K35VBX/Data.noindex/Test/bProject/build/bProject.build/Debug/TargetB.build/Objects-normal/arm64/TargetB.abi.json"]),
  	Task(forTarget: TargetB, ruleInfo: ["Copy", "/private/var/folders/xr/m5_5rlsd6l9fk2w4ngj13k6m0000gn/T/swbuild.tmp.p2K35VBX/Data.noindex/Test/bProject/build/Debug/TargetB.framework/Versions/A/Modules/TargetB.swiftmodule/arm64-apple-macos.swiftdoc", "/private/var/folders/xr/m5_5rlsd6l9fk2w4ngj13k6m0000gn/T/swbuild.tmp.p2K35VBX/Data.noindex/Test/bProject/build/bProject.build/Debug/TargetB.build/Objects-normal/arm64/TargetB.swiftdoc"]),
  	Task(forTarget: TargetB, ruleInfo: ["Copy", "/private/var/folders/xr/m5_5rlsd6l9fk2w4ngj13k6m0000gn/T/swbuild.tmp.p2K35VBX/Data.noindex/Test/bProject/build/Debug/TargetB.framework/Versions/A/Modules/TargetB.swiftmodule/arm64-apple-macos.swiftmodule", "/private/var/folders/xr/m5_5rlsd6l9fk2w4ngj13k6m0000gn/T/swbuild.tmp.p2K35VBX/Data.noindex/Test/bProject/build/bProject.build/Debug/TargetB.build/Objects-normal/arm64/TargetB.swiftmodule"]),
  	Task(forTarget: TargetB, ruleInfo: ["ExtractAppIntentsMetadata"]),
  	Task(forTarget: TargetB, ruleInfo: ["Gate", "target-TargetB-T-TargetB-29606--begin-compiling"]),
  	Task(forTarget: TargetB, ruleInfo: ["Gate", "target-TargetB-T-TargetB-29606--begin-linking"]),
  	Task(forTarget: TargetB, ruleInfo: ["Gate", "target-TargetB-T-TargetB-29606--begin-scanning"]),
  	Task(forTarget: TargetB, ruleInfo: ["Gate", "target-TargetB-T-TargetB-29606--end"]),
  	Task(forTarget: TargetB, ruleInfo: ["Gate", "target-TargetB-T-TargetB-29606--entry"]),
  	Task(forTarget: TargetB, ruleInfo: ["Gate", "target-TargetB-T-TargetB-29606--immediate"]),
  	Task(forTarget: TargetB, ruleInfo: ["Gate", "target-TargetB-T-TargetB-29606--linker-inputs-ready"]),
  	Task(forTarget: TargetB, ruleInfo: ["Gate", "target-TargetB-T-TargetB-29606--modules-ready"]),
  	Task(forTarget: TargetB, ruleInfo: ["Gate", "target-TargetB-T-TargetB-29606--unsigned-product-ready"]),
  	Task(forTarget: TargetB, ruleInfo: ["Gate", "target-TargetB-T-TargetB-29606--will-sign"]),
  	Task(forTarget: TargetB, ruleInfo: ["GenerateTAPI", "/private/var/folders/xr/m5_5rlsd6l9fk2w4ngj13k6m0000gn/T/swbuild.tmp.p2K35VBX/Data.noindex/Test/bProject/build/EagerLinkingTBDs/Debug/TargetB.framework/Versions/A/TargetB.tbd"]),
  	Task(forTarget: TargetB, ruleInfo: ["Ld", "/private/var/folders/xr/m5_5rlsd6l9fk2w4ngj13k6m0000gn/T/swbuild.tmp.p2K35VBX/Data.noindex/Test/bProject/build/Debug/TargetB.framework/Versions/A/TargetB", "normal"]),
  	Task(forTarget: TargetB, ruleInfo: ["MkDir", "/private/var/folders/xr/m5_5rlsd6l9fk2w4ngj13k6m0000gn/T/swbuild.tmp.p2K35VBX/Data.noindex/Test/bProject/build/Debug/TargetB.framework"]),
  	Task(forTarget: TargetB, ruleInfo: ["MkDir", "/private/var/folders/xr/m5_5rlsd6l9fk2w4ngj13k6m0000gn/T/swbuild.tmp.p2K35VBX/Data.noindex/Test/bProject/build/Debug/TargetB.framework/Versions"]),
  	Task(forTarget: TargetB, ruleInfo: ["MkDir", "/private/var/folders/xr/m5_5rlsd6l9fk2w4ngj13k6m0000gn/T/swbuild.tmp.p2K35VBX/Data.noindex/Test/bProject/build/Debug/TargetB.framework/Versions/A"]),
  	Task(forTarget: TargetB, ruleInfo: ["MkDir", "/private/var/folders/xr/m5_5rlsd6l9fk2w4ngj13k6m0000gn/T/swbuild.tmp.p2K35VBX/Data.noindex/Test/bProject/build/Debug/TargetB.framework/Versions/A/Headers"]),
  	Task(forTarget: TargetB, ruleInfo: ["RegisterExecutionPolicyException", "/private/var/folders/xr/m5_5rlsd6l9fk2w4ngj13k6m0000gn/T/swbuild.tmp.p2K35VBX/Data.noindex/Test/bProject/build/Debug/TargetB.framework"]),
  	Task(forTarget: TargetB, ruleInfo: ["SwiftCompile", "normal", "arm64", "Compiling file3.swift", "/private/var/folders/xr/m5_5rlsd6l9fk2w4ngj13k6m0000gn/T/swbuild.tmp.p2K35VBX/Data.noindex/Test/bProject/Sources/file3.swift"]),
  	Task(forTarget: TargetB, ruleInfo: ["SwiftCompile", "normal", "arm64", "Compiling file4.swift", "/private/var/folders/xr/m5_5rlsd6l9fk2w4ngj13k6m0000gn/T/swbuild.tmp.p2K35VBX/Data.noindex/Test/bProject/Sources/file4.swift"]),
  	Task(forTarget: TargetB, ruleInfo: ["SwiftDriver", "TargetB", "normal", "arm64", "com.apple.xcode.tools.swift.compiler"]),
  	Task(forTarget: TargetB, ruleInfo: ["SwiftDriver Compilation", "TargetB", "normal", "arm64", "com.apple.xcode.tools.swift.compiler"]),
  	Task(forTarget: TargetB, ruleInfo: ["SwiftDriver Compilation Requirements", "TargetB", "normal", "arm64", "com.apple.xcode.tools.swift.compiler"]),
  	Task(forTarget: TargetB, ruleInfo: ["SwiftEmitModule", "normal", "arm64", "Emitting module for TargetB"]),
  	Task(forTarget: TargetB, ruleInfo: ["SwiftMergeGeneratedHeaders", "/private/var/folders/xr/m5_5rlsd6l9fk2w4ngj13k6m0000gn/T/swbuild.tmp.p2K35VBX/Data.noindex/Test/bProject/build/Debug/TargetB.framework/Versions/A/Headers/TargetB-Swift.h", "/private/var/folders/xr/m5_5rlsd6l9fk2w4ngj13k6m0000gn/T/swbuild.tmp.p2K35VBX/Data.noindex/Test/bProject/build/bProject.build/Debug/TargetB.build/Objects-normal/arm64/TargetB-Swift.h"]),
  	Task(forTarget: TargetB, ruleInfo: ["SymLink", "/private/var/folders/xr/m5_5rlsd6l9fk2w4ngj13k6m0000gn/T/swbuild.tmp.p2K35VBX/Data.noindex/Test/bProject/build/Debug/TargetB.framework/Headers", "Versions/Current/Headers"]),
  	Task(forTarget: TargetB, ruleInfo: ["SymLink", "/private/var/folders/xr/m5_5rlsd6l9fk2w4ngj13k6m0000gn/T/swbuild.tmp.p2K35VBX/Data.noindex/Test/bProject/build/Debug/TargetB.framework/Modules", "Versions/Current/Modules"]),
  	Task(forTarget: TargetB, ruleInfo: ["SymLink", "/private/var/folders/xr/m5_5rlsd6l9fk2w4ngj13k6m0000gn/T/swbuild.tmp.p2K35VBX/Data.noindex/Test/bProject/build/Debug/TargetB.framework/TargetB", "Versions/Current/TargetB"]),
  	Task(forTarget: TargetB, ruleInfo: ["SymLink", "/private/var/folders/xr/m5_5rlsd6l9fk2w4ngj13k6m0000gn/T/swbuild.tmp.p2K35VBX/Data.noindex/Test/bProject/build/Debug/TargetB.framework/Versions/Current", "A"]),
  	Task(forTarget: TargetB, ruleInfo: ["SymLink", "/private/var/folders/xr/m5_5rlsd6l9fk2w4ngj13k6m0000gn/T/swbuild.tmp.p2K35VBX/Data.noindex/Test/bProject/build/EagerLinkingTBDs/Debug/TargetB.framework/TargetB.tbd", "/private/var/folders/xr/m5_5rlsd6l9fk2w4ngj13k6m0000gn/T/swbuild.tmp.p2K35VBX/Data.noindex/Test/bProject/build/EagerLinkingTBDs/Debug/TargetB.framework/Versions/A/TargetB.tbd"]),
  	Task(forTarget: TargetB, ruleInfo: ["Touch", "/private/var/folders/xr/m5_5rlsd6l9fk2w4ngj13k6m0000gn/T/swbuild.tmp.p2K35VBX/Data.noindex/Test/bProject/build/Debug/TargetB.framework"]),
  	Task(forTarget: TargetB, ruleInfo: ["WriteAuxiliaryFile", "/private/var/folders/xr/m5_5rlsd6l9fk2w4ngj13k6m0000gn/T/swbuild.tmp.p2K35VBX/Data.noindex/Test/bProject/build/bProject.build/Debug/TargetB.build/Objects-normal/arm64/TargetB-OutputFileMap.json"]),
  	Task(forTarget: TargetB, ruleInfo: ["WriteAuxiliaryFile", "/private/var/folders/xr/m5_5rlsd6l9fk2w4ngj13k6m0000gn/T/swbuild.tmp.p2K35VBX/Data.noindex/Test/bProject/build/bProject.build/Debug/TargetB.build/Objects-normal/arm64/TargetB.LinkFileList"]),
  	Task(forTarget: TargetB, ruleInfo: ["WriteAuxiliaryFile", "/private/var/folders/xr/m5_5rlsd6l9fk2w4ngj13k6m0000gn/T/swbuild.tmp.p2K35VBX/Data.noindex/Test/bProject/build/bProject.build/Debug/TargetB.build/Objects-normal/arm64/TargetB.SwiftConstValuesFileList"]),
  	Task(forTarget: TargetB, ruleInfo: ["WriteAuxiliaryFile", "/private/var/folders/xr/m5_5rlsd6l9fk2w4ngj13k6m0000gn/T/swbuild.tmp.p2K35VBX/Data.noindex/Test/bProject/build/bProject.build/Debug/TargetB.build/Objects-normal/arm64/TargetB.SwiftFileList"]),
  	Task(forTarget: TargetB, ruleInfo: ["WriteAuxiliaryFile", "/private/var/folders/xr/m5_5rlsd6l9fk2w4ngj13k6m0000gn/T/swbuild.tmp.p2K35VBX/Data.noindex/Test/bProject/build/bProject.build/Debug/TargetB.build/Objects-normal/arm64/TargetB_const_extract_protocols.json"]),
  	Task(forTarget: TargetB, ruleInfo: ["WriteAuxiliaryFile", "/private/var/folders/xr/m5_5rlsd6l9fk2w4ngj13k6m0000gn/T/swbuild.tmp.p2K35VBX/Data.noindex/Test/bProject/build/bProject.build/Debug/TargetB.build/TargetB-all-non-framework-target-headers.hmap"]),
  	Task(forTarget: TargetB, ruleInfo: ["WriteAuxiliaryFile", "/private/var/folders/xr/m5_5rlsd6l9fk2w4ngj13k6m0000gn/T/swbuild.tmp.p2K35VBX/Data.noindex/Test/bProject/build/bProject.build/Debug/TargetB.build/TargetB-all-target-headers.hmap"]),
  	Task(forTarget: TargetB, ruleInfo: ["WriteAuxiliaryFile", "/private/var/folders/xr/m5_5rlsd6l9fk2w4ngj13k6m0000gn/T/swbuild.tmp.p2K35VBX/Data.noindex/Test/bProject/build/bProject.build/Debug/TargetB.build/TargetB-generated-files.hmap"]),
  	Task(forTarget: TargetB, ruleInfo: ["WriteAuxiliaryFile", "/private/var/folders/xr/m5_5rlsd6l9fk2w4ngj13k6m0000gn/T/swbuild.tmp.p2K35VBX/Data.noindex/Test/bProject/build/bProject.build/Debug/TargetB.build/TargetB-own-target-headers.hmap"]),
  	Task(forTarget: TargetB, ruleInfo: ["WriteAuxiliaryFile", "/private/var/folders/xr/m5_5rlsd6l9fk2w4ngj13k6m0000gn/T/swbuild.tmp.p2K35VBX/Data.noindex/Test/bProject/build/bProject.build/Debug/TargetB.build/TargetB-project-headers.hmap"]),
  	Task(forTarget: TargetB, ruleInfo: ["WriteAuxiliaryFile", "/private/var/folders/xr/m5_5rlsd6l9fk2w4ngj13k6m0000gn/T/swbuild.tmp.p2K35VBX/Data.noindex/Test/bProject/build/bProject.build/Debug/TargetB.build/TargetB.DependencyMetadataFileList"]),
  	Task(forTarget: TargetB, ruleInfo: ["WriteAuxiliaryFile", "/private/var/folders/xr/m5_5rlsd6l9fk2w4ngj13k6m0000gn/T/swbuild.tmp.p2K35VBX/Data.noindex/Test/bProject/build/bProject.build/Debug/TargetB.build/TargetB.DependencyStaticMetadataFileList"]),
  	Task(forTarget: TargetB, ruleInfo: ["WriteAuxiliaryFile", "/private/var/folders/xr/m5_5rlsd6l9fk2w4ngj13k6m0000gn/T/swbuild.tmp.p2K35VBX/Data.noindex/Test/bProject/build/bProject.build/Debug/TargetB.build/TargetB.hmap"]),
  	Task(forTarget: <none>, ruleInfo: ["ClangStatCache", "/Applications/Xcode17E.app/Contents/Developer/Toolchains/XcodeDefault.xctoolchain/usr/bin/clang-stat-cache", "/Applications/Xcode17E.app/Contents/Developer/Platforms/MacOSX.platform/Developer/SDKs/MacOSX26.4.sdk", "/private/var/folders/xr/m5_5rlsd6l9fk2w4ngj13k6m0000gn/T/swbuild.tmp.p2K35VBX/Data.noindex/Test/SDKStatCaches.noindex/macosx26.4-25E260-95aa6cf8f3effd57bda17e0c125410c0.sdkstatcache"]),
  	Task(forTarget: <none>, ruleInfo: ["CreateBuildDirectory", "/private/var/folders/xr/m5_5rlsd6l9fk2w4ngj13k6m0000gn/T/swbuild.tmp.p2K35VBX/Data.noindex/Test/aProject/build"]),
  	Task(forTarget: <none>, ruleInfo: ["CreateBuildDirectory", "/private/var/folders/xr/m5_5rlsd6l9fk2w4ngj13k6m0000gn/T/swbuild.tmp.p2K35VBX/Data.noindex/Test/aProject/build/Debug"]),
  	Task(forTarget: <none>, ruleInfo: ["CreateBuildDirectory", "/private/var/folders/xr/m5_5rlsd6l9fk2w4ngj13k6m0000gn/T/swbuild.tmp.p2K35VBX/Data.noindex/Test/aProject/build/EagerLinkingTBDs/Debug"]),
  	Task(forTarget: <none>, ruleInfo: ["CreateBuildDirectory", "/private/var/folders/xr/m5_5rlsd6l9fk2w4ngj13k6m0000gn/T/swbuild.tmp.p2K35VBX/Data.noindex/Test/aProject/build/ExplicitPrecompiledModules"]),
  	Task(forTarget: <none>, ruleInfo: ["CreateBuildDirectory", "/private/var/folders/xr/m5_5rlsd6l9fk2w4ngj13k6m0000gn/T/swbuild.tmp.p2K35VBX/Data.noindex/Test/aProject/build/SharedPrecompiledHeaders"]),
  	Task(forTarget: <none>, ruleInfo: ["CreateBuildDirectory", "/private/var/folders/xr/m5_5rlsd6l9fk2w4ngj13k6m0000gn/T/swbuild.tmp.p2K35VBX/Data.noindex/Test/aProject/build/SwiftExplicitPrecompiledModules"]),
  	Task(forTarget: <none>, ruleInfo: ["CreateBuildDirectory", "/private/var/folders/xr/m5_5rlsd6l9fk2w4ngj13k6m0000gn/T/swbuild.tmp.p2K35VBX/Data.noindex/Test/bProject/build"]),
  	Task(forTarget: <none>, ruleInfo: ["CreateBuildDirectory", "/private/var/folders/xr/m5_5rlsd6l9fk2w4ngj13k6m0000gn/T/swbuild.tmp.p2K35VBX/Data.noindex/Test/bProject/build/Debug"]),
  	Task(forTarget: <none>, ruleInfo: ["CreateBuildDirectory", "/private/var/folders/xr/m5_5rlsd6l9fk2w4ngj13k6m0000gn/T/swbuild.tmp.p2K35VBX/Data.noindex/Test/bProject/build/EagerLinkingTBDs/Debug"]),
  	Task(forTarget: <none>, ruleInfo: ["CreateBuildDirectory", "/private/var/folders/xr/m5_5rlsd6l9fk2w4ngj13k6m0000gn/T/swbuild.tmp.p2K35VBX/Data.noindex/Test/bProject/build/ExplicitPrecompiledModules"]),
  	Task(forTarget: <none>, ruleInfo: ["CreateBuildDirectory", "/private/var/folders/xr/m5_5rlsd6l9fk2w4ngj13k6m0000gn/T/swbuild.tmp.p2K35VBX/Data.noindex/Test/bProject/build/SharedPrecompiledHeaders"]),
  	Task(forTarget: <none>, ruleInfo: ["CreateBuildDirectory", "/private/var/folders/xr/m5_5rlsd6l9fk2w4ngj13k6m0000gn/T/swbuild.tmp.p2K35VBX/Data.noindex/Test/bProject/build/SwiftExplicitPrecompiledModules"]),
  	Task(forTarget: <none>, ruleInfo: ["CreateBuildDirectory", "/var/folders/xr/m5_5rlsd6l9fk2w4ngj13k6m0000gn/C/com.apple.DeveloperTools/26.4.1-17E202/Xcode/CompilationCache.noindex"]),
  	Task(forTarget: <none>, ruleInfo: ["Gate", "WorkspaceHeaderMapVFSFilesWritten"]),
  	Task(forTarget: <none>, ruleInfo: ["Gate", "target-TargetA-T-TargetA-20766--AppExtensionInfoPlistGeneratorTaskProducer"]),
  	Task(forTarget: <none>, ruleInfo: ["Gate", "target-TargetA-T-TargetA-20766--AppIntentsMetadataTaskProducer"]),
  	Task(forTarget: <none>, ruleInfo: ["Gate", "target-TargetA-T-TargetA-20766--Barrier-ChangeAlternatePermissions"]),
  	Task(forTarget: <none>, ruleInfo: ["Gate", "target-TargetA-T-TargetA-20766--Barrier-ChangePermissions"]),
  	Task(forTarget: <none>, ruleInfo: ["Gate", "target-TargetA-T-TargetA-20766--Barrier-CodeSign"]),
  	Task(forTarget: <none>, ruleInfo: ["Gate", "target-TargetA-T-TargetA-20766--Barrier-CopyAside"]),
  	Task(forTarget: <none>, ruleInfo: ["Gate", "target-TargetA-T-TargetA-20766--Barrier-GenerateStubAPI"]),
  	Task(forTarget: <none>, ruleInfo: ["Gate", "target-TargetA-T-TargetA-20766--Barrier-RegisterExecutionPolicyException"]),
  	Task(forTarget: <none>, ruleInfo: ["Gate", "target-TargetA-T-TargetA-20766--Barrier-RegisterProduct"]),
  	Task(forTarget: <none>, ruleInfo: ["Gate", "target-TargetA-T-TargetA-20766--Barrier-StripSymbols"]),
  	Task(forTarget: <none>, ruleInfo: ["Gate", "target-TargetA-T-TargetA-20766--Barrier-Validate"]),
  	Task(forTarget: <none>, ruleInfo: ["Gate", "target-TargetA-T-TargetA-20766--CopySwiftPackageResourcesTaskProducer"]),
  	Task(forTarget: <none>, ruleInfo: ["Gate", "target-TargetA-T-TargetA-20766--CustomTaskProducer"]),
  	Task(forTarget: <none>, ruleInfo: ["Gate", "target-TargetA-T-TargetA-20766--DocumentationTaskProducer"]),
  	Task(forTarget: <none>, ruleInfo: ["Gate", "target-TargetA-T-TargetA-20766--ExtensionPointExtractorTaskProducer"]),
  	Task(forTarget: <none>, ruleInfo: ["Gate", "target-TargetA-T-TargetA-20766--GenerateAppPlaygroundAssetCatalogTaskProducer"]),
  	Task(forTarget: <none>, ruleInfo: ["Gate", "target-TargetA-T-TargetA-20766--GeneratedFilesTaskProducer"]),
  	Task(forTarget: <none>, ruleInfo: ["Gate", "target-TargetA-T-TargetA-20766--HeadermapTaskProducer"]),
  	Task(forTarget: <none>, ruleInfo: ["Gate", "target-TargetA-T-TargetA-20766--InfoPlistTaskProducer"]),
  	Task(forTarget: <none>, ruleInfo: ["Gate", "target-TargetA-T-TargetA-20766--ModuleMapTaskProducer"]),
  	Task(forTarget: <none>, ruleInfo: ["Gate", "target-TargetA-T-TargetA-20766--ModuleVerifierTaskProducer"]),
  	Task(forTarget: <none>, ruleInfo: ["Gate", "target-TargetA-T-TargetA-20766--ProductPostprocessingTaskProducer"]),
  	Task(forTarget: <none>, ruleInfo: ["Gate", "target-TargetA-T-TargetA-20766--ProductStructureTaskProducer"]),
  	Task(forTarget: <none>, ruleInfo: ["Gate", "target-TargetA-T-TargetA-20766--RealityAssetsTaskProducer"]),
  	Task(forTarget: <none>, ruleInfo: ["Gate", "target-TargetA-T-TargetA-20766--SanitizerTaskProducer"]),
  	Task(forTarget: <none>, ruleInfo: ["Gate", "target-TargetA-T-TargetA-20766--StubBinaryTaskProducer"]),
  	Task(forTarget: <none>, ruleInfo: ["Gate", "target-TargetA-T-TargetA-20766--SwiftABIBaselineGenerationTaskProducer"]),
  	Task(forTarget: <none>, ruleInfo: ["Gate", "target-TargetA-T-TargetA-20766--SwiftFrameworkABICheckerTaskProducer"]),
  	Task(forTarget: <none>, ruleInfo: ["Gate", "target-TargetA-T-TargetA-20766--SwiftPackageCopyFilesTaskProducer"]),
  	Task(forTarget: <none>, ruleInfo: ["Gate", "target-TargetA-T-TargetA-20766--SwiftStandardLibrariesTaskProducer"]),
  	Task(forTarget: <none>, ruleInfo: ["Gate", "target-TargetA-T-TargetA-20766--TAPISymbolExtractorTaskProducer"]),
  	Task(forTarget: <none>, ruleInfo: ["Gate", "target-TargetA-T-TargetA-20766--TestEntryPointTaskProducerFactory"]),
  	Task(forTarget: <none>, ruleInfo: ["Gate", "target-TargetA-T-TargetA-20766--TestHostTaskProducer"]),
  	Task(forTarget: <none>, ruleInfo: ["Gate", "target-TargetA-T-TargetA-20766--TestTargetPostprocessingTaskProducer"]),
  	Task(forTarget: <none>, ruleInfo: ["Gate", "target-TargetA-T-TargetA-20766--TestTargetTaskProducer"]),
  	Task(forTarget: <none>, ruleInfo: ["Gate", "target-TargetA-T-TargetA-20766--copy-headers-completion"]),
  	Task(forTarget: <none>, ruleInfo: ["Gate", "target-TargetA-T-TargetA-20766--fused-phase0-compile-sources"]),
  	Task(forTarget: <none>, ruleInfo: ["Gate", "target-TargetA-T-TargetA-20766--generated-headers"]),
  	Task(forTarget: <none>, ruleInfo: ["Gate", "target-TargetA-T-TargetA-20766--swift-generated-headers"]),
  	Task(forTarget: <none>, ruleInfo: ["Gate", "target-TargetB-T-TargetB-29606--AppExtensionInfoPlistGeneratorTaskProducer"]),
  	Task(forTarget: <none>, ruleInfo: ["Gate", "target-TargetB-T-TargetB-29606--AppIntentsMetadataTaskProducer"]),
  	Task(forTarget: <none>, ruleInfo: ["Gate", "target-TargetB-T-TargetB-29606--Barrier-ChangeAlternatePermissions"]),
  	Task(forTarget: <none>, ruleInfo: ["Gate", "target-TargetB-T-TargetB-29606--Barrier-ChangePermissions"]),
  	Task(forTarget: <none>, ruleInfo: ["Gate", "target-TargetB-T-TargetB-29606--Barrier-CodeSign"]),
  	Task(forTarget: <none>, ruleInfo: ["Gate", "target-TargetB-T-TargetB-29606--Barrier-CopyAside"]),
  	Task(forTarget: <none>, ruleInfo: ["Gate", "target-TargetB-T-TargetB-29606--Barrier-GenerateStubAPI"]),
  	Task(forTarget: <none>, ruleInfo: ["Gate", "target-TargetB-T-TargetB-29606--Barrier-RegisterExecutionPolicyException"]),
  	Task(forTarget: <none>, ruleInfo: ["Gate", "target-TargetB-T-TargetB-29606--Barrier-RegisterProduct"]),
  	Task(forTarget: <none>, ruleInfo: ["Gate", "target-TargetB-T-TargetB-29606--Barrier-StripSymbols"]),
  	Task(forTarget: <none>, ruleInfo: ["Gate", "target-TargetB-T-TargetB-29606--Barrier-Validate"]),
  	Task(forTarget: <none>, ruleInfo: ["Gate", "target-TargetB-T-TargetB-29606--CopySwiftPackageResourcesTaskProducer"]),
  	Task(forTarget: <none>, ruleInfo: ["Gate", "target-TargetB-T-TargetB-29606--CustomTaskProducer"]),
  	Task(forTarget: <none>, ruleInfo: ["Gate", "target-TargetB-T-TargetB-29606--DocumentationTaskProducer"]),
  	Task(forTarget: <none>, ruleInfo: ["Gate", "target-TargetB-T-TargetB-29606--ExtensionPointExtractorTaskProducer"]),
  	Task(forTarget: <none>, ruleInfo: ["Gate", "target-TargetB-T-TargetB-29606--GenerateAppPlaygroundAssetCatalogTaskProducer"]),
  	Task(forTarget: <none>, ruleInfo: ["Gate", "target-TargetB-T-TargetB-29606--GeneratedFilesTaskProducer"]),
  	Task(forTarget: <none>, ruleInfo: ["Gate", "target-TargetB-T-TargetB-29606--HeadermapTaskProducer"]),
  	Task(forTarget: <none>, ruleInfo: ["Gate", "target-TargetB-T-TargetB-29606--InfoPlistTaskProducer"]),
  	Task(forTarget: <none>, ruleInfo: ["Gate", "target-TargetB-T-TargetB-29606--ModuleMapTaskProducer"]),
  	Task(forTarget: <none>, ruleInfo: ["Gate", "target-TargetB-T-TargetB-29606--ModuleVerifierTaskProducer"]),
  	Task(forTarget: <none>, ruleInfo: ["Gate", "target-TargetB-T-TargetB-29606--ProductPostprocessingTaskProducer"]),
  	Task(forTarget: <none>, ruleInfo: ["Gate", "target-TargetB-T-TargetB-29606--ProductStructureTaskProducer"]),
  	Task(forTarget: <none>, ruleInfo: ["Gate", "target-TargetB-T-TargetB-29606--RealityAssetsTaskProducer"]),
  	Task(forTarget: <none>, ruleInfo: ["Gate", "target-TargetB-T-TargetB-29606--SanitizerTaskProducer"]),
  	Task(forTarget: <none>, ruleInfo: ["Gate", "target-TargetB-T-TargetB-29606--StubBinaryTaskProducer"]),
  	Task(forTarget: <none>, ruleInfo: ["Gate", "target-TargetB-T-TargetB-29606--SwiftABIBaselineGenerationTaskProducer"]),
  	Task(forTarget: <none>, ruleInfo: ["Gate", "target-TargetB-T-TargetB-29606--SwiftFrameworkABICheckerTaskProducer"]),
  	Task(forTarget: <none>, ruleInfo: ["Gate", "target-TargetB-T-TargetB-29606--SwiftPackageCopyFilesTaskProducer"]),
  	Task(forTarget: <none>, ruleInfo: ["Gate", "target-TargetB-T-TargetB-29606--SwiftStandardLibrariesTaskProducer"]),
  	Task(forTarget: <none>, ruleInfo: ["Gate", "target-TargetB-T-TargetB-29606--TAPISymbolExtractorTaskProducer"]),
  	Task(forTarget: <none>, ruleInfo: ["Gate", "target-TargetB-T-TargetB-29606--TestEntryPointTaskProducerFactory"]),
  	Task(forTarget: <none>, ruleInfo: ["Gate", "target-TargetB-T-TargetB-29606--TestHostTaskProducer"]),
  	Task(forTarget: <none>, ruleInfo: ["Gate", "target-TargetB-T-TargetB-29606--TestTargetPostprocessingTaskProducer"]),
  	Task(forTarget: <none>, ruleInfo: ["Gate", "target-TargetB-T-TargetB-29606--TestTargetTaskProducer"]),
  	Task(forTarget: <none>, ruleInfo: ["Gate", "target-TargetB-T-TargetB-29606--copy-headers-completion"]),
  	Task(forTarget: <none>, ruleInfo: ["Gate", "target-TargetB-T-TargetB-29606--fused-phase0-compile-sources&link-binary"]),
  	Task(forTarget: <none>, ruleInfo: ["Gate", "target-TargetB-T-TargetB-29606--generated-headers"]),
  	Task(forTarget: <none>, ruleInfo: ["Gate", "target-TargetB-T-TargetB-29606--swift-generated-headers"]),
  	Task(forTarget: <none>, ruleInfo: ["SwiftExplicitDependencyCompileModuleFromInterface", "arm64", "/private/var/folders/xr/m5_5rlsd6l9fk2w4ngj13k6m0000gn/T/swbuild.tmp.p2K35VBX/Data.noindex/Test/aProject/build/SwiftExplicitPrecompiledModules/Swift-31DUUYE8HNF3G.swiftmodule"]),
  	Task(forTarget: <none>, ruleInfo: ["SwiftExplicitDependencyCompileModuleFromInterface", "arm64", "/private/var/folders/xr/m5_5rlsd6l9fk2w4ngj13k6m0000gn/T/swbuild.tmp.p2K35VBX/Data.noindex/Test/aProject/build/SwiftExplicitPrecompiledModules/_Concurrency-1SF9RCU1JWIRU.swiftmodule"]),
  	Task(forTarget: <none>, ruleInfo: ["SwiftExplicitDependencyCompileModuleFromInterface", "arm64", "/private/var/folders/xr/m5_5rlsd6l9fk2w4ngj13k6m0000gn/T/swbuild.tmp.p2K35VBX/Data.noindex/Test/aProject/build/SwiftExplicitPrecompiledModules/_StringProcessing-2MXU3J6Y749BD.swiftmodule"]),
  	Task(forTarget: <none>, ruleInfo: ["SwiftExplicitDependencyCompileModuleFromInterface", "arm64", "/private/var/folders/xr/m5_5rlsd6l9fk2w4ngj13k6m0000gn/T/swbuild.tmp.p2K35VBX/Data.noindex/Test/bProject/build/SwiftExplicitPrecompiledModules/Swift-31DUUYE8HNF3G.swiftmodule"]),
  	Task(forTarget: <none>, ruleInfo: ["SwiftExplicitDependencyCompileModuleFromInterface", "arm64", "/private/var/folders/xr/m5_5rlsd6l9fk2w4ngj13k6m0000gn/T/swbuild.tmp.p2K35VBX/Data.noindex/Test/bProject/build/SwiftExplicitPrecompiledModules/_Concurrency-1SF9RCU1JWIRU.swiftmodule"]),
  	Task(forTarget: <none>, ruleInfo: ["SwiftExplicitDependencyCompileModuleFromInterface", "arm64", "/private/var/folders/xr/m5_5rlsd6l9fk2w4ngj13k6m0000gn/T/swbuild.tmp.p2K35VBX/Data.noindex/Test/bProject/build/SwiftExplicitPrecompiledModules/_StringProcessing-2MXU3J6Y749BD.swiftmodule"]),
  	Task(forTarget: <none>, ruleInfo: ["SwiftExplicitDependencyGeneratePcm", "arm64", "/private/var/folders/xr/m5_5rlsd6l9fk2w4ngj13k6m0000gn/T/swbuild.tmp.p2K35VBX/Data.noindex/Test/aProject/build/SwiftExplicitPrecompiledModules/SwiftShims-D80889OB6772EMIM46C08B0T9.pcm"]),
  	Task(forTarget: <none>, ruleInfo: ["SwiftExplicitDependencyGeneratePcm", "arm64", "/private/var/folders/xr/m5_5rlsd6l9fk2w4ngj13k6m0000gn/T/swbuild.tmp.p2K35VBX/Data.noindex/Test/aProject/build/SwiftExplicitPrecompiledModules/_SwiftConcurrencyShims-CZAEMFM3UERZTKE562OWFXL9Y.pcm"]),
  	Task(forTarget: <none>, ruleInfo: ["SwiftExplicitDependencyGeneratePcm", "arm64", "/private/var/folders/xr/m5_5rlsd6l9fk2w4ngj13k6m0000gn/T/swbuild.tmp.p2K35VBX/Data.noindex/Test/bProject/build/SwiftExplicitPrecompiledModules/SwiftShims-D80889OB6772EMIM46C08B0T9.pcm"]),
  	Task(forTarget: <none>, ruleInfo: ["SwiftExplicitDependencyGeneratePcm", "arm64", "/private/var/folders/xr/m5_5rlsd6l9fk2w4ngj13k6m0000gn/T/swbuild.tmp.p2K35VBX/Data.noindex/Test/bProject/build/SwiftExplicitPrecompiledModules/_SwiftConcurrencyShims-CZAEMFM3UERZTKE562OWFXL9Y.pcm"]),
  	Task(forTarget: <none>, ruleInfo: ["WriteAuxiliaryFile", "/private/var/folders/xr/m5_5rlsd6l9fk2w4ngj13k6m0000gn/T/swbuild.tmp.p2K35VBX/Data.noindex/Test/aProject/build/aProject.build/Debug/aProject-P20767-VFS/all-product-headers.yaml"]),
  	Task(forTarget: <none>, ruleInfo: ["WriteAuxiliaryFile", "/private/var/folders/xr/m5_5rlsd6l9fk2w4ngj13k6m0000gn/T/swbuild.tmp.p2K35VBX/Data.noindex/Test/bProject/build/bProject.build/Debug/bProject-P29607-VFS/all-product-headers.yaml"])'
↳ Occasionally fails in CI due to SwiftExplicitDependencyCompileModuleFromInterface missing from the dependency graph
━ Test explicitBuildWithMultipleProjects(arch:) recorded a known issue with 1 argument arch → "arm64" at SwiftDriverTests.swift:1441:34: Issue recorded
↳ unable to find any task matching conditions '[Rule matches [SWBTestSupport.StringPattern.equal("SwiftExplicitDependencyCompileModuleFromInterface"), SWBTestSupport.StringPattern.equal("normal"), SWBTestSupport.StringPattern.equal("arm64"), SWBTestSupport.StringPattern.contains("Swift")], CommandLineArguments contains Swift, CommandLineArguments match contains("aProject/build/SwiftExplicitPrecompiledModules/Swift")]', among tasks: 'Task(forTarget: TargetA, ruleInfo: ["Copy", "/private/var/folders/xr/m5_5rlsd6l9fk2w4ngj13k6m0000gn/T/swbuild.tmp.p2K35VBX/Data.noindex/Test/aProject/build/Debug/TargetA.framework/Versions/A/Modules/TargetA.swiftmodule/Project/arm64-apple-macos.swiftsourceinfo", "/private/var/folders/xr/m5_5rlsd6l9fk2w4ngj13k6m0000gn/T/swbuild.tmp.p2K35VBX/Data.noindex/Test/aProject/build/aProject.build/Debug/TargetA.build/Objects-normal/arm64/TargetA.swiftsourceinfo"]),
  	Task(forTarget: TargetA, ruleInfo: ["Copy", "/private/var/folders/xr/m5_5rlsd6l9fk2w4ngj13k6m0000gn/T/swbuild.tmp.p2K35VBX/Data.noindex/Test/aProject/build/Debug/TargetA.framework/Versions/A/Modules/TargetA.swiftmodule/arm64-apple-macos.abi.json", "/private/var/folders/xr/m5_5rlsd6l9fk2w4ngj13k6m0000gn/T/swbuild.tmp.p2K35VBX/Data.noindex/Test/aProject/build/aProject.build/Debug/TargetA.build/Objects-normal/arm64/TargetA.abi.json"]),
  	Task(forTarget: TargetA, ruleInfo: ["Copy", "/private/var/folders/xr/m5_5rlsd6l9fk2w4ngj13k6m0000gn/T/swbuild.tmp.p2K35VBX/Data.noindex/Test/aProject/build/Debug/TargetA.framework/Versions/A/Modules/TargetA.swiftmodule/arm64-apple-macos.swiftdoc", "/private/var/folders/xr/m5_5rlsd6l9fk2w4ngj13k6m0000gn/T/swbuild.tmp.p2K35VBX/Data.noindex/Test/aProject/build/aProject.build/Debug/TargetA.build/Objects-normal/arm64/TargetA.swiftdoc"]),
  	Task(forTarget: TargetA, ruleInfo: ["Copy", "/private/var/folders/xr/m5_5rlsd6l9fk2w4ngj13k6m0000gn/T/swbuild.tmp.p2K35VBX/Data.noindex/Test/aProject/build/Debug/TargetA.framework/Versions/A/Modules/TargetA.swiftmodule/arm64-apple-macos.swiftmodule", "/private/var/folders/xr/m5_5rlsd6l9fk2w4ngj13k6m0000gn/T/swbuild.tmp.p2K35VBX/Data.noindex/Test/aProject/build/aProject.build/Debug/TargetA.build/Objects-normal/arm64/TargetA.swiftmodule"]),
  	Task(forTarget: TargetA, ruleInfo: ["ExtractAppIntentsMetadata"]),
  	Task(forTarget: TargetA, ruleInfo: ["Gate", "target-TargetA-T-TargetA-20766--begin-compiling"]),
  	Task(forTarget: TargetA, ruleInfo: ["Gate", "target-TargetA-T-TargetA-20766--begin-linking"]),
  	Task(forTarget: TargetA, ruleInfo: ["Gate", "target-TargetA-T-TargetA-20766--begin-scanning"]),
  	Task(forTarget: TargetA, ruleInfo: ["Gate", "target-TargetA-T-TargetA-20766--end"]),
  	Task(forTarget: TargetA, ruleInfo: ["Gate", "target-TargetA-T-TargetA-20766--entry"]),
  	Task(forTarget: TargetA, ruleInfo: ["Gate", "target-TargetA-T-TargetA-20766--immediate"]),
  	Task(forTarget: TargetA, ruleInfo: ["Gate", "target-TargetA-T-TargetA-20766--linker-inputs-ready"]),
  	Task(forTarget: TargetA, ruleInfo: ["Gate", "target-TargetA-T-TargetA-20766--modules-ready"]),
  	Task(forTarget: TargetA, ruleInfo: ["Gate", "target-TargetA-T-TargetA-20766--unsigned-product-ready"]),
  	Task(forTarget: TargetA, ruleInfo: ["Gate", "target-TargetA-T-TargetA-20766--will-sign"]),
  	Task(forTarget: TargetA, ruleInfo: ["GenerateTAPI", "/private/var/folders/xr/m5_5rlsd6l9fk2w4ngj13k6m0000gn/T/swbuild.tmp.p2K35VBX/Data.noindex/Test/aProject/build/EagerLinkingTBDs/Debug/TargetA.framework/Versions/A/TargetA.tbd"]),
  	Task(forTarget: TargetA, ruleInfo: ["Ld", "/private/var/folders/xr/m5_5rlsd6l9fk2w4ngj13k6m0000gn/T/swbuild.tmp.p2K35VBX/Data.noindex/Test/aProject/build/Debug/TargetA.framework/Versions/A/TargetA", "normal"]),
  	Task(forTarget: TargetA, ruleInfo: ["MkDir", "/private/var/folders/xr/m5_5rlsd6l9fk2w4ngj13k6m0000gn/T/swbuild.tmp.p2K35VBX/Data.noindex/Test/aProject/build/Debug/TargetA.framework"]),
  	Task(forTarget: TargetA, ruleInfo: ["MkDir", "/private/var/folders/xr/m5_5rlsd6l9fk2w4ngj13k6m0000gn/T/swbuild.tmp.p2K35VBX/Data.noindex/Test/aProject/build/Debug/TargetA.framework/Versions"]),
  	Task(forTarget: TargetA, ruleInfo: ["MkDir", "/private/var/folders/xr/m5_5rlsd6l9fk2w4ngj13k6m0000gn/T/swbuild.tmp.p2K35VBX/Data.noindex/Test/aProject/build/Debug/TargetA.framework/Versions/A"]),
  	Task(forTarget: TargetA, ruleInfo: ["MkDir", "/private/var/folders/xr/m5_5rlsd6l9fk2w4ngj13k6m0000gn/T/swbuild.tmp.p2K35VBX/Data.noindex/Test/aProject/build/Debug/TargetA.framework/Versions/A/Headers"]),
  	Task(forTarget: TargetA, ruleInfo: ["RegisterExecutionPolicyException", "/private/var/folders/xr/m5_5rlsd6l9fk2w4ngj13k6m0000gn/T/swbuild.tmp.p2K35VBX/Data.noindex/Test/aProject/build/Debug/TargetA.framework"]),
  	Task(forTarget: TargetA, ruleInfo: ["SwiftCompile", "normal", "arm64", "Compiling file1.swift", "/private/var/folders/xr/m5_5rlsd6l9fk2w4ngj13k6m0000gn/T/swbuild.tmp.p2K35VBX/Data.noindex/Test/aProject/Sources/file1.swift"]),
  	Task(forTarget: TargetA, ruleInfo: ["SwiftCompile", "normal", "arm64", "Compiling file2.swift", "/private/var/folders/xr/m5_5rlsd6l9fk2w4ngj13k6m0000gn/T/swbuild.tmp.p2K35VBX/Data.noindex/Test/aProject/Sources/file2.swift"]),
  	Task(forTarget: TargetA, ruleInfo: ["SwiftDriver", "TargetA", "normal", "arm64", "com.apple.xcode.tools.swift.compiler"]),
  	Task(forTarget: TargetA, ruleInfo: ["SwiftDriver Compilation", "TargetA", "normal", "arm64", "com.apple.xcode.tools.swift.compiler"]),
  	Task(forTarget: TargetA, ruleInfo: ["SwiftDriver Compilation Requirements", "TargetA", "normal", "arm64", "com.apple.xcode.tools.swift.compiler"]),
  	Task(forTarget: TargetA, ruleInfo: ["SwiftEmitModule", "normal", "arm64", "Emitting module for TargetA"]),
  	Task(forTarget: TargetA, ruleInfo: ["SwiftMergeGeneratedHeaders", "/private/var/folders/xr/m5_5rlsd6l9fk2w4ngj13k6m0000gn/T/swbuild.tmp.p2K35VBX/Data.noindex/Test/aProject/build/Debug/TargetA.framework/Versions/A/Headers/TargetA-Swift.h", "/private/var/folders/xr/m5_5rlsd6l9fk2w4ngj13k6m0000gn/T/swbuild.tmp.p2K35VBX/Data.noindex/Test/aProject/build/aProject.build/Debug/TargetA.build/Objects-normal/arm64/TargetA-Swift.h"]),
  	Task(forTarget: TargetA, ruleInfo: ["SymLink", "/private/var/folders/xr/m5_5rlsd6l9fk2w4ngj13k6m0000gn/T/swbuild.tmp.p2K35VBX/Data.noindex/Test/aProject/build/Debug/TargetA.framework/Headers", "Versions/Current/Headers"]),
  	Task(forTarget: TargetA, ruleInfo: ["SymLink", "/private/var/folders/xr/m5_5rlsd6l9fk2w4ngj13k6m0000gn/T/swbuild.tmp.p2K35VBX/Data.noindex/Test/aProject/build/Debug/TargetA.framework/Modules", "Versions/Current/Modules"]),
  	Task(forTarget: TargetA, ruleInfo: ["SymLink", "/private/var/folders/xr/m5_5rlsd6l9fk2w4ngj13k6m0000gn/T/swbuild.tmp.p2K35VBX/Data.noindex/Test/aProject/build/Debug/TargetA.framework/TargetA", "Versions/Current/TargetA"]),
  	Task(forTarget: TargetA, ruleInfo: ["SymLink", "/private/var/folders/xr/m5_5rlsd6l9fk2w4ngj13k6m0000gn/T/swbuild.tmp.p2K35VBX/Data.noindex/Test/aProject/build/Debug/TargetA.framework/Versions/Current", "A"]),
  	Task(forTarget: TargetA, ruleInfo: ["SymLink", "/private/var/folders/xr/m5_5rlsd6l9fk2w4ngj13k6m0000gn/T/swbuild.tmp.p2K35VBX/Data.noindex/Test/aProject/build/EagerLinkingTBDs/Debug/TargetA.framework/TargetA.tbd", "/private/var/folders/xr/m5_5rlsd6l9fk2w4ngj13k6m0000gn/T/swbuild.tmp.p2K35VBX/Data.noindex/Test/aProject/build/EagerLinkingTBDs/Debug/TargetA.framework/Versions/A/TargetA.tbd"]),
  	Task(forTarget: TargetA, ruleInfo: ["Touch", "/private/var/folders/xr/m5_5rlsd6l9fk2w4ngj13k6m0000gn/T/swbuild.tmp.p2K35VBX/Data.noindex/Test/aProject/build/Debug/TargetA.framework"]),
  	Task(forTarget: TargetA, ruleInfo: ["WriteAuxiliaryFile", "/private/var/folders/xr/m5_5rlsd6l9fk2w4ngj13k6m0000gn/T/swbuild.tmp.p2K35VBX/Data.noindex/Test/aProject/build/aProject.build/Debug/TargetA.build/Objects-normal/arm64/TargetA-OutputFileMap.json"]),
  	Task(forTarget: TargetA, ruleInfo: ["WriteAuxiliaryFile", "/private/var/folders/xr/m5_5rlsd6l9fk2w4ngj13k6m0000gn/T/swbuild.tmp.p2K35VBX/Data.noindex/Test/aProject/build/aProject.build/Debug/TargetA.build/Objects-normal/arm64/TargetA.LinkFileList"]),
  	Task(forTarget: TargetA, ruleInfo: ["WriteAuxiliaryFile", "/private/var/folders/xr/m5_5rlsd6l9fk2w4ngj13k6m0000gn/T/swbuild.tmp.p2K35VBX/Data.noindex/Test/aProject/build/aProject.build/Debug/TargetA.build/Objects-normal/arm64/TargetA.SwiftConstValuesFileList"]),
  	Task(forTarget: TargetA, ruleInfo: ["WriteAuxiliaryFile", "/private/var/folders/xr/m5_5rlsd6l9fk2w4ngj13k6m0000gn/T/swbuild.tmp.p2K35VBX/Data.noindex/Test/aProject/build/aProject.build/Debug/TargetA.build/Objects-normal/arm64/TargetA.SwiftFileList"]),
  	Task(forTarget: TargetA, ruleInfo: ["WriteAuxiliaryFile", "/private/var/folders/xr/m5_5rlsd6l9fk2w4ngj13k6m0000gn/T/swbuild.tmp.p2K35VBX/Data.noindex/Test/aProject/build/aProject.build/Debug/TargetA.build/Objects-normal/arm64/TargetA_const_extract_protocols.json"]),
  	Task(forTarget: TargetA, ruleInfo: ["WriteAuxiliaryFile", "/private/var/folders/xr/m5_5rlsd6l9fk2w4ngj13k6m0000gn/T/swbuild.tmp.p2K35VBX/Data.noindex/Test/aProject/build/aProject.build/Debug/TargetA.build/TargetA-all-non-framework-target-headers.hmap"]),
  	Task(forTarget: TargetA, ruleInfo: ["WriteAuxiliaryFile", "/private/var/folders/xr/m5_5rlsd6l9fk2w4ngj13k6m0000gn/T/swbuild.tmp.p2K35VBX/Data.noindex/Test/aProject/build/aProject.build/Debug/TargetA.build/TargetA-all-target-headers.hmap"]),
  	Task(forTarget: TargetA, ruleInfo: ["WriteAuxiliaryFile", "/private/var/folders/xr/m5_5rlsd6l9fk2w4ngj13k6m0000gn/T/swbuild.tmp.p2K35VBX/Data.noindex/Test/aProject/build/aProject.build/Debug/TargetA.build/TargetA-generated-files.hmap"]),
  	Task(forTarget: TargetA, ruleInfo: ["WriteAuxiliaryFile", "/private/var/folders/xr/m5_5rlsd6l9fk2w4ngj13k6m0000gn/T/swbuild.tmp.p2K35VBX/Data.noindex/Test/aProject/build/aProject.build/Debug/TargetA.build/TargetA-own-target-headers.hmap"]),
  	Task(forTarget: TargetA, ruleInfo: ["WriteAuxiliaryFile", "/private/var/folders/xr/m5_5rlsd6l9fk2w4ngj13k6m0000gn/T/swbuild.tmp.p2K35VBX/Data.noindex/Test/aProject/build/aProject.build/Debug/TargetA.build/TargetA-project-headers.hmap"]),
  	Task(forTarget: TargetA, ruleInfo: ["WriteAuxiliaryFile", "/private/var/folders/xr/m5_5rlsd6l9fk2w4ngj13k6m0000gn/T/swbuild.tmp.p2K35VBX/Data.noindex/Test/aProject/build/aProject.build/Debug/TargetA.build/TargetA.DependencyMetadataFileList"]),
  	Task(forTarget: TargetA, ruleInfo: ["WriteAuxiliaryFile", "/private/var/folders/xr/m5_5rlsd6l9fk2w4ngj13k6m0000gn/T/swbuild.tmp.p2K35VBX/Data.noindex/Test/aProject/build/aProject.build/Debug/TargetA.build/TargetA.DependencyStaticMetadataFileList"]),
  	Task(forTarget: TargetA, ruleInfo: ["WriteAuxiliaryFile", "/private/var/folders/xr/m5_5rlsd6l9fk2w4ngj13k6m0000gn/T/swbuild.tmp.p2K35VBX/Data.noindex/Test/aProject/build/aProject.build/Debug/TargetA.build/TargetA.hmap"]),
  	Task(forTarget: TargetB, ruleInfo: ["Copy", "/private/var/folders/xr/m5_5rlsd6l9fk2w4ngj13k6m0000gn/T/swbuild.tmp.p2K35VBX/Data.noindex/Test/bProject/build/Debug/TargetB.framework/Versions/A/Modules/TargetB.swiftmodule/Project/arm64-apple-macos.swiftsourceinfo", "/private/var/folders/xr/m5_5rlsd6l9fk2w4ngj13k6m0000gn/T/swbuild.tmp.p2K35VBX/Data.noindex/Test/bProject/build/bProject.build/Debug/TargetB.build/Objects-normal/arm64/TargetB.swiftsourceinfo"]),
  	Task(forTarget: TargetB, ruleInfo: ["Copy", "/private/var/folders/xr/m5_5rlsd6l9fk2w4ngj13k6m0000gn/T/swbuild.tmp.p2K35VBX/Data.noindex/Test/bProject/build/Debug/TargetB.framework/Versions/A/Modules/TargetB.swiftmodule/arm64-apple-macos.abi.json", "/private/var/folders/xr/m5_5rlsd6l9fk2w4ngj13k6m0000gn/T/swbuild.tmp.p2K35VBX/Data.noindex/Test/bProject/build/bProject.build/Debug/TargetB.build/Objects-normal/arm64/TargetB.abi.json"]),
  	Task(forTarget: TargetB, ruleInfo: ["Copy", "/private/var/folders/xr/m5_5rlsd6l9fk2w4ngj13k6m0000gn/T/swbuild.tmp.p2K35VBX/Data.noindex/Test/bProject/build/Debug/TargetB.framework/Versions/A/Modules/TargetB.swiftmodule/arm64-apple-macos.swiftdoc", "/private/var/folders/xr/m5_5rlsd6l9fk2w4ngj13k6m0000gn/T/swbuild.tmp.p2K35VBX/Data.noindex/Test/bProject/build/bProject.build/Debug/TargetB.build/Objects-normal/arm64/TargetB.swiftdoc"]),
  	Task(forTarget: TargetB, ruleInfo: ["Copy", "/private/var/folders/xr/m5_5rlsd6l9fk2w4ngj13k6m0000gn/T/swbuild.tmp.p2K35VBX/Data.noindex/Test/bProject/build/Debug/TargetB.framework/Versions/A/Modules/TargetB.swiftmodule/arm64-apple-macos.swiftmodule", "/private/var/folders/xr/m5_5rlsd6l9fk2w4ngj13k6m0000gn/T/swbuild.tmp.p2K35VBX/Data.noindex/Test/bProject/build/bProject.build/Debug/TargetB.build/Objects-normal/arm64/TargetB.swiftmodule"]),
  	Task(forTarget: TargetB, ruleInfo: ["ExtractAppIntentsMetadata"]),
  	Task(forTarget: TargetB, ruleInfo: ["Gate", "target-TargetB-T-TargetB-29606--begin-compiling"]),
  	Task(forTarget: TargetB, ruleInfo: ["Gate", "target-TargetB-T-TargetB-29606--begin-linking"]),
  	Task(forTarget: TargetB, ruleInfo: ["Gate", "target-TargetB-T-TargetB-29606--begin-scanning"]),
  	Task(forTarget: TargetB, ruleInfo: ["Gate", "target-TargetB-T-TargetB-29606--end"]),
  	Task(forTarget: TargetB, ruleInfo: ["Gate", "target-TargetB-T-TargetB-29606--entry"]),
  	Task(forTarget: TargetB, ruleInfo: ["Gate", "target-TargetB-T-TargetB-29606--immediate"]),
  	Task(forTarget: TargetB, ruleInfo: ["Gate", "target-TargetB-T-TargetB-29606--linker-inputs-ready"]),
  	Task(forTarget: TargetB, ruleInfo: ["Gate", "target-TargetB-T-TargetB-29606--modules-ready"]),
  	Task(forTarget: TargetB, ruleInfo: ["Gate", "target-TargetB-T-TargetB-29606--unsigned-product-ready"]),
  	Task(forTarget: TargetB, ruleInfo: ["Gate", "target-TargetB-T-TargetB-29606--will-sign"]),
  	Task(forTarget: TargetB, ruleInfo: ["GenerateTAPI", "/private/var/folders/xr/m5_5rlsd6l9fk2w4ngj13k6m0000gn/T/swbuild.tmp.p2K35VBX/Data.noindex/Test/bProject/build/EagerLinkingTBDs/Debug/TargetB.framework/Versions/A/TargetB.tbd"]),
  	Task(forTarget: TargetB, ruleInfo: ["Ld", "/private/var/folders/xr/m5_5rlsd6l9fk2w4ngj13k6m0000gn/T/swbuild.tmp.p2K35VBX/Data.noindex/Test/bProject/build/Debug/TargetB.framework/Versions/A/TargetB", "normal"]),
  	Task(forTarget: TargetB, ruleInfo: ["MkDir", "/private/var/folders/xr/m5_5rlsd6l9fk2w4ngj13k6m0000gn/T/swbuild.tmp.p2K35VBX/Data.noindex/Test/bProject/build/Debug/TargetB.framework"]),
  	Task(forTarget: TargetB, ruleInfo: ["MkDir", "/private/var/folders/xr/m5_5rlsd6l9fk2w4ngj13k6m0000gn/T/swbuild.tmp.p2K35VBX/Data.noindex/Test/bProject/build/Debug/TargetB.framework/Versions"]),
  	Task(forTarget: TargetB, ruleInfo: ["MkDir", "/private/var/folders/xr/m5_5rlsd6l9fk2w4ngj13k6m0000gn/T/swbuild.tmp.p2K35VBX/Data.noindex/Test/bProject/build/Debug/TargetB.framework/Versions/A"]),
  	Task(forTarget: TargetB, ruleInfo: ["MkDir", "/private/var/folders/xr/m5_5rlsd6l9fk2w4ngj13k6m0000gn/T/swbuild.tmp.p2K35VBX/Data.noindex/Test/bProject/build/Debug/TargetB.framework/Versions/A/Headers"]),
  	Task(forTarget: TargetB, ruleInfo: ["RegisterExecutionPolicyException", "/private/var/folders/xr/m5_5rlsd6l9fk2w4ngj13k6m0000gn/T/swbuild.tmp.p2K35VBX/Data.noindex/Test/bProject/build/Debug/TargetB.framework"]),
  	Task(forTarget: TargetB, ruleInfo: ["SwiftCompile", "normal", "arm64", "Compiling file3.swift", "/private/var/folders/xr/m5_5rlsd6l9fk2w4ngj13k6m0000gn/T/swbuild.tmp.p2K35VBX/Data.noindex/Test/bProject/Sources/file3.swift"]),
  	Task(forTarget: TargetB, ruleInfo: ["SwiftCompile", "normal", "arm64", "Compiling file4.swift", "/private/var/folders/xr/m5_5rlsd6l9fk2w4ngj13k6m0000gn/T/swbuild.tmp.p2K35VBX/Data.noindex/Test/bProject/Sources/file4.swift"]),
  	Task(forTarget: TargetB, ruleInfo: ["SwiftDriver", "TargetB", "normal", "arm64", "com.apple.xcode.tools.swift.compiler"]),
  	Task(forTarget: TargetB, ruleInfo: ["SwiftDriver Compilation", "TargetB", "normal", "arm64", "com.apple.xcode.tools.swift.compiler"]),
  	Task(forTarget: TargetB, ruleInfo: ["SwiftDriver Compilation Requirements", "TargetB", "normal", "arm64", "com.apple.xcode.tools.swift.compiler"]),
  	Task(forTarget: TargetB, ruleInfo: ["SwiftEmitModule", "normal", "arm64", "Emitting module for TargetB"]),
  	Task(forTarget: TargetB, ruleInfo: ["SwiftMergeGeneratedHeaders", "/private/var/folders/xr/m5_5rlsd6l9fk2w4ngj13k6m0000gn/T/swbuild.tmp.p2K35VBX/Data.noindex/Test/bProject/build/Debug/TargetB.framework/Versions/A/Headers/TargetB-Swift.h", "/private/var/folders/xr/m5_5rlsd6l9fk2w4ngj13k6m0000gn/T/swbuild.tmp.p2K35VBX/Data.noindex/Test/bProject/build/bProject.build/Debug/TargetB.build/Objects-normal/arm64/TargetB-Swift.h"]),
  	Task(forTarget: TargetB, ruleInfo: ["SymLink", "/private/var/folders/xr/m5_5rlsd6l9fk2w4ngj13k6m0000gn/T/swbuild.tmp.p2K35VBX/Data.noindex/Test/bProject/build/Debug/TargetB.framework/Headers", "Versions/Current/Headers"]),
  	Task(forTarget: TargetB, ruleInfo: ["SymLink", "/private/var/folders/xr/m5_5rlsd6l9fk2w4ngj13k6m0000gn/T/swbuild.tmp.p2K35VBX/Data.noindex/Test/bProject/build/Debug/TargetB.framework/Modules", "Versions/Current/Modules"]),
  	Task(forTarget: TargetB, ruleInfo: ["SymLink", "/private/var/folders/xr/m5_5rlsd6l9fk2w4ngj13k6m0000gn/T/swbuild.tmp.p2K35VBX/Data.noindex/Test/bProject/build/Debug/TargetB.framework/TargetB", "Versions/Current/TargetB"]),
  	Task(forTarget: TargetB, ruleInfo: ["SymLink", "/private/var/folders/xr/m5_5rlsd6l9fk2w4ngj13k6m0000gn/T/swbuild.tmp.p2K35VBX/Data.noindex/Test/bProject/build/Debug/TargetB.framework/Versions/Current", "A"]),
  	Task(forTarget: TargetB, ruleInfo: ["SymLink", "/private/var/folders/xr/m5_5rlsd6l9fk2w4ngj13k6m0000gn/T/swbuild.tmp.p2K35VBX/Data.noindex/Test/bProject/build/EagerLinkingTBDs/Debug/TargetB.framework/TargetB.tbd", "/private/var/folders/xr/m5_5rlsd6l9fk2w4ngj13k6m0000gn/T/swbuild.tmp.p2K35VBX/Data.noindex/Test/bProject/build/EagerLinkingTBDs/Debug/TargetB.framework/Versions/A/TargetB.tbd"]),
  	Task(forTarget: TargetB, ruleInfo: ["Touch", "/private/var/folders/xr/m5_5rlsd6l9fk2w4ngj13k6m0000gn/T/swbuild.tmp.p2K35VBX/Data.noindex/Test/bProject/build/Debug/TargetB.framework"]),
  	Task(forTarget: TargetB, ruleInfo: ["WriteAuxiliaryFile", "/private/var/folders/xr/m5_5rlsd6l9fk2w4ngj13k6m0000gn/T/swbuild.tmp.p2K35VBX/Data.noindex/Test/bProject/build/bProject.build/Debug/TargetB.build/Objects-normal/arm64/TargetB-OutputFileMap.json"]),
  	Task(forTarget: TargetB, ruleInfo: ["WriteAuxiliaryFile", "/private/var/folders/xr/m5_5rlsd6l9fk2w4ngj13k6m0000gn/T/swbuild.tmp.p2K35VBX/Data.noindex/Test/bProject/build/bProject.build/Debug/TargetB.build/Objects-normal/arm64/TargetB.LinkFileList"]),
  	Task(forTarget: TargetB, ruleInfo: ["WriteAuxiliaryFile", "/private/var/folders/xr/m5_5rlsd6l9fk2w4ngj13k6m0000gn/T/swbuild.tmp.p2K35VBX/Data.noindex/Test/bProject/build/bProject.build/Debug/TargetB.build/Objects-normal/arm64/TargetB.SwiftConstValuesFileList"]),
  	Task(forTarget: TargetB, ruleInfo: ["WriteAuxiliaryFile", "/private/var/folders/xr/m5_5rlsd6l9fk2w4ngj13k6m0000gn/T/swbuild.tmp.p2K35VBX/Data.noindex/Test/bProject/build/bProject.build/Debug/TargetB.build/Objects-normal/arm64/TargetB.SwiftFileList"]),
  	Task(forTarget: TargetB, ruleInfo: ["WriteAuxiliaryFile", "/private/var/folders/xr/m5_5rlsd6l9fk2w4ngj13k6m0000gn/T/swbuild.tmp.p2K35VBX/Data.noindex/Test/bProject/build/bProject.build/Debug/TargetB.build/Objects-normal/arm64/TargetB_const_extract_protocols.json"]),
  	Task(forTarget: TargetB, ruleInfo: ["WriteAuxiliaryFile", "/private/var/folders/xr/m5_5rlsd6l9fk2w4ngj13k6m0000gn/T/swbuild.tmp.p2K35VBX/Data.noindex/Test/bProject/build/bProject.build/Debug/TargetB.build/TargetB-all-non-framework-target-headers.hmap"]),
  	Task(forTarget: TargetB, ruleInfo: ["WriteAuxiliaryFile", "/private/var/folders/xr/m5_5rlsd6l9fk2w4ngj13k6m0000gn/T/swbuild.tmp.p2K35VBX/Data.noindex/Test/bProject/build/bProject.build/Debug/TargetB.build/TargetB-all-target-headers.hmap"]),
  	Task(forTarget: TargetB, ruleInfo: ["WriteAuxiliaryFile", "/private/var/folders/xr/m5_5rlsd6l9fk2w4ngj13k6m0000gn/T/swbuild.tmp.p2K35VBX/Data.noindex/Test/bProject/build/bProject.build/Debug/TargetB.build/TargetB-generated-files.hmap"]),
  	Task(forTarget: TargetB, ruleInfo: ["WriteAuxiliaryFile", "/private/var/folders/xr/m5_5rlsd6l9fk2w4ngj13k6m0000gn/T/swbuild.tmp.p2K35VBX/Data.noindex/Test/bProject/build/bProject.build/Debug/TargetB.build/TargetB-own-target-headers.hmap"]),
  	Task(forTarget: TargetB, ruleInfo: ["WriteAuxiliaryFile", "/private/var/folders/xr/m5_5rlsd6l9fk2w4ngj13k6m0000gn/T/swbuild.tmp.p2K35VBX/Data.noindex/Test/bProject/build/bProject.build/Debug/TargetB.build/TargetB-project-headers.hmap"]),
  	Task(forTarget: TargetB, ruleInfo: ["WriteAuxiliaryFile", "/private/var/folders/xr/m5_5rlsd6l9fk2w4ngj13k6m0000gn/T/swbuild.tmp.p2K35VBX/Data.noindex/Test/bProject/build/bProject.build/Debug/TargetB.build/TargetB.DependencyMetadataFileList"]),
  	Task(forTarget: TargetB, ruleInfo: ["WriteAuxiliaryFile", "/private/var/folders/xr/m5_5rlsd6l9fk2w4ngj13k6m0000gn/T/swbuild.tmp.p2K35VBX/Data.noindex/Test/bProject/build/bProject.build/Debug/TargetB.build/TargetB.DependencyStaticMetadataFileList"]),
  	Task(forTarget: TargetB, ruleInfo: ["WriteAuxiliaryFile", "/private/var/folders/xr/m5_5rlsd6l9fk2w4ngj13k6m0000gn/T/swbuild.tmp.p2K35VBX/Data.noindex/Test/bProject/build/bProject.build/Debug/TargetB.build/TargetB.hmap"]),
  	Task(forTarget: <none>, ruleInfo: ["ClangStatCache", "/Applications/Xcode17E.app/Contents/Developer/Toolchains/XcodeDefault.xctoolchain/usr/bin/clang-stat-cache", "/Applications/Xcode17E.app/Contents/Developer/Platforms/MacOSX.platform/Developer/SDKs/MacOSX26.4.sdk", "/private/var/folders/xr/m5_5rlsd6l9fk2w4ngj13k6m0000gn/T/swbuild.tmp.p2K35VBX/Data.noindex/Test/SDKStatCaches.noindex/macosx26.4-25E260-95aa6cf8f3effd57bda17e0c125410c0.sdkstatcache"]),
  	Task(forTarget: <none>, ruleInfo: ["CreateBuildDirectory", "/private/var/folders/xr/m5_5rlsd6l9fk2w4ngj13k6m0000gn/T/swbuild.tmp.p2K35VBX/Data.noindex/Test/aProject/build"]),
  	Task(forTarget: <none>, ruleInfo: ["CreateBuildDirectory", "/private/var/folders/xr/m5_5rlsd6l9fk2w4ngj13k6m0000gn/T/swbuild.tmp.p2K35VBX/Data.noindex/Test/aProject/build/Debug"]),
  	Task(forTarget: <none>, ruleInfo: ["CreateBuildDirectory", "/private/var/folders/xr/m5_5rlsd6l9fk2w4ngj13k6m0000gn/T/swbuild.tmp.p2K35VBX/Data.noindex/Test/aProject/build/EagerLinkingTBDs/Debug"]),
  	Task(forTarget: <none>, ruleInfo: ["CreateBuildDirectory", "/private/var/folders/xr/m5_5rlsd6l9fk2w4ngj13k6m0000gn/T/swbuild.tmp.p2K35VBX/Data.noindex/Test/aProject/build/ExplicitPrecompiledModules"]),
  	Task(forTarget: <none>, ruleInfo: ["CreateBuildDirectory", "/private/var/folders/xr/m5_5rlsd6l9fk2w4ngj13k6m0000gn/T/swbuild.tmp.p2K35VBX/Data.noindex/Test/aProject/build/SharedPrecompiledHeaders"]),
  	Task(forTarget: <none>, ruleInfo: ["CreateBuildDirectory", "/private/var/folders/xr/m5_5rlsd6l9fk2w4ngj13k6m0000gn/T/swbuild.tmp.p2K35VBX/Data.noindex/Test/aProject/build/SwiftExplicitPrecompiledModules"]),
  	Task(forTarget: <none>, ruleInfo: ["CreateBuildDirectory", "/private/var/folders/xr/m5_5rlsd6l9fk2w4ngj13k6m0000gn/T/swbuild.tmp.p2K35VBX/Data.noindex/Test/bProject/build"]),
  	Task(forTarget: <none>, ruleInfo: ["CreateBuildDirectory", "/private/var/folders/xr/m5_5rlsd6l9fk2w4ngj13k6m0000gn/T/swbuild.tmp.p2K35VBX/Data.noindex/Test/bProject/build/Debug"]),
  	Task(forTarget: <none>, ruleInfo: ["CreateBuildDirectory", "/private/var/folders/xr/m5_5rlsd6l9fk2w4ngj13k6m0000gn/T/swbuild.tmp.p2K35VBX/Data.noindex/Test/bProject/build/EagerLinkingTBDs/Debug"]),
  	Task(forTarget: <none>, ruleInfo: ["CreateBuildDirectory", "/private/var/folders/xr/m5_5rlsd6l9fk2w4ngj13k6m0000gn/T/swbuild.tmp.p2K35VBX/Data.noindex/Test/bProject/build/ExplicitPrecompiledModules"]),
  	Task(forTarget: <none>, ruleInfo: ["CreateBuildDirectory", "/private/var/folders/xr/m5_5rlsd6l9fk2w4ngj13k6m0000gn/T/swbuild.tmp.p2K35VBX/Data.noindex/Test/bProject/build/SharedPrecompiledHeaders"]),
  	Task(forTarget: <none>, ruleInfo: ["CreateBuildDirectory", "/private/var/folders/xr/m5_5rlsd6l9fk2w4ngj13k6m0000gn/T/swbuild.tmp.p2K35VBX/Data.noindex/Test/bProject/build/SwiftExplicitPrecompiledModules"]),
  	Task(forTarget: <none>, ruleInfo: ["CreateBuildDirectory", "/var/folders/xr/m5_5rlsd6l9fk2w4ngj13k6m0000gn/C/com.apple.DeveloperTools/26.4.1-17E202/Xcode/CompilationCache.noindex"]),
  	Task(forTarget: <none>, ruleInfo: ["Gate", "WorkspaceHeaderMapVFSFilesWritten"]),
  	Task(forTarget: <none>, ruleInfo: ["Gate", "target-TargetA-T-TargetA-20766--AppExtensionInfoPlistGeneratorTaskProducer"]),
  	Task(forTarget: <none>, ruleInfo: ["Gate", "target-TargetA-T-TargetA-20766--AppIntentsMetadataTaskProducer"]),
  	Task(forTarget: <none>, ruleInfo: ["Gate", "target-TargetA-T-TargetA-20766--Barrier-ChangeAlternatePermissions"]),
  	Task(forTarget: <none>, ruleInfo: ["Gate", "target-TargetA-T-TargetA-20766--Barrier-ChangePermissions"]),
  	Task(forTarget: <none>, ruleInfo: ["Gate", "target-TargetA-T-TargetA-20766--Barrier-CodeSign"]),
  	Task(forTarget: <none>, ruleInfo: ["Gate", "target-TargetA-T-TargetA-20766--Barrier-CopyAside"]),
  	Task(forTarget: <none>, ruleInfo: ["Gate", "target-TargetA-T-TargetA-20766--Barrier-GenerateStubAPI"]),
  	Task(forTarget: <none>, ruleInfo: ["Gate", "target-TargetA-T-TargetA-20766--Barrier-RegisterExecutionPolicyException"]),
  	Task(forTarget: <none>, ruleInfo: ["Gate", "target-TargetA-T-TargetA-20766--Barrier-RegisterProduct"]),
  	Task(forTarget: <none>, ruleInfo: ["Gate", "target-TargetA-T-TargetA-20766--Barrier-StripSymbols"]),
  	Task(forTarget: <none>, ruleInfo: ["Gate", "target-TargetA-T-TargetA-20766--Barrier-Validate"]),
  	Task(forTarget: <none>, ruleInfo: ["Gate", "target-TargetA-T-TargetA-20766--CopySwiftPackageResourcesTaskProducer"]),
  	Task(forTarget: <none>, ruleInfo: ["Gate", "target-TargetA-T-TargetA-20766--CustomTaskProducer"]),
  	Task(forTarget: <none>, ruleInfo: ["Gate", "target-TargetA-T-TargetA-20766--DocumentationTaskProducer"]),
  	Task(forTarget: <none>, ruleInfo: ["Gate", "target-TargetA-T-TargetA-20766--ExtensionPointExtractorTaskProducer"]),
  	Task(forTarget: <none>, ruleInfo: ["Gate", "target-TargetA-T-TargetA-20766--GenerateAppPlaygroundAssetCatalogTaskProducer"]),
  	Task(forTarget: <none>, ruleInfo: ["Gate", "target-TargetA-T-TargetA-20766--GeneratedFilesTaskProducer"]),
  	Task(forTarget: <none>, ruleInfo: ["Gate", "target-TargetA-T-TargetA-20766--HeadermapTaskProducer"]),
  	Task(forTarget: <none>, ruleInfo: ["Gate", "target-TargetA-T-TargetA-20766--InfoPlistTaskProducer"]),
  	Task(forTarget: <none>, ruleInfo: ["Gate", "target-TargetA-T-TargetA-20766--ModuleMapTaskProducer"]),
  	Task(forTarget: <none>, ruleInfo: ["Gate", "target-TargetA-T-TargetA-20766--ModuleVerifierTaskProducer"]),
  	Task(forTarget: <none>, ruleInfo: ["Gate", "target-TargetA-T-TargetA-20766--ProductPostprocessingTaskProducer"]),
  	Task(forTarget: <none>, ruleInfo: ["Gate", "target-TargetA-T-TargetA-20766--ProductStructureTaskProducer"]),
  	Task(forTarget: <none>, ruleInfo: ["Gate", "target-TargetA-T-TargetA-20766--RealityAssetsTaskProducer"]),
  	Task(forTarget: <none>, ruleInfo: ["Gate", "target-TargetA-T-TargetA-20766--SanitizerTaskProducer"]),
  	Task(forTarget: <none>, ruleInfo: ["Gate", "target-TargetA-T-TargetA-20766--StubBinaryTaskProducer"]),
  	Task(forTarget: <none>, ruleInfo: ["Gate", "target-TargetA-T-TargetA-20766--SwiftABIBaselineGenerationTaskProducer"]),
  	Task(forTarget: <none>, ruleInfo: ["Gate", "target-TargetA-T-TargetA-20766--SwiftFrameworkABICheckerTaskProducer"]),
  	Task(forTarget: <none>, ruleInfo: ["Gate", "target-TargetA-T-TargetA-20766--SwiftPackageCopyFilesTaskProducer"]),
  	Task(forTarget: <none>, ruleInfo: ["Gate", "target-TargetA-T-TargetA-20766--SwiftStandardLibrariesTaskProducer"]),
  	Task(forTarget: <none>, ruleInfo: ["Gate", "target-TargetA-T-TargetA-20766--TAPISymbolExtractorTaskProducer"]),
  	Task(forTarget: <none>, ruleInfo: ["Gate", "target-TargetA-T-TargetA-20766--TestEntryPointTaskProducerFactory"]),
  	Task(forTarget: <none>, ruleInfo: ["Gate", "target-TargetA-T-TargetA-20766--TestHostTaskProducer"]),
  	Task(forTarget: <none>, ruleInfo: ["Gate", "target-TargetA-T-TargetA-20766--TestTargetPostprocessingTaskProducer"]),
  	Task(forTarget: <none>, ruleInfo: ["Gate", "target-TargetA-T-TargetA-20766--TestTargetTaskProducer"]),
  	Task(forTarget: <none>, ruleInfo: ["Gate", "target-TargetA-T-TargetA-20766--copy-headers-completion"]),
  	Task(forTarget: <none>, ruleInfo: ["Gate", "target-TargetA-T-TargetA-20766--fused-phase0-compile-sources"]),
  	Task(forTarget: <none>, ruleInfo: ["Gate", "target-TargetA-T-TargetA-20766--generated-headers"]),
  	Task(forTarget: <none>, ruleInfo: ["Gate", "target-TargetA-T-TargetA-20766--swift-generated-headers"]),
  	Task(forTarget: <none>, ruleInfo: ["Gate", "target-TargetB-T-TargetB-29606--AppExtensionInfoPlistGeneratorTaskProducer"]),
  	Task(forTarget: <none>, ruleInfo: ["Gate", "target-TargetB-T-TargetB-29606--AppIntentsMetadataTaskProducer"]),
  	Task(forTarget: <none>, ruleInfo: ["Gate", "target-TargetB-T-TargetB-29606--Barrier-ChangeAlternatePermissions"]),
  	Task(forTarget: <none>, ruleInfo: ["Gate", "target-TargetB-T-TargetB-29606--Barrier-ChangePermissions"]),
  	Task(forTarget: <none>, ruleInfo: ["Gate", "target-TargetB-T-TargetB-29606--Barrier-CodeSign"]),
  	Task(forTarget: <none>, ruleInfo: ["Gate", "target-TargetB-T-TargetB-29606--Barrier-CopyAside"]),
  	Task(forTarget: <none>, ruleInfo: ["Gate", "target-TargetB-T-TargetB-29606--Barrier-GenerateStubAPI"]),
  	Task(forTarget: <none>, ruleInfo: ["Gate", "target-TargetB-T-TargetB-29606--Barrier-RegisterExecutionPolicyException"]),
  	Task(forTarget: <none>, ruleInfo: ["Gate", "target-TargetB-T-TargetB-29606--Barrier-RegisterProduct"]),
  	Task(forTarget: <none>, ruleInfo: ["Gate", "target-TargetB-T-TargetB-29606--Barrier-StripSymbols"]),
  	Task(forTarget: <none>, ruleInfo: ["Gate", "target-TargetB-T-TargetB-29606--Barrier-Validate"]),
  	Task(forTarget: <none>, ruleInfo: ["Gate", "target-TargetB-T-TargetB-29606--CopySwiftPackageResourcesTaskProducer"]),
  	Task(forTarget: <none>, ruleInfo: ["Gate", "target-TargetB-T-TargetB-29606--CustomTaskProducer"]),
  	Task(forTarget: <none>, ruleInfo: ["Gate", "target-TargetB-T-TargetB-29606--DocumentationTaskProducer"]),
  	Task(forTarget: <none>, ruleInfo: ["Gate", "target-TargetB-T-TargetB-29606--ExtensionPointExtractorTaskProducer"]),
  	Task(forTarget: <none>, ruleInfo: ["Gate", "target-TargetB-T-TargetB-29606--GenerateAppPlaygroundAssetCatalogTaskProducer"]),
  	Task(forTarget: <none>, ruleInfo: ["Gate", "target-TargetB-T-TargetB-29606--GeneratedFilesTaskProducer"]),
  	Task(forTarget: <none>, ruleInfo: ["Gate", "target-TargetB-T-TargetB-29606--HeadermapTaskProducer"]),
  	Task(forTarget: <none>, ruleInfo: ["Gate", "target-TargetB-T-TargetB-29606--InfoPlistTaskProducer"]),
  	Task(forTarget: <none>, ruleInfo: ["Gate", "target-TargetB-T-TargetB-29606--ModuleMapTaskProducer"]),
  	Task(forTarget: <none>, ruleInfo: ["Gate", "target-TargetB-T-TargetB-29606--ModuleVerifierTaskProducer"]),
  	Task(forTarget: <none>, ruleInfo: ["Gate", "target-TargetB-T-TargetB-29606--ProductPostprocessingTaskProducer"]),
  	Task(forTarget: <none>, ruleInfo: ["Gate", "target-TargetB-T-TargetB-29606--ProductStructureTaskProducer"]),
  	Task(forTarget: <none>, ruleInfo: ["Gate", "target-TargetB-T-TargetB-29606--RealityAssetsTaskProducer"]),
  	Task(forTarget: <none>, ruleInfo: ["Gate", "target-TargetB-T-TargetB-29606--SanitizerTaskProducer"]),
  	Task(forTarget: <none>, ruleInfo: ["Gate", "target-TargetB-T-TargetB-29606--StubBinaryTaskProducer"]),
  	Task(forTarget: <none>, ruleInfo: ["Gate", "target-TargetB-T-TargetB-29606--SwiftABIBaselineGenerationTaskProducer"]),
  	Task(forTarget: <none>, ruleInfo: ["Gate", "target-TargetB-T-TargetB-29606--SwiftFrameworkABICheckerTaskProducer"]),
  	Task(forTarget: <none>, ruleInfo: ["Gate", "target-TargetB-T-TargetB-29606--SwiftPackageCopyFilesTaskProducer"]),
  	Task(forTarget: <none>, ruleInfo: ["Gate", "target-TargetB-T-TargetB-29606--SwiftStandardLibrariesTaskProducer"]),
  	Task(forTarget: <none>, ruleInfo: ["Gate", "target-TargetB-T-TargetB-29606--TAPISymbolExtractorTaskProducer"]),
  	Task(forTarget: <none>, ruleInfo: ["Gate", "target-TargetB-T-TargetB-29606--TestEntryPointTaskProducerFactory"]),
  	Task(forTarget: <none>, ruleInfo: ["Gate", "target-TargetB-T-TargetB-29606--TestHostTaskProducer"]),
  	Task(forTarget: <none>, ruleInfo: ["Gate", "target-TargetB-T-TargetB-29606--TestTargetPostprocessingTaskProducer"]),
  	Task(forTarget: <none>, ruleInfo: ["Gate", "target-TargetB-T-TargetB-29606--TestTargetTaskProducer"]),
  	Task(forTarget: <none>, ruleInfo: ["Gate", "target-TargetB-T-TargetB-29606--copy-headers-completion"]),
  	Task(forTarget: <none>, ruleInfo: ["Gate", "target-TargetB-T-TargetB-29606--fused-phase0-compile-sources&link-binary"]),
  	Task(forTarget: <none>, ruleInfo: ["Gate", "target-TargetB-T-TargetB-29606--generated-headers"]),
  	Task(forTarget: <none>, ruleInfo: ["Gate", "target-TargetB-T-TargetB-29606--swift-generated-headers"]),
  	Task(forTarget: <none>, ruleInfo: ["SwiftExplicitDependencyCompileModuleFromInterface", "arm64", "/private/var/folders/xr/m5_5rlsd6l9fk2w4ngj13k6m0000gn/T/swbuild.tmp.p2K35VBX/Data.noindex/Test/aProject/build/SwiftExplicitPrecompiledModules/Swift-31DUUYE8HNF3G.swiftmodule"]),
  	Task(forTarget: <none>, ruleInfo: ["SwiftExplicitDependencyCompileModuleFromInterface", "arm64", "/private/var/folders/xr/m5_5rlsd6l9fk2w4ngj13k6m0000gn/T/swbuild.tmp.p2K35VBX/Data.noindex/Test/aProject/build/SwiftExplicitPrecompiledModules/_Concurrency-1SF9RCU1JWIRU.swiftmodule"]),
  	Task(forTarget: <none>, ruleInfo: ["SwiftExplicitDependencyCompileModuleFromInterface", "arm64", "/private/var/folders/xr/m5_5rlsd6l9fk2w4ngj13k6m0000gn/T/swbuild.tmp.p2K35VBX/Data.noindex/Test/aProject/build/SwiftExplicitPrecompiledModules/_StringProcessing-2MXU3J6Y749BD.swiftmodule"]),
  	Task(forTarget: <none>, ruleInfo: ["SwiftExplicitDependencyCompileModuleFromInterface", "arm64", "/private/var/folders/xr/m5_5rlsd6l9fk2w4ngj13k6m0000gn/T/swbuild.tmp.p2K35VBX/Data.noindex/Test/bProject/build/SwiftExplicitPrecompiledModules/Swift-31DUUYE8HNF3G.swiftmodule"]),
  	Task(forTarget: <none>, ruleInfo: ["SwiftExplicitDependencyCompileModuleFromInterface", "arm64", "/private/var/folders/xr/m5_5rlsd6l9fk2w4ngj13k6m0000gn/T/swbuild.tmp.p2K35VBX/Data.noindex/Test/bProject/build/SwiftExplicitPrecompiledModules/_Concurrency-1SF9RCU1JWIRU.swiftmodule"]),
  	Task(forTarget: <none>, ruleInfo: ["SwiftExplicitDependencyCompileModuleFromInterface", "arm64", "/private/var/folders/xr/m5_5rlsd6l9fk2w4ngj13k6m0000gn/T/swbuild.tmp.p2K35VBX/Data.noindex/Test/bProject/build/SwiftExplicitPrecompiledModules/_StringProcessing-2MXU3J6Y749BD.swiftmodule"]),
  	Task(forTarget: <none>, ruleInfo: ["SwiftExplicitDependencyGeneratePcm", "arm64", "/private/var/folders/xr/m5_5rlsd6l9fk2w4ngj13k6m0000gn/T/swbuild.tmp.p2K35VBX/Data.noindex/Test/aProject/build/SwiftExplicitPrecompiledModules/SwiftShims-D80889OB6772EMIM46C08B0T9.pcm"]),
  	Task(forTarget: <none>, ruleInfo: ["SwiftExplicitDependencyGeneratePcm", "arm64", "/private/var/folders/xr/m5_5rlsd6l9fk2w4ngj13k6m0000gn/T/swbuild.tmp.p2K35VBX/Data.noindex/Test/aProject/build/SwiftExplicitPrecompiledModules/_SwiftConcurrencyShims-CZAEMFM3UERZTKE562OWFXL9Y.pcm"]),
  	Task(forTarget: <none>, ruleInfo: ["SwiftExplicitDependencyGeneratePcm", "arm64", "/private/var/folders/xr/m5_5rlsd6l9fk2w4ngj13k6m0000gn/T/swbuild.tmp.p2K35VBX/Data.noindex/Test/bProject/build/SwiftExplicitPrecompiledModules/SwiftShims-D80889OB6772EMIM46C08B0T9.pcm"]),
  	Task(forTarget: <none>, ruleInfo: ["SwiftExplicitDependencyGeneratePcm", "arm64", "/private/var/folders/xr/m5_5rlsd6l9fk2w4ngj13k6m0000gn/T/swbuild.tmp.p2K35VBX/Data.noindex/Test/bProject/build/SwiftExplicitPrecompiledModules/_SwiftConcurrencyShims-CZAEMFM3UERZTKE562OWFXL9Y.pcm"]),
  	Task(forTarget: <none>, ruleInfo: ["WriteAuxiliaryFile", "/private/var/folders/xr/m5_5rlsd6l9fk2w4ngj13k6m0000gn/T/swbuild.tmp.p2K35VBX/Data.noindex/Test/aProject/build/aProject.build/Debug/aProject-P20767-VFS/all-product-headers.yaml"]),
  	Task(forTarget: <none>, ruleInfo: ["WriteAuxiliaryFile", "/private/var/folders/xr/m5_5rlsd6l9fk2w4ngj13k6m0000gn/T/swbuild.tmp.p2K35VBX/Data.noindex/Test/bProject/build/bProject.build/Debug/bProject-P29607-VFS/all-product-headers.yaml"])'
↳ Occasionally fails in CI due to SwiftExplicitDependencyCompileModuleFromInterface missing from the dependency graph
━ Test explicitBuildWithMultipleProjects(arch:) recorded a known issue with 1 argument arch → "arm64" at SwiftDriverTests.swift:1444:34: Issue recorded
↳ unable to find any task matching conditions '[Rule matches [SWBTestSupport.StringPattern.equal("SwiftExplicitDependencyCompileModuleFromInterface"), SWBTestSupport.StringPattern.equal("normal"), SWBTestSupport.StringPattern.equal("arm64"), SWBTestSupport.StringPattern.contains("Swift")], CommandLineArguments contains Swift, CommandLineArguments match contains("bProject/build/SwiftExplicitPrecompiledModules/Swift")]', among tasks: 'Task(forTarget: TargetA, ruleInfo: ["Copy", "/private/var/folders/xr/m5_5rlsd6l9fk2w4ngj13k6m0000gn/T/swbuild.tmp.p2K35VBX/Data.noindex/Test/aProject/build/Debug/TargetA.framework/Versions/A/Modules/TargetA.swiftmodule/Project/arm64-apple-macos.swiftsourceinfo", "/private/var/folders/xr/m5_5rlsd6l9fk2w4ngj13k6m0000gn/T/swbuild.tmp.p2K35VBX/Data.noindex/Test/aProject/build/aProject.build/Debug/TargetA.build/Objects-normal/arm64/TargetA.swiftsourceinfo"]),
  	Task(forTarget: TargetA, ruleInfo: ["Copy", "/private/var/folders/xr/m5_5rlsd6l9fk2w4ngj13k6m0000gn/T/swbuild.tmp.p2K35VBX/Data.noindex/Test/aProject/build/Debug/TargetA.framework/Versions/A/Modules/TargetA.swiftmodule/arm64-apple-macos.abi.json", "/private/var/folders/xr/m5_5rlsd6l9fk2w4ngj13k6m0000gn/T/swbuild.tmp.p2K35VBX/Data.noindex/Test/aProject/build/aProject.build/Debug/TargetA.build/Objects-normal/arm64/TargetA.abi.json"]),
  	Task(forTarget: TargetA, ruleInfo: ["Copy", "/private/var/folders/xr/m5_5rlsd6l9fk2w4ngj13k6m0000gn/T/swbuild.tmp.p2K35VBX/Data.noindex/Test/aProject/build/Debug/TargetA.framework/Versions/A/Modules/TargetA.swiftmodule/arm64-apple-macos.swiftdoc", "/private/var/folders/xr/m5_5rlsd6l9fk2w4ngj13k6m0000gn/T/swbuild.tmp.p2K35VBX/Data.noindex/Test/aProject/build/aProject.build/Debug/TargetA.build/Objects-normal/arm64/TargetA.swiftdoc"]),
  	Task(forTarget: TargetA, ruleInfo: ["Copy", "/private/var/folders/xr/m5_5rlsd6l9fk2w4ngj13k6m0000gn/T/swbuild.tmp.p2K35VBX/Data.noindex/Test/aProject/build/Debug/TargetA.framework/Versions/A/Modules/TargetA.swiftmodule/arm64-apple-macos.swiftmodule", "/private/var/folders/xr/m5_5rlsd6l9fk2w4ngj13k6m0000gn/T/swbuild.tmp.p2K35VBX/Data.noindex/Test/aProject/build/aProject.build/Debug/TargetA.build/Objects-normal/arm64/TargetA.swiftmodule"]),
  	Task(forTarget: TargetA, ruleInfo: ["ExtractAppIntentsMetadata"]),
  	Task(forTarget: TargetA, ruleInfo: ["Gate", "target-TargetA-T-TargetA-20766--begin-compiling"]),
  	Task(forTarget: TargetA, ruleInfo: ["Gate", "target-TargetA-T-TargetA-20766--begin-linking"]),
  	Task(forTarget: TargetA, ruleInfo: ["Gate", "target-TargetA-T-TargetA-20766--begin-scanning"]),
  	Task(forTarget: TargetA, ruleInfo: ["Gate", "target-TargetA-T-TargetA-20766--end"]),
  	Task(forTarget: TargetA, ruleInfo: ["Gate", "target-TargetA-T-TargetA-20766--entry"]),
  	Task(forTarget: TargetA, ruleInfo: ["Gate", "target-TargetA-T-TargetA-20766--immediate"]),
  	Task(forTarget: TargetA, ruleInfo: ["Gate", "target-TargetA-T-TargetA-20766--linker-inputs-ready"]),
  	Task(forTarget: TargetA, ruleInfo: ["Gate", "target-TargetA-T-TargetA-20766--modules-ready"]),
  	Task(forTarget: TargetA, ruleInfo: ["Gate", "target-TargetA-T-TargetA-20766--unsigned-product-ready"]),
  	Task(forTarget: TargetA, ruleInfo: ["Gate", "target-TargetA-T-TargetA-20766--will-sign"]),
  	Task(forTarget: TargetA, ruleInfo: ["GenerateTAPI", "/private/var/folders/xr/m5_5rlsd6l9fk2w4ngj13k6m0000gn/T/swbuild.tmp.p2K35VBX/Data.noindex/Test/aProject/build/EagerLinkingTBDs/Debug/TargetA.framework/Versions/A/TargetA.tbd"]),
  	Task(forTarget: TargetA, ruleInfo: ["Ld", "/private/var/folders/xr/m5_5rlsd6l9fk2w4ngj13k6m0000gn/T/swbuild.tmp.p2K35VBX/Data.noindex/Test/aProject/build/Debug/TargetA.framework/Versions/A/TargetA", "normal"]),
  	Task(forTarget: TargetA, ruleInfo: ["MkDir", "/private/var/folders/xr/m5_5rlsd6l9fk2w4ngj13k6m0000gn/T/swbuild.tmp.p2K35VBX/Data.noindex/Test/aProject/build/Debug/TargetA.framework"]),
  	Task(forTarget: TargetA, ruleInfo: ["MkDir", "/private/var/folders/xr/m5_5rlsd6l9fk2w4ngj13k6m0000gn/T/swbuild.tmp.p2K35VBX/Data.noindex/Test/aProject/build/Debug/TargetA.framework/Versions"]),
  	Task(forTarget: TargetA, ruleInfo: ["MkDir", "/private/var/folders/xr/m5_5rlsd6l9fk2w4ngj13k6m0000gn/T/swbuild.tmp.p2K35VBX/Data.noindex/Test/aProject/build/Debug/TargetA.framework/Versions/A"]),
  	Task(forTarget: TargetA, ruleInfo: ["MkDir", "/private/var/folders/xr/m5_5rlsd6l9fk2w4ngj13k6m0000gn/T/swbuild.tmp.p2K35VBX/Data.noindex/Test/aProject/build/Debug/TargetA.framework/Versions/A/Headers"]),
  	Task(forTarget: TargetA, ruleInfo: ["RegisterExecutionPolicyException", "/private/var/folders/xr/m5_5rlsd6l9fk2w4ngj13k6m0000gn/T/swbuild.tmp.p2K35VBX/Data.noindex/Test/aProject/build/Debug/TargetA.framework"]),
  	Task(forTarget: TargetA, ruleInfo: ["SwiftCompile", "normal", "arm64", "Compiling file1.swift", "/private/var/folders/xr/m5_5rlsd6l9fk2w4ngj13k6m0000gn/T/swbuild.tmp.p2K35VBX/Data.noindex/Test/aProject/Sources/file1.swift"]),
  	Task(forTarget: TargetA, ruleInfo: ["SwiftCompile", "normal", "arm64", "Compiling file2.swift", "/private/var/folders/xr/m5_5rlsd6l9fk2w4ngj13k6m0000gn/T/swbuild.tmp.p2K35VBX/Data.noindex/Test/aProject/Sources/file2.swift"]),
  	Task(forTarget: TargetA, ruleInfo: ["SwiftDriver", "TargetA", "normal", "arm64", "com.apple.xcode.tools.swift.compiler"]),
  	Task(forTarget: TargetA, ruleInfo: ["SwiftDriver Compilation", "TargetA", "normal", "arm64", "com.apple.xcode.tools.swift.compiler"]),
  	Task(forTarget: TargetA, ruleInfo: ["SwiftDriver Compilation Requirements", "TargetA", "normal", "arm64", "com.apple.xcode.tools.swift.compiler"]),
  	Task(forTarget: TargetA, ruleInfo: ["SwiftEmitModule", "normal", "arm64", "Emitting module for TargetA"]),
  	Task(forTarget: TargetA, ruleInfo: ["SwiftMergeGeneratedHeaders", "/private/var/folders/xr/m5_5rlsd6l9fk2w4ngj13k6m0000gn/T/swbuild.tmp.p2K35VBX/Data.noindex/Test/aProject/build/Debug/TargetA.framework/Versions/A/Headers/TargetA-Swift.h", "/private/var/folders/xr/m5_5rlsd6l9fk2w4ngj13k6m0000gn/T/swbuild.tmp.p2K35VBX/Data.noindex/Test/aProject/build/aProject.build/Debug/TargetA.build/Objects-normal/arm64/TargetA-Swift.h"]),
  	Task(forTarget: TargetA, ruleInfo: ["SymLink", "/private/var/folders/xr/m5_5rlsd6l9fk2w4ngj13k6m0000gn/T/swbuild.tmp.p2K35VBX/Data.noindex/Test/aProject/build/Debug/TargetA.framework/Headers", "Versions/Current/Headers"]),
  	Task(forTarget: TargetA, ruleInfo: ["SymLink", "/private/var/folders/xr/m5_5rlsd6l9fk2w4ngj13k6m0000gn/T/swbuild.tmp.p2K35VBX/Data.noindex/Test/aProject/build/Debug/TargetA.framework/Modules", "Versions/Current/Modules"]),
  	Task(forTarget: TargetA, ruleInfo: ["SymLink", "/private/var/folders/xr/m5_5rlsd6l9fk2w4ngj13k6m0000gn/T/swbuild.tmp.p2K35VBX/Data.noindex/Test/aProject/build/Debug/TargetA.framework/TargetA", "Versions/Current/TargetA"]),
  	Task(forTarget: TargetA, ruleInfo: ["SymLink", "/private/var/folders/xr/m5_5rlsd6l9fk2w4ngj13k6m0000gn/T/swbuild.tmp.p2K35VBX/Data.noindex/Test/aProject/build/Debug/TargetA.framework/Versions/Current", "A"]),
  	Task(forTarget: TargetA, ruleInfo: ["SymLink", "/private/var/folders/xr/m5_5rlsd6l9fk2w4ngj13k6m0000gn/T/swbuild.tmp.p2K35VBX/Data.noindex/Test/aProject/build/EagerLinkingTBDs/Debug/TargetA.framework/TargetA.tbd", "/private/var/folders/xr/m5_5rlsd6l9fk2w4ngj13k6m0000gn/T/swbuild.tmp.p2K35VBX/Data.noindex/Test/aProject/build/EagerLinkingTBDs/Debug/TargetA.framework/Versions/A/TargetA.tbd"]),
  	Task(forTarget: TargetA, ruleInfo: ["Touch", "/private/var/folders/xr/m5_5rlsd6l9fk2w4ngj13k6m0000gn/T/swbuild.tmp.p2K35VBX/Data.noindex/Test/aProject/build/Debug/TargetA.framework"]),
  	Task(forTarget: TargetA, ruleInfo: ["WriteAuxiliaryFile", "/private/var/folders/xr/m5_5rlsd6l9fk2w4ngj13k6m0000gn/T/swbuild.tmp.p2K35VBX/Data.noindex/Test/aProject/build/aProject.build/Debug/TargetA.build/Objects-normal/arm64/TargetA-OutputFileMap.json"]),
  	Task(forTarget: TargetA, ruleInfo: ["WriteAuxiliaryFile", "/private/var/folders/xr/m5_5rlsd6l9fk2w4ngj13k6m0000gn/T/swbuild.tmp.p2K35VBX/Data.noindex/Test/aProject/build/aProject.build/Debug/TargetA.build/Objects-normal/arm64/TargetA.LinkFileList"]),
  	Task(forTarget: TargetA, ruleInfo: ["WriteAuxiliaryFile", "/private/var/folders/xr/m5_5rlsd6l9fk2w4ngj13k6m0000gn/T/swbuild.tmp.p2K35VBX/Data.noindex/Test/aProject/build/aProject.build/Debug/TargetA.build/Objects-normal/arm64/TargetA.SwiftConstValuesFileList"]),
  	Task(forTarget: TargetA, ruleInfo: ["WriteAuxiliaryFile", "/private/var/folders/xr/m5_5rlsd6l9fk2w4ngj13k6m0000gn/T/swbuild.tmp.p2K35VBX/Data.noindex/Test/aProject/build/aProject.build/Debug/TargetA.build/Objects-normal/arm64/TargetA.SwiftFileList"]),
  	Task(forTarget: TargetA, ruleInfo: ["WriteAuxiliaryFile", "/private/var/folders/xr/m5_5rlsd6l9fk2w4ngj13k6m0000gn/T/swbuild.tmp.p2K35VBX/Data.noindex/Test/aProject/build/aProject.build/Debug/TargetA.build/Objects-normal/arm64/TargetA_const_extract_protocols.json"]),
  	Task(forTarget: TargetA, ruleInfo: ["WriteAuxiliaryFile", "/private/var/folders/xr/m5_5rlsd6l9fk2w4ngj13k6m0000gn/T/swbuild.tmp.p2K35VBX/Data.noindex/Test/aProject/build/aProject.build/Debug/TargetA.build/TargetA-all-non-framework-target-headers.hmap"]),
  	Task(forTarget: TargetA, ruleInfo: ["WriteAuxiliaryFile", "/private/var/folders/xr/m5_5rlsd6l9fk2w4ngj13k6m0000gn/T/swbuild.tmp.p2K35VBX/Data.noindex/Test/aProject/build/aProject.build/Debug/TargetA.build/TargetA-all-target-headers.hmap"]),
  	Task(forTarget: TargetA, ruleInfo: ["WriteAuxiliaryFile", "/private/var/folders/xr/m5_5rlsd6l9fk2w4ngj13k6m0000gn/T/swbuild.tmp.p2K35VBX/Data.noindex/Test/aProject/build/aProject.build/Debug/TargetA.build/TargetA-generated-files.hmap"]),
  	Task(forTarget: TargetA, ruleInfo: ["WriteAuxiliaryFile", "/private/var/folders/xr/m5_5rlsd6l9fk2w4ngj13k6m0000gn/T/swbuild.tmp.p2K35VBX/Data.noindex/Test/aProject/build/aProject.build/Debug/TargetA.build/TargetA-own-target-headers.hmap"]),
  	Task(forTarget: TargetA, ruleInfo: ["WriteAuxiliaryFile", "/private/var/folders/xr/m5_5rlsd6l9fk2w4ngj13k6m0000gn/T/swbuild.tmp.p2K35VBX/Data.noindex/Test/aProject/build/aProject.build/Debug/TargetA.build/TargetA-project-headers.hmap"]),
  	Task(forTarget: TargetA, ruleInfo: ["WriteAuxiliaryFile", "/private/var/folders/xr/m5_5rlsd6l9fk2w4ngj13k6m0000gn/T/swbuild.tmp.p2K35VBX/Data.noindex/Test/aProject/build/aProject.build/Debug/TargetA.build/TargetA.DependencyMetadataFileList"]),
  	Task(forTarget: TargetA, ruleInfo: ["WriteAuxiliaryFile", "/private/var/folders/xr/m5_5rlsd6l9fk2w4ngj13k6m0000gn/T/swbuild.tmp.p2K35VBX/Data.noindex/Test/aProject/build/aProject.build/Debug/TargetA.build/TargetA.DependencyStaticMetadataFileList"]),
  	Task(forTarget: TargetA, ruleInfo: ["WriteAuxiliaryFile", "/private/var/folders/xr/m5_5rlsd6l9fk2w4ngj13k6m0000gn/T/swbuild.tmp.p2K35VBX/Data.noindex/Test/aProject/build/aProject.build/Debug/TargetA.build/TargetA.hmap"]),
  	Task(forTarget: TargetB, ruleInfo: ["Copy", "/private/var/folders/xr/m5_5rlsd6l9fk2w4ngj13k6m0000gn/T/swbuild.tmp.p2K35VBX/Data.noindex/Test/bProject/build/Debug/TargetB.framework/Versions/A/Modules/TargetB.swiftmodule/Project/arm64-apple-macos.swiftsourceinfo", "/private/var/folders/xr/m5_5rlsd6l9fk2w4ngj13k6m0000gn/T/swbuild.tmp.p2K35VBX/Data.noindex/Test/bProject/build/bProject.build/Debug/TargetB.build/Objects-normal/arm64/TargetB.swiftsourceinfo"]),
  	Task(forTarget: TargetB, ruleInfo: ["Copy", "/private/var/folders/xr/m5_5rlsd6l9fk2w4ngj13k6m0000gn/T/swbuild.tmp.p2K35VBX/Data.noindex/Test/bProject/build/Debug/TargetB.framework/Versions/A/Modules/TargetB.swiftmodule/arm64-apple-macos.abi.json", "/private/var/folders/xr/m5_5rlsd6l9fk2w4ngj13k6m0000gn/T/swbuild.tmp.p2K35VBX/Data.noindex/Test/bProject/build/bProject.build/Debug/TargetB.build/Objects-normal/arm64/TargetB.abi.json"]),
  	Task(forTarget: TargetB, ruleInfo: ["Copy", "/private/var/folders/xr/m5_5rlsd6l9fk2w4ngj13k6m0000gn/T/swbuild.tmp.p2K35VBX/Data.noindex/Test/bProject/build/Debug/TargetB.framework/Versions/A/Modules/TargetB.swiftmodule/arm64-apple-macos.swiftdoc", "/private/var/folders/xr/m5_5rlsd6l9fk2w4ngj13k6m0000gn/T/swbuild.tmp.p2K35VBX/Data.noindex/Test/bProject/build/bProject.build/Debug/TargetB.build/Objects-normal/arm64/TargetB.swiftdoc"]),
  	Task(forTarget: TargetB, ruleInfo: ["Copy", "/private/var/folders/xr/m5_5rlsd6l9fk2w4ngj13k6m0000gn/T/swbuild.tmp.p2K35VBX/Data.noindex/Test/bProject/build/Debug/TargetB.framework/Versions/A/Modules/TargetB.swiftmodule/arm64-apple-macos.swiftmodule", "/private/var/folders/xr/m5_5rlsd6l9fk2w4ngj13k6m0000gn/T/swbuild.tmp.p2K35VBX/Data.noindex/Test/bProject/build/bProject.build/Debug/TargetB.build/Objects-normal/arm64/TargetB.swiftmodule"]),
  	Task(forTarget: TargetB, ruleInfo: ["ExtractAppIntentsMetadata"]),
  	Task(forTarget: TargetB, ruleInfo: ["Gate", "target-TargetB-T-TargetB-29606--begin-compiling"]),
  	Task(forTarget: TargetB, ruleInfo: ["Gate", "target-TargetB-T-TargetB-29606--begin-linking"]),
  	Task(forTarget: TargetB, ruleInfo: ["Gate", "target-TargetB-T-TargetB-29606--begin-scanning"]),
  	Task(forTarget: TargetB, ruleInfo: ["Gate", "target-TargetB-T-TargetB-29606--end"]),
  	Task(forTarget: TargetB, ruleInfo: ["Gate", "target-TargetB-T-TargetB-29606--entry"]),
  	Task(forTarget: TargetB, ruleInfo: ["Gate", "target-TargetB-T-TargetB-29606--immediate"]),
  	Task(forTarget: TargetB, ruleInfo: ["Gate", "target-TargetB-T-TargetB-29606--linker-inputs-ready"]),
  	Task(forTarget: TargetB, ruleInfo: ["Gate", "target-TargetB-T-TargetB-29606--modules-ready"]),
  	Task(forTarget: TargetB, ruleInfo: ["Gate", "target-TargetB-T-TargetB-29606--unsigned-product-ready"]),
  	Task(forTarget: TargetB, ruleInfo: ["Gate", "target-TargetB-T-TargetB-29606--will-sign"]),
  	Task(forTarget: TargetB, ruleInfo: ["GenerateTAPI", "/private/var/folders/xr/m5_5rlsd6l9fk2w4ngj13k6m0000gn/T/swbuild.tmp.p2K35VBX/Data.noindex/Test/bProject/build/EagerLinkingTBDs/Debug/TargetB.framework/Versions/A/TargetB.tbd"]),
  	Task(forTarget: TargetB, ruleInfo: ["Ld", "/private/var/folders/xr/m5_5rlsd6l9fk2w4ngj13k6m0000gn/T/swbuild.tmp.p2K35VBX/Data.noindex/Test/bProject/build/Debug/TargetB.framework/Versions/A/TargetB", "normal"]),
  	Task(forTarget: TargetB, ruleInfo: ["MkDir", "/private/var/folders/xr/m5_5rlsd6l9fk2w4ngj13k6m0000gn/T/swbuild.tmp.p2K35VBX/Data.noindex/Test/bProject/build/Debug/TargetB.framework"]),
  	Task(forTarget: TargetB, ruleInfo: ["MkDir", "/private/var/folders/xr/m5_5rlsd6l9fk2w4ngj13k6m0000gn/T/swbuild.tmp.p2K35VBX/Data.noindex/Test/bProject/build/Debug/TargetB.framework/Versions"]),
  	Task(forTarget: TargetB, ruleInfo: ["MkDir", "/private/var/folders/xr/m5_5rlsd6l9fk2w4ngj13k6m0000gn/T/swbuild.tmp.p2K35VBX/Data.noindex/Test/bProject/build/Debug/TargetB.framework/Versions/A"]),
  	Task(forTarget: TargetB, ruleInfo: ["MkDir", "/private/var/folders/xr/m5_5rlsd6l9fk2w4ngj13k6m0000gn/T/swbuild.tmp.p2K35VBX/Data.noindex/Test/bProject/build/Debug/TargetB.framework/Versions/A/Headers"]),
  	Task(forTarget: TargetB, ruleInfo: ["RegisterExecutionPolicyException", "/private/var/folders/xr/m5_5rlsd6l9fk2w4ngj13k6m0000gn/T/swbuild.tmp.p2K35VBX/Data.noindex/Test/bProject/build/Debug/TargetB.framework"]),
  	Task(forTarget: TargetB, ruleInfo: ["SwiftCompile", "normal", "arm64", "Compiling file3.swift", "/private/var/folders/xr/m5_5rlsd6l9fk2w4ngj13k6m0000gn/T/swbuild.tmp.p2K35VBX/Data.noindex/Test/bProject/Sources/file3.swift"]),
  	Task(forTarget: TargetB, ruleInfo: ["SwiftCompile", "normal", "arm64", "Compiling file4.swift", "/private/var/folders/xr/m5_5rlsd6l9fk2w4ngj13k6m0000gn/T/swbuild.tmp.p2K35VBX/Data.noindex/Test/bProject/Sources/file4.swift"]),
  	Task(forTarget: TargetB, ruleInfo: ["SwiftDriver", "TargetB", "normal", "arm64", "com.apple.xcode.tools.swift.compiler"]),
  	Task(forTarget: TargetB, ruleInfo: ["SwiftDriver Compilation", "TargetB", "normal", "arm64", "com.apple.xcode.tools.swift.compiler"]),
  	Task(forTarget: TargetB, ruleInfo: ["SwiftDriver Compilation Requirements", "TargetB", "normal", "arm64", "com.apple.xcode.tools.swift.compiler"]),
  	Task(forTarget: TargetB, ruleInfo: ["SwiftEmitModule", "normal", "arm64", "Emitting module for TargetB"]),
  	Task(forTarget: TargetB, ruleInfo: ["SwiftMergeGeneratedHeaders", "/private/var/folders/xr/m5_5rlsd6l9fk2w4ngj13k6m0000gn/T/swbuild.tmp.p2K35VBX/Data.noindex/Test/bProject/build/Debug/TargetB.framework/Versions/A/Headers/TargetB-Swift.h", "/private/var/folders/xr/m5_5rlsd6l9fk2w4ngj13k6m0000gn/T/swbuild.tmp.p2K35VBX/Data.noindex/Test/bProject/build/bProject.build/Debug/TargetB.build/Objects-normal/arm64/TargetB-Swift.h"]),
  	Task(forTarget: TargetB, ruleInfo: ["SymLink", "/private/var/folders/xr/m5_5rlsd6l9fk2w4ngj13k6m0000gn/T/swbuild.tmp.p2K35VBX/Data.noindex/Test/bProject/build/Debug/TargetB.framework/Headers", "Versions/Current/Headers"]),
  	Task(forTarget: TargetB, ruleInfo: ["SymLink", "/private/var/folders/xr/m5_5rlsd6l9fk2w4ngj13k6m0000gn/T/swbuild.tmp.p2K35VBX/Data.noindex/Test/bProject/build/Debug/TargetB.framework/Modules", "Versions/Current/Modules"]),
  	Task(forTarget: TargetB, ruleInfo: ["SymLink", "/private/var/folders/xr/m5_5rlsd6l9fk2w4ngj13k6m0000gn/T/swbuild.tmp.p2K35VBX/Data.noindex/Test/bProject/build/Debug/TargetB.framework/TargetB", "Versions/Current/TargetB"]),
  	Task(forTarget: TargetB, ruleInfo: ["SymLink", "/private/var/folders/xr/m5_5rlsd6l9fk2w4ngj13k6m0000gn/T/swbuild.tmp.p2K35VBX/Data.noindex/Test/bProject/build/Debug/TargetB.framework/Versions/Current", "A"]),
  	Task(forTarget: TargetB, ruleInfo: ["SymLink", "/private/var/folders/xr/m5_5rlsd6l9fk2w4ngj13k6m0000gn/T/swbuild.tmp.p2K35VBX/Data.noindex/Test/bProject/build/EagerLinkingTBDs/Debug/TargetB.framework/TargetB.tbd", "/private/var/folders/xr/m5_5rlsd6l9fk2w4ngj13k6m0000gn/T/swbuild.tmp.p2K35VBX/Data.noindex/Test/bProject/build/EagerLinkingTBDs/Debug/TargetB.framework/Versions/A/TargetB.tbd"]),
  	Task(forTarget: TargetB, ruleInfo: ["Touch", "/private/var/folders/xr/m5_5rlsd6l9fk2w4ngj13k6m0000gn/T/swbuild.tmp.p2K35VBX/Data.noindex/Test/bProject/build/Debug/TargetB.framework"]),
  	Task(forTarget: TargetB, ruleInfo: ["WriteAuxiliaryFile", "/private/var/folders/xr/m5_5rlsd6l9fk2w4ngj13k6m0000gn/T/swbuild.tmp.p2K35VBX/Data.noindex/Test/bProject/build/bProject.build/Debug/TargetB.build/Objects-normal/arm64/TargetB-OutputFileMap.json"]),
  	Task(forTarget: TargetB, ruleInfo: ["WriteAuxiliaryFile", "/private/var/folders/xr/m5_5rlsd6l9fk2w4ngj13k6m0000gn/T/swbuild.tmp.p2K35VBX/Data.noindex/Test/bProject/build/bProject.build/Debug/TargetB.build/Objects-normal/arm64/TargetB.LinkFileList"]),
  	Task(forTarget: TargetB, ruleInfo: ["WriteAuxiliaryFile", "/private/var/folders/xr/m5_5rlsd6l9fk2w4ngj13k6m0000gn/T/swbuild.tmp.p2K35VBX/Data.noindex/Test/bProject/build/bProject.build/Debug/TargetB.build/Objects-normal/arm64/TargetB.SwiftConstValuesFileList"]),
  	Task(forTarget: TargetB, ruleInfo: ["WriteAuxiliaryFile", "/private/var/folders/xr/m5_5rlsd6l9fk2w4ngj13k6m0000gn/T/swbuild.tmp.p2K35VBX/Data.noindex/Test/bProject/build/bProject.build/Debug/TargetB.build/Objects-normal/arm64/TargetB.SwiftFileList"]),
  	Task(forTarget: TargetB, ruleInfo: ["WriteAuxiliaryFile", "/private/var/folders/xr/m5_5rlsd6l9fk2w4ngj13k6m0000gn/T/swbuild.tmp.p2K35VBX/Data.noindex/Test/bProject/build/bProject.build/Debug/TargetB.build/Objects-normal/arm64/TargetB_const_extract_protocols.json"]),
  	Task(forTarget: TargetB, ruleInfo: ["WriteAuxiliaryFile", "/private/var/folders/xr/m5_5rlsd6l9fk2w4ngj13k6m0000gn/T/swbuild.tmp.p2K35VBX/Data.noindex/Test/bProject/build/bProject.build/Debug/TargetB.build/TargetB-all-non-framework-target-headers.hmap"]),
  	Task(forTarget: TargetB, ruleInfo: ["WriteAuxiliaryFile", "/private/var/folders/xr/m5_5rlsd6l9fk2w4ngj13k6m0000gn/T/swbuild.tmp.p2K35VBX/Data.noindex/Test/bProject/build/bProject.build/Debug/TargetB.build/TargetB-all-target-headers.hmap"]),
  	Task(forTarget: TargetB, ruleInfo: ["WriteAuxiliaryFile", "/private/var/folders/xr/m5_5rlsd6l9fk2w4ngj13k6m0000gn/T/swbuild.tmp.p2K35VBX/Data.noindex/Test/bProject/build/bProject.build/Debug/TargetB.build/TargetB-generated-files.hmap"]),
  	Task(forTarget: TargetB, ruleInfo: ["WriteAuxiliaryFile", "/private/var/folders/xr/m5_5rlsd6l9fk2w4ngj13k6m0000gn/T/swbuild.tmp.p2K35VBX/Data.noindex/Test/bProject/build/bProject.build/Debug/TargetB.build/TargetB-own-target-headers.hmap"]),
  	Task(forTarget: TargetB, ruleInfo: ["WriteAuxiliaryFile", "/private/var/folders/xr/m5_5rlsd6l9fk2w4ngj13k6m0000gn/T/swbuild.tmp.p2K35VBX/Data.noindex/Test/bProject/build/bProject.build/Debug/TargetB.build/TargetB-project-headers.hmap"]),
  	Task(forTarget: TargetB, ruleInfo: ["WriteAuxiliaryFile", "/private/var/folders/xr/m5_5rlsd6l9fk2w4ngj13k6m0000gn/T/swbuild.tmp.p2K35VBX/Data.noindex/Test/bProject/build/bProject.build/Debug/TargetB.build/TargetB.DependencyMetadataFileList"]),
  	Task(forTarget: TargetB, ruleInfo: ["WriteAuxiliaryFile", "/private/var/folders/xr/m5_5rlsd6l9fk2w4ngj13k6m0000gn/T/swbuild.tmp.p2K35VBX/Data.noindex/Test/bProject/build/bProject.build/Debug/TargetB.build/TargetB.DependencyStaticMetadataFileList"]),
  	Task(forTarget: TargetB, ruleInfo: ["WriteAuxiliaryFile", "/private/var/folders/xr/m5_5rlsd6l9fk2w4ngj13k6m0000gn/T/swbuild.tmp.p2K35VBX/Data.noindex/Test/bProject/build/bProject.build/Debug/TargetB.build/TargetB.hmap"]),
  	Task(forTarget: <none>, ruleInfo: ["ClangStatCache", "/Applications/Xcode17E.app/Contents/Developer/Toolchains/XcodeDefault.xctoolchain/usr/bin/clang-stat-cache", "/Applications/Xcode17E.app/Contents/Developer/Platforms/MacOSX.platform/Developer/SDKs/MacOSX26.4.sdk", "/private/var/folders/xr/m5_5rlsd6l9fk2w4ngj13k6m0000gn/T/swbuild.tmp.p2K35VBX/Data.noindex/Test/SDKStatCaches.noindex/macosx26.4-25E260-95aa6cf8f3effd57bda17e0c125410c0.sdkstatcache"]),
  	Task(forTarget: <none>, ruleInfo: ["CreateBuildDirectory", "/private/var/folders/xr/m5_5rlsd6l9fk2w4ngj13k6m0000gn/T/swbuild.tmp.p2K35VBX/Data.noindex/Test/aProject/build"]),
  	Task(forTarget: <none>, ruleInfo: ["CreateBuildDirectory", "/private/var/folders/xr/m5_5rlsd6l9fk2w4ngj13k6m0000gn/T/swbuild.tmp.p2K35VBX/Data.noindex/Test/aProject/build/Debug"]),
  	Task(forTarget: <none>, ruleInfo: ["CreateBuildDirectory", "/private/var/folders/xr/m5_5rlsd6l9fk2w4ngj13k6m0000gn/T/swbuild.tmp.p2K35VBX/Data.noindex/Test/aProject/build/EagerLinkingTBDs/Debug"]),
  	Task(forTarget: <none>, ruleInfo: ["CreateBuildDirectory", "/private/var/folders/xr/m5_5rlsd6l9fk2w4ngj13k6m0000gn/T/swbuild.tmp.p2K35VBX/Data.noindex/Test/aProject/build/ExplicitPrecompiledModules"]),
  	Task(forTarget: <none>, ruleInfo: ["CreateBuildDirectory", "/private/var/folders/xr/m5_5rlsd6l9fk2w4ngj13k6m0000gn/T/swbuild.tmp.p2K35VBX/Data.noindex/Test/aProject/build/SharedPrecompiledHeaders"]),
  	Task(forTarget: <none>, ruleInfo: ["CreateBuildDirectory", "/private/var/folders/xr/m5_5rlsd6l9fk2w4ngj13k6m0000gn/T/swbuild.tmp.p2K35VBX/Data.noindex/Test/aProject/build/SwiftExplicitPrecompiledModules"]),
  	Task(forTarget: <none>, ruleInfo: ["CreateBuildDirectory", "/private/var/folders/xr/m5_5rlsd6l9fk2w4ngj13k6m0000gn/T/swbuild.tmp.p2K35VBX/Data.noindex/Test/bProject/build"]),
  	Task(forTarget: <none>, ruleInfo: ["CreateBuildDirectory", "/private/var/folders/xr/m5_5rlsd6l9fk2w4ngj13k6m0000gn/T/swbuild.tmp.p2K35VBX/Data.noindex/Test/bProject/build/Debug"]),
  	Task(forTarget: <none>, ruleInfo: ["CreateBuildDirectory", "/private/var/folders/xr/m5_5rlsd6l9fk2w4ngj13k6m0000gn/T/swbuild.tmp.p2K35VBX/Data.noindex/Test/bProject/build/EagerLinkingTBDs/Debug"]),
  	Task(forTarget: <none>, ruleInfo: ["CreateBuildDirectory", "/private/var/folders/xr/m5_5rlsd6l9fk2w4ngj13k6m0000gn/T/swbuild.tmp.p2K35VBX/Data.noindex/Test/bProject/build/ExplicitPrecompiledModules"]),
  	Task(forTarget: <none>, ruleInfo: ["CreateBuildDirectory", "/private/var/folders/xr/m5_5rlsd6l9fk2w4ngj13k6m0000gn/T/swbuild.tmp.p2K35VBX/Data.noindex/Test/bProject/build/SharedPrecompiledHeaders"]),
  	Task(forTarget: <none>, ruleInfo: ["CreateBuildDirectory", "/private/var/folders/xr/m5_5rlsd6l9fk2w4ngj13k6m0000gn/T/swbuild.tmp.p2K35VBX/Data.noindex/Test/bProject/build/SwiftExplicitPrecompiledModules"]),
  	Task(forTarget: <none>, ruleInfo: ["CreateBuildDirectory", "/var/folders/xr/m5_5rlsd6l9fk2w4ngj13k6m0000gn/C/com.apple.DeveloperTools/26.4.1-17E202/Xcode/CompilationCache.noindex"]),
  	Task(forTarget: <none>, ruleInfo: ["Gate", "WorkspaceHeaderMapVFSFilesWritten"]),
  	Task(forTarget: <none>, ruleInfo: ["Gate", "target-TargetA-T-TargetA-20766--AppExtensionInfoPlistGeneratorTaskProducer"]),
  	Task(forTarget: <none>, ruleInfo: ["Gate", "target-TargetA-T-TargetA-20766--AppIntentsMetadataTaskProducer"]),
  	Task(forTarget: <none>, ruleInfo: ["Gate", "target-TargetA-T-TargetA-20766--Barrier-ChangeAlternatePermissions"]),
  	Task(forTarget: <none>, ruleInfo: ["Gate", "target-TargetA-T-TargetA-20766--Barrier-ChangePermissions"]),
  	Task(forTarget: <none>, ruleInfo: ["Gate", "target-TargetA-T-TargetA-20766--Barrier-CodeSign"]),
  	Task(forTarget: <none>, ruleInfo: ["Gate", "target-TargetA-T-TargetA-20766--Barrier-CopyAside"]),
  	Task(forTarget: <none>, ruleInfo: ["Gate", "target-TargetA-T-TargetA-20766--Barrier-GenerateStubAPI"]),
  	Task(forTarget: <none>, ruleInfo: ["Gate", "target-TargetA-T-TargetA-20766--Barrier-RegisterExecutionPolicyException"]),
  	Task(forTarget: <none>, ruleInfo: ["Gate", "target-TargetA-T-TargetA-20766--Barrier-RegisterProduct"]),
  	Task(forTarget: <none>, ruleInfo: ["Gate", "target-TargetA-T-TargetA-20766--Barrier-StripSymbols"]),
  	Task(forTarget: <none>, ruleInfo: ["Gate", "target-TargetA-T-TargetA-20766--Barrier-Validate"]),
  	Task(forTarget: <none>, ruleInfo: ["Gate", "target-TargetA-T-TargetA-20766--CopySwiftPackageResourcesTaskProducer"]),
  	Task(forTarget: <none>, ruleInfo: ["Gate", "target-TargetA-T-TargetA-20766--CustomTaskProducer"]),
  	Task(forTarget: <none>, ruleInfo: ["Gate", "target-TargetA-T-TargetA-20766--DocumentationTaskProducer"]),
  	Task(forTarget: <none>, ruleInfo: ["Gate", "target-TargetA-T-TargetA-20766--ExtensionPointExtractorTaskProducer"]),
  	Task(forTarget: <none>, ruleInfo: ["Gate", "target-TargetA-T-TargetA-20766--GenerateAppPlaygroundAssetCatalogTaskProducer"]),
  	Task(forTarget: <none>, ruleInfo: ["Gate", "target-TargetA-T-TargetA-20766--GeneratedFilesTaskProducer"]),
  	Task(forTarget: <none>, ruleInfo: ["Gate", "target-TargetA-T-TargetA-20766--HeadermapTaskProducer"]),
  	Task(forTarget: <none>, ruleInfo: ["Gate", "target-TargetA-T-TargetA-20766--InfoPlistTaskProducer"]),
  	Task(forTarget: <none>, ruleInfo: ["Gate", "target-TargetA-T-TargetA-20766--ModuleMapTaskProducer"]),
  	Task(forTarget: <none>, ruleInfo: ["Gate", "target-TargetA-T-TargetA-20766--ModuleVerifierTaskProducer"]),
  	Task(forTarget: <none>, ruleInfo: ["Gate", "target-TargetA-T-TargetA-20766--ProductPostprocessingTaskProducer"]),
  	Task(forTarget: <none>, ruleInfo: ["Gate", "target-TargetA-T-TargetA-20766--ProductStructureTaskProducer"]),
  	Task(forTarget: <none>, ruleInfo: ["Gate", "target-TargetA-T-TargetA-20766--RealityAssetsTaskProducer"]),
  	Task(forTarget: <none>, ruleInfo: ["Gate", "target-TargetA-T-TargetA-20766--SanitizerTaskProducer"]),
  	Task(forTarget: <none>, ruleInfo: ["Gate", "target-TargetA-T-TargetA-20766--StubBinaryTaskProducer"]),
  	Task(forTarget: <none>, ruleInfo: ["Gate", "target-TargetA-T-TargetA-20766--SwiftABIBaselineGenerationTaskProducer"]),
  	Task(forTarget: <none>, ruleInfo: ["Gate", "target-TargetA-T-TargetA-20766--SwiftFrameworkABICheckerTaskProducer"]),
  	Task(forTarget: <none>, ruleInfo: ["Gate", "target-TargetA-T-TargetA-20766--SwiftPackageCopyFilesTaskProducer"]),
  	Task(forTarget: <none>, ruleInfo: ["Gate", "target-TargetA-T-TargetA-20766--SwiftStandardLibrariesTaskProducer"]),
  	Task(forTarget: <none>, ruleInfo: ["Gate", "target-TargetA-T-TargetA-20766--TAPISymbolExtractorTaskProducer"]),
  	Task(forTarget: <none>, ruleInfo: ["Gate", "target-TargetA-T-TargetA-20766--TestEntryPointTaskProducerFactory"]),
  	Task(forTarget: <none>, ruleInfo: ["Gate", "target-TargetA-T-TargetA-20766--TestHostTaskProducer"]),
  	Task(forTarget: <none>, ruleInfo: ["Gate", "target-TargetA-T-TargetA-20766--TestTargetPostprocessingTaskProducer"]),
  	Task(forTarget: <none>, ruleInfo: ["Gate", "target-TargetA-T-TargetA-20766--TestTargetTaskProducer"]),
  	Task(forTarget: <none>, ruleInfo: ["Gate", "target-TargetA-T-TargetA-20766--copy-headers-completion"]),
  	Task(forTarget: <none>, ruleInfo: ["Gate", "target-TargetA-T-TargetA-20766--fused-phase0-compile-sources"]),
  	Task(forTarget: <none>, ruleInfo: ["Gate", "target-TargetA-T-TargetA-20766--generated-headers"]),
  	Task(forTarget: <none>, ruleInfo: ["Gate", "target-TargetA-T-TargetA-20766--swift-generated-headers"]),
  	Task(forTarget: <none>, ruleInfo: ["Gate", "target-TargetB-T-TargetB-29606--AppExtensionInfoPlistGeneratorTaskProducer"]),
  	Task(forTarget: <none>, ruleInfo: ["Gate", "target-TargetB-T-TargetB-29606--AppIntentsMetadataTaskProducer"]),
  	Task(forTarget: <none>, ruleInfo: ["Gate", "target-TargetB-T-TargetB-29606--Barrier-ChangeAlternatePermissions"]),
  	Task(forTarget: <none>, ruleInfo: ["Gate", "target-TargetB-T-TargetB-29606--Barrier-ChangePermissions"]),
  	Task(forTarget: <none>, ruleInfo: ["Gate", "target-TargetB-T-TargetB-29606--Barrier-CodeSign"]),
  	Task(forTarget: <none>, ruleInfo: ["Gate", "target-TargetB-T-TargetB-29606--Barrier-CopyAside"]),
  	Task(forTarget: <none>, ruleInfo: ["Gate", "target-TargetB-T-TargetB-29606--Barrier-GenerateStubAPI"]),
  	Task(forTarget: <none>, ruleInfo: ["Gate", "target-TargetB-T-TargetB-29606--Barrier-RegisterExecutionPolicyException"]),
  	Task(forTarget: <none>, ruleInfo: ["Gate", "target-TargetB-T-TargetB-29606--Barrier-RegisterProduct"]),
  	Task(forTarget: <none>, ruleInfo: ["Gate", "target-TargetB-T-TargetB-29606--Barrier-StripSymbols"]),
  	Task(forTarget: <none>, ruleInfo: ["Gate", "target-TargetB-T-TargetB-29606--Barrier-Validate"]),
  	Task(forTarget: <none>, ruleInfo: ["Gate", "target-TargetB-T-TargetB-29606--CopySwiftPackageResourcesTaskProducer"]),
  	Task(forTarget: <none>, ruleInfo: ["Gate", "target-TargetB-T-TargetB-29606--CustomTaskProducer"]),
  	Task(forTarget: <none>, ruleInfo: ["Gate", "target-TargetB-T-TargetB-29606--DocumentationTaskProducer"]),
  	Task(forTarget: <none>, ruleInfo: ["Gate", "target-TargetB-T-TargetB-29606--ExtensionPointExtractorTaskProducer"]),
  	Task(forTarget: <none>, ruleInfo: ["Gate", "target-TargetB-T-TargetB-29606--GenerateAppPlaygroundAssetCatalogTaskProducer"]),
  	Task(forTarget: <none>, ruleInfo: ["Gate", "target-TargetB-T-TargetB-29606--GeneratedFilesTaskProducer"]),
  	Task(forTarget: <none>, ruleInfo: ["Gate", "target-TargetB-T-TargetB-29606--HeadermapTaskProducer"]),
  	Task(forTarget: <none>, ruleInfo: ["Gate", "target-TargetB-T-TargetB-29606--InfoPlistTaskProducer"]),
  	Task(forTarget: <none>, ruleInfo: ["Gate", "target-TargetB-T-TargetB-29606--ModuleMapTaskProducer"]),
  	Task(forTarget: <none>, ruleInfo: ["Gate", "target-TargetB-T-TargetB-29606--ModuleVerifierTaskProducer"]),
  	Task(forTarget: <none>, ruleInfo: ["Gate", "target-TargetB-T-TargetB-29606--ProductPostprocessingTaskProducer"]),
  	Task(forTarget: <none>, ruleInfo: ["Gate", "target-TargetB-T-TargetB-29606--ProductStructureTaskProducer"]),
  	Task(forTarget: <none>, ruleInfo: ["Gate", "target-TargetB-T-TargetB-29606--RealityAssetsTaskProducer"]),
  	Task(forTarget: <none>, ruleInfo: ["Gate", "target-TargetB-T-TargetB-29606--SanitizerTaskProducer"]),
  	Task(forTarget: <none>, ruleInfo: ["Gate", "target-TargetB-T-TargetB-29606--StubBinaryTaskProducer"]),
  	Task(forTarget: <none>, ruleInfo: ["Gate", "target-TargetB-T-TargetB-29606--SwiftABIBaselineGenerationTaskProducer"]),
  	Task(forTarget: <none>, ruleInfo: ["Gate", "target-TargetB-T-TargetB-29606--SwiftFrameworkABICheckerTaskProducer"]),
  	Task(forTarget: <none>, ruleInfo: ["Gate", "target-TargetB-T-TargetB-29606--SwiftPackageCopyFilesTaskProducer"]),
  	Task(forTarget: <none>, ruleInfo: ["Gate", "target-TargetB-T-TargetB-29606--SwiftStandardLibrariesTaskProducer"]),
  	Task(forTarget: <none>, ruleInfo: ["Gate", "target-TargetB-T-TargetB-29606--TAPISymbolExtractorTaskProducer"]),
  	Task(forTarget: <none>, ruleInfo: ["Gate", "target-TargetB-T-TargetB-29606--TestEntryPointTaskProducerFactory"]),
  	Task(forTarget: <none>, ruleInfo: ["Gate", "target-TargetB-T-TargetB-29606--TestHostTaskProducer"]),
  	Task(forTarget: <none>, ruleInfo: ["Gate", "target-TargetB-T-TargetB-29606--TestTargetPostprocessingTaskProducer"]),
  	Task(forTarget: <none>, ruleInfo: ["Gate", "target-TargetB-T-TargetB-29606--TestTargetTaskProducer"]),
  	Task(forTarget: <none>, ruleInfo: ["Gate", "target-TargetB-T-TargetB-29606--copy-headers-completion"]),
  	Task(forTarget: <none>, ruleInfo: ["Gate", "target-TargetB-T-TargetB-29606--fused-phase0-compile-sources&link-binary"]),
  	Task(forTarget: <none>, ruleInfo: ["Gate", "target-TargetB-T-TargetB-29606--generated-headers"]),
  	Task(forTarget: <none>, ruleInfo: ["Gate", "target-TargetB-T-TargetB-29606--swift-generated-headers"]),
  	Task(forTarget: <none>, ruleInfo: ["SwiftExplicitDependencyCompileModuleFromInterface", "arm64", "/private/var/folders/xr/m5_5rlsd6l9fk2w4ngj13k6m0000gn/T/swbuild.tmp.p2K35VBX/Data.noindex/Test/aProject/build/SwiftExplicitPrecompiledModules/Swift-31DUUYE8HNF3G.swiftmodule"]),
  	Task(forTarget: <none>, ruleInfo: ["SwiftExplicitDependencyCompileModuleFromInterface", "arm64", "/private/var/folders/xr/m5_5rlsd6l9fk2w4ngj13k6m0000gn/T/swbuild.tmp.p2K35VBX/Data.noindex/Test/aProject/build/SwiftExplicitPrecompiledModules/_Concurrency-1SF9RCU1JWIRU.swiftmodule"]),
  	Task(forTarget: <none>, ruleInfo: ["SwiftExplicitDependencyCompileModuleFromInterface", "arm64", "/private/var/folders/xr/m5_5rlsd6l9fk2w4ngj13k6m0000gn/T/swbuild.tmp.p2K35VBX/Data.noindex/Test/aProject/build/SwiftExplicitPrecompiledModules/_StringProcessing-2MXU3J6Y749BD.swiftmodule"]),
  	Task(forTarget: <none>, ruleInfo: ["SwiftExplicitDependencyCompileModuleFromInterface", "arm64", "/private/var/folders/xr/m5_5rlsd6l9fk2w4ngj13k6m0000gn/T/swbuild.tmp.p2K35VBX/Data.noindex/Test/bProject/build/SwiftExplicitPrecompiledModules/Swift-31DUUYE8HNF3G.swiftmodule"]),
  	Task(forTarget: <none>, ruleInfo: ["SwiftExplicitDependencyCompileModuleFromInterface", "arm64", "/private/var/folders/xr/m5_5rlsd6l9fk2w4ngj13k6m0000gn/T/swbuild.tmp.p2K35VBX/Data.noindex/Test/bProject/build/SwiftExplicitPrecompiledModules/_Concurrency-1SF9RCU1JWIRU.swiftmodule"]),
  	Task(forTarget: <none>, ruleInfo: ["SwiftExplicitDependencyCompileModuleFromInterface", "arm64", "/private/var/folders/xr/m5_5rlsd6l9fk2w4ngj13k6m0000gn/T/swbuild.tmp.p2K35VBX/Data.noindex/Test/bProject/build/SwiftExplicitPrecompiledModules/_StringProcessing-2MXU3J6Y749BD.swiftmodule"]),
  	Task(forTarget: <none>, ruleInfo: ["SwiftExplicitDependencyGeneratePcm", "arm64", "/private/var/folders/xr/m5_5rlsd6l9fk2w4ngj13k6m0000gn/T/swbuild.tmp.p2K35VBX/Data.noindex/Test/aProject/build/SwiftExplicitPrecompiledModules/SwiftShims-D80889OB6772EMIM46C08B0T9.pcm"]),
  	Task(forTarget: <none>, ruleInfo: ["SwiftExplicitDependencyGeneratePcm", "arm64", "/private/var/folders/xr/m5_5rlsd6l9fk2w4ngj13k6m0000gn/T/swbuild.tmp.p2K35VBX/Data.noindex/Test/aProject/build/SwiftExplicitPrecompiledModules/_SwiftConcurrencyShims-CZAEMFM3UERZTKE562OWFXL9Y.pcm"]),
  	Task(forTarget: <none>, ruleInfo: ["SwiftExplicitDependencyGeneratePcm", "arm64", "/private/var/folders/xr/m5_5rlsd6l9fk2w4ngj13k6m0000gn/T/swbuild.tmp.p2K35VBX/Data.noindex/Test/bProject/build/SwiftExplicitPrecompiledModules/SwiftShims-D80889OB6772EMIM46C08B0T9.pcm"]),
  	Task(forTarget: <none>, ruleInfo: ["SwiftExplicitDependencyGeneratePcm", "arm64", "/private/var/folders/xr/m5_5rlsd6l9fk2w4ngj13k6m0000gn/T/swbuild.tmp.p2K35VBX/Data.noindex/Test/bProject/build/SwiftExplicitPrecompiledModules/_SwiftConcurrencyShims-CZAEMFM3UERZTKE562OWFXL9Y.pcm"]),
  	Task(forTarget: <none>, ruleInfo: ["WriteAuxiliaryFile", "/private/var/folders/xr/m5_5rlsd6l9fk2w4ngj13k6m0000gn/T/swbuild.tmp.p2K35VBX/Data.noindex/Test/aProject/build/aProject.build/Debug/aProject-P20767-VFS/all-product-headers.yaml"]),
  	Task(forTarget: <none>, ruleInfo: ["WriteAuxiliaryFile", "/private/var/folders/xr/m5_5rlsd6l9fk2w4ngj13k6m0000gn/T/swbuild.tmp.p2K35VBX/Data.noindex/Test/bProject/build/bProject.build/Debug/bProject-P29607-VFS/all-product-headers.yaml"])'
↳ Occasionally fails in CI due to SwiftExplicitDependencyCompileModuleFromInterface missing from the dependency graph
━ Test explicitBuildWithMultipleProjects(arch:) with 2 test cases passed after 331.620 seconds with 8 known issues.
⎙ Attached 'Build Transcript.txt' to androidCommandLineTool(arch:).
⎙ Attached 'Build Description.txt' to androidCommandLineTool(arch:).
⎙ Attached 'Build Transcript.txt' to androidCommandLineTool(arch:).
⎙ Attached 'Build Description.txt' to androidCommandLineTool(arch:).
⎙ Attached 'Build Transcript.txt' to androidCommandLineTool(arch:).
⎙ Attached 'Build Description.txt' to androidCommandLineTool(arch:).
⎙ Attached 'Build Transcript.txt' to androidCommandLineTool(arch:).
⎙ Attached 'Build Description.txt' to androidCommandLineTool(arch:).
⎙ Attached 'Build Transcript.txt' to androidCommandLineTool(arch:).
⎙ Attached 'Build Description.txt' to androidCommandLineTool(arch:).
✔ Test androidCommandLineTool(arch:) with 5 test cases passed after 332.085 seconds.
✔ Suite AndroidBuildOperationTests passed after 332.109 seconds.
⎙ Attached 'Build Transcript.txt' to xCFrameworkProcessingObject().
⎙ Attached 'Build Description.txt' to xCFrameworkProcessingObject().
⎙ Attached 'Build Transcript.txt' to xCFrameworkProcessing().
⎙ Attached 'Build Description.txt' to xCFrameworkProcessing().
⎙ Attached 'Build Transcript.txt' to xCFrameworkProcessingSkipDynamicAutoEmbed().
⎙ Attached 'Build Description.txt' to xCFrameworkProcessingSkipDynamicAutoEmbed().
⎙ Attached 'Build Transcript.txt' to watchOnlyAppPlatformConstraints().
⎙ Attached 'Build Transcript.txt' to preparingForIndexingPackages().
⎙ Attached 'Build Description.txt' to preparingForIndexingPackages().
⎙ Attached 'Build Transcript.txt' to outputPath().
⎙ Attached 'Build Description.txt' to outputPath().
✔ Test watchOnlyAppPlatformConstraints() passed after 332.555 seconds.
✔ Suite WatchBuildOperationTests passed after 332.573 seconds.
✔ Test outputPath() passed after 332.571 seconds.
⎙ Attached 'Build Transcript.txt' to swiftModuleOnlyArchsWithGeneratedObjectiveCHeaders().
⎙ Attached 'Build Description.txt' to swiftModuleOnlyArchsWithGeneratedObjectiveCHeaders().
⎙ Attached 'Build Transcript.txt' to testHostToolsAndDependenciesAreBuiltDuringIndexingPreparationForPackage(destination:targetBuild:).
⎙ Attached 'Build Description.txt' to testHostToolsAndDependenciesAreBuiltDuringIndexingPreparationForPackage(destination:targetBuild:).
✔ Test swiftModuleOnlyArchsWithGeneratedObjectiveCHeaders() passed after 333.603 seconds.
⎙ Attached 'Build Transcript.txt' to testHostToolsAndDependenciesAreBuiltDuringIndexingPreparationForPackage(destination:targetBuild:).
⎙ Attached 'Build Description.txt' to testHostToolsAndDependenciesAreBuiltDuringIndexingPreparationForPackage(destination:targetBuild:).
⎙ Attached 'Build Transcript.txt' to testHostToolsAndDependenciesAreBuiltDuringIndexingPreparationForPackage(destination:targetBuild:).
⎙ Attached 'Build Description.txt' to testHostToolsAndDependenciesAreBuiltDuringIndexingPreparationForPackage(destination:targetBuild:).
⎙ Attached 'Build Transcript.txt' to packageModuleAliasing().
⎙ Attached 'Build Description.txt' to packageModuleAliasing().
✔ Test packageModuleAliasing() passed after 334.981 seconds.
⎙ Attached 'Build Transcript.txt' to workspacesWithPackagesCreatePackageFrameworksDirectoryEagerly().
⎙ Attached 'Build Description.txt' to workspacesWithPackagesCreatePackageFrameworksDirectoryEagerly().
✔ Test workspacesWithPackagesCreatePackageFrameworksDirectoryEagerly() passed after 335.051 seconds.
⎙ Attached 'Build Transcript.txt' to overridingConfigurationNameForSwiftPackages().
⎙ Attached 'Build Description.txt' to overridingConfigurationNameForSwiftPackages().
⎙ Attached 'Build Transcript.txt' to testHostToolsAndDependenciesAreBuiltDuringIndexingPreparationForPackage(destination:targetBuild:).
⎙ Attached 'Build Description.txt' to testHostToolsAndDependenciesAreBuiltDuringIndexingPreparationForPackage(destination:targetBuild:).
✔ Test overridingConfigurationNameForSwiftPackages() passed after 335.166 seconds.
⎙ Attached 'Build Transcript.txt' to WKExtensionMainLinking(runDestination:deploymentTarget:).
⎙ Attached 'Build Description.txt' to WKExtensionMainLinking(runDestination:deploymentTarget:).
⎙ Attached 'Build Transcript.txt' to WKExtensionMainLinking(runDestination:deploymentTarget:).
⎙ Attached 'Build Description.txt' to WKExtensionMainLinking(runDestination:deploymentTarget:).
⎙ Attached 'Build Transcript.txt' to testHostToolsAndDependenciesAreBuiltDuringIndexingPreparationForPackage(destination:targetBuild:).
⎙ Attached 'Build Description.txt' to testHostToolsAndDependenciesAreBuiltDuringIndexingPreparationForPackage(destination:targetBuild:).
⎙ Attached 'Build Transcript.txt' to testHostToolsAndDependenciesAreBuiltDuringIndexingPreparationForPackage(destination:targetBuild:).
⎙ Attached 'Build Description.txt' to testHostToolsAndDependenciesAreBuiltDuringIndexingPreparationForPackage(destination:targetBuild:).
✔ Test testHostToolsAndDependenciesAreBuiltDuringIndexingPreparationForPackage(destination:targetBuild:) with 6 test cases passed after 336.300 seconds.
⎙ Attached 'Build Transcript.txt' to customLocationForBuildDatabaseWithinTargets().
⎙ Attached 'Build Description.txt' to customLocationForBuildDatabaseWithinTargets().
✔ Test customLocationForBuildDatabaseWithinTargets() passed after 336.471 seconds.
⎙ Attached 'Build Transcript.txt' to multiArchAndVariantNeutrality().
⎙ Attached 'Build Description.txt' to multiArchAndVariantNeutrality().
✔ Test multiArchAndVariantNeutrality() passed after 336.787 seconds.
⎙ Attached 'Build Transcript.txt' to pointerAuthenticationBuildSetting_macOS().
⎙ Attached 'Build Description.txt' to pointerAuthenticationBuildSetting_macOS().
⎙ Attached 'Build Transcript.txt' to setFileAttributesIncrementalBehaviors().
⎙ Attached 'Build Description.txt' to setFileAttributesIncrementalBehaviors().
✔ Test setFileAttributesIncrementalBehaviors() passed after 336.914 seconds.
⎙ Attached 'Build Transcript.txt' to testHostToolsAndDependenciesAreBuiltDuringIndexingPreparation(destination:).
⎙ Attached 'Build Description.txt' to testHostToolsAndDependenciesAreBuiltDuringIndexingPreparation(destination:).
⎙ Attached 'Build Transcript.txt' to testHostToolsAndDependenciesAreBuiltDuringIndexingPreparation(destination:).
⎙ Attached 'Build Description.txt' to testHostToolsAndDependenciesAreBuiltDuringIndexingPreparation(destination:).
⎙ Attached 'Build Transcript.txt' to WKExtensionMainLinking(runDestination:deploymentTarget:).
⎙ Attached 'Build Description.txt' to WKExtensionMainLinking(runDestination:deploymentTarget:).
⎙ Attached 'Build Transcript.txt' to WKExtensionMainLinking(runDestination:deploymentTarget:).
⎙ Attached 'Build Description.txt' to WKExtensionMainLinking(runDestination:deploymentTarget:).
✔ Test WKExtensionMainLinking(runDestination:deploymentTarget:) with 4 test cases passed after 337.902 seconds.
✔ Suite WatchKitTests passed after 337.920 seconds.
⎙ Attached 'Build Transcript.txt' to staticlibStubifyTBDSigning().
⎙ Attached 'Build Description.txt' to staticlibStubifyTBDSigning().
⎙ Attached 'Build Transcript.txt' to incrementalArchive(enableBuildSystemCaching:).
⎙ Attached 'Build Description.txt' to incrementalArchive(enableBuildSystemCaching:).
⎙ Attached 'Build Transcript.txt' to minimalNullIncrementalRebuild().
⎙ Attached 'Build Description.txt' to minimalNullIncrementalRebuild().
✔ Test staticlibStubifyTBDSigning() passed after 338.056 seconds.
✔ Test minimalNullIncrementalRebuild() passed after 338.069 seconds.
⎙ Attached 'Build Transcript.txt' to buildContextDependentHeadermapNonDependency().
⎙ Attached 'Build Description.txt' to buildContextDependentHeadermapNonDependency().
⎙ Attached 'Build Transcript.txt' to incrementalArchive(enableBuildSystemCaching:).
⎙ Attached 'Build Description.txt' to incrementalArchive(enableBuildSystemCaching:).
⎙ Attached 'Build Transcript.txt' to dylibStubifyTBDSigning().
⎙ Attached 'Build Description.txt' to dylibStubifyTBDSigning().
✔ Test incrementalArchive(enableBuildSystemCaching:) with 2 test cases passed after 338.261 seconds.
✔ Test dylibStubifyTBDSigning() passed after 338.262 seconds.
⎙ Attached 'Build Transcript.txt' to staticFrameworkStubifyTBDSigning().
⎙ Attached 'Build Description.txt' to staticFrameworkStubifyTBDSigning().
✔ Test staticFrameworkStubifyTBDSigning() passed after 338.419 seconds.
⎙ Attached 'Build Transcript.txt' to testHostToolsAndDependenciesAreBuiltDuringIndexingPreparation(destination:).
⎙ Attached 'Build Description.txt' to testHostToolsAndDependenciesAreBuiltDuringIndexingPreparation(destination:).
⎙ Attached 'Build Transcript.txt' to staticFrameworkInstallAPITBDSigningWithBuildVariants().
⎙ Attached 'Build Description.txt' to staticFrameworkInstallAPITBDSigningWithBuildVariants().
✔ Test staticFrameworkInstallAPITBDSigningWithBuildVariants() passed after 338.499 seconds.
⎙ Attached 'Build Transcript.txt' to staticlibInstallAPITBDSigningWithBuildVariants().
⎙ Attached 'Build Description.txt' to staticlibInstallAPITBDSigningWithBuildVariants().
✔ Test staticlibInstallAPITBDSigningWithBuildVariants() passed after 338.553 seconds.
⎙ Attached 'Build Transcript.txt' to infoPlistAffectsCodeSigning().
⎙ Attached 'Build Description.txt' to infoPlistAffectsCodeSigning().
✔ Test testHostToolsAndDependenciesAreBuiltDuringIndexingPreparation(destination:) with 3 test cases passed after 338.552 seconds.
✔ Test infoPlistAffectsCodeSigning() passed after 338.567 seconds.
⎙ Attached 'Build Transcript.txt' to coreMLCodeGeneration().
⎙ Attached 'Build Description.txt' to coreMLCodeGeneration().
⎙ Attached 'Build Transcript.txt' to staticFrameworkInstallAPITBDSigning().
⎙ Attached 'Build Description.txt' to staticFrameworkInstallAPITBDSigning().
✔ Test staticFrameworkInstallAPITBDSigning() passed after 338.640 seconds.
⎙ Attached 'Build Transcript.txt' to macOSHardenedRuntimeEnabledEntitlementsWithConflict().
⎙ Attached 'Build Description.txt' to macOSHardenedRuntimeEnabledEntitlementsWithConflict().
⎙ Attached 'Build Transcript.txt' to actualMutableBehaviors().
⎙ Attached 'Build Description.txt' to actualMutableBehaviors().
⎙ Attached 'Build Transcript.txt' to frameworkStubifyTBDSigning().
⎙ Attached 'Build Description.txt' to frameworkStubifyTBDSigning().
✔ Test macOSHardenedRuntimeEnabledEntitlementsWithConflict() passed after 338.797 seconds.
✔ Suite EntitlementsBuildOperationTests passed after 338.813 seconds.
✔ Test frameworkStubifyTBDSigning() passed after 338.804 seconds.
⎙ Attached 'Build Transcript.txt' to backtracesForDeletedOutputs().
⎙ Attached 'Build Description.txt' to backtracesForDeletedOutputs().
✔ Test backtracesForDeletedOutputs() passed after 338.851 seconds.
⎙ Attached 'Build Transcript.txt' to installHeadersStaleFileRemoval().
⎙ Attached 'Build Description.txt' to installHeadersStaleFileRemoval().
✔ Test installHeadersStaleFileRemoval() passed after 338.896 seconds.
⎙ Attached 'Build Transcript.txt' to dSYMBundleCleanupOnDebugInfoFormatChange().
⎙ Attached 'Build Description.txt' to dSYMBundleCleanupOnDebugInfoFormatChange().
⎙ Attached 'Build Transcript.txt' to mutatingTaskBacktraceRecording().
⎙ Attached 'Build Description.txt' to mutatingTaskBacktraceRecording().
⎙ Attached 'Build Transcript.txt' to packageNameFlag().
⎙ Attached 'Build Description.txt' to packageNameFlag().
✔ Test packageNameFlag() passed after 339.129 seconds.
⎙ Attached 'Build Transcript.txt' to validateCASPostBuildError().
⎙ Attached 'Build Description.txt' to validateCASPostBuildError().
✔ Test validateCASPostBuildError() passed after 339.253 seconds.
⎙ Attached 'Build Transcript.txt' to cachingFineGrainedOutputsNotSet().
⎙ Attached 'Build Description.txt' to cachingFineGrainedOutputsNotSet().
✔ Test cachingFineGrainedOutputsNotSet() passed after 339.348 seconds.
⎙ Attached 'Build Transcript.txt' to cachingModulesBasicPlugin().
⎙ Attached 'Build Description.txt' to cachingModulesBasicPlugin().
⎙ Attached 'Build Transcript.txt' to cachingFineGrainedOutputsDisabled().
⎙ Attached 'Build Description.txt' to cachingFineGrainedOutputsDisabled().
✔ Test cachingFineGrainedOutputsDisabled() passed after 339.874 seconds.
⎙ Attached 'Build Transcript.txt' to dSYMAccompaniesProductRebuild().
⎙ Attached 'Build Description.txt' to dSYMAccompaniesProductRebuild().
⎙ Attached 'Build Transcript.txt' to dSYMBundlePreservedWhenBuildVariantRemoved().
⎙ Attached 'Build Description.txt' to dSYMBundlePreservedWhenBuildVariantRemoved().
✔ Test dSYMBundlePreservedWhenBuildVariantRemoved() passed after 340.012 seconds.
⎙ Attached 'Build Transcript.txt' to incrementalDatabasePruningWithModules().
⎙ Attached 'Build Description.txt' to incrementalDatabasePruningWithModules().
⎙ Attached 'Build Transcript.txt' to explicitModulesWithLauncher().
⎙ Attached 'Build Description.txt' to explicitModulesWithLauncher().
⎙ Attached 'Build Transcript.txt' to validateCAS(usePlugin:enableCaching:includePostBuild:).
⎙ Attached 'Build Description.txt' to validateCAS(usePlugin:enableCaching:includePostBuild:).
✔ Test explicitModulesWithLauncher() passed after 340.254 seconds.
⎙ Attached 'Build Transcript.txt' to cachingModulesBasic().
⎙ Attached 'Build Description.txt' to cachingModulesBasic().
⎙ Attached 'Build Transcript.txt' to rebuildAfterEnablingCaching().
⎙ Attached 'Build Description.txt' to rebuildAfterEnablingCaching().
⎙ Attached 'Build Transcript.txt' to cachingFineGrainedOutputsVerifySet().
⎙ Attached 'Build Description.txt' to cachingFineGrainedOutputsVerifySet().
✔ Test rebuildAfterEnablingCaching() passed after 340.501 seconds.
⎙ Attached 'Build Transcript.txt' to cacheCleanup().
✔ Test cachingFineGrainedOutputsVerifySet() passed after 340.527 seconds.
⎙ Attached 'Build Transcript.txt' to cachingBasicPlugin().
⎙ Attached 'Build Description.txt' to cachingBasicPlugin().
⎙ Attached 'Build Transcript.txt' to sameWorkspaceRebuildPreservesEagerLinkingTBDs().
⎙ Attached 'Build Description.txt' to sameWorkspaceRebuildPreservesEagerLinkingTBDs().
✔ Test sameWorkspaceRebuildPreservesEagerLinkingTBDs() passed after 340.699 seconds.
⎙ Attached 'Build Transcript.txt' to cachePath().
⎙ Attached 'Build Description.txt' to cachePath().
⎙ Attached 'Build Transcript.txt' to prefixMapping().
✔ Test cachePath() passed after 340.848 seconds.
⎙ Attached 'Build Transcript.txt' to validateCASRecovery().
⎙ Attached 'Build Description.txt' to validateCASRecovery().
✔ Test validateCASRecovery() passed after 340.887 seconds.
⎙ Attached 'Build Transcript.txt' to staleTBDRemovedWhenFrameworkSwitchesDynamicToStatic().
⎙ Attached 'Build Description.txt' to staleTBDRemovedWhenFrameworkSwitchesDynamicToStatic().
⎙ Attached 'Build Transcript.txt' to crossWorkspaceStaleEagerLinkingTBDRemoval().
⎙ Attached 'Build Description.txt' to crossWorkspaceStaleEagerLinkingTBDRemoval().
✔ Test staleTBDRemovedWhenFrameworkSwitchesDynamicToStatic() passed after 340.928 seconds.
✔ Test crossWorkspaceStaleEagerLinkingTBDRemoval() passed after 340.936 seconds.
⎙ Attached 'Build Transcript.txt' to cachingFineGrainedOutputsSet().
⎙ Attached 'Build Description.txt' to cachingFineGrainedOutputsSet().
✔ Test cachingFineGrainedOutputsSet() passed after 340.979 seconds.
⎙ Attached 'Build Transcript.txt' to workspaceSFRDoesNotDeleteOtherConfigurations().
⎙ Attached 'Build Description.txt' to workspaceSFRDoesNotDeleteOtherConfigurations().
⎙ Attached 'Build Transcript.txt' to validateCAS(usePlugin:enableCaching:includePostBuild:).
⎙ Attached 'Build Description.txt' to validateCAS(usePlugin:enableCaching:includePostBuild:).
✔ Test workspaceSFRDoesNotDeleteOtherConfigurations() passed after 341.004 seconds.
⎙ Attached 'Build Transcript.txt' to validateCAS(usePlugin:enableCaching:includePostBuild:).
⎙ Attached 'Build Description.txt' to validateCAS(usePlugin:enableCaching:includePostBuild:).
⎙ Attached 'Build Transcript.txt' to validateCAS(usePlugin:enableCaching:includePostBuild:).
⎙ Attached 'Build Description.txt' to validateCAS(usePlugin:enableCaching:includePostBuild:).
⎙ Attached 'Build Transcript.txt' to cachingModulesWithPrecompiledHeader().
⎙ Attached 'Build Transcript.txt' to cachingFineGrainedOutputsCompileCacheDisabled().
⎙ Attached 'Build Description.txt' to cachingFineGrainedOutputsCompileCacheDisabled().
✔ Test cachingFineGrainedOutputsCompileCacheDisabled() passed after 341.172 seconds.
⎙ Attached 'Build Transcript.txt' to validateCAS(usePlugin:enableCaching:includePostBuild:).
⎙ Attached 'Build Description.txt' to validateCAS(usePlugin:enableCaching:includePostBuild:).
⎙ Attached 'Build Transcript.txt' to yaccRenaming().
⎙ Attached 'Build Description.txt' to yaccRenaming().
✔ Test yaccRenaming() passed after 341.249 seconds.
⎙ Attached 'Build Transcript.txt' to validateCAS(usePlugin:enableCaching:includePostBuild:).
⎙ Attached 'Build Description.txt' to validateCAS(usePlugin:enableCaching:includePostBuild:).
⎙ Attached 'Build Transcript.txt' to cachingBasic().
⎙ Attached 'Build Description.txt' to cachingBasic().
⎙ Attached 'Build Transcript.txt' to switchingBetweenSanitizerModes().
⎙ Attached 'Build Description.txt' to switchingBetweenSanitizerModes().
⎙ Attached 'Build Transcript.txt' to cachedBuild().
⎙ Attached 'Build Transcript.txt' to switchingBetweenSanitizerModesNew().
⎙ Attached 'Build Description.txt' to switchingBetweenSanitizerModesNew().
⎙ Attached 'Build Transcript.txt' to complexSymlinkCaseWithDiscoveredDependencies().
⎙ Attached 'Build Description.txt' to complexSymlinkCaseWithDiscoveredDependencies().
⎙ Attached 'Build Transcript.txt' to entitlementsProcessingNotInvalidatedByUnrelatedSettingsChange().
⎙ Attached 'Build Description.txt' to entitlementsProcessingNotInvalidatedByUnrelatedSettingsChange().
⎙ Attached 'Build Transcript.txt' to prefixHeaderDependencies().
⎙ Attached 'Build Description.txt' to prefixHeaderDependencies().
⎙ Attached 'Build Transcript.txt' to implicitDependency().
⎙ Attached 'Build Description.txt' to implicitDependency().
⎙ Attached 'Build Transcript.txt' to prefixMappingWithModuleVerifier().
⎙ Attached 'Build Transcript.txt' to explicitModulesSharingOfDependencies().
⎙ Attached 'Build Description.txt' to explicitModulesSharingOfDependencies().
✔ Test explicitModulesSharingOfDependencies() passed after 341.964 seconds.
⎙ Attached 'Build Transcript.txt' to incrementalBuildsDoNotAccumulateModuleVariantsWhenImportedModulesChange().
⎙ Attached 'Build Description.txt' to incrementalBuildsDoNotAccumulateModuleVariantsWhenImportedModulesChange().
✔ Test incrementalBuildsDoNotAccumulateModuleVariantsWhenImportedModulesChange() passed after 342.035 seconds.
⎙ Attached 'Build Transcript.txt' to LLBuildBacktraceRecording().
⎙ Attached 'Build Description.txt' to LLBuildBacktraceRecording().
⎙ Attached 'Build Transcript.txt' to backtraceTextRendering().
⎙ Attached 'Build Description.txt' to backtraceTextRendering().
⎙ Attached 'Build Transcript.txt' to incrementalDatabasePruningWithPrecompiledHeader().
⎙ Attached 'Build Description.txt' to incrementalDatabasePruningWithPrecompiledHeader().
⎙ Attached 'Build Transcript.txt' to entitlementsModificationInvalidatesBuildDescription().
⎙ Attached 'Build Description.txt' to entitlementsModificationInvalidatesBuildDescription().
⎙ Attached 'Build Transcript.txt' to incrementalCodesignForCopyFileChanges().
⎙ Attached 'Build Description.txt' to incrementalCodesignForCopyFileChanges().
⎙ Attached 'Build Transcript.txt' to copiedFrameworks().
⎙ Attached 'Build Description.txt' to copiedFrameworks().
✔ Test entitlementsModificationInvalidatesBuildDescription() passed after 342.810 seconds.
⎙ Attached 'Build Transcript.txt' to cleanLegacy().
⎙ Attached 'Build Description.txt' to cleanLegacy().
⎙ Attached 'Build Transcript.txt' to diagnosingMissingTargetDependencies().
✔ Test cleanLegacy() passed after 342.849 seconds.
⎙ Attached 'Build Transcript.txt' to incrementalDatabasePruningWithPrecompiledHeaderAndModules().
⎙ Attached 'Build Description.txt' to incrementalDatabasePruningWithPrecompiledHeaderAndModules().
⎙ Attached 'Build Transcript.txt' to deeplyLinkedStaticLibraryIncrementalBuild().
⎙ Attached 'Build Description.txt' to deeplyLinkedStaticLibraryIncrementalBuild().
⎙ Attached 'Build Transcript.txt' to incrementalCodesignForCopyFileChanges_MixedOnOff().
⎙ Attached 'Build Description.txt' to incrementalCodesignForCopyFileChanges_MixedOnOff().
⎙ Attached 'Build Transcript.txt' to clangExplicitModulesScannerDependencyRollupIsComplete().
⎙ Attached 'Build Description.txt' to clangExplicitModulesScannerDependencyRollupIsComplete().
⎙ Attached 'Build Transcript.txt' to preprocessSingleFile().
⎙ Attached 'Build Description.txt' to preprocessSingleFile().
⎙ Attached 'Build Transcript.txt' to deeplyLinkedStaticLibraryIncrementalBuildForInstallBuilds().
⎙ Attached 'Build Description.txt' to deeplyLinkedStaticLibraryIncrementalBuildForInstallBuilds().
⎙ Attached 'Build Transcript.txt' to dSYMNullBuild().
⎙ Attached 'Build Description.txt' to dSYMNullBuild().
⎙ Attached 'Build Transcript.txt' to upwardIncludeModuleCycle(eagerParallelCompilation:).
⎙ Attached 'Build Description.txt' to upwardIncludeModuleCycle(eagerParallelCompilation:).
⎙ Attached 'Build Transcript.txt' to upwardIncludeModuleCycle(eagerParallelCompilation:).
⎙ Attached 'Build Description.txt' to upwardIncludeModuleCycle(eagerParallelCompilation:).
⎙ Attached 'Build Transcript.txt' to addingTranslationUnit().
⎙ Attached 'Build Description.txt' to addingTranslationUnit().
✔ Test addingTranslationUnit() passed after 343.645 seconds.
⎙ Attached 'Build Transcript.txt' to incrementalHeaderRename().
⎙ Attached 'Build Description.txt' to incrementalHeaderRename().
⎙ Attached 'Build Transcript.txt' to realityToolCachingBasics().
⎙ Attached 'Build Description.txt' to realityToolCachingBasics().
✔ Test incrementalHeaderRename() passed after 343.771 seconds.
⎙ Attached 'Build Transcript.txt' to explicitModulesIncrementalBuildInvalidatingProjectModule().
⎙ Attached 'Build Description.txt' to explicitModulesIncrementalBuildInvalidatingProjectModule().
⎙ Attached 'Build Transcript.txt' to skipDependenciesFlag().
⎙ Attached 'Build Description.txt' to skipDependenciesFlag().
✔ Test skipDependenciesFlag() passed after 344.009 seconds.
⎙ Attached 'Build Transcript.txt' to actualHeadermapUse().
⎙ Attached 'Build Description.txt' to actualHeadermapUse().
⎙ Attached 'Build Transcript.txt' to headerDependenciesOnSystemModuleOutsideSysroot().
⎙ Attached 'Build Description.txt' to headerDependenciesOnSystemModuleOutsideSysroot().
✔ Test actualHeadermapUse() passed after 344.109 seconds.
⎙ Attached 'Build Transcript.txt' to swiftBuildTraceEmission().
⎙ Attached 'Build Description.txt' to swiftBuildTraceEmission().
✔ Test swiftBuildTraceEmission() passed after 344.260 seconds.
✔ Suite SwiftBuildTraceTests passed after 344.288 seconds.
⎙ Attached 'Build Transcript.txt' to incrementalBuild_changeSameFile().
⎙ Attached 'Build Description.txt' to incrementalBuild_changeSameFile().
⎙ Attached 'Build Transcript.txt' to explicitBuildDefaultFromBlocklist().
⎙ Attached 'Build Description.txt' to explicitBuildDefaultFromBlocklist().
⎙ Attached 'Build Transcript.txt' to incrementalBuildHeaderRemoval().
⎙ Attached 'Build Description.txt' to incrementalBuildHeaderRemoval().
⎙ Attached 'Build Transcript.txt' to incrementalBuildsDoNotRebuildModuleDepsWhenModuleChanges().
⎙ Attached 'Build Description.txt' to incrementalBuildsDoNotRebuildModuleDepsWhenModuleChanges().
✔ Test incrementalBuildHeaderRemoval() passed after 344.592 seconds.
✔ Test incrementalBuildsDoNotRebuildModuleDepsWhenModuleChanges() passed after 344.644 seconds.
⎙ Attached 'Build Transcript.txt' to validateEmbeddedBinary().
⎙ Attached 'Build Description.txt' to validateEmbeddedBinary().
⎙ Attached 'Build Transcript.txt' to incrementalUpdateToTransitiveModuleDependency().
⎙ Attached 'Build Description.txt' to incrementalUpdateToTransitiveModuleDependency().
✔ Test incrementalUpdateToTransitiveModuleDependency() passed after 344.965 seconds.
⎙ Attached 'Build Transcript.txt' to resourceEmbedInCodeIncrementalRebuild().
⎙ Attached 'Build Description.txt' to resourceEmbedInCodeIncrementalRebuild().
⎙ Attached 'Build Transcript.txt' to diagnosingLanguageFeatureEnablement().
⎙ Attached 'Build Description.txt' to diagnosingLanguageFeatureEnablement().
⎙ Attached 'Build Transcript.txt' to progressReportingWithCachedBuildSystem().
⎙ Attached 'Build Description.txt' to progressReportingWithCachedBuildSystem().
✔ Test progressReportingWithCachedBuildSystem() passed after 345.211 seconds.
⎙ Attached 'Build Transcript.txt' to incrementalBuildRecordCorrectlyPersistsCompileFailures().
⎙ Attached 'Build Description.txt' to incrementalBuildRecordCorrectlyPersistsCompileFailures().
⎙ Attached 'Build Transcript.txt' to userModuleHeaderChangeInvalidatesPlanning().
⎙ Attached 'Build Description.txt' to userModuleHeaderChangeInvalidatesPlanning().
⎙ Attached 'Build Transcript.txt' to indexingAndPreviewInfo().
⎙ Attached 'Build Description.txt' to indexingAndPreviewInfo().
⎙ Attached 'Build Transcript.txt' to swiftSDKToolsets().
⎙ Attached 'Build Description.txt' to swiftSDKToolsets().
⎙ Attached 'Build Transcript.txt' to clean().
✔ Test clean() passed after 345.693 seconds.
✔ Test swiftSDKToolsets() passed after 345.712 seconds.
⎙ Attached 'Build Transcript.txt' to incrementalBuildsDoNotAccumulateModuleVariantsWhenSignaturesChange().
⎙ Attached 'Build Description.txt' to incrementalBuildsDoNotAccumulateModuleVariantsWhenSignaturesChange().
⎙ Attached 'Build Transcript.txt' to staleSwiftStdlibDylibRemovedOnIncrementalBuild().
⎙ Attached 'Build Description.txt' to staleSwiftStdlibDylibRemovedOnIncrementalBuild().
✔ Test staleSwiftStdlibDylibRemovedOnIncrementalBuild() passed after 345.803 seconds.
✔ Suite SwiftBuildOperationTests passed after 345.820 seconds.
✔ Test incrementalBuildsDoNotAccumulateModuleVariantsWhenSignaturesChange() passed after 345.840 seconds.
⎙ Attached 'Build Transcript.txt' to systemModuleOutsideSysrootHeaderChangeInvalidatesPlanning().
⎙ Attached 'Build Description.txt' to systemModuleOutsideSysrootHeaderChangeInvalidatesPlanning().
⎙ Attached 'Build Transcript.txt' to incrementalBuild_invalidateDownstreamPlanning().
⎙ Attached 'Build Description.txt' to incrementalBuild_invalidateDownstreamPlanning().
⎙ Attached 'Build Transcript.txt' to incrementalBuild_nullBuildPlanning().
⎙ Attached 'Build Description.txt' to incrementalBuild_nullBuildPlanning().
⎙ Attached 'Build Transcript.txt' to incrementalExplicitModulesLinkerSwiftmoduleRegistration().
⎙ Attached 'Build Description.txt' to incrementalExplicitModulesLinkerSwiftmoduleRegistration().
⎙ Attached 'Build Transcript.txt' to incrementalBuild_eagerCompilation().
⎙ Attached 'Build Description.txt' to incrementalBuild_eagerCompilation().
✔ Test incrementalExplicitModulesLinkerSwiftmoduleRegistration() passed after 346.204 seconds.
⎙ Attached 'Build Transcript.txt' to discoveredDependencies().
⎙ Attached 'Build Description.txt' to discoveredDependencies().
⎙ Attached 'Build Transcript.txt' to apiDigesterDisableFailOnError().
⎙ Attached 'Build Description.txt' to apiDigesterDisableFailOnError().
✔ Test apiDigesterDisableFailOnError() passed after 346.427 seconds.
✔ Suite APIDigesterBuildOperationTests passed after 346.439 seconds.
⎙ Attached 'Build Transcript.txt' to diagnosingMissingTargetDependencies().
⎙ Attached 'Build Transcript.txt' to swiftDiscoveredDeps().
⎙ Attached 'Build Description.txt' to swiftDiscoveredDeps().
⎙ Attached 'Build Transcript.txt' to prepareXCFramework().
⎙ Attached 'Build Description.txt' to prepareXCFramework().
✔ Test prepareXCFramework() passed after 346.776 seconds.
⎙ Attached 'Build Transcript.txt' to locExportGeneratesIntermediateStubs().
⎙ Attached 'Build Description.txt' to locExportGeneratesIntermediateStubs().
⎙ Attached 'Build Transcript.txt' to preparingWithDuplicateProducts().
⎙ Attached 'Build Description.txt' to preparingWithDuplicateProducts().
✔ Test locExportGeneratesIntermediateStubs() passed after 346.882 seconds.
✔ Suite ExportLocBuildOperationTests passed after 346.893 seconds.
⎙ Attached 'Build Transcript.txt' to swiftExclusivity().
⎙ Attached 'Build Description.txt' to swiftExclusivity().
✔ Test swiftExclusivity() passed after 347.052 seconds.
⎙ Attached 'Build Transcript.txt' to preparingWithDuplicateScriptOutput().
⎙ Attached 'Build Description.txt' to preparingWithDuplicateScriptOutput().
⎙ Attached 'Build Transcript.txt' to rebuildDeletedSwiftPCMAfterSourceChange().
⎙ Attached 'Build Description.txt' to rebuildDeletedSwiftPCMAfterSourceChange().
✔ Test rebuildDeletedSwiftPCMAfterSourceChange() passed after 348.033 seconds.
⎙ Attached 'Build Transcript.txt' to safariExtensionLaunchServicesRegistration().
⎙ Attached 'Build Description.txt' to safariExtensionLaunchServicesRegistration().
✔ Test safariExtensionLaunchServicesRegistration() passed after 348.879 seconds.
⎙ Attached 'Build Transcript.txt' to validateCAS().
⎙ Attached 'Build Description.txt' to validateCAS().
⎙ Attached 'Build Transcript.txt' to swiftCASLimiting().
⎙ Attached 'Build Transcript.txt' to wrapperFileTypeMonitoring().
⎙ Attached 'Build Description.txt' to wrapperFileTypeMonitoring().
⎙ Attached 'Build Transcript.txt' to swiftCachingSimple().
⎙ Attached 'Build Transcript.txt' to explicitBuild().
⎙ Attached 'Build Description.txt' to explicitBuild().
✔ Test explicitBuild() passed after 349.244 seconds.
⎙ Attached 'Build Transcript.txt' to copySwiftLibs_preSwiftOS_macos().
⎙ Attached 'Build Description.txt' to copySwiftLibs_preSwiftOS_macos().
✔ Test copySwiftLibs_preSwiftOS_macos() passed after 349.464 seconds.
⎙ Attached 'Build Transcript.txt' to swiftSubtaskReporting().
⎙ Attached 'Build Description.txt' to swiftSubtaskReporting().
⎙ Attached 'Build Transcript.txt' to singleUseTaskBacktraceRecording().
⎙ Attached 'Build Description.txt' to singleUseTaskBacktraceRecording().
✔ Test singleUseTaskBacktraceRecording() passed after 349.785 seconds.
⎙ Attached 'Build Transcript.txt' to copySwiftLibs_postSwiftSpan_macos().
⎙ Attached 'Build Description.txt' to copySwiftLibs_postSwiftSpan_macos().
⎙ Attached 'Build Transcript.txt' to copySwiftLibs_postSwiftOS_preSwiftConcurrency_macos().
⎙ Attached 'Build Description.txt' to copySwiftLibs_postSwiftOS_preSwiftConcurrency_macos().
⎙ Attached 'Build Transcript.txt' to dynamicLibraryConsumingObjectLibraryWithCodeCoverage().
⎙ Attached 'Build Description.txt' to dynamicLibraryConsumingObjectLibraryWithCodeCoverage().
✔ Test dynamicLibraryConsumingObjectLibraryWithCodeCoverage() passed after 350.371 seconds.
✔ Test copySwiftLibs_postSwiftOS_preSwiftConcurrency_macos() passed after 350.433 seconds.
✔ Test copySwiftLibs_postSwiftSpan_macos() passed after 350.439 seconds.
⎙ Attached 'Build Transcript.txt' to commandLineTool(linkerDriver:optimizationLevel:).
⎙ Attached 'Build Description.txt' to commandLineTool(linkerDriver:optimizationLevel:).
⎙ Attached 'Build Transcript.txt' to alternateLinkerSelection().
⎙ Attached 'Build Description.txt' to alternateLinkerSelection().
✔ Test alternateLinkerSelection() passed after 350.722 seconds.
⎙ Attached 'Build Transcript.txt' to consumingObjectLibraryIncrementalBuild().
⎙ Attached 'Build Description.txt' to consumingObjectLibraryIncrementalBuild().
⎙ Attached 'Build Transcript.txt' to commandLineTool(linkerDriver:optimizationLevel:).
⎙ Attached 'Build Description.txt' to commandLineTool(linkerDriver:optimizationLevel:).
⎙ Attached 'Build Transcript.txt' to architectureSwitching().
⎙ Attached 'Build Description.txt' to architectureSwitching().
⎙ Attached 'Build Transcript.txt' to copySwiftLibs_postSwiftConcurrency_macos().
⎙ Attached 'Build Description.txt' to copySwiftLibs_postSwiftConcurrency_macos().
✔ Test copySwiftLibs_postSwiftConcurrency_macos() passed after 352.046 seconds.
⎙ Attached 'Build Transcript.txt' to outputAgnosticsFlagsRebuild().
⎙ Attached 'Build Description.txt' to outputAgnosticsFlagsRebuild().
⎙ Attached 'Build Transcript.txt' to commandLineTool(linkerDriver:optimizationLevel:).
⎙ Attached 'Build Description.txt' to commandLineTool(linkerDriver:optimizationLevel:).
⎙ Attached 'Build Transcript.txt' to appHostedTestTargetRebuild().
⎙ Attached 'Build Description.txt' to appHostedTestTargetRebuild().
━ Test appHostedTestTargetRebuild() recorded a known issue at UnitTestBuildOperationTests.swift:795:50: Issue recorded
↳ unable to find any task matching conditions '[Target == AppTarget, RuleType == Ld]', among tasks: 'Task(forTarget: AppTarget, ruleInfo: ["CodeSign", "/private/var/folders/xr/m5_5rlsd6l9fk2w4ngj13k6m0000gn/T/swbuild.tmp.Jfd1gu5V/Data.noindex/Test/aProject/build/Debug/AppTarget.app"]),
  	Task(forTarget: AppTarget, ruleInfo: ["Copy", "/private/var/folders/xr/m5_5rlsd6l9fk2w4ngj13k6m0000gn/T/swbuild.tmp.Jfd1gu5V/Data.noindex/Test/aProject/build/Debug/AppTarget.swiftmodule/Project/arm64-apple-macos.swiftsourceinfo", "/private/var/folders/xr/m5_5rlsd6l9fk2w4ngj13k6m0000gn/T/swbuild.tmp.Jfd1gu5V/Data.noindex/Test/aProject/build/aProject.build/Debug/AppTarget.build/Objects-normal/arm64/AppTarget.swiftsourceinfo"]),
  	Task(forTarget: AppTarget, ruleInfo: ["Copy", "/private/var/folders/xr/m5_5rlsd6l9fk2w4ngj13k6m0000gn/T/swbuild.tmp.Jfd1gu5V/Data.noindex/Test/aProject/build/Debug/AppTarget.swiftmodule/arm64-apple-macos.abi.json", "/private/var/folders/xr/m5_5rlsd6l9fk2w4ngj13k6m0000gn/T/swbuild.tmp.Jfd1gu5V/Data.noindex/Test/aProject/build/aProject.build/Debug/AppTarget.build/Objects-normal/arm64/AppTarget.abi.json"]),
  	Task(forTarget: AppTarget, ruleInfo: ["ExtractAppIntentsMetadata"]),
  	Task(forTarget: AppTarget, ruleInfo: ["Gate", "target-AppTarget-T-AppTarget-26817--end"]),
  	Task(forTarget: AppTarget, ruleInfo: ["Gate", "target-AppTarget-T-AppTarget-26817--linker-inputs-ready"]),
  	Task(forTarget: AppTarget, ruleInfo: ["Gate", "target-AppTarget-T-AppTarget-26817--modules-ready"]),
  	Task(forTarget: AppTarget, ruleInfo: ["Gate", "target-AppTarget-T-AppTarget-26817--unsigned-product-ready"]),
  	Task(forTarget: AppTarget, ruleInfo: ["RegisterWithLaunchServices", "/private/var/folders/xr/m5_5rlsd6l9fk2w4ngj13k6m0000gn/T/swbuild.tmp.Jfd1gu5V/Data.noindex/Test/aProject/build/Debug/AppTarget.app"]),
  	Task(forTarget: AppTarget, ruleInfo: ["SwiftCompile", "normal", "arm64", "Compiling ClassOne.swift", "/private/var/folders/xr/m5_5rlsd6l9fk2w4ngj13k6m0000gn/T/swbuild.tmp.Jfd1gu5V/Data.noindex/Test/aProject/ClassOne.swift"]),
  	Task(forTarget: AppTarget, ruleInfo: ["SwiftDriver", "AppTarget", "normal", "arm64", "com.apple.xcode.tools.swift.compiler"]),
  	Task(forTarget: AppTarget, ruleInfo: ["SwiftDriver Compilation", "AppTarget", "normal", "arm64", "com.apple.xcode.tools.swift.compiler"]),
  	Task(forTarget: AppTarget, ruleInfo: ["SwiftDriver Compilation Requirements", "AppTarget", "normal", "arm64", "com.apple.xcode.tools.swift.compiler"]),
  	Task(forTarget: AppTarget, ruleInfo: ["SwiftEmitModule", "normal", "arm64", "Emitting module for AppTarget"]),
  	Task(forTarget: AppTarget, ruleInfo: ["Validate", "/private/var/folders/xr/m5_5rlsd6l9fk2w4ngj13k6m0000gn/T/swbuild.tmp.Jfd1gu5V/Data.noindex/Test/aProject/build/Debug/AppTarget.app"]),
  	Task(forTarget: UnitTestTarget, ruleInfo: ["CodeSign", "/private/var/folders/xr/m5_5rlsd6l9fk2w4ngj13k6m0000gn/T/swbuild.tmp.Jfd1gu5V/Data.noindex/Test/aProject/build/Debug/AppTarget.app/Contents/PlugIns/UnitTestTarget.xctest"]),
  	Task(forTarget: UnitTestTarget, ruleInfo: ["Copy", "/private/var/folders/xr/m5_5rlsd6l9fk2w4ngj13k6m0000gn/T/swbuild.tmp.Jfd1gu5V/Data.noindex/Test/aProject/build/Debug/UnitTestTarget.swiftmodule/Project/arm64-apple-macos.swiftsourceinfo", "/private/var/folders/xr/m5_5rlsd6l9fk2w4ngj13k6m0000gn/T/swbuild.tmp.Jfd1gu5V/Data.noindex/Test/aProject/build/aProject.build/Debug/UnitTestTarget.build/Objects-normal/arm64/UnitTestTarget.swiftsourceinfo"]),
  	Task(forTarget: UnitTestTarget, ruleInfo: ["Copy", "/private/var/folders/xr/m5_5rlsd6l9fk2w4ngj13k6m0000gn/T/swbuild.tmp.Jfd1gu5V/Data.noindex/Test/aProject/build/Debug/UnitTestTarget.swiftmodule/arm64-apple-macos.abi.json", "/private/var/folders/xr/m5_5rlsd6l9fk2w4ngj13k6m0000gn/T/swbuild.tmp.Jfd1gu5V/Data.noindex/Test/aProject/build/aProject.build/Debug/UnitTestTarget.build/Objects-normal/arm64/UnitTestTarget.abi.json"]),
  	Task(forTarget: UnitTestTarget, ruleInfo: ["CopySwiftLibs", "/private/var/folders/xr/m5_5rlsd6l9fk2w4ngj13k6m0000gn/T/swbuild.tmp.Jfd1gu5V/Data.noindex/Test/aProject/build/Debug/AppTarget.app/Contents/PlugIns/UnitTestTarget.xctest"]),
  	Task(forTarget: UnitTestTarget, ruleInfo: ["ExtractAppIntentsMetadata"]),
  	Task(forTarget: UnitTestTarget, ruleInfo: ["Gate", "target-UnitTestTarget-T-UnitTestTarget-26811--end"]),
  	Task(forTarget: UnitTestTarget, ruleInfo: ["Gate", "target-UnitTestTarget-T-UnitTestTarget-26811--linker-inputs-ready"]),
  	Task(forTarget: UnitTestTarget, ruleInfo: ["Gate", "target-UnitTestTarget-T-UnitTestTarget-26811--modules-ready"]),
  	Task(forTarget: UnitTestTarget, ruleInfo: ["Gate", "target-UnitTestTarget-T-UnitTestTarget-26811--unsigned-product-ready"]),
  	Task(forTarget: UnitTestTarget, ruleInfo: ["Ld", "/private/var/folders/xr/m5_5rlsd6l9fk2w4ngj13k6m0000gn/T/swbuild.tmp.Jfd1gu5V/Data.noindex/Test/aProject/build/Debug/AppTarget.app/Contents/PlugIns/UnitTestTarget.xctest/Contents/MacOS/UnitTestTarget", "normal"]),
  	Task(forTarget: UnitTestTarget, ruleInfo: ["SwiftCompile", "normal", "arm64", "Compiling TestOne.swift", "/private/var/folders/xr/m5_5rlsd6l9fk2w4ngj13k6m0000gn/T/swbuild.tmp.Jfd1gu5V/Data.noindex/Test/aProject/TestOne.swift"]),
  	Task(forTarget: UnitTestTarget, ruleInfo: ["SwiftDriver", "UnitTestTarget", "normal", "arm64", "com.apple.xcode.tools.swift.compiler"]),
  	Task(forTarget: UnitTestTarget, ruleInfo: ["SwiftDriver Compilation", "UnitTestTarget", "normal", "arm64", "com.apple.xcode.tools.swift.compiler"]),
  	Task(forTarget: UnitTestTarget, ruleInfo: ["SwiftDriver Compilation Requirements", "UnitTestTarget", "normal", "arm64", "com.apple.xcode.tools.swift.compiler"]),
  	Task(forTarget: UnitTestTarget, ruleInfo: ["SwiftEmitModule", "normal", "arm64", "Emitting module for UnitTestTarget"]),
  	Task(forTarget: <none>, ruleInfo: ["ClangStatCache", "/Applications/Xcode17E.app/Contents/Developer/Toolchains/XcodeDefault.xctoolchain/usr/bin/clang-stat-cache", "/Applications/Xcode17E.app/Contents/Developer/Platforms/MacOSX.platform/Developer/SDKs/MacOSX26.4.sdk", "/private/var/folders/xr/m5_5rlsd6l9fk2w4ngj13k6m0000gn/T/swbuild.tmp.Jfd1gu5V/Data.noindex/Test/SDKStatCaches.noindex/macosx26.4-25E260-95aa6cf8f3effd57bda17e0c125410c0.sdkstatcache"]),
  	Task(forTarget: <none>, ruleInfo: ["Gate", "target-AppTarget-T-AppTarget-26817--Barrier-CodeSign"]),
  	Task(forTarget: <none>, ruleInfo: ["Gate", "target-AppTarget-T-AppTarget-26817--Barrier-RegisterProduct"]),
  	Task(forTarget: <none>, ruleInfo: ["Gate", "target-AppTarget-T-AppTarget-26817--Barrier-Validate"]),
  	Task(forTarget: <none>, ruleInfo: ["Gate", "target-AppTarget-T-AppTarget-26817--fused-phase0-compile-sources"]),
  	Task(forTarget: <none>, ruleInfo: ["Gate", "target-AppTarget-T-AppTarget-26817--swift-generated-headers"]),
  	Task(forTarget: <none>, ruleInfo: ["Gate", "target-UnitTestTarget-T-UnitTestTarget-26811--AppIntentsMetadataTaskProducer"]),
  	Task(forTarget: <none>, ruleInfo: ["Gate", "target-UnitTestTarget-T-UnitTestTarget-26811--Barrier-CodeSign"]),
  	Task(forTarget: <none>, ruleInfo: ["Gate", "target-UnitTestTarget-T-UnitTestTarget-26811--SwiftStandardLibrariesTaskProducer"]),
  	Task(forTarget: <none>, ruleInfo: ["Gate", "target-UnitTestTarget-T-UnitTestTarget-26811--fused-phase0-compile-sources"]),
  	Task(forTarget: <none>, ruleInfo: ["Gate", "target-UnitTestTarget-T-UnitTestTarget-26811--swift-generated-headers"])'
↳ fails due to rdar://72202535
⎙ Attached 'Build Transcript.txt' to buildingHostTools().
✔ Test commandLineTool(linkerDriver:optimizationLevel:) with 3 test cases passed after 352.139 seconds.
⎙ Attached 'Build Transcript.txt' to signatureDiffing().
⎙ Attached 'Build Description.txt' to signatureDiffing().
⎙ Attached 'Build Transcript.txt' to actualMinimalFramework().
⎙ Attached 'Build Description.txt' to actualMinimalFramework().
⎙ Attached 'Build Transcript.txt' to copySwiftLibs_postSwiftOS_macos().
⎙ Attached 'Build Description.txt' to copySwiftLibs_postSwiftOS_macos().
⎙ Attached 'Build Transcript.txt' to moduleMapGetRewrittenIfSourceChanges().
⎙ Attached 'Build Description.txt' to moduleMapGetRewrittenIfSourceChanges().
⎙ Attached 'Build Transcript.txt' to basicTrackedDomainAggregationEmptyDomains().
⎙ Attached 'Build Description.txt' to basicTrackedDomainAggregationEmptyDomains().
✔ Test moduleMapGetRewrittenIfSourceChanges() passed after 352.954 seconds.
⎙ Attached 'Build Transcript.txt' to basicTrackedDomainAggregation().
⎙ Attached 'Build Description.txt' to basicTrackedDomainAggregation().
✔ Test copySwiftLibs_postSwiftOS_macos() passed after 352.992 seconds.
⎙ Attached 'Build Transcript.txt' to clearCaches().
✔ Test clearCaches() passed after 353.013 seconds.
✔ Test basicTrackedDomainAggregationEmptyDomains() passed after 353.019 seconds.
✔ Test basicTrackedDomainAggregation() passed after 353.044 seconds.
✔ Suite TrackedDomainOperationTests passed after 353.072 seconds.
⎙ Attached 'Build Transcript.txt' to cleanFramework().
✔ Test cleanFramework() passed after 353.058 seconds.
⎙ Attached 'Build Transcript.txt' to cleanDoesNotDeleteManuallyCreatedFolders().
⎙ Attached 'Build Description.txt' to cleanDoesNotDeleteManuallyCreatedFolders().
✔ Test cleanDoesNotDeleteManuallyCreatedFolders() passed after 353.097 seconds.
⎙ Attached 'Build Transcript.txt' to singleFileCompile().
⎙ Attached 'Build Description.txt' to singleFileCompile().
⎙ Attached 'Build Transcript.txt' to cleanBuildFolderContainingProject().
✔ Test cleanBuildFolderContainingProject() passed after 353.302 seconds.
⎙ Attached 'Build Transcript.txt' to buildDescriptionUseInBuildSystemCaching().
⎙ Attached 'Build Description.txt' to buildDescriptionUseInBuildSystemCaching().
⎙ Attached 'Build Transcript.txt' to cleanFrameworkInstall().
✔ Test cleanFrameworkInstall() passed after 353.380 seconds.
✔ Suite CleanOperationTests passed after 353.404 seconds.
⎙ Attached 'Build Transcript.txt' to dylibIncrementalInstallAPI().
⎙ Attached 'Build Description.txt' to dylibIncrementalInstallAPI().
⎙ Attached 'Build Transcript.txt' to incrementalCodesignForCopyFileChangesWithAppHostedTests().
⎙ Attached 'Build Description.txt' to incrementalCodesignForCopyFileChangesWithAppHostedTests().
⎙ Attached 'Build Transcript.txt' to inMemoryBuildDescriptionCache().
⎙ Attached 'Build Description.txt' to inMemoryBuildDescriptionCache().
⎙ Attached 'Build Transcript.txt' to installAPIHeaderPlatformFiltering().
⎙ Attached 'Build Description.txt' to installAPIHeaderPlatformFiltering().
✔ Test installAPIHeaderPlatformFiltering() passed after 353.974 seconds.
⎙ Attached 'Build Transcript.txt' to frameworkIncrementalInstallAPIPostHeaderRemoval().
⎙ Attached 'Build Description.txt' to frameworkIncrementalInstallAPIPostHeaderRemoval().
⎙ Attached 'Build Transcript.txt' to frameworkIncrementalInstallAPI().
⎙ Attached 'Build Description.txt' to frameworkIncrementalInstallAPI().
⎙ Attached 'Build Transcript.txt' to dylibInstallAPITBDSigning().
⎙ Attached 'Build Description.txt' to dylibInstallAPITBDSigning().
✔ Test dylibInstallAPITBDSigning() passed after 354.242 seconds.
⎙ Attached 'Build Transcript.txt' to incrementalFwkTAPI().
⎙ Attached 'Build Description.txt' to incrementalFwkTAPI().
⎙ Attached 'Build Transcript.txt' to onDiskBuildDescriptionCache().
⎙ Attached 'Build Description.txt' to onDiskBuildDescriptionCache().
⎙ Attached 'Build Transcript.txt' to dylibInstallAPITBDSigningWithBuildVariants().
⎙ Attached 'Build Description.txt' to dylibInstallAPITBDSigningWithBuildVariants().
⎙ Attached 'Build Transcript.txt' to frameworkInstallAPITBDSigning().
⎙ Attached 'Build Description.txt' to frameworkInstallAPITBDSigning().
⎙ Attached 'Build Transcript.txt' to shellScriptContentAwareIncrementalBehaviorWithTwoPhases().
⎙ Attached 'Build Description.txt' to shellScriptContentAwareIncrementalBehaviorWithTwoPhases().
⎙ Attached 'Build Transcript.txt' to frameworkInstallAPITBDSigningWithBuildVariants().
⎙ Attached 'Build Description.txt' to frameworkInstallAPITBDSigningWithBuildVariants().
✔ Test dylibInstallAPITBDSigningWithBuildVariants() passed after 354.448 seconds.
✔ Test frameworkInstallAPITBDSigning() passed after 354.444 seconds.
✔ Test frameworkInstallAPITBDSigningWithBuildVariants() passed after 354.453 seconds.
⎙ Attached 'Build Transcript.txt' to cachingPluginOniOSPlatform().
⎙ Attached 'Build Description.txt' to cachingPluginOniOSPlatform().
⎙ Attached 'Build Transcript.txt' to directoryInputBasic().
⎙ Attached 'Build Description.txt' to directoryInputBasic().
⎙ Attached 'Build Transcript.txt' to stubifyAvoidsRelinkingWhenExportedSymbolsDoNotChange().
⎙ Attached 'Build Description.txt' to stubifyAvoidsRelinkingWhenExportedSymbolsDoNotChange().
⎙ Attached 'Build Transcript.txt' to cachingMixedModulesAndNonModules().
⎙ Attached 'Build Description.txt' to cachingMixedModulesAndNonModules().
✔ Test cachingMixedModulesAndNonModules() passed after 354.734 seconds.
⎙ Attached 'Build Transcript.txt' to incrementalCodesignForCopyFileChanges_iOS().
⎙ Attached 'Build Description.txt' to incrementalCodesignForCopyFileChanges_iOS().
⎙ Attached 'Build Transcript.txt' to copiedFrameworkContentPruning(runDestination:).
⎙ Attached 'Build Description.txt' to copiedFrameworkContentPruning(runDestination:).
⎙ Attached 'Build Transcript.txt' to targetedDeviceFamilyFiltering_watchOS().
⎙ Attached 'Build Description.txt' to targetedDeviceFamilyFiltering_watchOS().
⎙ Attached 'Build Transcript.txt' to stubAppNullBuild().
⎙ Attached 'Build Description.txt' to stubAppNullBuild().
⎙ Attached 'Build Transcript.txt' to targetedDeviceFamilyFiltering_tvOS().
⎙ Attached 'Build Description.txt' to targetedDeviceFamilyFiltering_tvOS().
✔ Test stubAppNullBuild() passed after 355.143 seconds.
⎙ Attached 'Build Transcript.txt' to targetedDeviceFamilyFiltering_macOS().
⎙ Attached 'Build Description.txt' to targetedDeviceFamilyFiltering_macOS().
⎙ Attached 'Build Transcript.txt' to assembleSingleFile().
⎙ Attached 'Build Description.txt' to assembleSingleFile().
⎙ Attached 'Build Transcript.txt' to disabledWhenLdClassicIsInUse().
⎙ Attached 'Build Description.txt' to disabledWhenLdClassicIsInUse().
⎙ Attached 'Build Transcript.txt' to preparePCH().
⎙ Attached 'Build Description.txt' to preparePCH().
⎙ Attached 'Build Transcript.txt' to missingMetadataFoldersProducesDiagnostics().
⎙ Attached 'Build Description.txt' to missingMetadataFoldersProducesDiagnostics().
✔ Test missingMetadataFoldersProducesDiagnostics() passed after 357.321 seconds.
✔ Test preparePCH() passed after 357.332 seconds.
✔ Test disabledWhenLdClassicIsInUse() passed after 357.334 seconds.
✔ Suite SDKImportsBuildOperationTests passed after 357.356 seconds.
⎙ Attached 'Build Transcript.txt' to infoPlistIncrementalBehavior().
⎙ Attached 'Build Description.txt' to infoPlistIncrementalBehavior().
✔ Test infoPlistIncrementalBehavior() passed after 357.364 seconds.
⎙ Attached 'Build Transcript.txt' to copiedFrameworkContentPruning(runDestination:).
⎙ Attached 'Build Description.txt' to copiedFrameworkContentPruning(runDestination:).
⎙ Attached 'Build Transcript.txt' to shellScriptContentAwareIncrementalBehaviors().
⎙ Attached 'Build Description.txt' to shellScriptContentAwareIncrementalBehaviors().
⎙ Attached 'Build Transcript.txt' to previewXOJITBuilds(linkerDriver:).
⎙ Attached 'Build Description.txt' to previewXOJITBuilds(linkerDriver:).
⎙ Attached 'Build Transcript.txt' to previewXOJITBuilds(linkerDriver:).
⎙ Attached 'Build Description.txt' to previewXOJITBuilds(linkerDriver:).
⎙ Attached 'Build Transcript.txt' to prepareForIndexResultInfo().
⎙ Attached 'Build Description.txt' to prepareForIndexResultInfo().
⎙ Attached 'Build Transcript.txt' to preparingForIndexingSimulatorTarget().
⎙ Attached 'Build Description.txt' to preparingForIndexingSimulatorTarget().
✔ Test preparingForIndexingSimulatorTarget() passed after 358.323 seconds.
⎙ Attached 'Build Transcript.txt' to uiTestTarget_iOS().
⎙ Attached 'Build Description.txt' to uiTestTarget_iOS().
⎙ Attached 'Build Transcript.txt' to appHostedTestTarget_iOS().
⎙ Attached 'Build Description.txt' to appHostedTestTarget_iOS().
⎙ Attached 'Build Transcript.txt' to buildDescriptionInvalidation().
⎙ Attached 'Build Description.txt' to buildDescriptionInvalidation().
✔ Test buildDescriptionInvalidation() passed after 358.433 seconds.
✔ Suite OnDemandResourcesTests passed after 358.456 seconds.
⎙ Attached 'Build Transcript.txt' to singleFileCompileWithSameBaseName().
⎙ Attached 'Build Description.txt' to singleFileCompileWithSameBaseName().
✔ Test singleFileCompileWithSameBaseName() passed after 358.764 seconds.
⎙ Attached 'Build Transcript.txt' to copiedFrameworkContentPruning(runDestination:).
⎙ Attached 'Build Description.txt' to copiedFrameworkContentPruning(runDestination:).
⎙ Attached 'Build Transcript.txt' to infoPlistPreprocessingMerging().
⎙ Attached 'Build Description.txt' to infoPlistPreprocessingMerging().
⎙ Attached 'Build Transcript.txt' to explicitBuildWithMixedSourceTarget().
⎙ Attached 'Build Description.txt' to explicitBuildWithMixedSourceTarget().
✔ Test explicitBuildWithMixedSourceTarget() passed after 360.202 seconds.
⎙ Attached 'Build Transcript.txt' to singleFileCompileMetal().
⎙ Attached 'Build Description.txt' to singleFileCompileMetal().
✔ Test singleFileCompileMetal() passed after 361.854 seconds.
⎙ Attached 'Build Transcript.txt' to objCxxTargetLinksWithSwiftStdlibIfDepUsesSwiftCxxInterop().
⎙ Attached 'Build Description.txt' to objCxxTargetLinksWithSwiftStdlibIfDepUsesSwiftCxxInterop().
✔ Test objCxxTargetLinksWithSwiftStdlibIfDepUsesSwiftCxxInterop() passed after 361.972 seconds.
✔ Suite LinkerTests passed after 361.982 seconds.
⎙ Attached 'Build Transcript.txt' to cachingBlockList().
⎙ Attached 'Build Description.txt' to cachingBlockList().
✔ Test cachingBlockList() passed after 362.107 seconds.
⎙ Attached 'Build Transcript.txt' to incrementalMetalLinkWithCodeSign().
⎙ Attached 'Build Description.txt' to incrementalMetalLinkWithCodeSign().
⎙ Attached 'Build Transcript.txt' to repeatedReplay().
⎙ Attached 'Build Description.txt' to repeatedReplay().
✔ Test repeatedReplay() passed after 362.165 seconds.
⎙ Attached 'Build Transcript.txt' to minimalCopiedBundle().
⎙ Attached 'Build Description.txt' to minimalCopiedBundle().
✔ Test incrementalMetalLinkWithCodeSign() passed after 362.164 seconds.
⎙ Attached 'Build Transcript.txt' to assetCatalogCachingBasics().
⎙ Attached 'Build Description.txt' to assetCatalogCachingBasics().
⎙ Attached 'Build Transcript.txt' to appHostedTestTarget_macOS().
⎙ Attached 'Build Description.txt' to appHostedTestTarget_macOS().
⎙ Attached 'Build Transcript.txt' to targetedDeviceFamilyFiltering_iOS().
⎙ Attached 'Build Description.txt' to targetedDeviceFamilyFiltering_iOS().
✔ Test appHostedTestTarget_macOS() passed after 362.329 seconds.
⎙ Attached 'Build Transcript.txt' to uITestTarget_macOS().
⎙ Attached 'Build Description.txt' to uITestTarget_macOS().
✔ Test uITestTarget_macOS() passed after 362.451 seconds.
⎙ Attached 'Build Transcript.txt' to assetCatalogIncrementalRebuild().
⎙ Attached 'Build Description.txt' to assetCatalogIncrementalRebuild().
⎙ Attached 'Build Transcript.txt' to preparingWithBuildRuleOrPhaseScript().
⎙ Attached 'Build Description.txt' to preparingWithBuildRuleOrPhaseScript().
⎙ Attached 'Build Transcript.txt' to ibtoolCachingBasics().
⎙ Attached 'Build Description.txt' to ibtoolCachingBasics().
✔ Test preparingWithBuildRuleOrPhaseScript() passed after 362.638 seconds.
⎙ Attached 'Build Transcript.txt' to swiftEagerCompilationWithExplicitModules().
⎙ Attached 'Build Description.txt' to swiftEagerCompilationWithExplicitModules().
━ Test swiftEagerCompilationWithExplicitModules() recorded a known issue at SwiftDriverTests.swift:3575:55: Issue recorded
↳ Task Task(forTarget: TargetA, ruleInfo: ["SwiftCompile", "normal", "arm64", "Compiling fileA1.swift", "/private/var/folders/xr/m5_5rlsd6l9fk2w4ngj13k6m0000gn/T/swbuild.tmp.I9GXyx3j/Data.noindex/Test/aProject/Sources/fileA1.swift"]) does not follow any tasks matching [Rule matches [SWBTestSupport.StringPattern.equal("SwiftExplicitDependencyCompileModuleFromInterface"), SWBTestSupport.StringPattern.equal("normal"), SWBTestSupport.StringPattern.equal("arm64"), SWBTestSupport.StringPattern.contains("Swift-")]]. Found: [] in [Task(forTarget: <none>, ruleInfo: ["Gate", "target-TargetA-T-TargetA-44525--Barrier-CopyAside"]), Task(forTarget: <none>, ruleInfo: ["Gate", "target-TargetA-T-TargetA-44525--InfoPlistTaskProducer"]), Task(forTarget: <none>, ruleInfo: ["Gate", "target-TargetB-T-TargetB-44533--Barrier-ChangeAlternatePermissions"]), Task(forTarget: <none>, ruleInfo: ["Gate", "target-TargetA-T-TargetA-44525--swift-generated-headers"]), Task(forTarget: TargetB, ruleInfo: ["ExtractAppIntentsMetadata"]), Task(forTarget: TargetB, ruleInfo: ["SwiftDriver", "TargetB", "normal", "arm64", "com.apple.xcode.tools.swift.compiler"]), Task(forTarget: TargetB, ruleInfo: ["WriteAuxiliaryFile", "/private/var/folders/xr/m5_5rlsd6l9fk2w4ngj13k6m0000gn/T/swbuild.tmp.I9GXyx3j/Data.noindex/Test/aProject/build/aProject.build/Debug/TargetB.build/TargetB-own-target-headers.hmap"]), Task(forTarget: TargetA, ruleInfo: ["WriteAuxiliaryFile", "/private/var/folders/xr/m5_5rlsd6l9fk2w4ngj13k6m0000gn/T/swbuild.tmp.I9GXyx3j/Data.noindex/Test/aProject/build/aProject.build/Debug/TargetA.build/TargetA-generated-files.hmap"]), Task(forTarget: TargetA, ruleInfo: ["SwiftDriver Compilation", "TargetA", "normal", "arm64", "com.apple.xcode.tools.swift.compiler"]), Task(forTarget: TargetA, ruleInfo: ["Ld", "/private/var/folders/xr/m5_5rlsd6l9fk2w4ngj13k6m0000gn/T/swbuild.tmp.I9GXyx3j/Data.noindex/Test/aProject/build/Debug/TargetA.framework/Versions/A/TargetA", "normal"]), Task(forTarget: <none>, ruleInfo: ["SwiftExplicitDependencyCompileModuleFromInterface", "arm64", "/private/var/folders/xr/m5_5rlsd6l9fk2w4ngj13k6m0000gn/T/swbuild.tmp.I9GXyx3j/Data.noindex/Test/aProject/build/SwiftExplicitPrecompiledModules/Swift-NBB0GQDQYZZH.swiftmodule"]), Task(forTarget: TargetB, ruleInfo: ["SwiftMergeGeneratedHeaders", "/private/var/folders/xr/m5_5rlsd6l9fk2w4ngj13k6m0000gn/T/swbuild.tmp.I9GXyx3j/Data.noindex/Test/aProject/build/Debug/TargetB.framework/Versions/A/Headers/TargetB-Swift.h", "/private/var/folders/xr/m5_5rlsd6l9fk2w4ngj13k6m0000gn/T/swbuild.tmp.I9GXyx3j/Data.noindex/Test/aProject/build/aProject.build/Debug/TargetB.build/Objects-normal/arm64/TargetB-Swift.h"]), Task(forTarget: <none>, ruleInfo: ["Gate", "target-TargetB-T-TargetB-44533--TestHostTaskProducer"]), Task(forTarget: TargetB, ruleInfo: ["WriteAuxiliaryFile", "/private/var/folders/xr/m5_5rlsd6l9fk2w4ngj13k6m0000gn/T/swbuild.tmp.I9GXyx3j/Data.noindex/Test/aProject/build/aProject.build/Debug/TargetB.build/Objects-normal/arm64/TargetB.SwiftConstValuesFileList"]), Task(forTarget: <none>, ruleInfo: ["Gate", "target-TargetB-T-TargetB-44533--ModuleMapTaskProducer"]), Task(forTarget: <none>, ruleInfo: ["Gate", "target-TargetB-T-TargetB-44533--SwiftFrameworkABICheckerTaskProducer"]), Task(forTarget: <none>, ruleInfo: ["Gate", "target-TargetB-T-TargetB-44533--Barrier-ChangePermissions"]), Task(forTarget: TargetB, ruleInfo: ["Gate", "target-TargetB-T-TargetB-44533--begin-compiling"]), Task(forTarget: <none>, ruleInfo: ["Gate", "target-TargetB-T-TargetB-44533--TestTargetTaskProducer"]), Task(forTarget: <none>, ruleInfo: ["Gate", "target-TargetB-T-TargetB-44533--TAPISymbolExtractorTaskProducer"]), Task(forTarget: <none>, ruleInfo: ["Gate", "target-TargetB-T-TargetB-44533--HeadermapTaskProducer"]), Task(forTarget: TargetB, ruleInfo: ["Ld", "/private/var/folders/xr/m5_5rlsd6l9fk2w4ngj13k6m0000gn/T/swbuild.tmp.I9GXyx3j/Data.noindex/Test/aProject/build/Debug/TargetB.framework/Versions/A/TargetB", "normal"]), Task(forTarget: TargetB, ruleInfo: ["WriteAuxiliaryFile", "/private/var/folders/xr/m5_5rlsd6l9fk2w4ngj13k6m0000gn/T/swbuild.tmp.I9GXyx3j/Data.noindex/Test/aProject/build/aProject.build/Debug/TargetB.build/Objects-normal/arm64/TargetB.LinkFileList"]), Task(forTarget: <none>, ruleInfo: ["Gate", "target-TargetB-T-TargetB-44533--TestTargetPostprocessingTaskProducer"]), Task(forTarget: <none>, ruleInfo: ["SwiftExplicitDependencyGeneratePcm", "arm64", "/private/var/folders/xr/m5_5rlsd6l9fk2w4ngj13k6m0000gn/T/swbuild.tmp.I9GXyx3j/Data.noindex/Test/aProject/build/SwiftExplicitPrecompiledModules/_SwiftConcurrencyShims-AIZW70LS1W2L0PXECXLASUUHS.pcm"]), Task(forTarget: TargetA, ruleInfo: ["SymLink", "/private/var/folders/xr/m5_5rlsd6l9fk2w4ngj13k6m0000gn/T/swbuild.tmp.I9GXyx3j/Data.noindex/Test/aProject/build/Debug/TargetA.framework/Versions/Current", "A"]), Task(forTarget: <none>, ruleInfo: ["CreateBuildDirectory", "/private/var/folders/xr/m5_5rlsd6l9fk2w4ngj13k6m0000gn/T/swbuild.tmp.I9GXyx3j/Data.noindex/Test/aProject/build"]), Task(forTarget: TargetB, ruleInfo: ["WriteAuxiliaryFile", "/private/var/folders/xr/m5_5rlsd6l9fk2w4ngj13k6m0000gn/T/swbuild.tmp.I9GXyx3j/Data.noindex/Test/aProject/build/aProject.build/Debug/TargetB.build/TargetB.DependencyMetadataFileList"]), Task(forTarget: TargetA, ruleInfo: ["WriteAuxiliaryFile", "/private/var/folders/xr/m5_5rlsd6l9fk2w4ngj13k6m0000gn/T/swbuild.tmp.I9GXyx3j/Data.noindex/Test/aProject/build/aProject.build/Debug/TargetA.build/TargetA.DependencyMetadataFileList"]), Task(forTarget: <none>, ruleInfo: ["Gate", "target-TargetB-T-TargetB-44533--AppExtensionInfoPlistGeneratorTaskProducer"]), Task(forTarget: <none>, ruleInfo: ["Gate", "target-TargetA-T-TargetA-44525--SwiftABIBaselineGenerationTaskProducer"]), Task(forTarget: <none>, ruleInfo: ["Gate", "target-TargetA-T-TargetA-44525--Barrier-Validate"]), Task(forTarget: <none>, ruleInfo: ["SwiftExplicitDependencyGeneratePcm", "arm64", "/private/var/folders/xr/m5_5rlsd6l9fk2w4ngj13k6m0000gn/T/swbuild.tmp.I9GXyx3j/Data.noindex/Test/aProject/build/SwiftExplicitPrecompiledModules/SwiftShims-1XRNFTFX3SVGVJQLDAOI208RW.pcm"]), Task(forTarget: TargetA, ruleInfo: ["SymLink", "/private/var/folders/xr/m5_5rlsd6l9fk2w4ngj13k6m0000gn/T/swbuild.tmp.I9GXyx3j/Data.noindex/Test/aProject/build/Debug/TargetA.framework/Headers", "Versions/Current/Headers"]), Task(forTarget: <none>, ruleInfo: ["Gate", "target-TargetA-T-TargetA-44525--generated-headers"]), Task(forTarget: TargetB, ruleInfo: ["SymLink", "/private/var/folders/xr/m5_5rlsd6l9fk2w4ngj13k6m0000gn/T/swbuild.tmp.I9GXyx3j/Data.noindex/Test/aProject/build/Debug/TargetB.framework/Modules", "Versions/Current/Modules"]), Task(forTarget: <none>, ruleInfo: ["WriteAuxiliaryFile", "/private/var/folders/xr/m5_5rlsd6l9fk2w4ngj13k6m0000gn/T/swbuild.tmp.I9GXyx3j/Data.noindex/Test/aProject/build/aProject.build/Debug/aProject-P44536-VFS/all-product-headers.yaml"]), Task(forTarget: <none>, ruleInfo: ["Gate", "target-TargetA-T-TargetA-44525--TAPISymbolExtractorTaskProducer"]), Task(forTarget: <none>, ruleInfo: ["Gate", "target-TargetA-T-TargetA-44525--TestTargetTaskProducer"]), Task(forTarget: <none>, ruleInfo: ["Gate", "target-TargetB-T-TargetB-44533--CopySwiftPackageResourcesTaskProducer"]), Task(forTarget: <none>, ruleInfo: ["Gate", "target-TargetB-T-TargetB-44533--AppIntentsMetadataTaskProducer"]), Task(forTarget: TargetA, ruleInfo: ["WriteAuxiliaryFile", "/private/var/folders/xr/m5_5rlsd6l9fk2w4ngj13k6m0000gn/T/swbuild.tmp.I9GXyx3j/Data.noindex/Test/aProject/build/aProject.build/Debug/TargetA.build/TargetA-all-target-headers.hmap"]), Task(forTarget: TargetB, ruleInfo: ["MkDir", "/private/var/folders/xr/m5_5rlsd6l9fk2w4ngj13k6m0000gn/T/swbuild.tmp.I9GXyx3j/Data.noindex/Test/aProject/build/Debug/TargetB.framework/Versions/A"]), Task(forTarget: <none>, ruleInfo: ["Gate", "target-TargetB-T-TargetB-44533--CustomTaskProducer"]), Task(forTarget: TargetB, ruleInfo: ["WriteAuxiliaryFile", "/private/var/folders/xr/m5_5rlsd6l9fk2w4ngj13k6m0000gn/T/swbuild.tmp.I9GXyx3j/Data.noindex/Test/aProject/build/aProject.build/Debug/TargetB.build/Objects-normal/arm64/TargetB.SwiftFileList"]), Task(forTarget: TargetB, ruleInfo: ["WriteAuxiliaryFile", "/private/var/folders/xr/m5_5rlsd6l9fk2w4ngj13k6m0000gn/T/swbuild.tmp.I9GXyx3j/Data.noindex/Test/aProject/build/aProject.build/Debug/TargetB.build/Objects-normal/arm64/TargetB-OutputFileMap.json"]), Task(forTarget: TargetA, ruleInfo: ["MkDir", "/private/var/folders/xr/m5_5rlsd6l9fk2w4ngj13k6m0000gn/T/swbuild.tmp.I9GXyx3j/Data.noindex/Test/aProject/build/Debug/TargetA.framework/Versions/A/Headers"]), Task(forTarget: <none>, ruleInfo: ["Gate", "target-TargetB-T-TargetB-44533--StubBinaryTaskProducer"]), Task(forTarget: <none>, ruleInfo: ["Gate", "target-TargetB-T-TargetB-44533--DocumentationTaskProducer"]), Task(forTarget: TargetA, ruleInfo: ["SwiftDriver", "TargetA", "normal", "arm64", "com.apple.xcode.tools.swift.compiler"]), Task(forTarget: <none>, ruleInfo: ["Gate", "target-TargetB-T-TargetB-44533--GenerateAppPlaygroundAssetCatalogTaskProducer"]), Task(forTarget: <none>, ruleInfo: ["Gate", "target-TargetA-T-TargetA-44525--Barrier-CodeSign"]), Task(forTarget: <none>, ruleInfo: ["Gate", "target-TargetA-T-TargetA-44525--AppExtensionInfoPlistGeneratorTaskProducer"]), Task(forTarget: TargetB, ruleInfo: ["Gate", "target-TargetB-T-TargetB-44533--entry"]), Task(forTarget: TargetB, ruleInfo: ["Gate", "target-TargetB-T-TargetB-44533--will-sign"]), Task(forTarget: <none>, ruleInfo: ["Gate", "target-TargetB-T-TargetB-44533--Barrier-CopyAside"]), Task(forTarget: <none>, ruleInfo: ["Gate", "target-TargetA-T-TargetA-44525--ProductStructureTaskProducer"]), Task(forTarget: TargetA, ruleInfo: ["Gate", "target-TargetA-T-TargetA-44525--begin-linking"]), Task(forTarget: TargetB, ruleInfo: ["Copy", "/private/var/folders/xr/m5_5rlsd6l9fk2w4ngj13k6m0000gn/T/swbuild.tmp.I9GXyx3j/Data.noindex/Test/aProject/build/Debug/TargetB.framework/Versions/A/Modules/TargetB.swiftmodule/arm64-apple-macos.swiftdoc", "/private/var/folders/xr/m5_5rlsd6l9fk2w4ngj13k6m0000gn/T/swbuild.tmp.I9GXyx3j/Data.noindex/Test/aProject/build/aProject.build/Debug/TargetB.build/Objects-normal/arm64/TargetB.swiftdoc"]), Task(forTarget: TargetB, ruleInfo: ["Copy", "/private/var/folders/xr/m5_5rlsd6l9fk2w4ngj13k6m0000gn/T/swbuild.tmp.I9GXyx3j/Data.noindex/Test/aProject/build/Debug/TargetB.framework/Versions/A/Modules/TargetB.swiftmodule/arm64-apple-macos.swiftmodule", "/private/var/folders/xr/m5_5rlsd6l9fk2w4ngj13k6m0000gn/T/swbuild.tmp.I9GXyx3j/Data.noindex/Test/aProject/build/aProject.build/Debug/TargetB.build/Objects-normal/arm64/TargetB.swiftmodule"]), Task(forTarget: TargetB, ruleInfo: ["SymLink", "/private/var/folders/xr/m5_5rlsd6l9fk2w4ngj13k6m0000gn/T/swbuild.tmp.I9GXyx3j/Data.noindex/Test/aProject/build/EagerLinkingTBDs/Debug/TargetB.framework/TargetB.tbd", "/private/var/folders/xr/m5_5rlsd6l9fk2w4ngj13k6m0000gn/T/swbuild.tmp.I9GXyx3j/Data.noindex/Test/aProject/build/EagerLinkingTBDs/Debug/TargetB.framework/Versions/A/TargetB.tbd"]), Task(forTarget: TargetA, ruleInfo: ["SwiftMergeGeneratedHeaders", "/private/var/folders/xr/m5_5rlsd6l9fk2w4ngj13k6m0000gn/T/swbuild.tmp.I9GXyx3j/Data.noindex/Test/aProject/build/Debug/TargetA.framework/Versions/A/Headers/TargetA-Swift.h", "/private/var/folders/xr/m5_5rlsd6l9fk2w4ngj13k6m0000gn/T/swbuild.tmp.I9GXyx3j/Data.noindex/Test/aProject/build/aProject.build/Debug/TargetA.build/Objects-normal/arm64/TargetA-Swift.h"]), Task(forTarget: <none>, ruleInfo: ["SwiftExplicitDependencyCompileModuleFromInterface", "arm64", "/private/var/folders/xr/m5_5rlsd6l9fk2w4ngj13k6m0000gn/T/swbuild.tmp.I9GXyx3j/Data.noindex/Test/aProject/build/SwiftExplicitPrecompiledModules/_Concurrency-CB34E6W1YOX6.swiftmodule"]), Task(forTarget: TargetA, ruleInfo: ["Gate", "target-TargetA-T-TargetA-44525--unsigned-product-ready"]), Task(forTarget: TargetA, ruleInfo: ["Gate", "target-TargetA-T-TargetA-44525--end"]), Task(forTarget: <none>, ruleInfo: ["Gate", "target-TargetA-T-TargetA-44525--ExtensionPointExtractorTaskProducer"]), Task(forTarget: TargetB, ruleInfo: ["Touch", "/private/var/folders/xr/m5_5rlsd6l9fk2w4ngj13k6m0000gn/T/swbuild.tmp.I9GXyx3j/Data.noindex/Test/aProject/build/Debug/TargetB.framework"]), Task(forTarget: TargetB, ruleInfo: ["Gate", "target-TargetB-T-TargetB-44533--linker-inputs-ready"]), Task(forTarget: TargetA, ruleInfo: ["WriteAuxiliaryFile", "/private/var/folders/xr/m5_5rlsd6l9fk2w4ngj13k6m0000gn/T/swbuild.tmp.I9GXyx3j/Data.noindex/Test/aProject/build/aProject.build/Debug/TargetA.build/Objects-normal/arm64/TargetA.SwiftFileList"]), Task(forTarget: TargetB, ruleInfo: ["WriteAuxiliaryFile", "/private/var/folders/xr/m5_5rlsd6l9fk2w4ngj13k6m0000gn/T/swbuild.tmp.I9GXyx3j/Data.noindex/Test/aProject/build/aProject.build/Debug/TargetB.build/TargetB-project-headers.hmap"]), Task(forTarget: <none>, ruleInfo: ["Gate", "target-TargetB-T-TargetB-44533--copy-headers-completion"]), Task(forTarget: <none>, ruleInfo: ["Gate", "target-TargetB-T-TargetB-44533--Barrier-Validate"]), Task(forTarget: TargetB, ruleInfo: ["Copy", "/private/var/folders/xr/m5_5rlsd6l9fk2w4ngj13k6m0000gn/T/swbuild.tmp.I9GXyx3j/Data.noindex/Test/aProject/build/Debug/TargetB.framework/Versions/A/Modules/TargetB.swiftmodule/arm64-apple-macos.abi.json", "/private/var/folders/xr/m5_5rlsd6l9fk2w4ngj13k6m0000gn/T/swbuild.tmp.I9GXyx3j/Data.noindex/Test/aProject/build/aProject.build/Debug/TargetB.build/Objects-normal/arm64/TargetB.abi.json"]), Task(forTarget: TargetA, ruleInfo: ["WriteAuxiliaryFile", "/private/var/folders/xr/m5_5rlsd6l9fk2w4ngj13k6m0000gn/T/swbuild.tmp.I9GXyx3j/Data.noindex/Test/aProject/build/aProject.build/Debug/TargetA.build/TargetA-own-target-headers.hmap"]), Task(forTarget: TargetB, ruleInfo: ["Gate", "target-TargetB-T-TargetB-44533--begin-scanning"]), Task(forTarget: TargetA, ruleInfo: ["WriteAuxiliaryFile", "/private/var/folders/xr/m5_5rlsd6l9fk2w4ngj13k6m0000gn/T/swbuild.tmp.I9GXyx3j/Data.noindex/Test/aProject/build/aProject.build/Debug/TargetA.build/TargetA.DependencyStaticMetadataFileList"]), Task(forTarget: <none>, ruleInfo: ["Gate", "target-TargetA-T-TargetA-44525--ModuleVerifierTaskProducer"]), Task(forTarget: TargetA, ruleInfo: ["SwiftCompile", "normal", "arm64", "Compiling fileA2.swift", "/private/var/folders/xr/m5_5rlsd6l9fk2w4ngj13k6m0000gn/T/swbuild.tmp.I9GXyx3j/Data.noindex/Test/aProject/Sources/fileA2.swift"]), Task(forTarget: TargetA, ruleInfo: ["Copy", "/private/var/folders/xr/m5_5rlsd6l9fk2w4ngj13k6m0000gn/T/swbuild.tmp.I9GXyx3j/Data.noindex/Test/aProject/build/Debug/TargetA.framework/Versions/A/Modules/TargetA.swiftmodule/arm64-apple-macos.swiftmodule", "/private/var/folders/xr/m5_5rlsd6l9fk2w4ngj13k6m0000gn/T/swbuild.tmp.I9GXyx3j/Data.noindex/Test/aProject/build/aProject.build/Debug/TargetA.build/Objects-normal/arm64/TargetA.swiftmodule"]), Task(forTarget: TargetA, ruleInfo: ["Gate", "target-TargetA-T-TargetA-44525--modules-ready"]), Task(forTarget: TargetB, ruleInfo: ["SwiftCompile", "normal", "arm64", "Compiling fileB1.swift", "/private/var/folders/xr/m5_5rlsd6l9fk2w4ngj13k6m0000gn/T/swbuild.tmp.I9GXyx3j/Data.noindex/Test/aProject/Sources/fileB1.swift"]), Task(forTarget: <none>, ruleInfo: ["Gate", "target-TargetB-T-TargetB-44533--Barrier-CodeSign"]), Task(forTarget: <none>, ruleInfo: ["Gate", "target-TargetB-T-TargetB-44533--generated-headers"]), Task(forTarget: <none>, ruleInfo: ["CreateBuildDirectory", "/private/var/folders/xr/m5_5rlsd6l9fk2w4ngj13k6m0000gn/T/swbuild.tmp.I9GXyx3j/Data.noindex/Test/aProject/build/SwiftExplicitPrecompiledModules"]), Task(forTarget: <none>, ruleInfo: ["Gate", "target-TargetA-T-TargetA-44525--SanitizerTaskProducer"]), Task(forTarget: TargetA, ruleInfo: ["SwiftDriver Compilation Requirements", "TargetA", "normal", "arm64", "com.apple.xcode.tools.swift.compiler"]), Task(forTarget: <none>, ruleInfo: ["CreateBuildDirectory", "/var/folders/xr/m5_5rlsd6l9fk2w4ngj13k6m0000gn/C/com.apple.DeveloperTools/26.4.1-17E202/Xcode/CompilationCache.noindex"]), Task(forTarget: <none>, ruleInfo: ["Gate", "target-TargetA-T-TargetA-44525--AppIntentsMetadataTaskProducer"]), Task(forTarget: TargetB, ruleInfo: ["SymLink", "/private/var/folders/xr/m5_5rlsd6l9fk2w4ngj13k6m0000gn/T/swbuild.tmp.I9GXyx3j/Data.noindex/Test/aProject/build/Debug/TargetB.framework/Versions/Current", "A"]), Task(forTarget: TargetA, ruleInfo: ["Copy", "/private/var/folders/xr/m5_5rlsd6l9fk2w4ngj13k6m0000gn/T/swbuild.tmp.I9GXyx3j/Data.noindex/Test/aProject/build/Debug/TargetA.framework/Versions/A/Modules/TargetA.swiftmodule/arm64-apple-macos.swiftdoc", "/private/var/folders/xr/m5_5rlsd6l9fk2w4ngj13k6m0000gn/T/swbuild.tmp.I9GXyx3j/Data.noindex/Test/aProject/build/aProject.build/Debug/TargetA.build/Objects-normal/arm64/TargetA.swiftdoc"]), Task(forTarget: TargetA, ruleInfo: ["RegisterExecutionPolicyException", "/private/var/folders/xr/m5_5rlsd6l9fk2w4ngj13k6m0000gn/T/swbuild.tmp.I9GXyx3j/Data.noindex/Test/aProject/build/Debug/TargetA.framework"]), Task(forTarget: <none>, ruleInfo: ["Gate", "target-TargetA-T-TargetA-44525--SwiftPackageCopyFilesTaskProducer"]), Task(forTarget: TargetA, ruleInfo: ["Copy", "/private/var/folders/xr/m5_5rlsd6l9fk2w4ngj13k6m0000gn/T/swbuild.tmp.I9GXyx3j/Data.noindex/Test/aProject/build/Debug/TargetA.framework/Versions/A/Modules/TargetA.swiftmodule/arm64-apple-macos.abi.json", "/private/var/folders/xr/m5_5rlsd6l9fk2w4ngj13k6m0000gn/T/swbuild.tmp.I9GXyx3j/Data.noindex/Test/aProject/build/aProject.build/Debug/TargetA.build/Objects-normal/arm64/TargetA.abi.json"]), Task(forTarget: TargetB, ruleInfo: ["SwiftEmitModule", "normal", "arm64", "Emitting module for TargetB"]), Task(forTarget: TargetA, ruleInfo: ["Touch", "/private/var/folders/xr/m5_5rlsd6l9fk2w4ngj13k6m0000gn/T/swbuild.tmp.I9GXyx3j/Data.noindex/Test/aProject/build/Debug/TargetA.framework"]), Task(forTarget: TargetA, ruleInfo: ["Gate", "target-TargetA-T-TargetA-44525--linker-inputs-ready"]), Task(forTarget: <none>, ruleInfo: ["Gate", "target-TargetB-T-TargetB-44533--ProductStructureTaskProducer"]), Task(forTarget: TargetB, ruleInfo: ["SwiftDriver Compilation", "TargetB", "normal", "arm64", "com.apple.xcode.tools.swift.compiler"]), Task(forTarget: <none>, ruleInfo: ["Gate", "target-TargetB-T-TargetB-44533--Barrier-RegisterExecutionPolicyException"]), Task(forTarget: TargetA, ruleInfo: ["WriteAuxiliaryFile", "/private/var/folders/xr/m5_5rlsd6l9fk2w4ngj13k6m0000gn/T/swbuild.tmp.I9GXyx3j/Data.noindex/Test/aProject/build/aProject.build/Debug/TargetA.build/Objects-normal/arm64/TargetA-OutputFileMap.json"]), Task(forTarget: <none>, ruleInfo: ["Gate", "target-TargetA-T-TargetA-44525--HeadermapTaskProducer"]), Task(forTarget: TargetB, ruleInfo: ["WriteAuxiliaryFile", "/private/var/folders/xr/m5_5rlsd6l9fk2w4ngj13k6m0000gn/T/swbuild.tmp.I9GXyx3j/Data.noindex/Test/aProject/build/aProject.build/Debug/TargetB.build/TargetB.DependencyStaticMetadataFileList"]), Task(forTarget: TargetA, ruleInfo: ["Gate", "target-TargetA-T-TargetA-44525--begin-compiling"]), Task(forTarget: <none>, ruleInfo: ["Gate", "target-TargetA-T-TargetA-44525--GeneratedFilesTaskProducer"]), Task(forTarget: <none>, ruleInfo: ["Gate", "target-TargetA-T-TargetA-44525--DocumentationTaskProducer"]), Task(forTarget: <none>, ruleInfo: ["Gate", "target-TargetB-T-TargetB-44533--InfoPlistTaskProducer"]), Task(forTarget: <none>, ruleInfo: ["Gate", "target-TargetA-T-TargetA-44525--SwiftFrameworkABICheckerTaskProducer"]), Task(forTarget: TargetB, ruleInfo: ["Gate", "target-TargetB-T-TargetB-44533--end"]), Task(forTarget: TargetA, ruleInfo: ["MkDir", "/private/var/folders/xr/m5_5rlsd6l9fk2w4ngj13k6m0000gn/T/swbuild.tmp.I9GXyx3j/Data.noindex/Test/aProject/build/Debug/TargetA.framework/Versions/A"]), Task(forTarget: <none>, ruleInfo: ["Gate", "target-TargetB-T-TargetB-44533--fused-phase0-compile-sources&link-binary"]), Task(forTarget: <none>, ruleInfo: ["Gate", "target-TargetB-T-TargetB-44533--SwiftStandardLibrariesTaskProducer"]), Task(forTarget: <none>, ruleInfo: ["Gate", "target-TargetB-T-TargetB-44533--SwiftABIBaselineGenerationTaskProducer"]), Task(forTarget: <none>, ruleInfo: ["Gate", "target-TargetA-T-TargetA-44525--TestTargetPostprocessingTaskProducer"]), Task(forTarget: <none>, ruleInfo: ["Gate", "target-TargetA-T-TargetA-44525--ProductPostprocessingTaskProducer"]), Task(forTarget: <none>, ruleInfo: ["Gate", "target-TargetB-T-TargetB-44533--RealityAssetsTaskProducer"]), Task(forTarget: TargetA, ruleInfo: ["Copy", "/private/var/folders/xr/m5_5rlsd6l9fk2w4ngj13k6m0000gn/T/swbuild.tmp.I9GXyx3j/Data.noindex/Test/aProject/build/Debug/TargetA.framework/Versions/A/Modules/TargetA.swiftmodule/Project/arm64-apple-macos.swiftsourceinfo", "/private/var/folders/xr/m5_5rlsd6l9fk2w4ngj13k6m0000gn/T/swbuild.tmp.I9GXyx3j/Data.noindex/Test/aProject/build/aProject.build/Debug/TargetA.build/Objects-normal/arm64/TargetA.swiftsourceinfo"]), Task(forTarget: TargetB, ruleInfo: ["Copy", "/private/var/folders/xr/m5_5rlsd6l9fk2w4ngj13k6m0000gn/T/swbuild.tmp.I9GXyx3j/Data.noindex/Test/aProject/build/Debug/TargetB.framework/Versions/A/Modules/TargetB.swiftmodule/Project/arm64-apple-macos.swiftsourceinfo", "/private/var/folders/xr/m5_5rlsd6l9fk2w4ngj13k6m0000gn/T/swbuild.tmp.I9GXyx3j/Data.noindex/Test/aProject/build/aProject.build/Debug/TargetB.build/Objects-normal/arm64/TargetB.swiftsourceinfo"]), Task(forTarget: TargetB, ruleInfo: ["WriteAuxiliaryFile", "/private/var/folders/xr/m5_5rlsd6l9fk2w4ngj13k6m0000gn/T/swbuild.tmp.I9GXyx3j/Data.noindex/Test/aProject/build/aProject.build/Debug/TargetB.build/TargetB-all-non-framework-target-headers.hmap"]), Task(forTarget: <none>, ruleInfo: ["Gate", "target-TargetB-T-TargetB-44533--Barrier-GenerateStubAPI"]), Task(forTarget: TargetB, ruleInfo: ["RegisterExecutionPolicyException", "/private/var/folders/xr/m5_5rlsd6l9fk2w4ngj13k6m0000gn/T/swbuild.tmp.I9GXyx3j/Data.noindex/Test/aProject/build/Debug/TargetB.framework"]), Task(forTarget: TargetA, ruleInfo: ["SwiftEmitModule", "normal", "arm64", "Emitting module for TargetA"]), Task(forTarget: <none>, ruleInfo: ["SwiftExplicitDependencyCompileModuleFromInterface", "arm64", "/private/var/folders/xr/m5_5rlsd6l9fk2w4ngj13k6m0000gn/T/swbuild.tmp.I9GXyx3j/Data.noindex/Test/aProject/build/SwiftExplicitPrecompiledModules/_StringProcessing-1O0ZQ2K74RYD5.swiftmodule"]), Task(forTarget: TargetB, ruleInfo: ["Gate", "target-TargetB-T-TargetB-44533--begin-linking"]), Task(forTarget: TargetB, ruleInfo: ["Gate", "target-TargetB-T-TargetB-44533--unsigned-product-ready"]), Task(forTarget: TargetB, ruleInfo: ["MkDir", "/private/var/folders/xr/m5_5rlsd6l9fk2w4ngj13k6m0000gn/T/swbuild.tmp.I9GXyx3j/Data.noindex/Test/aProject/build/Debug/TargetB.framework"]), Task(forTarget: <none>, ruleInfo: ["Gate", "target-TargetB-T-TargetB-44533--ExtensionPointExtractorTaskProducer"]), Task(forTarget: TargetA, ruleInfo: ["WriteAuxiliaryFile", "/private/var/folders/xr/m5_5rlsd6l9fk2w4ngj13k6m0000gn/T/swbuild.tmp.I9GXyx3j/Data.noindex/Test/aProject/build/aProject.build/Debug/TargetA.build/Objects-normal/arm64/TargetA_const_extract_protocols.json"]), Task(forTarget: <none>, ruleInfo: ["Gate", "target-TargetA-T-TargetA-44525--CustomTaskProducer"]), Task(forTarget: <none>, ruleInfo: ["ClangStatCache", "/Applications/Xcode17E.app/Contents/Developer/Toolchains/XcodeDefault.xctoolchain/usr/bin/clang-stat-cache", "/Applications/Xcode17E.app/Contents/Developer/Platforms/MacOSX.platform/Developer/SDKs/MacOSX26.4.sdk", "/private/var/folders/xr/m5_5rlsd6l9fk2w4ngj13k6m0000gn/T/swbuild.tmp.I9GXyx3j/Data.noindex/Test/SDKStatCaches.noindex/macosx26.4-25E260-95aa6cf8f3effd57bda17e0c125410c0.sdkstatcache"]), Task(forTarget: <none>, ruleInfo: ["Gate", "target-TargetB-T-TargetB-44533--TestEntryPointTaskProducerFactory"]), Task(forTarget: TargetA, ruleInfo: ["Gate", "target-TargetA-T-TargetA-44525--immediate"]), Task(forTarget: <none>, ruleInfo: ["CreateBuildDirectory", "/private/var/folders/xr/m5_5rlsd6l9fk2w4ngj13k6m0000gn/T/swbuild.tmp.I9GXyx3j/Data.noindex/Test/aProject/build/Debug"]), Task(forTarget: TargetA, ruleInfo: ["Gate", "target-TargetA-T-TargetA-44525--entry"]), Task(forTarget: <none>, ruleInfo: ["Gate", "target-TargetA-T-TargetA-44525--SwiftStandardLibrariesTaskProducer"]), Task(forTarget: <none>, ruleInfo: ["Gate", "target-TargetA-T-TargetA-44525--TestEntryPointTaskProducerFactory"]), Task(forTarget: TargetA, ruleInfo: ["WriteAuxiliaryFile", "/private/var/folders/xr/m5_5rlsd6l9fk2w4ngj13k6m0000gn/T/swbuild.tmp.I9GXyx3j/Data.noindex/Test/aProject/build/aProject.build/Debug/TargetA.build/TargetA-project-headers.hmap"]), Task(forTarget: <none>, ruleInfo: ["Gate", "target-TargetA-T-TargetA-44525--Barrier-GenerateStubAPI"]), Task(forTarget: TargetA, ruleInfo: ["MkDir", "/private/var/folders/xr/m5_5rlsd6l9fk2w4ngj13k6m0000gn/T/swbuild.tmp.I9GXyx3j/Data.noindex/Test/aProject/build/Debug/TargetA.framework"]), Task(forTarget: TargetB, ruleInfo: ["WriteAuxiliaryFile", "/private/var/folders/xr/m5_5rlsd6l9fk2w4ngj13k6m0000gn/T/swbuild.tmp.I9GXyx3j/Data.noindex/Test/aProject/build/aProject.build/Debug/TargetB.build/TargetB-generated-files.hmap"]), Task(forTarget: TargetB, ruleInfo: ["WriteAuxiliaryFile", "/private/var/folders/xr/m5_5rlsd6l9fk2w4ngj13k6m0000gn/T/swbuild.tmp.I9GXyx3j/Data.noindex/Test/aProject/build/aProject.build/Debug/TargetB.build/Objects-normal/arm64/TargetB_const_extract_protocols.json"]), Task(forTarget: TargetB, ruleInfo: ["MkDir", "/private/var/folders/xr/m5_5rlsd6l9fk2w4ngj13k6m0000gn/T/swbuild.tmp.I9GXyx3j/Data.noindex/Test/aProject/build/Debug/TargetB.framework/Versions"]), Task(forTarget: <none>, ruleInfo: ["Gate", "target-TargetA-T-TargetA-44525--CopySwiftPackageResourcesTaskProducer"]), Task(forTarget: <none>, ruleInfo: ["Gate", "target-TargetA-T-TargetA-44525--Barrier-ChangeAlternatePermissions"]), Task(forTarget: TargetA, ruleInfo: ["SymLink", "/private/var/folders/xr/m5_5rlsd6l9fk2w4ngj13k6m0000gn/T/swbuild.tmp.I9GXyx3j/Data.noindex/Test/aProject/build/EagerLinkingTBDs/Debug/TargetA.framework/TargetA.tbd", "/private/var/folders/xr/m5_5rlsd6l9fk2w4ngj13k6m0000gn/T/swbuild.tmp.I9GXyx3j/Data.noindex/Test/aProject/build/EagerLinkingTBDs/Debug/TargetA.framework/Versions/A/TargetA.tbd"]), Task(forTarget: <none>, ruleInfo: ["Gate", "target-TargetA-T-TargetA-44525--Barrier-RegisterExecutionPolicyException"]), Task(forTarget: <none>, ruleInfo: ["Gate", "target-TargetB-T-TargetB-44533--SwiftPackageCopyFilesTaskProducer"]), Task(forTarget: TargetA, ruleInfo: ["SwiftCompile", "normal", "arm64", "Compiling fileA1.swift", "/private/var/folders/xr/m5_5rlsd6l9fk2w4ngj13k6m0000gn/T/swbuild.tmp.I9GXyx3j/Data.noindex/Test/aProject/Sources/fileA1.swift"]), Task(forTarget: <none>, ruleInfo: ["Gate", "target-TargetB-T-TargetB-44533--Barrier-StripSymbols"]), Task(forTarget: TargetA, ruleInfo: ["WriteAuxiliaryFile", "/private/var/folders/xr/m5_5rlsd6l9fk2w4ngj13k6m0000gn/T/swbuild.tmp.I9GXyx3j/Data.noindex/Test/aProject/build/aProject.build/Debug/TargetA.build/TargetA-all-non-framework-target-headers.hmap"]), Task(forTarget: <none>, ruleInfo: ["Gate", "target-TargetB-T-TargetB-44533--SanitizerTaskProducer"]), Task(forTarget: <none>, ruleInfo: ["Gate", "target-TargetB-T-TargetB-44533--swift-generated-headers"]), Task(forTarget: <none>, ruleInfo: ["Gate", "target-TargetB-T-TargetB-44533--Barrier-RegisterProduct"]), Task(forTarget: <none>, ruleInfo: ["Gate", "target-TargetB-T-TargetB-44533--GeneratedFilesTaskProducer"]), Task(forTarget: <none>, ruleInfo: ["Gate", "target-TargetA-T-TargetA-44525--Barrier-StripSymbols"]), Task(forTarget: TargetB, ruleInfo: ["GenerateTAPI", "/private/var/folders/xr/m5_5rlsd6l9fk2w4ngj13k6m0000gn/T/swbuild.tmp.I9GXyx3j/Data.noindex/Test/aProject/build/EagerLinkingTBDs/Debug/TargetB.framework/Versions/A/TargetB.tbd"]), Task(forTarget: <none>, ruleInfo: ["Gate", "target-TargetA-T-TargetA-44525--GenerateAppPlaygroundAssetCatalogTaskProducer"]), Task(forTarget: <none>, ruleInfo: ["Gate", "target-TargetA-T-TargetA-44525--Barrier-ChangePermissions"]), Task(forTarget: TargetA, ruleInfo: ["WriteAuxiliaryFile", "/private/var/folders/xr/m5_5rlsd6l9fk2w4ngj13k6m0000gn/T/swbuild.tmp.I9GXyx3j/Data.noindex/Test/aProject/build/aProject.build/Debug/TargetA.build/Objects-normal/arm64/TargetA.SwiftConstValuesFileList"]), Task(forTarget: TargetA, ruleInfo: ["MkDir", "/private/var/folders/xr/m5_5rlsd6l9fk2w4ngj13k6m0000gn/T/swbuild.tmp.I9GXyx3j/Data.noindex/Test/aProject/build/Debug/TargetA.framework/Versions"]), Task(forTarget: <none>, ruleInfo: ["Gate", "target-TargetA-T-TargetA-44525--StubBinaryTaskProducer"]), Task(forTarget: <none>, ruleInfo: ["Gate", "target-TargetB-T-TargetB-44533--ProductPostprocessingTaskProducer"]), Task(forTarget: TargetA, ruleInfo: ["WriteAuxiliaryFile", "/private/var/folders/xr/m5_5rlsd6l9fk2w4ngj13k6m0000gn/T/swbuild.tmp.I9GXyx3j/Data.noindex/Test/aProject/build/aProject.build/Debug/TargetA.build/Objects-normal/arm64/TargetA.LinkFileList"]), Task(forTarget: <none>, ruleInfo: ["Gate", "target-TargetA-T-TargetA-44525--ModuleMapTaskProducer"]), Task(forTarget: TargetA, ruleInfo: ["ExtractAppIntentsMetadata"]), Task(forTarget: TargetB, ruleInfo: ["WriteAuxiliaryFile", "/private/var/folders/xr/m5_5rlsd6l9fk2w4ngj13k6m0000gn/T/swbuild.tmp.I9GXyx3j/Data.noindex/Test/aProject/build/aProject.build/Debug/TargetB.build/TargetB.hmap"]), Task(forTarget: TargetA, ruleInfo: ["SymLink", "/private/var/folders/xr/m5_5rlsd6l9fk2w4ngj13k6m0000gn/T/swbuild.tmp.I9GXyx3j/Data.noindex/Test/aProject/build/Debug/TargetA.framework/TargetA", "Versions/Current/TargetA"]), Task(forTarget: TargetB, ruleInfo: ["MkDir", "/private/var/folders/xr/m5_5rlsd6l9fk2w4ngj13k6m0000gn/T/swbuild.tmp.I9GXyx3j/Data.noindex/Test/aProject/build/Debug/TargetB.framework/Versions/A/Headers"]), Task(forTarget: <none>, ruleInfo: ["CreateBuildDirectory", "/private/var/folders/xr/m5_5rlsd6l9fk2w4ngj13k6m0000gn/T/swbuild.tmp.I9GXyx3j/Data.noindex/Test/aProject/build/ExplicitPrecompiledModules"]), Task(forTarget: <none>, ruleInfo: ["Gate", "target-TargetA-T-TargetA-44525--RealityAssetsTaskProducer"]), Task(forTarget: <none>, ruleInfo: ["Gate", "target-TargetA-T-TargetA-44525--TestHostTaskProducer"]), Task(forTarget: TargetA, ruleInfo: ["Gate", "target-TargetA-T-TargetA-44525--will-sign"]), Task(forTarget: <none>, ruleInfo: ["CreateBuildDirectory", "/private/var/folders/xr/m5_5rlsd6l9fk2w4ngj13k6m0000gn/T/swbuild.tmp.I9GXyx3j/Data.noindex/Test/aProject/build/SharedPrecompiledHeaders"]), Task(forTarget: TargetA, ruleInfo: ["WriteAuxiliaryFile", "/private/var/folders/xr/m5_5rlsd6l9fk2w4ngj13k6m0000gn/T/swbuild.tmp.I9GXyx3j/Data.noindex/Test/aProject/build/aProject.build/Debug/TargetA.build/TargetA.hmap"]), Task(forTarget: TargetA, ruleInfo: ["SymLink", "/private/var/folders/xr/m5_5rlsd6l9fk2w4ngj13k6m0000gn/T/swbuild.tmp.I9GXyx3j/Data.noindex/Test/aProject/build/Debug/TargetA.framework/Modules", "Versions/Current/Modules"]), Task(forTarget: <none>, ruleInfo: ["Gate", "target-TargetA-T-TargetA-44525--copy-headers-completion"]), Task(forTarget: <none>, ruleInfo: ["Gate", "target-TargetA-T-TargetA-44525--fused-phase0-compile-sources"]), Task(forTarget: <none>, ruleInfo: ["Gate", "WorkspaceHeaderMapVFSFilesWritten"]), Task(forTarget: TargetB, ruleInfo: ["SymLink", "/private/var/folders/xr/m5_5rlsd6l9fk2w4ngj13k6m0000gn/T/swbuild.tmp.I9GXyx3j/Data.noindex/Test/aProject/build/Debug/TargetB.framework/Headers", "Versions/Current/Headers"]), Task(forTarget: TargetB, ruleInfo: ["SwiftDriver Compilation Requirements", "TargetB", "normal", "arm64", "com.apple.xcode.tools.swift.compiler"]), Task(forTarget: <none>, ruleInfo: ["Gate", "target-TargetA-T-TargetA-44525--Barrier-RegisterProduct"]), Task(forTarget: TargetB, ruleInfo: ["Gate", "target-TargetB-T-TargetB-44533--modules-ready"]), Task(forTarget: <none>, ruleInfo: ["CreateBuildDirectory", "/private/var/folders/xr/m5_5rlsd6l9fk2w4ngj13k6m0000gn/T/swbuild.tmp.I9GXyx3j/Data.noindex/Test/aProject/build/EagerLinkingTBDs/Debug"]), Task(forTarget: TargetB, ruleInfo: ["WriteAuxiliaryFile", "/private/var/folders/xr/m5_5rlsd6l9fk2w4ngj13k6m0000gn/T/swbuild.tmp.I9GXyx3j/Data.noindex/Test/aProject/build/aProject.build/Debug/TargetB.build/TargetB-all-target-headers.hmap"]), Task(forTarget: <none>, ruleInfo: ["Gate", "target-TargetB-T-TargetB-44533--ModuleVerifierTaskProducer"]), Task(forTarget: TargetA, ruleInfo: ["Gate", "target-TargetA-T-TargetA-44525--begin-scanning"]), Task(forTarget: TargetB, ruleInfo: ["Gate", "target-TargetB-T-TargetB-44533--immediate"]), Task(forTarget: TargetA, ruleInfo: ["GenerateTAPI", "/private/var/folders/xr/m5_5rlsd6l9fk2w4ngj13k6m0000gn/T/swbuild.tmp.I9GXyx3j/Data.noindex/Test/aProject/build/EagerLinkingTBDs/Debug/TargetA.framework/Versions/A/TargetA.tbd"]), Task(forTarget: TargetB, ruleInfo: ["SymLink", "/private/var/folders/xr/m5_5rlsd6l9fk2w4ngj13k6m0000gn/T/swbuild.tmp.I9GXyx3j/Data.noindex/Test/aProject/build/Debug/TargetB.framework/TargetB", "Versions/Current/TargetB"]), Task(forTarget: TargetB, ruleInfo: ["SwiftCompile", "normal", "arm64", "Compiling fileB2.swift", "/private/var/folders/xr/m5_5rlsd6l9fk2w4ngj13k6m0000gn/T/swbuild.tmp.I9GXyx3j/Data.noindex/Test/aProject/Sources/fileB2.swift"])]
↳ Occasionally fails in CI due to SwiftExplicitDependencyCompileModuleFromInterface missing from the dependency graph
━ Test swiftEagerCompilationWithExplicitModules() recorded a known issue at SwiftDriverTests.swift:3576:55: Issue recorded
↳ Task Task(forTarget: TargetA, ruleInfo: ["SwiftCompile", "normal", "arm64", "Compiling fileA1.swift", "/private/var/folders/xr/m5_5rlsd6l9fk2w4ngj13k6m0000gn/T/swbuild.tmp.I9GXyx3j/Data.noindex/Test/aProject/Sources/fileA1.swift"]) does not follow any tasks matching [Rule matches [SWBTestSupport.StringPattern.equal("SwiftExplicitDependencyCompileModuleFromInterface"), SWBTestSupport.StringPattern.equal("normal"), SWBTestSupport.StringPattern.equal("arm64"), SWBTestSupport.StringPattern.contains("_Concurrency-")]]. Found: [] in [Task(forTarget: <none>, ruleInfo: ["Gate", "target-TargetA-T-TargetA-44525--Barrier-CopyAside"]), Task(forTarget: <none>, ruleInfo: ["Gate", "target-TargetA-T-TargetA-44525--InfoPlistTaskProducer"]), Task(forTarget: <none>, ruleInfo: ["Gate", "target-TargetB-T-TargetB-44533--Barrier-ChangeAlternatePermissions"]), Task(forTarget: <none>, ruleInfo: ["Gate", "target-TargetA-T-TargetA-44525--swift-generated-headers"]), Task(forTarget: TargetB, ruleInfo: ["ExtractAppIntentsMetadata"]), Task(forTarget: TargetB, ruleInfo: ["SwiftDriver", "TargetB", "normal", "arm64", "com.apple.xcode.tools.swift.compiler"]), Task(forTarget: TargetB, ruleInfo: ["WriteAuxiliaryFile", "/private/var/folders/xr/m5_5rlsd6l9fk2w4ngj13k6m0000gn/T/swbuild.tmp.I9GXyx3j/Data.noindex/Test/aProject/build/aProject.build/Debug/TargetB.build/TargetB-own-target-headers.hmap"]), Task(forTarget: TargetA, ruleInfo: ["WriteAuxiliaryFile", "/private/var/folders/xr/m5_5rlsd6l9fk2w4ngj13k6m0000gn/T/swbuild.tmp.I9GXyx3j/Data.noindex/Test/aProject/build/aProject.build/Debug/TargetA.build/TargetA-generated-files.hmap"]), Task(forTarget: TargetA, ruleInfo: ["SwiftDriver Compilation", "TargetA", "normal", "arm64", "com.apple.xcode.tools.swift.compiler"]), Task(forTarget: TargetA, ruleInfo: ["Ld", "/private/var/folders/xr/m5_5rlsd6l9fk2w4ngj13k6m0000gn/T/swbuild.tmp.I9GXyx3j/Data.noindex/Test/aProject/build/Debug/TargetA.framework/Versions/A/TargetA", "normal"]), Task(forTarget: <none>, ruleInfo: ["SwiftExplicitDependencyCompileModuleFromInterface", "arm64", "/private/var/folders/xr/m5_5rlsd6l9fk2w4ngj13k6m0000gn/T/swbuild.tmp.I9GXyx3j/Data.noindex/Test/aProject/build/SwiftExplicitPrecompiledModules/Swift-NBB0GQDQYZZH.swiftmodule"]), Task(forTarget: TargetB, ruleInfo: ["SwiftMergeGeneratedHeaders", "/private/var/folders/xr/m5_5rlsd6l9fk2w4ngj13k6m0000gn/T/swbuild.tmp.I9GXyx3j/Data.noindex/Test/aProject/build/Debug/TargetB.framework/Versions/A/Headers/TargetB-Swift.h", "/private/var/folders/xr/m5_5rlsd6l9fk2w4ngj13k6m0000gn/T/swbuild.tmp.I9GXyx3j/Data.noindex/Test/aProject/build/aProject.build/Debug/TargetB.build/Objects-normal/arm64/TargetB-Swift.h"]), Task(forTarget: <none>, ruleInfo: ["Gate", "target-TargetB-T-TargetB-44533--TestHostTaskProducer"]), Task(forTarget: TargetB, ruleInfo: ["WriteAuxiliaryFile", "/private/var/folders/xr/m5_5rlsd6l9fk2w4ngj13k6m0000gn/T/swbuild.tmp.I9GXyx3j/Data.noindex/Test/aProject/build/aProject.build/Debug/TargetB.build/Objects-normal/arm64/TargetB.SwiftConstValuesFileList"]), Task(forTarget: <none>, ruleInfo: ["Gate", "target-TargetB-T-TargetB-44533--ModuleMapTaskProducer"]), Task(forTarget: <none>, ruleInfo: ["Gate", "target-TargetB-T-TargetB-44533--SwiftFrameworkABICheckerTaskProducer"]), Task(forTarget: <none>, ruleInfo: ["Gate", "target-TargetB-T-TargetB-44533--Barrier-ChangePermissions"]), Task(forTarget: TargetB, ruleInfo: ["Gate", "target-TargetB-T-TargetB-44533--begin-compiling"]), Task(forTarget: <none>, ruleInfo: ["Gate", "target-TargetB-T-TargetB-44533--TestTargetTaskProducer"]), Task(forTarget: <none>, ruleInfo: ["Gate", "target-TargetB-T-TargetB-44533--TAPISymbolExtractorTaskProducer"]), Task(forTarget: <none>, ruleInfo: ["Gate", "target-TargetB-T-TargetB-44533--HeadermapTaskProducer"]), Task(forTarget: TargetB, ruleInfo: ["Ld", "/private/var/folders/xr/m5_5rlsd6l9fk2w4ngj13k6m0000gn/T/swbuild.tmp.I9GXyx3j/Data.noindex/Test/aProject/build/Debug/TargetB.framework/Versions/A/TargetB", "normal"]), Task(forTarget: TargetB, ruleInfo: ["WriteAuxiliaryFile", "/private/var/folders/xr/m5_5rlsd6l9fk2w4ngj13k6m0000gn/T/swbuild.tmp.I9GXyx3j/Data.noindex/Test/aProject/build/aProject.build/Debug/TargetB.build/Objects-normal/arm64/TargetB.LinkFileList"]), Task(forTarget: <none>, ruleInfo: ["Gate", "target-TargetB-T-TargetB-44533--TestTargetPostprocessingTaskProducer"]), Task(forTarget: <none>, ruleInfo: ["SwiftExplicitDependencyGeneratePcm", "arm64", "/private/var/folders/xr/m5_5rlsd6l9fk2w4ngj13k6m0000gn/T/swbuild.tmp.I9GXyx3j/Data.noindex/Test/aProject/build/SwiftExplicitPrecompiledModules/_SwiftConcurrencyShims-AIZW70LS1W2L0PXECXLASUUHS.pcm"]), Task(forTarget: TargetA, ruleInfo: ["SymLink", "/private/var/folders/xr/m5_5rlsd6l9fk2w4ngj13k6m0000gn/T/swbuild.tmp.I9GXyx3j/Data.noindex/Test/aProject/build/Debug/TargetA.framework/Versions/Current", "A"]), Task(forTarget: <none>, ruleInfo: ["CreateBuildDirectory", "/private/var/folders/xr/m5_5rlsd6l9fk2w4ngj13k6m0000gn/T/swbuild.tmp.I9GXyx3j/Data.noindex/Test/aProject/build"]), Task(forTarget: TargetB, ruleInfo: ["WriteAuxiliaryFile", "/private/var/folders/xr/m5_5rlsd6l9fk2w4ngj13k6m0000gn/T/swbuild.tmp.I9GXyx3j/Data.noindex/Test/aProject/build/aProject.build/Debug/TargetB.build/TargetB.DependencyMetadataFileList"]), Task(forTarget: TargetA, ruleInfo: ["WriteAuxiliaryFile", "/private/var/folders/xr/m5_5rlsd6l9fk2w4ngj13k6m0000gn/T/swbuild.tmp.I9GXyx3j/Data.noindex/Test/aProject/build/aProject.build/Debug/TargetA.build/TargetA.DependencyMetadataFileList"]), Task(forTarget: <none>, ruleInfo: ["Gate", "target-TargetB-T-TargetB-44533--AppExtensionInfoPlistGeneratorTaskProducer"]), Task(forTarget: <none>, ruleInfo: ["Gate", "target-TargetA-T-TargetA-44525--SwiftABIBaselineGenerationTaskProducer"]), Task(forTarget: <none>, ruleInfo: ["Gate", "target-TargetA-T-TargetA-44525--Barrier-Validate"]), Task(forTarget: <none>, ruleInfo: ["SwiftExplicitDependencyGeneratePcm", "arm64", "/private/var/folders/xr/m5_5rlsd6l9fk2w4ngj13k6m0000gn/T/swbuild.tmp.I9GXyx3j/Data.noindex/Test/aProject/build/SwiftExplicitPrecompiledModules/SwiftShims-1XRNFTFX3SVGVJQLDAOI208RW.pcm"]), Task(forTarget: TargetA, ruleInfo: ["SymLink", "/private/var/folders/xr/m5_5rlsd6l9fk2w4ngj13k6m0000gn/T/swbuild.tmp.I9GXyx3j/Data.noindex/Test/aProject/build/Debug/TargetA.framework/Headers", "Versions/Current/Headers"]), Task(forTarget: <none>, ruleInfo: ["Gate", "target-TargetA-T-TargetA-44525--generated-headers"]), Task(forTarget: TargetB, ruleInfo: ["SymLink", "/private/var/folders/xr/m5_5rlsd6l9fk2w4ngj13k6m0000gn/T/swbuild.tmp.I9GXyx3j/Data.noindex/Test/aProject/build/Debug/TargetB.framework/Modules", "Versions/Current/Modules"]), Task(forTarget: <none>, ruleInfo: ["WriteAuxiliaryFile", "/private/var/folders/xr/m5_5rlsd6l9fk2w4ngj13k6m0000gn/T/swbuild.tmp.I9GXyx3j/Data.noindex/Test/aProject/build/aProject.build/Debug/aProject-P44536-VFS/all-product-headers.yaml"]), Task(forTarget: <none>, ruleInfo: ["Gate", "target-TargetA-T-TargetA-44525--TAPISymbolExtractorTaskProducer"]), Task(forTarget: <none>, ruleInfo: ["Gate", "target-TargetA-T-TargetA-44525--TestTargetTaskProducer"]), Task(forTarget: <none>, ruleInfo: ["Gate", "target-TargetB-T-TargetB-44533--CopySwiftPackageResourcesTaskProducer"]), Task(forTarget: <none>, ruleInfo: ["Gate", "target-TargetB-T-TargetB-44533--AppIntentsMetadataTaskProducer"]), Task(forTarget: TargetA, ruleInfo: ["WriteAuxiliaryFile", "/private/var/folders/xr/m5_5rlsd6l9fk2w4ngj13k6m0000gn/T/swbuild.tmp.I9GXyx3j/Data.noindex/Test/aProject/build/aProject.build/Debug/TargetA.build/TargetA-all-target-headers.hmap"]), Task(forTarget: TargetB, ruleInfo: ["MkDir", "/private/var/folders/xr/m5_5rlsd6l9fk2w4ngj13k6m0000gn/T/swbuild.tmp.I9GXyx3j/Data.noindex/Test/aProject/build/Debug/TargetB.framework/Versions/A"]), Task(forTarget: <none>, ruleInfo: ["Gate", "target-TargetB-T-TargetB-44533--CustomTaskProducer"]), Task(forTarget: TargetB, ruleInfo: ["WriteAuxiliaryFile", "/private/var/folders/xr/m5_5rlsd6l9fk2w4ngj13k6m0000gn/T/swbuild.tmp.I9GXyx3j/Data.noindex/Test/aProject/build/aProject.build/Debug/TargetB.build/Objects-normal/arm64/TargetB.SwiftFileList"]), Task(forTarget: TargetB, ruleInfo: ["WriteAuxiliaryFile", "/private/var/folders/xr/m5_5rlsd6l9fk2w4ngj13k6m0000gn/T/swbuild.tmp.I9GXyx3j/Data.noindex/Test/aProject/build/aProject.build/Debug/TargetB.build/Objects-normal/arm64/TargetB-OutputFileMap.json"]), Task(forTarget: TargetA, ruleInfo: ["MkDir", "/private/var/folders/xr/m5_5rlsd6l9fk2w4ngj13k6m0000gn/T/swbuild.tmp.I9GXyx3j/Data.noindex/Test/aProject/build/Debug/TargetA.framework/Versions/A/Headers"]), Task(forTarget: <none>, ruleInfo: ["Gate", "target-TargetB-T-TargetB-44533--StubBinaryTaskProducer"]), Task(forTarget: <none>, ruleInfo: ["Gate", "target-TargetB-T-TargetB-44533--DocumentationTaskProducer"]), Task(forTarget: TargetA, ruleInfo: ["SwiftDriver", "TargetA", "normal", "arm64", "com.apple.xcode.tools.swift.compiler"]), Task(forTarget: <none>, ruleInfo: ["Gate", "target-TargetB-T-TargetB-44533--GenerateAppPlaygroundAssetCatalogTaskProducer"]), Task(forTarget: <none>, ruleInfo: ["Gate", "target-TargetA-T-TargetA-44525--Barrier-CodeSign"]), Task(forTarget: <none>, ruleInfo: ["Gate", "target-TargetA-T-TargetA-44525--AppExtensionInfoPlistGeneratorTaskProducer"]), Task(forTarget: TargetB, ruleInfo: ["Gate", "target-TargetB-T-TargetB-44533--entry"]), Task(forTarget: TargetB, ruleInfo: ["Gate", "target-TargetB-T-TargetB-44533--will-sign"]), Task(forTarget: <none>, ruleInfo: ["Gate", "target-TargetB-T-TargetB-44533--Barrier-CopyAside"]), Task(forTarget: <none>, ruleInfo: ["Gate", "target-TargetA-T-TargetA-44525--ProductStructureTaskProducer"]), Task(forTarget: TargetA, ruleInfo: ["Gate", "target-TargetA-T-TargetA-44525--begin-linking"]), Task(forTarget: TargetB, ruleInfo: ["Copy", "/private/var/folders/xr/m5_5rlsd6l9fk2w4ngj13k6m0000gn/T/swbuild.tmp.I9GXyx3j/Data.noindex/Test/aProject/build/Debug/TargetB.framework/Versions/A/Modules/TargetB.swiftmodule/arm64-apple-macos.swiftdoc", "/private/var/folders/xr/m5_5rlsd6l9fk2w4ngj13k6m0000gn/T/swbuild.tmp.I9GXyx3j/Data.noindex/Test/aProject/build/aProject.build/Debug/TargetB.build/Objects-normal/arm64/TargetB.swiftdoc"]), Task(forTarget: TargetB, ruleInfo: ["Copy", "/private/var/folders/xr/m5_5rlsd6l9fk2w4ngj13k6m0000gn/T/swbuild.tmp.I9GXyx3j/Data.noindex/Test/aProject/build/Debug/TargetB.framework/Versions/A/Modules/TargetB.swiftmodule/arm64-apple-macos.swiftmodule", "/private/var/folders/xr/m5_5rlsd6l9fk2w4ngj13k6m0000gn/T/swbuild.tmp.I9GXyx3j/Data.noindex/Test/aProject/build/aProject.build/Debug/TargetB.build/Objects-normal/arm64/TargetB.swiftmodule"]), Task(forTarget: TargetB, ruleInfo: ["SymLink", "/private/var/folders/xr/m5_5rlsd6l9fk2w4ngj13k6m0000gn/T/swbuild.tmp.I9GXyx3j/Data.noindex/Test/aProject/build/EagerLinkingTBDs/Debug/TargetB.framework/TargetB.tbd", "/private/var/folders/xr/m5_5rlsd6l9fk2w4ngj13k6m0000gn/T/swbuild.tmp.I9GXyx3j/Data.noindex/Test/aProject/build/EagerLinkingTBDs/Debug/TargetB.framework/Versions/A/TargetB.tbd"]), Task(forTarget: TargetA, ruleInfo: ["SwiftMergeGeneratedHeaders", "/private/var/folders/xr/m5_5rlsd6l9fk2w4ngj13k6m0000gn/T/swbuild.tmp.I9GXyx3j/Data.noindex/Test/aProject/build/Debug/TargetA.framework/Versions/A/Headers/TargetA-Swift.h", "/private/var/folders/xr/m5_5rlsd6l9fk2w4ngj13k6m0000gn/T/swbuild.tmp.I9GXyx3j/Data.noindex/Test/aProject/build/aProject.build/Debug/TargetA.build/Objects-normal/arm64/TargetA-Swift.h"]), Task(forTarget: <none>, ruleInfo: ["SwiftExplicitDependencyCompileModuleFromInterface", "arm64", "/private/var/folders/xr/m5_5rlsd6l9fk2w4ngj13k6m0000gn/T/swbuild.tmp.I9GXyx3j/Data.noindex/Test/aProject/build/SwiftExplicitPrecompiledModules/_Concurrency-CB34E6W1YOX6.swiftmodule"]), Task(forTarget: TargetA, ruleInfo: ["Gate", "target-TargetA-T-TargetA-44525--unsigned-product-ready"]), Task(forTarget: TargetA, ruleInfo: ["Gate", "target-TargetA-T-TargetA-44525--end"]), Task(forTarget: <none>, ruleInfo: ["Gate", "target-TargetA-T-TargetA-44525--ExtensionPointExtractorTaskProducer"]), Task(forTarget: TargetB, ruleInfo: ["Touch", "/private/var/folders/xr/m5_5rlsd6l9fk2w4ngj13k6m0000gn/T/swbuild.tmp.I9GXyx3j/Data.noindex/Test/aProject/build/Debug/TargetB.framework"]), Task(forTarget: TargetB, ruleInfo: ["Gate", "target-TargetB-T-TargetB-44533--linker-inputs-ready"]), Task(forTarget: TargetA, ruleInfo: ["WriteAuxiliaryFile", "/private/var/folders/xr/m5_5rlsd6l9fk2w4ngj13k6m0000gn/T/swbuild.tmp.I9GXyx3j/Data.noindex/Test/aProject/build/aProject.build/Debug/TargetA.build/Objects-normal/arm64/TargetA.SwiftFileList"]), Task(forTarget: TargetB, ruleInfo: ["WriteAuxiliaryFile", "/private/var/folders/xr/m5_5rlsd6l9fk2w4ngj13k6m0000gn/T/swbuild.tmp.I9GXyx3j/Data.noindex/Test/aProject/build/aProject.build/Debug/TargetB.build/TargetB-project-headers.hmap"]), Task(forTarget: <none>, ruleInfo: ["Gate", "target-TargetB-T-TargetB-44533--copy-headers-completion"]), Task(forTarget: <none>, ruleInfo: ["Gate", "target-TargetB-T-TargetB-44533--Barrier-Validate"]), Task(forTarget: TargetB, ruleInfo: ["Copy", "/private/var/folders/xr/m5_5rlsd6l9fk2w4ngj13k6m0000gn/T/swbuild.tmp.I9GXyx3j/Data.noindex/Test/aProject/build/Debug/TargetB.framework/Versions/A/Modules/TargetB.swiftmodule/arm64-apple-macos.abi.json", "/private/var/folders/xr/m5_5rlsd6l9fk2w4ngj13k6m0000gn/T/swbuild.tmp.I9GXyx3j/Data.noindex/Test/aProject/build/aProject.build/Debug/TargetB.build/Objects-normal/arm64/TargetB.abi.json"]), Task(forTarget: TargetA, ruleInfo: ["WriteAuxiliaryFile", "/private/var/folders/xr/m5_5rlsd6l9fk2w4ngj13k6m0000gn/T/swbuild.tmp.I9GXyx3j/Data.noindex/Test/aProject/build/aProject.build/Debug/TargetA.build/TargetA-own-target-headers.hmap"]), Task(forTarget: TargetB, ruleInfo: ["Gate", "target-TargetB-T-TargetB-44533--begin-scanning"]), Task(forTarget: TargetA, ruleInfo: ["WriteAuxiliaryFile", "/private/var/folders/xr/m5_5rlsd6l9fk2w4ngj13k6m0000gn/T/swbuild.tmp.I9GXyx3j/Data.noindex/Test/aProject/build/aProject.build/Debug/TargetA.build/TargetA.DependencyStaticMetadataFileList"]), Task(forTarget: <none>, ruleInfo: ["Gate", "target-TargetA-T-TargetA-44525--ModuleVerifierTaskProducer"]), Task(forTarget: TargetA, ruleInfo: ["SwiftCompile", "normal", "arm64", "Compiling fileA2.swift", "/private/var/folders/xr/m5_5rlsd6l9fk2w4ngj13k6m0000gn/T/swbuild.tmp.I9GXyx3j/Data.noindex/Test/aProject/Sources/fileA2.swift"]), Task(forTarget: TargetA, ruleInfo: ["Copy", "/private/var/folders/xr/m5_5rlsd6l9fk2w4ngj13k6m0000gn/T/swbuild.tmp.I9GXyx3j/Data.noindex/Test/aProject/build/Debug/TargetA.framework/Versions/A/Modules/TargetA.swiftmodule/arm64-apple-macos.swiftmodule", "/private/var/folders/xr/m5_5rlsd6l9fk2w4ngj13k6m0000gn/T/swbuild.tmp.I9GXyx3j/Data.noindex/Test/aProject/build/aProject.build/Debug/TargetA.build/Objects-normal/arm64/TargetA.swiftmodule"]), Task(forTarget: TargetA, ruleInfo: ["Gate", "target-TargetA-T-TargetA-44525--modules-ready"]), Task(forTarget: TargetB, ruleInfo: ["SwiftCompile", "normal", "arm64", "Compiling fileB1.swift", "/private/var/folders/xr/m5_5rlsd6l9fk2w4ngj13k6m0000gn/T/swbuild.tmp.I9GXyx3j/Data.noindex/Test/aProject/Sources/fileB1.swift"]), Task(forTarget: <none>, ruleInfo: ["Gate", "target-TargetB-T-TargetB-44533--Barrier-CodeSign"]), Task(forTarget: <none>, ruleInfo: ["Gate", "target-TargetB-T-TargetB-44533--generated-headers"]), Task(forTarget: <none>, ruleInfo: ["CreateBuildDirectory", "/private/var/folders/xr/m5_5rlsd6l9fk2w4ngj13k6m0000gn/T/swbuild.tmp.I9GXyx3j/Data.noindex/Test/aProject/build/SwiftExplicitPrecompiledModules"]), Task(forTarget: <none>, ruleInfo: ["Gate", "target-TargetA-T-TargetA-44525--SanitizerTaskProducer"]), Task(forTarget: TargetA, ruleInfo: ["SwiftDriver Compilation Requirements", "TargetA", "normal", "arm64", "com.apple.xcode.tools.swift.compiler"]), Task(forTarget: <none>, ruleInfo: ["CreateBuildDirectory", "/var/folders/xr/m5_5rlsd6l9fk2w4ngj13k6m0000gn/C/com.apple.DeveloperTools/26.4.1-17E202/Xcode/CompilationCache.noindex"]), Task(forTarget: <none>, ruleInfo: ["Gate", "target-TargetA-T-TargetA-44525--AppIntentsMetadataTaskProducer"]), Task(forTarget: TargetB, ruleInfo: ["SymLink", "/private/var/folders/xr/m5_5rlsd6l9fk2w4ngj13k6m0000gn/T/swbuild.tmp.I9GXyx3j/Data.noindex/Test/aProject/build/Debug/TargetB.framework/Versions/Current", "A"]), Task(forTarget: TargetA, ruleInfo: ["Copy", "/private/var/folders/xr/m5_5rlsd6l9fk2w4ngj13k6m0000gn/T/swbuild.tmp.I9GXyx3j/Data.noindex/Test/aProject/build/Debug/TargetA.framework/Versions/A/Modules/TargetA.swiftmodule/arm64-apple-macos.swiftdoc", "/private/var/folders/xr/m5_5rlsd6l9fk2w4ngj13k6m0000gn/T/swbuild.tmp.I9GXyx3j/Data.noindex/Test/aProject/build/aProject.build/Debug/TargetA.build/Objects-normal/arm64/TargetA.swiftdoc"]), Task(forTarget: TargetA, ruleInfo: ["RegisterExecutionPolicyException", "/private/var/folders/xr/m5_5rlsd6l9fk2w4ngj13k6m0000gn/T/swbuild.tmp.I9GXyx3j/Data.noindex/Test/aProject/build/Debug/TargetA.framework"]), Task(forTarget: <none>, ruleInfo: ["Gate", "target-TargetA-T-TargetA-44525--SwiftPackageCopyFilesTaskProducer"]), Task(forTarget: TargetA, ruleInfo: ["Copy", "/private/var/folders/xr/m5_5rlsd6l9fk2w4ngj13k6m0000gn/T/swbuild.tmp.I9GXyx3j/Data.noindex/Test/aProject/build/Debug/TargetA.framework/Versions/A/Modules/TargetA.swiftmodule/arm64-apple-macos.abi.json", "/private/var/folders/xr/m5_5rlsd6l9fk2w4ngj13k6m0000gn/T/swbuild.tmp.I9GXyx3j/Data.noindex/Test/aProject/build/aProject.build/Debug/TargetA.build/Objects-normal/arm64/TargetA.abi.json"]), Task(forTarget: TargetB, ruleInfo: ["SwiftEmitModule", "normal", "arm64", "Emitting module for TargetB"]), Task(forTarget: TargetA, ruleInfo: ["Touch", "/private/var/folders/xr/m5_5rlsd6l9fk2w4ngj13k6m0000gn/T/swbuild.tmp.I9GXyx3j/Data.noindex/Test/aProject/build/Debug/TargetA.framework"]), Task(forTarget: TargetA, ruleInfo: ["Gate", "target-TargetA-T-TargetA-44525--linker-inputs-ready"]), Task(forTarget: <none>, ruleInfo: ["Gate", "target-TargetB-T-TargetB-44533--ProductStructureTaskProducer"]), Task(forTarget: TargetB, ruleInfo: ["SwiftDriver Compilation", "TargetB", "normal", "arm64", "com.apple.xcode.tools.swift.compiler"]), Task(forTarget: <none>, ruleInfo: ["Gate", "target-TargetB-T-TargetB-44533--Barrier-RegisterExecutionPolicyException"]), Task(forTarget: TargetA, ruleInfo: ["WriteAuxiliaryFile", "/private/var/folders/xr/m5_5rlsd6l9fk2w4ngj13k6m0000gn/T/swbuild.tmp.I9GXyx3j/Data.noindex/Test/aProject/build/aProject.build/Debug/TargetA.build/Objects-normal/arm64/TargetA-OutputFileMap.json"]), Task(forTarget: <none>, ruleInfo: ["Gate", "target-TargetA-T-TargetA-44525--HeadermapTaskProducer"]), Task(forTarget: TargetB, ruleInfo: ["WriteAuxiliaryFile", "/private/var/folders/xr/m5_5rlsd6l9fk2w4ngj13k6m0000gn/T/swbuild.tmp.I9GXyx3j/Data.noindex/Test/aProject/build/aProject.build/Debug/TargetB.build/TargetB.DependencyStaticMetadataFileList"]), Task(forTarget: TargetA, ruleInfo: ["Gate", "target-TargetA-T-TargetA-44525--begin-compiling"]), Task(forTarget: <none>, ruleInfo: ["Gate", "target-TargetA-T-TargetA-44525--GeneratedFilesTaskProducer"]), Task(forTarget: <none>, ruleInfo: ["Gate", "target-TargetA-T-TargetA-44525--DocumentationTaskProducer"]), Task(forTarget: <none>, ruleInfo: ["Gate", "target-TargetB-T-TargetB-44533--InfoPlistTaskProducer"]), Task(forTarget: <none>, ruleInfo: ["Gate", "target-TargetA-T-TargetA-44525--SwiftFrameworkABICheckerTaskProducer"]), Task(forTarget: TargetB, ruleInfo: ["Gate", "target-TargetB-T-TargetB-44533--end"]), Task(forTarget: TargetA, ruleInfo: ["MkDir", "/private/var/folders/xr/m5_5rlsd6l9fk2w4ngj13k6m0000gn/T/swbuild.tmp.I9GXyx3j/Data.noindex/Test/aProject/build/Debug/TargetA.framework/Versions/A"]), Task(forTarget: <none>, ruleInfo: ["Gate", "target-TargetB-T-TargetB-44533--fused-phase0-compile-sources&link-binary"]), Task(forTarget: <none>, ruleInfo: ["Gate", "target-TargetB-T-TargetB-44533--SwiftStandardLibrariesTaskProducer"]), Task(forTarget: <none>, ruleInfo: ["Gate", "target-TargetB-T-TargetB-44533--SwiftABIBaselineGenerationTaskProducer"]), Task(forTarget: <none>, ruleInfo: ["Gate", "target-TargetA-T-TargetA-44525--TestTargetPostprocessingTaskProducer"]), Task(forTarget: <none>, ruleInfo: ["Gate", "target-TargetA-T-TargetA-44525--ProductPostprocessingTaskProducer"]), Task(forTarget: <none>, ruleInfo: ["Gate", "target-TargetB-T-TargetB-44533--RealityAssetsTaskProducer"]), Task(forTarget: TargetA, ruleInfo: ["Copy", "/private/var/folders/xr/m5_5rlsd6l9fk2w4ngj13k6m0000gn/T/swbuild.tmp.I9GXyx3j/Data.noindex/Test/aProject/build/Debug/TargetA.framework/Versions/A/Modules/TargetA.swiftmodule/Project/arm64-apple-macos.swiftsourceinfo", "/private/var/folders/xr/m5_5rlsd6l9fk2w4ngj13k6m0000gn/T/swbuild.tmp.I9GXyx3j/Data.noindex/Test/aProject/build/aProject.build/Debug/TargetA.build/Objects-normal/arm64/TargetA.swiftsourceinfo"]), Task(forTarget: TargetB, ruleInfo: ["Copy", "/private/var/folders/xr/m5_5rlsd6l9fk2w4ngj13k6m0000gn/T/swbuild.tmp.I9GXyx3j/Data.noindex/Test/aProject/build/Debug/TargetB.framework/Versions/A/Modules/TargetB.swiftmodule/Project/arm64-apple-macos.swiftsourceinfo", "/private/var/folders/xr/m5_5rlsd6l9fk2w4ngj13k6m0000gn/T/swbuild.tmp.I9GXyx3j/Data.noindex/Test/aProject/build/aProject.build/Debug/TargetB.build/Objects-normal/arm64/TargetB.swiftsourceinfo"]), Task(forTarget: TargetB, ruleInfo: ["WriteAuxiliaryFile", "/private/var/folders/xr/m5_5rlsd6l9fk2w4ngj13k6m0000gn/T/swbuild.tmp.I9GXyx3j/Data.noindex/Test/aProject/build/aProject.build/Debug/TargetB.build/TargetB-all-non-framework-target-headers.hmap"]), Task(forTarget: <none>, ruleInfo: ["Gate", "target-TargetB-T-TargetB-44533--Barrier-GenerateStubAPI"]), Task(forTarget: TargetB, ruleInfo: ["RegisterExecutionPolicyException", "/private/var/folders/xr/m5_5rlsd6l9fk2w4ngj13k6m0000gn/T/swbuild.tmp.I9GXyx3j/Data.noindex/Test/aProject/build/Debug/TargetB.framework"]), Task(forTarget: TargetA, ruleInfo: ["SwiftEmitModule", "normal", "arm64", "Emitting module for TargetA"]), Task(forTarget: <none>, ruleInfo: ["SwiftExplicitDependencyCompileModuleFromInterface", "arm64", "/private/var/folders/xr/m5_5rlsd6l9fk2w4ngj13k6m0000gn/T/swbuild.tmp.I9GXyx3j/Data.noindex/Test/aProject/build/SwiftExplicitPrecompiledModules/_StringProcessing-1O0ZQ2K74RYD5.swiftmodule"]), Task(forTarget: TargetB, ruleInfo: ["Gate", "target-TargetB-T-TargetB-44533--begin-linking"]), Task(forTarget: TargetB, ruleInfo: ["Gate", "target-TargetB-T-TargetB-44533--unsigned-product-ready"]), Task(forTarget: TargetB, ruleInfo: ["MkDir", "/private/var/folders/xr/m5_5rlsd6l9fk2w4ngj13k6m0000gn/T/swbuild.tmp.I9GXyx3j/Data.noindex/Test/aProject/build/Debug/TargetB.framework"]), Task(forTarget: <none>, ruleInfo: ["Gate", "target-TargetB-T-TargetB-44533--ExtensionPointExtractorTaskProducer"]), Task(forTarget: TargetA, ruleInfo: ["WriteAuxiliaryFile", "/private/var/folders/xr/m5_5rlsd6l9fk2w4ngj13k6m0000gn/T/swbuild.tmp.I9GXyx3j/Data.noindex/Test/aProject/build/aProject.build/Debug/TargetA.build/Objects-normal/arm64/TargetA_const_extract_protocols.json"]), Task(forTarget: <none>, ruleInfo: ["Gate", "target-TargetA-T-TargetA-44525--CustomTaskProducer"]), Task(forTarget: <none>, ruleInfo: ["ClangStatCache", "/Applications/Xcode17E.app/Contents/Developer/Toolchains/XcodeDefault.xctoolchain/usr/bin/clang-stat-cache", "/Applications/Xcode17E.app/Contents/Developer/Platforms/MacOSX.platform/Developer/SDKs/MacOSX26.4.sdk", "/private/var/folders/xr/m5_5rlsd6l9fk2w4ngj13k6m0000gn/T/swbuild.tmp.I9GXyx3j/Data.noindex/Test/SDKStatCaches.noindex/macosx26.4-25E260-95aa6cf8f3effd57bda17e0c125410c0.sdkstatcache"]), Task(forTarget: <none>, ruleInfo: ["Gate", "target-TargetB-T-TargetB-44533--TestEntryPointTaskProducerFactory"]), Task(forTarget: TargetA, ruleInfo: ["Gate", "target-TargetA-T-TargetA-44525--immediate"]), Task(forTarget: <none>, ruleInfo: ["CreateBuildDirectory", "/private/var/folders/xr/m5_5rlsd6l9fk2w4ngj13k6m0000gn/T/swbuild.tmp.I9GXyx3j/Data.noindex/Test/aProject/build/Debug"]), Task(forTarget: TargetA, ruleInfo: ["Gate", "target-TargetA-T-TargetA-44525--entry"]), Task(forTarget: <none>, ruleInfo: ["Gate", "target-TargetA-T-TargetA-44525--SwiftStandardLibrariesTaskProducer"]), Task(forTarget: <none>, ruleInfo: ["Gate", "target-TargetA-T-TargetA-44525--TestEntryPointTaskProducerFactory"]), Task(forTarget: TargetA, ruleInfo: ["WriteAuxiliaryFile", "/private/var/folders/xr/m5_5rlsd6l9fk2w4ngj13k6m0000gn/T/swbuild.tmp.I9GXyx3j/Data.noindex/Test/aProject/build/aProject.build/Debug/TargetA.build/TargetA-project-headers.hmap"]), Task(forTarget: <none>, ruleInfo: ["Gate", "target-TargetA-T-TargetA-44525--Barrier-GenerateStubAPI"]), Task(forTarget: TargetA, ruleInfo: ["MkDir", "/private/var/folders/xr/m5_5rlsd6l9fk2w4ngj13k6m0000gn/T/swbuild.tmp.I9GXyx3j/Data.noindex/Test/aProject/build/Debug/TargetA.framework"]), Task(forTarget: TargetB, ruleInfo: ["WriteAuxiliaryFile", "/private/var/folders/xr/m5_5rlsd6l9fk2w4ngj13k6m0000gn/T/swbuild.tmp.I9GXyx3j/Data.noindex/Test/aProject/build/aProject.build/Debug/TargetB.build/TargetB-generated-files.hmap"]), Task(forTarget: TargetB, ruleInfo: ["WriteAuxiliaryFile", "/private/var/folders/xr/m5_5rlsd6l9fk2w4ngj13k6m0000gn/T/swbuild.tmp.I9GXyx3j/Data.noindex/Test/aProject/build/aProject.build/Debug/TargetB.build/Objects-normal/arm64/TargetB_const_extract_protocols.json"]), Task(forTarget: TargetB, ruleInfo: ["MkDir", "/private/var/folders/xr/m5_5rlsd6l9fk2w4ngj13k6m0000gn/T/swbuild.tmp.I9GXyx3j/Data.noindex/Test/aProject/build/Debug/TargetB.framework/Versions"]), Task(forTarget: <none>, ruleInfo: ["Gate", "target-TargetA-T-TargetA-44525--CopySwiftPackageResourcesTaskProducer"]), Task(forTarget: <none>, ruleInfo: ["Gate", "target-TargetA-T-TargetA-44525--Barrier-ChangeAlternatePermissions"]), Task(forTarget: TargetA, ruleInfo: ["SymLink", "/private/var/folders/xr/m5_5rlsd6l9fk2w4ngj13k6m0000gn/T/swbuild.tmp.I9GXyx3j/Data.noindex/Test/aProject/build/EagerLinkingTBDs/Debug/TargetA.framework/TargetA.tbd", "/private/var/folders/xr/m5_5rlsd6l9fk2w4ngj13k6m0000gn/T/swbuild.tmp.I9GXyx3j/Data.noindex/Test/aProject/build/EagerLinkingTBDs/Debug/TargetA.framework/Versions/A/TargetA.tbd"]), Task(forTarget: <none>, ruleInfo: ["Gate", "target-TargetA-T-TargetA-44525--Barrier-RegisterExecutionPolicyException"]), Task(forTarget: <none>, ruleInfo: ["Gate", "target-TargetB-T-TargetB-44533--SwiftPackageCopyFilesTaskProducer"]), Task(forTarget: TargetA, ruleInfo: ["SwiftCompile", "normal", "arm64", "Compiling fileA1.swift", "/private/var/folders/xr/m5_5rlsd6l9fk2w4ngj13k6m0000gn/T/swbuild.tmp.I9GXyx3j/Data.noindex/Test/aProject/Sources/fileA1.swift"]), Task(forTarget: <none>, ruleInfo: ["Gate", "target-TargetB-T-TargetB-44533--Barrier-StripSymbols"]), Task(forTarget: TargetA, ruleInfo: ["WriteAuxiliaryFile", "/private/var/folders/xr/m5_5rlsd6l9fk2w4ngj13k6m0000gn/T/swbuild.tmp.I9GXyx3j/Data.noindex/Test/aProject/build/aProject.build/Debug/TargetA.build/TargetA-all-non-framework-target-headers.hmap"]), Task(forTarget: <none>, ruleInfo: ["Gate", "target-TargetB-T-TargetB-44533--SanitizerTaskProducer"]), Task(forTarget: <none>, ruleInfo: ["Gate", "target-TargetB-T-TargetB-44533--swift-generated-headers"]), Task(forTarget: <none>, ruleInfo: ["Gate", "target-TargetB-T-TargetB-44533--Barrier-RegisterProduct"]), Task(forTarget: <none>, ruleInfo: ["Gate", "target-TargetB-T-TargetB-44533--GeneratedFilesTaskProducer"]), Task(forTarget: <none>, ruleInfo: ["Gate", "target-TargetA-T-TargetA-44525--Barrier-StripSymbols"]), Task(forTarget: TargetB, ruleInfo: ["GenerateTAPI", "/private/var/folders/xr/m5_5rlsd6l9fk2w4ngj13k6m0000gn/T/swbuild.tmp.I9GXyx3j/Data.noindex/Test/aProject/build/EagerLinkingTBDs/Debug/TargetB.framework/Versions/A/TargetB.tbd"]), Task(forTarget: <none>, ruleInfo: ["Gate", "target-TargetA-T-TargetA-44525--GenerateAppPlaygroundAssetCatalogTaskProducer"]), Task(forTarget: <none>, ruleInfo: ["Gate", "target-TargetA-T-TargetA-44525--Barrier-ChangePermissions"]), Task(forTarget: TargetA, ruleInfo: ["WriteAuxiliaryFile", "/private/var/folders/xr/m5_5rlsd6l9fk2w4ngj13k6m0000gn/T/swbuild.tmp.I9GXyx3j/Data.noindex/Test/aProject/build/aProject.build/Debug/TargetA.build/Objects-normal/arm64/TargetA.SwiftConstValuesFileList"]), Task(forTarget: TargetA, ruleInfo: ["MkDir", "/private/var/folders/xr/m5_5rlsd6l9fk2w4ngj13k6m0000gn/T/swbuild.tmp.I9GXyx3j/Data.noindex/Test/aProject/build/Debug/TargetA.framework/Versions"]), Task(forTarget: <none>, ruleInfo: ["Gate", "target-TargetA-T-TargetA-44525--StubBinaryTaskProducer"]), Task(forTarget: <none>, ruleInfo: ["Gate", "target-TargetB-T-TargetB-44533--ProductPostprocessingTaskProducer"]), Task(forTarget: TargetA, ruleInfo: ["WriteAuxiliaryFile", "/private/var/folders/xr/m5_5rlsd6l9fk2w4ngj13k6m0000gn/T/swbuild.tmp.I9GXyx3j/Data.noindex/Test/aProject/build/aProject.build/Debug/TargetA.build/Objects-normal/arm64/TargetA.LinkFileList"]), Task(forTarget: <none>, ruleInfo: ["Gate", "target-TargetA-T-TargetA-44525--ModuleMapTaskProducer"]), Task(forTarget: TargetA, ruleInfo: ["ExtractAppIntentsMetadata"]), Task(forTarget: TargetB, ruleInfo: ["WriteAuxiliaryFile", "/private/var/folders/xr/m5_5rlsd6l9fk2w4ngj13k6m0000gn/T/swbuild.tmp.I9GXyx3j/Data.noindex/Test/aProject/build/aProject.build/Debug/TargetB.build/TargetB.hmap"]), Task(forTarget: TargetA, ruleInfo: ["SymLink", "/private/var/folders/xr/m5_5rlsd6l9fk2w4ngj13k6m0000gn/T/swbuild.tmp.I9GXyx3j/Data.noindex/Test/aProject/build/Debug/TargetA.framework/TargetA", "Versions/Current/TargetA"]), Task(forTarget: TargetB, ruleInfo: ["MkDir", "/private/var/folders/xr/m5_5rlsd6l9fk2w4ngj13k6m0000gn/T/swbuild.tmp.I9GXyx3j/Data.noindex/Test/aProject/build/Debug/TargetB.framework/Versions/A/Headers"]), Task(forTarget: <none>, ruleInfo: ["CreateBuildDirectory", "/private/var/folders/xr/m5_5rlsd6l9fk2w4ngj13k6m0000gn/T/swbuild.tmp.I9GXyx3j/Data.noindex/Test/aProject/build/ExplicitPrecompiledModules"]), Task(forTarget: <none>, ruleInfo: ["Gate", "target-TargetA-T-TargetA-44525--RealityAssetsTaskProducer"]), Task(forTarget: <none>, ruleInfo: ["Gate", "target-TargetA-T-TargetA-44525--TestHostTaskProducer"]), Task(forTarget: TargetA, ruleInfo: ["Gate", "target-TargetA-T-TargetA-44525--will-sign"]), Task(forTarget: <none>, ruleInfo: ["CreateBuildDirectory", "/private/var/folders/xr/m5_5rlsd6l9fk2w4ngj13k6m0000gn/T/swbuild.tmp.I9GXyx3j/Data.noindex/Test/aProject/build/SharedPrecompiledHeaders"]), Task(forTarget: TargetA, ruleInfo: ["WriteAuxiliaryFile", "/private/var/folders/xr/m5_5rlsd6l9fk2w4ngj13k6m0000gn/T/swbuild.tmp.I9GXyx3j/Data.noindex/Test/aProject/build/aProject.build/Debug/TargetA.build/TargetA.hmap"]), Task(forTarget: TargetA, ruleInfo: ["SymLink", "/private/var/folders/xr/m5_5rlsd6l9fk2w4ngj13k6m0000gn/T/swbuild.tmp.I9GXyx3j/Data.noindex/Test/aProject/build/Debug/TargetA.framework/Modules", "Versions/Current/Modules"]), Task(forTarget: <none>, ruleInfo: ["Gate", "target-TargetA-T-TargetA-44525--copy-headers-completion"]), Task(forTarget: <none>, ruleInfo: ["Gate", "target-TargetA-T-TargetA-44525--fused-phase0-compile-sources"]), Task(forTarget: <none>, ruleInfo: ["Gate", "WorkspaceHeaderMapVFSFilesWritten"]), Task(forTarget: TargetB, ruleInfo: ["SymLink", "/private/var/folders/xr/m5_5rlsd6l9fk2w4ngj13k6m0000gn/T/swbuild.tmp.I9GXyx3j/Data.noindex/Test/aProject/build/Debug/TargetB.framework/Headers", "Versions/Current/Headers"]), Task(forTarget: TargetB, ruleInfo: ["SwiftDriver Compilation Requirements", "TargetB", "normal", "arm64", "com.apple.xcode.tools.swift.compiler"]), Task(forTarget: <none>, ruleInfo: ["Gate", "target-TargetA-T-TargetA-44525--Barrier-RegisterProduct"]), Task(forTarget: TargetB, ruleInfo: ["Gate", "target-TargetB-T-TargetB-44533--modules-ready"]), Task(forTarget: <none>, ruleInfo: ["CreateBuildDirectory", "/private/var/folders/xr/m5_5rlsd6l9fk2w4ngj13k6m0000gn/T/swbuild.tmp.I9GXyx3j/Data.noindex/Test/aProject/build/EagerLinkingTBDs/Debug"]), Task(forTarget: TargetB, ruleInfo: ["WriteAuxiliaryFile", "/private/var/folders/xr/m5_5rlsd6l9fk2w4ngj13k6m0000gn/T/swbuild.tmp.I9GXyx3j/Data.noindex/Test/aProject/build/aProject.build/Debug/TargetB.build/TargetB-all-target-headers.hmap"]), Task(forTarget: <none>, ruleInfo: ["Gate", "target-TargetB-T-TargetB-44533--ModuleVerifierTaskProducer"]), Task(forTarget: TargetA, ruleInfo: ["Gate", "target-TargetA-T-TargetA-44525--begin-scanning"]), Task(forTarget: TargetB, ruleInfo: ["Gate", "target-TargetB-T-TargetB-44533--immediate"]), Task(forTarget: TargetA, ruleInfo: ["GenerateTAPI", "/private/var/folders/xr/m5_5rlsd6l9fk2w4ngj13k6m0000gn/T/swbuild.tmp.I9GXyx3j/Data.noindex/Test/aProject/build/EagerLinkingTBDs/Debug/TargetA.framework/Versions/A/TargetA.tbd"]), Task(forTarget: TargetB, ruleInfo: ["SymLink", "/private/var/folders/xr/m5_5rlsd6l9fk2w4ngj13k6m0000gn/T/swbuild.tmp.I9GXyx3j/Data.noindex/Test/aProject/build/Debug/TargetB.framework/TargetB", "Versions/Current/TargetB"]), Task(forTarget: TargetB, ruleInfo: ["SwiftCompile", "normal", "arm64", "Compiling fileB2.swift", "/private/var/folders/xr/m5_5rlsd6l9fk2w4ngj13k6m0000gn/T/swbuild.tmp.I9GXyx3j/Data.noindex/Test/aProject/Sources/fileB2.swift"])]
↳ Occasionally fails in CI due to SwiftExplicitDependencyCompileModuleFromInterface missing from the dependency graph
━ Test swiftEagerCompilationWithExplicitModules() recorded a known issue at SwiftDriverTests.swift:3577:55: Issue recorded
↳ Task Task(forTarget: TargetA, ruleInfo: ["SwiftCompile", "normal", "arm64", "Compiling fileA1.swift", "/private/var/folders/xr/m5_5rlsd6l9fk2w4ngj13k6m0000gn/T/swbuild.tmp.I9GXyx3j/Data.noindex/Test/aProject/Sources/fileA1.swift"]) does not follow any tasks matching [Rule matches [SWBTestSupport.StringPattern.equal("SwiftExplicitDependencyCompileModuleFromInterface"), SWBTestSupport.StringPattern.equal("normal"), SWBTestSupport.StringPattern.equal("arm64"), SWBTestSupport.StringPattern.contains("_StringProcessing-")]]. Found: [] in [Task(forTarget: <none>, ruleInfo: ["Gate", "target-TargetA-T-TargetA-44525--Barrier-CopyAside"]), Task(forTarget: <none>, ruleInfo: ["Gate", "target-TargetA-T-TargetA-44525--InfoPlistTaskProducer"]), Task(forTarget: <none>, ruleInfo: ["Gate", "target-TargetB-T-TargetB-44533--Barrier-ChangeAlternatePermissions"]), Task(forTarget: <none>, ruleInfo: ["Gate", "target-TargetA-T-TargetA-44525--swift-generated-headers"]), Task(forTarget: TargetB, ruleInfo: ["ExtractAppIntentsMetadata"]), Task(forTarget: TargetB, ruleInfo: ["SwiftDriver", "TargetB", "normal", "arm64", "com.apple.xcode.tools.swift.compiler"]), Task(forTarget: TargetB, ruleInfo: ["WriteAuxiliaryFile", "/private/var/folders/xr/m5_5rlsd6l9fk2w4ngj13k6m0000gn/T/swbuild.tmp.I9GXyx3j/Data.noindex/Test/aProject/build/aProject.build/Debug/TargetB.build/TargetB-own-target-headers.hmap"]), Task(forTarget: TargetA, ruleInfo: ["WriteAuxiliaryFile", "/private/var/folders/xr/m5_5rlsd6l9fk2w4ngj13k6m0000gn/T/swbuild.tmp.I9GXyx3j/Data.noindex/Test/aProject/build/aProject.build/Debug/TargetA.build/TargetA-generated-files.hmap"]), Task(forTarget: TargetA, ruleInfo: ["SwiftDriver Compilation", "TargetA", "normal", "arm64", "com.apple.xcode.tools.swift.compiler"]), Task(forTarget: TargetA, ruleInfo: ["Ld", "/private/var/folders/xr/m5_5rlsd6l9fk2w4ngj13k6m0000gn/T/swbuild.tmp.I9GXyx3j/Data.noindex/Test/aProject/build/Debug/TargetA.framework/Versions/A/TargetA", "normal"]), Task(forTarget: <none>, ruleInfo: ["SwiftExplicitDependencyCompileModuleFromInterface", "arm64", "/private/var/folders/xr/m5_5rlsd6l9fk2w4ngj13k6m0000gn/T/swbuild.tmp.I9GXyx3j/Data.noindex/Test/aProject/build/SwiftExplicitPrecompiledModules/Swift-NBB0GQDQYZZH.swiftmodule"]), Task(forTarget: TargetB, ruleInfo: ["SwiftMergeGeneratedHeaders", "/private/var/folders/xr/m5_5rlsd6l9fk2w4ngj13k6m0000gn/T/swbuild.tmp.I9GXyx3j/Data.noindex/Test/aProject/build/Debug/TargetB.framework/Versions/A/Headers/TargetB-Swift.h", "/private/var/folders/xr/m5_5rlsd6l9fk2w4ngj13k6m0000gn/T/swbuild.tmp.I9GXyx3j/Data.noindex/Test/aProject/build/aProject.build/Debug/TargetB.build/Objects-normal/arm64/TargetB-Swift.h"]), Task(forTarget: <none>, ruleInfo: ["Gate", "target-TargetB-T-TargetB-44533--TestHostTaskProducer"]), Task(forTarget: TargetB, ruleInfo: ["WriteAuxiliaryFile", "/private/var/folders/xr/m5_5rlsd6l9fk2w4ngj13k6m0000gn/T/swbuild.tmp.I9GXyx3j/Data.noindex/Test/aProject/build/aProject.build/Debug/TargetB.build/Objects-normal/arm64/TargetB.SwiftConstValuesFileList"]), Task(forTarget: <none>, ruleInfo: ["Gate", "target-TargetB-T-TargetB-44533--ModuleMapTaskProducer"]), Task(forTarget: <none>, ruleInfo: ["Gate", "target-TargetB-T-TargetB-44533--SwiftFrameworkABICheckerTaskProducer"]), Task(forTarget: <none>, ruleInfo: ["Gate", "target-TargetB-T-TargetB-44533--Barrier-ChangePermissions"]), Task(forTarget: TargetB, ruleInfo: ["Gate", "target-TargetB-T-TargetB-44533--begin-compiling"]), Task(forTarget: <none>, ruleInfo: ["Gate", "target-TargetB-T-TargetB-44533--TestTargetTaskProducer"]), Task(forTarget: <none>, ruleInfo: ["Gate", "target-TargetB-T-TargetB-44533--TAPISymbolExtractorTaskProducer"]), Task(forTarget: <none>, ruleInfo: ["Gate", "target-TargetB-T-TargetB-44533--HeadermapTaskProducer"]), Task(forTarget: TargetB, ruleInfo: ["Ld", "/private/var/folders/xr/m5_5rlsd6l9fk2w4ngj13k6m0000gn/T/swbuild.tmp.I9GXyx3j/Data.noindex/Test/aProject/build/Debug/TargetB.framework/Versions/A/TargetB", "normal"]), Task(forTarget: TargetB, ruleInfo: ["WriteAuxiliaryFile", "/private/var/folders/xr/m5_5rlsd6l9fk2w4ngj13k6m0000gn/T/swbuild.tmp.I9GXyx3j/Data.noindex/Test/aProject/build/aProject.build/Debug/TargetB.build/Objects-normal/arm64/TargetB.LinkFileList"]), Task(forTarget: <none>, ruleInfo: ["Gate", "target-TargetB-T-TargetB-44533--TestTargetPostprocessingTaskProducer"]), Task(forTarget: <none>, ruleInfo: ["SwiftExplicitDependencyGeneratePcm", "arm64", "/private/var/folders/xr/m5_5rlsd6l9fk2w4ngj13k6m0000gn/T/swbuild.tmp.I9GXyx3j/Data.noindex/Test/aProject/build/SwiftExplicitPrecompiledModules/_SwiftConcurrencyShims-AIZW70LS1W2L0PXECXLASUUHS.pcm"]), Task(forTarget: TargetA, ruleInfo: ["SymLink", "/private/var/folders/xr/m5_5rlsd6l9fk2w4ngj13k6m0000gn/T/swbuild.tmp.I9GXyx3j/Data.noindex/Test/aProject/build/Debug/TargetA.framework/Versions/Current", "A"]), Task(forTarget: <none>, ruleInfo: ["CreateBuildDirectory", "/private/var/folders/xr/m5_5rlsd6l9fk2w4ngj13k6m0000gn/T/swbuild.tmp.I9GXyx3j/Data.noindex/Test/aProject/build"]), Task(forTarget: TargetB, ruleInfo: ["WriteAuxiliaryFile", "/private/var/folders/xr/m5_5rlsd6l9fk2w4ngj13k6m0000gn/T/swbuild.tmp.I9GXyx3j/Data.noindex/Test/aProject/build/aProject.build/Debug/TargetB.build/TargetB.DependencyMetadataFileList"]), Task(forTarget: TargetA, ruleInfo: ["WriteAuxiliaryFile", "/private/var/folders/xr/m5_5rlsd6l9fk2w4ngj13k6m0000gn/T/swbuild.tmp.I9GXyx3j/Data.noindex/Test/aProject/build/aProject.build/Debug/TargetA.build/TargetA.DependencyMetadataFileList"]), Task(forTarget: <none>, ruleInfo: ["Gate", "target-TargetB-T-TargetB-44533--AppExtensionInfoPlistGeneratorTaskProducer"]), Task(forTarget: <none>, ruleInfo: ["Gate", "target-TargetA-T-TargetA-44525--SwiftABIBaselineGenerationTaskProducer"]), Task(forTarget: <none>, ruleInfo: ["Gate", "target-TargetA-T-TargetA-44525--Barrier-Validate"]), Task(forTarget: <none>, ruleInfo: ["SwiftExplicitDependencyGeneratePcm", "arm64", "/private/var/folders/xr/m5_5rlsd6l9fk2w4ngj13k6m0000gn/T/swbuild.tmp.I9GXyx3j/Data.noindex/Test/aProject/build/SwiftExplicitPrecompiledModules/SwiftShims-1XRNFTFX3SVGVJQLDAOI208RW.pcm"]), Task(forTarget: TargetA, ruleInfo: ["SymLink", "/private/var/folders/xr/m5_5rlsd6l9fk2w4ngj13k6m0000gn/T/swbuild.tmp.I9GXyx3j/Data.noindex/Test/aProject/build/Debug/TargetA.framework/Headers", "Versions/Current/Headers"]), Task(forTarget: <none>, ruleInfo: ["Gate", "target-TargetA-T-TargetA-44525--generated-headers"]), Task(forTarget: TargetB, ruleInfo: ["SymLink", "/private/var/folders/xr/m5_5rlsd6l9fk2w4ngj13k6m0000gn/T/swbuild.tmp.I9GXyx3j/Data.noindex/Test/aProject/build/Debug/TargetB.framework/Modules", "Versions/Current/Modules"]), Task(forTarget: <none>, ruleInfo: ["WriteAuxiliaryFile", "/private/var/folders/xr/m5_5rlsd6l9fk2w4ngj13k6m0000gn/T/swbuild.tmp.I9GXyx3j/Data.noindex/Test/aProject/build/aProject.build/Debug/aProject-P44536-VFS/all-product-headers.yaml"]), Task(forTarget: <none>, ruleInfo: ["Gate", "target-TargetA-T-TargetA-44525--TAPISymbolExtractorTaskProducer"]), Task(forTarget: <none>, ruleInfo: ["Gate", "target-TargetA-T-TargetA-44525--TestTargetTaskProducer"]), Task(forTarget: <none>, ruleInfo: ["Gate", "target-TargetB-T-TargetB-44533--CopySwiftPackageResourcesTaskProducer"]), Task(forTarget: <none>, ruleInfo: ["Gate", "target-TargetB-T-TargetB-44533--AppIntentsMetadataTaskProducer"]), Task(forTarget: TargetA, ruleInfo: ["WriteAuxiliaryFile", "/private/var/folders/xr/m5_5rlsd6l9fk2w4ngj13k6m0000gn/T/swbuild.tmp.I9GXyx3j/Data.noindex/Test/aProject/build/aProject.build/Debug/TargetA.build/TargetA-all-target-headers.hmap"]), Task(forTarget: TargetB, ruleInfo: ["MkDir", "/private/var/folders/xr/m5_5rlsd6l9fk2w4ngj13k6m0000gn/T/swbuild.tmp.I9GXyx3j/Data.noindex/Test/aProject/build/Debug/TargetB.framework/Versions/A"]), Task(forTarget: <none>, ruleInfo: ["Gate", "target-TargetB-T-TargetB-44533--CustomTaskProducer"]), Task(forTarget: TargetB, ruleInfo: ["WriteAuxiliaryFile", "/private/var/folders/xr/m5_5rlsd6l9fk2w4ngj13k6m0000gn/T/swbuild.tmp.I9GXyx3j/Data.noindex/Test/aProject/build/aProject.build/Debug/TargetB.build/Objects-normal/arm64/TargetB.SwiftFileList"]), Task(forTarget: TargetB, ruleInfo: ["WriteAuxiliaryFile", "/private/var/folders/xr/m5_5rlsd6l9fk2w4ngj13k6m0000gn/T/swbuild.tmp.I9GXyx3j/Data.noindex/Test/aProject/build/aProject.build/Debug/TargetB.build/Objects-normal/arm64/TargetB-OutputFileMap.json"]), Task(forTarget: TargetA, ruleInfo: ["MkDir", "/private/var/folders/xr/m5_5rlsd6l9fk2w4ngj13k6m0000gn/T/swbuild.tmp.I9GXyx3j/Data.noindex/Test/aProject/build/Debug/TargetA.framework/Versions/A/Headers"]), Task(forTarget: <none>, ruleInfo: ["Gate", "target-TargetB-T-TargetB-44533--StubBinaryTaskProducer"]), Task(forTarget: <none>, ruleInfo: ["Gate", "target-TargetB-T-TargetB-44533--DocumentationTaskProducer"]), Task(forTarget: TargetA, ruleInfo: ["SwiftDriver", "TargetA", "normal", "arm64", "com.apple.xcode.tools.swift.compiler"]), Task(forTarget: <none>, ruleInfo: ["Gate", "target-TargetB-T-TargetB-44533--GenerateAppPlaygroundAssetCatalogTaskProducer"]), Task(forTarget: <none>, ruleInfo: ["Gate", "target-TargetA-T-TargetA-44525--Barrier-CodeSign"]), Task(forTarget: <none>, ruleInfo: ["Gate", "target-TargetA-T-TargetA-44525--AppExtensionInfoPlistGeneratorTaskProducer"]), Task(forTarget: TargetB, ruleInfo: ["Gate", "target-TargetB-T-TargetB-44533--entry"]), Task(forTarget: TargetB, ruleInfo: ["Gate", "target-TargetB-T-TargetB-44533--will-sign"]), Task(forTarget: <none>, ruleInfo: ["Gate", "target-TargetB-T-TargetB-44533--Barrier-CopyAside"]), Task(forTarget: <none>, ruleInfo: ["Gate", "target-TargetA-T-TargetA-44525--ProductStructureTaskProducer"]), Task(forTarget: TargetA, ruleInfo: ["Gate", "target-TargetA-T-TargetA-44525--begin-linking"]), Task(forTarget: TargetB, ruleInfo: ["Copy", "/private/var/folders/xr/m5_5rlsd6l9fk2w4ngj13k6m0000gn/T/swbuild.tmp.I9GXyx3j/Data.noindex/Test/aProject/build/Debug/TargetB.framework/Versions/A/Modules/TargetB.swiftmodule/arm64-apple-macos.swiftdoc", "/private/var/folders/xr/m5_5rlsd6l9fk2w4ngj13k6m0000gn/T/swbuild.tmp.I9GXyx3j/Data.noindex/Test/aProject/build/aProject.build/Debug/TargetB.build/Objects-normal/arm64/TargetB.swiftdoc"]), Task(forTarget: TargetB, ruleInfo: ["Copy", "/private/var/folders/xr/m5_5rlsd6l9fk2w4ngj13k6m0000gn/T/swbuild.tmp.I9GXyx3j/Data.noindex/Test/aProject/build/Debug/TargetB.framework/Versions/A/Modules/TargetB.swiftmodule/arm64-apple-macos.swiftmodule", "/private/var/folders/xr/m5_5rlsd6l9fk2w4ngj13k6m0000gn/T/swbuild.tmp.I9GXyx3j/Data.noindex/Test/aProject/build/aProject.build/Debug/TargetB.build/Objects-normal/arm64/TargetB.swiftmodule"]), Task(forTarget: TargetB, ruleInfo: ["SymLink", "/private/var/folders/xr/m5_5rlsd6l9fk2w4ngj13k6m0000gn/T/swbuild.tmp.I9GXyx3j/Data.noindex/Test/aProject/build/EagerLinkingTBDs/Debug/TargetB.framework/TargetB.tbd", "/private/var/folders/xr/m5_5rlsd6l9fk2w4ngj13k6m0000gn/T/swbuild.tmp.I9GXyx3j/Data.noindex/Test/aProject/build/EagerLinkingTBDs/Debug/TargetB.framework/Versions/A/TargetB.tbd"]), Task(forTarget: TargetA, ruleInfo: ["SwiftMergeGeneratedHeaders", "/private/var/folders/xr/m5_5rlsd6l9fk2w4ngj13k6m0000gn/T/swbuild.tmp.I9GXyx3j/Data.noindex/Test/aProject/build/Debug/TargetA.framework/Versions/A/Headers/TargetA-Swift.h", "/private/var/folders/xr/m5_5rlsd6l9fk2w4ngj13k6m0000gn/T/swbuild.tmp.I9GXyx3j/Data.noindex/Test/aProject/build/aProject.build/Debug/TargetA.build/Objects-normal/arm64/TargetA-Swift.h"]), Task(forTarget: <none>, ruleInfo: ["SwiftExplicitDependencyCompileModuleFromInterface", "arm64", "/private/var/folders/xr/m5_5rlsd6l9fk2w4ngj13k6m0000gn/T/swbuild.tmp.I9GXyx3j/Data.noindex/Test/aProject/build/SwiftExplicitPrecompiledModules/_Concurrency-CB34E6W1YOX6.swiftmodule"]), Task(forTarget: TargetA, ruleInfo: ["Gate", "target-TargetA-T-TargetA-44525--unsigned-product-ready"]), Task(forTarget: TargetA, ruleInfo: ["Gate", "target-TargetA-T-TargetA-44525--end"]), Task(forTarget: <none>, ruleInfo: ["Gate", "target-TargetA-T-TargetA-44525--ExtensionPointExtractorTaskProducer"]), Task(forTarget: TargetB, ruleInfo: ["Touch", "/private/var/folders/xr/m5_5rlsd6l9fk2w4ngj13k6m0000gn/T/swbuild.tmp.I9GXyx3j/Data.noindex/Test/aProject/build/Debug/TargetB.framework"]), Task(forTarget: TargetB, ruleInfo: ["Gate", "target-TargetB-T-TargetB-44533--linker-inputs-ready"]), Task(forTarget: TargetA, ruleInfo: ["WriteAuxiliaryFile", "/private/var/folders/xr/m5_5rlsd6l9fk2w4ngj13k6m0000gn/T/swbuild.tmp.I9GXyx3j/Data.noindex/Test/aProject/build/aProject.build/Debug/TargetA.build/Objects-normal/arm64/TargetA.SwiftFileList"]), Task(forTarget: TargetB, ruleInfo: ["WriteAuxiliaryFile", "/private/var/folders/xr/m5_5rlsd6l9fk2w4ngj13k6m0000gn/T/swbuild.tmp.I9GXyx3j/Data.noindex/Test/aProject/build/aProject.build/Debug/TargetB.build/TargetB-project-headers.hmap"]), Task(forTarget: <none>, ruleInfo: ["Gate", "target-TargetB-T-TargetB-44533--copy-headers-completion"]), Task(forTarget: <none>, ruleInfo: ["Gate", "target-TargetB-T-TargetB-44533--Barrier-Validate"]), Task(forTarget: TargetB, ruleInfo: ["Copy", "/private/var/folders/xr/m5_5rlsd6l9fk2w4ngj13k6m0000gn/T/swbuild.tmp.I9GXyx3j/Data.noindex/Test/aProject/build/Debug/TargetB.framework/Versions/A/Modules/TargetB.swiftmodule/arm64-apple-macos.abi.json", "/private/var/folders/xr/m5_5rlsd6l9fk2w4ngj13k6m0000gn/T/swbuild.tmp.I9GXyx3j/Data.noindex/Test/aProject/build/aProject.build/Debug/TargetB.build/Objects-normal/arm64/TargetB.abi.json"]), Task(forTarget: TargetA, ruleInfo: ["WriteAuxiliaryFile", "/private/var/folders/xr/m5_5rlsd6l9fk2w4ngj13k6m0000gn/T/swbuild.tmp.I9GXyx3j/Data.noindex/Test/aProject/build/aProject.build/Debug/TargetA.build/TargetA-own-target-headers.hmap"]), Task(forTarget: TargetB, ruleInfo: ["Gate", "target-TargetB-T-TargetB-44533--begin-scanning"]), Task(forTarget: TargetA, ruleInfo: ["WriteAuxiliaryFile", "/private/var/folders/xr/m5_5rlsd6l9fk2w4ngj13k6m0000gn/T/swbuild.tmp.I9GXyx3j/Data.noindex/Test/aProject/build/aProject.build/Debug/TargetA.build/TargetA.DependencyStaticMetadataFileList"]), Task(forTarget: <none>, ruleInfo: ["Gate", "target-TargetA-T-TargetA-44525--ModuleVerifierTaskProducer"]), Task(forTarget: TargetA, ruleInfo: ["SwiftCompile", "normal", "arm64", "Compiling fileA2.swift", "/private/var/folders/xr/m5_5rlsd6l9fk2w4ngj13k6m0000gn/T/swbuild.tmp.I9GXyx3j/Data.noindex/Test/aProject/Sources/fileA2.swift"]), Task(forTarget: TargetA, ruleInfo: ["Copy", "/private/var/folders/xr/m5_5rlsd6l9fk2w4ngj13k6m0000gn/T/swbuild.tmp.I9GXyx3j/Data.noindex/Test/aProject/build/Debug/TargetA.framework/Versions/A/Modules/TargetA.swiftmodule/arm64-apple-macos.swiftmodule", "/private/var/folders/xr/m5_5rlsd6l9fk2w4ngj13k6m0000gn/T/swbuild.tmp.I9GXyx3j/Data.noindex/Test/aProject/build/aProject.build/Debug/TargetA.build/Objects-normal/arm64/TargetA.swiftmodule"]), Task(forTarget: TargetA, ruleInfo: ["Gate", "target-TargetA-T-TargetA-44525--modules-ready"]), Task(forTarget: TargetB, ruleInfo: ["SwiftCompile", "normal", "arm64", "Compiling fileB1.swift", "/private/var/folders/xr/m5_5rlsd6l9fk2w4ngj13k6m0000gn/T/swbuild.tmp.I9GXyx3j/Data.noindex/Test/aProject/Sources/fileB1.swift"]), Task(forTarget: <none>, ruleInfo: ["Gate", "target-TargetB-T-TargetB-44533--Barrier-CodeSign"]), Task(forTarget: <none>, ruleInfo: ["Gate", "target-TargetB-T-TargetB-44533--generated-headers"]), Task(forTarget: <none>, ruleInfo: ["CreateBuildDirectory", "/private/var/folders/xr/m5_5rlsd6l9fk2w4ngj13k6m0000gn/T/swbuild.tmp.I9GXyx3j/Data.noindex/Test/aProject/build/SwiftExplicitPrecompiledModules"]), Task(forTarget: <none>, ruleInfo: ["Gate", "target-TargetA-T-TargetA-44525--SanitizerTaskProducer"]), Task(forTarget: TargetA, ruleInfo: ["SwiftDriver Compilation Requirements", "TargetA", "normal", "arm64", "com.apple.xcode.tools.swift.compiler"]), Task(forTarget: <none>, ruleInfo: ["CreateBuildDirectory", "/var/folders/xr/m5_5rlsd6l9fk2w4ngj13k6m0000gn/C/com.apple.DeveloperTools/26.4.1-17E202/Xcode/CompilationCache.noindex"]), Task(forTarget: <none>, ruleInfo: ["Gate", "target-TargetA-T-TargetA-44525--AppIntentsMetadataTaskProducer"]), Task(forTarget: TargetB, ruleInfo: ["SymLink", "/private/var/folders/xr/m5_5rlsd6l9fk2w4ngj13k6m0000gn/T/swbuild.tmp.I9GXyx3j/Data.noindex/Test/aProject/build/Debug/TargetB.framework/Versions/Current", "A"]), Task(forTarget: TargetA, ruleInfo: ["Copy", "/private/var/folders/xr/m5_5rlsd6l9fk2w4ngj13k6m0000gn/T/swbuild.tmp.I9GXyx3j/Data.noindex/Test/aProject/build/Debug/TargetA.framework/Versions/A/Modules/TargetA.swiftmodule/arm64-apple-macos.swiftdoc", "/private/var/folders/xr/m5_5rlsd6l9fk2w4ngj13k6m0000gn/T/swbuild.tmp.I9GXyx3j/Data.noindex/Test/aProject/build/aProject.build/Debug/TargetA.build/Objects-normal/arm64/TargetA.swiftdoc"]), Task(forTarget: TargetA, ruleInfo: ["RegisterExecutionPolicyException", "/private/var/folders/xr/m5_5rlsd6l9fk2w4ngj13k6m0000gn/T/swbuild.tmp.I9GXyx3j/Data.noindex/Test/aProject/build/Debug/TargetA.framework"]), Task(forTarget: <none>, ruleInfo: ["Gate", "target-TargetA-T-TargetA-44525--SwiftPackageCopyFilesTaskProducer"]), Task(forTarget: TargetA, ruleInfo: ["Copy", "/private/var/folders/xr/m5_5rlsd6l9fk2w4ngj13k6m0000gn/T/swbuild.tmp.I9GXyx3j/Data.noindex/Test/aProject/build/Debug/TargetA.framework/Versions/A/Modules/TargetA.swiftmodule/arm64-apple-macos.abi.json", "/private/var/folders/xr/m5_5rlsd6l9fk2w4ngj13k6m0000gn/T/swbuild.tmp.I9GXyx3j/Data.noindex/Test/aProject/build/aProject.build/Debug/TargetA.build/Objects-normal/arm64/TargetA.abi.json"]), Task(forTarget: TargetB, ruleInfo: ["SwiftEmitModule", "normal", "arm64", "Emitting module for TargetB"]), Task(forTarget: TargetA, ruleInfo: ["Touch", "/private/var/folders/xr/m5_5rlsd6l9fk2w4ngj13k6m0000gn/T/swbuild.tmp.I9GXyx3j/Data.noindex/Test/aProject/build/Debug/TargetA.framework"]), Task(forTarget: TargetA, ruleInfo: ["Gate", "target-TargetA-T-TargetA-44525--linker-inputs-ready"]), Task(forTarget: <none>, ruleInfo: ["Gate", "target-TargetB-T-TargetB-44533--ProductStructureTaskProducer"]), Task(forTarget: TargetB, ruleInfo: ["SwiftDriver Compilation", "TargetB", "normal", "arm64", "com.apple.xcode.tools.swift.compiler"]), Task(forTarget: <none>, ruleInfo: ["Gate", "target-TargetB-T-TargetB-44533--Barrier-RegisterExecutionPolicyException"]), Task(forTarget: TargetA, ruleInfo: ["WriteAuxiliaryFile", "/private/var/folders/xr/m5_5rlsd6l9fk2w4ngj13k6m0000gn/T/swbuild.tmp.I9GXyx3j/Data.noindex/Test/aProject/build/aProject.build/Debug/TargetA.build/Objects-normal/arm64/TargetA-OutputFileMap.json"]), Task(forTarget: <none>, ruleInfo: ["Gate", "target-TargetA-T-TargetA-44525--HeadermapTaskProducer"]), Task(forTarget: TargetB, ruleInfo: ["WriteAuxiliaryFile", "/private/var/folders/xr/m5_5rlsd6l9fk2w4ngj13k6m0000gn/T/swbuild.tmp.I9GXyx3j/Data.noindex/Test/aProject/build/aProject.build/Debug/TargetB.build/TargetB.DependencyStaticMetadataFileList"]), Task(forTarget: TargetA, ruleInfo: ["Gate", "target-TargetA-T-TargetA-44525--begin-compiling"]), Task(forTarget: <none>, ruleInfo: ["Gate", "target-TargetA-T-TargetA-44525--GeneratedFilesTaskProducer"]), Task(forTarget: <none>, ruleInfo: ["Gate", "target-TargetA-T-TargetA-44525--DocumentationTaskProducer"]), Task(forTarget: <none>, ruleInfo: ["Gate", "target-TargetB-T-TargetB-44533--InfoPlistTaskProducer"]), Task(forTarget: <none>, ruleInfo: ["Gate", "target-TargetA-T-TargetA-44525--SwiftFrameworkABICheckerTaskProducer"]), Task(forTarget: TargetB, ruleInfo: ["Gate", "target-TargetB-T-TargetB-44533--end"]), Task(forTarget: TargetA, ruleInfo: ["MkDir", "/private/var/folders/xr/m5_5rlsd6l9fk2w4ngj13k6m0000gn/T/swbuild.tmp.I9GXyx3j/Data.noindex/Test/aProject/build/Debug/TargetA.framework/Versions/A"]), Task(forTarget: <none>, ruleInfo: ["Gate", "target-TargetB-T-TargetB-44533--fused-phase0-compile-sources&link-binary"]), Task(forTarget: <none>, ruleInfo: ["Gate", "target-TargetB-T-TargetB-44533--SwiftStandardLibrariesTaskProducer"]), Task(forTarget: <none>, ruleInfo: ["Gate", "target-TargetB-T-TargetB-44533--SwiftABIBaselineGenerationTaskProducer"]), Task(forTarget: <none>, ruleInfo: ["Gate", "target-TargetA-T-TargetA-44525--TestTargetPostprocessingTaskProducer"]), Task(forTarget: <none>, ruleInfo: ["Gate", "target-TargetA-T-TargetA-44525--ProductPostprocessingTaskProducer"]), Task(forTarget: <none>, ruleInfo: ["Gate", "target-TargetB-T-TargetB-44533--RealityAssetsTaskProducer"]), Task(forTarget: TargetA, ruleInfo: ["Copy", "/private/var/folders/xr/m5_5rlsd6l9fk2w4ngj13k6m0000gn/T/swbuild.tmp.I9GXyx3j/Data.noindex/Test/aProject/build/Debug/TargetA.framework/Versions/A/Modules/TargetA.swiftmodule/Project/arm64-apple-macos.swiftsourceinfo", "/private/var/folders/xr/m5_5rlsd6l9fk2w4ngj13k6m0000gn/T/swbuild.tmp.I9GXyx3j/Data.noindex/Test/aProject/build/aProject.build/Debug/TargetA.build/Objects-normal/arm64/TargetA.swiftsourceinfo"]), Task(forTarget: TargetB, ruleInfo: ["Copy", "/private/var/folders/xr/m5_5rlsd6l9fk2w4ngj13k6m0000gn/T/swbuild.tmp.I9GXyx3j/Data.noindex/Test/aProject/build/Debug/TargetB.framework/Versions/A/Modules/TargetB.swiftmodule/Project/arm64-apple-macos.swiftsourceinfo", "/private/var/folders/xr/m5_5rlsd6l9fk2w4ngj13k6m0000gn/T/swbuild.tmp.I9GXyx3j/Data.noindex/Test/aProject/build/aProject.build/Debug/TargetB.build/Objects-normal/arm64/TargetB.swiftsourceinfo"]), Task(forTarget: TargetB, ruleInfo: ["WriteAuxiliaryFile", "/private/var/folders/xr/m5_5rlsd6l9fk2w4ngj13k6m0000gn/T/swbuild.tmp.I9GXyx3j/Data.noindex/Test/aProject/build/aProject.build/Debug/TargetB.build/TargetB-all-non-framework-target-headers.hmap"]), Task(forTarget: <none>, ruleInfo: ["Gate", "target-TargetB-T-TargetB-44533--Barrier-GenerateStubAPI"]), Task(forTarget: TargetB, ruleInfo: ["RegisterExecutionPolicyException", "/private/var/folders/xr/m5_5rlsd6l9fk2w4ngj13k6m0000gn/T/swbuild.tmp.I9GXyx3j/Data.noindex/Test/aProject/build/Debug/TargetB.framework"]), Task(forTarget: TargetA, ruleInfo: ["SwiftEmitModule", "normal", "arm64", "Emitting module for TargetA"]), Task(forTarget: <none>, ruleInfo: ["SwiftExplicitDependencyCompileModuleFromInterface", "arm64", "/private/var/folders/xr/m5_5rlsd6l9fk2w4ngj13k6m0000gn/T/swbuild.tmp.I9GXyx3j/Data.noindex/Test/aProject/build/SwiftExplicitPrecompiledModules/_StringProcessing-1O0ZQ2K74RYD5.swiftmodule"]), Task(forTarget: TargetB, ruleInfo: ["Gate", "target-TargetB-T-TargetB-44533--begin-linking"]), Task(forTarget: TargetB, ruleInfo: ["Gate", "target-TargetB-T-TargetB-44533--unsigned-product-ready"]), Task(forTarget: TargetB, ruleInfo: ["MkDir", "/private/var/folders/xr/m5_5rlsd6l9fk2w4ngj13k6m0000gn/T/swbuild.tmp.I9GXyx3j/Data.noindex/Test/aProject/build/Debug/TargetB.framework"]), Task(forTarget: <none>, ruleInfo: ["Gate", "target-TargetB-T-TargetB-44533--ExtensionPointExtractorTaskProducer"]), Task(forTarget: TargetA, ruleInfo: ["WriteAuxiliaryFile", "/private/var/folders/xr/m5_5rlsd6l9fk2w4ngj13k6m0000gn/T/swbuild.tmp.I9GXyx3j/Data.noindex/Test/aProject/build/aProject.build/Debug/TargetA.build/Objects-normal/arm64/TargetA_const_extract_protocols.json"]), Task(forTarget: <none>, ruleInfo: ["Gate", "target-TargetA-T-TargetA-44525--CustomTaskProducer"]), Task(forTarget: <none>, ruleInfo: ["ClangStatCache", "/Applications/Xcode17E.app/Contents/Developer/Toolchains/XcodeDefault.xctoolchain/usr/bin/clang-stat-cache", "/Applications/Xcode17E.app/Contents/Developer/Platforms/MacOSX.platform/Developer/SDKs/MacOSX26.4.sdk", "/private/var/folders/xr/m5_5rlsd6l9fk2w4ngj13k6m0000gn/T/swbuild.tmp.I9GXyx3j/Data.noindex/Test/SDKStatCaches.noindex/macosx26.4-25E260-95aa6cf8f3effd57bda17e0c125410c0.sdkstatcache"]), Task(forTarget: <none>, ruleInfo: ["Gate", "target-TargetB-T-TargetB-44533--TestEntryPointTaskProducerFactory"]), Task(forTarget: TargetA, ruleInfo: ["Gate", "target-TargetA-T-TargetA-44525--immediate"]), Task(forTarget: <none>, ruleInfo: ["CreateBuildDirectory", "/private/var/folders/xr/m5_5rlsd6l9fk2w4ngj13k6m0000gn/T/swbuild.tmp.I9GXyx3j/Data.noindex/Test/aProject/build/Debug"]), Task(forTarget: TargetA, ruleInfo: ["Gate", "target-TargetA-T-TargetA-44525--entry"]), Task(forTarget: <none>, ruleInfo: ["Gate", "target-TargetA-T-TargetA-44525--SwiftStandardLibrariesTaskProducer"]), Task(forTarget: <none>, ruleInfo: ["Gate", "target-TargetA-T-TargetA-44525--TestEntryPointTaskProducerFactory"]), Task(forTarget: TargetA, ruleInfo: ["WriteAuxiliaryFile", "/private/var/folders/xr/m5_5rlsd6l9fk2w4ngj13k6m0000gn/T/swbuild.tmp.I9GXyx3j/Data.noindex/Test/aProject/build/aProject.build/Debug/TargetA.build/TargetA-project-headers.hmap"]), Task(forTarget: <none>, ruleInfo: ["Gate", "target-TargetA-T-TargetA-44525--Barrier-GenerateStubAPI"]), Task(forTarget: TargetA, ruleInfo: ["MkDir", "/private/var/folders/xr/m5_5rlsd6l9fk2w4ngj13k6m0000gn/T/swbuild.tmp.I9GXyx3j/Data.noindex/Test/aProject/build/Debug/TargetA.framework"]), Task(forTarget: TargetB, ruleInfo: ["WriteAuxiliaryFile", "/private/var/folders/xr/m5_5rlsd6l9fk2w4ngj13k6m0000gn/T/swbuild.tmp.I9GXyx3j/Data.noindex/Test/aProject/build/aProject.build/Debug/TargetB.build/TargetB-generated-files.hmap"]), Task(forTarget: TargetB, ruleInfo: ["WriteAuxiliaryFile", "/private/var/folders/xr/m5_5rlsd6l9fk2w4ngj13k6m0000gn/T/swbuild.tmp.I9GXyx3j/Data.noindex/Test/aProject/build/aProject.build/Debug/TargetB.build/Objects-normal/arm64/TargetB_const_extract_protocols.json"]), Task(forTarget: TargetB, ruleInfo: ["MkDir", "/private/var/folders/xr/m5_5rlsd6l9fk2w4ngj13k6m0000gn/T/swbuild.tmp.I9GXyx3j/Data.noindex/Test/aProject/build/Debug/TargetB.framework/Versions"]), Task(forTarget: <none>, ruleInfo: ["Gate", "target-TargetA-T-TargetA-44525--CopySwiftPackageResourcesTaskProducer"]), Task(forTarget: <none>, ruleInfo: ["Gate", "target-TargetA-T-TargetA-44525--Barrier-ChangeAlternatePermissions"]), Task(forTarget: TargetA, ruleInfo: ["SymLink", "/private/var/folders/xr/m5_5rlsd6l9fk2w4ngj13k6m0000gn/T/swbuild.tmp.I9GXyx3j/Data.noindex/Test/aProject/build/EagerLinkingTBDs/Debug/TargetA.framework/TargetA.tbd", "/private/var/folders/xr/m5_5rlsd6l9fk2w4ngj13k6m0000gn/T/swbuild.tmp.I9GXyx3j/Data.noindex/Test/aProject/build/EagerLinkingTBDs/Debug/TargetA.framework/Versions/A/TargetA.tbd"]), Task(forTarget: <none>, ruleInfo: ["Gate", "target-TargetA-T-TargetA-44525--Barrier-RegisterExecutionPolicyException"]), Task(forTarget: <none>, ruleInfo: ["Gate", "target-TargetB-T-TargetB-44533--SwiftPackageCopyFilesTaskProducer"]), Task(forTarget: TargetA, ruleInfo: ["SwiftCompile", "normal", "arm64", "Compiling fileA1.swift", "/private/var/folders/xr/m5_5rlsd6l9fk2w4ngj13k6m0000gn/T/swbuild.tmp.I9GXyx3j/Data.noindex/Test/aProject/Sources/fileA1.swift"]), Task(forTarget: <none>, ruleInfo: ["Gate", "target-TargetB-T-TargetB-44533--Barrier-StripSymbols"]), Task(forTarget: TargetA, ruleInfo: ["WriteAuxiliaryFile", "/private/var/folders/xr/m5_5rlsd6l9fk2w4ngj13k6m0000gn/T/swbuild.tmp.I9GXyx3j/Data.noindex/Test/aProject/build/aProject.build/Debug/TargetA.build/TargetA-all-non-framework-target-headers.hmap"]), Task(forTarget: <none>, ruleInfo: ["Gate", "target-TargetB-T-TargetB-44533--SanitizerTaskProducer"]), Task(forTarget: <none>, ruleInfo: ["Gate", "target-TargetB-T-TargetB-44533--swift-generated-headers"]), Task(forTarget: <none>, ruleInfo: ["Gate", "target-TargetB-T-TargetB-44533--Barrier-RegisterProduct"]), Task(forTarget: <none>, ruleInfo: ["Gate", "target-TargetB-T-TargetB-44533--GeneratedFilesTaskProducer"]), Task(forTarget: <none>, ruleInfo: ["Gate", "target-TargetA-T-TargetA-44525--Barrier-StripSymbols"]), Task(forTarget: TargetB, ruleInfo: ["GenerateTAPI", "/private/var/folders/xr/m5_5rlsd6l9fk2w4ngj13k6m0000gn/T/swbuild.tmp.I9GXyx3j/Data.noindex/Test/aProject/build/EagerLinkingTBDs/Debug/TargetB.framework/Versions/A/TargetB.tbd"]), Task(forTarget: <none>, ruleInfo: ["Gate", "target-TargetA-T-TargetA-44525--GenerateAppPlaygroundAssetCatalogTaskProducer"]), Task(forTarget: <none>, ruleInfo: ["Gate", "target-TargetA-T-TargetA-44525--Barrier-ChangePermissions"]), Task(forTarget: TargetA, ruleInfo: ["WriteAuxiliaryFile", "/private/var/folders/xr/m5_5rlsd6l9fk2w4ngj13k6m0000gn/T/swbuild.tmp.I9GXyx3j/Data.noindex/Test/aProject/build/aProject.build/Debug/TargetA.build/Objects-normal/arm64/TargetA.SwiftConstValuesFileList"]), Task(forTarget: TargetA, ruleInfo: ["MkDir", "/private/var/folders/xr/m5_5rlsd6l9fk2w4ngj13k6m0000gn/T/swbuild.tmp.I9GXyx3j/Data.noindex/Test/aProject/build/Debug/TargetA.framework/Versions"]), Task(forTarget: <none>, ruleInfo: ["Gate", "target-TargetA-T-TargetA-44525--StubBinaryTaskProducer"]), Task(forTarget: <none>, ruleInfo: ["Gate", "target-TargetB-T-TargetB-44533--ProductPostprocessingTaskProducer"]), Task(forTarget: TargetA, ruleInfo: ["WriteAuxiliaryFile", "/private/var/folders/xr/m5_5rlsd6l9fk2w4ngj13k6m0000gn/T/swbuild.tmp.I9GXyx3j/Data.noindex/Test/aProject/build/aProject.build/Debug/TargetA.build/Objects-normal/arm64/TargetA.LinkFileList"]), Task(forTarget: <none>, ruleInfo: ["Gate", "target-TargetA-T-TargetA-44525--ModuleMapTaskProducer"]), Task(forTarget: TargetA, ruleInfo: ["ExtractAppIntentsMetadata"]), Task(forTarget: TargetB, ruleInfo: ["WriteAuxiliaryFile", "/private/var/folders/xr/m5_5rlsd6l9fk2w4ngj13k6m0000gn/T/swbuild.tmp.I9GXyx3j/Data.noindex/Test/aProject/build/aProject.build/Debug/TargetB.build/TargetB.hmap"]), Task(forTarget: TargetA, ruleInfo: ["SymLink", "/private/var/folders/xr/m5_5rlsd6l9fk2w4ngj13k6m0000gn/T/swbuild.tmp.I9GXyx3j/Data.noindex/Test/aProject/build/Debug/TargetA.framework/TargetA", "Versions/Current/TargetA"]), Task(forTarget: TargetB, ruleInfo: ["MkDir", "/private/var/folders/xr/m5_5rlsd6l9fk2w4ngj13k6m0000gn/T/swbuild.tmp.I9GXyx3j/Data.noindex/Test/aProject/build/Debug/TargetB.framework/Versions/A/Headers"]), Task(forTarget: <none>, ruleInfo: ["CreateBuildDirectory", "/private/var/folders/xr/m5_5rlsd6l9fk2w4ngj13k6m0000gn/T/swbuild.tmp.I9GXyx3j/Data.noindex/Test/aProject/build/ExplicitPrecompiledModules"]), Task(forTarget: <none>, ruleInfo: ["Gate", "target-TargetA-T-TargetA-44525--RealityAssetsTaskProducer"]), Task(forTarget: <none>, ruleInfo: ["Gate", "target-TargetA-T-TargetA-44525--TestHostTaskProducer"]), Task(forTarget: TargetA, ruleInfo: ["Gate", "target-TargetA-T-TargetA-44525--will-sign"]), Task(forTarget: <none>, ruleInfo: ["CreateBuildDirectory", "/private/var/folders/xr/m5_5rlsd6l9fk2w4ngj13k6m0000gn/T/swbuild.tmp.I9GXyx3j/Data.noindex/Test/aProject/build/SharedPrecompiledHeaders"]), Task(forTarget: TargetA, ruleInfo: ["WriteAuxiliaryFile", "/private/var/folders/xr/m5_5rlsd6l9fk2w4ngj13k6m0000gn/T/swbuild.tmp.I9GXyx3j/Data.noindex/Test/aProject/build/aProject.build/Debug/TargetA.build/TargetA.hmap"]), Task(forTarget: TargetA, ruleInfo: ["SymLink", "/private/var/folders/xr/m5_5rlsd6l9fk2w4ngj13k6m0000gn/T/swbuild.tmp.I9GXyx3j/Data.noindex/Test/aProject/build/Debug/TargetA.framework/Modules", "Versions/Current/Modules"]), Task(forTarget: <none>, ruleInfo: ["Gate", "target-TargetA-T-TargetA-44525--copy-headers-completion"]), Task(forTarget: <none>, ruleInfo: ["Gate", "target-TargetA-T-TargetA-44525--fused-phase0-compile-sources"]), Task(forTarget: <none>, ruleInfo: ["Gate", "WorkspaceHeaderMapVFSFilesWritten"]), Task(forTarget: TargetB, ruleInfo: ["SymLink", "/private/var/folders/xr/m5_5rlsd6l9fk2w4ngj13k6m0000gn/T/swbuild.tmp.I9GXyx3j/Data.noindex/Test/aProject/build/Debug/TargetB.framework/Headers", "Versions/Current/Headers"]), Task(forTarget: TargetB, ruleInfo: ["SwiftDriver Compilation Requirements", "TargetB", "normal", "arm64", "com.apple.xcode.tools.swift.compiler"]), Task(forTarget: <none>, ruleInfo: ["Gate", "target-TargetA-T-TargetA-44525--Barrier-RegisterProduct"]), Task(forTarget: TargetB, ruleInfo: ["Gate", "target-TargetB-T-TargetB-44533--modules-ready"]), Task(forTarget: <none>, ruleInfo: ["CreateBuildDirectory", "/private/var/folders/xr/m5_5rlsd6l9fk2w4ngj13k6m0000gn/T/swbuild.tmp.I9GXyx3j/Data.noindex/Test/aProject/build/EagerLinkingTBDs/Debug"]), Task(forTarget: TargetB, ruleInfo: ["WriteAuxiliaryFile", "/private/var/folders/xr/m5_5rlsd6l9fk2w4ngj13k6m0000gn/T/swbuild.tmp.I9GXyx3j/Data.noindex/Test/aProject/build/aProject.build/Debug/TargetB.build/TargetB-all-target-headers.hmap"]), Task(forTarget: <none>, ruleInfo: ["Gate", "target-TargetB-T-TargetB-44533--ModuleVerifierTaskProducer"]), Task(forTarget: TargetA, ruleInfo: ["Gate", "target-TargetA-T-TargetA-44525--begin-scanning"]), Task(forTarget: TargetB, ruleInfo: ["Gate", "target-TargetB-T-TargetB-44533--immediate"]), Task(forTarget: TargetA, ruleInfo: ["GenerateTAPI", "/private/var/folders/xr/m5_5rlsd6l9fk2w4ngj13k6m0000gn/T/swbuild.tmp.I9GXyx3j/Data.noindex/Test/aProject/build/EagerLinkingTBDs/Debug/TargetA.framework/Versions/A/TargetA.tbd"]), Task(forTarget: TargetB, ruleInfo: ["SymLink", "/private/var/folders/xr/m5_5rlsd6l9fk2w4ngj13k6m0000gn/T/swbuild.tmp.I9GXyx3j/Data.noindex/Test/aProject/build/Debug/TargetB.framework/TargetB", "Versions/Current/TargetB"]), Task(forTarget: TargetB, ruleInfo: ["SwiftCompile", "normal", "arm64", "Compiling fileB2.swift", "/private/var/folders/xr/m5_5rlsd6l9fk2w4ngj13k6m0000gn/T/swbuild.tmp.I9GXyx3j/Data.noindex/Test/aProject/Sources/fileB2.swift"])]
↳ Occasionally fails in CI due to SwiftExplicitDependencyCompileModuleFromInterface missing from the dependency graph
━ Test swiftEagerCompilationWithExplicitModules() recorded a known issue at SwiftDriverTests.swift:3578:55: Issue recorded
↳ Task Task(forTarget: TargetA, ruleInfo: ["SwiftCompile", "normal", "arm64", "Compiling fileA1.swift", "/private/var/folders/xr/m5_5rlsd6l9fk2w4ngj13k6m0000gn/T/swbuild.tmp.I9GXyx3j/Data.noindex/Test/aProject/Sources/fileA1.swift"]) does not follow any tasks matching [Rule matches [SWBTestSupport.StringPattern.equal("SwiftExplicitDependencyGeneratePcm"), SWBTestSupport.StringPattern.equal("normal"), SWBTestSupport.StringPattern.equal("arm64"), SWBTestSupport.StringPattern.contains("_SwiftConcurrencyShims-")]]. Found: [] in [Task(forTarget: <none>, ruleInfo: ["Gate", "target-TargetA-T-TargetA-44525--Barrier-CopyAside"]), Task(forTarget: <none>, ruleInfo: ["Gate", "target-TargetA-T-TargetA-44525--InfoPlistTaskProducer"]), Task(forTarget: <none>, ruleInfo: ["Gate", "target-TargetB-T-TargetB-44533--Barrier-ChangeAlternatePermissions"]), Task(forTarget: <none>, ruleInfo: ["Gate", "target-TargetA-T-TargetA-44525--swift-generated-headers"]), Task(forTarget: TargetB, ruleInfo: ["ExtractAppIntentsMetadata"]), Task(forTarget: TargetB, ruleInfo: ["SwiftDriver", "TargetB", "normal", "arm64", "com.apple.xcode.tools.swift.compiler"]), Task(forTarget: TargetB, ruleInfo: ["WriteAuxiliaryFile", "/private/var/folders/xr/m5_5rlsd6l9fk2w4ngj13k6m0000gn/T/swbuild.tmp.I9GXyx3j/Data.noindex/Test/aProject/build/aProject.build/Debug/TargetB.build/TargetB-own-target-headers.hmap"]), Task(forTarget: TargetA, ruleInfo: ["WriteAuxiliaryFile", "/private/var/folders/xr/m5_5rlsd6l9fk2w4ngj13k6m0000gn/T/swbuild.tmp.I9GXyx3j/Data.noindex/Test/aProject/build/aProject.build/Debug/TargetA.build/TargetA-generated-files.hmap"]), Task(forTarget: TargetA, ruleInfo: ["SwiftDriver Compilation", "TargetA", "normal", "arm64", "com.apple.xcode.tools.swift.compiler"]), Task(forTarget: TargetA, ruleInfo: ["Ld", "/private/var/folders/xr/m5_5rlsd6l9fk2w4ngj13k6m0000gn/T/swbuild.tmp.I9GXyx3j/Data.noindex/Test/aProject/build/Debug/TargetA.framework/Versions/A/TargetA", "normal"]), Task(forTarget: <none>, ruleInfo: ["SwiftExplicitDependencyCompileModuleFromInterface", "arm64", "/private/var/folders/xr/m5_5rlsd6l9fk2w4ngj13k6m0000gn/T/swbuild.tmp.I9GXyx3j/Data.noindex/Test/aProject/build/SwiftExplicitPrecompiledModules/Swift-NBB0GQDQYZZH.swiftmodule"]), Task(forTarget: TargetB, ruleInfo: ["SwiftMergeGeneratedHeaders", "/private/var/folders/xr/m5_5rlsd6l9fk2w4ngj13k6m0000gn/T/swbuild.tmp.I9GXyx3j/Data.noindex/Test/aProject/build/Debug/TargetB.framework/Versions/A/Headers/TargetB-Swift.h", "/private/var/folders/xr/m5_5rlsd6l9fk2w4ngj13k6m0000gn/T/swbuild.tmp.I9GXyx3j/Data.noindex/Test/aProject/build/aProject.build/Debug/TargetB.build/Objects-normal/arm64/TargetB-Swift.h"]), Task(forTarget: <none>, ruleInfo: ["Gate", "target-TargetB-T-TargetB-44533--TestHostTaskProducer"]), Task(forTarget: TargetB, ruleInfo: ["WriteAuxiliaryFile", "/private/var/folders/xr/m5_5rlsd6l9fk2w4ngj13k6m0000gn/T/swbuild.tmp.I9GXyx3j/Data.noindex/Test/aProject/build/aProject.build/Debug/TargetB.build/Objects-normal/arm64/TargetB.SwiftConstValuesFileList"]), Task(forTarget: <none>, ruleInfo: ["Gate", "target-TargetB-T-TargetB-44533--ModuleMapTaskProducer"]), Task(forTarget: <none>, ruleInfo: ["Gate", "target-TargetB-T-TargetB-44533--SwiftFrameworkABICheckerTaskProducer"]), Task(forTarget: <none>, ruleInfo: ["Gate", "target-TargetB-T-TargetB-44533--Barrier-ChangePermissions"]), Task(forTarget: TargetB, ruleInfo: ["Gate", "target-TargetB-T-TargetB-44533--begin-compiling"]), Task(forTarget: <none>, ruleInfo: ["Gate", "target-TargetB-T-TargetB-44533--TestTargetTaskProducer"]), Task(forTarget: <none>, ruleInfo: ["Gate", "target-TargetB-T-TargetB-44533--TAPISymbolExtractorTaskProducer"]), Task(forTarget: <none>, ruleInfo: ["Gate", "target-TargetB-T-TargetB-44533--HeadermapTaskProducer"]), Task(forTarget: TargetB, ruleInfo: ["Ld", "/private/var/folders/xr/m5_5rlsd6l9fk2w4ngj13k6m0000gn/T/swbuild.tmp.I9GXyx3j/Data.noindex/Test/aProject/build/Debug/TargetB.framework/Versions/A/TargetB", "normal"]), Task(forTarget: TargetB, ruleInfo: ["WriteAuxiliaryFile", "/private/var/folders/xr/m5_5rlsd6l9fk2w4ngj13k6m0000gn/T/swbuild.tmp.I9GXyx3j/Data.noindex/Test/aProject/build/aProject.build/Debug/TargetB.build/Objects-normal/arm64/TargetB.LinkFileList"]), Task(forTarget: <none>, ruleInfo: ["Gate", "target-TargetB-T-TargetB-44533--TestTargetPostprocessingTaskProducer"]), Task(forTarget: <none>, ruleInfo: ["SwiftExplicitDependencyGeneratePcm", "arm64", "/private/var/folders/xr/m5_5rlsd6l9fk2w4ngj13k6m0000gn/T/swbuild.tmp.I9GXyx3j/Data.noindex/Test/aProject/build/SwiftExplicitPrecompiledModules/_SwiftConcurrencyShims-AIZW70LS1W2L0PXECXLASUUHS.pcm"]), Task(forTarget: TargetA, ruleInfo: ["SymLink", "/private/var/folders/xr/m5_5rlsd6l9fk2w4ngj13k6m0000gn/T/swbuild.tmp.I9GXyx3j/Data.noindex/Test/aProject/build/Debug/TargetA.framework/Versions/Current", "A"]), Task(forTarget: <none>, ruleInfo: ["CreateBuildDirectory", "/private/var/folders/xr/m5_5rlsd6l9fk2w4ngj13k6m0000gn/T/swbuild.tmp.I9GXyx3j/Data.noindex/Test/aProject/build"]), Task(forTarget: TargetB, ruleInfo: ["WriteAuxiliaryFile", "/private/var/folders/xr/m5_5rlsd6l9fk2w4ngj13k6m0000gn/T/swbuild.tmp.I9GXyx3j/Data.noindex/Test/aProject/build/aProject.build/Debug/TargetB.build/TargetB.DependencyMetadataFileList"]), Task(forTarget: TargetA, ruleInfo: ["WriteAuxiliaryFile", "/private/var/folders/xr/m5_5rlsd6l9fk2w4ngj13k6m0000gn/T/swbuild.tmp.I9GXyx3j/Data.noindex/Test/aProject/build/aProject.build/Debug/TargetA.build/TargetA.DependencyMetadataFileList"]), Task(forTarget: <none>, ruleInfo: ["Gate", "target-TargetB-T-TargetB-44533--AppExtensionInfoPlistGeneratorTaskProducer"]), Task(forTarget: <none>, ruleInfo: ["Gate", "target-TargetA-T-TargetA-44525--SwiftABIBaselineGenerationTaskProducer"]), Task(forTarget: <none>, ruleInfo: ["Gate", "target-TargetA-T-TargetA-44525--Barrier-Validate"]), Task(forTarget: <none>, ruleInfo: ["SwiftExplicitDependencyGeneratePcm", "arm64", "/private/var/folders/xr/m5_5rlsd6l9fk2w4ngj13k6m0000gn/T/swbuild.tmp.I9GXyx3j/Data.noindex/Test/aProject/build/SwiftExplicitPrecompiledModules/SwiftShims-1XRNFTFX3SVGVJQLDAOI208RW.pcm"]), Task(forTarget: TargetA, ruleInfo: ["SymLink", "/private/var/folders/xr/m5_5rlsd6l9fk2w4ngj13k6m0000gn/T/swbuild.tmp.I9GXyx3j/Data.noindex/Test/aProject/build/Debug/TargetA.framework/Headers", "Versions/Current/Headers"]), Task(forTarget: <none>, ruleInfo: ["Gate", "target-TargetA-T-TargetA-44525--generated-headers"]), Task(forTarget: TargetB, ruleInfo: ["SymLink", "/private/var/folders/xr/m5_5rlsd6l9fk2w4ngj13k6m0000gn/T/swbuild.tmp.I9GXyx3j/Data.noindex/Test/aProject/build/Debug/TargetB.framework/Modules", "Versions/Current/Modules"]), Task(forTarget: <none>, ruleInfo: ["WriteAuxiliaryFile", "/private/var/folders/xr/m5_5rlsd6l9fk2w4ngj13k6m0000gn/T/swbuild.tmp.I9GXyx3j/Data.noindex/Test/aProject/build/aProject.build/Debug/aProject-P44536-VFS/all-product-headers.yaml"]), Task(forTarget: <none>, ruleInfo: ["Gate", "target-TargetA-T-TargetA-44525--TAPISymbolExtractorTaskProducer"]), Task(forTarget: <none>, ruleInfo: ["Gate", "target-TargetA-T-TargetA-44525--TestTargetTaskProducer"]), Task(forTarget: <none>, ruleInfo: ["Gate", "target-TargetB-T-TargetB-44533--CopySwiftPackageResourcesTaskProducer"]), Task(forTarget: <none>, ruleInfo: ["Gate", "target-TargetB-T-TargetB-44533--AppIntentsMetadataTaskProducer"]), Task(forTarget: TargetA, ruleInfo: ["WriteAuxiliaryFile", "/private/var/folders/xr/m5_5rlsd6l9fk2w4ngj13k6m0000gn/T/swbuild.tmp.I9GXyx3j/Data.noindex/Test/aProject/build/aProject.build/Debug/TargetA.build/TargetA-all-target-headers.hmap"]), Task(forTarget: TargetB, ruleInfo: ["MkDir", "/private/var/folders/xr/m5_5rlsd6l9fk2w4ngj13k6m0000gn/T/swbuild.tmp.I9GXyx3j/Data.noindex/Test/aProject/build/Debug/TargetB.framework/Versions/A"]), Task(forTarget: <none>, ruleInfo: ["Gate", "target-TargetB-T-TargetB-44533--CustomTaskProducer"]), Task(forTarget: TargetB, ruleInfo: ["WriteAuxiliaryFile", "/private/var/folders/xr/m5_5rlsd6l9fk2w4ngj13k6m0000gn/T/swbuild.tmp.I9GXyx3j/Data.noindex/Test/aProject/build/aProject.build/Debug/TargetB.build/Objects-normal/arm64/TargetB.SwiftFileList"]), Task(forTarget: TargetB, ruleInfo: ["WriteAuxiliaryFile", "/private/var/folders/xr/m5_5rlsd6l9fk2w4ngj13k6m0000gn/T/swbuild.tmp.I9GXyx3j/Data.noindex/Test/aProject/build/aProject.build/Debug/TargetB.build/Objects-normal/arm64/TargetB-OutputFileMap.json"]), Task(forTarget: TargetA, ruleInfo: ["MkDir", "/private/var/folders/xr/m5_5rlsd6l9fk2w4ngj13k6m0000gn/T/swbuild.tmp.I9GXyx3j/Data.noindex/Test/aProject/build/Debug/TargetA.framework/Versions/A/Headers"]), Task(forTarget: <none>, ruleInfo: ["Gate", "target-TargetB-T-TargetB-44533--StubBinaryTaskProducer"]), Task(forTarget: <none>, ruleInfo: ["Gate", "target-TargetB-T-TargetB-44533--DocumentationTaskProducer"]), Task(forTarget: TargetA, ruleInfo: ["SwiftDriver", "TargetA", "normal", "arm64", "com.apple.xcode.tools.swift.compiler"]), Task(forTarget: <none>, ruleInfo: ["Gate", "target-TargetB-T-TargetB-44533--GenerateAppPlaygroundAssetCatalogTaskProducer"]), Task(forTarget: <none>, ruleInfo: ["Gate", "target-TargetA-T-TargetA-44525--Barrier-CodeSign"]), Task(forTarget: <none>, ruleInfo: ["Gate", "target-TargetA-T-TargetA-44525--AppExtensionInfoPlistGeneratorTaskProducer"]), Task(forTarget: TargetB, ruleInfo: ["Gate", "target-TargetB-T-TargetB-44533--entry"]), Task(forTarget: TargetB, ruleInfo: ["Gate", "target-TargetB-T-TargetB-44533--will-sign"]), Task(forTarget: <none>, ruleInfo: ["Gate", "target-TargetB-T-TargetB-44533--Barrier-CopyAside"]), Task(forTarget: <none>, ruleInfo: ["Gate", "target-TargetA-T-TargetA-44525--ProductStructureTaskProducer"]), Task(forTarget: TargetA, ruleInfo: ["Gate", "target-TargetA-T-TargetA-44525--begin-linking"]), Task(forTarget: TargetB, ruleInfo: ["Copy", "/private/var/folders/xr/m5_5rlsd6l9fk2w4ngj13k6m0000gn/T/swbuild.tmp.I9GXyx3j/Data.noindex/Test/aProject/build/Debug/TargetB.framework/Versions/A/Modules/TargetB.swiftmodule/arm64-apple-macos.swiftdoc", "/private/var/folders/xr/m5_5rlsd6l9fk2w4ngj13k6m0000gn/T/swbuild.tmp.I9GXyx3j/Data.noindex/Test/aProject/build/aProject.build/Debug/TargetB.build/Objects-normal/arm64/TargetB.swiftdoc"]), Task(forTarget: TargetB, ruleInfo: ["Copy", "/private/var/folders/xr/m5_5rlsd6l9fk2w4ngj13k6m0000gn/T/swbuild.tmp.I9GXyx3j/Data.noindex/Test/aProject/build/Debug/TargetB.framework/Versions/A/Modules/TargetB.swiftmodule/arm64-apple-macos.swiftmodule", "/private/var/folders/xr/m5_5rlsd6l9fk2w4ngj13k6m0000gn/T/swbuild.tmp.I9GXyx3j/Data.noindex/Test/aProject/build/aProject.build/Debug/TargetB.build/Objects-normal/arm64/TargetB.swiftmodule"]), Task(forTarget: TargetB, ruleInfo: ["SymLink", "/private/var/folders/xr/m5_5rlsd6l9fk2w4ngj13k6m0000gn/T/swbuild.tmp.I9GXyx3j/Data.noindex/Test/aProject/build/EagerLinkingTBDs/Debug/TargetB.framework/TargetB.tbd", "/private/var/folders/xr/m5_5rlsd6l9fk2w4ngj13k6m0000gn/T/swbuild.tmp.I9GXyx3j/Data.noindex/Test/aProject/build/EagerLinkingTBDs/Debug/TargetB.framework/Versions/A/TargetB.tbd"]), Task(forTarget: TargetA, ruleInfo: ["SwiftMergeGeneratedHeaders", "/private/var/folders/xr/m5_5rlsd6l9fk2w4ngj13k6m0000gn/T/swbuild.tmp.I9GXyx3j/Data.noindex/Test/aProject/build/Debug/TargetA.framework/Versions/A/Headers/TargetA-Swift.h", "/private/var/folders/xr/m5_5rlsd6l9fk2w4ngj13k6m0000gn/T/swbuild.tmp.I9GXyx3j/Data.noindex/Test/aProject/build/aProject.build/Debug/TargetA.build/Objects-normal/arm64/TargetA-Swift.h"]), Task(forTarget: <none>, ruleInfo: ["SwiftExplicitDependencyCompileModuleFromInterface", "arm64", "/private/var/folders/xr/m5_5rlsd6l9fk2w4ngj13k6m0000gn/T/swbuild.tmp.I9GXyx3j/Data.noindex/Test/aProject/build/SwiftExplicitPrecompiledModules/_Concurrency-CB34E6W1YOX6.swiftmodule"]), Task(forTarget: TargetA, ruleInfo: ["Gate", "target-TargetA-T-TargetA-44525--unsigned-product-ready"]), Task(forTarget: TargetA, ruleInfo: ["Gate", "target-TargetA-T-TargetA-44525--end"]), Task(forTarget: <none>, ruleInfo: ["Gate", "target-TargetA-T-TargetA-44525--ExtensionPointExtractorTaskProducer"]), Task(forTarget: TargetB, ruleInfo: ["Touch", "/private/var/folders/xr/m5_5rlsd6l9fk2w4ngj13k6m0000gn/T/swbuild.tmp.I9GXyx3j/Data.noindex/Test/aProject/build/Debug/TargetB.framework"]), Task(forTarget: TargetB, ruleInfo: ["Gate", "target-TargetB-T-TargetB-44533--linker-inputs-ready"]), Task(forTarget: TargetA, ruleInfo: ["WriteAuxiliaryFile", "/private/var/folders/xr/m5_5rlsd6l9fk2w4ngj13k6m0000gn/T/swbuild.tmp.I9GXyx3j/Data.noindex/Test/aProject/build/aProject.build/Debug/TargetA.build/Objects-normal/arm64/TargetA.SwiftFileList"]), Task(forTarget: TargetB, ruleInfo: ["WriteAuxiliaryFile", "/private/var/folders/xr/m5_5rlsd6l9fk2w4ngj13k6m0000gn/T/swbuild.tmp.I9GXyx3j/Data.noindex/Test/aProject/build/aProject.build/Debug/TargetB.build/TargetB-project-headers.hmap"]), Task(forTarget: <none>, ruleInfo: ["Gate", "target-TargetB-T-TargetB-44533--copy-headers-completion"]), Task(forTarget: <none>, ruleInfo: ["Gate", "target-TargetB-T-TargetB-44533--Barrier-Validate"]), Task(forTarget: TargetB, ruleInfo: ["Copy", "/private/var/folders/xr/m5_5rlsd6l9fk2w4ngj13k6m0000gn/T/swbuild.tmp.I9GXyx3j/Data.noindex/Test/aProject/build/Debug/TargetB.framework/Versions/A/Modules/TargetB.swiftmodule/arm64-apple-macos.abi.json", "/private/var/folders/xr/m5_5rlsd6l9fk2w4ngj13k6m0000gn/T/swbuild.tmp.I9GXyx3j/Data.noindex/Test/aProject/build/aProject.build/Debug/TargetB.build/Objects-normal/arm64/TargetB.abi.json"]), Task(forTarget: TargetA, ruleInfo: ["WriteAuxiliaryFile", "/private/var/folders/xr/m5_5rlsd6l9fk2w4ngj13k6m0000gn/T/swbuild.tmp.I9GXyx3j/Data.noindex/Test/aProject/build/aProject.build/Debug/TargetA.build/TargetA-own-target-headers.hmap"]), Task(forTarget: TargetB, ruleInfo: ["Gate", "target-TargetB-T-TargetB-44533--begin-scanning"]), Task(forTarget: TargetA, ruleInfo: ["WriteAuxiliaryFile", "/private/var/folders/xr/m5_5rlsd6l9fk2w4ngj13k6m0000gn/T/swbuild.tmp.I9GXyx3j/Data.noindex/Test/aProject/build/aProject.build/Debug/TargetA.build/TargetA.DependencyStaticMetadataFileList"]), Task(forTarget: <none>, ruleInfo: ["Gate", "target-TargetA-T-TargetA-44525--ModuleVerifierTaskProducer"]), Task(forTarget: TargetA, ruleInfo: ["SwiftCompile", "normal", "arm64", "Compiling fileA2.swift", "/private/var/folders/xr/m5_5rlsd6l9fk2w4ngj13k6m0000gn/T/swbuild.tmp.I9GXyx3j/Data.noindex/Test/aProject/Sources/fileA2.swift"]), Task(forTarget: TargetA, ruleInfo: ["Copy", "/private/var/folders/xr/m5_5rlsd6l9fk2w4ngj13k6m0000gn/T/swbuild.tmp.I9GXyx3j/Data.noindex/Test/aProject/build/Debug/TargetA.framework/Versions/A/Modules/TargetA.swiftmodule/arm64-apple-macos.swiftmodule", "/private/var/folders/xr/m5_5rlsd6l9fk2w4ngj13k6m0000gn/T/swbuild.tmp.I9GXyx3j/Data.noindex/Test/aProject/build/aProject.build/Debug/TargetA.build/Objects-normal/arm64/TargetA.swiftmodule"]), Task(forTarget: TargetA, ruleInfo: ["Gate", "target-TargetA-T-TargetA-44525--modules-ready"]), Task(forTarget: TargetB, ruleInfo: ["SwiftCompile", "normal", "arm64", "Compiling fileB1.swift", "/private/var/folders/xr/m5_5rlsd6l9fk2w4ngj13k6m0000gn/T/swbuild.tmp.I9GXyx3j/Data.noindex/Test/aProject/Sources/fileB1.swift"]), Task(forTarget: <none>, ruleInfo: ["Gate", "target-TargetB-T-TargetB-44533--Barrier-CodeSign"]), Task(forTarget: <none>, ruleInfo: ["Gate", "target-TargetB-T-TargetB-44533--generated-headers"]), Task(forTarget: <none>, ruleInfo: ["CreateBuildDirectory", "/private/var/folders/xr/m5_5rlsd6l9fk2w4ngj13k6m0000gn/T/swbuild.tmp.I9GXyx3j/Data.noindex/Test/aProject/build/SwiftExplicitPrecompiledModules"]), Task(forTarget: <none>, ruleInfo: ["Gate", "target-TargetA-T-TargetA-44525--SanitizerTaskProducer"]), Task(forTarget: TargetA, ruleInfo: ["SwiftDriver Compilation Requirements", "TargetA", "normal", "arm64", "com.apple.xcode.tools.swift.compiler"]), Task(forTarget: <none>, ruleInfo: ["CreateBuildDirectory", "/var/folders/xr/m5_5rlsd6l9fk2w4ngj13k6m0000gn/C/com.apple.DeveloperTools/26.4.1-17E202/Xcode/CompilationCache.noindex"]), Task(forTarget: <none>, ruleInfo: ["Gate", "target-TargetA-T-TargetA-44525--AppIntentsMetadataTaskProducer"]), Task(forTarget: TargetB, ruleInfo: ["SymLink", "/private/var/folders/xr/m5_5rlsd6l9fk2w4ngj13k6m0000gn/T/swbuild.tmp.I9GXyx3j/Data.noindex/Test/aProject/build/Debug/TargetB.framework/Versions/Current", "A"]), Task(forTarget: TargetA, ruleInfo: ["Copy", "/private/var/folders/xr/m5_5rlsd6l9fk2w4ngj13k6m0000gn/T/swbuild.tmp.I9GXyx3j/Data.noindex/Test/aProject/build/Debug/TargetA.framework/Versions/A/Modules/TargetA.swiftmodule/arm64-apple-macos.swiftdoc", "/private/var/folders/xr/m5_5rlsd6l9fk2w4ngj13k6m0000gn/T/swbuild.tmp.I9GXyx3j/Data.noindex/Test/aProject/build/aProject.build/Debug/TargetA.build/Objects-normal/arm64/TargetA.swiftdoc"]), Task(forTarget: TargetA, ruleInfo: ["RegisterExecutionPolicyException", "/private/var/folders/xr/m5_5rlsd6l9fk2w4ngj13k6m0000gn/T/swbuild.tmp.I9GXyx3j/Data.noindex/Test/aProject/build/Debug/TargetA.framework"]), Task(forTarget: <none>, ruleInfo: ["Gate", "target-TargetA-T-TargetA-44525--SwiftPackageCopyFilesTaskProducer"]), Task(forTarget: TargetA, ruleInfo: ["Copy", "/private/var/folders/xr/m5_5rlsd6l9fk2w4ngj13k6m0000gn/T/swbuild.tmp.I9GXyx3j/Data.noindex/Test/aProject/build/Debug/TargetA.framework/Versions/A/Modules/TargetA.swiftmodule/arm64-apple-macos.abi.json", "/private/var/folders/xr/m5_5rlsd6l9fk2w4ngj13k6m0000gn/T/swbuild.tmp.I9GXyx3j/Data.noindex/Test/aProject/build/aProject.build/Debug/TargetA.build/Objects-normal/arm64/TargetA.abi.json"]), Task(forTarget: TargetB, ruleInfo: ["SwiftEmitModule", "normal", "arm64", "Emitting module for TargetB"]), Task(forTarget: TargetA, ruleInfo: ["Touch", "/private/var/folders/xr/m5_5rlsd6l9fk2w4ngj13k6m0000gn/T/swbuild.tmp.I9GXyx3j/Data.noindex/Test/aProject/build/Debug/TargetA.framework"]), Task(forTarget: TargetA, ruleInfo: ["Gate", "target-TargetA-T-TargetA-44525--linker-inputs-ready"]), Task(forTarget: <none>, ruleInfo: ["Gate", "target-TargetB-T-TargetB-44533--ProductStructureTaskProducer"]), Task(forTarget: TargetB, ruleInfo: ["SwiftDriver Compilation", "TargetB", "normal", "arm64", "com.apple.xcode.tools.swift.compiler"]), Task(forTarget: <none>, ruleInfo: ["Gate", "target-TargetB-T-TargetB-44533--Barrier-RegisterExecutionPolicyException"]), Task(forTarget: TargetA, ruleInfo: ["WriteAuxiliaryFile", "/private/var/folders/xr/m5_5rlsd6l9fk2w4ngj13k6m0000gn/T/swbuild.tmp.I9GXyx3j/Data.noindex/Test/aProject/build/aProject.build/Debug/TargetA.build/Objects-normal/arm64/TargetA-OutputFileMap.json"]), Task(forTarget: <none>, ruleInfo: ["Gate", "target-TargetA-T-TargetA-44525--HeadermapTaskProducer"]), Task(forTarget: TargetB, ruleInfo: ["WriteAuxiliaryFile", "/private/var/folders/xr/m5_5rlsd6l9fk2w4ngj13k6m0000gn/T/swbuild.tmp.I9GXyx3j/Data.noindex/Test/aProject/build/aProject.build/Debug/TargetB.build/TargetB.DependencyStaticMetadataFileList"]), Task(forTarget: TargetA, ruleInfo: ["Gate", "target-TargetA-T-TargetA-44525--begin-compiling"]), Task(forTarget: <none>, ruleInfo: ["Gate", "target-TargetA-T-TargetA-44525--GeneratedFilesTaskProducer"]), Task(forTarget: <none>, ruleInfo: ["Gate", "target-TargetA-T-TargetA-44525--DocumentationTaskProducer"]), Task(forTarget: <none>, ruleInfo: ["Gate", "target-TargetB-T-TargetB-44533--InfoPlistTaskProducer"]), Task(forTarget: <none>, ruleInfo: ["Gate", "target-TargetA-T-TargetA-44525--SwiftFrameworkABICheckerTaskProducer"]), Task(forTarget: TargetB, ruleInfo: ["Gate", "target-TargetB-T-TargetB-44533--end"]), Task(forTarget: TargetA, ruleInfo: ["MkDir", "/private/var/folders/xr/m5_5rlsd6l9fk2w4ngj13k6m0000gn/T/swbuild.tmp.I9GXyx3j/Data.noindex/Test/aProject/build/Debug/TargetA.framework/Versions/A"]), Task(forTarget: <none>, ruleInfo: ["Gate", "target-TargetB-T-TargetB-44533--fused-phase0-compile-sources&link-binary"]), Task(forTarget: <none>, ruleInfo: ["Gate", "target-TargetB-T-TargetB-44533--SwiftStandardLibrariesTaskProducer"]), Task(forTarget: <none>, ruleInfo: ["Gate", "target-TargetB-T-TargetB-44533--SwiftABIBaselineGenerationTaskProducer"]), Task(forTarget: <none>, ruleInfo: ["Gate", "target-TargetA-T-TargetA-44525--TestTargetPostprocessingTaskProducer"]), Task(forTarget: <none>, ruleInfo: ["Gate", "target-TargetA-T-TargetA-44525--ProductPostprocessingTaskProducer"]), Task(forTarget: <none>, ruleInfo: ["Gate", "target-TargetB-T-TargetB-44533--RealityAssetsTaskProducer"]), Task(forTarget: TargetA, ruleInfo: ["Copy", "/private/var/folders/xr/m5_5rlsd6l9fk2w4ngj13k6m0000gn/T/swbuild.tmp.I9GXyx3j/Data.noindex/Test/aProject/build/Debug/TargetA.framework/Versions/A/Modules/TargetA.swiftmodule/Project/arm64-apple-macos.swiftsourceinfo", "/private/var/folders/xr/m5_5rlsd6l9fk2w4ngj13k6m0000gn/T/swbuild.tmp.I9GXyx3j/Data.noindex/Test/aProject/build/aProject.build/Debug/TargetA.build/Objects-normal/arm64/TargetA.swiftsourceinfo"]), Task(forTarget: TargetB, ruleInfo: ["Copy", "/private/var/folders/xr/m5_5rlsd6l9fk2w4ngj13k6m0000gn/T/swbuild.tmp.I9GXyx3j/Data.noindex/Test/aProject/build/Debug/TargetB.framework/Versions/A/Modules/TargetB.swiftmodule/Project/arm64-apple-macos.swiftsourceinfo", "/private/var/folders/xr/m5_5rlsd6l9fk2w4ngj13k6m0000gn/T/swbuild.tmp.I9GXyx3j/Data.noindex/Test/aProject/build/aProject.build/Debug/TargetB.build/Objects-normal/arm64/TargetB.swiftsourceinfo"]), Task(forTarget: TargetB, ruleInfo: ["WriteAuxiliaryFile", "/private/var/folders/xr/m5_5rlsd6l9fk2w4ngj13k6m0000gn/T/swbuild.tmp.I9GXyx3j/Data.noindex/Test/aProject/build/aProject.build/Debug/TargetB.build/TargetB-all-non-framework-target-headers.hmap"]), Task(forTarget: <none>, ruleInfo: ["Gate", "target-TargetB-T-TargetB-44533--Barrier-GenerateStubAPI"]), Task(forTarget: TargetB, ruleInfo: ["RegisterExecutionPolicyException", "/private/var/folders/xr/m5_5rlsd6l9fk2w4ngj13k6m0000gn/T/swbuild.tmp.I9GXyx3j/Data.noindex/Test/aProject/build/Debug/TargetB.framework"]), Task(forTarget: TargetA, ruleInfo: ["SwiftEmitModule", "normal", "arm64", "Emitting module for TargetA"]), Task(forTarget: <none>, ruleInfo: ["SwiftExplicitDependencyCompileModuleFromInterface", "arm64", "/private/var/folders/xr/m5_5rlsd6l9fk2w4ngj13k6m0000gn/T/swbuild.tmp.I9GXyx3j/Data.noindex/Test/aProject/build/SwiftExplicitPrecompiledModules/_StringProcessing-1O0ZQ2K74RYD5.swiftmodule"]), Task(forTarget: TargetB, ruleInfo: ["Gate", "target-TargetB-T-TargetB-44533--begin-linking"]), Task(forTarget: TargetB, ruleInfo: ["Gate", "target-TargetB-T-TargetB-44533--unsigned-product-ready"]), Task(forTarget: TargetB, ruleInfo: ["MkDir", "/private/var/folders/xr/m5_5rlsd6l9fk2w4ngj13k6m0000gn/T/swbuild.tmp.I9GXyx3j/Data.noindex/Test/aProject/build/Debug/TargetB.framework"]), Task(forTarget: <none>, ruleInfo: ["Gate", "target-TargetB-T-TargetB-44533--ExtensionPointExtractorTaskProducer"]), Task(forTarget: TargetA, ruleInfo: ["WriteAuxiliaryFile", "/private/var/folders/xr/m5_5rlsd6l9fk2w4ngj13k6m0000gn/T/swbuild.tmp.I9GXyx3j/Data.noindex/Test/aProject/build/aProject.build/Debug/TargetA.build/Objects-normal/arm64/TargetA_const_extract_protocols.json"]), Task(forTarget: <none>, ruleInfo: ["Gate", "target-TargetA-T-TargetA-44525--CustomTaskProducer"]), Task(forTarget: <none>, ruleInfo: ["ClangStatCache", "/Applications/Xcode17E.app/Contents/Developer/Toolchains/XcodeDefault.xctoolchain/usr/bin/clang-stat-cache", "/Applications/Xcode17E.app/Contents/Developer/Platforms/MacOSX.platform/Developer/SDKs/MacOSX26.4.sdk", "/private/var/folders/xr/m5_5rlsd6l9fk2w4ngj13k6m0000gn/T/swbuild.tmp.I9GXyx3j/Data.noindex/Test/SDKStatCaches.noindex/macosx26.4-25E260-95aa6cf8f3effd57bda17e0c125410c0.sdkstatcache"]), Task(forTarget: <none>, ruleInfo: ["Gate", "target-TargetB-T-TargetB-44533--TestEntryPointTaskProducerFactory"]), Task(forTarget: TargetA, ruleInfo: ["Gate", "target-TargetA-T-TargetA-44525--immediate"]), Task(forTarget: <none>, ruleInfo: ["CreateBuildDirectory", "/private/var/folders/xr/m5_5rlsd6l9fk2w4ngj13k6m0000gn/T/swbuild.tmp.I9GXyx3j/Data.noindex/Test/aProject/build/Debug"]), Task(forTarget: TargetA, ruleInfo: ["Gate", "target-TargetA-T-TargetA-44525--entry"]), Task(forTarget: <none>, ruleInfo: ["Gate", "target-TargetA-T-TargetA-44525--SwiftStandardLibrariesTaskProducer"]), Task(forTarget: <none>, ruleInfo: ["Gate", "target-TargetA-T-TargetA-44525--TestEntryPointTaskProducerFactory"]), Task(forTarget: TargetA, ruleInfo: ["WriteAuxiliaryFile", "/private/var/folders/xr/m5_5rlsd6l9fk2w4ngj13k6m0000gn/T/swbuild.tmp.I9GXyx3j/Data.noindex/Test/aProject/build/aProject.build/Debug/TargetA.build/TargetA-project-headers.hmap"]), Task(forTarget: <none>, ruleInfo: ["Gate", "target-TargetA-T-TargetA-44525--Barrier-GenerateStubAPI"]), Task(forTarget: TargetA, ruleInfo: ["MkDir", "/private/var/folders/xr/m5_5rlsd6l9fk2w4ngj13k6m0000gn/T/swbuild.tmp.I9GXyx3j/Data.noindex/Test/aProject/build/Debug/TargetA.framework"]), Task(forTarget: TargetB, ruleInfo: ["WriteAuxiliaryFile", "/private/var/folders/xr/m5_5rlsd6l9fk2w4ngj13k6m0000gn/T/swbuild.tmp.I9GXyx3j/Data.noindex/Test/aProject/build/aProject.build/Debug/TargetB.build/TargetB-generated-files.hmap"]), Task(forTarget: TargetB, ruleInfo: ["WriteAuxiliaryFile", "/private/var/folders/xr/m5_5rlsd6l9fk2w4ngj13k6m0000gn/T/swbuild.tmp.I9GXyx3j/Data.noindex/Test/aProject/build/aProject.build/Debug/TargetB.build/Objects-normal/arm64/TargetB_const_extract_protocols.json"]), Task(forTarget: TargetB, ruleInfo: ["MkDir", "/private/var/folders/xr/m5_5rlsd6l9fk2w4ngj13k6m0000gn/T/swbuild.tmp.I9GXyx3j/Data.noindex/Test/aProject/build/Debug/TargetB.framework/Versions"]), Task(forTarget: <none>, ruleInfo: ["Gate", "target-TargetA-T-TargetA-44525--CopySwiftPackageResourcesTaskProducer"]), Task(forTarget: <none>, ruleInfo: ["Gate", "target-TargetA-T-TargetA-44525--Barrier-ChangeAlternatePermissions"]), Task(forTarget: TargetA, ruleInfo: ["SymLink", "/private/var/folders/xr/m5_5rlsd6l9fk2w4ngj13k6m0000gn/T/swbuild.tmp.I9GXyx3j/Data.noindex/Test/aProject/build/EagerLinkingTBDs/Debug/TargetA.framework/TargetA.tbd", "/private/var/folders/xr/m5_5rlsd6l9fk2w4ngj13k6m0000gn/T/swbuild.tmp.I9GXyx3j/Data.noindex/Test/aProject/build/EagerLinkingTBDs/Debug/TargetA.framework/Versions/A/TargetA.tbd"]), Task(forTarget: <none>, ruleInfo: ["Gate", "target-TargetA-T-TargetA-44525--Barrier-RegisterExecutionPolicyException"]), Task(forTarget: <none>, ruleInfo: ["Gate", "target-TargetB-T-TargetB-44533--SwiftPackageCopyFilesTaskProducer"]), Task(forTarget: TargetA, ruleInfo: ["SwiftCompile", "normal", "arm64", "Compiling fileA1.swift", "/private/var/folders/xr/m5_5rlsd6l9fk2w4ngj13k6m0000gn/T/swbuild.tmp.I9GXyx3j/Data.noindex/Test/aProject/Sources/fileA1.swift"]), Task(forTarget: <none>, ruleInfo: ["Gate", "target-TargetB-T-TargetB-44533--Barrier-StripSymbols"]), Task(forTarget: TargetA, ruleInfo: ["WriteAuxiliaryFile", "/private/var/folders/xr/m5_5rlsd6l9fk2w4ngj13k6m0000gn/T/swbuild.tmp.I9GXyx3j/Data.noindex/Test/aProject/build/aProject.build/Debug/TargetA.build/TargetA-all-non-framework-target-headers.hmap"]), Task(forTarget: <none>, ruleInfo: ["Gate", "target-TargetB-T-TargetB-44533--SanitizerTaskProducer"]), Task(forTarget: <none>, ruleInfo: ["Gate", "target-TargetB-T-TargetB-44533--swift-generated-headers"]), Task(forTarget: <none>, ruleInfo: ["Gate", "target-TargetB-T-TargetB-44533--Barrier-RegisterProduct"]), Task(forTarget: <none>, ruleInfo: ["Gate", "target-TargetB-T-TargetB-44533--GeneratedFilesTaskProducer"]), Task(forTarget: <none>, ruleInfo: ["Gate", "target-TargetA-T-TargetA-44525--Barrier-StripSymbols"]), Task(forTarget: TargetB, ruleInfo: ["GenerateTAPI", "/private/var/folders/xr/m5_5rlsd6l9fk2w4ngj13k6m0000gn/T/swbuild.tmp.I9GXyx3j/Data.noindex/Test/aProject/build/EagerLinkingTBDs/Debug/TargetB.framework/Versions/A/TargetB.tbd"]), Task(forTarget: <none>, ruleInfo: ["Gate", "target-TargetA-T-TargetA-44525--GenerateAppPlaygroundAssetCatalogTaskProducer"]), Task(forTarget: <none>, ruleInfo: ["Gate", "target-TargetA-T-TargetA-44525--Barrier-ChangePermissions"]), Task(forTarget: TargetA, ruleInfo: ["WriteAuxiliaryFile", "/private/var/folders/xr/m5_5rlsd6l9fk2w4ngj13k6m0000gn/T/swbuild.tmp.I9GXyx3j/Data.noindex/Test/aProject/build/aProject.build/Debug/TargetA.build/Objects-normal/arm64/TargetA.SwiftConstValuesFileList"]), Task(forTarget: TargetA, ruleInfo: ["MkDir", "/private/var/folders/xr/m5_5rlsd6l9fk2w4ngj13k6m0000gn/T/swbuild.tmp.I9GXyx3j/Data.noindex/Test/aProject/build/Debug/TargetA.framework/Versions"]), Task(forTarget: <none>, ruleInfo: ["Gate", "target-TargetA-T-TargetA-44525--StubBinaryTaskProducer"]), Task(forTarget: <none>, ruleInfo: ["Gate", "target-TargetB-T-TargetB-44533--ProductPostprocessingTaskProducer"]), Task(forTarget: TargetA, ruleInfo: ["WriteAuxiliaryFile", "/private/var/folders/xr/m5_5rlsd6l9fk2w4ngj13k6m0000gn/T/swbuild.tmp.I9GXyx3j/Data.noindex/Test/aProject/build/aProject.build/Debug/TargetA.build/Objects-normal/arm64/TargetA.LinkFileList"]), Task(forTarget: <none>, ruleInfo: ["Gate", "target-TargetA-T-TargetA-44525--ModuleMapTaskProducer"]), Task(forTarget: TargetA, ruleInfo: ["ExtractAppIntentsMetadata"]), Task(forTarget: TargetB, ruleInfo: ["WriteAuxiliaryFile", "/private/var/folders/xr/m5_5rlsd6l9fk2w4ngj13k6m0000gn/T/swbuild.tmp.I9GXyx3j/Data.noindex/Test/aProject/build/aProject.build/Debug/TargetB.build/TargetB.hmap"]), Task(forTarget: TargetA, ruleInfo: ["SymLink", "/private/var/folders/xr/m5_5rlsd6l9fk2w4ngj13k6m0000gn/T/swbuild.tmp.I9GXyx3j/Data.noindex/Test/aProject/build/Debug/TargetA.framework/TargetA", "Versions/Current/TargetA"]), Task(forTarget: TargetB, ruleInfo: ["MkDir", "/private/var/folders/xr/m5_5rlsd6l9fk2w4ngj13k6m0000gn/T/swbuild.tmp.I9GXyx3j/Data.noindex/Test/aProject/build/Debug/TargetB.framework/Versions/A/Headers"]), Task(forTarget: <none>, ruleInfo: ["CreateBuildDirectory", "/private/var/folders/xr/m5_5rlsd6l9fk2w4ngj13k6m0000gn/T/swbuild.tmp.I9GXyx3j/Data.noindex/Test/aProject/build/ExplicitPrecompiledModules"]), Task(forTarget: <none>, ruleInfo: ["Gate", "target-TargetA-T-TargetA-44525--RealityAssetsTaskProducer"]), Task(forTarget: <none>, ruleInfo: ["Gate", "target-TargetA-T-TargetA-44525--TestHostTaskProducer"]), Task(forTarget: TargetA, ruleInfo: ["Gate", "target-TargetA-T-TargetA-44525--will-sign"]), Task(forTarget: <none>, ruleInfo: ["CreateBuildDirectory", "/private/var/folders/xr/m5_5rlsd6l9fk2w4ngj13k6m0000gn/T/swbuild.tmp.I9GXyx3j/Data.noindex/Test/aProject/build/SharedPrecompiledHeaders"]), Task(forTarget: TargetA, ruleInfo: ["WriteAuxiliaryFile", "/private/var/folders/xr/m5_5rlsd6l9fk2w4ngj13k6m0000gn/T/swbuild.tmp.I9GXyx3j/Data.noindex/Test/aProject/build/aProject.build/Debug/TargetA.build/TargetA.hmap"]), Task(forTarget: TargetA, ruleInfo: ["SymLink", "/private/var/folders/xr/m5_5rlsd6l9fk2w4ngj13k6m0000gn/T/swbuild.tmp.I9GXyx3j/Data.noindex/Test/aProject/build/Debug/TargetA.framework/Modules", "Versions/Current/Modules"]), Task(forTarget: <none>, ruleInfo: ["Gate", "target-TargetA-T-TargetA-44525--copy-headers-completion"]), Task(forTarget: <none>, ruleInfo: ["Gate", "target-TargetA-T-TargetA-44525--fused-phase0-compile-sources"]), Task(forTarget: <none>, ruleInfo: ["Gate", "WorkspaceHeaderMapVFSFilesWritten"]), Task(forTarget: TargetB, ruleInfo: ["SymLink", "/private/var/folders/xr/m5_5rlsd6l9fk2w4ngj13k6m0000gn/T/swbuild.tmp.I9GXyx3j/Data.noindex/Test/aProject/build/Debug/TargetB.framework/Headers", "Versions/Current/Headers"]), Task(forTarget: TargetB, ruleInfo: ["SwiftDriver Compilation Requirements", "TargetB", "normal", "arm64", "com.apple.xcode.tools.swift.compiler"]), Task(forTarget: <none>, ruleInfo: ["Gate", "target-TargetA-T-TargetA-44525--Barrier-RegisterProduct"]), Task(forTarget: TargetB, ruleInfo: ["Gate", "target-TargetB-T-TargetB-44533--modules-ready"]), Task(forTarget: <none>, ruleInfo: ["CreateBuildDirectory", "/private/var/folders/xr/m5_5rlsd6l9fk2w4ngj13k6m0000gn/T/swbuild.tmp.I9GXyx3j/Data.noindex/Test/aProject/build/EagerLinkingTBDs/Debug"]), Task(forTarget: TargetB, ruleInfo: ["WriteAuxiliaryFile", "/private/var/folders/xr/m5_5rlsd6l9fk2w4ngj13k6m0000gn/T/swbuild.tmp.I9GXyx3j/Data.noindex/Test/aProject/build/aProject.build/Debug/TargetB.build/TargetB-all-target-headers.hmap"]), Task(forTarget: <none>, ruleInfo: ["Gate", "target-TargetB-T-TargetB-44533--ModuleVerifierTaskProducer"]), Task(forTarget: TargetA, ruleInfo: ["Gate", "target-TargetA-T-TargetA-44525--begin-scanning"]), Task(forTarget: TargetB, ruleInfo: ["Gate", "target-TargetB-T-TargetB-44533--immediate"]), Task(forTarget: TargetA, ruleInfo: ["GenerateTAPI", "/private/var/folders/xr/m5_5rlsd6l9fk2w4ngj13k6m0000gn/T/swbuild.tmp.I9GXyx3j/Data.noindex/Test/aProject/build/EagerLinkingTBDs/Debug/TargetA.framework/Versions/A/TargetA.tbd"]), Task(forTarget: TargetB, ruleInfo: ["SymLink", "/private/var/folders/xr/m5_5rlsd6l9fk2w4ngj13k6m0000gn/T/swbuild.tmp.I9GXyx3j/Data.noindex/Test/aProject/build/Debug/TargetB.framework/TargetB", "Versions/Current/TargetB"]), Task(forTarget: TargetB, ruleInfo: ["SwiftCompile", "normal", "arm64", "Compiling fileB2.swift", "/private/var/folders/xr/m5_5rlsd6l9fk2w4ngj13k6m0000gn/T/swbuild.tmp.I9GXyx3j/Data.noindex/Test/aProject/Sources/fileB2.swift"])]
↳ Occasionally fails in CI due to SwiftExplicitDependencyCompileModuleFromInterface missing from the dependency graph
━ Test swiftEagerCompilationWithExplicitModules() recorded a known issue at SwiftDriverTests.swift:3579:55: Issue recorded
↳ Task Task(forTarget: TargetA, ruleInfo: ["SwiftCompile", "normal", "arm64", "Compiling fileA1.swift", "/private/var/folders/xr/m5_5rlsd6l9fk2w4ngj13k6m0000gn/T/swbuild.tmp.I9GXyx3j/Data.noindex/Test/aProject/Sources/fileA1.swift"]) does not follow any tasks matching [Rule matches [SWBTestSupport.StringPattern.equal("SwiftExplicitDependencyGeneratePcm"), SWBTestSupport.StringPattern.equal("normal"), SWBTestSupport.StringPattern.equal("arm64"), SWBTestSupport.StringPattern.contains("SwiftShims-")]]. Found: [] in [Task(forTarget: <none>, ruleInfo: ["Gate", "target-TargetA-T-TargetA-44525--Barrier-CopyAside"]), Task(forTarget: <none>, ruleInfo: ["Gate", "target-TargetA-T-TargetA-44525--InfoPlistTaskProducer"]), Task(forTarget: <none>, ruleInfo: ["Gate", "target-TargetB-T-TargetB-44533--Barrier-ChangeAlternatePermissions"]), Task(forTarget: <none>, ruleInfo: ["Gate", "target-TargetA-T-TargetA-44525--swift-generated-headers"]), Task(forTarget: TargetB, ruleInfo: ["ExtractAppIntentsMetadata"]), Task(forTarget: TargetB, ruleInfo: ["SwiftDriver", "TargetB", "normal", "arm64", "com.apple.xcode.tools.swift.compiler"]), Task(forTarget: TargetB, ruleInfo: ["WriteAuxiliaryFile", "/private/var/folders/xr/m5_5rlsd6l9fk2w4ngj13k6m0000gn/T/swbuild.tmp.I9GXyx3j/Data.noindex/Test/aProject/build/aProject.build/Debug/TargetB.build/TargetB-own-target-headers.hmap"]), Task(forTarget: TargetA, ruleInfo: ["WriteAuxiliaryFile", "/private/var/folders/xr/m5_5rlsd6l9fk2w4ngj13k6m0000gn/T/swbuild.tmp.I9GXyx3j/Data.noindex/Test/aProject/build/aProject.build/Debug/TargetA.build/TargetA-generated-files.hmap"]), Task(forTarget: TargetA, ruleInfo: ["SwiftDriver Compilation", "TargetA", "normal", "arm64", "com.apple.xcode.tools.swift.compiler"]), Task(forTarget: TargetA, ruleInfo: ["Ld", "/private/var/folders/xr/m5_5rlsd6l9fk2w4ngj13k6m0000gn/T/swbuild.tmp.I9GXyx3j/Data.noindex/Test/aProject/build/Debug/TargetA.framework/Versions/A/TargetA", "normal"]), Task(forTarget: <none>, ruleInfo: ["SwiftExplicitDependencyCompileModuleFromInterface", "arm64", "/private/var/folders/xr/m5_5rlsd6l9fk2w4ngj13k6m0000gn/T/swbuild.tmp.I9GXyx3j/Data.noindex/Test/aProject/build/SwiftExplicitPrecompiledModules/Swift-NBB0GQDQYZZH.swiftmodule"]), Task(forTarget: TargetB, ruleInfo: ["SwiftMergeGeneratedHeaders", "/private/var/folders/xr/m5_5rlsd6l9fk2w4ngj13k6m0000gn/T/swbuild.tmp.I9GXyx3j/Data.noindex/Test/aProject/build/Debug/TargetB.framework/Versions/A/Headers/TargetB-Swift.h", "/private/var/folders/xr/m5_5rlsd6l9fk2w4ngj13k6m0000gn/T/swbuild.tmp.I9GXyx3j/Data.noindex/Test/aProject/build/aProject.build/Debug/TargetB.build/Objects-normal/arm64/TargetB-Swift.h"]), Task(forTarget: <none>, ruleInfo: ["Gate", "target-TargetB-T-TargetB-44533--TestHostTaskProducer"]), Task(forTarget: TargetB, ruleInfo: ["WriteAuxiliaryFile", "/private/var/folders/xr/m5_5rlsd6l9fk2w4ngj13k6m0000gn/T/swbuild.tmp.I9GXyx3j/Data.noindex/Test/aProject/build/aProject.build/Debug/TargetB.build/Objects-normal/arm64/TargetB.SwiftConstValuesFileList"]), Task(forTarget: <none>, ruleInfo: ["Gate", "target-TargetB-T-TargetB-44533--ModuleMapTaskProducer"]), Task(forTarget: <none>, ruleInfo: ["Gate", "target-TargetB-T-TargetB-44533--SwiftFrameworkABICheckerTaskProducer"]), Task(forTarget: <none>, ruleInfo: ["Gate", "target-TargetB-T-TargetB-44533--Barrier-ChangePermissions"]), Task(forTarget: TargetB, ruleInfo: ["Gate", "target-TargetB-T-TargetB-44533--begin-compiling"]), Task(forTarget: <none>, ruleInfo: ["Gate", "target-TargetB-T-TargetB-44533--TestTargetTaskProducer"]), Task(forTarget: <none>, ruleInfo: ["Gate", "target-TargetB-T-TargetB-44533--TAPISymbolExtractorTaskProducer"]), Task(forTarget: <none>, ruleInfo: ["Gate", "target-TargetB-T-TargetB-44533--HeadermapTaskProducer"]), Task(forTarget: TargetB, ruleInfo: ["Ld", "/private/var/folders/xr/m5_5rlsd6l9fk2w4ngj13k6m0000gn/T/swbuild.tmp.I9GXyx3j/Data.noindex/Test/aProject/build/Debug/TargetB.framework/Versions/A/TargetB", "normal"]), Task(forTarget: TargetB, ruleInfo: ["WriteAuxiliaryFile", "/private/var/folders/xr/m5_5rlsd6l9fk2w4ngj13k6m0000gn/T/swbuild.tmp.I9GXyx3j/Data.noindex/Test/aProject/build/aProject.build/Debug/TargetB.build/Objects-normal/arm64/TargetB.LinkFileList"]), Task(forTarget: <none>, ruleInfo: ["Gate", "target-TargetB-T-TargetB-44533--TestTargetPostprocessingTaskProducer"]), Task(forTarget: <none>, ruleInfo: ["SwiftExplicitDependencyGeneratePcm", "arm64", "/private/var/folders/xr/m5_5rlsd6l9fk2w4ngj13k6m0000gn/T/swbuild.tmp.I9GXyx3j/Data.noindex/Test/aProject/build/SwiftExplicitPrecompiledModules/_SwiftConcurrencyShims-AIZW70LS1W2L0PXECXLASUUHS.pcm"]), Task(forTarget: TargetA, ruleInfo: ["SymLink", "/private/var/folders/xr/m5_5rlsd6l9fk2w4ngj13k6m0000gn/T/swbuild.tmp.I9GXyx3j/Data.noindex/Test/aProject/build/Debug/TargetA.framework/Versions/Current", "A"]), Task(forTarget: <none>, ruleInfo: ["CreateBuildDirectory", "/private/var/folders/xr/m5_5rlsd6l9fk2w4ngj13k6m0000gn/T/swbuild.tmp.I9GXyx3j/Data.noindex/Test/aProject/build"]), Task(forTarget: TargetB, ruleInfo: ["WriteAuxiliaryFile", "/private/var/folders/xr/m5_5rlsd6l9fk2w4ngj13k6m0000gn/T/swbuild.tmp.I9GXyx3j/Data.noindex/Test/aProject/build/aProject.build/Debug/TargetB.build/TargetB.DependencyMetadataFileList"]), Task(forTarget: TargetA, ruleInfo: ["WriteAuxiliaryFile", "/private/var/folders/xr/m5_5rlsd6l9fk2w4ngj13k6m0000gn/T/swbuild.tmp.I9GXyx3j/Data.noindex/Test/aProject/build/aProject.build/Debug/TargetA.build/TargetA.DependencyMetadataFileList"]), Task(forTarget: <none>, ruleInfo: ["Gate", "target-TargetB-T-TargetB-44533--AppExtensionInfoPlistGeneratorTaskProducer"]), Task(forTarget: <none>, ruleInfo: ["Gate", "target-TargetA-T-TargetA-44525--SwiftABIBaselineGenerationTaskProducer"]), Task(forTarget: <none>, ruleInfo: ["Gate", "target-TargetA-T-TargetA-44525--Barrier-Validate"]), Task(forTarget: <none>, ruleInfo: ["SwiftExplicitDependencyGeneratePcm", "arm64", "/private/var/folders/xr/m5_5rlsd6l9fk2w4ngj13k6m0000gn/T/swbuild.tmp.I9GXyx3j/Data.noindex/Test/aProject/build/SwiftExplicitPrecompiledModules/SwiftShims-1XRNFTFX3SVGVJQLDAOI208RW.pcm"]), Task(forTarget: TargetA, ruleInfo: ["SymLink", "/private/var/folders/xr/m5_5rlsd6l9fk2w4ngj13k6m0000gn/T/swbuild.tmp.I9GXyx3j/Data.noindex/Test/aProject/build/Debug/TargetA.framework/Headers", "Versions/Current/Headers"]), Task(forTarget: <none>, ruleInfo: ["Gate", "target-TargetA-T-TargetA-44525--generated-headers"]), Task(forTarget: TargetB, ruleInfo: ["SymLink", "/private/var/folders/xr/m5_5rlsd6l9fk2w4ngj13k6m0000gn/T/swbuild.tmp.I9GXyx3j/Data.noindex/Test/aProject/build/Debug/TargetB.framework/Modules", "Versions/Current/Modules"]), Task(forTarget: <none>, ruleInfo: ["WriteAuxiliaryFile", "/private/var/folders/xr/m5_5rlsd6l9fk2w4ngj13k6m0000gn/T/swbuild.tmp.I9GXyx3j/Data.noindex/Test/aProject/build/aProject.build/Debug/aProject-P44536-VFS/all-product-headers.yaml"]), Task(forTarget: <none>, ruleInfo: ["Gate", "target-TargetA-T-TargetA-44525--TAPISymbolExtractorTaskProducer"]), Task(forTarget: <none>, ruleInfo: ["Gate", "target-TargetA-T-TargetA-44525--TestTargetTaskProducer"]), Task(forTarget: <none>, ruleInfo: ["Gate", "target-TargetB-T-TargetB-44533--CopySwiftPackageResourcesTaskProducer"]), Task(forTarget: <none>, ruleInfo: ["Gate", "target-TargetB-T-TargetB-44533--AppIntentsMetadataTaskProducer"]), Task(forTarget: TargetA, ruleInfo: ["WriteAuxiliaryFile", "/private/var/folders/xr/m5_5rlsd6l9fk2w4ngj13k6m0000gn/T/swbuild.tmp.I9GXyx3j/Data.noindex/Test/aProject/build/aProject.build/Debug/TargetA.build/TargetA-all-target-headers.hmap"]), Task(forTarget: TargetB, ruleInfo: ["MkDir", "/private/var/folders/xr/m5_5rlsd6l9fk2w4ngj13k6m0000gn/T/swbuild.tmp.I9GXyx3j/Data.noindex/Test/aProject/build/Debug/TargetB.framework/Versions/A"]), Task(forTarget: <none>, ruleInfo: ["Gate", "target-TargetB-T-TargetB-44533--CustomTaskProducer"]), Task(forTarget: TargetB, ruleInfo: ["WriteAuxiliaryFile", "/private/var/folders/xr/m5_5rlsd6l9fk2w4ngj13k6m0000gn/T/swbuild.tmp.I9GXyx3j/Data.noindex/Test/aProject/build/aProject.build/Debug/TargetB.build/Objects-normal/arm64/TargetB.SwiftFileList"]), Task(forTarget: TargetB, ruleInfo: ["WriteAuxiliaryFile", "/private/var/folders/xr/m5_5rlsd6l9fk2w4ngj13k6m0000gn/T/swbuild.tmp.I9GXyx3j/Data.noindex/Test/aProject/build/aProject.build/Debug/TargetB.build/Objects-normal/arm64/TargetB-OutputFileMap.json"]), Task(forTarget: TargetA, ruleInfo: ["MkDir", "/private/var/folders/xr/m5_5rlsd6l9fk2w4ngj13k6m0000gn/T/swbuild.tmp.I9GXyx3j/Data.noindex/Test/aProject/build/Debug/TargetA.framework/Versions/A/Headers"]), Task(forTarget: <none>, ruleInfo: ["Gate", "target-TargetB-T-TargetB-44533--StubBinaryTaskProducer"]), Task(forTarget: <none>, ruleInfo: ["Gate", "target-TargetB-T-TargetB-44533--DocumentationTaskProducer"]), Task(forTarget: TargetA, ruleInfo: ["SwiftDriver", "TargetA", "normal", "arm64", "com.apple.xcode.tools.swift.compiler"]), Task(forTarget: <none>, ruleInfo: ["Gate", "target-TargetB-T-TargetB-44533--GenerateAppPlaygroundAssetCatalogTaskProducer"]), Task(forTarget: <none>, ruleInfo: ["Gate", "target-TargetA-T-TargetA-44525--Barrier-CodeSign"]), Task(forTarget: <none>, ruleInfo: ["Gate", "target-TargetA-T-TargetA-44525--AppExtensionInfoPlistGeneratorTaskProducer"]), Task(forTarget: TargetB, ruleInfo: ["Gate", "target-TargetB-T-TargetB-44533--entry"]), Task(forTarget: TargetB, ruleInfo: ["Gate", "target-TargetB-T-TargetB-44533--will-sign"]), Task(forTarget: <none>, ruleInfo: ["Gate", "target-TargetB-T-TargetB-44533--Barrier-CopyAside"]), Task(forTarget: <none>, ruleInfo: ["Gate", "target-TargetA-T-TargetA-44525--ProductStructureTaskProducer"]), Task(forTarget: TargetA, ruleInfo: ["Gate", "target-TargetA-T-TargetA-44525--begin-linking"]), Task(forTarget: TargetB, ruleInfo: ["Copy", "/private/var/folders/xr/m5_5rlsd6l9fk2w4ngj13k6m0000gn/T/swbuild.tmp.I9GXyx3j/Data.noindex/Test/aProject/build/Debug/TargetB.framework/Versions/A/Modules/TargetB.swiftmodule/arm64-apple-macos.swiftdoc", "/private/var/folders/xr/m5_5rlsd6l9fk2w4ngj13k6m0000gn/T/swbuild.tmp.I9GXyx3j/Data.noindex/Test/aProject/build/aProject.build/Debug/TargetB.build/Objects-normal/arm64/TargetB.swiftdoc"]), Task(forTarget: TargetB, ruleInfo: ["Copy", "/private/var/folders/xr/m5_5rlsd6l9fk2w4ngj13k6m0000gn/T/swbuild.tmp.I9GXyx3j/Data.noindex/Test/aProject/build/Debug/TargetB.framework/Versions/A/Modules/TargetB.swiftmodule/arm64-apple-macos.swiftmodule", "/private/var/folders/xr/m5_5rlsd6l9fk2w4ngj13k6m0000gn/T/swbuild.tmp.I9GXyx3j/Data.noindex/Test/aProject/build/aProject.build/Debug/TargetB.build/Objects-normal/arm64/TargetB.swiftmodule"]), Task(forTarget: TargetB, ruleInfo: ["SymLink", "/private/var/folders/xr/m5_5rlsd6l9fk2w4ngj13k6m0000gn/T/swbuild.tmp.I9GXyx3j/Data.noindex/Test/aProject/build/EagerLinkingTBDs/Debug/TargetB.framework/TargetB.tbd", "/private/var/folders/xr/m5_5rlsd6l9fk2w4ngj13k6m0000gn/T/swbuild.tmp.I9GXyx3j/Data.noindex/Test/aProject/build/EagerLinkingTBDs/Debug/TargetB.framework/Versions/A/TargetB.tbd"]), Task(forTarget: TargetA, ruleInfo: ["SwiftMergeGeneratedHeaders", "/private/var/folders/xr/m5_5rlsd6l9fk2w4ngj13k6m0000gn/T/swbuild.tmp.I9GXyx3j/Data.noindex/Test/aProject/build/Debug/TargetA.framework/Versions/A/Headers/TargetA-Swift.h", "/private/var/folders/xr/m5_5rlsd6l9fk2w4ngj13k6m0000gn/T/swbuild.tmp.I9GXyx3j/Data.noindex/Test/aProject/build/aProject.build/Debug/TargetA.build/Objects-normal/arm64/TargetA-Swift.h"]), Task(forTarget: <none>, ruleInfo: ["SwiftExplicitDependencyCompileModuleFromInterface", "arm64", "/private/var/folders/xr/m5_5rlsd6l9fk2w4ngj13k6m0000gn/T/swbuild.tmp.I9GXyx3j/Data.noindex/Test/aProject/build/SwiftExplicitPrecompiledModules/_Concurrency-CB34E6W1YOX6.swiftmodule"]), Task(forTarget: TargetA, ruleInfo: ["Gate", "target-TargetA-T-TargetA-44525--unsigned-product-ready"]), Task(forTarget: TargetA, ruleInfo: ["Gate", "target-TargetA-T-TargetA-44525--end"]), Task(forTarget: <none>, ruleInfo: ["Gate", "target-TargetA-T-TargetA-44525--ExtensionPointExtractorTaskProducer"]), Task(forTarget: TargetB, ruleInfo: ["Touch", "/private/var/folders/xr/m5_5rlsd6l9fk2w4ngj13k6m0000gn/T/swbuild.tmp.I9GXyx3j/Data.noindex/Test/aProject/build/Debug/TargetB.framework"]), Task(forTarget: TargetB, ruleInfo: ["Gate", "target-TargetB-T-TargetB-44533--linker-inputs-ready"]), Task(forTarget: TargetA, ruleInfo: ["WriteAuxiliaryFile", "/private/var/folders/xr/m5_5rlsd6l9fk2w4ngj13k6m0000gn/T/swbuild.tmp.I9GXyx3j/Data.noindex/Test/aProject/build/aProject.build/Debug/TargetA.build/Objects-normal/arm64/TargetA.SwiftFileList"]), Task(forTarget: TargetB, ruleInfo: ["WriteAuxiliaryFile", "/private/var/folders/xr/m5_5rlsd6l9fk2w4ngj13k6m0000gn/T/swbuild.tmp.I9GXyx3j/Data.noindex/Test/aProject/build/aProject.build/Debug/TargetB.build/TargetB-project-headers.hmap"]), Task(forTarget: <none>, ruleInfo: ["Gate", "target-TargetB-T-TargetB-44533--copy-headers-completion"]), Task(forTarget: <none>, ruleInfo: ["Gate", "target-TargetB-T-TargetB-44533--Barrier-Validate"]), Task(forTarget: TargetB, ruleInfo: ["Copy", "/private/var/folders/xr/m5_5rlsd6l9fk2w4ngj13k6m0000gn/T/swbuild.tmp.I9GXyx3j/Data.noindex/Test/aProject/build/Debug/TargetB.framework/Versions/A/Modules/TargetB.swiftmodule/arm64-apple-macos.abi.json", "/private/var/folders/xr/m5_5rlsd6l9fk2w4ngj13k6m0000gn/T/swbuild.tmp.I9GXyx3j/Data.noindex/Test/aProject/build/aProject.build/Debug/TargetB.build/Objects-normal/arm64/TargetB.abi.json"]), Task(forTarget: TargetA, ruleInfo: ["WriteAuxiliaryFile", "/private/var/folders/xr/m5_5rlsd6l9fk2w4ngj13k6m0000gn/T/swbuild.tmp.I9GXyx3j/Data.noindex/Test/aProject/build/aProject.build/Debug/TargetA.build/TargetA-own-target-headers.hmap"]), Task(forTarget: TargetB, ruleInfo: ["Gate", "target-TargetB-T-TargetB-44533--begin-scanning"]), Task(forTarget: TargetA, ruleInfo: ["WriteAuxiliaryFile", "/private/var/folders/xr/m5_5rlsd6l9fk2w4ngj13k6m0000gn/T/swbuild.tmp.I9GXyx3j/Data.noindex/Test/aProject/build/aProject.build/Debug/TargetA.build/TargetA.DependencyStaticMetadataFileList"]), Task(forTarget: <none>, ruleInfo: ["Gate", "target-TargetA-T-TargetA-44525--ModuleVerifierTaskProducer"]), Task(forTarget: TargetA, ruleInfo: ["SwiftCompile", "normal", "arm64", "Compiling fileA2.swift", "/private/var/folders/xr/m5_5rlsd6l9fk2w4ngj13k6m0000gn/T/swbuild.tmp.I9GXyx3j/Data.noindex/Test/aProject/Sources/fileA2.swift"]), Task(forTarget: TargetA, ruleInfo: ["Copy", "/private/var/folders/xr/m5_5rlsd6l9fk2w4ngj13k6m0000gn/T/swbuild.tmp.I9GXyx3j/Data.noindex/Test/aProject/build/Debug/TargetA.framework/Versions/A/Modules/TargetA.swiftmodule/arm64-apple-macos.swiftmodule", "/private/var/folders/xr/m5_5rlsd6l9fk2w4ngj13k6m0000gn/T/swbuild.tmp.I9GXyx3j/Data.noindex/Test/aProject/build/aProject.build/Debug/TargetA.build/Objects-normal/arm64/TargetA.swiftmodule"]), Task(forTarget: TargetA, ruleInfo: ["Gate", "target-TargetA-T-TargetA-44525--modules-ready"]), Task(forTarget: TargetB, ruleInfo: ["SwiftCompile", "normal", "arm64", "Compiling fileB1.swift", "/private/var/folders/xr/m5_5rlsd6l9fk2w4ngj13k6m0000gn/T/swbuild.tmp.I9GXyx3j/Data.noindex/Test/aProject/Sources/fileB1.swift"]), Task(forTarget: <none>, ruleInfo: ["Gate", "target-TargetB-T-TargetB-44533--Barrier-CodeSign"]), Task(forTarget: <none>, ruleInfo: ["Gate", "target-TargetB-T-TargetB-44533--generated-headers"]), Task(forTarget: <none>, ruleInfo: ["CreateBuildDirectory", "/private/var/folders/xr/m5_5rlsd6l9fk2w4ngj13k6m0000gn/T/swbuild.tmp.I9GXyx3j/Data.noindex/Test/aProject/build/SwiftExplicitPrecompiledModules"]), Task(forTarget: <none>, ruleInfo: ["Gate", "target-TargetA-T-TargetA-44525--SanitizerTaskProducer"]), Task(forTarget: TargetA, ruleInfo: ["SwiftDriver Compilation Requirements", "TargetA", "normal", "arm64", "com.apple.xcode.tools.swift.compiler"]), Task(forTarget: <none>, ruleInfo: ["CreateBuildDirectory", "/var/folders/xr/m5_5rlsd6l9fk2w4ngj13k6m0000gn/C/com.apple.DeveloperTools/26.4.1-17E202/Xcode/CompilationCache.noindex"]), Task(forTarget: <none>, ruleInfo: ["Gate", "target-TargetA-T-TargetA-44525--AppIntentsMetadataTaskProducer"]), Task(forTarget: TargetB, ruleInfo: ["SymLink", "/private/var/folders/xr/m5_5rlsd6l9fk2w4ngj13k6m0000gn/T/swbuild.tmp.I9GXyx3j/Data.noindex/Test/aProject/build/Debug/TargetB.framework/Versions/Current", "A"]), Task(forTarget: TargetA, ruleInfo: ["Copy", "/private/var/folders/xr/m5_5rlsd6l9fk2w4ngj13k6m0000gn/T/swbuild.tmp.I9GXyx3j/Data.noindex/Test/aProject/build/Debug/TargetA.framework/Versions/A/Modules/TargetA.swiftmodule/arm64-apple-macos.swiftdoc", "/private/var/folders/xr/m5_5rlsd6l9fk2w4ngj13k6m0000gn/T/swbuild.tmp.I9GXyx3j/Data.noindex/Test/aProject/build/aProject.build/Debug/TargetA.build/Objects-normal/arm64/TargetA.swiftdoc"]), Task(forTarget: TargetA, ruleInfo: ["RegisterExecutionPolicyException", "/private/var/folders/xr/m5_5rlsd6l9fk2w4ngj13k6m0000gn/T/swbuild.tmp.I9GXyx3j/Data.noindex/Test/aProject/build/Debug/TargetA.framework"]), Task(forTarget: <none>, ruleInfo: ["Gate", "target-TargetA-T-TargetA-44525--SwiftPackageCopyFilesTaskProducer"]), Task(forTarget: TargetA, ruleInfo: ["Copy", "/private/var/folders/xr/m5_5rlsd6l9fk2w4ngj13k6m0000gn/T/swbuild.tmp.I9GXyx3j/Data.noindex/Test/aProject/build/Debug/TargetA.framework/Versions/A/Modules/TargetA.swiftmodule/arm64-apple-macos.abi.json", "/private/var/folders/xr/m5_5rlsd6l9fk2w4ngj13k6m0000gn/T/swbuild.tmp.I9GXyx3j/Data.noindex/Test/aProject/build/aProject.build/Debug/TargetA.build/Objects-normal/arm64/TargetA.abi.json"]), Task(forTarget: TargetB, ruleInfo: ["SwiftEmitModule", "normal", "arm64", "Emitting module for TargetB"]), Task(forTarget: TargetA, ruleInfo: ["Touch", "/private/var/folders/xr/m5_5rlsd6l9fk2w4ngj13k6m0000gn/T/swbuild.tmp.I9GXyx3j/Data.noindex/Test/aProject/build/Debug/TargetA.framework"]), Task(forTarget: TargetA, ruleInfo: ["Gate", "target-TargetA-T-TargetA-44525--linker-inputs-ready"]), Task(forTarget: <none>, ruleInfo: ["Gate", "target-TargetB-T-TargetB-44533--ProductStructureTaskProducer"]), Task(forTarget: TargetB, ruleInfo: ["SwiftDriver Compilation", "TargetB", "normal", "arm64", "com.apple.xcode.tools.swift.compiler"]), Task(forTarget: <none>, ruleInfo: ["Gate", "target-TargetB-T-TargetB-44533--Barrier-RegisterExecutionPolicyException"]), Task(forTarget: TargetA, ruleInfo: ["WriteAuxiliaryFile", "/private/var/folders/xr/m5_5rlsd6l9fk2w4ngj13k6m0000gn/T/swbuild.tmp.I9GXyx3j/Data.noindex/Test/aProject/build/aProject.build/Debug/TargetA.build/Objects-normal/arm64/TargetA-OutputFileMap.json"]), Task(forTarget: <none>, ruleInfo: ["Gate", "target-TargetA-T-TargetA-44525--HeadermapTaskProducer"]), Task(forTarget: TargetB, ruleInfo: ["WriteAuxiliaryFile", "/private/var/folders/xr/m5_5rlsd6l9fk2w4ngj13k6m0000gn/T/swbuild.tmp.I9GXyx3j/Data.noindex/Test/aProject/build/aProject.build/Debug/TargetB.build/TargetB.DependencyStaticMetadataFileList"]), Task(forTarget: TargetA, ruleInfo: ["Gate", "target-TargetA-T-TargetA-44525--begin-compiling"]), Task(forTarget: <none>, ruleInfo: ["Gate", "target-TargetA-T-TargetA-44525--GeneratedFilesTaskProducer"]), Task(forTarget: <none>, ruleInfo: ["Gate", "target-TargetA-T-TargetA-44525--DocumentationTaskProducer"]), Task(forTarget: <none>, ruleInfo: ["Gate", "target-TargetB-T-TargetB-44533--InfoPlistTaskProducer"]), Task(forTarget: <none>, ruleInfo: ["Gate", "target-TargetA-T-TargetA-44525--SwiftFrameworkABICheckerTaskProducer"]), Task(forTarget: TargetB, ruleInfo: ["Gate", "target-TargetB-T-TargetB-44533--end"]), Task(forTarget: TargetA, ruleInfo: ["MkDir", "/private/var/folders/xr/m5_5rlsd6l9fk2w4ngj13k6m0000gn/T/swbuild.tmp.I9GXyx3j/Data.noindex/Test/aProject/build/Debug/TargetA.framework/Versions/A"]), Task(forTarget: <none>, ruleInfo: ["Gate", "target-TargetB-T-TargetB-44533--fused-phase0-compile-sources&link-binary"]), Task(forTarget: <none>, ruleInfo: ["Gate", "target-TargetB-T-TargetB-44533--SwiftStandardLibrariesTaskProducer"]), Task(forTarget: <none>, ruleInfo: ["Gate", "target-TargetB-T-TargetB-44533--SwiftABIBaselineGenerationTaskProducer"]), Task(forTarget: <none>, ruleInfo: ["Gate", "target-TargetA-T-TargetA-44525--TestTargetPostprocessingTaskProducer"]), Task(forTarget: <none>, ruleInfo: ["Gate", "target-TargetA-T-TargetA-44525--ProductPostprocessingTaskProducer"]), Task(forTarget: <none>, ruleInfo: ["Gate", "target-TargetB-T-TargetB-44533--RealityAssetsTaskProducer"]), Task(forTarget: TargetA, ruleInfo: ["Copy", "/private/var/folders/xr/m5_5rlsd6l9fk2w4ngj13k6m0000gn/T/swbuild.tmp.I9GXyx3j/Data.noindex/Test/aProject/build/Debug/TargetA.framework/Versions/A/Modules/TargetA.swiftmodule/Project/arm64-apple-macos.swiftsourceinfo", "/private/var/folders/xr/m5_5rlsd6l9fk2w4ngj13k6m0000gn/T/swbuild.tmp.I9GXyx3j/Data.noindex/Test/aProject/build/aProject.build/Debug/TargetA.build/Objects-normal/arm64/TargetA.swiftsourceinfo"]), Task(forTarget: TargetB, ruleInfo: ["Copy", "/private/var/folders/xr/m5_5rlsd6l9fk2w4ngj13k6m0000gn/T/swbuild.tmp.I9GXyx3j/Data.noindex/Test/aProject/build/Debug/TargetB.framework/Versions/A/Modules/TargetB.swiftmodule/Project/arm64-apple-macos.swiftsourceinfo", "/private/var/folders/xr/m5_5rlsd6l9fk2w4ngj13k6m0000gn/T/swbuild.tmp.I9GXyx3j/Data.noindex/Test/aProject/build/aProject.build/Debug/TargetB.build/Objects-normal/arm64/TargetB.swiftsourceinfo"]), Task(forTarget: TargetB, ruleInfo: ["WriteAuxiliaryFile", "/private/var/folders/xr/m5_5rlsd6l9fk2w4ngj13k6m0000gn/T/swbuild.tmp.I9GXyx3j/Data.noindex/Test/aProject/build/aProject.build/Debug/TargetB.build/TargetB-all-non-framework-target-headers.hmap"]), Task(forTarget: <none>, ruleInfo: ["Gate", "target-TargetB-T-TargetB-44533--Barrier-GenerateStubAPI"]), Task(forTarget: TargetB, ruleInfo: ["RegisterExecutionPolicyException", "/private/var/folders/xr/m5_5rlsd6l9fk2w4ngj13k6m0000gn/T/swbuild.tmp.I9GXyx3j/Data.noindex/Test/aProject/build/Debug/TargetB.framework"]), Task(forTarget: TargetA, ruleInfo: ["SwiftEmitModule", "normal", "arm64", "Emitting module for TargetA"]), Task(forTarget: <none>, ruleInfo: ["SwiftExplicitDependencyCompileModuleFromInterface", "arm64", "/private/var/folders/xr/m5_5rlsd6l9fk2w4ngj13k6m0000gn/T/swbuild.tmp.I9GXyx3j/Data.noindex/Test/aProject/build/SwiftExplicitPrecompiledModules/_StringProcessing-1O0ZQ2K74RYD5.swiftmodule"]), Task(forTarget: TargetB, ruleInfo: ["Gate", "target-TargetB-T-TargetB-44533--begin-linking"]), Task(forTarget: TargetB, ruleInfo: ["Gate", "target-TargetB-T-TargetB-44533--unsigned-product-ready"]), Task(forTarget: TargetB, ruleInfo: ["MkDir", "/private/var/folders/xr/m5_5rlsd6l9fk2w4ngj13k6m0000gn/T/swbuild.tmp.I9GXyx3j/Data.noindex/Test/aProject/build/Debug/TargetB.framework"]), Task(forTarget: <none>, ruleInfo: ["Gate", "target-TargetB-T-TargetB-44533--ExtensionPointExtractorTaskProducer"]), Task(forTarget: TargetA, ruleInfo: ["WriteAuxiliaryFile", "/private/var/folders/xr/m5_5rlsd6l9fk2w4ngj13k6m0000gn/T/swbuild.tmp.I9GXyx3j/Data.noindex/Test/aProject/build/aProject.build/Debug/TargetA.build/Objects-normal/arm64/TargetA_const_extract_protocols.json"]), Task(forTarget: <none>, ruleInfo: ["Gate", "target-TargetA-T-TargetA-44525--CustomTaskProducer"]), Task(forTarget: <none>, ruleInfo: ["ClangStatCache", "/Applications/Xcode17E.app/Contents/Developer/Toolchains/XcodeDefault.xctoolchain/usr/bin/clang-stat-cache", "/Applications/Xcode17E.app/Contents/Developer/Platforms/MacOSX.platform/Developer/SDKs/MacOSX26.4.sdk", "/private/var/folders/xr/m5_5rlsd6l9fk2w4ngj13k6m0000gn/T/swbuild.tmp.I9GXyx3j/Data.noindex/Test/SDKStatCaches.noindex/macosx26.4-25E260-95aa6cf8f3effd57bda17e0c125410c0.sdkstatcache"]), Task(forTarget: <none>, ruleInfo: ["Gate", "target-TargetB-T-TargetB-44533--TestEntryPointTaskProducerFactory"]), Task(forTarget: TargetA, ruleInfo: ["Gate", "target-TargetA-T-TargetA-44525--immediate"]), Task(forTarget: <none>, ruleInfo: ["CreateBuildDirectory", "/private/var/folders/xr/m5_5rlsd6l9fk2w4ngj13k6m0000gn/T/swbuild.tmp.I9GXyx3j/Data.noindex/Test/aProject/build/Debug"]), Task(forTarget: TargetA, ruleInfo: ["Gate", "target-TargetA-T-TargetA-44525--entry"]), Task(forTarget: <none>, ruleInfo: ["Gate", "target-TargetA-T-TargetA-44525--SwiftStandardLibrariesTaskProducer"]), Task(forTarget: <none>, ruleInfo: ["Gate", "target-TargetA-T-TargetA-44525--TestEntryPointTaskProducerFactory"]), Task(forTarget: TargetA, ruleInfo: ["WriteAuxiliaryFile", "/private/var/folders/xr/m5_5rlsd6l9fk2w4ngj13k6m0000gn/T/swbuild.tmp.I9GXyx3j/Data.noindex/Test/aProject/build/aProject.build/Debug/TargetA.build/TargetA-project-headers.hmap"]), Task(forTarget: <none>, ruleInfo: ["Gate", "target-TargetA-T-TargetA-44525--Barrier-GenerateStubAPI"]), Task(forTarget: TargetA, ruleInfo: ["MkDir", "/private/var/folders/xr/m5_5rlsd6l9fk2w4ngj13k6m0000gn/T/swbuild.tmp.I9GXyx3j/Data.noindex/Test/aProject/build/Debug/TargetA.framework"]), Task(forTarget: TargetB, ruleInfo: ["WriteAuxiliaryFile", "/private/var/folders/xr/m5_5rlsd6l9fk2w4ngj13k6m0000gn/T/swbuild.tmp.I9GXyx3j/Data.noindex/Test/aProject/build/aProject.build/Debug/TargetB.build/TargetB-generated-files.hmap"]), Task(forTarget: TargetB, ruleInfo: ["WriteAuxiliaryFile", "/private/var/folders/xr/m5_5rlsd6l9fk2w4ngj13k6m0000gn/T/swbuild.tmp.I9GXyx3j/Data.noindex/Test/aProject/build/aProject.build/Debug/TargetB.build/Objects-normal/arm64/TargetB_const_extract_protocols.json"]), Task(forTarget: TargetB, ruleInfo: ["MkDir", "/private/var/folders/xr/m5_5rlsd6l9fk2w4ngj13k6m0000gn/T/swbuild.tmp.I9GXyx3j/Data.noindex/Test/aProject/build/Debug/TargetB.framework/Versions"]), Task(forTarget: <none>, ruleInfo: ["Gate", "target-TargetA-T-TargetA-44525--CopySwiftPackageResourcesTaskProducer"]), Task(forTarget: <none>, ruleInfo: ["Gate", "target-TargetA-T-TargetA-44525--Barrier-ChangeAlternatePermissions"]), Task(forTarget: TargetA, ruleInfo: ["SymLink", "/private/var/folders/xr/m5_5rlsd6l9fk2w4ngj13k6m0000gn/T/swbuild.tmp.I9GXyx3j/Data.noindex/Test/aProject/build/EagerLinkingTBDs/Debug/TargetA.framework/TargetA.tbd", "/private/var/folders/xr/m5_5rlsd6l9fk2w4ngj13k6m0000gn/T/swbuild.tmp.I9GXyx3j/Data.noindex/Test/aProject/build/EagerLinkingTBDs/Debug/TargetA.framework/Versions/A/TargetA.tbd"]), Task(forTarget: <none>, ruleInfo: ["Gate", "target-TargetA-T-TargetA-44525--Barrier-RegisterExecutionPolicyException"]), Task(forTarget: <none>, ruleInfo: ["Gate", "target-TargetB-T-TargetB-44533--SwiftPackageCopyFilesTaskProducer"]), Task(forTarget: TargetA, ruleInfo: ["SwiftCompile", "normal", "arm64", "Compiling fileA1.swift", "/private/var/folders/xr/m5_5rlsd6l9fk2w4ngj13k6m0000gn/T/swbuild.tmp.I9GXyx3j/Data.noindex/Test/aProject/Sources/fileA1.swift"]), Task(forTarget: <none>, ruleInfo: ["Gate", "target-TargetB-T-TargetB-44533--Barrier-StripSymbols"]), Task(forTarget: TargetA, ruleInfo: ["WriteAuxiliaryFile", "/private/var/folders/xr/m5_5rlsd6l9fk2w4ngj13k6m0000gn/T/swbuild.tmp.I9GXyx3j/Data.noindex/Test/aProject/build/aProject.build/Debug/TargetA.build/TargetA-all-non-framework-target-headers.hmap"]), Task(forTarget: <none>, ruleInfo: ["Gate", "target-TargetB-T-TargetB-44533--SanitizerTaskProducer"]), Task(forTarget: <none>, ruleInfo: ["Gate", "target-TargetB-T-TargetB-44533--swift-generated-headers"]), Task(forTarget: <none>, ruleInfo: ["Gate", "target-TargetB-T-TargetB-44533--Barrier-RegisterProduct"]), Task(forTarget: <none>, ruleInfo: ["Gate", "target-TargetB-T-TargetB-44533--GeneratedFilesTaskProducer"]), Task(forTarget: <none>, ruleInfo: ["Gate", "target-TargetA-T-TargetA-44525--Barrier-StripSymbols"]), Task(forTarget: TargetB, ruleInfo: ["GenerateTAPI", "/private/var/folders/xr/m5_5rlsd6l9fk2w4ngj13k6m0000gn/T/swbuild.tmp.I9GXyx3j/Data.noindex/Test/aProject/build/EagerLinkingTBDs/Debug/TargetB.framework/Versions/A/TargetB.tbd"]), Task(forTarget: <none>, ruleInfo: ["Gate", "target-TargetA-T-TargetA-44525--GenerateAppPlaygroundAssetCatalogTaskProducer"]), Task(forTarget: <none>, ruleInfo: ["Gate", "target-TargetA-T-TargetA-44525--Barrier-ChangePermissions"]), Task(forTarget: TargetA, ruleInfo: ["WriteAuxiliaryFile", "/private/var/folders/xr/m5_5rlsd6l9fk2w4ngj13k6m0000gn/T/swbuild.tmp.I9GXyx3j/Data.noindex/Test/aProject/build/aProject.build/Debug/TargetA.build/Objects-normal/arm64/TargetA.SwiftConstValuesFileList"]), Task(forTarget: TargetA, ruleInfo: ["MkDir", "/private/var/folders/xr/m5_5rlsd6l9fk2w4ngj13k6m0000gn/T/swbuild.tmp.I9GXyx3j/Data.noindex/Test/aProject/build/Debug/TargetA.framework/Versions"]), Task(forTarget: <none>, ruleInfo: ["Gate", "target-TargetA-T-TargetA-44525--StubBinaryTaskProducer"]), Task(forTarget: <none>, ruleInfo: ["Gate", "target-TargetB-T-TargetB-44533--ProductPostprocessingTaskProducer"]), Task(forTarget: TargetA, ruleInfo: ["WriteAuxiliaryFile", "/private/var/folders/xr/m5_5rlsd6l9fk2w4ngj13k6m0000gn/T/swbuild.tmp.I9GXyx3j/Data.noindex/Test/aProject/build/aProject.build/Debug/TargetA.build/Objects-normal/arm64/TargetA.LinkFileList"]), Task(forTarget: <none>, ruleInfo: ["Gate", "target-TargetA-T-TargetA-44525--ModuleMapTaskProducer"]), Task(forTarget: TargetA, ruleInfo: ["ExtractAppIntentsMetadata"]), Task(forTarget: TargetB, ruleInfo: ["WriteAuxiliaryFile", "/private/var/folders/xr/m5_5rlsd6l9fk2w4ngj13k6m0000gn/T/swbuild.tmp.I9GXyx3j/Data.noindex/Test/aProject/build/aProject.build/Debug/TargetB.build/TargetB.hmap"]), Task(forTarget: TargetA, ruleInfo: ["SymLink", "/private/var/folders/xr/m5_5rlsd6l9fk2w4ngj13k6m0000gn/T/swbuild.tmp.I9GXyx3j/Data.noindex/Test/aProject/build/Debug/TargetA.framework/TargetA", "Versions/Current/TargetA"]), Task(forTarget: TargetB, ruleInfo: ["MkDir", "/private/var/folders/xr/m5_5rlsd6l9fk2w4ngj13k6m0000gn/T/swbuild.tmp.I9GXyx3j/Data.noindex/Test/aProject/build/Debug/TargetB.framework/Versions/A/Headers"]), Task(forTarget: <none>, ruleInfo: ["CreateBuildDirectory", "/private/var/folders/xr/m5_5rlsd6l9fk2w4ngj13k6m0000gn/T/swbuild.tmp.I9GXyx3j/Data.noindex/Test/aProject/build/ExplicitPrecompiledModules"]), Task(forTarget: <none>, ruleInfo: ["Gate", "target-TargetA-T-TargetA-44525--RealityAssetsTaskProducer"]), Task(forTarget: <none>, ruleInfo: ["Gate", "target-TargetA-T-TargetA-44525--TestHostTaskProducer"]), Task(forTarget: TargetA, ruleInfo: ["Gate", "target-TargetA-T-TargetA-44525--will-sign"]), Task(forTarget: <none>, ruleInfo: ["CreateBuildDirectory", "/private/var/folders/xr/m5_5rlsd6l9fk2w4ngj13k6m0000gn/T/swbuild.tmp.I9GXyx3j/Data.noindex/Test/aProject/build/SharedPrecompiledHeaders"]), Task(forTarget: TargetA, ruleInfo: ["WriteAuxiliaryFile", "/private/var/folders/xr/m5_5rlsd6l9fk2w4ngj13k6m0000gn/T/swbuild.tmp.I9GXyx3j/Data.noindex/Test/aProject/build/aProject.build/Debug/TargetA.build/TargetA.hmap"]), Task(forTarget: TargetA, ruleInfo: ["SymLink", "/private/var/folders/xr/m5_5rlsd6l9fk2w4ngj13k6m0000gn/T/swbuild.tmp.I9GXyx3j/Data.noindex/Test/aProject/build/Debug/TargetA.framework/Modules", "Versions/Current/Modules"]), Task(forTarget: <none>, ruleInfo: ["Gate", "target-TargetA-T-TargetA-44525--copy-headers-completion"]), Task(forTarget: <none>, ruleInfo: ["Gate", "target-TargetA-T-TargetA-44525--fused-phase0-compile-sources"]), Task(forTarget: <none>, ruleInfo: ["Gate", "WorkspaceHeaderMapVFSFilesWritten"]), Task(forTarget: TargetB, ruleInfo: ["SymLink", "/private/var/folders/xr/m5_5rlsd6l9fk2w4ngj13k6m0000gn/T/swbuild.tmp.I9GXyx3j/Data.noindex/Test/aProject/build/Debug/TargetB.framework/Headers", "Versions/Current/Headers"]), Task(forTarget: TargetB, ruleInfo: ["SwiftDriver Compilation Requirements", "TargetB", "normal", "arm64", "com.apple.xcode.tools.swift.compiler"]), Task(forTarget: <none>, ruleInfo: ["Gate", "target-TargetA-T-TargetA-44525--Barrier-RegisterProduct"]), Task(forTarget: TargetB, ruleInfo: ["Gate", "target-TargetB-T-TargetB-44533--modules-ready"]), Task(forTarget: <none>, ruleInfo: ["CreateBuildDirectory", "/private/var/folders/xr/m5_5rlsd6l9fk2w4ngj13k6m0000gn/T/swbuild.tmp.I9GXyx3j/Data.noindex/Test/aProject/build/EagerLinkingTBDs/Debug"]), Task(forTarget: TargetB, ruleInfo: ["WriteAuxiliaryFile", "/private/var/folders/xr/m5_5rlsd6l9fk2w4ngj13k6m0000gn/T/swbuild.tmp.I9GXyx3j/Data.noindex/Test/aProject/build/aProject.build/Debug/TargetB.build/TargetB-all-target-headers.hmap"]), Task(forTarget: <none>, ruleInfo: ["Gate", "target-TargetB-T-TargetB-44533--ModuleVerifierTaskProducer"]), Task(forTarget: TargetA, ruleInfo: ["Gate", "target-TargetA-T-TargetA-44525--begin-scanning"]), Task(forTarget: TargetB, ruleInfo: ["Gate", "target-TargetB-T-TargetB-44533--immediate"]), Task(forTarget: TargetA, ruleInfo: ["GenerateTAPI", "/private/var/folders/xr/m5_5rlsd6l9fk2w4ngj13k6m0000gn/T/swbuild.tmp.I9GXyx3j/Data.noindex/Test/aProject/build/EagerLinkingTBDs/Debug/TargetA.framework/Versions/A/TargetA.tbd"]), Task(forTarget: TargetB, ruleInfo: ["SymLink", "/private/var/folders/xr/m5_5rlsd6l9fk2w4ngj13k6m0000gn/T/swbuild.tmp.I9GXyx3j/Data.noindex/Test/aProject/build/Debug/TargetB.framework/TargetB", "Versions/Current/TargetB"]), Task(forTarget: TargetB, ruleInfo: ["SwiftCompile", "normal", "arm64", "Compiling fileB2.swift", "/private/var/folders/xr/m5_5rlsd6l9fk2w4ngj13k6m0000gn/T/swbuild.tmp.I9GXyx3j/Data.noindex/Test/aProject/Sources/fileB2.swift"])]
↳ Occasionally fails in CI due to SwiftExplicitDependencyCompileModuleFromInterface missing from the dependency graph
━ Test swiftEagerCompilationWithExplicitModules() recorded a known issue at SwiftDriverTests.swift:3580:67: Issue recorded
↳ Unexpected dependency for Task(forTarget: TargetA, ruleInfo: ["SwiftCompile", "normal", "arm64", "Compiling fileA1.swift", "/private/var/folders/xr/m5_5rlsd6l9fk2w4ngj13k6m0000gn/T/swbuild.tmp.I9GXyx3j/Data.noindex/Test/aProject/Sources/fileA1.swift"]): found ::SwiftExplicitDependencyCompileModuleFromInterface arm64 /private/var/folders/xr/m5_5rlsd6l9fk2w4ngj13k6m0000gn/T/swbuild.tmp.I9GXyx3j/Data.noindex/Test/aProject/build/SwiftExplicitPrecompiledModules/Swift-NBB0GQDQYZZH.swiftmodule
↳ Occasionally fails in CI due to SwiftExplicitDependencyCompileModuleFromInterface missing from the dependency graph
━ Test swiftEagerCompilationWithExplicitModules() recorded a known issue at SwiftDriverTests.swift:3580:67: Issue recorded
↳ Unexpected dependency for Task(forTarget: TargetA, ruleInfo: ["SwiftCompile", "normal", "arm64", "Compiling fileA1.swift", "/private/var/folders/xr/m5_5rlsd6l9fk2w4ngj13k6m0000gn/T/swbuild.tmp.I9GXyx3j/Data.noindex/Test/aProject/Sources/fileA1.swift"]): found ::SwiftExplicitDependencyCompileModuleFromInterface arm64 /private/var/folders/xr/m5_5rlsd6l9fk2w4ngj13k6m0000gn/T/swbuild.tmp.I9GXyx3j/Data.noindex/Test/aProject/build/SwiftExplicitPrecompiledModules/_StringProcessing-1O0ZQ2K74RYD5.swiftmodule
↳ Occasionally fails in CI due to SwiftExplicitDependencyCompileModuleFromInterface missing from the dependency graph
━ Test swiftEagerCompilationWithExplicitModules() recorded a known issue at SwiftDriverTests.swift:3580:67: Issue recorded
↳ Unexpected dependency for Task(forTarget: TargetA, ruleInfo: ["SwiftCompile", "normal", "arm64", "Compiling fileA1.swift", "/private/var/folders/xr/m5_5rlsd6l9fk2w4ngj13k6m0000gn/T/swbuild.tmp.I9GXyx3j/Data.noindex/Test/aProject/Sources/fileA1.swift"]): found ::SwiftExplicitDependencyCompileModuleFromInterface arm64 /private/var/folders/xr/m5_5rlsd6l9fk2w4ngj13k6m0000gn/T/swbuild.tmp.I9GXyx3j/Data.noindex/Test/aProject/build/SwiftExplicitPrecompiledModules/_Concurrency-CB34E6W1YOX6.swiftmodule
↳ Occasionally fails in CI due to SwiftExplicitDependencyCompileModuleFromInterface missing from the dependency graph
━ Test swiftEagerCompilationWithExplicitModules() recorded a known issue at SwiftDriverTests.swift:3580:67: Issue recorded
↳ Unexpected dependency for Task(forTarget: TargetA, ruleInfo: ["SwiftCompile", "normal", "arm64", "Compiling fileA1.swift", "/private/var/folders/xr/m5_5rlsd6l9fk2w4ngj13k6m0000gn/T/swbuild.tmp.I9GXyx3j/Data.noindex/Test/aProject/Sources/fileA1.swift"]): found ::SwiftExplicitDependencyGeneratePcm arm64 /private/var/folders/xr/m5_5rlsd6l9fk2w4ngj13k6m0000gn/T/swbuild.tmp.I9GXyx3j/Data.noindex/Test/aProject/build/SwiftExplicitPrecompiledModules/SwiftShims-1XRNFTFX3SVGVJQLDAOI208RW.pcm
↳ Occasionally fails in CI due to SwiftExplicitDependencyCompileModuleFromInterface missing from the dependency graph
━ Test swiftEagerCompilationWithExplicitModules() recorded a known issue at SwiftDriverTests.swift:3580:67: Issue recorded
↳ Unexpected dependency for Task(forTarget: TargetA, ruleInfo: ["SwiftCompile", "normal", "arm64", "Compiling fileA1.swift", "/private/var/folders/xr/m5_5rlsd6l9fk2w4ngj13k6m0000gn/T/swbuild.tmp.I9GXyx3j/Data.noindex/Test/aProject/Sources/fileA1.swift"]): found ::SwiftExplicitDependencyGeneratePcm arm64 /private/var/folders/xr/m5_5rlsd6l9fk2w4ngj13k6m0000gn/T/swbuild.tmp.I9GXyx3j/Data.noindex/Test/aProject/build/SwiftExplicitPrecompiledModules/_SwiftConcurrencyShims-AIZW70LS1W2L0PXECXLASUUHS.pcm
↳ Occasionally fails in CI due to SwiftExplicitDependencyCompileModuleFromInterface missing from the dependency graph
━ Test swiftEagerCompilationWithExplicitModules() recorded a known issue at SwiftDriverTests.swift:3586:55: Issue recorded
↳ Task Task(forTarget: TargetA, ruleInfo: ["SwiftCompile", "normal", "arm64", "Compiling fileA2.swift", "/private/var/folders/xr/m5_5rlsd6l9fk2w4ngj13k6m0000gn/T/swbuild.tmp.I9GXyx3j/Data.noindex/Test/aProject/Sources/fileA2.swift"]) does not follow any tasks matching [Rule matches [SWBTestSupport.StringPattern.equal("SwiftExplicitDependencyCompileModuleFromInterface"), SWBTestSupport.StringPattern.equal("normal"), SWBTestSupport.StringPattern.equal("arm64"), SWBTestSupport.StringPattern.contains("Swift-")]]. Found: [] in [Task(forTarget: <none>, ruleInfo: ["Gate", "target-TargetA-T-TargetA-44525--Barrier-CopyAside"]), Task(forTarget: <none>, ruleInfo: ["Gate", "target-TargetA-T-TargetA-44525--InfoPlistTaskProducer"]), Task(forTarget: <none>, ruleInfo: ["Gate", "target-TargetB-T-TargetB-44533--Barrier-ChangeAlternatePermissions"]), Task(forTarget: <none>, ruleInfo: ["Gate", "target-TargetA-T-TargetA-44525--swift-generated-headers"]), Task(forTarget: TargetB, ruleInfo: ["ExtractAppIntentsMetadata"]), Task(forTarget: TargetB, ruleInfo: ["SwiftDriver", "TargetB", "normal", "arm64", "com.apple.xcode.tools.swift.compiler"]), Task(forTarget: TargetB, ruleInfo: ["WriteAuxiliaryFile", "/private/var/folders/xr/m5_5rlsd6l9fk2w4ngj13k6m0000gn/T/swbuild.tmp.I9GXyx3j/Data.noindex/Test/aProject/build/aProject.build/Debug/TargetB.build/TargetB-own-target-headers.hmap"]), Task(forTarget: TargetA, ruleInfo: ["WriteAuxiliaryFile", "/private/var/folders/xr/m5_5rlsd6l9fk2w4ngj13k6m0000gn/T/swbuild.tmp.I9GXyx3j/Data.noindex/Test/aProject/build/aProject.build/Debug/TargetA.build/TargetA-generated-files.hmap"]), Task(forTarget: TargetA, ruleInfo: ["SwiftDriver Compilation", "TargetA", "normal", "arm64", "com.apple.xcode.tools.swift.compiler"]), Task(forTarget: TargetA, ruleInfo: ["Ld", "/private/var/folders/xr/m5_5rlsd6l9fk2w4ngj13k6m0000gn/T/swbuild.tmp.I9GXyx3j/Data.noindex/Test/aProject/build/Debug/TargetA.framework/Versions/A/TargetA", "normal"]), Task(forTarget: <none>, ruleInfo: ["SwiftExplicitDependencyCompileModuleFromInterface", "arm64", "/private/var/folders/xr/m5_5rlsd6l9fk2w4ngj13k6m0000gn/T/swbuild.tmp.I9GXyx3j/Data.noindex/Test/aProject/build/SwiftExplicitPrecompiledModules/Swift-NBB0GQDQYZZH.swiftmodule"]), Task(forTarget: TargetB, ruleInfo: ["SwiftMergeGeneratedHeaders", "/private/var/folders/xr/m5_5rlsd6l9fk2w4ngj13k6m0000gn/T/swbuild.tmp.I9GXyx3j/Data.noindex/Test/aProject/build/Debug/TargetB.framework/Versions/A/Headers/TargetB-Swift.h", "/private/var/folders/xr/m5_5rlsd6l9fk2w4ngj13k6m0000gn/T/swbuild.tmp.I9GXyx3j/Data.noindex/Test/aProject/build/aProject.build/Debug/TargetB.build/Objects-normal/arm64/TargetB-Swift.h"]), Task(forTarget: <none>, ruleInfo: ["Gate", "target-TargetB-T-TargetB-44533--TestHostTaskProducer"]), Task(forTarget: TargetB, ruleInfo: ["WriteAuxiliaryFile", "/private/var/folders/xr/m5_5rlsd6l9fk2w4ngj13k6m0000gn/T/swbuild.tmp.I9GXyx3j/Data.noindex/Test/aProject/build/aProject.build/Debug/TargetB.build/Objects-normal/arm64/TargetB.SwiftConstValuesFileList"]), Task(forTarget: <none>, ruleInfo: ["Gate", "target-TargetB-T-TargetB-44533--ModuleMapTaskProducer"]), Task(forTarget: <none>, ruleInfo: ["Gate", "target-TargetB-T-TargetB-44533--SwiftFrameworkABICheckerTaskProducer"]), Task(forTarget: <none>, ruleInfo: ["Gate", "target-TargetB-T-TargetB-44533--Barrier-ChangePermissions"]), Task(forTarget: TargetB, ruleInfo: ["Gate", "target-TargetB-T-TargetB-44533--begin-compiling"]), Task(forTarget: <none>, ruleInfo: ["Gate", "target-TargetB-T-TargetB-44533--TestTargetTaskProducer"]), Task(forTarget: <none>, ruleInfo: ["Gate", "target-TargetB-T-TargetB-44533--TAPISymbolExtractorTaskProducer"]), Task(forTarget: <none>, ruleInfo: ["Gate", "target-TargetB-T-TargetB-44533--HeadermapTaskProducer"]), Task(forTarget: TargetB, ruleInfo: ["Ld", "/private/var/folders/xr/m5_5rlsd6l9fk2w4ngj13k6m0000gn/T/swbuild.tmp.I9GXyx3j/Data.noindex/Test/aProject/build/Debug/TargetB.framework/Versions/A/TargetB", "normal"]), Task(forTarget: TargetB, ruleInfo: ["WriteAuxiliaryFile", "/private/var/folders/xr/m5_5rlsd6l9fk2w4ngj13k6m0000gn/T/swbuild.tmp.I9GXyx3j/Data.noindex/Test/aProject/build/aProject.build/Debug/TargetB.build/Objects-normal/arm64/TargetB.LinkFileList"]), Task(forTarget: <none>, ruleInfo: ["Gate", "target-TargetB-T-TargetB-44533--TestTargetPostprocessingTaskProducer"]), Task(forTarget: <none>, ruleInfo: ["SwiftExplicitDependencyGeneratePcm", "arm64", "/private/var/folders/xr/m5_5rlsd6l9fk2w4ngj13k6m0000gn/T/swbuild.tmp.I9GXyx3j/Data.noindex/Test/aProject/build/SwiftExplicitPrecompiledModules/_SwiftConcurrencyShims-AIZW70LS1W2L0PXECXLASUUHS.pcm"]), Task(forTarget: TargetA, ruleInfo: ["SymLink", "/private/var/folders/xr/m5_5rlsd6l9fk2w4ngj13k6m0000gn/T/swbuild.tmp.I9GXyx3j/Data.noindex/Test/aProject/build/Debug/TargetA.framework/Versions/Current", "A"]), Task(forTarget: <none>, ruleInfo: ["CreateBuildDirectory", "/private/var/folders/xr/m5_5rlsd6l9fk2w4ngj13k6m0000gn/T/swbuild.tmp.I9GXyx3j/Data.noindex/Test/aProject/build"]), Task(forTarget: TargetB, ruleInfo: ["WriteAuxiliaryFile", "/private/var/folders/xr/m5_5rlsd6l9fk2w4ngj13k6m0000gn/T/swbuild.tmp.I9GXyx3j/Data.noindex/Test/aProject/build/aProject.build/Debug/TargetB.build/TargetB.DependencyMetadataFileList"]), Task(forTarget: TargetA, ruleInfo: ["WriteAuxiliaryFile", "/private/var/folders/xr/m5_5rlsd6l9fk2w4ngj13k6m0000gn/T/swbuild.tmp.I9GXyx3j/Data.noindex/Test/aProject/build/aProject.build/Debug/TargetA.build/TargetA.DependencyMetadataFileList"]), Task(forTarget: <none>, ruleInfo: ["Gate", "target-TargetB-T-TargetB-44533--AppExtensionInfoPlistGeneratorTaskProducer"]), Task(forTarget: <none>, ruleInfo: ["Gate", "target-TargetA-T-TargetA-44525--SwiftABIBaselineGenerationTaskProducer"]), Task(forTarget: <none>, ruleInfo: ["Gate", "target-TargetA-T-TargetA-44525--Barrier-Validate"]), Task(forTarget: <none>, ruleInfo: ["SwiftExplicitDependencyGeneratePcm", "arm64", "/private/var/folders/xr/m5_5rlsd6l9fk2w4ngj13k6m0000gn/T/swbuild.tmp.I9GXyx3j/Data.noindex/Test/aProject/build/SwiftExplicitPrecompiledModules/SwiftShims-1XRNFTFX3SVGVJQLDAOI208RW.pcm"]), Task(forTarget: TargetA, ruleInfo: ["SymLink", "/private/var/folders/xr/m5_5rlsd6l9fk2w4ngj13k6m0000gn/T/swbuild.tmp.I9GXyx3j/Data.noindex/Test/aProject/build/Debug/TargetA.framework/Headers", "Versions/Current/Headers"]), Task(forTarget: <none>, ruleInfo: ["Gate", "target-TargetA-T-TargetA-44525--generated-headers"]), Task(forTarget: TargetB, ruleInfo: ["SymLink", "/private/var/folders/xr/m5_5rlsd6l9fk2w4ngj13k6m0000gn/T/swbuild.tmp.I9GXyx3j/Data.noindex/Test/aProject/build/Debug/TargetB.framework/Modules", "Versions/Current/Modules"]), Task(forTarget: <none>, ruleInfo: ["WriteAuxiliaryFile", "/private/var/folders/xr/m5_5rlsd6l9fk2w4ngj13k6m0000gn/T/swbuild.tmp.I9GXyx3j/Data.noindex/Test/aProject/build/aProject.build/Debug/aProject-P44536-VFS/all-product-headers.yaml"]), Task(forTarget: <none>, ruleInfo: ["Gate", "target-TargetA-T-TargetA-44525--TAPISymbolExtractorTaskProducer"]), Task(forTarget: <none>, ruleInfo: ["Gate", "target-TargetA-T-TargetA-44525--TestTargetTaskProducer"]), Task(forTarget: <none>, ruleInfo: ["Gate", "target-TargetB-T-TargetB-44533--CopySwiftPackageResourcesTaskProducer"]), Task(forTarget: <none>, ruleInfo: ["Gate", "target-TargetB-T-TargetB-44533--AppIntentsMetadataTaskProducer"]), Task(forTarget: TargetA, ruleInfo: ["WriteAuxiliaryFile", "/private/var/folders/xr/m5_5rlsd6l9fk2w4ngj13k6m0000gn/T/swbuild.tmp.I9GXyx3j/Data.noindex/Test/aProject/build/aProject.build/Debug/TargetA.build/TargetA-all-target-headers.hmap"]), Task(forTarget: TargetB, ruleInfo: ["MkDir", "/private/var/folders/xr/m5_5rlsd6l9fk2w4ngj13k6m0000gn/T/swbuild.tmp.I9GXyx3j/Data.noindex/Test/aProject/build/Debug/TargetB.framework/Versions/A"]), Task(forTarget: <none>, ruleInfo: ["Gate", "target-TargetB-T-TargetB-44533--CustomTaskProducer"]), Task(forTarget: TargetB, ruleInfo: ["WriteAuxiliaryFile", "/private/var/folders/xr/m5_5rlsd6l9fk2w4ngj13k6m0000gn/T/swbuild.tmp.I9GXyx3j/Data.noindex/Test/aProject/build/aProject.build/Debug/TargetB.build/Objects-normal/arm64/TargetB.SwiftFileList"]), Task(forTarget: TargetB, ruleInfo: ["WriteAuxiliaryFile", "/private/var/folders/xr/m5_5rlsd6l9fk2w4ngj13k6m0000gn/T/swbuild.tmp.I9GXyx3j/Data.noindex/Test/aProject/build/aProject.build/Debug/TargetB.build/Objects-normal/arm64/TargetB-OutputFileMap.json"]), Task(forTarget: TargetA, ruleInfo: ["MkDir", "/private/var/folders/xr/m5_5rlsd6l9fk2w4ngj13k6m0000gn/T/swbuild.tmp.I9GXyx3j/Data.noindex/Test/aProject/build/Debug/TargetA.framework/Versions/A/Headers"]), Task(forTarget: <none>, ruleInfo: ["Gate", "target-TargetB-T-TargetB-44533--StubBinaryTaskProducer"]), Task(forTarget: <none>, ruleInfo: ["Gate", "target-TargetB-T-TargetB-44533--DocumentationTaskProducer"]), Task(forTarget: TargetA, ruleInfo: ["SwiftDriver", "TargetA", "normal", "arm64", "com.apple.xcode.tools.swift.compiler"]), Task(forTarget: <none>, ruleInfo: ["Gate", "target-TargetB-T-TargetB-44533--GenerateAppPlaygroundAssetCatalogTaskProducer"]), Task(forTarget: <none>, ruleInfo: ["Gate", "target-TargetA-T-TargetA-44525--Barrier-CodeSign"]), Task(forTarget: <none>, ruleInfo: ["Gate", "target-TargetA-T-TargetA-44525--AppExtensionInfoPlistGeneratorTaskProducer"]), Task(forTarget: TargetB, ruleInfo: ["Gate", "target-TargetB-T-TargetB-44533--entry"]), Task(forTarget: TargetB, ruleInfo: ["Gate", "target-TargetB-T-TargetB-44533--will-sign"]), Task(forTarget: <none>, ruleInfo: ["Gate", "target-TargetB-T-TargetB-44533--Barrier-CopyAside"]), Task(forTarget: <none>, ruleInfo: ["Gate", "target-TargetA-T-TargetA-44525--ProductStructureTaskProducer"]), Task(forTarget: TargetA, ruleInfo: ["Gate", "target-TargetA-T-TargetA-44525--begin-linking"]), Task(forTarget: TargetB, ruleInfo: ["Copy", "/private/var/folders/xr/m5_5rlsd6l9fk2w4ngj13k6m0000gn/T/swbuild.tmp.I9GXyx3j/Data.noindex/Test/aProject/build/Debug/TargetB.framework/Versions/A/Modules/TargetB.swiftmodule/arm64-apple-macos.swiftdoc", "/private/var/folders/xr/m5_5rlsd6l9fk2w4ngj13k6m0000gn/T/swbuild.tmp.I9GXyx3j/Data.noindex/Test/aProject/build/aProject.build/Debug/TargetB.build/Objects-normal/arm64/TargetB.swiftdoc"]), Task(forTarget: TargetB, ruleInfo: ["Copy", "/private/var/folders/xr/m5_5rlsd6l9fk2w4ngj13k6m0000gn/T/swbuild.tmp.I9GXyx3j/Data.noindex/Test/aProject/build/Debug/TargetB.framework/Versions/A/Modules/TargetB.swiftmodule/arm64-apple-macos.swiftmodule", "/private/var/folders/xr/m5_5rlsd6l9fk2w4ngj13k6m0000gn/T/swbuild.tmp.I9GXyx3j/Data.noindex/Test/aProject/build/aProject.build/Debug/TargetB.build/Objects-normal/arm64/TargetB.swiftmodule"]), Task(forTarget: TargetB, ruleInfo: ["SymLink", "/private/var/folders/xr/m5_5rlsd6l9fk2w4ngj13k6m0000gn/T/swbuild.tmp.I9GXyx3j/Data.noindex/Test/aProject/build/EagerLinkingTBDs/Debug/TargetB.framework/TargetB.tbd", "/private/var/folders/xr/m5_5rlsd6l9fk2w4ngj13k6m0000gn/T/swbuild.tmp.I9GXyx3j/Data.noindex/Test/aProject/build/EagerLinkingTBDs/Debug/TargetB.framework/Versions/A/TargetB.tbd"]), Task(forTarget: TargetA, ruleInfo: ["SwiftMergeGeneratedHeaders", "/private/var/folders/xr/m5_5rlsd6l9fk2w4ngj13k6m0000gn/T/swbuild.tmp.I9GXyx3j/Data.noindex/Test/aProject/build/Debug/TargetA.framework/Versions/A/Headers/TargetA-Swift.h", "/private/var/folders/xr/m5_5rlsd6l9fk2w4ngj13k6m0000gn/T/swbuild.tmp.I9GXyx3j/Data.noindex/Test/aProject/build/aProject.build/Debug/TargetA.build/Objects-normal/arm64/TargetA-Swift.h"]), Task(forTarget: <none>, ruleInfo: ["SwiftExplicitDependencyCompileModuleFromInterface", "arm64", "/private/var/folders/xr/m5_5rlsd6l9fk2w4ngj13k6m0000gn/T/swbuild.tmp.I9GXyx3j/Data.noindex/Test/aProject/build/SwiftExplicitPrecompiledModules/_Concurrency-CB34E6W1YOX6.swiftmodule"]), Task(forTarget: TargetA, ruleInfo: ["Gate", "target-TargetA-T-TargetA-44525--unsigned-product-ready"]), Task(forTarget: TargetA, ruleInfo: ["Gate", "target-TargetA-T-TargetA-44525--end"]), Task(forTarget: <none>, ruleInfo: ["Gate", "target-TargetA-T-TargetA-44525--ExtensionPointExtractorTaskProducer"]), Task(forTarget: TargetB, ruleInfo: ["Touch", "/private/var/folders/xr/m5_5rlsd6l9fk2w4ngj13k6m0000gn/T/swbuild.tmp.I9GXyx3j/Data.noindex/Test/aProject/build/Debug/TargetB.framework"]), Task(forTarget: TargetB, ruleInfo: ["Gate", "target-TargetB-T-TargetB-44533--linker-inputs-ready"]), Task(forTarget: TargetA, ruleInfo: ["WriteAuxiliaryFile", "/private/var/folders/xr/m5_5rlsd6l9fk2w4ngj13k6m0000gn/T/swbuild.tmp.I9GXyx3j/Data.noindex/Test/aProject/build/aProject.build/Debug/TargetA.build/Objects-normal/arm64/TargetA.SwiftFileList"]), Task(forTarget: TargetB, ruleInfo: ["WriteAuxiliaryFile", "/private/var/folders/xr/m5_5rlsd6l9fk2w4ngj13k6m0000gn/T/swbuild.tmp.I9GXyx3j/Data.noindex/Test/aProject/build/aProject.build/Debug/TargetB.build/TargetB-project-headers.hmap"]), Task(forTarget: <none>, ruleInfo: ["Gate", "target-TargetB-T-TargetB-44533--copy-headers-completion"]), Task(forTarget: <none>, ruleInfo: ["Gate", "target-TargetB-T-TargetB-44533--Barrier-Validate"]), Task(forTarget: TargetB, ruleInfo: ["Copy", "/private/var/folders/xr/m5_5rlsd6l9fk2w4ngj13k6m0000gn/T/swbuild.tmp.I9GXyx3j/Data.noindex/Test/aProject/build/Debug/TargetB.framework/Versions/A/Modules/TargetB.swiftmodule/arm64-apple-macos.abi.json", "/private/var/folders/xr/m5_5rlsd6l9fk2w4ngj13k6m0000gn/T/swbuild.tmp.I9GXyx3j/Data.noindex/Test/aProject/build/aProject.build/Debug/TargetB.build/Objects-normal/arm64/TargetB.abi.json"]), Task(forTarget: TargetA, ruleInfo: ["WriteAuxiliaryFile", "/private/var/folders/xr/m5_5rlsd6l9fk2w4ngj13k6m0000gn/T/swbuild.tmp.I9GXyx3j/Data.noindex/Test/aProject/build/aProject.build/Debug/TargetA.build/TargetA-own-target-headers.hmap"]), Task(forTarget: TargetB, ruleInfo: ["Gate", "target-TargetB-T-TargetB-44533--begin-scanning"]), Task(forTarget: TargetA, ruleInfo: ["WriteAuxiliaryFile", "/private/var/folders/xr/m5_5rlsd6l9fk2w4ngj13k6m0000gn/T/swbuild.tmp.I9GXyx3j/Data.noindex/Test/aProject/build/aProject.build/Debug/TargetA.build/TargetA.DependencyStaticMetadataFileList"]), Task(forTarget: <none>, ruleInfo: ["Gate", "target-TargetA-T-TargetA-44525--ModuleVerifierTaskProducer"]), Task(forTarget: TargetA, ruleInfo: ["SwiftCompile", "normal", "arm64", "Compiling fileA2.swift", "/private/var/folders/xr/m5_5rlsd6l9fk2w4ngj13k6m0000gn/T/swbuild.tmp.I9GXyx3j/Data.noindex/Test/aProject/Sources/fileA2.swift"]), Task(forTarget: TargetA, ruleInfo: ["Copy", "/private/var/folders/xr/m5_5rlsd6l9fk2w4ngj13k6m0000gn/T/swbuild.tmp.I9GXyx3j/Data.noindex/Test/aProject/build/Debug/TargetA.framework/Versions/A/Modules/TargetA.swiftmodule/arm64-apple-macos.swiftmodule", "/private/var/folders/xr/m5_5rlsd6l9fk2w4ngj13k6m0000gn/T/swbuild.tmp.I9GXyx3j/Data.noindex/Test/aProject/build/aProject.build/Debug/TargetA.build/Objects-normal/arm64/TargetA.swiftmodule"]), Task(forTarget: TargetA, ruleInfo: ["Gate", "target-TargetA-T-TargetA-44525--modules-ready"]), Task(forTarget: TargetB, ruleInfo: ["SwiftCompile", "normal", "arm64", "Compiling fileB1.swift", "/private/var/folders/xr/m5_5rlsd6l9fk2w4ngj13k6m0000gn/T/swbuild.tmp.I9GXyx3j/Data.noindex/Test/aProject/Sources/fileB1.swift"]), Task(forTarget: <none>, ruleInfo: ["Gate", "target-TargetB-T-TargetB-44533--Barrier-CodeSign"]), Task(forTarget: <none>, ruleInfo: ["Gate", "target-TargetB-T-TargetB-44533--generated-headers"]), Task(forTarget: <none>, ruleInfo: ["CreateBuildDirectory", "/private/var/folders/xr/m5_5rlsd6l9fk2w4ngj13k6m0000gn/T/swbuild.tmp.I9GXyx3j/Data.noindex/Test/aProject/build/SwiftExplicitPrecompiledModules"]), Task(forTarget: <none>, ruleInfo: ["Gate", "target-TargetA-T-TargetA-44525--SanitizerTaskProducer"]), Task(forTarget: TargetA, ruleInfo: ["SwiftDriver Compilation Requirements", "TargetA", "normal", "arm64", "com.apple.xcode.tools.swift.compiler"]), Task(forTarget: <none>, ruleInfo: ["CreateBuildDirectory", "/var/folders/xr/m5_5rlsd6l9fk2w4ngj13k6m0000gn/C/com.apple.DeveloperTools/26.4.1-17E202/Xcode/CompilationCache.noindex"]), Task(forTarget: <none>, ruleInfo: ["Gate", "target-TargetA-T-TargetA-44525--AppIntentsMetadataTaskProducer"]), Task(forTarget: TargetB, ruleInfo: ["SymLink", "/private/var/folders/xr/m5_5rlsd6l9fk2w4ngj13k6m0000gn/T/swbuild.tmp.I9GXyx3j/Data.noindex/Test/aProject/build/Debug/TargetB.framework/Versions/Current", "A"]), Task(forTarget: TargetA, ruleInfo: ["Copy", "/private/var/folders/xr/m5_5rlsd6l9fk2w4ngj13k6m0000gn/T/swbuild.tmp.I9GXyx3j/Data.noindex/Test/aProject/build/Debug/TargetA.framework/Versions/A/Modules/TargetA.swiftmodule/arm64-apple-macos.swiftdoc", "/private/var/folders/xr/m5_5rlsd6l9fk2w4ngj13k6m0000gn/T/swbuild.tmp.I9GXyx3j/Data.noindex/Test/aProject/build/aProject.build/Debug/TargetA.build/Objects-normal/arm64/TargetA.swiftdoc"]), Task(forTarget: TargetA, ruleInfo: ["RegisterExecutionPolicyException", "/private/var/folders/xr/m5_5rlsd6l9fk2w4ngj13k6m0000gn/T/swbuild.tmp.I9GXyx3j/Data.noindex/Test/aProject/build/Debug/TargetA.framework"]), Task(forTarget: <none>, ruleInfo: ["Gate", "target-TargetA-T-TargetA-44525--SwiftPackageCopyFilesTaskProducer"]), Task(forTarget: TargetA, ruleInfo: ["Copy", "/private/var/folders/xr/m5_5rlsd6l9fk2w4ngj13k6m0000gn/T/swbuild.tmp.I9GXyx3j/Data.noindex/Test/aProject/build/Debug/TargetA.framework/Versions/A/Modules/TargetA.swiftmodule/arm64-apple-macos.abi.json", "/private/var/folders/xr/m5_5rlsd6l9fk2w4ngj13k6m0000gn/T/swbuild.tmp.I9GXyx3j/Data.noindex/Test/aProject/build/aProject.build/Debug/TargetA.build/Objects-normal/arm64/TargetA.abi.json"]), Task(forTarget: TargetB, ruleInfo: ["SwiftEmitModule", "normal", "arm64", "Emitting module for TargetB"]), Task(forTarget: TargetA, ruleInfo: ["Touch", "/private/var/folders/xr/m5_5rlsd6l9fk2w4ngj13k6m0000gn/T/swbuild.tmp.I9GXyx3j/Data.noindex/Test/aProject/build/Debug/TargetA.framework"]), Task(forTarget: TargetA, ruleInfo: ["Gate", "target-TargetA-T-TargetA-44525--linker-inputs-ready"]), Task(forTarget: <none>, ruleInfo: ["Gate", "target-TargetB-T-TargetB-44533--ProductStructureTaskProducer"]), Task(forTarget: TargetB, ruleInfo: ["SwiftDriver Compilation", "TargetB", "normal", "arm64", "com.apple.xcode.tools.swift.compiler"]), Task(forTarget: <none>, ruleInfo: ["Gate", "target-TargetB-T-TargetB-44533--Barrier-RegisterExecutionPolicyException"]), Task(forTarget: TargetA, ruleInfo: ["WriteAuxiliaryFile", "/private/var/folders/xr/m5_5rlsd6l9fk2w4ngj13k6m0000gn/T/swbuild.tmp.I9GXyx3j/Data.noindex/Test/aProject/build/aProject.build/Debug/TargetA.build/Objects-normal/arm64/TargetA-OutputFileMap.json"]), Task(forTarget: <none>, ruleInfo: ["Gate", "target-TargetA-T-TargetA-44525--HeadermapTaskProducer"]), Task(forTarget: TargetB, ruleInfo: ["WriteAuxiliaryFile", "/private/var/folders/xr/m5_5rlsd6l9fk2w4ngj13k6m0000gn/T/swbuild.tmp.I9GXyx3j/Data.noindex/Test/aProject/build/aProject.build/Debug/TargetB.build/TargetB.DependencyStaticMetadataFileList"]), Task(forTarget: TargetA, ruleInfo: ["Gate", "target-TargetA-T-TargetA-44525--begin-compiling"]), Task(forTarget: <none>, ruleInfo: ["Gate", "target-TargetA-T-TargetA-44525--GeneratedFilesTaskProducer"]), Task(forTarget: <none>, ruleInfo: ["Gate", "target-TargetA-T-TargetA-44525--DocumentationTaskProducer"]), Task(forTarget: <none>, ruleInfo: ["Gate", "target-TargetB-T-TargetB-44533--InfoPlistTaskProducer"]), Task(forTarget: <none>, ruleInfo: ["Gate", "target-TargetA-T-TargetA-44525--SwiftFrameworkABICheckerTaskProducer"]), Task(forTarget: TargetB, ruleInfo: ["Gate", "target-TargetB-T-TargetB-44533--end"]), Task(forTarget: TargetA, ruleInfo: ["MkDir", "/private/var/folders/xr/m5_5rlsd6l9fk2w4ngj13k6m0000gn/T/swbuild.tmp.I9GXyx3j/Data.noindex/Test/aProject/build/Debug/TargetA.framework/Versions/A"]), Task(forTarget: <none>, ruleInfo: ["Gate", "target-TargetB-T-TargetB-44533--fused-phase0-compile-sources&link-binary"]), Task(forTarget: <none>, ruleInfo: ["Gate", "target-TargetB-T-TargetB-44533--SwiftStandardLibrariesTaskProducer"]), Task(forTarget: <none>, ruleInfo: ["Gate", "target-TargetB-T-TargetB-44533--SwiftABIBaselineGenerationTaskProducer"]), Task(forTarget: <none>, ruleInfo: ["Gate", "target-TargetA-T-TargetA-44525--TestTargetPostprocessingTaskProducer"]), Task(forTarget: <none>, ruleInfo: ["Gate", "target-TargetA-T-TargetA-44525--ProductPostprocessingTaskProducer"]), Task(forTarget: <none>, ruleInfo: ["Gate", "target-TargetB-T-TargetB-44533--RealityAssetsTaskProducer"]), Task(forTarget: TargetA, ruleInfo: ["Copy", "/private/var/folders/xr/m5_5rlsd6l9fk2w4ngj13k6m0000gn/T/swbuild.tmp.I9GXyx3j/Data.noindex/Test/aProject/build/Debug/TargetA.framework/Versions/A/Modules/TargetA.swiftmodule/Project/arm64-apple-macos.swiftsourceinfo", "/private/var/folders/xr/m5_5rlsd6l9fk2w4ngj13k6m0000gn/T/swbuild.tmp.I9GXyx3j/Data.noindex/Test/aProject/build/aProject.build/Debug/TargetA.build/Objects-normal/arm64/TargetA.swiftsourceinfo"]), Task(forTarget: TargetB, ruleInfo: ["Copy", "/private/var/folders/xr/m5_5rlsd6l9fk2w4ngj13k6m0000gn/T/swbuild.tmp.I9GXyx3j/Data.noindex/Test/aProject/build/Debug/TargetB.framework/Versions/A/Modules/TargetB.swiftmodule/Project/arm64-apple-macos.swiftsourceinfo", "/private/var/folders/xr/m5_5rlsd6l9fk2w4ngj13k6m0000gn/T/swbuild.tmp.I9GXyx3j/Data.noindex/Test/aProject/build/aProject.build/Debug/TargetB.build/Objects-normal/arm64/TargetB.swiftsourceinfo"]), Task(forTarget: TargetB, ruleInfo: ["WriteAuxiliaryFile", "/private/var/folders/xr/m5_5rlsd6l9fk2w4ngj13k6m0000gn/T/swbuild.tmp.I9GXyx3j/Data.noindex/Test/aProject/build/aProject.build/Debug/TargetB.build/TargetB-all-non-framework-target-headers.hmap"]), Task(forTarget: <none>, ruleInfo: ["Gate", "target-TargetB-T-TargetB-44533--Barrier-GenerateStubAPI"]), Task(forTarget: TargetB, ruleInfo: ["RegisterExecutionPolicyException", "/private/var/folders/xr/m5_5rlsd6l9fk2w4ngj13k6m0000gn/T/swbuild.tmp.I9GXyx3j/Data.noindex/Test/aProject/build/Debug/TargetB.framework"]), Task(forTarget: TargetA, ruleInfo: ["SwiftEmitModule", "normal", "arm64", "Emitting module for TargetA"]), Task(forTarget: <none>, ruleInfo: ["SwiftExplicitDependencyCompileModuleFromInterface", "arm64", "/private/var/folders/xr/m5_5rlsd6l9fk2w4ngj13k6m0000gn/T/swbuild.tmp.I9GXyx3j/Data.noindex/Test/aProject/build/SwiftExplicitPrecompiledModules/_StringProcessing-1O0ZQ2K74RYD5.swiftmodule"]), Task(forTarget: TargetB, ruleInfo: ["Gate", "target-TargetB-T-TargetB-44533--begin-linking"]), Task(forTarget: TargetB, ruleInfo: ["Gate", "target-TargetB-T-TargetB-44533--unsigned-product-ready"]), Task(forTarget: TargetB, ruleInfo: ["MkDir", "/private/var/folders/xr/m5_5rlsd6l9fk2w4ngj13k6m0000gn/T/swbuild.tmp.I9GXyx3j/Data.noindex/Test/aProject/build/Debug/TargetB.framework"]), Task(forTarget: <none>, ruleInfo: ["Gate", "target-TargetB-T-TargetB-44533--ExtensionPointExtractorTaskProducer"]), Task(forTarget: TargetA, ruleInfo: ["WriteAuxiliaryFile", "/private/var/folders/xr/m5_5rlsd6l9fk2w4ngj13k6m0000gn/T/swbuild.tmp.I9GXyx3j/Data.noindex/Test/aProject/build/aProject.build/Debug/TargetA.build/Objects-normal/arm64/TargetA_const_extract_protocols.json"]), Task(forTarget: <none>, ruleInfo: ["Gate", "target-TargetA-T-TargetA-44525--CustomTaskProducer"]), Task(forTarget: <none>, ruleInfo: ["ClangStatCache", "/Applications/Xcode17E.app/Contents/Developer/Toolchains/XcodeDefault.xctoolchain/usr/bin/clang-stat-cache", "/Applications/Xcode17E.app/Contents/Developer/Platforms/MacOSX.platform/Developer/SDKs/MacOSX26.4.sdk", "/private/var/folders/xr/m5_5rlsd6l9fk2w4ngj13k6m0000gn/T/swbuild.tmp.I9GXyx3j/Data.noindex/Test/SDKStatCaches.noindex/macosx26.4-25E260-95aa6cf8f3effd57bda17e0c125410c0.sdkstatcache"]), Task(forTarget: <none>, ruleInfo: ["Gate", "target-TargetB-T-TargetB-44533--TestEntryPointTaskProducerFactory"]), Task(forTarget: TargetA, ruleInfo: ["Gate", "target-TargetA-T-TargetA-44525--immediate"]), Task(forTarget: <none>, ruleInfo: ["CreateBuildDirectory", "/private/var/folders/xr/m5_5rlsd6l9fk2w4ngj13k6m0000gn/T/swbuild.tmp.I9GXyx3j/Data.noindex/Test/aProject/build/Debug"]), Task(forTarget: TargetA, ruleInfo: ["Gate", "target-TargetA-T-TargetA-44525--entry"]), Task(forTarget: <none>, ruleInfo: ["Gate", "target-TargetA-T-TargetA-44525--SwiftStandardLibrariesTaskProducer"]), Task(forTarget: <none>, ruleInfo: ["Gate", "target-TargetA-T-TargetA-44525--TestEntryPointTaskProducerFactory"]), Task(forTarget: TargetA, ruleInfo: ["WriteAuxiliaryFile", "/private/var/folders/xr/m5_5rlsd6l9fk2w4ngj13k6m0000gn/T/swbuild.tmp.I9GXyx3j/Data.noindex/Test/aProject/build/aProject.build/Debug/TargetA.build/TargetA-project-headers.hmap"]), Task(forTarget: <none>, ruleInfo: ["Gate", "target-TargetA-T-TargetA-44525--Barrier-GenerateStubAPI"]), Task(forTarget: TargetA, ruleInfo: ["MkDir", "/private/var/folders/xr/m5_5rlsd6l9fk2w4ngj13k6m0000gn/T/swbuild.tmp.I9GXyx3j/Data.noindex/Test/aProject/build/Debug/TargetA.framework"]), Task(forTarget: TargetB, ruleInfo: ["WriteAuxiliaryFile", "/private/var/folders/xr/m5_5rlsd6l9fk2w4ngj13k6m0000gn/T/swbuild.tmp.I9GXyx3j/Data.noindex/Test/aProject/build/aProject.build/Debug/TargetB.build/TargetB-generated-files.hmap"]), Task(forTarget: TargetB, ruleInfo: ["WriteAuxiliaryFile", "/private/var/folders/xr/m5_5rlsd6l9fk2w4ngj13k6m0000gn/T/swbuild.tmp.I9GXyx3j/Data.noindex/Test/aProject/build/aProject.build/Debug/TargetB.build/Objects-normal/arm64/TargetB_const_extract_protocols.json"]), Task(forTarget: TargetB, ruleInfo: ["MkDir", "/private/var/folders/xr/m5_5rlsd6l9fk2w4ngj13k6m0000gn/T/swbuild.tmp.I9GXyx3j/Data.noindex/Test/aProject/build/Debug/TargetB.framework/Versions"]), Task(forTarget: <none>, ruleInfo: ["Gate", "target-TargetA-T-TargetA-44525--CopySwiftPackageResourcesTaskProducer"]), Task(forTarget: <none>, ruleInfo: ["Gate", "target-TargetA-T-TargetA-44525--Barrier-ChangeAlternatePermissions"]), Task(forTarget: TargetA, ruleInfo: ["SymLink", "/private/var/folders/xr/m5_5rlsd6l9fk2w4ngj13k6m0000gn/T/swbuild.tmp.I9GXyx3j/Data.noindex/Test/aProject/build/EagerLinkingTBDs/Debug/TargetA.framework/TargetA.tbd", "/private/var/folders/xr/m5_5rlsd6l9fk2w4ngj13k6m0000gn/T/swbuild.tmp.I9GXyx3j/Data.noindex/Test/aProject/build/EagerLinkingTBDs/Debug/TargetA.framework/Versions/A/TargetA.tbd"]), Task(forTarget: <none>, ruleInfo: ["Gate", "target-TargetA-T-TargetA-44525--Barrier-RegisterExecutionPolicyException"]), Task(forTarget: <none>, ruleInfo: ["Gate", "target-TargetB-T-TargetB-44533--SwiftPackageCopyFilesTaskProducer"]), Task(forTarget: TargetA, ruleInfo: ["SwiftCompile", "normal", "arm64", "Compiling fileA1.swift", "/private/var/folders/xr/m5_5rlsd6l9fk2w4ngj13k6m0000gn/T/swbuild.tmp.I9GXyx3j/Data.noindex/Test/aProject/Sources/fileA1.swift"]), Task(forTarget: <none>, ruleInfo: ["Gate", "target-TargetB-T-TargetB-44533--Barrier-StripSymbols"]), Task(forTarget: TargetA, ruleInfo: ["WriteAuxiliaryFile", "/private/var/folders/xr/m5_5rlsd6l9fk2w4ngj13k6m0000gn/T/swbuild.tmp.I9GXyx3j/Data.noindex/Test/aProject/build/aProject.build/Debug/TargetA.build/TargetA-all-non-framework-target-headers.hmap"]), Task(forTarget: <none>, ruleInfo: ["Gate", "target-TargetB-T-TargetB-44533--SanitizerTaskProducer"]), Task(forTarget: <none>, ruleInfo: ["Gate", "target-TargetB-T-TargetB-44533--swift-generated-headers"]), Task(forTarget: <none>, ruleInfo: ["Gate", "target-TargetB-T-TargetB-44533--Barrier-RegisterProduct"]), Task(forTarget: <none>, ruleInfo: ["Gate", "target-TargetB-T-TargetB-44533--GeneratedFilesTaskProducer"]), Task(forTarget: <none>, ruleInfo: ["Gate", "target-TargetA-T-TargetA-44525--Barrier-StripSymbols"]), Task(forTarget: TargetB, ruleInfo: ["GenerateTAPI", "/private/var/folders/xr/m5_5rlsd6l9fk2w4ngj13k6m0000gn/T/swbuild.tmp.I9GXyx3j/Data.noindex/Test/aProject/build/EagerLinkingTBDs/Debug/TargetB.framework/Versions/A/TargetB.tbd"]), Task(forTarget: <none>, ruleInfo: ["Gate", "target-TargetA-T-TargetA-44525--GenerateAppPlaygroundAssetCatalogTaskProducer"]), Task(forTarget: <none>, ruleInfo: ["Gate", "target-TargetA-T-TargetA-44525--Barrier-ChangePermissions"]), Task(forTarget: TargetA, ruleInfo: ["WriteAuxiliaryFile", "/private/var/folders/xr/m5_5rlsd6l9fk2w4ngj13k6m0000gn/T/swbuild.tmp.I9GXyx3j/Data.noindex/Test/aProject/build/aProject.build/Debug/TargetA.build/Objects-normal/arm64/TargetA.SwiftConstValuesFileList"]), Task(forTarget: TargetA, ruleInfo: ["MkDir", "/private/var/folders/xr/m5_5rlsd6l9fk2w4ngj13k6m0000gn/T/swbuild.tmp.I9GXyx3j/Data.noindex/Test/aProject/build/Debug/TargetA.framework/Versions"]), Task(forTarget: <none>, ruleInfo: ["Gate", "target-TargetA-T-TargetA-44525--StubBinaryTaskProducer"]), Task(forTarget: <none>, ruleInfo: ["Gate", "target-TargetB-T-TargetB-44533--ProductPostprocessingTaskProducer"]), Task(forTarget: TargetA, ruleInfo: ["WriteAuxiliaryFile", "/private/var/folders/xr/m5_5rlsd6l9fk2w4ngj13k6m0000gn/T/swbuild.tmp.I9GXyx3j/Data.noindex/Test/aProject/build/aProject.build/Debug/TargetA.build/Objects-normal/arm64/TargetA.LinkFileList"]), Task(forTarget: <none>, ruleInfo: ["Gate", "target-TargetA-T-TargetA-44525--ModuleMapTaskProducer"]), Task(forTarget: TargetA, ruleInfo: ["ExtractAppIntentsMetadata"]), Task(forTarget: TargetB, ruleInfo: ["WriteAuxiliaryFile", "/private/var/folders/xr/m5_5rlsd6l9fk2w4ngj13k6m0000gn/T/swbuild.tmp.I9GXyx3j/Data.noindex/Test/aProject/build/aProject.build/Debug/TargetB.build/TargetB.hmap"]), Task(forTarget: TargetA, ruleInfo: ["SymLink", "/private/var/folders/xr/m5_5rlsd6l9fk2w4ngj13k6m0000gn/T/swbuild.tmp.I9GXyx3j/Data.noindex/Test/aProject/build/Debug/TargetA.framework/TargetA", "Versions/Current/TargetA"]), Task(forTarget: TargetB, ruleInfo: ["MkDir", "/private/var/folders/xr/m5_5rlsd6l9fk2w4ngj13k6m0000gn/T/swbuild.tmp.I9GXyx3j/Data.noindex/Test/aProject/build/Debug/TargetB.framework/Versions/A/Headers"]), Task(forTarget: <none>, ruleInfo: ["CreateBuildDirectory", "/private/var/folders/xr/m5_5rlsd6l9fk2w4ngj13k6m0000gn/T/swbuild.tmp.I9GXyx3j/Data.noindex/Test/aProject/build/ExplicitPrecompiledModules"]), Task(forTarget: <none>, ruleInfo: ["Gate", "target-TargetA-T-TargetA-44525--RealityAssetsTaskProducer"]), Task(forTarget: <none>, ruleInfo: ["Gate", "target-TargetA-T-TargetA-44525--TestHostTaskProducer"]), Task(forTarget: TargetA, ruleInfo: ["Gate", "target-TargetA-T-TargetA-44525--will-sign"]), Task(forTarget: <none>, ruleInfo: ["CreateBuildDirectory", "/private/var/folders/xr/m5_5rlsd6l9fk2w4ngj13k6m0000gn/T/swbuild.tmp.I9GXyx3j/Data.noindex/Test/aProject/build/SharedPrecompiledHeaders"]), Task(forTarget: TargetA, ruleInfo: ["WriteAuxiliaryFile", "/private/var/folders/xr/m5_5rlsd6l9fk2w4ngj13k6m0000gn/T/swbuild.tmp.I9GXyx3j/Data.noindex/Test/aProject/build/aProject.build/Debug/TargetA.build/TargetA.hmap"]), Task(forTarget: TargetA, ruleInfo: ["SymLink", "/private/var/folders/xr/m5_5rlsd6l9fk2w4ngj13k6m0000gn/T/swbuild.tmp.I9GXyx3j/Data.noindex/Test/aProject/build/Debug/TargetA.framework/Modules", "Versions/Current/Modules"]), Task(forTarget: <none>, ruleInfo: ["Gate", "target-TargetA-T-TargetA-44525--copy-headers-completion"]), Task(forTarget: <none>, ruleInfo: ["Gate", "target-TargetA-T-TargetA-44525--fused-phase0-compile-sources"]), Task(forTarget: <none>, ruleInfo: ["Gate", "WorkspaceHeaderMapVFSFilesWritten"]), Task(forTarget: TargetB, ruleInfo: ["SymLink", "/private/var/folders/xr/m5_5rlsd6l9fk2w4ngj13k6m0000gn/T/swbuild.tmp.I9GXyx3j/Data.noindex/Test/aProject/build/Debug/TargetB.framework/Headers", "Versions/Current/Headers"]), Task(forTarget: TargetB, ruleInfo: ["SwiftDriver Compilation Requirements", "TargetB", "normal", "arm64", "com.apple.xcode.tools.swift.compiler"]), Task(forTarget: <none>, ruleInfo: ["Gate", "target-TargetA-T-TargetA-44525--Barrier-RegisterProduct"]), Task(forTarget: TargetB, ruleInfo: ["Gate", "target-TargetB-T-TargetB-44533--modules-ready"]), Task(forTarget: <none>, ruleInfo: ["CreateBuildDirectory", "/private/var/folders/xr/m5_5rlsd6l9fk2w4ngj13k6m0000gn/T/swbuild.tmp.I9GXyx3j/Data.noindex/Test/aProject/build/EagerLinkingTBDs/Debug"]), Task(forTarget: TargetB, ruleInfo: ["WriteAuxiliaryFile", "/private/var/folders/xr/m5_5rlsd6l9fk2w4ngj13k6m0000gn/T/swbuild.tmp.I9GXyx3j/Data.noindex/Test/aProject/build/aProject.build/Debug/TargetB.build/TargetB-all-target-headers.hmap"]), Task(forTarget: <none>, ruleInfo: ["Gate", "target-TargetB-T-TargetB-44533--ModuleVerifierTaskProducer"]), Task(forTarget: TargetA, ruleInfo: ["Gate", "target-TargetA-T-TargetA-44525--begin-scanning"]), Task(forTarget: TargetB, ruleInfo: ["Gate", "target-TargetB-T-TargetB-44533--immediate"]), Task(forTarget: TargetA, ruleInfo: ["GenerateTAPI", "/private/var/folders/xr/m5_5rlsd6l9fk2w4ngj13k6m0000gn/T/swbuild.tmp.I9GXyx3j/Data.noindex/Test/aProject/build/EagerLinkingTBDs/Debug/TargetA.framework/Versions/A/TargetA.tbd"]), Task(forTarget: TargetB, ruleInfo: ["SymLink", "/private/var/folders/xr/m5_5rlsd6l9fk2w4ngj13k6m0000gn/T/swbuild.tmp.I9GXyx3j/Data.noindex/Test/aProject/build/Debug/TargetB.framework/TargetB", "Versions/Current/TargetB"]), Task(forTarget: TargetB, ruleInfo: ["SwiftCompile", "normal", "arm64", "Compiling fileB2.swift", "/private/var/folders/xr/m5_5rlsd6l9fk2w4ngj13k6m0000gn/T/swbuild.tmp.I9GXyx3j/Data.noindex/Test/aProject/Sources/fileB2.swift"])]
↳ Occasionally fails in CI due to SwiftExplicitDependencyCompileModuleFromInterface missing from the dependency graph
━ Test swiftEagerCompilationWithExplicitModules() recorded a known issue at SwiftDriverTests.swift:3587:55: Issue recorded
↳ Task Task(forTarget: TargetA, ruleInfo: ["SwiftCompile", "normal", "arm64", "Compiling fileA2.swift", "/private/var/folders/xr/m5_5rlsd6l9fk2w4ngj13k6m0000gn/T/swbuild.tmp.I9GXyx3j/Data.noindex/Test/aProject/Sources/fileA2.swift"]) does not follow any tasks matching [Rule matches [SWBTestSupport.StringPattern.equal("SwiftExplicitDependencyCompileModuleFromInterface"), SWBTestSupport.StringPattern.equal("normal"), SWBTestSupport.StringPattern.equal("arm64"), SWBTestSupport.StringPattern.contains("_Concurrency-")]]. Found: [] in [Task(forTarget: <none>, ruleInfo: ["Gate", "target-TargetA-T-TargetA-44525--Barrier-CopyAside"]), Task(forTarget: <none>, ruleInfo: ["Gate", "target-TargetA-T-TargetA-44525--InfoPlistTaskProducer"]), Task(forTarget: <none>, ruleInfo: ["Gate", "target-TargetB-T-TargetB-44533--Barrier-ChangeAlternatePermissions"]), Task(forTarget: <none>, ruleInfo: ["Gate", "target-TargetA-T-TargetA-44525--swift-generated-headers"]), Task(forTarget: TargetB, ruleInfo: ["ExtractAppIntentsMetadata"]), Task(forTarget: TargetB, ruleInfo: ["SwiftDriver", "TargetB", "normal", "arm64", "com.apple.xcode.tools.swift.compiler"]), Task(forTarget: TargetB, ruleInfo: ["WriteAuxiliaryFile", "/private/var/folders/xr/m5_5rlsd6l9fk2w4ngj13k6m0000gn/T/swbuild.tmp.I9GXyx3j/Data.noindex/Test/aProject/build/aProject.build/Debug/TargetB.build/TargetB-own-target-headers.hmap"]), Task(forTarget: TargetA, ruleInfo: ["WriteAuxiliaryFile", "/private/var/folders/xr/m5_5rlsd6l9fk2w4ngj13k6m0000gn/T/swbuild.tmp.I9GXyx3j/Data.noindex/Test/aProject/build/aProject.build/Debug/TargetA.build/TargetA-generated-files.hmap"]), Task(forTarget: TargetA, ruleInfo: ["SwiftDriver Compilation", "TargetA", "normal", "arm64", "com.apple.xcode.tools.swift.compiler"]), Task(forTarget: TargetA, ruleInfo: ["Ld", "/private/var/folders/xr/m5_5rlsd6l9fk2w4ngj13k6m0000gn/T/swbuild.tmp.I9GXyx3j/Data.noindex/Test/aProject/build/Debug/TargetA.framework/Versions/A/TargetA", "normal"]), Task(forTarget: <none>, ruleInfo: ["SwiftExplicitDependencyCompileModuleFromInterface", "arm64", "/private/var/folders/xr/m5_5rlsd6l9fk2w4ngj13k6m0000gn/T/swbuild.tmp.I9GXyx3j/Data.noindex/Test/aProject/build/SwiftExplicitPrecompiledModules/Swift-NBB0GQDQYZZH.swiftmodule"]), Task(forTarget: TargetB, ruleInfo: ["SwiftMergeGeneratedHeaders", "/private/var/folders/xr/m5_5rlsd6l9fk2w4ngj13k6m0000gn/T/swbuild.tmp.I9GXyx3j/Data.noindex/Test/aProject/build/Debug/TargetB.framework/Versions/A/Headers/TargetB-Swift.h", "/private/var/folders/xr/m5_5rlsd6l9fk2w4ngj13k6m0000gn/T/swbuild.tmp.I9GXyx3j/Data.noindex/Test/aProject/build/aProject.build/Debug/TargetB.build/Objects-normal/arm64/TargetB-Swift.h"]), Task(forTarget: <none>, ruleInfo: ["Gate", "target-TargetB-T-TargetB-44533--TestHostTaskProducer"]), Task(forTarget: TargetB, ruleInfo: ["WriteAuxiliaryFile", "/private/var/folders/xr/m5_5rlsd6l9fk2w4ngj13k6m0000gn/T/swbuild.tmp.I9GXyx3j/Data.noindex/Test/aProject/build/aProject.build/Debug/TargetB.build/Objects-normal/arm64/TargetB.SwiftConstValuesFileList"]), Task(forTarget: <none>, ruleInfo: ["Gate", "target-TargetB-T-TargetB-44533--ModuleMapTaskProducer"]), Task(forTarget: <none>, ruleInfo: ["Gate", "target-TargetB-T-TargetB-44533--SwiftFrameworkABICheckerTaskProducer"]), Task(forTarget: <none>, ruleInfo: ["Gate", "target-TargetB-T-TargetB-44533--Barrier-ChangePermissions"]), Task(forTarget: TargetB, ruleInfo: ["Gate", "target-TargetB-T-TargetB-44533--begin-compiling"]), Task(forTarget: <none>, ruleInfo: ["Gate", "target-TargetB-T-TargetB-44533--TestTargetTaskProducer"]), Task(forTarget: <none>, ruleInfo: ["Gate", "target-TargetB-T-TargetB-44533--TAPISymbolExtractorTaskProducer"]), Task(forTarget: <none>, ruleInfo: ["Gate", "target-TargetB-T-TargetB-44533--HeadermapTaskProducer"]), Task(forTarget: TargetB, ruleInfo: ["Ld", "/private/var/folders/xr/m5_5rlsd6l9fk2w4ngj13k6m0000gn/T/swbuild.tmp.I9GXyx3j/Data.noindex/Test/aProject/build/Debug/TargetB.framework/Versions/A/TargetB", "normal"]), Task(forTarget: TargetB, ruleInfo: ["WriteAuxiliaryFile", "/private/var/folders/xr/m5_5rlsd6l9fk2w4ngj13k6m0000gn/T/swbuild.tmp.I9GXyx3j/Data.noindex/Test/aProject/build/aProject.build/Debug/TargetB.build/Objects-normal/arm64/TargetB.LinkFileList"]), Task(forTarget: <none>, ruleInfo: ["Gate", "target-TargetB-T-TargetB-44533--TestTargetPostprocessingTaskProducer"]), Task(forTarget: <none>, ruleInfo: ["SwiftExplicitDependencyGeneratePcm", "arm64", "/private/var/folders/xr/m5_5rlsd6l9fk2w4ngj13k6m0000gn/T/swbuild.tmp.I9GXyx3j/Data.noindex/Test/aProject/build/SwiftExplicitPrecompiledModules/_SwiftConcurrencyShims-AIZW70LS1W2L0PXECXLASUUHS.pcm"]), Task(forTarget: TargetA, ruleInfo: ["SymLink", "/private/var/folders/xr/m5_5rlsd6l9fk2w4ngj13k6m0000gn/T/swbuild.tmp.I9GXyx3j/Data.noindex/Test/aProject/build/Debug/TargetA.framework/Versions/Current", "A"]), Task(forTarget: <none>, ruleInfo: ["CreateBuildDirectory", "/private/var/folders/xr/m5_5rlsd6l9fk2w4ngj13k6m0000gn/T/swbuild.tmp.I9GXyx3j/Data.noindex/Test/aProject/build"]), Task(forTarget: TargetB, ruleInfo: ["WriteAuxiliaryFile", "/private/var/folders/xr/m5_5rlsd6l9fk2w4ngj13k6m0000gn/T/swbuild.tmp.I9GXyx3j/Data.noindex/Test/aProject/build/aProject.build/Debug/TargetB.build/TargetB.DependencyMetadataFileList"]), Task(forTarget: TargetA, ruleInfo: ["WriteAuxiliaryFile", "/private/var/folders/xr/m5_5rlsd6l9fk2w4ngj13k6m0000gn/T/swbuild.tmp.I9GXyx3j/Data.noindex/Test/aProject/build/aProject.build/Debug/TargetA.build/TargetA.DependencyMetadataFileList"]), Task(forTarget: <none>, ruleInfo: ["Gate", "target-TargetB-T-TargetB-44533--AppExtensionInfoPlistGeneratorTaskProducer"]), Task(forTarget: <none>, ruleInfo: ["Gate", "target-TargetA-T-TargetA-44525--SwiftABIBaselineGenerationTaskProducer"]), Task(forTarget: <none>, ruleInfo: ["Gate", "target-TargetA-T-TargetA-44525--Barrier-Validate"]), Task(forTarget: <none>, ruleInfo: ["SwiftExplicitDependencyGeneratePcm", "arm64", "/private/var/folders/xr/m5_5rlsd6l9fk2w4ngj13k6m0000gn/T/swbuild.tmp.I9GXyx3j/Data.noindex/Test/aProject/build/SwiftExplicitPrecompiledModules/SwiftShims-1XRNFTFX3SVGVJQLDAOI208RW.pcm"]), Task(forTarget: TargetA, ruleInfo: ["SymLink", "/private/var/folders/xr/m5_5rlsd6l9fk2w4ngj13k6m0000gn/T/swbuild.tmp.I9GXyx3j/Data.noindex/Test/aProject/build/Debug/TargetA.framework/Headers", "Versions/Current/Headers"]), Task(forTarget: <none>, ruleInfo: ["Gate", "target-TargetA-T-TargetA-44525--generated-headers"]), Task(forTarget: TargetB, ruleInfo: ["SymLink", "/private/var/folders/xr/m5_5rlsd6l9fk2w4ngj13k6m0000gn/T/swbuild.tmp.I9GXyx3j/Data.noindex/Test/aProject/build/Debug/TargetB.framework/Modules", "Versions/Current/Modules"]), Task(forTarget: <none>, ruleInfo: ["WriteAuxiliaryFile", "/private/var/folders/xr/m5_5rlsd6l9fk2w4ngj13k6m0000gn/T/swbuild.tmp.I9GXyx3j/Data.noindex/Test/aProject/build/aProject.build/Debug/aProject-P44536-VFS/all-product-headers.yaml"]), Task(forTarget: <none>, ruleInfo: ["Gate", "target-TargetA-T-TargetA-44525--TAPISymbolExtractorTaskProducer"]), Task(forTarget: <none>, ruleInfo: ["Gate", "target-TargetA-T-TargetA-44525--TestTargetTaskProducer"]), Task(forTarget: <none>, ruleInfo: ["Gate", "target-TargetB-T-TargetB-44533--CopySwiftPackageResourcesTaskProducer"]), Task(forTarget: <none>, ruleInfo: ["Gate", "target-TargetB-T-TargetB-44533--AppIntentsMetadataTaskProducer"]), Task(forTarget: TargetA, ruleInfo: ["WriteAuxiliaryFile", "/private/var/folders/xr/m5_5rlsd6l9fk2w4ngj13k6m0000gn/T/swbuild.tmp.I9GXyx3j/Data.noindex/Test/aProject/build/aProject.build/Debug/TargetA.build/TargetA-all-target-headers.hmap"]), Task(forTarget: TargetB, ruleInfo: ["MkDir", "/private/var/folders/xr/m5_5rlsd6l9fk2w4ngj13k6m0000gn/T/swbuild.tmp.I9GXyx3j/Data.noindex/Test/aProject/build/Debug/TargetB.framework/Versions/A"]), Task(forTarget: <none>, ruleInfo: ["Gate", "target-TargetB-T-TargetB-44533--CustomTaskProducer"]), Task(forTarget: TargetB, ruleInfo: ["WriteAuxiliaryFile", "/private/var/folders/xr/m5_5rlsd6l9fk2w4ngj13k6m0000gn/T/swbuild.tmp.I9GXyx3j/Data.noindex/Test/aProject/build/aProject.build/Debug/TargetB.build/Objects-normal/arm64/TargetB.SwiftFileList"]), Task(forTarget: TargetB, ruleInfo: ["WriteAuxiliaryFile", "/private/var/folders/xr/m5_5rlsd6l9fk2w4ngj13k6m0000gn/T/swbuild.tmp.I9GXyx3j/Data.noindex/Test/aProject/build/aProject.build/Debug/TargetB.build/Objects-normal/arm64/TargetB-OutputFileMap.json"]), Task(forTarget: TargetA, ruleInfo: ["MkDir", "/private/var/folders/xr/m5_5rlsd6l9fk2w4ngj13k6m0000gn/T/swbuild.tmp.I9GXyx3j/Data.noindex/Test/aProject/build/Debug/TargetA.framework/Versions/A/Headers"]), Task(forTarget: <none>, ruleInfo: ["Gate", "target-TargetB-T-TargetB-44533--StubBinaryTaskProducer"]), Task(forTarget: <none>, ruleInfo: ["Gate", "target-TargetB-T-TargetB-44533--DocumentationTaskProducer"]), Task(forTarget: TargetA, ruleInfo: ["SwiftDriver", "TargetA", "normal", "arm64", "com.apple.xcode.tools.swift.compiler"]), Task(forTarget: <none>, ruleInfo: ["Gate", "target-TargetB-T-TargetB-44533--GenerateAppPlaygroundAssetCatalogTaskProducer"]), Task(forTarget: <none>, ruleInfo: ["Gate", "target-TargetA-T-TargetA-44525--Barrier-CodeSign"]), Task(forTarget: <none>, ruleInfo: ["Gate", "target-TargetA-T-TargetA-44525--AppExtensionInfoPlistGeneratorTaskProducer"]), Task(forTarget: TargetB, ruleInfo: ["Gate", "target-TargetB-T-TargetB-44533--entry"]), Task(forTarget: TargetB, ruleInfo: ["Gate", "target-TargetB-T-TargetB-44533--will-sign"]), Task(forTarget: <none>, ruleInfo: ["Gate", "target-TargetB-T-TargetB-44533--Barrier-CopyAside"]), Task(forTarget: <none>, ruleInfo: ["Gate", "target-TargetA-T-TargetA-44525--ProductStructureTaskProducer"]), Task(forTarget: TargetA, ruleInfo: ["Gate", "target-TargetA-T-TargetA-44525--begin-linking"]), Task(forTarget: TargetB, ruleInfo: ["Copy", "/private/var/folders/xr/m5_5rlsd6l9fk2w4ngj13k6m0000gn/T/swbuild.tmp.I9GXyx3j/Data.noindex/Test/aProject/build/Debug/TargetB.framework/Versions/A/Modules/TargetB.swiftmodule/arm64-apple-macos.swiftdoc", "/private/var/folders/xr/m5_5rlsd6l9fk2w4ngj13k6m0000gn/T/swbuild.tmp.I9GXyx3j/Data.noindex/Test/aProject/build/aProject.build/Debug/TargetB.build/Objects-normal/arm64/TargetB.swiftdoc"]), Task(forTarget: TargetB, ruleInfo: ["Copy", "/private/var/folders/xr/m5_5rlsd6l9fk2w4ngj13k6m0000gn/T/swbuild.tmp.I9GXyx3j/Data.noindex/Test/aProject/build/Debug/TargetB.framework/Versions/A/Modules/TargetB.swiftmodule/arm64-apple-macos.swiftmodule", "/private/var/folders/xr/m5_5rlsd6l9fk2w4ngj13k6m0000gn/T/swbuild.tmp.I9GXyx3j/Data.noindex/Test/aProject/build/aProject.build/Debug/TargetB.build/Objects-normal/arm64/TargetB.swiftmodule"]), Task(forTarget: TargetB, ruleInfo: ["SymLink", "/private/var/folders/xr/m5_5rlsd6l9fk2w4ngj13k6m0000gn/T/swbuild.tmp.I9GXyx3j/Data.noindex/Test/aProject/build/EagerLinkingTBDs/Debug/TargetB.framework/TargetB.tbd", "/private/var/folders/xr/m5_5rlsd6l9fk2w4ngj13k6m0000gn/T/swbuild.tmp.I9GXyx3j/Data.noindex/Test/aProject/build/EagerLinkingTBDs/Debug/TargetB.framework/Versions/A/TargetB.tbd"]), Task(forTarget: TargetA, ruleInfo: ["SwiftMergeGeneratedHeaders", "/private/var/folders/xr/m5_5rlsd6l9fk2w4ngj13k6m0000gn/T/swbuild.tmp.I9GXyx3j/Data.noindex/Test/aProject/build/Debug/TargetA.framework/Versions/A/Headers/TargetA-Swift.h", "/private/var/folders/xr/m5_5rlsd6l9fk2w4ngj13k6m0000gn/T/swbuild.tmp.I9GXyx3j/Data.noindex/Test/aProject/build/aProject.build/Debug/TargetA.build/Objects-normal/arm64/TargetA-Swift.h"]), Task(forTarget: <none>, ruleInfo: ["SwiftExplicitDependencyCompileModuleFromInterface", "arm64", "/private/var/folders/xr/m5_5rlsd6l9fk2w4ngj13k6m0000gn/T/swbuild.tmp.I9GXyx3j/Data.noindex/Test/aProject/build/SwiftExplicitPrecompiledModules/_Concurrency-CB34E6W1YOX6.swiftmodule"]), Task(forTarget: TargetA, ruleInfo: ["Gate", "target-TargetA-T-TargetA-44525--unsigned-product-ready"]), Task(forTarget: TargetA, ruleInfo: ["Gate", "target-TargetA-T-TargetA-44525--end"]), Task(forTarget: <none>, ruleInfo: ["Gate", "target-TargetA-T-TargetA-44525--ExtensionPointExtractorTaskProducer"]), Task(forTarget: TargetB, ruleInfo: ["Touch", "/private/var/folders/xr/m5_5rlsd6l9fk2w4ngj13k6m0000gn/T/swbuild.tmp.I9GXyx3j/Data.noindex/Test/aProject/build/Debug/TargetB.framework"]), Task(forTarget: TargetB, ruleInfo: ["Gate", "target-TargetB-T-TargetB-44533--linker-inputs-ready"]), Task(forTarget: TargetA, ruleInfo: ["WriteAuxiliaryFile", "/private/var/folders/xr/m5_5rlsd6l9fk2w4ngj13k6m0000gn/T/swbuild.tmp.I9GXyx3j/Data.noindex/Test/aProject/build/aProject.build/Debug/TargetA.build/Objects-normal/arm64/TargetA.SwiftFileList"]), Task(forTarget: TargetB, ruleInfo: ["WriteAuxiliaryFile", "/private/var/folders/xr/m5_5rlsd6l9fk2w4ngj13k6m0000gn/T/swbuild.tmp.I9GXyx3j/Data.noindex/Test/aProject/build/aProject.build/Debug/TargetB.build/TargetB-project-headers.hmap"]), Task(forTarget: <none>, ruleInfo: ["Gate", "target-TargetB-T-TargetB-44533--copy-headers-completion"]), Task(forTarget: <none>, ruleInfo: ["Gate", "target-TargetB-T-TargetB-44533--Barrier-Validate"]), Task(forTarget: TargetB, ruleInfo: ["Copy", "/private/var/folders/xr/m5_5rlsd6l9fk2w4ngj13k6m0000gn/T/swbuild.tmp.I9GXyx3j/Data.noindex/Test/aProject/build/Debug/TargetB.framework/Versions/A/Modules/TargetB.swiftmodule/arm64-apple-macos.abi.json", "/private/var/folders/xr/m5_5rlsd6l9fk2w4ngj13k6m0000gn/T/swbuild.tmp.I9GXyx3j/Data.noindex/Test/aProject/build/aProject.build/Debug/TargetB.build/Objects-normal/arm64/TargetB.abi.json"]), Task(forTarget: TargetA, ruleInfo: ["WriteAuxiliaryFile", "/private/var/folders/xr/m5_5rlsd6l9fk2w4ngj13k6m0000gn/T/swbuild.tmp.I9GXyx3j/Data.noindex/Test/aProject/build/aProject.build/Debug/TargetA.build/TargetA-own-target-headers.hmap"]), Task(forTarget: TargetB, ruleInfo: ["Gate", "target-TargetB-T-TargetB-44533--begin-scanning"]), Task(forTarget: TargetA, ruleInfo: ["WriteAuxiliaryFile", "/private/var/folders/xr/m5_5rlsd6l9fk2w4ngj13k6m0000gn/T/swbuild.tmp.I9GXyx3j/Data.noindex/Test/aProject/build/aProject.build/Debug/TargetA.build/TargetA.DependencyStaticMetadataFileList"]), Task(forTarget: <none>, ruleInfo: ["Gate", "target-TargetA-T-TargetA-44525--ModuleVerifierTaskProducer"]), Task(forTarget: TargetA, ruleInfo: ["SwiftCompile", "normal", "arm64", "Compiling fileA2.swift", "/private/var/folders/xr/m5_5rlsd6l9fk2w4ngj13k6m0000gn/T/swbuild.tmp.I9GXyx3j/Data.noindex/Test/aProject/Sources/fileA2.swift"]), Task(forTarget: TargetA, ruleInfo: ["Copy", "/private/var/folders/xr/m5_5rlsd6l9fk2w4ngj13k6m0000gn/T/swbuild.tmp.I9GXyx3j/Data.noindex/Test/aProject/build/Debug/TargetA.framework/Versions/A/Modules/TargetA.swiftmodule/arm64-apple-macos.swiftmodule", "/private/var/folders/xr/m5_5rlsd6l9fk2w4ngj13k6m0000gn/T/swbuild.tmp.I9GXyx3j/Data.noindex/Test/aProject/build/aProject.build/Debug/TargetA.build/Objects-normal/arm64/TargetA.swiftmodule"]), Task(forTarget: TargetA, ruleInfo: ["Gate", "target-TargetA-T-TargetA-44525--modules-ready"]), Task(forTarget: TargetB, ruleInfo: ["SwiftCompile", "normal", "arm64", "Compiling fileB1.swift", "/private/var/folders/xr/m5_5rlsd6l9fk2w4ngj13k6m0000gn/T/swbuild.tmp.I9GXyx3j/Data.noindex/Test/aProject/Sources/fileB1.swift"]), Task(forTarget: <none>, ruleInfo: ["Gate", "target-TargetB-T-TargetB-44533--Barrier-CodeSign"]), Task(forTarget: <none>, ruleInfo: ["Gate", "target-TargetB-T-TargetB-44533--generated-headers"]), Task(forTarget: <none>, ruleInfo: ["CreateBuildDirectory", "/private/var/folders/xr/m5_5rlsd6l9fk2w4ngj13k6m0000gn/T/swbuild.tmp.I9GXyx3j/Data.noindex/Test/aProject/build/SwiftExplicitPrecompiledModules"]), Task(forTarget: <none>, ruleInfo: ["Gate", "target-TargetA-T-TargetA-44525--SanitizerTaskProducer"]), Task(forTarget: TargetA, ruleInfo: ["SwiftDriver Compilation Requirements", "TargetA", "normal", "arm64", "com.apple.xcode.tools.swift.compiler"]), Task(forTarget: <none>, ruleInfo: ["CreateBuildDirectory", "/var/folders/xr/m5_5rlsd6l9fk2w4ngj13k6m0000gn/C/com.apple.DeveloperTools/26.4.1-17E202/Xcode/CompilationCache.noindex"]), Task(forTarget: <none>, ruleInfo: ["Gate", "target-TargetA-T-TargetA-44525--AppIntentsMetadataTaskProducer"]), Task(forTarget: TargetB, ruleInfo: ["SymLink", "/private/var/folders/xr/m5_5rlsd6l9fk2w4ngj13k6m0000gn/T/swbuild.tmp.I9GXyx3j/Data.noindex/Test/aProject/build/Debug/TargetB.framework/Versions/Current", "A"]), Task(forTarget: TargetA, ruleInfo: ["Copy", "/private/var/folders/xr/m5_5rlsd6l9fk2w4ngj13k6m0000gn/T/swbuild.tmp.I9GXyx3j/Data.noindex/Test/aProject/build/Debug/TargetA.framework/Versions/A/Modules/TargetA.swiftmodule/arm64-apple-macos.swiftdoc", "/private/var/folders/xr/m5_5rlsd6l9fk2w4ngj13k6m0000gn/T/swbuild.tmp.I9GXyx3j/Data.noindex/Test/aProject/build/aProject.build/Debug/TargetA.build/Objects-normal/arm64/TargetA.swiftdoc"]), Task(forTarget: TargetA, ruleInfo: ["RegisterExecutionPolicyException", "/private/var/folders/xr/m5_5rlsd6l9fk2w4ngj13k6m0000gn/T/swbuild.tmp.I9GXyx3j/Data.noindex/Test/aProject/build/Debug/TargetA.framework"]), Task(forTarget: <none>, ruleInfo: ["Gate", "target-TargetA-T-TargetA-44525--SwiftPackageCopyFilesTaskProducer"]), Task(forTarget: TargetA, ruleInfo: ["Copy", "/private/var/folders/xr/m5_5rlsd6l9fk2w4ngj13k6m0000gn/T/swbuild.tmp.I9GXyx3j/Data.noindex/Test/aProject/build/Debug/TargetA.framework/Versions/A/Modules/TargetA.swiftmodule/arm64-apple-macos.abi.json", "/private/var/folders/xr/m5_5rlsd6l9fk2w4ngj13k6m0000gn/T/swbuild.tmp.I9GXyx3j/Data.noindex/Test/aProject/build/aProject.build/Debug/TargetA.build/Objects-normal/arm64/TargetA.abi.json"]), Task(forTarget: TargetB, ruleInfo: ["SwiftEmitModule", "normal", "arm64", "Emitting module for TargetB"]), Task(forTarget: TargetA, ruleInfo: ["Touch", "/private/var/folders/xr/m5_5rlsd6l9fk2w4ngj13k6m0000gn/T/swbuild.tmp.I9GXyx3j/Data.noindex/Test/aProject/build/Debug/TargetA.framework"]), Task(forTarget: TargetA, ruleInfo: ["Gate", "target-TargetA-T-TargetA-44525--linker-inputs-ready"]), Task(forTarget: <none>, ruleInfo: ["Gate", "target-TargetB-T-TargetB-44533--ProductStructureTaskProducer"]), Task(forTarget: TargetB, ruleInfo: ["SwiftDriver Compilation", "TargetB", "normal", "arm64", "com.apple.xcode.tools.swift.compiler"]), Task(forTarget: <none>, ruleInfo: ["Gate", "target-TargetB-T-TargetB-44533--Barrier-RegisterExecutionPolicyException"]), Task(forTarget: TargetA, ruleInfo: ["WriteAuxiliaryFile", "/private/var/folders/xr/m5_5rlsd6l9fk2w4ngj13k6m0000gn/T/swbuild.tmp.I9GXyx3j/Data.noindex/Test/aProject/build/aProject.build/Debug/TargetA.build/Objects-normal/arm64/TargetA-OutputFileMap.json"]), Task(forTarget: <none>, ruleInfo: ["Gate", "target-TargetA-T-TargetA-44525--HeadermapTaskProducer"]), Task(forTarget: TargetB, ruleInfo: ["WriteAuxiliaryFile", "/private/var/folders/xr/m5_5rlsd6l9fk2w4ngj13k6m0000gn/T/swbuild.tmp.I9GXyx3j/Data.noindex/Test/aProject/build/aProject.build/Debug/TargetB.build/TargetB.DependencyStaticMetadataFileList"]), Task(forTarget: TargetA, ruleInfo: ["Gate", "target-TargetA-T-TargetA-44525--begin-compiling"]), Task(forTarget: <none>, ruleInfo: ["Gate", "target-TargetA-T-TargetA-44525--GeneratedFilesTaskProducer"]), Task(forTarget: <none>, ruleInfo: ["Gate", "target-TargetA-T-TargetA-44525--DocumentationTaskProducer"]), Task(forTarget: <none>, ruleInfo: ["Gate", "target-TargetB-T-TargetB-44533--InfoPlistTaskProducer"]), Task(forTarget: <none>, ruleInfo: ["Gate", "target-TargetA-T-TargetA-44525--SwiftFrameworkABICheckerTaskProducer"]), Task(forTarget: TargetB, ruleInfo: ["Gate", "target-TargetB-T-TargetB-44533--end"]), Task(forTarget: TargetA, ruleInfo: ["MkDir", "/private/var/folders/xr/m5_5rlsd6l9fk2w4ngj13k6m0000gn/T/swbuild.tmp.I9GXyx3j/Data.noindex/Test/aProject/build/Debug/TargetA.framework/Versions/A"]), Task(forTarget: <none>, ruleInfo: ["Gate", "target-TargetB-T-TargetB-44533--fused-phase0-compile-sources&link-binary"]), Task(forTarget: <none>, ruleInfo: ["Gate", "target-TargetB-T-TargetB-44533--SwiftStandardLibrariesTaskProducer"]), Task(forTarget: <none>, ruleInfo: ["Gate", "target-TargetB-T-TargetB-44533--SwiftABIBaselineGenerationTaskProducer"]), Task(forTarget: <none>, ruleInfo: ["Gate", "target-TargetA-T-TargetA-44525--TestTargetPostprocessingTaskProducer"]), Task(forTarget: <none>, ruleInfo: ["Gate", "target-TargetA-T-TargetA-44525--ProductPostprocessingTaskProducer"]), Task(forTarget: <none>, ruleInfo: ["Gate", "target-TargetB-T-TargetB-44533--RealityAssetsTaskProducer"]), Task(forTarget: TargetA, ruleInfo: ["Copy", "/private/var/folders/xr/m5_5rlsd6l9fk2w4ngj13k6m0000gn/T/swbuild.tmp.I9GXyx3j/Data.noindex/Test/aProject/build/Debug/TargetA.framework/Versions/A/Modules/TargetA.swiftmodule/Project/arm64-apple-macos.swiftsourceinfo", "/private/var/folders/xr/m5_5rlsd6l9fk2w4ngj13k6m0000gn/T/swbuild.tmp.I9GXyx3j/Data.noindex/Test/aProject/build/aProject.build/Debug/TargetA.build/Objects-normal/arm64/TargetA.swiftsourceinfo"]), Task(forTarget: TargetB, ruleInfo: ["Copy", "/private/var/folders/xr/m5_5rlsd6l9fk2w4ngj13k6m0000gn/T/swbuild.tmp.I9GXyx3j/Data.noindex/Test/aProject/build/Debug/TargetB.framework/Versions/A/Modules/TargetB.swiftmodule/Project/arm64-apple-macos.swiftsourceinfo", "/private/var/folders/xr/m5_5rlsd6l9fk2w4ngj13k6m0000gn/T/swbuild.tmp.I9GXyx3j/Data.noindex/Test/aProject/build/aProject.build/Debug/TargetB.build/Objects-normal/arm64/TargetB.swiftsourceinfo"]), Task(forTarget: TargetB, ruleInfo: ["WriteAuxiliaryFile", "/private/var/folders/xr/m5_5rlsd6l9fk2w4ngj13k6m0000gn/T/swbuild.tmp.I9GXyx3j/Data.noindex/Test/aProject/build/aProject.build/Debug/TargetB.build/TargetB-all-non-framework-target-headers.hmap"]), Task(forTarget: <none>, ruleInfo: ["Gate", "target-TargetB-T-TargetB-44533--Barrier-GenerateStubAPI"]), Task(forTarget: TargetB, ruleInfo: ["RegisterExecutionPolicyException", "/private/var/folders/xr/m5_5rlsd6l9fk2w4ngj13k6m0000gn/T/swbuild.tmp.I9GXyx3j/Data.noindex/Test/aProject/build/Debug/TargetB.framework"]), Task(forTarget: TargetA, ruleInfo: ["SwiftEmitModule", "normal", "arm64", "Emitting module for TargetA"]), Task(forTarget: <none>, ruleInfo: ["SwiftExplicitDependencyCompileModuleFromInterface", "arm64", "/private/var/folders/xr/m5_5rlsd6l9fk2w4ngj13k6m0000gn/T/swbuild.tmp.I9GXyx3j/Data.noindex/Test/aProject/build/SwiftExplicitPrecompiledModules/_StringProcessing-1O0ZQ2K74RYD5.swiftmodule"]), Task(forTarget: TargetB, ruleInfo: ["Gate", "target-TargetB-T-TargetB-44533--begin-linking"]), Task(forTarget: TargetB, ruleInfo: ["Gate", "target-TargetB-T-TargetB-44533--unsigned-product-ready"]), Task(forTarget: TargetB, ruleInfo: ["MkDir", "/private/var/folders/xr/m5_5rlsd6l9fk2w4ngj13k6m0000gn/T/swbuild.tmp.I9GXyx3j/Data.noindex/Test/aProject/build/Debug/TargetB.framework"]), Task(forTarget: <none>, ruleInfo: ["Gate", "target-TargetB-T-TargetB-44533--ExtensionPointExtractorTaskProducer"]), Task(forTarget: TargetA, ruleInfo: ["WriteAuxiliaryFile", "/private/var/folders/xr/m5_5rlsd6l9fk2w4ngj13k6m0000gn/T/swbuild.tmp.I9GXyx3j/Data.noindex/Test/aProject/build/aProject.build/Debug/TargetA.build/Objects-normal/arm64/TargetA_const_extract_protocols.json"]), Task(forTarget: <none>, ruleInfo: ["Gate", "target-TargetA-T-TargetA-44525--CustomTaskProducer"]), Task(forTarget: <none>, ruleInfo: ["ClangStatCache", "/Applications/Xcode17E.app/Contents/Developer/Toolchains/XcodeDefault.xctoolchain/usr/bin/clang-stat-cache", "/Applications/Xcode17E.app/Contents/Developer/Platforms/MacOSX.platform/Developer/SDKs/MacOSX26.4.sdk", "/private/var/folders/xr/m5_5rlsd6l9fk2w4ngj13k6m0000gn/T/swbuild.tmp.I9GXyx3j/Data.noindex/Test/SDKStatCaches.noindex/macosx26.4-25E260-95aa6cf8f3effd57bda17e0c125410c0.sdkstatcache"]), Task(forTarget: <none>, ruleInfo: ["Gate", "target-TargetB-T-TargetB-44533--TestEntryPointTaskProducerFactory"]), Task(forTarget: TargetA, ruleInfo: ["Gate", "target-TargetA-T-TargetA-44525--immediate"]), Task(forTarget: <none>, ruleInfo: ["CreateBuildDirectory", "/private/var/folders/xr/m5_5rlsd6l9fk2w4ngj13k6m0000gn/T/swbuild.tmp.I9GXyx3j/Data.noindex/Test/aProject/build/Debug"]), Task(forTarget: TargetA, ruleInfo: ["Gate", "target-TargetA-T-TargetA-44525--entry"]), Task(forTarget: <none>, ruleInfo: ["Gate", "target-TargetA-T-TargetA-44525--SwiftStandardLibrariesTaskProducer"]), Task(forTarget: <none>, ruleInfo: ["Gate", "target-TargetA-T-TargetA-44525--TestEntryPointTaskProducerFactory"]), Task(forTarget: TargetA, ruleInfo: ["WriteAuxiliaryFile", "/private/var/folders/xr/m5_5rlsd6l9fk2w4ngj13k6m0000gn/T/swbuild.tmp.I9GXyx3j/Data.noindex/Test/aProject/build/aProject.build/Debug/TargetA.build/TargetA-project-headers.hmap"]), Task(forTarget: <none>, ruleInfo: ["Gate", "target-TargetA-T-TargetA-44525--Barrier-GenerateStubAPI"]), Task(forTarget: TargetA, ruleInfo: ["MkDir", "/private/var/folders/xr/m5_5rlsd6l9fk2w4ngj13k6m0000gn/T/swbuild.tmp.I9GXyx3j/Data.noindex/Test/aProject/build/Debug/TargetA.framework"]), Task(forTarget: TargetB, ruleInfo: ["WriteAuxiliaryFile", "/private/var/folders/xr/m5_5rlsd6l9fk2w4ngj13k6m0000gn/T/swbuild.tmp.I9GXyx3j/Data.noindex/Test/aProject/build/aProject.build/Debug/TargetB.build/TargetB-generated-files.hmap"]), Task(forTarget: TargetB, ruleInfo: ["WriteAuxiliaryFile", "/private/var/folders/xr/m5_5rlsd6l9fk2w4ngj13k6m0000gn/T/swbuild.tmp.I9GXyx3j/Data.noindex/Test/aProject/build/aProject.build/Debug/TargetB.build/Objects-normal/arm64/TargetB_const_extract_protocols.json"]), Task(forTarget: TargetB, ruleInfo: ["MkDir", "/private/var/folders/xr/m5_5rlsd6l9fk2w4ngj13k6m0000gn/T/swbuild.tmp.I9GXyx3j/Data.noindex/Test/aProject/build/Debug/TargetB.framework/Versions"]), Task(forTarget: <none>, ruleInfo: ["Gate", "target-TargetA-T-TargetA-44525--CopySwiftPackageResourcesTaskProducer"]), Task(forTarget: <none>, ruleInfo: ["Gate", "target-TargetA-T-TargetA-44525--Barrier-ChangeAlternatePermissions"]), Task(forTarget: TargetA, ruleInfo: ["SymLink", "/private/var/folders/xr/m5_5rlsd6l9fk2w4ngj13k6m0000gn/T/swbuild.tmp.I9GXyx3j/Data.noindex/Test/aProject/build/EagerLinkingTBDs/Debug/TargetA.framework/TargetA.tbd", "/private/var/folders/xr/m5_5rlsd6l9fk2w4ngj13k6m0000gn/T/swbuild.tmp.I9GXyx3j/Data.noindex/Test/aProject/build/EagerLinkingTBDs/Debug/TargetA.framework/Versions/A/TargetA.tbd"]), Task(forTarget: <none>, ruleInfo: ["Gate", "target-TargetA-T-TargetA-44525--Barrier-RegisterExecutionPolicyException"]), Task(forTarget: <none>, ruleInfo: ["Gate", "target-TargetB-T-TargetB-44533--SwiftPackageCopyFilesTaskProducer"]), Task(forTarget: TargetA, ruleInfo: ["SwiftCompile", "normal", "arm64", "Compiling fileA1.swift", "/private/var/folders/xr/m5_5rlsd6l9fk2w4ngj13k6m0000gn/T/swbuild.tmp.I9GXyx3j/Data.noindex/Test/aProject/Sources/fileA1.swift"]), Task(forTarget: <none>, ruleInfo: ["Gate", "target-TargetB-T-TargetB-44533--Barrier-StripSymbols"]), Task(forTarget: TargetA, ruleInfo: ["WriteAuxiliaryFile", "/private/var/folders/xr/m5_5rlsd6l9fk2w4ngj13k6m0000gn/T/swbuild.tmp.I9GXyx3j/Data.noindex/Test/aProject/build/aProject.build/Debug/TargetA.build/TargetA-all-non-framework-target-headers.hmap"]), Task(forTarget: <none>, ruleInfo: ["Gate", "target-TargetB-T-TargetB-44533--SanitizerTaskProducer"]), Task(forTarget: <none>, ruleInfo: ["Gate", "target-TargetB-T-TargetB-44533--swift-generated-headers"]), Task(forTarget: <none>, ruleInfo: ["Gate", "target-TargetB-T-TargetB-44533--Barrier-RegisterProduct"]), Task(forTarget: <none>, ruleInfo: ["Gate", "target-TargetB-T-TargetB-44533--GeneratedFilesTaskProducer"]), Task(forTarget: <none>, ruleInfo: ["Gate", "target-TargetA-T-TargetA-44525--Barrier-StripSymbols"]), Task(forTarget: TargetB, ruleInfo: ["GenerateTAPI", "/private/var/folders/xr/m5_5rlsd6l9fk2w4ngj13k6m0000gn/T/swbuild.tmp.I9GXyx3j/Data.noindex/Test/aProject/build/EagerLinkingTBDs/Debug/TargetB.framework/Versions/A/TargetB.tbd"]), Task(forTarget: <none>, ruleInfo: ["Gate", "target-TargetA-T-TargetA-44525--GenerateAppPlaygroundAssetCatalogTaskProducer"]), Task(forTarget: <none>, ruleInfo: ["Gate", "target-TargetA-T-TargetA-44525--Barrier-ChangePermissions"]), Task(forTarget: TargetA, ruleInfo: ["WriteAuxiliaryFile", "/private/var/folders/xr/m5_5rlsd6l9fk2w4ngj13k6m0000gn/T/swbuild.tmp.I9GXyx3j/Data.noindex/Test/aProject/build/aProject.build/Debug/TargetA.build/Objects-normal/arm64/TargetA.SwiftConstValuesFileList"]), Task(forTarget: TargetA, ruleInfo: ["MkDir", "/private/var/folders/xr/m5_5rlsd6l9fk2w4ngj13k6m0000gn/T/swbuild.tmp.I9GXyx3j/Data.noindex/Test/aProject/build/Debug/TargetA.framework/Versions"]), Task(forTarget: <none>, ruleInfo: ["Gate", "target-TargetA-T-TargetA-44525--StubBinaryTaskProducer"]), Task(forTarget: <none>, ruleInfo: ["Gate", "target-TargetB-T-TargetB-44533--ProductPostprocessingTaskProducer"]), Task(forTarget: TargetA, ruleInfo: ["WriteAuxiliaryFile", "/private/var/folders/xr/m5_5rlsd6l9fk2w4ngj13k6m0000gn/T/swbuild.tmp.I9GXyx3j/Data.noindex/Test/aProject/build/aProject.build/Debug/TargetA.build/Objects-normal/arm64/TargetA.LinkFileList"]), Task(forTarget: <none>, ruleInfo: ["Gate", "target-TargetA-T-TargetA-44525--ModuleMapTaskProducer"]), Task(forTarget: TargetA, ruleInfo: ["ExtractAppIntentsMetadata"]), Task(forTarget: TargetB, ruleInfo: ["WriteAuxiliaryFile", "/private/var/folders/xr/m5_5rlsd6l9fk2w4ngj13k6m0000gn/T/swbuild.tmp.I9GXyx3j/Data.noindex/Test/aProject/build/aProject.build/Debug/TargetB.build/TargetB.hmap"]), Task(forTarget: TargetA, ruleInfo: ["SymLink", "/private/var/folders/xr/m5_5rlsd6l9fk2w4ngj13k6m0000gn/T/swbuild.tmp.I9GXyx3j/Data.noindex/Test/aProject/build/Debug/TargetA.framework/TargetA", "Versions/Current/TargetA"]), Task(forTarget: TargetB, ruleInfo: ["MkDir", "/private/var/folders/xr/m5_5rlsd6l9fk2w4ngj13k6m0000gn/T/swbuild.tmp.I9GXyx3j/Data.noindex/Test/aProject/build/Debug/TargetB.framework/Versions/A/Headers"]), Task(forTarget: <none>, ruleInfo: ["CreateBuildDirectory", "/private/var/folders/xr/m5_5rlsd6l9fk2w4ngj13k6m0000gn/T/swbuild.tmp.I9GXyx3j/Data.noindex/Test/aProject/build/ExplicitPrecompiledModules"]), Task(forTarget: <none>, ruleInfo: ["Gate", "target-TargetA-T-TargetA-44525--RealityAssetsTaskProducer"]), Task(forTarget: <none>, ruleInfo: ["Gate", "target-TargetA-T-TargetA-44525--TestHostTaskProducer"]), Task(forTarget: TargetA, ruleInfo: ["Gate", "target-TargetA-T-TargetA-44525--will-sign"]), Task(forTarget: <none>, ruleInfo: ["CreateBuildDirectory", "/private/var/folders/xr/m5_5rlsd6l9fk2w4ngj13k6m0000gn/T/swbuild.tmp.I9GXyx3j/Data.noindex/Test/aProject/build/SharedPrecompiledHeaders"]), Task(forTarget: TargetA, ruleInfo: ["WriteAuxiliaryFile", "/private/var/folders/xr/m5_5rlsd6l9fk2w4ngj13k6m0000gn/T/swbuild.tmp.I9GXyx3j/Data.noindex/Test/aProject/build/aProject.build/Debug/TargetA.build/TargetA.hmap"]), Task(forTarget: TargetA, ruleInfo: ["SymLink", "/private/var/folders/xr/m5_5rlsd6l9fk2w4ngj13k6m0000gn/T/swbuild.tmp.I9GXyx3j/Data.noindex/Test/aProject/build/Debug/TargetA.framework/Modules", "Versions/Current/Modules"]), Task(forTarget: <none>, ruleInfo: ["Gate", "target-TargetA-T-TargetA-44525--copy-headers-completion"]), Task(forTarget: <none>, ruleInfo: ["Gate", "target-TargetA-T-TargetA-44525--fused-phase0-compile-sources"]), Task(forTarget: <none>, ruleInfo: ["Gate", "WorkspaceHeaderMapVFSFilesWritten"]), Task(forTarget: TargetB, ruleInfo: ["SymLink", "/private/var/folders/xr/m5_5rlsd6l9fk2w4ngj13k6m0000gn/T/swbuild.tmp.I9GXyx3j/Data.noindex/Test/aProject/build/Debug/TargetB.framework/Headers", "Versions/Current/Headers"]), Task(forTarget: TargetB, ruleInfo: ["SwiftDriver Compilation Requirements", "TargetB", "normal", "arm64", "com.apple.xcode.tools.swift.compiler"]), Task(forTarget: <none>, ruleInfo: ["Gate", "target-TargetA-T-TargetA-44525--Barrier-RegisterProduct"]), Task(forTarget: TargetB, ruleInfo: ["Gate", "target-TargetB-T-TargetB-44533--modules-ready"]), Task(forTarget: <none>, ruleInfo: ["CreateBuildDirectory", "/private/var/folders/xr/m5_5rlsd6l9fk2w4ngj13k6m0000gn/T/swbuild.tmp.I9GXyx3j/Data.noindex/Test/aProject/build/EagerLinkingTBDs/Debug"]), Task(forTarget: TargetB, ruleInfo: ["WriteAuxiliaryFile", "/private/var/folders/xr/m5_5rlsd6l9fk2w4ngj13k6m0000gn/T/swbuild.tmp.I9GXyx3j/Data.noindex/Test/aProject/build/aProject.build/Debug/TargetB.build/TargetB-all-target-headers.hmap"]), Task(forTarget: <none>, ruleInfo: ["Gate", "target-TargetB-T-TargetB-44533--ModuleVerifierTaskProducer"]), Task(forTarget: TargetA, ruleInfo: ["Gate", "target-TargetA-T-TargetA-44525--begin-scanning"]), Task(forTarget: TargetB, ruleInfo: ["Gate", "target-TargetB-T-TargetB-44533--immediate"]), Task(forTarget: TargetA, ruleInfo: ["GenerateTAPI", "/private/var/folders/xr/m5_5rlsd6l9fk2w4ngj13k6m0000gn/T/swbuild.tmp.I9GXyx3j/Data.noindex/Test/aProject/build/EagerLinkingTBDs/Debug/TargetA.framework/Versions/A/TargetA.tbd"]), Task(forTarget: TargetB, ruleInfo: ["SymLink", "/private/var/folders/xr/m5_5rlsd6l9fk2w4ngj13k6m0000gn/T/swbuild.tmp.I9GXyx3j/Data.noindex/Test/aProject/build/Debug/TargetB.framework/TargetB", "Versions/Current/TargetB"]), Task(forTarget: TargetB, ruleInfo: ["SwiftCompile", "normal", "arm64", "Compiling fileB2.swift", "/private/var/folders/xr/m5_5rlsd6l9fk2w4ngj13k6m0000gn/T/swbuild.tmp.I9GXyx3j/Data.noindex/Test/aProject/Sources/fileB2.swift"])]
↳ Occasionally fails in CI due to SwiftExplicitDependencyCompileModuleFromInterface missing from the dependency graph
━ Test swiftEagerCompilationWithExplicitModules() recorded a known issue at SwiftDriverTests.swift:3588:55: Issue recorded
↳ Task Task(forTarget: TargetA, ruleInfo: ["SwiftCompile", "normal", "arm64", "Compiling fileA2.swift", "/private/var/folders/xr/m5_5rlsd6l9fk2w4ngj13k6m0000gn/T/swbuild.tmp.I9GXyx3j/Data.noindex/Test/aProject/Sources/fileA2.swift"]) does not follow any tasks matching [Rule matches [SWBTestSupport.StringPattern.equal("SwiftExplicitDependencyCompileModuleFromInterface"), SWBTestSupport.StringPattern.equal("normal"), SWBTestSupport.StringPattern.equal("arm64"), SWBTestSupport.StringPattern.contains("_StringProcessing-")]]. Found: [] in [Task(forTarget: <none>, ruleInfo: ["Gate", "target-TargetA-T-TargetA-44525--Barrier-CopyAside"]), Task(forTarget: <none>, ruleInfo: ["Gate", "target-TargetA-T-TargetA-44525--InfoPlistTaskProducer"]), Task(forTarget: <none>, ruleInfo: ["Gate", "target-TargetB-T-TargetB-44533--Barrier-ChangeAlternatePermissions"]), Task(forTarget: <none>, ruleInfo: ["Gate", "target-TargetA-T-TargetA-44525--swift-generated-headers"]), Task(forTarget: TargetB, ruleInfo: ["ExtractAppIntentsMetadata"]), Task(forTarget: TargetB, ruleInfo: ["SwiftDriver", "TargetB", "normal", "arm64", "com.apple.xcode.tools.swift.compiler"]), Task(forTarget: TargetB, ruleInfo: ["WriteAuxiliaryFile", "/private/var/folders/xr/m5_5rlsd6l9fk2w4ngj13k6m0000gn/T/swbuild.tmp.I9GXyx3j/Data.noindex/Test/aProject/build/aProject.build/Debug/TargetB.build/TargetB-own-target-headers.hmap"]), Task(forTarget: TargetA, ruleInfo: ["WriteAuxiliaryFile", "/private/var/folders/xr/m5_5rlsd6l9fk2w4ngj13k6m0000gn/T/swbuild.tmp.I9GXyx3j/Data.noindex/Test/aProject/build/aProject.build/Debug/TargetA.build/TargetA-generated-files.hmap"]), Task(forTarget: TargetA, ruleInfo: ["SwiftDriver Compilation", "TargetA", "normal", "arm64", "com.apple.xcode.tools.swift.compiler"]), Task(forTarget: TargetA, ruleInfo: ["Ld", "/private/var/folders/xr/m5_5rlsd6l9fk2w4ngj13k6m0000gn/T/swbuild.tmp.I9GXyx3j/Data.noindex/Test/aProject/build/Debug/TargetA.framework/Versions/A/TargetA", "normal"]), Task(forTarget: <none>, ruleInfo: ["SwiftExplicitDependencyCompileModuleFromInterface", "arm64", "/private/var/folders/xr/m5_5rlsd6l9fk2w4ngj13k6m0000gn/T/swbuild.tmp.I9GXyx3j/Data.noindex/Test/aProject/build/SwiftExplicitPrecompiledModules/Swift-NBB0GQDQYZZH.swiftmodule"]), Task(forTarget: TargetB, ruleInfo: ["SwiftMergeGeneratedHeaders", "/private/var/folders/xr/m5_5rlsd6l9fk2w4ngj13k6m0000gn/T/swbuild.tmp.I9GXyx3j/Data.noindex/Test/aProject/build/Debug/TargetB.framework/Versions/A/Headers/TargetB-Swift.h", "/private/var/folders/xr/m5_5rlsd6l9fk2w4ngj13k6m0000gn/T/swbuild.tmp.I9GXyx3j/Data.noindex/Test/aProject/build/aProject.build/Debug/TargetB.build/Objects-normal/arm64/TargetB-Swift.h"]), Task(forTarget: <none>, ruleInfo: ["Gate", "target-TargetB-T-TargetB-44533--TestHostTaskProducer"]), Task(forTarget: TargetB, ruleInfo: ["WriteAuxiliaryFile", "/private/var/folders/xr/m5_5rlsd6l9fk2w4ngj13k6m0000gn/T/swbuild.tmp.I9GXyx3j/Data.noindex/Test/aProject/build/aProject.build/Debug/TargetB.build/Objects-normal/arm64/TargetB.SwiftConstValuesFileList"]), Task(forTarget: <none>, ruleInfo: ["Gate", "target-TargetB-T-TargetB-44533--ModuleMapTaskProducer"]), Task(forTarget: <none>, ruleInfo: ["Gate", "target-TargetB-T-TargetB-44533--SwiftFrameworkABICheckerTaskProducer"]), Task(forTarget: <none>, ruleInfo: ["Gate", "target-TargetB-T-TargetB-44533--Barrier-ChangePermissions"]), Task(forTarget: TargetB, ruleInfo: ["Gate", "target-TargetB-T-TargetB-44533--begin-compiling"]), Task(forTarget: <none>, ruleInfo: ["Gate", "target-TargetB-T-TargetB-44533--TestTargetTaskProducer"]), Task(forTarget: <none>, ruleInfo: ["Gate", "target-TargetB-T-TargetB-44533--TAPISymbolExtractorTaskProducer"]), Task(forTarget: <none>, ruleInfo: ["Gate", "target-TargetB-T-TargetB-44533--HeadermapTaskProducer"]), Task(forTarget: TargetB, ruleInfo: ["Ld", "/private/var/folders/xr/m5_5rlsd6l9fk2w4ngj13k6m0000gn/T/swbuild.tmp.I9GXyx3j/Data.noindex/Test/aProject/build/Debug/TargetB.framework/Versions/A/TargetB", "normal"]), Task(forTarget: TargetB, ruleInfo: ["WriteAuxiliaryFile", "/private/var/folders/xr/m5_5rlsd6l9fk2w4ngj13k6m0000gn/T/swbuild.tmp.I9GXyx3j/Data.noindex/Test/aProject/build/aProject.build/Debug/TargetB.build/Objects-normal/arm64/TargetB.LinkFileList"]), Task(forTarget: <none>, ruleInfo: ["Gate", "target-TargetB-T-TargetB-44533--TestTargetPostprocessingTaskProducer"]), Task(forTarget: <none>, ruleInfo: ["SwiftExplicitDependencyGeneratePcm", "arm64", "/private/var/folders/xr/m5_5rlsd6l9fk2w4ngj13k6m0000gn/T/swbuild.tmp.I9GXyx3j/Data.noindex/Test/aProject/build/SwiftExplicitPrecompiledModules/_SwiftConcurrencyShims-AIZW70LS1W2L0PXECXLASUUHS.pcm"]), Task(forTarget: TargetA, ruleInfo: ["SymLink", "/private/var/folders/xr/m5_5rlsd6l9fk2w4ngj13k6m0000gn/T/swbuild.tmp.I9GXyx3j/Data.noindex/Test/aProject/build/Debug/TargetA.framework/Versions/Current", "A"]), Task(forTarget: <none>, ruleInfo: ["CreateBuildDirectory", "/private/var/folders/xr/m5_5rlsd6l9fk2w4ngj13k6m0000gn/T/swbuild.tmp.I9GXyx3j/Data.noindex/Test/aProject/build"]), Task(forTarget: TargetB, ruleInfo: ["WriteAuxiliaryFile", "/private/var/folders/xr/m5_5rlsd6l9fk2w4ngj13k6m0000gn/T/swbuild.tmp.I9GXyx3j/Data.noindex/Test/aProject/build/aProject.build/Debug/TargetB.build/TargetB.DependencyMetadataFileList"]), Task(forTarget: TargetA, ruleInfo: ["WriteAuxiliaryFile", "/private/var/folders/xr/m5_5rlsd6l9fk2w4ngj13k6m0000gn/T/swbuild.tmp.I9GXyx3j/Data.noindex/Test/aProject/build/aProject.build/Debug/TargetA.build/TargetA.DependencyMetadataFileList"]), Task(forTarget: <none>, ruleInfo: ["Gate", "target-TargetB-T-TargetB-44533--AppExtensionInfoPlistGeneratorTaskProducer"]), Task(forTarget: <none>, ruleInfo: ["Gate", "target-TargetA-T-TargetA-44525--SwiftABIBaselineGenerationTaskProducer"]), Task(forTarget: <none>, ruleInfo: ["Gate", "target-TargetA-T-TargetA-44525--Barrier-Validate"]), Task(forTarget: <none>, ruleInfo: ["SwiftExplicitDependencyGeneratePcm", "arm64", "/private/var/folders/xr/m5_5rlsd6l9fk2w4ngj13k6m0000gn/T/swbuild.tmp.I9GXyx3j/Data.noindex/Test/aProject/build/SwiftExplicitPrecompiledModules/SwiftShims-1XRNFTFX3SVGVJQLDAOI208RW.pcm"]), Task(forTarget: TargetA, ruleInfo: ["SymLink", "/private/var/folders/xr/m5_5rlsd6l9fk2w4ngj13k6m0000gn/T/swbuild.tmp.I9GXyx3j/Data.noindex/Test/aProject/build/Debug/TargetA.framework/Headers", "Versions/Current/Headers"]), Task(forTarget: <none>, ruleInfo: ["Gate", "target-TargetA-T-TargetA-44525--generated-headers"]), Task(forTarget: TargetB, ruleInfo: ["SymLink", "/private/var/folders/xr/m5_5rlsd6l9fk2w4ngj13k6m0000gn/T/swbuild.tmp.I9GXyx3j/Data.noindex/Test/aProject/build/Debug/TargetB.framework/Modules", "Versions/Current/Modules"]), Task(forTarget: <none>, ruleInfo: ["WriteAuxiliaryFile", "/private/var/folders/xr/m5_5rlsd6l9fk2w4ngj13k6m0000gn/T/swbuild.tmp.I9GXyx3j/Data.noindex/Test/aProject/build/aProject.build/Debug/aProject-P44536-VFS/all-product-headers.yaml"]), Task(forTarget: <none>, ruleInfo: ["Gate", "target-TargetA-T-TargetA-44525--TAPISymbolExtractorTaskProducer"]), Task(forTarget: <none>, ruleInfo: ["Gate", "target-TargetA-T-TargetA-44525--TestTargetTaskProducer"]), Task(forTarget: <none>, ruleInfo: ["Gate", "target-TargetB-T-TargetB-44533--CopySwiftPackageResourcesTaskProducer"]), Task(forTarget: <none>, ruleInfo: ["Gate", "target-TargetB-T-TargetB-44533--AppIntentsMetadataTaskProducer"]), Task(forTarget: TargetA, ruleInfo: ["WriteAuxiliaryFile", "/private/var/folders/xr/m5_5rlsd6l9fk2w4ngj13k6m0000gn/T/swbuild.tmp.I9GXyx3j/Data.noindex/Test/aProject/build/aProject.build/Debug/TargetA.build/TargetA-all-target-headers.hmap"]), Task(forTarget: TargetB, ruleInfo: ["MkDir", "/private/var/folders/xr/m5_5rlsd6l9fk2w4ngj13k6m0000gn/T/swbuild.tmp.I9GXyx3j/Data.noindex/Test/aProject/build/Debug/TargetB.framework/Versions/A"]), Task(forTarget: <none>, ruleInfo: ["Gate", "target-TargetB-T-TargetB-44533--CustomTaskProducer"]), Task(forTarget: TargetB, ruleInfo: ["WriteAuxiliaryFile", "/private/var/folders/xr/m5_5rlsd6l9fk2w4ngj13k6m0000gn/T/swbuild.tmp.I9GXyx3j/Data.noindex/Test/aProject/build/aProject.build/Debug/TargetB.build/Objects-normal/arm64/TargetB.SwiftFileList"]), Task(forTarget: TargetB, ruleInfo: ["WriteAuxiliaryFile", "/private/var/folders/xr/m5_5rlsd6l9fk2w4ngj13k6m0000gn/T/swbuild.tmp.I9GXyx3j/Data.noindex/Test/aProject/build/aProject.build/Debug/TargetB.build/Objects-normal/arm64/TargetB-OutputFileMap.json"]), Task(forTarget: TargetA, ruleInfo: ["MkDir", "/private/var/folders/xr/m5_5rlsd6l9fk2w4ngj13k6m0000gn/T/swbuild.tmp.I9GXyx3j/Data.noindex/Test/aProject/build/Debug/TargetA.framework/Versions/A/Headers"]), Task(forTarget: <none>, ruleInfo: ["Gate", "target-TargetB-T-TargetB-44533--StubBinaryTaskProducer"]), Task(forTarget: <none>, ruleInfo: ["Gate", "target-TargetB-T-TargetB-44533--DocumentationTaskProducer"]), Task(forTarget: TargetA, ruleInfo: ["SwiftDriver", "TargetA", "normal", "arm64", "com.apple.xcode.tools.swift.compiler"]), Task(forTarget: <none>, ruleInfo: ["Gate", "target-TargetB-T-TargetB-44533--GenerateAppPlaygroundAssetCatalogTaskProducer"]), Task(forTarget: <none>, ruleInfo: ["Gate", "target-TargetA-T-TargetA-44525--Barrier-CodeSign"]), Task(forTarget: <none>, ruleInfo: ["Gate", "target-TargetA-T-TargetA-44525--AppExtensionInfoPlistGeneratorTaskProducer"]), Task(forTarget: TargetB, ruleInfo: ["Gate", "target-TargetB-T-TargetB-44533--entry"]), Task(forTarget: TargetB, ruleInfo: ["Gate", "target-TargetB-T-TargetB-44533--will-sign"]), Task(forTarget: <none>, ruleInfo: ["Gate", "target-TargetB-T-TargetB-44533--Barrier-CopyAside"]), Task(forTarget: <none>, ruleInfo: ["Gate", "target-TargetA-T-TargetA-44525--ProductStructureTaskProducer"]), Task(forTarget: TargetA, ruleInfo: ["Gate", "target-TargetA-T-TargetA-44525--begin-linking"]), Task(forTarget: TargetB, ruleInfo: ["Copy", "/private/var/folders/xr/m5_5rlsd6l9fk2w4ngj13k6m0000gn/T/swbuild.tmp.I9GXyx3j/Data.noindex/Test/aProject/build/Debug/TargetB.framework/Versions/A/Modules/TargetB.swiftmodule/arm64-apple-macos.swiftdoc", "/private/var/folders/xr/m5_5rlsd6l9fk2w4ngj13k6m0000gn/T/swbuild.tmp.I9GXyx3j/Data.noindex/Test/aProject/build/aProject.build/Debug/TargetB.build/Objects-normal/arm64/TargetB.swiftdoc"]), Task(forTarget: TargetB, ruleInfo: ["Copy", "/private/var/folders/xr/m5_5rlsd6l9fk2w4ngj13k6m0000gn/T/swbuild.tmp.I9GXyx3j/Data.noindex/Test/aProject/build/Debug/TargetB.framework/Versions/A/Modules/TargetB.swiftmodule/arm64-apple-macos.swiftmodule", "/private/var/folders/xr/m5_5rlsd6l9fk2w4ngj13k6m0000gn/T/swbuild.tmp.I9GXyx3j/Data.noindex/Test/aProject/build/aProject.build/Debug/TargetB.build/Objects-normal/arm64/TargetB.swiftmodule"]), Task(forTarget: TargetB, ruleInfo: ["SymLink", "/private/var/folders/xr/m5_5rlsd6l9fk2w4ngj13k6m0000gn/T/swbuild.tmp.I9GXyx3j/Data.noindex/Test/aProject/build/EagerLinkingTBDs/Debug/TargetB.framework/TargetB.tbd", "/private/var/folders/xr/m5_5rlsd6l9fk2w4ngj13k6m0000gn/T/swbuild.tmp.I9GXyx3j/Data.noindex/Test/aProject/build/EagerLinkingTBDs/Debug/TargetB.framework/Versions/A/TargetB.tbd"]), Task(forTarget: TargetA, ruleInfo: ["SwiftMergeGeneratedHeaders", "/private/var/folders/xr/m5_5rlsd6l9fk2w4ngj13k6m0000gn/T/swbuild.tmp.I9GXyx3j/Data.noindex/Test/aProject/build/Debug/TargetA.framework/Versions/A/Headers/TargetA-Swift.h", "/private/var/folders/xr/m5_5rlsd6l9fk2w4ngj13k6m0000gn/T/swbuild.tmp.I9GXyx3j/Data.noindex/Test/aProject/build/aProject.build/Debug/TargetA.build/Objects-normal/arm64/TargetA-Swift.h"]), Task(forTarget: <none>, ruleInfo: ["SwiftExplicitDependencyCompileModuleFromInterface", "arm64", "/private/var/folders/xr/m5_5rlsd6l9fk2w4ngj13k6m0000gn/T/swbuild.tmp.I9GXyx3j/Data.noindex/Test/aProject/build/SwiftExplicitPrecompiledModules/_Concurrency-CB34E6W1YOX6.swiftmodule"]), Task(forTarget: TargetA, ruleInfo: ["Gate", "target-TargetA-T-TargetA-44525--unsigned-product-ready"]), Task(forTarget: TargetA, ruleInfo: ["Gate", "target-TargetA-T-TargetA-44525--end"]), Task(forTarget: <none>, ruleInfo: ["Gate", "target-TargetA-T-TargetA-44525--ExtensionPointExtractorTaskProducer"]), Task(forTarget: TargetB, ruleInfo: ["Touch", "/private/var/folders/xr/m5_5rlsd6l9fk2w4ngj13k6m0000gn/T/swbuild.tmp.I9GXyx3j/Data.noindex/Test/aProject/build/Debug/TargetB.framework"]), Task(forTarget: TargetB, ruleInfo: ["Gate", "target-TargetB-T-TargetB-44533--linker-inputs-ready"]), Task(forTarget: TargetA, ruleInfo: ["WriteAuxiliaryFile", "/private/var/folders/xr/m5_5rlsd6l9fk2w4ngj13k6m0000gn/T/swbuild.tmp.I9GXyx3j/Data.noindex/Test/aProject/build/aProject.build/Debug/TargetA.build/Objects-normal/arm64/TargetA.SwiftFileList"]), Task(forTarget: TargetB, ruleInfo: ["WriteAuxiliaryFile", "/private/var/folders/xr/m5_5rlsd6l9fk2w4ngj13k6m0000gn/T/swbuild.tmp.I9GXyx3j/Data.noindex/Test/aProject/build/aProject.build/Debug/TargetB.build/TargetB-project-headers.hmap"]), Task(forTarget: <none>, ruleInfo: ["Gate", "target-TargetB-T-TargetB-44533--copy-headers-completion"]), Task(forTarget: <none>, ruleInfo: ["Gate", "target-TargetB-T-TargetB-44533--Barrier-Validate"]), Task(forTarget: TargetB, ruleInfo: ["Copy", "/private/var/folders/xr/m5_5rlsd6l9fk2w4ngj13k6m0000gn/T/swbuild.tmp.I9GXyx3j/Data.noindex/Test/aProject/build/Debug/TargetB.framework/Versions/A/Modules/TargetB.swiftmodule/arm64-apple-macos.abi.json", "/private/var/folders/xr/m5_5rlsd6l9fk2w4ngj13k6m0000gn/T/swbuild.tmp.I9GXyx3j/Data.noindex/Test/aProject/build/aProject.build/Debug/TargetB.build/Objects-normal/arm64/TargetB.abi.json"]), Task(forTarget: TargetA, ruleInfo: ["WriteAuxiliaryFile", "/private/var/folders/xr/m5_5rlsd6l9fk2w4ngj13k6m0000gn/T/swbuild.tmp.I9GXyx3j/Data.noindex/Test/aProject/build/aProject.build/Debug/TargetA.build/TargetA-own-target-headers.hmap"]), Task(forTarget: TargetB, ruleInfo: ["Gate", "target-TargetB-T-TargetB-44533--begin-scanning"]), Task(forTarget: TargetA, ruleInfo: ["WriteAuxiliaryFile", "/private/var/folders/xr/m5_5rlsd6l9fk2w4ngj13k6m0000gn/T/swbuild.tmp.I9GXyx3j/Data.noindex/Test/aProject/build/aProject.build/Debug/TargetA.build/TargetA.DependencyStaticMetadataFileList"]), Task(forTarget: <none>, ruleInfo: ["Gate", "target-TargetA-T-TargetA-44525--ModuleVerifierTaskProducer"]), Task(forTarget: TargetA, ruleInfo: ["SwiftCompile", "normal", "arm64", "Compiling fileA2.swift", "/private/var/folders/xr/m5_5rlsd6l9fk2w4ngj13k6m0000gn/T/swbuild.tmp.I9GXyx3j/Data.noindex/Test/aProject/Sources/fileA2.swift"]), Task(forTarget: TargetA, ruleInfo: ["Copy", "/private/var/folders/xr/m5_5rlsd6l9fk2w4ngj13k6m0000gn/T/swbuild.tmp.I9GXyx3j/Data.noindex/Test/aProject/build/Debug/TargetA.framework/Versions/A/Modules/TargetA.swiftmodule/arm64-apple-macos.swiftmodule", "/private/var/folders/xr/m5_5rlsd6l9fk2w4ngj13k6m0000gn/T/swbuild.tmp.I9GXyx3j/Data.noindex/Test/aProject/build/aProject.build/Debug/TargetA.build/Objects-normal/arm64/TargetA.swiftmodule"]), Task(forTarget: TargetA, ruleInfo: ["Gate", "target-TargetA-T-TargetA-44525--modules-ready"]), Task(forTarget: TargetB, ruleInfo: ["SwiftCompile", "normal", "arm64", "Compiling fileB1.swift", "/private/var/folders/xr/m5_5rlsd6l9fk2w4ngj13k6m0000gn/T/swbuild.tmp.I9GXyx3j/Data.noindex/Test/aProject/Sources/fileB1.swift"]), Task(forTarget: <none>, ruleInfo: ["Gate", "target-TargetB-T-TargetB-44533--Barrier-CodeSign"]), Task(forTarget: <none>, ruleInfo: ["Gate", "target-TargetB-T-TargetB-44533--generated-headers"]), Task(forTarget: <none>, ruleInfo: ["CreateBuildDirectory", "/private/var/folders/xr/m5_5rlsd6l9fk2w4ngj13k6m0000gn/T/swbuild.tmp.I9GXyx3j/Data.noindex/Test/aProject/build/SwiftExplicitPrecompiledModules"]), Task(forTarget: <none>, ruleInfo: ["Gate", "target-TargetA-T-TargetA-44525--SanitizerTaskProducer"]), Task(forTarget: TargetA, ruleInfo: ["SwiftDriver Compilation Requirements", "TargetA", "normal", "arm64", "com.apple.xcode.tools.swift.compiler"]), Task(forTarget: <none>, ruleInfo: ["CreateBuildDirectory", "/var/folders/xr/m5_5rlsd6l9fk2w4ngj13k6m0000gn/C/com.apple.DeveloperTools/26.4.1-17E202/Xcode/CompilationCache.noindex"]), Task(forTarget: <none>, ruleInfo: ["Gate", "target-TargetA-T-TargetA-44525--AppIntentsMetadataTaskProducer"]), Task(forTarget: TargetB, ruleInfo: ["SymLink", "/private/var/folders/xr/m5_5rlsd6l9fk2w4ngj13k6m0000gn/T/swbuild.tmp.I9GXyx3j/Data.noindex/Test/aProject/build/Debug/TargetB.framework/Versions/Current", "A"]), Task(forTarget: TargetA, ruleInfo: ["Copy", "/private/var/folders/xr/m5_5rlsd6l9fk2w4ngj13k6m0000gn/T/swbuild.tmp.I9GXyx3j/Data.noindex/Test/aProject/build/Debug/TargetA.framework/Versions/A/Modules/TargetA.swiftmodule/arm64-apple-macos.swiftdoc", "/private/var/folders/xr/m5_5rlsd6l9fk2w4ngj13k6m0000gn/T/swbuild.tmp.I9GXyx3j/Data.noindex/Test/aProject/build/aProject.build/Debug/TargetA.build/Objects-normal/arm64/TargetA.swiftdoc"]), Task(forTarget: TargetA, ruleInfo: ["RegisterExecutionPolicyException", "/private/var/folders/xr/m5_5rlsd6l9fk2w4ngj13k6m0000gn/T/swbuild.tmp.I9GXyx3j/Data.noindex/Test/aProject/build/Debug/TargetA.framework"]), Task(forTarget: <none>, ruleInfo: ["Gate", "target-TargetA-T-TargetA-44525--SwiftPackageCopyFilesTaskProducer"]), Task(forTarget: TargetA, ruleInfo: ["Copy", "/private/var/folders/xr/m5_5rlsd6l9fk2w4ngj13k6m0000gn/T/swbuild.tmp.I9GXyx3j/Data.noindex/Test/aProject/build/Debug/TargetA.framework/Versions/A/Modules/TargetA.swiftmodule/arm64-apple-macos.abi.json", "/private/var/folders/xr/m5_5rlsd6l9fk2w4ngj13k6m0000gn/T/swbuild.tmp.I9GXyx3j/Data.noindex/Test/aProject/build/aProject.build/Debug/TargetA.build/Objects-normal/arm64/TargetA.abi.json"]), Task(forTarget: TargetB, ruleInfo: ["SwiftEmitModule", "normal", "arm64", "Emitting module for TargetB"]), Task(forTarget: TargetA, ruleInfo: ["Touch", "/private/var/folders/xr/m5_5rlsd6l9fk2w4ngj13k6m0000gn/T/swbuild.tmp.I9GXyx3j/Data.noindex/Test/aProject/build/Debug/TargetA.framework"]), Task(forTarget: TargetA, ruleInfo: ["Gate", "target-TargetA-T-TargetA-44525--linker-inputs-ready"]), Task(forTarget: <none>, ruleInfo: ["Gate", "target-TargetB-T-TargetB-44533--ProductStructureTaskProducer"]), Task(forTarget: TargetB, ruleInfo: ["SwiftDriver Compilation", "TargetB", "normal", "arm64", "com.apple.xcode.tools.swift.compiler"]), Task(forTarget: <none>, ruleInfo: ["Gate", "target-TargetB-T-TargetB-44533--Barrier-RegisterExecutionPolicyException"]), Task(forTarget: TargetA, ruleInfo: ["WriteAuxiliaryFile", "/private/var/folders/xr/m5_5rlsd6l9fk2w4ngj13k6m0000gn/T/swbuild.tmp.I9GXyx3j/Data.noindex/Test/aProject/build/aProject.build/Debug/TargetA.build/Objects-normal/arm64/TargetA-OutputFileMap.json"]), Task(forTarget: <none>, ruleInfo: ["Gate", "target-TargetA-T-TargetA-44525--HeadermapTaskProducer"]), Task(forTarget: TargetB, ruleInfo: ["WriteAuxiliaryFile", "/private/var/folders/xr/m5_5rlsd6l9fk2w4ngj13k6m0000gn/T/swbuild.tmp.I9GXyx3j/Data.noindex/Test/aProject/build/aProject.build/Debug/TargetB.build/TargetB.DependencyStaticMetadataFileList"]), Task(forTarget: TargetA, ruleInfo: ["Gate", "target-TargetA-T-TargetA-44525--begin-compiling"]), Task(forTarget: <none>, ruleInfo: ["Gate", "target-TargetA-T-TargetA-44525--GeneratedFilesTaskProducer"]), Task(forTarget: <none>, ruleInfo: ["Gate", "target-TargetA-T-TargetA-44525--DocumentationTaskProducer"]), Task(forTarget: <none>, ruleInfo: ["Gate", "target-TargetB-T-TargetB-44533--InfoPlistTaskProducer"]), Task(forTarget: <none>, ruleInfo: ["Gate", "target-TargetA-T-TargetA-44525--SwiftFrameworkABICheckerTaskProducer"]), Task(forTarget: TargetB, ruleInfo: ["Gate", "target-TargetB-T-TargetB-44533--end"]), Task(forTarget: TargetA, ruleInfo: ["MkDir", "/private/var/folders/xr/m5_5rlsd6l9fk2w4ngj13k6m0000gn/T/swbuild.tmp.I9GXyx3j/Data.noindex/Test/aProject/build/Debug/TargetA.framework/Versions/A"]), Task(forTarget: <none>, ruleInfo: ["Gate", "target-TargetB-T-TargetB-44533--fused-phase0-compile-sources&link-binary"]), Task(forTarget: <none>, ruleInfo: ["Gate", "target-TargetB-T-TargetB-44533--SwiftStandardLibrariesTaskProducer"]), Task(forTarget: <none>, ruleInfo: ["Gate", "target-TargetB-T-TargetB-44533--SwiftABIBaselineGenerationTaskProducer"]), Task(forTarget: <none>, ruleInfo: ["Gate", "target-TargetA-T-TargetA-44525--TestTargetPostprocessingTaskProducer"]), Task(forTarget: <none>, ruleInfo: ["Gate", "target-TargetA-T-TargetA-44525--ProductPostprocessingTaskProducer"]), Task(forTarget: <none>, ruleInfo: ["Gate", "target-TargetB-T-TargetB-44533--RealityAssetsTaskProducer"]), Task(forTarget: TargetA, ruleInfo: ["Copy", "/private/var/folders/xr/m5_5rlsd6l9fk2w4ngj13k6m0000gn/T/swbuild.tmp.I9GXyx3j/Data.noindex/Test/aProject/build/Debug/TargetA.framework/Versions/A/Modules/TargetA.swiftmodule/Project/arm64-apple-macos.swiftsourceinfo", "/private/var/folders/xr/m5_5rlsd6l9fk2w4ngj13k6m0000gn/T/swbuild.tmp.I9GXyx3j/Data.noindex/Test/aProject/build/aProject.build/Debug/TargetA.build/Objects-normal/arm64/TargetA.swiftsourceinfo"]), Task(forTarget: TargetB, ruleInfo: ["Copy", "/private/var/folders/xr/m5_5rlsd6l9fk2w4ngj13k6m0000gn/T/swbuild.tmp.I9GXyx3j/Data.noindex/Test/aProject/build/Debug/TargetB.framework/Versions/A/Modules/TargetB.swiftmodule/Project/arm64-apple-macos.swiftsourceinfo", "/private/var/folders/xr/m5_5rlsd6l9fk2w4ngj13k6m0000gn/T/swbuild.tmp.I9GXyx3j/Data.noindex/Test/aProject/build/aProject.build/Debug/TargetB.build/Objects-normal/arm64/TargetB.swiftsourceinfo"]), Task(forTarget: TargetB, ruleInfo: ["WriteAuxiliaryFile", "/private/var/folders/xr/m5_5rlsd6l9fk2w4ngj13k6m0000gn/T/swbuild.tmp.I9GXyx3j/Data.noindex/Test/aProject/build/aProject.build/Debug/TargetB.build/TargetB-all-non-framework-target-headers.hmap"]), Task(forTarget: <none>, ruleInfo: ["Gate", "target-TargetB-T-TargetB-44533--Barrier-GenerateStubAPI"]), Task(forTarget: TargetB, ruleInfo: ["RegisterExecutionPolicyException", "/private/var/folders/xr/m5_5rlsd6l9fk2w4ngj13k6m0000gn/T/swbuild.tmp.I9GXyx3j/Data.noindex/Test/aProject/build/Debug/TargetB.framework"]), Task(forTarget: TargetA, ruleInfo: ["SwiftEmitModule", "normal", "arm64", "Emitting module for TargetA"]), Task(forTarget: <none>, ruleInfo: ["SwiftExplicitDependencyCompileModuleFromInterface", "arm64", "/private/var/folders/xr/m5_5rlsd6l9fk2w4ngj13k6m0000gn/T/swbuild.tmp.I9GXyx3j/Data.noindex/Test/aProject/build/SwiftExplicitPrecompiledModules/_StringProcessing-1O0ZQ2K74RYD5.swiftmodule"]), Task(forTarget: TargetB, ruleInfo: ["Gate", "target-TargetB-T-TargetB-44533--begin-linking"]), Task(forTarget: TargetB, ruleInfo: ["Gate", "target-TargetB-T-TargetB-44533--unsigned-product-ready"]), Task(forTarget: TargetB, ruleInfo: ["MkDir", "/private/var/folders/xr/m5_5rlsd6l9fk2w4ngj13k6m0000gn/T/swbuild.tmp.I9GXyx3j/Data.noindex/Test/aProject/build/Debug/TargetB.framework"]), Task(forTarget: <none>, ruleInfo: ["Gate", "target-TargetB-T-TargetB-44533--ExtensionPointExtractorTaskProducer"]), Task(forTarget: TargetA, ruleInfo: ["WriteAuxiliaryFile", "/private/var/folders/xr/m5_5rlsd6l9fk2w4ngj13k6m0000gn/T/swbuild.tmp.I9GXyx3j/Data.noindex/Test/aProject/build/aProject.build/Debug/TargetA.build/Objects-normal/arm64/TargetA_const_extract_protocols.json"]), Task(forTarget: <none>, ruleInfo: ["Gate", "target-TargetA-T-TargetA-44525--CustomTaskProducer"]), Task(forTarget: <none>, ruleInfo: ["ClangStatCache", "/Applications/Xcode17E.app/Contents/Developer/Toolchains/XcodeDefault.xctoolchain/usr/bin/clang-stat-cache", "/Applications/Xcode17E.app/Contents/Developer/Platforms/MacOSX.platform/Developer/SDKs/MacOSX26.4.sdk", "/private/var/folders/xr/m5_5rlsd6l9fk2w4ngj13k6m0000gn/T/swbuild.tmp.I9GXyx3j/Data.noindex/Test/SDKStatCaches.noindex/macosx26.4-25E260-95aa6cf8f3effd57bda17e0c125410c0.sdkstatcache"]), Task(forTarget: <none>, ruleInfo: ["Gate", "target-TargetB-T-TargetB-44533--TestEntryPointTaskProducerFactory"]), Task(forTarget: TargetA, ruleInfo: ["Gate", "target-TargetA-T-TargetA-44525--immediate"]), Task(forTarget: <none>, ruleInfo: ["CreateBuildDirectory", "/private/var/folders/xr/m5_5rlsd6l9fk2w4ngj13k6m0000gn/T/swbuild.tmp.I9GXyx3j/Data.noindex/Test/aProject/build/Debug"]), Task(forTarget: TargetA, ruleInfo: ["Gate", "target-TargetA-T-TargetA-44525--entry"]), Task(forTarget: <none>, ruleInfo: ["Gate", "target-TargetA-T-TargetA-44525--SwiftStandardLibrariesTaskProducer"]), Task(forTarget: <none>, ruleInfo: ["Gate", "target-TargetA-T-TargetA-44525--TestEntryPointTaskProducerFactory"]), Task(forTarget: TargetA, ruleInfo: ["WriteAuxiliaryFile", "/private/var/folders/xr/m5_5rlsd6l9fk2w4ngj13k6m0000gn/T/swbuild.tmp.I9GXyx3j/Data.noindex/Test/aProject/build/aProject.build/Debug/TargetA.build/TargetA-project-headers.hmap"]), Task(forTarget: <none>, ruleInfo: ["Gate", "target-TargetA-T-TargetA-44525--Barrier-GenerateStubAPI"]), Task(forTarget: TargetA, ruleInfo: ["MkDir", "/private/var/folders/xr/m5_5rlsd6l9fk2w4ngj13k6m0000gn/T/swbuild.tmp.I9GXyx3j/Data.noindex/Test/aProject/build/Debug/TargetA.framework"]), Task(forTarget: TargetB, ruleInfo: ["WriteAuxiliaryFile", "/private/var/folders/xr/m5_5rlsd6l9fk2w4ngj13k6m0000gn/T/swbuild.tmp.I9GXyx3j/Data.noindex/Test/aProject/build/aProject.build/Debug/TargetB.build/TargetB-generated-files.hmap"]), Task(forTarget: TargetB, ruleInfo: ["WriteAuxiliaryFile", "/private/var/folders/xr/m5_5rlsd6l9fk2w4ngj13k6m0000gn/T/swbuild.tmp.I9GXyx3j/Data.noindex/Test/aProject/build/aProject.build/Debug/TargetB.build/Objects-normal/arm64/TargetB_const_extract_protocols.json"]), Task(forTarget: TargetB, ruleInfo: ["MkDir", "/private/var/folders/xr/m5_5rlsd6l9fk2w4ngj13k6m0000gn/T/swbuild.tmp.I9GXyx3j/Data.noindex/Test/aProject/build/Debug/TargetB.framework/Versions"]), Task(forTarget: <none>, ruleInfo: ["Gate", "target-TargetA-T-TargetA-44525--CopySwiftPackageResourcesTaskProducer"]), Task(forTarget: <none>, ruleInfo: ["Gate", "target-TargetA-T-TargetA-44525--Barrier-ChangeAlternatePermissions"]), Task(forTarget: TargetA, ruleInfo: ["SymLink", "/private/var/folders/xr/m5_5rlsd6l9fk2w4ngj13k6m0000gn/T/swbuild.tmp.I9GXyx3j/Data.noindex/Test/aProject/build/EagerLinkingTBDs/Debug/TargetA.framework/TargetA.tbd", "/private/var/folders/xr/m5_5rlsd6l9fk2w4ngj13k6m0000gn/T/swbuild.tmp.I9GXyx3j/Data.noindex/Test/aProject/build/EagerLinkingTBDs/Debug/TargetA.framework/Versions/A/TargetA.tbd"]), Task(forTarget: <none>, ruleInfo: ["Gate", "target-TargetA-T-TargetA-44525--Barrier-RegisterExecutionPolicyException"]), Task(forTarget: <none>, ruleInfo: ["Gate", "target-TargetB-T-TargetB-44533--SwiftPackageCopyFilesTaskProducer"]), Task(forTarget: TargetA, ruleInfo: ["SwiftCompile", "normal", "arm64", "Compiling fileA1.swift", "/private/var/folders/xr/m5_5rlsd6l9fk2w4ngj13k6m0000gn/T/swbuild.tmp.I9GXyx3j/Data.noindex/Test/aProject/Sources/fileA1.swift"]), Task(forTarget: <none>, ruleInfo: ["Gate", "target-TargetB-T-TargetB-44533--Barrier-StripSymbols"]), Task(forTarget: TargetA, ruleInfo: ["WriteAuxiliaryFile", "/private/var/folders/xr/m5_5rlsd6l9fk2w4ngj13k6m0000gn/T/swbuild.tmp.I9GXyx3j/Data.noindex/Test/aProject/build/aProject.build/Debug/TargetA.build/TargetA-all-non-framework-target-headers.hmap"]), Task(forTarget: <none>, ruleInfo: ["Gate", "target-TargetB-T-TargetB-44533--SanitizerTaskProducer"]), Task(forTarget: <none>, ruleInfo: ["Gate", "target-TargetB-T-TargetB-44533--swift-generated-headers"]), Task(forTarget: <none>, ruleInfo: ["Gate", "target-TargetB-T-TargetB-44533--Barrier-RegisterProduct"]), Task(forTarget: <none>, ruleInfo: ["Gate", "target-TargetB-T-TargetB-44533--GeneratedFilesTaskProducer"]), Task(forTarget: <none>, ruleInfo: ["Gate", "target-TargetA-T-TargetA-44525--Barrier-StripSymbols"]), Task(forTarget: TargetB, ruleInfo: ["GenerateTAPI", "/private/var/folders/xr/m5_5rlsd6l9fk2w4ngj13k6m0000gn/T/swbuild.tmp.I9GXyx3j/Data.noindex/Test/aProject/build/EagerLinkingTBDs/Debug/TargetB.framework/Versions/A/TargetB.tbd"]), Task(forTarget: <none>, ruleInfo: ["Gate", "target-TargetA-T-TargetA-44525--GenerateAppPlaygroundAssetCatalogTaskProducer"]), Task(forTarget: <none>, ruleInfo: ["Gate", "target-TargetA-T-TargetA-44525--Barrier-ChangePermissions"]), Task(forTarget: TargetA, ruleInfo: ["WriteAuxiliaryFile", "/private/var/folders/xr/m5_5rlsd6l9fk2w4ngj13k6m0000gn/T/swbuild.tmp.I9GXyx3j/Data.noindex/Test/aProject/build/aProject.build/Debug/TargetA.build/Objects-normal/arm64/TargetA.SwiftConstValuesFileList"]), Task(forTarget: TargetA, ruleInfo: ["MkDir", "/private/var/folders/xr/m5_5rlsd6l9fk2w4ngj13k6m0000gn/T/swbuild.tmp.I9GXyx3j/Data.noindex/Test/aProject/build/Debug/TargetA.framework/Versions"]), Task(forTarget: <none>, ruleInfo: ["Gate", "target-TargetA-T-TargetA-44525--StubBinaryTaskProducer"]), Task(forTarget: <none>, ruleInfo: ["Gate", "target-TargetB-T-TargetB-44533--ProductPostprocessingTaskProducer"]), Task(forTarget: TargetA, ruleInfo: ["WriteAuxiliaryFile", "/private/var/folders/xr/m5_5rlsd6l9fk2w4ngj13k6m0000gn/T/swbuild.tmp.I9GXyx3j/Data.noindex/Test/aProject/build/aProject.build/Debug/TargetA.build/Objects-normal/arm64/TargetA.LinkFileList"]), Task(forTarget: <none>, ruleInfo: ["Gate", "target-TargetA-T-TargetA-44525--ModuleMapTaskProducer"]), Task(forTarget: TargetA, ruleInfo: ["ExtractAppIntentsMetadata"]), Task(forTarget: TargetB, ruleInfo: ["WriteAuxiliaryFile", "/private/var/folders/xr/m5_5rlsd6l9fk2w4ngj13k6m0000gn/T/swbuild.tmp.I9GXyx3j/Data.noindex/Test/aProject/build/aProject.build/Debug/TargetB.build/TargetB.hmap"]), Task(forTarget: TargetA, ruleInfo: ["SymLink", "/private/var/folders/xr/m5_5rlsd6l9fk2w4ngj13k6m0000gn/T/swbuild.tmp.I9GXyx3j/Data.noindex/Test/aProject/build/Debug/TargetA.framework/TargetA", "Versions/Current/TargetA"]), Task(forTarget: TargetB, ruleInfo: ["MkDir", "/private/var/folders/xr/m5_5rlsd6l9fk2w4ngj13k6m0000gn/T/swbuild.tmp.I9GXyx3j/Data.noindex/Test/aProject/build/Debug/TargetB.framework/Versions/A/Headers"]), Task(forTarget: <none>, ruleInfo: ["CreateBuildDirectory", "/private/var/folders/xr/m5_5rlsd6l9fk2w4ngj13k6m0000gn/T/swbuild.tmp.I9GXyx3j/Data.noindex/Test/aProject/build/ExplicitPrecompiledModules"]), Task(forTarget: <none>, ruleInfo: ["Gate", "target-TargetA-T-TargetA-44525--RealityAssetsTaskProducer"]), Task(forTarget: <none>, ruleInfo: ["Gate", "target-TargetA-T-TargetA-44525--TestHostTaskProducer"]), Task(forTarget: TargetA, ruleInfo: ["Gate", "target-TargetA-T-TargetA-44525--will-sign"]), Task(forTarget: <none>, ruleInfo: ["CreateBuildDirectory", "/private/var/folders/xr/m5_5rlsd6l9fk2w4ngj13k6m0000gn/T/swbuild.tmp.I9GXyx3j/Data.noindex/Test/aProject/build/SharedPrecompiledHeaders"]), Task(forTarget: TargetA, ruleInfo: ["WriteAuxiliaryFile", "/private/var/folders/xr/m5_5rlsd6l9fk2w4ngj13k6m0000gn/T/swbuild.tmp.I9GXyx3j/Data.noindex/Test/aProject/build/aProject.build/Debug/TargetA.build/TargetA.hmap"]), Task(forTarget: TargetA, ruleInfo: ["SymLink", "/private/var/folders/xr/m5_5rlsd6l9fk2w4ngj13k6m0000gn/T/swbuild.tmp.I9GXyx3j/Data.noindex/Test/aProject/build/Debug/TargetA.framework/Modules", "Versions/Current/Modules"]), Task(forTarget: <none>, ruleInfo: ["Gate", "target-TargetA-T-TargetA-44525--copy-headers-completion"]), Task(forTarget: <none>, ruleInfo: ["Gate", "target-TargetA-T-TargetA-44525--fused-phase0-compile-sources"]), Task(forTarget: <none>, ruleInfo: ["Gate", "WorkspaceHeaderMapVFSFilesWritten"]), Task(forTarget: TargetB, ruleInfo: ["SymLink", "/private/var/folders/xr/m5_5rlsd6l9fk2w4ngj13k6m0000gn/T/swbuild.tmp.I9GXyx3j/Data.noindex/Test/aProject/build/Debug/TargetB.framework/Headers", "Versions/Current/Headers"]), Task(forTarget: TargetB, ruleInfo: ["SwiftDriver Compilation Requirements", "TargetB", "normal", "arm64", "com.apple.xcode.tools.swift.compiler"]), Task(forTarget: <none>, ruleInfo: ["Gate", "target-TargetA-T-TargetA-44525--Barrier-RegisterProduct"]), Task(forTarget: TargetB, ruleInfo: ["Gate", "target-TargetB-T-TargetB-44533--modules-ready"]), Task(forTarget: <none>, ruleInfo: ["CreateBuildDirectory", "/private/var/folders/xr/m5_5rlsd6l9fk2w4ngj13k6m0000gn/T/swbuild.tmp.I9GXyx3j/Data.noindex/Test/aProject/build/EagerLinkingTBDs/Debug"]), Task(forTarget: TargetB, ruleInfo: ["WriteAuxiliaryFile", "/private/var/folders/xr/m5_5rlsd6l9fk2w4ngj13k6m0000gn/T/swbuild.tmp.I9GXyx3j/Data.noindex/Test/aProject/build/aProject.build/Debug/TargetB.build/TargetB-all-target-headers.hmap"]), Task(forTarget: <none>, ruleInfo: ["Gate", "target-TargetB-T-TargetB-44533--ModuleVerifierTaskProducer"]), Task(forTarget: TargetA, ruleInfo: ["Gate", "target-TargetA-T-TargetA-44525--begin-scanning"]), Task(forTarget: TargetB, ruleInfo: ["Gate", "target-TargetB-T-TargetB-44533--immediate"]), Task(forTarget: TargetA, ruleInfo: ["GenerateTAPI", "/private/var/folders/xr/m5_5rlsd6l9fk2w4ngj13k6m0000gn/T/swbuild.tmp.I9GXyx3j/Data.noindex/Test/aProject/build/EagerLinkingTBDs/Debug/TargetA.framework/Versions/A/TargetA.tbd"]), Task(forTarget: TargetB, ruleInfo: ["SymLink", "/private/var/folders/xr/m5_5rlsd6l9fk2w4ngj13k6m0000gn/T/swbuild.tmp.I9GXyx3j/Data.noindex/Test/aProject/build/Debug/TargetB.framework/TargetB", "Versions/Current/TargetB"]), Task(forTarget: TargetB, ruleInfo: ["SwiftCompile", "normal", "arm64", "Compiling fileB2.swift", "/private/var/folders/xr/m5_5rlsd6l9fk2w4ngj13k6m0000gn/T/swbuild.tmp.I9GXyx3j/Data.noindex/Test/aProject/Sources/fileB2.swift"])]
↳ Occasionally fails in CI due to SwiftExplicitDependencyCompileModuleFromInterface missing from the dependency graph
━ Test swiftEagerCompilationWithExplicitModules() recorded a known issue at SwiftDriverTests.swift:3589:55: Issue recorded
↳ Task Task(forTarget: TargetA, ruleInfo: ["SwiftCompile", "normal", "arm64", "Compiling fileA2.swift", "/private/var/folders/xr/m5_5rlsd6l9fk2w4ngj13k6m0000gn/T/swbuild.tmp.I9GXyx3j/Data.noindex/Test/aProject/Sources/fileA2.swift"]) does not follow any tasks matching [Rule matches [SWBTestSupport.StringPattern.equal("SwiftExplicitDependencyGeneratePcm"), SWBTestSupport.StringPattern.equal("normal"), SWBTestSupport.StringPattern.equal("arm64"), SWBTestSupport.StringPattern.contains("_SwiftConcurrencyShims-")]]. Found: [] in [Task(forTarget: <none>, ruleInfo: ["Gate", "target-TargetA-T-TargetA-44525--Barrier-CopyAside"]), Task(forTarget: <none>, ruleInfo: ["Gate", "target-TargetA-T-TargetA-44525--InfoPlistTaskProducer"]), Task(forTarget: <none>, ruleInfo: ["Gate", "target-TargetB-T-TargetB-44533--Barrier-ChangeAlternatePermissions"]), Task(forTarget: <none>, ruleInfo: ["Gate", "target-TargetA-T-TargetA-44525--swift-generated-headers"]), Task(forTarget: TargetB, ruleInfo: ["ExtractAppIntentsMetadata"]), Task(forTarget: TargetB, ruleInfo: ["SwiftDriver", "TargetB", "normal", "arm64", "com.apple.xcode.tools.swift.compiler"]), Task(forTarget: TargetB, ruleInfo: ["WriteAuxiliaryFile", "/private/var/folders/xr/m5_5rlsd6l9fk2w4ngj13k6m0000gn/T/swbuild.tmp.I9GXyx3j/Data.noindex/Test/aProject/build/aProject.build/Debug/TargetB.build/TargetB-own-target-headers.hmap"]), Task(forTarget: TargetA, ruleInfo: ["WriteAuxiliaryFile", "/private/var/folders/xr/m5_5rlsd6l9fk2w4ngj13k6m0000gn/T/swbuild.tmp.I9GXyx3j/Data.noindex/Test/aProject/build/aProject.build/Debug/TargetA.build/TargetA-generated-files.hmap"]), Task(forTarget: TargetA, ruleInfo: ["SwiftDriver Compilation", "TargetA", "normal", "arm64", "com.apple.xcode.tools.swift.compiler"]), Task(forTarget: TargetA, ruleInfo: ["Ld", "/private/var/folders/xr/m5_5rlsd6l9fk2w4ngj13k6m0000gn/T/swbuild.tmp.I9GXyx3j/Data.noindex/Test/aProject/build/Debug/TargetA.framework/Versions/A/TargetA", "normal"]), Task(forTarget: <none>, ruleInfo: ["SwiftExplicitDependencyCompileModuleFromInterface", "arm64", "/private/var/folders/xr/m5_5rlsd6l9fk2w4ngj13k6m0000gn/T/swbuild.tmp.I9GXyx3j/Data.noindex/Test/aProject/build/SwiftExplicitPrecompiledModules/Swift-NBB0GQDQYZZH.swiftmodule"]), Task(forTarget: TargetB, ruleInfo: ["SwiftMergeGeneratedHeaders", "/private/var/folders/xr/m5_5rlsd6l9fk2w4ngj13k6m0000gn/T/swbuild.tmp.I9GXyx3j/Data.noindex/Test/aProject/build/Debug/TargetB.framework/Versions/A/Headers/TargetB-Swift.h", "/private/var/folders/xr/m5_5rlsd6l9fk2w4ngj13k6m0000gn/T/swbuild.tmp.I9GXyx3j/Data.noindex/Test/aProject/build/aProject.build/Debug/TargetB.build/Objects-normal/arm64/TargetB-Swift.h"]), Task(forTarget: <none>, ruleInfo: ["Gate", "target-TargetB-T-TargetB-44533--TestHostTaskProducer"]), Task(forTarget: TargetB, ruleInfo: ["WriteAuxiliaryFile", "/private/var/folders/xr/m5_5rlsd6l9fk2w4ngj13k6m0000gn/T/swbuild.tmp.I9GXyx3j/Data.noindex/Test/aProject/build/aProject.build/Debug/TargetB.build/Objects-normal/arm64/TargetB.SwiftConstValuesFileList"]), Task(forTarget: <none>, ruleInfo: ["Gate", "target-TargetB-T-TargetB-44533--ModuleMapTaskProducer"]), Task(forTarget: <none>, ruleInfo: ["Gate", "target-TargetB-T-TargetB-44533--SwiftFrameworkABICheckerTaskProducer"]), Task(forTarget: <none>, ruleInfo: ["Gate", "target-TargetB-T-TargetB-44533--Barrier-ChangePermissions"]), Task(forTarget: TargetB, ruleInfo: ["Gate", "target-TargetB-T-TargetB-44533--begin-compiling"]), Task(forTarget: <none>, ruleInfo: ["Gate", "target-TargetB-T-TargetB-44533--TestTargetTaskProducer"]), Task(forTarget: <none>, ruleInfo: ["Gate", "target-TargetB-T-TargetB-44533--TAPISymbolExtractorTaskProducer"]), Task(forTarget: <none>, ruleInfo: ["Gate", "target-TargetB-T-TargetB-44533--HeadermapTaskProducer"]), Task(forTarget: TargetB, ruleInfo: ["Ld", "/private/var/folders/xr/m5_5rlsd6l9fk2w4ngj13k6m0000gn/T/swbuild.tmp.I9GXyx3j/Data.noindex/Test/aProject/build/Debug/TargetB.framework/Versions/A/TargetB", "normal"]), Task(forTarget: TargetB, ruleInfo: ["WriteAuxiliaryFile", "/private/var/folders/xr/m5_5rlsd6l9fk2w4ngj13k6m0000gn/T/swbuild.tmp.I9GXyx3j/Data.noindex/Test/aProject/build/aProject.build/Debug/TargetB.build/Objects-normal/arm64/TargetB.LinkFileList"]), Task(forTarget: <none>, ruleInfo: ["Gate", "target-TargetB-T-TargetB-44533--TestTargetPostprocessingTaskProducer"]), Task(forTarget: <none>, ruleInfo: ["SwiftExplicitDependencyGeneratePcm", "arm64", "/private/var/folders/xr/m5_5rlsd6l9fk2w4ngj13k6m0000gn/T/swbuild.tmp.I9GXyx3j/Data.noindex/Test/aProject/build/SwiftExplicitPrecompiledModules/_SwiftConcurrencyShims-AIZW70LS1W2L0PXECXLASUUHS.pcm"]), Task(forTarget: TargetA, ruleInfo: ["SymLink", "/private/var/folders/xr/m5_5rlsd6l9fk2w4ngj13k6m0000gn/T/swbuild.tmp.I9GXyx3j/Data.noindex/Test/aProject/build/Debug/TargetA.framework/Versions/Current", "A"]), Task(forTarget: <none>, ruleInfo: ["CreateBuildDirectory", "/private/var/folders/xr/m5_5rlsd6l9fk2w4ngj13k6m0000gn/T/swbuild.tmp.I9GXyx3j/Data.noindex/Test/aProject/build"]), Task(forTarget: TargetB, ruleInfo: ["WriteAuxiliaryFile", "/private/var/folders/xr/m5_5rlsd6l9fk2w4ngj13k6m0000gn/T/swbuild.tmp.I9GXyx3j/Data.noindex/Test/aProject/build/aProject.build/Debug/TargetB.build/TargetB.DependencyMetadataFileList"]), Task(forTarget: TargetA, ruleInfo: ["WriteAuxiliaryFile", "/private/var/folders/xr/m5_5rlsd6l9fk2w4ngj13k6m0000gn/T/swbuild.tmp.I9GXyx3j/Data.noindex/Test/aProject/build/aProject.build/Debug/TargetA.build/TargetA.DependencyMetadataFileList"]), Task(forTarget: <none>, ruleInfo: ["Gate", "target-TargetB-T-TargetB-44533--AppExtensionInfoPlistGeneratorTaskProducer"]), Task(forTarget: <none>, ruleInfo: ["Gate", "target-TargetA-T-TargetA-44525--SwiftABIBaselineGenerationTaskProducer"]), Task(forTarget: <none>, ruleInfo: ["Gate", "target-TargetA-T-TargetA-44525--Barrier-Validate"]), Task(forTarget: <none>, ruleInfo: ["SwiftExplicitDependencyGeneratePcm", "arm64", "/private/var/folders/xr/m5_5rlsd6l9fk2w4ngj13k6m0000gn/T/swbuild.tmp.I9GXyx3j/Data.noindex/Test/aProject/build/SwiftExplicitPrecompiledModules/SwiftShims-1XRNFTFX3SVGVJQLDAOI208RW.pcm"]), Task(forTarget: TargetA, ruleInfo: ["SymLink", "/private/var/folders/xr/m5_5rlsd6l9fk2w4ngj13k6m0000gn/T/swbuild.tmp.I9GXyx3j/Data.noindex/Test/aProject/build/Debug/TargetA.framework/Headers", "Versions/Current/Headers"]), Task(forTarget: <none>, ruleInfo: ["Gate", "target-TargetA-T-TargetA-44525--generated-headers"]), Task(forTarget: TargetB, ruleInfo: ["SymLink", "/private/var/folders/xr/m5_5rlsd6l9fk2w4ngj13k6m0000gn/T/swbuild.tmp.I9GXyx3j/Data.noindex/Test/aProject/build/Debug/TargetB.framework/Modules", "Versions/Current/Modules"]), Task(forTarget: <none>, ruleInfo: ["WriteAuxiliaryFile", "/private/var/folders/xr/m5_5rlsd6l9fk2w4ngj13k6m0000gn/T/swbuild.tmp.I9GXyx3j/Data.noindex/Test/aProject/build/aProject.build/Debug/aProject-P44536-VFS/all-product-headers.yaml"]), Task(forTarget: <none>, ruleInfo: ["Gate", "target-TargetA-T-TargetA-44525--TAPISymbolExtractorTaskProducer"]), Task(forTarget: <none>, ruleInfo: ["Gate", "target-TargetA-T-TargetA-44525--TestTargetTaskProducer"]), Task(forTarget: <none>, ruleInfo: ["Gate", "target-TargetB-T-TargetB-44533--CopySwiftPackageResourcesTaskProducer"]), Task(forTarget: <none>, ruleInfo: ["Gate", "target-TargetB-T-TargetB-44533--AppIntentsMetadataTaskProducer"]), Task(forTarget: TargetA, ruleInfo: ["WriteAuxiliaryFile", "/private/var/folders/xr/m5_5rlsd6l9fk2w4ngj13k6m0000gn/T/swbuild.tmp.I9GXyx3j/Data.noindex/Test/aProject/build/aProject.build/Debug/TargetA.build/TargetA-all-target-headers.hmap"]), Task(forTarget: TargetB, ruleInfo: ["MkDir", "/private/var/folders/xr/m5_5rlsd6l9fk2w4ngj13k6m0000gn/T/swbuild.tmp.I9GXyx3j/Data.noindex/Test/aProject/build/Debug/TargetB.framework/Versions/A"]), Task(forTarget: <none>, ruleInfo: ["Gate", "target-TargetB-T-TargetB-44533--CustomTaskProducer"]), Task(forTarget: TargetB, ruleInfo: ["WriteAuxiliaryFile", "/private/var/folders/xr/m5_5rlsd6l9fk2w4ngj13k6m0000gn/T/swbuild.tmp.I9GXyx3j/Data.noindex/Test/aProject/build/aProject.build/Debug/TargetB.build/Objects-normal/arm64/TargetB.SwiftFileList"]), Task(forTarget: TargetB, ruleInfo: ["WriteAuxiliaryFile", "/private/var/folders/xr/m5_5rlsd6l9fk2w4ngj13k6m0000gn/T/swbuild.tmp.I9GXyx3j/Data.noindex/Test/aProject/build/aProject.build/Debug/TargetB.build/Objects-normal/arm64/TargetB-OutputFileMap.json"]), Task(forTarget: TargetA, ruleInfo: ["MkDir", "/private/var/folders/xr/m5_5rlsd6l9fk2w4ngj13k6m0000gn/T/swbuild.tmp.I9GXyx3j/Data.noindex/Test/aProject/build/Debug/TargetA.framework/Versions/A/Headers"]), Task(forTarget: <none>, ruleInfo: ["Gate", "target-TargetB-T-TargetB-44533--StubBinaryTaskProducer"]), Task(forTarget: <none>, ruleInfo: ["Gate", "target-TargetB-T-TargetB-44533--DocumentationTaskProducer"]), Task(forTarget: TargetA, ruleInfo: ["SwiftDriver", "TargetA", "normal", "arm64", "com.apple.xcode.tools.swift.compiler"]), Task(forTarget: <none>, ruleInfo: ["Gate", "target-TargetB-T-TargetB-44533--GenerateAppPlaygroundAssetCatalogTaskProducer"]), Task(forTarget: <none>, ruleInfo: ["Gate", "target-TargetA-T-TargetA-44525--Barrier-CodeSign"]), Task(forTarget: <none>, ruleInfo: ["Gate", "target-TargetA-T-TargetA-44525--AppExtensionInfoPlistGeneratorTaskProducer"]), Task(forTarget: TargetB, ruleInfo: ["Gate", "target-TargetB-T-TargetB-44533--entry"]), Task(forTarget: TargetB, ruleInfo: ["Gate", "target-TargetB-T-TargetB-44533--will-sign"]), Task(forTarget: <none>, ruleInfo: ["Gate", "target-TargetB-T-TargetB-44533--Barrier-CopyAside"]), Task(forTarget: <none>, ruleInfo: ["Gate", "target-TargetA-T-TargetA-44525--ProductStructureTaskProducer"]), Task(forTarget: TargetA, ruleInfo: ["Gate", "target-TargetA-T-TargetA-44525--begin-linking"]), Task(forTarget: TargetB, ruleInfo: ["Copy", "/private/var/folders/xr/m5_5rlsd6l9fk2w4ngj13k6m0000gn/T/swbuild.tmp.I9GXyx3j/Data.noindex/Test/aProject/build/Debug/TargetB.framework/Versions/A/Modules/TargetB.swiftmodule/arm64-apple-macos.swiftdoc", "/private/var/folders/xr/m5_5rlsd6l9fk2w4ngj13k6m0000gn/T/swbuild.tmp.I9GXyx3j/Data.noindex/Test/aProject/build/aProject.build/Debug/TargetB.build/Objects-normal/arm64/TargetB.swiftdoc"]), Task(forTarget: TargetB, ruleInfo: ["Copy", "/private/var/folders/xr/m5_5rlsd6l9fk2w4ngj13k6m0000gn/T/swbuild.tmp.I9GXyx3j/Data.noindex/Test/aProject/build/Debug/TargetB.framework/Versions/A/Modules/TargetB.swiftmodule/arm64-apple-macos.swiftmodule", "/private/var/folders/xr/m5_5rlsd6l9fk2w4ngj13k6m0000gn/T/swbuild.tmp.I9GXyx3j/Data.noindex/Test/aProject/build/aProject.build/Debug/TargetB.build/Objects-normal/arm64/TargetB.swiftmodule"]), Task(forTarget: TargetB, ruleInfo: ["SymLink", "/private/var/folders/xr/m5_5rlsd6l9fk2w4ngj13k6m0000gn/T/swbuild.tmp.I9GXyx3j/Data.noindex/Test/aProject/build/EagerLinkingTBDs/Debug/TargetB.framework/TargetB.tbd", "/private/var/folders/xr/m5_5rlsd6l9fk2w4ngj13k6m0000gn/T/swbuild.tmp.I9GXyx3j/Data.noindex/Test/aProject/build/EagerLinkingTBDs/Debug/TargetB.framework/Versions/A/TargetB.tbd"]), Task(forTarget: TargetA, ruleInfo: ["SwiftMergeGeneratedHeaders", "/private/var/folders/xr/m5_5rlsd6l9fk2w4ngj13k6m0000gn/T/swbuild.tmp.I9GXyx3j/Data.noindex/Test/aProject/build/Debug/TargetA.framework/Versions/A/Headers/TargetA-Swift.h", "/private/var/folders/xr/m5_5rlsd6l9fk2w4ngj13k6m0000gn/T/swbuild.tmp.I9GXyx3j/Data.noindex/Test/aProject/build/aProject.build/Debug/TargetA.build/Objects-normal/arm64/TargetA-Swift.h"]), Task(forTarget: <none>, ruleInfo: ["SwiftExplicitDependencyCompileModuleFromInterface", "arm64", "/private/var/folders/xr/m5_5rlsd6l9fk2w4ngj13k6m0000gn/T/swbuild.tmp.I9GXyx3j/Data.noindex/Test/aProject/build/SwiftExplicitPrecompiledModules/_Concurrency-CB34E6W1YOX6.swiftmodule"]), Task(forTarget: TargetA, ruleInfo: ["Gate", "target-TargetA-T-TargetA-44525--unsigned-product-ready"]), Task(forTarget: TargetA, ruleInfo: ["Gate", "target-TargetA-T-TargetA-44525--end"]), Task(forTarget: <none>, ruleInfo: ["Gate", "target-TargetA-T-TargetA-44525--ExtensionPointExtractorTaskProducer"]), Task(forTarget: TargetB, ruleInfo: ["Touch", "/private/var/folders/xr/m5_5rlsd6l9fk2w4ngj13k6m0000gn/T/swbuild.tmp.I9GXyx3j/Data.noindex/Test/aProject/build/Debug/TargetB.framework"]), Task(forTarget: TargetB, ruleInfo: ["Gate", "target-TargetB-T-TargetB-44533--linker-inputs-ready"]), Task(forTarget: TargetA, ruleInfo: ["WriteAuxiliaryFile", "/private/var/folders/xr/m5_5rlsd6l9fk2w4ngj13k6m0000gn/T/swbuild.tmp.I9GXyx3j/Data.noindex/Test/aProject/build/aProject.build/Debug/TargetA.build/Objects-normal/arm64/TargetA.SwiftFileList"]), Task(forTarget: TargetB, ruleInfo: ["WriteAuxiliaryFile", "/private/var/folders/xr/m5_5rlsd6l9fk2w4ngj13k6m0000gn/T/swbuild.tmp.I9GXyx3j/Data.noindex/Test/aProject/build/aProject.build/Debug/TargetB.build/TargetB-project-headers.hmap"]), Task(forTarget: <none>, ruleInfo: ["Gate", "target-TargetB-T-TargetB-44533--copy-headers-completion"]), Task(forTarget: <none>, ruleInfo: ["Gate", "target-TargetB-T-TargetB-44533--Barrier-Validate"]), Task(forTarget: TargetB, ruleInfo: ["Copy", "/private/var/folders/xr/m5_5rlsd6l9fk2w4ngj13k6m0000gn/T/swbuild.tmp.I9GXyx3j/Data.noindex/Test/aProject/build/Debug/TargetB.framework/Versions/A/Modules/TargetB.swiftmodule/arm64-apple-macos.abi.json", "/private/var/folders/xr/m5_5rlsd6l9fk2w4ngj13k6m0000gn/T/swbuild.tmp.I9GXyx3j/Data.noindex/Test/aProject/build/aProject.build/Debug/TargetB.build/Objects-normal/arm64/TargetB.abi.json"]), Task(forTarget: TargetA, ruleInfo: ["WriteAuxiliaryFile", "/private/var/folders/xr/m5_5rlsd6l9fk2w4ngj13k6m0000gn/T/swbuild.tmp.I9GXyx3j/Data.noindex/Test/aProject/build/aProject.build/Debug/TargetA.build/TargetA-own-target-headers.hmap"]), Task(forTarget: TargetB, ruleInfo: ["Gate", "target-TargetB-T-TargetB-44533--begin-scanning"]), Task(forTarget: TargetA, ruleInfo: ["WriteAuxiliaryFile", "/private/var/folders/xr/m5_5rlsd6l9fk2w4ngj13k6m0000gn/T/swbuild.tmp.I9GXyx3j/Data.noindex/Test/aProject/build/aProject.build/Debug/TargetA.build/TargetA.DependencyStaticMetadataFileList"]), Task(forTarget: <none>, ruleInfo: ["Gate", "target-TargetA-T-TargetA-44525--ModuleVerifierTaskProducer"]), Task(forTarget: TargetA, ruleInfo: ["SwiftCompile", "normal", "arm64", "Compiling fileA2.swift", "/private/var/folders/xr/m5_5rlsd6l9fk2w4ngj13k6m0000gn/T/swbuild.tmp.I9GXyx3j/Data.noindex/Test/aProject/Sources/fileA2.swift"]), Task(forTarget: TargetA, ruleInfo: ["Copy", "/private/var/folders/xr/m5_5rlsd6l9fk2w4ngj13k6m0000gn/T/swbuild.tmp.I9GXyx3j/Data.noindex/Test/aProject/build/Debug/TargetA.framework/Versions/A/Modules/TargetA.swiftmodule/arm64-apple-macos.swiftmodule", "/private/var/folders/xr/m5_5rlsd6l9fk2w4ngj13k6m0000gn/T/swbuild.tmp.I9GXyx3j/Data.noindex/Test/aProject/build/aProject.build/Debug/TargetA.build/Objects-normal/arm64/TargetA.swiftmodule"]), Task(forTarget: TargetA, ruleInfo: ["Gate", "target-TargetA-T-TargetA-44525--modules-ready"]), Task(forTarget: TargetB, ruleInfo: ["SwiftCompile", "normal", "arm64", "Compiling fileB1.swift", "/private/var/folders/xr/m5_5rlsd6l9fk2w4ngj13k6m0000gn/T/swbuild.tmp.I9GXyx3j/Data.noindex/Test/aProject/Sources/fileB1.swift"]), Task(forTarget: <none>, ruleInfo: ["Gate", "target-TargetB-T-TargetB-44533--Barrier-CodeSign"]), Task(forTarget: <none>, ruleInfo: ["Gate", "target-TargetB-T-TargetB-44533--generated-headers"]), Task(forTarget: <none>, ruleInfo: ["CreateBuildDirectory", "/private/var/folders/xr/m5_5rlsd6l9fk2w4ngj13k6m0000gn/T/swbuild.tmp.I9GXyx3j/Data.noindex/Test/aProject/build/SwiftExplicitPrecompiledModules"]), Task(forTarget: <none>, ruleInfo: ["Gate", "target-TargetA-T-TargetA-44525--SanitizerTaskProducer"]), Task(forTarget: TargetA, ruleInfo: ["SwiftDriver Compilation Requirements", "TargetA", "normal", "arm64", "com.apple.xcode.tools.swift.compiler"]), Task(forTarget: <none>, ruleInfo: ["CreateBuildDirectory", "/var/folders/xr/m5_5rlsd6l9fk2w4ngj13k6m0000gn/C/com.apple.DeveloperTools/26.4.1-17E202/Xcode/CompilationCache.noindex"]), Task(forTarget: <none>, ruleInfo: ["Gate", "target-TargetA-T-TargetA-44525--AppIntentsMetadataTaskProducer"]), Task(forTarget: TargetB, ruleInfo: ["SymLink", "/private/var/folders/xr/m5_5rlsd6l9fk2w4ngj13k6m0000gn/T/swbuild.tmp.I9GXyx3j/Data.noindex/Test/aProject/build/Debug/TargetB.framework/Versions/Current", "A"]), Task(forTarget: TargetA, ruleInfo: ["Copy", "/private/var/folders/xr/m5_5rlsd6l9fk2w4ngj13k6m0000gn/T/swbuild.tmp.I9GXyx3j/Data.noindex/Test/aProject/build/Debug/TargetA.framework/Versions/A/Modules/TargetA.swiftmodule/arm64-apple-macos.swiftdoc", "/private/var/folders/xr/m5_5rlsd6l9fk2w4ngj13k6m0000gn/T/swbuild.tmp.I9GXyx3j/Data.noindex/Test/aProject/build/aProject.build/Debug/TargetA.build/Objects-normal/arm64/TargetA.swiftdoc"]), Task(forTarget: TargetA, ruleInfo: ["RegisterExecutionPolicyException", "/private/var/folders/xr/m5_5rlsd6l9fk2w4ngj13k6m0000gn/T/swbuild.tmp.I9GXyx3j/Data.noindex/Test/aProject/build/Debug/TargetA.framework"]), Task(forTarget: <none>, ruleInfo: ["Gate", "target-TargetA-T-TargetA-44525--SwiftPackageCopyFilesTaskProducer"]), Task(forTarget: TargetA, ruleInfo: ["Copy", "/private/var/folders/xr/m5_5rlsd6l9fk2w4ngj13k6m0000gn/T/swbuild.tmp.I9GXyx3j/Data.noindex/Test/aProject/build/Debug/TargetA.framework/Versions/A/Modules/TargetA.swiftmodule/arm64-apple-macos.abi.json", "/private/var/folders/xr/m5_5rlsd6l9fk2w4ngj13k6m0000gn/T/swbuild.tmp.I9GXyx3j/Data.noindex/Test/aProject/build/aProject.build/Debug/TargetA.build/Objects-normal/arm64/TargetA.abi.json"]), Task(forTarget: TargetB, ruleInfo: ["SwiftEmitModule", "normal", "arm64", "Emitting module for TargetB"]), Task(forTarget: TargetA, ruleInfo: ["Touch", "/private/var/folders/xr/m5_5rlsd6l9fk2w4ngj13k6m0000gn/T/swbuild.tmp.I9GXyx3j/Data.noindex/Test/aProject/build/Debug/TargetA.framework"]), Task(forTarget: TargetA, ruleInfo: ["Gate", "target-TargetA-T-TargetA-44525--linker-inputs-ready"]), Task(forTarget: <none>, ruleInfo: ["Gate", "target-TargetB-T-TargetB-44533--ProductStructureTaskProducer"]), Task(forTarget: TargetB, ruleInfo: ["SwiftDriver Compilation", "TargetB", "normal", "arm64", "com.apple.xcode.tools.swift.compiler"]), Task(forTarget: <none>, ruleInfo: ["Gate", "target-TargetB-T-TargetB-44533--Barrier-RegisterExecutionPolicyException"]), Task(forTarget: TargetA, ruleInfo: ["WriteAuxiliaryFile", "/private/var/folders/xr/m5_5rlsd6l9fk2w4ngj13k6m0000gn/T/swbuild.tmp.I9GXyx3j/Data.noindex/Test/aProject/build/aProject.build/Debug/TargetA.build/Objects-normal/arm64/TargetA-OutputFileMap.json"]), Task(forTarget: <none>, ruleInfo: ["Gate", "target-TargetA-T-TargetA-44525--HeadermapTaskProducer"]), Task(forTarget: TargetB, ruleInfo: ["WriteAuxiliaryFile", "/private/var/folders/xr/m5_5rlsd6l9fk2w4ngj13k6m0000gn/T/swbuild.tmp.I9GXyx3j/Data.noindex/Test/aProject/build/aProject.build/Debug/TargetB.build/TargetB.DependencyStaticMetadataFileList"]), Task(forTarget: TargetA, ruleInfo: ["Gate", "target-TargetA-T-TargetA-44525--begin-compiling"]), Task(forTarget: <none>, ruleInfo: ["Gate", "target-TargetA-T-TargetA-44525--GeneratedFilesTaskProducer"]), Task(forTarget: <none>, ruleInfo: ["Gate", "target-TargetA-T-TargetA-44525--DocumentationTaskProducer"]), Task(forTarget: <none>, ruleInfo: ["Gate", "target-TargetB-T-TargetB-44533--InfoPlistTaskProducer"]), Task(forTarget: <none>, ruleInfo: ["Gate", "target-TargetA-T-TargetA-44525--SwiftFrameworkABICheckerTaskProducer"]), Task(forTarget: TargetB, ruleInfo: ["Gate", "target-TargetB-T-TargetB-44533--end"]), Task(forTarget: TargetA, ruleInfo: ["MkDir", "/private/var/folders/xr/m5_5rlsd6l9fk2w4ngj13k6m0000gn/T/swbuild.tmp.I9GXyx3j/Data.noindex/Test/aProject/build/Debug/TargetA.framework/Versions/A"]), Task(forTarget: <none>, ruleInfo: ["Gate", "target-TargetB-T-TargetB-44533--fused-phase0-compile-sources&link-binary"]), Task(forTarget: <none>, ruleInfo: ["Gate", "target-TargetB-T-TargetB-44533--SwiftStandardLibrariesTaskProducer"]), Task(forTarget: <none>, ruleInfo: ["Gate", "target-TargetB-T-TargetB-44533--SwiftABIBaselineGenerationTaskProducer"]), Task(forTarget: <none>, ruleInfo: ["Gate", "target-TargetA-T-TargetA-44525--TestTargetPostprocessingTaskProducer"]), Task(forTarget: <none>, ruleInfo: ["Gate", "target-TargetA-T-TargetA-44525--ProductPostprocessingTaskProducer"]), Task(forTarget: <none>, ruleInfo: ["Gate", "target-TargetB-T-TargetB-44533--RealityAssetsTaskProducer"]), Task(forTarget: TargetA, ruleInfo: ["Copy", "/private/var/folders/xr/m5_5rlsd6l9fk2w4ngj13k6m0000gn/T/swbuild.tmp.I9GXyx3j/Data.noindex/Test/aProject/build/Debug/TargetA.framework/Versions/A/Modules/TargetA.swiftmodule/Project/arm64-apple-macos.swiftsourceinfo", "/private/var/folders/xr/m5_5rlsd6l9fk2w4ngj13k6m0000gn/T/swbuild.tmp.I9GXyx3j/Data.noindex/Test/aProject/build/aProject.build/Debug/TargetA.build/Objects-normal/arm64/TargetA.swiftsourceinfo"]), Task(forTarget: TargetB, ruleInfo: ["Copy", "/private/var/folders/xr/m5_5rlsd6l9fk2w4ngj13k6m0000gn/T/swbuild.tmp.I9GXyx3j/Data.noindex/Test/aProject/build/Debug/TargetB.framework/Versions/A/Modules/TargetB.swiftmodule/Project/arm64-apple-macos.swiftsourceinfo", "/private/var/folders/xr/m5_5rlsd6l9fk2w4ngj13k6m0000gn/T/swbuild.tmp.I9GXyx3j/Data.noindex/Test/aProject/build/aProject.build/Debug/TargetB.build/Objects-normal/arm64/TargetB.swiftsourceinfo"]), Task(forTarget: TargetB, ruleInfo: ["WriteAuxiliaryFile", "/private/var/folders/xr/m5_5rlsd6l9fk2w4ngj13k6m0000gn/T/swbuild.tmp.I9GXyx3j/Data.noindex/Test/aProject/build/aProject.build/Debug/TargetB.build/TargetB-all-non-framework-target-headers.hmap"]), Task(forTarget: <none>, ruleInfo: ["Gate", "target-TargetB-T-TargetB-44533--Barrier-GenerateStubAPI"]), Task(forTarget: TargetB, ruleInfo: ["RegisterExecutionPolicyException", "/private/var/folders/xr/m5_5rlsd6l9fk2w4ngj13k6m0000gn/T/swbuild.tmp.I9GXyx3j/Data.noindex/Test/aProject/build/Debug/TargetB.framework"]), Task(forTarget: TargetA, ruleInfo: ["SwiftEmitModule", "normal", "arm64", "Emitting module for TargetA"]), Task(forTarget: <none>, ruleInfo: ["SwiftExplicitDependencyCompileModuleFromInterface", "arm64", "/private/var/folders/xr/m5_5rlsd6l9fk2w4ngj13k6m0000gn/T/swbuild.tmp.I9GXyx3j/Data.noindex/Test/aProject/build/SwiftExplicitPrecompiledModules/_StringProcessing-1O0ZQ2K74RYD5.swiftmodule"]), Task(forTarget: TargetB, ruleInfo: ["Gate", "target-TargetB-T-TargetB-44533--begin-linking"]), Task(forTarget: TargetB, ruleInfo: ["Gate", "target-TargetB-T-TargetB-44533--unsigned-product-ready"]), Task(forTarget: TargetB, ruleInfo: ["MkDir", "/private/var/folders/xr/m5_5rlsd6l9fk2w4ngj13k6m0000gn/T/swbuild.tmp.I9GXyx3j/Data.noindex/Test/aProject/build/Debug/TargetB.framework"]), Task(forTarget: <none>, ruleInfo: ["Gate", "target-TargetB-T-TargetB-44533--ExtensionPointExtractorTaskProducer"]), Task(forTarget: TargetA, ruleInfo: ["WriteAuxiliaryFile", "/private/var/folders/xr/m5_5rlsd6l9fk2w4ngj13k6m0000gn/T/swbuild.tmp.I9GXyx3j/Data.noindex/Test/aProject/build/aProject.build/Debug/TargetA.build/Objects-normal/arm64/TargetA_const_extract_protocols.json"]), Task(forTarget: <none>, ruleInfo: ["Gate", "target-TargetA-T-TargetA-44525--CustomTaskProducer"]), Task(forTarget: <none>, ruleInfo: ["ClangStatCache", "/Applications/Xcode17E.app/Contents/Developer/Toolchains/XcodeDefault.xctoolchain/usr/bin/clang-stat-cache", "/Applications/Xcode17E.app/Contents/Developer/Platforms/MacOSX.platform/Developer/SDKs/MacOSX26.4.sdk", "/private/var/folders/xr/m5_5rlsd6l9fk2w4ngj13k6m0000gn/T/swbuild.tmp.I9GXyx3j/Data.noindex/Test/SDKStatCaches.noindex/macosx26.4-25E260-95aa6cf8f3effd57bda17e0c125410c0.sdkstatcache"]), Task(forTarget: <none>, ruleInfo: ["Gate", "target-TargetB-T-TargetB-44533--TestEntryPointTaskProducerFactory"]), Task(forTarget: TargetA, ruleInfo: ["Gate", "target-TargetA-T-TargetA-44525--immediate"]), Task(forTarget: <none>, ruleInfo: ["CreateBuildDirectory", "/private/var/folders/xr/m5_5rlsd6l9fk2w4ngj13k6m0000gn/T/swbuild.tmp.I9GXyx3j/Data.noindex/Test/aProject/build/Debug"]), Task(forTarget: TargetA, ruleInfo: ["Gate", "target-TargetA-T-TargetA-44525--entry"]), Task(forTarget: <none>, ruleInfo: ["Gate", "target-TargetA-T-TargetA-44525--SwiftStandardLibrariesTaskProducer"]), Task(forTarget: <none>, ruleInfo: ["Gate", "target-TargetA-T-TargetA-44525--TestEntryPointTaskProducerFactory"]), Task(forTarget: TargetA, ruleInfo: ["WriteAuxiliaryFile", "/private/var/folders/xr/m5_5rlsd6l9fk2w4ngj13k6m0000gn/T/swbuild.tmp.I9GXyx3j/Data.noindex/Test/aProject/build/aProject.build/Debug/TargetA.build/TargetA-project-headers.hmap"]), Task(forTarget: <none>, ruleInfo: ["Gate", "target-TargetA-T-TargetA-44525--Barrier-GenerateStubAPI"]), Task(forTarget: TargetA, ruleInfo: ["MkDir", "/private/var/folders/xr/m5_5rlsd6l9fk2w4ngj13k6m0000gn/T/swbuild.tmp.I9GXyx3j/Data.noindex/Test/aProject/build/Debug/TargetA.framework"]), Task(forTarget: TargetB, ruleInfo: ["WriteAuxiliaryFile", "/private/var/folders/xr/m5_5rlsd6l9fk2w4ngj13k6m0000gn/T/swbuild.tmp.I9GXyx3j/Data.noindex/Test/aProject/build/aProject.build/Debug/TargetB.build/TargetB-generated-files.hmap"]), Task(forTarget: TargetB, ruleInfo: ["WriteAuxiliaryFile", "/private/var/folders/xr/m5_5rlsd6l9fk2w4ngj13k6m0000gn/T/swbuild.tmp.I9GXyx3j/Data.noindex/Test/aProject/build/aProject.build/Debug/TargetB.build/Objects-normal/arm64/TargetB_const_extract_protocols.json"]), Task(forTarget: TargetB, ruleInfo: ["MkDir", "/private/var/folders/xr/m5_5rlsd6l9fk2w4ngj13k6m0000gn/T/swbuild.tmp.I9GXyx3j/Data.noindex/Test/aProject/build/Debug/TargetB.framework/Versions"]), Task(forTarget: <none>, ruleInfo: ["Gate", "target-TargetA-T-TargetA-44525--CopySwiftPackageResourcesTaskProducer"]), Task(forTarget: <none>, ruleInfo: ["Gate", "target-TargetA-T-TargetA-44525--Barrier-ChangeAlternatePermissions"]), Task(forTarget: TargetA, ruleInfo: ["SymLink", "/private/var/folders/xr/m5_5rlsd6l9fk2w4ngj13k6m0000gn/T/swbuild.tmp.I9GXyx3j/Data.noindex/Test/aProject/build/EagerLinkingTBDs/Debug/TargetA.framework/TargetA.tbd", "/private/var/folders/xr/m5_5rlsd6l9fk2w4ngj13k6m0000gn/T/swbuild.tmp.I9GXyx3j/Data.noindex/Test/aProject/build/EagerLinkingTBDs/Debug/TargetA.framework/Versions/A/TargetA.tbd"]), Task(forTarget: <none>, ruleInfo: ["Gate", "target-TargetA-T-TargetA-44525--Barrier-RegisterExecutionPolicyException"]), Task(forTarget: <none>, ruleInfo: ["Gate", "target-TargetB-T-TargetB-44533--SwiftPackageCopyFilesTaskProducer"]), Task(forTarget: TargetA, ruleInfo: ["SwiftCompile", "normal", "arm64", "Compiling fileA1.swift", "/private/var/folders/xr/m5_5rlsd6l9fk2w4ngj13k6m0000gn/T/swbuild.tmp.I9GXyx3j/Data.noindex/Test/aProject/Sources/fileA1.swift"]), Task(forTarget: <none>, ruleInfo: ["Gate", "target-TargetB-T-TargetB-44533--Barrier-StripSymbols"]), Task(forTarget: TargetA, ruleInfo: ["WriteAuxiliaryFile", "/private/var/folders/xr/m5_5rlsd6l9fk2w4ngj13k6m0000gn/T/swbuild.tmp.I9GXyx3j/Data.noindex/Test/aProject/build/aProject.build/Debug/TargetA.build/TargetA-all-non-framework-target-headers.hmap"]), Task(forTarget: <none>, ruleInfo: ["Gate", "target-TargetB-T-TargetB-44533--SanitizerTaskProducer"]), Task(forTarget: <none>, ruleInfo: ["Gate", "target-TargetB-T-TargetB-44533--swift-generated-headers"]), Task(forTarget: <none>, ruleInfo: ["Gate", "target-TargetB-T-TargetB-44533--Barrier-RegisterProduct"]), Task(forTarget: <none>, ruleInfo: ["Gate", "target-TargetB-T-TargetB-44533--GeneratedFilesTaskProducer"]), Task(forTarget: <none>, ruleInfo: ["Gate", "target-TargetA-T-TargetA-44525--Barrier-StripSymbols"]), Task(forTarget: TargetB, ruleInfo: ["GenerateTAPI", "/private/var/folders/xr/m5_5rlsd6l9fk2w4ngj13k6m0000gn/T/swbuild.tmp.I9GXyx3j/Data.noindex/Test/aProject/build/EagerLinkingTBDs/Debug/TargetB.framework/Versions/A/TargetB.tbd"]), Task(forTarget: <none>, ruleInfo: ["Gate", "target-TargetA-T-TargetA-44525--GenerateAppPlaygroundAssetCatalogTaskProducer"]), Task(forTarget: <none>, ruleInfo: ["Gate", "target-TargetA-T-TargetA-44525--Barrier-ChangePermissions"]), Task(forTarget: TargetA, ruleInfo: ["WriteAuxiliaryFile", "/private/var/folders/xr/m5_5rlsd6l9fk2w4ngj13k6m0000gn/T/swbuild.tmp.I9GXyx3j/Data.noindex/Test/aProject/build/aProject.build/Debug/TargetA.build/Objects-normal/arm64/TargetA.SwiftConstValuesFileList"]), Task(forTarget: TargetA, ruleInfo: ["MkDir", "/private/var/folders/xr/m5_5rlsd6l9fk2w4ngj13k6m0000gn/T/swbuild.tmp.I9GXyx3j/Data.noindex/Test/aProject/build/Debug/TargetA.framework/Versions"]), Task(forTarget: <none>, ruleInfo: ["Gate", "target-TargetA-T-TargetA-44525--StubBinaryTaskProducer"]), Task(forTarget: <none>, ruleInfo: ["Gate", "target-TargetB-T-TargetB-44533--ProductPostprocessingTaskProducer"]), Task(forTarget: TargetA, ruleInfo: ["WriteAuxiliaryFile", "/private/var/folders/xr/m5_5rlsd6l9fk2w4ngj13k6m0000gn/T/swbuild.tmp.I9GXyx3j/Data.noindex/Test/aProject/build/aProject.build/Debug/TargetA.build/Objects-normal/arm64/TargetA.LinkFileList"]), Task(forTarget: <none>, ruleInfo: ["Gate", "target-TargetA-T-TargetA-44525--ModuleMapTaskProducer"]), Task(forTarget: TargetA, ruleInfo: ["ExtractAppIntentsMetadata"]), Task(forTarget: TargetB, ruleInfo: ["WriteAuxiliaryFile", "/private/var/folders/xr/m5_5rlsd6l9fk2w4ngj13k6m0000gn/T/swbuild.tmp.I9GXyx3j/Data.noindex/Test/aProject/build/aProject.build/Debug/TargetB.build/TargetB.hmap"]), Task(forTarget: TargetA, ruleInfo: ["SymLink", "/private/var/folders/xr/m5_5rlsd6l9fk2w4ngj13k6m0000gn/T/swbuild.tmp.I9GXyx3j/Data.noindex/Test/aProject/build/Debug/TargetA.framework/TargetA", "Versions/Current/TargetA"]), Task(forTarget: TargetB, ruleInfo: ["MkDir", "/private/var/folders/xr/m5_5rlsd6l9fk2w4ngj13k6m0000gn/T/swbuild.tmp.I9GXyx3j/Data.noindex/Test/aProject/build/Debug/TargetB.framework/Versions/A/Headers"]), Task(forTarget: <none>, ruleInfo: ["CreateBuildDirectory", "/private/var/folders/xr/m5_5rlsd6l9fk2w4ngj13k6m0000gn/T/swbuild.tmp.I9GXyx3j/Data.noindex/Test/aProject/build/ExplicitPrecompiledModules"]), Task(forTarget: <none>, ruleInfo: ["Gate", "target-TargetA-T-TargetA-44525--RealityAssetsTaskProducer"]), Task(forTarget: <none>, ruleInfo: ["Gate", "target-TargetA-T-TargetA-44525--TestHostTaskProducer"]), Task(forTarget: TargetA, ruleInfo: ["Gate", "target-TargetA-T-TargetA-44525--will-sign"]), Task(forTarget: <none>, ruleInfo: ["CreateBuildDirectory", "/private/var/folders/xr/m5_5rlsd6l9fk2w4ngj13k6m0000gn/T/swbuild.tmp.I9GXyx3j/Data.noindex/Test/aProject/build/SharedPrecompiledHeaders"]), Task(forTarget: TargetA, ruleInfo: ["WriteAuxiliaryFile", "/private/var/folders/xr/m5_5rlsd6l9fk2w4ngj13k6m0000gn/T/swbuild.tmp.I9GXyx3j/Data.noindex/Test/aProject/build/aProject.build/Debug/TargetA.build/TargetA.hmap"]), Task(forTarget: TargetA, ruleInfo: ["SymLink", "/private/var/folders/xr/m5_5rlsd6l9fk2w4ngj13k6m0000gn/T/swbuild.tmp.I9GXyx3j/Data.noindex/Test/aProject/build/Debug/TargetA.framework/Modules", "Versions/Current/Modules"]), Task(forTarget: <none>, ruleInfo: ["Gate", "target-TargetA-T-TargetA-44525--copy-headers-completion"]), Task(forTarget: <none>, ruleInfo: ["Gate", "target-TargetA-T-TargetA-44525--fused-phase0-compile-sources"]), Task(forTarget: <none>, ruleInfo: ["Gate", "WorkspaceHeaderMapVFSFilesWritten"]), Task(forTarget: TargetB, ruleInfo: ["SymLink", "/private/var/folders/xr/m5_5rlsd6l9fk2w4ngj13k6m0000gn/T/swbuild.tmp.I9GXyx3j/Data.noindex/Test/aProject/build/Debug/TargetB.framework/Headers", "Versions/Current/Headers"]), Task(forTarget: TargetB, ruleInfo: ["SwiftDriver Compilation Requirements", "TargetB", "normal", "arm64", "com.apple.xcode.tools.swift.compiler"]), Task(forTarget: <none>, ruleInfo: ["Gate", "target-TargetA-T-TargetA-44525--Barrier-RegisterProduct"]), Task(forTarget: TargetB, ruleInfo: ["Gate", "target-TargetB-T-TargetB-44533--modules-ready"]), Task(forTarget: <none>, ruleInfo: ["CreateBuildDirectory", "/private/var/folders/xr/m5_5rlsd6l9fk2w4ngj13k6m0000gn/T/swbuild.tmp.I9GXyx3j/Data.noindex/Test/aProject/build/EagerLinkingTBDs/Debug"]), Task(forTarget: TargetB, ruleInfo: ["WriteAuxiliaryFile", "/private/var/folders/xr/m5_5rlsd6l9fk2w4ngj13k6m0000gn/T/swbuild.tmp.I9GXyx3j/Data.noindex/Test/aProject/build/aProject.build/Debug/TargetB.build/TargetB-all-target-headers.hmap"]), Task(forTarget: <none>, ruleInfo: ["Gate", "target-TargetB-T-TargetB-44533--ModuleVerifierTaskProducer"]), Task(forTarget: TargetA, ruleInfo: ["Gate", "target-TargetA-T-TargetA-44525--begin-scanning"]), Task(forTarget: TargetB, ruleInfo: ["Gate", "target-TargetB-T-TargetB-44533--immediate"]), Task(forTarget: TargetA, ruleInfo: ["GenerateTAPI", "/private/var/folders/xr/m5_5rlsd6l9fk2w4ngj13k6m0000gn/T/swbuild.tmp.I9GXyx3j/Data.noindex/Test/aProject/build/EagerLinkingTBDs/Debug/TargetA.framework/Versions/A/TargetA.tbd"]), Task(forTarget: TargetB, ruleInfo: ["SymLink", "/private/var/folders/xr/m5_5rlsd6l9fk2w4ngj13k6m0000gn/T/swbuild.tmp.I9GXyx3j/Data.noindex/Test/aProject/build/Debug/TargetB.framework/TargetB", "Versions/Current/TargetB"]), Task(forTarget: TargetB, ruleInfo: ["SwiftCompile", "normal", "arm64", "Compiling fileB2.swift", "/private/var/folders/xr/m5_5rlsd6l9fk2w4ngj13k6m0000gn/T/swbuild.tmp.I9GXyx3j/Data.noindex/Test/aProject/Sources/fileB2.swift"])]
↳ Occasionally fails in CI due to SwiftExplicitDependencyCompileModuleFromInterface missing from the dependency graph
━ Test swiftEagerCompilationWithExplicitModules() recorded a known issue at SwiftDriverTests.swift:3590:55: Issue recorded
↳ Task Task(forTarget: TargetA, ruleInfo: ["SwiftCompile", "normal", "arm64", "Compiling fileA2.swift", "/private/var/folders/xr/m5_5rlsd6l9fk2w4ngj13k6m0000gn/T/swbuild.tmp.I9GXyx3j/Data.noindex/Test/aProject/Sources/fileA2.swift"]) does not follow any tasks matching [Rule matches [SWBTestSupport.StringPattern.equal("SwiftExplicitDependencyGeneratePcm"), SWBTestSupport.StringPattern.equal("normal"), SWBTestSupport.StringPattern.equal("arm64"), SWBTestSupport.StringPattern.contains("SwiftShims-")]]. Found: [] in [Task(forTarget: <none>, ruleInfo: ["Gate", "target-TargetA-T-TargetA-44525--Barrier-CopyAside"]), Task(forTarget: <none>, ruleInfo: ["Gate", "target-TargetA-T-TargetA-44525--InfoPlistTaskProducer"]), Task(forTarget: <none>, ruleInfo: ["Gate", "target-TargetB-T-TargetB-44533--Barrier-ChangeAlternatePermissions"]), Task(forTarget: <none>, ruleInfo: ["Gate", "target-TargetA-T-TargetA-44525--swift-generated-headers"]), Task(forTarget: TargetB, ruleInfo: ["ExtractAppIntentsMetadata"]), Task(forTarget: TargetB, ruleInfo: ["SwiftDriver", "TargetB", "normal", "arm64", "com.apple.xcode.tools.swift.compiler"]), Task(forTarget: TargetB, ruleInfo: ["WriteAuxiliaryFile", "/private/var/folders/xr/m5_5rlsd6l9fk2w4ngj13k6m0000gn/T/swbuild.tmp.I9GXyx3j/Data.noindex/Test/aProject/build/aProject.build/Debug/TargetB.build/TargetB-own-target-headers.hmap"]), Task(forTarget: TargetA, ruleInfo: ["WriteAuxiliaryFile", "/private/var/folders/xr/m5_5rlsd6l9fk2w4ngj13k6m0000gn/T/swbuild.tmp.I9GXyx3j/Data.noindex/Test/aProject/build/aProject.build/Debug/TargetA.build/TargetA-generated-files.hmap"]), Task(forTarget: TargetA, ruleInfo: ["SwiftDriver Compilation", "TargetA", "normal", "arm64", "com.apple.xcode.tools.swift.compiler"]), Task(forTarget: TargetA, ruleInfo: ["Ld", "/private/var/folders/xr/m5_5rlsd6l9fk2w4ngj13k6m0000gn/T/swbuild.tmp.I9GXyx3j/Data.noindex/Test/aProject/build/Debug/TargetA.framework/Versions/A/TargetA", "normal"]), Task(forTarget: <none>, ruleInfo: ["SwiftExplicitDependencyCompileModuleFromInterface", "arm64", "/private/var/folders/xr/m5_5rlsd6l9fk2w4ngj13k6m0000gn/T/swbuild.tmp.I9GXyx3j/Data.noindex/Test/aProject/build/SwiftExplicitPrecompiledModules/Swift-NBB0GQDQYZZH.swiftmodule"]), Task(forTarget: TargetB, ruleInfo: ["SwiftMergeGeneratedHeaders", "/private/var/folders/xr/m5_5rlsd6l9fk2w4ngj13k6m0000gn/T/swbuild.tmp.I9GXyx3j/Data.noindex/Test/aProject/build/Debug/TargetB.framework/Versions/A/Headers/TargetB-Swift.h", "/private/var/folders/xr/m5_5rlsd6l9fk2w4ngj13k6m0000gn/T/swbuild.tmp.I9GXyx3j/Data.noindex/Test/aProject/build/aProject.build/Debug/TargetB.build/Objects-normal/arm64/TargetB-Swift.h"]), Task(forTarget: <none>, ruleInfo: ["Gate", "target-TargetB-T-TargetB-44533--TestHostTaskProducer"]), Task(forTarget: TargetB, ruleInfo: ["WriteAuxiliaryFile", "/private/var/folders/xr/m5_5rlsd6l9fk2w4ngj13k6m0000gn/T/swbuild.tmp.I9GXyx3j/Data.noindex/Test/aProject/build/aProject.build/Debug/TargetB.build/Objects-normal/arm64/TargetB.SwiftConstValuesFileList"]), Task(forTarget: <none>, ruleInfo: ["Gate", "target-TargetB-T-TargetB-44533--ModuleMapTaskProducer"]), Task(forTarget: <none>, ruleInfo: ["Gate", "target-TargetB-T-TargetB-44533--SwiftFrameworkABICheckerTaskProducer"]), Task(forTarget: <none>, ruleInfo: ["Gate", "target-TargetB-T-TargetB-44533--Barrier-ChangePermissions"]), Task(forTarget: TargetB, ruleInfo: ["Gate", "target-TargetB-T-TargetB-44533--begin-compiling"]), Task(forTarget: <none>, ruleInfo: ["Gate", "target-TargetB-T-TargetB-44533--TestTargetTaskProducer"]), Task(forTarget: <none>, ruleInfo: ["Gate", "target-TargetB-T-TargetB-44533--TAPISymbolExtractorTaskProducer"]), Task(forTarget: <none>, ruleInfo: ["Gate", "target-TargetB-T-TargetB-44533--HeadermapTaskProducer"]), Task(forTarget: TargetB, ruleInfo: ["Ld", "/private/var/folders/xr/m5_5rlsd6l9fk2w4ngj13k6m0000gn/T/swbuild.tmp.I9GXyx3j/Data.noindex/Test/aProject/build/Debug/TargetB.framework/Versions/A/TargetB", "normal"]), Task(forTarget: TargetB, ruleInfo: ["WriteAuxiliaryFile", "/private/var/folders/xr/m5_5rlsd6l9fk2w4ngj13k6m0000gn/T/swbuild.tmp.I9GXyx3j/Data.noindex/Test/aProject/build/aProject.build/Debug/TargetB.build/Objects-normal/arm64/TargetB.LinkFileList"]), Task(forTarget: <none>, ruleInfo: ["Gate", "target-TargetB-T-TargetB-44533--TestTargetPostprocessingTaskProducer"]), Task(forTarget: <none>, ruleInfo: ["SwiftExplicitDependencyGeneratePcm", "arm64", "/private/var/folders/xr/m5_5rlsd6l9fk2w4ngj13k6m0000gn/T/swbuild.tmp.I9GXyx3j/Data.noindex/Test/aProject/build/SwiftExplicitPrecompiledModules/_SwiftConcurrencyShims-AIZW70LS1W2L0PXECXLASUUHS.pcm"]), Task(forTarget: TargetA, ruleInfo: ["SymLink", "/private/var/folders/xr/m5_5rlsd6l9fk2w4ngj13k6m0000gn/T/swbuild.tmp.I9GXyx3j/Data.noindex/Test/aProject/build/Debug/TargetA.framework/Versions/Current", "A"]), Task(forTarget: <none>, ruleInfo: ["CreateBuildDirectory", "/private/var/folders/xr/m5_5rlsd6l9fk2w4ngj13k6m0000gn/T/swbuild.tmp.I9GXyx3j/Data.noindex/Test/aProject/build"]), Task(forTarget: TargetB, ruleInfo: ["WriteAuxiliaryFile", "/private/var/folders/xr/m5_5rlsd6l9fk2w4ngj13k6m0000gn/T/swbuild.tmp.I9GXyx3j/Data.noindex/Test/aProject/build/aProject.build/Debug/TargetB.build/TargetB.DependencyMetadataFileList"]), Task(forTarget: TargetA, ruleInfo: ["WriteAuxiliaryFile", "/private/var/folders/xr/m5_5rlsd6l9fk2w4ngj13k6m0000gn/T/swbuild.tmp.I9GXyx3j/Data.noindex/Test/aProject/build/aProject.build/Debug/TargetA.build/TargetA.DependencyMetadataFileList"]), Task(forTarget: <none>, ruleInfo: ["Gate", "target-TargetB-T-TargetB-44533--AppExtensionInfoPlistGeneratorTaskProducer"]), Task(forTarget: <none>, ruleInfo: ["Gate", "target-TargetA-T-TargetA-44525--SwiftABIBaselineGenerationTaskProducer"]), Task(forTarget: <none>, ruleInfo: ["Gate", "target-TargetA-T-TargetA-44525--Barrier-Validate"]), Task(forTarget: <none>, ruleInfo: ["SwiftExplicitDependencyGeneratePcm", "arm64", "/private/var/folders/xr/m5_5rlsd6l9fk2w4ngj13k6m0000gn/T/swbuild.tmp.I9GXyx3j/Data.noindex/Test/aProject/build/SwiftExplicitPrecompiledModules/SwiftShims-1XRNFTFX3SVGVJQLDAOI208RW.pcm"]), Task(forTarget: TargetA, ruleInfo: ["SymLink", "/private/var/folders/xr/m5_5rlsd6l9fk2w4ngj13k6m0000gn/T/swbuild.tmp.I9GXyx3j/Data.noindex/Test/aProject/build/Debug/TargetA.framework/Headers", "Versions/Current/Headers"]), Task(forTarget: <none>, ruleInfo: ["Gate", "target-TargetA-T-TargetA-44525--generated-headers"]), Task(forTarget: TargetB, ruleInfo: ["SymLink", "/private/var/folders/xr/m5_5rlsd6l9fk2w4ngj13k6m0000gn/T/swbuild.tmp.I9GXyx3j/Data.noindex/Test/aProject/build/Debug/TargetB.framework/Modules", "Versions/Current/Modules"]), Task(forTarget: <none>, ruleInfo: ["WriteAuxiliaryFile", "/private/var/folders/xr/m5_5rlsd6l9fk2w4ngj13k6m0000gn/T/swbuild.tmp.I9GXyx3j/Data.noindex/Test/aProject/build/aProject.build/Debug/aProject-P44536-VFS/all-product-headers.yaml"]), Task(forTarget: <none>, ruleInfo: ["Gate", "target-TargetA-T-TargetA-44525--TAPISymbolExtractorTaskProducer"]), Task(forTarget: <none>, ruleInfo: ["Gate", "target-TargetA-T-TargetA-44525--TestTargetTaskProducer"]), Task(forTarget: <none>, ruleInfo: ["Gate", "target-TargetB-T-TargetB-44533--CopySwiftPackageResourcesTaskProducer"]), Task(forTarget: <none>, ruleInfo: ["Gate", "target-TargetB-T-TargetB-44533--AppIntentsMetadataTaskProducer"]), Task(forTarget: TargetA, ruleInfo: ["WriteAuxiliaryFile", "/private/var/folders/xr/m5_5rlsd6l9fk2w4ngj13k6m0000gn/T/swbuild.tmp.I9GXyx3j/Data.noindex/Test/aProject/build/aProject.build/Debug/TargetA.build/TargetA-all-target-headers.hmap"]), Task(forTarget: TargetB, ruleInfo: ["MkDir", "/private/var/folders/xr/m5_5rlsd6l9fk2w4ngj13k6m0000gn/T/swbuild.tmp.I9GXyx3j/Data.noindex/Test/aProject/build/Debug/TargetB.framework/Versions/A"]), Task(forTarget: <none>, ruleInfo: ["Gate", "target-TargetB-T-TargetB-44533--CustomTaskProducer"]), Task(forTarget: TargetB, ruleInfo: ["WriteAuxiliaryFile", "/private/var/folders/xr/m5_5rlsd6l9fk2w4ngj13k6m0000gn/T/swbuild.tmp.I9GXyx3j/Data.noindex/Test/aProject/build/aProject.build/Debug/TargetB.build/Objects-normal/arm64/TargetB.SwiftFileList"]), Task(forTarget: TargetB, ruleInfo: ["WriteAuxiliaryFile", "/private/var/folders/xr/m5_5rlsd6l9fk2w4ngj13k6m0000gn/T/swbuild.tmp.I9GXyx3j/Data.noindex/Test/aProject/build/aProject.build/Debug/TargetB.build/Objects-normal/arm64/TargetB-OutputFileMap.json"]), Task(forTarget: TargetA, ruleInfo: ["MkDir", "/private/var/folders/xr/m5_5rlsd6l9fk2w4ngj13k6m0000gn/T/swbuild.tmp.I9GXyx3j/Data.noindex/Test/aProject/build/Debug/TargetA.framework/Versions/A/Headers"]), Task(forTarget: <none>, ruleInfo: ["Gate", "target-TargetB-T-TargetB-44533--StubBinaryTaskProducer"]), Task(forTarget: <none>, ruleInfo: ["Gate", "target-TargetB-T-TargetB-44533--DocumentationTaskProducer"]), Task(forTarget: TargetA, ruleInfo: ["SwiftDriver", "TargetA", "normal", "arm64", "com.apple.xcode.tools.swift.compiler"]), Task(forTarget: <none>, ruleInfo: ["Gate", "target-TargetB-T-TargetB-44533--GenerateAppPlaygroundAssetCatalogTaskProducer"]), Task(forTarget: <none>, ruleInfo: ["Gate", "target-TargetA-T-TargetA-44525--Barrier-CodeSign"]), Task(forTarget: <none>, ruleInfo: ["Gate", "target-TargetA-T-TargetA-44525--AppExtensionInfoPlistGeneratorTaskProducer"]), Task(forTarget: TargetB, ruleInfo: ["Gate", "target-TargetB-T-TargetB-44533--entry"]), Task(forTarget: TargetB, ruleInfo: ["Gate", "target-TargetB-T-TargetB-44533--will-sign"]), Task(forTarget: <none>, ruleInfo: ["Gate", "target-TargetB-T-TargetB-44533--Barrier-CopyAside"]), Task(forTarget: <none>, ruleInfo: ["Gate", "target-TargetA-T-TargetA-44525--ProductStructureTaskProducer"]), Task(forTarget: TargetA, ruleInfo: ["Gate", "target-TargetA-T-TargetA-44525--begin-linking"]), Task(forTarget: TargetB, ruleInfo: ["Copy", "/private/var/folders/xr/m5_5rlsd6l9fk2w4ngj13k6m0000gn/T/swbuild.tmp.I9GXyx3j/Data.noindex/Test/aProject/build/Debug/TargetB.framework/Versions/A/Modules/TargetB.swiftmodule/arm64-apple-macos.swiftdoc", "/private/var/folders/xr/m5_5rlsd6l9fk2w4ngj13k6m0000gn/T/swbuild.tmp.I9GXyx3j/Data.noindex/Test/aProject/build/aProject.build/Debug/TargetB.build/Objects-normal/arm64/TargetB.swiftdoc"]), Task(forTarget: TargetB, ruleInfo: ["Copy", "/private/var/folders/xr/m5_5rlsd6l9fk2w4ngj13k6m0000gn/T/swbuild.tmp.I9GXyx3j/Data.noindex/Test/aProject/build/Debug/TargetB.framework/Versions/A/Modules/TargetB.swiftmodule/arm64-apple-macos.swiftmodule", "/private/var/folders/xr/m5_5rlsd6l9fk2w4ngj13k6m0000gn/T/swbuild.tmp.I9GXyx3j/Data.noindex/Test/aProject/build/aProject.build/Debug/TargetB.build/Objects-normal/arm64/TargetB.swiftmodule"]), Task(forTarget: TargetB, ruleInfo: ["SymLink", "/private/var/folders/xr/m5_5rlsd6l9fk2w4ngj13k6m0000gn/T/swbuild.tmp.I9GXyx3j/Data.noindex/Test/aProject/build/EagerLinkingTBDs/Debug/TargetB.framework/TargetB.tbd", "/private/var/folders/xr/m5_5rlsd6l9fk2w4ngj13k6m0000gn/T/swbuild.tmp.I9GXyx3j/Data.noindex/Test/aProject/build/EagerLinkingTBDs/Debug/TargetB.framework/Versions/A/TargetB.tbd"]), Task(forTarget: TargetA, ruleInfo: ["SwiftMergeGeneratedHeaders", "/private/var/folders/xr/m5_5rlsd6l9fk2w4ngj13k6m0000gn/T/swbuild.tmp.I9GXyx3j/Data.noindex/Test/aProject/build/Debug/TargetA.framework/Versions/A/Headers/TargetA-Swift.h", "/private/var/folders/xr/m5_5rlsd6l9fk2w4ngj13k6m0000gn/T/swbuild.tmp.I9GXyx3j/Data.noindex/Test/aProject/build/aProject.build/Debug/TargetA.build/Objects-normal/arm64/TargetA-Swift.h"]), Task(forTarget: <none>, ruleInfo: ["SwiftExplicitDependencyCompileModuleFromInterface", "arm64", "/private/var/folders/xr/m5_5rlsd6l9fk2w4ngj13k6m0000gn/T/swbuild.tmp.I9GXyx3j/Data.noindex/Test/aProject/build/SwiftExplicitPrecompiledModules/_Concurrency-CB34E6W1YOX6.swiftmodule"]), Task(forTarget: TargetA, ruleInfo: ["Gate", "target-TargetA-T-TargetA-44525--unsigned-product-ready"]), Task(forTarget: TargetA, ruleInfo: ["Gate", "target-TargetA-T-TargetA-44525--end"]), Task(forTarget: <none>, ruleInfo: ["Gate", "target-TargetA-T-TargetA-44525--ExtensionPointExtractorTaskProducer"]), Task(forTarget: TargetB, ruleInfo: ["Touch", "/private/var/folders/xr/m5_5rlsd6l9fk2w4ngj13k6m0000gn/T/swbuild.tmp.I9GXyx3j/Data.noindex/Test/aProject/build/Debug/TargetB.framework"]), Task(forTarget: TargetB, ruleInfo: ["Gate", "target-TargetB-T-TargetB-44533--linker-inputs-ready"]), Task(forTarget: TargetA, ruleInfo: ["WriteAuxiliaryFile", "/private/var/folders/xr/m5_5rlsd6l9fk2w4ngj13k6m0000gn/T/swbuild.tmp.I9GXyx3j/Data.noindex/Test/aProject/build/aProject.build/Debug/TargetA.build/Objects-normal/arm64/TargetA.SwiftFileList"]), Task(forTarget: TargetB, ruleInfo: ["WriteAuxiliaryFile", "/private/var/folders/xr/m5_5rlsd6l9fk2w4ngj13k6m0000gn/T/swbuild.tmp.I9GXyx3j/Data.noindex/Test/aProject/build/aProject.build/Debug/TargetB.build/TargetB-project-headers.hmap"]), Task(forTarget: <none>, ruleInfo: ["Gate", "target-TargetB-T-TargetB-44533--copy-headers-completion"]), Task(forTarget: <none>, ruleInfo: ["Gate", "target-TargetB-T-TargetB-44533--Barrier-Validate"]), Task(forTarget: TargetB, ruleInfo: ["Copy", "/private/var/folders/xr/m5_5rlsd6l9fk2w4ngj13k6m0000gn/T/swbuild.tmp.I9GXyx3j/Data.noindex/Test/aProject/build/Debug/TargetB.framework/Versions/A/Modules/TargetB.swiftmodule/arm64-apple-macos.abi.json", "/private/var/folders/xr/m5_5rlsd6l9fk2w4ngj13k6m0000gn/T/swbuild.tmp.I9GXyx3j/Data.noindex/Test/aProject/build/aProject.build/Debug/TargetB.build/Objects-normal/arm64/TargetB.abi.json"]), Task(forTarget: TargetA, ruleInfo: ["WriteAuxiliaryFile", "/private/var/folders/xr/m5_5rlsd6l9fk2w4ngj13k6m0000gn/T/swbuild.tmp.I9GXyx3j/Data.noindex/Test/aProject/build/aProject.build/Debug/TargetA.build/TargetA-own-target-headers.hmap"]), Task(forTarget: TargetB, ruleInfo: ["Gate", "target-TargetB-T-TargetB-44533--begin-scanning"]), Task(forTarget: TargetA, ruleInfo: ["WriteAuxiliaryFile", "/private/var/folders/xr/m5_5rlsd6l9fk2w4ngj13k6m0000gn/T/swbuild.tmp.I9GXyx3j/Data.noindex/Test/aProject/build/aProject.build/Debug/TargetA.build/TargetA.DependencyStaticMetadataFileList"]), Task(forTarget: <none>, ruleInfo: ["Gate", "target-TargetA-T-TargetA-44525--ModuleVerifierTaskProducer"]), Task(forTarget: TargetA, ruleInfo: ["SwiftCompile", "normal", "arm64", "Compiling fileA2.swift", "/private/var/folders/xr/m5_5rlsd6l9fk2w4ngj13k6m0000gn/T/swbuild.tmp.I9GXyx3j/Data.noindex/Test/aProject/Sources/fileA2.swift"]), Task(forTarget: TargetA, ruleInfo: ["Copy", "/private/var/folders/xr/m5_5rlsd6l9fk2w4ngj13k6m0000gn/T/swbuild.tmp.I9GXyx3j/Data.noindex/Test/aProject/build/Debug/TargetA.framework/Versions/A/Modules/TargetA.swiftmodule/arm64-apple-macos.swiftmodule", "/private/var/folders/xr/m5_5rlsd6l9fk2w4ngj13k6m0000gn/T/swbuild.tmp.I9GXyx3j/Data.noindex/Test/aProject/build/aProject.build/Debug/TargetA.build/Objects-normal/arm64/TargetA.swiftmodule"]), Task(forTarget: TargetA, ruleInfo: ["Gate", "target-TargetA-T-TargetA-44525--modules-ready"]), Task(forTarget: TargetB, ruleInfo: ["SwiftCompile", "normal", "arm64", "Compiling fileB1.swift", "/private/var/folders/xr/m5_5rlsd6l9fk2w4ngj13k6m0000gn/T/swbuild.tmp.I9GXyx3j/Data.noindex/Test/aProject/Sources/fileB1.swift"]), Task(forTarget: <none>, ruleInfo: ["Gate", "target-TargetB-T-TargetB-44533--Barrier-CodeSign"]), Task(forTarget: <none>, ruleInfo: ["Gate", "target-TargetB-T-TargetB-44533--generated-headers"]), Task(forTarget: <none>, ruleInfo: ["CreateBuildDirectory", "/private/var/folders/xr/m5_5rlsd6l9fk2w4ngj13k6m0000gn/T/swbuild.tmp.I9GXyx3j/Data.noindex/Test/aProject/build/SwiftExplicitPrecompiledModules"]), Task(forTarget: <none>, ruleInfo: ["Gate", "target-TargetA-T-TargetA-44525--SanitizerTaskProducer"]), Task(forTarget: TargetA, ruleInfo: ["SwiftDriver Compilation Requirements", "TargetA", "normal", "arm64", "com.apple.xcode.tools.swift.compiler"]), Task(forTarget: <none>, ruleInfo: ["CreateBuildDirectory", "/var/folders/xr/m5_5rlsd6l9fk2w4ngj13k6m0000gn/C/com.apple.DeveloperTools/26.4.1-17E202/Xcode/CompilationCache.noindex"]), Task(forTarget: <none>, ruleInfo: ["Gate", "target-TargetA-T-TargetA-44525--AppIntentsMetadataTaskProducer"]), Task(forTarget: TargetB, ruleInfo: ["SymLink", "/private/var/folders/xr/m5_5rlsd6l9fk2w4ngj13k6m0000gn/T/swbuild.tmp.I9GXyx3j/Data.noindex/Test/aProject/build/Debug/TargetB.framework/Versions/Current", "A"]), Task(forTarget: TargetA, ruleInfo: ["Copy", "/private/var/folders/xr/m5_5rlsd6l9fk2w4ngj13k6m0000gn/T/swbuild.tmp.I9GXyx3j/Data.noindex/Test/aProject/build/Debug/TargetA.framework/Versions/A/Modules/TargetA.swiftmodule/arm64-apple-macos.swiftdoc", "/private/var/folders/xr/m5_5rlsd6l9fk2w4ngj13k6m0000gn/T/swbuild.tmp.I9GXyx3j/Data.noindex/Test/aProject/build/aProject.build/Debug/TargetA.build/Objects-normal/arm64/TargetA.swiftdoc"]), Task(forTarget: TargetA, ruleInfo: ["RegisterExecutionPolicyException", "/private/var/folders/xr/m5_5rlsd6l9fk2w4ngj13k6m0000gn/T/swbuild.tmp.I9GXyx3j/Data.noindex/Test/aProject/build/Debug/TargetA.framework"]), Task(forTarget: <none>, ruleInfo: ["Gate", "target-TargetA-T-TargetA-44525--SwiftPackageCopyFilesTaskProducer"]), Task(forTarget: TargetA, ruleInfo: ["Copy", "/private/var/folders/xr/m5_5rlsd6l9fk2w4ngj13k6m0000gn/T/swbuild.tmp.I9GXyx3j/Data.noindex/Test/aProject/build/Debug/TargetA.framework/Versions/A/Modules/TargetA.swiftmodule/arm64-apple-macos.abi.json", "/private/var/folders/xr/m5_5rlsd6l9fk2w4ngj13k6m0000gn/T/swbuild.tmp.I9GXyx3j/Data.noindex/Test/aProject/build/aProject.build/Debug/TargetA.build/Objects-normal/arm64/TargetA.abi.json"]), Task(forTarget: TargetB, ruleInfo: ["SwiftEmitModule", "normal", "arm64", "Emitting module for TargetB"]), Task(forTarget: TargetA, ruleInfo: ["Touch", "/private/var/folders/xr/m5_5rlsd6l9fk2w4ngj13k6m0000gn/T/swbuild.tmp.I9GXyx3j/Data.noindex/Test/aProject/build/Debug/TargetA.framework"]), Task(forTarget: TargetA, ruleInfo: ["Gate", "target-TargetA-T-TargetA-44525--linker-inputs-ready"]), Task(forTarget: <none>, ruleInfo: ["Gate", "target-TargetB-T-TargetB-44533--ProductStructureTaskProducer"]), Task(forTarget: TargetB, ruleInfo: ["SwiftDriver Compilation", "TargetB", "normal", "arm64", "com.apple.xcode.tools.swift.compiler"]), Task(forTarget: <none>, ruleInfo: ["Gate", "target-TargetB-T-TargetB-44533--Barrier-RegisterExecutionPolicyException"]), Task(forTarget: TargetA, ruleInfo: ["WriteAuxiliaryFile", "/private/var/folders/xr/m5_5rlsd6l9fk2w4ngj13k6m0000gn/T/swbuild.tmp.I9GXyx3j/Data.noindex/Test/aProject/build/aProject.build/Debug/TargetA.build/Objects-normal/arm64/TargetA-OutputFileMap.json"]), Task(forTarget: <none>, ruleInfo: ["Gate", "target-TargetA-T-TargetA-44525--HeadermapTaskProducer"]), Task(forTarget: TargetB, ruleInfo: ["WriteAuxiliaryFile", "/private/var/folders/xr/m5_5rlsd6l9fk2w4ngj13k6m0000gn/T/swbuild.tmp.I9GXyx3j/Data.noindex/Test/aProject/build/aProject.build/Debug/TargetB.build/TargetB.DependencyStaticMetadataFileList"]), Task(forTarget: TargetA, ruleInfo: ["Gate", "target-TargetA-T-TargetA-44525--begin-compiling"]), Task(forTarget: <none>, ruleInfo: ["Gate", "target-TargetA-T-TargetA-44525--GeneratedFilesTaskProducer"]), Task(forTarget: <none>, ruleInfo: ["Gate", "target-TargetA-T-TargetA-44525--DocumentationTaskProducer"]), Task(forTarget: <none>, ruleInfo: ["Gate", "target-TargetB-T-TargetB-44533--InfoPlistTaskProducer"]), Task(forTarget: <none>, ruleInfo: ["Gate", "target-TargetA-T-TargetA-44525--SwiftFrameworkABICheckerTaskProducer"]), Task(forTarget: TargetB, ruleInfo: ["Gate", "target-TargetB-T-TargetB-44533--end"]), Task(forTarget: TargetA, ruleInfo: ["MkDir", "/private/var/folders/xr/m5_5rlsd6l9fk2w4ngj13k6m0000gn/T/swbuild.tmp.I9GXyx3j/Data.noindex/Test/aProject/build/Debug/TargetA.framework/Versions/A"]), Task(forTarget: <none>, ruleInfo: ["Gate", "target-TargetB-T-TargetB-44533--fused-phase0-compile-sources&link-binary"]), Task(forTarget: <none>, ruleInfo: ["Gate", "target-TargetB-T-TargetB-44533--SwiftStandardLibrariesTaskProducer"]), Task(forTarget: <none>, ruleInfo: ["Gate", "target-TargetB-T-TargetB-44533--SwiftABIBaselineGenerationTaskProducer"]), Task(forTarget: <none>, ruleInfo: ["Gate", "target-TargetA-T-TargetA-44525--TestTargetPostprocessingTaskProducer"]), Task(forTarget: <none>, ruleInfo: ["Gate", "target-TargetA-T-TargetA-44525--ProductPostprocessingTaskProducer"]), Task(forTarget: <none>, ruleInfo: ["Gate", "target-TargetB-T-TargetB-44533--RealityAssetsTaskProducer"]), Task(forTarget: TargetA, ruleInfo: ["Copy", "/private/var/folders/xr/m5_5rlsd6l9fk2w4ngj13k6m0000gn/T/swbuild.tmp.I9GXyx3j/Data.noindex/Test/aProject/build/Debug/TargetA.framework/Versions/A/Modules/TargetA.swiftmodule/Project/arm64-apple-macos.swiftsourceinfo", "/private/var/folders/xr/m5_5rlsd6l9fk2w4ngj13k6m0000gn/T/swbuild.tmp.I9GXyx3j/Data.noindex/Test/aProject/build/aProject.build/Debug/TargetA.build/Objects-normal/arm64/TargetA.swiftsourceinfo"]), Task(forTarget: TargetB, ruleInfo: ["Copy", "/private/var/folders/xr/m5_5rlsd6l9fk2w4ngj13k6m0000gn/T/swbuild.tmp.I9GXyx3j/Data.noindex/Test/aProject/build/Debug/TargetB.framework/Versions/A/Modules/TargetB.swiftmodule/Project/arm64-apple-macos.swiftsourceinfo", "/private/var/folders/xr/m5_5rlsd6l9fk2w4ngj13k6m0000gn/T/swbuild.tmp.I9GXyx3j/Data.noindex/Test/aProject/build/aProject.build/Debug/TargetB.build/Objects-normal/arm64/TargetB.swiftsourceinfo"]), Task(forTarget: TargetB, ruleInfo: ["WriteAuxiliaryFile", "/private/var/folders/xr/m5_5rlsd6l9fk2w4ngj13k6m0000gn/T/swbuild.tmp.I9GXyx3j/Data.noindex/Test/aProject/build/aProject.build/Debug/TargetB.build/TargetB-all-non-framework-target-headers.hmap"]), Task(forTarget: <none>, ruleInfo: ["Gate", "target-TargetB-T-TargetB-44533--Barrier-GenerateStubAPI"]), Task(forTarget: TargetB, ruleInfo: ["RegisterExecutionPolicyException", "/private/var/folders/xr/m5_5rlsd6l9fk2w4ngj13k6m0000gn/T/swbuild.tmp.I9GXyx3j/Data.noindex/Test/aProject/build/Debug/TargetB.framework"]), Task(forTarget: TargetA, ruleInfo: ["SwiftEmitModule", "normal", "arm64", "Emitting module for TargetA"]), Task(forTarget: <none>, ruleInfo: ["SwiftExplicitDependencyCompileModuleFromInterface", "arm64", "/private/var/folders/xr/m5_5rlsd6l9fk2w4ngj13k6m0000gn/T/swbuild.tmp.I9GXyx3j/Data.noindex/Test/aProject/build/SwiftExplicitPrecompiledModules/_StringProcessing-1O0ZQ2K74RYD5.swiftmodule"]), Task(forTarget: TargetB, ruleInfo: ["Gate", "target-TargetB-T-TargetB-44533--begin-linking"]), Task(forTarget: TargetB, ruleInfo: ["Gate", "target-TargetB-T-TargetB-44533--unsigned-product-ready"]), Task(forTarget: TargetB, ruleInfo: ["MkDir", "/private/var/folders/xr/m5_5rlsd6l9fk2w4ngj13k6m0000gn/T/swbuild.tmp.I9GXyx3j/Data.noindex/Test/aProject/build/Debug/TargetB.framework"]), Task(forTarget: <none>, ruleInfo: ["Gate", "target-TargetB-T-TargetB-44533--ExtensionPointExtractorTaskProducer"]), Task(forTarget: TargetA, ruleInfo: ["WriteAuxiliaryFile", "/private/var/folders/xr/m5_5rlsd6l9fk2w4ngj13k6m0000gn/T/swbuild.tmp.I9GXyx3j/Data.noindex/Test/aProject/build/aProject.build/Debug/TargetA.build/Objects-normal/arm64/TargetA_const_extract_protocols.json"]), Task(forTarget: <none>, ruleInfo: ["Gate", "target-TargetA-T-TargetA-44525--CustomTaskProducer"]), Task(forTarget: <none>, ruleInfo: ["ClangStatCache", "/Applications/Xcode17E.app/Contents/Developer/Toolchains/XcodeDefault.xctoolchain/usr/bin/clang-stat-cache", "/Applications/Xcode17E.app/Contents/Developer/Platforms/MacOSX.platform/Developer/SDKs/MacOSX26.4.sdk", "/private/var/folders/xr/m5_5rlsd6l9fk2w4ngj13k6m0000gn/T/swbuild.tmp.I9GXyx3j/Data.noindex/Test/SDKStatCaches.noindex/macosx26.4-25E260-95aa6cf8f3effd57bda17e0c125410c0.sdkstatcache"]), Task(forTarget: <none>, ruleInfo: ["Gate", "target-TargetB-T-TargetB-44533--TestEntryPointTaskProducerFactory"]), Task(forTarget: TargetA, ruleInfo: ["Gate", "target-TargetA-T-TargetA-44525--immediate"]), Task(forTarget: <none>, ruleInfo: ["CreateBuildDirectory", "/private/var/folders/xr/m5_5rlsd6l9fk2w4ngj13k6m0000gn/T/swbuild.tmp.I9GXyx3j/Data.noindex/Test/aProject/build/Debug"]), Task(forTarget: TargetA, ruleInfo: ["Gate", "target-TargetA-T-TargetA-44525--entry"]), Task(forTarget: <none>, ruleInfo: ["Gate", "target-TargetA-T-TargetA-44525--SwiftStandardLibrariesTaskProducer"]), Task(forTarget: <none>, ruleInfo: ["Gate", "target-TargetA-T-TargetA-44525--TestEntryPointTaskProducerFactory"]), Task(forTarget: TargetA, ruleInfo: ["WriteAuxiliaryFile", "/private/var/folders/xr/m5_5rlsd6l9fk2w4ngj13k6m0000gn/T/swbuild.tmp.I9GXyx3j/Data.noindex/Test/aProject/build/aProject.build/Debug/TargetA.build/TargetA-project-headers.hmap"]), Task(forTarget: <none>, ruleInfo: ["Gate", "target-TargetA-T-TargetA-44525--Barrier-GenerateStubAPI"]), Task(forTarget: TargetA, ruleInfo: ["MkDir", "/private/var/folders/xr/m5_5rlsd6l9fk2w4ngj13k6m0000gn/T/swbuild.tmp.I9GXyx3j/Data.noindex/Test/aProject/build/Debug/TargetA.framework"]), Task(forTarget: TargetB, ruleInfo: ["WriteAuxiliaryFile", "/private/var/folders/xr/m5_5rlsd6l9fk2w4ngj13k6m0000gn/T/swbuild.tmp.I9GXyx3j/Data.noindex/Test/aProject/build/aProject.build/Debug/TargetB.build/TargetB-generated-files.hmap"]), Task(forTarget: TargetB, ruleInfo: ["WriteAuxiliaryFile", "/private/var/folders/xr/m5_5rlsd6l9fk2w4ngj13k6m0000gn/T/swbuild.tmp.I9GXyx3j/Data.noindex/Test/aProject/build/aProject.build/Debug/TargetB.build/Objects-normal/arm64/TargetB_const_extract_protocols.json"]), Task(forTarget: TargetB, ruleInfo: ["MkDir", "/private/var/folders/xr/m5_5rlsd6l9fk2w4ngj13k6m0000gn/T/swbuild.tmp.I9GXyx3j/Data.noindex/Test/aProject/build/Debug/TargetB.framework/Versions"]), Task(forTarget: <none>, ruleInfo: ["Gate", "target-TargetA-T-TargetA-44525--CopySwiftPackageResourcesTaskProducer"]), Task(forTarget: <none>, ruleInfo: ["Gate", "target-TargetA-T-TargetA-44525--Barrier-ChangeAlternatePermissions"]), Task(forTarget: TargetA, ruleInfo: ["SymLink", "/private/var/folders/xr/m5_5rlsd6l9fk2w4ngj13k6m0000gn/T/swbuild.tmp.I9GXyx3j/Data.noindex/Test/aProject/build/EagerLinkingTBDs/Debug/TargetA.framework/TargetA.tbd", "/private/var/folders/xr/m5_5rlsd6l9fk2w4ngj13k6m0000gn/T/swbuild.tmp.I9GXyx3j/Data.noindex/Test/aProject/build/EagerLinkingTBDs/Debug/TargetA.framework/Versions/A/TargetA.tbd"]), Task(forTarget: <none>, ruleInfo: ["Gate", "target-TargetA-T-TargetA-44525--Barrier-RegisterExecutionPolicyException"]), Task(forTarget: <none>, ruleInfo: ["Gate", "target-TargetB-T-TargetB-44533--SwiftPackageCopyFilesTaskProducer"]), Task(forTarget: TargetA, ruleInfo: ["SwiftCompile", "normal", "arm64", "Compiling fileA1.swift", "/private/var/folders/xr/m5_5rlsd6l9fk2w4ngj13k6m0000gn/T/swbuild.tmp.I9GXyx3j/Data.noindex/Test/aProject/Sources/fileA1.swift"]), Task(forTarget: <none>, ruleInfo: ["Gate", "target-TargetB-T-TargetB-44533--Barrier-StripSymbols"]), Task(forTarget: TargetA, ruleInfo: ["WriteAuxiliaryFile", "/private/var/folders/xr/m5_5rlsd6l9fk2w4ngj13k6m0000gn/T/swbuild.tmp.I9GXyx3j/Data.noindex/Test/aProject/build/aProject.build/Debug/TargetA.build/TargetA-all-non-framework-target-headers.hmap"]), Task(forTarget: <none>, ruleInfo: ["Gate", "target-TargetB-T-TargetB-44533--SanitizerTaskProducer"]), Task(forTarget: <none>, ruleInfo: ["Gate", "target-TargetB-T-TargetB-44533--swift-generated-headers"]), Task(forTarget: <none>, ruleInfo: ["Gate", "target-TargetB-T-TargetB-44533--Barrier-RegisterProduct"]), Task(forTarget: <none>, ruleInfo: ["Gate", "target-TargetB-T-TargetB-44533--GeneratedFilesTaskProducer"]), Task(forTarget: <none>, ruleInfo: ["Gate", "target-TargetA-T-TargetA-44525--Barrier-StripSymbols"]), Task(forTarget: TargetB, ruleInfo: ["GenerateTAPI", "/private/var/folders/xr/m5_5rlsd6l9fk2w4ngj13k6m0000gn/T/swbuild.tmp.I9GXyx3j/Data.noindex/Test/aProject/build/EagerLinkingTBDs/Debug/TargetB.framework/Versions/A/TargetB.tbd"]), Task(forTarget: <none>, ruleInfo: ["Gate", "target-TargetA-T-TargetA-44525--GenerateAppPlaygroundAssetCatalogTaskProducer"]), Task(forTarget: <none>, ruleInfo: ["Gate", "target-TargetA-T-TargetA-44525--Barrier-ChangePermissions"]), Task(forTarget: TargetA, ruleInfo: ["WriteAuxiliaryFile", "/private/var/folders/xr/m5_5rlsd6l9fk2w4ngj13k6m0000gn/T/swbuild.tmp.I9GXyx3j/Data.noindex/Test/aProject/build/aProject.build/Debug/TargetA.build/Objects-normal/arm64/TargetA.SwiftConstValuesFileList"]), Task(forTarget: TargetA, ruleInfo: ["MkDir", "/private/var/folders/xr/m5_5rlsd6l9fk2w4ngj13k6m0000gn/T/swbuild.tmp.I9GXyx3j/Data.noindex/Test/aProject/build/Debug/TargetA.framework/Versions"]), Task(forTarget: <none>, ruleInfo: ["Gate", "target-TargetA-T-TargetA-44525--StubBinaryTaskProducer"]), Task(forTarget: <none>, ruleInfo: ["Gate", "target-TargetB-T-TargetB-44533--ProductPostprocessingTaskProducer"]), Task(forTarget: TargetA, ruleInfo: ["WriteAuxiliaryFile", "/private/var/folders/xr/m5_5rlsd6l9fk2w4ngj13k6m0000gn/T/swbuild.tmp.I9GXyx3j/Data.noindex/Test/aProject/build/aProject.build/Debug/TargetA.build/Objects-normal/arm64/TargetA.LinkFileList"]), Task(forTarget: <none>, ruleInfo: ["Gate", "target-TargetA-T-TargetA-44525--ModuleMapTaskProducer"]), Task(forTarget: TargetA, ruleInfo: ["ExtractAppIntentsMetadata"]), Task(forTarget: TargetB, ruleInfo: ["WriteAuxiliaryFile", "/private/var/folders/xr/m5_5rlsd6l9fk2w4ngj13k6m0000gn/T/swbuild.tmp.I9GXyx3j/Data.noindex/Test/aProject/build/aProject.build/Debug/TargetB.build/TargetB.hmap"]), Task(forTarget: TargetA, ruleInfo: ["SymLink", "/private/var/folders/xr/m5_5rlsd6l9fk2w4ngj13k6m0000gn/T/swbuild.tmp.I9GXyx3j/Data.noindex/Test/aProject/build/Debug/TargetA.framework/TargetA", "Versions/Current/TargetA"]), Task(forTarget: TargetB, ruleInfo: ["MkDir", "/private/var/folders/xr/m5_5rlsd6l9fk2w4ngj13k6m0000gn/T/swbuild.tmp.I9GXyx3j/Data.noindex/Test/aProject/build/Debug/TargetB.framework/Versions/A/Headers"]), Task(forTarget: <none>, ruleInfo: ["CreateBuildDirectory", "/private/var/folders/xr/m5_5rlsd6l9fk2w4ngj13k6m0000gn/T/swbuild.tmp.I9GXyx3j/Data.noindex/Test/aProject/build/ExplicitPrecompiledModules"]), Task(forTarget: <none>, ruleInfo: ["Gate", "target-TargetA-T-TargetA-44525--RealityAssetsTaskProducer"]), Task(forTarget: <none>, ruleInfo: ["Gate", "target-TargetA-T-TargetA-44525--TestHostTaskProducer"]), Task(forTarget: TargetA, ruleInfo: ["Gate", "target-TargetA-T-TargetA-44525--will-sign"]), Task(forTarget: <none>, ruleInfo: ["CreateBuildDirectory", "/private/var/folders/xr/m5_5rlsd6l9fk2w4ngj13k6m0000gn/T/swbuild.tmp.I9GXyx3j/Data.noindex/Test/aProject/build/SharedPrecompiledHeaders"]), Task(forTarget: TargetA, ruleInfo: ["WriteAuxiliaryFile", "/private/var/folders/xr/m5_5rlsd6l9fk2w4ngj13k6m0000gn/T/swbuild.tmp.I9GXyx3j/Data.noindex/Test/aProject/build/aProject.build/Debug/TargetA.build/TargetA.hmap"]), Task(forTarget: TargetA, ruleInfo: ["SymLink", "/private/var/folders/xr/m5_5rlsd6l9fk2w4ngj13k6m0000gn/T/swbuild.tmp.I9GXyx3j/Data.noindex/Test/aProject/build/Debug/TargetA.framework/Modules", "Versions/Current/Modules"]), Task(forTarget: <none>, ruleInfo: ["Gate", "target-TargetA-T-TargetA-44525--copy-headers-completion"]), Task(forTarget: <none>, ruleInfo: ["Gate", "target-TargetA-T-TargetA-44525--fused-phase0-compile-sources"]), Task(forTarget: <none>, ruleInfo: ["Gate", "WorkspaceHeaderMapVFSFilesWritten"]), Task(forTarget: TargetB, ruleInfo: ["SymLink", "/private/var/folders/xr/m5_5rlsd6l9fk2w4ngj13k6m0000gn/T/swbuild.tmp.I9GXyx3j/Data.noindex/Test/aProject/build/Debug/TargetB.framework/Headers", "Versions/Current/Headers"]), Task(forTarget: TargetB, ruleInfo: ["SwiftDriver Compilation Requirements", "TargetB", "normal", "arm64", "com.apple.xcode.tools.swift.compiler"]), Task(forTarget: <none>, ruleInfo: ["Gate", "target-TargetA-T-TargetA-44525--Barrier-RegisterProduct"]), Task(forTarget: TargetB, ruleInfo: ["Gate", "target-TargetB-T-TargetB-44533--modules-ready"]), Task(forTarget: <none>, ruleInfo: ["CreateBuildDirectory", "/private/var/folders/xr/m5_5rlsd6l9fk2w4ngj13k6m0000gn/T/swbuild.tmp.I9GXyx3j/Data.noindex/Test/aProject/build/EagerLinkingTBDs/Debug"]), Task(forTarget: TargetB, ruleInfo: ["WriteAuxiliaryFile", "/private/var/folders/xr/m5_5rlsd6l9fk2w4ngj13k6m0000gn/T/swbuild.tmp.I9GXyx3j/Data.noindex/Test/aProject/build/aProject.build/Debug/TargetB.build/TargetB-all-target-headers.hmap"]), Task(forTarget: <none>, ruleInfo: ["Gate", "target-TargetB-T-TargetB-44533--ModuleVerifierTaskProducer"]), Task(forTarget: TargetA, ruleInfo: ["Gate", "target-TargetA-T-TargetA-44525--begin-scanning"]), Task(forTarget: TargetB, ruleInfo: ["Gate", "target-TargetB-T-TargetB-44533--immediate"]), Task(forTarget: TargetA, ruleInfo: ["GenerateTAPI", "/private/var/folders/xr/m5_5rlsd6l9fk2w4ngj13k6m0000gn/T/swbuild.tmp.I9GXyx3j/Data.noindex/Test/aProject/build/EagerLinkingTBDs/Debug/TargetA.framework/Versions/A/TargetA.tbd"]), Task(forTarget: TargetB, ruleInfo: ["SymLink", "/private/var/folders/xr/m5_5rlsd6l9fk2w4ngj13k6m0000gn/T/swbuild.tmp.I9GXyx3j/Data.noindex/Test/aProject/build/Debug/TargetB.framework/TargetB", "Versions/Current/TargetB"]), Task(forTarget: TargetB, ruleInfo: ["SwiftCompile", "normal", "arm64", "Compiling fileB2.swift", "/private/var/folders/xr/m5_5rlsd6l9fk2w4ngj13k6m0000gn/T/swbuild.tmp.I9GXyx3j/Data.noindex/Test/aProject/Sources/fileB2.swift"])]
↳ Occasionally fails in CI due to SwiftExplicitDependencyCompileModuleFromInterface missing from the dependency graph
━ Test swiftEagerCompilationWithExplicitModules() recorded a known issue at SwiftDriverTests.swift:3591:67: Issue recorded
↳ Unexpected dependency for Task(forTarget: TargetA, ruleInfo: ["SwiftCompile", "normal", "arm64", "Compiling fileA2.swift", "/private/var/folders/xr/m5_5rlsd6l9fk2w4ngj13k6m0000gn/T/swbuild.tmp.I9GXyx3j/Data.noindex/Test/aProject/Sources/fileA2.swift"]): found ::SwiftExplicitDependencyCompileModuleFromInterface arm64 /private/var/folders/xr/m5_5rlsd6l9fk2w4ngj13k6m0000gn/T/swbuild.tmp.I9GXyx3j/Data.noindex/Test/aProject/build/SwiftExplicitPrecompiledModules/Swift-NBB0GQDQYZZH.swiftmodule
↳ Occasionally fails in CI due to SwiftExplicitDependencyCompileModuleFromInterface missing from the dependency graph
━ Test swiftEagerCompilationWithExplicitModules() recorded a known issue at SwiftDriverTests.swift:3591:67: Issue recorded
↳ Unexpected dependency for Task(forTarget: TargetA, ruleInfo: ["SwiftCompile", "normal", "arm64", "Compiling fileA2.swift", "/private/var/folders/xr/m5_5rlsd6l9fk2w4ngj13k6m0000gn/T/swbuild.tmp.I9GXyx3j/Data.noindex/Test/aProject/Sources/fileA2.swift"]): found ::SwiftExplicitDependencyCompileModuleFromInterface arm64 /private/var/folders/xr/m5_5rlsd6l9fk2w4ngj13k6m0000gn/T/swbuild.tmp.I9GXyx3j/Data.noindex/Test/aProject/build/SwiftExplicitPrecompiledModules/_StringProcessing-1O0ZQ2K74RYD5.swiftmodule
↳ Occasionally fails in CI due to SwiftExplicitDependencyCompileModuleFromInterface missing from the dependency graph
━ Test swiftEagerCompilationWithExplicitModules() recorded a known issue at SwiftDriverTests.swift:3591:67: Issue recorded
↳ Unexpected dependency for Task(forTarget: TargetA, ruleInfo: ["SwiftCompile", "normal", "arm64", "Compiling fileA2.swift", "/private/var/folders/xr/m5_5rlsd6l9fk2w4ngj13k6m0000gn/T/swbuild.tmp.I9GXyx3j/Data.noindex/Test/aProject/Sources/fileA2.swift"]): found ::SwiftExplicitDependencyCompileModuleFromInterface arm64 /private/var/folders/xr/m5_5rlsd6l9fk2w4ngj13k6m0000gn/T/swbuild.tmp.I9GXyx3j/Data.noindex/Test/aProject/build/SwiftExplicitPrecompiledModules/_Concurrency-CB34E6W1YOX6.swiftmodule
↳ Occasionally fails in CI due to SwiftExplicitDependencyCompileModuleFromInterface missing from the dependency graph
━ Test swiftEagerCompilationWithExplicitModules() recorded a known issue at SwiftDriverTests.swift:3591:67: Issue recorded
↳ Unexpected dependency for Task(forTarget: TargetA, ruleInfo: ["SwiftCompile", "normal", "arm64", "Compiling fileA2.swift", "/private/var/folders/xr/m5_5rlsd6l9fk2w4ngj13k6m0000gn/T/swbuild.tmp.I9GXyx3j/Data.noindex/Test/aProject/Sources/fileA2.swift"]): found ::SwiftExplicitDependencyGeneratePcm arm64 /private/var/folders/xr/m5_5rlsd6l9fk2w4ngj13k6m0000gn/T/swbuild.tmp.I9GXyx3j/Data.noindex/Test/aProject/build/SwiftExplicitPrecompiledModules/SwiftShims-1XRNFTFX3SVGVJQLDAOI208RW.pcm
↳ Occasionally fails in CI due to SwiftExplicitDependencyCompileModuleFromInterface missing from the dependency graph
━ Test swiftEagerCompilationWithExplicitModules() recorded a known issue at SwiftDriverTests.swift:3591:67: Issue recorded
↳ Unexpected dependency for Task(forTarget: TargetA, ruleInfo: ["SwiftCompile", "normal", "arm64", "Compiling fileA2.swift", "/private/var/folders/xr/m5_5rlsd6l9fk2w4ngj13k6m0000gn/T/swbuild.tmp.I9GXyx3j/Data.noindex/Test/aProject/Sources/fileA2.swift"]): found ::SwiftExplicitDependencyGeneratePcm arm64 /private/var/folders/xr/m5_5rlsd6l9fk2w4ngj13k6m0000gn/T/swbuild.tmp.I9GXyx3j/Data.noindex/Test/aProject/build/SwiftExplicitPrecompiledModules/_SwiftConcurrencyShims-AIZW70LS1W2L0PXECXLASUUHS.pcm
↳ Occasionally fails in CI due to SwiftExplicitDependencyCompileModuleFromInterface missing from the dependency graph
━ Test swiftEagerCompilationWithExplicitModules() recorded a known issue at SwiftDriverTests.swift:3597:55: Issue recorded
↳ Task Task(forTarget: TargetA, ruleInfo: ["SwiftEmitModule", "normal", "arm64", "Emitting module for TargetA"]) does not follow any tasks matching [Rule matches [SWBTestSupport.StringPattern.equal("SwiftExplicitDependencyCompileModuleFromInterface"), SWBTestSupport.StringPattern.equal("normal"), SWBTestSupport.StringPattern.equal("arm64"), SWBTestSupport.StringPattern.contains("Swift-")]]. Found: [] in [Task(forTarget: <none>, ruleInfo: ["Gate", "target-TargetA-T-TargetA-44525--Barrier-CopyAside"]), Task(forTarget: <none>, ruleInfo: ["Gate", "target-TargetA-T-TargetA-44525--InfoPlistTaskProducer"]), Task(forTarget: <none>, ruleInfo: ["Gate", "target-TargetB-T-TargetB-44533--Barrier-ChangeAlternatePermissions"]), Task(forTarget: <none>, ruleInfo: ["Gate", "target-TargetA-T-TargetA-44525--swift-generated-headers"]), Task(forTarget: TargetB, ruleInfo: ["ExtractAppIntentsMetadata"]), Task(forTarget: TargetB, ruleInfo: ["SwiftDriver", "TargetB", "normal", "arm64", "com.apple.xcode.tools.swift.compiler"]), Task(forTarget: TargetB, ruleInfo: ["WriteAuxiliaryFile", "/private/var/folders/xr/m5_5rlsd6l9fk2w4ngj13k6m0000gn/T/swbuild.tmp.I9GXyx3j/Data.noindex/Test/aProject/build/aProject.build/Debug/TargetB.build/TargetB-own-target-headers.hmap"]), Task(forTarget: TargetA, ruleInfo: ["WriteAuxiliaryFile", "/private/var/folders/xr/m5_5rlsd6l9fk2w4ngj13k6m0000gn/T/swbuild.tmp.I9GXyx3j/Data.noindex/Test/aProject/build/aProject.build/Debug/TargetA.build/TargetA-generated-files.hmap"]), Task(forTarget: TargetA, ruleInfo: ["SwiftDriver Compilation", "TargetA", "normal", "arm64", "com.apple.xcode.tools.swift.compiler"]), Task(forTarget: TargetA, ruleInfo: ["Ld", "/private/var/folders/xr/m5_5rlsd6l9fk2w4ngj13k6m0000gn/T/swbuild.tmp.I9GXyx3j/Data.noindex/Test/aProject/build/Debug/TargetA.framework/Versions/A/TargetA", "normal"]), Task(forTarget: <none>, ruleInfo: ["SwiftExplicitDependencyCompileModuleFromInterface", "arm64", "/private/var/folders/xr/m5_5rlsd6l9fk2w4ngj13k6m0000gn/T/swbuild.tmp.I9GXyx3j/Data.noindex/Test/aProject/build/SwiftExplicitPrecompiledModules/Swift-NBB0GQDQYZZH.swiftmodule"]), Task(forTarget: TargetB, ruleInfo: ["SwiftMergeGeneratedHeaders", "/private/var/folders/xr/m5_5rlsd6l9fk2w4ngj13k6m0000gn/T/swbuild.tmp.I9GXyx3j/Data.noindex/Test/aProject/build/Debug/TargetB.framework/Versions/A/Headers/TargetB-Swift.h", "/private/var/folders/xr/m5_5rlsd6l9fk2w4ngj13k6m0000gn/T/swbuild.tmp.I9GXyx3j/Data.noindex/Test/aProject/build/aProject.build/Debug/TargetB.build/Objects-normal/arm64/TargetB-Swift.h"]), Task(forTarget: <none>, ruleInfo: ["Gate", "target-TargetB-T-TargetB-44533--TestHostTaskProducer"]), Task(forTarget: TargetB, ruleInfo: ["WriteAuxiliaryFile", "/private/var/folders/xr/m5_5rlsd6l9fk2w4ngj13k6m0000gn/T/swbuild.tmp.I9GXyx3j/Data.noindex/Test/aProject/build/aProject.build/Debug/TargetB.build/Objects-normal/arm64/TargetB.SwiftConstValuesFileList"]), Task(forTarget: <none>, ruleInfo: ["Gate", "target-TargetB-T-TargetB-44533--ModuleMapTaskProducer"]), Task(forTarget: <none>, ruleInfo: ["Gate", "target-TargetB-T-TargetB-44533--SwiftFrameworkABICheckerTaskProducer"]), Task(forTarget: <none>, ruleInfo: ["Gate", "target-TargetB-T-TargetB-44533--Barrier-ChangePermissions"]), Task(forTarget: TargetB, ruleInfo: ["Gate", "target-TargetB-T-TargetB-44533--begin-compiling"]), Task(forTarget: <none>, ruleInfo: ["Gate", "target-TargetB-T-TargetB-44533--TestTargetTaskProducer"]), Task(forTarget: <none>, ruleInfo: ["Gate", "target-TargetB-T-TargetB-44533--TAPISymbolExtractorTaskProducer"]), Task(forTarget: <none>, ruleInfo: ["Gate", "target-TargetB-T-TargetB-44533--HeadermapTaskProducer"]), Task(forTarget: TargetB, ruleInfo: ["Ld", "/private/var/folders/xr/m5_5rlsd6l9fk2w4ngj13k6m0000gn/T/swbuild.tmp.I9GXyx3j/Data.noindex/Test/aProject/build/Debug/TargetB.framework/Versions/A/TargetB", "normal"]), Task(forTarget: TargetB, ruleInfo: ["WriteAuxiliaryFile", "/private/var/folders/xr/m5_5rlsd6l9fk2w4ngj13k6m0000gn/T/swbuild.tmp.I9GXyx3j/Data.noindex/Test/aProject/build/aProject.build/Debug/TargetB.build/Objects-normal/arm64/TargetB.LinkFileList"]), Task(forTarget: <none>, ruleInfo: ["Gate", "target-TargetB-T-TargetB-44533--TestTargetPostprocessingTaskProducer"]), Task(forTarget: <none>, ruleInfo: ["SwiftExplicitDependencyGeneratePcm", "arm64", "/private/var/folders/xr/m5_5rlsd6l9fk2w4ngj13k6m0000gn/T/swbuild.tmp.I9GXyx3j/Data.noindex/Test/aProject/build/SwiftExplicitPrecompiledModules/_SwiftConcurrencyShims-AIZW70LS1W2L0PXECXLASUUHS.pcm"]), Task(forTarget: TargetA, ruleInfo: ["SymLink", "/private/var/folders/xr/m5_5rlsd6l9fk2w4ngj13k6m0000gn/T/swbuild.tmp.I9GXyx3j/Data.noindex/Test/aProject/build/Debug/TargetA.framework/Versions/Current", "A"]), Task(forTarget: <none>, ruleInfo: ["CreateBuildDirectory", "/private/var/folders/xr/m5_5rlsd6l9fk2w4ngj13k6m0000gn/T/swbuild.tmp.I9GXyx3j/Data.noindex/Test/aProject/build"]), Task(forTarget: TargetB, ruleInfo: ["WriteAuxiliaryFile", "/private/var/folders/xr/m5_5rlsd6l9fk2w4ngj13k6m0000gn/T/swbuild.tmp.I9GXyx3j/Data.noindex/Test/aProject/build/aProject.build/Debug/TargetB.build/TargetB.DependencyMetadataFileList"]), Task(forTarget: TargetA, ruleInfo: ["WriteAuxiliaryFile", "/private/var/folders/xr/m5_5rlsd6l9fk2w4ngj13k6m0000gn/T/swbuild.tmp.I9GXyx3j/Data.noindex/Test/aProject/build/aProject.build/Debug/TargetA.build/TargetA.DependencyMetadataFileList"]), Task(forTarget: <none>, ruleInfo: ["Gate", "target-TargetB-T-TargetB-44533--AppExtensionInfoPlistGeneratorTaskProducer"]), Task(forTarget: <none>, ruleInfo: ["Gate", "target-TargetA-T-TargetA-44525--SwiftABIBaselineGenerationTaskProducer"]), Task(forTarget: <none>, ruleInfo: ["Gate", "target-TargetA-T-TargetA-44525--Barrier-Validate"]), Task(forTarget: <none>, ruleInfo: ["SwiftExplicitDependencyGeneratePcm", "arm64", "/private/var/folders/xr/m5_5rlsd6l9fk2w4ngj13k6m0000gn/T/swbuild.tmp.I9GXyx3j/Data.noindex/Test/aProject/build/SwiftExplicitPrecompiledModules/SwiftShims-1XRNFTFX3SVGVJQLDAOI208RW.pcm"]), Task(forTarget: TargetA, ruleInfo: ["SymLink", "/private/var/folders/xr/m5_5rlsd6l9fk2w4ngj13k6m0000gn/T/swbuild.tmp.I9GXyx3j/Data.noindex/Test/aProject/build/Debug/TargetA.framework/Headers", "Versions/Current/Headers"]), Task(forTarget: <none>, ruleInfo: ["Gate", "target-TargetA-T-TargetA-44525--generated-headers"]), Task(forTarget: TargetB, ruleInfo: ["SymLink", "/private/var/folders/xr/m5_5rlsd6l9fk2w4ngj13k6m0000gn/T/swbuild.tmp.I9GXyx3j/Data.noindex/Test/aProject/build/Debug/TargetB.framework/Modules", "Versions/Current/Modules"]), Task(forTarget: <none>, ruleInfo: ["WriteAuxiliaryFile", "/private/var/folders/xr/m5_5rlsd6l9fk2w4ngj13k6m0000gn/T/swbuild.tmp.I9GXyx3j/Data.noindex/Test/aProject/build/aProject.build/Debug/aProject-P44536-VFS/all-product-headers.yaml"]), Task(forTarget: <none>, ruleInfo: ["Gate", "target-TargetA-T-TargetA-44525--TAPISymbolExtractorTaskProducer"]), Task(forTarget: <none>, ruleInfo: ["Gate", "target-TargetA-T-TargetA-44525--TestTargetTaskProducer"]), Task(forTarget: <none>, ruleInfo: ["Gate", "target-TargetB-T-TargetB-44533--CopySwiftPackageResourcesTaskProducer"]), Task(forTarget: <none>, ruleInfo: ["Gate", "target-TargetB-T-TargetB-44533--AppIntentsMetadataTaskProducer"]), Task(forTarget: TargetA, ruleInfo: ["WriteAuxiliaryFile", "/private/var/folders/xr/m5_5rlsd6l9fk2w4ngj13k6m0000gn/T/swbuild.tmp.I9GXyx3j/Data.noindex/Test/aProject/build/aProject.build/Debug/TargetA.build/TargetA-all-target-headers.hmap"]), Task(forTarget: TargetB, ruleInfo: ["MkDir", "/private/var/folders/xr/m5_5rlsd6l9fk2w4ngj13k6m0000gn/T/swbuild.tmp.I9GXyx3j/Data.noindex/Test/aProject/build/Debug/TargetB.framework/Versions/A"]), Task(forTarget: <none>, ruleInfo: ["Gate", "target-TargetB-T-TargetB-44533--CustomTaskProducer"]), Task(forTarget: TargetB, ruleInfo: ["WriteAuxiliaryFile", "/private/var/folders/xr/m5_5rlsd6l9fk2w4ngj13k6m0000gn/T/swbuild.tmp.I9GXyx3j/Data.noindex/Test/aProject/build/aProject.build/Debug/TargetB.build/Objects-normal/arm64/TargetB.SwiftFileList"]), Task(forTarget: TargetB, ruleInfo: ["WriteAuxiliaryFile", "/private/var/folders/xr/m5_5rlsd6l9fk2w4ngj13k6m0000gn/T/swbuild.tmp.I9GXyx3j/Data.noindex/Test/aProject/build/aProject.build/Debug/TargetB.build/Objects-normal/arm64/TargetB-OutputFileMap.json"]), Task(forTarget: TargetA, ruleInfo: ["MkDir", "/private/var/folders/xr/m5_5rlsd6l9fk2w4ngj13k6m0000gn/T/swbuild.tmp.I9GXyx3j/Data.noindex/Test/aProject/build/Debug/TargetA.framework/Versions/A/Headers"]), Task(forTarget: <none>, ruleInfo: ["Gate", "target-TargetB-T-TargetB-44533--StubBinaryTaskProducer"]), Task(forTarget: <none>, ruleInfo: ["Gate", "target-TargetB-T-TargetB-44533--DocumentationTaskProducer"]), Task(forTarget: TargetA, ruleInfo: ["SwiftDriver", "TargetA", "normal", "arm64", "com.apple.xcode.tools.swift.compiler"]), Task(forTarget: <none>, ruleInfo: ["Gate", "target-TargetB-T-TargetB-44533--GenerateAppPlaygroundAssetCatalogTaskProducer"]), Task(forTarget: <none>, ruleInfo: ["Gate", "target-TargetA-T-TargetA-44525--Barrier-CodeSign"]), Task(forTarget: <none>, ruleInfo: ["Gate", "target-TargetA-T-TargetA-44525--AppExtensionInfoPlistGeneratorTaskProducer"]), Task(forTarget: TargetB, ruleInfo: ["Gate", "target-TargetB-T-TargetB-44533--entry"]), Task(forTarget: TargetB, ruleInfo: ["Gate", "target-TargetB-T-TargetB-44533--will-sign"]), Task(forTarget: <none>, ruleInfo: ["Gate", "target-TargetB-T-TargetB-44533--Barrier-CopyAside"]), Task(forTarget: <none>, ruleInfo: ["Gate", "target-TargetA-T-TargetA-44525--ProductStructureTaskProducer"]), Task(forTarget: TargetA, ruleInfo: ["Gate", "target-TargetA-T-TargetA-44525--begin-linking"]), Task(forTarget: TargetB, ruleInfo: ["Copy", "/private/var/folders/xr/m5_5rlsd6l9fk2w4ngj13k6m0000gn/T/swbuild.tmp.I9GXyx3j/Data.noindex/Test/aProject/build/Debug/TargetB.framework/Versions/A/Modules/TargetB.swiftmodule/arm64-apple-macos.swiftdoc", "/private/var/folders/xr/m5_5rlsd6l9fk2w4ngj13k6m0000gn/T/swbuild.tmp.I9GXyx3j/Data.noindex/Test/aProject/build/aProject.build/Debug/TargetB.build/Objects-normal/arm64/TargetB.swiftdoc"]), Task(forTarget: TargetB, ruleInfo: ["Copy", "/private/var/folders/xr/m5_5rlsd6l9fk2w4ngj13k6m0000gn/T/swbuild.tmp.I9GXyx3j/Data.noindex/Test/aProject/build/Debug/TargetB.framework/Versions/A/Modules/TargetB.swiftmodule/arm64-apple-macos.swiftmodule", "/private/var/folders/xr/m5_5rlsd6l9fk2w4ngj13k6m0000gn/T/swbuild.tmp.I9GXyx3j/Data.noindex/Test/aProject/build/aProject.build/Debug/TargetB.build/Objects-normal/arm64/TargetB.swiftmodule"]), Task(forTarget: TargetB, ruleInfo: ["SymLink", "/private/var/folders/xr/m5_5rlsd6l9fk2w4ngj13k6m0000gn/T/swbuild.tmp.I9GXyx3j/Data.noindex/Test/aProject/build/EagerLinkingTBDs/Debug/TargetB.framework/TargetB.tbd", "/private/var/folders/xr/m5_5rlsd6l9fk2w4ngj13k6m0000gn/T/swbuild.tmp.I9GXyx3j/Data.noindex/Test/aProject/build/EagerLinkingTBDs/Debug/TargetB.framework/Versions/A/TargetB.tbd"]), Task(forTarget: TargetA, ruleInfo: ["SwiftMergeGeneratedHeaders", "/private/var/folders/xr/m5_5rlsd6l9fk2w4ngj13k6m0000gn/T/swbuild.tmp.I9GXyx3j/Data.noindex/Test/aProject/build/Debug/TargetA.framework/Versions/A/Headers/TargetA-Swift.h", "/private/var/folders/xr/m5_5rlsd6l9fk2w4ngj13k6m0000gn/T/swbuild.tmp.I9GXyx3j/Data.noindex/Test/aProject/build/aProject.build/Debug/TargetA.build/Objects-normal/arm64/TargetA-Swift.h"]), Task(forTarget: <none>, ruleInfo: ["SwiftExplicitDependencyCompileModuleFromInterface", "arm64", "/private/var/folders/xr/m5_5rlsd6l9fk2w4ngj13k6m0000gn/T/swbuild.tmp.I9GXyx3j/Data.noindex/Test/aProject/build/SwiftExplicitPrecompiledModules/_Concurrency-CB34E6W1YOX6.swiftmodule"]), Task(forTarget: TargetA, ruleInfo: ["Gate", "target-TargetA-T-TargetA-44525--unsigned-product-ready"]), Task(forTarget: TargetA, ruleInfo: ["Gate", "target-TargetA-T-TargetA-44525--end"]), Task(forTarget: <none>, ruleInfo: ["Gate", "target-TargetA-T-TargetA-44525--ExtensionPointExtractorTaskProducer"]), Task(forTarget: TargetB, ruleInfo: ["Touch", "/private/var/folders/xr/m5_5rlsd6l9fk2w4ngj13k6m0000gn/T/swbuild.tmp.I9GXyx3j/Data.noindex/Test/aProject/build/Debug/TargetB.framework"]), Task(forTarget: TargetB, ruleInfo: ["Gate", "target-TargetB-T-TargetB-44533--linker-inputs-ready"]), Task(forTarget: TargetA, ruleInfo: ["WriteAuxiliaryFile", "/private/var/folders/xr/m5_5rlsd6l9fk2w4ngj13k6m0000gn/T/swbuild.tmp.I9GXyx3j/Data.noindex/Test/aProject/build/aProject.build/Debug/TargetA.build/Objects-normal/arm64/TargetA.SwiftFileList"]), Task(forTarget: TargetB, ruleInfo: ["WriteAuxiliaryFile", "/private/var/folders/xr/m5_5rlsd6l9fk2w4ngj13k6m0000gn/T/swbuild.tmp.I9GXyx3j/Data.noindex/Test/aProject/build/aProject.build/Debug/TargetB.build/TargetB-project-headers.hmap"]), Task(forTarget: <none>, ruleInfo: ["Gate", "target-TargetB-T-TargetB-44533--copy-headers-completion"]), Task(forTarget: <none>, ruleInfo: ["Gate", "target-TargetB-T-TargetB-44533--Barrier-Validate"]), Task(forTarget: TargetB, ruleInfo: ["Copy", "/private/var/folders/xr/m5_5rlsd6l9fk2w4ngj13k6m0000gn/T/swbuild.tmp.I9GXyx3j/Data.noindex/Test/aProject/build/Debug/TargetB.framework/Versions/A/Modules/TargetB.swiftmodule/arm64-apple-macos.abi.json", "/private/var/folders/xr/m5_5rlsd6l9fk2w4ngj13k6m0000gn/T/swbuild.tmp.I9GXyx3j/Data.noindex/Test/aProject/build/aProject.build/Debug/TargetB.build/Objects-normal/arm64/TargetB.abi.json"]), Task(forTarget: TargetA, ruleInfo: ["WriteAuxiliaryFile", "/private/var/folders/xr/m5_5rlsd6l9fk2w4ngj13k6m0000gn/T/swbuild.tmp.I9GXyx3j/Data.noindex/Test/aProject/build/aProject.build/Debug/TargetA.build/TargetA-own-target-headers.hmap"]), Task(forTarget: TargetB, ruleInfo: ["Gate", "target-TargetB-T-TargetB-44533--begin-scanning"]), Task(forTarget: TargetA, ruleInfo: ["WriteAuxiliaryFile", "/private/var/folders/xr/m5_5rlsd6l9fk2w4ngj13k6m0000gn/T/swbuild.tmp.I9GXyx3j/Data.noindex/Test/aProject/build/aProject.build/Debug/TargetA.build/TargetA.DependencyStaticMetadataFileList"]), Task(forTarget: <none>, ruleInfo: ["Gate", "target-TargetA-T-TargetA-44525--ModuleVerifierTaskProducer"]), Task(forTarget: TargetA, ruleInfo: ["SwiftCompile", "normal", "arm64", "Compiling fileA2.swift", "/private/var/folders/xr/m5_5rlsd6l9fk2w4ngj13k6m0000gn/T/swbuild.tmp.I9GXyx3j/Data.noindex/Test/aProject/Sources/fileA2.swift"]), Task(forTarget: TargetA, ruleInfo: ["Copy", "/private/var/folders/xr/m5_5rlsd6l9fk2w4ngj13k6m0000gn/T/swbuild.tmp.I9GXyx3j/Data.noindex/Test/aProject/build/Debug/TargetA.framework/Versions/A/Modules/TargetA.swiftmodule/arm64-apple-macos.swiftmodule", "/private/var/folders/xr/m5_5rlsd6l9fk2w4ngj13k6m0000gn/T/swbuild.tmp.I9GXyx3j/Data.noindex/Test/aProject/build/aProject.build/Debug/TargetA.build/Objects-normal/arm64/TargetA.swiftmodule"]), Task(forTarget: TargetA, ruleInfo: ["Gate", "target-TargetA-T-TargetA-44525--modules-ready"]), Task(forTarget: TargetB, ruleInfo: ["SwiftCompile", "normal", "arm64", "Compiling fileB1.swift", "/private/var/folders/xr/m5_5rlsd6l9fk2w4ngj13k6m0000gn/T/swbuild.tmp.I9GXyx3j/Data.noindex/Test/aProject/Sources/fileB1.swift"]), Task(forTarget: <none>, ruleInfo: ["Gate", "target-TargetB-T-TargetB-44533--Barrier-CodeSign"]), Task(forTarget: <none>, ruleInfo: ["Gate", "target-TargetB-T-TargetB-44533--generated-headers"]), Task(forTarget: <none>, ruleInfo: ["CreateBuildDirectory", "/private/var/folders/xr/m5_5rlsd6l9fk2w4ngj13k6m0000gn/T/swbuild.tmp.I9GXyx3j/Data.noindex/Test/aProject/build/SwiftExplicitPrecompiledModules"]), Task(forTarget: <none>, ruleInfo: ["Gate", "target-TargetA-T-TargetA-44525--SanitizerTaskProducer"]), Task(forTarget: TargetA, ruleInfo: ["SwiftDriver Compilation Requirements", "TargetA", "normal", "arm64", "com.apple.xcode.tools.swift.compiler"]), Task(forTarget: <none>, ruleInfo: ["CreateBuildDirectory", "/var/folders/xr/m5_5rlsd6l9fk2w4ngj13k6m0000gn/C/com.apple.DeveloperTools/26.4.1-17E202/Xcode/CompilationCache.noindex"]), Task(forTarget: <none>, ruleInfo: ["Gate", "target-TargetA-T-TargetA-44525--AppIntentsMetadataTaskProducer"]), Task(forTarget: TargetB, ruleInfo: ["SymLink", "/private/var/folders/xr/m5_5rlsd6l9fk2w4ngj13k6m0000gn/T/swbuild.tmp.I9GXyx3j/Data.noindex/Test/aProject/build/Debug/TargetB.framework/Versions/Current", "A"]), Task(forTarget: TargetA, ruleInfo: ["Copy", "/private/var/folders/xr/m5_5rlsd6l9fk2w4ngj13k6m0000gn/T/swbuild.tmp.I9GXyx3j/Data.noindex/Test/aProject/build/Debug/TargetA.framework/Versions/A/Modules/TargetA.swiftmodule/arm64-apple-macos.swiftdoc", "/private/var/folders/xr/m5_5rlsd6l9fk2w4ngj13k6m0000gn/T/swbuild.tmp.I9GXyx3j/Data.noindex/Test/aProject/build/aProject.build/Debug/TargetA.build/Objects-normal/arm64/TargetA.swiftdoc"]), Task(forTarget: TargetA, ruleInfo: ["RegisterExecutionPolicyException", "/private/var/folders/xr/m5_5rlsd6l9fk2w4ngj13k6m0000gn/T/swbuild.tmp.I9GXyx3j/Data.noindex/Test/aProject/build/Debug/TargetA.framework"]), Task(forTarget: <none>, ruleInfo: ["Gate", "target-TargetA-T-TargetA-44525--SwiftPackageCopyFilesTaskProducer"]), Task(forTarget: TargetA, ruleInfo: ["Copy", "/private/var/folders/xr/m5_5rlsd6l9fk2w4ngj13k6m0000gn/T/swbuild.tmp.I9GXyx3j/Data.noindex/Test/aProject/build/Debug/TargetA.framework/Versions/A/Modules/TargetA.swiftmodule/arm64-apple-macos.abi.json", "/private/var/folders/xr/m5_5rlsd6l9fk2w4ngj13k6m0000gn/T/swbuild.tmp.I9GXyx3j/Data.noindex/Test/aProject/build/aProject.build/Debug/TargetA.build/Objects-normal/arm64/TargetA.abi.json"]), Task(forTarget: TargetB, ruleInfo: ["SwiftEmitModule", "normal", "arm64", "Emitting module for TargetB"]), Task(forTarget: TargetA, ruleInfo: ["Touch", "/private/var/folders/xr/m5_5rlsd6l9fk2w4ngj13k6m0000gn/T/swbuild.tmp.I9GXyx3j/Data.noindex/Test/aProject/build/Debug/TargetA.framework"]), Task(forTarget: TargetA, ruleInfo: ["Gate", "target-TargetA-T-TargetA-44525--linker-inputs-ready"]), Task(forTarget: <none>, ruleInfo: ["Gate", "target-TargetB-T-TargetB-44533--ProductStructureTaskProducer"]), Task(forTarget: TargetB, ruleInfo: ["SwiftDriver Compilation", "TargetB", "normal", "arm64", "com.apple.xcode.tools.swift.compiler"]), Task(forTarget: <none>, ruleInfo: ["Gate", "target-TargetB-T-TargetB-44533--Barrier-RegisterExecutionPolicyException"]), Task(forTarget: TargetA, ruleInfo: ["WriteAuxiliaryFile", "/private/var/folders/xr/m5_5rlsd6l9fk2w4ngj13k6m0000gn/T/swbuild.tmp.I9GXyx3j/Data.noindex/Test/aProject/build/aProject.build/Debug/TargetA.build/Objects-normal/arm64/TargetA-OutputFileMap.json"]), Task(forTarget: <none>, ruleInfo: ["Gate", "target-TargetA-T-TargetA-44525--HeadermapTaskProducer"]), Task(forTarget: TargetB, ruleInfo: ["WriteAuxiliaryFile", "/private/var/folders/xr/m5_5rlsd6l9fk2w4ngj13k6m0000gn/T/swbuild.tmp.I9GXyx3j/Data.noindex/Test/aProject/build/aProject.build/Debug/TargetB.build/TargetB.DependencyStaticMetadataFileList"]), Task(forTarget: TargetA, ruleInfo: ["Gate", "target-TargetA-T-TargetA-44525--begin-compiling"]), Task(forTarget: <none>, ruleInfo: ["Gate", "target-TargetA-T-TargetA-44525--GeneratedFilesTaskProducer"]), Task(forTarget: <none>, ruleInfo: ["Gate", "target-TargetA-T-TargetA-44525--DocumentationTaskProducer"]), Task(forTarget: <none>, ruleInfo: ["Gate", "target-TargetB-T-TargetB-44533--InfoPlistTaskProducer"]), Task(forTarget: <none>, ruleInfo: ["Gate", "target-TargetA-T-TargetA-44525--SwiftFrameworkABICheckerTaskProducer"]), Task(forTarget: TargetB, ruleInfo: ["Gate", "target-TargetB-T-TargetB-44533--end"]), Task(forTarget: TargetA, ruleInfo: ["MkDir", "/private/var/folders/xr/m5_5rlsd6l9fk2w4ngj13k6m0000gn/T/swbuild.tmp.I9GXyx3j/Data.noindex/Test/aProject/build/Debug/TargetA.framework/Versions/A"]), Task(forTarget: <none>, ruleInfo: ["Gate", "target-TargetB-T-TargetB-44533--fused-phase0-compile-sources&link-binary"]), Task(forTarget: <none>, ruleInfo: ["Gate", "target-TargetB-T-TargetB-44533--SwiftStandardLibrariesTaskProducer"]), Task(forTarget: <none>, ruleInfo: ["Gate", "target-TargetB-T-TargetB-44533--SwiftABIBaselineGenerationTaskProducer"]), Task(forTarget: <none>, ruleInfo: ["Gate", "target-TargetA-T-TargetA-44525--TestTargetPostprocessingTaskProducer"]), Task(forTarget: <none>, ruleInfo: ["Gate", "target-TargetA-T-TargetA-44525--ProductPostprocessingTaskProducer"]), Task(forTarget: <none>, ruleInfo: ["Gate", "target-TargetB-T-TargetB-44533--RealityAssetsTaskProducer"]), Task(forTarget: TargetA, ruleInfo: ["Copy", "/private/var/folders/xr/m5_5rlsd6l9fk2w4ngj13k6m0000gn/T/swbuild.tmp.I9GXyx3j/Data.noindex/Test/aProject/build/Debug/TargetA.framework/Versions/A/Modules/TargetA.swiftmodule/Project/arm64-apple-macos.swiftsourceinfo", "/private/var/folders/xr/m5_5rlsd6l9fk2w4ngj13k6m0000gn/T/swbuild.tmp.I9GXyx3j/Data.noindex/Test/aProject/build/aProject.build/Debug/TargetA.build/Objects-normal/arm64/TargetA.swiftsourceinfo"]), Task(forTarget: TargetB, ruleInfo: ["Copy", "/private/var/folders/xr/m5_5rlsd6l9fk2w4ngj13k6m0000gn/T/swbuild.tmp.I9GXyx3j/Data.noindex/Test/aProject/build/Debug/TargetB.framework/Versions/A/Modules/TargetB.swiftmodule/Project/arm64-apple-macos.swiftsourceinfo", "/private/var/folders/xr/m5_5rlsd6l9fk2w4ngj13k6m0000gn/T/swbuild.tmp.I9GXyx3j/Data.noindex/Test/aProject/build/aProject.build/Debug/TargetB.build/Objects-normal/arm64/TargetB.swiftsourceinfo"]), Task(forTarget: TargetB, ruleInfo: ["WriteAuxiliaryFile", "/private/var/folders/xr/m5_5rlsd6l9fk2w4ngj13k6m0000gn/T/swbuild.tmp.I9GXyx3j/Data.noindex/Test/aProject/build/aProject.build/Debug/TargetB.build/TargetB-all-non-framework-target-headers.hmap"]), Task(forTarget: <none>, ruleInfo: ["Gate", "target-TargetB-T-TargetB-44533--Barrier-GenerateStubAPI"]), Task(forTarget: TargetB, ruleInfo: ["RegisterExecutionPolicyException", "/private/var/folders/xr/m5_5rlsd6l9fk2w4ngj13k6m0000gn/T/swbuild.tmp.I9GXyx3j/Data.noindex/Test/aProject/build/Debug/TargetB.framework"]), Task(forTarget: TargetA, ruleInfo: ["SwiftEmitModule", "normal", "arm64", "Emitting module for TargetA"]), Task(forTarget: <none>, ruleInfo: ["SwiftExplicitDependencyCompileModuleFromInterface", "arm64", "/private/var/folders/xr/m5_5rlsd6l9fk2w4ngj13k6m0000gn/T/swbuild.tmp.I9GXyx3j/Data.noindex/Test/aProject/build/SwiftExplicitPrecompiledModules/_StringProcessing-1O0ZQ2K74RYD5.swiftmodule"]), Task(forTarget: TargetB, ruleInfo: ["Gate", "target-TargetB-T-TargetB-44533--begin-linking"]), Task(forTarget: TargetB, ruleInfo: ["Gate", "target-TargetB-T-TargetB-44533--unsigned-product-ready"]), Task(forTarget: TargetB, ruleInfo: ["MkDir", "/private/var/folders/xr/m5_5rlsd6l9fk2w4ngj13k6m0000gn/T/swbuild.tmp.I9GXyx3j/Data.noindex/Test/aProject/build/Debug/TargetB.framework"]), Task(forTarget: <none>, ruleInfo: ["Gate", "target-TargetB-T-TargetB-44533--ExtensionPointExtractorTaskProducer"]), Task(forTarget: TargetA, ruleInfo: ["WriteAuxiliaryFile", "/private/var/folders/xr/m5_5rlsd6l9fk2w4ngj13k6m0000gn/T/swbuild.tmp.I9GXyx3j/Data.noindex/Test/aProject/build/aProject.build/Debug/TargetA.build/Objects-normal/arm64/TargetA_const_extract_protocols.json"]), Task(forTarget: <none>, ruleInfo: ["Gate", "target-TargetA-T-TargetA-44525--CustomTaskProducer"]), Task(forTarget: <none>, ruleInfo: ["ClangStatCache", "/Applications/Xcode17E.app/Contents/Developer/Toolchains/XcodeDefault.xctoolchain/usr/bin/clang-stat-cache", "/Applications/Xcode17E.app/Contents/Developer/Platforms/MacOSX.platform/Developer/SDKs/MacOSX26.4.sdk", "/private/var/folders/xr/m5_5rlsd6l9fk2w4ngj13k6m0000gn/T/swbuild.tmp.I9GXyx3j/Data.noindex/Test/SDKStatCaches.noindex/macosx26.4-25E260-95aa6cf8f3effd57bda17e0c125410c0.sdkstatcache"]), Task(forTarget: <none>, ruleInfo: ["Gate", "target-TargetB-T-TargetB-44533--TestEntryPointTaskProducerFactory"]), Task(forTarget: TargetA, ruleInfo: ["Gate", "target-TargetA-T-TargetA-44525--immediate"]), Task(forTarget: <none>, ruleInfo: ["CreateBuildDirectory", "/private/var/folders/xr/m5_5rlsd6l9fk2w4ngj13k6m0000gn/T/swbuild.tmp.I9GXyx3j/Data.noindex/Test/aProject/build/Debug"]), Task(forTarget: TargetA, ruleInfo: ["Gate", "target-TargetA-T-TargetA-44525--entry"]), Task(forTarget: <none>, ruleInfo: ["Gate", "target-TargetA-T-TargetA-44525--SwiftStandardLibrariesTaskProducer"]), Task(forTarget: <none>, ruleInfo: ["Gate", "target-TargetA-T-TargetA-44525--TestEntryPointTaskProducerFactory"]), Task(forTarget: TargetA, ruleInfo: ["WriteAuxiliaryFile", "/private/var/folders/xr/m5_5rlsd6l9fk2w4ngj13k6m0000gn/T/swbuild.tmp.I9GXyx3j/Data.noindex/Test/aProject/build/aProject.build/Debug/TargetA.build/TargetA-project-headers.hmap"]), Task(forTarget: <none>, ruleInfo: ["Gate", "target-TargetA-T-TargetA-44525--Barrier-GenerateStubAPI"]), Task(forTarget: TargetA, ruleInfo: ["MkDir", "/private/var/folders/xr/m5_5rlsd6l9fk2w4ngj13k6m0000gn/T/swbuild.tmp.I9GXyx3j/Data.noindex/Test/aProject/build/Debug/TargetA.framework"]), Task(forTarget: TargetB, ruleInfo: ["WriteAuxiliaryFile", "/private/var/folders/xr/m5_5rlsd6l9fk2w4ngj13k6m0000gn/T/swbuild.tmp.I9GXyx3j/Data.noindex/Test/aProject/build/aProject.build/Debug/TargetB.build/TargetB-generated-files.hmap"]), Task(forTarget: TargetB, ruleInfo: ["WriteAuxiliaryFile", "/private/var/folders/xr/m5_5rlsd6l9fk2w4ngj13k6m0000gn/T/swbuild.tmp.I9GXyx3j/Data.noindex/Test/aProject/build/aProject.build/Debug/TargetB.build/Objects-normal/arm64/TargetB_const_extract_protocols.json"]), Task(forTarget: TargetB, ruleInfo: ["MkDir", "/private/var/folders/xr/m5_5rlsd6l9fk2w4ngj13k6m0000gn/T/swbuild.tmp.I9GXyx3j/Data.noindex/Test/aProject/build/Debug/TargetB.framework/Versions"]), Task(forTarget: <none>, ruleInfo: ["Gate", "target-TargetA-T-TargetA-44525--CopySwiftPackageResourcesTaskProducer"]), Task(forTarget: <none>, ruleInfo: ["Gate", "target-TargetA-T-TargetA-44525--Barrier-ChangeAlternatePermissions"]), Task(forTarget: TargetA, ruleInfo: ["SymLink", "/private/var/folders/xr/m5_5rlsd6l9fk2w4ngj13k6m0000gn/T/swbuild.tmp.I9GXyx3j/Data.noindex/Test/aProject/build/EagerLinkingTBDs/Debug/TargetA.framework/TargetA.tbd", "/private/var/folders/xr/m5_5rlsd6l9fk2w4ngj13k6m0000gn/T/swbuild.tmp.I9GXyx3j/Data.noindex/Test/aProject/build/EagerLinkingTBDs/Debug/TargetA.framework/Versions/A/TargetA.tbd"]), Task(forTarget: <none>, ruleInfo: ["Gate", "target-TargetA-T-TargetA-44525--Barrier-RegisterExecutionPolicyException"]), Task(forTarget: <none>, ruleInfo: ["Gate", "target-TargetB-T-TargetB-44533--SwiftPackageCopyFilesTaskProducer"]), Task(forTarget: TargetA, ruleInfo: ["SwiftCompile", "normal", "arm64", "Compiling fileA1.swift", "/private/var/folders/xr/m5_5rlsd6l9fk2w4ngj13k6m0000gn/T/swbuild.tmp.I9GXyx3j/Data.noindex/Test/aProject/Sources/fileA1.swift"]), Task(forTarget: <none>, ruleInfo: ["Gate", "target-TargetB-T-TargetB-44533--Barrier-StripSymbols"]), Task(forTarget: TargetA, ruleInfo: ["WriteAuxiliaryFile", "/private/var/folders/xr/m5_5rlsd6l9fk2w4ngj13k6m0000gn/T/swbuild.tmp.I9GXyx3j/Data.noindex/Test/aProject/build/aProject.build/Debug/TargetA.build/TargetA-all-non-framework-target-headers.hmap"]), Task(forTarget: <none>, ruleInfo: ["Gate", "target-TargetB-T-TargetB-44533--SanitizerTaskProducer"]), Task(forTarget: <none>, ruleInfo: ["Gate", "target-TargetB-T-TargetB-44533--swift-generated-headers"]), Task(forTarget: <none>, ruleInfo: ["Gate", "target-TargetB-T-TargetB-44533--Barrier-RegisterProduct"]), Task(forTarget: <none>, ruleInfo: ["Gate", "target-TargetB-T-TargetB-44533--GeneratedFilesTaskProducer"]), Task(forTarget: <none>, ruleInfo: ["Gate", "target-TargetA-T-TargetA-44525--Barrier-StripSymbols"]), Task(forTarget: TargetB, ruleInfo: ["GenerateTAPI", "/private/var/folders/xr/m5_5rlsd6l9fk2w4ngj13k6m0000gn/T/swbuild.tmp.I9GXyx3j/Data.noindex/Test/aProject/build/EagerLinkingTBDs/Debug/TargetB.framework/Versions/A/TargetB.tbd"]), Task(forTarget: <none>, ruleInfo: ["Gate", "target-TargetA-T-TargetA-44525--GenerateAppPlaygroundAssetCatalogTaskProducer"]), Task(forTarget: <none>, ruleInfo: ["Gate", "target-TargetA-T-TargetA-44525--Barrier-ChangePermissions"]), Task(forTarget: TargetA, ruleInfo: ["WriteAuxiliaryFile", "/private/var/folders/xr/m5_5rlsd6l9fk2w4ngj13k6m0000gn/T/swbuild.tmp.I9GXyx3j/Data.noindex/Test/aProject/build/aProject.build/Debug/TargetA.build/Objects-normal/arm64/TargetA.SwiftConstValuesFileList"]), Task(forTarget: TargetA, ruleInfo: ["MkDir", "/private/var/folders/xr/m5_5rlsd6l9fk2w4ngj13k6m0000gn/T/swbuild.tmp.I9GXyx3j/Data.noindex/Test/aProject/build/Debug/TargetA.framework/Versions"]), Task(forTarget: <none>, ruleInfo: ["Gate", "target-TargetA-T-TargetA-44525--StubBinaryTaskProducer"]), Task(forTarget: <none>, ruleInfo: ["Gate", "target-TargetB-T-TargetB-44533--ProductPostprocessingTaskProducer"]), Task(forTarget: TargetA, ruleInfo: ["WriteAuxiliaryFile", "/private/var/folders/xr/m5_5rlsd6l9fk2w4ngj13k6m0000gn/T/swbuild.tmp.I9GXyx3j/Data.noindex/Test/aProject/build/aProject.build/Debug/TargetA.build/Objects-normal/arm64/TargetA.LinkFileList"]), Task(forTarget: <none>, ruleInfo: ["Gate", "target-TargetA-T-TargetA-44525--ModuleMapTaskProducer"]), Task(forTarget: TargetA, ruleInfo: ["ExtractAppIntentsMetadata"]), Task(forTarget: TargetB, ruleInfo: ["WriteAuxiliaryFile", "/private/var/folders/xr/m5_5rlsd6l9fk2w4ngj13k6m0000gn/T/swbuild.tmp.I9GXyx3j/Data.noindex/Test/aProject/build/aProject.build/Debug/TargetB.build/TargetB.hmap"]), Task(forTarget: TargetA, ruleInfo: ["SymLink", "/private/var/folders/xr/m5_5rlsd6l9fk2w4ngj13k6m0000gn/T/swbuild.tmp.I9GXyx3j/Data.noindex/Test/aProject/build/Debug/TargetA.framework/TargetA", "Versions/Current/TargetA"]), Task(forTarget: TargetB, ruleInfo: ["MkDir", "/private/var/folders/xr/m5_5rlsd6l9fk2w4ngj13k6m0000gn/T/swbuild.tmp.I9GXyx3j/Data.noindex/Test/aProject/build/Debug/TargetB.framework/Versions/A/Headers"]), Task(forTarget: <none>, ruleInfo: ["CreateBuildDirectory", "/private/var/folders/xr/m5_5rlsd6l9fk2w4ngj13k6m0000gn/T/swbuild.tmp.I9GXyx3j/Data.noindex/Test/aProject/build/ExplicitPrecompiledModules"]), Task(forTarget: <none>, ruleInfo: ["Gate", "target-TargetA-T-TargetA-44525--RealityAssetsTaskProducer"]), Task(forTarget: <none>, ruleInfo: ["Gate", "target-TargetA-T-TargetA-44525--TestHostTaskProducer"]), Task(forTarget: TargetA, ruleInfo: ["Gate", "target-TargetA-T-TargetA-44525--will-sign"]), Task(forTarget: <none>, ruleInfo: ["CreateBuildDirectory", "/private/var/folders/xr/m5_5rlsd6l9fk2w4ngj13k6m0000gn/T/swbuild.tmp.I9GXyx3j/Data.noindex/Test/aProject/build/SharedPrecompiledHeaders"]), Task(forTarget: TargetA, ruleInfo: ["WriteAuxiliaryFile", "/private/var/folders/xr/m5_5rlsd6l9fk2w4ngj13k6m0000gn/T/swbuild.tmp.I9GXyx3j/Data.noindex/Test/aProject/build/aProject.build/Debug/TargetA.build/TargetA.hmap"]), Task(forTarget: TargetA, ruleInfo: ["SymLink", "/private/var/folders/xr/m5_5rlsd6l9fk2w4ngj13k6m0000gn/T/swbuild.tmp.I9GXyx3j/Data.noindex/Test/aProject/build/Debug/TargetA.framework/Modules", "Versions/Current/Modules"]), Task(forTarget: <none>, ruleInfo: ["Gate", "target-TargetA-T-TargetA-44525--copy-headers-completion"]), Task(forTarget: <none>, ruleInfo: ["Gate", "target-TargetA-T-TargetA-44525--fused-phase0-compile-sources"]), Task(forTarget: <none>, ruleInfo: ["Gate", "WorkspaceHeaderMapVFSFilesWritten"]), Task(forTarget: TargetB, ruleInfo: ["SymLink", "/private/var/folders/xr/m5_5rlsd6l9fk2w4ngj13k6m0000gn/T/swbuild.tmp.I9GXyx3j/Data.noindex/Test/aProject/build/Debug/TargetB.framework/Headers", "Versions/Current/Headers"]), Task(forTarget: TargetB, ruleInfo: ["SwiftDriver Compilation Requirements", "TargetB", "normal", "arm64", "com.apple.xcode.tools.swift.compiler"]), Task(forTarget: <none>, ruleInfo: ["Gate", "target-TargetA-T-TargetA-44525--Barrier-RegisterProduct"]), Task(forTarget: TargetB, ruleInfo: ["Gate", "target-TargetB-T-TargetB-44533--modules-ready"]), Task(forTarget: <none>, ruleInfo: ["CreateBuildDirectory", "/private/var/folders/xr/m5_5rlsd6l9fk2w4ngj13k6m0000gn/T/swbuild.tmp.I9GXyx3j/Data.noindex/Test/aProject/build/EagerLinkingTBDs/Debug"]), Task(forTarget: TargetB, ruleInfo: ["WriteAuxiliaryFile", "/private/var/folders/xr/m5_5rlsd6l9fk2w4ngj13k6m0000gn/T/swbuild.tmp.I9GXyx3j/Data.noindex/Test/aProject/build/aProject.build/Debug/TargetB.build/TargetB-all-target-headers.hmap"]), Task(forTarget: <none>, ruleInfo: ["Gate", "target-TargetB-T-TargetB-44533--ModuleVerifierTaskProducer"]), Task(forTarget: TargetA, ruleInfo: ["Gate", "target-TargetA-T-TargetA-44525--begin-scanning"]), Task(forTarget: TargetB, ruleInfo: ["Gate", "target-TargetB-T-TargetB-44533--immediate"]), Task(forTarget: TargetA, ruleInfo: ["GenerateTAPI", "/private/var/folders/xr/m5_5rlsd6l9fk2w4ngj13k6m0000gn/T/swbuild.tmp.I9GXyx3j/Data.noindex/Test/aProject/build/EagerLinkingTBDs/Debug/TargetA.framework/Versions/A/TargetA.tbd"]), Task(forTarget: TargetB, ruleInfo: ["SymLink", "/private/var/folders/xr/m5_5rlsd6l9fk2w4ngj13k6m0000gn/T/swbuild.tmp.I9GXyx3j/Data.noindex/Test/aProject/build/Debug/TargetB.framework/TargetB", "Versions/Current/TargetB"]), Task(forTarget: TargetB, ruleInfo: ["SwiftCompile", "normal", "arm64", "Compiling fileB2.swift", "/private/var/folders/xr/m5_5rlsd6l9fk2w4ngj13k6m0000gn/T/swbuild.tmp.I9GXyx3j/Data.noindex/Test/aProject/Sources/fileB2.swift"])]
↳ Occasionally fails in CI due to SwiftExplicitDependencyCompileModuleFromInterface missing from the dependency graph
━ Test swiftEagerCompilationWithExplicitModules() recorded a known issue at SwiftDriverTests.swift:3598:55: Issue recorded
↳ Task Task(forTarget: TargetA, ruleInfo: ["SwiftEmitModule", "normal", "arm64", "Emitting module for TargetA"]) does not follow any tasks matching [Rule matches [SWBTestSupport.StringPattern.equal("SwiftExplicitDependencyCompileModuleFromInterface"), SWBTestSupport.StringPattern.equal("normal"), SWBTestSupport.StringPattern.equal("arm64"), SWBTestSupport.StringPattern.contains("_Concurrency-")]]. Found: [] in [Task(forTarget: <none>, ruleInfo: ["Gate", "target-TargetA-T-TargetA-44525--Barrier-CopyAside"]), Task(forTarget: <none>, ruleInfo: ["Gate", "target-TargetA-T-TargetA-44525--InfoPlistTaskProducer"]), Task(forTarget: <none>, ruleInfo: ["Gate", "target-TargetB-T-TargetB-44533--Barrier-ChangeAlternatePermissions"]), Task(forTarget: <none>, ruleInfo: ["Gate", "target-TargetA-T-TargetA-44525--swift-generated-headers"]), Task(forTarget: TargetB, ruleInfo: ["ExtractAppIntentsMetadata"]), Task(forTarget: TargetB, ruleInfo: ["SwiftDriver", "TargetB", "normal", "arm64", "com.apple.xcode.tools.swift.compiler"]), Task(forTarget: TargetB, ruleInfo: ["WriteAuxiliaryFile", "/private/var/folders/xr/m5_5rlsd6l9fk2w4ngj13k6m0000gn/T/swbuild.tmp.I9GXyx3j/Data.noindex/Test/aProject/build/aProject.build/Debug/TargetB.build/TargetB-own-target-headers.hmap"]), Task(forTarget: TargetA, ruleInfo: ["WriteAuxiliaryFile", "/private/var/folders/xr/m5_5rlsd6l9fk2w4ngj13k6m0000gn/T/swbuild.tmp.I9GXyx3j/Data.noindex/Test/aProject/build/aProject.build/Debug/TargetA.build/TargetA-generated-files.hmap"]), Task(forTarget: TargetA, ruleInfo: ["SwiftDriver Compilation", "TargetA", "normal", "arm64", "com.apple.xcode.tools.swift.compiler"]), Task(forTarget: TargetA, ruleInfo: ["Ld", "/private/var/folders/xr/m5_5rlsd6l9fk2w4ngj13k6m0000gn/T/swbuild.tmp.I9GXyx3j/Data.noindex/Test/aProject/build/Debug/TargetA.framework/Versions/A/TargetA", "normal"]), Task(forTarget: <none>, ruleInfo: ["SwiftExplicitDependencyCompileModuleFromInterface", "arm64", "/private/var/folders/xr/m5_5rlsd6l9fk2w4ngj13k6m0000gn/T/swbuild.tmp.I9GXyx3j/Data.noindex/Test/aProject/build/SwiftExplicitPrecompiledModules/Swift-NBB0GQDQYZZH.swiftmodule"]), Task(forTarget: TargetB, ruleInfo: ["SwiftMergeGeneratedHeaders", "/private/var/folders/xr/m5_5rlsd6l9fk2w4ngj13k6m0000gn/T/swbuild.tmp.I9GXyx3j/Data.noindex/Test/aProject/build/Debug/TargetB.framework/Versions/A/Headers/TargetB-Swift.h", "/private/var/folders/xr/m5_5rlsd6l9fk2w4ngj13k6m0000gn/T/swbuild.tmp.I9GXyx3j/Data.noindex/Test/aProject/build/aProject.build/Debug/TargetB.build/Objects-normal/arm64/TargetB-Swift.h"]), Task(forTarget: <none>, ruleInfo: ["Gate", "target-TargetB-T-TargetB-44533--TestHostTaskProducer"]), Task(forTarget: TargetB, ruleInfo: ["WriteAuxiliaryFile", "/private/var/folders/xr/m5_5rlsd6l9fk2w4ngj13k6m0000gn/T/swbuild.tmp.I9GXyx3j/Data.noindex/Test/aProject/build/aProject.build/Debug/TargetB.build/Objects-normal/arm64/TargetB.SwiftConstValuesFileList"]), Task(forTarget: <none>, ruleInfo: ["Gate", "target-TargetB-T-TargetB-44533--ModuleMapTaskProducer"]), Task(forTarget: <none>, ruleInfo: ["Gate", "target-TargetB-T-TargetB-44533--SwiftFrameworkABICheckerTaskProducer"]), Task(forTarget: <none>, ruleInfo: ["Gate", "target-TargetB-T-TargetB-44533--Barrier-ChangePermissions"]), Task(forTarget: TargetB, ruleInfo: ["Gate", "target-TargetB-T-TargetB-44533--begin-compiling"]), Task(forTarget: <none>, ruleInfo: ["Gate", "target-TargetB-T-TargetB-44533--TestTargetTaskProducer"]), Task(forTarget: <none>, ruleInfo: ["Gate", "target-TargetB-T-TargetB-44533--TAPISymbolExtractorTaskProducer"]), Task(forTarget: <none>, ruleInfo: ["Gate", "target-TargetB-T-TargetB-44533--HeadermapTaskProducer"]), Task(forTarget: TargetB, ruleInfo: ["Ld", "/private/var/folders/xr/m5_5rlsd6l9fk2w4ngj13k6m0000gn/T/swbuild.tmp.I9GXyx3j/Data.noindex/Test/aProject/build/Debug/TargetB.framework/Versions/A/TargetB", "normal"]), Task(forTarget: TargetB, ruleInfo: ["WriteAuxiliaryFile", "/private/var/folders/xr/m5_5rlsd6l9fk2w4ngj13k6m0000gn/T/swbuild.tmp.I9GXyx3j/Data.noindex/Test/aProject/build/aProject.build/Debug/TargetB.build/Objects-normal/arm64/TargetB.LinkFileList"]), Task(forTarget: <none>, ruleInfo: ["Gate", "target-TargetB-T-TargetB-44533--TestTargetPostprocessingTaskProducer"]), Task(forTarget: <none>, ruleInfo: ["SwiftExplicitDependencyGeneratePcm", "arm64", "/private/var/folders/xr/m5_5rlsd6l9fk2w4ngj13k6m0000gn/T/swbuild.tmp.I9GXyx3j/Data.noindex/Test/aProject/build/SwiftExplicitPrecompiledModules/_SwiftConcurrencyShims-AIZW70LS1W2L0PXECXLASUUHS.pcm"]), Task(forTarget: TargetA, ruleInfo: ["SymLink", "/private/var/folders/xr/m5_5rlsd6l9fk2w4ngj13k6m0000gn/T/swbuild.tmp.I9GXyx3j/Data.noindex/Test/aProject/build/Debug/TargetA.framework/Versions/Current", "A"]), Task(forTarget: <none>, ruleInfo: ["CreateBuildDirectory", "/private/var/folders/xr/m5_5rlsd6l9fk2w4ngj13k6m0000gn/T/swbuild.tmp.I9GXyx3j/Data.noindex/Test/aProject/build"]), Task(forTarget: TargetB, ruleInfo: ["WriteAuxiliaryFile", "/private/var/folders/xr/m5_5rlsd6l9fk2w4ngj13k6m0000gn/T/swbuild.tmp.I9GXyx3j/Data.noindex/Test/aProject/build/aProject.build/Debug/TargetB.build/TargetB.DependencyMetadataFileList"]), Task(forTarget: TargetA, ruleInfo: ["WriteAuxiliaryFile", "/private/var/folders/xr/m5_5rlsd6l9fk2w4ngj13k6m0000gn/T/swbuild.tmp.I9GXyx3j/Data.noindex/Test/aProject/build/aProject.build/Debug/TargetA.build/TargetA.DependencyMetadataFileList"]), Task(forTarget: <none>, ruleInfo: ["Gate", "target-TargetB-T-TargetB-44533--AppExtensionInfoPlistGeneratorTaskProducer"]), Task(forTarget: <none>, ruleInfo: ["Gate", "target-TargetA-T-TargetA-44525--SwiftABIBaselineGenerationTaskProducer"]), Task(forTarget: <none>, ruleInfo: ["Gate", "target-TargetA-T-TargetA-44525--Barrier-Validate"]), Task(forTarget: <none>, ruleInfo: ["SwiftExplicitDependencyGeneratePcm", "arm64", "/private/var/folders/xr/m5_5rlsd6l9fk2w4ngj13k6m0000gn/T/swbuild.tmp.I9GXyx3j/Data.noindex/Test/aProject/build/SwiftExplicitPrecompiledModules/SwiftShims-1XRNFTFX3SVGVJQLDAOI208RW.pcm"]), Task(forTarget: TargetA, ruleInfo: ["SymLink", "/private/var/folders/xr/m5_5rlsd6l9fk2w4ngj13k6m0000gn/T/swbuild.tmp.I9GXyx3j/Data.noindex/Test/aProject/build/Debug/TargetA.framework/Headers", "Versions/Current/Headers"]), Task(forTarget: <none>, ruleInfo: ["Gate", "target-TargetA-T-TargetA-44525--generated-headers"]), Task(forTarget: TargetB, ruleInfo: ["SymLink", "/private/var/folders/xr/m5_5rlsd6l9fk2w4ngj13k6m0000gn/T/swbuild.tmp.I9GXyx3j/Data.noindex/Test/aProject/build/Debug/TargetB.framework/Modules", "Versions/Current/Modules"]), Task(forTarget: <none>, ruleInfo: ["WriteAuxiliaryFile", "/private/var/folders/xr/m5_5rlsd6l9fk2w4ngj13k6m0000gn/T/swbuild.tmp.I9GXyx3j/Data.noindex/Test/aProject/build/aProject.build/Debug/aProject-P44536-VFS/all-product-headers.yaml"]), Task(forTarget: <none>, ruleInfo: ["Gate", "target-TargetA-T-TargetA-44525--TAPISymbolExtractorTaskProducer"]), Task(forTarget: <none>, ruleInfo: ["Gate", "target-TargetA-T-TargetA-44525--TestTargetTaskProducer"]), Task(forTarget: <none>, ruleInfo: ["Gate", "target-TargetB-T-TargetB-44533--CopySwiftPackageResourcesTaskProducer"]), Task(forTarget: <none>, ruleInfo: ["Gate", "target-TargetB-T-TargetB-44533--AppIntentsMetadataTaskProducer"]), Task(forTarget: TargetA, ruleInfo: ["WriteAuxiliaryFile", "/private/var/folders/xr/m5_5rlsd6l9fk2w4ngj13k6m0000gn/T/swbuild.tmp.I9GXyx3j/Data.noindex/Test/aProject/build/aProject.build/Debug/TargetA.build/TargetA-all-target-headers.hmap"]), Task(forTarget: TargetB, ruleInfo: ["MkDir", "/private/var/folders/xr/m5_5rlsd6l9fk2w4ngj13k6m0000gn/T/swbuild.tmp.I9GXyx3j/Data.noindex/Test/aProject/build/Debug/TargetB.framework/Versions/A"]), Task(forTarget: <none>, ruleInfo: ["Gate", "target-TargetB-T-TargetB-44533--CustomTaskProducer"]), Task(forTarget: TargetB, ruleInfo: ["WriteAuxiliaryFile", "/private/var/folders/xr/m5_5rlsd6l9fk2w4ngj13k6m0000gn/T/swbuild.tmp.I9GXyx3j/Data.noindex/Test/aProject/build/aProject.build/Debug/TargetB.build/Objects-normal/arm64/TargetB.SwiftFileList"]), Task(forTarget: TargetB, ruleInfo: ["WriteAuxiliaryFile", "/private/var/folders/xr/m5_5rlsd6l9fk2w4ngj13k6m0000gn/T/swbuild.tmp.I9GXyx3j/Data.noindex/Test/aProject/build/aProject.build/Debug/TargetB.build/Objects-normal/arm64/TargetB-OutputFileMap.json"]), Task(forTarget: TargetA, ruleInfo: ["MkDir", "/private/var/folders/xr/m5_5rlsd6l9fk2w4ngj13k6m0000gn/T/swbuild.tmp.I9GXyx3j/Data.noindex/Test/aProject/build/Debug/TargetA.framework/Versions/A/Headers"]), Task(forTarget: <none>, ruleInfo: ["Gate", "target-TargetB-T-TargetB-44533--StubBinaryTaskProducer"]), Task(forTarget: <none>, ruleInfo: ["Gate", "target-TargetB-T-TargetB-44533--DocumentationTaskProducer"]), Task(forTarget: TargetA, ruleInfo: ["SwiftDriver", "TargetA", "normal", "arm64", "com.apple.xcode.tools.swift.compiler"]), Task(forTarget: <none>, ruleInfo: ["Gate", "target-TargetB-T-TargetB-44533--GenerateAppPlaygroundAssetCatalogTaskProducer"]), Task(forTarget: <none>, ruleInfo: ["Gate", "target-TargetA-T-TargetA-44525--Barrier-CodeSign"]), Task(forTarget: <none>, ruleInfo: ["Gate", "target-TargetA-T-TargetA-44525--AppExtensionInfoPlistGeneratorTaskProducer"]), Task(forTarget: TargetB, ruleInfo: ["Gate", "target-TargetB-T-TargetB-44533--entry"]), Task(forTarget: TargetB, ruleInfo: ["Gate", "target-TargetB-T-TargetB-44533--will-sign"]), Task(forTarget: <none>, ruleInfo: ["Gate", "target-TargetB-T-TargetB-44533--Barrier-CopyAside"]), Task(forTarget: <none>, ruleInfo: ["Gate", "target-TargetA-T-TargetA-44525--ProductStructureTaskProducer"]), Task(forTarget: TargetA, ruleInfo: ["Gate", "target-TargetA-T-TargetA-44525--begin-linking"]), Task(forTarget: TargetB, ruleInfo: ["Copy", "/private/var/folders/xr/m5_5rlsd6l9fk2w4ngj13k6m0000gn/T/swbuild.tmp.I9GXyx3j/Data.noindex/Test/aProject/build/Debug/TargetB.framework/Versions/A/Modules/TargetB.swiftmodule/arm64-apple-macos.swiftdoc", "/private/var/folders/xr/m5_5rlsd6l9fk2w4ngj13k6m0000gn/T/swbuild.tmp.I9GXyx3j/Data.noindex/Test/aProject/build/aProject.build/Debug/TargetB.build/Objects-normal/arm64/TargetB.swiftdoc"]), Task(forTarget: TargetB, ruleInfo: ["Copy", "/private/var/folders/xr/m5_5rlsd6l9fk2w4ngj13k6m0000gn/T/swbuild.tmp.I9GXyx3j/Data.noindex/Test/aProject/build/Debug/TargetB.framework/Versions/A/Modules/TargetB.swiftmodule/arm64-apple-macos.swiftmodule", "/private/var/folders/xr/m5_5rlsd6l9fk2w4ngj13k6m0000gn/T/swbuild.tmp.I9GXyx3j/Data.noindex/Test/aProject/build/aProject.build/Debug/TargetB.build/Objects-normal/arm64/TargetB.swiftmodule"]), Task(forTarget: TargetB, ruleInfo: ["SymLink", "/private/var/folders/xr/m5_5rlsd6l9fk2w4ngj13k6m0000gn/T/swbuild.tmp.I9GXyx3j/Data.noindex/Test/aProject/build/EagerLinkingTBDs/Debug/TargetB.framework/TargetB.tbd", "/private/var/folders/xr/m5_5rlsd6l9fk2w4ngj13k6m0000gn/T/swbuild.tmp.I9GXyx3j/Data.noindex/Test/aProject/build/EagerLinkingTBDs/Debug/TargetB.framework/Versions/A/TargetB.tbd"]), Task(forTarget: TargetA, ruleInfo: ["SwiftMergeGeneratedHeaders", "/private/var/folders/xr/m5_5rlsd6l9fk2w4ngj13k6m0000gn/T/swbuild.tmp.I9GXyx3j/Data.noindex/Test/aProject/build/Debug/TargetA.framework/Versions/A/Headers/TargetA-Swift.h", "/private/var/folders/xr/m5_5rlsd6l9fk2w4ngj13k6m0000gn/T/swbuild.tmp.I9GXyx3j/Data.noindex/Test/aProject/build/aProject.build/Debug/TargetA.build/Objects-normal/arm64/TargetA-Swift.h"]), Task(forTarget: <none>, ruleInfo: ["SwiftExplicitDependencyCompileModuleFromInterface", "arm64", "/private/var/folders/xr/m5_5rlsd6l9fk2w4ngj13k6m0000gn/T/swbuild.tmp.I9GXyx3j/Data.noindex/Test/aProject/build/SwiftExplicitPrecompiledModules/_Concurrency-CB34E6W1YOX6.swiftmodule"]), Task(forTarget: TargetA, ruleInfo: ["Gate", "target-TargetA-T-TargetA-44525--unsigned-product-ready"]), Task(forTarget: TargetA, ruleInfo: ["Gate", "target-TargetA-T-TargetA-44525--end"]), Task(forTarget: <none>, ruleInfo: ["Gate", "target-TargetA-T-TargetA-44525--ExtensionPointExtractorTaskProducer"]), Task(forTarget: TargetB, ruleInfo: ["Touch", "/private/var/folders/xr/m5_5rlsd6l9fk2w4ngj13k6m0000gn/T/swbuild.tmp.I9GXyx3j/Data.noindex/Test/aProject/build/Debug/TargetB.framework"]), Task(forTarget: TargetB, ruleInfo: ["Gate", "target-TargetB-T-TargetB-44533--linker-inputs-ready"]), Task(forTarget: TargetA, ruleInfo: ["WriteAuxiliaryFile", "/private/var/folders/xr/m5_5rlsd6l9fk2w4ngj13k6m0000gn/T/swbuild.tmp.I9GXyx3j/Data.noindex/Test/aProject/build/aProject.build/Debug/TargetA.build/Objects-normal/arm64/TargetA.SwiftFileList"]), Task(forTarget: TargetB, ruleInfo: ["WriteAuxiliaryFile", "/private/var/folders/xr/m5_5rlsd6l9fk2w4ngj13k6m0000gn/T/swbuild.tmp.I9GXyx3j/Data.noindex/Test/aProject/build/aProject.build/Debug/TargetB.build/TargetB-project-headers.hmap"]), Task(forTarget: <none>, ruleInfo: ["Gate", "target-TargetB-T-TargetB-44533--copy-headers-completion"]), Task(forTarget: <none>, ruleInfo: ["Gate", "target-TargetB-T-TargetB-44533--Barrier-Validate"]), Task(forTarget: TargetB, ruleInfo: ["Copy", "/private/var/folders/xr/m5_5rlsd6l9fk2w4ngj13k6m0000gn/T/swbuild.tmp.I9GXyx3j/Data.noindex/Test/aProject/build/Debug/TargetB.framework/Versions/A/Modules/TargetB.swiftmodule/arm64-apple-macos.abi.json", "/private/var/folders/xr/m5_5rlsd6l9fk2w4ngj13k6m0000gn/T/swbuild.tmp.I9GXyx3j/Data.noindex/Test/aProject/build/aProject.build/Debug/TargetB.build/Objects-normal/arm64/TargetB.abi.json"]), Task(forTarget: TargetA, ruleInfo: ["WriteAuxiliaryFile", "/private/var/folders/xr/m5_5rlsd6l9fk2w4ngj13k6m0000gn/T/swbuild.tmp.I9GXyx3j/Data.noindex/Test/aProject/build/aProject.build/Debug/TargetA.build/TargetA-own-target-headers.hmap"]), Task(forTarget: TargetB, ruleInfo: ["Gate", "target-TargetB-T-TargetB-44533--begin-scanning"]), Task(forTarget: TargetA, ruleInfo: ["WriteAuxiliaryFile", "/private/var/folders/xr/m5_5rlsd6l9fk2w4ngj13k6m0000gn/T/swbuild.tmp.I9GXyx3j/Data.noindex/Test/aProject/build/aProject.build/Debug/TargetA.build/TargetA.DependencyStaticMetadataFileList"]), Task(forTarget: <none>, ruleInfo: ["Gate", "target-TargetA-T-TargetA-44525--ModuleVerifierTaskProducer"]), Task(forTarget: TargetA, ruleInfo: ["SwiftCompile", "normal", "arm64", "Compiling fileA2.swift", "/private/var/folders/xr/m5_5rlsd6l9fk2w4ngj13k6m0000gn/T/swbuild.tmp.I9GXyx3j/Data.noindex/Test/aProject/Sources/fileA2.swift"]), Task(forTarget: TargetA, ruleInfo: ["Copy", "/private/var/folders/xr/m5_5rlsd6l9fk2w4ngj13k6m0000gn/T/swbuild.tmp.I9GXyx3j/Data.noindex/Test/aProject/build/Debug/TargetA.framework/Versions/A/Modules/TargetA.swiftmodule/arm64-apple-macos.swiftmodule", "/private/var/folders/xr/m5_5rlsd6l9fk2w4ngj13k6m0000gn/T/swbuild.tmp.I9GXyx3j/Data.noindex/Test/aProject/build/aProject.build/Debug/TargetA.build/Objects-normal/arm64/TargetA.swiftmodule"]), Task(forTarget: TargetA, ruleInfo: ["Gate", "target-TargetA-T-TargetA-44525--modules-ready"]), Task(forTarget: TargetB, ruleInfo: ["SwiftCompile", "normal", "arm64", "Compiling fileB1.swift", "/private/var/folders/xr/m5_5rlsd6l9fk2w4ngj13k6m0000gn/T/swbuild.tmp.I9GXyx3j/Data.noindex/Test/aProject/Sources/fileB1.swift"]), Task(forTarget: <none>, ruleInfo: ["Gate", "target-TargetB-T-TargetB-44533--Barrier-CodeSign"]), Task(forTarget: <none>, ruleInfo: ["Gate", "target-TargetB-T-TargetB-44533--generated-headers"]), Task(forTarget: <none>, ruleInfo: ["CreateBuildDirectory", "/private/var/folders/xr/m5_5rlsd6l9fk2w4ngj13k6m0000gn/T/swbuild.tmp.I9GXyx3j/Data.noindex/Test/aProject/build/SwiftExplicitPrecompiledModules"]), Task(forTarget: <none>, ruleInfo: ["Gate", "target-TargetA-T-TargetA-44525--SanitizerTaskProducer"]), Task(forTarget: TargetA, ruleInfo: ["SwiftDriver Compilation Requirements", "TargetA", "normal", "arm64", "com.apple.xcode.tools.swift.compiler"]), Task(forTarget: <none>, ruleInfo: ["CreateBuildDirectory", "/var/folders/xr/m5_5rlsd6l9fk2w4ngj13k6m0000gn/C/com.apple.DeveloperTools/26.4.1-17E202/Xcode/CompilationCache.noindex"]), Task(forTarget: <none>, ruleInfo: ["Gate", "target-TargetA-T-TargetA-44525--AppIntentsMetadataTaskProducer"]), Task(forTarget: TargetB, ruleInfo: ["SymLink", "/private/var/folders/xr/m5_5rlsd6l9fk2w4ngj13k6m0000gn/T/swbuild.tmp.I9GXyx3j/Data.noindex/Test/aProject/build/Debug/TargetB.framework/Versions/Current", "A"]), Task(forTarget: TargetA, ruleInfo: ["Copy", "/private/var/folders/xr/m5_5rlsd6l9fk2w4ngj13k6m0000gn/T/swbuild.tmp.I9GXyx3j/Data.noindex/Test/aProject/build/Debug/TargetA.framework/Versions/A/Modules/TargetA.swiftmodule/arm64-apple-macos.swiftdoc", "/private/var/folders/xr/m5_5rlsd6l9fk2w4ngj13k6m0000gn/T/swbuild.tmp.I9GXyx3j/Data.noindex/Test/aProject/build/aProject.build/Debug/TargetA.build/Objects-normal/arm64/TargetA.swiftdoc"]), Task(forTarget: TargetA, ruleInfo: ["RegisterExecutionPolicyException", "/private/var/folders/xr/m5_5rlsd6l9fk2w4ngj13k6m0000gn/T/swbuild.tmp.I9GXyx3j/Data.noindex/Test/aProject/build/Debug/TargetA.framework"]), Task(forTarget: <none>, ruleInfo: ["Gate", "target-TargetA-T-TargetA-44525--SwiftPackageCopyFilesTaskProducer"]), Task(forTarget: TargetA, ruleInfo: ["Copy", "/private/var/folders/xr/m5_5rlsd6l9fk2w4ngj13k6m0000gn/T/swbuild.tmp.I9GXyx3j/Data.noindex/Test/aProject/build/Debug/TargetA.framework/Versions/A/Modules/TargetA.swiftmodule/arm64-apple-macos.abi.json", "/private/var/folders/xr/m5_5rlsd6l9fk2w4ngj13k6m0000gn/T/swbuild.tmp.I9GXyx3j/Data.noindex/Test/aProject/build/aProject.build/Debug/TargetA.build/Objects-normal/arm64/TargetA.abi.json"]), Task(forTarget: TargetB, ruleInfo: ["SwiftEmitModule", "normal", "arm64", "Emitting module for TargetB"]), Task(forTarget: TargetA, ruleInfo: ["Touch", "/private/var/folders/xr/m5_5rlsd6l9fk2w4ngj13k6m0000gn/T/swbuild.tmp.I9GXyx3j/Data.noindex/Test/aProject/build/Debug/TargetA.framework"]), Task(forTarget: TargetA, ruleInfo: ["Gate", "target-TargetA-T-TargetA-44525--linker-inputs-ready"]), Task(forTarget: <none>, ruleInfo: ["Gate", "target-TargetB-T-TargetB-44533--ProductStructureTaskProducer"]), Task(forTarget: TargetB, ruleInfo: ["SwiftDriver Compilation", "TargetB", "normal", "arm64", "com.apple.xcode.tools.swift.compiler"]), Task(forTarget: <none>, ruleInfo: ["Gate", "target-TargetB-T-TargetB-44533--Barrier-RegisterExecutionPolicyException"]), Task(forTarget: TargetA, ruleInfo: ["WriteAuxiliaryFile", "/private/var/folders/xr/m5_5rlsd6l9fk2w4ngj13k6m0000gn/T/swbuild.tmp.I9GXyx3j/Data.noindex/Test/aProject/build/aProject.build/Debug/TargetA.build/Objects-normal/arm64/TargetA-OutputFileMap.json"]), Task(forTarget: <none>, ruleInfo: ["Gate", "target-TargetA-T-TargetA-44525--HeadermapTaskProducer"]), Task(forTarget: TargetB, ruleInfo: ["WriteAuxiliaryFile", "/private/var/folders/xr/m5_5rlsd6l9fk2w4ngj13k6m0000gn/T/swbuild.tmp.I9GXyx3j/Data.noindex/Test/aProject/build/aProject.build/Debug/TargetB.build/TargetB.DependencyStaticMetadataFileList"]), Task(forTarget: TargetA, ruleInfo: ["Gate", "target-TargetA-T-TargetA-44525--begin-compiling"]), Task(forTarget: <none>, ruleInfo: ["Gate", "target-TargetA-T-TargetA-44525--GeneratedFilesTaskProducer"]), Task(forTarget: <none>, ruleInfo: ["Gate", "target-TargetA-T-TargetA-44525--DocumentationTaskProducer"]), Task(forTarget: <none>, ruleInfo: ["Gate", "target-TargetB-T-TargetB-44533--InfoPlistTaskProducer"]), Task(forTarget: <none>, ruleInfo: ["Gate", "target-TargetA-T-TargetA-44525--SwiftFrameworkABICheckerTaskProducer"]), Task(forTarget: TargetB, ruleInfo: ["Gate", "target-TargetB-T-TargetB-44533--end"]), Task(forTarget: TargetA, ruleInfo: ["MkDir", "/private/var/folders/xr/m5_5rlsd6l9fk2w4ngj13k6m0000gn/T/swbuild.tmp.I9GXyx3j/Data.noindex/Test/aProject/build/Debug/TargetA.framework/Versions/A"]), Task(forTarget: <none>, ruleInfo: ["Gate", "target-TargetB-T-TargetB-44533--fused-phase0-compile-sources&link-binary"]), Task(forTarget: <none>, ruleInfo: ["Gate", "target-TargetB-T-TargetB-44533--SwiftStandardLibrariesTaskProducer"]), Task(forTarget: <none>, ruleInfo: ["Gate", "target-TargetB-T-TargetB-44533--SwiftABIBaselineGenerationTaskProducer"]), Task(forTarget: <none>, ruleInfo: ["Gate", "target-TargetA-T-TargetA-44525--TestTargetPostprocessingTaskProducer"]), Task(forTarget: <none>, ruleInfo: ["Gate", "target-TargetA-T-TargetA-44525--ProductPostprocessingTaskProducer"]), Task(forTarget: <none>, ruleInfo: ["Gate", "target-TargetB-T-TargetB-44533--RealityAssetsTaskProducer"]), Task(forTarget: TargetA, ruleInfo: ["Copy", "/private/var/folders/xr/m5_5rlsd6l9fk2w4ngj13k6m0000gn/T/swbuild.tmp.I9GXyx3j/Data.noindex/Test/aProject/build/Debug/TargetA.framework/Versions/A/Modules/TargetA.swiftmodule/Project/arm64-apple-macos.swiftsourceinfo", "/private/var/folders/xr/m5_5rlsd6l9fk2w4ngj13k6m0000gn/T/swbuild.tmp.I9GXyx3j/Data.noindex/Test/aProject/build/aProject.build/Debug/TargetA.build/Objects-normal/arm64/TargetA.swiftsourceinfo"]), Task(forTarget: TargetB, ruleInfo: ["Copy", "/private/var/folders/xr/m5_5rlsd6l9fk2w4ngj13k6m0000gn/T/swbuild.tmp.I9GXyx3j/Data.noindex/Test/aProject/build/Debug/TargetB.framework/Versions/A/Modules/TargetB.swiftmodule/Project/arm64-apple-macos.swiftsourceinfo", "/private/var/folders/xr/m5_5rlsd6l9fk2w4ngj13k6m0000gn/T/swbuild.tmp.I9GXyx3j/Data.noindex/Test/aProject/build/aProject.build/Debug/TargetB.build/Objects-normal/arm64/TargetB.swiftsourceinfo"]), Task(forTarget: TargetB, ruleInfo: ["WriteAuxiliaryFile", "/private/var/folders/xr/m5_5rlsd6l9fk2w4ngj13k6m0000gn/T/swbuild.tmp.I9GXyx3j/Data.noindex/Test/aProject/build/aProject.build/Debug/TargetB.build/TargetB-all-non-framework-target-headers.hmap"]), Task(forTarget: <none>, ruleInfo: ["Gate", "target-TargetB-T-TargetB-44533--Barrier-GenerateStubAPI"]), Task(forTarget: TargetB, ruleInfo: ["RegisterExecutionPolicyException", "/private/var/folders/xr/m5_5rlsd6l9fk2w4ngj13k6m0000gn/T/swbuild.tmp.I9GXyx3j/Data.noindex/Test/aProject/build/Debug/TargetB.framework"]), Task(forTarget: TargetA, ruleInfo: ["SwiftEmitModule", "normal", "arm64", "Emitting module for TargetA"]), Task(forTarget: <none>, ruleInfo: ["SwiftExplicitDependencyCompileModuleFromInterface", "arm64", "/private/var/folders/xr/m5_5rlsd6l9fk2w4ngj13k6m0000gn/T/swbuild.tmp.I9GXyx3j/Data.noindex/Test/aProject/build/SwiftExplicitPrecompiledModules/_StringProcessing-1O0ZQ2K74RYD5.swiftmodule"]), Task(forTarget: TargetB, ruleInfo: ["Gate", "target-TargetB-T-TargetB-44533--begin-linking"]), Task(forTarget: TargetB, ruleInfo: ["Gate", "target-TargetB-T-TargetB-44533--unsigned-product-ready"]), Task(forTarget: TargetB, ruleInfo: ["MkDir", "/private/var/folders/xr/m5_5rlsd6l9fk2w4ngj13k6m0000gn/T/swbuild.tmp.I9GXyx3j/Data.noindex/Test/aProject/build/Debug/TargetB.framework"]), Task(forTarget: <none>, ruleInfo: ["Gate", "target-TargetB-T-TargetB-44533--ExtensionPointExtractorTaskProducer"]), Task(forTarget: TargetA, ruleInfo: ["WriteAuxiliaryFile", "/private/var/folders/xr/m5_5rlsd6l9fk2w4ngj13k6m0000gn/T/swbuild.tmp.I9GXyx3j/Data.noindex/Test/aProject/build/aProject.build/Debug/TargetA.build/Objects-normal/arm64/TargetA_const_extract_protocols.json"]), Task(forTarget: <none>, ruleInfo: ["Gate", "target-TargetA-T-TargetA-44525--CustomTaskProducer"]), Task(forTarget: <none>, ruleInfo: ["ClangStatCache", "/Applications/Xcode17E.app/Contents/Developer/Toolchains/XcodeDefault.xctoolchain/usr/bin/clang-stat-cache", "/Applications/Xcode17E.app/Contents/Developer/Platforms/MacOSX.platform/Developer/SDKs/MacOSX26.4.sdk", "/private/var/folders/xr/m5_5rlsd6l9fk2w4ngj13k6m0000gn/T/swbuild.tmp.I9GXyx3j/Data.noindex/Test/SDKStatCaches.noindex/macosx26.4-25E260-95aa6cf8f3effd57bda17e0c125410c0.sdkstatcache"]), Task(forTarget: <none>, ruleInfo: ["Gate", "target-TargetB-T-TargetB-44533--TestEntryPointTaskProducerFactory"]), Task(forTarget: TargetA, ruleInfo: ["Gate", "target-TargetA-T-TargetA-44525--immediate"]), Task(forTarget: <none>, ruleInfo: ["CreateBuildDirectory", "/private/var/folders/xr/m5_5rlsd6l9fk2w4ngj13k6m0000gn/T/swbuild.tmp.I9GXyx3j/Data.noindex/Test/aProject/build/Debug"]), Task(forTarget: TargetA, ruleInfo: ["Gate", "target-TargetA-T-TargetA-44525--entry"]), Task(forTarget: <none>, ruleInfo: ["Gate", "target-TargetA-T-TargetA-44525--SwiftStandardLibrariesTaskProducer"]), Task(forTarget: <none>, ruleInfo: ["Gate", "target-TargetA-T-TargetA-44525--TestEntryPointTaskProducerFactory"]), Task(forTarget: TargetA, ruleInfo: ["WriteAuxiliaryFile", "/private/var/folders/xr/m5_5rlsd6l9fk2w4ngj13k6m0000gn/T/swbuild.tmp.I9GXyx3j/Data.noindex/Test/aProject/build/aProject.build/Debug/TargetA.build/TargetA-project-headers.hmap"]), Task(forTarget: <none>, ruleInfo: ["Gate", "target-TargetA-T-TargetA-44525--Barrier-GenerateStubAPI"]), Task(forTarget: TargetA, ruleInfo: ["MkDir", "/private/var/folders/xr/m5_5rlsd6l9fk2w4ngj13k6m0000gn/T/swbuild.tmp.I9GXyx3j/Data.noindex/Test/aProject/build/Debug/TargetA.framework"]), Task(forTarget: TargetB, ruleInfo: ["WriteAuxiliaryFile", "/private/var/folders/xr/m5_5rlsd6l9fk2w4ngj13k6m0000gn/T/swbuild.tmp.I9GXyx3j/Data.noindex/Test/aProject/build/aProject.build/Debug/TargetB.build/TargetB-generated-files.hmap"]), Task(forTarget: TargetB, ruleInfo: ["WriteAuxiliaryFile", "/private/var/folders/xr/m5_5rlsd6l9fk2w4ngj13k6m0000gn/T/swbuild.tmp.I9GXyx3j/Data.noindex/Test/aProject/build/aProject.build/Debug/TargetB.build/Objects-normal/arm64/TargetB_const_extract_protocols.json"]), Task(forTarget: TargetB, ruleInfo: ["MkDir", "/private/var/folders/xr/m5_5rlsd6l9fk2w4ngj13k6m0000gn/T/swbuild.tmp.I9GXyx3j/Data.noindex/Test/aProject/build/Debug/TargetB.framework/Versions"]), Task(forTarget: <none>, ruleInfo: ["Gate", "target-TargetA-T-TargetA-44525--CopySwiftPackageResourcesTaskProducer"]), Task(forTarget: <none>, ruleInfo: ["Gate", "target-TargetA-T-TargetA-44525--Barrier-ChangeAlternatePermissions"]), Task(forTarget: TargetA, ruleInfo: ["SymLink", "/private/var/folders/xr/m5_5rlsd6l9fk2w4ngj13k6m0000gn/T/swbuild.tmp.I9GXyx3j/Data.noindex/Test/aProject/build/EagerLinkingTBDs/Debug/TargetA.framework/TargetA.tbd", "/private/var/folders/xr/m5_5rlsd6l9fk2w4ngj13k6m0000gn/T/swbuild.tmp.I9GXyx3j/Data.noindex/Test/aProject/build/EagerLinkingTBDs/Debug/TargetA.framework/Versions/A/TargetA.tbd"]), Task(forTarget: <none>, ruleInfo: ["Gate", "target-TargetA-T-TargetA-44525--Barrier-RegisterExecutionPolicyException"]), Task(forTarget: <none>, ruleInfo: ["Gate", "target-TargetB-T-TargetB-44533--SwiftPackageCopyFilesTaskProducer"]), Task(forTarget: TargetA, ruleInfo: ["SwiftCompile", "normal", "arm64", "Compiling fileA1.swift", "/private/var/folders/xr/m5_5rlsd6l9fk2w4ngj13k6m0000gn/T/swbuild.tmp.I9GXyx3j/Data.noindex/Test/aProject/Sources/fileA1.swift"]), Task(forTarget: <none>, ruleInfo: ["Gate", "target-TargetB-T-TargetB-44533--Barrier-StripSymbols"]), Task(forTarget: TargetA, ruleInfo: ["WriteAuxiliaryFile", "/private/var/folders/xr/m5_5rlsd6l9fk2w4ngj13k6m0000gn/T/swbuild.tmp.I9GXyx3j/Data.noindex/Test/aProject/build/aProject.build/Debug/TargetA.build/TargetA-all-non-framework-target-headers.hmap"]), Task(forTarget: <none>, ruleInfo: ["Gate", "target-TargetB-T-TargetB-44533--SanitizerTaskProducer"]), Task(forTarget: <none>, ruleInfo: ["Gate", "target-TargetB-T-TargetB-44533--swift-generated-headers"]), Task(forTarget: <none>, ruleInfo: ["Gate", "target-TargetB-T-TargetB-44533--Barrier-RegisterProduct"]), Task(forTarget: <none>, ruleInfo: ["Gate", "target-TargetB-T-TargetB-44533--GeneratedFilesTaskProducer"]), Task(forTarget: <none>, ruleInfo: ["Gate", "target-TargetA-T-TargetA-44525--Barrier-StripSymbols"]), Task(forTarget: TargetB, ruleInfo: ["GenerateTAPI", "/private/var/folders/xr/m5_5rlsd6l9fk2w4ngj13k6m0000gn/T/swbuild.tmp.I9GXyx3j/Data.noindex/Test/aProject/build/EagerLinkingTBDs/Debug/TargetB.framework/Versions/A/TargetB.tbd"]), Task(forTarget: <none>, ruleInfo: ["Gate", "target-TargetA-T-TargetA-44525--GenerateAppPlaygroundAssetCatalogTaskProducer"]), Task(forTarget: <none>, ruleInfo: ["Gate", "target-TargetA-T-TargetA-44525--Barrier-ChangePermissions"]), Task(forTarget: TargetA, ruleInfo: ["WriteAuxiliaryFile", "/private/var/folders/xr/m5_5rlsd6l9fk2w4ngj13k6m0000gn/T/swbuild.tmp.I9GXyx3j/Data.noindex/Test/aProject/build/aProject.build/Debug/TargetA.build/Objects-normal/arm64/TargetA.SwiftConstValuesFileList"]), Task(forTarget: TargetA, ruleInfo: ["MkDir", "/private/var/folders/xr/m5_5rlsd6l9fk2w4ngj13k6m0000gn/T/swbuild.tmp.I9GXyx3j/Data.noindex/Test/aProject/build/Debug/TargetA.framework/Versions"]), Task(forTarget: <none>, ruleInfo: ["Gate", "target-TargetA-T-TargetA-44525--StubBinaryTaskProducer"]), Task(forTarget: <none>, ruleInfo: ["Gate", "target-TargetB-T-TargetB-44533--ProductPostprocessingTaskProducer"]), Task(forTarget: TargetA, ruleInfo: ["WriteAuxiliaryFile", "/private/var/folders/xr/m5_5rlsd6l9fk2w4ngj13k6m0000gn/T/swbuild.tmp.I9GXyx3j/Data.noindex/Test/aProject/build/aProject.build/Debug/TargetA.build/Objects-normal/arm64/TargetA.LinkFileList"]), Task(forTarget: <none>, ruleInfo: ["Gate", "target-TargetA-T-TargetA-44525--ModuleMapTaskProducer"]), Task(forTarget: TargetA, ruleInfo: ["ExtractAppIntentsMetadata"]), Task(forTarget: TargetB, ruleInfo: ["WriteAuxiliaryFile", "/private/var/folders/xr/m5_5rlsd6l9fk2w4ngj13k6m0000gn/T/swbuild.tmp.I9GXyx3j/Data.noindex/Test/aProject/build/aProject.build/Debug/TargetB.build/TargetB.hmap"]), Task(forTarget: TargetA, ruleInfo: ["SymLink", "/private/var/folders/xr/m5_5rlsd6l9fk2w4ngj13k6m0000gn/T/swbuild.tmp.I9GXyx3j/Data.noindex/Test/aProject/build/Debug/TargetA.framework/TargetA", "Versions/Current/TargetA"]), Task(forTarget: TargetB, ruleInfo: ["MkDir", "/private/var/folders/xr/m5_5rlsd6l9fk2w4ngj13k6m0000gn/T/swbuild.tmp.I9GXyx3j/Data.noindex/Test/aProject/build/Debug/TargetB.framework/Versions/A/Headers"]), Task(forTarget: <none>, ruleInfo: ["CreateBuildDirectory", "/private/var/folders/xr/m5_5rlsd6l9fk2w4ngj13k6m0000gn/T/swbuild.tmp.I9GXyx3j/Data.noindex/Test/aProject/build/ExplicitPrecompiledModules"]), Task(forTarget: <none>, ruleInfo: ["Gate", "target-TargetA-T-TargetA-44525--RealityAssetsTaskProducer"]), Task(forTarget: <none>, ruleInfo: ["Gate", "target-TargetA-T-TargetA-44525--TestHostTaskProducer"]), Task(forTarget: TargetA, ruleInfo: ["Gate", "target-TargetA-T-TargetA-44525--will-sign"]), Task(forTarget: <none>, ruleInfo: ["CreateBuildDirectory", "/private/var/folders/xr/m5_5rlsd6l9fk2w4ngj13k6m0000gn/T/swbuild.tmp.I9GXyx3j/Data.noindex/Test/aProject/build/SharedPrecompiledHeaders"]), Task(forTarget: TargetA, ruleInfo: ["WriteAuxiliaryFile", "/private/var/folders/xr/m5_5rlsd6l9fk2w4ngj13k6m0000gn/T/swbuild.tmp.I9GXyx3j/Data.noindex/Test/aProject/build/aProject.build/Debug/TargetA.build/TargetA.hmap"]), Task(forTarget: TargetA, ruleInfo: ["SymLink", "/private/var/folders/xr/m5_5rlsd6l9fk2w4ngj13k6m0000gn/T/swbuild.tmp.I9GXyx3j/Data.noindex/Test/aProject/build/Debug/TargetA.framework/Modules", "Versions/Current/Modules"]), Task(forTarget: <none>, ruleInfo: ["Gate", "target-TargetA-T-TargetA-44525--copy-headers-completion"]), Task(forTarget: <none>, ruleInfo: ["Gate", "target-TargetA-T-TargetA-44525--fused-phase0-compile-sources"]), Task(forTarget: <none>, ruleInfo: ["Gate", "WorkspaceHeaderMapVFSFilesWritten"]), Task(forTarget: TargetB, ruleInfo: ["SymLink", "/private/var/folders/xr/m5_5rlsd6l9fk2w4ngj13k6m0000gn/T/swbuild.tmp.I9GXyx3j/Data.noindex/Test/aProject/build/Debug/TargetB.framework/Headers", "Versions/Current/Headers"]), Task(forTarget: TargetB, ruleInfo: ["SwiftDriver Compilation Requirements", "TargetB", "normal", "arm64", "com.apple.xcode.tools.swift.compiler"]), Task(forTarget: <none>, ruleInfo: ["Gate", "target-TargetA-T-TargetA-44525--Barrier-RegisterProduct"]), Task(forTarget: TargetB, ruleInfo: ["Gate", "target-TargetB-T-TargetB-44533--modules-ready"]), Task(forTarget: <none>, ruleInfo: ["CreateBuildDirectory", "/private/var/folders/xr/m5_5rlsd6l9fk2w4ngj13k6m0000gn/T/swbuild.tmp.I9GXyx3j/Data.noindex/Test/aProject/build/EagerLinkingTBDs/Debug"]), Task(forTarget: TargetB, ruleInfo: ["WriteAuxiliaryFile", "/private/var/folders/xr/m5_5rlsd6l9fk2w4ngj13k6m0000gn/T/swbuild.tmp.I9GXyx3j/Data.noindex/Test/aProject/build/aProject.build/Debug/TargetB.build/TargetB-all-target-headers.hmap"]), Task(forTarget: <none>, ruleInfo: ["Gate", "target-TargetB-T-TargetB-44533--ModuleVerifierTaskProducer"]), Task(forTarget: TargetA, ruleInfo: ["Gate", "target-TargetA-T-TargetA-44525--begin-scanning"]), Task(forTarget: TargetB, ruleInfo: ["Gate", "target-TargetB-T-TargetB-44533--immediate"]), Task(forTarget: TargetA, ruleInfo: ["GenerateTAPI", "/private/var/folders/xr/m5_5rlsd6l9fk2w4ngj13k6m0000gn/T/swbuild.tmp.I9GXyx3j/Data.noindex/Test/aProject/build/EagerLinkingTBDs/Debug/TargetA.framework/Versions/A/TargetA.tbd"]), Task(forTarget: TargetB, ruleInfo: ["SymLink", "/private/var/folders/xr/m5_5rlsd6l9fk2w4ngj13k6m0000gn/T/swbuild.tmp.I9GXyx3j/Data.noindex/Test/aProject/build/Debug/TargetB.framework/TargetB", "Versions/Current/TargetB"]), Task(forTarget: TargetB, ruleInfo: ["SwiftCompile", "normal", "arm64", "Compiling fileB2.swift", "/private/var/folders/xr/m5_5rlsd6l9fk2w4ngj13k6m0000gn/T/swbuild.tmp.I9GXyx3j/Data.noindex/Test/aProject/Sources/fileB2.swift"])]
↳ Occasionally fails in CI due to SwiftExplicitDependencyCompileModuleFromInterface missing from the dependency graph
━ Test swiftEagerCompilationWithExplicitModules() recorded a known issue at SwiftDriverTests.swift:3599:55: Issue recorded
↳ Task Task(forTarget: TargetA, ruleInfo: ["SwiftEmitModule", "normal", "arm64", "Emitting module for TargetA"]) does not follow any tasks matching [Rule matches [SWBTestSupport.StringPattern.equal("SwiftExplicitDependencyCompileModuleFromInterface"), SWBTestSupport.StringPattern.equal("normal"), SWBTestSupport.StringPattern.equal("arm64"), SWBTestSupport.StringPattern.contains("_StringProcessing-")]]. Found: [] in [Task(forTarget: <none>, ruleInfo: ["Gate", "target-TargetA-T-TargetA-44525--Barrier-CopyAside"]), Task(forTarget: <none>, ruleInfo: ["Gate", "target-TargetA-T-TargetA-44525--InfoPlistTaskProducer"]), Task(forTarget: <none>, ruleInfo: ["Gate", "target-TargetB-T-TargetB-44533--Barrier-ChangeAlternatePermissions"]), Task(forTarget: <none>, ruleInfo: ["Gate", "target-TargetA-T-TargetA-44525--swift-generated-headers"]), Task(forTarget: TargetB, ruleInfo: ["ExtractAppIntentsMetadata"]), Task(forTarget: TargetB, ruleInfo: ["SwiftDriver", "TargetB", "normal", "arm64", "com.apple.xcode.tools.swift.compiler"]), Task(forTarget: TargetB, ruleInfo: ["WriteAuxiliaryFile", "/private/var/folders/xr/m5_5rlsd6l9fk2w4ngj13k6m0000gn/T/swbuild.tmp.I9GXyx3j/Data.noindex/Test/aProject/build/aProject.build/Debug/TargetB.build/TargetB-own-target-headers.hmap"]), Task(forTarget: TargetA, ruleInfo: ["WriteAuxiliaryFile", "/private/var/folders/xr/m5_5rlsd6l9fk2w4ngj13k6m0000gn/T/swbuild.tmp.I9GXyx3j/Data.noindex/Test/aProject/build/aProject.build/Debug/TargetA.build/TargetA-generated-files.hmap"]), Task(forTarget: TargetA, ruleInfo: ["SwiftDriver Compilation", "TargetA", "normal", "arm64", "com.apple.xcode.tools.swift.compiler"]), Task(forTarget: TargetA, ruleInfo: ["Ld", "/private/var/folders/xr/m5_5rlsd6l9fk2w4ngj13k6m0000gn/T/swbuild.tmp.I9GXyx3j/Data.noindex/Test/aProject/build/Debug/TargetA.framework/Versions/A/TargetA", "normal"]), Task(forTarget: <none>, ruleInfo: ["SwiftExplicitDependencyCompileModuleFromInterface", "arm64", "/private/var/folders/xr/m5_5rlsd6l9fk2w4ngj13k6m0000gn/T/swbuild.tmp.I9GXyx3j/Data.noindex/Test/aProject/build/SwiftExplicitPrecompiledModules/Swift-NBB0GQDQYZZH.swiftmodule"]), Task(forTarget: TargetB, ruleInfo: ["SwiftMergeGeneratedHeaders", "/private/var/folders/xr/m5_5rlsd6l9fk2w4ngj13k6m0000gn/T/swbuild.tmp.I9GXyx3j/Data.noindex/Test/aProject/build/Debug/TargetB.framework/Versions/A/Headers/TargetB-Swift.h", "/private/var/folders/xr/m5_5rlsd6l9fk2w4ngj13k6m0000gn/T/swbuild.tmp.I9GXyx3j/Data.noindex/Test/aProject/build/aProject.build/Debug/TargetB.build/Objects-normal/arm64/TargetB-Swift.h"]), Task(forTarget: <none>, ruleInfo: ["Gate", "target-TargetB-T-TargetB-44533--TestHostTaskProducer"]), Task(forTarget: TargetB, ruleInfo: ["WriteAuxiliaryFile", "/private/var/folders/xr/m5_5rlsd6l9fk2w4ngj13k6m0000gn/T/swbuild.tmp.I9GXyx3j/Data.noindex/Test/aProject/build/aProject.build/Debug/TargetB.build/Objects-normal/arm64/TargetB.SwiftConstValuesFileList"]), Task(forTarget: <none>, ruleInfo: ["Gate", "target-TargetB-T-TargetB-44533--ModuleMapTaskProducer"]), Task(forTarget: <none>, ruleInfo: ["Gate", "target-TargetB-T-TargetB-44533--SwiftFrameworkABICheckerTaskProducer"]), Task(forTarget: <none>, ruleInfo: ["Gate", "target-TargetB-T-TargetB-44533--Barrier-ChangePermissions"]), Task(forTarget: TargetB, ruleInfo: ["Gate", "target-TargetB-T-TargetB-44533--begin-compiling"]), Task(forTarget: <none>, ruleInfo: ["Gate", "target-TargetB-T-TargetB-44533--TestTargetTaskProducer"]), Task(forTarget: <none>, ruleInfo: ["Gate", "target-TargetB-T-TargetB-44533--TAPISymbolExtractorTaskProducer"]), Task(forTarget: <none>, ruleInfo: ["Gate", "target-TargetB-T-TargetB-44533--HeadermapTaskProducer"]), Task(forTarget: TargetB, ruleInfo: ["Ld", "/private/var/folders/xr/m5_5rlsd6l9fk2w4ngj13k6m0000gn/T/swbuild.tmp.I9GXyx3j/Data.noindex/Test/aProject/build/Debug/TargetB.framework/Versions/A/TargetB", "normal"]), Task(forTarget: TargetB, ruleInfo: ["WriteAuxiliaryFile", "/private/var/folders/xr/m5_5rlsd6l9fk2w4ngj13k6m0000gn/T/swbuild.tmp.I9GXyx3j/Data.noindex/Test/aProject/build/aProject.build/Debug/TargetB.build/Objects-normal/arm64/TargetB.LinkFileList"]), Task(forTarget: <none>, ruleInfo: ["Gate", "target-TargetB-T-TargetB-44533--TestTargetPostprocessingTaskProducer"]), Task(forTarget: <none>, ruleInfo: ["SwiftExplicitDependencyGeneratePcm", "arm64", "/private/var/folders/xr/m5_5rlsd6l9fk2w4ngj13k6m0000gn/T/swbuild.tmp.I9GXyx3j/Data.noindex/Test/aProject/build/SwiftExplicitPrecompiledModules/_SwiftConcurrencyShims-AIZW70LS1W2L0PXECXLASUUHS.pcm"]), Task(forTarget: TargetA, ruleInfo: ["SymLink", "/private/var/folders/xr/m5_5rlsd6l9fk2w4ngj13k6m0000gn/T/swbuild.tmp.I9GXyx3j/Data.noindex/Test/aProject/build/Debug/TargetA.framework/Versions/Current", "A"]), Task(forTarget: <none>, ruleInfo: ["CreateBuildDirectory", "/private/var/folders/xr/m5_5rlsd6l9fk2w4ngj13k6m0000gn/T/swbuild.tmp.I9GXyx3j/Data.noindex/Test/aProject/build"]), Task(forTarget: TargetB, ruleInfo: ["WriteAuxiliaryFile", "/private/var/folders/xr/m5_5rlsd6l9fk2w4ngj13k6m0000gn/T/swbuild.tmp.I9GXyx3j/Data.noindex/Test/aProject/build/aProject.build/Debug/TargetB.build/TargetB.DependencyMetadataFileList"]), Task(forTarget: TargetA, ruleInfo: ["WriteAuxiliaryFile", "/private/var/folders/xr/m5_5rlsd6l9fk2w4ngj13k6m0000gn/T/swbuild.tmp.I9GXyx3j/Data.noindex/Test/aProject/build/aProject.build/Debug/TargetA.build/TargetA.DependencyMetadataFileList"]), Task(forTarget: <none>, ruleInfo: ["Gate", "target-TargetB-T-TargetB-44533--AppExtensionInfoPlistGeneratorTaskProducer"]), Task(forTarget: <none>, ruleInfo: ["Gate", "target-TargetA-T-TargetA-44525--SwiftABIBaselineGenerationTaskProducer"]), Task(forTarget: <none>, ruleInfo: ["Gate", "target-TargetA-T-TargetA-44525--Barrier-Validate"]), Task(forTarget: <none>, ruleInfo: ["SwiftExplicitDependencyGeneratePcm", "arm64", "/private/var/folders/xr/m5_5rlsd6l9fk2w4ngj13k6m0000gn/T/swbuild.tmp.I9GXyx3j/Data.noindex/Test/aProject/build/SwiftExplicitPrecompiledModules/SwiftShims-1XRNFTFX3SVGVJQLDAOI208RW.pcm"]), Task(forTarget: TargetA, ruleInfo: ["SymLink", "/private/var/folders/xr/m5_5rlsd6l9fk2w4ngj13k6m0000gn/T/swbuild.tmp.I9GXyx3j/Data.noindex/Test/aProject/build/Debug/TargetA.framework/Headers", "Versions/Current/Headers"]), Task(forTarget: <none>, ruleInfo: ["Gate", "target-TargetA-T-TargetA-44525--generated-headers"]), Task(forTarget: TargetB, ruleInfo: ["SymLink", "/private/var/folders/xr/m5_5rlsd6l9fk2w4ngj13k6m0000gn/T/swbuild.tmp.I9GXyx3j/Data.noindex/Test/aProject/build/Debug/TargetB.framework/Modules", "Versions/Current/Modules"]), Task(forTarget: <none>, ruleInfo: ["WriteAuxiliaryFile", "/private/var/folders/xr/m5_5rlsd6l9fk2w4ngj13k6m0000gn/T/swbuild.tmp.I9GXyx3j/Data.noindex/Test/aProject/build/aProject.build/Debug/aProject-P44536-VFS/all-product-headers.yaml"]), Task(forTarget: <none>, ruleInfo: ["Gate", "target-TargetA-T-TargetA-44525--TAPISymbolExtractorTaskProducer"]), Task(forTarget: <none>, ruleInfo: ["Gate", "target-TargetA-T-TargetA-44525--TestTargetTaskProducer"]), Task(forTarget: <none>, ruleInfo: ["Gate", "target-TargetB-T-TargetB-44533--CopySwiftPackageResourcesTaskProducer"]), Task(forTarget: <none>, ruleInfo: ["Gate", "target-TargetB-T-TargetB-44533--AppIntentsMetadataTaskProducer"]), Task(forTarget: TargetA, ruleInfo: ["WriteAuxiliaryFile", "/private/var/folders/xr/m5_5rlsd6l9fk2w4ngj13k6m0000gn/T/swbuild.tmp.I9GXyx3j/Data.noindex/Test/aProject/build/aProject.build/Debug/TargetA.build/TargetA-all-target-headers.hmap"]), Task(forTarget: TargetB, ruleInfo: ["MkDir", "/private/var/folders/xr/m5_5rlsd6l9fk2w4ngj13k6m0000gn/T/swbuild.tmp.I9GXyx3j/Data.noindex/Test/aProject/build/Debug/TargetB.framework/Versions/A"]), Task(forTarget: <none>, ruleInfo: ["Gate", "target-TargetB-T-TargetB-44533--CustomTaskProducer"]), Task(forTarget: TargetB, ruleInfo: ["WriteAuxiliaryFile", "/private/var/folders/xr/m5_5rlsd6l9fk2w4ngj13k6m0000gn/T/swbuild.tmp.I9GXyx3j/Data.noindex/Test/aProject/build/aProject.build/Debug/TargetB.build/Objects-normal/arm64/TargetB.SwiftFileList"]), Task(forTarget: TargetB, ruleInfo: ["WriteAuxiliaryFile", "/private/var/folders/xr/m5_5rlsd6l9fk2w4ngj13k6m0000gn/T/swbuild.tmp.I9GXyx3j/Data.noindex/Test/aProject/build/aProject.build/Debug/TargetB.build/Objects-normal/arm64/TargetB-OutputFileMap.json"]), Task(forTarget: TargetA, ruleInfo: ["MkDir", "/private/var/folders/xr/m5_5rlsd6l9fk2w4ngj13k6m0000gn/T/swbuild.tmp.I9GXyx3j/Data.noindex/Test/aProject/build/Debug/TargetA.framework/Versions/A/Headers"]), Task(forTarget: <none>, ruleInfo: ["Gate", "target-TargetB-T-TargetB-44533--StubBinaryTaskProducer"]), Task(forTarget: <none>, ruleInfo: ["Gate", "target-TargetB-T-TargetB-44533--DocumentationTaskProducer"]), Task(forTarget: TargetA, ruleInfo: ["SwiftDriver", "TargetA", "normal", "arm64", "com.apple.xcode.tools.swift.compiler"]), Task(forTarget: <none>, ruleInfo: ["Gate", "target-TargetB-T-TargetB-44533--GenerateAppPlaygroundAssetCatalogTaskProducer"]), Task(forTarget: <none>, ruleInfo: ["Gate", "target-TargetA-T-TargetA-44525--Barrier-CodeSign"]), Task(forTarget: <none>, ruleInfo: ["Gate", "target-TargetA-T-TargetA-44525--AppExtensionInfoPlistGeneratorTaskProducer"]), Task(forTarget: TargetB, ruleInfo: ["Gate", "target-TargetB-T-TargetB-44533--entry"]), Task(forTarget: TargetB, ruleInfo: ["Gate", "target-TargetB-T-TargetB-44533--will-sign"]), Task(forTarget: <none>, ruleInfo: ["Gate", "target-TargetB-T-TargetB-44533--Barrier-CopyAside"]), Task(forTarget: <none>, ruleInfo: ["Gate", "target-TargetA-T-TargetA-44525--ProductStructureTaskProducer"]), Task(forTarget: TargetA, ruleInfo: ["Gate", "target-TargetA-T-TargetA-44525--begin-linking"]), Task(forTarget: TargetB, ruleInfo: ["Copy", "/private/var/folders/xr/m5_5rlsd6l9fk2w4ngj13k6m0000gn/T/swbuild.tmp.I9GXyx3j/Data.noindex/Test/aProject/build/Debug/TargetB.framework/Versions/A/Modules/TargetB.swiftmodule/arm64-apple-macos.swiftdoc", "/private/var/folders/xr/m5_5rlsd6l9fk2w4ngj13k6m0000gn/T/swbuild.tmp.I9GXyx3j/Data.noindex/Test/aProject/build/aProject.build/Debug/TargetB.build/Objects-normal/arm64/TargetB.swiftdoc"]), Task(forTarget: TargetB, ruleInfo: ["Copy", "/private/var/folders/xr/m5_5rlsd6l9fk2w4ngj13k6m0000gn/T/swbuild.tmp.I9GXyx3j/Data.noindex/Test/aProject/build/Debug/TargetB.framework/Versions/A/Modules/TargetB.swiftmodule/arm64-apple-macos.swiftmodule", "/private/var/folders/xr/m5_5rlsd6l9fk2w4ngj13k6m0000gn/T/swbuild.tmp.I9GXyx3j/Data.noindex/Test/aProject/build/aProject.build/Debug/TargetB.build/Objects-normal/arm64/TargetB.swiftmodule"]), Task(forTarget: TargetB, ruleInfo: ["SymLink", "/private/var/folders/xr/m5_5rlsd6l9fk2w4ngj13k6m0000gn/T/swbuild.tmp.I9GXyx3j/Data.noindex/Test/aProject/build/EagerLinkingTBDs/Debug/TargetB.framework/TargetB.tbd", "/private/var/folders/xr/m5_5rlsd6l9fk2w4ngj13k6m0000gn/T/swbuild.tmp.I9GXyx3j/Data.noindex/Test/aProject/build/EagerLinkingTBDs/Debug/TargetB.framework/Versions/A/TargetB.tbd"]), Task(forTarget: TargetA, ruleInfo: ["SwiftMergeGeneratedHeaders", "/private/var/folders/xr/m5_5rlsd6l9fk2w4ngj13k6m0000gn/T/swbuild.tmp.I9GXyx3j/Data.noindex/Test/aProject/build/Debug/TargetA.framework/Versions/A/Headers/TargetA-Swift.h", "/private/var/folders/xr/m5_5rlsd6l9fk2w4ngj13k6m0000gn/T/swbuild.tmp.I9GXyx3j/Data.noindex/Test/aProject/build/aProject.build/Debug/TargetA.build/Objects-normal/arm64/TargetA-Swift.h"]), Task(forTarget: <none>, ruleInfo: ["SwiftExplicitDependencyCompileModuleFromInterface", "arm64", "/private/var/folders/xr/m5_5rlsd6l9fk2w4ngj13k6m0000gn/T/swbuild.tmp.I9GXyx3j/Data.noindex/Test/aProject/build/SwiftExplicitPrecompiledModules/_Concurrency-CB34E6W1YOX6.swiftmodule"]), Task(forTarget: TargetA, ruleInfo: ["Gate", "target-TargetA-T-TargetA-44525--unsigned-product-ready"]), Task(forTarget: TargetA, ruleInfo: ["Gate", "target-TargetA-T-TargetA-44525--end"]), Task(forTarget: <none>, ruleInfo: ["Gate", "target-TargetA-T-TargetA-44525--ExtensionPointExtractorTaskProducer"]), Task(forTarget: TargetB, ruleInfo: ["Touch", "/private/var/folders/xr/m5_5rlsd6l9fk2w4ngj13k6m0000gn/T/swbuild.tmp.I9GXyx3j/Data.noindex/Test/aProject/build/Debug/TargetB.framework"]), Task(forTarget: TargetB, ruleInfo: ["Gate", "target-TargetB-T-TargetB-44533--linker-inputs-ready"]), Task(forTarget: TargetA, ruleInfo: ["WriteAuxiliaryFile", "/private/var/folders/xr/m5_5rlsd6l9fk2w4ngj13k6m0000gn/T/swbuild.tmp.I9GXyx3j/Data.noindex/Test/aProject/build/aProject.build/Debug/TargetA.build/Objects-normal/arm64/TargetA.SwiftFileList"]), Task(forTarget: TargetB, ruleInfo: ["WriteAuxiliaryFile", "/private/var/folders/xr/m5_5rlsd6l9fk2w4ngj13k6m0000gn/T/swbuild.tmp.I9GXyx3j/Data.noindex/Test/aProject/build/aProject.build/Debug/TargetB.build/TargetB-project-headers.hmap"]), Task(forTarget: <none>, ruleInfo: ["Gate", "target-TargetB-T-TargetB-44533--copy-headers-completion"]), Task(forTarget: <none>, ruleInfo: ["Gate", "target-TargetB-T-TargetB-44533--Barrier-Validate"]), Task(forTarget: TargetB, ruleInfo: ["Copy", "/private/var/folders/xr/m5_5rlsd6l9fk2w4ngj13k6m0000gn/T/swbuild.tmp.I9GXyx3j/Data.noindex/Test/aProject/build/Debug/TargetB.framework/Versions/A/Modules/TargetB.swiftmodule/arm64-apple-macos.abi.json", "/private/var/folders/xr/m5_5rlsd6l9fk2w4ngj13k6m0000gn/T/swbuild.tmp.I9GXyx3j/Data.noindex/Test/aProject/build/aProject.build/Debug/TargetB.build/Objects-normal/arm64/TargetB.abi.json"]), Task(forTarget: TargetA, ruleInfo: ["WriteAuxiliaryFile", "/private/var/folders/xr/m5_5rlsd6l9fk2w4ngj13k6m0000gn/T/swbuild.tmp.I9GXyx3j/Data.noindex/Test/aProject/build/aProject.build/Debug/TargetA.build/TargetA-own-target-headers.hmap"]), Task(forTarget: TargetB, ruleInfo: ["Gate", "target-TargetB-T-TargetB-44533--begin-scanning"]), Task(forTarget: TargetA, ruleInfo: ["WriteAuxiliaryFile", "/private/var/folders/xr/m5_5rlsd6l9fk2w4ngj13k6m0000gn/T/swbuild.tmp.I9GXyx3j/Data.noindex/Test/aProject/build/aProject.build/Debug/TargetA.build/TargetA.DependencyStaticMetadataFileList"]), Task(forTarget: <none>, ruleInfo: ["Gate", "target-TargetA-T-TargetA-44525--ModuleVerifierTaskProducer"]), Task(forTarget: TargetA, ruleInfo: ["SwiftCompile", "normal", "arm64", "Compiling fileA2.swift", "/private/var/folders/xr/m5_5rlsd6l9fk2w4ngj13k6m0000gn/T/swbuild.tmp.I9GXyx3j/Data.noindex/Test/aProject/Sources/fileA2.swift"]), Task(forTarget: TargetA, ruleInfo: ["Copy", "/private/var/folders/xr/m5_5rlsd6l9fk2w4ngj13k6m0000gn/T/swbuild.tmp.I9GXyx3j/Data.noindex/Test/aProject/build/Debug/TargetA.framework/Versions/A/Modules/TargetA.swiftmodule/arm64-apple-macos.swiftmodule", "/private/var/folders/xr/m5_5rlsd6l9fk2w4ngj13k6m0000gn/T/swbuild.tmp.I9GXyx3j/Data.noindex/Test/aProject/build/aProject.build/Debug/TargetA.build/Objects-normal/arm64/TargetA.swiftmodule"]), Task(forTarget: TargetA, ruleInfo: ["Gate", "target-TargetA-T-TargetA-44525--modules-ready"]), Task(forTarget: TargetB, ruleInfo: ["SwiftCompile", "normal", "arm64", "Compiling fileB1.swift", "/private/var/folders/xr/m5_5rlsd6l9fk2w4ngj13k6m0000gn/T/swbuild.tmp.I9GXyx3j/Data.noindex/Test/aProject/Sources/fileB1.swift"]), Task(forTarget: <none>, ruleInfo: ["Gate", "target-TargetB-T-TargetB-44533--Barrier-CodeSign"]), Task(forTarget: <none>, ruleInfo: ["Gate", "target-TargetB-T-TargetB-44533--generated-headers"]), Task(forTarget: <none>, ruleInfo: ["CreateBuildDirectory", "/private/var/folders/xr/m5_5rlsd6l9fk2w4ngj13k6m0000gn/T/swbuild.tmp.I9GXyx3j/Data.noindex/Test/aProject/build/SwiftExplicitPrecompiledModules"]), Task(forTarget: <none>, ruleInfo: ["Gate", "target-TargetA-T-TargetA-44525--SanitizerTaskProducer"]), Task(forTarget: TargetA, ruleInfo: ["SwiftDriver Compilation Requirements", "TargetA", "normal", "arm64", "com.apple.xcode.tools.swift.compiler"]), Task(forTarget: <none>, ruleInfo: ["CreateBuildDirectory", "/var/folders/xr/m5_5rlsd6l9fk2w4ngj13k6m0000gn/C/com.apple.DeveloperTools/26.4.1-17E202/Xcode/CompilationCache.noindex"]), Task(forTarget: <none>, ruleInfo: ["Gate", "target-TargetA-T-TargetA-44525--AppIntentsMetadataTaskProducer"]), Task(forTarget: TargetB, ruleInfo: ["SymLink", "/private/var/folders/xr/m5_5rlsd6l9fk2w4ngj13k6m0000gn/T/swbuild.tmp.I9GXyx3j/Data.noindex/Test/aProject/build/Debug/TargetB.framework/Versions/Current", "A"]), Task(forTarget: TargetA, ruleInfo: ["Copy", "/private/var/folders/xr/m5_5rlsd6l9fk2w4ngj13k6m0000gn/T/swbuild.tmp.I9GXyx3j/Data.noindex/Test/aProject/build/Debug/TargetA.framework/Versions/A/Modules/TargetA.swiftmodule/arm64-apple-macos.swiftdoc", "/private/var/folders/xr/m5_5rlsd6l9fk2w4ngj13k6m0000gn/T/swbuild.tmp.I9GXyx3j/Data.noindex/Test/aProject/build/aProject.build/Debug/TargetA.build/Objects-normal/arm64/TargetA.swiftdoc"]), Task(forTarget: TargetA, ruleInfo: ["RegisterExecutionPolicyException", "/private/var/folders/xr/m5_5rlsd6l9fk2w4ngj13k6m0000gn/T/swbuild.tmp.I9GXyx3j/Data.noindex/Test/aProject/build/Debug/TargetA.framework"]), Task(forTarget: <none>, ruleInfo: ["Gate", "target-TargetA-T-TargetA-44525--SwiftPackageCopyFilesTaskProducer"]), Task(forTarget: TargetA, ruleInfo: ["Copy", "/private/var/folders/xr/m5_5rlsd6l9fk2w4ngj13k6m0000gn/T/swbuild.tmp.I9GXyx3j/Data.noindex/Test/aProject/build/Debug/TargetA.framework/Versions/A/Modules/TargetA.swiftmodule/arm64-apple-macos.abi.json", "/private/var/folders/xr/m5_5rlsd6l9fk2w4ngj13k6m0000gn/T/swbuild.tmp.I9GXyx3j/Data.noindex/Test/aProject/build/aProject.build/Debug/TargetA.build/Objects-normal/arm64/TargetA.abi.json"]), Task(forTarget: TargetB, ruleInfo: ["SwiftEmitModule", "normal", "arm64", "Emitting module for TargetB"]), Task(forTarget: TargetA, ruleInfo: ["Touch", "/private/var/folders/xr/m5_5rlsd6l9fk2w4ngj13k6m0000gn/T/swbuild.tmp.I9GXyx3j/Data.noindex/Test/aProject/build/Debug/TargetA.framework"]), Task(forTarget: TargetA, ruleInfo: ["Gate", "target-TargetA-T-TargetA-44525--linker-inputs-ready"]), Task(forTarget: <none>, ruleInfo: ["Gate", "target-TargetB-T-TargetB-44533--ProductStructureTaskProducer"]), Task(forTarget: TargetB, ruleInfo: ["SwiftDriver Compilation", "TargetB", "normal", "arm64", "com.apple.xcode.tools.swift.compiler"]), Task(forTarget: <none>, ruleInfo: ["Gate", "target-TargetB-T-TargetB-44533--Barrier-RegisterExecutionPolicyException"]), Task(forTarget: TargetA, ruleInfo: ["WriteAuxiliaryFile", "/private/var/folders/xr/m5_5rlsd6l9fk2w4ngj13k6m0000gn/T/swbuild.tmp.I9GXyx3j/Data.noindex/Test/aProject/build/aProject.build/Debug/TargetA.build/Objects-normal/arm64/TargetA-OutputFileMap.json"]), Task(forTarget: <none>, ruleInfo: ["Gate", "target-TargetA-T-TargetA-44525--HeadermapTaskProducer"]), Task(forTarget: TargetB, ruleInfo: ["WriteAuxiliaryFile", "/private/var/folders/xr/m5_5rlsd6l9fk2w4ngj13k6m0000gn/T/swbuild.tmp.I9GXyx3j/Data.noindex/Test/aProject/build/aProject.build/Debug/TargetB.build/TargetB.DependencyStaticMetadataFileList"]), Task(forTarget: TargetA, ruleInfo: ["Gate", "target-TargetA-T-TargetA-44525--begin-compiling"]), Task(forTarget: <none>, ruleInfo: ["Gate", "target-TargetA-T-TargetA-44525--GeneratedFilesTaskProducer"]), Task(forTarget: <none>, ruleInfo: ["Gate", "target-TargetA-T-TargetA-44525--DocumentationTaskProducer"]), Task(forTarget: <none>, ruleInfo: ["Gate", "target-TargetB-T-TargetB-44533--InfoPlistTaskProducer"]), Task(forTarget: <none>, ruleInfo: ["Gate", "target-TargetA-T-TargetA-44525--SwiftFrameworkABICheckerTaskProducer"]), Task(forTarget: TargetB, ruleInfo: ["Gate", "target-TargetB-T-TargetB-44533--end"]), Task(forTarget: TargetA, ruleInfo: ["MkDir", "/private/var/folders/xr/m5_5rlsd6l9fk2w4ngj13k6m0000gn/T/swbuild.tmp.I9GXyx3j/Data.noindex/Test/aProject/build/Debug/TargetA.framework/Versions/A"]), Task(forTarget: <none>, ruleInfo: ["Gate", "target-TargetB-T-TargetB-44533--fused-phase0-compile-sources&link-binary"]), Task(forTarget: <none>, ruleInfo: ["Gate", "target-TargetB-T-TargetB-44533--SwiftStandardLibrariesTaskProducer"]), Task(forTarget: <none>, ruleInfo: ["Gate", "target-TargetB-T-TargetB-44533--SwiftABIBaselineGenerationTaskProducer"]), Task(forTarget: <none>, ruleInfo: ["Gate", "target-TargetA-T-TargetA-44525--TestTargetPostprocessingTaskProducer"]), Task(forTarget: <none>, ruleInfo: ["Gate", "target-TargetA-T-TargetA-44525--ProductPostprocessingTaskProducer"]), Task(forTarget: <none>, ruleInfo: ["Gate", "target-TargetB-T-TargetB-44533--RealityAssetsTaskProducer"]), Task(forTarget: TargetA, ruleInfo: ["Copy", "/private/var/folders/xr/m5_5rlsd6l9fk2w4ngj13k6m0000gn/T/swbuild.tmp.I9GXyx3j/Data.noindex/Test/aProject/build/Debug/TargetA.framework/Versions/A/Modules/TargetA.swiftmodule/Project/arm64-apple-macos.swiftsourceinfo", "/private/var/folders/xr/m5_5rlsd6l9fk2w4ngj13k6m0000gn/T/swbuild.tmp.I9GXyx3j/Data.noindex/Test/aProject/build/aProject.build/Debug/TargetA.build/Objects-normal/arm64/TargetA.swiftsourceinfo"]), Task(forTarget: TargetB, ruleInfo: ["Copy", "/private/var/folders/xr/m5_5rlsd6l9fk2w4ngj13k6m0000gn/T/swbuild.tmp.I9GXyx3j/Data.noindex/Test/aProject/build/Debug/TargetB.framework/Versions/A/Modules/TargetB.swiftmodule/Project/arm64-apple-macos.swiftsourceinfo", "/private/var/folders/xr/m5_5rlsd6l9fk2w4ngj13k6m0000gn/T/swbuild.tmp.I9GXyx3j/Data.noindex/Test/aProject/build/aProject.build/Debug/TargetB.build/Objects-normal/arm64/TargetB.swiftsourceinfo"]), Task(forTarget: TargetB, ruleInfo: ["WriteAuxiliaryFile", "/private/var/folders/xr/m5_5rlsd6l9fk2w4ngj13k6m0000gn/T/swbuild.tmp.I9GXyx3j/Data.noindex/Test/aProject/build/aProject.build/Debug/TargetB.build/TargetB-all-non-framework-target-headers.hmap"]), Task(forTarget: <none>, ruleInfo: ["Gate", "target-TargetB-T-TargetB-44533--Barrier-GenerateStubAPI"]), Task(forTarget: TargetB, ruleInfo: ["RegisterExecutionPolicyException", "/private/var/folders/xr/m5_5rlsd6l9fk2w4ngj13k6m0000gn/T/swbuild.tmp.I9GXyx3j/Data.noindex/Test/aProject/build/Debug/TargetB.framework"]), Task(forTarget: TargetA, ruleInfo: ["SwiftEmitModule", "normal", "arm64", "Emitting module for TargetA"]), Task(forTarget: <none>, ruleInfo: ["SwiftExplicitDependencyCompileModuleFromInterface", "arm64", "/private/var/folders/xr/m5_5rlsd6l9fk2w4ngj13k6m0000gn/T/swbuild.tmp.I9GXyx3j/Data.noindex/Test/aProject/build/SwiftExplicitPrecompiledModules/_StringProcessing-1O0ZQ2K74RYD5.swiftmodule"]), Task(forTarget: TargetB, ruleInfo: ["Gate", "target-TargetB-T-TargetB-44533--begin-linking"]), Task(forTarget: TargetB, ruleInfo: ["Gate", "target-TargetB-T-TargetB-44533--unsigned-product-ready"]), Task(forTarget: TargetB, ruleInfo: ["MkDir", "/private/var/folders/xr/m5_5rlsd6l9fk2w4ngj13k6m0000gn/T/swbuild.tmp.I9GXyx3j/Data.noindex/Test/aProject/build/Debug/TargetB.framework"]), Task(forTarget: <none>, ruleInfo: ["Gate", "target-TargetB-T-TargetB-44533--ExtensionPointExtractorTaskProducer"]), Task(forTarget: TargetA, ruleInfo: ["WriteAuxiliaryFile", "/private/var/folders/xr/m5_5rlsd6l9fk2w4ngj13k6m0000gn/T/swbuild.tmp.I9GXyx3j/Data.noindex/Test/aProject/build/aProject.build/Debug/TargetA.build/Objects-normal/arm64/TargetA_const_extract_protocols.json"]), Task(forTarget: <none>, ruleInfo: ["Gate", "target-TargetA-T-TargetA-44525--CustomTaskProducer"]), Task(forTarget: <none>, ruleInfo: ["ClangStatCache", "/Applications/Xcode17E.app/Contents/Developer/Toolchains/XcodeDefault.xctoolchain/usr/bin/clang-stat-cache", "/Applications/Xcode17E.app/Contents/Developer/Platforms/MacOSX.platform/Developer/SDKs/MacOSX26.4.sdk", "/private/var/folders/xr/m5_5rlsd6l9fk2w4ngj13k6m0000gn/T/swbuild.tmp.I9GXyx3j/Data.noindex/Test/SDKStatCaches.noindex/macosx26.4-25E260-95aa6cf8f3effd57bda17e0c125410c0.sdkstatcache"]), Task(forTarget: <none>, ruleInfo: ["Gate", "target-TargetB-T-TargetB-44533--TestEntryPointTaskProducerFactory"]), Task(forTarget: TargetA, ruleInfo: ["Gate", "target-TargetA-T-TargetA-44525--immediate"]), Task(forTarget: <none>, ruleInfo: ["CreateBuildDirectory", "/private/var/folders/xr/m5_5rlsd6l9fk2w4ngj13k6m0000gn/T/swbuild.tmp.I9GXyx3j/Data.noindex/Test/aProject/build/Debug"]), Task(forTarget: TargetA, ruleInfo: ["Gate", "target-TargetA-T-TargetA-44525--entry"]), Task(forTarget: <none>, ruleInfo: ["Gate", "target-TargetA-T-TargetA-44525--SwiftStandardLibrariesTaskProducer"]), Task(forTarget: <none>, ruleInfo: ["Gate", "target-TargetA-T-TargetA-44525--TestEntryPointTaskProducerFactory"]), Task(forTarget: TargetA, ruleInfo: ["WriteAuxiliaryFile", "/private/var/folders/xr/m5_5rlsd6l9fk2w4ngj13k6m0000gn/T/swbuild.tmp.I9GXyx3j/Data.noindex/Test/aProject/build/aProject.build/Debug/TargetA.build/TargetA-project-headers.hmap"]), Task(forTarget: <none>, ruleInfo: ["Gate", "target-TargetA-T-TargetA-44525--Barrier-GenerateStubAPI"]), Task(forTarget: TargetA, ruleInfo: ["MkDir", "/private/var/folders/xr/m5_5rlsd6l9fk2w4ngj13k6m0000gn/T/swbuild.tmp.I9GXyx3j/Data.noindex/Test/aProject/build/Debug/TargetA.framework"]), Task(forTarget: TargetB, ruleInfo: ["WriteAuxiliaryFile", "/private/var/folders/xr/m5_5rlsd6l9fk2w4ngj13k6m0000gn/T/swbuild.tmp.I9GXyx3j/Data.noindex/Test/aProject/build/aProject.build/Debug/TargetB.build/TargetB-generated-files.hmap"]), Task(forTarget: TargetB, ruleInfo: ["WriteAuxiliaryFile", "/private/var/folders/xr/m5_5rlsd6l9fk2w4ngj13k6m0000gn/T/swbuild.tmp.I9GXyx3j/Data.noindex/Test/aProject/build/aProject.build/Debug/TargetB.build/Objects-normal/arm64/TargetB_const_extract_protocols.json"]), Task(forTarget: TargetB, ruleInfo: ["MkDir", "/private/var/folders/xr/m5_5rlsd6l9fk2w4ngj13k6m0000gn/T/swbuild.tmp.I9GXyx3j/Data.noindex/Test/aProject/build/Debug/TargetB.framework/Versions"]), Task(forTarget: <none>, ruleInfo: ["Gate", "target-TargetA-T-TargetA-44525--CopySwiftPackageResourcesTaskProducer"]), Task(forTarget: <none>, ruleInfo: ["Gate", "target-TargetA-T-TargetA-44525--Barrier-ChangeAlternatePermissions"]), Task(forTarget: TargetA, ruleInfo: ["SymLink", "/private/var/folders/xr/m5_5rlsd6l9fk2w4ngj13k6m0000gn/T/swbuild.tmp.I9GXyx3j/Data.noindex/Test/aProject/build/EagerLinkingTBDs/Debug/TargetA.framework/TargetA.tbd", "/private/var/folders/xr/m5_5rlsd6l9fk2w4ngj13k6m0000gn/T/swbuild.tmp.I9GXyx3j/Data.noindex/Test/aProject/build/EagerLinkingTBDs/Debug/TargetA.framework/Versions/A/TargetA.tbd"]), Task(forTarget: <none>, ruleInfo: ["Gate", "target-TargetA-T-TargetA-44525--Barrier-RegisterExecutionPolicyException"]), Task(forTarget: <none>, ruleInfo: ["Gate", "target-TargetB-T-TargetB-44533--SwiftPackageCopyFilesTaskProducer"]), Task(forTarget: TargetA, ruleInfo: ["SwiftCompile", "normal", "arm64", "Compiling fileA1.swift", "/private/var/folders/xr/m5_5rlsd6l9fk2w4ngj13k6m0000gn/T/swbuild.tmp.I9GXyx3j/Data.noindex/Test/aProject/Sources/fileA1.swift"]), Task(forTarget: <none>, ruleInfo: ["Gate", "target-TargetB-T-TargetB-44533--Barrier-StripSymbols"]), Task(forTarget: TargetA, ruleInfo: ["WriteAuxiliaryFile", "/private/var/folders/xr/m5_5rlsd6l9fk2w4ngj13k6m0000gn/T/swbuild.tmp.I9GXyx3j/Data.noindex/Test/aProject/build/aProject.build/Debug/TargetA.build/TargetA-all-non-framework-target-headers.hmap"]), Task(forTarget: <none>, ruleInfo: ["Gate", "target-TargetB-T-TargetB-44533--SanitizerTaskProducer"]), Task(forTarget: <none>, ruleInfo: ["Gate", "target-TargetB-T-TargetB-44533--swift-generated-headers"]), Task(forTarget: <none>, ruleInfo: ["Gate", "target-TargetB-T-TargetB-44533--Barrier-RegisterProduct"]), Task(forTarget: <none>, ruleInfo: ["Gate", "target-TargetB-T-TargetB-44533--GeneratedFilesTaskProducer"]), Task(forTarget: <none>, ruleInfo: ["Gate", "target-TargetA-T-TargetA-44525--Barrier-StripSymbols"]), Task(forTarget: TargetB, ruleInfo: ["GenerateTAPI", "/private/var/folders/xr/m5_5rlsd6l9fk2w4ngj13k6m0000gn/T/swbuild.tmp.I9GXyx3j/Data.noindex/Test/aProject/build/EagerLinkingTBDs/Debug/TargetB.framework/Versions/A/TargetB.tbd"]), Task(forTarget: <none>, ruleInfo: ["Gate", "target-TargetA-T-TargetA-44525--GenerateAppPlaygroundAssetCatalogTaskProducer"]), Task(forTarget: <none>, ruleInfo: ["Gate", "target-TargetA-T-TargetA-44525--Barrier-ChangePermissions"]), Task(forTarget: TargetA, ruleInfo: ["WriteAuxiliaryFile", "/private/var/folders/xr/m5_5rlsd6l9fk2w4ngj13k6m0000gn/T/swbuild.tmp.I9GXyx3j/Data.noindex/Test/aProject/build/aProject.build/Debug/TargetA.build/Objects-normal/arm64/TargetA.SwiftConstValuesFileList"]), Task(forTarget: TargetA, ruleInfo: ["MkDir", "/private/var/folders/xr/m5_5rlsd6l9fk2w4ngj13k6m0000gn/T/swbuild.tmp.I9GXyx3j/Data.noindex/Test/aProject/build/Debug/TargetA.framework/Versions"]), Task(forTarget: <none>, ruleInfo: ["Gate", "target-TargetA-T-TargetA-44525--StubBinaryTaskProducer"]), Task(forTarget: <none>, ruleInfo: ["Gate", "target-TargetB-T-TargetB-44533--ProductPostprocessingTaskProducer"]), Task(forTarget: TargetA, ruleInfo: ["WriteAuxiliaryFile", "/private/var/folders/xr/m5_5rlsd6l9fk2w4ngj13k6m0000gn/T/swbuild.tmp.I9GXyx3j/Data.noindex/Test/aProject/build/aProject.build/Debug/TargetA.build/Objects-normal/arm64/TargetA.LinkFileList"]), Task(forTarget: <none>, ruleInfo: ["Gate", "target-TargetA-T-TargetA-44525--ModuleMapTaskProducer"]), Task(forTarget: TargetA, ruleInfo: ["ExtractAppIntentsMetadata"]), Task(forTarget: TargetB, ruleInfo: ["WriteAuxiliaryFile", "/private/var/folders/xr/m5_5rlsd6l9fk2w4ngj13k6m0000gn/T/swbuild.tmp.I9GXyx3j/Data.noindex/Test/aProject/build/aProject.build/Debug/TargetB.build/TargetB.hmap"]), Task(forTarget: TargetA, ruleInfo: ["SymLink", "/private/var/folders/xr/m5_5rlsd6l9fk2w4ngj13k6m0000gn/T/swbuild.tmp.I9GXyx3j/Data.noindex/Test/aProject/build/Debug/TargetA.framework/TargetA", "Versions/Current/TargetA"]), Task(forTarget: TargetB, ruleInfo: ["MkDir", "/private/var/folders/xr/m5_5rlsd6l9fk2w4ngj13k6m0000gn/T/swbuild.tmp.I9GXyx3j/Data.noindex/Test/aProject/build/Debug/TargetB.framework/Versions/A/Headers"]), Task(forTarget: <none>, ruleInfo: ["CreateBuildDirectory", "/private/var/folders/xr/m5_5rlsd6l9fk2w4ngj13k6m0000gn/T/swbuild.tmp.I9GXyx3j/Data.noindex/Test/aProject/build/ExplicitPrecompiledModules"]), Task(forTarget: <none>, ruleInfo: ["Gate", "target-TargetA-T-TargetA-44525--RealityAssetsTaskProducer"]), Task(forTarget: <none>, ruleInfo: ["Gate", "target-TargetA-T-TargetA-44525--TestHostTaskProducer"]), Task(forTarget: TargetA, ruleInfo: ["Gate", "target-TargetA-T-TargetA-44525--will-sign"]), Task(forTarget: <none>, ruleInfo: ["CreateBuildDirectory", "/private/var/folders/xr/m5_5rlsd6l9fk2w4ngj13k6m0000gn/T/swbuild.tmp.I9GXyx3j/Data.noindex/Test/aProject/build/SharedPrecompiledHeaders"]), Task(forTarget: TargetA, ruleInfo: ["WriteAuxiliaryFile", "/private/var/folders/xr/m5_5rlsd6l9fk2w4ngj13k6m0000gn/T/swbuild.tmp.I9GXyx3j/Data.noindex/Test/aProject/build/aProject.build/Debug/TargetA.build/TargetA.hmap"]), Task(forTarget: TargetA, ruleInfo: ["SymLink", "/private/var/folders/xr/m5_5rlsd6l9fk2w4ngj13k6m0000gn/T/swbuild.tmp.I9GXyx3j/Data.noindex/Test/aProject/build/Debug/TargetA.framework/Modules", "Versions/Current/Modules"]), Task(forTarget: <none>, ruleInfo: ["Gate", "target-TargetA-T-TargetA-44525--copy-headers-completion"]), Task(forTarget: <none>, ruleInfo: ["Gate", "target-TargetA-T-TargetA-44525--fused-phase0-compile-sources"]), Task(forTarget: <none>, ruleInfo: ["Gate", "WorkspaceHeaderMapVFSFilesWritten"]), Task(forTarget: TargetB, ruleInfo: ["SymLink", "/private/var/folders/xr/m5_5rlsd6l9fk2w4ngj13k6m0000gn/T/swbuild.tmp.I9GXyx3j/Data.noindex/Test/aProject/build/Debug/TargetB.framework/Headers", "Versions/Current/Headers"]), Task(forTarget: TargetB, ruleInfo: ["SwiftDriver Compilation Requirements", "TargetB", "normal", "arm64", "com.apple.xcode.tools.swift.compiler"]), Task(forTarget: <none>, ruleInfo: ["Gate", "target-TargetA-T-TargetA-44525--Barrier-RegisterProduct"]), Task(forTarget: TargetB, ruleInfo: ["Gate", "target-TargetB-T-TargetB-44533--modules-ready"]), Task(forTarget: <none>, ruleInfo: ["CreateBuildDirectory", "/private/var/folders/xr/m5_5rlsd6l9fk2w4ngj13k6m0000gn/T/swbuild.tmp.I9GXyx3j/Data.noindex/Test/aProject/build/EagerLinkingTBDs/Debug"]), Task(forTarget: TargetB, ruleInfo: ["WriteAuxiliaryFile", "/private/var/folders/xr/m5_5rlsd6l9fk2w4ngj13k6m0000gn/T/swbuild.tmp.I9GXyx3j/Data.noindex/Test/aProject/build/aProject.build/Debug/TargetB.build/TargetB-all-target-headers.hmap"]), Task(forTarget: <none>, ruleInfo: ["Gate", "target-TargetB-T-TargetB-44533--ModuleVerifierTaskProducer"]), Task(forTarget: TargetA, ruleInfo: ["Gate", "target-TargetA-T-TargetA-44525--begin-scanning"]), Task(forTarget: TargetB, ruleInfo: ["Gate", "target-TargetB-T-TargetB-44533--immediate"]), Task(forTarget: TargetA, ruleInfo: ["GenerateTAPI", "/private/var/folders/xr/m5_5rlsd6l9fk2w4ngj13k6m0000gn/T/swbuild.tmp.I9GXyx3j/Data.noindex/Test/aProject/build/EagerLinkingTBDs/Debug/TargetA.framework/Versions/A/TargetA.tbd"]), Task(forTarget: TargetB, ruleInfo: ["SymLink", "/private/var/folders/xr/m5_5rlsd6l9fk2w4ngj13k6m0000gn/T/swbuild.tmp.I9GXyx3j/Data.noindex/Test/aProject/build/Debug/TargetB.framework/TargetB", "Versions/Current/TargetB"]), Task(forTarget: TargetB, ruleInfo: ["SwiftCompile", "normal", "arm64", "Compiling fileB2.swift", "/private/var/folders/xr/m5_5rlsd6l9fk2w4ngj13k6m0000gn/T/swbuild.tmp.I9GXyx3j/Data.noindex/Test/aProject/Sources/fileB2.swift"])]
↳ Occasionally fails in CI due to SwiftExplicitDependencyCompileModuleFromInterface missing from the dependency graph
━ Test swiftEagerCompilationWithExplicitModules() recorded a known issue at SwiftDriverTests.swift:3600:55: Issue recorded
↳ Task Task(forTarget: TargetA, ruleInfo: ["SwiftEmitModule", "normal", "arm64", "Emitting module for TargetA"]) does not follow any tasks matching [Rule matches [SWBTestSupport.StringPattern.equal("SwiftExplicitDependencyGeneratePcm"), SWBTestSupport.StringPattern.equal("normal"), SWBTestSupport.StringPattern.equal("arm64"), SWBTestSupport.StringPattern.contains("_SwiftConcurrencyShims-")]]. Found: [] in [Task(forTarget: <none>, ruleInfo: ["Gate", "target-TargetA-T-TargetA-44525--Barrier-CopyAside"]), Task(forTarget: <none>, ruleInfo: ["Gate", "target-TargetA-T-TargetA-44525--InfoPlistTaskProducer"]), Task(forTarget: <none>, ruleInfo: ["Gate", "target-TargetB-T-TargetB-44533--Barrier-ChangeAlternatePermissions"]), Task(forTarget: <none>, ruleInfo: ["Gate", "target-TargetA-T-TargetA-44525--swift-generated-headers"]), Task(forTarget: TargetB, ruleInfo: ["ExtractAppIntentsMetadata"]), Task(forTarget: TargetB, ruleInfo: ["SwiftDriver", "TargetB", "normal", "arm64", "com.apple.xcode.tools.swift.compiler"]), Task(forTarget: TargetB, ruleInfo: ["WriteAuxiliaryFile", "/private/var/folders/xr/m5_5rlsd6l9fk2w4ngj13k6m0000gn/T/swbuild.tmp.I9GXyx3j/Data.noindex/Test/aProject/build/aProject.build/Debug/TargetB.build/TargetB-own-target-headers.hmap"]), Task(forTarget: TargetA, ruleInfo: ["WriteAuxiliaryFile", "/private/var/folders/xr/m5_5rlsd6l9fk2w4ngj13k6m0000gn/T/swbuild.tmp.I9GXyx3j/Data.noindex/Test/aProject/build/aProject.build/Debug/TargetA.build/TargetA-generated-files.hmap"]), Task(forTarget: TargetA, ruleInfo: ["SwiftDriver Compilation", "TargetA", "normal", "arm64", "com.apple.xcode.tools.swift.compiler"]), Task(forTarget: TargetA, ruleInfo: ["Ld", "/private/var/folders/xr/m5_5rlsd6l9fk2w4ngj13k6m0000gn/T/swbuild.tmp.I9GXyx3j/Data.noindex/Test/aProject/build/Debug/TargetA.framework/Versions/A/TargetA", "normal"]), Task(forTarget: <none>, ruleInfo: ["SwiftExplicitDependencyCompileModuleFromInterface", "arm64", "/private/var/folders/xr/m5_5rlsd6l9fk2w4ngj13k6m0000gn/T/swbuild.tmp.I9GXyx3j/Data.noindex/Test/aProject/build/SwiftExplicitPrecompiledModules/Swift-NBB0GQDQYZZH.swiftmodule"]), Task(forTarget: TargetB, ruleInfo: ["SwiftMergeGeneratedHeaders", "/private/var/folders/xr/m5_5rlsd6l9fk2w4ngj13k6m0000gn/T/swbuild.tmp.I9GXyx3j/Data.noindex/Test/aProject/build/Debug/TargetB.framework/Versions/A/Headers/TargetB-Swift.h", "/private/var/folders/xr/m5_5rlsd6l9fk2w4ngj13k6m0000gn/T/swbuild.tmp.I9GXyx3j/Data.noindex/Test/aProject/build/aProject.build/Debug/TargetB.build/Objects-normal/arm64/TargetB-Swift.h"]), Task(forTarget: <none>, ruleInfo: ["Gate", "target-TargetB-T-TargetB-44533--TestHostTaskProducer"]), Task(forTarget: TargetB, ruleInfo: ["WriteAuxiliaryFile", "/private/var/folders/xr/m5_5rlsd6l9fk2w4ngj13k6m0000gn/T/swbuild.tmp.I9GXyx3j/Data.noindex/Test/aProject/build/aProject.build/Debug/TargetB.build/Objects-normal/arm64/TargetB.SwiftConstValuesFileList"]), Task(forTarget: <none>, ruleInfo: ["Gate", "target-TargetB-T-TargetB-44533--ModuleMapTaskProducer"]), Task(forTarget: <none>, ruleInfo: ["Gate", "target-TargetB-T-TargetB-44533--SwiftFrameworkABICheckerTaskProducer"]), Task(forTarget: <none>, ruleInfo: ["Gate", "target-TargetB-T-TargetB-44533--Barrier-ChangePermissions"]), Task(forTarget: TargetB, ruleInfo: ["Gate", "target-TargetB-T-TargetB-44533--begin-compiling"]), Task(forTarget: <none>, ruleInfo: ["Gate", "target-TargetB-T-TargetB-44533--TestTargetTaskProducer"]), Task(forTarget: <none>, ruleInfo: ["Gate", "target-TargetB-T-TargetB-44533--TAPISymbolExtractorTaskProducer"]), Task(forTarget: <none>, ruleInfo: ["Gate", "target-TargetB-T-TargetB-44533--HeadermapTaskProducer"]), Task(forTarget: TargetB, ruleInfo: ["Ld", "/private/var/folders/xr/m5_5rlsd6l9fk2w4ngj13k6m0000gn/T/swbuild.tmp.I9GXyx3j/Data.noindex/Test/aProject/build/Debug/TargetB.framework/Versions/A/TargetB", "normal"]), Task(forTarget: TargetB, ruleInfo: ["WriteAuxiliaryFile", "/private/var/folders/xr/m5_5rlsd6l9fk2w4ngj13k6m0000gn/T/swbuild.tmp.I9GXyx3j/Data.noindex/Test/aProject/build/aProject.build/Debug/TargetB.build/Objects-normal/arm64/TargetB.LinkFileList"]), Task(forTarget: <none>, ruleInfo: ["Gate", "target-TargetB-T-TargetB-44533--TestTargetPostprocessingTaskProducer"]), Task(forTarget: <none>, ruleInfo: ["SwiftExplicitDependencyGeneratePcm", "arm64", "/private/var/folders/xr/m5_5rlsd6l9fk2w4ngj13k6m0000gn/T/swbuild.tmp.I9GXyx3j/Data.noindex/Test/aProject/build/SwiftExplicitPrecompiledModules/_SwiftConcurrencyShims-AIZW70LS1W2L0PXECXLASUUHS.pcm"]), Task(forTarget: TargetA, ruleInfo: ["SymLink", "/private/var/folders/xr/m5_5rlsd6l9fk2w4ngj13k6m0000gn/T/swbuild.tmp.I9GXyx3j/Data.noindex/Test/aProject/build/Debug/TargetA.framework/Versions/Current", "A"]), Task(forTarget: <none>, ruleInfo: ["CreateBuildDirectory", "/private/var/folders/xr/m5_5rlsd6l9fk2w4ngj13k6m0000gn/T/swbuild.tmp.I9GXyx3j/Data.noindex/Test/aProject/build"]), Task(forTarget: TargetB, ruleInfo: ["WriteAuxiliaryFile", "/private/var/folders/xr/m5_5rlsd6l9fk2w4ngj13k6m0000gn/T/swbuild.tmp.I9GXyx3j/Data.noindex/Test/aProject/build/aProject.build/Debug/TargetB.build/TargetB.DependencyMetadataFileList"]), Task(forTarget: TargetA, ruleInfo: ["WriteAuxiliaryFile", "/private/var/folders/xr/m5_5rlsd6l9fk2w4ngj13k6m0000gn/T/swbuild.tmp.I9GXyx3j/Data.noindex/Test/aProject/build/aProject.build/Debug/TargetA.build/TargetA.DependencyMetadataFileList"]), Task(forTarget: <none>, ruleInfo: ["Gate", "target-TargetB-T-TargetB-44533--AppExtensionInfoPlistGeneratorTaskProducer"]), Task(forTarget: <none>, ruleInfo: ["Gate", "target-TargetA-T-TargetA-44525--SwiftABIBaselineGenerationTaskProducer"]), Task(forTarget: <none>, ruleInfo: ["Gate", "target-TargetA-T-TargetA-44525--Barrier-Validate"]), Task(forTarget: <none>, ruleInfo: ["SwiftExplicitDependencyGeneratePcm", "arm64", "/private/var/folders/xr/m5_5rlsd6l9fk2w4ngj13k6m0000gn/T/swbuild.tmp.I9GXyx3j/Data.noindex/Test/aProject/build/SwiftExplicitPrecompiledModules/SwiftShims-1XRNFTFX3SVGVJQLDAOI208RW.pcm"]), Task(forTarget: TargetA, ruleInfo: ["SymLink", "/private/var/folders/xr/m5_5rlsd6l9fk2w4ngj13k6m0000gn/T/swbuild.tmp.I9GXyx3j/Data.noindex/Test/aProject/build/Debug/TargetA.framework/Headers", "Versions/Current/Headers"]), Task(forTarget: <none>, ruleInfo: ["Gate", "target-TargetA-T-TargetA-44525--generated-headers"]), Task(forTarget: TargetB, ruleInfo: ["SymLink", "/private/var/folders/xr/m5_5rlsd6l9fk2w4ngj13k6m0000gn/T/swbuild.tmp.I9GXyx3j/Data.noindex/Test/aProject/build/Debug/TargetB.framework/Modules", "Versions/Current/Modules"]), Task(forTarget: <none>, ruleInfo: ["WriteAuxiliaryFile", "/private/var/folders/xr/m5_5rlsd6l9fk2w4ngj13k6m0000gn/T/swbuild.tmp.I9GXyx3j/Data.noindex/Test/aProject/build/aProject.build/Debug/aProject-P44536-VFS/all-product-headers.yaml"]), Task(forTarget: <none>, ruleInfo: ["Gate", "target-TargetA-T-TargetA-44525--TAPISymbolExtractorTaskProducer"]), Task(forTarget: <none>, ruleInfo: ["Gate", "target-TargetA-T-TargetA-44525--TestTargetTaskProducer"]), Task(forTarget: <none>, ruleInfo: ["Gate", "target-TargetB-T-TargetB-44533--CopySwiftPackageResourcesTaskProducer"]), Task(forTarget: <none>, ruleInfo: ["Gate", "target-TargetB-T-TargetB-44533--AppIntentsMetadataTaskProducer"]), Task(forTarget: TargetA, ruleInfo: ["WriteAuxiliaryFile", "/private/var/folders/xr/m5_5rlsd6l9fk2w4ngj13k6m0000gn/T/swbuild.tmp.I9GXyx3j/Data.noindex/Test/aProject/build/aProject.build/Debug/TargetA.build/TargetA-all-target-headers.hmap"]), Task(forTarget: TargetB, ruleInfo: ["MkDir", "/private/var/folders/xr/m5_5rlsd6l9fk2w4ngj13k6m0000gn/T/swbuild.tmp.I9GXyx3j/Data.noindex/Test/aProject/build/Debug/TargetB.framework/Versions/A"]), Task(forTarget: <none>, ruleInfo: ["Gate", "target-TargetB-T-TargetB-44533--CustomTaskProducer"]), Task(forTarget: TargetB, ruleInfo: ["WriteAuxiliaryFile", "/private/var/folders/xr/m5_5rlsd6l9fk2w4ngj13k6m0000gn/T/swbuild.tmp.I9GXyx3j/Data.noindex/Test/aProject/build/aProject.build/Debug/TargetB.build/Objects-normal/arm64/TargetB.SwiftFileList"]), Task(forTarget: TargetB, ruleInfo: ["WriteAuxiliaryFile", "/private/var/folders/xr/m5_5rlsd6l9fk2w4ngj13k6m0000gn/T/swbuild.tmp.I9GXyx3j/Data.noindex/Test/aProject/build/aProject.build/Debug/TargetB.build/Objects-normal/arm64/TargetB-OutputFileMap.json"]), Task(forTarget: TargetA, ruleInfo: ["MkDir", "/private/var/folders/xr/m5_5rlsd6l9fk2w4ngj13k6m0000gn/T/swbuild.tmp.I9GXyx3j/Data.noindex/Test/aProject/build/Debug/TargetA.framework/Versions/A/Headers"]), Task(forTarget: <none>, ruleInfo: ["Gate", "target-TargetB-T-TargetB-44533--StubBinaryTaskProducer"]), Task(forTarget: <none>, ruleInfo: ["Gate", "target-TargetB-T-TargetB-44533--DocumentationTaskProducer"]), Task(forTarget: TargetA, ruleInfo: ["SwiftDriver", "TargetA", "normal", "arm64", "com.apple.xcode.tools.swift.compiler"]), Task(forTarget: <none>, ruleInfo: ["Gate", "target-TargetB-T-TargetB-44533--GenerateAppPlaygroundAssetCatalogTaskProducer"]), Task(forTarget: <none>, ruleInfo: ["Gate", "target-TargetA-T-TargetA-44525--Barrier-CodeSign"]), Task(forTarget: <none>, ruleInfo: ["Gate", "target-TargetA-T-TargetA-44525--AppExtensionInfoPlistGeneratorTaskProducer"]), Task(forTarget: TargetB, ruleInfo: ["Gate", "target-TargetB-T-TargetB-44533--entry"]), Task(forTarget: TargetB, ruleInfo: ["Gate", "target-TargetB-T-TargetB-44533--will-sign"]), Task(forTarget: <none>, ruleInfo: ["Gate", "target-TargetB-T-TargetB-44533--Barrier-CopyAside"]), Task(forTarget: <none>, ruleInfo: ["Gate", "target-TargetA-T-TargetA-44525--ProductStructureTaskProducer"]), Task(forTarget: TargetA, ruleInfo: ["Gate", "target-TargetA-T-TargetA-44525--begin-linking"]), Task(forTarget: TargetB, ruleInfo: ["Copy", "/private/var/folders/xr/m5_5rlsd6l9fk2w4ngj13k6m0000gn/T/swbuild.tmp.I9GXyx3j/Data.noindex/Test/aProject/build/Debug/TargetB.framework/Versions/A/Modules/TargetB.swiftmodule/arm64-apple-macos.swiftdoc", "/private/var/folders/xr/m5_5rlsd6l9fk2w4ngj13k6m0000gn/T/swbuild.tmp.I9GXyx3j/Data.noindex/Test/aProject/build/aProject.build/Debug/TargetB.build/Objects-normal/arm64/TargetB.swiftdoc"]), Task(forTarget: TargetB, ruleInfo: ["Copy", "/private/var/folders/xr/m5_5rlsd6l9fk2w4ngj13k6m0000gn/T/swbuild.tmp.I9GXyx3j/Data.noindex/Test/aProject/build/Debug/TargetB.framework/Versions/A/Modules/TargetB.swiftmodule/arm64-apple-macos.swiftmodule", "/private/var/folders/xr/m5_5rlsd6l9fk2w4ngj13k6m0000gn/T/swbuild.tmp.I9GXyx3j/Data.noindex/Test/aProject/build/aProject.build/Debug/TargetB.build/Objects-normal/arm64/TargetB.swiftmodule"]), Task(forTarget: TargetB, ruleInfo: ["SymLink", "/private/var/folders/xr/m5_5rlsd6l9fk2w4ngj13k6m0000gn/T/swbuild.tmp.I9GXyx3j/Data.noindex/Test/aProject/build/EagerLinkingTBDs/Debug/TargetB.framework/TargetB.tbd", "/private/var/folders/xr/m5_5rlsd6l9fk2w4ngj13k6m0000gn/T/swbuild.tmp.I9GXyx3j/Data.noindex/Test/aProject/build/EagerLinkingTBDs/Debug/TargetB.framework/Versions/A/TargetB.tbd"]), Task(forTarget: TargetA, ruleInfo: ["SwiftMergeGeneratedHeaders", "/private/var/folders/xr/m5_5rlsd6l9fk2w4ngj13k6m0000gn/T/swbuild.tmp.I9GXyx3j/Data.noindex/Test/aProject/build/Debug/TargetA.framework/Versions/A/Headers/TargetA-Swift.h", "/private/var/folders/xr/m5_5rlsd6l9fk2w4ngj13k6m0000gn/T/swbuild.tmp.I9GXyx3j/Data.noindex/Test/aProject/build/aProject.build/Debug/TargetA.build/Objects-normal/arm64/TargetA-Swift.h"]), Task(forTarget: <none>, ruleInfo: ["SwiftExplicitDependencyCompileModuleFromInterface", "arm64", "/private/var/folders/xr/m5_5rlsd6l9fk2w4ngj13k6m0000gn/T/swbuild.tmp.I9GXyx3j/Data.noindex/Test/aProject/build/SwiftExplicitPrecompiledModules/_Concurrency-CB34E6W1YOX6.swiftmodule"]), Task(forTarget: TargetA, ruleInfo: ["Gate", "target-TargetA-T-TargetA-44525--unsigned-product-ready"]), Task(forTarget: TargetA, ruleInfo: ["Gate", "target-TargetA-T-TargetA-44525--end"]), Task(forTarget: <none>, ruleInfo: ["Gate", "target-TargetA-T-TargetA-44525--ExtensionPointExtractorTaskProducer"]), Task(forTarget: TargetB, ruleInfo: ["Touch", "/private/var/folders/xr/m5_5rlsd6l9fk2w4ngj13k6m0000gn/T/swbuild.tmp.I9GXyx3j/Data.noindex/Test/aProject/build/Debug/TargetB.framework"]), Task(forTarget: TargetB, ruleInfo: ["Gate", "target-TargetB-T-TargetB-44533--linker-inputs-ready"]), Task(forTarget: TargetA, ruleInfo: ["WriteAuxiliaryFile", "/private/var/folders/xr/m5_5rlsd6l9fk2w4ngj13k6m0000gn/T/swbuild.tmp.I9GXyx3j/Data.noindex/Test/aProject/build/aProject.build/Debug/TargetA.build/Objects-normal/arm64/TargetA.SwiftFileList"]), Task(forTarget: TargetB, ruleInfo: ["WriteAuxiliaryFile", "/private/var/folders/xr/m5_5rlsd6l9fk2w4ngj13k6m0000gn/T/swbuild.tmp.I9GXyx3j/Data.noindex/Test/aProject/build/aProject.build/Debug/TargetB.build/TargetB-project-headers.hmap"]), Task(forTarget: <none>, ruleInfo: ["Gate", "target-TargetB-T-TargetB-44533--copy-headers-completion"]), Task(forTarget: <none>, ruleInfo: ["Gate", "target-TargetB-T-TargetB-44533--Barrier-Validate"]), Task(forTarget: TargetB, ruleInfo: ["Copy", "/private/var/folders/xr/m5_5rlsd6l9fk2w4ngj13k6m0000gn/T/swbuild.tmp.I9GXyx3j/Data.noindex/Test/aProject/build/Debug/TargetB.framework/Versions/A/Modules/TargetB.swiftmodule/arm64-apple-macos.abi.json", "/private/var/folders/xr/m5_5rlsd6l9fk2w4ngj13k6m0000gn/T/swbuild.tmp.I9GXyx3j/Data.noindex/Test/aProject/build/aProject.build/Debug/TargetB.build/Objects-normal/arm64/TargetB.abi.json"]), Task(forTarget: TargetA, ruleInfo: ["WriteAuxiliaryFile", "/private/var/folders/xr/m5_5rlsd6l9fk2w4ngj13k6m0000gn/T/swbuild.tmp.I9GXyx3j/Data.noindex/Test/aProject/build/aProject.build/Debug/TargetA.build/TargetA-own-target-headers.hmap"]), Task(forTarget: TargetB, ruleInfo: ["Gate", "target-TargetB-T-TargetB-44533--begin-scanning"]), Task(forTarget: TargetA, ruleInfo: ["WriteAuxiliaryFile", "/private/var/folders/xr/m5_5rlsd6l9fk2w4ngj13k6m0000gn/T/swbuild.tmp.I9GXyx3j/Data.noindex/Test/aProject/build/aProject.build/Debug/TargetA.build/TargetA.DependencyStaticMetadataFileList"]), Task(forTarget: <none>, ruleInfo: ["Gate", "target-TargetA-T-TargetA-44525--ModuleVerifierTaskProducer"]), Task(forTarget: TargetA, ruleInfo: ["SwiftCompile", "normal", "arm64", "Compiling fileA2.swift", "/private/var/folders/xr/m5_5rlsd6l9fk2w4ngj13k6m0000gn/T/swbuild.tmp.I9GXyx3j/Data.noindex/Test/aProject/Sources/fileA2.swift"]), Task(forTarget: TargetA, ruleInfo: ["Copy", "/private/var/folders/xr/m5_5rlsd6l9fk2w4ngj13k6m0000gn/T/swbuild.tmp.I9GXyx3j/Data.noindex/Test/aProject/build/Debug/TargetA.framework/Versions/A/Modules/TargetA.swiftmodule/arm64-apple-macos.swiftmodule", "/private/var/folders/xr/m5_5rlsd6l9fk2w4ngj13k6m0000gn/T/swbuild.tmp.I9GXyx3j/Data.noindex/Test/aProject/build/aProject.build/Debug/TargetA.build/Objects-normal/arm64/TargetA.swiftmodule"]), Task(forTarget: TargetA, ruleInfo: ["Gate", "target-TargetA-T-TargetA-44525--modules-ready"]), Task(forTarget: TargetB, ruleInfo: ["SwiftCompile", "normal", "arm64", "Compiling fileB1.swift", "/private/var/folders/xr/m5_5rlsd6l9fk2w4ngj13k6m0000gn/T/swbuild.tmp.I9GXyx3j/Data.noindex/Test/aProject/Sources/fileB1.swift"]), Task(forTarget: <none>, ruleInfo: ["Gate", "target-TargetB-T-TargetB-44533--Barrier-CodeSign"]), Task(forTarget: <none>, ruleInfo: ["Gate", "target-TargetB-T-TargetB-44533--generated-headers"]), Task(forTarget: <none>, ruleInfo: ["CreateBuildDirectory", "/private/var/folders/xr/m5_5rlsd6l9fk2w4ngj13k6m0000gn/T/swbuild.tmp.I9GXyx3j/Data.noindex/Test/aProject/build/SwiftExplicitPrecompiledModules"]), Task(forTarget: <none>, ruleInfo: ["Gate", "target-TargetA-T-TargetA-44525--SanitizerTaskProducer"]), Task(forTarget: TargetA, ruleInfo: ["SwiftDriver Compilation Requirements", "TargetA", "normal", "arm64", "com.apple.xcode.tools.swift.compiler"]), Task(forTarget: <none>, ruleInfo: ["CreateBuildDirectory", "/var/folders/xr/m5_5rlsd6l9fk2w4ngj13k6m0000gn/C/com.apple.DeveloperTools/26.4.1-17E202/Xcode/CompilationCache.noindex"]), Task(forTarget: <none>, ruleInfo: ["Gate", "target-TargetA-T-TargetA-44525--AppIntentsMetadataTaskProducer"]), Task(forTarget: TargetB, ruleInfo: ["SymLink", "/private/var/folders/xr/m5_5rlsd6l9fk2w4ngj13k6m0000gn/T/swbuild.tmp.I9GXyx3j/Data.noindex/Test/aProject/build/Debug/TargetB.framework/Versions/Current", "A"]), Task(forTarget: TargetA, ruleInfo: ["Copy", "/private/var/folders/xr/m5_5rlsd6l9fk2w4ngj13k6m0000gn/T/swbuild.tmp.I9GXyx3j/Data.noindex/Test/aProject/build/Debug/TargetA.framework/Versions/A/Modules/TargetA.swiftmodule/arm64-apple-macos.swiftdoc", "/private/var/folders/xr/m5_5rlsd6l9fk2w4ngj13k6m0000gn/T/swbuild.tmp.I9GXyx3j/Data.noindex/Test/aProject/build/aProject.build/Debug/TargetA.build/Objects-normal/arm64/TargetA.swiftdoc"]), Task(forTarget: TargetA, ruleInfo: ["RegisterExecutionPolicyException", "/private/var/folders/xr/m5_5rlsd6l9fk2w4ngj13k6m0000gn/T/swbuild.tmp.I9GXyx3j/Data.noindex/Test/aProject/build/Debug/TargetA.framework"]), Task(forTarget: <none>, ruleInfo: ["Gate", "target-TargetA-T-TargetA-44525--SwiftPackageCopyFilesTaskProducer"]), Task(forTarget: TargetA, ruleInfo: ["Copy", "/private/var/folders/xr/m5_5rlsd6l9fk2w4ngj13k6m0000gn/T/swbuild.tmp.I9GXyx3j/Data.noindex/Test/aProject/build/Debug/TargetA.framework/Versions/A/Modules/TargetA.swiftmodule/arm64-apple-macos.abi.json", "/private/var/folders/xr/m5_5rlsd6l9fk2w4ngj13k6m0000gn/T/swbuild.tmp.I9GXyx3j/Data.noindex/Test/aProject/build/aProject.build/Debug/TargetA.build/Objects-normal/arm64/TargetA.abi.json"]), Task(forTarget: TargetB, ruleInfo: ["SwiftEmitModule", "normal", "arm64", "Emitting module for TargetB"]), Task(forTarget: TargetA, ruleInfo: ["Touch", "/private/var/folders/xr/m5_5rlsd6l9fk2w4ngj13k6m0000gn/T/swbuild.tmp.I9GXyx3j/Data.noindex/Test/aProject/build/Debug/TargetA.framework"]), Task(forTarget: TargetA, ruleInfo: ["Gate", "target-TargetA-T-TargetA-44525--linker-inputs-ready"]), Task(forTarget: <none>, ruleInfo: ["Gate", "target-TargetB-T-TargetB-44533--ProductStructureTaskProducer"]), Task(forTarget: TargetB, ruleInfo: ["SwiftDriver Compilation", "TargetB", "normal", "arm64", "com.apple.xcode.tools.swift.compiler"]), Task(forTarget: <none>, ruleInfo: ["Gate", "target-TargetB-T-TargetB-44533--Barrier-RegisterExecutionPolicyException"]), Task(forTarget: TargetA, ruleInfo: ["WriteAuxiliaryFile", "/private/var/folders/xr/m5_5rlsd6l9fk2w4ngj13k6m0000gn/T/swbuild.tmp.I9GXyx3j/Data.noindex/Test/aProject/build/aProject.build/Debug/TargetA.build/Objects-normal/arm64/TargetA-OutputFileMap.json"]), Task(forTarget: <none>, ruleInfo: ["Gate", "target-TargetA-T-TargetA-44525--HeadermapTaskProducer"]), Task(forTarget: TargetB, ruleInfo: ["WriteAuxiliaryFile", "/private/var/folders/xr/m5_5rlsd6l9fk2w4ngj13k6m0000gn/T/swbuild.tmp.I9GXyx3j/Data.noindex/Test/aProject/build/aProject.build/Debug/TargetB.build/TargetB.DependencyStaticMetadataFileList"]), Task(forTarget: TargetA, ruleInfo: ["Gate", "target-TargetA-T-TargetA-44525--begin-compiling"]), Task(forTarget: <none>, ruleInfo: ["Gate", "target-TargetA-T-TargetA-44525--GeneratedFilesTaskProducer"]), Task(forTarget: <none>, ruleInfo: ["Gate", "target-TargetA-T-TargetA-44525--DocumentationTaskProducer"]), Task(forTarget: <none>, ruleInfo: ["Gate", "target-TargetB-T-TargetB-44533--InfoPlistTaskProducer"]), Task(forTarget: <none>, ruleInfo: ["Gate", "target-TargetA-T-TargetA-44525--SwiftFrameworkABICheckerTaskProducer"]), Task(forTarget: TargetB, ruleInfo: ["Gate", "target-TargetB-T-TargetB-44533--end"]), Task(forTarget: TargetA, ruleInfo: ["MkDir", "/private/var/folders/xr/m5_5rlsd6l9fk2w4ngj13k6m0000gn/T/swbuild.tmp.I9GXyx3j/Data.noindex/Test/aProject/build/Debug/TargetA.framework/Versions/A"]), Task(forTarget: <none>, ruleInfo: ["Gate", "target-TargetB-T-TargetB-44533--fused-phase0-compile-sources&link-binary"]), Task(forTarget: <none>, ruleInfo: ["Gate", "target-TargetB-T-TargetB-44533--SwiftStandardLibrariesTaskProducer"]), Task(forTarget: <none>, ruleInfo: ["Gate", "target-TargetB-T-TargetB-44533--SwiftABIBaselineGenerationTaskProducer"]), Task(forTarget: <none>, ruleInfo: ["Gate", "target-TargetA-T-TargetA-44525--TestTargetPostprocessingTaskProducer"]), Task(forTarget: <none>, ruleInfo: ["Gate", "target-TargetA-T-TargetA-44525--ProductPostprocessingTaskProducer"]), Task(forTarget: <none>, ruleInfo: ["Gate", "target-TargetB-T-TargetB-44533--RealityAssetsTaskProducer"]), Task(forTarget: TargetA, ruleInfo: ["Copy", "/private/var/folders/xr/m5_5rlsd6l9fk2w4ngj13k6m0000gn/T/swbuild.tmp.I9GXyx3j/Data.noindex/Test/aProject/build/Debug/TargetA.framework/Versions/A/Modules/TargetA.swiftmodule/Project/arm64-apple-macos.swiftsourceinfo", "/private/var/folders/xr/m5_5rlsd6l9fk2w4ngj13k6m0000gn/T/swbuild.tmp.I9GXyx3j/Data.noindex/Test/aProject/build/aProject.build/Debug/TargetA.build/Objects-normal/arm64/TargetA.swiftsourceinfo"]), Task(forTarget: TargetB, ruleInfo: ["Copy", "/private/var/folders/xr/m5_5rlsd6l9fk2w4ngj13k6m0000gn/T/swbuild.tmp.I9GXyx3j/Data.noindex/Test/aProject/build/Debug/TargetB.framework/Versions/A/Modules/TargetB.swiftmodule/Project/arm64-apple-macos.swiftsourceinfo", "/private/var/folders/xr/m5_5rlsd6l9fk2w4ngj13k6m0000gn/T/swbuild.tmp.I9GXyx3j/Data.noindex/Test/aProject/build/aProject.build/Debug/TargetB.build/Objects-normal/arm64/TargetB.swiftsourceinfo"]), Task(forTarget: TargetB, ruleInfo: ["WriteAuxiliaryFile", "/private/var/folders/xr/m5_5rlsd6l9fk2w4ngj13k6m0000gn/T/swbuild.tmp.I9GXyx3j/Data.noindex/Test/aProject/build/aProject.build/Debug/TargetB.build/TargetB-all-non-framework-target-headers.hmap"]), Task(forTarget: <none>, ruleInfo: ["Gate", "target-TargetB-T-TargetB-44533--Barrier-GenerateStubAPI"]), Task(forTarget: TargetB, ruleInfo: ["RegisterExecutionPolicyException", "/private/var/folders/xr/m5_5rlsd6l9fk2w4ngj13k6m0000gn/T/swbuild.tmp.I9GXyx3j/Data.noindex/Test/aProject/build/Debug/TargetB.framework"]), Task(forTarget: TargetA, ruleInfo: ["SwiftEmitModule", "normal", "arm64", "Emitting module for TargetA"]), Task(forTarget: <none>, ruleInfo: ["SwiftExplicitDependencyCompileModuleFromInterface", "arm64", "/private/var/folders/xr/m5_5rlsd6l9fk2w4ngj13k6m0000gn/T/swbuild.tmp.I9GXyx3j/Data.noindex/Test/aProject/build/SwiftExplicitPrecompiledModules/_StringProcessing-1O0ZQ2K74RYD5.swiftmodule"]), Task(forTarget: TargetB, ruleInfo: ["Gate", "target-TargetB-T-TargetB-44533--begin-linking"]), Task(forTarget: TargetB, ruleInfo: ["Gate", "target-TargetB-T-TargetB-44533--unsigned-product-ready"]), Task(forTarget: TargetB, ruleInfo: ["MkDir", "/private/var/folders/xr/m5_5rlsd6l9fk2w4ngj13k6m0000gn/T/swbuild.tmp.I9GXyx3j/Data.noindex/Test/aProject/build/Debug/TargetB.framework"]), Task(forTarget: <none>, ruleInfo: ["Gate", "target-TargetB-T-TargetB-44533--ExtensionPointExtractorTaskProducer"]), Task(forTarget: TargetA, ruleInfo: ["WriteAuxiliaryFile", "/private/var/folders/xr/m5_5rlsd6l9fk2w4ngj13k6m0000gn/T/swbuild.tmp.I9GXyx3j/Data.noindex/Test/aProject/build/aProject.build/Debug/TargetA.build/Objects-normal/arm64/TargetA_const_extract_protocols.json"]), Task(forTarget: <none>, ruleInfo: ["Gate", "target-TargetA-T-TargetA-44525--CustomTaskProducer"]), Task(forTarget: <none>, ruleInfo: ["ClangStatCache", "/Applications/Xcode17E.app/Contents/Developer/Toolchains/XcodeDefault.xctoolchain/usr/bin/clang-stat-cache", "/Applications/Xcode17E.app/Contents/Developer/Platforms/MacOSX.platform/Developer/SDKs/MacOSX26.4.sdk", "/private/var/folders/xr/m5_5rlsd6l9fk2w4ngj13k6m0000gn/T/swbuild.tmp.I9GXyx3j/Data.noindex/Test/SDKStatCaches.noindex/macosx26.4-25E260-95aa6cf8f3effd57bda17e0c125410c0.sdkstatcache"]), Task(forTarget: <none>, ruleInfo: ["Gate", "target-TargetB-T-TargetB-44533--TestEntryPointTaskProducerFactory"]), Task(forTarget: TargetA, ruleInfo: ["Gate", "target-TargetA-T-TargetA-44525--immediate"]), Task(forTarget: <none>, ruleInfo: ["CreateBuildDirectory", "/private/var/folders/xr/m5_5rlsd6l9fk2w4ngj13k6m0000gn/T/swbuild.tmp.I9GXyx3j/Data.noindex/Test/aProject/build/Debug"]), Task(forTarget: TargetA, ruleInfo: ["Gate", "target-TargetA-T-TargetA-44525--entry"]), Task(forTarget: <none>, ruleInfo: ["Gate", "target-TargetA-T-TargetA-44525--SwiftStandardLibrariesTaskProducer"]), Task(forTarget: <none>, ruleInfo: ["Gate", "target-TargetA-T-TargetA-44525--TestEntryPointTaskProducerFactory"]), Task(forTarget: TargetA, ruleInfo: ["WriteAuxiliaryFile", "/private/var/folders/xr/m5_5rlsd6l9fk2w4ngj13k6m0000gn/T/swbuild.tmp.I9GXyx3j/Data.noindex/Test/aProject/build/aProject.build/Debug/TargetA.build/TargetA-project-headers.hmap"]), Task(forTarget: <none>, ruleInfo: ["Gate", "target-TargetA-T-TargetA-44525--Barrier-GenerateStubAPI"]), Task(forTarget: TargetA, ruleInfo: ["MkDir", "/private/var/folders/xr/m5_5rlsd6l9fk2w4ngj13k6m0000gn/T/swbuild.tmp.I9GXyx3j/Data.noindex/Test/aProject/build/Debug/TargetA.framework"]), Task(forTarget: TargetB, ruleInfo: ["WriteAuxiliaryFile", "/private/var/folders/xr/m5_5rlsd6l9fk2w4ngj13k6m0000gn/T/swbuild.tmp.I9GXyx3j/Data.noindex/Test/aProject/build/aProject.build/Debug/TargetB.build/TargetB-generated-files.hmap"]), Task(forTarget: TargetB, ruleInfo: ["WriteAuxiliaryFile", "/private/var/folders/xr/m5_5rlsd6l9fk2w4ngj13k6m0000gn/T/swbuild.tmp.I9GXyx3j/Data.noindex/Test/aProject/build/aProject.build/Debug/TargetB.build/Objects-normal/arm64/TargetB_const_extract_protocols.json"]), Task(forTarget: TargetB, ruleInfo: ["MkDir", "/private/var/folders/xr/m5_5rlsd6l9fk2w4ngj13k6m0000gn/T/swbuild.tmp.I9GXyx3j/Data.noindex/Test/aProject/build/Debug/TargetB.framework/Versions"]), Task(forTarget: <none>, ruleInfo: ["Gate", "target-TargetA-T-TargetA-44525--CopySwiftPackageResourcesTaskProducer"]), Task(forTarget: <none>, ruleInfo: ["Gate", "target-TargetA-T-TargetA-44525--Barrier-ChangeAlternatePermissions"]), Task(forTarget: TargetA, ruleInfo: ["SymLink", "/private/var/folders/xr/m5_5rlsd6l9fk2w4ngj13k6m0000gn/T/swbuild.tmp.I9GXyx3j/Data.noindex/Test/aProject/build/EagerLinkingTBDs/Debug/TargetA.framework/TargetA.tbd", "/private/var/folders/xr/m5_5rlsd6l9fk2w4ngj13k6m0000gn/T/swbuild.tmp.I9GXyx3j/Data.noindex/Test/aProject/build/EagerLinkingTBDs/Debug/TargetA.framework/Versions/A/TargetA.tbd"]), Task(forTarget: <none>, ruleInfo: ["Gate", "target-TargetA-T-TargetA-44525--Barrier-RegisterExecutionPolicyException"]), Task(forTarget: <none>, ruleInfo: ["Gate", "target-TargetB-T-TargetB-44533--SwiftPackageCopyFilesTaskProducer"]), Task(forTarget: TargetA, ruleInfo: ["SwiftCompile", "normal", "arm64", "Compiling fileA1.swift", "/private/var/folders/xr/m5_5rlsd6l9fk2w4ngj13k6m0000gn/T/swbuild.tmp.I9GXyx3j/Data.noindex/Test/aProject/Sources/fileA1.swift"]), Task(forTarget: <none>, ruleInfo: ["Gate", "target-TargetB-T-TargetB-44533--Barrier-StripSymbols"]), Task(forTarget: TargetA, ruleInfo: ["WriteAuxiliaryFile", "/private/var/folders/xr/m5_5rlsd6l9fk2w4ngj13k6m0000gn/T/swbuild.tmp.I9GXyx3j/Data.noindex/Test/aProject/build/aProject.build/Debug/TargetA.build/TargetA-all-non-framework-target-headers.hmap"]), Task(forTarget: <none>, ruleInfo: ["Gate", "target-TargetB-T-TargetB-44533--SanitizerTaskProducer"]), Task(forTarget: <none>, ruleInfo: ["Gate", "target-TargetB-T-TargetB-44533--swift-generated-headers"]), Task(forTarget: <none>, ruleInfo: ["Gate", "target-TargetB-T-TargetB-44533--Barrier-RegisterProduct"]), Task(forTarget: <none>, ruleInfo: ["Gate", "target-TargetB-T-TargetB-44533--GeneratedFilesTaskProducer"]), Task(forTarget: <none>, ruleInfo: ["Gate", "target-TargetA-T-TargetA-44525--Barrier-StripSymbols"]), Task(forTarget: TargetB, ruleInfo: ["GenerateTAPI", "/private/var/folders/xr/m5_5rlsd6l9fk2w4ngj13k6m0000gn/T/swbuild.tmp.I9GXyx3j/Data.noindex/Test/aProject/build/EagerLinkingTBDs/Debug/TargetB.framework/Versions/A/TargetB.tbd"]), Task(forTarget: <none>, ruleInfo: ["Gate", "target-TargetA-T-TargetA-44525--GenerateAppPlaygroundAssetCatalogTaskProducer"]), Task(forTarget: <none>, ruleInfo: ["Gate", "target-TargetA-T-TargetA-44525--Barrier-ChangePermissions"]), Task(forTarget: TargetA, ruleInfo: ["WriteAuxiliaryFile", "/private/var/folders/xr/m5_5rlsd6l9fk2w4ngj13k6m0000gn/T/swbuild.tmp.I9GXyx3j/Data.noindex/Test/aProject/build/aProject.build/Debug/TargetA.build/Objects-normal/arm64/TargetA.SwiftConstValuesFileList"]), Task(forTarget: TargetA, ruleInfo: ["MkDir", "/private/var/folders/xr/m5_5rlsd6l9fk2w4ngj13k6m0000gn/T/swbuild.tmp.I9GXyx3j/Data.noindex/Test/aProject/build/Debug/TargetA.framework/Versions"]), Task(forTarget: <none>, ruleInfo: ["Gate", "target-TargetA-T-TargetA-44525--StubBinaryTaskProducer"]), Task(forTarget: <none>, ruleInfo: ["Gate", "target-TargetB-T-TargetB-44533--ProductPostprocessingTaskProducer"]), Task(forTarget: TargetA, ruleInfo: ["WriteAuxiliaryFile", "/private/var/folders/xr/m5_5rlsd6l9fk2w4ngj13k6m0000gn/T/swbuild.tmp.I9GXyx3j/Data.noindex/Test/aProject/build/aProject.build/Debug/TargetA.build/Objects-normal/arm64/TargetA.LinkFileList"]), Task(forTarget: <none>, ruleInfo: ["Gate", "target-TargetA-T-TargetA-44525--ModuleMapTaskProducer"]), Task(forTarget: TargetA, ruleInfo: ["ExtractAppIntentsMetadata"]), Task(forTarget: TargetB, ruleInfo: ["WriteAuxiliaryFile", "/private/var/folders/xr/m5_5rlsd6l9fk2w4ngj13k6m0000gn/T/swbuild.tmp.I9GXyx3j/Data.noindex/Test/aProject/build/aProject.build/Debug/TargetB.build/TargetB.hmap"]), Task(forTarget: TargetA, ruleInfo: ["SymLink", "/private/var/folders/xr/m5_5rlsd6l9fk2w4ngj13k6m0000gn/T/swbuild.tmp.I9GXyx3j/Data.noindex/Test/aProject/build/Debug/TargetA.framework/TargetA", "Versions/Current/TargetA"]), Task(forTarget: TargetB, ruleInfo: ["MkDir", "/private/var/folders/xr/m5_5rlsd6l9fk2w4ngj13k6m0000gn/T/swbuild.tmp.I9GXyx3j/Data.noindex/Test/aProject/build/Debug/TargetB.framework/Versions/A/Headers"]), Task(forTarget: <none>, ruleInfo: ["CreateBuildDirectory", "/private/var/folders/xr/m5_5rlsd6l9fk2w4ngj13k6m0000gn/T/swbuild.tmp.I9GXyx3j/Data.noindex/Test/aProject/build/ExplicitPrecompiledModules"]), Task(forTarget: <none>, ruleInfo: ["Gate", "target-TargetA-T-TargetA-44525--RealityAssetsTaskProducer"]), Task(forTarget: <none>, ruleInfo: ["Gate", "target-TargetA-T-TargetA-44525--TestHostTaskProducer"]), Task(forTarget: TargetA, ruleInfo: ["Gate", "target-TargetA-T-TargetA-44525--will-sign"]), Task(forTarget: <none>, ruleInfo: ["CreateBuildDirectory", "/private/var/folders/xr/m5_5rlsd6l9fk2w4ngj13k6m0000gn/T/swbuild.tmp.I9GXyx3j/Data.noindex/Test/aProject/build/SharedPrecompiledHeaders"]), Task(forTarget: TargetA, ruleInfo: ["WriteAuxiliaryFile", "/private/var/folders/xr/m5_5rlsd6l9fk2w4ngj13k6m0000gn/T/swbuild.tmp.I9GXyx3j/Data.noindex/Test/aProject/build/aProject.build/Debug/TargetA.build/TargetA.hmap"]), Task(forTarget: TargetA, ruleInfo: ["SymLink", "/private/var/folders/xr/m5_5rlsd6l9fk2w4ngj13k6m0000gn/T/swbuild.tmp.I9GXyx3j/Data.noindex/Test/aProject/build/Debug/TargetA.framework/Modules", "Versions/Current/Modules"]), Task(forTarget: <none>, ruleInfo: ["Gate", "target-TargetA-T-TargetA-44525--copy-headers-completion"]), Task(forTarget: <none>, ruleInfo: ["Gate", "target-TargetA-T-TargetA-44525--fused-phase0-compile-sources"]), Task(forTarget: <none>, ruleInfo: ["Gate", "WorkspaceHeaderMapVFSFilesWritten"]), Task(forTarget: TargetB, ruleInfo: ["SymLink", "/private/var/folders/xr/m5_5rlsd6l9fk2w4ngj13k6m0000gn/T/swbuild.tmp.I9GXyx3j/Data.noindex/Test/aProject/build/Debug/TargetB.framework/Headers", "Versions/Current/Headers"]), Task(forTarget: TargetB, ruleInfo: ["SwiftDriver Compilation Requirements", "TargetB", "normal", "arm64", "com.apple.xcode.tools.swift.compiler"]), Task(forTarget: <none>, ruleInfo: ["Gate", "target-TargetA-T-TargetA-44525--Barrier-RegisterProduct"]), Task(forTarget: TargetB, ruleInfo: ["Gate", "target-TargetB-T-TargetB-44533--modules-ready"]), Task(forTarget: <none>, ruleInfo: ["CreateBuildDirectory", "/private/var/folders/xr/m5_5rlsd6l9fk2w4ngj13k6m0000gn/T/swbuild.tmp.I9GXyx3j/Data.noindex/Test/aProject/build/EagerLinkingTBDs/Debug"]), Task(forTarget: TargetB, ruleInfo: ["WriteAuxiliaryFile", "/private/var/folders/xr/m5_5rlsd6l9fk2w4ngj13k6m0000gn/T/swbuild.tmp.I9GXyx3j/Data.noindex/Test/aProject/build/aProject.build/Debug/TargetB.build/TargetB-all-target-headers.hmap"]), Task(forTarget: <none>, ruleInfo: ["Gate", "target-TargetB-T-TargetB-44533--ModuleVerifierTaskProducer"]), Task(forTarget: TargetA, ruleInfo: ["Gate", "target-TargetA-T-TargetA-44525--begin-scanning"]), Task(forTarget: TargetB, ruleInfo: ["Gate", "target-TargetB-T-TargetB-44533--immediate"]), Task(forTarget: TargetA, ruleInfo: ["GenerateTAPI", "/private/var/folders/xr/m5_5rlsd6l9fk2w4ngj13k6m0000gn/T/swbuild.tmp.I9GXyx3j/Data.noindex/Test/aProject/build/EagerLinkingTBDs/Debug/TargetA.framework/Versions/A/TargetA.tbd"]), Task(forTarget: TargetB, ruleInfo: ["SymLink", "/private/var/folders/xr/m5_5rlsd6l9fk2w4ngj13k6m0000gn/T/swbuild.tmp.I9GXyx3j/Data.noindex/Test/aProject/build/Debug/TargetB.framework/TargetB", "Versions/Current/TargetB"]), Task(forTarget: TargetB, ruleInfo: ["SwiftCompile", "normal", "arm64", "Compiling fileB2.swift", "/private/var/folders/xr/m5_5rlsd6l9fk2w4ngj13k6m0000gn/T/swbuild.tmp.I9GXyx3j/Data.noindex/Test/aProject/Sources/fileB2.swift"])]
↳ Occasionally fails in CI due to SwiftExplicitDependencyCompileModuleFromInterface missing from the dependency graph
━ Test swiftEagerCompilationWithExplicitModules() recorded a known issue at SwiftDriverTests.swift:3601:55: Issue recorded
↳ Task Task(forTarget: TargetA, ruleInfo: ["SwiftEmitModule", "normal", "arm64", "Emitting module for TargetA"]) does not follow any tasks matching [Rule matches [SWBTestSupport.StringPattern.equal("SwiftExplicitDependencyGeneratePcm"), SWBTestSupport.StringPattern.equal("normal"), SWBTestSupport.StringPattern.equal("arm64"), SWBTestSupport.StringPattern.contains("SwiftShims-")]]. Found: [] in [Task(forTarget: <none>, ruleInfo: ["Gate", "target-TargetA-T-TargetA-44525--Barrier-CopyAside"]), Task(forTarget: <none>, ruleInfo: ["Gate", "target-TargetA-T-TargetA-44525--InfoPlistTaskProducer"]), Task(forTarget: <none>, ruleInfo: ["Gate", "target-TargetB-T-TargetB-44533--Barrier-ChangeAlternatePermissions"]), Task(forTarget: <none>, ruleInfo: ["Gate", "target-TargetA-T-TargetA-44525--swift-generated-headers"]), Task(forTarget: TargetB, ruleInfo: ["ExtractAppIntentsMetadata"]), Task(forTarget: TargetB, ruleInfo: ["SwiftDriver", "TargetB", "normal", "arm64", "com.apple.xcode.tools.swift.compiler"]), Task(forTarget: TargetB, ruleInfo: ["WriteAuxiliaryFile", "/private/var/folders/xr/m5_5rlsd6l9fk2w4ngj13k6m0000gn/T/swbuild.tmp.I9GXyx3j/Data.noindex/Test/aProject/build/aProject.build/Debug/TargetB.build/TargetB-own-target-headers.hmap"]), Task(forTarget: TargetA, ruleInfo: ["WriteAuxiliaryFile", "/private/var/folders/xr/m5_5rlsd6l9fk2w4ngj13k6m0000gn/T/swbuild.tmp.I9GXyx3j/Data.noindex/Test/aProject/build/aProject.build/Debug/TargetA.build/TargetA-generated-files.hmap"]), Task(forTarget: TargetA, ruleInfo: ["SwiftDriver Compilation", "TargetA", "normal", "arm64", "com.apple.xcode.tools.swift.compiler"]), Task(forTarget: TargetA, ruleInfo: ["Ld", "/private/var/folders/xr/m5_5rlsd6l9fk2w4ngj13k6m0000gn/T/swbuild.tmp.I9GXyx3j/Data.noindex/Test/aProject/build/Debug/TargetA.framework/Versions/A/TargetA", "normal"]), Task(forTarget: <none>, ruleInfo: ["SwiftExplicitDependencyCompileModuleFromInterface", "arm64", "/private/var/folders/xr/m5_5rlsd6l9fk2w4ngj13k6m0000gn/T/swbuild.tmp.I9GXyx3j/Data.noindex/Test/aProject/build/SwiftExplicitPrecompiledModules/Swift-NBB0GQDQYZZH.swiftmodule"]), Task(forTarget: TargetB, ruleInfo: ["SwiftMergeGeneratedHeaders", "/private/var/folders/xr/m5_5rlsd6l9fk2w4ngj13k6m0000gn/T/swbuild.tmp.I9GXyx3j/Data.noindex/Test/aProject/build/Debug/TargetB.framework/Versions/A/Headers/TargetB-Swift.h", "/private/var/folders/xr/m5_5rlsd6l9fk2w4ngj13k6m0000gn/T/swbuild.tmp.I9GXyx3j/Data.noindex/Test/aProject/build/aProject.build/Debug/TargetB.build/Objects-normal/arm64/TargetB-Swift.h"]), Task(forTarget: <none>, ruleInfo: ["Gate", "target-TargetB-T-TargetB-44533--TestHostTaskProducer"]), Task(forTarget: TargetB, ruleInfo: ["WriteAuxiliaryFile", "/private/var/folders/xr/m5_5rlsd6l9fk2w4ngj13k6m0000gn/T/swbuild.tmp.I9GXyx3j/Data.noindex/Test/aProject/build/aProject.build/Debug/TargetB.build/Objects-normal/arm64/TargetB.SwiftConstValuesFileList"]), Task(forTarget: <none>, ruleInfo: ["Gate", "target-TargetB-T-TargetB-44533--ModuleMapTaskProducer"]), Task(forTarget: <none>, ruleInfo: ["Gate", "target-TargetB-T-TargetB-44533--SwiftFrameworkABICheckerTaskProducer"]), Task(forTarget: <none>, ruleInfo: ["Gate", "target-TargetB-T-TargetB-44533--Barrier-ChangePermissions"]), Task(forTarget: TargetB, ruleInfo: ["Gate", "target-TargetB-T-TargetB-44533--begin-compiling"]), Task(forTarget: <none>, ruleInfo: ["Gate", "target-TargetB-T-TargetB-44533--TestTargetTaskProducer"]), Task(forTarget: <none>, ruleInfo: ["Gate", "target-TargetB-T-TargetB-44533--TAPISymbolExtractorTaskProducer"]), Task(forTarget: <none>, ruleInfo: ["Gate", "target-TargetB-T-TargetB-44533--HeadermapTaskProducer"]), Task(forTarget: TargetB, ruleInfo: ["Ld", "/private/var/folders/xr/m5_5rlsd6l9fk2w4ngj13k6m0000gn/T/swbuild.tmp.I9GXyx3j/Data.noindex/Test/aProject/build/Debug/TargetB.framework/Versions/A/TargetB", "normal"]), Task(forTarget: TargetB, ruleInfo: ["WriteAuxiliaryFile", "/private/var/folders/xr/m5_5rlsd6l9fk2w4ngj13k6m0000gn/T/swbuild.tmp.I9GXyx3j/Data.noindex/Test/aProject/build/aProject.build/Debug/TargetB.build/Objects-normal/arm64/TargetB.LinkFileList"]), Task(forTarget: <none>, ruleInfo: ["Gate", "target-TargetB-T-TargetB-44533--TestTargetPostprocessingTaskProducer"]), Task(forTarget: <none>, ruleInfo: ["SwiftExplicitDependencyGeneratePcm", "arm64", "/private/var/folders/xr/m5_5rlsd6l9fk2w4ngj13k6m0000gn/T/swbuild.tmp.I9GXyx3j/Data.noindex/Test/aProject/build/SwiftExplicitPrecompiledModules/_SwiftConcurrencyShims-AIZW70LS1W2L0PXECXLASUUHS.pcm"]), Task(forTarget: TargetA, ruleInfo: ["SymLink", "/private/var/folders/xr/m5_5rlsd6l9fk2w4ngj13k6m0000gn/T/swbuild.tmp.I9GXyx3j/Data.noindex/Test/aProject/build/Debug/TargetA.framework/Versions/Current", "A"]), Task(forTarget: <none>, ruleInfo: ["CreateBuildDirectory", "/private/var/folders/xr/m5_5rlsd6l9fk2w4ngj13k6m0000gn/T/swbuild.tmp.I9GXyx3j/Data.noindex/Test/aProject/build"]), Task(forTarget: TargetB, ruleInfo: ["WriteAuxiliaryFile", "/private/var/folders/xr/m5_5rlsd6l9fk2w4ngj13k6m0000gn/T/swbuild.tmp.I9GXyx3j/Data.noindex/Test/aProject/build/aProject.build/Debug/TargetB.build/TargetB.DependencyMetadataFileList"]), Task(forTarget: TargetA, ruleInfo: ["WriteAuxiliaryFile", "/private/var/folders/xr/m5_5rlsd6l9fk2w4ngj13k6m0000gn/T/swbuild.tmp.I9GXyx3j/Data.noindex/Test/aProject/build/aProject.build/Debug/TargetA.build/TargetA.DependencyMetadataFileList"]), Task(forTarget: <none>, ruleInfo: ["Gate", "target-TargetB-T-TargetB-44533--AppExtensionInfoPlistGeneratorTaskProducer"]), Task(forTarget: <none>, ruleInfo: ["Gate", "target-TargetA-T-TargetA-44525--SwiftABIBaselineGenerationTaskProducer"]), Task(forTarget: <none>, ruleInfo: ["Gate", "target-TargetA-T-TargetA-44525--Barrier-Validate"]), Task(forTarget: <none>, ruleInfo: ["SwiftExplicitDependencyGeneratePcm", "arm64", "/private/var/folders/xr/m5_5rlsd6l9fk2w4ngj13k6m0000gn/T/swbuild.tmp.I9GXyx3j/Data.noindex/Test/aProject/build/SwiftExplicitPrecompiledModules/SwiftShims-1XRNFTFX3SVGVJQLDAOI208RW.pcm"]), Task(forTarget: TargetA, ruleInfo: ["SymLink", "/private/var/folders/xr/m5_5rlsd6l9fk2w4ngj13k6m0000gn/T/swbuild.tmp.I9GXyx3j/Data.noindex/Test/aProject/build/Debug/TargetA.framework/Headers", "Versions/Current/Headers"]), Task(forTarget: <none>, ruleInfo: ["Gate", "target-TargetA-T-TargetA-44525--generated-headers"]), Task(forTarget: TargetB, ruleInfo: ["SymLink", "/private/var/folders/xr/m5_5rlsd6l9fk2w4ngj13k6m0000gn/T/swbuild.tmp.I9GXyx3j/Data.noindex/Test/aProject/build/Debug/TargetB.framework/Modules", "Versions/Current/Modules"]), Task(forTarget: <none>, ruleInfo: ["WriteAuxiliaryFile", "/private/var/folders/xr/m5_5rlsd6l9fk2w4ngj13k6m0000gn/T/swbuild.tmp.I9GXyx3j/Data.noindex/Test/aProject/build/aProject.build/Debug/aProject-P44536-VFS/all-product-headers.yaml"]), Task(forTarget: <none>, ruleInfo: ["Gate", "target-TargetA-T-TargetA-44525--TAPISymbolExtractorTaskProducer"]), Task(forTarget: <none>, ruleInfo: ["Gate", "target-TargetA-T-TargetA-44525--TestTargetTaskProducer"]), Task(forTarget: <none>, ruleInfo: ["Gate", "target-TargetB-T-TargetB-44533--CopySwiftPackageResourcesTaskProducer"]), Task(forTarget: <none>, ruleInfo: ["Gate", "target-TargetB-T-TargetB-44533--AppIntentsMetadataTaskProducer"]), Task(forTarget: TargetA, ruleInfo: ["WriteAuxiliaryFile", "/private/var/folders/xr/m5_5rlsd6l9fk2w4ngj13k6m0000gn/T/swbuild.tmp.I9GXyx3j/Data.noindex/Test/aProject/build/aProject.build/Debug/TargetA.build/TargetA-all-target-headers.hmap"]), Task(forTarget: TargetB, ruleInfo: ["MkDir", "/private/var/folders/xr/m5_5rlsd6l9fk2w4ngj13k6m0000gn/T/swbuild.tmp.I9GXyx3j/Data.noindex/Test/aProject/build/Debug/TargetB.framework/Versions/A"]), Task(forTarget: <none>, ruleInfo: ["Gate", "target-TargetB-T-TargetB-44533--CustomTaskProducer"]), Task(forTarget: TargetB, ruleInfo: ["WriteAuxiliaryFile", "/private/var/folders/xr/m5_5rlsd6l9fk2w4ngj13k6m0000gn/T/swbuild.tmp.I9GXyx3j/Data.noindex/Test/aProject/build/aProject.build/Debug/TargetB.build/Objects-normal/arm64/TargetB.SwiftFileList"]), Task(forTarget: TargetB, ruleInfo: ["WriteAuxiliaryFile", "/private/var/folders/xr/m5_5rlsd6l9fk2w4ngj13k6m0000gn/T/swbuild.tmp.I9GXyx3j/Data.noindex/Test/aProject/build/aProject.build/Debug/TargetB.build/Objects-normal/arm64/TargetB-OutputFileMap.json"]), Task(forTarget: TargetA, ruleInfo: ["MkDir", "/private/var/folders/xr/m5_5rlsd6l9fk2w4ngj13k6m0000gn/T/swbuild.tmp.I9GXyx3j/Data.noindex/Test/aProject/build/Debug/TargetA.framework/Versions/A/Headers"]), Task(forTarget: <none>, ruleInfo: ["Gate", "target-TargetB-T-TargetB-44533--StubBinaryTaskProducer"]), Task(forTarget: <none>, ruleInfo: ["Gate", "target-TargetB-T-TargetB-44533--DocumentationTaskProducer"]), Task(forTarget: TargetA, ruleInfo: ["SwiftDriver", "TargetA", "normal", "arm64", "com.apple.xcode.tools.swift.compiler"]), Task(forTarget: <none>, ruleInfo: ["Gate", "target-TargetB-T-TargetB-44533--GenerateAppPlaygroundAssetCatalogTaskProducer"]), Task(forTarget: <none>, ruleInfo: ["Gate", "target-TargetA-T-TargetA-44525--Barrier-CodeSign"]), Task(forTarget: <none>, ruleInfo: ["Gate", "target-TargetA-T-TargetA-44525--AppExtensionInfoPlistGeneratorTaskProducer"]), Task(forTarget: TargetB, ruleInfo: ["Gate", "target-TargetB-T-TargetB-44533--entry"]), Task(forTarget: TargetB, ruleInfo: ["Gate", "target-TargetB-T-TargetB-44533--will-sign"]), Task(forTarget: <none>, ruleInfo: ["Gate", "target-TargetB-T-TargetB-44533--Barrier-CopyAside"]), Task(forTarget: <none>, ruleInfo: ["Gate", "target-TargetA-T-TargetA-44525--ProductStructureTaskProducer"]), Task(forTarget: TargetA, ruleInfo: ["Gate", "target-TargetA-T-TargetA-44525--begin-linking"]), Task(forTarget: TargetB, ruleInfo: ["Copy", "/private/var/folders/xr/m5_5rlsd6l9fk2w4ngj13k6m0000gn/T/swbuild.tmp.I9GXyx3j/Data.noindex/Test/aProject/build/Debug/TargetB.framework/Versions/A/Modules/TargetB.swiftmodule/arm64-apple-macos.swiftdoc", "/private/var/folders/xr/m5_5rlsd6l9fk2w4ngj13k6m0000gn/T/swbuild.tmp.I9GXyx3j/Data.noindex/Test/aProject/build/aProject.build/Debug/TargetB.build/Objects-normal/arm64/TargetB.swiftdoc"]), Task(forTarget: TargetB, ruleInfo: ["Copy", "/private/var/folders/xr/m5_5rlsd6l9fk2w4ngj13k6m0000gn/T/swbuild.tmp.I9GXyx3j/Data.noindex/Test/aProject/build/Debug/TargetB.framework/Versions/A/Modules/TargetB.swiftmodule/arm64-apple-macos.swiftmodule", "/private/var/folders/xr/m5_5rlsd6l9fk2w4ngj13k6m0000gn/T/swbuild.tmp.I9GXyx3j/Data.noindex/Test/aProject/build/aProject.build/Debug/TargetB.build/Objects-normal/arm64/TargetB.swiftmodule"]), Task(forTarget: TargetB, ruleInfo: ["SymLink", "/private/var/folders/xr/m5_5rlsd6l9fk2w4ngj13k6m0000gn/T/swbuild.tmp.I9GXyx3j/Data.noindex/Test/aProject/build/EagerLinkingTBDs/Debug/TargetB.framework/TargetB.tbd", "/private/var/folders/xr/m5_5rlsd6l9fk2w4ngj13k6m0000gn/T/swbuild.tmp.I9GXyx3j/Data.noindex/Test/aProject/build/EagerLinkingTBDs/Debug/TargetB.framework/Versions/A/TargetB.tbd"]), Task(forTarget: TargetA, ruleInfo: ["SwiftMergeGeneratedHeaders", "/private/var/folders/xr/m5_5rlsd6l9fk2w4ngj13k6m0000gn/T/swbuild.tmp.I9GXyx3j/Data.noindex/Test/aProject/build/Debug/TargetA.framework/Versions/A/Headers/TargetA-Swift.h", "/private/var/folders/xr/m5_5rlsd6l9fk2w4ngj13k6m0000gn/T/swbuild.tmp.I9GXyx3j/Data.noindex/Test/aProject/build/aProject.build/Debug/TargetA.build/Objects-normal/arm64/TargetA-Swift.h"]), Task(forTarget: <none>, ruleInfo: ["SwiftExplicitDependencyCompileModuleFromInterface", "arm64", "/private/var/folders/xr/m5_5rlsd6l9fk2w4ngj13k6m0000gn/T/swbuild.tmp.I9GXyx3j/Data.noindex/Test/aProject/build/SwiftExplicitPrecompiledModules/_Concurrency-CB34E6W1YOX6.swiftmodule"]), Task(forTarget: TargetA, ruleInfo: ["Gate", "target-TargetA-T-TargetA-44525--unsigned-product-ready"]), Task(forTarget: TargetA, ruleInfo: ["Gate", "target-TargetA-T-TargetA-44525--end"]), Task(forTarget: <none>, ruleInfo: ["Gate", "target-TargetA-T-TargetA-44525--ExtensionPointExtractorTaskProducer"]), Task(forTarget: TargetB, ruleInfo: ["Touch", "/private/var/folders/xr/m5_5rlsd6l9fk2w4ngj13k6m0000gn/T/swbuild.tmp.I9GXyx3j/Data.noindex/Test/aProject/build/Debug/TargetB.framework"]), Task(forTarget: TargetB, ruleInfo: ["Gate", "target-TargetB-T-TargetB-44533--linker-inputs-ready"]), Task(forTarget: TargetA, ruleInfo: ["WriteAuxiliaryFile", "/private/var/folders/xr/m5_5rlsd6l9fk2w4ngj13k6m0000gn/T/swbuild.tmp.I9GXyx3j/Data.noindex/Test/aProject/build/aProject.build/Debug/TargetA.build/Objects-normal/arm64/TargetA.SwiftFileList"]), Task(forTarget: TargetB, ruleInfo: ["WriteAuxiliaryFile", "/private/var/folders/xr/m5_5rlsd6l9fk2w4ngj13k6m0000gn/T/swbuild.tmp.I9GXyx3j/Data.noindex/Test/aProject/build/aProject.build/Debug/TargetB.build/TargetB-project-headers.hmap"]), Task(forTarget: <none>, ruleInfo: ["Gate", "target-TargetB-T-TargetB-44533--copy-headers-completion"]), Task(forTarget: <none>, ruleInfo: ["Gate", "target-TargetB-T-TargetB-44533--Barrier-Validate"]), Task(forTarget: TargetB, ruleInfo: ["Copy", "/private/var/folders/xr/m5_5rlsd6l9fk2w4ngj13k6m0000gn/T/swbuild.tmp.I9GXyx3j/Data.noindex/Test/aProject/build/Debug/TargetB.framework/Versions/A/Modules/TargetB.swiftmodule/arm64-apple-macos.abi.json", "/private/var/folders/xr/m5_5rlsd6l9fk2w4ngj13k6m0000gn/T/swbuild.tmp.I9GXyx3j/Data.noindex/Test/aProject/build/aProject.build/Debug/TargetB.build/Objects-normal/arm64/TargetB.abi.json"]), Task(forTarget: TargetA, ruleInfo: ["WriteAuxiliaryFile", "/private/var/folders/xr/m5_5rlsd6l9fk2w4ngj13k6m0000gn/T/swbuild.tmp.I9GXyx3j/Data.noindex/Test/aProject/build/aProject.build/Debug/TargetA.build/TargetA-own-target-headers.hmap"]), Task(forTarget: TargetB, ruleInfo: ["Gate", "target-TargetB-T-TargetB-44533--begin-scanning"]), Task(forTarget: TargetA, ruleInfo: ["WriteAuxiliaryFile", "/private/var/folders/xr/m5_5rlsd6l9fk2w4ngj13k6m0000gn/T/swbuild.tmp.I9GXyx3j/Data.noindex/Test/aProject/build/aProject.build/Debug/TargetA.build/TargetA.DependencyStaticMetadataFileList"]), Task(forTarget: <none>, ruleInfo: ["Gate", "target-TargetA-T-TargetA-44525--ModuleVerifierTaskProducer"]), Task(forTarget: TargetA, ruleInfo: ["SwiftCompile", "normal", "arm64", "Compiling fileA2.swift", "/private/var/folders/xr/m5_5rlsd6l9fk2w4ngj13k6m0000gn/T/swbuild.tmp.I9GXyx3j/Data.noindex/Test/aProject/Sources/fileA2.swift"]), Task(forTarget: TargetA, ruleInfo: ["Copy", "/private/var/folders/xr/m5_5rlsd6l9fk2w4ngj13k6m0000gn/T/swbuild.tmp.I9GXyx3j/Data.noindex/Test/aProject/build/Debug/TargetA.framework/Versions/A/Modules/TargetA.swiftmodule/arm64-apple-macos.swiftmodule", "/private/var/folders/xr/m5_5rlsd6l9fk2w4ngj13k6m0000gn/T/swbuild.tmp.I9GXyx3j/Data.noindex/Test/aProject/build/aProject.build/Debug/TargetA.build/Objects-normal/arm64/TargetA.swiftmodule"]), Task(forTarget: TargetA, ruleInfo: ["Gate", "target-TargetA-T-TargetA-44525--modules-ready"]), Task(forTarget: TargetB, ruleInfo: ["SwiftCompile", "normal", "arm64", "Compiling fileB1.swift", "/private/var/folders/xr/m5_5rlsd6l9fk2w4ngj13k6m0000gn/T/swbuild.tmp.I9GXyx3j/Data.noindex/Test/aProject/Sources/fileB1.swift"]), Task(forTarget: <none>, ruleInfo: ["Gate", "target-TargetB-T-TargetB-44533--Barrier-CodeSign"]), Task(forTarget: <none>, ruleInfo: ["Gate", "target-TargetB-T-TargetB-44533--generated-headers"]), Task(forTarget: <none>, ruleInfo: ["CreateBuildDirectory", "/private/var/folders/xr/m5_5rlsd6l9fk2w4ngj13k6m0000gn/T/swbuild.tmp.I9GXyx3j/Data.noindex/Test/aProject/build/SwiftExplicitPrecompiledModules"]), Task(forTarget: <none>, ruleInfo: ["Gate", "target-TargetA-T-TargetA-44525--SanitizerTaskProducer"]), Task(forTarget: TargetA, ruleInfo: ["SwiftDriver Compilation Requirements", "TargetA", "normal", "arm64", "com.apple.xcode.tools.swift.compiler"]), Task(forTarget: <none>, ruleInfo: ["CreateBuildDirectory", "/var/folders/xr/m5_5rlsd6l9fk2w4ngj13k6m0000gn/C/com.apple.DeveloperTools/26.4.1-17E202/Xcode/CompilationCache.noindex"]), Task(forTarget: <none>, ruleInfo: ["Gate", "target-TargetA-T-TargetA-44525--AppIntentsMetadataTaskProducer"]), Task(forTarget: TargetB, ruleInfo: ["SymLink", "/private/var/folders/xr/m5_5rlsd6l9fk2w4ngj13k6m0000gn/T/swbuild.tmp.I9GXyx3j/Data.noindex/Test/aProject/build/Debug/TargetB.framework/Versions/Current", "A"]), Task(forTarget: TargetA, ruleInfo: ["Copy", "/private/var/folders/xr/m5_5rlsd6l9fk2w4ngj13k6m0000gn/T/swbuild.tmp.I9GXyx3j/Data.noindex/Test/aProject/build/Debug/TargetA.framework/Versions/A/Modules/TargetA.swiftmodule/arm64-apple-macos.swiftdoc", "/private/var/folders/xr/m5_5rlsd6l9fk2w4ngj13k6m0000gn/T/swbuild.tmp.I9GXyx3j/Data.noindex/Test/aProject/build/aProject.build/Debug/TargetA.build/Objects-normal/arm64/TargetA.swiftdoc"]), Task(forTarget: TargetA, ruleInfo: ["RegisterExecutionPolicyException", "/private/var/folders/xr/m5_5rlsd6l9fk2w4ngj13k6m0000gn/T/swbuild.tmp.I9GXyx3j/Data.noindex/Test/aProject/build/Debug/TargetA.framework"]), Task(forTarget: <none>, ruleInfo: ["Gate", "target-TargetA-T-TargetA-44525--SwiftPackageCopyFilesTaskProducer"]), Task(forTarget: TargetA, ruleInfo: ["Copy", "/private/var/folders/xr/m5_5rlsd6l9fk2w4ngj13k6m0000gn/T/swbuild.tmp.I9GXyx3j/Data.noindex/Test/aProject/build/Debug/TargetA.framework/Versions/A/Modules/TargetA.swiftmodule/arm64-apple-macos.abi.json", "/private/var/folders/xr/m5_5rlsd6l9fk2w4ngj13k6m0000gn/T/swbuild.tmp.I9GXyx3j/Data.noindex/Test/aProject/build/aProject.build/Debug/TargetA.build/Objects-normal/arm64/TargetA.abi.json"]), Task(forTarget: TargetB, ruleInfo: ["SwiftEmitModule", "normal", "arm64", "Emitting module for TargetB"]), Task(forTarget: TargetA, ruleInfo: ["Touch", "/private/var/folders/xr/m5_5rlsd6l9fk2w4ngj13k6m0000gn/T/swbuild.tmp.I9GXyx3j/Data.noindex/Test/aProject/build/Debug/TargetA.framework"]), Task(forTarget: TargetA, ruleInfo: ["Gate", "target-TargetA-T-TargetA-44525--linker-inputs-ready"]), Task(forTarget: <none>, ruleInfo: ["Gate", "target-TargetB-T-TargetB-44533--ProductStructureTaskProducer"]), Task(forTarget: TargetB, ruleInfo: ["SwiftDriver Compilation", "TargetB", "normal", "arm64", "com.apple.xcode.tools.swift.compiler"]), Task(forTarget: <none>, ruleInfo: ["Gate", "target-TargetB-T-TargetB-44533--Barrier-RegisterExecutionPolicyException"]), Task(forTarget: TargetA, ruleInfo: ["WriteAuxiliaryFile", "/private/var/folders/xr/m5_5rlsd6l9fk2w4ngj13k6m0000gn/T/swbuild.tmp.I9GXyx3j/Data.noindex/Test/aProject/build/aProject.build/Debug/TargetA.build/Objects-normal/arm64/TargetA-OutputFileMap.json"]), Task(forTarget: <none>, ruleInfo: ["Gate", "target-TargetA-T-TargetA-44525--HeadermapTaskProducer"]), Task(forTarget: TargetB, ruleInfo: ["WriteAuxiliaryFile", "/private/var/folders/xr/m5_5rlsd6l9fk2w4ngj13k6m0000gn/T/swbuild.tmp.I9GXyx3j/Data.noindex/Test/aProject/build/aProject.build/Debug/TargetB.build/TargetB.DependencyStaticMetadataFileList"]), Task(forTarget: TargetA, ruleInfo: ["Gate", "target-TargetA-T-TargetA-44525--begin-compiling"]), Task(forTarget: <none>, ruleInfo: ["Gate", "target-TargetA-T-TargetA-44525--GeneratedFilesTaskProducer"]), Task(forTarget: <none>, ruleInfo: ["Gate", "target-TargetA-T-TargetA-44525--DocumentationTaskProducer"]), Task(forTarget: <none>, ruleInfo: ["Gate", "target-TargetB-T-TargetB-44533--InfoPlistTaskProducer"]), Task(forTarget: <none>, ruleInfo: ["Gate", "target-TargetA-T-TargetA-44525--SwiftFrameworkABICheckerTaskProducer"]), Task(forTarget: TargetB, ruleInfo: ["Gate", "target-TargetB-T-TargetB-44533--end"]), Task(forTarget: TargetA, ruleInfo: ["MkDir", "/private/var/folders/xr/m5_5rlsd6l9fk2w4ngj13k6m0000gn/T/swbuild.tmp.I9GXyx3j/Data.noindex/Test/aProject/build/Debug/TargetA.framework/Versions/A"]), Task(forTarget: <none>, ruleInfo: ["Gate", "target-TargetB-T-TargetB-44533--fused-phase0-compile-sources&link-binary"]), Task(forTarget: <none>, ruleInfo: ["Gate", "target-TargetB-T-TargetB-44533--SwiftStandardLibrariesTaskProducer"]), Task(forTarget: <none>, ruleInfo: ["Gate", "target-TargetB-T-TargetB-44533--SwiftABIBaselineGenerationTaskProducer"]), Task(forTarget: <none>, ruleInfo: ["Gate", "target-TargetA-T-TargetA-44525--TestTargetPostprocessingTaskProducer"]), Task(forTarget: <none>, ruleInfo: ["Gate", "target-TargetA-T-TargetA-44525--ProductPostprocessingTaskProducer"]), Task(forTarget: <none>, ruleInfo: ["Gate", "target-TargetB-T-TargetB-44533--RealityAssetsTaskProducer"]), Task(forTarget: TargetA, ruleInfo: ["Copy", "/private/var/folders/xr/m5_5rlsd6l9fk2w4ngj13k6m0000gn/T/swbuild.tmp.I9GXyx3j/Data.noindex/Test/aProject/build/Debug/TargetA.framework/Versions/A/Modules/TargetA.swiftmodule/Project/arm64-apple-macos.swiftsourceinfo", "/private/var/folders/xr/m5_5rlsd6l9fk2w4ngj13k6m0000gn/T/swbuild.tmp.I9GXyx3j/Data.noindex/Test/aProject/build/aProject.build/Debug/TargetA.build/Objects-normal/arm64/TargetA.swiftsourceinfo"]), Task(forTarget: TargetB, ruleInfo: ["Copy", "/private/var/folders/xr/m5_5rlsd6l9fk2w4ngj13k6m0000gn/T/swbuild.tmp.I9GXyx3j/Data.noindex/Test/aProject/build/Debug/TargetB.framework/Versions/A/Modules/TargetB.swiftmodule/Project/arm64-apple-macos.swiftsourceinfo", "/private/var/folders/xr/m5_5rlsd6l9fk2w4ngj13k6m0000gn/T/swbuild.tmp.I9GXyx3j/Data.noindex/Test/aProject/build/aProject.build/Debug/TargetB.build/Objects-normal/arm64/TargetB.swiftsourceinfo"]), Task(forTarget: TargetB, ruleInfo: ["WriteAuxiliaryFile", "/private/var/folders/xr/m5_5rlsd6l9fk2w4ngj13k6m0000gn/T/swbuild.tmp.I9GXyx3j/Data.noindex/Test/aProject/build/aProject.build/Debug/TargetB.build/TargetB-all-non-framework-target-headers.hmap"]), Task(forTarget: <none>, ruleInfo: ["Gate", "target-TargetB-T-TargetB-44533--Barrier-GenerateStubAPI"]), Task(forTarget: TargetB, ruleInfo: ["RegisterExecutionPolicyException", "/private/var/folders/xr/m5_5rlsd6l9fk2w4ngj13k6m0000gn/T/swbuild.tmp.I9GXyx3j/Data.noindex/Test/aProject/build/Debug/TargetB.framework"]), Task(forTarget: TargetA, ruleInfo: ["SwiftEmitModule", "normal", "arm64", "Emitting module for TargetA"]), Task(forTarget: <none>, ruleInfo: ["SwiftExplicitDependencyCompileModuleFromInterface", "arm64", "/private/var/folders/xr/m5_5rlsd6l9fk2w4ngj13k6m0000gn/T/swbuild.tmp.I9GXyx3j/Data.noindex/Test/aProject/build/SwiftExplicitPrecompiledModules/_StringProcessing-1O0ZQ2K74RYD5.swiftmodule"]), Task(forTarget: TargetB, ruleInfo: ["Gate", "target-TargetB-T-TargetB-44533--begin-linking"]), Task(forTarget: TargetB, ruleInfo: ["Gate", "target-TargetB-T-TargetB-44533--unsigned-product-ready"]), Task(forTarget: TargetB, ruleInfo: ["MkDir", "/private/var/folders/xr/m5_5rlsd6l9fk2w4ngj13k6m0000gn/T/swbuild.tmp.I9GXyx3j/Data.noindex/Test/aProject/build/Debug/TargetB.framework"]), Task(forTarget: <none>, ruleInfo: ["Gate", "target-TargetB-T-TargetB-44533--ExtensionPointExtractorTaskProducer"]), Task(forTarget: TargetA, ruleInfo: ["WriteAuxiliaryFile", "/private/var/folders/xr/m5_5rlsd6l9fk2w4ngj13k6m0000gn/T/swbuild.tmp.I9GXyx3j/Data.noindex/Test/aProject/build/aProject.build/Debug/TargetA.build/Objects-normal/arm64/TargetA_const_extract_protocols.json"]), Task(forTarget: <none>, ruleInfo: ["Gate", "target-TargetA-T-TargetA-44525--CustomTaskProducer"]), Task(forTarget: <none>, ruleInfo: ["ClangStatCache", "/Applications/Xcode17E.app/Contents/Developer/Toolchains/XcodeDefault.xctoolchain/usr/bin/clang-stat-cache", "/Applications/Xcode17E.app/Contents/Developer/Platforms/MacOSX.platform/Developer/SDKs/MacOSX26.4.sdk", "/private/var/folders/xr/m5_5rlsd6l9fk2w4ngj13k6m0000gn/T/swbuild.tmp.I9GXyx3j/Data.noindex/Test/SDKStatCaches.noindex/macosx26.4-25E260-95aa6cf8f3effd57bda17e0c125410c0.sdkstatcache"]), Task(forTarget: <none>, ruleInfo: ["Gate", "target-TargetB-T-TargetB-44533--TestEntryPointTaskProducerFactory"]), Task(forTarget: TargetA, ruleInfo: ["Gate", "target-TargetA-T-TargetA-44525--immediate"]), Task(forTarget: <none>, ruleInfo: ["CreateBuildDirectory", "/private/var/folders/xr/m5_5rlsd6l9fk2w4ngj13k6m0000gn/T/swbuild.tmp.I9GXyx3j/Data.noindex/Test/aProject/build/Debug"]), Task(forTarget: TargetA, ruleInfo: ["Gate", "target-TargetA-T-TargetA-44525--entry"]), Task(forTarget: <none>, ruleInfo: ["Gate", "target-TargetA-T-TargetA-44525--SwiftStandardLibrariesTaskProducer"]), Task(forTarget: <none>, ruleInfo: ["Gate", "target-TargetA-T-TargetA-44525--TestEntryPointTaskProducerFactory"]), Task(forTarget: TargetA, ruleInfo: ["WriteAuxiliaryFile", "/private/var/folders/xr/m5_5rlsd6l9fk2w4ngj13k6m0000gn/T/swbuild.tmp.I9GXyx3j/Data.noindex/Test/aProject/build/aProject.build/Debug/TargetA.build/TargetA-project-headers.hmap"]), Task(forTarget: <none>, ruleInfo: ["Gate", "target-TargetA-T-TargetA-44525--Barrier-GenerateStubAPI"]), Task(forTarget: TargetA, ruleInfo: ["MkDir", "/private/var/folders/xr/m5_5rlsd6l9fk2w4ngj13k6m0000gn/T/swbuild.tmp.I9GXyx3j/Data.noindex/Test/aProject/build/Debug/TargetA.framework"]), Task(forTarget: TargetB, ruleInfo: ["WriteAuxiliaryFile", "/private/var/folders/xr/m5_5rlsd6l9fk2w4ngj13k6m0000gn/T/swbuild.tmp.I9GXyx3j/Data.noindex/Test/aProject/build/aProject.build/Debug/TargetB.build/TargetB-generated-files.hmap"]), Task(forTarget: TargetB, ruleInfo: ["WriteAuxiliaryFile", "/private/var/folders/xr/m5_5rlsd6l9fk2w4ngj13k6m0000gn/T/swbuild.tmp.I9GXyx3j/Data.noindex/Test/aProject/build/aProject.build/Debug/TargetB.build/Objects-normal/arm64/TargetB_const_extract_protocols.json"]), Task(forTarget: TargetB, ruleInfo: ["MkDir", "/private/var/folders/xr/m5_5rlsd6l9fk2w4ngj13k6m0000gn/T/swbuild.tmp.I9GXyx3j/Data.noindex/Test/aProject/build/Debug/TargetB.framework/Versions"]), Task(forTarget: <none>, ruleInfo: ["Gate", "target-TargetA-T-TargetA-44525--CopySwiftPackageResourcesTaskProducer"]), Task(forTarget: <none>, ruleInfo: ["Gate", "target-TargetA-T-TargetA-44525--Barrier-ChangeAlternatePermissions"]), Task(forTarget: TargetA, ruleInfo: ["SymLink", "/private/var/folders/xr/m5_5rlsd6l9fk2w4ngj13k6m0000gn/T/swbuild.tmp.I9GXyx3j/Data.noindex/Test/aProject/build/EagerLinkingTBDs/Debug/TargetA.framework/TargetA.tbd", "/private/var/folders/xr/m5_5rlsd6l9fk2w4ngj13k6m0000gn/T/swbuild.tmp.I9GXyx3j/Data.noindex/Test/aProject/build/EagerLinkingTBDs/Debug/TargetA.framework/Versions/A/TargetA.tbd"]), Task(forTarget: <none>, ruleInfo: ["Gate", "target-TargetA-T-TargetA-44525--Barrier-RegisterExecutionPolicyException"]), Task(forTarget: <none>, ruleInfo: ["Gate", "target-TargetB-T-TargetB-44533--SwiftPackageCopyFilesTaskProducer"]), Task(forTarget: TargetA, ruleInfo: ["SwiftCompile", "normal", "arm64", "Compiling fileA1.swift", "/private/var/folders/xr/m5_5rlsd6l9fk2w4ngj13k6m0000gn/T/swbuild.tmp.I9GXyx3j/Data.noindex/Test/aProject/Sources/fileA1.swift"]), Task(forTarget: <none>, ruleInfo: ["Gate", "target-TargetB-T-TargetB-44533--Barrier-StripSymbols"]), Task(forTarget: TargetA, ruleInfo: ["WriteAuxiliaryFile", "/private/var/folders/xr/m5_5rlsd6l9fk2w4ngj13k6m0000gn/T/swbuild.tmp.I9GXyx3j/Data.noindex/Test/aProject/build/aProject.build/Debug/TargetA.build/TargetA-all-non-framework-target-headers.hmap"]), Task(forTarget: <none>, ruleInfo: ["Gate", "target-TargetB-T-TargetB-44533--SanitizerTaskProducer"]), Task(forTarget: <none>, ruleInfo: ["Gate", "target-TargetB-T-TargetB-44533--swift-generated-headers"]), Task(forTarget: <none>, ruleInfo: ["Gate", "target-TargetB-T-TargetB-44533--Barrier-RegisterProduct"]), Task(forTarget: <none>, ruleInfo: ["Gate", "target-TargetB-T-TargetB-44533--GeneratedFilesTaskProducer"]), Task(forTarget: <none>, ruleInfo: ["Gate", "target-TargetA-T-TargetA-44525--Barrier-StripSymbols"]), Task(forTarget: TargetB, ruleInfo: ["GenerateTAPI", "/private/var/folders/xr/m5_5rlsd6l9fk2w4ngj13k6m0000gn/T/swbuild.tmp.I9GXyx3j/Data.noindex/Test/aProject/build/EagerLinkingTBDs/Debug/TargetB.framework/Versions/A/TargetB.tbd"]), Task(forTarget: <none>, ruleInfo: ["Gate", "target-TargetA-T-TargetA-44525--GenerateAppPlaygroundAssetCatalogTaskProducer"]), Task(forTarget: <none>, ruleInfo: ["Gate", "target-TargetA-T-TargetA-44525--Barrier-ChangePermissions"]), Task(forTarget: TargetA, ruleInfo: ["WriteAuxiliaryFile", "/private/var/folders/xr/m5_5rlsd6l9fk2w4ngj13k6m0000gn/T/swbuild.tmp.I9GXyx3j/Data.noindex/Test/aProject/build/aProject.build/Debug/TargetA.build/Objects-normal/arm64/TargetA.SwiftConstValuesFileList"]), Task(forTarget: TargetA, ruleInfo: ["MkDir", "/private/var/folders/xr/m5_5rlsd6l9fk2w4ngj13k6m0000gn/T/swbuild.tmp.I9GXyx3j/Data.noindex/Test/aProject/build/Debug/TargetA.framework/Versions"]), Task(forTarget: <none>, ruleInfo: ["Gate", "target-TargetA-T-TargetA-44525--StubBinaryTaskProducer"]), Task(forTarget: <none>, ruleInfo: ["Gate", "target-TargetB-T-TargetB-44533--ProductPostprocessingTaskProducer"]), Task(forTarget: TargetA, ruleInfo: ["WriteAuxiliaryFile", "/private/var/folders/xr/m5_5rlsd6l9fk2w4ngj13k6m0000gn/T/swbuild.tmp.I9GXyx3j/Data.noindex/Test/aProject/build/aProject.build/Debug/TargetA.build/Objects-normal/arm64/TargetA.LinkFileList"]), Task(forTarget: <none>, ruleInfo: ["Gate", "target-TargetA-T-TargetA-44525--ModuleMapTaskProducer"]), Task(forTarget: TargetA, ruleInfo: ["ExtractAppIntentsMetadata"]), Task(forTarget: TargetB, ruleInfo: ["WriteAuxiliaryFile", "/private/var/folders/xr/m5_5rlsd6l9fk2w4ngj13k6m0000gn/T/swbuild.tmp.I9GXyx3j/Data.noindex/Test/aProject/build/aProject.build/Debug/TargetB.build/TargetB.hmap"]), Task(forTarget: TargetA, ruleInfo: ["SymLink", "/private/var/folders/xr/m5_5rlsd6l9fk2w4ngj13k6m0000gn/T/swbuild.tmp.I9GXyx3j/Data.noindex/Test/aProject/build/Debug/TargetA.framework/TargetA", "Versions/Current/TargetA"]), Task(forTarget: TargetB, ruleInfo: ["MkDir", "/private/var/folders/xr/m5_5rlsd6l9fk2w4ngj13k6m0000gn/T/swbuild.tmp.I9GXyx3j/Data.noindex/Test/aProject/build/Debug/TargetB.framework/Versions/A/Headers"]), Task(forTarget: <none>, ruleInfo: ["CreateBuildDirectory", "/private/var/folders/xr/m5_5rlsd6l9fk2w4ngj13k6m0000gn/T/swbuild.tmp.I9GXyx3j/Data.noindex/Test/aProject/build/ExplicitPrecompiledModules"]), Task(forTarget: <none>, ruleInfo: ["Gate", "target-TargetA-T-TargetA-44525--RealityAssetsTaskProducer"]), Task(forTarget: <none>, ruleInfo: ["Gate", "target-TargetA-T-TargetA-44525--TestHostTaskProducer"]), Task(forTarget: TargetA, ruleInfo: ["Gate", "target-TargetA-T-TargetA-44525--will-sign"]), Task(forTarget: <none>, ruleInfo: ["CreateBuildDirectory", "/private/var/folders/xr/m5_5rlsd6l9fk2w4ngj13k6m0000gn/T/swbuild.tmp.I9GXyx3j/Data.noindex/Test/aProject/build/SharedPrecompiledHeaders"]), Task(forTarget: TargetA, ruleInfo: ["WriteAuxiliaryFile", "/private/var/folders/xr/m5_5rlsd6l9fk2w4ngj13k6m0000gn/T/swbuild.tmp.I9GXyx3j/Data.noindex/Test/aProject/build/aProject.build/Debug/TargetA.build/TargetA.hmap"]), Task(forTarget: TargetA, ruleInfo: ["SymLink", "/private/var/folders/xr/m5_5rlsd6l9fk2w4ngj13k6m0000gn/T/swbuild.tmp.I9GXyx3j/Data.noindex/Test/aProject/build/Debug/TargetA.framework/Modules", "Versions/Current/Modules"]), Task(forTarget: <none>, ruleInfo: ["Gate", "target-TargetA-T-TargetA-44525--copy-headers-completion"]), Task(forTarget: <none>, ruleInfo: ["Gate", "target-TargetA-T-TargetA-44525--fused-phase0-compile-sources"]), Task(forTarget: <none>, ruleInfo: ["Gate", "WorkspaceHeaderMapVFSFilesWritten"]), Task(forTarget: TargetB, ruleInfo: ["SymLink", "/private/var/folders/xr/m5_5rlsd6l9fk2w4ngj13k6m0000gn/T/swbuild.tmp.I9GXyx3j/Data.noindex/Test/aProject/build/Debug/TargetB.framework/Headers", "Versions/Current/Headers"]), Task(forTarget: TargetB, ruleInfo: ["SwiftDriver Compilation Requirements", "TargetB", "normal", "arm64", "com.apple.xcode.tools.swift.compiler"]), Task(forTarget: <none>, ruleInfo: ["Gate", "target-TargetA-T-TargetA-44525--Barrier-RegisterProduct"]), Task(forTarget: TargetB, ruleInfo: ["Gate", "target-TargetB-T-TargetB-44533--modules-ready"]), Task(forTarget: <none>, ruleInfo: ["CreateBuildDirectory", "/private/var/folders/xr/m5_5rlsd6l9fk2w4ngj13k6m0000gn/T/swbuild.tmp.I9GXyx3j/Data.noindex/Test/aProject/build/EagerLinkingTBDs/Debug"]), Task(forTarget: TargetB, ruleInfo: ["WriteAuxiliaryFile", "/private/var/folders/xr/m5_5rlsd6l9fk2w4ngj13k6m0000gn/T/swbuild.tmp.I9GXyx3j/Data.noindex/Test/aProject/build/aProject.build/Debug/TargetB.build/TargetB-all-target-headers.hmap"]), Task(forTarget: <none>, ruleInfo: ["Gate", "target-TargetB-T-TargetB-44533--ModuleVerifierTaskProducer"]), Task(forTarget: TargetA, ruleInfo: ["Gate", "target-TargetA-T-TargetA-44525--begin-scanning"]), Task(forTarget: TargetB, ruleInfo: ["Gate", "target-TargetB-T-TargetB-44533--immediate"]), Task(forTarget: TargetA, ruleInfo: ["GenerateTAPI", "/private/var/folders/xr/m5_5rlsd6l9fk2w4ngj13k6m0000gn/T/swbuild.tmp.I9GXyx3j/Data.noindex/Test/aProject/build/EagerLinkingTBDs/Debug/TargetA.framework/Versions/A/TargetA.tbd"]), Task(forTarget: TargetB, ruleInfo: ["SymLink", "/private/var/folders/xr/m5_5rlsd6l9fk2w4ngj13k6m0000gn/T/swbuild.tmp.I9GXyx3j/Data.noindex/Test/aProject/build/Debug/TargetB.framework/TargetB", "Versions/Current/TargetB"]), Task(forTarget: TargetB, ruleInfo: ["SwiftCompile", "normal", "arm64", "Compiling fileB2.swift", "/private/var/folders/xr/m5_5rlsd6l9fk2w4ngj13k6m0000gn/T/swbuild.tmp.I9GXyx3j/Data.noindex/Test/aProject/Sources/fileB2.swift"])]
↳ Occasionally fails in CI due to SwiftExplicitDependencyCompileModuleFromInterface missing from the dependency graph
━ Test swiftEagerCompilationWithExplicitModules() recorded a known issue at SwiftDriverTests.swift:3602:67: Issue recorded
↳ Unexpected dependency for Task(forTarget: TargetA, ruleInfo: ["SwiftEmitModule", "normal", "arm64", "Emitting module for TargetA"]): found ::SwiftExplicitDependencyCompileModuleFromInterface arm64 /private/var/folders/xr/m5_5rlsd6l9fk2w4ngj13k6m0000gn/T/swbuild.tmp.I9GXyx3j/Data.noindex/Test/aProject/build/SwiftExplicitPrecompiledModules/Swift-NBB0GQDQYZZH.swiftmodule
↳ Occasionally fails in CI due to SwiftExplicitDependencyCompileModuleFromInterface missing from the dependency graph
━ Test swiftEagerCompilationWithExplicitModules() recorded a known issue at SwiftDriverTests.swift:3602:67: Issue recorded
↳ Unexpected dependency for Task(forTarget: TargetA, ruleInfo: ["SwiftEmitModule", "normal", "arm64", "Emitting module for TargetA"]): found ::SwiftExplicitDependencyCompileModuleFromInterface arm64 /private/var/folders/xr/m5_5rlsd6l9fk2w4ngj13k6m0000gn/T/swbuild.tmp.I9GXyx3j/Data.noindex/Test/aProject/build/SwiftExplicitPrecompiledModules/_StringProcessing-1O0ZQ2K74RYD5.swiftmodule
↳ Occasionally fails in CI due to SwiftExplicitDependencyCompileModuleFromInterface missing from the dependency graph
━ Test swiftEagerCompilationWithExplicitModules() recorded a known issue at SwiftDriverTests.swift:3602:67: Issue recorded
↳ Unexpected dependency for Task(forTarget: TargetA, ruleInfo: ["SwiftEmitModule", "normal", "arm64", "Emitting module for TargetA"]): found ::SwiftExplicitDependencyCompileModuleFromInterface arm64 /private/var/folders/xr/m5_5rlsd6l9fk2w4ngj13k6m0000gn/T/swbuild.tmp.I9GXyx3j/Data.noindex/Test/aProject/build/SwiftExplicitPrecompiledModules/_Concurrency-CB34E6W1YOX6.swiftmodule
↳ Occasionally fails in CI due to SwiftExplicitDependencyCompileModuleFromInterface missing from the dependency graph
━ Test swiftEagerCompilationWithExplicitModules() recorded a known issue at SwiftDriverTests.swift:3602:67: Issue recorded
↳ Unexpected dependency for Task(forTarget: TargetA, ruleInfo: ["SwiftEmitModule", "normal", "arm64", "Emitting module for TargetA"]): found ::SwiftExplicitDependencyGeneratePcm arm64 /private/var/folders/xr/m5_5rlsd6l9fk2w4ngj13k6m0000gn/T/swbuild.tmp.I9GXyx3j/Data.noindex/Test/aProject/build/SwiftExplicitPrecompiledModules/SwiftShims-1XRNFTFX3SVGVJQLDAOI208RW.pcm
↳ Occasionally fails in CI due to SwiftExplicitDependencyCompileModuleFromInterface missing from the dependency graph
━ Test swiftEagerCompilationWithExplicitModules() recorded a known issue at SwiftDriverTests.swift:3602:67: Issue recorded
↳ Unexpected dependency for Task(forTarget: TargetA, ruleInfo: ["SwiftEmitModule", "normal", "arm64", "Emitting module for TargetA"]): found ::SwiftExplicitDependencyGeneratePcm arm64 /private/var/folders/xr/m5_5rlsd6l9fk2w4ngj13k6m0000gn/T/swbuild.tmp.I9GXyx3j/Data.noindex/Test/aProject/build/SwiftExplicitPrecompiledModules/_SwiftConcurrencyShims-AIZW70LS1W2L0PXECXLASUUHS.pcm
↳ Occasionally fails in CI due to SwiftExplicitDependencyCompileModuleFromInterface missing from the dependency graph
━ Test swiftEagerCompilationWithExplicitModules() recorded a known issue at SwiftDriverTests.swift:3575:55: Issue recorded
↳ Task Task(forTarget: TargetB, ruleInfo: ["SwiftCompile", "normal", "arm64", "Compiling fileB1.swift", "/private/var/folders/xr/m5_5rlsd6l9fk2w4ngj13k6m0000gn/T/swbuild.tmp.I9GXyx3j/Data.noindex/Test/aProject/Sources/fileB1.swift"]) does not follow any tasks matching [Rule matches [SWBTestSupport.StringPattern.equal("SwiftExplicitDependencyCompileModuleFromInterface"), SWBTestSupport.StringPattern.equal("normal"), SWBTestSupport.StringPattern.equal("arm64"), SWBTestSupport.StringPattern.contains("Swift-")]]. Found: [] in [Task(forTarget: <none>, ruleInfo: ["Gate", "target-TargetA-T-TargetA-44525--Barrier-CopyAside"]), Task(forTarget: <none>, ruleInfo: ["Gate", "target-TargetA-T-TargetA-44525--InfoPlistTaskProducer"]), Task(forTarget: <none>, ruleInfo: ["Gate", "target-TargetB-T-TargetB-44533--Barrier-ChangeAlternatePermissions"]), Task(forTarget: <none>, ruleInfo: ["Gate", "target-TargetA-T-TargetA-44525--swift-generated-headers"]), Task(forTarget: TargetB, ruleInfo: ["ExtractAppIntentsMetadata"]), Task(forTarget: TargetB, ruleInfo: ["SwiftDriver", "TargetB", "normal", "arm64", "com.apple.xcode.tools.swift.compiler"]), Task(forTarget: TargetB, ruleInfo: ["WriteAuxiliaryFile", "/private/var/folders/xr/m5_5rlsd6l9fk2w4ngj13k6m0000gn/T/swbuild.tmp.I9GXyx3j/Data.noindex/Test/aProject/build/aProject.build/Debug/TargetB.build/TargetB-own-target-headers.hmap"]), Task(forTarget: TargetA, ruleInfo: ["WriteAuxiliaryFile", "/private/var/folders/xr/m5_5rlsd6l9fk2w4ngj13k6m0000gn/T/swbuild.tmp.I9GXyx3j/Data.noindex/Test/aProject/build/aProject.build/Debug/TargetA.build/TargetA-generated-files.hmap"]), Task(forTarget: TargetA, ruleInfo: ["SwiftDriver Compilation", "TargetA", "normal", "arm64", "com.apple.xcode.tools.swift.compiler"]), Task(forTarget: TargetA, ruleInfo: ["Ld", "/private/var/folders/xr/m5_5rlsd6l9fk2w4ngj13k6m0000gn/T/swbuild.tmp.I9GXyx3j/Data.noindex/Test/aProject/build/Debug/TargetA.framework/Versions/A/TargetA", "normal"]), Task(forTarget: <none>, ruleInfo: ["SwiftExplicitDependencyCompileModuleFromInterface", "arm64", "/private/var/folders/xr/m5_5rlsd6l9fk2w4ngj13k6m0000gn/T/swbuild.tmp.I9GXyx3j/Data.noindex/Test/aProject/build/SwiftExplicitPrecompiledModules/Swift-NBB0GQDQYZZH.swiftmodule"]), Task(forTarget: TargetB, ruleInfo: ["SwiftMergeGeneratedHeaders", "/private/var/folders/xr/m5_5rlsd6l9fk2w4ngj13k6m0000gn/T/swbuild.tmp.I9GXyx3j/Data.noindex/Test/aProject/build/Debug/TargetB.framework/Versions/A/Headers/TargetB-Swift.h", "/private/var/folders/xr/m5_5rlsd6l9fk2w4ngj13k6m0000gn/T/swbuild.tmp.I9GXyx3j/Data.noindex/Test/aProject/build/aProject.build/Debug/TargetB.build/Objects-normal/arm64/TargetB-Swift.h"]), Task(forTarget: <none>, ruleInfo: ["Gate", "target-TargetB-T-TargetB-44533--TestHostTaskProducer"]), Task(forTarget: TargetB, ruleInfo: ["WriteAuxiliaryFile", "/private/var/folders/xr/m5_5rlsd6l9fk2w4ngj13k6m0000gn/T/swbuild.tmp.I9GXyx3j/Data.noindex/Test/aProject/build/aProject.build/Debug/TargetB.build/Objects-normal/arm64/TargetB.SwiftConstValuesFileList"]), Task(forTarget: <none>, ruleInfo: ["Gate", "target-TargetB-T-TargetB-44533--ModuleMapTaskProducer"]), Task(forTarget: <none>, ruleInfo: ["Gate", "target-TargetB-T-TargetB-44533--SwiftFrameworkABICheckerTaskProducer"]), Task(forTarget: <none>, ruleInfo: ["Gate", "target-TargetB-T-TargetB-44533--Barrier-ChangePermissions"]), Task(forTarget: TargetB, ruleInfo: ["Gate", "target-TargetB-T-TargetB-44533--begin-compiling"]), Task(forTarget: <none>, ruleInfo: ["Gate", "target-TargetB-T-TargetB-44533--TestTargetTaskProducer"]), Task(forTarget: <none>, ruleInfo: ["Gate", "target-TargetB-T-TargetB-44533--TAPISymbolExtractorTaskProducer"]), Task(forTarget: <none>, ruleInfo: ["Gate", "target-TargetB-T-TargetB-44533--HeadermapTaskProducer"]), Task(forTarget: TargetB, ruleInfo: ["Ld", "/private/var/folders/xr/m5_5rlsd6l9fk2w4ngj13k6m0000gn/T/swbuild.tmp.I9GXyx3j/Data.noindex/Test/aProject/build/Debug/TargetB.framework/Versions/A/TargetB", "normal"]), Task(forTarget: TargetB, ruleInfo: ["WriteAuxiliaryFile", "/private/var/folders/xr/m5_5rlsd6l9fk2w4ngj13k6m0000gn/T/swbuild.tmp.I9GXyx3j/Data.noindex/Test/aProject/build/aProject.build/Debug/TargetB.build/Objects-normal/arm64/TargetB.LinkFileList"]), Task(forTarget: <none>, ruleInfo: ["Gate", "target-TargetB-T-TargetB-44533--TestTargetPostprocessingTaskProducer"]), Task(forTarget: <none>, ruleInfo: ["SwiftExplicitDependencyGeneratePcm", "arm64", "/private/var/folders/xr/m5_5rlsd6l9fk2w4ngj13k6m0000gn/T/swbuild.tmp.I9GXyx3j/Data.noindex/Test/aProject/build/SwiftExplicitPrecompiledModules/_SwiftConcurrencyShims-AIZW70LS1W2L0PXECXLASUUHS.pcm"]), Task(forTarget: TargetA, ruleInfo: ["SymLink", "/private/var/folders/xr/m5_5rlsd6l9fk2w4ngj13k6m0000gn/T/swbuild.tmp.I9GXyx3j/Data.noindex/Test/aProject/build/Debug/TargetA.framework/Versions/Current", "A"]), Task(forTarget: <none>, ruleInfo: ["CreateBuildDirectory", "/private/var/folders/xr/m5_5rlsd6l9fk2w4ngj13k6m0000gn/T/swbuild.tmp.I9GXyx3j/Data.noindex/Test/aProject/build"]), Task(forTarget: TargetB, ruleInfo: ["WriteAuxiliaryFile", "/private/var/folders/xr/m5_5rlsd6l9fk2w4ngj13k6m0000gn/T/swbuild.tmp.I9GXyx3j/Data.noindex/Test/aProject/build/aProject.build/Debug/TargetB.build/TargetB.DependencyMetadataFileList"]), Task(forTarget: TargetA, ruleInfo: ["WriteAuxiliaryFile", "/private/var/folders/xr/m5_5rlsd6l9fk2w4ngj13k6m0000gn/T/swbuild.tmp.I9GXyx3j/Data.noindex/Test/aProject/build/aProject.build/Debug/TargetA.build/TargetA.DependencyMetadataFileList"]), Task(forTarget: <none>, ruleInfo: ["Gate", "target-TargetB-T-TargetB-44533--AppExtensionInfoPlistGeneratorTaskProducer"]), Task(forTarget: <none>, ruleInfo: ["Gate", "target-TargetA-T-TargetA-44525--SwiftABIBaselineGenerationTaskProducer"]), Task(forTarget: <none>, ruleInfo: ["Gate", "target-TargetA-T-TargetA-44525--Barrier-Validate"]), Task(forTarget: <none>, ruleInfo: ["SwiftExplicitDependencyGeneratePcm", "arm64", "/private/var/folders/xr/m5_5rlsd6l9fk2w4ngj13k6m0000gn/T/swbuild.tmp.I9GXyx3j/Data.noindex/Test/aProject/build/SwiftExplicitPrecompiledModules/SwiftShims-1XRNFTFX3SVGVJQLDAOI208RW.pcm"]), Task(forTarget: TargetA, ruleInfo: ["SymLink", "/private/var/folders/xr/m5_5rlsd6l9fk2w4ngj13k6m0000gn/T/swbuild.tmp.I9GXyx3j/Data.noindex/Test/aProject/build/Debug/TargetA.framework/Headers", "Versions/Current/Headers"]), Task(forTarget: <none>, ruleInfo: ["Gate", "target-TargetA-T-TargetA-44525--generated-headers"]), Task(forTarget: TargetB, ruleInfo: ["SymLink", "/private/var/folders/xr/m5_5rlsd6l9fk2w4ngj13k6m0000gn/T/swbuild.tmp.I9GXyx3j/Data.noindex/Test/aProject/build/Debug/TargetB.framework/Modules", "Versions/Current/Modules"]), Task(forTarget: <none>, ruleInfo: ["WriteAuxiliaryFile", "/private/var/folders/xr/m5_5rlsd6l9fk2w4ngj13k6m0000gn/T/swbuild.tmp.I9GXyx3j/Data.noindex/Test/aProject/build/aProject.build/Debug/aProject-P44536-VFS/all-product-headers.yaml"]), Task(forTarget: <none>, ruleInfo: ["Gate", "target-TargetA-T-TargetA-44525--TAPISymbolExtractorTaskProducer"]), Task(forTarget: <none>, ruleInfo: ["Gate", "target-TargetA-T-TargetA-44525--TestTargetTaskProducer"]), Task(forTarget: <none>, ruleInfo: ["Gate", "target-TargetB-T-TargetB-44533--CopySwiftPackageResourcesTaskProducer"]), Task(forTarget: <none>, ruleInfo: ["Gate", "target-TargetB-T-TargetB-44533--AppIntentsMetadataTaskProducer"]), Task(forTarget: TargetA, ruleInfo: ["WriteAuxiliaryFile", "/private/var/folders/xr/m5_5rlsd6l9fk2w4ngj13k6m0000gn/T/swbuild.tmp.I9GXyx3j/Data.noindex/Test/aProject/build/aProject.build/Debug/TargetA.build/TargetA-all-target-headers.hmap"]), Task(forTarget: TargetB, ruleInfo: ["MkDir", "/private/var/folders/xr/m5_5rlsd6l9fk2w4ngj13k6m0000gn/T/swbuild.tmp.I9GXyx3j/Data.noindex/Test/aProject/build/Debug/TargetB.framework/Versions/A"]), Task(forTarget: <none>, ruleInfo: ["Gate", "target-TargetB-T-TargetB-44533--CustomTaskProducer"]), Task(forTarget: TargetB, ruleInfo: ["WriteAuxiliaryFile", "/private/var/folders/xr/m5_5rlsd6l9fk2w4ngj13k6m0000gn/T/swbuild.tmp.I9GXyx3j/Data.noindex/Test/aProject/build/aProject.build/Debug/TargetB.build/Objects-normal/arm64/TargetB.SwiftFileList"]), Task(forTarget: TargetB, ruleInfo: ["WriteAuxiliaryFile", "/private/var/folders/xr/m5_5rlsd6l9fk2w4ngj13k6m0000gn/T/swbuild.tmp.I9GXyx3j/Data.noindex/Test/aProject/build/aProject.build/Debug/TargetB.build/Objects-normal/arm64/TargetB-OutputFileMap.json"]), Task(forTarget: TargetA, ruleInfo: ["MkDir", "/private/var/folders/xr/m5_5rlsd6l9fk2w4ngj13k6m0000gn/T/swbuild.tmp.I9GXyx3j/Data.noindex/Test/aProject/build/Debug/TargetA.framework/Versions/A/Headers"]), Task(forTarget: <none>, ruleInfo: ["Gate", "target-TargetB-T-TargetB-44533--StubBinaryTaskProducer"]), Task(forTarget: <none>, ruleInfo: ["Gate", "target-TargetB-T-TargetB-44533--DocumentationTaskProducer"]), Task(forTarget: TargetA, ruleInfo: ["SwiftDriver", "TargetA", "normal", "arm64", "com.apple.xcode.tools.swift.compiler"]), Task(forTarget: <none>, ruleInfo: ["Gate", "target-TargetB-T-TargetB-44533--GenerateAppPlaygroundAssetCatalogTaskProducer"]), Task(forTarget: <none>, ruleInfo: ["Gate", "target-TargetA-T-TargetA-44525--Barrier-CodeSign"]), Task(forTarget: <none>, ruleInfo: ["Gate", "target-TargetA-T-TargetA-44525--AppExtensionInfoPlistGeneratorTaskProducer"]), Task(forTarget: TargetB, ruleInfo: ["Gate", "target-TargetB-T-TargetB-44533--entry"]), Task(forTarget: TargetB, ruleInfo: ["Gate", "target-TargetB-T-TargetB-44533--will-sign"]), Task(forTarget: <none>, ruleInfo: ["Gate", "target-TargetB-T-TargetB-44533--Barrier-CopyAside"]), Task(forTarget: <none>, ruleInfo: ["Gate", "target-TargetA-T-TargetA-44525--ProductStructureTaskProducer"]), Task(forTarget: TargetA, ruleInfo: ["Gate", "target-TargetA-T-TargetA-44525--begin-linking"]), Task(forTarget: TargetB, ruleInfo: ["Copy", "/private/var/folders/xr/m5_5rlsd6l9fk2w4ngj13k6m0000gn/T/swbuild.tmp.I9GXyx3j/Data.noindex/Test/aProject/build/Debug/TargetB.framework/Versions/A/Modules/TargetB.swiftmodule/arm64-apple-macos.swiftdoc", "/private/var/folders/xr/m5_5rlsd6l9fk2w4ngj13k6m0000gn/T/swbuild.tmp.I9GXyx3j/Data.noindex/Test/aProject/build/aProject.build/Debug/TargetB.build/Objects-normal/arm64/TargetB.swiftdoc"]), Task(forTarget: TargetB, ruleInfo: ["Copy", "/private/var/folders/xr/m5_5rlsd6l9fk2w4ngj13k6m0000gn/T/swbuild.tmp.I9GXyx3j/Data.noindex/Test/aProject/build/Debug/TargetB.framework/Versions/A/Modules/TargetB.swiftmodule/arm64-apple-macos.swiftmodule", "/private/var/folders/xr/m5_5rlsd6l9fk2w4ngj13k6m0000gn/T/swbuild.tmp.I9GXyx3j/Data.noindex/Test/aProject/build/aProject.build/Debug/TargetB.build/Objects-normal/arm64/TargetB.swiftmodule"]), Task(forTarget: TargetB, ruleInfo: ["SymLink", "/private/var/folders/xr/m5_5rlsd6l9fk2w4ngj13k6m0000gn/T/swbuild.tmp.I9GXyx3j/Data.noindex/Test/aProject/build/EagerLinkingTBDs/Debug/TargetB.framework/TargetB.tbd", "/private/var/folders/xr/m5_5rlsd6l9fk2w4ngj13k6m0000gn/T/swbuild.tmp.I9GXyx3j/Data.noindex/Test/aProject/build/EagerLinkingTBDs/Debug/TargetB.framework/Versions/A/TargetB.tbd"]), Task(forTarget: TargetA, ruleInfo: ["SwiftMergeGeneratedHeaders", "/private/var/folders/xr/m5_5rlsd6l9fk2w4ngj13k6m0000gn/T/swbuild.tmp.I9GXyx3j/Data.noindex/Test/aProject/build/Debug/TargetA.framework/Versions/A/Headers/TargetA-Swift.h", "/private/var/folders/xr/m5_5rlsd6l9fk2w4ngj13k6m0000gn/T/swbuild.tmp.I9GXyx3j/Data.noindex/Test/aProject/build/aProject.build/Debug/TargetA.build/Objects-normal/arm64/TargetA-Swift.h"]), Task(forTarget: <none>, ruleInfo: ["SwiftExplicitDependencyCompileModuleFromInterface", "arm64", "/private/var/folders/xr/m5_5rlsd6l9fk2w4ngj13k6m0000gn/T/swbuild.tmp.I9GXyx3j/Data.noindex/Test/aProject/build/SwiftExplicitPrecompiledModules/_Concurrency-CB34E6W1YOX6.swiftmodule"]), Task(forTarget: TargetA, ruleInfo: ["Gate", "target-TargetA-T-TargetA-44525--unsigned-product-ready"]), Task(forTarget: TargetA, ruleInfo: ["Gate", "target-TargetA-T-TargetA-44525--end"]), Task(forTarget: <none>, ruleInfo: ["Gate", "target-TargetA-T-TargetA-44525--ExtensionPointExtractorTaskProducer"]), Task(forTarget: TargetB, ruleInfo: ["Touch", "/private/var/folders/xr/m5_5rlsd6l9fk2w4ngj13k6m0000gn/T/swbuild.tmp.I9GXyx3j/Data.noindex/Test/aProject/build/Debug/TargetB.framework"]), Task(forTarget: TargetB, ruleInfo: ["Gate", "target-TargetB-T-TargetB-44533--linker-inputs-ready"]), Task(forTarget: TargetA, ruleInfo: ["WriteAuxiliaryFile", "/private/var/folders/xr/m5_5rlsd6l9fk2w4ngj13k6m0000gn/T/swbuild.tmp.I9GXyx3j/Data.noindex/Test/aProject/build/aProject.build/Debug/TargetA.build/Objects-normal/arm64/TargetA.SwiftFileList"]), Task(forTarget: TargetB, ruleInfo: ["WriteAuxiliaryFile", "/private/var/folders/xr/m5_5rlsd6l9fk2w4ngj13k6m0000gn/T/swbuild.tmp.I9GXyx3j/Data.noindex/Test/aProject/build/aProject.build/Debug/TargetB.build/TargetB-project-headers.hmap"]), Task(forTarget: <none>, ruleInfo: ["Gate", "target-TargetB-T-TargetB-44533--copy-headers-completion"]), Task(forTarget: <none>, ruleInfo: ["Gate", "target-TargetB-T-TargetB-44533--Barrier-Validate"]), Task(forTarget: TargetB, ruleInfo: ["Copy", "/private/var/folders/xr/m5_5rlsd6l9fk2w4ngj13k6m0000gn/T/swbuild.tmp.I9GXyx3j/Data.noindex/Test/aProject/build/Debug/TargetB.framework/Versions/A/Modules/TargetB.swiftmodule/arm64-apple-macos.abi.json", "/private/var/folders/xr/m5_5rlsd6l9fk2w4ngj13k6m0000gn/T/swbuild.tmp.I9GXyx3j/Data.noindex/Test/aProject/build/aProject.build/Debug/TargetB.build/Objects-normal/arm64/TargetB.abi.json"]), Task(forTarget: TargetA, ruleInfo: ["WriteAuxiliaryFile", "/private/var/folders/xr/m5_5rlsd6l9fk2w4ngj13k6m0000gn/T/swbuild.tmp.I9GXyx3j/Data.noindex/Test/aProject/build/aProject.build/Debug/TargetA.build/TargetA-own-target-headers.hmap"]), Task(forTarget: TargetB, ruleInfo: ["Gate", "target-TargetB-T-TargetB-44533--begin-scanning"]), Task(forTarget: TargetA, ruleInfo: ["WriteAuxiliaryFile", "/private/var/folders/xr/m5_5rlsd6l9fk2w4ngj13k6m0000gn/T/swbuild.tmp.I9GXyx3j/Data.noindex/Test/aProject/build/aProject.build/Debug/TargetA.build/TargetA.DependencyStaticMetadataFileList"]), Task(forTarget: <none>, ruleInfo: ["Gate", "target-TargetA-T-TargetA-44525--ModuleVerifierTaskProducer"]), Task(forTarget: TargetA, ruleInfo: ["SwiftCompile", "normal", "arm64", "Compiling fileA2.swift", "/private/var/folders/xr/m5_5rlsd6l9fk2w4ngj13k6m0000gn/T/swbuild.tmp.I9GXyx3j/Data.noindex/Test/aProject/Sources/fileA2.swift"]), Task(forTarget: TargetA, ruleInfo: ["Copy", "/private/var/folders/xr/m5_5rlsd6l9fk2w4ngj13k6m0000gn/T/swbuild.tmp.I9GXyx3j/Data.noindex/Test/aProject/build/Debug/TargetA.framework/Versions/A/Modules/TargetA.swiftmodule/arm64-apple-macos.swiftmodule", "/private/var/folders/xr/m5_5rlsd6l9fk2w4ngj13k6m0000gn/T/swbuild.tmp.I9GXyx3j/Data.noindex/Test/aProject/build/aProject.build/Debug/TargetA.build/Objects-normal/arm64/TargetA.swiftmodule"]), Task(forTarget: TargetA, ruleInfo: ["Gate", "target-TargetA-T-TargetA-44525--modules-ready"]), Task(forTarget: TargetB, ruleInfo: ["SwiftCompile", "normal", "arm64", "Compiling fileB1.swift", "/private/var/folders/xr/m5_5rlsd6l9fk2w4ngj13k6m0000gn/T/swbuild.tmp.I9GXyx3j/Data.noindex/Test/aProject/Sources/fileB1.swift"]), Task(forTarget: <none>, ruleInfo: ["Gate", "target-TargetB-T-TargetB-44533--Barrier-CodeSign"]), Task(forTarget: <none>, ruleInfo: ["Gate", "target-TargetB-T-TargetB-44533--generated-headers"]), Task(forTarget: <none>, ruleInfo: ["CreateBuildDirectory", "/private/var/folders/xr/m5_5rlsd6l9fk2w4ngj13k6m0000gn/T/swbuild.tmp.I9GXyx3j/Data.noindex/Test/aProject/build/SwiftExplicitPrecompiledModules"]), Task(forTarget: <none>, ruleInfo: ["Gate", "target-TargetA-T-TargetA-44525--SanitizerTaskProducer"]), Task(forTarget: TargetA, ruleInfo: ["SwiftDriver Compilation Requirements", "TargetA", "normal", "arm64", "com.apple.xcode.tools.swift.compiler"]), Task(forTarget: <none>, ruleInfo: ["CreateBuildDirectory", "/var/folders/xr/m5_5rlsd6l9fk2w4ngj13k6m0000gn/C/com.apple.DeveloperTools/26.4.1-17E202/Xcode/CompilationCache.noindex"]), Task(forTarget: <none>, ruleInfo: ["Gate", "target-TargetA-T-TargetA-44525--AppIntentsMetadataTaskProducer"]), Task(forTarget: TargetB, ruleInfo: ["SymLink", "/private/var/folders/xr/m5_5rlsd6l9fk2w4ngj13k6m0000gn/T/swbuild.tmp.I9GXyx3j/Data.noindex/Test/aProject/build/Debug/TargetB.framework/Versions/Current", "A"]), Task(forTarget: TargetA, ruleInfo: ["Copy", "/private/var/folders/xr/m5_5rlsd6l9fk2w4ngj13k6m0000gn/T/swbuild.tmp.I9GXyx3j/Data.noindex/Test/aProject/build/Debug/TargetA.framework/Versions/A/Modules/TargetA.swiftmodule/arm64-apple-macos.swiftdoc", "/private/var/folders/xr/m5_5rlsd6l9fk2w4ngj13k6m0000gn/T/swbuild.tmp.I9GXyx3j/Data.noindex/Test/aProject/build/aProject.build/Debug/TargetA.build/Objects-normal/arm64/TargetA.swiftdoc"]), Task(forTarget: TargetA, ruleInfo: ["RegisterExecutionPolicyException", "/private/var/folders/xr/m5_5rlsd6l9fk2w4ngj13k6m0000gn/T/swbuild.tmp.I9GXyx3j/Data.noindex/Test/aProject/build/Debug/TargetA.framework"]), Task(forTarget: <none>, ruleInfo: ["Gate", "target-TargetA-T-TargetA-44525--SwiftPackageCopyFilesTaskProducer"]), Task(forTarget: TargetA, ruleInfo: ["Copy", "/private/var/folders/xr/m5_5rlsd6l9fk2w4ngj13k6m0000gn/T/swbuild.tmp.I9GXyx3j/Data.noindex/Test/aProject/build/Debug/TargetA.framework/Versions/A/Modules/TargetA.swiftmodule/arm64-apple-macos.abi.json", "/private/var/folders/xr/m5_5rlsd6l9fk2w4ngj13k6m0000gn/T/swbuild.tmp.I9GXyx3j/Data.noindex/Test/aProject/build/aProject.build/Debug/TargetA.build/Objects-normal/arm64/TargetA.abi.json"]), Task(forTarget: TargetB, ruleInfo: ["SwiftEmitModule", "normal", "arm64", "Emitting module for TargetB"]), Task(forTarget: TargetA, ruleInfo: ["Touch", "/private/var/folders/xr/m5_5rlsd6l9fk2w4ngj13k6m0000gn/T/swbuild.tmp.I9GXyx3j/Data.noindex/Test/aProject/build/Debug/TargetA.framework"]), Task(forTarget: TargetA, ruleInfo: ["Gate", "target-TargetA-T-TargetA-44525--linker-inputs-ready"]), Task(forTarget: <none>, ruleInfo: ["Gate", "target-TargetB-T-TargetB-44533--ProductStructureTaskProducer"]), Task(forTarget: TargetB, ruleInfo: ["SwiftDriver Compilation", "TargetB", "normal", "arm64", "com.apple.xcode.tools.swift.compiler"]), Task(forTarget: <none>, ruleInfo: ["Gate", "target-TargetB-T-TargetB-44533--Barrier-RegisterExecutionPolicyException"]), Task(forTarget: TargetA, ruleInfo: ["WriteAuxiliaryFile", "/private/var/folders/xr/m5_5rlsd6l9fk2w4ngj13k6m0000gn/T/swbuild.tmp.I9GXyx3j/Data.noindex/Test/aProject/build/aProject.build/Debug/TargetA.build/Objects-normal/arm64/TargetA-OutputFileMap.json"]), Task(forTarget: <none>, ruleInfo: ["Gate", "target-TargetA-T-TargetA-44525--HeadermapTaskProducer"]), Task(forTarget: TargetB, ruleInfo: ["WriteAuxiliaryFile", "/private/var/folders/xr/m5_5rlsd6l9fk2w4ngj13k6m0000gn/T/swbuild.tmp.I9GXyx3j/Data.noindex/Test/aProject/build/aProject.build/Debug/TargetB.build/TargetB.DependencyStaticMetadataFileList"]), Task(forTarget: TargetA, ruleInfo: ["Gate", "target-TargetA-T-TargetA-44525--begin-compiling"]), Task(forTarget: <none>, ruleInfo: ["Gate", "target-TargetA-T-TargetA-44525--GeneratedFilesTaskProducer"]), Task(forTarget: <none>, ruleInfo: ["Gate", "target-TargetA-T-TargetA-44525--DocumentationTaskProducer"]), Task(forTarget: <none>, ruleInfo: ["Gate", "target-TargetB-T-TargetB-44533--InfoPlistTaskProducer"]), Task(forTarget: <none>, ruleInfo: ["Gate", "target-TargetA-T-TargetA-44525--SwiftFrameworkABICheckerTaskProducer"]), Task(forTarget: TargetB, ruleInfo: ["Gate", "target-TargetB-T-TargetB-44533--end"]), Task(forTarget: TargetA, ruleInfo: ["MkDir", "/private/var/folders/xr/m5_5rlsd6l9fk2w4ngj13k6m0000gn/T/swbuild.tmp.I9GXyx3j/Data.noindex/Test/aProject/build/Debug/TargetA.framework/Versions/A"]), Task(forTarget: <none>, ruleInfo: ["Gate", "target-TargetB-T-TargetB-44533--fused-phase0-compile-sources&link-binary"]), Task(forTarget: <none>, ruleInfo: ["Gate", "target-TargetB-T-TargetB-44533--SwiftStandardLibrariesTaskProducer"]), Task(forTarget: <none>, ruleInfo: ["Gate", "target-TargetB-T-TargetB-44533--SwiftABIBaselineGenerationTaskProducer"]), Task(forTarget: <none>, ruleInfo: ["Gate", "target-TargetA-T-TargetA-44525--TestTargetPostprocessingTaskProducer"]), Task(forTarget: <none>, ruleInfo: ["Gate", "target-TargetA-T-TargetA-44525--ProductPostprocessingTaskProducer"]), Task(forTarget: <none>, ruleInfo: ["Gate", "target-TargetB-T-TargetB-44533--RealityAssetsTaskProducer"]), Task(forTarget: TargetA, ruleInfo: ["Copy", "/private/var/folders/xr/m5_5rlsd6l9fk2w4ngj13k6m0000gn/T/swbuild.tmp.I9GXyx3j/Data.noindex/Test/aProject/build/Debug/TargetA.framework/Versions/A/Modules/TargetA.swiftmodule/Project/arm64-apple-macos.swiftsourceinfo", "/private/var/folders/xr/m5_5rlsd6l9fk2w4ngj13k6m0000gn/T/swbuild.tmp.I9GXyx3j/Data.noindex/Test/aProject/build/aProject.build/Debug/TargetA.build/Objects-normal/arm64/TargetA.swiftsourceinfo"]), Task(forTarget: TargetB, ruleInfo: ["Copy", "/private/var/folders/xr/m5_5rlsd6l9fk2w4ngj13k6m0000gn/T/swbuild.tmp.I9GXyx3j/Data.noindex/Test/aProject/build/Debug/TargetB.framework/Versions/A/Modules/TargetB.swiftmodule/Project/arm64-apple-macos.swiftsourceinfo", "/private/var/folders/xr/m5_5rlsd6l9fk2w4ngj13k6m0000gn/T/swbuild.tmp.I9GXyx3j/Data.noindex/Test/aProject/build/aProject.build/Debug/TargetB.build/Objects-normal/arm64/TargetB.swiftsourceinfo"]), Task(forTarget: TargetB, ruleInfo: ["WriteAuxiliaryFile", "/private/var/folders/xr/m5_5rlsd6l9fk2w4ngj13k6m0000gn/T/swbuild.tmp.I9GXyx3j/Data.noindex/Test/aProject/build/aProject.build/Debug/TargetB.build/TargetB-all-non-framework-target-headers.hmap"]), Task(forTarget: <none>, ruleInfo: ["Gate", "target-TargetB-T-TargetB-44533--Barrier-GenerateStubAPI"]), Task(forTarget: TargetB, ruleInfo: ["RegisterExecutionPolicyException", "/private/var/folders/xr/m5_5rlsd6l9fk2w4ngj13k6m0000gn/T/swbuild.tmp.I9GXyx3j/Data.noindex/Test/aProject/build/Debug/TargetB.framework"]), Task(forTarget: TargetA, ruleInfo: ["SwiftEmitModule", "normal", "arm64", "Emitting module for TargetA"]), Task(forTarget: <none>, ruleInfo: ["SwiftExplicitDependencyCompileModuleFromInterface", "arm64", "/private/var/folders/xr/m5_5rlsd6l9fk2w4ngj13k6m0000gn/T/swbuild.tmp.I9GXyx3j/Data.noindex/Test/aProject/build/SwiftExplicitPrecompiledModules/_StringProcessing-1O0ZQ2K74RYD5.swiftmodule"]), Task(forTarget: TargetB, ruleInfo: ["Gate", "target-TargetB-T-TargetB-44533--begin-linking"]), Task(forTarget: TargetB, ruleInfo: ["Gate", "target-TargetB-T-TargetB-44533--unsigned-product-ready"]), Task(forTarget: TargetB, ruleInfo: ["MkDir", "/private/var/folders/xr/m5_5rlsd6l9fk2w4ngj13k6m0000gn/T/swbuild.tmp.I9GXyx3j/Data.noindex/Test/aProject/build/Debug/TargetB.framework"]), Task(forTarget: <none>, ruleInfo: ["Gate", "target-TargetB-T-TargetB-44533--ExtensionPointExtractorTaskProducer"]), Task(forTarget: TargetA, ruleInfo: ["WriteAuxiliaryFile", "/private/var/folders/xr/m5_5rlsd6l9fk2w4ngj13k6m0000gn/T/swbuild.tmp.I9GXyx3j/Data.noindex/Test/aProject/build/aProject.build/Debug/TargetA.build/Objects-normal/arm64/TargetA_const_extract_protocols.json"]), Task(forTarget: <none>, ruleInfo: ["Gate", "target-TargetA-T-TargetA-44525--CustomTaskProducer"]), Task(forTarget: <none>, ruleInfo: ["ClangStatCache", "/Applications/Xcode17E.app/Contents/Developer/Toolchains/XcodeDefault.xctoolchain/usr/bin/clang-stat-cache", "/Applications/Xcode17E.app/Contents/Developer/Platforms/MacOSX.platform/Developer/SDKs/MacOSX26.4.sdk", "/private/var/folders/xr/m5_5rlsd6l9fk2w4ngj13k6m0000gn/T/swbuild.tmp.I9GXyx3j/Data.noindex/Test/SDKStatCaches.noindex/macosx26.4-25E260-95aa6cf8f3effd57bda17e0c125410c0.sdkstatcache"]), Task(forTarget: <none>, ruleInfo: ["Gate", "target-TargetB-T-TargetB-44533--TestEntryPointTaskProducerFactory"]), Task(forTarget: TargetA, ruleInfo: ["Gate", "target-TargetA-T-TargetA-44525--immediate"]), Task(forTarget: <none>, ruleInfo: ["CreateBuildDirectory", "/private/var/folders/xr/m5_5rlsd6l9fk2w4ngj13k6m0000gn/T/swbuild.tmp.I9GXyx3j/Data.noindex/Test/aProject/build/Debug"]), Task(forTarget: TargetA, ruleInfo: ["Gate", "target-TargetA-T-TargetA-44525--entry"]), Task(forTarget: <none>, ruleInfo: ["Gate", "target-TargetA-T-TargetA-44525--SwiftStandardLibrariesTaskProducer"]), Task(forTarget: <none>, ruleInfo: ["Gate", "target-TargetA-T-TargetA-44525--TestEntryPointTaskProducerFactory"]), Task(forTarget: TargetA, ruleInfo: ["WriteAuxiliaryFile", "/private/var/folders/xr/m5_5rlsd6l9fk2w4ngj13k6m0000gn/T/swbuild.tmp.I9GXyx3j/Data.noindex/Test/aProject/build/aProject.build/Debug/TargetA.build/TargetA-project-headers.hmap"]), Task(forTarget: <none>, ruleInfo: ["Gate", "target-TargetA-T-TargetA-44525--Barrier-GenerateStubAPI"]), Task(forTarget: TargetA, ruleInfo: ["MkDir", "/private/var/folders/xr/m5_5rlsd6l9fk2w4ngj13k6m0000gn/T/swbuild.tmp.I9GXyx3j/Data.noindex/Test/aProject/build/Debug/TargetA.framework"]), Task(forTarget: TargetB, ruleInfo: ["WriteAuxiliaryFile", "/private/var/folders/xr/m5_5rlsd6l9fk2w4ngj13k6m0000gn/T/swbuild.tmp.I9GXyx3j/Data.noindex/Test/aProject/build/aProject.build/Debug/TargetB.build/TargetB-generated-files.hmap"]), Task(forTarget: TargetB, ruleInfo: ["WriteAuxiliaryFile", "/private/var/folders/xr/m5_5rlsd6l9fk2w4ngj13k6m0000gn/T/swbuild.tmp.I9GXyx3j/Data.noindex/Test/aProject/build/aProject.build/Debug/TargetB.build/Objects-normal/arm64/TargetB_const_extract_protocols.json"]), Task(forTarget: TargetB, ruleInfo: ["MkDir", "/private/var/folders/xr/m5_5rlsd6l9fk2w4ngj13k6m0000gn/T/swbuild.tmp.I9GXyx3j/Data.noindex/Test/aProject/build/Debug/TargetB.framework/Versions"]), Task(forTarget: <none>, ruleInfo: ["Gate", "target-TargetA-T-TargetA-44525--CopySwiftPackageResourcesTaskProducer"]), Task(forTarget: <none>, ruleInfo: ["Gate", "target-TargetA-T-TargetA-44525--Barrier-ChangeAlternatePermissions"]), Task(forTarget: TargetA, ruleInfo: ["SymLink", "/private/var/folders/xr/m5_5rlsd6l9fk2w4ngj13k6m0000gn/T/swbuild.tmp.I9GXyx3j/Data.noindex/Test/aProject/build/EagerLinkingTBDs/Debug/TargetA.framework/TargetA.tbd", "/private/var/folders/xr/m5_5rlsd6l9fk2w4ngj13k6m0000gn/T/swbuild.tmp.I9GXyx3j/Data.noindex/Test/aProject/build/EagerLinkingTBDs/Debug/TargetA.framework/Versions/A/TargetA.tbd"]), Task(forTarget: <none>, ruleInfo: ["Gate", "target-TargetA-T-TargetA-44525--Barrier-RegisterExecutionPolicyException"]), Task(forTarget: <none>, ruleInfo: ["Gate", "target-TargetB-T-TargetB-44533--SwiftPackageCopyFilesTaskProducer"]), Task(forTarget: TargetA, ruleInfo: ["SwiftCompile", "normal", "arm64", "Compiling fileA1.swift", "/private/var/folders/xr/m5_5rlsd6l9fk2w4ngj13k6m0000gn/T/swbuild.tmp.I9GXyx3j/Data.noindex/Test/aProject/Sources/fileA1.swift"]), Task(forTarget: <none>, ruleInfo: ["Gate", "target-TargetB-T-TargetB-44533--Barrier-StripSymbols"]), Task(forTarget: TargetA, ruleInfo: ["WriteAuxiliaryFile", "/private/var/folders/xr/m5_5rlsd6l9fk2w4ngj13k6m0000gn/T/swbuild.tmp.I9GXyx3j/Data.noindex/Test/aProject/build/aProject.build/Debug/TargetA.build/TargetA-all-non-framework-target-headers.hmap"]), Task(forTarget: <none>, ruleInfo: ["Gate", "target-TargetB-T-TargetB-44533--SanitizerTaskProducer"]), Task(forTarget: <none>, ruleInfo: ["Gate", "target-TargetB-T-TargetB-44533--swift-generated-headers"]), Task(forTarget: <none>, ruleInfo: ["Gate", "target-TargetB-T-TargetB-44533--Barrier-RegisterProduct"]), Task(forTarget: <none>, ruleInfo: ["Gate", "target-TargetB-T-TargetB-44533--GeneratedFilesTaskProducer"]), Task(forTarget: <none>, ruleInfo: ["Gate", "target-TargetA-T-TargetA-44525--Barrier-StripSymbols"]), Task(forTarget: TargetB, ruleInfo: ["GenerateTAPI", "/private/var/folders/xr/m5_5rlsd6l9fk2w4ngj13k6m0000gn/T/swbuild.tmp.I9GXyx3j/Data.noindex/Test/aProject/build/EagerLinkingTBDs/Debug/TargetB.framework/Versions/A/TargetB.tbd"]), Task(forTarget: <none>, ruleInfo: ["Gate", "target-TargetA-T-TargetA-44525--GenerateAppPlaygroundAssetCatalogTaskProducer"]), Task(forTarget: <none>, ruleInfo: ["Gate", "target-TargetA-T-TargetA-44525--Barrier-ChangePermissions"]), Task(forTarget: TargetA, ruleInfo: ["WriteAuxiliaryFile", "/private/var/folders/xr/m5_5rlsd6l9fk2w4ngj13k6m0000gn/T/swbuild.tmp.I9GXyx3j/Data.noindex/Test/aProject/build/aProject.build/Debug/TargetA.build/Objects-normal/arm64/TargetA.SwiftConstValuesFileList"]), Task(forTarget: TargetA, ruleInfo: ["MkDir", "/private/var/folders/xr/m5_5rlsd6l9fk2w4ngj13k6m0000gn/T/swbuild.tmp.I9GXyx3j/Data.noindex/Test/aProject/build/Debug/TargetA.framework/Versions"]), Task(forTarget: <none>, ruleInfo: ["Gate", "target-TargetA-T-TargetA-44525--StubBinaryTaskProducer"]), Task(forTarget: <none>, ruleInfo: ["Gate", "target-TargetB-T-TargetB-44533--ProductPostprocessingTaskProducer"]), Task(forTarget: TargetA, ruleInfo: ["WriteAuxiliaryFile", "/private/var/folders/xr/m5_5rlsd6l9fk2w4ngj13k6m0000gn/T/swbuild.tmp.I9GXyx3j/Data.noindex/Test/aProject/build/aProject.build/Debug/TargetA.build/Objects-normal/arm64/TargetA.LinkFileList"]), Task(forTarget: <none>, ruleInfo: ["Gate", "target-TargetA-T-TargetA-44525--ModuleMapTaskProducer"]), Task(forTarget: TargetA, ruleInfo: ["ExtractAppIntentsMetadata"]), Task(forTarget: TargetB, ruleInfo: ["WriteAuxiliaryFile", "/private/var/folders/xr/m5_5rlsd6l9fk2w4ngj13k6m0000gn/T/swbuild.tmp.I9GXyx3j/Data.noindex/Test/aProject/build/aProject.build/Debug/TargetB.build/TargetB.hmap"]), Task(forTarget: TargetA, ruleInfo: ["SymLink", "/private/var/folders/xr/m5_5rlsd6l9fk2w4ngj13k6m0000gn/T/swbuild.tmp.I9GXyx3j/Data.noindex/Test/aProject/build/Debug/TargetA.framework/TargetA", "Versions/Current/TargetA"]), Task(forTarget: TargetB, ruleInfo: ["MkDir", "/private/var/folders/xr/m5_5rlsd6l9fk2w4ngj13k6m0000gn/T/swbuild.tmp.I9GXyx3j/Data.noindex/Test/aProject/build/Debug/TargetB.framework/Versions/A/Headers"]), Task(forTarget: <none>, ruleInfo: ["CreateBuildDirectory", "/private/var/folders/xr/m5_5rlsd6l9fk2w4ngj13k6m0000gn/T/swbuild.tmp.I9GXyx3j/Data.noindex/Test/aProject/build/ExplicitPrecompiledModules"]), Task(forTarget: <none>, ruleInfo: ["Gate", "target-TargetA-T-TargetA-44525--RealityAssetsTaskProducer"]), Task(forTarget: <none>, ruleInfo: ["Gate", "target-TargetA-T-TargetA-44525--TestHostTaskProducer"]), Task(forTarget: TargetA, ruleInfo: ["Gate", "target-TargetA-T-TargetA-44525--will-sign"]), Task(forTarget: <none>, ruleInfo: ["CreateBuildDirectory", "/private/var/folders/xr/m5_5rlsd6l9fk2w4ngj13k6m0000gn/T/swbuild.tmp.I9GXyx3j/Data.noindex/Test/aProject/build/SharedPrecompiledHeaders"]), Task(forTarget: TargetA, ruleInfo: ["WriteAuxiliaryFile", "/private/var/folders/xr/m5_5rlsd6l9fk2w4ngj13k6m0000gn/T/swbuild.tmp.I9GXyx3j/Data.noindex/Test/aProject/build/aProject.build/Debug/TargetA.build/TargetA.hmap"]), Task(forTarget: TargetA, ruleInfo: ["SymLink", "/private/var/folders/xr/m5_5rlsd6l9fk2w4ngj13k6m0000gn/T/swbuild.tmp.I9GXyx3j/Data.noindex/Test/aProject/build/Debug/TargetA.framework/Modules", "Versions/Current/Modules"]), Task(forTarget: <none>, ruleInfo: ["Gate", "target-TargetA-T-TargetA-44525--copy-headers-completion"]), Task(forTarget: <none>, ruleInfo: ["Gate", "target-TargetA-T-TargetA-44525--fused-phase0-compile-sources"]), Task(forTarget: <none>, ruleInfo: ["Gate", "WorkspaceHeaderMapVFSFilesWritten"]), Task(forTarget: TargetB, ruleInfo: ["SymLink", "/private/var/folders/xr/m5_5rlsd6l9fk2w4ngj13k6m0000gn/T/swbuild.tmp.I9GXyx3j/Data.noindex/Test/aProject/build/Debug/TargetB.framework/Headers", "Versions/Current/Headers"]), Task(forTarget: TargetB, ruleInfo: ["SwiftDriver Compilation Requirements", "TargetB", "normal", "arm64", "com.apple.xcode.tools.swift.compiler"]), Task(forTarget: <none>, ruleInfo: ["Gate", "target-TargetA-T-TargetA-44525--Barrier-RegisterProduct"]), Task(forTarget: TargetB, ruleInfo: ["Gate", "target-TargetB-T-TargetB-44533--modules-ready"]), Task(forTarget: <none>, ruleInfo: ["CreateBuildDirectory", "/private/var/folders/xr/m5_5rlsd6l9fk2w4ngj13k6m0000gn/T/swbuild.tmp.I9GXyx3j/Data.noindex/Test/aProject/build/EagerLinkingTBDs/Debug"]), Task(forTarget: TargetB, ruleInfo: ["WriteAuxiliaryFile", "/private/var/folders/xr/m5_5rlsd6l9fk2w4ngj13k6m0000gn/T/swbuild.tmp.I9GXyx3j/Data.noindex/Test/aProject/build/aProject.build/Debug/TargetB.build/TargetB-all-target-headers.hmap"]), Task(forTarget: <none>, ruleInfo: ["Gate", "target-TargetB-T-TargetB-44533--ModuleVerifierTaskProducer"]), Task(forTarget: TargetA, ruleInfo: ["Gate", "target-TargetA-T-TargetA-44525--begin-scanning"]), Task(forTarget: TargetB, ruleInfo: ["Gate", "target-TargetB-T-TargetB-44533--immediate"]), Task(forTarget: TargetA, ruleInfo: ["GenerateTAPI", "/private/var/folders/xr/m5_5rlsd6l9fk2w4ngj13k6m0000gn/T/swbuild.tmp.I9GXyx3j/Data.noindex/Test/aProject/build/EagerLinkingTBDs/Debug/TargetA.framework/Versions/A/TargetA.tbd"]), Task(forTarget: TargetB, ruleInfo: ["SymLink", "/private/var/folders/xr/m5_5rlsd6l9fk2w4ngj13k6m0000gn/T/swbuild.tmp.I9GXyx3j/Data.noindex/Test/aProject/build/Debug/TargetB.framework/TargetB", "Versions/Current/TargetB"]), Task(forTarget: TargetB, ruleInfo: ["SwiftCompile", "normal", "arm64", "Compiling fileB2.swift", "/private/var/folders/xr/m5_5rlsd6l9fk2w4ngj13k6m0000gn/T/swbuild.tmp.I9GXyx3j/Data.noindex/Test/aProject/Sources/fileB2.swift"])]
↳ Occasionally fails in CI due to SwiftExplicitDependencyCompileModuleFromInterface missing from the dependency graph
━ Test swiftEagerCompilationWithExplicitModules() recorded a known issue at SwiftDriverTests.swift:3576:55: Issue recorded
↳ Task Task(forTarget: TargetB, ruleInfo: ["SwiftCompile", "normal", "arm64", "Compiling fileB1.swift", "/private/var/folders/xr/m5_5rlsd6l9fk2w4ngj13k6m0000gn/T/swbuild.tmp.I9GXyx3j/Data.noindex/Test/aProject/Sources/fileB1.swift"]) does not follow any tasks matching [Rule matches [SWBTestSupport.StringPattern.equal("SwiftExplicitDependencyCompileModuleFromInterface"), SWBTestSupport.StringPattern.equal("normal"), SWBTestSupport.StringPattern.equal("arm64"), SWBTestSupport.StringPattern.contains("_Concurrency-")]]. Found: [] in [Task(forTarget: <none>, ruleInfo: ["Gate", "target-TargetA-T-TargetA-44525--Barrier-CopyAside"]), Task(forTarget: <none>, ruleInfo: ["Gate", "target-TargetA-T-TargetA-44525--InfoPlistTaskProducer"]), Task(forTarget: <none>, ruleInfo: ["Gate", "target-TargetB-T-TargetB-44533--Barrier-ChangeAlternatePermissions"]), Task(forTarget: <none>, ruleInfo: ["Gate", "target-TargetA-T-TargetA-44525--swift-generated-headers"]), Task(forTarget: TargetB, ruleInfo: ["ExtractAppIntentsMetadata"]), Task(forTarget: TargetB, ruleInfo: ["SwiftDriver", "TargetB", "normal", "arm64", "com.apple.xcode.tools.swift.compiler"]), Task(forTarget: TargetB, ruleInfo: ["WriteAuxiliaryFile", "/private/var/folders/xr/m5_5rlsd6l9fk2w4ngj13k6m0000gn/T/swbuild.tmp.I9GXyx3j/Data.noindex/Test/aProject/build/aProject.build/Debug/TargetB.build/TargetB-own-target-headers.hmap"]), Task(forTarget: TargetA, ruleInfo: ["WriteAuxiliaryFile", "/private/var/folders/xr/m5_5rlsd6l9fk2w4ngj13k6m0000gn/T/swbuild.tmp.I9GXyx3j/Data.noindex/Test/aProject/build/aProject.build/Debug/TargetA.build/TargetA-generated-files.hmap"]), Task(forTarget: TargetA, ruleInfo: ["SwiftDriver Compilation", "TargetA", "normal", "arm64", "com.apple.xcode.tools.swift.compiler"]), Task(forTarget: TargetA, ruleInfo: ["Ld", "/private/var/folders/xr/m5_5rlsd6l9fk2w4ngj13k6m0000gn/T/swbuild.tmp.I9GXyx3j/Data.noindex/Test/aProject/build/Debug/TargetA.framework/Versions/A/TargetA", "normal"]), Task(forTarget: <none>, ruleInfo: ["SwiftExplicitDependencyCompileModuleFromInterface", "arm64", "/private/var/folders/xr/m5_5rlsd6l9fk2w4ngj13k6m0000gn/T/swbuild.tmp.I9GXyx3j/Data.noindex/Test/aProject/build/SwiftExplicitPrecompiledModules/Swift-NBB0GQDQYZZH.swiftmodule"]), Task(forTarget: TargetB, ruleInfo: ["SwiftMergeGeneratedHeaders", "/private/var/folders/xr/m5_5rlsd6l9fk2w4ngj13k6m0000gn/T/swbuild.tmp.I9GXyx3j/Data.noindex/Test/aProject/build/Debug/TargetB.framework/Versions/A/Headers/TargetB-Swift.h", "/private/var/folders/xr/m5_5rlsd6l9fk2w4ngj13k6m0000gn/T/swbuild.tmp.I9GXyx3j/Data.noindex/Test/aProject/build/aProject.build/Debug/TargetB.build/Objects-normal/arm64/TargetB-Swift.h"]), Task(forTarget: <none>, ruleInfo: ["Gate", "target-TargetB-T-TargetB-44533--TestHostTaskProducer"]), Task(forTarget: TargetB, ruleInfo: ["WriteAuxiliaryFile", "/private/var/folders/xr/m5_5rlsd6l9fk2w4ngj13k6m0000gn/T/swbuild.tmp.I9GXyx3j/Data.noindex/Test/aProject/build/aProject.build/Debug/TargetB.build/Objects-normal/arm64/TargetB.SwiftConstValuesFileList"]), Task(forTarget: <none>, ruleInfo: ["Gate", "target-TargetB-T-TargetB-44533--ModuleMapTaskProducer"]), Task(forTarget: <none>, ruleInfo: ["Gate", "target-TargetB-T-TargetB-44533--SwiftFrameworkABICheckerTaskProducer"]), Task(forTarget: <none>, ruleInfo: ["Gate", "target-TargetB-T-TargetB-44533--Barrier-ChangePermissions"]), Task(forTarget: TargetB, ruleInfo: ["Gate", "target-TargetB-T-TargetB-44533--begin-compiling"]), Task(forTarget: <none>, ruleInfo: ["Gate", "target-TargetB-T-TargetB-44533--TestTargetTaskProducer"]), Task(forTarget: <none>, ruleInfo: ["Gate", "target-TargetB-T-TargetB-44533--TAPISymbolExtractorTaskProducer"]), Task(forTarget: <none>, ruleInfo: ["Gate", "target-TargetB-T-TargetB-44533--HeadermapTaskProducer"]), Task(forTarget: TargetB, ruleInfo: ["Ld", "/private/var/folders/xr/m5_5rlsd6l9fk2w4ngj13k6m0000gn/T/swbuild.tmp.I9GXyx3j/Data.noindex/Test/aProject/build/Debug/TargetB.framework/Versions/A/TargetB", "normal"]), Task(forTarget: TargetB, ruleInfo: ["WriteAuxiliaryFile", "/private/var/folders/xr/m5_5rlsd6l9fk2w4ngj13k6m0000gn/T/swbuild.tmp.I9GXyx3j/Data.noindex/Test/aProject/build/aProject.build/Debug/TargetB.build/Objects-normal/arm64/TargetB.LinkFileList"]), Task(forTarget: <none>, ruleInfo: ["Gate", "target-TargetB-T-TargetB-44533--TestTargetPostprocessingTaskProducer"]), Task(forTarget: <none>, ruleInfo: ["SwiftExplicitDependencyGeneratePcm", "arm64", "/private/var/folders/xr/m5_5rlsd6l9fk2w4ngj13k6m0000gn/T/swbuild.tmp.I9GXyx3j/Data.noindex/Test/aProject/build/SwiftExplicitPrecompiledModules/_SwiftConcurrencyShims-AIZW70LS1W2L0PXECXLASUUHS.pcm"]), Task(forTarget: TargetA, ruleInfo: ["SymLink", "/private/var/folders/xr/m5_5rlsd6l9fk2w4ngj13k6m0000gn/T/swbuild.tmp.I9GXyx3j/Data.noindex/Test/aProject/build/Debug/TargetA.framework/Versions/Current", "A"]), Task(forTarget: <none>, ruleInfo: ["CreateBuildDirectory", "/private/var/folders/xr/m5_5rlsd6l9fk2w4ngj13k6m0000gn/T/swbuild.tmp.I9GXyx3j/Data.noindex/Test/aProject/build"]), Task(forTarget: TargetB, ruleInfo: ["WriteAuxiliaryFile", "/private/var/folders/xr/m5_5rlsd6l9fk2w4ngj13k6m0000gn/T/swbuild.tmp.I9GXyx3j/Data.noindex/Test/aProject/build/aProject.build/Debug/TargetB.build/TargetB.DependencyMetadataFileList"]), Task(forTarget: TargetA, ruleInfo: ["WriteAuxiliaryFile", "/private/var/folders/xr/m5_5rlsd6l9fk2w4ngj13k6m0000gn/T/swbuild.tmp.I9GXyx3j/Data.noindex/Test/aProject/build/aProject.build/Debug/TargetA.build/TargetA.DependencyMetadataFileList"]), Task(forTarget: <none>, ruleInfo: ["Gate", "target-TargetB-T-TargetB-44533--AppExtensionInfoPlistGeneratorTaskProducer"]), Task(forTarget: <none>, ruleInfo: ["Gate", "target-TargetA-T-TargetA-44525--SwiftABIBaselineGenerationTaskProducer"]), Task(forTarget: <none>, ruleInfo: ["Gate", "target-TargetA-T-TargetA-44525--Barrier-Validate"]), Task(forTarget: <none>, ruleInfo: ["SwiftExplicitDependencyGeneratePcm", "arm64", "/private/var/folders/xr/m5_5rlsd6l9fk2w4ngj13k6m0000gn/T/swbuild.tmp.I9GXyx3j/Data.noindex/Test/aProject/build/SwiftExplicitPrecompiledModules/SwiftShims-1XRNFTFX3SVGVJQLDAOI208RW.pcm"]), Task(forTarget: TargetA, ruleInfo: ["SymLink", "/private/var/folders/xr/m5_5rlsd6l9fk2w4ngj13k6m0000gn/T/swbuild.tmp.I9GXyx3j/Data.noindex/Test/aProject/build/Debug/TargetA.framework/Headers", "Versions/Current/Headers"]), Task(forTarget: <none>, ruleInfo: ["Gate", "target-TargetA-T-TargetA-44525--generated-headers"]), Task(forTarget: TargetB, ruleInfo: ["SymLink", "/private/var/folders/xr/m5_5rlsd6l9fk2w4ngj13k6m0000gn/T/swbuild.tmp.I9GXyx3j/Data.noindex/Test/aProject/build/Debug/TargetB.framework/Modules", "Versions/Current/Modules"]), Task(forTarget: <none>, ruleInfo: ["WriteAuxiliaryFile", "/private/var/folders/xr/m5_5rlsd6l9fk2w4ngj13k6m0000gn/T/swbuild.tmp.I9GXyx3j/Data.noindex/Test/aProject/build/aProject.build/Debug/aProject-P44536-VFS/all-product-headers.yaml"]), Task(forTarget: <none>, ruleInfo: ["Gate", "target-TargetA-T-TargetA-44525--TAPISymbolExtractorTaskProducer"]), Task(forTarget: <none>, ruleInfo: ["Gate", "target-TargetA-T-TargetA-44525--TestTargetTaskProducer"]), Task(forTarget: <none>, ruleInfo: ["Gate", "target-TargetB-T-TargetB-44533--CopySwiftPackageResourcesTaskProducer"]), Task(forTarget: <none>, ruleInfo: ["Gate", "target-TargetB-T-TargetB-44533--AppIntentsMetadataTaskProducer"]), Task(forTarget: TargetA, ruleInfo: ["WriteAuxiliaryFile", "/private/var/folders/xr/m5_5rlsd6l9fk2w4ngj13k6m0000gn/T/swbuild.tmp.I9GXyx3j/Data.noindex/Test/aProject/build/aProject.build/Debug/TargetA.build/TargetA-all-target-headers.hmap"]), Task(forTarget: TargetB, ruleInfo: ["MkDir", "/private/var/folders/xr/m5_5rlsd6l9fk2w4ngj13k6m0000gn/T/swbuild.tmp.I9GXyx3j/Data.noindex/Test/aProject/build/Debug/TargetB.framework/Versions/A"]), Task(forTarget: <none>, ruleInfo: ["Gate", "target-TargetB-T-TargetB-44533--CustomTaskProducer"]), Task(forTarget: TargetB, ruleInfo: ["WriteAuxiliaryFile", "/private/var/folders/xr/m5_5rlsd6l9fk2w4ngj13k6m0000gn/T/swbuild.tmp.I9GXyx3j/Data.noindex/Test/aProject/build/aProject.build/Debug/TargetB.build/Objects-normal/arm64/TargetB.SwiftFileList"]), Task(forTarget: TargetB, ruleInfo: ["WriteAuxiliaryFile", "/private/var/folders/xr/m5_5rlsd6l9fk2w4ngj13k6m0000gn/T/swbuild.tmp.I9GXyx3j/Data.noindex/Test/aProject/build/aProject.build/Debug/TargetB.build/Objects-normal/arm64/TargetB-OutputFileMap.json"]), Task(forTarget: TargetA, ruleInfo: ["MkDir", "/private/var/folders/xr/m5_5rlsd6l9fk2w4ngj13k6m0000gn/T/swbuild.tmp.I9GXyx3j/Data.noindex/Test/aProject/build/Debug/TargetA.framework/Versions/A/Headers"]), Task(forTarget: <none>, ruleInfo: ["Gate", "target-TargetB-T-TargetB-44533--StubBinaryTaskProducer"]), Task(forTarget: <none>, ruleInfo: ["Gate", "target-TargetB-T-TargetB-44533--DocumentationTaskProducer"]), Task(forTarget: TargetA, ruleInfo: ["SwiftDriver", "TargetA", "normal", "arm64", "com.apple.xcode.tools.swift.compiler"]), Task(forTarget: <none>, ruleInfo: ["Gate", "target-TargetB-T-TargetB-44533--GenerateAppPlaygroundAssetCatalogTaskProducer"]), Task(forTarget: <none>, ruleInfo: ["Gate", "target-TargetA-T-TargetA-44525--Barrier-CodeSign"]), Task(forTarget: <none>, ruleInfo: ["Gate", "target-TargetA-T-TargetA-44525--AppExtensionInfoPlistGeneratorTaskProducer"]), Task(forTarget: TargetB, ruleInfo: ["Gate", "target-TargetB-T-TargetB-44533--entry"]), Task(forTarget: TargetB, ruleInfo: ["Gate", "target-TargetB-T-TargetB-44533--will-sign"]), Task(forTarget: <none>, ruleInfo: ["Gate", "target-TargetB-T-TargetB-44533--Barrier-CopyAside"]), Task(forTarget: <none>, ruleInfo: ["Gate", "target-TargetA-T-TargetA-44525--ProductStructureTaskProducer"]), Task(forTarget: TargetA, ruleInfo: ["Gate", "target-TargetA-T-TargetA-44525--begin-linking"]), Task(forTarget: TargetB, ruleInfo: ["Copy", "/private/var/folders/xr/m5_5rlsd6l9fk2w4ngj13k6m0000gn/T/swbuild.tmp.I9GXyx3j/Data.noindex/Test/aProject/build/Debug/TargetB.framework/Versions/A/Modules/TargetB.swiftmodule/arm64-apple-macos.swiftdoc", "/private/var/folders/xr/m5_5rlsd6l9fk2w4ngj13k6m0000gn/T/swbuild.tmp.I9GXyx3j/Data.noindex/Test/aProject/build/aProject.build/Debug/TargetB.build/Objects-normal/arm64/TargetB.swiftdoc"]), Task(forTarget: TargetB, ruleInfo: ["Copy", "/private/var/folders/xr/m5_5rlsd6l9fk2w4ngj13k6m0000gn/T/swbuild.tmp.I9GXyx3j/Data.noindex/Test/aProject/build/Debug/TargetB.framework/Versions/A/Modules/TargetB.swiftmodule/arm64-apple-macos.swiftmodule", "/private/var/folders/xr/m5_5rlsd6l9fk2w4ngj13k6m0000gn/T/swbuild.tmp.I9GXyx3j/Data.noindex/Test/aProject/build/aProject.build/Debug/TargetB.build/Objects-normal/arm64/TargetB.swiftmodule"]), Task(forTarget: TargetB, ruleInfo: ["SymLink", "/private/var/folders/xr/m5_5rlsd6l9fk2w4ngj13k6m0000gn/T/swbuild.tmp.I9GXyx3j/Data.noindex/Test/aProject/build/EagerLinkingTBDs/Debug/TargetB.framework/TargetB.tbd", "/private/var/folders/xr/m5_5rlsd6l9fk2w4ngj13k6m0000gn/T/swbuild.tmp.I9GXyx3j/Data.noindex/Test/aProject/build/EagerLinkingTBDs/Debug/TargetB.framework/Versions/A/TargetB.tbd"]), Task(forTarget: TargetA, ruleInfo: ["SwiftMergeGeneratedHeaders", "/private/var/folders/xr/m5_5rlsd6l9fk2w4ngj13k6m0000gn/T/swbuild.tmp.I9GXyx3j/Data.noindex/Test/aProject/build/Debug/TargetA.framework/Versions/A/Headers/TargetA-Swift.h", "/private/var/folders/xr/m5_5rlsd6l9fk2w4ngj13k6m0000gn/T/swbuild.tmp.I9GXyx3j/Data.noindex/Test/aProject/build/aProject.build/Debug/TargetA.build/Objects-normal/arm64/TargetA-Swift.h"]), Task(forTarget: <none>, ruleInfo: ["SwiftExplicitDependencyCompileModuleFromInterface", "arm64", "/private/var/folders/xr/m5_5rlsd6l9fk2w4ngj13k6m0000gn/T/swbuild.tmp.I9GXyx3j/Data.noindex/Test/aProject/build/SwiftExplicitPrecompiledModules/_Concurrency-CB34E6W1YOX6.swiftmodule"]), Task(forTarget: TargetA, ruleInfo: ["Gate", "target-TargetA-T-TargetA-44525--unsigned-product-ready"]), Task(forTarget: TargetA, ruleInfo: ["Gate", "target-TargetA-T-TargetA-44525--end"]), Task(forTarget: <none>, ruleInfo: ["Gate", "target-TargetA-T-TargetA-44525--ExtensionPointExtractorTaskProducer"]), Task(forTarget: TargetB, ruleInfo: ["Touch", "/private/var/folders/xr/m5_5rlsd6l9fk2w4ngj13k6m0000gn/T/swbuild.tmp.I9GXyx3j/Data.noindex/Test/aProject/build/Debug/TargetB.framework"]), Task(forTarget: TargetB, ruleInfo: ["Gate", "target-TargetB-T-TargetB-44533--linker-inputs-ready"]), Task(forTarget: TargetA, ruleInfo: ["WriteAuxiliaryFile", "/private/var/folders/xr/m5_5rlsd6l9fk2w4ngj13k6m0000gn/T/swbuild.tmp.I9GXyx3j/Data.noindex/Test/aProject/build/aProject.build/Debug/TargetA.build/Objects-normal/arm64/TargetA.SwiftFileList"]), Task(forTarget: TargetB, ruleInfo: ["WriteAuxiliaryFile", "/private/var/folders/xr/m5_5rlsd6l9fk2w4ngj13k6m0000gn/T/swbuild.tmp.I9GXyx3j/Data.noindex/Test/aProject/build/aProject.build/Debug/TargetB.build/TargetB-project-headers.hmap"]), Task(forTarget: <none>, ruleInfo: ["Gate", "target-TargetB-T-TargetB-44533--copy-headers-completion"]), Task(forTarget: <none>, ruleInfo: ["Gate", "target-TargetB-T-TargetB-44533--Barrier-Validate"]), Task(forTarget: TargetB, ruleInfo: ["Copy", "/private/var/folders/xr/m5_5rlsd6l9fk2w4ngj13k6m0000gn/T/swbuild.tmp.I9GXyx3j/Data.noindex/Test/aProject/build/Debug/TargetB.framework/Versions/A/Modules/TargetB.swiftmodule/arm64-apple-macos.abi.json", "/private/var/folders/xr/m5_5rlsd6l9fk2w4ngj13k6m0000gn/T/swbuild.tmp.I9GXyx3j/Data.noindex/Test/aProject/build/aProject.build/Debug/TargetB.build/Objects-normal/arm64/TargetB.abi.json"]), Task(forTarget: TargetA, ruleInfo: ["WriteAuxiliaryFile", "/private/var/folders/xr/m5_5rlsd6l9fk2w4ngj13k6m0000gn/T/swbuild.tmp.I9GXyx3j/Data.noindex/Test/aProject/build/aProject.build/Debug/TargetA.build/TargetA-own-target-headers.hmap"]), Task(forTarget: TargetB, ruleInfo: ["Gate", "target-TargetB-T-TargetB-44533--begin-scanning"]), Task(forTarget: TargetA, ruleInfo: ["WriteAuxiliaryFile", "/private/var/folders/xr/m5_5rlsd6l9fk2w4ngj13k6m0000gn/T/swbuild.tmp.I9GXyx3j/Data.noindex/Test/aProject/build/aProject.build/Debug/TargetA.build/TargetA.DependencyStaticMetadataFileList"]), Task(forTarget: <none>, ruleInfo: ["Gate", "target-TargetA-T-TargetA-44525--ModuleVerifierTaskProducer"]), Task(forTarget: TargetA, ruleInfo: ["SwiftCompile", "normal", "arm64", "Compiling fileA2.swift", "/private/var/folders/xr/m5_5rlsd6l9fk2w4ngj13k6m0000gn/T/swbuild.tmp.I9GXyx3j/Data.noindex/Test/aProject/Sources/fileA2.swift"]), Task(forTarget: TargetA, ruleInfo: ["Copy", "/private/var/folders/xr/m5_5rlsd6l9fk2w4ngj13k6m0000gn/T/swbuild.tmp.I9GXyx3j/Data.noindex/Test/aProject/build/Debug/TargetA.framework/Versions/A/Modules/TargetA.swiftmodule/arm64-apple-macos.swiftmodule", "/private/var/folders/xr/m5_5rlsd6l9fk2w4ngj13k6m0000gn/T/swbuild.tmp.I9GXyx3j/Data.noindex/Test/aProject/build/aProject.build/Debug/TargetA.build/Objects-normal/arm64/TargetA.swiftmodule"]), Task(forTarget: TargetA, ruleInfo: ["Gate", "target-TargetA-T-TargetA-44525--modules-ready"]), Task(forTarget: TargetB, ruleInfo: ["SwiftCompile", "normal", "arm64", "Compiling fileB1.swift", "/private/var/folders/xr/m5_5rlsd6l9fk2w4ngj13k6m0000gn/T/swbuild.tmp.I9GXyx3j/Data.noindex/Test/aProject/Sources/fileB1.swift"]), Task(forTarget: <none>, ruleInfo: ["Gate", "target-TargetB-T-TargetB-44533--Barrier-CodeSign"]), Task(forTarget: <none>, ruleInfo: ["Gate", "target-TargetB-T-TargetB-44533--generated-headers"]), Task(forTarget: <none>, ruleInfo: ["CreateBuildDirectory", "/private/var/folders/xr/m5_5rlsd6l9fk2w4ngj13k6m0000gn/T/swbuild.tmp.I9GXyx3j/Data.noindex/Test/aProject/build/SwiftExplicitPrecompiledModules"]), Task(forTarget: <none>, ruleInfo: ["Gate", "target-TargetA-T-TargetA-44525--SanitizerTaskProducer"]), Task(forTarget: TargetA, ruleInfo: ["SwiftDriver Compilation Requirements", "TargetA", "normal", "arm64", "com.apple.xcode.tools.swift.compiler"]), Task(forTarget: <none>, ruleInfo: ["CreateBuildDirectory", "/var/folders/xr/m5_5rlsd6l9fk2w4ngj13k6m0000gn/C/com.apple.DeveloperTools/26.4.1-17E202/Xcode/CompilationCache.noindex"]), Task(forTarget: <none>, ruleInfo: ["Gate", "target-TargetA-T-TargetA-44525--AppIntentsMetadataTaskProducer"]), Task(forTarget: TargetB, ruleInfo: ["SymLink", "/private/var/folders/xr/m5_5rlsd6l9fk2w4ngj13k6m0000gn/T/swbuild.tmp.I9GXyx3j/Data.noindex/Test/aProject/build/Debug/TargetB.framework/Versions/Current", "A"]), Task(forTarget: TargetA, ruleInfo: ["Copy", "/private/var/folders/xr/m5_5rlsd6l9fk2w4ngj13k6m0000gn/T/swbuild.tmp.I9GXyx3j/Data.noindex/Test/aProject/build/Debug/TargetA.framework/Versions/A/Modules/TargetA.swiftmodule/arm64-apple-macos.swiftdoc", "/private/var/folders/xr/m5_5rlsd6l9fk2w4ngj13k6m0000gn/T/swbuild.tmp.I9GXyx3j/Data.noindex/Test/aProject/build/aProject.build/Debug/TargetA.build/Objects-normal/arm64/TargetA.swiftdoc"]), Task(forTarget: TargetA, ruleInfo: ["RegisterExecutionPolicyException", "/private/var/folders/xr/m5_5rlsd6l9fk2w4ngj13k6m0000gn/T/swbuild.tmp.I9GXyx3j/Data.noindex/Test/aProject/build/Debug/TargetA.framework"]), Task(forTarget: <none>, ruleInfo: ["Gate", "target-TargetA-T-TargetA-44525--SwiftPackageCopyFilesTaskProducer"]), Task(forTarget: TargetA, ruleInfo: ["Copy", "/private/var/folders/xr/m5_5rlsd6l9fk2w4ngj13k6m0000gn/T/swbuild.tmp.I9GXyx3j/Data.noindex/Test/aProject/build/Debug/TargetA.framework/Versions/A/Modules/TargetA.swiftmodule/arm64-apple-macos.abi.json", "/private/var/folders/xr/m5_5rlsd6l9fk2w4ngj13k6m0000gn/T/swbuild.tmp.I9GXyx3j/Data.noindex/Test/aProject/build/aProject.build/Debug/TargetA.build/Objects-normal/arm64/TargetA.abi.json"]), Task(forTarget: TargetB, ruleInfo: ["SwiftEmitModule", "normal", "arm64", "Emitting module for TargetB"]), Task(forTarget: TargetA, ruleInfo: ["Touch", "/private/var/folders/xr/m5_5rlsd6l9fk2w4ngj13k6m0000gn/T/swbuild.tmp.I9GXyx3j/Data.noindex/Test/aProject/build/Debug/TargetA.framework"]), Task(forTarget: TargetA, ruleInfo: ["Gate", "target-TargetA-T-TargetA-44525--linker-inputs-ready"]), Task(forTarget: <none>, ruleInfo: ["Gate", "target-TargetB-T-TargetB-44533--ProductStructureTaskProducer"]), Task(forTarget: TargetB, ruleInfo: ["SwiftDriver Compilation", "TargetB", "normal", "arm64", "com.apple.xcode.tools.swift.compiler"]), Task(forTarget: <none>, ruleInfo: ["Gate", "target-TargetB-T-TargetB-44533--Barrier-RegisterExecutionPolicyException"]), Task(forTarget: TargetA, ruleInfo: ["WriteAuxiliaryFile", "/private/var/folders/xr/m5_5rlsd6l9fk2w4ngj13k6m0000gn/T/swbuild.tmp.I9GXyx3j/Data.noindex/Test/aProject/build/aProject.build/Debug/TargetA.build/Objects-normal/arm64/TargetA-OutputFileMap.json"]), Task(forTarget: <none>, ruleInfo: ["Gate", "target-TargetA-T-TargetA-44525--HeadermapTaskProducer"]), Task(forTarget: TargetB, ruleInfo: ["WriteAuxiliaryFile", "/private/var/folders/xr/m5_5rlsd6l9fk2w4ngj13k6m0000gn/T/swbuild.tmp.I9GXyx3j/Data.noindex/Test/aProject/build/aProject.build/Debug/TargetB.build/TargetB.DependencyStaticMetadataFileList"]), Task(forTarget: TargetA, ruleInfo: ["Gate", "target-TargetA-T-TargetA-44525--begin-compiling"]), Task(forTarget: <none>, ruleInfo: ["Gate", "target-TargetA-T-TargetA-44525--GeneratedFilesTaskProducer"]), Task(forTarget: <none>, ruleInfo: ["Gate", "target-TargetA-T-TargetA-44525--DocumentationTaskProducer"]), Task(forTarget: <none>, ruleInfo: ["Gate", "target-TargetB-T-TargetB-44533--InfoPlistTaskProducer"]), Task(forTarget: <none>, ruleInfo: ["Gate", "target-TargetA-T-TargetA-44525--SwiftFrameworkABICheckerTaskProducer"]), Task(forTarget: TargetB, ruleInfo: ["Gate", "target-TargetB-T-TargetB-44533--end"]), Task(forTarget: TargetA, ruleInfo: ["MkDir", "/private/var/folders/xr/m5_5rlsd6l9fk2w4ngj13k6m0000gn/T/swbuild.tmp.I9GXyx3j/Data.noindex/Test/aProject/build/Debug/TargetA.framework/Versions/A"]), Task(forTarget: <none>, ruleInfo: ["Gate", "target-TargetB-T-TargetB-44533--fused-phase0-compile-sources&link-binary"]), Task(forTarget: <none>, ruleInfo: ["Gate", "target-TargetB-T-TargetB-44533--SwiftStandardLibrariesTaskProducer"]), Task(forTarget: <none>, ruleInfo: ["Gate", "target-TargetB-T-TargetB-44533--SwiftABIBaselineGenerationTaskProducer"]), Task(forTarget: <none>, ruleInfo: ["Gate", "target-TargetA-T-TargetA-44525--TestTargetPostprocessingTaskProducer"]), Task(forTarget: <none>, ruleInfo: ["Gate", "target-TargetA-T-TargetA-44525--ProductPostprocessingTaskProducer"]), Task(forTarget: <none>, ruleInfo: ["Gate", "target-TargetB-T-TargetB-44533--RealityAssetsTaskProducer"]), Task(forTarget: TargetA, ruleInfo: ["Copy", "/private/var/folders/xr/m5_5rlsd6l9fk2w4ngj13k6m0000gn/T/swbuild.tmp.I9GXyx3j/Data.noindex/Test/aProject/build/Debug/TargetA.framework/Versions/A/Modules/TargetA.swiftmodule/Project/arm64-apple-macos.swiftsourceinfo", "/private/var/folders/xr/m5_5rlsd6l9fk2w4ngj13k6m0000gn/T/swbuild.tmp.I9GXyx3j/Data.noindex/Test/aProject/build/aProject.build/Debug/TargetA.build/Objects-normal/arm64/TargetA.swiftsourceinfo"]), Task(forTarget: TargetB, ruleInfo: ["Copy", "/private/var/folders/xr/m5_5rlsd6l9fk2w4ngj13k6m0000gn/T/swbuild.tmp.I9GXyx3j/Data.noindex/Test/aProject/build/Debug/TargetB.framework/Versions/A/Modules/TargetB.swiftmodule/Project/arm64-apple-macos.swiftsourceinfo", "/private/var/folders/xr/m5_5rlsd6l9fk2w4ngj13k6m0000gn/T/swbuild.tmp.I9GXyx3j/Data.noindex/Test/aProject/build/aProject.build/Debug/TargetB.build/Objects-normal/arm64/TargetB.swiftsourceinfo"]), Task(forTarget: TargetB, ruleInfo: ["WriteAuxiliaryFile", "/private/var/folders/xr/m5_5rlsd6l9fk2w4ngj13k6m0000gn/T/swbuild.tmp.I9GXyx3j/Data.noindex/Test/aProject/build/aProject.build/Debug/TargetB.build/TargetB-all-non-framework-target-headers.hmap"]), Task(forTarget: <none>, ruleInfo: ["Gate", "target-TargetB-T-TargetB-44533--Barrier-GenerateStubAPI"]), Task(forTarget: TargetB, ruleInfo: ["RegisterExecutionPolicyException", "/private/var/folders/xr/m5_5rlsd6l9fk2w4ngj13k6m0000gn/T/swbuild.tmp.I9GXyx3j/Data.noindex/Test/aProject/build/Debug/TargetB.framework"]), Task(forTarget: TargetA, ruleInfo: ["SwiftEmitModule", "normal", "arm64", "Emitting module for TargetA"]), Task(forTarget: <none>, ruleInfo: ["SwiftExplicitDependencyCompileModuleFromInterface", "arm64", "/private/var/folders/xr/m5_5rlsd6l9fk2w4ngj13k6m0000gn/T/swbuild.tmp.I9GXyx3j/Data.noindex/Test/aProject/build/SwiftExplicitPrecompiledModules/_StringProcessing-1O0ZQ2K74RYD5.swiftmodule"]), Task(forTarget: TargetB, ruleInfo: ["Gate", "target-TargetB-T-TargetB-44533--begin-linking"]), Task(forTarget: TargetB, ruleInfo: ["Gate", "target-TargetB-T-TargetB-44533--unsigned-product-ready"]), Task(forTarget: TargetB, ruleInfo: ["MkDir", "/private/var/folders/xr/m5_5rlsd6l9fk2w4ngj13k6m0000gn/T/swbuild.tmp.I9GXyx3j/Data.noindex/Test/aProject/build/Debug/TargetB.framework"]), Task(forTarget: <none>, ruleInfo: ["Gate", "target-TargetB-T-TargetB-44533--ExtensionPointExtractorTaskProducer"]), Task(forTarget: TargetA, ruleInfo: ["WriteAuxiliaryFile", "/private/var/folders/xr/m5_5rlsd6l9fk2w4ngj13k6m0000gn/T/swbuild.tmp.I9GXyx3j/Data.noindex/Test/aProject/build/aProject.build/Debug/TargetA.build/Objects-normal/arm64/TargetA_const_extract_protocols.json"]), Task(forTarget: <none>, ruleInfo: ["Gate", "target-TargetA-T-TargetA-44525--CustomTaskProducer"]), Task(forTarget: <none>, ruleInfo: ["ClangStatCache", "/Applications/Xcode17E.app/Contents/Developer/Toolchains/XcodeDefault.xctoolchain/usr/bin/clang-stat-cache", "/Applications/Xcode17E.app/Contents/Developer/Platforms/MacOSX.platform/Developer/SDKs/MacOSX26.4.sdk", "/private/var/folders/xr/m5_5rlsd6l9fk2w4ngj13k6m0000gn/T/swbuild.tmp.I9GXyx3j/Data.noindex/Test/SDKStatCaches.noindex/macosx26.4-25E260-95aa6cf8f3effd57bda17e0c125410c0.sdkstatcache"]), Task(forTarget: <none>, ruleInfo: ["Gate", "target-TargetB-T-TargetB-44533--TestEntryPointTaskProducerFactory"]), Task(forTarget: TargetA, ruleInfo: ["Gate", "target-TargetA-T-TargetA-44525--immediate"]), Task(forTarget: <none>, ruleInfo: ["CreateBuildDirectory", "/private/var/folders/xr/m5_5rlsd6l9fk2w4ngj13k6m0000gn/T/swbuild.tmp.I9GXyx3j/Data.noindex/Test/aProject/build/Debug"]), Task(forTarget: TargetA, ruleInfo: ["Gate", "target-TargetA-T-TargetA-44525--entry"]), Task(forTarget: <none>, ruleInfo: ["Gate", "target-TargetA-T-TargetA-44525--SwiftStandardLibrariesTaskProducer"]), Task(forTarget: <none>, ruleInfo: ["Gate", "target-TargetA-T-TargetA-44525--TestEntryPointTaskProducerFactory"]), Task(forTarget: TargetA, ruleInfo: ["WriteAuxiliaryFile", "/private/var/folders/xr/m5_5rlsd6l9fk2w4ngj13k6m0000gn/T/swbuild.tmp.I9GXyx3j/Data.noindex/Test/aProject/build/aProject.build/Debug/TargetA.build/TargetA-project-headers.hmap"]), Task(forTarget: <none>, ruleInfo: ["Gate", "target-TargetA-T-TargetA-44525--Barrier-GenerateStubAPI"]), Task(forTarget: TargetA, ruleInfo: ["MkDir", "/private/var/folders/xr/m5_5rlsd6l9fk2w4ngj13k6m0000gn/T/swbuild.tmp.I9GXyx3j/Data.noindex/Test/aProject/build/Debug/TargetA.framework"]), Task(forTarget: TargetB, ruleInfo: ["WriteAuxiliaryFile", "/private/var/folders/xr/m5_5rlsd6l9fk2w4ngj13k6m0000gn/T/swbuild.tmp.I9GXyx3j/Data.noindex/Test/aProject/build/aProject.build/Debug/TargetB.build/TargetB-generated-files.hmap"]), Task(forTarget: TargetB, ruleInfo: ["WriteAuxiliaryFile", "/private/var/folders/xr/m5_5rlsd6l9fk2w4ngj13k6m0000gn/T/swbuild.tmp.I9GXyx3j/Data.noindex/Test/aProject/build/aProject.build/Debug/TargetB.build/Objects-normal/arm64/TargetB_const_extract_protocols.json"]), Task(forTarget: TargetB, ruleInfo: ["MkDir", "/private/var/folders/xr/m5_5rlsd6l9fk2w4ngj13k6m0000gn/T/swbuild.tmp.I9GXyx3j/Data.noindex/Test/aProject/build/Debug/TargetB.framework/Versions"]), Task(forTarget: <none>, ruleInfo: ["Gate", "target-TargetA-T-TargetA-44525--CopySwiftPackageResourcesTaskProducer"]), Task(forTarget: <none>, ruleInfo: ["Gate", "target-TargetA-T-TargetA-44525--Barrier-ChangeAlternatePermissions"]), Task(forTarget: TargetA, ruleInfo: ["SymLink", "/private/var/folders/xr/m5_5rlsd6l9fk2w4ngj13k6m0000gn/T/swbuild.tmp.I9GXyx3j/Data.noindex/Test/aProject/build/EagerLinkingTBDs/Debug/TargetA.framework/TargetA.tbd", "/private/var/folders/xr/m5_5rlsd6l9fk2w4ngj13k6m0000gn/T/swbuild.tmp.I9GXyx3j/Data.noindex/Test/aProject/build/EagerLinkingTBDs/Debug/TargetA.framework/Versions/A/TargetA.tbd"]), Task(forTarget: <none>, ruleInfo: ["Gate", "target-TargetA-T-TargetA-44525--Barrier-RegisterExecutionPolicyException"]), Task(forTarget: <none>, ruleInfo: ["Gate", "target-TargetB-T-TargetB-44533--SwiftPackageCopyFilesTaskProducer"]), Task(forTarget: TargetA, ruleInfo: ["SwiftCompile", "normal", "arm64", "Compiling fileA1.swift", "/private/var/folders/xr/m5_5rlsd6l9fk2w4ngj13k6m0000gn/T/swbuild.tmp.I9GXyx3j/Data.noindex/Test/aProject/Sources/fileA1.swift"]), Task(forTarget: <none>, ruleInfo: ["Gate", "target-TargetB-T-TargetB-44533--Barrier-StripSymbols"]), Task(forTarget: TargetA, ruleInfo: ["WriteAuxiliaryFile", "/private/var/folders/xr/m5_5rlsd6l9fk2w4ngj13k6m0000gn/T/swbuild.tmp.I9GXyx3j/Data.noindex/Test/aProject/build/aProject.build/Debug/TargetA.build/TargetA-all-non-framework-target-headers.hmap"]), Task(forTarget: <none>, ruleInfo: ["Gate", "target-TargetB-T-TargetB-44533--SanitizerTaskProducer"]), Task(forTarget: <none>, ruleInfo: ["Gate", "target-TargetB-T-TargetB-44533--swift-generated-headers"]), Task(forTarget: <none>, ruleInfo: ["Gate", "target-TargetB-T-TargetB-44533--Barrier-RegisterProduct"]), Task(forTarget: <none>, ruleInfo: ["Gate", "target-TargetB-T-TargetB-44533--GeneratedFilesTaskProducer"]), Task(forTarget: <none>, ruleInfo: ["Gate", "target-TargetA-T-TargetA-44525--Barrier-StripSymbols"]), Task(forTarget: TargetB, ruleInfo: ["GenerateTAPI", "/private/var/folders/xr/m5_5rlsd6l9fk2w4ngj13k6m0000gn/T/swbuild.tmp.I9GXyx3j/Data.noindex/Test/aProject/build/EagerLinkingTBDs/Debug/TargetB.framework/Versions/A/TargetB.tbd"]), Task(forTarget: <none>, ruleInfo: ["Gate", "target-TargetA-T-TargetA-44525--GenerateAppPlaygroundAssetCatalogTaskProducer"]), Task(forTarget: <none>, ruleInfo: ["Gate", "target-TargetA-T-TargetA-44525--Barrier-ChangePermissions"]), Task(forTarget: TargetA, ruleInfo: ["WriteAuxiliaryFile", "/private/var/folders/xr/m5_5rlsd6l9fk2w4ngj13k6m0000gn/T/swbuild.tmp.I9GXyx3j/Data.noindex/Test/aProject/build/aProject.build/Debug/TargetA.build/Objects-normal/arm64/TargetA.SwiftConstValuesFileList"]), Task(forTarget: TargetA, ruleInfo: ["MkDir", "/private/var/folders/xr/m5_5rlsd6l9fk2w4ngj13k6m0000gn/T/swbuild.tmp.I9GXyx3j/Data.noindex/Test/aProject/build/Debug/TargetA.framework/Versions"]), Task(forTarget: <none>, ruleInfo: ["Gate", "target-TargetA-T-TargetA-44525--StubBinaryTaskProducer"]), Task(forTarget: <none>, ruleInfo: ["Gate", "target-TargetB-T-TargetB-44533--ProductPostprocessingTaskProducer"]), Task(forTarget: TargetA, ruleInfo: ["WriteAuxiliaryFile", "/private/var/folders/xr/m5_5rlsd6l9fk2w4ngj13k6m0000gn/T/swbuild.tmp.I9GXyx3j/Data.noindex/Test/aProject/build/aProject.build/Debug/TargetA.build/Objects-normal/arm64/TargetA.LinkFileList"]), Task(forTarget: <none>, ruleInfo: ["Gate", "target-TargetA-T-TargetA-44525--ModuleMapTaskProducer"]), Task(forTarget: TargetA, ruleInfo: ["ExtractAppIntentsMetadata"]), Task(forTarget: TargetB, ruleInfo: ["WriteAuxiliaryFile", "/private/var/folders/xr/m5_5rlsd6l9fk2w4ngj13k6m0000gn/T/swbuild.tmp.I9GXyx3j/Data.noindex/Test/aProject/build/aProject.build/Debug/TargetB.build/TargetB.hmap"]), Task(forTarget: TargetA, ruleInfo: ["SymLink", "/private/var/folders/xr/m5_5rlsd6l9fk2w4ngj13k6m0000gn/T/swbuild.tmp.I9GXyx3j/Data.noindex/Test/aProject/build/Debug/TargetA.framework/TargetA", "Versions/Current/TargetA"]), Task(forTarget: TargetB, ruleInfo: ["MkDir", "/private/var/folders/xr/m5_5rlsd6l9fk2w4ngj13k6m0000gn/T/swbuild.tmp.I9GXyx3j/Data.noindex/Test/aProject/build/Debug/TargetB.framework/Versions/A/Headers"]), Task(forTarget: <none>, ruleInfo: ["CreateBuildDirectory", "/private/var/folders/xr/m5_5rlsd6l9fk2w4ngj13k6m0000gn/T/swbuild.tmp.I9GXyx3j/Data.noindex/Test/aProject/build/ExplicitPrecompiledModules"]), Task(forTarget: <none>, ruleInfo: ["Gate", "target-TargetA-T-TargetA-44525--RealityAssetsTaskProducer"]), Task(forTarget: <none>, ruleInfo: ["Gate", "target-TargetA-T-TargetA-44525--TestHostTaskProducer"]), Task(forTarget: TargetA, ruleInfo: ["Gate", "target-TargetA-T-TargetA-44525--will-sign"]), Task(forTarget: <none>, ruleInfo: ["CreateBuildDirectory", "/private/var/folders/xr/m5_5rlsd6l9fk2w4ngj13k6m0000gn/T/swbuild.tmp.I9GXyx3j/Data.noindex/Test/aProject/build/SharedPrecompiledHeaders"]), Task(forTarget: TargetA, ruleInfo: ["WriteAuxiliaryFile", "/private/var/folders/xr/m5_5rlsd6l9fk2w4ngj13k6m0000gn/T/swbuild.tmp.I9GXyx3j/Data.noindex/Test/aProject/build/aProject.build/Debug/TargetA.build/TargetA.hmap"]), Task(forTarget: TargetA, ruleInfo: ["SymLink", "/private/var/folders/xr/m5_5rlsd6l9fk2w4ngj13k6m0000gn/T/swbuild.tmp.I9GXyx3j/Data.noindex/Test/aProject/build/Debug/TargetA.framework/Modules", "Versions/Current/Modules"]), Task(forTarget: <none>, ruleInfo: ["Gate", "target-TargetA-T-TargetA-44525--copy-headers-completion"]), Task(forTarget: <none>, ruleInfo: ["Gate", "target-TargetA-T-TargetA-44525--fused-phase0-compile-sources"]), Task(forTarget: <none>, ruleInfo: ["Gate", "WorkspaceHeaderMapVFSFilesWritten"]), Task(forTarget: TargetB, ruleInfo: ["SymLink", "/private/var/folders/xr/m5_5rlsd6l9fk2w4ngj13k6m0000gn/T/swbuild.tmp.I9GXyx3j/Data.noindex/Test/aProject/build/Debug/TargetB.framework/Headers", "Versions/Current/Headers"]), Task(forTarget: TargetB, ruleInfo: ["SwiftDriver Compilation Requirements", "TargetB", "normal", "arm64", "com.apple.xcode.tools.swift.compiler"]), Task(forTarget: <none>, ruleInfo: ["Gate", "target-TargetA-T-TargetA-44525--Barrier-RegisterProduct"]), Task(forTarget: TargetB, ruleInfo: ["Gate", "target-TargetB-T-TargetB-44533--modules-ready"]), Task(forTarget: <none>, ruleInfo: ["CreateBuildDirectory", "/private/var/folders/xr/m5_5rlsd6l9fk2w4ngj13k6m0000gn/T/swbuild.tmp.I9GXyx3j/Data.noindex/Test/aProject/build/EagerLinkingTBDs/Debug"]), Task(forTarget: TargetB, ruleInfo: ["WriteAuxiliaryFile", "/private/var/folders/xr/m5_5rlsd6l9fk2w4ngj13k6m0000gn/T/swbuild.tmp.I9GXyx3j/Data.noindex/Test/aProject/build/aProject.build/Debug/TargetB.build/TargetB-all-target-headers.hmap"]), Task(forTarget: <none>, ruleInfo: ["Gate", "target-TargetB-T-TargetB-44533--ModuleVerifierTaskProducer"]), Task(forTarget: TargetA, ruleInfo: ["Gate", "target-TargetA-T-TargetA-44525--begin-scanning"]), Task(forTarget: TargetB, ruleInfo: ["Gate", "target-TargetB-T-TargetB-44533--immediate"]), Task(forTarget: TargetA, ruleInfo: ["GenerateTAPI", "/private/var/folders/xr/m5_5rlsd6l9fk2w4ngj13k6m0000gn/T/swbuild.tmp.I9GXyx3j/Data.noindex/Test/aProject/build/EagerLinkingTBDs/Debug/TargetA.framework/Versions/A/TargetA.tbd"]), Task(forTarget: TargetB, ruleInfo: ["SymLink", "/private/var/folders/xr/m5_5rlsd6l9fk2w4ngj13k6m0000gn/T/swbuild.tmp.I9GXyx3j/Data.noindex/Test/aProject/build/Debug/TargetB.framework/TargetB", "Versions/Current/TargetB"]), Task(forTarget: TargetB, ruleInfo: ["SwiftCompile", "normal", "arm64", "Compiling fileB2.swift", "/private/var/folders/xr/m5_5rlsd6l9fk2w4ngj13k6m0000gn/T/swbuild.tmp.I9GXyx3j/Data.noindex/Test/aProject/Sources/fileB2.swift"])]
↳ Occasionally fails in CI due to SwiftExplicitDependencyCompileModuleFromInterface missing from the dependency graph
━ Test swiftEagerCompilationWithExplicitModules() recorded a known issue at SwiftDriverTests.swift:3577:55: Issue recorded
↳ Task Task(forTarget: TargetB, ruleInfo: ["SwiftCompile", "normal", "arm64", "Compiling fileB1.swift", "/private/var/folders/xr/m5_5rlsd6l9fk2w4ngj13k6m0000gn/T/swbuild.tmp.I9GXyx3j/Data.noindex/Test/aProject/Sources/fileB1.swift"]) does not follow any tasks matching [Rule matches [SWBTestSupport.StringPattern.equal("SwiftExplicitDependencyCompileModuleFromInterface"), SWBTestSupport.StringPattern.equal("normal"), SWBTestSupport.StringPattern.equal("arm64"), SWBTestSupport.StringPattern.contains("_StringProcessing-")]]. Found: [] in [Task(forTarget: <none>, ruleInfo: ["Gate", "target-TargetA-T-TargetA-44525--Barrier-CopyAside"]), Task(forTarget: <none>, ruleInfo: ["Gate", "target-TargetA-T-TargetA-44525--InfoPlistTaskProducer"]), Task(forTarget: <none>, ruleInfo: ["Gate", "target-TargetB-T-TargetB-44533--Barrier-ChangeAlternatePermissions"]), Task(forTarget: <none>, ruleInfo: ["Gate", "target-TargetA-T-TargetA-44525--swift-generated-headers"]), Task(forTarget: TargetB, ruleInfo: ["ExtractAppIntentsMetadata"]), Task(forTarget: TargetB, ruleInfo: ["SwiftDriver", "TargetB", "normal", "arm64", "com.apple.xcode.tools.swift.compiler"]), Task(forTarget: TargetB, ruleInfo: ["WriteAuxiliaryFile", "/private/var/folders/xr/m5_5rlsd6l9fk2w4ngj13k6m0000gn/T/swbuild.tmp.I9GXyx3j/Data.noindex/Test/aProject/build/aProject.build/Debug/TargetB.build/TargetB-own-target-headers.hmap"]), Task(forTarget: TargetA, ruleInfo: ["WriteAuxiliaryFile", "/private/var/folders/xr/m5_5rlsd6l9fk2w4ngj13k6m0000gn/T/swbuild.tmp.I9GXyx3j/Data.noindex/Test/aProject/build/aProject.build/Debug/TargetA.build/TargetA-generated-files.hmap"]), Task(forTarget: TargetA, ruleInfo: ["SwiftDriver Compilation", "TargetA", "normal", "arm64", "com.apple.xcode.tools.swift.compiler"]), Task(forTarget: TargetA, ruleInfo: ["Ld", "/private/var/folders/xr/m5_5rlsd6l9fk2w4ngj13k6m0000gn/T/swbuild.tmp.I9GXyx3j/Data.noindex/Test/aProject/build/Debug/TargetA.framework/Versions/A/TargetA", "normal"]), Task(forTarget: <none>, ruleInfo: ["SwiftExplicitDependencyCompileModuleFromInterface", "arm64", "/private/var/folders/xr/m5_5rlsd6l9fk2w4ngj13k6m0000gn/T/swbuild.tmp.I9GXyx3j/Data.noindex/Test/aProject/build/SwiftExplicitPrecompiledModules/Swift-NBB0GQDQYZZH.swiftmodule"]), Task(forTarget: TargetB, ruleInfo: ["SwiftMergeGeneratedHeaders", "/private/var/folders/xr/m5_5rlsd6l9fk2w4ngj13k6m0000gn/T/swbuild.tmp.I9GXyx3j/Data.noindex/Test/aProject/build/Debug/TargetB.framework/Versions/A/Headers/TargetB-Swift.h", "/private/var/folders/xr/m5_5rlsd6l9fk2w4ngj13k6m0000gn/T/swbuild.tmp.I9GXyx3j/Data.noindex/Test/aProject/build/aProject.build/Debug/TargetB.build/Objects-normal/arm64/TargetB-Swift.h"]), Task(forTarget: <none>, ruleInfo: ["Gate", "target-TargetB-T-TargetB-44533--TestHostTaskProducer"]), Task(forTarget: TargetB, ruleInfo: ["WriteAuxiliaryFile", "/private/var/folders/xr/m5_5rlsd6l9fk2w4ngj13k6m0000gn/T/swbuild.tmp.I9GXyx3j/Data.noindex/Test/aProject/build/aProject.build/Debug/TargetB.build/Objects-normal/arm64/TargetB.SwiftConstValuesFileList"]), Task(forTarget: <none>, ruleInfo: ["Gate", "target-TargetB-T-TargetB-44533--ModuleMapTaskProducer"]), Task(forTarget: <none>, ruleInfo: ["Gate", "target-TargetB-T-TargetB-44533--SwiftFrameworkABICheckerTaskProducer"]), Task(forTarget: <none>, ruleInfo: ["Gate", "target-TargetB-T-TargetB-44533--Barrier-ChangePermissions"]), Task(forTarget: TargetB, ruleInfo: ["Gate", "target-TargetB-T-TargetB-44533--begin-compiling"]), Task(forTarget: <none>, ruleInfo: ["Gate", "target-TargetB-T-TargetB-44533--TestTargetTaskProducer"]), Task(forTarget: <none>, ruleInfo: ["Gate", "target-TargetB-T-TargetB-44533--TAPISymbolExtractorTaskProducer"]), Task(forTarget: <none>, ruleInfo: ["Gate", "target-TargetB-T-TargetB-44533--HeadermapTaskProducer"]), Task(forTarget: TargetB, ruleInfo: ["Ld", "/private/var/folders/xr/m5_5rlsd6l9fk2w4ngj13k6m0000gn/T/swbuild.tmp.I9GXyx3j/Data.noindex/Test/aProject/build/Debug/TargetB.framework/Versions/A/TargetB", "normal"]), Task(forTarget: TargetB, ruleInfo: ["WriteAuxiliaryFile", "/private/var/folders/xr/m5_5rlsd6l9fk2w4ngj13k6m0000gn/T/swbuild.tmp.I9GXyx3j/Data.noindex/Test/aProject/build/aProject.build/Debug/TargetB.build/Objects-normal/arm64/TargetB.LinkFileList"]), Task(forTarget: <none>, ruleInfo: ["Gate", "target-TargetB-T-TargetB-44533--TestTargetPostprocessingTaskProducer"]), Task(forTarget: <none>, ruleInfo: ["SwiftExplicitDependencyGeneratePcm", "arm64", "/private/var/folders/xr/m5_5rlsd6l9fk2w4ngj13k6m0000gn/T/swbuild.tmp.I9GXyx3j/Data.noindex/Test/aProject/build/SwiftExplicitPrecompiledModules/_SwiftConcurrencyShims-AIZW70LS1W2L0PXECXLASUUHS.pcm"]), Task(forTarget: TargetA, ruleInfo: ["SymLink", "/private/var/folders/xr/m5_5rlsd6l9fk2w4ngj13k6m0000gn/T/swbuild.tmp.I9GXyx3j/Data.noindex/Test/aProject/build/Debug/TargetA.framework/Versions/Current", "A"]), Task(forTarget: <none>, ruleInfo: ["CreateBuildDirectory", "/private/var/folders/xr/m5_5rlsd6l9fk2w4ngj13k6m0000gn/T/swbuild.tmp.I9GXyx3j/Data.noindex/Test/aProject/build"]), Task(forTarget: TargetB, ruleInfo: ["WriteAuxiliaryFile", "/private/var/folders/xr/m5_5rlsd6l9fk2w4ngj13k6m0000gn/T/swbuild.tmp.I9GXyx3j/Data.noindex/Test/aProject/build/aProject.build/Debug/TargetB.build/TargetB.DependencyMetadataFileList"]), Task(forTarget: TargetA, ruleInfo: ["WriteAuxiliaryFile", "/private/var/folders/xr/m5_5rlsd6l9fk2w4ngj13k6m0000gn/T/swbuild.tmp.I9GXyx3j/Data.noindex/Test/aProject/build/aProject.build/Debug/TargetA.build/TargetA.DependencyMetadataFileList"]), Task(forTarget: <none>, ruleInfo: ["Gate", "target-TargetB-T-TargetB-44533--AppExtensionInfoPlistGeneratorTaskProducer"]), Task(forTarget: <none>, ruleInfo: ["Gate", "target-TargetA-T-TargetA-44525--SwiftABIBaselineGenerationTaskProducer"]), Task(forTarget: <none>, ruleInfo: ["Gate", "target-TargetA-T-TargetA-44525--Barrier-Validate"]), Task(forTarget: <none>, ruleInfo: ["SwiftExplicitDependencyGeneratePcm", "arm64", "/private/var/folders/xr/m5_5rlsd6l9fk2w4ngj13k6m0000gn/T/swbuild.tmp.I9GXyx3j/Data.noindex/Test/aProject/build/SwiftExplicitPrecompiledModules/SwiftShims-1XRNFTFX3SVGVJQLDAOI208RW.pcm"]), Task(forTarget: TargetA, ruleInfo: ["SymLink", "/private/var/folders/xr/m5_5rlsd6l9fk2w4ngj13k6m0000gn/T/swbuild.tmp.I9GXyx3j/Data.noindex/Test/aProject/build/Debug/TargetA.framework/Headers", "Versions/Current/Headers"]), Task(forTarget: <none>, ruleInfo: ["Gate", "target-TargetA-T-TargetA-44525--generated-headers"]), Task(forTarget: TargetB, ruleInfo: ["SymLink", "/private/var/folders/xr/m5_5rlsd6l9fk2w4ngj13k6m0000gn/T/swbuild.tmp.I9GXyx3j/Data.noindex/Test/aProject/build/Debug/TargetB.framework/Modules", "Versions/Current/Modules"]), Task(forTarget: <none>, ruleInfo: ["WriteAuxiliaryFile", "/private/var/folders/xr/m5_5rlsd6l9fk2w4ngj13k6m0000gn/T/swbuild.tmp.I9GXyx3j/Data.noindex/Test/aProject/build/aProject.build/Debug/aProject-P44536-VFS/all-product-headers.yaml"]), Task(forTarget: <none>, ruleInfo: ["Gate", "target-TargetA-T-TargetA-44525--TAPISymbolExtractorTaskProducer"]), Task(forTarget: <none>, ruleInfo: ["Gate", "target-TargetA-T-TargetA-44525--TestTargetTaskProducer"]), Task(forTarget: <none>, ruleInfo: ["Gate", "target-TargetB-T-TargetB-44533--CopySwiftPackageResourcesTaskProducer"]), Task(forTarget: <none>, ruleInfo: ["Gate", "target-TargetB-T-TargetB-44533--AppIntentsMetadataTaskProducer"]), Task(forTarget: TargetA, ruleInfo: ["WriteAuxiliaryFile", "/private/var/folders/xr/m5_5rlsd6l9fk2w4ngj13k6m0000gn/T/swbuild.tmp.I9GXyx3j/Data.noindex/Test/aProject/build/aProject.build/Debug/TargetA.build/TargetA-all-target-headers.hmap"]), Task(forTarget: TargetB, ruleInfo: ["MkDir", "/private/var/folders/xr/m5_5rlsd6l9fk2w4ngj13k6m0000gn/T/swbuild.tmp.I9GXyx3j/Data.noindex/Test/aProject/build/Debug/TargetB.framework/Versions/A"]), Task(forTarget: <none>, ruleInfo: ["Gate", "target-TargetB-T-TargetB-44533--CustomTaskProducer"]), Task(forTarget: TargetB, ruleInfo: ["WriteAuxiliaryFile", "/private/var/folders/xr/m5_5rlsd6l9fk2w4ngj13k6m0000gn/T/swbuild.tmp.I9GXyx3j/Data.noindex/Test/aProject/build/aProject.build/Debug/TargetB.build/Objects-normal/arm64/TargetB.SwiftFileList"]), Task(forTarget: TargetB, ruleInfo: ["WriteAuxiliaryFile", "/private/var/folders/xr/m5_5rlsd6l9fk2w4ngj13k6m0000gn/T/swbuild.tmp.I9GXyx3j/Data.noindex/Test/aProject/build/aProject.build/Debug/TargetB.build/Objects-normal/arm64/TargetB-OutputFileMap.json"]), Task(forTarget: TargetA, ruleInfo: ["MkDir", "/private/var/folders/xr/m5_5rlsd6l9fk2w4ngj13k6m0000gn/T/swbuild.tmp.I9GXyx3j/Data.noindex/Test/aProject/build/Debug/TargetA.framework/Versions/A/Headers"]), Task(forTarget: <none>, ruleInfo: ["Gate", "target-TargetB-T-TargetB-44533--StubBinaryTaskProducer"]), Task(forTarget: <none>, ruleInfo: ["Gate", "target-TargetB-T-TargetB-44533--DocumentationTaskProducer"]), Task(forTarget: TargetA, ruleInfo: ["SwiftDriver", "TargetA", "normal", "arm64", "com.apple.xcode.tools.swift.compiler"]), Task(forTarget: <none>, ruleInfo: ["Gate", "target-TargetB-T-TargetB-44533--GenerateAppPlaygroundAssetCatalogTaskProducer"]), Task(forTarget: <none>, ruleInfo: ["Gate", "target-TargetA-T-TargetA-44525--Barrier-CodeSign"]), Task(forTarget: <none>, ruleInfo: ["Gate", "target-TargetA-T-TargetA-44525--AppExtensionInfoPlistGeneratorTaskProducer"]), Task(forTarget: TargetB, ruleInfo: ["Gate", "target-TargetB-T-TargetB-44533--entry"]), Task(forTarget: TargetB, ruleInfo: ["Gate", "target-TargetB-T-TargetB-44533--will-sign"]), Task(forTarget: <none>, ruleInfo: ["Gate", "target-TargetB-T-TargetB-44533--Barrier-CopyAside"]), Task(forTarget: <none>, ruleInfo: ["Gate", "target-TargetA-T-TargetA-44525--ProductStructureTaskProducer"]), Task(forTarget: TargetA, ruleInfo: ["Gate", "target-TargetA-T-TargetA-44525--begin-linking"]), Task(forTarget: TargetB, ruleInfo: ["Copy", "/private/var/folders/xr/m5_5rlsd6l9fk2w4ngj13k6m0000gn/T/swbuild.tmp.I9GXyx3j/Data.noindex/Test/aProject/build/Debug/TargetB.framework/Versions/A/Modules/TargetB.swiftmodule/arm64-apple-macos.swiftdoc", "/private/var/folders/xr/m5_5rlsd6l9fk2w4ngj13k6m0000gn/T/swbuild.tmp.I9GXyx3j/Data.noindex/Test/aProject/build/aProject.build/Debug/TargetB.build/Objects-normal/arm64/TargetB.swiftdoc"]), Task(forTarget: TargetB, ruleInfo: ["Copy", "/private/var/folders/xr/m5_5rlsd6l9fk2w4ngj13k6m0000gn/T/swbuild.tmp.I9GXyx3j/Data.noindex/Test/aProject/build/Debug/TargetB.framework/Versions/A/Modules/TargetB.swiftmodule/arm64-apple-macos.swiftmodule", "/private/var/folders/xr/m5_5rlsd6l9fk2w4ngj13k6m0000gn/T/swbuild.tmp.I9GXyx3j/Data.noindex/Test/aProject/build/aProject.build/Debug/TargetB.build/Objects-normal/arm64/TargetB.swiftmodule"]), Task(forTarget: TargetB, ruleInfo: ["SymLink", "/private/var/folders/xr/m5_5rlsd6l9fk2w4ngj13k6m0000gn/T/swbuild.tmp.I9GXyx3j/Data.noindex/Test/aProject/build/EagerLinkingTBDs/Debug/TargetB.framework/TargetB.tbd", "/private/var/folders/xr/m5_5rlsd6l9fk2w4ngj13k6m0000gn/T/swbuild.tmp.I9GXyx3j/Data.noindex/Test/aProject/build/EagerLinkingTBDs/Debug/TargetB.framework/Versions/A/TargetB.tbd"]), Task(forTarget: TargetA, ruleInfo: ["SwiftMergeGeneratedHeaders", "/private/var/folders/xr/m5_5rlsd6l9fk2w4ngj13k6m0000gn/T/swbuild.tmp.I9GXyx3j/Data.noindex/Test/aProject/build/Debug/TargetA.framework/Versions/A/Headers/TargetA-Swift.h", "/private/var/folders/xr/m5_5rlsd6l9fk2w4ngj13k6m0000gn/T/swbuild.tmp.I9GXyx3j/Data.noindex/Test/aProject/build/aProject.build/Debug/TargetA.build/Objects-normal/arm64/TargetA-Swift.h"]), Task(forTarget: <none>, ruleInfo: ["SwiftExplicitDependencyCompileModuleFromInterface", "arm64", "/private/var/folders/xr/m5_5rlsd6l9fk2w4ngj13k6m0000gn/T/swbuild.tmp.I9GXyx3j/Data.noindex/Test/aProject/build/SwiftExplicitPrecompiledModules/_Concurrency-CB34E6W1YOX6.swiftmodule"]), Task(forTarget: TargetA, ruleInfo: ["Gate", "target-TargetA-T-TargetA-44525--unsigned-product-ready"]), Task(forTarget: TargetA, ruleInfo: ["Gate", "target-TargetA-T-TargetA-44525--end"]), Task(forTarget: <none>, ruleInfo: ["Gate", "target-TargetA-T-TargetA-44525--ExtensionPointExtractorTaskProducer"]), Task(forTarget: TargetB, ruleInfo: ["Touch", "/private/var/folders/xr/m5_5rlsd6l9fk2w4ngj13k6m0000gn/T/swbuild.tmp.I9GXyx3j/Data.noindex/Test/aProject/build/Debug/TargetB.framework"]), Task(forTarget: TargetB, ruleInfo: ["Gate", "target-TargetB-T-TargetB-44533--linker-inputs-ready"]), Task(forTarget: TargetA, ruleInfo: ["WriteAuxiliaryFile", "/private/var/folders/xr/m5_5rlsd6l9fk2w4ngj13k6m0000gn/T/swbuild.tmp.I9GXyx3j/Data.noindex/Test/aProject/build/aProject.build/Debug/TargetA.build/Objects-normal/arm64/TargetA.SwiftFileList"]), Task(forTarget: TargetB, ruleInfo: ["WriteAuxiliaryFile", "/private/var/folders/xr/m5_5rlsd6l9fk2w4ngj13k6m0000gn/T/swbuild.tmp.I9GXyx3j/Data.noindex/Test/aProject/build/aProject.build/Debug/TargetB.build/TargetB-project-headers.hmap"]), Task(forTarget: <none>, ruleInfo: ["Gate", "target-TargetB-T-TargetB-44533--copy-headers-completion"]), Task(forTarget: <none>, ruleInfo: ["Gate", "target-TargetB-T-TargetB-44533--Barrier-Validate"]), Task(forTarget: TargetB, ruleInfo: ["Copy", "/private/var/folders/xr/m5_5rlsd6l9fk2w4ngj13k6m0000gn/T/swbuild.tmp.I9GXyx3j/Data.noindex/Test/aProject/build/Debug/TargetB.framework/Versions/A/Modules/TargetB.swiftmodule/arm64-apple-macos.abi.json", "/private/var/folders/xr/m5_5rlsd6l9fk2w4ngj13k6m0000gn/T/swbuild.tmp.I9GXyx3j/Data.noindex/Test/aProject/build/aProject.build/Debug/TargetB.build/Objects-normal/arm64/TargetB.abi.json"]), Task(forTarget: TargetA, ruleInfo: ["WriteAuxiliaryFile", "/private/var/folders/xr/m5_5rlsd6l9fk2w4ngj13k6m0000gn/T/swbuild.tmp.I9GXyx3j/Data.noindex/Test/aProject/build/aProject.build/Debug/TargetA.build/TargetA-own-target-headers.hmap"]), Task(forTarget: TargetB, ruleInfo: ["Gate", "target-TargetB-T-TargetB-44533--begin-scanning"]), Task(forTarget: TargetA, ruleInfo: ["WriteAuxiliaryFile", "/private/var/folders/xr/m5_5rlsd6l9fk2w4ngj13k6m0000gn/T/swbuild.tmp.I9GXyx3j/Data.noindex/Test/aProject/build/aProject.build/Debug/TargetA.build/TargetA.DependencyStaticMetadataFileList"]), Task(forTarget: <none>, ruleInfo: ["Gate", "target-TargetA-T-TargetA-44525--ModuleVerifierTaskProducer"]), Task(forTarget: TargetA, ruleInfo: ["SwiftCompile", "normal", "arm64", "Compiling fileA2.swift", "/private/var/folders/xr/m5_5rlsd6l9fk2w4ngj13k6m0000gn/T/swbuild.tmp.I9GXyx3j/Data.noindex/Test/aProject/Sources/fileA2.swift"]), Task(forTarget: TargetA, ruleInfo: ["Copy", "/private/var/folders/xr/m5_5rlsd6l9fk2w4ngj13k6m0000gn/T/swbuild.tmp.I9GXyx3j/Data.noindex/Test/aProject/build/Debug/TargetA.framework/Versions/A/Modules/TargetA.swiftmodule/arm64-apple-macos.swiftmodule", "/private/var/folders/xr/m5_5rlsd6l9fk2w4ngj13k6m0000gn/T/swbuild.tmp.I9GXyx3j/Data.noindex/Test/aProject/build/aProject.build/Debug/TargetA.build/Objects-normal/arm64/TargetA.swiftmodule"]), Task(forTarget: TargetA, ruleInfo: ["Gate", "target-TargetA-T-TargetA-44525--modules-ready"]), Task(forTarget: TargetB, ruleInfo: ["SwiftCompile", "normal", "arm64", "Compiling fileB1.swift", "/private/var/folders/xr/m5_5rlsd6l9fk2w4ngj13k6m0000gn/T/swbuild.tmp.I9GXyx3j/Data.noindex/Test/aProject/Sources/fileB1.swift"]), Task(forTarget: <none>, ruleInfo: ["Gate", "target-TargetB-T-TargetB-44533--Barrier-CodeSign"]), Task(forTarget: <none>, ruleInfo: ["Gate", "target-TargetB-T-TargetB-44533--generated-headers"]), Task(forTarget: <none>, ruleInfo: ["CreateBuildDirectory", "/private/var/folders/xr/m5_5rlsd6l9fk2w4ngj13k6m0000gn/T/swbuild.tmp.I9GXyx3j/Data.noindex/Test/aProject/build/SwiftExplicitPrecompiledModules"]), Task(forTarget: <none>, ruleInfo: ["Gate", "target-TargetA-T-TargetA-44525--SanitizerTaskProducer"]), Task(forTarget: TargetA, ruleInfo: ["SwiftDriver Compilation Requirements", "TargetA", "normal", "arm64", "com.apple.xcode.tools.swift.compiler"]), Task(forTarget: <none>, ruleInfo: ["CreateBuildDirectory", "/var/folders/xr/m5_5rlsd6l9fk2w4ngj13k6m0000gn/C/com.apple.DeveloperTools/26.4.1-17E202/Xcode/CompilationCache.noindex"]), Task(forTarget: <none>, ruleInfo: ["Gate", "target-TargetA-T-TargetA-44525--AppIntentsMetadataTaskProducer"]), Task(forTarget: TargetB, ruleInfo: ["SymLink", "/private/var/folders/xr/m5_5rlsd6l9fk2w4ngj13k6m0000gn/T/swbuild.tmp.I9GXyx3j/Data.noindex/Test/aProject/build/Debug/TargetB.framework/Versions/Current", "A"]), Task(forTarget: TargetA, ruleInfo: ["Copy", "/private/var/folders/xr/m5_5rlsd6l9fk2w4ngj13k6m0000gn/T/swbuild.tmp.I9GXyx3j/Data.noindex/Test/aProject/build/Debug/TargetA.framework/Versions/A/Modules/TargetA.swiftmodule/arm64-apple-macos.swiftdoc", "/private/var/folders/xr/m5_5rlsd6l9fk2w4ngj13k6m0000gn/T/swbuild.tmp.I9GXyx3j/Data.noindex/Test/aProject/build/aProject.build/Debug/TargetA.build/Objects-normal/arm64/TargetA.swiftdoc"]), Task(forTarget: TargetA, ruleInfo: ["RegisterExecutionPolicyException", "/private/var/folders/xr/m5_5rlsd6l9fk2w4ngj13k6m0000gn/T/swbuild.tmp.I9GXyx3j/Data.noindex/Test/aProject/build/Debug/TargetA.framework"]), Task(forTarget: <none>, ruleInfo: ["Gate", "target-TargetA-T-TargetA-44525--SwiftPackageCopyFilesTaskProducer"]), Task(forTarget: TargetA, ruleInfo: ["Copy", "/private/var/folders/xr/m5_5rlsd6l9fk2w4ngj13k6m0000gn/T/swbuild.tmp.I9GXyx3j/Data.noindex/Test/aProject/build/Debug/TargetA.framework/Versions/A/Modules/TargetA.swiftmodule/arm64-apple-macos.abi.json", "/private/var/folders/xr/m5_5rlsd6l9fk2w4ngj13k6m0000gn/T/swbuild.tmp.I9GXyx3j/Data.noindex/Test/aProject/build/aProject.build/Debug/TargetA.build/Objects-normal/arm64/TargetA.abi.json"]), Task(forTarget: TargetB, ruleInfo: ["SwiftEmitModule", "normal", "arm64", "Emitting module for TargetB"]), Task(forTarget: TargetA, ruleInfo: ["Touch", "/private/var/folders/xr/m5_5rlsd6l9fk2w4ngj13k6m0000gn/T/swbuild.tmp.I9GXyx3j/Data.noindex/Test/aProject/build/Debug/TargetA.framework"]), Task(forTarget: TargetA, ruleInfo: ["Gate", "target-TargetA-T-TargetA-44525--linker-inputs-ready"]), Task(forTarget: <none>, ruleInfo: ["Gate", "target-TargetB-T-TargetB-44533--ProductStructureTaskProducer"]), Task(forTarget: TargetB, ruleInfo: ["SwiftDriver Compilation", "TargetB", "normal", "arm64", "com.apple.xcode.tools.swift.compiler"]), Task(forTarget: <none>, ruleInfo: ["Gate", "target-TargetB-T-TargetB-44533--Barrier-RegisterExecutionPolicyException"]), Task(forTarget: TargetA, ruleInfo: ["WriteAuxiliaryFile", "/private/var/folders/xr/m5_5rlsd6l9fk2w4ngj13k6m0000gn/T/swbuild.tmp.I9GXyx3j/Data.noindex/Test/aProject/build/aProject.build/Debug/TargetA.build/Objects-normal/arm64/TargetA-OutputFileMap.json"]), Task(forTarget: <none>, ruleInfo: ["Gate", "target-TargetA-T-TargetA-44525--HeadermapTaskProducer"]), Task(forTarget: TargetB, ruleInfo: ["WriteAuxiliaryFile", "/private/var/folders/xr/m5_5rlsd6l9fk2w4ngj13k6m0000gn/T/swbuild.tmp.I9GXyx3j/Data.noindex/Test/aProject/build/aProject.build/Debug/TargetB.build/TargetB.DependencyStaticMetadataFileList"]), Task(forTarget: TargetA, ruleInfo: ["Gate", "target-TargetA-T-TargetA-44525--begin-compiling"]), Task(forTarget: <none>, ruleInfo: ["Gate", "target-TargetA-T-TargetA-44525--GeneratedFilesTaskProducer"]), Task(forTarget: <none>, ruleInfo: ["Gate", "target-TargetA-T-TargetA-44525--DocumentationTaskProducer"]), Task(forTarget: <none>, ruleInfo: ["Gate", "target-TargetB-T-TargetB-44533--InfoPlistTaskProducer"]), Task(forTarget: <none>, ruleInfo: ["Gate", "target-TargetA-T-TargetA-44525--SwiftFrameworkABICheckerTaskProducer"]), Task(forTarget: TargetB, ruleInfo: ["Gate", "target-TargetB-T-TargetB-44533--end"]), Task(forTarget: TargetA, ruleInfo: ["MkDir", "/private/var/folders/xr/m5_5rlsd6l9fk2w4ngj13k6m0000gn/T/swbuild.tmp.I9GXyx3j/Data.noindex/Test/aProject/build/Debug/TargetA.framework/Versions/A"]), Task(forTarget: <none>, ruleInfo: ["Gate", "target-TargetB-T-TargetB-44533--fused-phase0-compile-sources&link-binary"]), Task(forTarget: <none>, ruleInfo: ["Gate", "target-TargetB-T-TargetB-44533--SwiftStandardLibrariesTaskProducer"]), Task(forTarget: <none>, ruleInfo: ["Gate", "target-TargetB-T-TargetB-44533--SwiftABIBaselineGenerationTaskProducer"]), Task(forTarget: <none>, ruleInfo: ["Gate", "target-TargetA-T-TargetA-44525--TestTargetPostprocessingTaskProducer"]), Task(forTarget: <none>, ruleInfo: ["Gate", "target-TargetA-T-TargetA-44525--ProductPostprocessingTaskProducer"]), Task(forTarget: <none>, ruleInfo: ["Gate", "target-TargetB-T-TargetB-44533--RealityAssetsTaskProducer"]), Task(forTarget: TargetA, ruleInfo: ["Copy", "/private/var/folders/xr/m5_5rlsd6l9fk2w4ngj13k6m0000gn/T/swbuild.tmp.I9GXyx3j/Data.noindex/Test/aProject/build/Debug/TargetA.framework/Versions/A/Modules/TargetA.swiftmodule/Project/arm64-apple-macos.swiftsourceinfo", "/private/var/folders/xr/m5_5rlsd6l9fk2w4ngj13k6m0000gn/T/swbuild.tmp.I9GXyx3j/Data.noindex/Test/aProject/build/aProject.build/Debug/TargetA.build/Objects-normal/arm64/TargetA.swiftsourceinfo"]), Task(forTarget: TargetB, ruleInfo: ["Copy", "/private/var/folders/xr/m5_5rlsd6l9fk2w4ngj13k6m0000gn/T/swbuild.tmp.I9GXyx3j/Data.noindex/Test/aProject/build/Debug/TargetB.framework/Versions/A/Modules/TargetB.swiftmodule/Project/arm64-apple-macos.swiftsourceinfo", "/private/var/folders/xr/m5_5rlsd6l9fk2w4ngj13k6m0000gn/T/swbuild.tmp.I9GXyx3j/Data.noindex/Test/aProject/build/aProject.build/Debug/TargetB.build/Objects-normal/arm64/TargetB.swiftsourceinfo"]), Task(forTarget: TargetB, ruleInfo: ["WriteAuxiliaryFile", "/private/var/folders/xr/m5_5rlsd6l9fk2w4ngj13k6m0000gn/T/swbuild.tmp.I9GXyx3j/Data.noindex/Test/aProject/build/aProject.build/Debug/TargetB.build/TargetB-all-non-framework-target-headers.hmap"]), Task(forTarget: <none>, ruleInfo: ["Gate", "target-TargetB-T-TargetB-44533--Barrier-GenerateStubAPI"]), Task(forTarget: TargetB, ruleInfo: ["RegisterExecutionPolicyException", "/private/var/folders/xr/m5_5rlsd6l9fk2w4ngj13k6m0000gn/T/swbuild.tmp.I9GXyx3j/Data.noindex/Test/aProject/build/Debug/TargetB.framework"]), Task(forTarget: TargetA, ruleInfo: ["SwiftEmitModule", "normal", "arm64", "Emitting module for TargetA"]), Task(forTarget: <none>, ruleInfo: ["SwiftExplicitDependencyCompileModuleFromInterface", "arm64", "/private/var/folders/xr/m5_5rlsd6l9fk2w4ngj13k6m0000gn/T/swbuild.tmp.I9GXyx3j/Data.noindex/Test/aProject/build/SwiftExplicitPrecompiledModules/_StringProcessing-1O0ZQ2K74RYD5.swiftmodule"]), Task(forTarget: TargetB, ruleInfo: ["Gate", "target-TargetB-T-TargetB-44533--begin-linking"]), Task(forTarget: TargetB, ruleInfo: ["Gate", "target-TargetB-T-TargetB-44533--unsigned-product-ready"]), Task(forTarget: TargetB, ruleInfo: ["MkDir", "/private/var/folders/xr/m5_5rlsd6l9fk2w4ngj13k6m0000gn/T/swbuild.tmp.I9GXyx3j/Data.noindex/Test/aProject/build/Debug/TargetB.framework"]), Task(forTarget: <none>, ruleInfo: ["Gate", "target-TargetB-T-TargetB-44533--ExtensionPointExtractorTaskProducer"]), Task(forTarget: TargetA, ruleInfo: ["WriteAuxiliaryFile", "/private/var/folders/xr/m5_5rlsd6l9fk2w4ngj13k6m0000gn/T/swbuild.tmp.I9GXyx3j/Data.noindex/Test/aProject/build/aProject.build/Debug/TargetA.build/Objects-normal/arm64/TargetA_const_extract_protocols.json"]), Task(forTarget: <none>, ruleInfo: ["Gate", "target-TargetA-T-TargetA-44525--CustomTaskProducer"]), Task(forTarget: <none>, ruleInfo: ["ClangStatCache", "/Applications/Xcode17E.app/Contents/Developer/Toolchains/XcodeDefault.xctoolchain/usr/bin/clang-stat-cache", "/Applications/Xcode17E.app/Contents/Developer/Platforms/MacOSX.platform/Developer/SDKs/MacOSX26.4.sdk", "/private/var/folders/xr/m5_5rlsd6l9fk2w4ngj13k6m0000gn/T/swbuild.tmp.I9GXyx3j/Data.noindex/Test/SDKStatCaches.noindex/macosx26.4-25E260-95aa6cf8f3effd57bda17e0c125410c0.sdkstatcache"]), Task(forTarget: <none>, ruleInfo: ["Gate", "target-TargetB-T-TargetB-44533--TestEntryPointTaskProducerFactory"]), Task(forTarget: TargetA, ruleInfo: ["Gate", "target-TargetA-T-TargetA-44525--immediate"]), Task(forTarget: <none>, ruleInfo: ["CreateBuildDirectory", "/private/var/folders/xr/m5_5rlsd6l9fk2w4ngj13k6m0000gn/T/swbuild.tmp.I9GXyx3j/Data.noindex/Test/aProject/build/Debug"]), Task(forTarget: TargetA, ruleInfo: ["Gate", "target-TargetA-T-TargetA-44525--entry"]), Task(forTarget: <none>, ruleInfo: ["Gate", "target-TargetA-T-TargetA-44525--SwiftStandardLibrariesTaskProducer"]), Task(forTarget: <none>, ruleInfo: ["Gate", "target-TargetA-T-TargetA-44525--TestEntryPointTaskProducerFactory"]), Task(forTarget: TargetA, ruleInfo: ["WriteAuxiliaryFile", "/private/var/folders/xr/m5_5rlsd6l9fk2w4ngj13k6m0000gn/T/swbuild.tmp.I9GXyx3j/Data.noindex/Test/aProject/build/aProject.build/Debug/TargetA.build/TargetA-project-headers.hmap"]), Task(forTarget: <none>, ruleInfo: ["Gate", "target-TargetA-T-TargetA-44525--Barrier-GenerateStubAPI"]), Task(forTarget: TargetA, ruleInfo: ["MkDir", "/private/var/folders/xr/m5_5rlsd6l9fk2w4ngj13k6m0000gn/T/swbuild.tmp.I9GXyx3j/Data.noindex/Test/aProject/build/Debug/TargetA.framework"]), Task(forTarget: TargetB, ruleInfo: ["WriteAuxiliaryFile", "/private/var/folders/xr/m5_5rlsd6l9fk2w4ngj13k6m0000gn/T/swbuild.tmp.I9GXyx3j/Data.noindex/Test/aProject/build/aProject.build/Debug/TargetB.build/TargetB-generated-files.hmap"]), Task(forTarget: TargetB, ruleInfo: ["WriteAuxiliaryFile", "/private/var/folders/xr/m5_5rlsd6l9fk2w4ngj13k6m0000gn/T/swbuild.tmp.I9GXyx3j/Data.noindex/Test/aProject/build/aProject.build/Debug/TargetB.build/Objects-normal/arm64/TargetB_const_extract_protocols.json"]), Task(forTarget: TargetB, ruleInfo: ["MkDir", "/private/var/folders/xr/m5_5rlsd6l9fk2w4ngj13k6m0000gn/T/swbuild.tmp.I9GXyx3j/Data.noindex/Test/aProject/build/Debug/TargetB.framework/Versions"]), Task(forTarget: <none>, ruleInfo: ["Gate", "target-TargetA-T-TargetA-44525--CopySwiftPackageResourcesTaskProducer"]), Task(forTarget: <none>, ruleInfo: ["Gate", "target-TargetA-T-TargetA-44525--Barrier-ChangeAlternatePermissions"]), Task(forTarget: TargetA, ruleInfo: ["SymLink", "/private/var/folders/xr/m5_5rlsd6l9fk2w4ngj13k6m0000gn/T/swbuild.tmp.I9GXyx3j/Data.noindex/Test/aProject/build/EagerLinkingTBDs/Debug/TargetA.framework/TargetA.tbd", "/private/var/folders/xr/m5_5rlsd6l9fk2w4ngj13k6m0000gn/T/swbuild.tmp.I9GXyx3j/Data.noindex/Test/aProject/build/EagerLinkingTBDs/Debug/TargetA.framework/Versions/A/TargetA.tbd"]), Task(forTarget: <none>, ruleInfo: ["Gate", "target-TargetA-T-TargetA-44525--Barrier-RegisterExecutionPolicyException"]), Task(forTarget: <none>, ruleInfo: ["Gate", "target-TargetB-T-TargetB-44533--SwiftPackageCopyFilesTaskProducer"]), Task(forTarget: TargetA, ruleInfo: ["SwiftCompile", "normal", "arm64", "Compiling fileA1.swift", "/private/var/folders/xr/m5_5rlsd6l9fk2w4ngj13k6m0000gn/T/swbuild.tmp.I9GXyx3j/Data.noindex/Test/aProject/Sources/fileA1.swift"]), Task(forTarget: <none>, ruleInfo: ["Gate", "target-TargetB-T-TargetB-44533--Barrier-StripSymbols"]), Task(forTarget: TargetA, ruleInfo: ["WriteAuxiliaryFile", "/private/var/folders/xr/m5_5rlsd6l9fk2w4ngj13k6m0000gn/T/swbuild.tmp.I9GXyx3j/Data.noindex/Test/aProject/build/aProject.build/Debug/TargetA.build/TargetA-all-non-framework-target-headers.hmap"]), Task(forTarget: <none>, ruleInfo: ["Gate", "target-TargetB-T-TargetB-44533--SanitizerTaskProducer"]), Task(forTarget: <none>, ruleInfo: ["Gate", "target-TargetB-T-TargetB-44533--swift-generated-headers"]), Task(forTarget: <none>, ruleInfo: ["Gate", "target-TargetB-T-TargetB-44533--Barrier-RegisterProduct"]), Task(forTarget: <none>, ruleInfo: ["Gate", "target-TargetB-T-TargetB-44533--GeneratedFilesTaskProducer"]), Task(forTarget: <none>, ruleInfo: ["Gate", "target-TargetA-T-TargetA-44525--Barrier-StripSymbols"]), Task(forTarget: TargetB, ruleInfo: ["GenerateTAPI", "/private/var/folders/xr/m5_5rlsd6l9fk2w4ngj13k6m0000gn/T/swbuild.tmp.I9GXyx3j/Data.noindex/Test/aProject/build/EagerLinkingTBDs/Debug/TargetB.framework/Versions/A/TargetB.tbd"]), Task(forTarget: <none>, ruleInfo: ["Gate", "target-TargetA-T-TargetA-44525--GenerateAppPlaygroundAssetCatalogTaskProducer"]), Task(forTarget: <none>, ruleInfo: ["Gate", "target-TargetA-T-TargetA-44525--Barrier-ChangePermissions"]), Task(forTarget: TargetA, ruleInfo: ["WriteAuxiliaryFile", "/private/var/folders/xr/m5_5rlsd6l9fk2w4ngj13k6m0000gn/T/swbuild.tmp.I9GXyx3j/Data.noindex/Test/aProject/build/aProject.build/Debug/TargetA.build/Objects-normal/arm64/TargetA.SwiftConstValuesFileList"]), Task(forTarget: TargetA, ruleInfo: ["MkDir", "/private/var/folders/xr/m5_5rlsd6l9fk2w4ngj13k6m0000gn/T/swbuild.tmp.I9GXyx3j/Data.noindex/Test/aProject/build/Debug/TargetA.framework/Versions"]), Task(forTarget: <none>, ruleInfo: ["Gate", "target-TargetA-T-TargetA-44525--StubBinaryTaskProducer"]), Task(forTarget: <none>, ruleInfo: ["Gate", "target-TargetB-T-TargetB-44533--ProductPostprocessingTaskProducer"]), Task(forTarget: TargetA, ruleInfo: ["WriteAuxiliaryFile", "/private/var/folders/xr/m5_5rlsd6l9fk2w4ngj13k6m0000gn/T/swbuild.tmp.I9GXyx3j/Data.noindex/Test/aProject/build/aProject.build/Debug/TargetA.build/Objects-normal/arm64/TargetA.LinkFileList"]), Task(forTarget: <none>, ruleInfo: ["Gate", "target-TargetA-T-TargetA-44525--ModuleMapTaskProducer"]), Task(forTarget: TargetA, ruleInfo: ["ExtractAppIntentsMetadata"]), Task(forTarget: TargetB, ruleInfo: ["WriteAuxiliaryFile", "/private/var/folders/xr/m5_5rlsd6l9fk2w4ngj13k6m0000gn/T/swbuild.tmp.I9GXyx3j/Data.noindex/Test/aProject/build/aProject.build/Debug/TargetB.build/TargetB.hmap"]), Task(forTarget: TargetA, ruleInfo: ["SymLink", "/private/var/folders/xr/m5_5rlsd6l9fk2w4ngj13k6m0000gn/T/swbuild.tmp.I9GXyx3j/Data.noindex/Test/aProject/build/Debug/TargetA.framework/TargetA", "Versions/Current/TargetA"]), Task(forTarget: TargetB, ruleInfo: ["MkDir", "/private/var/folders/xr/m5_5rlsd6l9fk2w4ngj13k6m0000gn/T/swbuild.tmp.I9GXyx3j/Data.noindex/Test/aProject/build/Debug/TargetB.framework/Versions/A/Headers"]), Task(forTarget: <none>, ruleInfo: ["CreateBuildDirectory", "/private/var/folders/xr/m5_5rlsd6l9fk2w4ngj13k6m0000gn/T/swbuild.tmp.I9GXyx3j/Data.noindex/Test/aProject/build/ExplicitPrecompiledModules"]), Task(forTarget: <none>, ruleInfo: ["Gate", "target-TargetA-T-TargetA-44525--RealityAssetsTaskProducer"]), Task(forTarget: <none>, ruleInfo: ["Gate", "target-TargetA-T-TargetA-44525--TestHostTaskProducer"]), Task(forTarget: TargetA, ruleInfo: ["Gate", "target-TargetA-T-TargetA-44525--will-sign"]), Task(forTarget: <none>, ruleInfo: ["CreateBuildDirectory", "/private/var/folders/xr/m5_5rlsd6l9fk2w4ngj13k6m0000gn/T/swbuild.tmp.I9GXyx3j/Data.noindex/Test/aProject/build/SharedPrecompiledHeaders"]), Task(forTarget: TargetA, ruleInfo: ["WriteAuxiliaryFile", "/private/var/folders/xr/m5_5rlsd6l9fk2w4ngj13k6m0000gn/T/swbuild.tmp.I9GXyx3j/Data.noindex/Test/aProject/build/aProject.build/Debug/TargetA.build/TargetA.hmap"]), Task(forTarget: TargetA, ruleInfo: ["SymLink", "/private/var/folders/xr/m5_5rlsd6l9fk2w4ngj13k6m0000gn/T/swbuild.tmp.I9GXyx3j/Data.noindex/Test/aProject/build/Debug/TargetA.framework/Modules", "Versions/Current/Modules"]), Task(forTarget: <none>, ruleInfo: ["Gate", "target-TargetA-T-TargetA-44525--copy-headers-completion"]), Task(forTarget: <none>, ruleInfo: ["Gate", "target-TargetA-T-TargetA-44525--fused-phase0-compile-sources"]), Task(forTarget: <none>, ruleInfo: ["Gate", "WorkspaceHeaderMapVFSFilesWritten"]), Task(forTarget: TargetB, ruleInfo: ["SymLink", "/private/var/folders/xr/m5_5rlsd6l9fk2w4ngj13k6m0000gn/T/swbuild.tmp.I9GXyx3j/Data.noindex/Test/aProject/build/Debug/TargetB.framework/Headers", "Versions/Current/Headers"]), Task(forTarget: TargetB, ruleInfo: ["SwiftDriver Compilation Requirements", "TargetB", "normal", "arm64", "com.apple.xcode.tools.swift.compiler"]), Task(forTarget: <none>, ruleInfo: ["Gate", "target-TargetA-T-TargetA-44525--Barrier-RegisterProduct"]), Task(forTarget: TargetB, ruleInfo: ["Gate", "target-TargetB-T-TargetB-44533--modules-ready"]), Task(forTarget: <none>, ruleInfo: ["CreateBuildDirectory", "/private/var/folders/xr/m5_5rlsd6l9fk2w4ngj13k6m0000gn/T/swbuild.tmp.I9GXyx3j/Data.noindex/Test/aProject/build/EagerLinkingTBDs/Debug"]), Task(forTarget: TargetB, ruleInfo: ["WriteAuxiliaryFile", "/private/var/folders/xr/m5_5rlsd6l9fk2w4ngj13k6m0000gn/T/swbuild.tmp.I9GXyx3j/Data.noindex/Test/aProject/build/aProject.build/Debug/TargetB.build/TargetB-all-target-headers.hmap"]), Task(forTarget: <none>, ruleInfo: ["Gate", "target-TargetB-T-TargetB-44533--ModuleVerifierTaskProducer"]), Task(forTarget: TargetA, ruleInfo: ["Gate", "target-TargetA-T-TargetA-44525--begin-scanning"]), Task(forTarget: TargetB, ruleInfo: ["Gate", "target-TargetB-T-TargetB-44533--immediate"]), Task(forTarget: TargetA, ruleInfo: ["GenerateTAPI", "/private/var/folders/xr/m5_5rlsd6l9fk2w4ngj13k6m0000gn/T/swbuild.tmp.I9GXyx3j/Data.noindex/Test/aProject/build/EagerLinkingTBDs/Debug/TargetA.framework/Versions/A/TargetA.tbd"]), Task(forTarget: TargetB, ruleInfo: ["SymLink", "/private/var/folders/xr/m5_5rlsd6l9fk2w4ngj13k6m0000gn/T/swbuild.tmp.I9GXyx3j/Data.noindex/Test/aProject/build/Debug/TargetB.framework/TargetB", "Versions/Current/TargetB"]), Task(forTarget: TargetB, ruleInfo: ["SwiftCompile", "normal", "arm64", "Compiling fileB2.swift", "/private/var/folders/xr/m5_5rlsd6l9fk2w4ngj13k6m0000gn/T/swbuild.tmp.I9GXyx3j/Data.noindex/Test/aProject/Sources/fileB2.swift"])]
↳ Occasionally fails in CI due to SwiftExplicitDependencyCompileModuleFromInterface missing from the dependency graph
━ Test swiftEagerCompilationWithExplicitModules() recorded a known issue at SwiftDriverTests.swift:3578:55: Issue recorded
↳ Task Task(forTarget: TargetB, ruleInfo: ["SwiftCompile", "normal", "arm64", "Compiling fileB1.swift", "/private/var/folders/xr/m5_5rlsd6l9fk2w4ngj13k6m0000gn/T/swbuild.tmp.I9GXyx3j/Data.noindex/Test/aProject/Sources/fileB1.swift"]) does not follow any tasks matching [Rule matches [SWBTestSupport.StringPattern.equal("SwiftExplicitDependencyGeneratePcm"), SWBTestSupport.StringPattern.equal("normal"), SWBTestSupport.StringPattern.equal("arm64"), SWBTestSupport.StringPattern.contains("_SwiftConcurrencyShims-")]]. Found: [] in [Task(forTarget: <none>, ruleInfo: ["Gate", "target-TargetA-T-TargetA-44525--Barrier-CopyAside"]), Task(forTarget: <none>, ruleInfo: ["Gate", "target-TargetA-T-TargetA-44525--InfoPlistTaskProducer"]), Task(forTarget: <none>, ruleInfo: ["Gate", "target-TargetB-T-TargetB-44533--Barrier-ChangeAlternatePermissions"]), Task(forTarget: <none>, ruleInfo: ["Gate", "target-TargetA-T-TargetA-44525--swift-generated-headers"]), Task(forTarget: TargetB, ruleInfo: ["ExtractAppIntentsMetadata"]), Task(forTarget: TargetB, ruleInfo: ["SwiftDriver", "TargetB", "normal", "arm64", "com.apple.xcode.tools.swift.compiler"]), Task(forTarget: TargetB, ruleInfo: ["WriteAuxiliaryFile", "/private/var/folders/xr/m5_5rlsd6l9fk2w4ngj13k6m0000gn/T/swbuild.tmp.I9GXyx3j/Data.noindex/Test/aProject/build/aProject.build/Debug/TargetB.build/TargetB-own-target-headers.hmap"]), Task(forTarget: TargetA, ruleInfo: ["WriteAuxiliaryFile", "/private/var/folders/xr/m5_5rlsd6l9fk2w4ngj13k6m0000gn/T/swbuild.tmp.I9GXyx3j/Data.noindex/Test/aProject/build/aProject.build/Debug/TargetA.build/TargetA-generated-files.hmap"]), Task(forTarget: TargetA, ruleInfo: ["SwiftDriver Compilation", "TargetA", "normal", "arm64", "com.apple.xcode.tools.swift.compiler"]), Task(forTarget: TargetA, ruleInfo: ["Ld", "/private/var/folders/xr/m5_5rlsd6l9fk2w4ngj13k6m0000gn/T/swbuild.tmp.I9GXyx3j/Data.noindex/Test/aProject/build/Debug/TargetA.framework/Versions/A/TargetA", "normal"]), Task(forTarget: <none>, ruleInfo: ["SwiftExplicitDependencyCompileModuleFromInterface", "arm64", "/private/var/folders/xr/m5_5rlsd6l9fk2w4ngj13k6m0000gn/T/swbuild.tmp.I9GXyx3j/Data.noindex/Test/aProject/build/SwiftExplicitPrecompiledModules/Swift-NBB0GQDQYZZH.swiftmodule"]), Task(forTarget: TargetB, ruleInfo: ["SwiftMergeGeneratedHeaders", "/private/var/folders/xr/m5_5rlsd6l9fk2w4ngj13k6m0000gn/T/swbuild.tmp.I9GXyx3j/Data.noindex/Test/aProject/build/Debug/TargetB.framework/Versions/A/Headers/TargetB-Swift.h", "/private/var/folders/xr/m5_5rlsd6l9fk2w4ngj13k6m0000gn/T/swbuild.tmp.I9GXyx3j/Data.noindex/Test/aProject/build/aProject.build/Debug/TargetB.build/Objects-normal/arm64/TargetB-Swift.h"]), Task(forTarget: <none>, ruleInfo: ["Gate", "target-TargetB-T-TargetB-44533--TestHostTaskProducer"]), Task(forTarget: TargetB, ruleInfo: ["WriteAuxiliaryFile", "/private/var/folders/xr/m5_5rlsd6l9fk2w4ngj13k6m0000gn/T/swbuild.tmp.I9GXyx3j/Data.noindex/Test/aProject/build/aProject.build/Debug/TargetB.build/Objects-normal/arm64/TargetB.SwiftConstValuesFileList"]), Task(forTarget: <none>, ruleInfo: ["Gate", "target-TargetB-T-TargetB-44533--ModuleMapTaskProducer"]), Task(forTarget: <none>, ruleInfo: ["Gate", "target-TargetB-T-TargetB-44533--SwiftFrameworkABICheckerTaskProducer"]), Task(forTarget: <none>, ruleInfo: ["Gate", "target-TargetB-T-TargetB-44533--Barrier-ChangePermissions"]), Task(forTarget: TargetB, ruleInfo: ["Gate", "target-TargetB-T-TargetB-44533--begin-compiling"]), Task(forTarget: <none>, ruleInfo: ["Gate", "target-TargetB-T-TargetB-44533--TestTargetTaskProducer"]), Task(forTarget: <none>, ruleInfo: ["Gate", "target-TargetB-T-TargetB-44533--TAPISymbolExtractorTaskProducer"]), Task(forTarget: <none>, ruleInfo: ["Gate", "target-TargetB-T-TargetB-44533--HeadermapTaskProducer"]), Task(forTarget: TargetB, ruleInfo: ["Ld", "/private/var/folders/xr/m5_5rlsd6l9fk2w4ngj13k6m0000gn/T/swbuild.tmp.I9GXyx3j/Data.noindex/Test/aProject/build/Debug/TargetB.framework/Versions/A/TargetB", "normal"]), Task(forTarget: TargetB, ruleInfo: ["WriteAuxiliaryFile", "/private/var/folders/xr/m5_5rlsd6l9fk2w4ngj13k6m0000gn/T/swbuild.tmp.I9GXyx3j/Data.noindex/Test/aProject/build/aProject.build/Debug/TargetB.build/Objects-normal/arm64/TargetB.LinkFileList"]), Task(forTarget: <none>, ruleInfo: ["Gate", "target-TargetB-T-TargetB-44533--TestTargetPostprocessingTaskProducer"]), Task(forTarget: <none>, ruleInfo: ["SwiftExplicitDependencyGeneratePcm", "arm64", "/private/var/folders/xr/m5_5rlsd6l9fk2w4ngj13k6m0000gn/T/swbuild.tmp.I9GXyx3j/Data.noindex/Test/aProject/build/SwiftExplicitPrecompiledModules/_SwiftConcurrencyShims-AIZW70LS1W2L0PXECXLASUUHS.pcm"]), Task(forTarget: TargetA, ruleInfo: ["SymLink", "/private/var/folders/xr/m5_5rlsd6l9fk2w4ngj13k6m0000gn/T/swbuild.tmp.I9GXyx3j/Data.noindex/Test/aProject/build/Debug/TargetA.framework/Versions/Current", "A"]), Task(forTarget: <none>, ruleInfo: ["CreateBuildDirectory", "/private/var/folders/xr/m5_5rlsd6l9fk2w4ngj13k6m0000gn/T/swbuild.tmp.I9GXyx3j/Data.noindex/Test/aProject/build"]), Task(forTarget: TargetB, ruleInfo: ["WriteAuxiliaryFile", "/private/var/folders/xr/m5_5rlsd6l9fk2w4ngj13k6m0000gn/T/swbuild.tmp.I9GXyx3j/Data.noindex/Test/aProject/build/aProject.build/Debug/TargetB.build/TargetB.DependencyMetadataFileList"]), Task(forTarget: TargetA, ruleInfo: ["WriteAuxiliaryFile", "/private/var/folders/xr/m5_5rlsd6l9fk2w4ngj13k6m0000gn/T/swbuild.tmp.I9GXyx3j/Data.noindex/Test/aProject/build/aProject.build/Debug/TargetA.build/TargetA.DependencyMetadataFileList"]), Task(forTarget: <none>, ruleInfo: ["Gate", "target-TargetB-T-TargetB-44533--AppExtensionInfoPlistGeneratorTaskProducer"]), Task(forTarget: <none>, ruleInfo: ["Gate", "target-TargetA-T-TargetA-44525--SwiftABIBaselineGenerationTaskProducer"]), Task(forTarget: <none>, ruleInfo: ["Gate", "target-TargetA-T-TargetA-44525--Barrier-Validate"]), Task(forTarget: <none>, ruleInfo: ["SwiftExplicitDependencyGeneratePcm", "arm64", "/private/var/folders/xr/m5_5rlsd6l9fk2w4ngj13k6m0000gn/T/swbuild.tmp.I9GXyx3j/Data.noindex/Test/aProject/build/SwiftExplicitPrecompiledModules/SwiftShims-1XRNFTFX3SVGVJQLDAOI208RW.pcm"]), Task(forTarget: TargetA, ruleInfo: ["SymLink", "/private/var/folders/xr/m5_5rlsd6l9fk2w4ngj13k6m0000gn/T/swbuild.tmp.I9GXyx3j/Data.noindex/Test/aProject/build/Debug/TargetA.framework/Headers", "Versions/Current/Headers"]), Task(forTarget: <none>, ruleInfo: ["Gate", "target-TargetA-T-TargetA-44525--generated-headers"]), Task(forTarget: TargetB, ruleInfo: ["SymLink", "/private/var/folders/xr/m5_5rlsd6l9fk2w4ngj13k6m0000gn/T/swbuild.tmp.I9GXyx3j/Data.noindex/Test/aProject/build/Debug/TargetB.framework/Modules", "Versions/Current/Modules"]), Task(forTarget: <none>, ruleInfo: ["WriteAuxiliaryFile", "/private/var/folders/xr/m5_5rlsd6l9fk2w4ngj13k6m0000gn/T/swbuild.tmp.I9GXyx3j/Data.noindex/Test/aProject/build/aProject.build/Debug/aProject-P44536-VFS/all-product-headers.yaml"]), Task(forTarget: <none>, ruleInfo: ["Gate", "target-TargetA-T-TargetA-44525--TAPISymbolExtractorTaskProducer"]), Task(forTarget: <none>, ruleInfo: ["Gate", "target-TargetA-T-TargetA-44525--TestTargetTaskProducer"]), Task(forTarget: <none>, ruleInfo: ["Gate", "target-TargetB-T-TargetB-44533--CopySwiftPackageResourcesTaskProducer"]), Task(forTarget: <none>, ruleInfo: ["Gate", "target-TargetB-T-TargetB-44533--AppIntentsMetadataTaskProducer"]), Task(forTarget: TargetA, ruleInfo: ["WriteAuxiliaryFile", "/private/var/folders/xr/m5_5rlsd6l9fk2w4ngj13k6m0000gn/T/swbuild.tmp.I9GXyx3j/Data.noindex/Test/aProject/build/aProject.build/Debug/TargetA.build/TargetA-all-target-headers.hmap"]), Task(forTarget: TargetB, ruleInfo: ["MkDir", "/private/var/folders/xr/m5_5rlsd6l9fk2w4ngj13k6m0000gn/T/swbuild.tmp.I9GXyx3j/Data.noindex/Test/aProject/build/Debug/TargetB.framework/Versions/A"]), Task(forTarget: <none>, ruleInfo: ["Gate", "target-TargetB-T-TargetB-44533--CustomTaskProducer"]), Task(forTarget: TargetB, ruleInfo: ["WriteAuxiliaryFile", "/private/var/folders/xr/m5_5rlsd6l9fk2w4ngj13k6m0000gn/T/swbuild.tmp.I9GXyx3j/Data.noindex/Test/aProject/build/aProject.build/Debug/TargetB.build/Objects-normal/arm64/TargetB.SwiftFileList"]), Task(forTarget: TargetB, ruleInfo: ["WriteAuxiliaryFile", "/private/var/folders/xr/m5_5rlsd6l9fk2w4ngj13k6m0000gn/T/swbuild.tmp.I9GXyx3j/Data.noindex/Test/aProject/build/aProject.build/Debug/TargetB.build/Objects-normal/arm64/TargetB-OutputFileMap.json"]), Task(forTarget: TargetA, ruleInfo: ["MkDir", "/private/var/folders/xr/m5_5rlsd6l9fk2w4ngj13k6m0000gn/T/swbuild.tmp.I9GXyx3j/Data.noindex/Test/aProject/build/Debug/TargetA.framework/Versions/A/Headers"]), Task(forTarget: <none>, ruleInfo: ["Gate", "target-TargetB-T-TargetB-44533--StubBinaryTaskProducer"]), Task(forTarget: <none>, ruleInfo: ["Gate", "target-TargetB-T-TargetB-44533--DocumentationTaskProducer"]), Task(forTarget: TargetA, ruleInfo: ["SwiftDriver", "TargetA", "normal", "arm64", "com.apple.xcode.tools.swift.compiler"]), Task(forTarget: <none>, ruleInfo: ["Gate", "target-TargetB-T-TargetB-44533--GenerateAppPlaygroundAssetCatalogTaskProducer"]), Task(forTarget: <none>, ruleInfo: ["Gate", "target-TargetA-T-TargetA-44525--Barrier-CodeSign"]), Task(forTarget: <none>, ruleInfo: ["Gate", "target-TargetA-T-TargetA-44525--AppExtensionInfoPlistGeneratorTaskProducer"]), Task(forTarget: TargetB, ruleInfo: ["Gate", "target-TargetB-T-TargetB-44533--entry"]), Task(forTarget: TargetB, ruleInfo: ["Gate", "target-TargetB-T-TargetB-44533--will-sign"]), Task(forTarget: <none>, ruleInfo: ["Gate", "target-TargetB-T-TargetB-44533--Barrier-CopyAside"]), Task(forTarget: <none>, ruleInfo: ["Gate", "target-TargetA-T-TargetA-44525--ProductStructureTaskProducer"]), Task(forTarget: TargetA, ruleInfo: ["Gate", "target-TargetA-T-TargetA-44525--begin-linking"]), Task(forTarget: TargetB, ruleInfo: ["Copy", "/private/var/folders/xr/m5_5rlsd6l9fk2w4ngj13k6m0000gn/T/swbuild.tmp.I9GXyx3j/Data.noindex/Test/aProject/build/Debug/TargetB.framework/Versions/A/Modules/TargetB.swiftmodule/arm64-apple-macos.swiftdoc", "/private/var/folders/xr/m5_5rlsd6l9fk2w4ngj13k6m0000gn/T/swbuild.tmp.I9GXyx3j/Data.noindex/Test/aProject/build/aProject.build/Debug/TargetB.build/Objects-normal/arm64/TargetB.swiftdoc"]), Task(forTarget: TargetB, ruleInfo: ["Copy", "/private/var/folders/xr/m5_5rlsd6l9fk2w4ngj13k6m0000gn/T/swbuild.tmp.I9GXyx3j/Data.noindex/Test/aProject/build/Debug/TargetB.framework/Versions/A/Modules/TargetB.swiftmodule/arm64-apple-macos.swiftmodule", "/private/var/folders/xr/m5_5rlsd6l9fk2w4ngj13k6m0000gn/T/swbuild.tmp.I9GXyx3j/Data.noindex/Test/aProject/build/aProject.build/Debug/TargetB.build/Objects-normal/arm64/TargetB.swiftmodule"]), Task(forTarget: TargetB, ruleInfo: ["SymLink", "/private/var/folders/xr/m5_5rlsd6l9fk2w4ngj13k6m0000gn/T/swbuild.tmp.I9GXyx3j/Data.noindex/Test/aProject/build/EagerLinkingTBDs/Debug/TargetB.framework/TargetB.tbd", "/private/var/folders/xr/m5_5rlsd6l9fk2w4ngj13k6m0000gn/T/swbuild.tmp.I9GXyx3j/Data.noindex/Test/aProject/build/EagerLinkingTBDs/Debug/TargetB.framework/Versions/A/TargetB.tbd"]), Task(forTarget: TargetA, ruleInfo: ["SwiftMergeGeneratedHeaders", "/private/var/folders/xr/m5_5rlsd6l9fk2w4ngj13k6m0000gn/T/swbuild.tmp.I9GXyx3j/Data.noindex/Test/aProject/build/Debug/TargetA.framework/Versions/A/Headers/TargetA-Swift.h", "/private/var/folders/xr/m5_5rlsd6l9fk2w4ngj13k6m0000gn/T/swbuild.tmp.I9GXyx3j/Data.noindex/Test/aProject/build/aProject.build/Debug/TargetA.build/Objects-normal/arm64/TargetA-Swift.h"]), Task(forTarget: <none>, ruleInfo: ["SwiftExplicitDependencyCompileModuleFromInterface", "arm64", "/private/var/folders/xr/m5_5rlsd6l9fk2w4ngj13k6m0000gn/T/swbuild.tmp.I9GXyx3j/Data.noindex/Test/aProject/build/SwiftExplicitPrecompiledModules/_Concurrency-CB34E6W1YOX6.swiftmodule"]), Task(forTarget: TargetA, ruleInfo: ["Gate", "target-TargetA-T-TargetA-44525--unsigned-product-ready"]), Task(forTarget: TargetA, ruleInfo: ["Gate", "target-TargetA-T-TargetA-44525--end"]), Task(forTarget: <none>, ruleInfo: ["Gate", "target-TargetA-T-TargetA-44525--ExtensionPointExtractorTaskProducer"]), Task(forTarget: TargetB, ruleInfo: ["Touch", "/private/var/folders/xr/m5_5rlsd6l9fk2w4ngj13k6m0000gn/T/swbuild.tmp.I9GXyx3j/Data.noindex/Test/aProject/build/Debug/TargetB.framework"]), Task(forTarget: TargetB, ruleInfo: ["Gate", "target-TargetB-T-TargetB-44533--linker-inputs-ready"]), Task(forTarget: TargetA, ruleInfo: ["WriteAuxiliaryFile", "/private/var/folders/xr/m5_5rlsd6l9fk2w4ngj13k6m0000gn/T/swbuild.tmp.I9GXyx3j/Data.noindex/Test/aProject/build/aProject.build/Debug/TargetA.build/Objects-normal/arm64/TargetA.SwiftFileList"]), Task(forTarget: TargetB, ruleInfo: ["WriteAuxiliaryFile", "/private/var/folders/xr/m5_5rlsd6l9fk2w4ngj13k6m0000gn/T/swbuild.tmp.I9GXyx3j/Data.noindex/Test/aProject/build/aProject.build/Debug/TargetB.build/TargetB-project-headers.hmap"]), Task(forTarget: <none>, ruleInfo: ["Gate", "target-TargetB-T-TargetB-44533--copy-headers-completion"]), Task(forTarget: <none>, ruleInfo: ["Gate", "target-TargetB-T-TargetB-44533--Barrier-Validate"]), Task(forTarget: TargetB, ruleInfo: ["Copy", "/private/var/folders/xr/m5_5rlsd6l9fk2w4ngj13k6m0000gn/T/swbuild.tmp.I9GXyx3j/Data.noindex/Test/aProject/build/Debug/TargetB.framework/Versions/A/Modules/TargetB.swiftmodule/arm64-apple-macos.abi.json", "/private/var/folders/xr/m5_5rlsd6l9fk2w4ngj13k6m0000gn/T/swbuild.tmp.I9GXyx3j/Data.noindex/Test/aProject/build/aProject.build/Debug/TargetB.build/Objects-normal/arm64/TargetB.abi.json"]), Task(forTarget: TargetA, ruleInfo: ["WriteAuxiliaryFile", "/private/var/folders/xr/m5_5rlsd6l9fk2w4ngj13k6m0000gn/T/swbuild.tmp.I9GXyx3j/Data.noindex/Test/aProject/build/aProject.build/Debug/TargetA.build/TargetA-own-target-headers.hmap"]), Task(forTarget: TargetB, ruleInfo: ["Gate", "target-TargetB-T-TargetB-44533--begin-scanning"]), Task(forTarget: TargetA, ruleInfo: ["WriteAuxiliaryFile", "/private/var/folders/xr/m5_5rlsd6l9fk2w4ngj13k6m0000gn/T/swbuild.tmp.I9GXyx3j/Data.noindex/Test/aProject/build/aProject.build/Debug/TargetA.build/TargetA.DependencyStaticMetadataFileList"]), Task(forTarget: <none>, ruleInfo: ["Gate", "target-TargetA-T-TargetA-44525--ModuleVerifierTaskProducer"]), Task(forTarget: TargetA, ruleInfo: ["SwiftCompile", "normal", "arm64", "Compiling fileA2.swift", "/private/var/folders/xr/m5_5rlsd6l9fk2w4ngj13k6m0000gn/T/swbuild.tmp.I9GXyx3j/Data.noindex/Test/aProject/Sources/fileA2.swift"]), Task(forTarget: TargetA, ruleInfo: ["Copy", "/private/var/folders/xr/m5_5rlsd6l9fk2w4ngj13k6m0000gn/T/swbuild.tmp.I9GXyx3j/Data.noindex/Test/aProject/build/Debug/TargetA.framework/Versions/A/Modules/TargetA.swiftmodule/arm64-apple-macos.swiftmodule", "/private/var/folders/xr/m5_5rlsd6l9fk2w4ngj13k6m0000gn/T/swbuild.tmp.I9GXyx3j/Data.noindex/Test/aProject/build/aProject.build/Debug/TargetA.build/Objects-normal/arm64/TargetA.swiftmodule"]), Task(forTarget: TargetA, ruleInfo: ["Gate", "target-TargetA-T-TargetA-44525--modules-ready"]), Task(forTarget: TargetB, ruleInfo: ["SwiftCompile", "normal", "arm64", "Compiling fileB1.swift", "/private/var/folders/xr/m5_5rlsd6l9fk2w4ngj13k6m0000gn/T/swbuild.tmp.I9GXyx3j/Data.noindex/Test/aProject/Sources/fileB1.swift"]), Task(forTarget: <none>, ruleInfo: ["Gate", "target-TargetB-T-TargetB-44533--Barrier-CodeSign"]), Task(forTarget: <none>, ruleInfo: ["Gate", "target-TargetB-T-TargetB-44533--generated-headers"]), Task(forTarget: <none>, ruleInfo: ["CreateBuildDirectory", "/private/var/folders/xr/m5_5rlsd6l9fk2w4ngj13k6m0000gn/T/swbuild.tmp.I9GXyx3j/Data.noindex/Test/aProject/build/SwiftExplicitPrecompiledModules"]), Task(forTarget: <none>, ruleInfo: ["Gate", "target-TargetA-T-TargetA-44525--SanitizerTaskProducer"]), Task(forTarget: TargetA, ruleInfo: ["SwiftDriver Compilation Requirements", "TargetA", "normal", "arm64", "com.apple.xcode.tools.swift.compiler"]), Task(forTarget: <none>, ruleInfo: ["CreateBuildDirectory", "/var/folders/xr/m5_5rlsd6l9fk2w4ngj13k6m0000gn/C/com.apple.DeveloperTools/26.4.1-17E202/Xcode/CompilationCache.noindex"]), Task(forTarget: <none>, ruleInfo: ["Gate", "target-TargetA-T-TargetA-44525--AppIntentsMetadataTaskProducer"]), Task(forTarget: TargetB, ruleInfo: ["SymLink", "/private/var/folders/xr/m5_5rlsd6l9fk2w4ngj13k6m0000gn/T/swbuild.tmp.I9GXyx3j/Data.noindex/Test/aProject/build/Debug/TargetB.framework/Versions/Current", "A"]), Task(forTarget: TargetA, ruleInfo: ["Copy", "/private/var/folders/xr/m5_5rlsd6l9fk2w4ngj13k6m0000gn/T/swbuild.tmp.I9GXyx3j/Data.noindex/Test/aProject/build/Debug/TargetA.framework/Versions/A/Modules/TargetA.swiftmodule/arm64-apple-macos.swiftdoc", "/private/var/folders/xr/m5_5rlsd6l9fk2w4ngj13k6m0000gn/T/swbuild.tmp.I9GXyx3j/Data.noindex/Test/aProject/build/aProject.build/Debug/TargetA.build/Objects-normal/arm64/TargetA.swiftdoc"]), Task(forTarget: TargetA, ruleInfo: ["RegisterExecutionPolicyException", "/private/var/folders/xr/m5_5rlsd6l9fk2w4ngj13k6m0000gn/T/swbuild.tmp.I9GXyx3j/Data.noindex/Test/aProject/build/Debug/TargetA.framework"]), Task(forTarget: <none>, ruleInfo: ["Gate", "target-TargetA-T-TargetA-44525--SwiftPackageCopyFilesTaskProducer"]), Task(forTarget: TargetA, ruleInfo: ["Copy", "/private/var/folders/xr/m5_5rlsd6l9fk2w4ngj13k6m0000gn/T/swbuild.tmp.I9GXyx3j/Data.noindex/Test/aProject/build/Debug/TargetA.framework/Versions/A/Modules/TargetA.swiftmodule/arm64-apple-macos.abi.json", "/private/var/folders/xr/m5_5rlsd6l9fk2w4ngj13k6m0000gn/T/swbuild.tmp.I9GXyx3j/Data.noindex/Test/aProject/build/aProject.build/Debug/TargetA.build/Objects-normal/arm64/TargetA.abi.json"]), Task(forTarget: TargetB, ruleInfo: ["SwiftEmitModule", "normal", "arm64", "Emitting module for TargetB"]), Task(forTarget: TargetA, ruleInfo: ["Touch", "/private/var/folders/xr/m5_5rlsd6l9fk2w4ngj13k6m0000gn/T/swbuild.tmp.I9GXyx3j/Data.noindex/Test/aProject/build/Debug/TargetA.framework"]), Task(forTarget: TargetA, ruleInfo: ["Gate", "target-TargetA-T-TargetA-44525--linker-inputs-ready"]), Task(forTarget: <none>, ruleInfo: ["Gate", "target-TargetB-T-TargetB-44533--ProductStructureTaskProducer"]), Task(forTarget: TargetB, ruleInfo: ["SwiftDriver Compilation", "TargetB", "normal", "arm64", "com.apple.xcode.tools.swift.compiler"]), Task(forTarget: <none>, ruleInfo: ["Gate", "target-TargetB-T-TargetB-44533--Barrier-RegisterExecutionPolicyException"]), Task(forTarget: TargetA, ruleInfo: ["WriteAuxiliaryFile", "/private/var/folders/xr/m5_5rlsd6l9fk2w4ngj13k6m0000gn/T/swbuild.tmp.I9GXyx3j/Data.noindex/Test/aProject/build/aProject.build/Debug/TargetA.build/Objects-normal/arm64/TargetA-OutputFileMap.json"]), Task(forTarget: <none>, ruleInfo: ["Gate", "target-TargetA-T-TargetA-44525--HeadermapTaskProducer"]), Task(forTarget: TargetB, ruleInfo: ["WriteAuxiliaryFile", "/private/var/folders/xr/m5_5rlsd6l9fk2w4ngj13k6m0000gn/T/swbuild.tmp.I9GXyx3j/Data.noindex/Test/aProject/build/aProject.build/Debug/TargetB.build/TargetB.DependencyStaticMetadataFileList"]), Task(forTarget: TargetA, ruleInfo: ["Gate", "target-TargetA-T-TargetA-44525--begin-compiling"]), Task(forTarget: <none>, ruleInfo: ["Gate", "target-TargetA-T-TargetA-44525--GeneratedFilesTaskProducer"]), Task(forTarget: <none>, ruleInfo: ["Gate", "target-TargetA-T-TargetA-44525--DocumentationTaskProducer"]), Task(forTarget: <none>, ruleInfo: ["Gate", "target-TargetB-T-TargetB-44533--InfoPlistTaskProducer"]), Task(forTarget: <none>, ruleInfo: ["Gate", "target-TargetA-T-TargetA-44525--SwiftFrameworkABICheckerTaskProducer"]), Task(forTarget: TargetB, ruleInfo: ["Gate", "target-TargetB-T-TargetB-44533--end"]), Task(forTarget: TargetA, ruleInfo: ["MkDir", "/private/var/folders/xr/m5_5rlsd6l9fk2w4ngj13k6m0000gn/T/swbuild.tmp.I9GXyx3j/Data.noindex/Test/aProject/build/Debug/TargetA.framework/Versions/A"]), Task(forTarget: <none>, ruleInfo: ["Gate", "target-TargetB-T-TargetB-44533--fused-phase0-compile-sources&link-binary"]), Task(forTarget: <none>, ruleInfo: ["Gate", "target-TargetB-T-TargetB-44533--SwiftStandardLibrariesTaskProducer"]), Task(forTarget: <none>, ruleInfo: ["Gate", "target-TargetB-T-TargetB-44533--SwiftABIBaselineGenerationTaskProducer"]), Task(forTarget: <none>, ruleInfo: ["Gate", "target-TargetA-T-TargetA-44525--TestTargetPostprocessingTaskProducer"]), Task(forTarget: <none>, ruleInfo: ["Gate", "target-TargetA-T-TargetA-44525--ProductPostprocessingTaskProducer"]), Task(forTarget: <none>, ruleInfo: ["Gate", "target-TargetB-T-TargetB-44533--RealityAssetsTaskProducer"]), Task(forTarget: TargetA, ruleInfo: ["Copy", "/private/var/folders/xr/m5_5rlsd6l9fk2w4ngj13k6m0000gn/T/swbuild.tmp.I9GXyx3j/Data.noindex/Test/aProject/build/Debug/TargetA.framework/Versions/A/Modules/TargetA.swiftmodule/Project/arm64-apple-macos.swiftsourceinfo", "/private/var/folders/xr/m5_5rlsd6l9fk2w4ngj13k6m0000gn/T/swbuild.tmp.I9GXyx3j/Data.noindex/Test/aProject/build/aProject.build/Debug/TargetA.build/Objects-normal/arm64/TargetA.swiftsourceinfo"]), Task(forTarget: TargetB, ruleInfo: ["Copy", "/private/var/folders/xr/m5_5rlsd6l9fk2w4ngj13k6m0000gn/T/swbuild.tmp.I9GXyx3j/Data.noindex/Test/aProject/build/Debug/TargetB.framework/Versions/A/Modules/TargetB.swiftmodule/Project/arm64-apple-macos.swiftsourceinfo", "/private/var/folders/xr/m5_5rlsd6l9fk2w4ngj13k6m0000gn/T/swbuild.tmp.I9GXyx3j/Data.noindex/Test/aProject/build/aProject.build/Debug/TargetB.build/Objects-normal/arm64/TargetB.swiftsourceinfo"]), Task(forTarget: TargetB, ruleInfo: ["WriteAuxiliaryFile", "/private/var/folders/xr/m5_5rlsd6l9fk2w4ngj13k6m0000gn/T/swbuild.tmp.I9GXyx3j/Data.noindex/Test/aProject/build/aProject.build/Debug/TargetB.build/TargetB-all-non-framework-target-headers.hmap"]), Task(forTarget: <none>, ruleInfo: ["Gate", "target-TargetB-T-TargetB-44533--Barrier-GenerateStubAPI"]), Task(forTarget: TargetB, ruleInfo: ["RegisterExecutionPolicyException", "/private/var/folders/xr/m5_5rlsd6l9fk2w4ngj13k6m0000gn/T/swbuild.tmp.I9GXyx3j/Data.noindex/Test/aProject/build/Debug/TargetB.framework"]), Task(forTarget: TargetA, ruleInfo: ["SwiftEmitModule", "normal", "arm64", "Emitting module for TargetA"]), Task(forTarget: <none>, ruleInfo: ["SwiftExplicitDependencyCompileModuleFromInterface", "arm64", "/private/var/folders/xr/m5_5rlsd6l9fk2w4ngj13k6m0000gn/T/swbuild.tmp.I9GXyx3j/Data.noindex/Test/aProject/build/SwiftExplicitPrecompiledModules/_StringProcessing-1O0ZQ2K74RYD5.swiftmodule"]), Task(forTarget: TargetB, ruleInfo: ["Gate", "target-TargetB-T-TargetB-44533--begin-linking"]), Task(forTarget: TargetB, ruleInfo: ["Gate", "target-TargetB-T-TargetB-44533--unsigned-product-ready"]), Task(forTarget: TargetB, ruleInfo: ["MkDir", "/private/var/folders/xr/m5_5rlsd6l9fk2w4ngj13k6m0000gn/T/swbuild.tmp.I9GXyx3j/Data.noindex/Test/aProject/build/Debug/TargetB.framework"]), Task(forTarget: <none>, ruleInfo: ["Gate", "target-TargetB-T-TargetB-44533--ExtensionPointExtractorTaskProducer"]), Task(forTarget: TargetA, ruleInfo: ["WriteAuxiliaryFile", "/private/var/folders/xr/m5_5rlsd6l9fk2w4ngj13k6m0000gn/T/swbuild.tmp.I9GXyx3j/Data.noindex/Test/aProject/build/aProject.build/Debug/TargetA.build/Objects-normal/arm64/TargetA_const_extract_protocols.json"]), Task(forTarget: <none>, ruleInfo: ["Gate", "target-TargetA-T-TargetA-44525--CustomTaskProducer"]), Task(forTarget: <none>, ruleInfo: ["ClangStatCache", "/Applications/Xcode17E.app/Contents/Developer/Toolchains/XcodeDefault.xctoolchain/usr/bin/clang-stat-cache", "/Applications/Xcode17E.app/Contents/Developer/Platforms/MacOSX.platform/Developer/SDKs/MacOSX26.4.sdk", "/private/var/folders/xr/m5_5rlsd6l9fk2w4ngj13k6m0000gn/T/swbuild.tmp.I9GXyx3j/Data.noindex/Test/SDKStatCaches.noindex/macosx26.4-25E260-95aa6cf8f3effd57bda17e0c125410c0.sdkstatcache"]), Task(forTarget: <none>, ruleInfo: ["Gate", "target-TargetB-T-TargetB-44533--TestEntryPointTaskProducerFactory"]), Task(forTarget: TargetA, ruleInfo: ["Gate", "target-TargetA-T-TargetA-44525--immediate"]), Task(forTarget: <none>, ruleInfo: ["CreateBuildDirectory", "/private/var/folders/xr/m5_5rlsd6l9fk2w4ngj13k6m0000gn/T/swbuild.tmp.I9GXyx3j/Data.noindex/Test/aProject/build/Debug"]), Task(forTarget: TargetA, ruleInfo: ["Gate", "target-TargetA-T-TargetA-44525--entry"]), Task(forTarget: <none>, ruleInfo: ["Gate", "target-TargetA-T-TargetA-44525--SwiftStandardLibrariesTaskProducer"]), Task(forTarget: <none>, ruleInfo: ["Gate", "target-TargetA-T-TargetA-44525--TestEntryPointTaskProducerFactory"]), Task(forTarget: TargetA, ruleInfo: ["WriteAuxiliaryFile", "/private/var/folders/xr/m5_5rlsd6l9fk2w4ngj13k6m0000gn/T/swbuild.tmp.I9GXyx3j/Data.noindex/Test/aProject/build/aProject.build/Debug/TargetA.build/TargetA-project-headers.hmap"]), Task(forTarget: <none>, ruleInfo: ["Gate", "target-TargetA-T-TargetA-44525--Barrier-GenerateStubAPI"]), Task(forTarget: TargetA, ruleInfo: ["MkDir", "/private/var/folders/xr/m5_5rlsd6l9fk2w4ngj13k6m0000gn/T/swbuild.tmp.I9GXyx3j/Data.noindex/Test/aProject/build/Debug/TargetA.framework"]), Task(forTarget: TargetB, ruleInfo: ["WriteAuxiliaryFile", "/private/var/folders/xr/m5_5rlsd6l9fk2w4ngj13k6m0000gn/T/swbuild.tmp.I9GXyx3j/Data.noindex/Test/aProject/build/aProject.build/Debug/TargetB.build/TargetB-generated-files.hmap"]), Task(forTarget: TargetB, ruleInfo: ["WriteAuxiliaryFile", "/private/var/folders/xr/m5_5rlsd6l9fk2w4ngj13k6m0000gn/T/swbuild.tmp.I9GXyx3j/Data.noindex/Test/aProject/build/aProject.build/Debug/TargetB.build/Objects-normal/arm64/TargetB_const_extract_protocols.json"]), Task(forTarget: TargetB, ruleInfo: ["MkDir", "/private/var/folders/xr/m5_5rlsd6l9fk2w4ngj13k6m0000gn/T/swbuild.tmp.I9GXyx3j/Data.noindex/Test/aProject/build/Debug/TargetB.framework/Versions"]), Task(forTarget: <none>, ruleInfo: ["Gate", "target-TargetA-T-TargetA-44525--CopySwiftPackageResourcesTaskProducer"]), Task(forTarget: <none>, ruleInfo: ["Gate", "target-TargetA-T-TargetA-44525--Barrier-ChangeAlternatePermissions"]), Task(forTarget: TargetA, ruleInfo: ["SymLink", "/private/var/folders/xr/m5_5rlsd6l9fk2w4ngj13k6m0000gn/T/swbuild.tmp.I9GXyx3j/Data.noindex/Test/aProject/build/EagerLinkingTBDs/Debug/TargetA.framework/TargetA.tbd", "/private/var/folders/xr/m5_5rlsd6l9fk2w4ngj13k6m0000gn/T/swbuild.tmp.I9GXyx3j/Data.noindex/Test/aProject/build/EagerLinkingTBDs/Debug/TargetA.framework/Versions/A/TargetA.tbd"]), Task(forTarget: <none>, ruleInfo: ["Gate", "target-TargetA-T-TargetA-44525--Barrier-RegisterExecutionPolicyException"]), Task(forTarget: <none>, ruleInfo: ["Gate", "target-TargetB-T-TargetB-44533--SwiftPackageCopyFilesTaskProducer"]), Task(forTarget: TargetA, ruleInfo: ["SwiftCompile", "normal", "arm64", "Compiling fileA1.swift", "/private/var/folders/xr/m5_5rlsd6l9fk2w4ngj13k6m0000gn/T/swbuild.tmp.I9GXyx3j/Data.noindex/Test/aProject/Sources/fileA1.swift"]), Task(forTarget: <none>, ruleInfo: ["Gate", "target-TargetB-T-TargetB-44533--Barrier-StripSymbols"]), Task(forTarget: TargetA, ruleInfo: ["WriteAuxiliaryFile", "/private/var/folders/xr/m5_5rlsd6l9fk2w4ngj13k6m0000gn/T/swbuild.tmp.I9GXyx3j/Data.noindex/Test/aProject/build/aProject.build/Debug/TargetA.build/TargetA-all-non-framework-target-headers.hmap"]), Task(forTarget: <none>, ruleInfo: ["Gate", "target-TargetB-T-TargetB-44533--SanitizerTaskProducer"]), Task(forTarget: <none>, ruleInfo: ["Gate", "target-TargetB-T-TargetB-44533--swift-generated-headers"]), Task(forTarget: <none>, ruleInfo: ["Gate", "target-TargetB-T-TargetB-44533--Barrier-RegisterProduct"]), Task(forTarget: <none>, ruleInfo: ["Gate", "target-TargetB-T-TargetB-44533--GeneratedFilesTaskProducer"]), Task(forTarget: <none>, ruleInfo: ["Gate", "target-TargetA-T-TargetA-44525--Barrier-StripSymbols"]), Task(forTarget: TargetB, ruleInfo: ["GenerateTAPI", "/private/var/folders/xr/m5_5rlsd6l9fk2w4ngj13k6m0000gn/T/swbuild.tmp.I9GXyx3j/Data.noindex/Test/aProject/build/EagerLinkingTBDs/Debug/TargetB.framework/Versions/A/TargetB.tbd"]), Task(forTarget: <none>, ruleInfo: ["Gate", "target-TargetA-T-TargetA-44525--GenerateAppPlaygroundAssetCatalogTaskProducer"]), Task(forTarget: <none>, ruleInfo: ["Gate", "target-TargetA-T-TargetA-44525--Barrier-ChangePermissions"]), Task(forTarget: TargetA, ruleInfo: ["WriteAuxiliaryFile", "/private/var/folders/xr/m5_5rlsd6l9fk2w4ngj13k6m0000gn/T/swbuild.tmp.I9GXyx3j/Data.noindex/Test/aProject/build/aProject.build/Debug/TargetA.build/Objects-normal/arm64/TargetA.SwiftConstValuesFileList"]), Task(forTarget: TargetA, ruleInfo: ["MkDir", "/private/var/folders/xr/m5_5rlsd6l9fk2w4ngj13k6m0000gn/T/swbuild.tmp.I9GXyx3j/Data.noindex/Test/aProject/build/Debug/TargetA.framework/Versions"]), Task(forTarget: <none>, ruleInfo: ["Gate", "target-TargetA-T-TargetA-44525--StubBinaryTaskProducer"]), Task(forTarget: <none>, ruleInfo: ["Gate", "target-TargetB-T-TargetB-44533--ProductPostprocessingTaskProducer"]), Task(forTarget: TargetA, ruleInfo: ["WriteAuxiliaryFile", "/private/var/folders/xr/m5_5rlsd6l9fk2w4ngj13k6m0000gn/T/swbuild.tmp.I9GXyx3j/Data.noindex/Test/aProject/build/aProject.build/Debug/TargetA.build/Objects-normal/arm64/TargetA.LinkFileList"]), Task(forTarget: <none>, ruleInfo: ["Gate", "target-TargetA-T-TargetA-44525--ModuleMapTaskProducer"]), Task(forTarget: TargetA, ruleInfo: ["ExtractAppIntentsMetadata"]), Task(forTarget: TargetB, ruleInfo: ["WriteAuxiliaryFile", "/private/var/folders/xr/m5_5rlsd6l9fk2w4ngj13k6m0000gn/T/swbuild.tmp.I9GXyx3j/Data.noindex/Test/aProject/build/aProject.build/Debug/TargetB.build/TargetB.hmap"]), Task(forTarget: TargetA, ruleInfo: ["SymLink", "/private/var/folders/xr/m5_5rlsd6l9fk2w4ngj13k6m0000gn/T/swbuild.tmp.I9GXyx3j/Data.noindex/Test/aProject/build/Debug/TargetA.framework/TargetA", "Versions/Current/TargetA"]), Task(forTarget: TargetB, ruleInfo: ["MkDir", "/private/var/folders/xr/m5_5rlsd6l9fk2w4ngj13k6m0000gn/T/swbuild.tmp.I9GXyx3j/Data.noindex/Test/aProject/build/Debug/TargetB.framework/Versions/A/Headers"]), Task(forTarget: <none>, ruleInfo: ["CreateBuildDirectory", "/private/var/folders/xr/m5_5rlsd6l9fk2w4ngj13k6m0000gn/T/swbuild.tmp.I9GXyx3j/Data.noindex/Test/aProject/build/ExplicitPrecompiledModules"]), Task(forTarget: <none>, ruleInfo: ["Gate", "target-TargetA-T-TargetA-44525--RealityAssetsTaskProducer"]), Task(forTarget: <none>, ruleInfo: ["Gate", "target-TargetA-T-TargetA-44525--TestHostTaskProducer"]), Task(forTarget: TargetA, ruleInfo: ["Gate", "target-TargetA-T-TargetA-44525--will-sign"]), Task(forTarget: <none>, ruleInfo: ["CreateBuildDirectory", "/private/var/folders/xr/m5_5rlsd6l9fk2w4ngj13k6m0000gn/T/swbuild.tmp.I9GXyx3j/Data.noindex/Test/aProject/build/SharedPrecompiledHeaders"]), Task(forTarget: TargetA, ruleInfo: ["WriteAuxiliaryFile", "/private/var/folders/xr/m5_5rlsd6l9fk2w4ngj13k6m0000gn/T/swbuild.tmp.I9GXyx3j/Data.noindex/Test/aProject/build/aProject.build/Debug/TargetA.build/TargetA.hmap"]), Task(forTarget: TargetA, ruleInfo: ["SymLink", "/private/var/folders/xr/m5_5rlsd6l9fk2w4ngj13k6m0000gn/T/swbuild.tmp.I9GXyx3j/Data.noindex/Test/aProject/build/Debug/TargetA.framework/Modules", "Versions/Current/Modules"]), Task(forTarget: <none>, ruleInfo: ["Gate", "target-TargetA-T-TargetA-44525--copy-headers-completion"]), Task(forTarget: <none>, ruleInfo: ["Gate", "target-TargetA-T-TargetA-44525--fused-phase0-compile-sources"]), Task(forTarget: <none>, ruleInfo: ["Gate", "WorkspaceHeaderMapVFSFilesWritten"]), Task(forTarget: TargetB, ruleInfo: ["SymLink", "/private/var/folders/xr/m5_5rlsd6l9fk2w4ngj13k6m0000gn/T/swbuild.tmp.I9GXyx3j/Data.noindex/Test/aProject/build/Debug/TargetB.framework/Headers", "Versions/Current/Headers"]), Task(forTarget: TargetB, ruleInfo: ["SwiftDriver Compilation Requirements", "TargetB", "normal", "arm64", "com.apple.xcode.tools.swift.compiler"]), Task(forTarget: <none>, ruleInfo: ["Gate", "target-TargetA-T-TargetA-44525--Barrier-RegisterProduct"]), Task(forTarget: TargetB, ruleInfo: ["Gate", "target-TargetB-T-TargetB-44533--modules-ready"]), Task(forTarget: <none>, ruleInfo: ["CreateBuildDirectory", "/private/var/folders/xr/m5_5rlsd6l9fk2w4ngj13k6m0000gn/T/swbuild.tmp.I9GXyx3j/Data.noindex/Test/aProject/build/EagerLinkingTBDs/Debug"]), Task(forTarget: TargetB, ruleInfo: ["WriteAuxiliaryFile", "/private/var/folders/xr/m5_5rlsd6l9fk2w4ngj13k6m0000gn/T/swbuild.tmp.I9GXyx3j/Data.noindex/Test/aProject/build/aProject.build/Debug/TargetB.build/TargetB-all-target-headers.hmap"]), Task(forTarget: <none>, ruleInfo: ["Gate", "target-TargetB-T-TargetB-44533--ModuleVerifierTaskProducer"]), Task(forTarget: TargetA, ruleInfo: ["Gate", "target-TargetA-T-TargetA-44525--begin-scanning"]), Task(forTarget: TargetB, ruleInfo: ["Gate", "target-TargetB-T-TargetB-44533--immediate"]), Task(forTarget: TargetA, ruleInfo: ["GenerateTAPI", "/private/var/folders/xr/m5_5rlsd6l9fk2w4ngj13k6m0000gn/T/swbuild.tmp.I9GXyx3j/Data.noindex/Test/aProject/build/EagerLinkingTBDs/Debug/TargetA.framework/Versions/A/TargetA.tbd"]), Task(forTarget: TargetB, ruleInfo: ["SymLink", "/private/var/folders/xr/m5_5rlsd6l9fk2w4ngj13k6m0000gn/T/swbuild.tmp.I9GXyx3j/Data.noindex/Test/aProject/build/Debug/TargetB.framework/TargetB", "Versions/Current/TargetB"]), Task(forTarget: TargetB, ruleInfo: ["SwiftCompile", "normal", "arm64", "Compiling fileB2.swift", "/private/var/folders/xr/m5_5rlsd6l9fk2w4ngj13k6m0000gn/T/swbuild.tmp.I9GXyx3j/Data.noindex/Test/aProject/Sources/fileB2.swift"])]
↳ Occasionally fails in CI due to SwiftExplicitDependencyCompileModuleFromInterface missing from the dependency graph
━ Test swiftEagerCompilationWithExplicitModules() recorded a known issue at SwiftDriverTests.swift:3579:55: Issue recorded
↳ Task Task(forTarget: TargetB, ruleInfo: ["SwiftCompile", "normal", "arm64", "Compiling fileB1.swift", "/private/var/folders/xr/m5_5rlsd6l9fk2w4ngj13k6m0000gn/T/swbuild.tmp.I9GXyx3j/Data.noindex/Test/aProject/Sources/fileB1.swift"]) does not follow any tasks matching [Rule matches [SWBTestSupport.StringPattern.equal("SwiftExplicitDependencyGeneratePcm"), SWBTestSupport.StringPattern.equal("normal"), SWBTestSupport.StringPattern.equal("arm64"), SWBTestSupport.StringPattern.contains("SwiftShims-")]]. Found: [] in [Task(forTarget: <none>, ruleInfo: ["Gate", "target-TargetA-T-TargetA-44525--Barrier-CopyAside"]), Task(forTarget: <none>, ruleInfo: ["Gate", "target-TargetA-T-TargetA-44525--InfoPlistTaskProducer"]), Task(forTarget: <none>, ruleInfo: ["Gate", "target-TargetB-T-TargetB-44533--Barrier-ChangeAlternatePermissions"]), Task(forTarget: <none>, ruleInfo: ["Gate", "target-TargetA-T-TargetA-44525--swift-generated-headers"]), Task(forTarget: TargetB, ruleInfo: ["ExtractAppIntentsMetadata"]), Task(forTarget: TargetB, ruleInfo: ["SwiftDriver", "TargetB", "normal", "arm64", "com.apple.xcode.tools.swift.compiler"]), Task(forTarget: TargetB, ruleInfo: ["WriteAuxiliaryFile", "/private/var/folders/xr/m5_5rlsd6l9fk2w4ngj13k6m0000gn/T/swbuild.tmp.I9GXyx3j/Data.noindex/Test/aProject/build/aProject.build/Debug/TargetB.build/TargetB-own-target-headers.hmap"]), Task(forTarget: TargetA, ruleInfo: ["WriteAuxiliaryFile", "/private/var/folders/xr/m5_5rlsd6l9fk2w4ngj13k6m0000gn/T/swbuild.tmp.I9GXyx3j/Data.noindex/Test/aProject/build/aProject.build/Debug/TargetA.build/TargetA-generated-files.hmap"]), Task(forTarget: TargetA, ruleInfo: ["SwiftDriver Compilation", "TargetA", "normal", "arm64", "com.apple.xcode.tools.swift.compiler"]), Task(forTarget: TargetA, ruleInfo: ["Ld", "/private/var/folders/xr/m5_5rlsd6l9fk2w4ngj13k6m0000gn/T/swbuild.tmp.I9GXyx3j/Data.noindex/Test/aProject/build/Debug/TargetA.framework/Versions/A/TargetA", "normal"]), Task(forTarget: <none>, ruleInfo: ["SwiftExplicitDependencyCompileModuleFromInterface", "arm64", "/private/var/folders/xr/m5_5rlsd6l9fk2w4ngj13k6m0000gn/T/swbuild.tmp.I9GXyx3j/Data.noindex/Test/aProject/build/SwiftExplicitPrecompiledModules/Swift-NBB0GQDQYZZH.swiftmodule"]), Task(forTarget: TargetB, ruleInfo: ["SwiftMergeGeneratedHeaders", "/private/var/folders/xr/m5_5rlsd6l9fk2w4ngj13k6m0000gn/T/swbuild.tmp.I9GXyx3j/Data.noindex/Test/aProject/build/Debug/TargetB.framework/Versions/A/Headers/TargetB-Swift.h", "/private/var/folders/xr/m5_5rlsd6l9fk2w4ngj13k6m0000gn/T/swbuild.tmp.I9GXyx3j/Data.noindex/Test/aProject/build/aProject.build/Debug/TargetB.build/Objects-normal/arm64/TargetB-Swift.h"]), Task(forTarget: <none>, ruleInfo: ["Gate", "target-TargetB-T-TargetB-44533--TestHostTaskProducer"]), Task(forTarget: TargetB, ruleInfo: ["WriteAuxiliaryFile", "/private/var/folders/xr/m5_5rlsd6l9fk2w4ngj13k6m0000gn/T/swbuild.tmp.I9GXyx3j/Data.noindex/Test/aProject/build/aProject.build/Debug/TargetB.build/Objects-normal/arm64/TargetB.SwiftConstValuesFileList"]), Task(forTarget: <none>, ruleInfo: ["Gate", "target-TargetB-T-TargetB-44533--ModuleMapTaskProducer"]), Task(forTarget: <none>, ruleInfo: ["Gate", "target-TargetB-T-TargetB-44533--SwiftFrameworkABICheckerTaskProducer"]), Task(forTarget: <none>, ruleInfo: ["Gate", "target-TargetB-T-TargetB-44533--Barrier-ChangePermissions"]), Task(forTarget: TargetB, ruleInfo: ["Gate", "target-TargetB-T-TargetB-44533--begin-compiling"]), Task(forTarget: <none>, ruleInfo: ["Gate", "target-TargetB-T-TargetB-44533--TestTargetTaskProducer"]), Task(forTarget: <none>, ruleInfo: ["Gate", "target-TargetB-T-TargetB-44533--TAPISymbolExtractorTaskProducer"]), Task(forTarget: <none>, ruleInfo: ["Gate", "target-TargetB-T-TargetB-44533--HeadermapTaskProducer"]), Task(forTarget: TargetB, ruleInfo: ["Ld", "/private/var/folders/xr/m5_5rlsd6l9fk2w4ngj13k6m0000gn/T/swbuild.tmp.I9GXyx3j/Data.noindex/Test/aProject/build/Debug/TargetB.framework/Versions/A/TargetB", "normal"]), Task(forTarget: TargetB, ruleInfo: ["WriteAuxiliaryFile", "/private/var/folders/xr/m5_5rlsd6l9fk2w4ngj13k6m0000gn/T/swbuild.tmp.I9GXyx3j/Data.noindex/Test/aProject/build/aProject.build/Debug/TargetB.build/Objects-normal/arm64/TargetB.LinkFileList"]), Task(forTarget: <none>, ruleInfo: ["Gate", "target-TargetB-T-TargetB-44533--TestTargetPostprocessingTaskProducer"]), Task(forTarget: <none>, ruleInfo: ["SwiftExplicitDependencyGeneratePcm", "arm64", "/private/var/folders/xr/m5_5rlsd6l9fk2w4ngj13k6m0000gn/T/swbuild.tmp.I9GXyx3j/Data.noindex/Test/aProject/build/SwiftExplicitPrecompiledModules/_SwiftConcurrencyShims-AIZW70LS1W2L0PXECXLASUUHS.pcm"]), Task(forTarget: TargetA, ruleInfo: ["SymLink", "/private/var/folders/xr/m5_5rlsd6l9fk2w4ngj13k6m0000gn/T/swbuild.tmp.I9GXyx3j/Data.noindex/Test/aProject/build/Debug/TargetA.framework/Versions/Current", "A"]), Task(forTarget: <none>, ruleInfo: ["CreateBuildDirectory", "/private/var/folders/xr/m5_5rlsd6l9fk2w4ngj13k6m0000gn/T/swbuild.tmp.I9GXyx3j/Data.noindex/Test/aProject/build"]), Task(forTarget: TargetB, ruleInfo: ["WriteAuxiliaryFile", "/private/var/folders/xr/m5_5rlsd6l9fk2w4ngj13k6m0000gn/T/swbuild.tmp.I9GXyx3j/Data.noindex/Test/aProject/build/aProject.build/Debug/TargetB.build/TargetB.DependencyMetadataFileList"]), Task(forTarget: TargetA, ruleInfo: ["WriteAuxiliaryFile", "/private/var/folders/xr/m5_5rlsd6l9fk2w4ngj13k6m0000gn/T/swbuild.tmp.I9GXyx3j/Data.noindex/Test/aProject/build/aProject.build/Debug/TargetA.build/TargetA.DependencyMetadataFileList"]), Task(forTarget: <none>, ruleInfo: ["Gate", "target-TargetB-T-TargetB-44533--AppExtensionInfoPlistGeneratorTaskProducer"]), Task(forTarget: <none>, ruleInfo: ["Gate", "target-TargetA-T-TargetA-44525--SwiftABIBaselineGenerationTaskProducer"]), Task(forTarget: <none>, ruleInfo: ["Gate", "target-TargetA-T-TargetA-44525--Barrier-Validate"]), Task(forTarget: <none>, ruleInfo: ["SwiftExplicitDependencyGeneratePcm", "arm64", "/private/var/folders/xr/m5_5rlsd6l9fk2w4ngj13k6m0000gn/T/swbuild.tmp.I9GXyx3j/Data.noindex/Test/aProject/build/SwiftExplicitPrecompiledModules/SwiftShims-1XRNFTFX3SVGVJQLDAOI208RW.pcm"]), Task(forTarget: TargetA, ruleInfo: ["SymLink", "/private/var/folders/xr/m5_5rlsd6l9fk2w4ngj13k6m0000gn/T/swbuild.tmp.I9GXyx3j/Data.noindex/Test/aProject/build/Debug/TargetA.framework/Headers", "Versions/Current/Headers"]), Task(forTarget: <none>, ruleInfo: ["Gate", "target-TargetA-T-TargetA-44525--generated-headers"]), Task(forTarget: TargetB, ruleInfo: ["SymLink", "/private/var/folders/xr/m5_5rlsd6l9fk2w4ngj13k6m0000gn/T/swbuild.tmp.I9GXyx3j/Data.noindex/Test/aProject/build/Debug/TargetB.framework/Modules", "Versions/Current/Modules"]), Task(forTarget: <none>, ruleInfo: ["WriteAuxiliaryFile", "/private/var/folders/xr/m5_5rlsd6l9fk2w4ngj13k6m0000gn/T/swbuild.tmp.I9GXyx3j/Data.noindex/Test/aProject/build/aProject.build/Debug/aProject-P44536-VFS/all-product-headers.yaml"]), Task(forTarget: <none>, ruleInfo: ["Gate", "target-TargetA-T-TargetA-44525--TAPISymbolExtractorTaskProducer"]), Task(forTarget: <none>, ruleInfo: ["Gate", "target-TargetA-T-TargetA-44525--TestTargetTaskProducer"]), Task(forTarget: <none>, ruleInfo: ["Gate", "target-TargetB-T-TargetB-44533--CopySwiftPackageResourcesTaskProducer"]), Task(forTarget: <none>, ruleInfo: ["Gate", "target-TargetB-T-TargetB-44533--AppIntentsMetadataTaskProducer"]), Task(forTarget: TargetA, ruleInfo: ["WriteAuxiliaryFile", "/private/var/folders/xr/m5_5rlsd6l9fk2w4ngj13k6m0000gn/T/swbuild.tmp.I9GXyx3j/Data.noindex/Test/aProject/build/aProject.build/Debug/TargetA.build/TargetA-all-target-headers.hmap"]), Task(forTarget: TargetB, ruleInfo: ["MkDir", "/private/var/folders/xr/m5_5rlsd6l9fk2w4ngj13k6m0000gn/T/swbuild.tmp.I9GXyx3j/Data.noindex/Test/aProject/build/Debug/TargetB.framework/Versions/A"]), Task(forTarget: <none>, ruleInfo: ["Gate", "target-TargetB-T-TargetB-44533--CustomTaskProducer"]), Task(forTarget: TargetB, ruleInfo: ["WriteAuxiliaryFile", "/private/var/folders/xr/m5_5rlsd6l9fk2w4ngj13k6m0000gn/T/swbuild.tmp.I9GXyx3j/Data.noindex/Test/aProject/build/aProject.build/Debug/TargetB.build/Objects-normal/arm64/TargetB.SwiftFileList"]), Task(forTarget: TargetB, ruleInfo: ["WriteAuxiliaryFile", "/private/var/folders/xr/m5_5rlsd6l9fk2w4ngj13k6m0000gn/T/swbuild.tmp.I9GXyx3j/Data.noindex/Test/aProject/build/aProject.build/Debug/TargetB.build/Objects-normal/arm64/TargetB-OutputFileMap.json"]), Task(forTarget: TargetA, ruleInfo: ["MkDir", "/private/var/folders/xr/m5_5rlsd6l9fk2w4ngj13k6m0000gn/T/swbuild.tmp.I9GXyx3j/Data.noindex/Test/aProject/build/Debug/TargetA.framework/Versions/A/Headers"]), Task(forTarget: <none>, ruleInfo: ["Gate", "target-TargetB-T-TargetB-44533--StubBinaryTaskProducer"]), Task(forTarget: <none>, ruleInfo: ["Gate", "target-TargetB-T-TargetB-44533--DocumentationTaskProducer"]), Task(forTarget: TargetA, ruleInfo: ["SwiftDriver", "TargetA", "normal", "arm64", "com.apple.xcode.tools.swift.compiler"]), Task(forTarget: <none>, ruleInfo: ["Gate", "target-TargetB-T-TargetB-44533--GenerateAppPlaygroundAssetCatalogTaskProducer"]), Task(forTarget: <none>, ruleInfo: ["Gate", "target-TargetA-T-TargetA-44525--Barrier-CodeSign"]), Task(forTarget: <none>, ruleInfo: ["Gate", "target-TargetA-T-TargetA-44525--AppExtensionInfoPlistGeneratorTaskProducer"]), Task(forTarget: TargetB, ruleInfo: ["Gate", "target-TargetB-T-TargetB-44533--entry"]), Task(forTarget: TargetB, ruleInfo: ["Gate", "target-TargetB-T-TargetB-44533--will-sign"]), Task(forTarget: <none>, ruleInfo: ["Gate", "target-TargetB-T-TargetB-44533--Barrier-CopyAside"]), Task(forTarget: <none>, ruleInfo: ["Gate", "target-TargetA-T-TargetA-44525--ProductStructureTaskProducer"]), Task(forTarget: TargetA, ruleInfo: ["Gate", "target-TargetA-T-TargetA-44525--begin-linking"]), Task(forTarget: TargetB, ruleInfo: ["Copy", "/private/var/folders/xr/m5_5rlsd6l9fk2w4ngj13k6m0000gn/T/swbuild.tmp.I9GXyx3j/Data.noindex/Test/aProject/build/Debug/TargetB.framework/Versions/A/Modules/TargetB.swiftmodule/arm64-apple-macos.swiftdoc", "/private/var/folders/xr/m5_5rlsd6l9fk2w4ngj13k6m0000gn/T/swbuild.tmp.I9GXyx3j/Data.noindex/Test/aProject/build/aProject.build/Debug/TargetB.build/Objects-normal/arm64/TargetB.swiftdoc"]), Task(forTarget: TargetB, ruleInfo: ["Copy", "/private/var/folders/xr/m5_5rlsd6l9fk2w4ngj13k6m0000gn/T/swbuild.tmp.I9GXyx3j/Data.noindex/Test/aProject/build/Debug/TargetB.framework/Versions/A/Modules/TargetB.swiftmodule/arm64-apple-macos.swiftmodule", "/private/var/folders/xr/m5_5rlsd6l9fk2w4ngj13k6m0000gn/T/swbuild.tmp.I9GXyx3j/Data.noindex/Test/aProject/build/aProject.build/Debug/TargetB.build/Objects-normal/arm64/TargetB.swiftmodule"]), Task(forTarget: TargetB, ruleInfo: ["SymLink", "/private/var/folders/xr/m5_5rlsd6l9fk2w4ngj13k6m0000gn/T/swbuild.tmp.I9GXyx3j/Data.noindex/Test/aProject/build/EagerLinkingTBDs/Debug/TargetB.framework/TargetB.tbd", "/private/var/folders/xr/m5_5rlsd6l9fk2w4ngj13k6m0000gn/T/swbuild.tmp.I9GXyx3j/Data.noindex/Test/aProject/build/EagerLinkingTBDs/Debug/TargetB.framework/Versions/A/TargetB.tbd"]), Task(forTarget: TargetA, ruleInfo: ["SwiftMergeGeneratedHeaders", "/private/var/folders/xr/m5_5rlsd6l9fk2w4ngj13k6m0000gn/T/swbuild.tmp.I9GXyx3j/Data.noindex/Test/aProject/build/Debug/TargetA.framework/Versions/A/Headers/TargetA-Swift.h", "/private/var/folders/xr/m5_5rlsd6l9fk2w4ngj13k6m0000gn/T/swbuild.tmp.I9GXyx3j/Data.noindex/Test/aProject/build/aProject.build/Debug/TargetA.build/Objects-normal/arm64/TargetA-Swift.h"]), Task(forTarget: <none>, ruleInfo: ["SwiftExplicitDependencyCompileModuleFromInterface", "arm64", "/private/var/folders/xr/m5_5rlsd6l9fk2w4ngj13k6m0000gn/T/swbuild.tmp.I9GXyx3j/Data.noindex/Test/aProject/build/SwiftExplicitPrecompiledModules/_Concurrency-CB34E6W1YOX6.swiftmodule"]), Task(forTarget: TargetA, ruleInfo: ["Gate", "target-TargetA-T-TargetA-44525--unsigned-product-ready"]), Task(forTarget: TargetA, ruleInfo: ["Gate", "target-TargetA-T-TargetA-44525--end"]), Task(forTarget: <none>, ruleInfo: ["Gate", "target-TargetA-T-TargetA-44525--ExtensionPointExtractorTaskProducer"]), Task(forTarget: TargetB, ruleInfo: ["Touch", "/private/var/folders/xr/m5_5rlsd6l9fk2w4ngj13k6m0000gn/T/swbuild.tmp.I9GXyx3j/Data.noindex/Test/aProject/build/Debug/TargetB.framework"]), Task(forTarget: TargetB, ruleInfo: ["Gate", "target-TargetB-T-TargetB-44533--linker-inputs-ready"]), Task(forTarget: TargetA, ruleInfo: ["WriteAuxiliaryFile", "/private/var/folders/xr/m5_5rlsd6l9fk2w4ngj13k6m0000gn/T/swbuild.tmp.I9GXyx3j/Data.noindex/Test/aProject/build/aProject.build/Debug/TargetA.build/Objects-normal/arm64/TargetA.SwiftFileList"]), Task(forTarget: TargetB, ruleInfo: ["WriteAuxiliaryFile", "/private/var/folders/xr/m5_5rlsd6l9fk2w4ngj13k6m0000gn/T/swbuild.tmp.I9GXyx3j/Data.noindex/Test/aProject/build/aProject.build/Debug/TargetB.build/TargetB-project-headers.hmap"]), Task(forTarget: <none>, ruleInfo: ["Gate", "target-TargetB-T-TargetB-44533--copy-headers-completion"]), Task(forTarget: <none>, ruleInfo: ["Gate", "target-TargetB-T-TargetB-44533--Barrier-Validate"]), Task(forTarget: TargetB, ruleInfo: ["Copy", "/private/var/folders/xr/m5_5rlsd6l9fk2w4ngj13k6m0000gn/T/swbuild.tmp.I9GXyx3j/Data.noindex/Test/aProject/build/Debug/TargetB.framework/Versions/A/Modules/TargetB.swiftmodule/arm64-apple-macos.abi.json", "/private/var/folders/xr/m5_5rlsd6l9fk2w4ngj13k6m0000gn/T/swbuild.tmp.I9GXyx3j/Data.noindex/Test/aProject/build/aProject.build/Debug/TargetB.build/Objects-normal/arm64/TargetB.abi.json"]), Task(forTarget: TargetA, ruleInfo: ["WriteAuxiliaryFile", "/private/var/folders/xr/m5_5rlsd6l9fk2w4ngj13k6m0000gn/T/swbuild.tmp.I9GXyx3j/Data.noindex/Test/aProject/build/aProject.build/Debug/TargetA.build/TargetA-own-target-headers.hmap"]), Task(forTarget: TargetB, ruleInfo: ["Gate", "target-TargetB-T-TargetB-44533--begin-scanning"]), Task(forTarget: TargetA, ruleInfo: ["WriteAuxiliaryFile", "/private/var/folders/xr/m5_5rlsd6l9fk2w4ngj13k6m0000gn/T/swbuild.tmp.I9GXyx3j/Data.noindex/Test/aProject/build/aProject.build/Debug/TargetA.build/TargetA.DependencyStaticMetadataFileList"]), Task(forTarget: <none>, ruleInfo: ["Gate", "target-TargetA-T-TargetA-44525--ModuleVerifierTaskProducer"]), Task(forTarget: TargetA, ruleInfo: ["SwiftCompile", "normal", "arm64", "Compiling fileA2.swift", "/private/var/folders/xr/m5_5rlsd6l9fk2w4ngj13k6m0000gn/T/swbuild.tmp.I9GXyx3j/Data.noindex/Test/aProject/Sources/fileA2.swift"]), Task(forTarget: TargetA, ruleInfo: ["Copy", "/private/var/folders/xr/m5_5rlsd6l9fk2w4ngj13k6m0000gn/T/swbuild.tmp.I9GXyx3j/Data.noindex/Test/aProject/build/Debug/TargetA.framework/Versions/A/Modules/TargetA.swiftmodule/arm64-apple-macos.swiftmodule", "/private/var/folders/xr/m5_5rlsd6l9fk2w4ngj13k6m0000gn/T/swbuild.tmp.I9GXyx3j/Data.noindex/Test/aProject/build/aProject.build/Debug/TargetA.build/Objects-normal/arm64/TargetA.swiftmodule"]), Task(forTarget: TargetA, ruleInfo: ["Gate", "target-TargetA-T-TargetA-44525--modules-ready"]), Task(forTarget: TargetB, ruleInfo: ["SwiftCompile", "normal", "arm64", "Compiling fileB1.swift", "/private/var/folders/xr/m5_5rlsd6l9fk2w4ngj13k6m0000gn/T/swbuild.tmp.I9GXyx3j/Data.noindex/Test/aProject/Sources/fileB1.swift"]), Task(forTarget: <none>, ruleInfo: ["Gate", "target-TargetB-T-TargetB-44533--Barrier-CodeSign"]), Task(forTarget: <none>, ruleInfo: ["Gate", "target-TargetB-T-TargetB-44533--generated-headers"]), Task(forTarget: <none>, ruleInfo: ["CreateBuildDirectory", "/private/var/folders/xr/m5_5rlsd6l9fk2w4ngj13k6m0000gn/T/swbuild.tmp.I9GXyx3j/Data.noindex/Test/aProject/build/SwiftExplicitPrecompiledModules"]), Task(forTarget: <none>, ruleInfo: ["Gate", "target-TargetA-T-TargetA-44525--SanitizerTaskProducer"]), Task(forTarget: TargetA, ruleInfo: ["SwiftDriver Compilation Requirements", "TargetA", "normal", "arm64", "com.apple.xcode.tools.swift.compiler"]), Task(forTarget: <none>, ruleInfo: ["CreateBuildDirectory", "/var/folders/xr/m5_5rlsd6l9fk2w4ngj13k6m0000gn/C/com.apple.DeveloperTools/26.4.1-17E202/Xcode/CompilationCache.noindex"]), Task(forTarget: <none>, ruleInfo: ["Gate", "target-TargetA-T-TargetA-44525--AppIntentsMetadataTaskProducer"]), Task(forTarget: TargetB, ruleInfo: ["SymLink", "/private/var/folders/xr/m5_5rlsd6l9fk2w4ngj13k6m0000gn/T/swbuild.tmp.I9GXyx3j/Data.noindex/Test/aProject/build/Debug/TargetB.framework/Versions/Current", "A"]), Task(forTarget: TargetA, ruleInfo: ["Copy", "/private/var/folders/xr/m5_5rlsd6l9fk2w4ngj13k6m0000gn/T/swbuild.tmp.I9GXyx3j/Data.noindex/Test/aProject/build/Debug/TargetA.framework/Versions/A/Modules/TargetA.swiftmodule/arm64-apple-macos.swiftdoc", "/private/var/folders/xr/m5_5rlsd6l9fk2w4ngj13k6m0000gn/T/swbuild.tmp.I9GXyx3j/Data.noindex/Test/aProject/build/aProject.build/Debug/TargetA.build/Objects-normal/arm64/TargetA.swiftdoc"]), Task(forTarget: TargetA, ruleInfo: ["RegisterExecutionPolicyException", "/private/var/folders/xr/m5_5rlsd6l9fk2w4ngj13k6m0000gn/T/swbuild.tmp.I9GXyx3j/Data.noindex/Test/aProject/build/Debug/TargetA.framework"]), Task(forTarget: <none>, ruleInfo: ["Gate", "target-TargetA-T-TargetA-44525--SwiftPackageCopyFilesTaskProducer"]), Task(forTarget: TargetA, ruleInfo: ["Copy", "/private/var/folders/xr/m5_5rlsd6l9fk2w4ngj13k6m0000gn/T/swbuild.tmp.I9GXyx3j/Data.noindex/Test/aProject/build/Debug/TargetA.framework/Versions/A/Modules/TargetA.swiftmodule/arm64-apple-macos.abi.json", "/private/var/folders/xr/m5_5rlsd6l9fk2w4ngj13k6m0000gn/T/swbuild.tmp.I9GXyx3j/Data.noindex/Test/aProject/build/aProject.build/Debug/TargetA.build/Objects-normal/arm64/TargetA.abi.json"]), Task(forTarget: TargetB, ruleInfo: ["SwiftEmitModule", "normal", "arm64", "Emitting module for TargetB"]), Task(forTarget: TargetA, ruleInfo: ["Touch", "/private/var/folders/xr/m5_5rlsd6l9fk2w4ngj13k6m0000gn/T/swbuild.tmp.I9GXyx3j/Data.noindex/Test/aProject/build/Debug/TargetA.framework"]), Task(forTarget: TargetA, ruleInfo: ["Gate", "target-TargetA-T-TargetA-44525--linker-inputs-ready"]), Task(forTarget: <none>, ruleInfo: ["Gate", "target-TargetB-T-TargetB-44533--ProductStructureTaskProducer"]), Task(forTarget: TargetB, ruleInfo: ["SwiftDriver Compilation", "TargetB", "normal", "arm64", "com.apple.xcode.tools.swift.compiler"]), Task(forTarget: <none>, ruleInfo: ["Gate", "target-TargetB-T-TargetB-44533--Barrier-RegisterExecutionPolicyException"]), Task(forTarget: TargetA, ruleInfo: ["WriteAuxiliaryFile", "/private/var/folders/xr/m5_5rlsd6l9fk2w4ngj13k6m0000gn/T/swbuild.tmp.I9GXyx3j/Data.noindex/Test/aProject/build/aProject.build/Debug/TargetA.build/Objects-normal/arm64/TargetA-OutputFileMap.json"]), Task(forTarget: <none>, ruleInfo: ["Gate", "target-TargetA-T-TargetA-44525--HeadermapTaskProducer"]), Task(forTarget: TargetB, ruleInfo: ["WriteAuxiliaryFile", "/private/var/folders/xr/m5_5rlsd6l9fk2w4ngj13k6m0000gn/T/swbuild.tmp.I9GXyx3j/Data.noindex/Test/aProject/build/aProject.build/Debug/TargetB.build/TargetB.DependencyStaticMetadataFileList"]), Task(forTarget: TargetA, ruleInfo: ["Gate", "target-TargetA-T-TargetA-44525--begin-compiling"]), Task(forTarget: <none>, ruleInfo: ["Gate", "target-TargetA-T-TargetA-44525--GeneratedFilesTaskProducer"]), Task(forTarget: <none>, ruleInfo: ["Gate", "target-TargetA-T-TargetA-44525--DocumentationTaskProducer"]), Task(forTarget: <none>, ruleInfo: ["Gate", "target-TargetB-T-TargetB-44533--InfoPlistTaskProducer"]), Task(forTarget: <none>, ruleInfo: ["Gate", "target-TargetA-T-TargetA-44525--SwiftFrameworkABICheckerTaskProducer"]), Task(forTarget: TargetB, ruleInfo: ["Gate", "target-TargetB-T-TargetB-44533--end"]), Task(forTarget: TargetA, ruleInfo: ["MkDir", "/private/var/folders/xr/m5_5rlsd6l9fk2w4ngj13k6m0000gn/T/swbuild.tmp.I9GXyx3j/Data.noindex/Test/aProject/build/Debug/TargetA.framework/Versions/A"]), Task(forTarget: <none>, ruleInfo: ["Gate", "target-TargetB-T-TargetB-44533--fused-phase0-compile-sources&link-binary"]), Task(forTarget: <none>, ruleInfo: ["Gate", "target-TargetB-T-TargetB-44533--SwiftStandardLibrariesTaskProducer"]), Task(forTarget: <none>, ruleInfo: ["Gate", "target-TargetB-T-TargetB-44533--SwiftABIBaselineGenerationTaskProducer"]), Task(forTarget: <none>, ruleInfo: ["Gate", "target-TargetA-T-TargetA-44525--TestTargetPostprocessingTaskProducer"]), Task(forTarget: <none>, ruleInfo: ["Gate", "target-TargetA-T-TargetA-44525--ProductPostprocessingTaskProducer"]), Task(forTarget: <none>, ruleInfo: ["Gate", "target-TargetB-T-TargetB-44533--RealityAssetsTaskProducer"]), Task(forTarget: TargetA, ruleInfo: ["Copy", "/private/var/folders/xr/m5_5rlsd6l9fk2w4ngj13k6m0000gn/T/swbuild.tmp.I9GXyx3j/Data.noindex/Test/aProject/build/Debug/TargetA.framework/Versions/A/Modules/TargetA.swiftmodule/Project/arm64-apple-macos.swiftsourceinfo", "/private/var/folders/xr/m5_5rlsd6l9fk2w4ngj13k6m0000gn/T/swbuild.tmp.I9GXyx3j/Data.noindex/Test/aProject/build/aProject.build/Debug/TargetA.build/Objects-normal/arm64/TargetA.swiftsourceinfo"]), Task(forTarget: TargetB, ruleInfo: ["Copy", "/private/var/folders/xr/m5_5rlsd6l9fk2w4ngj13k6m0000gn/T/swbuild.tmp.I9GXyx3j/Data.noindex/Test/aProject/build/Debug/TargetB.framework/Versions/A/Modules/TargetB.swiftmodule/Project/arm64-apple-macos.swiftsourceinfo", "/private/var/folders/xr/m5_5rlsd6l9fk2w4ngj13k6m0000gn/T/swbuild.tmp.I9GXyx3j/Data.noindex/Test/aProject/build/aProject.build/Debug/TargetB.build/Objects-normal/arm64/TargetB.swiftsourceinfo"]), Task(forTarget: TargetB, ruleInfo: ["WriteAuxiliaryFile", "/private/var/folders/xr/m5_5rlsd6l9fk2w4ngj13k6m0000gn/T/swbuild.tmp.I9GXyx3j/Data.noindex/Test/aProject/build/aProject.build/Debug/TargetB.build/TargetB-all-non-framework-target-headers.hmap"]), Task(forTarget: <none>, ruleInfo: ["Gate", "target-TargetB-T-TargetB-44533--Barrier-GenerateStubAPI"]), Task(forTarget: TargetB, ruleInfo: ["RegisterExecutionPolicyException", "/private/var/folders/xr/m5_5rlsd6l9fk2w4ngj13k6m0000gn/T/swbuild.tmp.I9GXyx3j/Data.noindex/Test/aProject/build/Debug/TargetB.framework"]), Task(forTarget: TargetA, ruleInfo: ["SwiftEmitModule", "normal", "arm64", "Emitting module for TargetA"]), Task(forTarget: <none>, ruleInfo: ["SwiftExplicitDependencyCompileModuleFromInterface", "arm64", "/private/var/folders/xr/m5_5rlsd6l9fk2w4ngj13k6m0000gn/T/swbuild.tmp.I9GXyx3j/Data.noindex/Test/aProject/build/SwiftExplicitPrecompiledModules/_StringProcessing-1O0ZQ2K74RYD5.swiftmodule"]), Task(forTarget: TargetB, ruleInfo: ["Gate", "target-TargetB-T-TargetB-44533--begin-linking"]), Task(forTarget: TargetB, ruleInfo: ["Gate", "target-TargetB-T-TargetB-44533--unsigned-product-ready"]), Task(forTarget: TargetB, ruleInfo: ["MkDir", "/private/var/folders/xr/m5_5rlsd6l9fk2w4ngj13k6m0000gn/T/swbuild.tmp.I9GXyx3j/Data.noindex/Test/aProject/build/Debug/TargetB.framework"]), Task(forTarget: <none>, ruleInfo: ["Gate", "target-TargetB-T-TargetB-44533--ExtensionPointExtractorTaskProducer"]), Task(forTarget: TargetA, ruleInfo: ["WriteAuxiliaryFile", "/private/var/folders/xr/m5_5rlsd6l9fk2w4ngj13k6m0000gn/T/swbuild.tmp.I9GXyx3j/Data.noindex/Test/aProject/build/aProject.build/Debug/TargetA.build/Objects-normal/arm64/TargetA_const_extract_protocols.json"]), Task(forTarget: <none>, ruleInfo: ["Gate", "target-TargetA-T-TargetA-44525--CustomTaskProducer"]), Task(forTarget: <none>, ruleInfo: ["ClangStatCache", "/Applications/Xcode17E.app/Contents/Developer/Toolchains/XcodeDefault.xctoolchain/usr/bin/clang-stat-cache", "/Applications/Xcode17E.app/Contents/Developer/Platforms/MacOSX.platform/Developer/SDKs/MacOSX26.4.sdk", "/private/var/folders/xr/m5_5rlsd6l9fk2w4ngj13k6m0000gn/T/swbuild.tmp.I9GXyx3j/Data.noindex/Test/SDKStatCaches.noindex/macosx26.4-25E260-95aa6cf8f3effd57bda17e0c125410c0.sdkstatcache"]), Task(forTarget: <none>, ruleInfo: ["Gate", "target-TargetB-T-TargetB-44533--TestEntryPointTaskProducerFactory"]), Task(forTarget: TargetA, ruleInfo: ["Gate", "target-TargetA-T-TargetA-44525--immediate"]), Task(forTarget: <none>, ruleInfo: ["CreateBuildDirectory", "/private/var/folders/xr/m5_5rlsd6l9fk2w4ngj13k6m0000gn/T/swbuild.tmp.I9GXyx3j/Data.noindex/Test/aProject/build/Debug"]), Task(forTarget: TargetA, ruleInfo: ["Gate", "target-TargetA-T-TargetA-44525--entry"]), Task(forTarget: <none>, ruleInfo: ["Gate", "target-TargetA-T-TargetA-44525--SwiftStandardLibrariesTaskProducer"]), Task(forTarget: <none>, ruleInfo: ["Gate", "target-TargetA-T-TargetA-44525--TestEntryPointTaskProducerFactory"]), Task(forTarget: TargetA, ruleInfo: ["WriteAuxiliaryFile", "/private/var/folders/xr/m5_5rlsd6l9fk2w4ngj13k6m0000gn/T/swbuild.tmp.I9GXyx3j/Data.noindex/Test/aProject/build/aProject.build/Debug/TargetA.build/TargetA-project-headers.hmap"]), Task(forTarget: <none>, ruleInfo: ["Gate", "target-TargetA-T-TargetA-44525--Barrier-GenerateStubAPI"]), Task(forTarget: TargetA, ruleInfo: ["MkDir", "/private/var/folders/xr/m5_5rlsd6l9fk2w4ngj13k6m0000gn/T/swbuild.tmp.I9GXyx3j/Data.noindex/Test/aProject/build/Debug/TargetA.framework"]), Task(forTarget: TargetB, ruleInfo: ["WriteAuxiliaryFile", "/private/var/folders/xr/m5_5rlsd6l9fk2w4ngj13k6m0000gn/T/swbuild.tmp.I9GXyx3j/Data.noindex/Test/aProject/build/aProject.build/Debug/TargetB.build/TargetB-generated-files.hmap"]), Task(forTarget: TargetB, ruleInfo: ["WriteAuxiliaryFile", "/private/var/folders/xr/m5_5rlsd6l9fk2w4ngj13k6m0000gn/T/swbuild.tmp.I9GXyx3j/Data.noindex/Test/aProject/build/aProject.build/Debug/TargetB.build/Objects-normal/arm64/TargetB_const_extract_protocols.json"]), Task(forTarget: TargetB, ruleInfo: ["MkDir", "/private/var/folders/xr/m5_5rlsd6l9fk2w4ngj13k6m0000gn/T/swbuild.tmp.I9GXyx3j/Data.noindex/Test/aProject/build/Debug/TargetB.framework/Versions"]), Task(forTarget: <none>, ruleInfo: ["Gate", "target-TargetA-T-TargetA-44525--CopySwiftPackageResourcesTaskProducer"]), Task(forTarget: <none>, ruleInfo: ["Gate", "target-TargetA-T-TargetA-44525--Barrier-ChangeAlternatePermissions"]), Task(forTarget: TargetA, ruleInfo: ["SymLink", "/private/var/folders/xr/m5_5rlsd6l9fk2w4ngj13k6m0000gn/T/swbuild.tmp.I9GXyx3j/Data.noindex/Test/aProject/build/EagerLinkingTBDs/Debug/TargetA.framework/TargetA.tbd", "/private/var/folders/xr/m5_5rlsd6l9fk2w4ngj13k6m0000gn/T/swbuild.tmp.I9GXyx3j/Data.noindex/Test/aProject/build/EagerLinkingTBDs/Debug/TargetA.framework/Versions/A/TargetA.tbd"]), Task(forTarget: <none>, ruleInfo: ["Gate", "target-TargetA-T-TargetA-44525--Barrier-RegisterExecutionPolicyException"]), Task(forTarget: <none>, ruleInfo: ["Gate", "target-TargetB-T-TargetB-44533--SwiftPackageCopyFilesTaskProducer"]), Task(forTarget: TargetA, ruleInfo: ["SwiftCompile", "normal", "arm64", "Compiling fileA1.swift", "/private/var/folders/xr/m5_5rlsd6l9fk2w4ngj13k6m0000gn/T/swbuild.tmp.I9GXyx3j/Data.noindex/Test/aProject/Sources/fileA1.swift"]), Task(forTarget: <none>, ruleInfo: ["Gate", "target-TargetB-T-TargetB-44533--Barrier-StripSymbols"]), Task(forTarget: TargetA, ruleInfo: ["WriteAuxiliaryFile", "/private/var/folders/xr/m5_5rlsd6l9fk2w4ngj13k6m0000gn/T/swbuild.tmp.I9GXyx3j/Data.noindex/Test/aProject/build/aProject.build/Debug/TargetA.build/TargetA-all-non-framework-target-headers.hmap"]), Task(forTarget: <none>, ruleInfo: ["Gate", "target-TargetB-T-TargetB-44533--SanitizerTaskProducer"]), Task(forTarget: <none>, ruleInfo: ["Gate", "target-TargetB-T-TargetB-44533--swift-generated-headers"]), Task(forTarget: <none>, ruleInfo: ["Gate", "target-TargetB-T-TargetB-44533--Barrier-RegisterProduct"]), Task(forTarget: <none>, ruleInfo: ["Gate", "target-TargetB-T-TargetB-44533--GeneratedFilesTaskProducer"]), Task(forTarget: <none>, ruleInfo: ["Gate", "target-TargetA-T-TargetA-44525--Barrier-StripSymbols"]), Task(forTarget: TargetB, ruleInfo: ["GenerateTAPI", "/private/var/folders/xr/m5_5rlsd6l9fk2w4ngj13k6m0000gn/T/swbuild.tmp.I9GXyx3j/Data.noindex/Test/aProject/build/EagerLinkingTBDs/Debug/TargetB.framework/Versions/A/TargetB.tbd"]), Task(forTarget: <none>, ruleInfo: ["Gate", "target-TargetA-T-TargetA-44525--GenerateAppPlaygroundAssetCatalogTaskProducer"]), Task(forTarget: <none>, ruleInfo: ["Gate", "target-TargetA-T-TargetA-44525--Barrier-ChangePermissions"]), Task(forTarget: TargetA, ruleInfo: ["WriteAuxiliaryFile", "/private/var/folders/xr/m5_5rlsd6l9fk2w4ngj13k6m0000gn/T/swbuild.tmp.I9GXyx3j/Data.noindex/Test/aProject/build/aProject.build/Debug/TargetA.build/Objects-normal/arm64/TargetA.SwiftConstValuesFileList"]), Task(forTarget: TargetA, ruleInfo: ["MkDir", "/private/var/folders/xr/m5_5rlsd6l9fk2w4ngj13k6m0000gn/T/swbuild.tmp.I9GXyx3j/Data.noindex/Test/aProject/build/Debug/TargetA.framework/Versions"]), Task(forTarget: <none>, ruleInfo: ["Gate", "target-TargetA-T-TargetA-44525--StubBinaryTaskProducer"]), Task(forTarget: <none>, ruleInfo: ["Gate", "target-TargetB-T-TargetB-44533--ProductPostprocessingTaskProducer"]), Task(forTarget: TargetA, ruleInfo: ["WriteAuxiliaryFile", "/private/var/folders/xr/m5_5rlsd6l9fk2w4ngj13k6m0000gn/T/swbuild.tmp.I9GXyx3j/Data.noindex/Test/aProject/build/aProject.build/Debug/TargetA.build/Objects-normal/arm64/TargetA.LinkFileList"]), Task(forTarget: <none>, ruleInfo: ["Gate", "target-TargetA-T-TargetA-44525--ModuleMapTaskProducer"]), Task(forTarget: TargetA, ruleInfo: ["ExtractAppIntentsMetadata"]), Task(forTarget: TargetB, ruleInfo: ["WriteAuxiliaryFile", "/private/var/folders/xr/m5_5rlsd6l9fk2w4ngj13k6m0000gn/T/swbuild.tmp.I9GXyx3j/Data.noindex/Test/aProject/build/aProject.build/Debug/TargetB.build/TargetB.hmap"]), Task(forTarget: TargetA, ruleInfo: ["SymLink", "/private/var/folders/xr/m5_5rlsd6l9fk2w4ngj13k6m0000gn/T/swbuild.tmp.I9GXyx3j/Data.noindex/Test/aProject/build/Debug/TargetA.framework/TargetA", "Versions/Current/TargetA"]), Task(forTarget: TargetB, ruleInfo: ["MkDir", "/private/var/folders/xr/m5_5rlsd6l9fk2w4ngj13k6m0000gn/T/swbuild.tmp.I9GXyx3j/Data.noindex/Test/aProject/build/Debug/TargetB.framework/Versions/A/Headers"]), Task(forTarget: <none>, ruleInfo: ["CreateBuildDirectory", "/private/var/folders/xr/m5_5rlsd6l9fk2w4ngj13k6m0000gn/T/swbuild.tmp.I9GXyx3j/Data.noindex/Test/aProject/build/ExplicitPrecompiledModules"]), Task(forTarget: <none>, ruleInfo: ["Gate", "target-TargetA-T-TargetA-44525--RealityAssetsTaskProducer"]), Task(forTarget: <none>, ruleInfo: ["Gate", "target-TargetA-T-TargetA-44525--TestHostTaskProducer"]), Task(forTarget: TargetA, ruleInfo: ["Gate", "target-TargetA-T-TargetA-44525--will-sign"]), Task(forTarget: <none>, ruleInfo: ["CreateBuildDirectory", "/private/var/folders/xr/m5_5rlsd6l9fk2w4ngj13k6m0000gn/T/swbuild.tmp.I9GXyx3j/Data.noindex/Test/aProject/build/SharedPrecompiledHeaders"]), Task(forTarget: TargetA, ruleInfo: ["WriteAuxiliaryFile", "/private/var/folders/xr/m5_5rlsd6l9fk2w4ngj13k6m0000gn/T/swbuild.tmp.I9GXyx3j/Data.noindex/Test/aProject/build/aProject.build/Debug/TargetA.build/TargetA.hmap"]), Task(forTarget: TargetA, ruleInfo: ["SymLink", "/private/var/folders/xr/m5_5rlsd6l9fk2w4ngj13k6m0000gn/T/swbuild.tmp.I9GXyx3j/Data.noindex/Test/aProject/build/Debug/TargetA.framework/Modules", "Versions/Current/Modules"]), Task(forTarget: <none>, ruleInfo: ["Gate", "target-TargetA-T-TargetA-44525--copy-headers-completion"]), Task(forTarget: <none>, ruleInfo: ["Gate", "target-TargetA-T-TargetA-44525--fused-phase0-compile-sources"]), Task(forTarget: <none>, ruleInfo: ["Gate", "WorkspaceHeaderMapVFSFilesWritten"]), Task(forTarget: TargetB, ruleInfo: ["SymLink", "/private/var/folders/xr/m5_5rlsd6l9fk2w4ngj13k6m0000gn/T/swbuild.tmp.I9GXyx3j/Data.noindex/Test/aProject/build/Debug/TargetB.framework/Headers", "Versions/Current/Headers"]), Task(forTarget: TargetB, ruleInfo: ["SwiftDriver Compilation Requirements", "TargetB", "normal", "arm64", "com.apple.xcode.tools.swift.compiler"]), Task(forTarget: <none>, ruleInfo: ["Gate", "target-TargetA-T-TargetA-44525--Barrier-RegisterProduct"]), Task(forTarget: TargetB, ruleInfo: ["Gate", "target-TargetB-T-TargetB-44533--modules-ready"]), Task(forTarget: <none>, ruleInfo: ["CreateBuildDirectory", "/private/var/folders/xr/m5_5rlsd6l9fk2w4ngj13k6m0000gn/T/swbuild.tmp.I9GXyx3j/Data.noindex/Test/aProject/build/EagerLinkingTBDs/Debug"]), Task(forTarget: TargetB, ruleInfo: ["WriteAuxiliaryFile", "/private/var/folders/xr/m5_5rlsd6l9fk2w4ngj13k6m0000gn/T/swbuild.tmp.I9GXyx3j/Data.noindex/Test/aProject/build/aProject.build/Debug/TargetB.build/TargetB-all-target-headers.hmap"]), Task(forTarget: <none>, ruleInfo: ["Gate", "target-TargetB-T-TargetB-44533--ModuleVerifierTaskProducer"]), Task(forTarget: TargetA, ruleInfo: ["Gate", "target-TargetA-T-TargetA-44525--begin-scanning"]), Task(forTarget: TargetB, ruleInfo: ["Gate", "target-TargetB-T-TargetB-44533--immediate"]), Task(forTarget: TargetA, ruleInfo: ["GenerateTAPI", "/private/var/folders/xr/m5_5rlsd6l9fk2w4ngj13k6m0000gn/T/swbuild.tmp.I9GXyx3j/Data.noindex/Test/aProject/build/EagerLinkingTBDs/Debug/TargetA.framework/Versions/A/TargetA.tbd"]), Task(forTarget: TargetB, ruleInfo: ["SymLink", "/private/var/folders/xr/m5_5rlsd6l9fk2w4ngj13k6m0000gn/T/swbuild.tmp.I9GXyx3j/Data.noindex/Test/aProject/build/Debug/TargetB.framework/TargetB", "Versions/Current/TargetB"]), Task(forTarget: TargetB, ruleInfo: ["SwiftCompile", "normal", "arm64", "Compiling fileB2.swift", "/private/var/folders/xr/m5_5rlsd6l9fk2w4ngj13k6m0000gn/T/swbuild.tmp.I9GXyx3j/Data.noindex/Test/aProject/Sources/fileB2.swift"])]
↳ Occasionally fails in CI due to SwiftExplicitDependencyCompileModuleFromInterface missing from the dependency graph
━ Test swiftEagerCompilationWithExplicitModules() recorded a known issue at SwiftDriverTests.swift:3586:55: Issue recorded
↳ Task Task(forTarget: TargetB, ruleInfo: ["SwiftCompile", "normal", "arm64", "Compiling fileB2.swift", "/private/var/folders/xr/m5_5rlsd6l9fk2w4ngj13k6m0000gn/T/swbuild.tmp.I9GXyx3j/Data.noindex/Test/aProject/Sources/fileB2.swift"]) does not follow any tasks matching [Rule matches [SWBTestSupport.StringPattern.equal("SwiftExplicitDependencyCompileModuleFromInterface"), SWBTestSupport.StringPattern.equal("normal"), SWBTestSupport.StringPattern.equal("arm64"), SWBTestSupport.StringPattern.contains("Swift-")]]. Found: [] in [Task(forTarget: <none>, ruleInfo: ["Gate", "target-TargetA-T-TargetA-44525--Barrier-CopyAside"]), Task(forTarget: <none>, ruleInfo: ["Gate", "target-TargetA-T-TargetA-44525--InfoPlistTaskProducer"]), Task(forTarget: <none>, ruleInfo: ["Gate", "target-TargetB-T-TargetB-44533--Barrier-ChangeAlternatePermissions"]), Task(forTarget: <none>, ruleInfo: ["Gate", "target-TargetA-T-TargetA-44525--swift-generated-headers"]), Task(forTarget: TargetB, ruleInfo: ["ExtractAppIntentsMetadata"]), Task(forTarget: TargetB, ruleInfo: ["SwiftDriver", "TargetB", "normal", "arm64", "com.apple.xcode.tools.swift.compiler"]), Task(forTarget: TargetB, ruleInfo: ["WriteAuxiliaryFile", "/private/var/folders/xr/m5_5rlsd6l9fk2w4ngj13k6m0000gn/T/swbuild.tmp.I9GXyx3j/Data.noindex/Test/aProject/build/aProject.build/Debug/TargetB.build/TargetB-own-target-headers.hmap"]), Task(forTarget: TargetA, ruleInfo: ["WriteAuxiliaryFile", "/private/var/folders/xr/m5_5rlsd6l9fk2w4ngj13k6m0000gn/T/swbuild.tmp.I9GXyx3j/Data.noindex/Test/aProject/build/aProject.build/Debug/TargetA.build/TargetA-generated-files.hmap"]), Task(forTarget: TargetA, ruleInfo: ["SwiftDriver Compilation", "TargetA", "normal", "arm64", "com.apple.xcode.tools.swift.compiler"]), Task(forTarget: TargetA, ruleInfo: ["Ld", "/private/var/folders/xr/m5_5rlsd6l9fk2w4ngj13k6m0000gn/T/swbuild.tmp.I9GXyx3j/Data.noindex/Test/aProject/build/Debug/TargetA.framework/Versions/A/TargetA", "normal"]), Task(forTarget: <none>, ruleInfo: ["SwiftExplicitDependencyCompileModuleFromInterface", "arm64", "/private/var/folders/xr/m5_5rlsd6l9fk2w4ngj13k6m0000gn/T/swbuild.tmp.I9GXyx3j/Data.noindex/Test/aProject/build/SwiftExplicitPrecompiledModules/Swift-NBB0GQDQYZZH.swiftmodule"]), Task(forTarget: TargetB, ruleInfo: ["SwiftMergeGeneratedHeaders", "/private/var/folders/xr/m5_5rlsd6l9fk2w4ngj13k6m0000gn/T/swbuild.tmp.I9GXyx3j/Data.noindex/Test/aProject/build/Debug/TargetB.framework/Versions/A/Headers/TargetB-Swift.h", "/private/var/folders/xr/m5_5rlsd6l9fk2w4ngj13k6m0000gn/T/swbuild.tmp.I9GXyx3j/Data.noindex/Test/aProject/build/aProject.build/Debug/TargetB.build/Objects-normal/arm64/TargetB-Swift.h"]), Task(forTarget: <none>, ruleInfo: ["Gate", "target-TargetB-T-TargetB-44533--TestHostTaskProducer"]), Task(forTarget: TargetB, ruleInfo: ["WriteAuxiliaryFile", "/private/var/folders/xr/m5_5rlsd6l9fk2w4ngj13k6m0000gn/T/swbuild.tmp.I9GXyx3j/Data.noindex/Test/aProject/build/aProject.build/Debug/TargetB.build/Objects-normal/arm64/TargetB.SwiftConstValuesFileList"]), Task(forTarget: <none>, ruleInfo: ["Gate", "target-TargetB-T-TargetB-44533--ModuleMapTaskProducer"]), Task(forTarget: <none>, ruleInfo: ["Gate", "target-TargetB-T-TargetB-44533--SwiftFrameworkABICheckerTaskProducer"]), Task(forTarget: <none>, ruleInfo: ["Gate", "target-TargetB-T-TargetB-44533--Barrier-ChangePermissions"]), Task(forTarget: TargetB, ruleInfo: ["Gate", "target-TargetB-T-TargetB-44533--begin-compiling"]), Task(forTarget: <none>, ruleInfo: ["Gate", "target-TargetB-T-TargetB-44533--TestTargetTaskProducer"]), Task(forTarget: <none>, ruleInfo: ["Gate", "target-TargetB-T-TargetB-44533--TAPISymbolExtractorTaskProducer"]), Task(forTarget: <none>, ruleInfo: ["Gate", "target-TargetB-T-TargetB-44533--HeadermapTaskProducer"]), Task(forTarget: TargetB, ruleInfo: ["Ld", "/private/var/folders/xr/m5_5rlsd6l9fk2w4ngj13k6m0000gn/T/swbuild.tmp.I9GXyx3j/Data.noindex/Test/aProject/build/Debug/TargetB.framework/Versions/A/TargetB", "normal"]), Task(forTarget: TargetB, ruleInfo: ["WriteAuxiliaryFile", "/private/var/folders/xr/m5_5rlsd6l9fk2w4ngj13k6m0000gn/T/swbuild.tmp.I9GXyx3j/Data.noindex/Test/aProject/build/aProject.build/Debug/TargetB.build/Objects-normal/arm64/TargetB.LinkFileList"]), Task(forTarget: <none>, ruleInfo: ["Gate", "target-TargetB-T-TargetB-44533--TestTargetPostprocessingTaskProducer"]), Task(forTarget: <none>, ruleInfo: ["SwiftExplicitDependencyGeneratePcm", "arm64", "/private/var/folders/xr/m5_5rlsd6l9fk2w4ngj13k6m0000gn/T/swbuild.tmp.I9GXyx3j/Data.noindex/Test/aProject/build/SwiftExplicitPrecompiledModules/_SwiftConcurrencyShims-AIZW70LS1W2L0PXECXLASUUHS.pcm"]), Task(forTarget: TargetA, ruleInfo: ["SymLink", "/private/var/folders/xr/m5_5rlsd6l9fk2w4ngj13k6m0000gn/T/swbuild.tmp.I9GXyx3j/Data.noindex/Test/aProject/build/Debug/TargetA.framework/Versions/Current", "A"]), Task(forTarget: <none>, ruleInfo: ["CreateBuildDirectory", "/private/var/folders/xr/m5_5rlsd6l9fk2w4ngj13k6m0000gn/T/swbuild.tmp.I9GXyx3j/Data.noindex/Test/aProject/build"]), Task(forTarget: TargetB, ruleInfo: ["WriteAuxiliaryFile", "/private/var/folders/xr/m5_5rlsd6l9fk2w4ngj13k6m0000gn/T/swbuild.tmp.I9GXyx3j/Data.noindex/Test/aProject/build/aProject.build/Debug/TargetB.build/TargetB.DependencyMetadataFileList"]), Task(forTarget: TargetA, ruleInfo: ["WriteAuxiliaryFile", "/private/var/folders/xr/m5_5rlsd6l9fk2w4ngj13k6m0000gn/T/swbuild.tmp.I9GXyx3j/Data.noindex/Test/aProject/build/aProject.build/Debug/TargetA.build/TargetA.DependencyMetadataFileList"]), Task(forTarget: <none>, ruleInfo: ["Gate", "target-TargetB-T-TargetB-44533--AppExtensionInfoPlistGeneratorTaskProducer"]), Task(forTarget: <none>, ruleInfo: ["Gate", "target-TargetA-T-TargetA-44525--SwiftABIBaselineGenerationTaskProducer"]), Task(forTarget: <none>, ruleInfo: ["Gate", "target-TargetA-T-TargetA-44525--Barrier-Validate"]), Task(forTarget: <none>, ruleInfo: ["SwiftExplicitDependencyGeneratePcm", "arm64", "/private/var/folders/xr/m5_5rlsd6l9fk2w4ngj13k6m0000gn/T/swbuild.tmp.I9GXyx3j/Data.noindex/Test/aProject/build/SwiftExplicitPrecompiledModules/SwiftShims-1XRNFTFX3SVGVJQLDAOI208RW.pcm"]), Task(forTarget: TargetA, ruleInfo: ["SymLink", "/private/var/folders/xr/m5_5rlsd6l9fk2w4ngj13k6m0000gn/T/swbuild.tmp.I9GXyx3j/Data.noindex/Test/aProject/build/Debug/TargetA.framework/Headers", "Versions/Current/Headers"]), Task(forTarget: <none>, ruleInfo: ["Gate", "target-TargetA-T-TargetA-44525--generated-headers"]), Task(forTarget: TargetB, ruleInfo: ["SymLink", "/private/var/folders/xr/m5_5rlsd6l9fk2w4ngj13k6m0000gn/T/swbuild.tmp.I9GXyx3j/Data.noindex/Test/aProject/build/Debug/TargetB.framework/Modules", "Versions/Current/Modules"]), Task(forTarget: <none>, ruleInfo: ["WriteAuxiliaryFile", "/private/var/folders/xr/m5_5rlsd6l9fk2w4ngj13k6m0000gn/T/swbuild.tmp.I9GXyx3j/Data.noindex/Test/aProject/build/aProject.build/Debug/aProject-P44536-VFS/all-product-headers.yaml"]), Task(forTarget: <none>, ruleInfo: ["Gate", "target-TargetA-T-TargetA-44525--TAPISymbolExtractorTaskProducer"]), Task(forTarget: <none>, ruleInfo: ["Gate", "target-TargetA-T-TargetA-44525--TestTargetTaskProducer"]), Task(forTarget: <none>, ruleInfo: ["Gate", "target-TargetB-T-TargetB-44533--CopySwiftPackageResourcesTaskProducer"]), Task(forTarget: <none>, ruleInfo: ["Gate", "target-TargetB-T-TargetB-44533--AppIntentsMetadataTaskProducer"]), Task(forTarget: TargetA, ruleInfo: ["WriteAuxiliaryFile", "/private/var/folders/xr/m5_5rlsd6l9fk2w4ngj13k6m0000gn/T/swbuild.tmp.I9GXyx3j/Data.noindex/Test/aProject/build/aProject.build/Debug/TargetA.build/TargetA-all-target-headers.hmap"]), Task(forTarget: TargetB, ruleInfo: ["MkDir", "/private/var/folders/xr/m5_5rlsd6l9fk2w4ngj13k6m0000gn/T/swbuild.tmp.I9GXyx3j/Data.noindex/Test/aProject/build/Debug/TargetB.framework/Versions/A"]), Task(forTarget: <none>, ruleInfo: ["Gate", "target-TargetB-T-TargetB-44533--CustomTaskProducer"]), Task(forTarget: TargetB, ruleInfo: ["WriteAuxiliaryFile", "/private/var/folders/xr/m5_5rlsd6l9fk2w4ngj13k6m0000gn/T/swbuild.tmp.I9GXyx3j/Data.noindex/Test/aProject/build/aProject.build/Debug/TargetB.build/Objects-normal/arm64/TargetB.SwiftFileList"]), Task(forTarget: TargetB, ruleInfo: ["WriteAuxiliaryFile", "/private/var/folders/xr/m5_5rlsd6l9fk2w4ngj13k6m0000gn/T/swbuild.tmp.I9GXyx3j/Data.noindex/Test/aProject/build/aProject.build/Debug/TargetB.build/Objects-normal/arm64/TargetB-OutputFileMap.json"]), Task(forTarget: TargetA, ruleInfo: ["MkDir", "/private/var/folders/xr/m5_5rlsd6l9fk2w4ngj13k6m0000gn/T/swbuild.tmp.I9GXyx3j/Data.noindex/Test/aProject/build/Debug/TargetA.framework/Versions/A/Headers"]), Task(forTarget: <none>, ruleInfo: ["Gate", "target-TargetB-T-TargetB-44533--StubBinaryTaskProducer"]), Task(forTarget: <none>, ruleInfo: ["Gate", "target-TargetB-T-TargetB-44533--DocumentationTaskProducer"]), Task(forTarget: TargetA, ruleInfo: ["SwiftDriver", "TargetA", "normal", "arm64", "com.apple.xcode.tools.swift.compiler"]), Task(forTarget: <none>, ruleInfo: ["Gate", "target-TargetB-T-TargetB-44533--GenerateAppPlaygroundAssetCatalogTaskProducer"]), Task(forTarget: <none>, ruleInfo: ["Gate", "target-TargetA-T-TargetA-44525--Barrier-CodeSign"]), Task(forTarget: <none>, ruleInfo: ["Gate", "target-TargetA-T-TargetA-44525--AppExtensionInfoPlistGeneratorTaskProducer"]), Task(forTarget: TargetB, ruleInfo: ["Gate", "target-TargetB-T-TargetB-44533--entry"]), Task(forTarget: TargetB, ruleInfo: ["Gate", "target-TargetB-T-TargetB-44533--will-sign"]), Task(forTarget: <none>, ruleInfo: ["Gate", "target-TargetB-T-TargetB-44533--Barrier-CopyAside"]), Task(forTarget: <none>, ruleInfo: ["Gate", "target-TargetA-T-TargetA-44525--ProductStructureTaskProducer"]), Task(forTarget: TargetA, ruleInfo: ["Gate", "target-TargetA-T-TargetA-44525--begin-linking"]), Task(forTarget: TargetB, ruleInfo: ["Copy", "/private/var/folders/xr/m5_5rlsd6l9fk2w4ngj13k6m0000gn/T/swbuild.tmp.I9GXyx3j/Data.noindex/Test/aProject/build/Debug/TargetB.framework/Versions/A/Modules/TargetB.swiftmodule/arm64-apple-macos.swiftdoc", "/private/var/folders/xr/m5_5rlsd6l9fk2w4ngj13k6m0000gn/T/swbuild.tmp.I9GXyx3j/Data.noindex/Test/aProject/build/aProject.build/Debug/TargetB.build/Objects-normal/arm64/TargetB.swiftdoc"]), Task(forTarget: TargetB, ruleInfo: ["Copy", "/private/var/folders/xr/m5_5rlsd6l9fk2w4ngj13k6m0000gn/T/swbuild.tmp.I9GXyx3j/Data.noindex/Test/aProject/build/Debug/TargetB.framework/Versions/A/Modules/TargetB.swiftmodule/arm64-apple-macos.swiftmodule", "/private/var/folders/xr/m5_5rlsd6l9fk2w4ngj13k6m0000gn/T/swbuild.tmp.I9GXyx3j/Data.noindex/Test/aProject/build/aProject.build/Debug/TargetB.build/Objects-normal/arm64/TargetB.swiftmodule"]), Task(forTarget: TargetB, ruleInfo: ["SymLink", "/private/var/folders/xr/m5_5rlsd6l9fk2w4ngj13k6m0000gn/T/swbuild.tmp.I9GXyx3j/Data.noindex/Test/aProject/build/EagerLinkingTBDs/Debug/TargetB.framework/TargetB.tbd", "/private/var/folders/xr/m5_5rlsd6l9fk2w4ngj13k6m0000gn/T/swbuild.tmp.I9GXyx3j/Data.noindex/Test/aProject/build/EagerLinkingTBDs/Debug/TargetB.framework/Versions/A/TargetB.tbd"]), Task(forTarget: TargetA, ruleInfo: ["SwiftMergeGeneratedHeaders", "/private/var/folders/xr/m5_5rlsd6l9fk2w4ngj13k6m0000gn/T/swbuild.tmp.I9GXyx3j/Data.noindex/Test/aProject/build/Debug/TargetA.framework/Versions/A/Headers/TargetA-Swift.h", "/private/var/folders/xr/m5_5rlsd6l9fk2w4ngj13k6m0000gn/T/swbuild.tmp.I9GXyx3j/Data.noindex/Test/aProject/build/aProject.build/Debug/TargetA.build/Objects-normal/arm64/TargetA-Swift.h"]), Task(forTarget: <none>, ruleInfo: ["SwiftExplicitDependencyCompileModuleFromInterface", "arm64", "/private/var/folders/xr/m5_5rlsd6l9fk2w4ngj13k6m0000gn/T/swbuild.tmp.I9GXyx3j/Data.noindex/Test/aProject/build/SwiftExplicitPrecompiledModules/_Concurrency-CB34E6W1YOX6.swiftmodule"]), Task(forTarget: TargetA, ruleInfo: ["Gate", "target-TargetA-T-TargetA-44525--unsigned-product-ready"]), Task(forTarget: TargetA, ruleInfo: ["Gate", "target-TargetA-T-TargetA-44525--end"]), Task(forTarget: <none>, ruleInfo: ["Gate", "target-TargetA-T-TargetA-44525--ExtensionPointExtractorTaskProducer"]), Task(forTarget: TargetB, ruleInfo: ["Touch", "/private/var/folders/xr/m5_5rlsd6l9fk2w4ngj13k6m0000gn/T/swbuild.tmp.I9GXyx3j/Data.noindex/Test/aProject/build/Debug/TargetB.framework"]), Task(forTarget: TargetB, ruleInfo: ["Gate", "target-TargetB-T-TargetB-44533--linker-inputs-ready"]), Task(forTarget: TargetA, ruleInfo: ["WriteAuxiliaryFile", "/private/var/folders/xr/m5_5rlsd6l9fk2w4ngj13k6m0000gn/T/swbuild.tmp.I9GXyx3j/Data.noindex/Test/aProject/build/aProject.build/Debug/TargetA.build/Objects-normal/arm64/TargetA.SwiftFileList"]), Task(forTarget: TargetB, ruleInfo: ["WriteAuxiliaryFile", "/private/var/folders/xr/m5_5rlsd6l9fk2w4ngj13k6m0000gn/T/swbuild.tmp.I9GXyx3j/Data.noindex/Test/aProject/build/aProject.build/Debug/TargetB.build/TargetB-project-headers.hmap"]), Task(forTarget: <none>, ruleInfo: ["Gate", "target-TargetB-T-TargetB-44533--copy-headers-completion"]), Task(forTarget: <none>, ruleInfo: ["Gate", "target-TargetB-T-TargetB-44533--Barrier-Validate"]), Task(forTarget: TargetB, ruleInfo: ["Copy", "/private/var/folders/xr/m5_5rlsd6l9fk2w4ngj13k6m0000gn/T/swbuild.tmp.I9GXyx3j/Data.noindex/Test/aProject/build/Debug/TargetB.framework/Versions/A/Modules/TargetB.swiftmodule/arm64-apple-macos.abi.json", "/private/var/folders/xr/m5_5rlsd6l9fk2w4ngj13k6m0000gn/T/swbuild.tmp.I9GXyx3j/Data.noindex/Test/aProject/build/aProject.build/Debug/TargetB.build/Objects-normal/arm64/TargetB.abi.json"]), Task(forTarget: TargetA, ruleInfo: ["WriteAuxiliaryFile", "/private/var/folders/xr/m5_5rlsd6l9fk2w4ngj13k6m0000gn/T/swbuild.tmp.I9GXyx3j/Data.noindex/Test/aProject/build/aProject.build/Debug/TargetA.build/TargetA-own-target-headers.hmap"]), Task(forTarget: TargetB, ruleInfo: ["Gate", "target-TargetB-T-TargetB-44533--begin-scanning"]), Task(forTarget: TargetA, ruleInfo: ["WriteAuxiliaryFile", "/private/var/folders/xr/m5_5rlsd6l9fk2w4ngj13k6m0000gn/T/swbuild.tmp.I9GXyx3j/Data.noindex/Test/aProject/build/aProject.build/Debug/TargetA.build/TargetA.DependencyStaticMetadataFileList"]), Task(forTarget: <none>, ruleInfo: ["Gate", "target-TargetA-T-TargetA-44525--ModuleVerifierTaskProducer"]), Task(forTarget: TargetA, ruleInfo: ["SwiftCompile", "normal", "arm64", "Compiling fileA2.swift", "/private/var/folders/xr/m5_5rlsd6l9fk2w4ngj13k6m0000gn/T/swbuild.tmp.I9GXyx3j/Data.noindex/Test/aProject/Sources/fileA2.swift"]), Task(forTarget: TargetA, ruleInfo: ["Copy", "/private/var/folders/xr/m5_5rlsd6l9fk2w4ngj13k6m0000gn/T/swbuild.tmp.I9GXyx3j/Data.noindex/Test/aProject/build/Debug/TargetA.framework/Versions/A/Modules/TargetA.swiftmodule/arm64-apple-macos.swiftmodule", "/private/var/folders/xr/m5_5rlsd6l9fk2w4ngj13k6m0000gn/T/swbuild.tmp.I9GXyx3j/Data.noindex/Test/aProject/build/aProject.build/Debug/TargetA.build/Objects-normal/arm64/TargetA.swiftmodule"]), Task(forTarget: TargetA, ruleInfo: ["Gate", "target-TargetA-T-TargetA-44525--modules-ready"]), Task(forTarget: TargetB, ruleInfo: ["SwiftCompile", "normal", "arm64", "Compiling fileB1.swift", "/private/var/folders/xr/m5_5rlsd6l9fk2w4ngj13k6m0000gn/T/swbuild.tmp.I9GXyx3j/Data.noindex/Test/aProject/Sources/fileB1.swift"]), Task(forTarget: <none>, ruleInfo: ["Gate", "target-TargetB-T-TargetB-44533--Barrier-CodeSign"]), Task(forTarget: <none>, ruleInfo: ["Gate", "target-TargetB-T-TargetB-44533--generated-headers"]), Task(forTarget: <none>, ruleInfo: ["CreateBuildDirectory", "/private/var/folders/xr/m5_5rlsd6l9fk2w4ngj13k6m0000gn/T/swbuild.tmp.I9GXyx3j/Data.noindex/Test/aProject/build/SwiftExplicitPrecompiledModules"]), Task(forTarget: <none>, ruleInfo: ["Gate", "target-TargetA-T-TargetA-44525--SanitizerTaskProducer"]), Task(forTarget: TargetA, ruleInfo: ["SwiftDriver Compilation Requirements", "TargetA", "normal", "arm64", "com.apple.xcode.tools.swift.compiler"]), Task(forTarget: <none>, ruleInfo: ["CreateBuildDirectory", "/var/folders/xr/m5_5rlsd6l9fk2w4ngj13k6m0000gn/C/com.apple.DeveloperTools/26.4.1-17E202/Xcode/CompilationCache.noindex"]), Task(forTarget: <none>, ruleInfo: ["Gate", "target-TargetA-T-TargetA-44525--AppIntentsMetadataTaskProducer"]), Task(forTarget: TargetB, ruleInfo: ["SymLink", "/private/var/folders/xr/m5_5rlsd6l9fk2w4ngj13k6m0000gn/T/swbuild.tmp.I9GXyx3j/Data.noindex/Test/aProject/build/Debug/TargetB.framework/Versions/Current", "A"]), Task(forTarget: TargetA, ruleInfo: ["Copy", "/private/var/folders/xr/m5_5rlsd6l9fk2w4ngj13k6m0000gn/T/swbuild.tmp.I9GXyx3j/Data.noindex/Test/aProject/build/Debug/TargetA.framework/Versions/A/Modules/TargetA.swiftmodule/arm64-apple-macos.swiftdoc", "/private/var/folders/xr/m5_5rlsd6l9fk2w4ngj13k6m0000gn/T/swbuild.tmp.I9GXyx3j/Data.noindex/Test/aProject/build/aProject.build/Debug/TargetA.build/Objects-normal/arm64/TargetA.swiftdoc"]), Task(forTarget: TargetA, ruleInfo: ["RegisterExecutionPolicyException", "/private/var/folders/xr/m5_5rlsd6l9fk2w4ngj13k6m0000gn/T/swbuild.tmp.I9GXyx3j/Data.noindex/Test/aProject/build/Debug/TargetA.framework"]), Task(forTarget: <none>, ruleInfo: ["Gate", "target-TargetA-T-TargetA-44525--SwiftPackageCopyFilesTaskProducer"]), Task(forTarget: TargetA, ruleInfo: ["Copy", "/private/var/folders/xr/m5_5rlsd6l9fk2w4ngj13k6m0000gn/T/swbuild.tmp.I9GXyx3j/Data.noindex/Test/aProject/build/Debug/TargetA.framework/Versions/A/Modules/TargetA.swiftmodule/arm64-apple-macos.abi.json", "/private/var/folders/xr/m5_5rlsd6l9fk2w4ngj13k6m0000gn/T/swbuild.tmp.I9GXyx3j/Data.noindex/Test/aProject/build/aProject.build/Debug/TargetA.build/Objects-normal/arm64/TargetA.abi.json"]), Task(forTarget: TargetB, ruleInfo: ["SwiftEmitModule", "normal", "arm64", "Emitting module for TargetB"]), Task(forTarget: TargetA, ruleInfo: ["Touch", "/private/var/folders/xr/m5_5rlsd6l9fk2w4ngj13k6m0000gn/T/swbuild.tmp.I9GXyx3j/Data.noindex/Test/aProject/build/Debug/TargetA.framework"]), Task(forTarget: TargetA, ruleInfo: ["Gate", "target-TargetA-T-TargetA-44525--linker-inputs-ready"]), Task(forTarget: <none>, ruleInfo: ["Gate", "target-TargetB-T-TargetB-44533--ProductStructureTaskProducer"]), Task(forTarget: TargetB, ruleInfo: ["SwiftDriver Compilation", "TargetB", "normal", "arm64", "com.apple.xcode.tools.swift.compiler"]), Task(forTarget: <none>, ruleInfo: ["Gate", "target-TargetB-T-TargetB-44533--Barrier-RegisterExecutionPolicyException"]), Task(forTarget: TargetA, ruleInfo: ["WriteAuxiliaryFile", "/private/var/folders/xr/m5_5rlsd6l9fk2w4ngj13k6m0000gn/T/swbuild.tmp.I9GXyx3j/Data.noindex/Test/aProject/build/aProject.build/Debug/TargetA.build/Objects-normal/arm64/TargetA-OutputFileMap.json"]), Task(forTarget: <none>, ruleInfo: ["Gate", "target-TargetA-T-TargetA-44525--HeadermapTaskProducer"]), Task(forTarget: TargetB, ruleInfo: ["WriteAuxiliaryFile", "/private/var/folders/xr/m5_5rlsd6l9fk2w4ngj13k6m0000gn/T/swbuild.tmp.I9GXyx3j/Data.noindex/Test/aProject/build/aProject.build/Debug/TargetB.build/TargetB.DependencyStaticMetadataFileList"]), Task(forTarget: TargetA, ruleInfo: ["Gate", "target-TargetA-T-TargetA-44525--begin-compiling"]), Task(forTarget: <none>, ruleInfo: ["Gate", "target-TargetA-T-TargetA-44525--GeneratedFilesTaskProducer"]), Task(forTarget: <none>, ruleInfo: ["Gate", "target-TargetA-T-TargetA-44525--DocumentationTaskProducer"]), Task(forTarget: <none>, ruleInfo: ["Gate", "target-TargetB-T-TargetB-44533--InfoPlistTaskProducer"]), Task(forTarget: <none>, ruleInfo: ["Gate", "target-TargetA-T-TargetA-44525--SwiftFrameworkABICheckerTaskProducer"]), Task(forTarget: TargetB, ruleInfo: ["Gate", "target-TargetB-T-TargetB-44533--end"]), Task(forTarget: TargetA, ruleInfo: ["MkDir", "/private/var/folders/xr/m5_5rlsd6l9fk2w4ngj13k6m0000gn/T/swbuild.tmp.I9GXyx3j/Data.noindex/Test/aProject/build/Debug/TargetA.framework/Versions/A"]), Task(forTarget: <none>, ruleInfo: ["Gate", "target-TargetB-T-TargetB-44533--fused-phase0-compile-sources&link-binary"]), Task(forTarget: <none>, ruleInfo: ["Gate", "target-TargetB-T-TargetB-44533--SwiftStandardLibrariesTaskProducer"]), Task(forTarget: <none>, ruleInfo: ["Gate", "target-TargetB-T-TargetB-44533--SwiftABIBaselineGenerationTaskProducer"]), Task(forTarget: <none>, ruleInfo: ["Gate", "target-TargetA-T-TargetA-44525--TestTargetPostprocessingTaskProducer"]), Task(forTarget: <none>, ruleInfo: ["Gate", "target-TargetA-T-TargetA-44525--ProductPostprocessingTaskProducer"]), Task(forTarget: <none>, ruleInfo: ["Gate", "target-TargetB-T-TargetB-44533--RealityAssetsTaskProducer"]), Task(forTarget: TargetA, ruleInfo: ["Copy", "/private/var/folders/xr/m5_5rlsd6l9fk2w4ngj13k6m0000gn/T/swbuild.tmp.I9GXyx3j/Data.noindex/Test/aProject/build/Debug/TargetA.framework/Versions/A/Modules/TargetA.swiftmodule/Project/arm64-apple-macos.swiftsourceinfo", "/private/var/folders/xr/m5_5rlsd6l9fk2w4ngj13k6m0000gn/T/swbuild.tmp.I9GXyx3j/Data.noindex/Test/aProject/build/aProject.build/Debug/TargetA.build/Objects-normal/arm64/TargetA.swiftsourceinfo"]), Task(forTarget: TargetB, ruleInfo: ["Copy", "/private/var/folders/xr/m5_5rlsd6l9fk2w4ngj13k6m0000gn/T/swbuild.tmp.I9GXyx3j/Data.noindex/Test/aProject/build/Debug/TargetB.framework/Versions/A/Modules/TargetB.swiftmodule/Project/arm64-apple-macos.swiftsourceinfo", "/private/var/folders/xr/m5_5rlsd6l9fk2w4ngj13k6m0000gn/T/swbuild.tmp.I9GXyx3j/Data.noindex/Test/aProject/build/aProject.build/Debug/TargetB.build/Objects-normal/arm64/TargetB.swiftsourceinfo"]), Task(forTarget: TargetB, ruleInfo: ["WriteAuxiliaryFile", "/private/var/folders/xr/m5_5rlsd6l9fk2w4ngj13k6m0000gn/T/swbuild.tmp.I9GXyx3j/Data.noindex/Test/aProject/build/aProject.build/Debug/TargetB.build/TargetB-all-non-framework-target-headers.hmap"]), Task(forTarget: <none>, ruleInfo: ["Gate", "target-TargetB-T-TargetB-44533--Barrier-GenerateStubAPI"]), Task(forTarget: TargetB, ruleInfo: ["RegisterExecutionPolicyException", "/private/var/folders/xr/m5_5rlsd6l9fk2w4ngj13k6m0000gn/T/swbuild.tmp.I9GXyx3j/Data.noindex/Test/aProject/build/Debug/TargetB.framework"]), Task(forTarget: TargetA, ruleInfo: ["SwiftEmitModule", "normal", "arm64", "Emitting module for TargetA"]), Task(forTarget: <none>, ruleInfo: ["SwiftExplicitDependencyCompileModuleFromInterface", "arm64", "/private/var/folders/xr/m5_5rlsd6l9fk2w4ngj13k6m0000gn/T/swbuild.tmp.I9GXyx3j/Data.noindex/Test/aProject/build/SwiftExplicitPrecompiledModules/_StringProcessing-1O0ZQ2K74RYD5.swiftmodule"]), Task(forTarget: TargetB, ruleInfo: ["Gate", "target-TargetB-T-TargetB-44533--begin-linking"]), Task(forTarget: TargetB, ruleInfo: ["Gate", "target-TargetB-T-TargetB-44533--unsigned-product-ready"]), Task(forTarget: TargetB, ruleInfo: ["MkDir", "/private/var/folders/xr/m5_5rlsd6l9fk2w4ngj13k6m0000gn/T/swbuild.tmp.I9GXyx3j/Data.noindex/Test/aProject/build/Debug/TargetB.framework"]), Task(forTarget: <none>, ruleInfo: ["Gate", "target-TargetB-T-TargetB-44533--ExtensionPointExtractorTaskProducer"]), Task(forTarget: TargetA, ruleInfo: ["WriteAuxiliaryFile", "/private/var/folders/xr/m5_5rlsd6l9fk2w4ngj13k6m0000gn/T/swbuild.tmp.I9GXyx3j/Data.noindex/Test/aProject/build/aProject.build/Debug/TargetA.build/Objects-normal/arm64/TargetA_const_extract_protocols.json"]), Task(forTarget: <none>, ruleInfo: ["Gate", "target-TargetA-T-TargetA-44525--CustomTaskProducer"]), Task(forTarget: <none>, ruleInfo: ["ClangStatCache", "/Applications/Xcode17E.app/Contents/Developer/Toolchains/XcodeDefault.xctoolchain/usr/bin/clang-stat-cache", "/Applications/Xcode17E.app/Contents/Developer/Platforms/MacOSX.platform/Developer/SDKs/MacOSX26.4.sdk", "/private/var/folders/xr/m5_5rlsd6l9fk2w4ngj13k6m0000gn/T/swbuild.tmp.I9GXyx3j/Data.noindex/Test/SDKStatCaches.noindex/macosx26.4-25E260-95aa6cf8f3effd57bda17e0c125410c0.sdkstatcache"]), Task(forTarget: <none>, ruleInfo: ["Gate", "target-TargetB-T-TargetB-44533--TestEntryPointTaskProducerFactory"]), Task(forTarget: TargetA, ruleInfo: ["Gate", "target-TargetA-T-TargetA-44525--immediate"]), Task(forTarget: <none>, ruleInfo: ["CreateBuildDirectory", "/private/var/folders/xr/m5_5rlsd6l9fk2w4ngj13k6m0000gn/T/swbuild.tmp.I9GXyx3j/Data.noindex/Test/aProject/build/Debug"]), Task(forTarget: TargetA, ruleInfo: ["Gate", "target-TargetA-T-TargetA-44525--entry"]), Task(forTarget: <none>, ruleInfo: ["Gate", "target-TargetA-T-TargetA-44525--SwiftStandardLibrariesTaskProducer"]), Task(forTarget: <none>, ruleInfo: ["Gate", "target-TargetA-T-TargetA-44525--TestEntryPointTaskProducerFactory"]), Task(forTarget: TargetA, ruleInfo: ["WriteAuxiliaryFile", "/private/var/folders/xr/m5_5rlsd6l9fk2w4ngj13k6m0000gn/T/swbuild.tmp.I9GXyx3j/Data.noindex/Test/aProject/build/aProject.build/Debug/TargetA.build/TargetA-project-headers.hmap"]), Task(forTarget: <none>, ruleInfo: ["Gate", "target-TargetA-T-TargetA-44525--Barrier-GenerateStubAPI"]), Task(forTarget: TargetA, ruleInfo: ["MkDir", "/private/var/folders/xr/m5_5rlsd6l9fk2w4ngj13k6m0000gn/T/swbuild.tmp.I9GXyx3j/Data.noindex/Test/aProject/build/Debug/TargetA.framework"]), Task(forTarget: TargetB, ruleInfo: ["WriteAuxiliaryFile", "/private/var/folders/xr/m5_5rlsd6l9fk2w4ngj13k6m0000gn/T/swbuild.tmp.I9GXyx3j/Data.noindex/Test/aProject/build/aProject.build/Debug/TargetB.build/TargetB-generated-files.hmap"]), Task(forTarget: TargetB, ruleInfo: ["WriteAuxiliaryFile", "/private/var/folders/xr/m5_5rlsd6l9fk2w4ngj13k6m0000gn/T/swbuild.tmp.I9GXyx3j/Data.noindex/Test/aProject/build/aProject.build/Debug/TargetB.build/Objects-normal/arm64/TargetB_const_extract_protocols.json"]), Task(forTarget: TargetB, ruleInfo: ["MkDir", "/private/var/folders/xr/m5_5rlsd6l9fk2w4ngj13k6m0000gn/T/swbuild.tmp.I9GXyx3j/Data.noindex/Test/aProject/build/Debug/TargetB.framework/Versions"]), Task(forTarget: <none>, ruleInfo: ["Gate", "target-TargetA-T-TargetA-44525--CopySwiftPackageResourcesTaskProducer"]), Task(forTarget: <none>, ruleInfo: ["Gate", "target-TargetA-T-TargetA-44525--Barrier-ChangeAlternatePermissions"]), Task(forTarget: TargetA, ruleInfo: ["SymLink", "/private/var/folders/xr/m5_5rlsd6l9fk2w4ngj13k6m0000gn/T/swbuild.tmp.I9GXyx3j/Data.noindex/Test/aProject/build/EagerLinkingTBDs/Debug/TargetA.framework/TargetA.tbd", "/private/var/folders/xr/m5_5rlsd6l9fk2w4ngj13k6m0000gn/T/swbuild.tmp.I9GXyx3j/Data.noindex/Test/aProject/build/EagerLinkingTBDs/Debug/TargetA.framework/Versions/A/TargetA.tbd"]), Task(forTarget: <none>, ruleInfo: ["Gate", "target-TargetA-T-TargetA-44525--Barrier-RegisterExecutionPolicyException"]), Task(forTarget: <none>, ruleInfo: ["Gate", "target-TargetB-T-TargetB-44533--SwiftPackageCopyFilesTaskProducer"]), Task(forTarget: TargetA, ruleInfo: ["SwiftCompile", "normal", "arm64", "Compiling fileA1.swift", "/private/var/folders/xr/m5_5rlsd6l9fk2w4ngj13k6m0000gn/T/swbuild.tmp.I9GXyx3j/Data.noindex/Test/aProject/Sources/fileA1.swift"]), Task(forTarget: <none>, ruleInfo: ["Gate", "target-TargetB-T-TargetB-44533--Barrier-StripSymbols"]), Task(forTarget: TargetA, ruleInfo: ["WriteAuxiliaryFile", "/private/var/folders/xr/m5_5rlsd6l9fk2w4ngj13k6m0000gn/T/swbuild.tmp.I9GXyx3j/Data.noindex/Test/aProject/build/aProject.build/Debug/TargetA.build/TargetA-all-non-framework-target-headers.hmap"]), Task(forTarget: <none>, ruleInfo: ["Gate", "target-TargetB-T-TargetB-44533--SanitizerTaskProducer"]), Task(forTarget: <none>, ruleInfo: ["Gate", "target-TargetB-T-TargetB-44533--swift-generated-headers"]), Task(forTarget: <none>, ruleInfo: ["Gate", "target-TargetB-T-TargetB-44533--Barrier-RegisterProduct"]), Task(forTarget: <none>, ruleInfo: ["Gate", "target-TargetB-T-TargetB-44533--GeneratedFilesTaskProducer"]), Task(forTarget: <none>, ruleInfo: ["Gate", "target-TargetA-T-TargetA-44525--Barrier-StripSymbols"]), Task(forTarget: TargetB, ruleInfo: ["GenerateTAPI", "/private/var/folders/xr/m5_5rlsd6l9fk2w4ngj13k6m0000gn/T/swbuild.tmp.I9GXyx3j/Data.noindex/Test/aProject/build/EagerLinkingTBDs/Debug/TargetB.framework/Versions/A/TargetB.tbd"]), Task(forTarget: <none>, ruleInfo: ["Gate", "target-TargetA-T-TargetA-44525--GenerateAppPlaygroundAssetCatalogTaskProducer"]), Task(forTarget: <none>, ruleInfo: ["Gate", "target-TargetA-T-TargetA-44525--Barrier-ChangePermissions"]), Task(forTarget: TargetA, ruleInfo: ["WriteAuxiliaryFile", "/private/var/folders/xr/m5_5rlsd6l9fk2w4ngj13k6m0000gn/T/swbuild.tmp.I9GXyx3j/Data.noindex/Test/aProject/build/aProject.build/Debug/TargetA.build/Objects-normal/arm64/TargetA.SwiftConstValuesFileList"]), Task(forTarget: TargetA, ruleInfo: ["MkDir", "/private/var/folders/xr/m5_5rlsd6l9fk2w4ngj13k6m0000gn/T/swbuild.tmp.I9GXyx3j/Data.noindex/Test/aProject/build/Debug/TargetA.framework/Versions"]), Task(forTarget: <none>, ruleInfo: ["Gate", "target-TargetA-T-TargetA-44525--StubBinaryTaskProducer"]), Task(forTarget: <none>, ruleInfo: ["Gate", "target-TargetB-T-TargetB-44533--ProductPostprocessingTaskProducer"]), Task(forTarget: TargetA, ruleInfo: ["WriteAuxiliaryFile", "/private/var/folders/xr/m5_5rlsd6l9fk2w4ngj13k6m0000gn/T/swbuild.tmp.I9GXyx3j/Data.noindex/Test/aProject/build/aProject.build/Debug/TargetA.build/Objects-normal/arm64/TargetA.LinkFileList"]), Task(forTarget: <none>, ruleInfo: ["Gate", "target-TargetA-T-TargetA-44525--ModuleMapTaskProducer"]), Task(forTarget: TargetA, ruleInfo: ["ExtractAppIntentsMetadata"]), Task(forTarget: TargetB, ruleInfo: ["WriteAuxiliaryFile", "/private/var/folders/xr/m5_5rlsd6l9fk2w4ngj13k6m0000gn/T/swbuild.tmp.I9GXyx3j/Data.noindex/Test/aProject/build/aProject.build/Debug/TargetB.build/TargetB.hmap"]), Task(forTarget: TargetA, ruleInfo: ["SymLink", "/private/var/folders/xr/m5_5rlsd6l9fk2w4ngj13k6m0000gn/T/swbuild.tmp.I9GXyx3j/Data.noindex/Test/aProject/build/Debug/TargetA.framework/TargetA", "Versions/Current/TargetA"]), Task(forTarget: TargetB, ruleInfo: ["MkDir", "/private/var/folders/xr/m5_5rlsd6l9fk2w4ngj13k6m0000gn/T/swbuild.tmp.I9GXyx3j/Data.noindex/Test/aProject/build/Debug/TargetB.framework/Versions/A/Headers"]), Task(forTarget: <none>, ruleInfo: ["CreateBuildDirectory", "/private/var/folders/xr/m5_5rlsd6l9fk2w4ngj13k6m0000gn/T/swbuild.tmp.I9GXyx3j/Data.noindex/Test/aProject/build/ExplicitPrecompiledModules"]), Task(forTarget: <none>, ruleInfo: ["Gate", "target-TargetA-T-TargetA-44525--RealityAssetsTaskProducer"]), Task(forTarget: <none>, ruleInfo: ["Gate", "target-TargetA-T-TargetA-44525--TestHostTaskProducer"]), Task(forTarget: TargetA, ruleInfo: ["Gate", "target-TargetA-T-TargetA-44525--will-sign"]), Task(forTarget: <none>, ruleInfo: ["CreateBuildDirectory", "/private/var/folders/xr/m5_5rlsd6l9fk2w4ngj13k6m0000gn/T/swbuild.tmp.I9GXyx3j/Data.noindex/Test/aProject/build/SharedPrecompiledHeaders"]), Task(forTarget: TargetA, ruleInfo: ["WriteAuxiliaryFile", "/private/var/folders/xr/m5_5rlsd6l9fk2w4ngj13k6m0000gn/T/swbuild.tmp.I9GXyx3j/Data.noindex/Test/aProject/build/aProject.build/Debug/TargetA.build/TargetA.hmap"]), Task(forTarget: TargetA, ruleInfo: ["SymLink", "/private/var/folders/xr/m5_5rlsd6l9fk2w4ngj13k6m0000gn/T/swbuild.tmp.I9GXyx3j/Data.noindex/Test/aProject/build/Debug/TargetA.framework/Modules", "Versions/Current/Modules"]), Task(forTarget: <none>, ruleInfo: ["Gate", "target-TargetA-T-TargetA-44525--copy-headers-completion"]), Task(forTarget: <none>, ruleInfo: ["Gate", "target-TargetA-T-TargetA-44525--fused-phase0-compile-sources"]), Task(forTarget: <none>, ruleInfo: ["Gate", "WorkspaceHeaderMapVFSFilesWritten"]), Task(forTarget: TargetB, ruleInfo: ["SymLink", "/private/var/folders/xr/m5_5rlsd6l9fk2w4ngj13k6m0000gn/T/swbuild.tmp.I9GXyx3j/Data.noindex/Test/aProject/build/Debug/TargetB.framework/Headers", "Versions/Current/Headers"]), Task(forTarget: TargetB, ruleInfo: ["SwiftDriver Compilation Requirements", "TargetB", "normal", "arm64", "com.apple.xcode.tools.swift.compiler"]), Task(forTarget: <none>, ruleInfo: ["Gate", "target-TargetA-T-TargetA-44525--Barrier-RegisterProduct"]), Task(forTarget: TargetB, ruleInfo: ["Gate", "target-TargetB-T-TargetB-44533--modules-ready"]), Task(forTarget: <none>, ruleInfo: ["CreateBuildDirectory", "/private/var/folders/xr/m5_5rlsd6l9fk2w4ngj13k6m0000gn/T/swbuild.tmp.I9GXyx3j/Data.noindex/Test/aProject/build/EagerLinkingTBDs/Debug"]), Task(forTarget: TargetB, ruleInfo: ["WriteAuxiliaryFile", "/private/var/folders/xr/m5_5rlsd6l9fk2w4ngj13k6m0000gn/T/swbuild.tmp.I9GXyx3j/Data.noindex/Test/aProject/build/aProject.build/Debug/TargetB.build/TargetB-all-target-headers.hmap"]), Task(forTarget: <none>, ruleInfo: ["Gate", "target-TargetB-T-TargetB-44533--ModuleVerifierTaskProducer"]), Task(forTarget: TargetA, ruleInfo: ["Gate", "target-TargetA-T-TargetA-44525--begin-scanning"]), Task(forTarget: TargetB, ruleInfo: ["Gate", "target-TargetB-T-TargetB-44533--immediate"]), Task(forTarget: TargetA, ruleInfo: ["GenerateTAPI", "/private/var/folders/xr/m5_5rlsd6l9fk2w4ngj13k6m0000gn/T/swbuild.tmp.I9GXyx3j/Data.noindex/Test/aProject/build/EagerLinkingTBDs/Debug/TargetA.framework/Versions/A/TargetA.tbd"]), Task(forTarget: TargetB, ruleInfo: ["SymLink", "/private/var/folders/xr/m5_5rlsd6l9fk2w4ngj13k6m0000gn/T/swbuild.tmp.I9GXyx3j/Data.noindex/Test/aProject/build/Debug/TargetB.framework/TargetB", "Versions/Current/TargetB"]), Task(forTarget: TargetB, ruleInfo: ["SwiftCompile", "normal", "arm64", "Compiling fileB2.swift", "/private/var/folders/xr/m5_5rlsd6l9fk2w4ngj13k6m0000gn/T/swbuild.tmp.I9GXyx3j/Data.noindex/Test/aProject/Sources/fileB2.swift"])]
↳ Occasionally fails in CI due to SwiftExplicitDependencyCompileModuleFromInterface missing from the dependency graph
━ Test swiftEagerCompilationWithExplicitModules() recorded a known issue at SwiftDriverTests.swift:3587:55: Issue recorded
↳ Task Task(forTarget: TargetB, ruleInfo: ["SwiftCompile", "normal", "arm64", "Compiling fileB2.swift", "/private/var/folders/xr/m5_5rlsd6l9fk2w4ngj13k6m0000gn/T/swbuild.tmp.I9GXyx3j/Data.noindex/Test/aProject/Sources/fileB2.swift"]) does not follow any tasks matching [Rule matches [SWBTestSupport.StringPattern.equal("SwiftExplicitDependencyCompileModuleFromInterface"), SWBTestSupport.StringPattern.equal("normal"), SWBTestSupport.StringPattern.equal("arm64"), SWBTestSupport.StringPattern.contains("_Concurrency-")]]. Found: [] in [Task(forTarget: <none>, ruleInfo: ["Gate", "target-TargetA-T-TargetA-44525--Barrier-CopyAside"]), Task(forTarget: <none>, ruleInfo: ["Gate", "target-TargetA-T-TargetA-44525--InfoPlistTaskProducer"]), Task(forTarget: <none>, ruleInfo: ["Gate", "target-TargetB-T-TargetB-44533--Barrier-ChangeAlternatePermissions"]), Task(forTarget: <none>, ruleInfo: ["Gate", "target-TargetA-T-TargetA-44525--swift-generated-headers"]), Task(forTarget: TargetB, ruleInfo: ["ExtractAppIntentsMetadata"]), Task(forTarget: TargetB, ruleInfo: ["SwiftDriver", "TargetB", "normal", "arm64", "com.apple.xcode.tools.swift.compiler"]), Task(forTarget: TargetB, ruleInfo: ["WriteAuxiliaryFile", "/private/var/folders/xr/m5_5rlsd6l9fk2w4ngj13k6m0000gn/T/swbuild.tmp.I9GXyx3j/Data.noindex/Test/aProject/build/aProject.build/Debug/TargetB.build/TargetB-own-target-headers.hmap"]), Task(forTarget: TargetA, ruleInfo: ["WriteAuxiliaryFile", "/private/var/folders/xr/m5_5rlsd6l9fk2w4ngj13k6m0000gn/T/swbuild.tmp.I9GXyx3j/Data.noindex/Test/aProject/build/aProject.build/Debug/TargetA.build/TargetA-generated-files.hmap"]), Task(forTarget: TargetA, ruleInfo: ["SwiftDriver Compilation", "TargetA", "normal", "arm64", "com.apple.xcode.tools.swift.compiler"]), Task(forTarget: TargetA, ruleInfo: ["Ld", "/private/var/folders/xr/m5_5rlsd6l9fk2w4ngj13k6m0000gn/T/swbuild.tmp.I9GXyx3j/Data.noindex/Test/aProject/build/Debug/TargetA.framework/Versions/A/TargetA", "normal"]), Task(forTarget: <none>, ruleInfo: ["SwiftExplicitDependencyCompileModuleFromInterface", "arm64", "/private/var/folders/xr/m5_5rlsd6l9fk2w4ngj13k6m0000gn/T/swbuild.tmp.I9GXyx3j/Data.noindex/Test/aProject/build/SwiftExplicitPrecompiledModules/Swift-NBB0GQDQYZZH.swiftmodule"]), Task(forTarget: TargetB, ruleInfo: ["SwiftMergeGeneratedHeaders", "/private/var/folders/xr/m5_5rlsd6l9fk2w4ngj13k6m0000gn/T/swbuild.tmp.I9GXyx3j/Data.noindex/Test/aProject/build/Debug/TargetB.framework/Versions/A/Headers/TargetB-Swift.h", "/private/var/folders/xr/m5_5rlsd6l9fk2w4ngj13k6m0000gn/T/swbuild.tmp.I9GXyx3j/Data.noindex/Test/aProject/build/aProject.build/Debug/TargetB.build/Objects-normal/arm64/TargetB-Swift.h"]), Task(forTarget: <none>, ruleInfo: ["Gate", "target-TargetB-T-TargetB-44533--TestHostTaskProducer"]), Task(forTarget: TargetB, ruleInfo: ["WriteAuxiliaryFile", "/private/var/folders/xr/m5_5rlsd6l9fk2w4ngj13k6m0000gn/T/swbuild.tmp.I9GXyx3j/Data.noindex/Test/aProject/build/aProject.build/Debug/TargetB.build/Objects-normal/arm64/TargetB.SwiftConstValuesFileList"]), Task(forTarget: <none>, ruleInfo: ["Gate", "target-TargetB-T-TargetB-44533--ModuleMapTaskProducer"]), Task(forTarget: <none>, ruleInfo: ["Gate", "target-TargetB-T-TargetB-44533--SwiftFrameworkABICheckerTaskProducer"]), Task(forTarget: <none>, ruleInfo: ["Gate", "target-TargetB-T-TargetB-44533--Barrier-ChangePermissions"]), Task(forTarget: TargetB, ruleInfo: ["Gate", "target-TargetB-T-TargetB-44533--begin-compiling"]), Task(forTarget: <none>, ruleInfo: ["Gate", "target-TargetB-T-TargetB-44533--TestTargetTaskProducer"]), Task(forTarget: <none>, ruleInfo: ["Gate", "target-TargetB-T-TargetB-44533--TAPISymbolExtractorTaskProducer"]), Task(forTarget: <none>, ruleInfo: ["Gate", "target-TargetB-T-TargetB-44533--HeadermapTaskProducer"]), Task(forTarget: TargetB, ruleInfo: ["Ld", "/private/var/folders/xr/m5_5rlsd6l9fk2w4ngj13k6m0000gn/T/swbuild.tmp.I9GXyx3j/Data.noindex/Test/aProject/build/Debug/TargetB.framework/Versions/A/TargetB", "normal"]), Task(forTarget: TargetB, ruleInfo: ["WriteAuxiliaryFile", "/private/var/folders/xr/m5_5rlsd6l9fk2w4ngj13k6m0000gn/T/swbuild.tmp.I9GXyx3j/Data.noindex/Test/aProject/build/aProject.build/Debug/TargetB.build/Objects-normal/arm64/TargetB.LinkFileList"]), Task(forTarget: <none>, ruleInfo: ["Gate", "target-TargetB-T-TargetB-44533--TestTargetPostprocessingTaskProducer"]), Task(forTarget: <none>, ruleInfo: ["SwiftExplicitDependencyGeneratePcm", "arm64", "/private/var/folders/xr/m5_5rlsd6l9fk2w4ngj13k6m0000gn/T/swbuild.tmp.I9GXyx3j/Data.noindex/Test/aProject/build/SwiftExplicitPrecompiledModules/_SwiftConcurrencyShims-AIZW70LS1W2L0PXECXLASUUHS.pcm"]), Task(forTarget: TargetA, ruleInfo: ["SymLink", "/private/var/folders/xr/m5_5rlsd6l9fk2w4ngj13k6m0000gn/T/swbuild.tmp.I9GXyx3j/Data.noindex/Test/aProject/build/Debug/TargetA.framework/Versions/Current", "A"]), Task(forTarget: <none>, ruleInfo: ["CreateBuildDirectory", "/private/var/folders/xr/m5_5rlsd6l9fk2w4ngj13k6m0000gn/T/swbuild.tmp.I9GXyx3j/Data.noindex/Test/aProject/build"]), Task(forTarget: TargetB, ruleInfo: ["WriteAuxiliaryFile", "/private/var/folders/xr/m5_5rlsd6l9fk2w4ngj13k6m0000gn/T/swbuild.tmp.I9GXyx3j/Data.noindex/Test/aProject/build/aProject.build/Debug/TargetB.build/TargetB.DependencyMetadataFileList"]), Task(forTarget: TargetA, ruleInfo: ["WriteAuxiliaryFile", "/private/var/folders/xr/m5_5rlsd6l9fk2w4ngj13k6m0000gn/T/swbuild.tmp.I9GXyx3j/Data.noindex/Test/aProject/build/aProject.build/Debug/TargetA.build/TargetA.DependencyMetadataFileList"]), Task(forTarget: <none>, ruleInfo: ["Gate", "target-TargetB-T-TargetB-44533--AppExtensionInfoPlistGeneratorTaskProducer"]), Task(forTarget: <none>, ruleInfo: ["Gate", "target-TargetA-T-TargetA-44525--SwiftABIBaselineGenerationTaskProducer"]), Task(forTarget: <none>, ruleInfo: ["Gate", "target-TargetA-T-TargetA-44525--Barrier-Validate"]), Task(forTarget: <none>, ruleInfo: ["SwiftExplicitDependencyGeneratePcm", "arm64", "/private/var/folders/xr/m5_5rlsd6l9fk2w4ngj13k6m0000gn/T/swbuild.tmp.I9GXyx3j/Data.noindex/Test/aProject/build/SwiftExplicitPrecompiledModules/SwiftShims-1XRNFTFX3SVGVJQLDAOI208RW.pcm"]), Task(forTarget: TargetA, ruleInfo: ["SymLink", "/private/var/folders/xr/m5_5rlsd6l9fk2w4ngj13k6m0000gn/T/swbuild.tmp.I9GXyx3j/Data.noindex/Test/aProject/build/Debug/TargetA.framework/Headers", "Versions/Current/Headers"]), Task(forTarget: <none>, ruleInfo: ["Gate", "target-TargetA-T-TargetA-44525--generated-headers"]), Task(forTarget: TargetB, ruleInfo: ["SymLink", "/private/var/folders/xr/m5_5rlsd6l9fk2w4ngj13k6m0000gn/T/swbuild.tmp.I9GXyx3j/Data.noindex/Test/aProject/build/Debug/TargetB.framework/Modules", "Versions/Current/Modules"]), Task(forTarget: <none>, ruleInfo: ["WriteAuxiliaryFile", "/private/var/folders/xr/m5_5rlsd6l9fk2w4ngj13k6m0000gn/T/swbuild.tmp.I9GXyx3j/Data.noindex/Test/aProject/build/aProject.build/Debug/aProject-P44536-VFS/all-product-headers.yaml"]), Task(forTarget: <none>, ruleInfo: ["Gate", "target-TargetA-T-TargetA-44525--TAPISymbolExtractorTaskProducer"]), Task(forTarget: <none>, ruleInfo: ["Gate", "target-TargetA-T-TargetA-44525--TestTargetTaskProducer"]), Task(forTarget: <none>, ruleInfo: ["Gate", "target-TargetB-T-TargetB-44533--CopySwiftPackageResourcesTaskProducer"]), Task(forTarget: <none>, ruleInfo: ["Gate", "target-TargetB-T-TargetB-44533--AppIntentsMetadataTaskProducer"]), Task(forTarget: TargetA, ruleInfo: ["WriteAuxiliaryFile", "/private/var/folders/xr/m5_5rlsd6l9fk2w4ngj13k6m0000gn/T/swbuild.tmp.I9GXyx3j/Data.noindex/Test/aProject/build/aProject.build/Debug/TargetA.build/TargetA-all-target-headers.hmap"]), Task(forTarget: TargetB, ruleInfo: ["MkDir", "/private/var/folders/xr/m5_5rlsd6l9fk2w4ngj13k6m0000gn/T/swbuild.tmp.I9GXyx3j/Data.noindex/Test/aProject/build/Debug/TargetB.framework/Versions/A"]), Task(forTarget: <none>, ruleInfo: ["Gate", "target-TargetB-T-TargetB-44533--CustomTaskProducer"]), Task(forTarget: TargetB, ruleInfo: ["WriteAuxiliaryFile", "/private/var/folders/xr/m5_5rlsd6l9fk2w4ngj13k6m0000gn/T/swbuild.tmp.I9GXyx3j/Data.noindex/Test/aProject/build/aProject.build/Debug/TargetB.build/Objects-normal/arm64/TargetB.SwiftFileList"]), Task(forTarget: TargetB, ruleInfo: ["WriteAuxiliaryFile", "/private/var/folders/xr/m5_5rlsd6l9fk2w4ngj13k6m0000gn/T/swbuild.tmp.I9GXyx3j/Data.noindex/Test/aProject/build/aProject.build/Debug/TargetB.build/Objects-normal/arm64/TargetB-OutputFileMap.json"]), Task(forTarget: TargetA, ruleInfo: ["MkDir", "/private/var/folders/xr/m5_5rlsd6l9fk2w4ngj13k6m0000gn/T/swbuild.tmp.I9GXyx3j/Data.noindex/Test/aProject/build/Debug/TargetA.framework/Versions/A/Headers"]), Task(forTarget: <none>, ruleInfo: ["Gate", "target-TargetB-T-TargetB-44533--StubBinaryTaskProducer"]), Task(forTarget: <none>, ruleInfo: ["Gate", "target-TargetB-T-TargetB-44533--DocumentationTaskProducer"]), Task(forTarget: TargetA, ruleInfo: ["SwiftDriver", "TargetA", "normal", "arm64", "com.apple.xcode.tools.swift.compiler"]), Task(forTarget: <none>, ruleInfo: ["Gate", "target-TargetB-T-TargetB-44533--GenerateAppPlaygroundAssetCatalogTaskProducer"]), Task(forTarget: <none>, ruleInfo: ["Gate", "target-TargetA-T-TargetA-44525--Barrier-CodeSign"]), Task(forTarget: <none>, ruleInfo: ["Gate", "target-TargetA-T-TargetA-44525--AppExtensionInfoPlistGeneratorTaskProducer"]), Task(forTarget: TargetB, ruleInfo: ["Gate", "target-TargetB-T-TargetB-44533--entry"]), Task(forTarget: TargetB, ruleInfo: ["Gate", "target-TargetB-T-TargetB-44533--will-sign"]), Task(forTarget: <none>, ruleInfo: ["Gate", "target-TargetB-T-TargetB-44533--Barrier-CopyAside"]), Task(forTarget: <none>, ruleInfo: ["Gate", "target-TargetA-T-TargetA-44525--ProductStructureTaskProducer"]), Task(forTarget: TargetA, ruleInfo: ["Gate", "target-TargetA-T-TargetA-44525--begin-linking"]), Task(forTarget: TargetB, ruleInfo: ["Copy", "/private/var/folders/xr/m5_5rlsd6l9fk2w4ngj13k6m0000gn/T/swbuild.tmp.I9GXyx3j/Data.noindex/Test/aProject/build/Debug/TargetB.framework/Versions/A/Modules/TargetB.swiftmodule/arm64-apple-macos.swiftdoc", "/private/var/folders/xr/m5_5rlsd6l9fk2w4ngj13k6m0000gn/T/swbuild.tmp.I9GXyx3j/Data.noindex/Test/aProject/build/aProject.build/Debug/TargetB.build/Objects-normal/arm64/TargetB.swiftdoc"]), Task(forTarget: TargetB, ruleInfo: ["Copy", "/private/var/folders/xr/m5_5rlsd6l9fk2w4ngj13k6m0000gn/T/swbuild.tmp.I9GXyx3j/Data.noindex/Test/aProject/build/Debug/TargetB.framework/Versions/A/Modules/TargetB.swiftmodule/arm64-apple-macos.swiftmodule", "/private/var/folders/xr/m5_5rlsd6l9fk2w4ngj13k6m0000gn/T/swbuild.tmp.I9GXyx3j/Data.noindex/Test/aProject/build/aProject.build/Debug/TargetB.build/Objects-normal/arm64/TargetB.swiftmodule"]), Task(forTarget: TargetB, ruleInfo: ["SymLink", "/private/var/folders/xr/m5_5rlsd6l9fk2w4ngj13k6m0000gn/T/swbuild.tmp.I9GXyx3j/Data.noindex/Test/aProject/build/EagerLinkingTBDs/Debug/TargetB.framework/TargetB.tbd", "/private/var/folders/xr/m5_5rlsd6l9fk2w4ngj13k6m0000gn/T/swbuild.tmp.I9GXyx3j/Data.noindex/Test/aProject/build/EagerLinkingTBDs/Debug/TargetB.framework/Versions/A/TargetB.tbd"]), Task(forTarget: TargetA, ruleInfo: ["SwiftMergeGeneratedHeaders", "/private/var/folders/xr/m5_5rlsd6l9fk2w4ngj13k6m0000gn/T/swbuild.tmp.I9GXyx3j/Data.noindex/Test/aProject/build/Debug/TargetA.framework/Versions/A/Headers/TargetA-Swift.h", "/private/var/folders/xr/m5_5rlsd6l9fk2w4ngj13k6m0000gn/T/swbuild.tmp.I9GXyx3j/Data.noindex/Test/aProject/build/aProject.build/Debug/TargetA.build/Objects-normal/arm64/TargetA-Swift.h"]), Task(forTarget: <none>, ruleInfo: ["SwiftExplicitDependencyCompileModuleFromInterface", "arm64", "/private/var/folders/xr/m5_5rlsd6l9fk2w4ngj13k6m0000gn/T/swbuild.tmp.I9GXyx3j/Data.noindex/Test/aProject/build/SwiftExplicitPrecompiledModules/_Concurrency-CB34E6W1YOX6.swiftmodule"]), Task(forTarget: TargetA, ruleInfo: ["Gate", "target-TargetA-T-TargetA-44525--unsigned-product-ready"]), Task(forTarget: TargetA, ruleInfo: ["Gate", "target-TargetA-T-TargetA-44525--end"]), Task(forTarget: <none>, ruleInfo: ["Gate", "target-TargetA-T-TargetA-44525--ExtensionPointExtractorTaskProducer"]), Task(forTarget: TargetB, ruleInfo: ["Touch", "/private/var/folders/xr/m5_5rlsd6l9fk2w4ngj13k6m0000gn/T/swbuild.tmp.I9GXyx3j/Data.noindex/Test/aProject/build/Debug/TargetB.framework"]), Task(forTarget: TargetB, ruleInfo: ["Gate", "target-TargetB-T-TargetB-44533--linker-inputs-ready"]), Task(forTarget: TargetA, ruleInfo: ["WriteAuxiliaryFile", "/private/var/folders/xr/m5_5rlsd6l9fk2w4ngj13k6m0000gn/T/swbuild.tmp.I9GXyx3j/Data.noindex/Test/aProject/build/aProject.build/Debug/TargetA.build/Objects-normal/arm64/TargetA.SwiftFileList"]), Task(forTarget: TargetB, ruleInfo: ["WriteAuxiliaryFile", "/private/var/folders/xr/m5_5rlsd6l9fk2w4ngj13k6m0000gn/T/swbuild.tmp.I9GXyx3j/Data.noindex/Test/aProject/build/aProject.build/Debug/TargetB.build/TargetB-project-headers.hmap"]), Task(forTarget: <none>, ruleInfo: ["Gate", "target-TargetB-T-TargetB-44533--copy-headers-completion"]), Task(forTarget: <none>, ruleInfo: ["Gate", "target-TargetB-T-TargetB-44533--Barrier-Validate"]), Task(forTarget: TargetB, ruleInfo: ["Copy", "/private/var/folders/xr/m5_5rlsd6l9fk2w4ngj13k6m0000gn/T/swbuild.tmp.I9GXyx3j/Data.noindex/Test/aProject/build/Debug/TargetB.framework/Versions/A/Modules/TargetB.swiftmodule/arm64-apple-macos.abi.json", "/private/var/folders/xr/m5_5rlsd6l9fk2w4ngj13k6m0000gn/T/swbuild.tmp.I9GXyx3j/Data.noindex/Test/aProject/build/aProject.build/Debug/TargetB.build/Objects-normal/arm64/TargetB.abi.json"]), Task(forTarget: TargetA, ruleInfo: ["WriteAuxiliaryFile", "/private/var/folders/xr/m5_5rlsd6l9fk2w4ngj13k6m0000gn/T/swbuild.tmp.I9GXyx3j/Data.noindex/Test/aProject/build/aProject.build/Debug/TargetA.build/TargetA-own-target-headers.hmap"]), Task(forTarget: TargetB, ruleInfo: ["Gate", "target-TargetB-T-TargetB-44533--begin-scanning"]), Task(forTarget: TargetA, ruleInfo: ["WriteAuxiliaryFile", "/private/var/folders/xr/m5_5rlsd6l9fk2w4ngj13k6m0000gn/T/swbuild.tmp.I9GXyx3j/Data.noindex/Test/aProject/build/aProject.build/Debug/TargetA.build/TargetA.DependencyStaticMetadataFileList"]), Task(forTarget: <none>, ruleInfo: ["Gate", "target-TargetA-T-TargetA-44525--ModuleVerifierTaskProducer"]), Task(forTarget: TargetA, ruleInfo: ["SwiftCompile", "normal", "arm64", "Compiling fileA2.swift", "/private/var/folders/xr/m5_5rlsd6l9fk2w4ngj13k6m0000gn/T/swbuild.tmp.I9GXyx3j/Data.noindex/Test/aProject/Sources/fileA2.swift"]), Task(forTarget: TargetA, ruleInfo: ["Copy", "/private/var/folders/xr/m5_5rlsd6l9fk2w4ngj13k6m0000gn/T/swbuild.tmp.I9GXyx3j/Data.noindex/Test/aProject/build/Debug/TargetA.framework/Versions/A/Modules/TargetA.swiftmodule/arm64-apple-macos.swiftmodule", "/private/var/folders/xr/m5_5rlsd6l9fk2w4ngj13k6m0000gn/T/swbuild.tmp.I9GXyx3j/Data.noindex/Test/aProject/build/aProject.build/Debug/TargetA.build/Objects-normal/arm64/TargetA.swiftmodule"]), Task(forTarget: TargetA, ruleInfo: ["Gate", "target-TargetA-T-TargetA-44525--modules-ready"]), Task(forTarget: TargetB, ruleInfo: ["SwiftCompile", "normal", "arm64", "Compiling fileB1.swift", "/private/var/folders/xr/m5_5rlsd6l9fk2w4ngj13k6m0000gn/T/swbuild.tmp.I9GXyx3j/Data.noindex/Test/aProject/Sources/fileB1.swift"]), Task(forTarget: <none>, ruleInfo: ["Gate", "target-TargetB-T-TargetB-44533--Barrier-CodeSign"]), Task(forTarget: <none>, ruleInfo: ["Gate", "target-TargetB-T-TargetB-44533--generated-headers"]), Task(forTarget: <none>, ruleInfo: ["CreateBuildDirectory", "/private/var/folders/xr/m5_5rlsd6l9fk2w4ngj13k6m0000gn/T/swbuild.tmp.I9GXyx3j/Data.noindex/Test/aProject/build/SwiftExplicitPrecompiledModules"]), Task(forTarget: <none>, ruleInfo: ["Gate", "target-TargetA-T-TargetA-44525--SanitizerTaskProducer"]), Task(forTarget: TargetA, ruleInfo: ["SwiftDriver Compilation Requirements", "TargetA", "normal", "arm64", "com.apple.xcode.tools.swift.compiler"]), Task(forTarget: <none>, ruleInfo: ["CreateBuildDirectory", "/var/folders/xr/m5_5rlsd6l9fk2w4ngj13k6m0000gn/C/com.apple.DeveloperTools/26.4.1-17E202/Xcode/CompilationCache.noindex"]), Task(forTarget: <none>, ruleInfo: ["Gate", "target-TargetA-T-TargetA-44525--AppIntentsMetadataTaskProducer"]), Task(forTarget: TargetB, ruleInfo: ["SymLink", "/private/var/folders/xr/m5_5rlsd6l9fk2w4ngj13k6m0000gn/T/swbuild.tmp.I9GXyx3j/Data.noindex/Test/aProject/build/Debug/TargetB.framework/Versions/Current", "A"]), Task(forTarget: TargetA, ruleInfo: ["Copy", "/private/var/folders/xr/m5_5rlsd6l9fk2w4ngj13k6m0000gn/T/swbuild.tmp.I9GXyx3j/Data.noindex/Test/aProject/build/Debug/TargetA.framework/Versions/A/Modules/TargetA.swiftmodule/arm64-apple-macos.swiftdoc", "/private/var/folders/xr/m5_5rlsd6l9fk2w4ngj13k6m0000gn/T/swbuild.tmp.I9GXyx3j/Data.noindex/Test/aProject/build/aProject.build/Debug/TargetA.build/Objects-normal/arm64/TargetA.swiftdoc"]), Task(forTarget: TargetA, ruleInfo: ["RegisterExecutionPolicyException", "/private/var/folders/xr/m5_5rlsd6l9fk2w4ngj13k6m0000gn/T/swbuild.tmp.I9GXyx3j/Data.noindex/Test/aProject/build/Debug/TargetA.framework"]), Task(forTarget: <none>, ruleInfo: ["Gate", "target-TargetA-T-TargetA-44525--SwiftPackageCopyFilesTaskProducer"]), Task(forTarget: TargetA, ruleInfo: ["Copy", "/private/var/folders/xr/m5_5rlsd6l9fk2w4ngj13k6m0000gn/T/swbuild.tmp.I9GXyx3j/Data.noindex/Test/aProject/build/Debug/TargetA.framework/Versions/A/Modules/TargetA.swiftmodule/arm64-apple-macos.abi.json", "/private/var/folders/xr/m5_5rlsd6l9fk2w4ngj13k6m0000gn/T/swbuild.tmp.I9GXyx3j/Data.noindex/Test/aProject/build/aProject.build/Debug/TargetA.build/Objects-normal/arm64/TargetA.abi.json"]), Task(forTarget: TargetB, ruleInfo: ["SwiftEmitModule", "normal", "arm64", "Emitting module for TargetB"]), Task(forTarget: TargetA, ruleInfo: ["Touch", "/private/var/folders/xr/m5_5rlsd6l9fk2w4ngj13k6m0000gn/T/swbuild.tmp.I9GXyx3j/Data.noindex/Test/aProject/build/Debug/TargetA.framework"]), Task(forTarget: TargetA, ruleInfo: ["Gate", "target-TargetA-T-TargetA-44525--linker-inputs-ready"]), Task(forTarget: <none>, ruleInfo: ["Gate", "target-TargetB-T-TargetB-44533--ProductStructureTaskProducer"]), Task(forTarget: TargetB, ruleInfo: ["SwiftDriver Compilation", "TargetB", "normal", "arm64", "com.apple.xcode.tools.swift.compiler"]), Task(forTarget: <none>, ruleInfo: ["Gate", "target-TargetB-T-TargetB-44533--Barrier-RegisterExecutionPolicyException"]), Task(forTarget: TargetA, ruleInfo: ["WriteAuxiliaryFile", "/private/var/folders/xr/m5_5rlsd6l9fk2w4ngj13k6m0000gn/T/swbuild.tmp.I9GXyx3j/Data.noindex/Test/aProject/build/aProject.build/Debug/TargetA.build/Objects-normal/arm64/TargetA-OutputFileMap.json"]), Task(forTarget: <none>, ruleInfo: ["Gate", "target-TargetA-T-TargetA-44525--HeadermapTaskProducer"]), Task(forTarget: TargetB, ruleInfo: ["WriteAuxiliaryFile", "/private/var/folders/xr/m5_5rlsd6l9fk2w4ngj13k6m0000gn/T/swbuild.tmp.I9GXyx3j/Data.noindex/Test/aProject/build/aProject.build/Debug/TargetB.build/TargetB.DependencyStaticMetadataFileList"]), Task(forTarget: TargetA, ruleInfo: ["Gate", "target-TargetA-T-TargetA-44525--begin-compiling"]), Task(forTarget: <none>, ruleInfo: ["Gate", "target-TargetA-T-TargetA-44525--GeneratedFilesTaskProducer"]), Task(forTarget: <none>, ruleInfo: ["Gate", "target-TargetA-T-TargetA-44525--DocumentationTaskProducer"]), Task(forTarget: <none>, ruleInfo: ["Gate", "target-TargetB-T-TargetB-44533--InfoPlistTaskProducer"]), Task(forTarget: <none>, ruleInfo: ["Gate", "target-TargetA-T-TargetA-44525--SwiftFrameworkABICheckerTaskProducer"]), Task(forTarget: TargetB, ruleInfo: ["Gate", "target-TargetB-T-TargetB-44533--end"]), Task(forTarget: TargetA, ruleInfo: ["MkDir", "/private/var/folders/xr/m5_5rlsd6l9fk2w4ngj13k6m0000gn/T/swbuild.tmp.I9GXyx3j/Data.noindex/Test/aProject/build/Debug/TargetA.framework/Versions/A"]), Task(forTarget: <none>, ruleInfo: ["Gate", "target-TargetB-T-TargetB-44533--fused-phase0-compile-sources&link-binary"]), Task(forTarget: <none>, ruleInfo: ["Gate", "target-TargetB-T-TargetB-44533--SwiftStandardLibrariesTaskProducer"]), Task(forTarget: <none>, ruleInfo: ["Gate", "target-TargetB-T-TargetB-44533--SwiftABIBaselineGenerationTaskProducer"]), Task(forTarget: <none>, ruleInfo: ["Gate", "target-TargetA-T-TargetA-44525--TestTargetPostprocessingTaskProducer"]), Task(forTarget: <none>, ruleInfo: ["Gate", "target-TargetA-T-TargetA-44525--ProductPostprocessingTaskProducer"]), Task(forTarget: <none>, ruleInfo: ["Gate", "target-TargetB-T-TargetB-44533--RealityAssetsTaskProducer"]), Task(forTarget: TargetA, ruleInfo: ["Copy", "/private/var/folders/xr/m5_5rlsd6l9fk2w4ngj13k6m0000gn/T/swbuild.tmp.I9GXyx3j/Data.noindex/Test/aProject/build/Debug/TargetA.framework/Versions/A/Modules/TargetA.swiftmodule/Project/arm64-apple-macos.swiftsourceinfo", "/private/var/folders/xr/m5_5rlsd6l9fk2w4ngj13k6m0000gn/T/swbuild.tmp.I9GXyx3j/Data.noindex/Test/aProject/build/aProject.build/Debug/TargetA.build/Objects-normal/arm64/TargetA.swiftsourceinfo"]), Task(forTarget: TargetB, ruleInfo: ["Copy", "/private/var/folders/xr/m5_5rlsd6l9fk2w4ngj13k6m0000gn/T/swbuild.tmp.I9GXyx3j/Data.noindex/Test/aProject/build/Debug/TargetB.framework/Versions/A/Modules/TargetB.swiftmodule/Project/arm64-apple-macos.swiftsourceinfo", "/private/var/folders/xr/m5_5rlsd6l9fk2w4ngj13k6m0000gn/T/swbuild.tmp.I9GXyx3j/Data.noindex/Test/aProject/build/aProject.build/Debug/TargetB.build/Objects-normal/arm64/TargetB.swiftsourceinfo"]), Task(forTarget: TargetB, ruleInfo: ["WriteAuxiliaryFile", "/private/var/folders/xr/m5_5rlsd6l9fk2w4ngj13k6m0000gn/T/swbuild.tmp.I9GXyx3j/Data.noindex/Test/aProject/build/aProject.build/Debug/TargetB.build/TargetB-all-non-framework-target-headers.hmap"]), Task(forTarget: <none>, ruleInfo: ["Gate", "target-TargetB-T-TargetB-44533--Barrier-GenerateStubAPI"]), Task(forTarget: TargetB, ruleInfo: ["RegisterExecutionPolicyException", "/private/var/folders/xr/m5_5rlsd6l9fk2w4ngj13k6m0000gn/T/swbuild.tmp.I9GXyx3j/Data.noindex/Test/aProject/build/Debug/TargetB.framework"]), Task(forTarget: TargetA, ruleInfo: ["SwiftEmitModule", "normal", "arm64", "Emitting module for TargetA"]), Task(forTarget: <none>, ruleInfo: ["SwiftExplicitDependencyCompileModuleFromInterface", "arm64", "/private/var/folders/xr/m5_5rlsd6l9fk2w4ngj13k6m0000gn/T/swbuild.tmp.I9GXyx3j/Data.noindex/Test/aProject/build/SwiftExplicitPrecompiledModules/_StringProcessing-1O0ZQ2K74RYD5.swiftmodule"]), Task(forTarget: TargetB, ruleInfo: ["Gate", "target-TargetB-T-TargetB-44533--begin-linking"]), Task(forTarget: TargetB, ruleInfo: ["Gate", "target-TargetB-T-TargetB-44533--unsigned-product-ready"]), Task(forTarget: TargetB, ruleInfo: ["MkDir", "/private/var/folders/xr/m5_5rlsd6l9fk2w4ngj13k6m0000gn/T/swbuild.tmp.I9GXyx3j/Data.noindex/Test/aProject/build/Debug/TargetB.framework"]), Task(forTarget: <none>, ruleInfo: ["Gate", "target-TargetB-T-TargetB-44533--ExtensionPointExtractorTaskProducer"]), Task(forTarget: TargetA, ruleInfo: ["WriteAuxiliaryFile", "/private/var/folders/xr/m5_5rlsd6l9fk2w4ngj13k6m0000gn/T/swbuild.tmp.I9GXyx3j/Data.noindex/Test/aProject/build/aProject.build/Debug/TargetA.build/Objects-normal/arm64/TargetA_const_extract_protocols.json"]), Task(forTarget: <none>, ruleInfo: ["Gate", "target-TargetA-T-TargetA-44525--CustomTaskProducer"]), Task(forTarget: <none>, ruleInfo: ["ClangStatCache", "/Applications/Xcode17E.app/Contents/Developer/Toolchains/XcodeDefault.xctoolchain/usr/bin/clang-stat-cache", "/Applications/Xcode17E.app/Contents/Developer/Platforms/MacOSX.platform/Developer/SDKs/MacOSX26.4.sdk", "/private/var/folders/xr/m5_5rlsd6l9fk2w4ngj13k6m0000gn/T/swbuild.tmp.I9GXyx3j/Data.noindex/Test/SDKStatCaches.noindex/macosx26.4-25E260-95aa6cf8f3effd57bda17e0c125410c0.sdkstatcache"]), Task(forTarget: <none>, ruleInfo: ["Gate", "target-TargetB-T-TargetB-44533--TestEntryPointTaskProducerFactory"]), Task(forTarget: TargetA, ruleInfo: ["Gate", "target-TargetA-T-TargetA-44525--immediate"]), Task(forTarget: <none>, ruleInfo: ["CreateBuildDirectory", "/private/var/folders/xr/m5_5rlsd6l9fk2w4ngj13k6m0000gn/T/swbuild.tmp.I9GXyx3j/Data.noindex/Test/aProject/build/Debug"]), Task(forTarget: TargetA, ruleInfo: ["Gate", "target-TargetA-T-TargetA-44525--entry"]), Task(forTarget: <none>, ruleInfo: ["Gate", "target-TargetA-T-TargetA-44525--SwiftStandardLibrariesTaskProducer"]), Task(forTarget: <none>, ruleInfo: ["Gate", "target-TargetA-T-TargetA-44525--TestEntryPointTaskProducerFactory"]), Task(forTarget: TargetA, ruleInfo: ["WriteAuxiliaryFile", "/private/var/folders/xr/m5_5rlsd6l9fk2w4ngj13k6m0000gn/T/swbuild.tmp.I9GXyx3j/Data.noindex/Test/aProject/build/aProject.build/Debug/TargetA.build/TargetA-project-headers.hmap"]), Task(forTarget: <none>, ruleInfo: ["Gate", "target-TargetA-T-TargetA-44525--Barrier-GenerateStubAPI"]), Task(forTarget: TargetA, ruleInfo: ["MkDir", "/private/var/folders/xr/m5_5rlsd6l9fk2w4ngj13k6m0000gn/T/swbuild.tmp.I9GXyx3j/Data.noindex/Test/aProject/build/Debug/TargetA.framework"]), Task(forTarget: TargetB, ruleInfo: ["WriteAuxiliaryFile", "/private/var/folders/xr/m5_5rlsd6l9fk2w4ngj13k6m0000gn/T/swbuild.tmp.I9GXyx3j/Data.noindex/Test/aProject/build/aProject.build/Debug/TargetB.build/TargetB-generated-files.hmap"]), Task(forTarget: TargetB, ruleInfo: ["WriteAuxiliaryFile", "/private/var/folders/xr/m5_5rlsd6l9fk2w4ngj13k6m0000gn/T/swbuild.tmp.I9GXyx3j/Data.noindex/Test/aProject/build/aProject.build/Debug/TargetB.build/Objects-normal/arm64/TargetB_const_extract_protocols.json"]), Task(forTarget: TargetB, ruleInfo: ["MkDir", "/private/var/folders/xr/m5_5rlsd6l9fk2w4ngj13k6m0000gn/T/swbuild.tmp.I9GXyx3j/Data.noindex/Test/aProject/build/Debug/TargetB.framework/Versions"]), Task(forTarget: <none>, ruleInfo: ["Gate", "target-TargetA-T-TargetA-44525--CopySwiftPackageResourcesTaskProducer"]), Task(forTarget: <none>, ruleInfo: ["Gate", "target-TargetA-T-TargetA-44525--Barrier-ChangeAlternatePermissions"]), Task(forTarget: TargetA, ruleInfo: ["SymLink", "/private/var/folders/xr/m5_5rlsd6l9fk2w4ngj13k6m0000gn/T/swbuild.tmp.I9GXyx3j/Data.noindex/Test/aProject/build/EagerLinkingTBDs/Debug/TargetA.framework/TargetA.tbd", "/private/var/folders/xr/m5_5rlsd6l9fk2w4ngj13k6m0000gn/T/swbuild.tmp.I9GXyx3j/Data.noindex/Test/aProject/build/EagerLinkingTBDs/Debug/TargetA.framework/Versions/A/TargetA.tbd"]), Task(forTarget: <none>, ruleInfo: ["Gate", "target-TargetA-T-TargetA-44525--Barrier-RegisterExecutionPolicyException"]), Task(forTarget: <none>, ruleInfo: ["Gate", "target-TargetB-T-TargetB-44533--SwiftPackageCopyFilesTaskProducer"]), Task(forTarget: TargetA, ruleInfo: ["SwiftCompile", "normal", "arm64", "Compiling fileA1.swift", "/private/var/folders/xr/m5_5rlsd6l9fk2w4ngj13k6m0000gn/T/swbuild.tmp.I9GXyx3j/Data.noindex/Test/aProject/Sources/fileA1.swift"]), Task(forTarget: <none>, ruleInfo: ["Gate", "target-TargetB-T-TargetB-44533--Barrier-StripSymbols"]), Task(forTarget: TargetA, ruleInfo: ["WriteAuxiliaryFile", "/private/var/folders/xr/m5_5rlsd6l9fk2w4ngj13k6m0000gn/T/swbuild.tmp.I9GXyx3j/Data.noindex/Test/aProject/build/aProject.build/Debug/TargetA.build/TargetA-all-non-framework-target-headers.hmap"]), Task(forTarget: <none>, ruleInfo: ["Gate", "target-TargetB-T-TargetB-44533--SanitizerTaskProducer"]), Task(forTarget: <none>, ruleInfo: ["Gate", "target-TargetB-T-TargetB-44533--swift-generated-headers"]), Task(forTarget: <none>, ruleInfo: ["Gate", "target-TargetB-T-TargetB-44533--Barrier-RegisterProduct"]), Task(forTarget: <none>, ruleInfo: ["Gate", "target-TargetB-T-TargetB-44533--GeneratedFilesTaskProducer"]), Task(forTarget: <none>, ruleInfo: ["Gate", "target-TargetA-T-TargetA-44525--Barrier-StripSymbols"]), Task(forTarget: TargetB, ruleInfo: ["GenerateTAPI", "/private/var/folders/xr/m5_5rlsd6l9fk2w4ngj13k6m0000gn/T/swbuild.tmp.I9GXyx3j/Data.noindex/Test/aProject/build/EagerLinkingTBDs/Debug/TargetB.framework/Versions/A/TargetB.tbd"]), Task(forTarget: <none>, ruleInfo: ["Gate", "target-TargetA-T-TargetA-44525--GenerateAppPlaygroundAssetCatalogTaskProducer"]), Task(forTarget: <none>, ruleInfo: ["Gate", "target-TargetA-T-TargetA-44525--Barrier-ChangePermissions"]), Task(forTarget: TargetA, ruleInfo: ["WriteAuxiliaryFile", "/private/var/folders/xr/m5_5rlsd6l9fk2w4ngj13k6m0000gn/T/swbuild.tmp.I9GXyx3j/Data.noindex/Test/aProject/build/aProject.build/Debug/TargetA.build/Objects-normal/arm64/TargetA.SwiftConstValuesFileList"]), Task(forTarget: TargetA, ruleInfo: ["MkDir", "/private/var/folders/xr/m5_5rlsd6l9fk2w4ngj13k6m0000gn/T/swbuild.tmp.I9GXyx3j/Data.noindex/Test/aProject/build/Debug/TargetA.framework/Versions"]), Task(forTarget: <none>, ruleInfo: ["Gate", "target-TargetA-T-TargetA-44525--StubBinaryTaskProducer"]), Task(forTarget: <none>, ruleInfo: ["Gate", "target-TargetB-T-TargetB-44533--ProductPostprocessingTaskProducer"]), Task(forTarget: TargetA, ruleInfo: ["WriteAuxiliaryFile", "/private/var/folders/xr/m5_5rlsd6l9fk2w4ngj13k6m0000gn/T/swbuild.tmp.I9GXyx3j/Data.noindex/Test/aProject/build/aProject.build/Debug/TargetA.build/Objects-normal/arm64/TargetA.LinkFileList"]), Task(forTarget: <none>, ruleInfo: ["Gate", "target-TargetA-T-TargetA-44525--ModuleMapTaskProducer"]), Task(forTarget: TargetA, ruleInfo: ["ExtractAppIntentsMetadata"]), Task(forTarget: TargetB, ruleInfo: ["WriteAuxiliaryFile", "/private/var/folders/xr/m5_5rlsd6l9fk2w4ngj13k6m0000gn/T/swbuild.tmp.I9GXyx3j/Data.noindex/Test/aProject/build/aProject.build/Debug/TargetB.build/TargetB.hmap"]), Task(forTarget: TargetA, ruleInfo: ["SymLink", "/private/var/folders/xr/m5_5rlsd6l9fk2w4ngj13k6m0000gn/T/swbuild.tmp.I9GXyx3j/Data.noindex/Test/aProject/build/Debug/TargetA.framework/TargetA", "Versions/Current/TargetA"]), Task(forTarget: TargetB, ruleInfo: ["MkDir", "/private/var/folders/xr/m5_5rlsd6l9fk2w4ngj13k6m0000gn/T/swbuild.tmp.I9GXyx3j/Data.noindex/Test/aProject/build/Debug/TargetB.framework/Versions/A/Headers"]), Task(forTarget: <none>, ruleInfo: ["CreateBuildDirectory", "/private/var/folders/xr/m5_5rlsd6l9fk2w4ngj13k6m0000gn/T/swbuild.tmp.I9GXyx3j/Data.noindex/Test/aProject/build/ExplicitPrecompiledModules"]), Task(forTarget: <none>, ruleInfo: ["Gate", "target-TargetA-T-TargetA-44525--RealityAssetsTaskProducer"]), Task(forTarget: <none>, ruleInfo: ["Gate", "target-TargetA-T-TargetA-44525--TestHostTaskProducer"]), Task(forTarget: TargetA, ruleInfo: ["Gate", "target-TargetA-T-TargetA-44525--will-sign"]), Task(forTarget: <none>, ruleInfo: ["CreateBuildDirectory", "/private/var/folders/xr/m5_5rlsd6l9fk2w4ngj13k6m0000gn/T/swbuild.tmp.I9GXyx3j/Data.noindex/Test/aProject/build/SharedPrecompiledHeaders"]), Task(forTarget: TargetA, ruleInfo: ["WriteAuxiliaryFile", "/private/var/folders/xr/m5_5rlsd6l9fk2w4ngj13k6m0000gn/T/swbuild.tmp.I9GXyx3j/Data.noindex/Test/aProject/build/aProject.build/Debug/TargetA.build/TargetA.hmap"]), Task(forTarget: TargetA, ruleInfo: ["SymLink", "/private/var/folders/xr/m5_5rlsd6l9fk2w4ngj13k6m0000gn/T/swbuild.tmp.I9GXyx3j/Data.noindex/Test/aProject/build/Debug/TargetA.framework/Modules", "Versions/Current/Modules"]), Task(forTarget: <none>, ruleInfo: ["Gate", "target-TargetA-T-TargetA-44525--copy-headers-completion"]), Task(forTarget: <none>, ruleInfo: ["Gate", "target-TargetA-T-TargetA-44525--fused-phase0-compile-sources"]), Task(forTarget: <none>, ruleInfo: ["Gate", "WorkspaceHeaderMapVFSFilesWritten"]), Task(forTarget: TargetB, ruleInfo: ["SymLink", "/private/var/folders/xr/m5_5rlsd6l9fk2w4ngj13k6m0000gn/T/swbuild.tmp.I9GXyx3j/Data.noindex/Test/aProject/build/Debug/TargetB.framework/Headers", "Versions/Current/Headers"]), Task(forTarget: TargetB, ruleInfo: ["SwiftDriver Compilation Requirements", "TargetB", "normal", "arm64", "com.apple.xcode.tools.swift.compiler"]), Task(forTarget: <none>, ruleInfo: ["Gate", "target-TargetA-T-TargetA-44525--Barrier-RegisterProduct"]), Task(forTarget: TargetB, ruleInfo: ["Gate", "target-TargetB-T-TargetB-44533--modules-ready"]), Task(forTarget: <none>, ruleInfo: ["CreateBuildDirectory", "/private/var/folders/xr/m5_5rlsd6l9fk2w4ngj13k6m0000gn/T/swbuild.tmp.I9GXyx3j/Data.noindex/Test/aProject/build/EagerLinkingTBDs/Debug"]), Task(forTarget: TargetB, ruleInfo: ["WriteAuxiliaryFile", "/private/var/folders/xr/m5_5rlsd6l9fk2w4ngj13k6m0000gn/T/swbuild.tmp.I9GXyx3j/Data.noindex/Test/aProject/build/aProject.build/Debug/TargetB.build/TargetB-all-target-headers.hmap"]), Task(forTarget: <none>, ruleInfo: ["Gate", "target-TargetB-T-TargetB-44533--ModuleVerifierTaskProducer"]), Task(forTarget: TargetA, ruleInfo: ["Gate", "target-TargetA-T-TargetA-44525--begin-scanning"]), Task(forTarget: TargetB, ruleInfo: ["Gate", "target-TargetB-T-TargetB-44533--immediate"]), Task(forTarget: TargetA, ruleInfo: ["GenerateTAPI", "/private/var/folders/xr/m5_5rlsd6l9fk2w4ngj13k6m0000gn/T/swbuild.tmp.I9GXyx3j/Data.noindex/Test/aProject/build/EagerLinkingTBDs/Debug/TargetA.framework/Versions/A/TargetA.tbd"]), Task(forTarget: TargetB, ruleInfo: ["SymLink", "/private/var/folders/xr/m5_5rlsd6l9fk2w4ngj13k6m0000gn/T/swbuild.tmp.I9GXyx3j/Data.noindex/Test/aProject/build/Debug/TargetB.framework/TargetB", "Versions/Current/TargetB"]), Task(forTarget: TargetB, ruleInfo: ["SwiftCompile", "normal", "arm64", "Compiling fileB2.swift", "/private/var/folders/xr/m5_5rlsd6l9fk2w4ngj13k6m0000gn/T/swbuild.tmp.I9GXyx3j/Data.noindex/Test/aProject/Sources/fileB2.swift"])]
↳ Occasionally fails in CI due to SwiftExplicitDependencyCompileModuleFromInterface missing from the dependency graph
━ Test swiftEagerCompilationWithExplicitModules() recorded a known issue at SwiftDriverTests.swift:3588:55: Issue recorded
↳ Task Task(forTarget: TargetB, ruleInfo: ["SwiftCompile", "normal", "arm64", "Compiling fileB2.swift", "/private/var/folders/xr/m5_5rlsd6l9fk2w4ngj13k6m0000gn/T/swbuild.tmp.I9GXyx3j/Data.noindex/Test/aProject/Sources/fileB2.swift"]) does not follow any tasks matching [Rule matches [SWBTestSupport.StringPattern.equal("SwiftExplicitDependencyCompileModuleFromInterface"), SWBTestSupport.StringPattern.equal("normal"), SWBTestSupport.StringPattern.equal("arm64"), SWBTestSupport.StringPattern.contains("_StringProcessing-")]]. Found: [] in [Task(forTarget: <none>, ruleInfo: ["Gate", "target-TargetA-T-TargetA-44525--Barrier-CopyAside"]), Task(forTarget: <none>, ruleInfo: ["Gate", "target-TargetA-T-TargetA-44525--InfoPlistTaskProducer"]), Task(forTarget: <none>, ruleInfo: ["Gate", "target-TargetB-T-TargetB-44533--Barrier-ChangeAlternatePermissions"]), Task(forTarget: <none>, ruleInfo: ["Gate", "target-TargetA-T-TargetA-44525--swift-generated-headers"]), Task(forTarget: TargetB, ruleInfo: ["ExtractAppIntentsMetadata"]), Task(forTarget: TargetB, ruleInfo: ["SwiftDriver", "TargetB", "normal", "arm64", "com.apple.xcode.tools.swift.compiler"]), Task(forTarget: TargetB, ruleInfo: ["WriteAuxiliaryFile", "/private/var/folders/xr/m5_5rlsd6l9fk2w4ngj13k6m0000gn/T/swbuild.tmp.I9GXyx3j/Data.noindex/Test/aProject/build/aProject.build/Debug/TargetB.build/TargetB-own-target-headers.hmap"]), Task(forTarget: TargetA, ruleInfo: ["WriteAuxiliaryFile", "/private/var/folders/xr/m5_5rlsd6l9fk2w4ngj13k6m0000gn/T/swbuild.tmp.I9GXyx3j/Data.noindex/Test/aProject/build/aProject.build/Debug/TargetA.build/TargetA-generated-files.hmap"]), Task(forTarget: TargetA, ruleInfo: ["SwiftDriver Compilation", "TargetA", "normal", "arm64", "com.apple.xcode.tools.swift.compiler"]), Task(forTarget: TargetA, ruleInfo: ["Ld", "/private/var/folders/xr/m5_5rlsd6l9fk2w4ngj13k6m0000gn/T/swbuild.tmp.I9GXyx3j/Data.noindex/Test/aProject/build/Debug/TargetA.framework/Versions/A/TargetA", "normal"]), Task(forTarget: <none>, ruleInfo: ["SwiftExplicitDependencyCompileModuleFromInterface", "arm64", "/private/var/folders/xr/m5_5rlsd6l9fk2w4ngj13k6m0000gn/T/swbuild.tmp.I9GXyx3j/Data.noindex/Test/aProject/build/SwiftExplicitPrecompiledModules/Swift-NBB0GQDQYZZH.swiftmodule"]), Task(forTarget: TargetB, ruleInfo: ["SwiftMergeGeneratedHeaders", "/private/var/folders/xr/m5_5rlsd6l9fk2w4ngj13k6m0000gn/T/swbuild.tmp.I9GXyx3j/Data.noindex/Test/aProject/build/Debug/TargetB.framework/Versions/A/Headers/TargetB-Swift.h", "/private/var/folders/xr/m5_5rlsd6l9fk2w4ngj13k6m0000gn/T/swbuild.tmp.I9GXyx3j/Data.noindex/Test/aProject/build/aProject.build/Debug/TargetB.build/Objects-normal/arm64/TargetB-Swift.h"]), Task(forTarget: <none>, ruleInfo: ["Gate", "target-TargetB-T-TargetB-44533--TestHostTaskProducer"]), Task(forTarget: TargetB, ruleInfo: ["WriteAuxiliaryFile", "/private/var/folders/xr/m5_5rlsd6l9fk2w4ngj13k6m0000gn/T/swbuild.tmp.I9GXyx3j/Data.noindex/Test/aProject/build/aProject.build/Debug/TargetB.build/Objects-normal/arm64/TargetB.SwiftConstValuesFileList"]), Task(forTarget: <none>, ruleInfo: ["Gate", "target-TargetB-T-TargetB-44533--ModuleMapTaskProducer"]), Task(forTarget: <none>, ruleInfo: ["Gate", "target-TargetB-T-TargetB-44533--SwiftFrameworkABICheckerTaskProducer"]), Task(forTarget: <none>, ruleInfo: ["Gate", "target-TargetB-T-TargetB-44533--Barrier-ChangePermissions"]), Task(forTarget: TargetB, ruleInfo: ["Gate", "target-TargetB-T-TargetB-44533--begin-compiling"]), Task(forTarget: <none>, ruleInfo: ["Gate", "target-TargetB-T-TargetB-44533--TestTargetTaskProducer"]), Task(forTarget: <none>, ruleInfo: ["Gate", "target-TargetB-T-TargetB-44533--TAPISymbolExtractorTaskProducer"]), Task(forTarget: <none>, ruleInfo: ["Gate", "target-TargetB-T-TargetB-44533--HeadermapTaskProducer"]), Task(forTarget: TargetB, ruleInfo: ["Ld", "/private/var/folders/xr/m5_5rlsd6l9fk2w4ngj13k6m0000gn/T/swbuild.tmp.I9GXyx3j/Data.noindex/Test/aProject/build/Debug/TargetB.framework/Versions/A/TargetB", "normal"]), Task(forTarget: TargetB, ruleInfo: ["WriteAuxiliaryFile", "/private/var/folders/xr/m5_5rlsd6l9fk2w4ngj13k6m0000gn/T/swbuild.tmp.I9GXyx3j/Data.noindex/Test/aProject/build/aProject.build/Debug/TargetB.build/Objects-normal/arm64/TargetB.LinkFileList"]), Task(forTarget: <none>, ruleInfo: ["Gate", "target-TargetB-T-TargetB-44533--TestTargetPostprocessingTaskProducer"]), Task(forTarget: <none>, ruleInfo: ["SwiftExplicitDependencyGeneratePcm", "arm64", "/private/var/folders/xr/m5_5rlsd6l9fk2w4ngj13k6m0000gn/T/swbuild.tmp.I9GXyx3j/Data.noindex/Test/aProject/build/SwiftExplicitPrecompiledModules/_SwiftConcurrencyShims-AIZW70LS1W2L0PXECXLASUUHS.pcm"]), Task(forTarget: TargetA, ruleInfo: ["SymLink", "/private/var/folders/xr/m5_5rlsd6l9fk2w4ngj13k6m0000gn/T/swbuild.tmp.I9GXyx3j/Data.noindex/Test/aProject/build/Debug/TargetA.framework/Versions/Current", "A"]), Task(forTarget: <none>, ruleInfo: ["CreateBuildDirectory", "/private/var/folders/xr/m5_5rlsd6l9fk2w4ngj13k6m0000gn/T/swbuild.tmp.I9GXyx3j/Data.noindex/Test/aProject/build"]), Task(forTarget: TargetB, ruleInfo: ["WriteAuxiliaryFile", "/private/var/folders/xr/m5_5rlsd6l9fk2w4ngj13k6m0000gn/T/swbuild.tmp.I9GXyx3j/Data.noindex/Test/aProject/build/aProject.build/Debug/TargetB.build/TargetB.DependencyMetadataFileList"]), Task(forTarget: TargetA, ruleInfo: ["WriteAuxiliaryFile", "/private/var/folders/xr/m5_5rlsd6l9fk2w4ngj13k6m0000gn/T/swbuild.tmp.I9GXyx3j/Data.noindex/Test/aProject/build/aProject.build/Debug/TargetA.build/TargetA.DependencyMetadataFileList"]), Task(forTarget: <none>, ruleInfo: ["Gate", "target-TargetB-T-TargetB-44533--AppExtensionInfoPlistGeneratorTaskProducer"]), Task(forTarget: <none>, ruleInfo: ["Gate", "target-TargetA-T-TargetA-44525--SwiftABIBaselineGenerationTaskProducer"]), Task(forTarget: <none>, ruleInfo: ["Gate", "target-TargetA-T-TargetA-44525--Barrier-Validate"]), Task(forTarget: <none>, ruleInfo: ["SwiftExplicitDependencyGeneratePcm", "arm64", "/private/var/folders/xr/m5_5rlsd6l9fk2w4ngj13k6m0000gn/T/swbuild.tmp.I9GXyx3j/Data.noindex/Test/aProject/build/SwiftExplicitPrecompiledModules/SwiftShims-1XRNFTFX3SVGVJQLDAOI208RW.pcm"]), Task(forTarget: TargetA, ruleInfo: ["SymLink", "/private/var/folders/xr/m5_5rlsd6l9fk2w4ngj13k6m0000gn/T/swbuild.tmp.I9GXyx3j/Data.noindex/Test/aProject/build/Debug/TargetA.framework/Headers", "Versions/Current/Headers"]), Task(forTarget: <none>, ruleInfo: ["Gate", "target-TargetA-T-TargetA-44525--generated-headers"]), Task(forTarget: TargetB, ruleInfo: ["SymLink", "/private/var/folders/xr/m5_5rlsd6l9fk2w4ngj13k6m0000gn/T/swbuild.tmp.I9GXyx3j/Data.noindex/Test/aProject/build/Debug/TargetB.framework/Modules", "Versions/Current/Modules"]), Task(forTarget: <none>, ruleInfo: ["WriteAuxiliaryFile", "/private/var/folders/xr/m5_5rlsd6l9fk2w4ngj13k6m0000gn/T/swbuild.tmp.I9GXyx3j/Data.noindex/Test/aProject/build/aProject.build/Debug/aProject-P44536-VFS/all-product-headers.yaml"]), Task(forTarget: <none>, ruleInfo: ["Gate", "target-TargetA-T-TargetA-44525--TAPISymbolExtractorTaskProducer"]), Task(forTarget: <none>, ruleInfo: ["Gate", "target-TargetA-T-TargetA-44525--TestTargetTaskProducer"]), Task(forTarget: <none>, ruleInfo: ["Gate", "target-TargetB-T-TargetB-44533--CopySwiftPackageResourcesTaskProducer"]), Task(forTarget: <none>, ruleInfo: ["Gate", "target-TargetB-T-TargetB-44533--AppIntentsMetadataTaskProducer"]), Task(forTarget: TargetA, ruleInfo: ["WriteAuxiliaryFile", "/private/var/folders/xr/m5_5rlsd6l9fk2w4ngj13k6m0000gn/T/swbuild.tmp.I9GXyx3j/Data.noindex/Test/aProject/build/aProject.build/Debug/TargetA.build/TargetA-all-target-headers.hmap"]), Task(forTarget: TargetB, ruleInfo: ["MkDir", "/private/var/folders/xr/m5_5rlsd6l9fk2w4ngj13k6m0000gn/T/swbuild.tmp.I9GXyx3j/Data.noindex/Test/aProject/build/Debug/TargetB.framework/Versions/A"]), Task(forTarget: <none>, ruleInfo: ["Gate", "target-TargetB-T-TargetB-44533--CustomTaskProducer"]), Task(forTarget: TargetB, ruleInfo: ["WriteAuxiliaryFile", "/private/var/folders/xr/m5_5rlsd6l9fk2w4ngj13k6m0000gn/T/swbuild.tmp.I9GXyx3j/Data.noindex/Test/aProject/build/aProject.build/Debug/TargetB.build/Objects-normal/arm64/TargetB.SwiftFileList"]), Task(forTarget: TargetB, ruleInfo: ["WriteAuxiliaryFile", "/private/var/folders/xr/m5_5rlsd6l9fk2w4ngj13k6m0000gn/T/swbuild.tmp.I9GXyx3j/Data.noindex/Test/aProject/build/aProject.build/Debug/TargetB.build/Objects-normal/arm64/TargetB-OutputFileMap.json"]), Task(forTarget: TargetA, ruleInfo: ["MkDir", "/private/var/folders/xr/m5_5rlsd6l9fk2w4ngj13k6m0000gn/T/swbuild.tmp.I9GXyx3j/Data.noindex/Test/aProject/build/Debug/TargetA.framework/Versions/A/Headers"]), Task(forTarget: <none>, ruleInfo: ["Gate", "target-TargetB-T-TargetB-44533--StubBinaryTaskProducer"]), Task(forTarget: <none>, ruleInfo: ["Gate", "target-TargetB-T-TargetB-44533--DocumentationTaskProducer"]), Task(forTarget: TargetA, ruleInfo: ["SwiftDriver", "TargetA", "normal", "arm64", "com.apple.xcode.tools.swift.compiler"]), Task(forTarget: <none>, ruleInfo: ["Gate", "target-TargetB-T-TargetB-44533--GenerateAppPlaygroundAssetCatalogTaskProducer"]), Task(forTarget: <none>, ruleInfo: ["Gate", "target-TargetA-T-TargetA-44525--Barrier-CodeSign"]), Task(forTarget: <none>, ruleInfo: ["Gate", "target-TargetA-T-TargetA-44525--AppExtensionInfoPlistGeneratorTaskProducer"]), Task(forTarget: TargetB, ruleInfo: ["Gate", "target-TargetB-T-TargetB-44533--entry"]), Task(forTarget: TargetB, ruleInfo: ["Gate", "target-TargetB-T-TargetB-44533--will-sign"]), Task(forTarget: <none>, ruleInfo: ["Gate", "target-TargetB-T-TargetB-44533--Barrier-CopyAside"]), Task(forTarget: <none>, ruleInfo: ["Gate", "target-TargetA-T-TargetA-44525--ProductStructureTaskProducer"]), Task(forTarget: TargetA, ruleInfo: ["Gate", "target-TargetA-T-TargetA-44525--begin-linking"]), Task(forTarget: TargetB, ruleInfo: ["Copy", "/private/var/folders/xr/m5_5rlsd6l9fk2w4ngj13k6m0000gn/T/swbuild.tmp.I9GXyx3j/Data.noindex/Test/aProject/build/Debug/TargetB.framework/Versions/A/Modules/TargetB.swiftmodule/arm64-apple-macos.swiftdoc", "/private/var/folders/xr/m5_5rlsd6l9fk2w4ngj13k6m0000gn/T/swbuild.tmp.I9GXyx3j/Data.noindex/Test/aProject/build/aProject.build/Debug/TargetB.build/Objects-normal/arm64/TargetB.swiftdoc"]), Task(forTarget: TargetB, ruleInfo: ["Copy", "/private/var/folders/xr/m5_5rlsd6l9fk2w4ngj13k6m0000gn/T/swbuild.tmp.I9GXyx3j/Data.noindex/Test/aProject/build/Debug/TargetB.framework/Versions/A/Modules/TargetB.swiftmodule/arm64-apple-macos.swiftmodule", "/private/var/folders/xr/m5_5rlsd6l9fk2w4ngj13k6m0000gn/T/swbuild.tmp.I9GXyx3j/Data.noindex/Test/aProject/build/aProject.build/Debug/TargetB.build/Objects-normal/arm64/TargetB.swiftmodule"]), Task(forTarget: TargetB, ruleInfo: ["SymLink", "/private/var/folders/xr/m5_5rlsd6l9fk2w4ngj13k6m0000gn/T/swbuild.tmp.I9GXyx3j/Data.noindex/Test/aProject/build/EagerLinkingTBDs/Debug/TargetB.framework/TargetB.tbd", "/private/var/folders/xr/m5_5rlsd6l9fk2w4ngj13k6m0000gn/T/swbuild.tmp.I9GXyx3j/Data.noindex/Test/aProject/build/EagerLinkingTBDs/Debug/TargetB.framework/Versions/A/TargetB.tbd"]), Task(forTarget: TargetA, ruleInfo: ["SwiftMergeGeneratedHeaders", "/private/var/folders/xr/m5_5rlsd6l9fk2w4ngj13k6m0000gn/T/swbuild.tmp.I9GXyx3j/Data.noindex/Test/aProject/build/Debug/TargetA.framework/Versions/A/Headers/TargetA-Swift.h", "/private/var/folders/xr/m5_5rlsd6l9fk2w4ngj13k6m0000gn/T/swbuild.tmp.I9GXyx3j/Data.noindex/Test/aProject/build/aProject.build/Debug/TargetA.build/Objects-normal/arm64/TargetA-Swift.h"]), Task(forTarget: <none>, ruleInfo: ["SwiftExplicitDependencyCompileModuleFromInterface", "arm64", "/private/var/folders/xr/m5_5rlsd6l9fk2w4ngj13k6m0000gn/T/swbuild.tmp.I9GXyx3j/Data.noindex/Test/aProject/build/SwiftExplicitPrecompiledModules/_Concurrency-CB34E6W1YOX6.swiftmodule"]), Task(forTarget: TargetA, ruleInfo: ["Gate", "target-TargetA-T-TargetA-44525--unsigned-product-ready"]), Task(forTarget: TargetA, ruleInfo: ["Gate", "target-TargetA-T-TargetA-44525--end"]), Task(forTarget: <none>, ruleInfo: ["Gate", "target-TargetA-T-TargetA-44525--ExtensionPointExtractorTaskProducer"]), Task(forTarget: TargetB, ruleInfo: ["Touch", "/private/var/folders/xr/m5_5rlsd6l9fk2w4ngj13k6m0000gn/T/swbuild.tmp.I9GXyx3j/Data.noindex/Test/aProject/build/Debug/TargetB.framework"]), Task(forTarget: TargetB, ruleInfo: ["Gate", "target-TargetB-T-TargetB-44533--linker-inputs-ready"]), Task(forTarget: TargetA, ruleInfo: ["WriteAuxiliaryFile", "/private/var/folders/xr/m5_5rlsd6l9fk2w4ngj13k6m0000gn/T/swbuild.tmp.I9GXyx3j/Data.noindex/Test/aProject/build/aProject.build/Debug/TargetA.build/Objects-normal/arm64/TargetA.SwiftFileList"]), Task(forTarget: TargetB, ruleInfo: ["WriteAuxiliaryFile", "/private/var/folders/xr/m5_5rlsd6l9fk2w4ngj13k6m0000gn/T/swbuild.tmp.I9GXyx3j/Data.noindex/Test/aProject/build/aProject.build/Debug/TargetB.build/TargetB-project-headers.hmap"]), Task(forTarget: <none>, ruleInfo: ["Gate", "target-TargetB-T-TargetB-44533--copy-headers-completion"]), Task(forTarget: <none>, ruleInfo: ["Gate", "target-TargetB-T-TargetB-44533--Barrier-Validate"]), Task(forTarget: TargetB, ruleInfo: ["Copy", "/private/var/folders/xr/m5_5rlsd6l9fk2w4ngj13k6m0000gn/T/swbuild.tmp.I9GXyx3j/Data.noindex/Test/aProject/build/Debug/TargetB.framework/Versions/A/Modules/TargetB.swiftmodule/arm64-apple-macos.abi.json", "/private/var/folders/xr/m5_5rlsd6l9fk2w4ngj13k6m0000gn/T/swbuild.tmp.I9GXyx3j/Data.noindex/Test/aProject/build/aProject.build/Debug/TargetB.build/Objects-normal/arm64/TargetB.abi.json"]), Task(forTarget: TargetA, ruleInfo: ["WriteAuxiliaryFile", "/private/var/folders/xr/m5_5rlsd6l9fk2w4ngj13k6m0000gn/T/swbuild.tmp.I9GXyx3j/Data.noindex/Test/aProject/build/aProject.build/Debug/TargetA.build/TargetA-own-target-headers.hmap"]), Task(forTarget: TargetB, ruleInfo: ["Gate", "target-TargetB-T-TargetB-44533--begin-scanning"]), Task(forTarget: TargetA, ruleInfo: ["WriteAuxiliaryFile", "/private/var/folders/xr/m5_5rlsd6l9fk2w4ngj13k6m0000gn/T/swbuild.tmp.I9GXyx3j/Data.noindex/Test/aProject/build/aProject.build/Debug/TargetA.build/TargetA.DependencyStaticMetadataFileList"]), Task(forTarget: <none>, ruleInfo: ["Gate", "target-TargetA-T-TargetA-44525--ModuleVerifierTaskProducer"]), Task(forTarget: TargetA, ruleInfo: ["SwiftCompile", "normal", "arm64", "Compiling fileA2.swift", "/private/var/folders/xr/m5_5rlsd6l9fk2w4ngj13k6m0000gn/T/swbuild.tmp.I9GXyx3j/Data.noindex/Test/aProject/Sources/fileA2.swift"]), Task(forTarget: TargetA, ruleInfo: ["Copy", "/private/var/folders/xr/m5_5rlsd6l9fk2w4ngj13k6m0000gn/T/swbuild.tmp.I9GXyx3j/Data.noindex/Test/aProject/build/Debug/TargetA.framework/Versions/A/Modules/TargetA.swiftmodule/arm64-apple-macos.swiftmodule", "/private/var/folders/xr/m5_5rlsd6l9fk2w4ngj13k6m0000gn/T/swbuild.tmp.I9GXyx3j/Data.noindex/Test/aProject/build/aProject.build/Debug/TargetA.build/Objects-normal/arm64/TargetA.swiftmodule"]), Task(forTarget: TargetA, ruleInfo: ["Gate", "target-TargetA-T-TargetA-44525--modules-ready"]), Task(forTarget: TargetB, ruleInfo: ["SwiftCompile", "normal", "arm64", "Compiling fileB1.swift", "/private/var/folders/xr/m5_5rlsd6l9fk2w4ngj13k6m0000gn/T/swbuild.tmp.I9GXyx3j/Data.noindex/Test/aProject/Sources/fileB1.swift"]), Task(forTarget: <none>, ruleInfo: ["Gate", "target-TargetB-T-TargetB-44533--Barrier-CodeSign"]), Task(forTarget: <none>, ruleInfo: ["Gate", "target-TargetB-T-TargetB-44533--generated-headers"]), Task(forTarget: <none>, ruleInfo: ["CreateBuildDirectory", "/private/var/folders/xr/m5_5rlsd6l9fk2w4ngj13k6m0000gn/T/swbuild.tmp.I9GXyx3j/Data.noindex/Test/aProject/build/SwiftExplicitPrecompiledModules"]), Task(forTarget: <none>, ruleInfo: ["Gate", "target-TargetA-T-TargetA-44525--SanitizerTaskProducer"]), Task(forTarget: TargetA, ruleInfo: ["SwiftDriver Compilation Requirements", "TargetA", "normal", "arm64", "com.apple.xcode.tools.swift.compiler"]), Task(forTarget: <none>, ruleInfo: ["CreateBuildDirectory", "/var/folders/xr/m5_5rlsd6l9fk2w4ngj13k6m0000gn/C/com.apple.DeveloperTools/26.4.1-17E202/Xcode/CompilationCache.noindex"]), Task(forTarget: <none>, ruleInfo: ["Gate", "target-TargetA-T-TargetA-44525--AppIntentsMetadataTaskProducer"]), Task(forTarget: TargetB, ruleInfo: ["SymLink", "/private/var/folders/xr/m5_5rlsd6l9fk2w4ngj13k6m0000gn/T/swbuild.tmp.I9GXyx3j/Data.noindex/Test/aProject/build/Debug/TargetB.framework/Versions/Current", "A"]), Task(forTarget: TargetA, ruleInfo: ["Copy", "/private/var/folders/xr/m5_5rlsd6l9fk2w4ngj13k6m0000gn/T/swbuild.tmp.I9GXyx3j/Data.noindex/Test/aProject/build/Debug/TargetA.framework/Versions/A/Modules/TargetA.swiftmodule/arm64-apple-macos.swiftdoc", "/private/var/folders/xr/m5_5rlsd6l9fk2w4ngj13k6m0000gn/T/swbuild.tmp.I9GXyx3j/Data.noindex/Test/aProject/build/aProject.build/Debug/TargetA.build/Objects-normal/arm64/TargetA.swiftdoc"]), Task(forTarget: TargetA, ruleInfo: ["RegisterExecutionPolicyException", "/private/var/folders/xr/m5_5rlsd6l9fk2w4ngj13k6m0000gn/T/swbuild.tmp.I9GXyx3j/Data.noindex/Test/aProject/build/Debug/TargetA.framework"]), Task(forTarget: <none>, ruleInfo: ["Gate", "target-TargetA-T-TargetA-44525--SwiftPackageCopyFilesTaskProducer"]), Task(forTarget: TargetA, ruleInfo: ["Copy", "/private/var/folders/xr/m5_5rlsd6l9fk2w4ngj13k6m0000gn/T/swbuild.tmp.I9GXyx3j/Data.noindex/Test/aProject/build/Debug/TargetA.framework/Versions/A/Modules/TargetA.swiftmodule/arm64-apple-macos.abi.json", "/private/var/folders/xr/m5_5rlsd6l9fk2w4ngj13k6m0000gn/T/swbuild.tmp.I9GXyx3j/Data.noindex/Test/aProject/build/aProject.build/Debug/TargetA.build/Objects-normal/arm64/TargetA.abi.json"]), Task(forTarget: TargetB, ruleInfo: ["SwiftEmitModule", "normal", "arm64", "Emitting module for TargetB"]), Task(forTarget: TargetA, ruleInfo: ["Touch", "/private/var/folders/xr/m5_5rlsd6l9fk2w4ngj13k6m0000gn/T/swbuild.tmp.I9GXyx3j/Data.noindex/Test/aProject/build/Debug/TargetA.framework"]), Task(forTarget: TargetA, ruleInfo: ["Gate", "target-TargetA-T-TargetA-44525--linker-inputs-ready"]), Task(forTarget: <none>, ruleInfo: ["Gate", "target-TargetB-T-TargetB-44533--ProductStructureTaskProducer"]), Task(forTarget: TargetB, ruleInfo: ["SwiftDriver Compilation", "TargetB", "normal", "arm64", "com.apple.xcode.tools.swift.compiler"]), Task(forTarget: <none>, ruleInfo: ["Gate", "target-TargetB-T-TargetB-44533--Barrier-RegisterExecutionPolicyException"]), Task(forTarget: TargetA, ruleInfo: ["WriteAuxiliaryFile", "/private/var/folders/xr/m5_5rlsd6l9fk2w4ngj13k6m0000gn/T/swbuild.tmp.I9GXyx3j/Data.noindex/Test/aProject/build/aProject.build/Debug/TargetA.build/Objects-normal/arm64/TargetA-OutputFileMap.json"]), Task(forTarget: <none>, ruleInfo: ["Gate", "target-TargetA-T-TargetA-44525--HeadermapTaskProducer"]), Task(forTarget: TargetB, ruleInfo: ["WriteAuxiliaryFile", "/private/var/folders/xr/m5_5rlsd6l9fk2w4ngj13k6m0000gn/T/swbuild.tmp.I9GXyx3j/Data.noindex/Test/aProject/build/aProject.build/Debug/TargetB.build/TargetB.DependencyStaticMetadataFileList"]), Task(forTarget: TargetA, ruleInfo: ["Gate", "target-TargetA-T-TargetA-44525--begin-compiling"]), Task(forTarget: <none>, ruleInfo: ["Gate", "target-TargetA-T-TargetA-44525--GeneratedFilesTaskProducer"]), Task(forTarget: <none>, ruleInfo: ["Gate", "target-TargetA-T-TargetA-44525--DocumentationTaskProducer"]), Task(forTarget: <none>, ruleInfo: ["Gate", "target-TargetB-T-TargetB-44533--InfoPlistTaskProducer"]), Task(forTarget: <none>, ruleInfo: ["Gate", "target-TargetA-T-TargetA-44525--SwiftFrameworkABICheckerTaskProducer"]), Task(forTarget: TargetB, ruleInfo: ["Gate", "target-TargetB-T-TargetB-44533--end"]), Task(forTarget: TargetA, ruleInfo: ["MkDir", "/private/var/folders/xr/m5_5rlsd6l9fk2w4ngj13k6m0000gn/T/swbuild.tmp.I9GXyx3j/Data.noindex/Test/aProject/build/Debug/TargetA.framework/Versions/A"]), Task(forTarget: <none>, ruleInfo: ["Gate", "target-TargetB-T-TargetB-44533--fused-phase0-compile-sources&link-binary"]), Task(forTarget: <none>, ruleInfo: ["Gate", "target-TargetB-T-TargetB-44533--SwiftStandardLibrariesTaskProducer"]), Task(forTarget: <none>, ruleInfo: ["Gate", "target-TargetB-T-TargetB-44533--SwiftABIBaselineGenerationTaskProducer"]), Task(forTarget: <none>, ruleInfo: ["Gate", "target-TargetA-T-TargetA-44525--TestTargetPostprocessingTaskProducer"]), Task(forTarget: <none>, ruleInfo: ["Gate", "target-TargetA-T-TargetA-44525--ProductPostprocessingTaskProducer"]), Task(forTarget: <none>, ruleInfo: ["Gate", "target-TargetB-T-TargetB-44533--RealityAssetsTaskProducer"]), Task(forTarget: TargetA, ruleInfo: ["Copy", "/private/var/folders/xr/m5_5rlsd6l9fk2w4ngj13k6m0000gn/T/swbuild.tmp.I9GXyx3j/Data.noindex/Test/aProject/build/Debug/TargetA.framework/Versions/A/Modules/TargetA.swiftmodule/Project/arm64-apple-macos.swiftsourceinfo", "/private/var/folders/xr/m5_5rlsd6l9fk2w4ngj13k6m0000gn/T/swbuild.tmp.I9GXyx3j/Data.noindex/Test/aProject/build/aProject.build/Debug/TargetA.build/Objects-normal/arm64/TargetA.swiftsourceinfo"]), Task(forTarget: TargetB, ruleInfo: ["Copy", "/private/var/folders/xr/m5_5rlsd6l9fk2w4ngj13k6m0000gn/T/swbuild.tmp.I9GXyx3j/Data.noindex/Test/aProject/build/Debug/TargetB.framework/Versions/A/Modules/TargetB.swiftmodule/Project/arm64-apple-macos.swiftsourceinfo", "/private/var/folders/xr/m5_5rlsd6l9fk2w4ngj13k6m0000gn/T/swbuild.tmp.I9GXyx3j/Data.noindex/Test/aProject/build/aProject.build/Debug/TargetB.build/Objects-normal/arm64/TargetB.swiftsourceinfo"]), Task(forTarget: TargetB, ruleInfo: ["WriteAuxiliaryFile", "/private/var/folders/xr/m5_5rlsd6l9fk2w4ngj13k6m0000gn/T/swbuild.tmp.I9GXyx3j/Data.noindex/Test/aProject/build/aProject.build/Debug/TargetB.build/TargetB-all-non-framework-target-headers.hmap"]), Task(forTarget: <none>, ruleInfo: ["Gate", "target-TargetB-T-TargetB-44533--Barrier-GenerateStubAPI"]), Task(forTarget: TargetB, ruleInfo: ["RegisterExecutionPolicyException", "/private/var/folders/xr/m5_5rlsd6l9fk2w4ngj13k6m0000gn/T/swbuild.tmp.I9GXyx3j/Data.noindex/Test/aProject/build/Debug/TargetB.framework"]), Task(forTarget: TargetA, ruleInfo: ["SwiftEmitModule", "normal", "arm64", "Emitting module for TargetA"]), Task(forTarget: <none>, ruleInfo: ["SwiftExplicitDependencyCompileModuleFromInterface", "arm64", "/private/var/folders/xr/m5_5rlsd6l9fk2w4ngj13k6m0000gn/T/swbuild.tmp.I9GXyx3j/Data.noindex/Test/aProject/build/SwiftExplicitPrecompiledModules/_StringProcessing-1O0ZQ2K74RYD5.swiftmodule"]), Task(forTarget: TargetB, ruleInfo: ["Gate", "target-TargetB-T-TargetB-44533--begin-linking"]), Task(forTarget: TargetB, ruleInfo: ["Gate", "target-TargetB-T-TargetB-44533--unsigned-product-ready"]), Task(forTarget: TargetB, ruleInfo: ["MkDir", "/private/var/folders/xr/m5_5rlsd6l9fk2w4ngj13k6m0000gn/T/swbuild.tmp.I9GXyx3j/Data.noindex/Test/aProject/build/Debug/TargetB.framework"]), Task(forTarget: <none>, ruleInfo: ["Gate", "target-TargetB-T-TargetB-44533--ExtensionPointExtractorTaskProducer"]), Task(forTarget: TargetA, ruleInfo: ["WriteAuxiliaryFile", "/private/var/folders/xr/m5_5rlsd6l9fk2w4ngj13k6m0000gn/T/swbuild.tmp.I9GXyx3j/Data.noindex/Test/aProject/build/aProject.build/Debug/TargetA.build/Objects-normal/arm64/TargetA_const_extract_protocols.json"]), Task(forTarget: <none>, ruleInfo: ["Gate", "target-TargetA-T-TargetA-44525--CustomTaskProducer"]), Task(forTarget: <none>, ruleInfo: ["ClangStatCache", "/Applications/Xcode17E.app/Contents/Developer/Toolchains/XcodeDefault.xctoolchain/usr/bin/clang-stat-cache", "/Applications/Xcode17E.app/Contents/Developer/Platforms/MacOSX.platform/Developer/SDKs/MacOSX26.4.sdk", "/private/var/folders/xr/m5_5rlsd6l9fk2w4ngj13k6m0000gn/T/swbuild.tmp.I9GXyx3j/Data.noindex/Test/SDKStatCaches.noindex/macosx26.4-25E260-95aa6cf8f3effd57bda17e0c125410c0.sdkstatcache"]), Task(forTarget: <none>, ruleInfo: ["Gate", "target-TargetB-T-TargetB-44533--TestEntryPointTaskProducerFactory"]), Task(forTarget: TargetA, ruleInfo: ["Gate", "target-TargetA-T-TargetA-44525--immediate"]), Task(forTarget: <none>, ruleInfo: ["CreateBuildDirectory", "/private/var/folders/xr/m5_5rlsd6l9fk2w4ngj13k6m0000gn/T/swbuild.tmp.I9GXyx3j/Data.noindex/Test/aProject/build/Debug"]), Task(forTarget: TargetA, ruleInfo: ["Gate", "target-TargetA-T-TargetA-44525--entry"]), Task(forTarget: <none>, ruleInfo: ["Gate", "target-TargetA-T-TargetA-44525--SwiftStandardLibrariesTaskProducer"]), Task(forTarget: <none>, ruleInfo: ["Gate", "target-TargetA-T-TargetA-44525--TestEntryPointTaskProducerFactory"]), Task(forTarget: TargetA, ruleInfo: ["WriteAuxiliaryFile", "/private/var/folders/xr/m5_5rlsd6l9fk2w4ngj13k6m0000gn/T/swbuild.tmp.I9GXyx3j/Data.noindex/Test/aProject/build/aProject.build/Debug/TargetA.build/TargetA-project-headers.hmap"]), Task(forTarget: <none>, ruleInfo: ["Gate", "target-TargetA-T-TargetA-44525--Barrier-GenerateStubAPI"]), Task(forTarget: TargetA, ruleInfo: ["MkDir", "/private/var/folders/xr/m5_5rlsd6l9fk2w4ngj13k6m0000gn/T/swbuild.tmp.I9GXyx3j/Data.noindex/Test/aProject/build/Debug/TargetA.framework"]), Task(forTarget: TargetB, ruleInfo: ["WriteAuxiliaryFile", "/private/var/folders/xr/m5_5rlsd6l9fk2w4ngj13k6m0000gn/T/swbuild.tmp.I9GXyx3j/Data.noindex/Test/aProject/build/aProject.build/Debug/TargetB.build/TargetB-generated-files.hmap"]), Task(forTarget: TargetB, ruleInfo: ["WriteAuxiliaryFile", "/private/var/folders/xr/m5_5rlsd6l9fk2w4ngj13k6m0000gn/T/swbuild.tmp.I9GXyx3j/Data.noindex/Test/aProject/build/aProject.build/Debug/TargetB.build/Objects-normal/arm64/TargetB_const_extract_protocols.json"]), Task(forTarget: TargetB, ruleInfo: ["MkDir", "/private/var/folders/xr/m5_5rlsd6l9fk2w4ngj13k6m0000gn/T/swbuild.tmp.I9GXyx3j/Data.noindex/Test/aProject/build/Debug/TargetB.framework/Versions"]), Task(forTarget: <none>, ruleInfo: ["Gate", "target-TargetA-T-TargetA-44525--CopySwiftPackageResourcesTaskProducer"]), Task(forTarget: <none>, ruleInfo: ["Gate", "target-TargetA-T-TargetA-44525--Barrier-ChangeAlternatePermissions"]), Task(forTarget: TargetA, ruleInfo: ["SymLink", "/private/var/folders/xr/m5_5rlsd6l9fk2w4ngj13k6m0000gn/T/swbuild.tmp.I9GXyx3j/Data.noindex/Test/aProject/build/EagerLinkingTBDs/Debug/TargetA.framework/TargetA.tbd", "/private/var/folders/xr/m5_5rlsd6l9fk2w4ngj13k6m0000gn/T/swbuild.tmp.I9GXyx3j/Data.noindex/Test/aProject/build/EagerLinkingTBDs/Debug/TargetA.framework/Versions/A/TargetA.tbd"]), Task(forTarget: <none>, ruleInfo: ["Gate", "target-TargetA-T-TargetA-44525--Barrier-RegisterExecutionPolicyException"]), Task(forTarget: <none>, ruleInfo: ["Gate", "target-TargetB-T-TargetB-44533--SwiftPackageCopyFilesTaskProducer"]), Task(forTarget: TargetA, ruleInfo: ["SwiftCompile", "normal", "arm64", "Compiling fileA1.swift", "/private/var/folders/xr/m5_5rlsd6l9fk2w4ngj13k6m0000gn/T/swbuild.tmp.I9GXyx3j/Data.noindex/Test/aProject/Sources/fileA1.swift"]), Task(forTarget: <none>, ruleInfo: ["Gate", "target-TargetB-T-TargetB-44533--Barrier-StripSymbols"]), Task(forTarget: TargetA, ruleInfo: ["WriteAuxiliaryFile", "/private/var/folders/xr/m5_5rlsd6l9fk2w4ngj13k6m0000gn/T/swbuild.tmp.I9GXyx3j/Data.noindex/Test/aProject/build/aProject.build/Debug/TargetA.build/TargetA-all-non-framework-target-headers.hmap"]), Task(forTarget: <none>, ruleInfo: ["Gate", "target-TargetB-T-TargetB-44533--SanitizerTaskProducer"]), Task(forTarget: <none>, ruleInfo: ["Gate", "target-TargetB-T-TargetB-44533--swift-generated-headers"]), Task(forTarget: <none>, ruleInfo: ["Gate", "target-TargetB-T-TargetB-44533--Barrier-RegisterProduct"]), Task(forTarget: <none>, ruleInfo: ["Gate", "target-TargetB-T-TargetB-44533--GeneratedFilesTaskProducer"]), Task(forTarget: <none>, ruleInfo: ["Gate", "target-TargetA-T-TargetA-44525--Barrier-StripSymbols"]), Task(forTarget: TargetB, ruleInfo: ["GenerateTAPI", "/private/var/folders/xr/m5_5rlsd6l9fk2w4ngj13k6m0000gn/T/swbuild.tmp.I9GXyx3j/Data.noindex/Test/aProject/build/EagerLinkingTBDs/Debug/TargetB.framework/Versions/A/TargetB.tbd"]), Task(forTarget: <none>, ruleInfo: ["Gate", "target-TargetA-T-TargetA-44525--GenerateAppPlaygroundAssetCatalogTaskProducer"]), Task(forTarget: <none>, ruleInfo: ["Gate", "target-TargetA-T-TargetA-44525--Barrier-ChangePermissions"]), Task(forTarget: TargetA, ruleInfo: ["WriteAuxiliaryFile", "/private/var/folders/xr/m5_5rlsd6l9fk2w4ngj13k6m0000gn/T/swbuild.tmp.I9GXyx3j/Data.noindex/Test/aProject/build/aProject.build/Debug/TargetA.build/Objects-normal/arm64/TargetA.SwiftConstValuesFileList"]), Task(forTarget: TargetA, ruleInfo: ["MkDir", "/private/var/folders/xr/m5_5rlsd6l9fk2w4ngj13k6m0000gn/T/swbuild.tmp.I9GXyx3j/Data.noindex/Test/aProject/build/Debug/TargetA.framework/Versions"]), Task(forTarget: <none>, ruleInfo: ["Gate", "target-TargetA-T-TargetA-44525--StubBinaryTaskProducer"]), Task(forTarget: <none>, ruleInfo: ["Gate", "target-TargetB-T-TargetB-44533--ProductPostprocessingTaskProducer"]), Task(forTarget: TargetA, ruleInfo: ["WriteAuxiliaryFile", "/private/var/folders/xr/m5_5rlsd6l9fk2w4ngj13k6m0000gn/T/swbuild.tmp.I9GXyx3j/Data.noindex/Test/aProject/build/aProject.build/Debug/TargetA.build/Objects-normal/arm64/TargetA.LinkFileList"]), Task(forTarget: <none>, ruleInfo: ["Gate", "target-TargetA-T-TargetA-44525--ModuleMapTaskProducer"]), Task(forTarget: TargetA, ruleInfo: ["ExtractAppIntentsMetadata"]), Task(forTarget: TargetB, ruleInfo: ["WriteAuxiliaryFile", "/private/var/folders/xr/m5_5rlsd6l9fk2w4ngj13k6m0000gn/T/swbuild.tmp.I9GXyx3j/Data.noindex/Test/aProject/build/aProject.build/Debug/TargetB.build/TargetB.hmap"]), Task(forTarget: TargetA, ruleInfo: ["SymLink", "/private/var/folders/xr/m5_5rlsd6l9fk2w4ngj13k6m0000gn/T/swbuild.tmp.I9GXyx3j/Data.noindex/Test/aProject/build/Debug/TargetA.framework/TargetA", "Versions/Current/TargetA"]), Task(forTarget: TargetB, ruleInfo: ["MkDir", "/private/var/folders/xr/m5_5rlsd6l9fk2w4ngj13k6m0000gn/T/swbuild.tmp.I9GXyx3j/Data.noindex/Test/aProject/build/Debug/TargetB.framework/Versions/A/Headers"]), Task(forTarget: <none>, ruleInfo: ["CreateBuildDirectory", "/private/var/folders/xr/m5_5rlsd6l9fk2w4ngj13k6m0000gn/T/swbuild.tmp.I9GXyx3j/Data.noindex/Test/aProject/build/ExplicitPrecompiledModules"]), Task(forTarget: <none>, ruleInfo: ["Gate", "target-TargetA-T-TargetA-44525--RealityAssetsTaskProducer"]), Task(forTarget: <none>, ruleInfo: ["Gate", "target-TargetA-T-TargetA-44525--TestHostTaskProducer"]), Task(forTarget: TargetA, ruleInfo: ["Gate", "target-TargetA-T-TargetA-44525--will-sign"]), Task(forTarget: <none>, ruleInfo: ["CreateBuildDirectory", "/private/var/folders/xr/m5_5rlsd6l9fk2w4ngj13k6m0000gn/T/swbuild.tmp.I9GXyx3j/Data.noindex/Test/aProject/build/SharedPrecompiledHeaders"]), Task(forTarget: TargetA, ruleInfo: ["WriteAuxiliaryFile", "/private/var/folders/xr/m5_5rlsd6l9fk2w4ngj13k6m0000gn/T/swbuild.tmp.I9GXyx3j/Data.noindex/Test/aProject/build/aProject.build/Debug/TargetA.build/TargetA.hmap"]), Task(forTarget: TargetA, ruleInfo: ["SymLink", "/private/var/folders/xr/m5_5rlsd6l9fk2w4ngj13k6m0000gn/T/swbuild.tmp.I9GXyx3j/Data.noindex/Test/aProject/build/Debug/TargetA.framework/Modules", "Versions/Current/Modules"]), Task(forTarget: <none>, ruleInfo: ["Gate", "target-TargetA-T-TargetA-44525--copy-headers-completion"]), Task(forTarget: <none>, ruleInfo: ["Gate", "target-TargetA-T-TargetA-44525--fused-phase0-compile-sources"]), Task(forTarget: <none>, ruleInfo: ["Gate", "WorkspaceHeaderMapVFSFilesWritten"]), Task(forTarget: TargetB, ruleInfo: ["SymLink", "/private/var/folders/xr/m5_5rlsd6l9fk2w4ngj13k6m0000gn/T/swbuild.tmp.I9GXyx3j/Data.noindex/Test/aProject/build/Debug/TargetB.framework/Headers", "Versions/Current/Headers"]), Task(forTarget: TargetB, ruleInfo: ["SwiftDriver Compilation Requirements", "TargetB", "normal", "arm64", "com.apple.xcode.tools.swift.compiler"]), Task(forTarget: <none>, ruleInfo: ["Gate", "target-TargetA-T-TargetA-44525--Barrier-RegisterProduct"]), Task(forTarget: TargetB, ruleInfo: ["Gate", "target-TargetB-T-TargetB-44533--modules-ready"]), Task(forTarget: <none>, ruleInfo: ["CreateBuildDirectory", "/private/var/folders/xr/m5_5rlsd6l9fk2w4ngj13k6m0000gn/T/swbuild.tmp.I9GXyx3j/Data.noindex/Test/aProject/build/EagerLinkingTBDs/Debug"]), Task(forTarget: TargetB, ruleInfo: ["WriteAuxiliaryFile", "/private/var/folders/xr/m5_5rlsd6l9fk2w4ngj13k6m0000gn/T/swbuild.tmp.I9GXyx3j/Data.noindex/Test/aProject/build/aProject.build/Debug/TargetB.build/TargetB-all-target-headers.hmap"]), Task(forTarget: <none>, ruleInfo: ["Gate", "target-TargetB-T-TargetB-44533--ModuleVerifierTaskProducer"]), Task(forTarget: TargetA, ruleInfo: ["Gate", "target-TargetA-T-TargetA-44525--begin-scanning"]), Task(forTarget: TargetB, ruleInfo: ["Gate", "target-TargetB-T-TargetB-44533--immediate"]), Task(forTarget: TargetA, ruleInfo: ["GenerateTAPI", "/private/var/folders/xr/m5_5rlsd6l9fk2w4ngj13k6m0000gn/T/swbuild.tmp.I9GXyx3j/Data.noindex/Test/aProject/build/EagerLinkingTBDs/Debug/TargetA.framework/Versions/A/TargetA.tbd"]), Task(forTarget: TargetB, ruleInfo: ["SymLink", "/private/var/folders/xr/m5_5rlsd6l9fk2w4ngj13k6m0000gn/T/swbuild.tmp.I9GXyx3j/Data.noindex/Test/aProject/build/Debug/TargetB.framework/TargetB", "Versions/Current/TargetB"]), Task(forTarget: TargetB, ruleInfo: ["SwiftCompile", "normal", "arm64", "Compiling fileB2.swift", "/private/var/folders/xr/m5_5rlsd6l9fk2w4ngj13k6m0000gn/T/swbuild.tmp.I9GXyx3j/Data.noindex/Test/aProject/Sources/fileB2.swift"])]
↳ Occasionally fails in CI due to SwiftExplicitDependencyCompileModuleFromInterface missing from the dependency graph
━ Test swiftEagerCompilationWithExplicitModules() recorded a known issue at SwiftDriverTests.swift:3589:55: Issue recorded
↳ Task Task(forTarget: TargetB, ruleInfo: ["SwiftCompile", "normal", "arm64", "Compiling fileB2.swift", "/private/var/folders/xr/m5_5rlsd6l9fk2w4ngj13k6m0000gn/T/swbuild.tmp.I9GXyx3j/Data.noindex/Test/aProject/Sources/fileB2.swift"]) does not follow any tasks matching [Rule matches [SWBTestSupport.StringPattern.equal("SwiftExplicitDependencyGeneratePcm"), SWBTestSupport.StringPattern.equal("normal"), SWBTestSupport.StringPattern.equal("arm64"), SWBTestSupport.StringPattern.contains("_SwiftConcurrencyShims-")]]. Found: [] in [Task(forTarget: <none>, ruleInfo: ["Gate", "target-TargetA-T-TargetA-44525--Barrier-CopyAside"]), Task(forTarget: <none>, ruleInfo: ["Gate", "target-TargetA-T-TargetA-44525--InfoPlistTaskProducer"]), Task(forTarget: <none>, ruleInfo: ["Gate", "target-TargetB-T-TargetB-44533--Barrier-ChangeAlternatePermissions"]), Task(forTarget: <none>, ruleInfo: ["Gate", "target-TargetA-T-TargetA-44525--swift-generated-headers"]), Task(forTarget: TargetB, ruleInfo: ["ExtractAppIntentsMetadata"]), Task(forTarget: TargetB, ruleInfo: ["SwiftDriver", "TargetB", "normal", "arm64", "com.apple.xcode.tools.swift.compiler"]), Task(forTarget: TargetB, ruleInfo: ["WriteAuxiliaryFile", "/private/var/folders/xr/m5_5rlsd6l9fk2w4ngj13k6m0000gn/T/swbuild.tmp.I9GXyx3j/Data.noindex/Test/aProject/build/aProject.build/Debug/TargetB.build/TargetB-own-target-headers.hmap"]), Task(forTarget: TargetA, ruleInfo: ["WriteAuxiliaryFile", "/private/var/folders/xr/m5_5rlsd6l9fk2w4ngj13k6m0000gn/T/swbuild.tmp.I9GXyx3j/Data.noindex/Test/aProject/build/aProject.build/Debug/TargetA.build/TargetA-generated-files.hmap"]), Task(forTarget: TargetA, ruleInfo: ["SwiftDriver Compilation", "TargetA", "normal", "arm64", "com.apple.xcode.tools.swift.compiler"]), Task(forTarget: TargetA, ruleInfo: ["Ld", "/private/var/folders/xr/m5_5rlsd6l9fk2w4ngj13k6m0000gn/T/swbuild.tmp.I9GXyx3j/Data.noindex/Test/aProject/build/Debug/TargetA.framework/Versions/A/TargetA", "normal"]), Task(forTarget: <none>, ruleInfo: ["SwiftExplicitDependencyCompileModuleFromInterface", "arm64", "/private/var/folders/xr/m5_5rlsd6l9fk2w4ngj13k6m0000gn/T/swbuild.tmp.I9GXyx3j/Data.noindex/Test/aProject/build/SwiftExplicitPrecompiledModules/Swift-NBB0GQDQYZZH.swiftmodule"]), Task(forTarget: TargetB, ruleInfo: ["SwiftMergeGeneratedHeaders", "/private/var/folders/xr/m5_5rlsd6l9fk2w4ngj13k6m0000gn/T/swbuild.tmp.I9GXyx3j/Data.noindex/Test/aProject/build/Debug/TargetB.framework/Versions/A/Headers/TargetB-Swift.h", "/private/var/folders/xr/m5_5rlsd6l9fk2w4ngj13k6m0000gn/T/swbuild.tmp.I9GXyx3j/Data.noindex/Test/aProject/build/aProject.build/Debug/TargetB.build/Objects-normal/arm64/TargetB-Swift.h"]), Task(forTarget: <none>, ruleInfo: ["Gate", "target-TargetB-T-TargetB-44533--TestHostTaskProducer"]), Task(forTarget: TargetB, ruleInfo: ["WriteAuxiliaryFile", "/private/var/folders/xr/m5_5rlsd6l9fk2w4ngj13k6m0000gn/T/swbuild.tmp.I9GXyx3j/Data.noindex/Test/aProject/build/aProject.build/Debug/TargetB.build/Objects-normal/arm64/TargetB.SwiftConstValuesFileList"]), Task(forTarget: <none>, ruleInfo: ["Gate", "target-TargetB-T-TargetB-44533--ModuleMapTaskProducer"]), Task(forTarget: <none>, ruleInfo: ["Gate", "target-TargetB-T-TargetB-44533--SwiftFrameworkABICheckerTaskProducer"]), Task(forTarget: <none>, ruleInfo: ["Gate", "target-TargetB-T-TargetB-44533--Barrier-ChangePermissions"]), Task(forTarget: TargetB, ruleInfo: ["Gate", "target-TargetB-T-TargetB-44533--begin-compiling"]), Task(forTarget: <none>, ruleInfo: ["Gate", "target-TargetB-T-TargetB-44533--TestTargetTaskProducer"]), Task(forTarget: <none>, ruleInfo: ["Gate", "target-TargetB-T-TargetB-44533--TAPISymbolExtractorTaskProducer"]), Task(forTarget: <none>, ruleInfo: ["Gate", "target-TargetB-T-TargetB-44533--HeadermapTaskProducer"]), Task(forTarget: TargetB, ruleInfo: ["Ld", "/private/var/folders/xr/m5_5rlsd6l9fk2w4ngj13k6m0000gn/T/swbuild.tmp.I9GXyx3j/Data.noindex/Test/aProject/build/Debug/TargetB.framework/Versions/A/TargetB", "normal"]), Task(forTarget: TargetB, ruleInfo: ["WriteAuxiliaryFile", "/private/var/folders/xr/m5_5rlsd6l9fk2w4ngj13k6m0000gn/T/swbuild.tmp.I9GXyx3j/Data.noindex/Test/aProject/build/aProject.build/Debug/TargetB.build/Objects-normal/arm64/TargetB.LinkFileList"]), Task(forTarget: <none>, ruleInfo: ["Gate", "target-TargetB-T-TargetB-44533--TestTargetPostprocessingTaskProducer"]), Task(forTarget: <none>, ruleInfo: ["SwiftExplicitDependencyGeneratePcm", "arm64", "/private/var/folders/xr/m5_5rlsd6l9fk2w4ngj13k6m0000gn/T/swbuild.tmp.I9GXyx3j/Data.noindex/Test/aProject/build/SwiftExplicitPrecompiledModules/_SwiftConcurrencyShims-AIZW70LS1W2L0PXECXLASUUHS.pcm"]), Task(forTarget: TargetA, ruleInfo: ["SymLink", "/private/var/folders/xr/m5_5rlsd6l9fk2w4ngj13k6m0000gn/T/swbuild.tmp.I9GXyx3j/Data.noindex/Test/aProject/build/Debug/TargetA.framework/Versions/Current", "A"]), Task(forTarget: <none>, ruleInfo: ["CreateBuildDirectory", "/private/var/folders/xr/m5_5rlsd6l9fk2w4ngj13k6m0000gn/T/swbuild.tmp.I9GXyx3j/Data.noindex/Test/aProject/build"]), Task(forTarget: TargetB, ruleInfo: ["WriteAuxiliaryFile", "/private/var/folders/xr/m5_5rlsd6l9fk2w4ngj13k6m0000gn/T/swbuild.tmp.I9GXyx3j/Data.noindex/Test/aProject/build/aProject.build/Debug/TargetB.build/TargetB.DependencyMetadataFileList"]), Task(forTarget: TargetA, ruleInfo: ["WriteAuxiliaryFile", "/private/var/folders/xr/m5_5rlsd6l9fk2w4ngj13k6m0000gn/T/swbuild.tmp.I9GXyx3j/Data.noindex/Test/aProject/build/aProject.build/Debug/TargetA.build/TargetA.DependencyMetadataFileList"]), Task(forTarget: <none>, ruleInfo: ["Gate", "target-TargetB-T-TargetB-44533--AppExtensionInfoPlistGeneratorTaskProducer"]), Task(forTarget: <none>, ruleInfo: ["Gate", "target-TargetA-T-TargetA-44525--SwiftABIBaselineGenerationTaskProducer"]), Task(forTarget: <none>, ruleInfo: ["Gate", "target-TargetA-T-TargetA-44525--Barrier-Validate"]), Task(forTarget: <none>, ruleInfo: ["SwiftExplicitDependencyGeneratePcm", "arm64", "/private/var/folders/xr/m5_5rlsd6l9fk2w4ngj13k6m0000gn/T/swbuild.tmp.I9GXyx3j/Data.noindex/Test/aProject/build/SwiftExplicitPrecompiledModules/SwiftShims-1XRNFTFX3SVGVJQLDAOI208RW.pcm"]), Task(forTarget: TargetA, ruleInfo: ["SymLink", "/private/var/folders/xr/m5_5rlsd6l9fk2w4ngj13k6m0000gn/T/swbuild.tmp.I9GXyx3j/Data.noindex/Test/aProject/build/Debug/TargetA.framework/Headers", "Versions/Current/Headers"]), Task(forTarget: <none>, ruleInfo: ["Gate", "target-TargetA-T-TargetA-44525--generated-headers"]), Task(forTarget: TargetB, ruleInfo: ["SymLink", "/private/var/folders/xr/m5_5rlsd6l9fk2w4ngj13k6m0000gn/T/swbuild.tmp.I9GXyx3j/Data.noindex/Test/aProject/build/Debug/TargetB.framework/Modules", "Versions/Current/Modules"]), Task(forTarget: <none>, ruleInfo: ["WriteAuxiliaryFile", "/private/var/folders/xr/m5_5rlsd6l9fk2w4ngj13k6m0000gn/T/swbuild.tmp.I9GXyx3j/Data.noindex/Test/aProject/build/aProject.build/Debug/aProject-P44536-VFS/all-product-headers.yaml"]), Task(forTarget: <none>, ruleInfo: ["Gate", "target-TargetA-T-TargetA-44525--TAPISymbolExtractorTaskProducer"]), Task(forTarget: <none>, ruleInfo: ["Gate", "target-TargetA-T-TargetA-44525--TestTargetTaskProducer"]), Task(forTarget: <none>, ruleInfo: ["Gate", "target-TargetB-T-TargetB-44533--CopySwiftPackageResourcesTaskProducer"]), Task(forTarget: <none>, ruleInfo: ["Gate", "target-TargetB-T-TargetB-44533--AppIntentsMetadataTaskProducer"]), Task(forTarget: TargetA, ruleInfo: ["WriteAuxiliaryFile", "/private/var/folders/xr/m5_5rlsd6l9fk2w4ngj13k6m0000gn/T/swbuild.tmp.I9GXyx3j/Data.noindex/Test/aProject/build/aProject.build/Debug/TargetA.build/TargetA-all-target-headers.hmap"]), Task(forTarget: TargetB, ruleInfo: ["MkDir", "/private/var/folders/xr/m5_5rlsd6l9fk2w4ngj13k6m0000gn/T/swbuild.tmp.I9GXyx3j/Data.noindex/Test/aProject/build/Debug/TargetB.framework/Versions/A"]), Task(forTarget: <none>, ruleInfo: ["Gate", "target-TargetB-T-TargetB-44533--CustomTaskProducer"]), Task(forTarget: TargetB, ruleInfo: ["WriteAuxiliaryFile", "/private/var/folders/xr/m5_5rlsd6l9fk2w4ngj13k6m0000gn/T/swbuild.tmp.I9GXyx3j/Data.noindex/Test/aProject/build/aProject.build/Debug/TargetB.build/Objects-normal/arm64/TargetB.SwiftFileList"]), Task(forTarget: TargetB, ruleInfo: ["WriteAuxiliaryFile", "/private/var/folders/xr/m5_5rlsd6l9fk2w4ngj13k6m0000gn/T/swbuild.tmp.I9GXyx3j/Data.noindex/Test/aProject/build/aProject.build/Debug/TargetB.build/Objects-normal/arm64/TargetB-OutputFileMap.json"]), Task(forTarget: TargetA, ruleInfo: ["MkDir", "/private/var/folders/xr/m5_5rlsd6l9fk2w4ngj13k6m0000gn/T/swbuild.tmp.I9GXyx3j/Data.noindex/Test/aProject/build/Debug/TargetA.framework/Versions/A/Headers"]), Task(forTarget: <none>, ruleInfo: ["Gate", "target-TargetB-T-TargetB-44533--StubBinaryTaskProducer"]), Task(forTarget: <none>, ruleInfo: ["Gate", "target-TargetB-T-TargetB-44533--DocumentationTaskProducer"]), Task(forTarget: TargetA, ruleInfo: ["SwiftDriver", "TargetA", "normal", "arm64", "com.apple.xcode.tools.swift.compiler"]), Task(forTarget: <none>, ruleInfo: ["Gate", "target-TargetB-T-TargetB-44533--GenerateAppPlaygroundAssetCatalogTaskProducer"]), Task(forTarget: <none>, ruleInfo: ["Gate", "target-TargetA-T-TargetA-44525--Barrier-CodeSign"]), Task(forTarget: <none>, ruleInfo: ["Gate", "target-TargetA-T-TargetA-44525--AppExtensionInfoPlistGeneratorTaskProducer"]), Task(forTarget: TargetB, ruleInfo: ["Gate", "target-TargetB-T-TargetB-44533--entry"]), Task(forTarget: TargetB, ruleInfo: ["Gate", "target-TargetB-T-TargetB-44533--will-sign"]), Task(forTarget: <none>, ruleInfo: ["Gate", "target-TargetB-T-TargetB-44533--Barrier-CopyAside"]), Task(forTarget: <none>, ruleInfo: ["Gate", "target-TargetA-T-TargetA-44525--ProductStructureTaskProducer"]), Task(forTarget: TargetA, ruleInfo: ["Gate", "target-TargetA-T-TargetA-44525--begin-linking"]), Task(forTarget: TargetB, ruleInfo: ["Copy", "/private/var/folders/xr/m5_5rlsd6l9fk2w4ngj13k6m0000gn/T/swbuild.tmp.I9GXyx3j/Data.noindex/Test/aProject/build/Debug/TargetB.framework/Versions/A/Modules/TargetB.swiftmodule/arm64-apple-macos.swiftdoc", "/private/var/folders/xr/m5_5rlsd6l9fk2w4ngj13k6m0000gn/T/swbuild.tmp.I9GXyx3j/Data.noindex/Test/aProject/build/aProject.build/Debug/TargetB.build/Objects-normal/arm64/TargetB.swiftdoc"]), Task(forTarget: TargetB, ruleInfo: ["Copy", "/private/var/folders/xr/m5_5rlsd6l9fk2w4ngj13k6m0000gn/T/swbuild.tmp.I9GXyx3j/Data.noindex/Test/aProject/build/Debug/TargetB.framework/Versions/A/Modules/TargetB.swiftmodule/arm64-apple-macos.swiftmodule", "/private/var/folders/xr/m5_5rlsd6l9fk2w4ngj13k6m0000gn/T/swbuild.tmp.I9GXyx3j/Data.noindex/Test/aProject/build/aProject.build/Debug/TargetB.build/Objects-normal/arm64/TargetB.swiftmodule"]), Task(forTarget: TargetB, ruleInfo: ["SymLink", "/private/var/folders/xr/m5_5rlsd6l9fk2w4ngj13k6m0000gn/T/swbuild.tmp.I9GXyx3j/Data.noindex/Test/aProject/build/EagerLinkingTBDs/Debug/TargetB.framework/TargetB.tbd", "/private/var/folders/xr/m5_5rlsd6l9fk2w4ngj13k6m0000gn/T/swbuild.tmp.I9GXyx3j/Data.noindex/Test/aProject/build/EagerLinkingTBDs/Debug/TargetB.framework/Versions/A/TargetB.tbd"]), Task(forTarget: TargetA, ruleInfo: ["SwiftMergeGeneratedHeaders", "/private/var/folders/xr/m5_5rlsd6l9fk2w4ngj13k6m0000gn/T/swbuild.tmp.I9GXyx3j/Data.noindex/Test/aProject/build/Debug/TargetA.framework/Versions/A/Headers/TargetA-Swift.h", "/private/var/folders/xr/m5_5rlsd6l9fk2w4ngj13k6m0000gn/T/swbuild.tmp.I9GXyx3j/Data.noindex/Test/aProject/build/aProject.build/Debug/TargetA.build/Objects-normal/arm64/TargetA-Swift.h"]), Task(forTarget: <none>, ruleInfo: ["SwiftExplicitDependencyCompileModuleFromInterface", "arm64", "/private/var/folders/xr/m5_5rlsd6l9fk2w4ngj13k6m0000gn/T/swbuild.tmp.I9GXyx3j/Data.noindex/Test/aProject/build/SwiftExplicitPrecompiledModules/_Concurrency-CB34E6W1YOX6.swiftmodule"]), Task(forTarget: TargetA, ruleInfo: ["Gate", "target-TargetA-T-TargetA-44525--unsigned-product-ready"]), Task(forTarget: TargetA, ruleInfo: ["Gate", "target-TargetA-T-TargetA-44525--end"]), Task(forTarget: <none>, ruleInfo: ["Gate", "target-TargetA-T-TargetA-44525--ExtensionPointExtractorTaskProducer"]), Task(forTarget: TargetB, ruleInfo: ["Touch", "/private/var/folders/xr/m5_5rlsd6l9fk2w4ngj13k6m0000gn/T/swbuild.tmp.I9GXyx3j/Data.noindex/Test/aProject/build/Debug/TargetB.framework"]), Task(forTarget: TargetB, ruleInfo: ["Gate", "target-TargetB-T-TargetB-44533--linker-inputs-ready"]), Task(forTarget: TargetA, ruleInfo: ["WriteAuxiliaryFile", "/private/var/folders/xr/m5_5rlsd6l9fk2w4ngj13k6m0000gn/T/swbuild.tmp.I9GXyx3j/Data.noindex/Test/aProject/build/aProject.build/Debug/TargetA.build/Objects-normal/arm64/TargetA.SwiftFileList"]), Task(forTarget: TargetB, ruleInfo: ["WriteAuxiliaryFile", "/private/var/folders/xr/m5_5rlsd6l9fk2w4ngj13k6m0000gn/T/swbuild.tmp.I9GXyx3j/Data.noindex/Test/aProject/build/aProject.build/Debug/TargetB.build/TargetB-project-headers.hmap"]), Task(forTarget: <none>, ruleInfo: ["Gate", "target-TargetB-T-TargetB-44533--copy-headers-completion"]), Task(forTarget: <none>, ruleInfo: ["Gate", "target-TargetB-T-TargetB-44533--Barrier-Validate"]), Task(forTarget: TargetB, ruleInfo: ["Copy", "/private/var/folders/xr/m5_5rlsd6l9fk2w4ngj13k6m0000gn/T/swbuild.tmp.I9GXyx3j/Data.noindex/Test/aProject/build/Debug/TargetB.framework/Versions/A/Modules/TargetB.swiftmodule/arm64-apple-macos.abi.json", "/private/var/folders/xr/m5_5rlsd6l9fk2w4ngj13k6m0000gn/T/swbuild.tmp.I9GXyx3j/Data.noindex/Test/aProject/build/aProject.build/Debug/TargetB.build/Objects-normal/arm64/TargetB.abi.json"]), Task(forTarget: TargetA, ruleInfo: ["WriteAuxiliaryFile", "/private/var/folders/xr/m5_5rlsd6l9fk2w4ngj13k6m0000gn/T/swbuild.tmp.I9GXyx3j/Data.noindex/Test/aProject/build/aProject.build/Debug/TargetA.build/TargetA-own-target-headers.hmap"]), Task(forTarget: TargetB, ruleInfo: ["Gate", "target-TargetB-T-TargetB-44533--begin-scanning"]), Task(forTarget: TargetA, ruleInfo: ["WriteAuxiliaryFile", "/private/var/folders/xr/m5_5rlsd6l9fk2w4ngj13k6m0000gn/T/swbuild.tmp.I9GXyx3j/Data.noindex/Test/aProject/build/aProject.build/Debug/TargetA.build/TargetA.DependencyStaticMetadataFileList"]), Task(forTarget: <none>, ruleInfo: ["Gate", "target-TargetA-T-TargetA-44525--ModuleVerifierTaskProducer"]), Task(forTarget: TargetA, ruleInfo: ["SwiftCompile", "normal", "arm64", "Compiling fileA2.swift", "/private/var/folders/xr/m5_5rlsd6l9fk2w4ngj13k6m0000gn/T/swbuild.tmp.I9GXyx3j/Data.noindex/Test/aProject/Sources/fileA2.swift"]), Task(forTarget: TargetA, ruleInfo: ["Copy", "/private/var/folders/xr/m5_5rlsd6l9fk2w4ngj13k6m0000gn/T/swbuild.tmp.I9GXyx3j/Data.noindex/Test/aProject/build/Debug/TargetA.framework/Versions/A/Modules/TargetA.swiftmodule/arm64-apple-macos.swiftmodule", "/private/var/folders/xr/m5_5rlsd6l9fk2w4ngj13k6m0000gn/T/swbuild.tmp.I9GXyx3j/Data.noindex/Test/aProject/build/aProject.build/Debug/TargetA.build/Objects-normal/arm64/TargetA.swiftmodule"]), Task(forTarget: TargetA, ruleInfo: ["Gate", "target-TargetA-T-TargetA-44525--modules-ready"]), Task(forTarget: TargetB, ruleInfo: ["SwiftCompile", "normal", "arm64", "Compiling fileB1.swift", "/private/var/folders/xr/m5_5rlsd6l9fk2w4ngj13k6m0000gn/T/swbuild.tmp.I9GXyx3j/Data.noindex/Test/aProject/Sources/fileB1.swift"]), Task(forTarget: <none>, ruleInfo: ["Gate", "target-TargetB-T-TargetB-44533--Barrier-CodeSign"]), Task(forTarget: <none>, ruleInfo: ["Gate", "target-TargetB-T-TargetB-44533--generated-headers"]), Task(forTarget: <none>, ruleInfo: ["CreateBuildDirectory", "/private/var/folders/xr/m5_5rlsd6l9fk2w4ngj13k6m0000gn/T/swbuild.tmp.I9GXyx3j/Data.noindex/Test/aProject/build/SwiftExplicitPrecompiledModules"]), Task(forTarget: <none>, ruleInfo: ["Gate", "target-TargetA-T-TargetA-44525--SanitizerTaskProducer"]), Task(forTarget: TargetA, ruleInfo: ["SwiftDriver Compilation Requirements", "TargetA", "normal", "arm64", "com.apple.xcode.tools.swift.compiler"]), Task(forTarget: <none>, ruleInfo: ["CreateBuildDirectory", "/var/folders/xr/m5_5rlsd6l9fk2w4ngj13k6m0000gn/C/com.apple.DeveloperTools/26.4.1-17E202/Xcode/CompilationCache.noindex"]), Task(forTarget: <none>, ruleInfo: ["Gate", "target-TargetA-T-TargetA-44525--AppIntentsMetadataTaskProducer"]), Task(forTarget: TargetB, ruleInfo: ["SymLink", "/private/var/folders/xr/m5_5rlsd6l9fk2w4ngj13k6m0000gn/T/swbuild.tmp.I9GXyx3j/Data.noindex/Test/aProject/build/Debug/TargetB.framework/Versions/Current", "A"]), Task(forTarget: TargetA, ruleInfo: ["Copy", "/private/var/folders/xr/m5_5rlsd6l9fk2w4ngj13k6m0000gn/T/swbuild.tmp.I9GXyx3j/Data.noindex/Test/aProject/build/Debug/TargetA.framework/Versions/A/Modules/TargetA.swiftmodule/arm64-apple-macos.swiftdoc", "/private/var/folders/xr/m5_5rlsd6l9fk2w4ngj13k6m0000gn/T/swbuild.tmp.I9GXyx3j/Data.noindex/Test/aProject/build/aProject.build/Debug/TargetA.build/Objects-normal/arm64/TargetA.swiftdoc"]), Task(forTarget: TargetA, ruleInfo: ["RegisterExecutionPolicyException", "/private/var/folders/xr/m5_5rlsd6l9fk2w4ngj13k6m0000gn/T/swbuild.tmp.I9GXyx3j/Data.noindex/Test/aProject/build/Debug/TargetA.framework"]), Task(forTarget: <none>, ruleInfo: ["Gate", "target-TargetA-T-TargetA-44525--SwiftPackageCopyFilesTaskProducer"]), Task(forTarget: TargetA, ruleInfo: ["Copy", "/private/var/folders/xr/m5_5rlsd6l9fk2w4ngj13k6m0000gn/T/swbuild.tmp.I9GXyx3j/Data.noindex/Test/aProject/build/Debug/TargetA.framework/Versions/A/Modules/TargetA.swiftmodule/arm64-apple-macos.abi.json", "/private/var/folders/xr/m5_5rlsd6l9fk2w4ngj13k6m0000gn/T/swbuild.tmp.I9GXyx3j/Data.noindex/Test/aProject/build/aProject.build/Debug/TargetA.build/Objects-normal/arm64/TargetA.abi.json"]), Task(forTarget: TargetB, ruleInfo: ["SwiftEmitModule", "normal", "arm64", "Emitting module for TargetB"]), Task(forTarget: TargetA, ruleInfo: ["Touch", "/private/var/folders/xr/m5_5rlsd6l9fk2w4ngj13k6m0000gn/T/swbuild.tmp.I9GXyx3j/Data.noindex/Test/aProject/build/Debug/TargetA.framework"]), Task(forTarget: TargetA, ruleInfo: ["Gate", "target-TargetA-T-TargetA-44525--linker-inputs-ready"]), Task(forTarget: <none>, ruleInfo: ["Gate", "target-TargetB-T-TargetB-44533--ProductStructureTaskProducer"]), Task(forTarget: TargetB, ruleInfo: ["SwiftDriver Compilation", "TargetB", "normal", "arm64", "com.apple.xcode.tools.swift.compiler"]), Task(forTarget: <none>, ruleInfo: ["Gate", "target-TargetB-T-TargetB-44533--Barrier-RegisterExecutionPolicyException"]), Task(forTarget: TargetA, ruleInfo: ["WriteAuxiliaryFile", "/private/var/folders/xr/m5_5rlsd6l9fk2w4ngj13k6m0000gn/T/swbuild.tmp.I9GXyx3j/Data.noindex/Test/aProject/build/aProject.build/Debug/TargetA.build/Objects-normal/arm64/TargetA-OutputFileMap.json"]), Task(forTarget: <none>, ruleInfo: ["Gate", "target-TargetA-T-TargetA-44525--HeadermapTaskProducer"]), Task(forTarget: TargetB, ruleInfo: ["WriteAuxiliaryFile", "/private/var/folders/xr/m5_5rlsd6l9fk2w4ngj13k6m0000gn/T/swbuild.tmp.I9GXyx3j/Data.noindex/Test/aProject/build/aProject.build/Debug/TargetB.build/TargetB.DependencyStaticMetadataFileList"]), Task(forTarget: TargetA, ruleInfo: ["Gate", "target-TargetA-T-TargetA-44525--begin-compiling"]), Task(forTarget: <none>, ruleInfo: ["Gate", "target-TargetA-T-TargetA-44525--GeneratedFilesTaskProducer"]), Task(forTarget: <none>, ruleInfo: ["Gate", "target-TargetA-T-TargetA-44525--DocumentationTaskProducer"]), Task(forTarget: <none>, ruleInfo: ["Gate", "target-TargetB-T-TargetB-44533--InfoPlistTaskProducer"]), Task(forTarget: <none>, ruleInfo: ["Gate", "target-TargetA-T-TargetA-44525--SwiftFrameworkABICheckerTaskProducer"]), Task(forTarget: TargetB, ruleInfo: ["Gate", "target-TargetB-T-TargetB-44533--end"]), Task(forTarget: TargetA, ruleInfo: ["MkDir", "/private/var/folders/xr/m5_5rlsd6l9fk2w4ngj13k6m0000gn/T/swbuild.tmp.I9GXyx3j/Data.noindex/Test/aProject/build/Debug/TargetA.framework/Versions/A"]), Task(forTarget: <none>, ruleInfo: ["Gate", "target-TargetB-T-TargetB-44533--fused-phase0-compile-sources&link-binary"]), Task(forTarget: <none>, ruleInfo: ["Gate", "target-TargetB-T-TargetB-44533--SwiftStandardLibrariesTaskProducer"]), Task(forTarget: <none>, ruleInfo: ["Gate", "target-TargetB-T-TargetB-44533--SwiftABIBaselineGenerationTaskProducer"]), Task(forTarget: <none>, ruleInfo: ["Gate", "target-TargetA-T-TargetA-44525--TestTargetPostprocessingTaskProducer"]), Task(forTarget: <none>, ruleInfo: ["Gate", "target-TargetA-T-TargetA-44525--ProductPostprocessingTaskProducer"]), Task(forTarget: <none>, ruleInfo: ["Gate", "target-TargetB-T-TargetB-44533--RealityAssetsTaskProducer"]), Task(forTarget: TargetA, ruleInfo: ["Copy", "/private/var/folders/xr/m5_5rlsd6l9fk2w4ngj13k6m0000gn/T/swbuild.tmp.I9GXyx3j/Data.noindex/Test/aProject/build/Debug/TargetA.framework/Versions/A/Modules/TargetA.swiftmodule/Project/arm64-apple-macos.swiftsourceinfo", "/private/var/folders/xr/m5_5rlsd6l9fk2w4ngj13k6m0000gn/T/swbuild.tmp.I9GXyx3j/Data.noindex/Test/aProject/build/aProject.build/Debug/TargetA.build/Objects-normal/arm64/TargetA.swiftsourceinfo"]), Task(forTarget: TargetB, ruleInfo: ["Copy", "/private/var/folders/xr/m5_5rlsd6l9fk2w4ngj13k6m0000gn/T/swbuild.tmp.I9GXyx3j/Data.noindex/Test/aProject/build/Debug/TargetB.framework/Versions/A/Modules/TargetB.swiftmodule/Project/arm64-apple-macos.swiftsourceinfo", "/private/var/folders/xr/m5_5rlsd6l9fk2w4ngj13k6m0000gn/T/swbuild.tmp.I9GXyx3j/Data.noindex/Test/aProject/build/aProject.build/Debug/TargetB.build/Objects-normal/arm64/TargetB.swiftsourceinfo"]), Task(forTarget: TargetB, ruleInfo: ["WriteAuxiliaryFile", "/private/var/folders/xr/m5_5rlsd6l9fk2w4ngj13k6m0000gn/T/swbuild.tmp.I9GXyx3j/Data.noindex/Test/aProject/build/aProject.build/Debug/TargetB.build/TargetB-all-non-framework-target-headers.hmap"]), Task(forTarget: <none>, ruleInfo: ["Gate", "target-TargetB-T-TargetB-44533--Barrier-GenerateStubAPI"]), Task(forTarget: TargetB, ruleInfo: ["RegisterExecutionPolicyException", "/private/var/folders/xr/m5_5rlsd6l9fk2w4ngj13k6m0000gn/T/swbuild.tmp.I9GXyx3j/Data.noindex/Test/aProject/build/Debug/TargetB.framework"]), Task(forTarget: TargetA, ruleInfo: ["SwiftEmitModule", "normal", "arm64", "Emitting module for TargetA"]), Task(forTarget: <none>, ruleInfo: ["SwiftExplicitDependencyCompileModuleFromInterface", "arm64", "/private/var/folders/xr/m5_5rlsd6l9fk2w4ngj13k6m0000gn/T/swbuild.tmp.I9GXyx3j/Data.noindex/Test/aProject/build/SwiftExplicitPrecompiledModules/_StringProcessing-1O0ZQ2K74RYD5.swiftmodule"]), Task(forTarget: TargetB, ruleInfo: ["Gate", "target-TargetB-T-TargetB-44533--begin-linking"]), Task(forTarget: TargetB, ruleInfo: ["Gate", "target-TargetB-T-TargetB-44533--unsigned-product-ready"]), Task(forTarget: TargetB, ruleInfo: ["MkDir", "/private/var/folders/xr/m5_5rlsd6l9fk2w4ngj13k6m0000gn/T/swbuild.tmp.I9GXyx3j/Data.noindex/Test/aProject/build/Debug/TargetB.framework"]), Task(forTarget: <none>, ruleInfo: ["Gate", "target-TargetB-T-TargetB-44533--ExtensionPointExtractorTaskProducer"]), Task(forTarget: TargetA, ruleInfo: ["WriteAuxiliaryFile", "/private/var/folders/xr/m5_5rlsd6l9fk2w4ngj13k6m0000gn/T/swbuild.tmp.I9GXyx3j/Data.noindex/Test/aProject/build/aProject.build/Debug/TargetA.build/Objects-normal/arm64/TargetA_const_extract_protocols.json"]), Task(forTarget: <none>, ruleInfo: ["Gate", "target-TargetA-T-TargetA-44525--CustomTaskProducer"]), Task(forTarget: <none>, ruleInfo: ["ClangStatCache", "/Applications/Xcode17E.app/Contents/Developer/Toolchains/XcodeDefault.xctoolchain/usr/bin/clang-stat-cache", "/Applications/Xcode17E.app/Contents/Developer/Platforms/MacOSX.platform/Developer/SDKs/MacOSX26.4.sdk", "/private/var/folders/xr/m5_5rlsd6l9fk2w4ngj13k6m0000gn/T/swbuild.tmp.I9GXyx3j/Data.noindex/Test/SDKStatCaches.noindex/macosx26.4-25E260-95aa6cf8f3effd57bda17e0c125410c0.sdkstatcache"]), Task(forTarget: <none>, ruleInfo: ["Gate", "target-TargetB-T-TargetB-44533--TestEntryPointTaskProducerFactory"]), Task(forTarget: TargetA, ruleInfo: ["Gate", "target-TargetA-T-TargetA-44525--immediate"]), Task(forTarget: <none>, ruleInfo: ["CreateBuildDirectory", "/private/var/folders/xr/m5_5rlsd6l9fk2w4ngj13k6m0000gn/T/swbuild.tmp.I9GXyx3j/Data.noindex/Test/aProject/build/Debug"]), Task(forTarget: TargetA, ruleInfo: ["Gate", "target-TargetA-T-TargetA-44525--entry"]), Task(forTarget: <none>, ruleInfo: ["Gate", "target-TargetA-T-TargetA-44525--SwiftStandardLibrariesTaskProducer"]), Task(forTarget: <none>, ruleInfo: ["Gate", "target-TargetA-T-TargetA-44525--TestEntryPointTaskProducerFactory"]), Task(forTarget: TargetA, ruleInfo: ["WriteAuxiliaryFile", "/private/var/folders/xr/m5_5rlsd6l9fk2w4ngj13k6m0000gn/T/swbuild.tmp.I9GXyx3j/Data.noindex/Test/aProject/build/aProject.build/Debug/TargetA.build/TargetA-project-headers.hmap"]), Task(forTarget: <none>, ruleInfo: ["Gate", "target-TargetA-T-TargetA-44525--Barrier-GenerateStubAPI"]), Task(forTarget: TargetA, ruleInfo: ["MkDir", "/private/var/folders/xr/m5_5rlsd6l9fk2w4ngj13k6m0000gn/T/swbuild.tmp.I9GXyx3j/Data.noindex/Test/aProject/build/Debug/TargetA.framework"]), Task(forTarget: TargetB, ruleInfo: ["WriteAuxiliaryFile", "/private/var/folders/xr/m5_5rlsd6l9fk2w4ngj13k6m0000gn/T/swbuild.tmp.I9GXyx3j/Data.noindex/Test/aProject/build/aProject.build/Debug/TargetB.build/TargetB-generated-files.hmap"]), Task(forTarget: TargetB, ruleInfo: ["WriteAuxiliaryFile", "/private/var/folders/xr/m5_5rlsd6l9fk2w4ngj13k6m0000gn/T/swbuild.tmp.I9GXyx3j/Data.noindex/Test/aProject/build/aProject.build/Debug/TargetB.build/Objects-normal/arm64/TargetB_const_extract_protocols.json"]), Task(forTarget: TargetB, ruleInfo: ["MkDir", "/private/var/folders/xr/m5_5rlsd6l9fk2w4ngj13k6m0000gn/T/swbuild.tmp.I9GXyx3j/Data.noindex/Test/aProject/build/Debug/TargetB.framework/Versions"]), Task(forTarget: <none>, ruleInfo: ["Gate", "target-TargetA-T-TargetA-44525--CopySwiftPackageResourcesTaskProducer"]), Task(forTarget: <none>, ruleInfo: ["Gate", "target-TargetA-T-TargetA-44525--Barrier-ChangeAlternatePermissions"]), Task(forTarget: TargetA, ruleInfo: ["SymLink", "/private/var/folders/xr/m5_5rlsd6l9fk2w4ngj13k6m0000gn/T/swbuild.tmp.I9GXyx3j/Data.noindex/Test/aProject/build/EagerLinkingTBDs/Debug/TargetA.framework/TargetA.tbd", "/private/var/folders/xr/m5_5rlsd6l9fk2w4ngj13k6m0000gn/T/swbuild.tmp.I9GXyx3j/Data.noindex/Test/aProject/build/EagerLinkingTBDs/Debug/TargetA.framework/Versions/A/TargetA.tbd"]), Task(forTarget: <none>, ruleInfo: ["Gate", "target-TargetA-T-TargetA-44525--Barrier-RegisterExecutionPolicyException"]), Task(forTarget: <none>, ruleInfo: ["Gate", "target-TargetB-T-TargetB-44533--SwiftPackageCopyFilesTaskProducer"]), Task(forTarget: TargetA, ruleInfo: ["SwiftCompile", "normal", "arm64", "Compiling fileA1.swift", "/private/var/folders/xr/m5_5rlsd6l9fk2w4ngj13k6m0000gn/T/swbuild.tmp.I9GXyx3j/Data.noindex/Test/aProject/Sources/fileA1.swift"]), Task(forTarget: <none>, ruleInfo: ["Gate", "target-TargetB-T-TargetB-44533--Barrier-StripSymbols"]), Task(forTarget: TargetA, ruleInfo: ["WriteAuxiliaryFile", "/private/var/folders/xr/m5_5rlsd6l9fk2w4ngj13k6m0000gn/T/swbuild.tmp.I9GXyx3j/Data.noindex/Test/aProject/build/aProject.build/Debug/TargetA.build/TargetA-all-non-framework-target-headers.hmap"]), Task(forTarget: <none>, ruleInfo: ["Gate", "target-TargetB-T-TargetB-44533--SanitizerTaskProducer"]), Task(forTarget: <none>, ruleInfo: ["Gate", "target-TargetB-T-TargetB-44533--swift-generated-headers"]), Task(forTarget: <none>, ruleInfo: ["Gate", "target-TargetB-T-TargetB-44533--Barrier-RegisterProduct"]), Task(forTarget: <none>, ruleInfo: ["Gate", "target-TargetB-T-TargetB-44533--GeneratedFilesTaskProducer"]), Task(forTarget: <none>, ruleInfo: ["Gate", "target-TargetA-T-TargetA-44525--Barrier-StripSymbols"]), Task(forTarget: TargetB, ruleInfo: ["GenerateTAPI", "/private/var/folders/xr/m5_5rlsd6l9fk2w4ngj13k6m0000gn/T/swbuild.tmp.I9GXyx3j/Data.noindex/Test/aProject/build/EagerLinkingTBDs/Debug/TargetB.framework/Versions/A/TargetB.tbd"]), Task(forTarget: <none>, ruleInfo: ["Gate", "target-TargetA-T-TargetA-44525--GenerateAppPlaygroundAssetCatalogTaskProducer"]), Task(forTarget: <none>, ruleInfo: ["Gate", "target-TargetA-T-TargetA-44525--Barrier-ChangePermissions"]), Task(forTarget: TargetA, ruleInfo: ["WriteAuxiliaryFile", "/private/var/folders/xr/m5_5rlsd6l9fk2w4ngj13k6m0000gn/T/swbuild.tmp.I9GXyx3j/Data.noindex/Test/aProject/build/aProject.build/Debug/TargetA.build/Objects-normal/arm64/TargetA.SwiftConstValuesFileList"]), Task(forTarget: TargetA, ruleInfo: ["MkDir", "/private/var/folders/xr/m5_5rlsd6l9fk2w4ngj13k6m0000gn/T/swbuild.tmp.I9GXyx3j/Data.noindex/Test/aProject/build/Debug/TargetA.framework/Versions"]), Task(forTarget: <none>, ruleInfo: ["Gate", "target-TargetA-T-TargetA-44525--StubBinaryTaskProducer"]), Task(forTarget: <none>, ruleInfo: ["Gate", "target-TargetB-T-TargetB-44533--ProductPostprocessingTaskProducer"]), Task(forTarget: TargetA, ruleInfo: ["WriteAuxiliaryFile", "/private/var/folders/xr/m5_5rlsd6l9fk2w4ngj13k6m0000gn/T/swbuild.tmp.I9GXyx3j/Data.noindex/Test/aProject/build/aProject.build/Debug/TargetA.build/Objects-normal/arm64/TargetA.LinkFileList"]), Task(forTarget: <none>, ruleInfo: ["Gate", "target-TargetA-T-TargetA-44525--ModuleMapTaskProducer"]), Task(forTarget: TargetA, ruleInfo: ["ExtractAppIntentsMetadata"]), Task(forTarget: TargetB, ruleInfo: ["WriteAuxiliaryFile", "/private/var/folders/xr/m5_5rlsd6l9fk2w4ngj13k6m0000gn/T/swbuild.tmp.I9GXyx3j/Data.noindex/Test/aProject/build/aProject.build/Debug/TargetB.build/TargetB.hmap"]), Task(forTarget: TargetA, ruleInfo: ["SymLink", "/private/var/folders/xr/m5_5rlsd6l9fk2w4ngj13k6m0000gn/T/swbuild.tmp.I9GXyx3j/Data.noindex/Test/aProject/build/Debug/TargetA.framework/TargetA", "Versions/Current/TargetA"]), Task(forTarget: TargetB, ruleInfo: ["MkDir", "/private/var/folders/xr/m5_5rlsd6l9fk2w4ngj13k6m0000gn/T/swbuild.tmp.I9GXyx3j/Data.noindex/Test/aProject/build/Debug/TargetB.framework/Versions/A/Headers"]), Task(forTarget: <none>, ruleInfo: ["CreateBuildDirectory", "/private/var/folders/xr/m5_5rlsd6l9fk2w4ngj13k6m0000gn/T/swbuild.tmp.I9GXyx3j/Data.noindex/Test/aProject/build/ExplicitPrecompiledModules"]), Task(forTarget: <none>, ruleInfo: ["Gate", "target-TargetA-T-TargetA-44525--RealityAssetsTaskProducer"]), Task(forTarget: <none>, ruleInfo: ["Gate", "target-TargetA-T-TargetA-44525--TestHostTaskProducer"]), Task(forTarget: TargetA, ruleInfo: ["Gate", "target-TargetA-T-TargetA-44525--will-sign"]), Task(forTarget: <none>, ruleInfo: ["CreateBuildDirectory", "/private/var/folders/xr/m5_5rlsd6l9fk2w4ngj13k6m0000gn/T/swbuild.tmp.I9GXyx3j/Data.noindex/Test/aProject/build/SharedPrecompiledHeaders"]), Task(forTarget: TargetA, ruleInfo: ["WriteAuxiliaryFile", "/private/var/folders/xr/m5_5rlsd6l9fk2w4ngj13k6m0000gn/T/swbuild.tmp.I9GXyx3j/Data.noindex/Test/aProject/build/aProject.build/Debug/TargetA.build/TargetA.hmap"]), Task(forTarget: TargetA, ruleInfo: ["SymLink", "/private/var/folders/xr/m5_5rlsd6l9fk2w4ngj13k6m0000gn/T/swbuild.tmp.I9GXyx3j/Data.noindex/Test/aProject/build/Debug/TargetA.framework/Modules", "Versions/Current/Modules"]), Task(forTarget: <none>, ruleInfo: ["Gate", "target-TargetA-T-TargetA-44525--copy-headers-completion"]), Task(forTarget: <none>, ruleInfo: ["Gate", "target-TargetA-T-TargetA-44525--fused-phase0-compile-sources"]), Task(forTarget: <none>, ruleInfo: ["Gate", "WorkspaceHeaderMapVFSFilesWritten"]), Task(forTarget: TargetB, ruleInfo: ["SymLink", "/private/var/folders/xr/m5_5rlsd6l9fk2w4ngj13k6m0000gn/T/swbuild.tmp.I9GXyx3j/Data.noindex/Test/aProject/build/Debug/TargetB.framework/Headers", "Versions/Current/Headers"]), Task(forTarget: TargetB, ruleInfo: ["SwiftDriver Compilation Requirements", "TargetB", "normal", "arm64", "com.apple.xcode.tools.swift.compiler"]), Task(forTarget: <none>, ruleInfo: ["Gate", "target-TargetA-T-TargetA-44525--Barrier-RegisterProduct"]), Task(forTarget: TargetB, ruleInfo: ["Gate", "target-TargetB-T-TargetB-44533--modules-ready"]), Task(forTarget: <none>, ruleInfo: ["CreateBuildDirectory", "/private/var/folders/xr/m5_5rlsd6l9fk2w4ngj13k6m0000gn/T/swbuild.tmp.I9GXyx3j/Data.noindex/Test/aProject/build/EagerLinkingTBDs/Debug"]), Task(forTarget: TargetB, ruleInfo: ["WriteAuxiliaryFile", "/private/var/folders/xr/m5_5rlsd6l9fk2w4ngj13k6m0000gn/T/swbuild.tmp.I9GXyx3j/Data.noindex/Test/aProject/build/aProject.build/Debug/TargetB.build/TargetB-all-target-headers.hmap"]), Task(forTarget: <none>, ruleInfo: ["Gate", "target-TargetB-T-TargetB-44533--ModuleVerifierTaskProducer"]), Task(forTarget: TargetA, ruleInfo: ["Gate", "target-TargetA-T-TargetA-44525--begin-scanning"]), Task(forTarget: TargetB, ruleInfo: ["Gate", "target-TargetB-T-TargetB-44533--immediate"]), Task(forTarget: TargetA, ruleInfo: ["GenerateTAPI", "/private/var/folders/xr/m5_5rlsd6l9fk2w4ngj13k6m0000gn/T/swbuild.tmp.I9GXyx3j/Data.noindex/Test/aProject/build/EagerLinkingTBDs/Debug/TargetA.framework/Versions/A/TargetA.tbd"]), Task(forTarget: TargetB, ruleInfo: ["SymLink", "/private/var/folders/xr/m5_5rlsd6l9fk2w4ngj13k6m0000gn/T/swbuild.tmp.I9GXyx3j/Data.noindex/Test/aProject/build/Debug/TargetB.framework/TargetB", "Versions/Current/TargetB"]), Task(forTarget: TargetB, ruleInfo: ["SwiftCompile", "normal", "arm64", "Compiling fileB2.swift", "/private/var/folders/xr/m5_5rlsd6l9fk2w4ngj13k6m0000gn/T/swbuild.tmp.I9GXyx3j/Data.noindex/Test/aProject/Sources/fileB2.swift"])]
↳ Occasionally fails in CI due to SwiftExplicitDependencyCompileModuleFromInterface missing from the dependency graph
━ Test swiftEagerCompilationWithExplicitModules() recorded a known issue at SwiftDriverTests.swift:3590:55: Issue recorded
↳ Task Task(forTarget: TargetB, ruleInfo: ["SwiftCompile", "normal", "arm64", "Compiling fileB2.swift", "/private/var/folders/xr/m5_5rlsd6l9fk2w4ngj13k6m0000gn/T/swbuild.tmp.I9GXyx3j/Data.noindex/Test/aProject/Sources/fileB2.swift"]) does not follow any tasks matching [Rule matches [SWBTestSupport.StringPattern.equal("SwiftExplicitDependencyGeneratePcm"), SWBTestSupport.StringPattern.equal("normal"), SWBTestSupport.StringPattern.equal("arm64"), SWBTestSupport.StringPattern.contains("SwiftShims-")]]. Found: [] in [Task(forTarget: <none>, ruleInfo: ["Gate", "target-TargetA-T-TargetA-44525--Barrier-CopyAside"]), Task(forTarget: <none>, ruleInfo: ["Gate", "target-TargetA-T-TargetA-44525--InfoPlistTaskProducer"]), Task(forTarget: <none>, ruleInfo: ["Gate", "target-TargetB-T-TargetB-44533--Barrier-ChangeAlternatePermissions"]), Task(forTarget: <none>, ruleInfo: ["Gate", "target-TargetA-T-TargetA-44525--swift-generated-headers"]), Task(forTarget: TargetB, ruleInfo: ["ExtractAppIntentsMetadata"]), Task(forTarget: TargetB, ruleInfo: ["SwiftDriver", "TargetB", "normal", "arm64", "com.apple.xcode.tools.swift.compiler"]), Task(forTarget: TargetB, ruleInfo: ["WriteAuxiliaryFile", "/private/var/folders/xr/m5_5rlsd6l9fk2w4ngj13k6m0000gn/T/swbuild.tmp.I9GXyx3j/Data.noindex/Test/aProject/build/aProject.build/Debug/TargetB.build/TargetB-own-target-headers.hmap"]), Task(forTarget: TargetA, ruleInfo: ["WriteAuxiliaryFile", "/private/var/folders/xr/m5_5rlsd6l9fk2w4ngj13k6m0000gn/T/swbuild.tmp.I9GXyx3j/Data.noindex/Test/aProject/build/aProject.build/Debug/TargetA.build/TargetA-generated-files.hmap"]), Task(forTarget: TargetA, ruleInfo: ["SwiftDriver Compilation", "TargetA", "normal", "arm64", "com.apple.xcode.tools.swift.compiler"]), Task(forTarget: TargetA, ruleInfo: ["Ld", "/private/var/folders/xr/m5_5rlsd6l9fk2w4ngj13k6m0000gn/T/swbuild.tmp.I9GXyx3j/Data.noindex/Test/aProject/build/Debug/TargetA.framework/Versions/A/TargetA", "normal"]), Task(forTarget: <none>, ruleInfo: ["SwiftExplicitDependencyCompileModuleFromInterface", "arm64", "/private/var/folders/xr/m5_5rlsd6l9fk2w4ngj13k6m0000gn/T/swbuild.tmp.I9GXyx3j/Data.noindex/Test/aProject/build/SwiftExplicitPrecompiledModules/Swift-NBB0GQDQYZZH.swiftmodule"]), Task(forTarget: TargetB, ruleInfo: ["SwiftMergeGeneratedHeaders", "/private/var/folders/xr/m5_5rlsd6l9fk2w4ngj13k6m0000gn/T/swbuild.tmp.I9GXyx3j/Data.noindex/Test/aProject/build/Debug/TargetB.framework/Versions/A/Headers/TargetB-Swift.h", "/private/var/folders/xr/m5_5rlsd6l9fk2w4ngj13k6m0000gn/T/swbuild.tmp.I9GXyx3j/Data.noindex/Test/aProject/build/aProject.build/Debug/TargetB.build/Objects-normal/arm64/TargetB-Swift.h"]), Task(forTarget: <none>, ruleInfo: ["Gate", "target-TargetB-T-TargetB-44533--TestHostTaskProducer"]), Task(forTarget: TargetB, ruleInfo: ["WriteAuxiliaryFile", "/private/var/folders/xr/m5_5rlsd6l9fk2w4ngj13k6m0000gn/T/swbuild.tmp.I9GXyx3j/Data.noindex/Test/aProject/build/aProject.build/Debug/TargetB.build/Objects-normal/arm64/TargetB.SwiftConstValuesFileList"]), Task(forTarget: <none>, ruleInfo: ["Gate", "target-TargetB-T-TargetB-44533--ModuleMapTaskProducer"]), Task(forTarget: <none>, ruleInfo: ["Gate", "target-TargetB-T-TargetB-44533--SwiftFrameworkABICheckerTaskProducer"]), Task(forTarget: <none>, ruleInfo: ["Gate", "target-TargetB-T-TargetB-44533--Barrier-ChangePermissions"]), Task(forTarget: TargetB, ruleInfo: ["Gate", "target-TargetB-T-TargetB-44533--begin-compiling"]), Task(forTarget: <none>, ruleInfo: ["Gate", "target-TargetB-T-TargetB-44533--TestTargetTaskProducer"]), Task(forTarget: <none>, ruleInfo: ["Gate", "target-TargetB-T-TargetB-44533--TAPISymbolExtractorTaskProducer"]), Task(forTarget: <none>, ruleInfo: ["Gate", "target-TargetB-T-TargetB-44533--HeadermapTaskProducer"]), Task(forTarget: TargetB, ruleInfo: ["Ld", "/private/var/folders/xr/m5_5rlsd6l9fk2w4ngj13k6m0000gn/T/swbuild.tmp.I9GXyx3j/Data.noindex/Test/aProject/build/Debug/TargetB.framework/Versions/A/TargetB", "normal"]), Task(forTarget: TargetB, ruleInfo: ["WriteAuxiliaryFile", "/private/var/folders/xr/m5_5rlsd6l9fk2w4ngj13k6m0000gn/T/swbuild.tmp.I9GXyx3j/Data.noindex/Test/aProject/build/aProject.build/Debug/TargetB.build/Objects-normal/arm64/TargetB.LinkFileList"]), Task(forTarget: <none>, ruleInfo: ["Gate", "target-TargetB-T-TargetB-44533--TestTargetPostprocessingTaskProducer"]), Task(forTarget: <none>, ruleInfo: ["SwiftExplicitDependencyGeneratePcm", "arm64", "/private/var/folders/xr/m5_5rlsd6l9fk2w4ngj13k6m0000gn/T/swbuild.tmp.I9GXyx3j/Data.noindex/Test/aProject/build/SwiftExplicitPrecompiledModules/_SwiftConcurrencyShims-AIZW70LS1W2L0PXECXLASUUHS.pcm"]), Task(forTarget: TargetA, ruleInfo: ["SymLink", "/private/var/folders/xr/m5_5rlsd6l9fk2w4ngj13k6m0000gn/T/swbuild.tmp.I9GXyx3j/Data.noindex/Test/aProject/build/Debug/TargetA.framework/Versions/Current", "A"]), Task(forTarget: <none>, ruleInfo: ["CreateBuildDirectory", "/private/var/folders/xr/m5_5rlsd6l9fk2w4ngj13k6m0000gn/T/swbuild.tmp.I9GXyx3j/Data.noindex/Test/aProject/build"]), Task(forTarget: TargetB, ruleInfo: ["WriteAuxiliaryFile", "/private/var/folders/xr/m5_5rlsd6l9fk2w4ngj13k6m0000gn/T/swbuild.tmp.I9GXyx3j/Data.noindex/Test/aProject/build/aProject.build/Debug/TargetB.build/TargetB.DependencyMetadataFileList"]), Task(forTarget: TargetA, ruleInfo: ["WriteAuxiliaryFile", "/private/var/folders/xr/m5_5rlsd6l9fk2w4ngj13k6m0000gn/T/swbuild.tmp.I9GXyx3j/Data.noindex/Test/aProject/build/aProject.build/Debug/TargetA.build/TargetA.DependencyMetadataFileList"]), Task(forTarget: <none>, ruleInfo: ["Gate", "target-TargetB-T-TargetB-44533--AppExtensionInfoPlistGeneratorTaskProducer"]), Task(forTarget: <none>, ruleInfo: ["Gate", "target-TargetA-T-TargetA-44525--SwiftABIBaselineGenerationTaskProducer"]), Task(forTarget: <none>, ruleInfo: ["Gate", "target-TargetA-T-TargetA-44525--Barrier-Validate"]), Task(forTarget: <none>, ruleInfo: ["SwiftExplicitDependencyGeneratePcm", "arm64", "/private/var/folders/xr/m5_5rlsd6l9fk2w4ngj13k6m0000gn/T/swbuild.tmp.I9GXyx3j/Data.noindex/Test/aProject/build/SwiftExplicitPrecompiledModules/SwiftShims-1XRNFTFX3SVGVJQLDAOI208RW.pcm"]), Task(forTarget: TargetA, ruleInfo: ["SymLink", "/private/var/folders/xr/m5_5rlsd6l9fk2w4ngj13k6m0000gn/T/swbuild.tmp.I9GXyx3j/Data.noindex/Test/aProject/build/Debug/TargetA.framework/Headers", "Versions/Current/Headers"]), Task(forTarget: <none>, ruleInfo: ["Gate", "target-TargetA-T-TargetA-44525--generated-headers"]), Task(forTarget: TargetB, ruleInfo: ["SymLink", "/private/var/folders/xr/m5_5rlsd6l9fk2w4ngj13k6m0000gn/T/swbuild.tmp.I9GXyx3j/Data.noindex/Test/aProject/build/Debug/TargetB.framework/Modules", "Versions/Current/Modules"]), Task(forTarget: <none>, ruleInfo: ["WriteAuxiliaryFile", "/private/var/folders/xr/m5_5rlsd6l9fk2w4ngj13k6m0000gn/T/swbuild.tmp.I9GXyx3j/Data.noindex/Test/aProject/build/aProject.build/Debug/aProject-P44536-VFS/all-product-headers.yaml"]), Task(forTarget: <none>, ruleInfo: ["Gate", "target-TargetA-T-TargetA-44525--TAPISymbolExtractorTaskProducer"]), Task(forTarget: <none>, ruleInfo: ["Gate", "target-TargetA-T-TargetA-44525--TestTargetTaskProducer"]), Task(forTarget: <none>, ruleInfo: ["Gate", "target-TargetB-T-TargetB-44533--CopySwiftPackageResourcesTaskProducer"]), Task(forTarget: <none>, ruleInfo: ["Gate", "target-TargetB-T-TargetB-44533--AppIntentsMetadataTaskProducer"]), Task(forTarget: TargetA, ruleInfo: ["WriteAuxiliaryFile", "/private/var/folders/xr/m5_5rlsd6l9fk2w4ngj13k6m0000gn/T/swbuild.tmp.I9GXyx3j/Data.noindex/Test/aProject/build/aProject.build/Debug/TargetA.build/TargetA-all-target-headers.hmap"]), Task(forTarget: TargetB, ruleInfo: ["MkDir", "/private/var/folders/xr/m5_5rlsd6l9fk2w4ngj13k6m0000gn/T/swbuild.tmp.I9GXyx3j/Data.noindex/Test/aProject/build/Debug/TargetB.framework/Versions/A"]), Task(forTarget: <none>, ruleInfo: ["Gate", "target-TargetB-T-TargetB-44533--CustomTaskProducer"]), Task(forTarget: TargetB, ruleInfo: ["WriteAuxiliaryFile", "/private/var/folders/xr/m5_5rlsd6l9fk2w4ngj13k6m0000gn/T/swbuild.tmp.I9GXyx3j/Data.noindex/Test/aProject/build/aProject.build/Debug/TargetB.build/Objects-normal/arm64/TargetB.SwiftFileList"]), Task(forTarget: TargetB, ruleInfo: ["WriteAuxiliaryFile", "/private/var/folders/xr/m5_5rlsd6l9fk2w4ngj13k6m0000gn/T/swbuild.tmp.I9GXyx3j/Data.noindex/Test/aProject/build/aProject.build/Debug/TargetB.build/Objects-normal/arm64/TargetB-OutputFileMap.json"]), Task(forTarget: TargetA, ruleInfo: ["MkDir", "/private/var/folders/xr/m5_5rlsd6l9fk2w4ngj13k6m0000gn/T/swbuild.tmp.I9GXyx3j/Data.noindex/Test/aProject/build/Debug/TargetA.framework/Versions/A/Headers"]), Task(forTarget: <none>, ruleInfo: ["Gate", "target-TargetB-T-TargetB-44533--StubBinaryTaskProducer"]), Task(forTarget: <none>, ruleInfo: ["Gate", "target-TargetB-T-TargetB-44533--DocumentationTaskProducer"]), Task(forTarget: TargetA, ruleInfo: ["SwiftDriver", "TargetA", "normal", "arm64", "com.apple.xcode.tools.swift.compiler"]), Task(forTarget: <none>, ruleInfo: ["Gate", "target-TargetB-T-TargetB-44533--GenerateAppPlaygroundAssetCatalogTaskProducer"]), Task(forTarget: <none>, ruleInfo: ["Gate", "target-TargetA-T-TargetA-44525--Barrier-CodeSign"]), Task(forTarget: <none>, ruleInfo: ["Gate", "target-TargetA-T-TargetA-44525--AppExtensionInfoPlistGeneratorTaskProducer"]), Task(forTarget: TargetB, ruleInfo: ["Gate", "target-TargetB-T-TargetB-44533--entry"]), Task(forTarget: TargetB, ruleInfo: ["Gate", "target-TargetB-T-TargetB-44533--will-sign"]), Task(forTarget: <none>, ruleInfo: ["Gate", "target-TargetB-T-TargetB-44533--Barrier-CopyAside"]), Task(forTarget: <none>, ruleInfo: ["Gate", "target-TargetA-T-TargetA-44525--ProductStructureTaskProducer"]), Task(forTarget: TargetA, ruleInfo: ["Gate", "target-TargetA-T-TargetA-44525--begin-linking"]), Task(forTarget: TargetB, ruleInfo: ["Copy", "/private/var/folders/xr/m5_5rlsd6l9fk2w4ngj13k6m0000gn/T/swbuild.tmp.I9GXyx3j/Data.noindex/Test/aProject/build/Debug/TargetB.framework/Versions/A/Modules/TargetB.swiftmodule/arm64-apple-macos.swiftdoc", "/private/var/folders/xr/m5_5rlsd6l9fk2w4ngj13k6m0000gn/T/swbuild.tmp.I9GXyx3j/Data.noindex/Test/aProject/build/aProject.build/Debug/TargetB.build/Objects-normal/arm64/TargetB.swiftdoc"]), Task(forTarget: TargetB, ruleInfo: ["Copy", "/private/var/folders/xr/m5_5rlsd6l9fk2w4ngj13k6m0000gn/T/swbuild.tmp.I9GXyx3j/Data.noindex/Test/aProject/build/Debug/TargetB.framework/Versions/A/Modules/TargetB.swiftmodule/arm64-apple-macos.swiftmodule", "/private/var/folders/xr/m5_5rlsd6l9fk2w4ngj13k6m0000gn/T/swbuild.tmp.I9GXyx3j/Data.noindex/Test/aProject/build/aProject.build/Debug/TargetB.build/Objects-normal/arm64/TargetB.swiftmodule"]), Task(forTarget: TargetB, ruleInfo: ["SymLink", "/private/var/folders/xr/m5_5rlsd6l9fk2w4ngj13k6m0000gn/T/swbuild.tmp.I9GXyx3j/Data.noindex/Test/aProject/build/EagerLinkingTBDs/Debug/TargetB.framework/TargetB.tbd", "/private/var/folders/xr/m5_5rlsd6l9fk2w4ngj13k6m0000gn/T/swbuild.tmp.I9GXyx3j/Data.noindex/Test/aProject/build/EagerLinkingTBDs/Debug/TargetB.framework/Versions/A/TargetB.tbd"]), Task(forTarget: TargetA, ruleInfo: ["SwiftMergeGeneratedHeaders", "/private/var/folders/xr/m5_5rlsd6l9fk2w4ngj13k6m0000gn/T/swbuild.tmp.I9GXyx3j/Data.noindex/Test/aProject/build/Debug/TargetA.framework/Versions/A/Headers/TargetA-Swift.h", "/private/var/folders/xr/m5_5rlsd6l9fk2w4ngj13k6m0000gn/T/swbuild.tmp.I9GXyx3j/Data.noindex/Test/aProject/build/aProject.build/Debug/TargetA.build/Objects-normal/arm64/TargetA-Swift.h"]), Task(forTarget: <none>, ruleInfo: ["SwiftExplicitDependencyCompileModuleFromInterface", "arm64", "/private/var/folders/xr/m5_5rlsd6l9fk2w4ngj13k6m0000gn/T/swbuild.tmp.I9GXyx3j/Data.noindex/Test/aProject/build/SwiftExplicitPrecompiledModules/_Concurrency-CB34E6W1YOX6.swiftmodule"]), Task(forTarget: TargetA, ruleInfo: ["Gate", "target-TargetA-T-TargetA-44525--unsigned-product-ready"]), Task(forTarget: TargetA, ruleInfo: ["Gate", "target-TargetA-T-TargetA-44525--end"]), Task(forTarget: <none>, ruleInfo: ["Gate", "target-TargetA-T-TargetA-44525--ExtensionPointExtractorTaskProducer"]), Task(forTarget: TargetB, ruleInfo: ["Touch", "/private/var/folders/xr/m5_5rlsd6l9fk2w4ngj13k6m0000gn/T/swbuild.tmp.I9GXyx3j/Data.noindex/Test/aProject/build/Debug/TargetB.framework"]), Task(forTarget: TargetB, ruleInfo: ["Gate", "target-TargetB-T-TargetB-44533--linker-inputs-ready"]), Task(forTarget: TargetA, ruleInfo: ["WriteAuxiliaryFile", "/private/var/folders/xr/m5_5rlsd6l9fk2w4ngj13k6m0000gn/T/swbuild.tmp.I9GXyx3j/Data.noindex/Test/aProject/build/aProject.build/Debug/TargetA.build/Objects-normal/arm64/TargetA.SwiftFileList"]), Task(forTarget: TargetB, ruleInfo: ["WriteAuxiliaryFile", "/private/var/folders/xr/m5_5rlsd6l9fk2w4ngj13k6m0000gn/T/swbuild.tmp.I9GXyx3j/Data.noindex/Test/aProject/build/aProject.build/Debug/TargetB.build/TargetB-project-headers.hmap"]), Task(forTarget: <none>, ruleInfo: ["Gate", "target-TargetB-T-TargetB-44533--copy-headers-completion"]), Task(forTarget: <none>, ruleInfo: ["Gate", "target-TargetB-T-TargetB-44533--Barrier-Validate"]), Task(forTarget: TargetB, ruleInfo: ["Copy", "/private/var/folders/xr/m5_5rlsd6l9fk2w4ngj13k6m0000gn/T/swbuild.tmp.I9GXyx3j/Data.noindex/Test/aProject/build/Debug/TargetB.framework/Versions/A/Modules/TargetB.swiftmodule/arm64-apple-macos.abi.json", "/private/var/folders/xr/m5_5rlsd6l9fk2w4ngj13k6m0000gn/T/swbuild.tmp.I9GXyx3j/Data.noindex/Test/aProject/build/aProject.build/Debug/TargetB.build/Objects-normal/arm64/TargetB.abi.json"]), Task(forTarget: TargetA, ruleInfo: ["WriteAuxiliaryFile", "/private/var/folders/xr/m5_5rlsd6l9fk2w4ngj13k6m0000gn/T/swbuild.tmp.I9GXyx3j/Data.noindex/Test/aProject/build/aProject.build/Debug/TargetA.build/TargetA-own-target-headers.hmap"]), Task(forTarget: TargetB, ruleInfo: ["Gate", "target-TargetB-T-TargetB-44533--begin-scanning"]), Task(forTarget: TargetA, ruleInfo: ["WriteAuxiliaryFile", "/private/var/folders/xr/m5_5rlsd6l9fk2w4ngj13k6m0000gn/T/swbuild.tmp.I9GXyx3j/Data.noindex/Test/aProject/build/aProject.build/Debug/TargetA.build/TargetA.DependencyStaticMetadataFileList"]), Task(forTarget: <none>, ruleInfo: ["Gate", "target-TargetA-T-TargetA-44525--ModuleVerifierTaskProducer"]), Task(forTarget: TargetA, ruleInfo: ["SwiftCompile", "normal", "arm64", "Compiling fileA2.swift", "/private/var/folders/xr/m5_5rlsd6l9fk2w4ngj13k6m0000gn/T/swbuild.tmp.I9GXyx3j/Data.noindex/Test/aProject/Sources/fileA2.swift"]), Task(forTarget: TargetA, ruleInfo: ["Copy", "/private/var/folders/xr/m5_5rlsd6l9fk2w4ngj13k6m0000gn/T/swbuild.tmp.I9GXyx3j/Data.noindex/Test/aProject/build/Debug/TargetA.framework/Versions/A/Modules/TargetA.swiftmodule/arm64-apple-macos.swiftmodule", "/private/var/folders/xr/m5_5rlsd6l9fk2w4ngj13k6m0000gn/T/swbuild.tmp.I9GXyx3j/Data.noindex/Test/aProject/build/aProject.build/Debug/TargetA.build/Objects-normal/arm64/TargetA.swiftmodule"]), Task(forTarget: TargetA, ruleInfo: ["Gate", "target-TargetA-T-TargetA-44525--modules-ready"]), Task(forTarget: TargetB, ruleInfo: ["SwiftCompile", "normal", "arm64", "Compiling fileB1.swift", "/private/var/folders/xr/m5_5rlsd6l9fk2w4ngj13k6m0000gn/T/swbuild.tmp.I9GXyx3j/Data.noindex/Test/aProject/Sources/fileB1.swift"]), Task(forTarget: <none>, ruleInfo: ["Gate", "target-TargetB-T-TargetB-44533--Barrier-CodeSign"]), Task(forTarget: <none>, ruleInfo: ["Gate", "target-TargetB-T-TargetB-44533--generated-headers"]), Task(forTarget: <none>, ruleInfo: ["CreateBuildDirectory", "/private/var/folders/xr/m5_5rlsd6l9fk2w4ngj13k6m0000gn/T/swbuild.tmp.I9GXyx3j/Data.noindex/Test/aProject/build/SwiftExplicitPrecompiledModules"]), Task(forTarget: <none>, ruleInfo: ["Gate", "target-TargetA-T-TargetA-44525--SanitizerTaskProducer"]), Task(forTarget: TargetA, ruleInfo: ["SwiftDriver Compilation Requirements", "TargetA", "normal", "arm64", "com.apple.xcode.tools.swift.compiler"]), Task(forTarget: <none>, ruleInfo: ["CreateBuildDirectory", "/var/folders/xr/m5_5rlsd6l9fk2w4ngj13k6m0000gn/C/com.apple.DeveloperTools/26.4.1-17E202/Xcode/CompilationCache.noindex"]), Task(forTarget: <none>, ruleInfo: ["Gate", "target-TargetA-T-TargetA-44525--AppIntentsMetadataTaskProducer"]), Task(forTarget: TargetB, ruleInfo: ["SymLink", "/private/var/folders/xr/m5_5rlsd6l9fk2w4ngj13k6m0000gn/T/swbuild.tmp.I9GXyx3j/Data.noindex/Test/aProject/build/Debug/TargetB.framework/Versions/Current", "A"]), Task(forTarget: TargetA, ruleInfo: ["Copy", "/private/var/folders/xr/m5_5rlsd6l9fk2w4ngj13k6m0000gn/T/swbuild.tmp.I9GXyx3j/Data.noindex/Test/aProject/build/Debug/TargetA.framework/Versions/A/Modules/TargetA.swiftmodule/arm64-apple-macos.swiftdoc", "/private/var/folders/xr/m5_5rlsd6l9fk2w4ngj13k6m0000gn/T/swbuild.tmp.I9GXyx3j/Data.noindex/Test/aProject/build/aProject.build/Debug/TargetA.build/Objects-normal/arm64/TargetA.swiftdoc"]), Task(forTarget: TargetA, ruleInfo: ["RegisterExecutionPolicyException", "/private/var/folders/xr/m5_5rlsd6l9fk2w4ngj13k6m0000gn/T/swbuild.tmp.I9GXyx3j/Data.noindex/Test/aProject/build/Debug/TargetA.framework"]), Task(forTarget: <none>, ruleInfo: ["Gate", "target-TargetA-T-TargetA-44525--SwiftPackageCopyFilesTaskProducer"]), Task(forTarget: TargetA, ruleInfo: ["Copy", "/private/var/folders/xr/m5_5rlsd6l9fk2w4ngj13k6m0000gn/T/swbuild.tmp.I9GXyx3j/Data.noindex/Test/aProject/build/Debug/TargetA.framework/Versions/A/Modules/TargetA.swiftmodule/arm64-apple-macos.abi.json", "/private/var/folders/xr/m5_5rlsd6l9fk2w4ngj13k6m0000gn/T/swbuild.tmp.I9GXyx3j/Data.noindex/Test/aProject/build/aProject.build/Debug/TargetA.build/Objects-normal/arm64/TargetA.abi.json"]), Task(forTarget: TargetB, ruleInfo: ["SwiftEmitModule", "normal", "arm64", "Emitting module for TargetB"]), Task(forTarget: TargetA, ruleInfo: ["Touch", "/private/var/folders/xr/m5_5rlsd6l9fk2w4ngj13k6m0000gn/T/swbuild.tmp.I9GXyx3j/Data.noindex/Test/aProject/build/Debug/TargetA.framework"]), Task(forTarget: TargetA, ruleInfo: ["Gate", "target-TargetA-T-TargetA-44525--linker-inputs-ready"]), Task(forTarget: <none>, ruleInfo: ["Gate", "target-TargetB-T-TargetB-44533--ProductStructureTaskProducer"]), Task(forTarget: TargetB, ruleInfo: ["SwiftDriver Compilation", "TargetB", "normal", "arm64", "com.apple.xcode.tools.swift.compiler"]), Task(forTarget: <none>, ruleInfo: ["Gate", "target-TargetB-T-TargetB-44533--Barrier-RegisterExecutionPolicyException"]), Task(forTarget: TargetA, ruleInfo: ["WriteAuxiliaryFile", "/private/var/folders/xr/m5_5rlsd6l9fk2w4ngj13k6m0000gn/T/swbuild.tmp.I9GXyx3j/Data.noindex/Test/aProject/build/aProject.build/Debug/TargetA.build/Objects-normal/arm64/TargetA-OutputFileMap.json"]), Task(forTarget: <none>, ruleInfo: ["Gate", "target-TargetA-T-TargetA-44525--HeadermapTaskProducer"]), Task(forTarget: TargetB, ruleInfo: ["WriteAuxiliaryFile", "/private/var/folders/xr/m5_5rlsd6l9fk2w4ngj13k6m0000gn/T/swbuild.tmp.I9GXyx3j/Data.noindex/Test/aProject/build/aProject.build/Debug/TargetB.build/TargetB.DependencyStaticMetadataFileList"]), Task(forTarget: TargetA, ruleInfo: ["Gate", "target-TargetA-T-TargetA-44525--begin-compiling"]), Task(forTarget: <none>, ruleInfo: ["Gate", "target-TargetA-T-TargetA-44525--GeneratedFilesTaskProducer"]), Task(forTarget: <none>, ruleInfo: ["Gate", "target-TargetA-T-TargetA-44525--DocumentationTaskProducer"]), Task(forTarget: <none>, ruleInfo: ["Gate", "target-TargetB-T-TargetB-44533--InfoPlistTaskProducer"]), Task(forTarget: <none>, ruleInfo: ["Gate", "target-TargetA-T-TargetA-44525--SwiftFrameworkABICheckerTaskProducer"]), Task(forTarget: TargetB, ruleInfo: ["Gate", "target-TargetB-T-TargetB-44533--end"]), Task(forTarget: TargetA, ruleInfo: ["MkDir", "/private/var/folders/xr/m5_5rlsd6l9fk2w4ngj13k6m0000gn/T/swbuild.tmp.I9GXyx3j/Data.noindex/Test/aProject/build/Debug/TargetA.framework/Versions/A"]), Task(forTarget: <none>, ruleInfo: ["Gate", "target-TargetB-T-TargetB-44533--fused-phase0-compile-sources&link-binary"]), Task(forTarget: <none>, ruleInfo: ["Gate", "target-TargetB-T-TargetB-44533--SwiftStandardLibrariesTaskProducer"]), Task(forTarget: <none>, ruleInfo: ["Gate", "target-TargetB-T-TargetB-44533--SwiftABIBaselineGenerationTaskProducer"]), Task(forTarget: <none>, ruleInfo: ["Gate", "target-TargetA-T-TargetA-44525--TestTargetPostprocessingTaskProducer"]), Task(forTarget: <none>, ruleInfo: ["Gate", "target-TargetA-T-TargetA-44525--ProductPostprocessingTaskProducer"]), Task(forTarget: <none>, ruleInfo: ["Gate", "target-TargetB-T-TargetB-44533--RealityAssetsTaskProducer"]), Task(forTarget: TargetA, ruleInfo: ["Copy", "/private/var/folders/xr/m5_5rlsd6l9fk2w4ngj13k6m0000gn/T/swbuild.tmp.I9GXyx3j/Data.noindex/Test/aProject/build/Debug/TargetA.framework/Versions/A/Modules/TargetA.swiftmodule/Project/arm64-apple-macos.swiftsourceinfo", "/private/var/folders/xr/m5_5rlsd6l9fk2w4ngj13k6m0000gn/T/swbuild.tmp.I9GXyx3j/Data.noindex/Test/aProject/build/aProject.build/Debug/TargetA.build/Objects-normal/arm64/TargetA.swiftsourceinfo"]), Task(forTarget: TargetB, ruleInfo: ["Copy", "/private/var/folders/xr/m5_5rlsd6l9fk2w4ngj13k6m0000gn/T/swbuild.tmp.I9GXyx3j/Data.noindex/Test/aProject/build/Debug/TargetB.framework/Versions/A/Modules/TargetB.swiftmodule/Project/arm64-apple-macos.swiftsourceinfo", "/private/var/folders/xr/m5_5rlsd6l9fk2w4ngj13k6m0000gn/T/swbuild.tmp.I9GXyx3j/Data.noindex/Test/aProject/build/aProject.build/Debug/TargetB.build/Objects-normal/arm64/TargetB.swiftsourceinfo"]), Task(forTarget: TargetB, ruleInfo: ["WriteAuxiliaryFile", "/private/var/folders/xr/m5_5rlsd6l9fk2w4ngj13k6m0000gn/T/swbuild.tmp.I9GXyx3j/Data.noindex/Test/aProject/build/aProject.build/Debug/TargetB.build/TargetB-all-non-framework-target-headers.hmap"]), Task(forTarget: <none>, ruleInfo: ["Gate", "target-TargetB-T-TargetB-44533--Barrier-GenerateStubAPI"]), Task(forTarget: TargetB, ruleInfo: ["RegisterExecutionPolicyException", "/private/var/folders/xr/m5_5rlsd6l9fk2w4ngj13k6m0000gn/T/swbuild.tmp.I9GXyx3j/Data.noindex/Test/aProject/build/Debug/TargetB.framework"]), Task(forTarget: TargetA, ruleInfo: ["SwiftEmitModule", "normal", "arm64", "Emitting module for TargetA"]), Task(forTarget: <none>, ruleInfo: ["SwiftExplicitDependencyCompileModuleFromInterface", "arm64", "/private/var/folders/xr/m5_5rlsd6l9fk2w4ngj13k6m0000gn/T/swbuild.tmp.I9GXyx3j/Data.noindex/Test/aProject/build/SwiftExplicitPrecompiledModules/_StringProcessing-1O0ZQ2K74RYD5.swiftmodule"]), Task(forTarget: TargetB, ruleInfo: ["Gate", "target-TargetB-T-TargetB-44533--begin-linking"]), Task(forTarget: TargetB, ruleInfo: ["Gate", "target-TargetB-T-TargetB-44533--unsigned-product-ready"]), Task(forTarget: TargetB, ruleInfo: ["MkDir", "/private/var/folders/xr/m5_5rlsd6l9fk2w4ngj13k6m0000gn/T/swbuild.tmp.I9GXyx3j/Data.noindex/Test/aProject/build/Debug/TargetB.framework"]), Task(forTarget: <none>, ruleInfo: ["Gate", "target-TargetB-T-TargetB-44533--ExtensionPointExtractorTaskProducer"]), Task(forTarget: TargetA, ruleInfo: ["WriteAuxiliaryFile", "/private/var/folders/xr/m5_5rlsd6l9fk2w4ngj13k6m0000gn/T/swbuild.tmp.I9GXyx3j/Data.noindex/Test/aProject/build/aProject.build/Debug/TargetA.build/Objects-normal/arm64/TargetA_const_extract_protocols.json"]), Task(forTarget: <none>, ruleInfo: ["Gate", "target-TargetA-T-TargetA-44525--CustomTaskProducer"]), Task(forTarget: <none>, ruleInfo: ["ClangStatCache", "/Applications/Xcode17E.app/Contents/Developer/Toolchains/XcodeDefault.xctoolchain/usr/bin/clang-stat-cache", "/Applications/Xcode17E.app/Contents/Developer/Platforms/MacOSX.platform/Developer/SDKs/MacOSX26.4.sdk", "/private/var/folders/xr/m5_5rlsd6l9fk2w4ngj13k6m0000gn/T/swbuild.tmp.I9GXyx3j/Data.noindex/Test/SDKStatCaches.noindex/macosx26.4-25E260-95aa6cf8f3effd57bda17e0c125410c0.sdkstatcache"]), Task(forTarget: <none>, ruleInfo: ["Gate", "target-TargetB-T-TargetB-44533--TestEntryPointTaskProducerFactory"]), Task(forTarget: TargetA, ruleInfo: ["Gate", "target-TargetA-T-TargetA-44525--immediate"]), Task(forTarget: <none>, ruleInfo: ["CreateBuildDirectory", "/private/var/folders/xr/m5_5rlsd6l9fk2w4ngj13k6m0000gn/T/swbuild.tmp.I9GXyx3j/Data.noindex/Test/aProject/build/Debug"]), Task(forTarget: TargetA, ruleInfo: ["Gate", "target-TargetA-T-TargetA-44525--entry"]), Task(forTarget: <none>, ruleInfo: ["Gate", "target-TargetA-T-TargetA-44525--SwiftStandardLibrariesTaskProducer"]), Task(forTarget: <none>, ruleInfo: ["Gate", "target-TargetA-T-TargetA-44525--TestEntryPointTaskProducerFactory"]), Task(forTarget: TargetA, ruleInfo: ["WriteAuxiliaryFile", "/private/var/folders/xr/m5_5rlsd6l9fk2w4ngj13k6m0000gn/T/swbuild.tmp.I9GXyx3j/Data.noindex/Test/aProject/build/aProject.build/Debug/TargetA.build/TargetA-project-headers.hmap"]), Task(forTarget: <none>, ruleInfo: ["Gate", "target-TargetA-T-TargetA-44525--Barrier-GenerateStubAPI"]), Task(forTarget: TargetA, ruleInfo: ["MkDir", "/private/var/folders/xr/m5_5rlsd6l9fk2w4ngj13k6m0000gn/T/swbuild.tmp.I9GXyx3j/Data.noindex/Test/aProject/build/Debug/TargetA.framework"]), Task(forTarget: TargetB, ruleInfo: ["WriteAuxiliaryFile", "/private/var/folders/xr/m5_5rlsd6l9fk2w4ngj13k6m0000gn/T/swbuild.tmp.I9GXyx3j/Data.noindex/Test/aProject/build/aProject.build/Debug/TargetB.build/TargetB-generated-files.hmap"]), Task(forTarget: TargetB, ruleInfo: ["WriteAuxiliaryFile", "/private/var/folders/xr/m5_5rlsd6l9fk2w4ngj13k6m0000gn/T/swbuild.tmp.I9GXyx3j/Data.noindex/Test/aProject/build/aProject.build/Debug/TargetB.build/Objects-normal/arm64/TargetB_const_extract_protocols.json"]), Task(forTarget: TargetB, ruleInfo: ["MkDir", "/private/var/folders/xr/m5_5rlsd6l9fk2w4ngj13k6m0000gn/T/swbuild.tmp.I9GXyx3j/Data.noindex/Test/aProject/build/Debug/TargetB.framework/Versions"]), Task(forTarget: <none>, ruleInfo: ["Gate", "target-TargetA-T-TargetA-44525--CopySwiftPackageResourcesTaskProducer"]), Task(forTarget: <none>, ruleInfo: ["Gate", "target-TargetA-T-TargetA-44525--Barrier-ChangeAlternatePermissions"]), Task(forTarget: TargetA, ruleInfo: ["SymLink", "/private/var/folders/xr/m5_5rlsd6l9fk2w4ngj13k6m0000gn/T/swbuild.tmp.I9GXyx3j/Data.noindex/Test/aProject/build/EagerLinkingTBDs/Debug/TargetA.framework/TargetA.tbd", "/private/var/folders/xr/m5_5rlsd6l9fk2w4ngj13k6m0000gn/T/swbuild.tmp.I9GXyx3j/Data.noindex/Test/aProject/build/EagerLinkingTBDs/Debug/TargetA.framework/Versions/A/TargetA.tbd"]), Task(forTarget: <none>, ruleInfo: ["Gate", "target-TargetA-T-TargetA-44525--Barrier-RegisterExecutionPolicyException"]), Task(forTarget: <none>, ruleInfo: ["Gate", "target-TargetB-T-TargetB-44533--SwiftPackageCopyFilesTaskProducer"]), Task(forTarget: TargetA, ruleInfo: ["SwiftCompile", "normal", "arm64", "Compiling fileA1.swift", "/private/var/folders/xr/m5_5rlsd6l9fk2w4ngj13k6m0000gn/T/swbuild.tmp.I9GXyx3j/Data.noindex/Test/aProject/Sources/fileA1.swift"]), Task(forTarget: <none>, ruleInfo: ["Gate", "target-TargetB-T-TargetB-44533--Barrier-StripSymbols"]), Task(forTarget: TargetA, ruleInfo: ["WriteAuxiliaryFile", "/private/var/folders/xr/m5_5rlsd6l9fk2w4ngj13k6m0000gn/T/swbuild.tmp.I9GXyx3j/Data.noindex/Test/aProject/build/aProject.build/Debug/TargetA.build/TargetA-all-non-framework-target-headers.hmap"]), Task(forTarget: <none>, ruleInfo: ["Gate", "target-TargetB-T-TargetB-44533--SanitizerTaskProducer"]), Task(forTarget: <none>, ruleInfo: ["Gate", "target-TargetB-T-TargetB-44533--swift-generated-headers"]), Task(forTarget: <none>, ruleInfo: ["Gate", "target-TargetB-T-TargetB-44533--Barrier-RegisterProduct"]), Task(forTarget: <none>, ruleInfo: ["Gate", "target-TargetB-T-TargetB-44533--GeneratedFilesTaskProducer"]), Task(forTarget: <none>, ruleInfo: ["Gate", "target-TargetA-T-TargetA-44525--Barrier-StripSymbols"]), Task(forTarget: TargetB, ruleInfo: ["GenerateTAPI", "/private/var/folders/xr/m5_5rlsd6l9fk2w4ngj13k6m0000gn/T/swbuild.tmp.I9GXyx3j/Data.noindex/Test/aProject/build/EagerLinkingTBDs/Debug/TargetB.framework/Versions/A/TargetB.tbd"]), Task(forTarget: <none>, ruleInfo: ["Gate", "target-TargetA-T-TargetA-44525--GenerateAppPlaygroundAssetCatalogTaskProducer"]), Task(forTarget: <none>, ruleInfo: ["Gate", "target-TargetA-T-TargetA-44525--Barrier-ChangePermissions"]), Task(forTarget: TargetA, ruleInfo: ["WriteAuxiliaryFile", "/private/var/folders/xr/m5_5rlsd6l9fk2w4ngj13k6m0000gn/T/swbuild.tmp.I9GXyx3j/Data.noindex/Test/aProject/build/aProject.build/Debug/TargetA.build/Objects-normal/arm64/TargetA.SwiftConstValuesFileList"]), Task(forTarget: TargetA, ruleInfo: ["MkDir", "/private/var/folders/xr/m5_5rlsd6l9fk2w4ngj13k6m0000gn/T/swbuild.tmp.I9GXyx3j/Data.noindex/Test/aProject/build/Debug/TargetA.framework/Versions"]), Task(forTarget: <none>, ruleInfo: ["Gate", "target-TargetA-T-TargetA-44525--StubBinaryTaskProducer"]), Task(forTarget: <none>, ruleInfo: ["Gate", "target-TargetB-T-TargetB-44533--ProductPostprocessingTaskProducer"]), Task(forTarget: TargetA, ruleInfo: ["WriteAuxiliaryFile", "/private/var/folders/xr/m5_5rlsd6l9fk2w4ngj13k6m0000gn/T/swbuild.tmp.I9GXyx3j/Data.noindex/Test/aProject/build/aProject.build/Debug/TargetA.build/Objects-normal/arm64/TargetA.LinkFileList"]), Task(forTarget: <none>, ruleInfo: ["Gate", "target-TargetA-T-TargetA-44525--ModuleMapTaskProducer"]), Task(forTarget: TargetA, ruleInfo: ["ExtractAppIntentsMetadata"]), Task(forTarget: TargetB, ruleInfo: ["WriteAuxiliaryFile", "/private/var/folders/xr/m5_5rlsd6l9fk2w4ngj13k6m0000gn/T/swbuild.tmp.I9GXyx3j/Data.noindex/Test/aProject/build/aProject.build/Debug/TargetB.build/TargetB.hmap"]), Task(forTarget: TargetA, ruleInfo: ["SymLink", "/private/var/folders/xr/m5_5rlsd6l9fk2w4ngj13k6m0000gn/T/swbuild.tmp.I9GXyx3j/Data.noindex/Test/aProject/build/Debug/TargetA.framework/TargetA", "Versions/Current/TargetA"]), Task(forTarget: TargetB, ruleInfo: ["MkDir", "/private/var/folders/xr/m5_5rlsd6l9fk2w4ngj13k6m0000gn/T/swbuild.tmp.I9GXyx3j/Data.noindex/Test/aProject/build/Debug/TargetB.framework/Versions/A/Headers"]), Task(forTarget: <none>, ruleInfo: ["CreateBuildDirectory", "/private/var/folders/xr/m5_5rlsd6l9fk2w4ngj13k6m0000gn/T/swbuild.tmp.I9GXyx3j/Data.noindex/Test/aProject/build/ExplicitPrecompiledModules"]), Task(forTarget: <none>, ruleInfo: ["Gate", "target-TargetA-T-TargetA-44525--RealityAssetsTaskProducer"]), Task(forTarget: <none>, ruleInfo: ["Gate", "target-TargetA-T-TargetA-44525--TestHostTaskProducer"]), Task(forTarget: TargetA, ruleInfo: ["Gate", "target-TargetA-T-TargetA-44525--will-sign"]), Task(forTarget: <none>, ruleInfo: ["CreateBuildDirectory", "/private/var/folders/xr/m5_5rlsd6l9fk2w4ngj13k6m0000gn/T/swbuild.tmp.I9GXyx3j/Data.noindex/Test/aProject/build/SharedPrecompiledHeaders"]), Task(forTarget: TargetA, ruleInfo: ["WriteAuxiliaryFile", "/private/var/folders/xr/m5_5rlsd6l9fk2w4ngj13k6m0000gn/T/swbuild.tmp.I9GXyx3j/Data.noindex/Test/aProject/build/aProject.build/Debug/TargetA.build/TargetA.hmap"]), Task(forTarget: TargetA, ruleInfo: ["SymLink", "/private/var/folders/xr/m5_5rlsd6l9fk2w4ngj13k6m0000gn/T/swbuild.tmp.I9GXyx3j/Data.noindex/Test/aProject/build/Debug/TargetA.framework/Modules", "Versions/Current/Modules"]), Task(forTarget: <none>, ruleInfo: ["Gate", "target-TargetA-T-TargetA-44525--copy-headers-completion"]), Task(forTarget: <none>, ruleInfo: ["Gate", "target-TargetA-T-TargetA-44525--fused-phase0-compile-sources"]), Task(forTarget: <none>, ruleInfo: ["Gate", "WorkspaceHeaderMapVFSFilesWritten"]), Task(forTarget: TargetB, ruleInfo: ["SymLink", "/private/var/folders/xr/m5_5rlsd6l9fk2w4ngj13k6m0000gn/T/swbuild.tmp.I9GXyx3j/Data.noindex/Test/aProject/build/Debug/TargetB.framework/Headers", "Versions/Current/Headers"]), Task(forTarget: TargetB, ruleInfo: ["SwiftDriver Compilation Requirements", "TargetB", "normal", "arm64", "com.apple.xcode.tools.swift.compiler"]), Task(forTarget: <none>, ruleInfo: ["Gate", "target-TargetA-T-TargetA-44525--Barrier-RegisterProduct"]), Task(forTarget: TargetB, ruleInfo: ["Gate", "target-TargetB-T-TargetB-44533--modules-ready"]), Task(forTarget: <none>, ruleInfo: ["CreateBuildDirectory", "/private/var/folders/xr/m5_5rlsd6l9fk2w4ngj13k6m0000gn/T/swbuild.tmp.I9GXyx3j/Data.noindex/Test/aProject/build/EagerLinkingTBDs/Debug"]), Task(forTarget: TargetB, ruleInfo: ["WriteAuxiliaryFile", "/private/var/folders/xr/m5_5rlsd6l9fk2w4ngj13k6m0000gn/T/swbuild.tmp.I9GXyx3j/Data.noindex/Test/aProject/build/aProject.build/Debug/TargetB.build/TargetB-all-target-headers.hmap"]), Task(forTarget: <none>, ruleInfo: ["Gate", "target-TargetB-T-TargetB-44533--ModuleVerifierTaskProducer"]), Task(forTarget: TargetA, ruleInfo: ["Gate", "target-TargetA-T-TargetA-44525--begin-scanning"]), Task(forTarget: TargetB, ruleInfo: ["Gate", "target-TargetB-T-TargetB-44533--immediate"]), Task(forTarget: TargetA, ruleInfo: ["GenerateTAPI", "/private/var/folders/xr/m5_5rlsd6l9fk2w4ngj13k6m0000gn/T/swbuild.tmp.I9GXyx3j/Data.noindex/Test/aProject/build/EagerLinkingTBDs/Debug/TargetA.framework/Versions/A/TargetA.tbd"]), Task(forTarget: TargetB, ruleInfo: ["SymLink", "/private/var/folders/xr/m5_5rlsd6l9fk2w4ngj13k6m0000gn/T/swbuild.tmp.I9GXyx3j/Data.noindex/Test/aProject/build/Debug/TargetB.framework/TargetB", "Versions/Current/TargetB"]), Task(forTarget: TargetB, ruleInfo: ["SwiftCompile", "normal", "arm64", "Compiling fileB2.swift", "/private/var/folders/xr/m5_5rlsd6l9fk2w4ngj13k6m0000gn/T/swbuild.tmp.I9GXyx3j/Data.noindex/Test/aProject/Sources/fileB2.swift"])]
↳ Occasionally fails in CI due to SwiftExplicitDependencyCompileModuleFromInterface missing from the dependency graph
━ Test swiftEagerCompilationWithExplicitModules() recorded a known issue at SwiftDriverTests.swift:3597:55: Issue recorded
↳ Task Task(forTarget: TargetB, ruleInfo: ["SwiftEmitModule", "normal", "arm64", "Emitting module for TargetB"]) does not follow any tasks matching [Rule matches [SWBTestSupport.StringPattern.equal("SwiftExplicitDependencyCompileModuleFromInterface"), SWBTestSupport.StringPattern.equal("normal"), SWBTestSupport.StringPattern.equal("arm64"), SWBTestSupport.StringPattern.contains("Swift-")]]. Found: [] in [Task(forTarget: <none>, ruleInfo: ["Gate", "target-TargetA-T-TargetA-44525--Barrier-CopyAside"]), Task(forTarget: <none>, ruleInfo: ["Gate", "target-TargetA-T-TargetA-44525--InfoPlistTaskProducer"]), Task(forTarget: <none>, ruleInfo: ["Gate", "target-TargetB-T-TargetB-44533--Barrier-ChangeAlternatePermissions"]), Task(forTarget: <none>, ruleInfo: ["Gate", "target-TargetA-T-TargetA-44525--swift-generated-headers"]), Task(forTarget: TargetB, ruleInfo: ["ExtractAppIntentsMetadata"]), Task(forTarget: TargetB, ruleInfo: ["SwiftDriver", "TargetB", "normal", "arm64", "com.apple.xcode.tools.swift.compiler"]), Task(forTarget: TargetB, ruleInfo: ["WriteAuxiliaryFile", "/private/var/folders/xr/m5_5rlsd6l9fk2w4ngj13k6m0000gn/T/swbuild.tmp.I9GXyx3j/Data.noindex/Test/aProject/build/aProject.build/Debug/TargetB.build/TargetB-own-target-headers.hmap"]), Task(forTarget: TargetA, ruleInfo: ["WriteAuxiliaryFile", "/private/var/folders/xr/m5_5rlsd6l9fk2w4ngj13k6m0000gn/T/swbuild.tmp.I9GXyx3j/Data.noindex/Test/aProject/build/aProject.build/Debug/TargetA.build/TargetA-generated-files.hmap"]), Task(forTarget: TargetA, ruleInfo: ["SwiftDriver Compilation", "TargetA", "normal", "arm64", "com.apple.xcode.tools.swift.compiler"]), Task(forTarget: TargetA, ruleInfo: ["Ld", "/private/var/folders/xr/m5_5rlsd6l9fk2w4ngj13k6m0000gn/T/swbuild.tmp.I9GXyx3j/Data.noindex/Test/aProject/build/Debug/TargetA.framework/Versions/A/TargetA", "normal"]), Task(forTarget: <none>, ruleInfo: ["SwiftExplicitDependencyCompileModuleFromInterface", "arm64", "/private/var/folders/xr/m5_5rlsd6l9fk2w4ngj13k6m0000gn/T/swbuild.tmp.I9GXyx3j/Data.noindex/Test/aProject/build/SwiftExplicitPrecompiledModules/Swift-NBB0GQDQYZZH.swiftmodule"]), Task(forTarget: TargetB, ruleInfo: ["SwiftMergeGeneratedHeaders", "/private/var/folders/xr/m5_5rlsd6l9fk2w4ngj13k6m0000gn/T/swbuild.tmp.I9GXyx3j/Data.noindex/Test/aProject/build/Debug/TargetB.framework/Versions/A/Headers/TargetB-Swift.h", "/private/var/folders/xr/m5_5rlsd6l9fk2w4ngj13k6m0000gn/T/swbuild.tmp.I9GXyx3j/Data.noindex/Test/aProject/build/aProject.build/Debug/TargetB.build/Objects-normal/arm64/TargetB-Swift.h"]), Task(forTarget: <none>, ruleInfo: ["Gate", "target-TargetB-T-TargetB-44533--TestHostTaskProducer"]), Task(forTarget: TargetB, ruleInfo: ["WriteAuxiliaryFile", "/private/var/folders/xr/m5_5rlsd6l9fk2w4ngj13k6m0000gn/T/swbuild.tmp.I9GXyx3j/Data.noindex/Test/aProject/build/aProject.build/Debug/TargetB.build/Objects-normal/arm64/TargetB.SwiftConstValuesFileList"]), Task(forTarget: <none>, ruleInfo: ["Gate", "target-TargetB-T-TargetB-44533--ModuleMapTaskProducer"]), Task(forTarget: <none>, ruleInfo: ["Gate", "target-TargetB-T-TargetB-44533--SwiftFrameworkABICheckerTaskProducer"]), Task(forTarget: <none>, ruleInfo: ["Gate", "target-TargetB-T-TargetB-44533--Barrier-ChangePermissions"]), Task(forTarget: TargetB, ruleInfo: ["Gate", "target-TargetB-T-TargetB-44533--begin-compiling"]), Task(forTarget: <none>, ruleInfo: ["Gate", "target-TargetB-T-TargetB-44533--TestTargetTaskProducer"]), Task(forTarget: <none>, ruleInfo: ["Gate", "target-TargetB-T-TargetB-44533--TAPISymbolExtractorTaskProducer"]), Task(forTarget: <none>, ruleInfo: ["Gate", "target-TargetB-T-TargetB-44533--HeadermapTaskProducer"]), Task(forTarget: TargetB, ruleInfo: ["Ld", "/private/var/folders/xr/m5_5rlsd6l9fk2w4ngj13k6m0000gn/T/swbuild.tmp.I9GXyx3j/Data.noindex/Test/aProject/build/Debug/TargetB.framework/Versions/A/TargetB", "normal"]), Task(forTarget: TargetB, ruleInfo: ["WriteAuxiliaryFile", "/private/var/folders/xr/m5_5rlsd6l9fk2w4ngj13k6m0000gn/T/swbuild.tmp.I9GXyx3j/Data.noindex/Test/aProject/build/aProject.build/Debug/TargetB.build/Objects-normal/arm64/TargetB.LinkFileList"]), Task(forTarget: <none>, ruleInfo: ["Gate", "target-TargetB-T-TargetB-44533--TestTargetPostprocessingTaskProducer"]), Task(forTarget: <none>, ruleInfo: ["SwiftExplicitDependencyGeneratePcm", "arm64", "/private/var/folders/xr/m5_5rlsd6l9fk2w4ngj13k6m0000gn/T/swbuild.tmp.I9GXyx3j/Data.noindex/Test/aProject/build/SwiftExplicitPrecompiledModules/_SwiftConcurrencyShims-AIZW70LS1W2L0PXECXLASUUHS.pcm"]), Task(forTarget: TargetA, ruleInfo: ["SymLink", "/private/var/folders/xr/m5_5rlsd6l9fk2w4ngj13k6m0000gn/T/swbuild.tmp.I9GXyx3j/Data.noindex/Test/aProject/build/Debug/TargetA.framework/Versions/Current", "A"]), Task(forTarget: <none>, ruleInfo: ["CreateBuildDirectory", "/private/var/folders/xr/m5_5rlsd6l9fk2w4ngj13k6m0000gn/T/swbuild.tmp.I9GXyx3j/Data.noindex/Test/aProject/build"]), Task(forTarget: TargetB, ruleInfo: ["WriteAuxiliaryFile", "/private/var/folders/xr/m5_5rlsd6l9fk2w4ngj13k6m0000gn/T/swbuild.tmp.I9GXyx3j/Data.noindex/Test/aProject/build/aProject.build/Debug/TargetB.build/TargetB.DependencyMetadataFileList"]), Task(forTarget: TargetA, ruleInfo: ["WriteAuxiliaryFile", "/private/var/folders/xr/m5_5rlsd6l9fk2w4ngj13k6m0000gn/T/swbuild.tmp.I9GXyx3j/Data.noindex/Test/aProject/build/aProject.build/Debug/TargetA.build/TargetA.DependencyMetadataFileList"]), Task(forTarget: <none>, ruleInfo: ["Gate", "target-TargetB-T-TargetB-44533--AppExtensionInfoPlistGeneratorTaskProducer"]), Task(forTarget: <none>, ruleInfo: ["Gate", "target-TargetA-T-TargetA-44525--SwiftABIBaselineGenerationTaskProducer"]), Task(forTarget: <none>, ruleInfo: ["Gate", "target-TargetA-T-TargetA-44525--Barrier-Validate"]), Task(forTarget: <none>, ruleInfo: ["SwiftExplicitDependencyGeneratePcm", "arm64", "/private/var/folders/xr/m5_5rlsd6l9fk2w4ngj13k6m0000gn/T/swbuild.tmp.I9GXyx3j/Data.noindex/Test/aProject/build/SwiftExplicitPrecompiledModules/SwiftShims-1XRNFTFX3SVGVJQLDAOI208RW.pcm"]), Task(forTarget: TargetA, ruleInfo: ["SymLink", "/private/var/folders/xr/m5_5rlsd6l9fk2w4ngj13k6m0000gn/T/swbuild.tmp.I9GXyx3j/Data.noindex/Test/aProject/build/Debug/TargetA.framework/Headers", "Versions/Current/Headers"]), Task(forTarget: <none>, ruleInfo: ["Gate", "target-TargetA-T-TargetA-44525--generated-headers"]), Task(forTarget: TargetB, ruleInfo: ["SymLink", "/private/var/folders/xr/m5_5rlsd6l9fk2w4ngj13k6m0000gn/T/swbuild.tmp.I9GXyx3j/Data.noindex/Test/aProject/build/Debug/TargetB.framework/Modules", "Versions/Current/Modules"]), Task(forTarget: <none>, ruleInfo: ["WriteAuxiliaryFile", "/private/var/folders/xr/m5_5rlsd6l9fk2w4ngj13k6m0000gn/T/swbuild.tmp.I9GXyx3j/Data.noindex/Test/aProject/build/aProject.build/Debug/aProject-P44536-VFS/all-product-headers.yaml"]), Task(forTarget: <none>, ruleInfo: ["Gate", "target-TargetA-T-TargetA-44525--TAPISymbolExtractorTaskProducer"]), Task(forTarget: <none>, ruleInfo: ["Gate", "target-TargetA-T-TargetA-44525--TestTargetTaskProducer"]), Task(forTarget: <none>, ruleInfo: ["Gate", "target-TargetB-T-TargetB-44533--CopySwiftPackageResourcesTaskProducer"]), Task(forTarget: <none>, ruleInfo: ["Gate", "target-TargetB-T-TargetB-44533--AppIntentsMetadataTaskProducer"]), Task(forTarget: TargetA, ruleInfo: ["WriteAuxiliaryFile", "/private/var/folders/xr/m5_5rlsd6l9fk2w4ngj13k6m0000gn/T/swbuild.tmp.I9GXyx3j/Data.noindex/Test/aProject/build/aProject.build/Debug/TargetA.build/TargetA-all-target-headers.hmap"]), Task(forTarget: TargetB, ruleInfo: ["MkDir", "/private/var/folders/xr/m5_5rlsd6l9fk2w4ngj13k6m0000gn/T/swbuild.tmp.I9GXyx3j/Data.noindex/Test/aProject/build/Debug/TargetB.framework/Versions/A"]), Task(forTarget: <none>, ruleInfo: ["Gate", "target-TargetB-T-TargetB-44533--CustomTaskProducer"]), Task(forTarget: TargetB, ruleInfo: ["WriteAuxiliaryFile", "/private/var/folders/xr/m5_5rlsd6l9fk2w4ngj13k6m0000gn/T/swbuild.tmp.I9GXyx3j/Data.noindex/Test/aProject/build/aProject.build/Debug/TargetB.build/Objects-normal/arm64/TargetB.SwiftFileList"]), Task(forTarget: TargetB, ruleInfo: ["WriteAuxiliaryFile", "/private/var/folders/xr/m5_5rlsd6l9fk2w4ngj13k6m0000gn/T/swbuild.tmp.I9GXyx3j/Data.noindex/Test/aProject/build/aProject.build/Debug/TargetB.build/Objects-normal/arm64/TargetB-OutputFileMap.json"]), Task(forTarget: TargetA, ruleInfo: ["MkDir", "/private/var/folders/xr/m5_5rlsd6l9fk2w4ngj13k6m0000gn/T/swbuild.tmp.I9GXyx3j/Data.noindex/Test/aProject/build/Debug/TargetA.framework/Versions/A/Headers"]), Task(forTarget: <none>, ruleInfo: ["Gate", "target-TargetB-T-TargetB-44533--StubBinaryTaskProducer"]), Task(forTarget: <none>, ruleInfo: ["Gate", "target-TargetB-T-TargetB-44533--DocumentationTaskProducer"]), Task(forTarget: TargetA, ruleInfo: ["SwiftDriver", "TargetA", "normal", "arm64", "com.apple.xcode.tools.swift.compiler"]), Task(forTarget: <none>, ruleInfo: ["Gate", "target-TargetB-T-TargetB-44533--GenerateAppPlaygroundAssetCatalogTaskProducer"]), Task(forTarget: <none>, ruleInfo: ["Gate", "target-TargetA-T-TargetA-44525--Barrier-CodeSign"]), Task(forTarget: <none>, ruleInfo: ["Gate", "target-TargetA-T-TargetA-44525--AppExtensionInfoPlistGeneratorTaskProducer"]), Task(forTarget: TargetB, ruleInfo: ["Gate", "target-TargetB-T-TargetB-44533--entry"]), Task(forTarget: TargetB, ruleInfo: ["Gate", "target-TargetB-T-TargetB-44533--will-sign"]), Task(forTarget: <none>, ruleInfo: ["Gate", "target-TargetB-T-TargetB-44533--Barrier-CopyAside"]), Task(forTarget: <none>, ruleInfo: ["Gate", "target-TargetA-T-TargetA-44525--ProductStructureTaskProducer"]), Task(forTarget: TargetA, ruleInfo: ["Gate", "target-TargetA-T-TargetA-44525--begin-linking"]), Task(forTarget: TargetB, ruleInfo: ["Copy", "/private/var/folders/xr/m5_5rlsd6l9fk2w4ngj13k6m0000gn/T/swbuild.tmp.I9GXyx3j/Data.noindex/Test/aProject/build/Debug/TargetB.framework/Versions/A/Modules/TargetB.swiftmodule/arm64-apple-macos.swiftdoc", "/private/var/folders/xr/m5_5rlsd6l9fk2w4ngj13k6m0000gn/T/swbuild.tmp.I9GXyx3j/Data.noindex/Test/aProject/build/aProject.build/Debug/TargetB.build/Objects-normal/arm64/TargetB.swiftdoc"]), Task(forTarget: TargetB, ruleInfo: ["Copy", "/private/var/folders/xr/m5_5rlsd6l9fk2w4ngj13k6m0000gn/T/swbuild.tmp.I9GXyx3j/Data.noindex/Test/aProject/build/Debug/TargetB.framework/Versions/A/Modules/TargetB.swiftmodule/arm64-apple-macos.swiftmodule", "/private/var/folders/xr/m5_5rlsd6l9fk2w4ngj13k6m0000gn/T/swbuild.tmp.I9GXyx3j/Data.noindex/Test/aProject/build/aProject.build/Debug/TargetB.build/Objects-normal/arm64/TargetB.swiftmodule"]), Task(forTarget: TargetB, ruleInfo: ["SymLink", "/private/var/folders/xr/m5_5rlsd6l9fk2w4ngj13k6m0000gn/T/swbuild.tmp.I9GXyx3j/Data.noindex/Test/aProject/build/EagerLinkingTBDs/Debug/TargetB.framework/TargetB.tbd", "/private/var/folders/xr/m5_5rlsd6l9fk2w4ngj13k6m0000gn/T/swbuild.tmp.I9GXyx3j/Data.noindex/Test/aProject/build/EagerLinkingTBDs/Debug/TargetB.framework/Versions/A/TargetB.tbd"]), Task(forTarget: TargetA, ruleInfo: ["SwiftMergeGeneratedHeaders", "/private/var/folders/xr/m5_5rlsd6l9fk2w4ngj13k6m0000gn/T/swbuild.tmp.I9GXyx3j/Data.noindex/Test/aProject/build/Debug/TargetA.framework/Versions/A/Headers/TargetA-Swift.h", "/private/var/folders/xr/m5_5rlsd6l9fk2w4ngj13k6m0000gn/T/swbuild.tmp.I9GXyx3j/Data.noindex/Test/aProject/build/aProject.build/Debug/TargetA.build/Objects-normal/arm64/TargetA-Swift.h"]), Task(forTarget: <none>, ruleInfo: ["SwiftExplicitDependencyCompileModuleFromInterface", "arm64", "/private/var/folders/xr/m5_5rlsd6l9fk2w4ngj13k6m0000gn/T/swbuild.tmp.I9GXyx3j/Data.noindex/Test/aProject/build/SwiftExplicitPrecompiledModules/_Concurrency-CB34E6W1YOX6.swiftmodule"]), Task(forTarget: TargetA, ruleInfo: ["Gate", "target-TargetA-T-TargetA-44525--unsigned-product-ready"]), Task(forTarget: TargetA, ruleInfo: ["Gate", "target-TargetA-T-TargetA-44525--end"]), Task(forTarget: <none>, ruleInfo: ["Gate", "target-TargetA-T-TargetA-44525--ExtensionPointExtractorTaskProducer"]), Task(forTarget: TargetB, ruleInfo: ["Touch", "/private/var/folders/xr/m5_5rlsd6l9fk2w4ngj13k6m0000gn/T/swbuild.tmp.I9GXyx3j/Data.noindex/Test/aProject/build/Debug/TargetB.framework"]), Task(forTarget: TargetB, ruleInfo: ["Gate", "target-TargetB-T-TargetB-44533--linker-inputs-ready"]), Task(forTarget: TargetA, ruleInfo: ["WriteAuxiliaryFile", "/private/var/folders/xr/m5_5rlsd6l9fk2w4ngj13k6m0000gn/T/swbuild.tmp.I9GXyx3j/Data.noindex/Test/aProject/build/aProject.build/Debug/TargetA.build/Objects-normal/arm64/TargetA.SwiftFileList"]), Task(forTarget: TargetB, ruleInfo: ["WriteAuxiliaryFile", "/private/var/folders/xr/m5_5rlsd6l9fk2w4ngj13k6m0000gn/T/swbuild.tmp.I9GXyx3j/Data.noindex/Test/aProject/build/aProject.build/Debug/TargetB.build/TargetB-project-headers.hmap"]), Task(forTarget: <none>, ruleInfo: ["Gate", "target-TargetB-T-TargetB-44533--copy-headers-completion"]), Task(forTarget: <none>, ruleInfo: ["Gate", "target-TargetB-T-TargetB-44533--Barrier-Validate"]), Task(forTarget: TargetB, ruleInfo: ["Copy", "/private/var/folders/xr/m5_5rlsd6l9fk2w4ngj13k6m0000gn/T/swbuild.tmp.I9GXyx3j/Data.noindex/Test/aProject/build/Debug/TargetB.framework/Versions/A/Modules/TargetB.swiftmodule/arm64-apple-macos.abi.json", "/private/var/folders/xr/m5_5rlsd6l9fk2w4ngj13k6m0000gn/T/swbuild.tmp.I9GXyx3j/Data.noindex/Test/aProject/build/aProject.build/Debug/TargetB.build/Objects-normal/arm64/TargetB.abi.json"]), Task(forTarget: TargetA, ruleInfo: ["WriteAuxiliaryFile", "/private/var/folders/xr/m5_5rlsd6l9fk2w4ngj13k6m0000gn/T/swbuild.tmp.I9GXyx3j/Data.noindex/Test/aProject/build/aProject.build/Debug/TargetA.build/TargetA-own-target-headers.hmap"]), Task(forTarget: TargetB, ruleInfo: ["Gate", "target-TargetB-T-TargetB-44533--begin-scanning"]), Task(forTarget: TargetA, ruleInfo: ["WriteAuxiliaryFile", "/private/var/folders/xr/m5_5rlsd6l9fk2w4ngj13k6m0000gn/T/swbuild.tmp.I9GXyx3j/Data.noindex/Test/aProject/build/aProject.build/Debug/TargetA.build/TargetA.DependencyStaticMetadataFileList"]), Task(forTarget: <none>, ruleInfo: ["Gate", "target-TargetA-T-TargetA-44525--ModuleVerifierTaskProducer"]), Task(forTarget: TargetA, ruleInfo: ["SwiftCompile", "normal", "arm64", "Compiling fileA2.swift", "/private/var/folders/xr/m5_5rlsd6l9fk2w4ngj13k6m0000gn/T/swbuild.tmp.I9GXyx3j/Data.noindex/Test/aProject/Sources/fileA2.swift"]), Task(forTarget: TargetA, ruleInfo: ["Copy", "/private/var/folders/xr/m5_5rlsd6l9fk2w4ngj13k6m0000gn/T/swbuild.tmp.I9GXyx3j/Data.noindex/Test/aProject/build/Debug/TargetA.framework/Versions/A/Modules/TargetA.swiftmodule/arm64-apple-macos.swiftmodule", "/private/var/folders/xr/m5_5rlsd6l9fk2w4ngj13k6m0000gn/T/swbuild.tmp.I9GXyx3j/Data.noindex/Test/aProject/build/aProject.build/Debug/TargetA.build/Objects-normal/arm64/TargetA.swiftmodule"]), Task(forTarget: TargetA, ruleInfo: ["Gate", "target-TargetA-T-TargetA-44525--modules-ready"]), Task(forTarget: TargetB, ruleInfo: ["SwiftCompile", "normal", "arm64", "Compiling fileB1.swift", "/private/var/folders/xr/m5_5rlsd6l9fk2w4ngj13k6m0000gn/T/swbuild.tmp.I9GXyx3j/Data.noindex/Test/aProject/Sources/fileB1.swift"]), Task(forTarget: <none>, ruleInfo: ["Gate", "target-TargetB-T-TargetB-44533--Barrier-CodeSign"]), Task(forTarget: <none>, ruleInfo: ["Gate", "target-TargetB-T-TargetB-44533--generated-headers"]), Task(forTarget: <none>, ruleInfo: ["CreateBuildDirectory", "/private/var/folders/xr/m5_5rlsd6l9fk2w4ngj13k6m0000gn/T/swbuild.tmp.I9GXyx3j/Data.noindex/Test/aProject/build/SwiftExplicitPrecompiledModules"]), Task(forTarget: <none>, ruleInfo: ["Gate", "target-TargetA-T-TargetA-44525--SanitizerTaskProducer"]), Task(forTarget: TargetA, ruleInfo: ["SwiftDriver Compilation Requirements", "TargetA", "normal", "arm64", "com.apple.xcode.tools.swift.compiler"]), Task(forTarget: <none>, ruleInfo: ["CreateBuildDirectory", "/var/folders/xr/m5_5rlsd6l9fk2w4ngj13k6m0000gn/C/com.apple.DeveloperTools/26.4.1-17E202/Xcode/CompilationCache.noindex"]), Task(forTarget: <none>, ruleInfo: ["Gate", "target-TargetA-T-TargetA-44525--AppIntentsMetadataTaskProducer"]), Task(forTarget: TargetB, ruleInfo: ["SymLink", "/private/var/folders/xr/m5_5rlsd6l9fk2w4ngj13k6m0000gn/T/swbuild.tmp.I9GXyx3j/Data.noindex/Test/aProject/build/Debug/TargetB.framework/Versions/Current", "A"]), Task(forTarget: TargetA, ruleInfo: ["Copy", "/private/var/folders/xr/m5_5rlsd6l9fk2w4ngj13k6m0000gn/T/swbuild.tmp.I9GXyx3j/Data.noindex/Test/aProject/build/Debug/TargetA.framework/Versions/A/Modules/TargetA.swiftmodule/arm64-apple-macos.swiftdoc", "/private/var/folders/xr/m5_5rlsd6l9fk2w4ngj13k6m0000gn/T/swbuild.tmp.I9GXyx3j/Data.noindex/Test/aProject/build/aProject.build/Debug/TargetA.build/Objects-normal/arm64/TargetA.swiftdoc"]), Task(forTarget: TargetA, ruleInfo: ["RegisterExecutionPolicyException", "/private/var/folders/xr/m5_5rlsd6l9fk2w4ngj13k6m0000gn/T/swbuild.tmp.I9GXyx3j/Data.noindex/Test/aProject/build/Debug/TargetA.framework"]), Task(forTarget: <none>, ruleInfo: ["Gate", "target-TargetA-T-TargetA-44525--SwiftPackageCopyFilesTaskProducer"]), Task(forTarget: TargetA, ruleInfo: ["Copy", "/private/var/folders/xr/m5_5rlsd6l9fk2w4ngj13k6m0000gn/T/swbuild.tmp.I9GXyx3j/Data.noindex/Test/aProject/build/Debug/TargetA.framework/Versions/A/Modules/TargetA.swiftmodule/arm64-apple-macos.abi.json", "/private/var/folders/xr/m5_5rlsd6l9fk2w4ngj13k6m0000gn/T/swbuild.tmp.I9GXyx3j/Data.noindex/Test/aProject/build/aProject.build/Debug/TargetA.build/Objects-normal/arm64/TargetA.abi.json"]), Task(forTarget: TargetB, ruleInfo: ["SwiftEmitModule", "normal", "arm64", "Emitting module for TargetB"]), Task(forTarget: TargetA, ruleInfo: ["Touch", "/private/var/folders/xr/m5_5rlsd6l9fk2w4ngj13k6m0000gn/T/swbuild.tmp.I9GXyx3j/Data.noindex/Test/aProject/build/Debug/TargetA.framework"]), Task(forTarget: TargetA, ruleInfo: ["Gate", "target-TargetA-T-TargetA-44525--linker-inputs-ready"]), Task(forTarget: <none>, ruleInfo: ["Gate", "target-TargetB-T-TargetB-44533--ProductStructureTaskProducer"]), Task(forTarget: TargetB, ruleInfo: ["SwiftDriver Compilation", "TargetB", "normal", "arm64", "com.apple.xcode.tools.swift.compiler"]), Task(forTarget: <none>, ruleInfo: ["Gate", "target-TargetB-T-TargetB-44533--Barrier-RegisterExecutionPolicyException"]), Task(forTarget: TargetA, ruleInfo: ["WriteAuxiliaryFile", "/private/var/folders/xr/m5_5rlsd6l9fk2w4ngj13k6m0000gn/T/swbuild.tmp.I9GXyx3j/Data.noindex/Test/aProject/build/aProject.build/Debug/TargetA.build/Objects-normal/arm64/TargetA-OutputFileMap.json"]), Task(forTarget: <none>, ruleInfo: ["Gate", "target-TargetA-T-TargetA-44525--HeadermapTaskProducer"]), Task(forTarget: TargetB, ruleInfo: ["WriteAuxiliaryFile", "/private/var/folders/xr/m5_5rlsd6l9fk2w4ngj13k6m0000gn/T/swbuild.tmp.I9GXyx3j/Data.noindex/Test/aProject/build/aProject.build/Debug/TargetB.build/TargetB.DependencyStaticMetadataFileList"]), Task(forTarget: TargetA, ruleInfo: ["Gate", "target-TargetA-T-TargetA-44525--begin-compiling"]), Task(forTarget: <none>, ruleInfo: ["Gate", "target-TargetA-T-TargetA-44525--GeneratedFilesTaskProducer"]), Task(forTarget: <none>, ruleInfo: ["Gate", "target-TargetA-T-TargetA-44525--DocumentationTaskProducer"]), Task(forTarget: <none>, ruleInfo: ["Gate", "target-TargetB-T-TargetB-44533--InfoPlistTaskProducer"]), Task(forTarget: <none>, ruleInfo: ["Gate", "target-TargetA-T-TargetA-44525--SwiftFrameworkABICheckerTaskProducer"]), Task(forTarget: TargetB, ruleInfo: ["Gate", "target-TargetB-T-TargetB-44533--end"]), Task(forTarget: TargetA, ruleInfo: ["MkDir", "/private/var/folders/xr/m5_5rlsd6l9fk2w4ngj13k6m0000gn/T/swbuild.tmp.I9GXyx3j/Data.noindex/Test/aProject/build/Debug/TargetA.framework/Versions/A"]), Task(forTarget: <none>, ruleInfo: ["Gate", "target-TargetB-T-TargetB-44533--fused-phase0-compile-sources&link-binary"]), Task(forTarget: <none>, ruleInfo: ["Gate", "target-TargetB-T-TargetB-44533--SwiftStandardLibrariesTaskProducer"]), Task(forTarget: <none>, ruleInfo: ["Gate", "target-TargetB-T-TargetB-44533--SwiftABIBaselineGenerationTaskProducer"]), Task(forTarget: <none>, ruleInfo: ["Gate", "target-TargetA-T-TargetA-44525--TestTargetPostprocessingTaskProducer"]), Task(forTarget: <none>, ruleInfo: ["Gate", "target-TargetA-T-TargetA-44525--ProductPostprocessingTaskProducer"]), Task(forTarget: <none>, ruleInfo: ["Gate", "target-TargetB-T-TargetB-44533--RealityAssetsTaskProducer"]), Task(forTarget: TargetA, ruleInfo: ["Copy", "/private/var/folders/xr/m5_5rlsd6l9fk2w4ngj13k6m0000gn/T/swbuild.tmp.I9GXyx3j/Data.noindex/Test/aProject/build/Debug/TargetA.framework/Versions/A/Modules/TargetA.swiftmodule/Project/arm64-apple-macos.swiftsourceinfo", "/private/var/folders/xr/m5_5rlsd6l9fk2w4ngj13k6m0000gn/T/swbuild.tmp.I9GXyx3j/Data.noindex/Test/aProject/build/aProject.build/Debug/TargetA.build/Objects-normal/arm64/TargetA.swiftsourceinfo"]), Task(forTarget: TargetB, ruleInfo: ["Copy", "/private/var/folders/xr/m5_5rlsd6l9fk2w4ngj13k6m0000gn/T/swbuild.tmp.I9GXyx3j/Data.noindex/Test/aProject/build/Debug/TargetB.framework/Versions/A/Modules/TargetB.swiftmodule/Project/arm64-apple-macos.swiftsourceinfo", "/private/var/folders/xr/m5_5rlsd6l9fk2w4ngj13k6m0000gn/T/swbuild.tmp.I9GXyx3j/Data.noindex/Test/aProject/build/aProject.build/Debug/TargetB.build/Objects-normal/arm64/TargetB.swiftsourceinfo"]), Task(forTarget: TargetB, ruleInfo: ["WriteAuxiliaryFile", "/private/var/folders/xr/m5_5rlsd6l9fk2w4ngj13k6m0000gn/T/swbuild.tmp.I9GXyx3j/Data.noindex/Test/aProject/build/aProject.build/Debug/TargetB.build/TargetB-all-non-framework-target-headers.hmap"]), Task(forTarget: <none>, ruleInfo: ["Gate", "target-TargetB-T-TargetB-44533--Barrier-GenerateStubAPI"]), Task(forTarget: TargetB, ruleInfo: ["RegisterExecutionPolicyException", "/private/var/folders/xr/m5_5rlsd6l9fk2w4ngj13k6m0000gn/T/swbuild.tmp.I9GXyx3j/Data.noindex/Test/aProject/build/Debug/TargetB.framework"]), Task(forTarget: TargetA, ruleInfo: ["SwiftEmitModule", "normal", "arm64", "Emitting module for TargetA"]), Task(forTarget: <none>, ruleInfo: ["SwiftExplicitDependencyCompileModuleFromInterface", "arm64", "/private/var/folders/xr/m5_5rlsd6l9fk2w4ngj13k6m0000gn/T/swbuild.tmp.I9GXyx3j/Data.noindex/Test/aProject/build/SwiftExplicitPrecompiledModules/_StringProcessing-1O0ZQ2K74RYD5.swiftmodule"]), Task(forTarget: TargetB, ruleInfo: ["Gate", "target-TargetB-T-TargetB-44533--begin-linking"]), Task(forTarget: TargetB, ruleInfo: ["Gate", "target-TargetB-T-TargetB-44533--unsigned-product-ready"]), Task(forTarget: TargetB, ruleInfo: ["MkDir", "/private/var/folders/xr/m5_5rlsd6l9fk2w4ngj13k6m0000gn/T/swbuild.tmp.I9GXyx3j/Data.noindex/Test/aProject/build/Debug/TargetB.framework"]), Task(forTarget: <none>, ruleInfo: ["Gate", "target-TargetB-T-TargetB-44533--ExtensionPointExtractorTaskProducer"]), Task(forTarget: TargetA, ruleInfo: ["WriteAuxiliaryFile", "/private/var/folders/xr/m5_5rlsd6l9fk2w4ngj13k6m0000gn/T/swbuild.tmp.I9GXyx3j/Data.noindex/Test/aProject/build/aProject.build/Debug/TargetA.build/Objects-normal/arm64/TargetA_const_extract_protocols.json"]), Task(forTarget: <none>, ruleInfo: ["Gate", "target-TargetA-T-TargetA-44525--CustomTaskProducer"]), Task(forTarget: <none>, ruleInfo: ["ClangStatCache", "/Applications/Xcode17E.app/Contents/Developer/Toolchains/XcodeDefault.xctoolchain/usr/bin/clang-stat-cache", "/Applications/Xcode17E.app/Contents/Developer/Platforms/MacOSX.platform/Developer/SDKs/MacOSX26.4.sdk", "/private/var/folders/xr/m5_5rlsd6l9fk2w4ngj13k6m0000gn/T/swbuild.tmp.I9GXyx3j/Data.noindex/Test/SDKStatCaches.noindex/macosx26.4-25E260-95aa6cf8f3effd57bda17e0c125410c0.sdkstatcache"]), Task(forTarget: <none>, ruleInfo: ["Gate", "target-TargetB-T-TargetB-44533--TestEntryPointTaskProducerFactory"]), Task(forTarget: TargetA, ruleInfo: ["Gate", "target-TargetA-T-TargetA-44525--immediate"]), Task(forTarget: <none>, ruleInfo: ["CreateBuildDirectory", "/private/var/folders/xr/m5_5rlsd6l9fk2w4ngj13k6m0000gn/T/swbuild.tmp.I9GXyx3j/Data.noindex/Test/aProject/build/Debug"]), Task(forTarget: TargetA, ruleInfo: ["Gate", "target-TargetA-T-TargetA-44525--entry"]), Task(forTarget: <none>, ruleInfo: ["Gate", "target-TargetA-T-TargetA-44525--SwiftStandardLibrariesTaskProducer"]), Task(forTarget: <none>, ruleInfo: ["Gate", "target-TargetA-T-TargetA-44525--TestEntryPointTaskProducerFactory"]), Task(forTarget: TargetA, ruleInfo: ["WriteAuxiliaryFile", "/private/var/folders/xr/m5_5rlsd6l9fk2w4ngj13k6m0000gn/T/swbuild.tmp.I9GXyx3j/Data.noindex/Test/aProject/build/aProject.build/Debug/TargetA.build/TargetA-project-headers.hmap"]), Task(forTarget: <none>, ruleInfo: ["Gate", "target-TargetA-T-TargetA-44525--Barrier-GenerateStubAPI"]), Task(forTarget: TargetA, ruleInfo: ["MkDir", "/private/var/folders/xr/m5_5rlsd6l9fk2w4ngj13k6m0000gn/T/swbuild.tmp.I9GXyx3j/Data.noindex/Test/aProject/build/Debug/TargetA.framework"]), Task(forTarget: TargetB, ruleInfo: ["WriteAuxiliaryFile", "/private/var/folders/xr/m5_5rlsd6l9fk2w4ngj13k6m0000gn/T/swbuild.tmp.I9GXyx3j/Data.noindex/Test/aProject/build/aProject.build/Debug/TargetB.build/TargetB-generated-files.hmap"]), Task(forTarget: TargetB, ruleInfo: ["WriteAuxiliaryFile", "/private/var/folders/xr/m5_5rlsd6l9fk2w4ngj13k6m0000gn/T/swbuild.tmp.I9GXyx3j/Data.noindex/Test/aProject/build/aProject.build/Debug/TargetB.build/Objects-normal/arm64/TargetB_const_extract_protocols.json"]), Task(forTarget: TargetB, ruleInfo: ["MkDir", "/private/var/folders/xr/m5_5rlsd6l9fk2w4ngj13k6m0000gn/T/swbuild.tmp.I9GXyx3j/Data.noindex/Test/aProject/build/Debug/TargetB.framework/Versions"]), Task(forTarget: <none>, ruleInfo: ["Gate", "target-TargetA-T-TargetA-44525--CopySwiftPackageResourcesTaskProducer"]), Task(forTarget: <none>, ruleInfo: ["Gate", "target-TargetA-T-TargetA-44525--Barrier-ChangeAlternatePermissions"]), Task(forTarget: TargetA, ruleInfo: ["SymLink", "/private/var/folders/xr/m5_5rlsd6l9fk2w4ngj13k6m0000gn/T/swbuild.tmp.I9GXyx3j/Data.noindex/Test/aProject/build/EagerLinkingTBDs/Debug/TargetA.framework/TargetA.tbd", "/private/var/folders/xr/m5_5rlsd6l9fk2w4ngj13k6m0000gn/T/swbuild.tmp.I9GXyx3j/Data.noindex/Test/aProject/build/EagerLinkingTBDs/Debug/TargetA.framework/Versions/A/TargetA.tbd"]), Task(forTarget: <none>, ruleInfo: ["Gate", "target-TargetA-T-TargetA-44525--Barrier-RegisterExecutionPolicyException"]), Task(forTarget: <none>, ruleInfo: ["Gate", "target-TargetB-T-TargetB-44533--SwiftPackageCopyFilesTaskProducer"]), Task(forTarget: TargetA, ruleInfo: ["SwiftCompile", "normal", "arm64", "Compiling fileA1.swift", "/private/var/folders/xr/m5_5rlsd6l9fk2w4ngj13k6m0000gn/T/swbuild.tmp.I9GXyx3j/Data.noindex/Test/aProject/Sources/fileA1.swift"]), Task(forTarget: <none>, ruleInfo: ["Gate", "target-TargetB-T-TargetB-44533--Barrier-StripSymbols"]), Task(forTarget: TargetA, ruleInfo: ["WriteAuxiliaryFile", "/private/var/folders/xr/m5_5rlsd6l9fk2w4ngj13k6m0000gn/T/swbuild.tmp.I9GXyx3j/Data.noindex/Test/aProject/build/aProject.build/Debug/TargetA.build/TargetA-all-non-framework-target-headers.hmap"]), Task(forTarget: <none>, ruleInfo: ["Gate", "target-TargetB-T-TargetB-44533--SanitizerTaskProducer"]), Task(forTarget: <none>, ruleInfo: ["Gate", "target-TargetB-T-TargetB-44533--swift-generated-headers"]), Task(forTarget: <none>, ruleInfo: ["Gate", "target-TargetB-T-TargetB-44533--Barrier-RegisterProduct"]), Task(forTarget: <none>, ruleInfo: ["Gate", "target-TargetB-T-TargetB-44533--GeneratedFilesTaskProducer"]), Task(forTarget: <none>, ruleInfo: ["Gate", "target-TargetA-T-TargetA-44525--Barrier-StripSymbols"]), Task(forTarget: TargetB, ruleInfo: ["GenerateTAPI", "/private/var/folders/xr/m5_5rlsd6l9fk2w4ngj13k6m0000gn/T/swbuild.tmp.I9GXyx3j/Data.noindex/Test/aProject/build/EagerLinkingTBDs/Debug/TargetB.framework/Versions/A/TargetB.tbd"]), Task(forTarget: <none>, ruleInfo: ["Gate", "target-TargetA-T-TargetA-44525--GenerateAppPlaygroundAssetCatalogTaskProducer"]), Task(forTarget: <none>, ruleInfo: ["Gate", "target-TargetA-T-TargetA-44525--Barrier-ChangePermissions"]), Task(forTarget: TargetA, ruleInfo: ["WriteAuxiliaryFile", "/private/var/folders/xr/m5_5rlsd6l9fk2w4ngj13k6m0000gn/T/swbuild.tmp.I9GXyx3j/Data.noindex/Test/aProject/build/aProject.build/Debug/TargetA.build/Objects-normal/arm64/TargetA.SwiftConstValuesFileList"]), Task(forTarget: TargetA, ruleInfo: ["MkDir", "/private/var/folders/xr/m5_5rlsd6l9fk2w4ngj13k6m0000gn/T/swbuild.tmp.I9GXyx3j/Data.noindex/Test/aProject/build/Debug/TargetA.framework/Versions"]), Task(forTarget: <none>, ruleInfo: ["Gate", "target-TargetA-T-TargetA-44525--StubBinaryTaskProducer"]), Task(forTarget: <none>, ruleInfo: ["Gate", "target-TargetB-T-TargetB-44533--ProductPostprocessingTaskProducer"]), Task(forTarget: TargetA, ruleInfo: ["WriteAuxiliaryFile", "/private/var/folders/xr/m5_5rlsd6l9fk2w4ngj13k6m0000gn/T/swbuild.tmp.I9GXyx3j/Data.noindex/Test/aProject/build/aProject.build/Debug/TargetA.build/Objects-normal/arm64/TargetA.LinkFileList"]), Task(forTarget: <none>, ruleInfo: ["Gate", "target-TargetA-T-TargetA-44525--ModuleMapTaskProducer"]), Task(forTarget: TargetA, ruleInfo: ["ExtractAppIntentsMetadata"]), Task(forTarget: TargetB, ruleInfo: ["WriteAuxiliaryFile", "/private/var/folders/xr/m5_5rlsd6l9fk2w4ngj13k6m0000gn/T/swbuild.tmp.I9GXyx3j/Data.noindex/Test/aProject/build/aProject.build/Debug/TargetB.build/TargetB.hmap"]), Task(forTarget: TargetA, ruleInfo: ["SymLink", "/private/var/folders/xr/m5_5rlsd6l9fk2w4ngj13k6m0000gn/T/swbuild.tmp.I9GXyx3j/Data.noindex/Test/aProject/build/Debug/TargetA.framework/TargetA", "Versions/Current/TargetA"]), Task(forTarget: TargetB, ruleInfo: ["MkDir", "/private/var/folders/xr/m5_5rlsd6l9fk2w4ngj13k6m0000gn/T/swbuild.tmp.I9GXyx3j/Data.noindex/Test/aProject/build/Debug/TargetB.framework/Versions/A/Headers"]), Task(forTarget: <none>, ruleInfo: ["CreateBuildDirectory", "/private/var/folders/xr/m5_5rlsd6l9fk2w4ngj13k6m0000gn/T/swbuild.tmp.I9GXyx3j/Data.noindex/Test/aProject/build/ExplicitPrecompiledModules"]), Task(forTarget: <none>, ruleInfo: ["Gate", "target-TargetA-T-TargetA-44525--RealityAssetsTaskProducer"]), Task(forTarget: <none>, ruleInfo: ["Gate", "target-TargetA-T-TargetA-44525--TestHostTaskProducer"]), Task(forTarget: TargetA, ruleInfo: ["Gate", "target-TargetA-T-TargetA-44525--will-sign"]), Task(forTarget: <none>, ruleInfo: ["CreateBuildDirectory", "/private/var/folders/xr/m5_5rlsd6l9fk2w4ngj13k6m0000gn/T/swbuild.tmp.I9GXyx3j/Data.noindex/Test/aProject/build/SharedPrecompiledHeaders"]), Task(forTarget: TargetA, ruleInfo: ["WriteAuxiliaryFile", "/private/var/folders/xr/m5_5rlsd6l9fk2w4ngj13k6m0000gn/T/swbuild.tmp.I9GXyx3j/Data.noindex/Test/aProject/build/aProject.build/Debug/TargetA.build/TargetA.hmap"]), Task(forTarget: TargetA, ruleInfo: ["SymLink", "/private/var/folders/xr/m5_5rlsd6l9fk2w4ngj13k6m0000gn/T/swbuild.tmp.I9GXyx3j/Data.noindex/Test/aProject/build/Debug/TargetA.framework/Modules", "Versions/Current/Modules"]), Task(forTarget: <none>, ruleInfo: ["Gate", "target-TargetA-T-TargetA-44525--copy-headers-completion"]), Task(forTarget: <none>, ruleInfo: ["Gate", "target-TargetA-T-TargetA-44525--fused-phase0-compile-sources"]), Task(forTarget: <none>, ruleInfo: ["Gate", "WorkspaceHeaderMapVFSFilesWritten"]), Task(forTarget: TargetB, ruleInfo: ["SymLink", "/private/var/folders/xr/m5_5rlsd6l9fk2w4ngj13k6m0000gn/T/swbuild.tmp.I9GXyx3j/Data.noindex/Test/aProject/build/Debug/TargetB.framework/Headers", "Versions/Current/Headers"]), Task(forTarget: TargetB, ruleInfo: ["SwiftDriver Compilation Requirements", "TargetB", "normal", "arm64", "com.apple.xcode.tools.swift.compiler"]), Task(forTarget: <none>, ruleInfo: ["Gate", "target-TargetA-T-TargetA-44525--Barrier-RegisterProduct"]), Task(forTarget: TargetB, ruleInfo: ["Gate", "target-TargetB-T-TargetB-44533--modules-ready"]), Task(forTarget: <none>, ruleInfo: ["CreateBuildDirectory", "/private/var/folders/xr/m5_5rlsd6l9fk2w4ngj13k6m0000gn/T/swbuild.tmp.I9GXyx3j/Data.noindex/Test/aProject/build/EagerLinkingTBDs/Debug"]), Task(forTarget: TargetB, ruleInfo: ["WriteAuxiliaryFile", "/private/var/folders/xr/m5_5rlsd6l9fk2w4ngj13k6m0000gn/T/swbuild.tmp.I9GXyx3j/Data.noindex/Test/aProject/build/aProject.build/Debug/TargetB.build/TargetB-all-target-headers.hmap"]), Task(forTarget: <none>, ruleInfo: ["Gate", "target-TargetB-T-TargetB-44533--ModuleVerifierTaskProducer"]), Task(forTarget: TargetA, ruleInfo: ["Gate", "target-TargetA-T-TargetA-44525--begin-scanning"]), Task(forTarget: TargetB, ruleInfo: ["Gate", "target-TargetB-T-TargetB-44533--immediate"]), Task(forTarget: TargetA, ruleInfo: ["GenerateTAPI", "/private/var/folders/xr/m5_5rlsd6l9fk2w4ngj13k6m0000gn/T/swbuild.tmp.I9GXyx3j/Data.noindex/Test/aProject/build/EagerLinkingTBDs/Debug/TargetA.framework/Versions/A/TargetA.tbd"]), Task(forTarget: TargetB, ruleInfo: ["SymLink", "/private/var/folders/xr/m5_5rlsd6l9fk2w4ngj13k6m0000gn/T/swbuild.tmp.I9GXyx3j/Data.noindex/Test/aProject/build/Debug/TargetB.framework/TargetB", "Versions/Current/TargetB"]), Task(forTarget: TargetB, ruleInfo: ["SwiftCompile", "normal", "arm64", "Compiling fileB2.swift", "/private/var/folders/xr/m5_5rlsd6l9fk2w4ngj13k6m0000gn/T/swbuild.tmp.I9GXyx3j/Data.noindex/Test/aProject/Sources/fileB2.swift"])]
↳ Occasionally fails in CI due to SwiftExplicitDependencyCompileModuleFromInterface missing from the dependency graph
━ Test swiftEagerCompilationWithExplicitModules() recorded a known issue at SwiftDriverTests.swift:3598:55: Issue recorded
↳ Task Task(forTarget: TargetB, ruleInfo: ["SwiftEmitModule", "normal", "arm64", "Emitting module for TargetB"]) does not follow any tasks matching [Rule matches [SWBTestSupport.StringPattern.equal("SwiftExplicitDependencyCompileModuleFromInterface"), SWBTestSupport.StringPattern.equal("normal"), SWBTestSupport.StringPattern.equal("arm64"), SWBTestSupport.StringPattern.contains("_Concurrency-")]]. Found: [] in [Task(forTarget: <none>, ruleInfo: ["Gate", "target-TargetA-T-TargetA-44525--Barrier-CopyAside"]), Task(forTarget: <none>, ruleInfo: ["Gate", "target-TargetA-T-TargetA-44525--InfoPlistTaskProducer"]), Task(forTarget: <none>, ruleInfo: ["Gate", "target-TargetB-T-TargetB-44533--Barrier-ChangeAlternatePermissions"]), Task(forTarget: <none>, ruleInfo: ["Gate", "target-TargetA-T-TargetA-44525--swift-generated-headers"]), Task(forTarget: TargetB, ruleInfo: ["ExtractAppIntentsMetadata"]), Task(forTarget: TargetB, ruleInfo: ["SwiftDriver", "TargetB", "normal", "arm64", "com.apple.xcode.tools.swift.compiler"]), Task(forTarget: TargetB, ruleInfo: ["WriteAuxiliaryFile", "/private/var/folders/xr/m5_5rlsd6l9fk2w4ngj13k6m0000gn/T/swbuild.tmp.I9GXyx3j/Data.noindex/Test/aProject/build/aProject.build/Debug/TargetB.build/TargetB-own-target-headers.hmap"]), Task(forTarget: TargetA, ruleInfo: ["WriteAuxiliaryFile", "/private/var/folders/xr/m5_5rlsd6l9fk2w4ngj13k6m0000gn/T/swbuild.tmp.I9GXyx3j/Data.noindex/Test/aProject/build/aProject.build/Debug/TargetA.build/TargetA-generated-files.hmap"]), Task(forTarget: TargetA, ruleInfo: ["SwiftDriver Compilation", "TargetA", "normal", "arm64", "com.apple.xcode.tools.swift.compiler"]), Task(forTarget: TargetA, ruleInfo: ["Ld", "/private/var/folders/xr/m5_5rlsd6l9fk2w4ngj13k6m0000gn/T/swbuild.tmp.I9GXyx3j/Data.noindex/Test/aProject/build/Debug/TargetA.framework/Versions/A/TargetA", "normal"]), Task(forTarget: <none>, ruleInfo: ["SwiftExplicitDependencyCompileModuleFromInterface", "arm64", "/private/var/folders/xr/m5_5rlsd6l9fk2w4ngj13k6m0000gn/T/swbuild.tmp.I9GXyx3j/Data.noindex/Test/aProject/build/SwiftExplicitPrecompiledModules/Swift-NBB0GQDQYZZH.swiftmodule"]), Task(forTarget: TargetB, ruleInfo: ["SwiftMergeGeneratedHeaders", "/private/var/folders/xr/m5_5rlsd6l9fk2w4ngj13k6m0000gn/T/swbuild.tmp.I9GXyx3j/Data.noindex/Test/aProject/build/Debug/TargetB.framework/Versions/A/Headers/TargetB-Swift.h", "/private/var/folders/xr/m5_5rlsd6l9fk2w4ngj13k6m0000gn/T/swbuild.tmp.I9GXyx3j/Data.noindex/Test/aProject/build/aProject.build/Debug/TargetB.build/Objects-normal/arm64/TargetB-Swift.h"]), Task(forTarget: <none>, ruleInfo: ["Gate", "target-TargetB-T-TargetB-44533--TestHostTaskProducer"]), Task(forTarget: TargetB, ruleInfo: ["WriteAuxiliaryFile", "/private/var/folders/xr/m5_5rlsd6l9fk2w4ngj13k6m0000gn/T/swbuild.tmp.I9GXyx3j/Data.noindex/Test/aProject/build/aProject.build/Debug/TargetB.build/Objects-normal/arm64/TargetB.SwiftConstValuesFileList"]), Task(forTarget: <none>, ruleInfo: ["Gate", "target-TargetB-T-TargetB-44533--ModuleMapTaskProducer"]), Task(forTarget: <none>, ruleInfo: ["Gate", "target-TargetB-T-TargetB-44533--SwiftFrameworkABICheckerTaskProducer"]), Task(forTarget: <none>, ruleInfo: ["Gate", "target-TargetB-T-TargetB-44533--Barrier-ChangePermissions"]), Task(forTarget: TargetB, ruleInfo: ["Gate", "target-TargetB-T-TargetB-44533--begin-compiling"]), Task(forTarget: <none>, ruleInfo: ["Gate", "target-TargetB-T-TargetB-44533--TestTargetTaskProducer"]), Task(forTarget: <none>, ruleInfo: ["Gate", "target-TargetB-T-TargetB-44533--TAPISymbolExtractorTaskProducer"]), Task(forTarget: <none>, ruleInfo: ["Gate", "target-TargetB-T-TargetB-44533--HeadermapTaskProducer"]), Task(forTarget: TargetB, ruleInfo: ["Ld", "/private/var/folders/xr/m5_5rlsd6l9fk2w4ngj13k6m0000gn/T/swbuild.tmp.I9GXyx3j/Data.noindex/Test/aProject/build/Debug/TargetB.framework/Versions/A/TargetB", "normal"]), Task(forTarget: TargetB, ruleInfo: ["WriteAuxiliaryFile", "/private/var/folders/xr/m5_5rlsd6l9fk2w4ngj13k6m0000gn/T/swbuild.tmp.I9GXyx3j/Data.noindex/Test/aProject/build/aProject.build/Debug/TargetB.build/Objects-normal/arm64/TargetB.LinkFileList"]), Task(forTarget: <none>, ruleInfo: ["Gate", "target-TargetB-T-TargetB-44533--TestTargetPostprocessingTaskProducer"]), Task(forTarget: <none>, ruleInfo: ["SwiftExplicitDependencyGeneratePcm", "arm64", "/private/var/folders/xr/m5_5rlsd6l9fk2w4ngj13k6m0000gn/T/swbuild.tmp.I9GXyx3j/Data.noindex/Test/aProject/build/SwiftExplicitPrecompiledModules/_SwiftConcurrencyShims-AIZW70LS1W2L0PXECXLASUUHS.pcm"]), Task(forTarget: TargetA, ruleInfo: ["SymLink", "/private/var/folders/xr/m5_5rlsd6l9fk2w4ngj13k6m0000gn/T/swbuild.tmp.I9GXyx3j/Data.noindex/Test/aProject/build/Debug/TargetA.framework/Versions/Current", "A"]), Task(forTarget: <none>, ruleInfo: ["CreateBuildDirectory", "/private/var/folders/xr/m5_5rlsd6l9fk2w4ngj13k6m0000gn/T/swbuild.tmp.I9GXyx3j/Data.noindex/Test/aProject/build"]), Task(forTarget: TargetB, ruleInfo: ["WriteAuxiliaryFile", "/private/var/folders/xr/m5_5rlsd6l9fk2w4ngj13k6m0000gn/T/swbuild.tmp.I9GXyx3j/Data.noindex/Test/aProject/build/aProject.build/Debug/TargetB.build/TargetB.DependencyMetadataFileList"]), Task(forTarget: TargetA, ruleInfo: ["WriteAuxiliaryFile", "/private/var/folders/xr/m5_5rlsd6l9fk2w4ngj13k6m0000gn/T/swbuild.tmp.I9GXyx3j/Data.noindex/Test/aProject/build/aProject.build/Debug/TargetA.build/TargetA.DependencyMetadataFileList"]), Task(forTarget: <none>, ruleInfo: ["Gate", "target-TargetB-T-TargetB-44533--AppExtensionInfoPlistGeneratorTaskProducer"]), Task(forTarget: <none>, ruleInfo: ["Gate", "target-TargetA-T-TargetA-44525--SwiftABIBaselineGenerationTaskProducer"]), Task(forTarget: <none>, ruleInfo: ["Gate", "target-TargetA-T-TargetA-44525--Barrier-Validate"]), Task(forTarget: <none>, ruleInfo: ["SwiftExplicitDependencyGeneratePcm", "arm64", "/private/var/folders/xr/m5_5rlsd6l9fk2w4ngj13k6m0000gn/T/swbuild.tmp.I9GXyx3j/Data.noindex/Test/aProject/build/SwiftExplicitPrecompiledModules/SwiftShims-1XRNFTFX3SVGVJQLDAOI208RW.pcm"]), Task(forTarget: TargetA, ruleInfo: ["SymLink", "/private/var/folders/xr/m5_5rlsd6l9fk2w4ngj13k6m0000gn/T/swbuild.tmp.I9GXyx3j/Data.noindex/Test/aProject/build/Debug/TargetA.framework/Headers", "Versions/Current/Headers"]), Task(forTarget: <none>, ruleInfo: ["Gate", "target-TargetA-T-TargetA-44525--generated-headers"]), Task(forTarget: TargetB, ruleInfo: ["SymLink", "/private/var/folders/xr/m5_5rlsd6l9fk2w4ngj13k6m0000gn/T/swbuild.tmp.I9GXyx3j/Data.noindex/Test/aProject/build/Debug/TargetB.framework/Modules", "Versions/Current/Modules"]), Task(forTarget: <none>, ruleInfo: ["WriteAuxiliaryFile", "/private/var/folders/xr/m5_5rlsd6l9fk2w4ngj13k6m0000gn/T/swbuild.tmp.I9GXyx3j/Data.noindex/Test/aProject/build/aProject.build/Debug/aProject-P44536-VFS/all-product-headers.yaml"]), Task(forTarget: <none>, ruleInfo: ["Gate", "target-TargetA-T-TargetA-44525--TAPISymbolExtractorTaskProducer"]), Task(forTarget: <none>, ruleInfo: ["Gate", "target-TargetA-T-TargetA-44525--TestTargetTaskProducer"]), Task(forTarget: <none>, ruleInfo: ["Gate", "target-TargetB-T-TargetB-44533--CopySwiftPackageResourcesTaskProducer"]), Task(forTarget: <none>, ruleInfo: ["Gate", "target-TargetB-T-TargetB-44533--AppIntentsMetadataTaskProducer"]), Task(forTarget: TargetA, ruleInfo: ["WriteAuxiliaryFile", "/private/var/folders/xr/m5_5rlsd6l9fk2w4ngj13k6m0000gn/T/swbuild.tmp.I9GXyx3j/Data.noindex/Test/aProject/build/aProject.build/Debug/TargetA.build/TargetA-all-target-headers.hmap"]), Task(forTarget: TargetB, ruleInfo: ["MkDir", "/private/var/folders/xr/m5_5rlsd6l9fk2w4ngj13k6m0000gn/T/swbuild.tmp.I9GXyx3j/Data.noindex/Test/aProject/build/Debug/TargetB.framework/Versions/A"]), Task(forTarget: <none>, ruleInfo: ["Gate", "target-TargetB-T-TargetB-44533--CustomTaskProducer"]), Task(forTarget: TargetB, ruleInfo: ["WriteAuxiliaryFile", "/private/var/folders/xr/m5_5rlsd6l9fk2w4ngj13k6m0000gn/T/swbuild.tmp.I9GXyx3j/Data.noindex/Test/aProject/build/aProject.build/Debug/TargetB.build/Objects-normal/arm64/TargetB.SwiftFileList"]), Task(forTarget: TargetB, ruleInfo: ["WriteAuxiliaryFile", "/private/var/folders/xr/m5_5rlsd6l9fk2w4ngj13k6m0000gn/T/swbuild.tmp.I9GXyx3j/Data.noindex/Test/aProject/build/aProject.build/Debug/TargetB.build/Objects-normal/arm64/TargetB-OutputFileMap.json"]), Task(forTarget: TargetA, ruleInfo: ["MkDir", "/private/var/folders/xr/m5_5rlsd6l9fk2w4ngj13k6m0000gn/T/swbuild.tmp.I9GXyx3j/Data.noindex/Test/aProject/build/Debug/TargetA.framework/Versions/A/Headers"]), Task(forTarget: <none>, ruleInfo: ["Gate", "target-TargetB-T-TargetB-44533--StubBinaryTaskProducer"]), Task(forTarget: <none>, ruleInfo: ["Gate", "target-TargetB-T-TargetB-44533--DocumentationTaskProducer"]), Task(forTarget: TargetA, ruleInfo: ["SwiftDriver", "TargetA", "normal", "arm64", "com.apple.xcode.tools.swift.compiler"]), Task(forTarget: <none>, ruleInfo: ["Gate", "target-TargetB-T-TargetB-44533--GenerateAppPlaygroundAssetCatalogTaskProducer"]), Task(forTarget: <none>, ruleInfo: ["Gate", "target-TargetA-T-TargetA-44525--Barrier-CodeSign"]), Task(forTarget: <none>, ruleInfo: ["Gate", "target-TargetA-T-TargetA-44525--AppExtensionInfoPlistGeneratorTaskProducer"]), Task(forTarget: TargetB, ruleInfo: ["Gate", "target-TargetB-T-TargetB-44533--entry"]), Task(forTarget: TargetB, ruleInfo: ["Gate", "target-TargetB-T-TargetB-44533--will-sign"]), Task(forTarget: <none>, ruleInfo: ["Gate", "target-TargetB-T-TargetB-44533--Barrier-CopyAside"]), Task(forTarget: <none>, ruleInfo: ["Gate", "target-TargetA-T-TargetA-44525--ProductStructureTaskProducer"]), Task(forTarget: TargetA, ruleInfo: ["Gate", "target-TargetA-T-TargetA-44525--begin-linking"]), Task(forTarget: TargetB, ruleInfo: ["Copy", "/private/var/folders/xr/m5_5rlsd6l9fk2w4ngj13k6m0000gn/T/swbuild.tmp.I9GXyx3j/Data.noindex/Test/aProject/build/Debug/TargetB.framework/Versions/A/Modules/TargetB.swiftmodule/arm64-apple-macos.swiftdoc", "/private/var/folders/xr/m5_5rlsd6l9fk2w4ngj13k6m0000gn/T/swbuild.tmp.I9GXyx3j/Data.noindex/Test/aProject/build/aProject.build/Debug/TargetB.build/Objects-normal/arm64/TargetB.swiftdoc"]), Task(forTarget: TargetB, ruleInfo: ["Copy", "/private/var/folders/xr/m5_5rlsd6l9fk2w4ngj13k6m0000gn/T/swbuild.tmp.I9GXyx3j/Data.noindex/Test/aProject/build/Debug/TargetB.framework/Versions/A/Modules/TargetB.swiftmodule/arm64-apple-macos.swiftmodule", "/private/var/folders/xr/m5_5rlsd6l9fk2w4ngj13k6m0000gn/T/swbuild.tmp.I9GXyx3j/Data.noindex/Test/aProject/build/aProject.build/Debug/TargetB.build/Objects-normal/arm64/TargetB.swiftmodule"]), Task(forTarget: TargetB, ruleInfo: ["SymLink", "/private/var/folders/xr/m5_5rlsd6l9fk2w4ngj13k6m0000gn/T/swbuild.tmp.I9GXyx3j/Data.noindex/Test/aProject/build/EagerLinkingTBDs/Debug/TargetB.framework/TargetB.tbd", "/private/var/folders/xr/m5_5rlsd6l9fk2w4ngj13k6m0000gn/T/swbuild.tmp.I9GXyx3j/Data.noindex/Test/aProject/build/EagerLinkingTBDs/Debug/TargetB.framework/Versions/A/TargetB.tbd"]), Task(forTarget: TargetA, ruleInfo: ["SwiftMergeGeneratedHeaders", "/private/var/folders/xr/m5_5rlsd6l9fk2w4ngj13k6m0000gn/T/swbuild.tmp.I9GXyx3j/Data.noindex/Test/aProject/build/Debug/TargetA.framework/Versions/A/Headers/TargetA-Swift.h", "/private/var/folders/xr/m5_5rlsd6l9fk2w4ngj13k6m0000gn/T/swbuild.tmp.I9GXyx3j/Data.noindex/Test/aProject/build/aProject.build/Debug/TargetA.build/Objects-normal/arm64/TargetA-Swift.h"]), Task(forTarget: <none>, ruleInfo: ["SwiftExplicitDependencyCompileModuleFromInterface", "arm64", "/private/var/folders/xr/m5_5rlsd6l9fk2w4ngj13k6m0000gn/T/swbuild.tmp.I9GXyx3j/Data.noindex/Test/aProject/build/SwiftExplicitPrecompiledModules/_Concurrency-CB34E6W1YOX6.swiftmodule"]), Task(forTarget: TargetA, ruleInfo: ["Gate", "target-TargetA-T-TargetA-44525--unsigned-product-ready"]), Task(forTarget: TargetA, ruleInfo: ["Gate", "target-TargetA-T-TargetA-44525--end"]), Task(forTarget: <none>, ruleInfo: ["Gate", "target-TargetA-T-TargetA-44525--ExtensionPointExtractorTaskProducer"]), Task(forTarget: TargetB, ruleInfo: ["Touch", "/private/var/folders/xr/m5_5rlsd6l9fk2w4ngj13k6m0000gn/T/swbuild.tmp.I9GXyx3j/Data.noindex/Test/aProject/build/Debug/TargetB.framework"]), Task(forTarget: TargetB, ruleInfo: ["Gate", "target-TargetB-T-TargetB-44533--linker-inputs-ready"]), Task(forTarget: TargetA, ruleInfo: ["WriteAuxiliaryFile", "/private/var/folders/xr/m5_5rlsd6l9fk2w4ngj13k6m0000gn/T/swbuild.tmp.I9GXyx3j/Data.noindex/Test/aProject/build/aProject.build/Debug/TargetA.build/Objects-normal/arm64/TargetA.SwiftFileList"]), Task(forTarget: TargetB, ruleInfo: ["WriteAuxiliaryFile", "/private/var/folders/xr/m5_5rlsd6l9fk2w4ngj13k6m0000gn/T/swbuild.tmp.I9GXyx3j/Data.noindex/Test/aProject/build/aProject.build/Debug/TargetB.build/TargetB-project-headers.hmap"]), Task(forTarget: <none>, ruleInfo: ["Gate", "target-TargetB-T-TargetB-44533--copy-headers-completion"]), Task(forTarget: <none>, ruleInfo: ["Gate", "target-TargetB-T-TargetB-44533--Barrier-Validate"]), Task(forTarget: TargetB, ruleInfo: ["Copy", "/private/var/folders/xr/m5_5rlsd6l9fk2w4ngj13k6m0000gn/T/swbuild.tmp.I9GXyx3j/Data.noindex/Test/aProject/build/Debug/TargetB.framework/Versions/A/Modules/TargetB.swiftmodule/arm64-apple-macos.abi.json", "/private/var/folders/xr/m5_5rlsd6l9fk2w4ngj13k6m0000gn/T/swbuild.tmp.I9GXyx3j/Data.noindex/Test/aProject/build/aProject.build/Debug/TargetB.build/Objects-normal/arm64/TargetB.abi.json"]), Task(forTarget: TargetA, ruleInfo: ["WriteAuxiliaryFile", "/private/var/folders/xr/m5_5rlsd6l9fk2w4ngj13k6m0000gn/T/swbuild.tmp.I9GXyx3j/Data.noindex/Test/aProject/build/aProject.build/Debug/TargetA.build/TargetA-own-target-headers.hmap"]), Task(forTarget: TargetB, ruleInfo: ["Gate", "target-TargetB-T-TargetB-44533--begin-scanning"]), Task(forTarget: TargetA, ruleInfo: ["WriteAuxiliaryFile", "/private/var/folders/xr/m5_5rlsd6l9fk2w4ngj13k6m0000gn/T/swbuild.tmp.I9GXyx3j/Data.noindex/Test/aProject/build/aProject.build/Debug/TargetA.build/TargetA.DependencyStaticMetadataFileList"]), Task(forTarget: <none>, ruleInfo: ["Gate", "target-TargetA-T-TargetA-44525--ModuleVerifierTaskProducer"]), Task(forTarget: TargetA, ruleInfo: ["SwiftCompile", "normal", "arm64", "Compiling fileA2.swift", "/private/var/folders/xr/m5_5rlsd6l9fk2w4ngj13k6m0000gn/T/swbuild.tmp.I9GXyx3j/Data.noindex/Test/aProject/Sources/fileA2.swift"]), Task(forTarget: TargetA, ruleInfo: ["Copy", "/private/var/folders/xr/m5_5rlsd6l9fk2w4ngj13k6m0000gn/T/swbuild.tmp.I9GXyx3j/Data.noindex/Test/aProject/build/Debug/TargetA.framework/Versions/A/Modules/TargetA.swiftmodule/arm64-apple-macos.swiftmodule", "/private/var/folders/xr/m5_5rlsd6l9fk2w4ngj13k6m0000gn/T/swbuild.tmp.I9GXyx3j/Data.noindex/Test/aProject/build/aProject.build/Debug/TargetA.build/Objects-normal/arm64/TargetA.swiftmodule"]), Task(forTarget: TargetA, ruleInfo: ["Gate", "target-TargetA-T-TargetA-44525--modules-ready"]), Task(forTarget: TargetB, ruleInfo: ["SwiftCompile", "normal", "arm64", "Compiling fileB1.swift", "/private/var/folders/xr/m5_5rlsd6l9fk2w4ngj13k6m0000gn/T/swbuild.tmp.I9GXyx3j/Data.noindex/Test/aProject/Sources/fileB1.swift"]), Task(forTarget: <none>, ruleInfo: ["Gate", "target-TargetB-T-TargetB-44533--Barrier-CodeSign"]), Task(forTarget: <none>, ruleInfo: ["Gate", "target-TargetB-T-TargetB-44533--generated-headers"]), Task(forTarget: <none>, ruleInfo: ["CreateBuildDirectory", "/private/var/folders/xr/m5_5rlsd6l9fk2w4ngj13k6m0000gn/T/swbuild.tmp.I9GXyx3j/Data.noindex/Test/aProject/build/SwiftExplicitPrecompiledModules"]), Task(forTarget: <none>, ruleInfo: ["Gate", "target-TargetA-T-TargetA-44525--SanitizerTaskProducer"]), Task(forTarget: TargetA, ruleInfo: ["SwiftDriver Compilation Requirements", "TargetA", "normal", "arm64", "com.apple.xcode.tools.swift.compiler"]), Task(forTarget: <none>, ruleInfo: ["CreateBuildDirectory", "/var/folders/xr/m5_5rlsd6l9fk2w4ngj13k6m0000gn/C/com.apple.DeveloperTools/26.4.1-17E202/Xcode/CompilationCache.noindex"]), Task(forTarget: <none>, ruleInfo: ["Gate", "target-TargetA-T-TargetA-44525--AppIntentsMetadataTaskProducer"]), Task(forTarget: TargetB, ruleInfo: ["SymLink", "/private/var/folders/xr/m5_5rlsd6l9fk2w4ngj13k6m0000gn/T/swbuild.tmp.I9GXyx3j/Data.noindex/Test/aProject/build/Debug/TargetB.framework/Versions/Current", "A"]), Task(forTarget: TargetA, ruleInfo: ["Copy", "/private/var/folders/xr/m5_5rlsd6l9fk2w4ngj13k6m0000gn/T/swbuild.tmp.I9GXyx3j/Data.noindex/Test/aProject/build/Debug/TargetA.framework/Versions/A/Modules/TargetA.swiftmodule/arm64-apple-macos.swiftdoc", "/private/var/folders/xr/m5_5rlsd6l9fk2w4ngj13k6m0000gn/T/swbuild.tmp.I9GXyx3j/Data.noindex/Test/aProject/build/aProject.build/Debug/TargetA.build/Objects-normal/arm64/TargetA.swiftdoc"]), Task(forTarget: TargetA, ruleInfo: ["RegisterExecutionPolicyException", "/private/var/folders/xr/m5_5rlsd6l9fk2w4ngj13k6m0000gn/T/swbuild.tmp.I9GXyx3j/Data.noindex/Test/aProject/build/Debug/TargetA.framework"]), Task(forTarget: <none>, ruleInfo: ["Gate", "target-TargetA-T-TargetA-44525--SwiftPackageCopyFilesTaskProducer"]), Task(forTarget: TargetA, ruleInfo: ["Copy", "/private/var/folders/xr/m5_5rlsd6l9fk2w4ngj13k6m0000gn/T/swbuild.tmp.I9GXyx3j/Data.noindex/Test/aProject/build/Debug/TargetA.framework/Versions/A/Modules/TargetA.swiftmodule/arm64-apple-macos.abi.json", "/private/var/folders/xr/m5_5rlsd6l9fk2w4ngj13k6m0000gn/T/swbuild.tmp.I9GXyx3j/Data.noindex/Test/aProject/build/aProject.build/Debug/TargetA.build/Objects-normal/arm64/TargetA.abi.json"]), Task(forTarget: TargetB, ruleInfo: ["SwiftEmitModule", "normal", "arm64", "Emitting module for TargetB"]), Task(forTarget: TargetA, ruleInfo: ["Touch", "/private/var/folders/xr/m5_5rlsd6l9fk2w4ngj13k6m0000gn/T/swbuild.tmp.I9GXyx3j/Data.noindex/Test/aProject/build/Debug/TargetA.framework"]), Task(forTarget: TargetA, ruleInfo: ["Gate", "target-TargetA-T-TargetA-44525--linker-inputs-ready"]), Task(forTarget: <none>, ruleInfo: ["Gate", "target-TargetB-T-TargetB-44533--ProductStructureTaskProducer"]), Task(forTarget: TargetB, ruleInfo: ["SwiftDriver Compilation", "TargetB", "normal", "arm64", "com.apple.xcode.tools.swift.compiler"]), Task(forTarget: <none>, ruleInfo: ["Gate", "target-TargetB-T-TargetB-44533--Barrier-RegisterExecutionPolicyException"]), Task(forTarget: TargetA, ruleInfo: ["WriteAuxiliaryFile", "/private/var/folders/xr/m5_5rlsd6l9fk2w4ngj13k6m0000gn/T/swbuild.tmp.I9GXyx3j/Data.noindex/Test/aProject/build/aProject.build/Debug/TargetA.build/Objects-normal/arm64/TargetA-OutputFileMap.json"]), Task(forTarget: <none>, ruleInfo: ["Gate", "target-TargetA-T-TargetA-44525--HeadermapTaskProducer"]), Task(forTarget: TargetB, ruleInfo: ["WriteAuxiliaryFile", "/private/var/folders/xr/m5_5rlsd6l9fk2w4ngj13k6m0000gn/T/swbuild.tmp.I9GXyx3j/Data.noindex/Test/aProject/build/aProject.build/Debug/TargetB.build/TargetB.DependencyStaticMetadataFileList"]), Task(forTarget: TargetA, ruleInfo: ["Gate", "target-TargetA-T-TargetA-44525--begin-compiling"]), Task(forTarget: <none>, ruleInfo: ["Gate", "target-TargetA-T-TargetA-44525--GeneratedFilesTaskProducer"]), Task(forTarget: <none>, ruleInfo: ["Gate", "target-TargetA-T-TargetA-44525--DocumentationTaskProducer"]), Task(forTarget: <none>, ruleInfo: ["Gate", "target-TargetB-T-TargetB-44533--InfoPlistTaskProducer"]), Task(forTarget: <none>, ruleInfo: ["Gate", "target-TargetA-T-TargetA-44525--SwiftFrameworkABICheckerTaskProducer"]), Task(forTarget: TargetB, ruleInfo: ["Gate", "target-TargetB-T-TargetB-44533--end"]), Task(forTarget: TargetA, ruleInfo: ["MkDir", "/private/var/folders/xr/m5_5rlsd6l9fk2w4ngj13k6m0000gn/T/swbuild.tmp.I9GXyx3j/Data.noindex/Test/aProject/build/Debug/TargetA.framework/Versions/A"]), Task(forTarget: <none>, ruleInfo: ["Gate", "target-TargetB-T-TargetB-44533--fused-phase0-compile-sources&link-binary"]), Task(forTarget: <none>, ruleInfo: ["Gate", "target-TargetB-T-TargetB-44533--SwiftStandardLibrariesTaskProducer"]), Task(forTarget: <none>, ruleInfo: ["Gate", "target-TargetB-T-TargetB-44533--SwiftABIBaselineGenerationTaskProducer"]), Task(forTarget: <none>, ruleInfo: ["Gate", "target-TargetA-T-TargetA-44525--TestTargetPostprocessingTaskProducer"]), Task(forTarget: <none>, ruleInfo: ["Gate", "target-TargetA-T-TargetA-44525--ProductPostprocessingTaskProducer"]), Task(forTarget: <none>, ruleInfo: ["Gate", "target-TargetB-T-TargetB-44533--RealityAssetsTaskProducer"]), Task(forTarget: TargetA, ruleInfo: ["Copy", "/private/var/folders/xr/m5_5rlsd6l9fk2w4ngj13k6m0000gn/T/swbuild.tmp.I9GXyx3j/Data.noindex/Test/aProject/build/Debug/TargetA.framework/Versions/A/Modules/TargetA.swiftmodule/Project/arm64-apple-macos.swiftsourceinfo", "/private/var/folders/xr/m5_5rlsd6l9fk2w4ngj13k6m0000gn/T/swbuild.tmp.I9GXyx3j/Data.noindex/Test/aProject/build/aProject.build/Debug/TargetA.build/Objects-normal/arm64/TargetA.swiftsourceinfo"]), Task(forTarget: TargetB, ruleInfo: ["Copy", "/private/var/folders/xr/m5_5rlsd6l9fk2w4ngj13k6m0000gn/T/swbuild.tmp.I9GXyx3j/Data.noindex/Test/aProject/build/Debug/TargetB.framework/Versions/A/Modules/TargetB.swiftmodule/Project/arm64-apple-macos.swiftsourceinfo", "/private/var/folders/xr/m5_5rlsd6l9fk2w4ngj13k6m0000gn/T/swbuild.tmp.I9GXyx3j/Data.noindex/Test/aProject/build/aProject.build/Debug/TargetB.build/Objects-normal/arm64/TargetB.swiftsourceinfo"]), Task(forTarget: TargetB, ruleInfo: ["WriteAuxiliaryFile", "/private/var/folders/xr/m5_5rlsd6l9fk2w4ngj13k6m0000gn/T/swbuild.tmp.I9GXyx3j/Data.noindex/Test/aProject/build/aProject.build/Debug/TargetB.build/TargetB-all-non-framework-target-headers.hmap"]), Task(forTarget: <none>, ruleInfo: ["Gate", "target-TargetB-T-TargetB-44533--Barrier-GenerateStubAPI"]), Task(forTarget: TargetB, ruleInfo: ["RegisterExecutionPolicyException", "/private/var/folders/xr/m5_5rlsd6l9fk2w4ngj13k6m0000gn/T/swbuild.tmp.I9GXyx3j/Data.noindex/Test/aProject/build/Debug/TargetB.framework"]), Task(forTarget: TargetA, ruleInfo: ["SwiftEmitModule", "normal", "arm64", "Emitting module for TargetA"]), Task(forTarget: <none>, ruleInfo: ["SwiftExplicitDependencyCompileModuleFromInterface", "arm64", "/private/var/folders/xr/m5_5rlsd6l9fk2w4ngj13k6m0000gn/T/swbuild.tmp.I9GXyx3j/Data.noindex/Test/aProject/build/SwiftExplicitPrecompiledModules/_StringProcessing-1O0ZQ2K74RYD5.swiftmodule"]), Task(forTarget: TargetB, ruleInfo: ["Gate", "target-TargetB-T-TargetB-44533--begin-linking"]), Task(forTarget: TargetB, ruleInfo: ["Gate", "target-TargetB-T-TargetB-44533--unsigned-product-ready"]), Task(forTarget: TargetB, ruleInfo: ["MkDir", "/private/var/folders/xr/m5_5rlsd6l9fk2w4ngj13k6m0000gn/T/swbuild.tmp.I9GXyx3j/Data.noindex/Test/aProject/build/Debug/TargetB.framework"]), Task(forTarget: <none>, ruleInfo: ["Gate", "target-TargetB-T-TargetB-44533--ExtensionPointExtractorTaskProducer"]), Task(forTarget: TargetA, ruleInfo: ["WriteAuxiliaryFile", "/private/var/folders/xr/m5_5rlsd6l9fk2w4ngj13k6m0000gn/T/swbuild.tmp.I9GXyx3j/Data.noindex/Test/aProject/build/aProject.build/Debug/TargetA.build/Objects-normal/arm64/TargetA_const_extract_protocols.json"]), Task(forTarget: <none>, ruleInfo: ["Gate", "target-TargetA-T-TargetA-44525--CustomTaskProducer"]), Task(forTarget: <none>, ruleInfo: ["ClangStatCache", "/Applications/Xcode17E.app/Contents/Developer/Toolchains/XcodeDefault.xctoolchain/usr/bin/clang-stat-cache", "/Applications/Xcode17E.app/Contents/Developer/Platforms/MacOSX.platform/Developer/SDKs/MacOSX26.4.sdk", "/private/var/folders/xr/m5_5rlsd6l9fk2w4ngj13k6m0000gn/T/swbuild.tmp.I9GXyx3j/Data.noindex/Test/SDKStatCaches.noindex/macosx26.4-25E260-95aa6cf8f3effd57bda17e0c125410c0.sdkstatcache"]), Task(forTarget: <none>, ruleInfo: ["Gate", "target-TargetB-T-TargetB-44533--TestEntryPointTaskProducerFactory"]), Task(forTarget: TargetA, ruleInfo: ["Gate", "target-TargetA-T-TargetA-44525--immediate"]), Task(forTarget: <none>, ruleInfo: ["CreateBuildDirectory", "/private/var/folders/xr/m5_5rlsd6l9fk2w4ngj13k6m0000gn/T/swbuild.tmp.I9GXyx3j/Data.noindex/Test/aProject/build/Debug"]), Task(forTarget: TargetA, ruleInfo: ["Gate", "target-TargetA-T-TargetA-44525--entry"]), Task(forTarget: <none>, ruleInfo: ["Gate", "target-TargetA-T-TargetA-44525--SwiftStandardLibrariesTaskProducer"]), Task(forTarget: <none>, ruleInfo: ["Gate", "target-TargetA-T-TargetA-44525--TestEntryPointTaskProducerFactory"]), Task(forTarget: TargetA, ruleInfo: ["WriteAuxiliaryFile", "/private/var/folders/xr/m5_5rlsd6l9fk2w4ngj13k6m0000gn/T/swbuild.tmp.I9GXyx3j/Data.noindex/Test/aProject/build/aProject.build/Debug/TargetA.build/TargetA-project-headers.hmap"]), Task(forTarget: <none>, ruleInfo: ["Gate", "target-TargetA-T-TargetA-44525--Barrier-GenerateStubAPI"]), Task(forTarget: TargetA, ruleInfo: ["MkDir", "/private/var/folders/xr/m5_5rlsd6l9fk2w4ngj13k6m0000gn/T/swbuild.tmp.I9GXyx3j/Data.noindex/Test/aProject/build/Debug/TargetA.framework"]), Task(forTarget: TargetB, ruleInfo: ["WriteAuxiliaryFile", "/private/var/folders/xr/m5_5rlsd6l9fk2w4ngj13k6m0000gn/T/swbuild.tmp.I9GXyx3j/Data.noindex/Test/aProject/build/aProject.build/Debug/TargetB.build/TargetB-generated-files.hmap"]), Task(forTarget: TargetB, ruleInfo: ["WriteAuxiliaryFile", "/private/var/folders/xr/m5_5rlsd6l9fk2w4ngj13k6m0000gn/T/swbuild.tmp.I9GXyx3j/Data.noindex/Test/aProject/build/aProject.build/Debug/TargetB.build/Objects-normal/arm64/TargetB_const_extract_protocols.json"]), Task(forTarget: TargetB, ruleInfo: ["MkDir", "/private/var/folders/xr/m5_5rlsd6l9fk2w4ngj13k6m0000gn/T/swbuild.tmp.I9GXyx3j/Data.noindex/Test/aProject/build/Debug/TargetB.framework/Versions"]), Task(forTarget: <none>, ruleInfo: ["Gate", "target-TargetA-T-TargetA-44525--CopySwiftPackageResourcesTaskProducer"]), Task(forTarget: <none>, ruleInfo: ["Gate", "target-TargetA-T-TargetA-44525--Barrier-ChangeAlternatePermissions"]), Task(forTarget: TargetA, ruleInfo: ["SymLink", "/private/var/folders/xr/m5_5rlsd6l9fk2w4ngj13k6m0000gn/T/swbuild.tmp.I9GXyx3j/Data.noindex/Test/aProject/build/EagerLinkingTBDs/Debug/TargetA.framework/TargetA.tbd", "/private/var/folders/xr/m5_5rlsd6l9fk2w4ngj13k6m0000gn/T/swbuild.tmp.I9GXyx3j/Data.noindex/Test/aProject/build/EagerLinkingTBDs/Debug/TargetA.framework/Versions/A/TargetA.tbd"]), Task(forTarget: <none>, ruleInfo: ["Gate", "target-TargetA-T-TargetA-44525--Barrier-RegisterExecutionPolicyException"]), Task(forTarget: <none>, ruleInfo: ["Gate", "target-TargetB-T-TargetB-44533--SwiftPackageCopyFilesTaskProducer"]), Task(forTarget: TargetA, ruleInfo: ["SwiftCompile", "normal", "arm64", "Compiling fileA1.swift", "/private/var/folders/xr/m5_5rlsd6l9fk2w4ngj13k6m0000gn/T/swbuild.tmp.I9GXyx3j/Data.noindex/Test/aProject/Sources/fileA1.swift"]), Task(forTarget: <none>, ruleInfo: ["Gate", "target-TargetB-T-TargetB-44533--Barrier-StripSymbols"]), Task(forTarget: TargetA, ruleInfo: ["WriteAuxiliaryFile", "/private/var/folders/xr/m5_5rlsd6l9fk2w4ngj13k6m0000gn/T/swbuild.tmp.I9GXyx3j/Data.noindex/Test/aProject/build/aProject.build/Debug/TargetA.build/TargetA-all-non-framework-target-headers.hmap"]), Task(forTarget: <none>, ruleInfo: ["Gate", "target-TargetB-T-TargetB-44533--SanitizerTaskProducer"]), Task(forTarget: <none>, ruleInfo: ["Gate", "target-TargetB-T-TargetB-44533--swift-generated-headers"]), Task(forTarget: <none>, ruleInfo: ["Gate", "target-TargetB-T-TargetB-44533--Barrier-RegisterProduct"]), Task(forTarget: <none>, ruleInfo: ["Gate", "target-TargetB-T-TargetB-44533--GeneratedFilesTaskProducer"]), Task(forTarget: <none>, ruleInfo: ["Gate", "target-TargetA-T-TargetA-44525--Barrier-StripSymbols"]), Task(forTarget: TargetB, ruleInfo: ["GenerateTAPI", "/private/var/folders/xr/m5_5rlsd6l9fk2w4ngj13k6m0000gn/T/swbuild.tmp.I9GXyx3j/Data.noindex/Test/aProject/build/EagerLinkingTBDs/Debug/TargetB.framework/Versions/A/TargetB.tbd"]), Task(forTarget: <none>, ruleInfo: ["Gate", "target-TargetA-T-TargetA-44525--GenerateAppPlaygroundAssetCatalogTaskProducer"]), Task(forTarget: <none>, ruleInfo: ["Gate", "target-TargetA-T-TargetA-44525--Barrier-ChangePermissions"]), Task(forTarget: TargetA, ruleInfo: ["WriteAuxiliaryFile", "/private/var/folders/xr/m5_5rlsd6l9fk2w4ngj13k6m0000gn/T/swbuild.tmp.I9GXyx3j/Data.noindex/Test/aProject/build/aProject.build/Debug/TargetA.build/Objects-normal/arm64/TargetA.SwiftConstValuesFileList"]), Task(forTarget: TargetA, ruleInfo: ["MkDir", "/private/var/folders/xr/m5_5rlsd6l9fk2w4ngj13k6m0000gn/T/swbuild.tmp.I9GXyx3j/Data.noindex/Test/aProject/build/Debug/TargetA.framework/Versions"]), Task(forTarget: <none>, ruleInfo: ["Gate", "target-TargetA-T-TargetA-44525--StubBinaryTaskProducer"]), Task(forTarget: <none>, ruleInfo: ["Gate", "target-TargetB-T-TargetB-44533--ProductPostprocessingTaskProducer"]), Task(forTarget: TargetA, ruleInfo: ["WriteAuxiliaryFile", "/private/var/folders/xr/m5_5rlsd6l9fk2w4ngj13k6m0000gn/T/swbuild.tmp.I9GXyx3j/Data.noindex/Test/aProject/build/aProject.build/Debug/TargetA.build/Objects-normal/arm64/TargetA.LinkFileList"]), Task(forTarget: <none>, ruleInfo: ["Gate", "target-TargetA-T-TargetA-44525--ModuleMapTaskProducer"]), Task(forTarget: TargetA, ruleInfo: ["ExtractAppIntentsMetadata"]), Task(forTarget: TargetB, ruleInfo: ["WriteAuxiliaryFile", "/private/var/folders/xr/m5_5rlsd6l9fk2w4ngj13k6m0000gn/T/swbuild.tmp.I9GXyx3j/Data.noindex/Test/aProject/build/aProject.build/Debug/TargetB.build/TargetB.hmap"]), Task(forTarget: TargetA, ruleInfo: ["SymLink", "/private/var/folders/xr/m5_5rlsd6l9fk2w4ngj13k6m0000gn/T/swbuild.tmp.I9GXyx3j/Data.noindex/Test/aProject/build/Debug/TargetA.framework/TargetA", "Versions/Current/TargetA"]), Task(forTarget: TargetB, ruleInfo: ["MkDir", "/private/var/folders/xr/m5_5rlsd6l9fk2w4ngj13k6m0000gn/T/swbuild.tmp.I9GXyx3j/Data.noindex/Test/aProject/build/Debug/TargetB.framework/Versions/A/Headers"]), Task(forTarget: <none>, ruleInfo: ["CreateBuildDirectory", "/private/var/folders/xr/m5_5rlsd6l9fk2w4ngj13k6m0000gn/T/swbuild.tmp.I9GXyx3j/Data.noindex/Test/aProject/build/ExplicitPrecompiledModules"]), Task(forTarget: <none>, ruleInfo: ["Gate", "target-TargetA-T-TargetA-44525--RealityAssetsTaskProducer"]), Task(forTarget: <none>, ruleInfo: ["Gate", "target-TargetA-T-TargetA-44525--TestHostTaskProducer"]), Task(forTarget: TargetA, ruleInfo: ["Gate", "target-TargetA-T-TargetA-44525--will-sign"]), Task(forTarget: <none>, ruleInfo: ["CreateBuildDirectory", "/private/var/folders/xr/m5_5rlsd6l9fk2w4ngj13k6m0000gn/T/swbuild.tmp.I9GXyx3j/Data.noindex/Test/aProject/build/SharedPrecompiledHeaders"]), Task(forTarget: TargetA, ruleInfo: ["WriteAuxiliaryFile", "/private/var/folders/xr/m5_5rlsd6l9fk2w4ngj13k6m0000gn/T/swbuild.tmp.I9GXyx3j/Data.noindex/Test/aProject/build/aProject.build/Debug/TargetA.build/TargetA.hmap"]), Task(forTarget: TargetA, ruleInfo: ["SymLink", "/private/var/folders/xr/m5_5rlsd6l9fk2w4ngj13k6m0000gn/T/swbuild.tmp.I9GXyx3j/Data.noindex/Test/aProject/build/Debug/TargetA.framework/Modules", "Versions/Current/Modules"]), Task(forTarget: <none>, ruleInfo: ["Gate", "target-TargetA-T-TargetA-44525--copy-headers-completion"]), Task(forTarget: <none>, ruleInfo: ["Gate", "target-TargetA-T-TargetA-44525--fused-phase0-compile-sources"]), Task(forTarget: <none>, ruleInfo: ["Gate", "WorkspaceHeaderMapVFSFilesWritten"]), Task(forTarget: TargetB, ruleInfo: ["SymLink", "/private/var/folders/xr/m5_5rlsd6l9fk2w4ngj13k6m0000gn/T/swbuild.tmp.I9GXyx3j/Data.noindex/Test/aProject/build/Debug/TargetB.framework/Headers", "Versions/Current/Headers"]), Task(forTarget: TargetB, ruleInfo: ["SwiftDriver Compilation Requirements", "TargetB", "normal", "arm64", "com.apple.xcode.tools.swift.compiler"]), Task(forTarget: <none>, ruleInfo: ["Gate", "target-TargetA-T-TargetA-44525--Barrier-RegisterProduct"]), Task(forTarget: TargetB, ruleInfo: ["Gate", "target-TargetB-T-TargetB-44533--modules-ready"]), Task(forTarget: <none>, ruleInfo: ["CreateBuildDirectory", "/private/var/folders/xr/m5_5rlsd6l9fk2w4ngj13k6m0000gn/T/swbuild.tmp.I9GXyx3j/Data.noindex/Test/aProject/build/EagerLinkingTBDs/Debug"]), Task(forTarget: TargetB, ruleInfo: ["WriteAuxiliaryFile", "/private/var/folders/xr/m5_5rlsd6l9fk2w4ngj13k6m0000gn/T/swbuild.tmp.I9GXyx3j/Data.noindex/Test/aProject/build/aProject.build/Debug/TargetB.build/TargetB-all-target-headers.hmap"]), Task(forTarget: <none>, ruleInfo: ["Gate", "target-TargetB-T-TargetB-44533--ModuleVerifierTaskProducer"]), Task(forTarget: TargetA, ruleInfo: ["Gate", "target-TargetA-T-TargetA-44525--begin-scanning"]), Task(forTarget: TargetB, ruleInfo: ["Gate", "target-TargetB-T-TargetB-44533--immediate"]), Task(forTarget: TargetA, ruleInfo: ["GenerateTAPI", "/private/var/folders/xr/m5_5rlsd6l9fk2w4ngj13k6m0000gn/T/swbuild.tmp.I9GXyx3j/Data.noindex/Test/aProject/build/EagerLinkingTBDs/Debug/TargetA.framework/Versions/A/TargetA.tbd"]), Task(forTarget: TargetB, ruleInfo: ["SymLink", "/private/var/folders/xr/m5_5rlsd6l9fk2w4ngj13k6m0000gn/T/swbuild.tmp.I9GXyx3j/Data.noindex/Test/aProject/build/Debug/TargetB.framework/TargetB", "Versions/Current/TargetB"]), Task(forTarget: TargetB, ruleInfo: ["SwiftCompile", "normal", "arm64", "Compiling fileB2.swift", "/private/var/folders/xr/m5_5rlsd6l9fk2w4ngj13k6m0000gn/T/swbuild.tmp.I9GXyx3j/Data.noindex/Test/aProject/Sources/fileB2.swift"])]
↳ Occasionally fails in CI due to SwiftExplicitDependencyCompileModuleFromInterface missing from the dependency graph
━ Test swiftEagerCompilationWithExplicitModules() recorded a known issue at SwiftDriverTests.swift:3599:55: Issue recorded
↳ Task Task(forTarget: TargetB, ruleInfo: ["SwiftEmitModule", "normal", "arm64", "Emitting module for TargetB"]) does not follow any tasks matching [Rule matches [SWBTestSupport.StringPattern.equal("SwiftExplicitDependencyCompileModuleFromInterface"), SWBTestSupport.StringPattern.equal("normal"), SWBTestSupport.StringPattern.equal("arm64"), SWBTestSupport.StringPattern.contains("_StringProcessing-")]]. Found: [] in [Task(forTarget: <none>, ruleInfo: ["Gate", "target-TargetA-T-TargetA-44525--Barrier-CopyAside"]), Task(forTarget: <none>, ruleInfo: ["Gate", "target-TargetA-T-TargetA-44525--InfoPlistTaskProducer"]), Task(forTarget: <none>, ruleInfo: ["Gate", "target-TargetB-T-TargetB-44533--Barrier-ChangeAlternatePermissions"]), Task(forTarget: <none>, ruleInfo: ["Gate", "target-TargetA-T-TargetA-44525--swift-generated-headers"]), Task(forTarget: TargetB, ruleInfo: ["ExtractAppIntentsMetadata"]), Task(forTarget: TargetB, ruleInfo: ["SwiftDriver", "TargetB", "normal", "arm64", "com.apple.xcode.tools.swift.compiler"]), Task(forTarget: TargetB, ruleInfo: ["WriteAuxiliaryFile", "/private/var/folders/xr/m5_5rlsd6l9fk2w4ngj13k6m0000gn/T/swbuild.tmp.I9GXyx3j/Data.noindex/Test/aProject/build/aProject.build/Debug/TargetB.build/TargetB-own-target-headers.hmap"]), Task(forTarget: TargetA, ruleInfo: ["WriteAuxiliaryFile", "/private/var/folders/xr/m5_5rlsd6l9fk2w4ngj13k6m0000gn/T/swbuild.tmp.I9GXyx3j/Data.noindex/Test/aProject/build/aProject.build/Debug/TargetA.build/TargetA-generated-files.hmap"]), Task(forTarget: TargetA, ruleInfo: ["SwiftDriver Compilation", "TargetA", "normal", "arm64", "com.apple.xcode.tools.swift.compiler"]), Task(forTarget: TargetA, ruleInfo: ["Ld", "/private/var/folders/xr/m5_5rlsd6l9fk2w4ngj13k6m0000gn/T/swbuild.tmp.I9GXyx3j/Data.noindex/Test/aProject/build/Debug/TargetA.framework/Versions/A/TargetA", "normal"]), Task(forTarget: <none>, ruleInfo: ["SwiftExplicitDependencyCompileModuleFromInterface", "arm64", "/private/var/folders/xr/m5_5rlsd6l9fk2w4ngj13k6m0000gn/T/swbuild.tmp.I9GXyx3j/Data.noindex/Test/aProject/build/SwiftExplicitPrecompiledModules/Swift-NBB0GQDQYZZH.swiftmodule"]), Task(forTarget: TargetB, ruleInfo: ["SwiftMergeGeneratedHeaders", "/private/var/folders/xr/m5_5rlsd6l9fk2w4ngj13k6m0000gn/T/swbuild.tmp.I9GXyx3j/Data.noindex/Test/aProject/build/Debug/TargetB.framework/Versions/A/Headers/TargetB-Swift.h", "/private/var/folders/xr/m5_5rlsd6l9fk2w4ngj13k6m0000gn/T/swbuild.tmp.I9GXyx3j/Data.noindex/Test/aProject/build/aProject.build/Debug/TargetB.build/Objects-normal/arm64/TargetB-Swift.h"]), Task(forTarget: <none>, ruleInfo: ["Gate", "target-TargetB-T-TargetB-44533--TestHostTaskProducer"]), Task(forTarget: TargetB, ruleInfo: ["WriteAuxiliaryFile", "/private/var/folders/xr/m5_5rlsd6l9fk2w4ngj13k6m0000gn/T/swbuild.tmp.I9GXyx3j/Data.noindex/Test/aProject/build/aProject.build/Debug/TargetB.build/Objects-normal/arm64/TargetB.SwiftConstValuesFileList"]), Task(forTarget: <none>, ruleInfo: ["Gate", "target-TargetB-T-TargetB-44533--ModuleMapTaskProducer"]), Task(forTarget: <none>, ruleInfo: ["Gate", "target-TargetB-T-TargetB-44533--SwiftFrameworkABICheckerTaskProducer"]), Task(forTarget: <none>, ruleInfo: ["Gate", "target-TargetB-T-TargetB-44533--Barrier-ChangePermissions"]), Task(forTarget: TargetB, ruleInfo: ["Gate", "target-TargetB-T-TargetB-44533--begin-compiling"]), Task(forTarget: <none>, ruleInfo: ["Gate", "target-TargetB-T-TargetB-44533--TestTargetTaskProducer"]), Task(forTarget: <none>, ruleInfo: ["Gate", "target-TargetB-T-TargetB-44533--TAPISymbolExtractorTaskProducer"]), Task(forTarget: <none>, ruleInfo: ["Gate", "target-TargetB-T-TargetB-44533--HeadermapTaskProducer"]), Task(forTarget: TargetB, ruleInfo: ["Ld", "/private/var/folders/xr/m5_5rlsd6l9fk2w4ngj13k6m0000gn/T/swbuild.tmp.I9GXyx3j/Data.noindex/Test/aProject/build/Debug/TargetB.framework/Versions/A/TargetB", "normal"]), Task(forTarget: TargetB, ruleInfo: ["WriteAuxiliaryFile", "/private/var/folders/xr/m5_5rlsd6l9fk2w4ngj13k6m0000gn/T/swbuild.tmp.I9GXyx3j/Data.noindex/Test/aProject/build/aProject.build/Debug/TargetB.build/Objects-normal/arm64/TargetB.LinkFileList"]), Task(forTarget: <none>, ruleInfo: ["Gate", "target-TargetB-T-TargetB-44533--TestTargetPostprocessingTaskProducer"]), Task(forTarget: <none>, ruleInfo: ["SwiftExplicitDependencyGeneratePcm", "arm64", "/private/var/folders/xr/m5_5rlsd6l9fk2w4ngj13k6m0000gn/T/swbuild.tmp.I9GXyx3j/Data.noindex/Test/aProject/build/SwiftExplicitPrecompiledModules/_SwiftConcurrencyShims-AIZW70LS1W2L0PXECXLASUUHS.pcm"]), Task(forTarget: TargetA, ruleInfo: ["SymLink", "/private/var/folders/xr/m5_5rlsd6l9fk2w4ngj13k6m0000gn/T/swbuild.tmp.I9GXyx3j/Data.noindex/Test/aProject/build/Debug/TargetA.framework/Versions/Current", "A"]), Task(forTarget: <none>, ruleInfo: ["CreateBuildDirectory", "/private/var/folders/xr/m5_5rlsd6l9fk2w4ngj13k6m0000gn/T/swbuild.tmp.I9GXyx3j/Data.noindex/Test/aProject/build"]), Task(forTarget: TargetB, ruleInfo: ["WriteAuxiliaryFile", "/private/var/folders/xr/m5_5rlsd6l9fk2w4ngj13k6m0000gn/T/swbuild.tmp.I9GXyx3j/Data.noindex/Test/aProject/build/aProject.build/Debug/TargetB.build/TargetB.DependencyMetadataFileList"]), Task(forTarget: TargetA, ruleInfo: ["WriteAuxiliaryFile", "/private/var/folders/xr/m5_5rlsd6l9fk2w4ngj13k6m0000gn/T/swbuild.tmp.I9GXyx3j/Data.noindex/Test/aProject/build/aProject.build/Debug/TargetA.build/TargetA.DependencyMetadataFileList"]), Task(forTarget: <none>, ruleInfo: ["Gate", "target-TargetB-T-TargetB-44533--AppExtensionInfoPlistGeneratorTaskProducer"]), Task(forTarget: <none>, ruleInfo: ["Gate", "target-TargetA-T-TargetA-44525--SwiftABIBaselineGenerationTaskProducer"]), Task(forTarget: <none>, ruleInfo: ["Gate", "target-TargetA-T-TargetA-44525--Barrier-Validate"]), Task(forTarget: <none>, ruleInfo: ["SwiftExplicitDependencyGeneratePcm", "arm64", "/private/var/folders/xr/m5_5rlsd6l9fk2w4ngj13k6m0000gn/T/swbuild.tmp.I9GXyx3j/Data.noindex/Test/aProject/build/SwiftExplicitPrecompiledModules/SwiftShims-1XRNFTFX3SVGVJQLDAOI208RW.pcm"]), Task(forTarget: TargetA, ruleInfo: ["SymLink", "/private/var/folders/xr/m5_5rlsd6l9fk2w4ngj13k6m0000gn/T/swbuild.tmp.I9GXyx3j/Data.noindex/Test/aProject/build/Debug/TargetA.framework/Headers", "Versions/Current/Headers"]), Task(forTarget: <none>, ruleInfo: ["Gate", "target-TargetA-T-TargetA-44525--generated-headers"]), Task(forTarget: TargetB, ruleInfo: ["SymLink", "/private/var/folders/xr/m5_5rlsd6l9fk2w4ngj13k6m0000gn/T/swbuild.tmp.I9GXyx3j/Data.noindex/Test/aProject/build/Debug/TargetB.framework/Modules", "Versions/Current/Modules"]), Task(forTarget: <none>, ruleInfo: ["WriteAuxiliaryFile", "/private/var/folders/xr/m5_5rlsd6l9fk2w4ngj13k6m0000gn/T/swbuild.tmp.I9GXyx3j/Data.noindex/Test/aProject/build/aProject.build/Debug/aProject-P44536-VFS/all-product-headers.yaml"]), Task(forTarget: <none>, ruleInfo: ["Gate", "target-TargetA-T-TargetA-44525--TAPISymbolExtractorTaskProducer"]), Task(forTarget: <none>, ruleInfo: ["Gate", "target-TargetA-T-TargetA-44525--TestTargetTaskProducer"]), Task(forTarget: <none>, ruleInfo: ["Gate", "target-TargetB-T-TargetB-44533--CopySwiftPackageResourcesTaskProducer"]), Task(forTarget: <none>, ruleInfo: ["Gate", "target-TargetB-T-TargetB-44533--AppIntentsMetadataTaskProducer"]), Task(forTarget: TargetA, ruleInfo: ["WriteAuxiliaryFile", "/private/var/folders/xr/m5_5rlsd6l9fk2w4ngj13k6m0000gn/T/swbuild.tmp.I9GXyx3j/Data.noindex/Test/aProject/build/aProject.build/Debug/TargetA.build/TargetA-all-target-headers.hmap"]), Task(forTarget: TargetB, ruleInfo: ["MkDir", "/private/var/folders/xr/m5_5rlsd6l9fk2w4ngj13k6m0000gn/T/swbuild.tmp.I9GXyx3j/Data.noindex/Test/aProject/build/Debug/TargetB.framework/Versions/A"]), Task(forTarget: <none>, ruleInfo: ["Gate", "target-TargetB-T-TargetB-44533--CustomTaskProducer"]), Task(forTarget: TargetB, ruleInfo: ["WriteAuxiliaryFile", "/private/var/folders/xr/m5_5rlsd6l9fk2w4ngj13k6m0000gn/T/swbuild.tmp.I9GXyx3j/Data.noindex/Test/aProject/build/aProject.build/Debug/TargetB.build/Objects-normal/arm64/TargetB.SwiftFileList"]), Task(forTarget: TargetB, ruleInfo: ["WriteAuxiliaryFile", "/private/var/folders/xr/m5_5rlsd6l9fk2w4ngj13k6m0000gn/T/swbuild.tmp.I9GXyx3j/Data.noindex/Test/aProject/build/aProject.build/Debug/TargetB.build/Objects-normal/arm64/TargetB-OutputFileMap.json"]), Task(forTarget: TargetA, ruleInfo: ["MkDir", "/private/var/folders/xr/m5_5rlsd6l9fk2w4ngj13k6m0000gn/T/swbuild.tmp.I9GXyx3j/Data.noindex/Test/aProject/build/Debug/TargetA.framework/Versions/A/Headers"]), Task(forTarget: <none>, ruleInfo: ["Gate", "target-TargetB-T-TargetB-44533--StubBinaryTaskProducer"]), Task(forTarget: <none>, ruleInfo: ["Gate", "target-TargetB-T-TargetB-44533--DocumentationTaskProducer"]), Task(forTarget: TargetA, ruleInfo: ["SwiftDriver", "TargetA", "normal", "arm64", "com.apple.xcode.tools.swift.compiler"]), Task(forTarget: <none>, ruleInfo: ["Gate", "target-TargetB-T-TargetB-44533--GenerateAppPlaygroundAssetCatalogTaskProducer"]), Task(forTarget: <none>, ruleInfo: ["Gate", "target-TargetA-T-TargetA-44525--Barrier-CodeSign"]), Task(forTarget: <none>, ruleInfo: ["Gate", "target-TargetA-T-TargetA-44525--AppExtensionInfoPlistGeneratorTaskProducer"]), Task(forTarget: TargetB, ruleInfo: ["Gate", "target-TargetB-T-TargetB-44533--entry"]), Task(forTarget: TargetB, ruleInfo: ["Gate", "target-TargetB-T-TargetB-44533--will-sign"]), Task(forTarget: <none>, ruleInfo: ["Gate", "target-TargetB-T-TargetB-44533--Barrier-CopyAside"]), Task(forTarget: <none>, ruleInfo: ["Gate", "target-TargetA-T-TargetA-44525--ProductStructureTaskProducer"]), Task(forTarget: TargetA, ruleInfo: ["Gate", "target-TargetA-T-TargetA-44525--begin-linking"]), Task(forTarget: TargetB, ruleInfo: ["Copy", "/private/var/folders/xr/m5_5rlsd6l9fk2w4ngj13k6m0000gn/T/swbuild.tmp.I9GXyx3j/Data.noindex/Test/aProject/build/Debug/TargetB.framework/Versions/A/Modules/TargetB.swiftmodule/arm64-apple-macos.swiftdoc", "/private/var/folders/xr/m5_5rlsd6l9fk2w4ngj13k6m0000gn/T/swbuild.tmp.I9GXyx3j/Data.noindex/Test/aProject/build/aProject.build/Debug/TargetB.build/Objects-normal/arm64/TargetB.swiftdoc"]), Task(forTarget: TargetB, ruleInfo: ["Copy", "/private/var/folders/xr/m5_5rlsd6l9fk2w4ngj13k6m0000gn/T/swbuild.tmp.I9GXyx3j/Data.noindex/Test/aProject/build/Debug/TargetB.framework/Versions/A/Modules/TargetB.swiftmodule/arm64-apple-macos.swiftmodule", "/private/var/folders/xr/m5_5rlsd6l9fk2w4ngj13k6m0000gn/T/swbuild.tmp.I9GXyx3j/Data.noindex/Test/aProject/build/aProject.build/Debug/TargetB.build/Objects-normal/arm64/TargetB.swiftmodule"]), Task(forTarget: TargetB, ruleInfo: ["SymLink", "/private/var/folders/xr/m5_5rlsd6l9fk2w4ngj13k6m0000gn/T/swbuild.tmp.I9GXyx3j/Data.noindex/Test/aProject/build/EagerLinkingTBDs/Debug/TargetB.framework/TargetB.tbd", "/private/var/folders/xr/m5_5rlsd6l9fk2w4ngj13k6m0000gn/T/swbuild.tmp.I9GXyx3j/Data.noindex/Test/aProject/build/EagerLinkingTBDs/Debug/TargetB.framework/Versions/A/TargetB.tbd"]), Task(forTarget: TargetA, ruleInfo: ["SwiftMergeGeneratedHeaders", "/private/var/folders/xr/m5_5rlsd6l9fk2w4ngj13k6m0000gn/T/swbuild.tmp.I9GXyx3j/Data.noindex/Test/aProject/build/Debug/TargetA.framework/Versions/A/Headers/TargetA-Swift.h", "/private/var/folders/xr/m5_5rlsd6l9fk2w4ngj13k6m0000gn/T/swbuild.tmp.I9GXyx3j/Data.noindex/Test/aProject/build/aProject.build/Debug/TargetA.build/Objects-normal/arm64/TargetA-Swift.h"]), Task(forTarget: <none>, ruleInfo: ["SwiftExplicitDependencyCompileModuleFromInterface", "arm64", "/private/var/folders/xr/m5_5rlsd6l9fk2w4ngj13k6m0000gn/T/swbuild.tmp.I9GXyx3j/Data.noindex/Test/aProject/build/SwiftExplicitPrecompiledModules/_Concurrency-CB34E6W1YOX6.swiftmodule"]), Task(forTarget: TargetA, ruleInfo: ["Gate", "target-TargetA-T-TargetA-44525--unsigned-product-ready"]), Task(forTarget: TargetA, ruleInfo: ["Gate", "target-TargetA-T-TargetA-44525--end"]), Task(forTarget: <none>, ruleInfo: ["Gate", "target-TargetA-T-TargetA-44525--ExtensionPointExtractorTaskProducer"]), Task(forTarget: TargetB, ruleInfo: ["Touch", "/private/var/folders/xr/m5_5rlsd6l9fk2w4ngj13k6m0000gn/T/swbuild.tmp.I9GXyx3j/Data.noindex/Test/aProject/build/Debug/TargetB.framework"]), Task(forTarget: TargetB, ruleInfo: ["Gate", "target-TargetB-T-TargetB-44533--linker-inputs-ready"]), Task(forTarget: TargetA, ruleInfo: ["WriteAuxiliaryFile", "/private/var/folders/xr/m5_5rlsd6l9fk2w4ngj13k6m0000gn/T/swbuild.tmp.I9GXyx3j/Data.noindex/Test/aProject/build/aProject.build/Debug/TargetA.build/Objects-normal/arm64/TargetA.SwiftFileList"]), Task(forTarget: TargetB, ruleInfo: ["WriteAuxiliaryFile", "/private/var/folders/xr/m5_5rlsd6l9fk2w4ngj13k6m0000gn/T/swbuild.tmp.I9GXyx3j/Data.noindex/Test/aProject/build/aProject.build/Debug/TargetB.build/TargetB-project-headers.hmap"]), Task(forTarget: <none>, ruleInfo: ["Gate", "target-TargetB-T-TargetB-44533--copy-headers-completion"]), Task(forTarget: <none>, ruleInfo: ["Gate", "target-TargetB-T-TargetB-44533--Barrier-Validate"]), Task(forTarget: TargetB, ruleInfo: ["Copy", "/private/var/folders/xr/m5_5rlsd6l9fk2w4ngj13k6m0000gn/T/swbuild.tmp.I9GXyx3j/Data.noindex/Test/aProject/build/Debug/TargetB.framework/Versions/A/Modules/TargetB.swiftmodule/arm64-apple-macos.abi.json", "/private/var/folders/xr/m5_5rlsd6l9fk2w4ngj13k6m0000gn/T/swbuild.tmp.I9GXyx3j/Data.noindex/Test/aProject/build/aProject.build/Debug/TargetB.build/Objects-normal/arm64/TargetB.abi.json"]), Task(forTarget: TargetA, ruleInfo: ["WriteAuxiliaryFile", "/private/var/folders/xr/m5_5rlsd6l9fk2w4ngj13k6m0000gn/T/swbuild.tmp.I9GXyx3j/Data.noindex/Test/aProject/build/aProject.build/Debug/TargetA.build/TargetA-own-target-headers.hmap"]), Task(forTarget: TargetB, ruleInfo: ["Gate", "target-TargetB-T-TargetB-44533--begin-scanning"]), Task(forTarget: TargetA, ruleInfo: ["WriteAuxiliaryFile", "/private/var/folders/xr/m5_5rlsd6l9fk2w4ngj13k6m0000gn/T/swbuild.tmp.I9GXyx3j/Data.noindex/Test/aProject/build/aProject.build/Debug/TargetA.build/TargetA.DependencyStaticMetadataFileList"]), Task(forTarget: <none>, ruleInfo: ["Gate", "target-TargetA-T-TargetA-44525--ModuleVerifierTaskProducer"]), Task(forTarget: TargetA, ruleInfo: ["SwiftCompile", "normal", "arm64", "Compiling fileA2.swift", "/private/var/folders/xr/m5_5rlsd6l9fk2w4ngj13k6m0000gn/T/swbuild.tmp.I9GXyx3j/Data.noindex/Test/aProject/Sources/fileA2.swift"]), Task(forTarget: TargetA, ruleInfo: ["Copy", "/private/var/folders/xr/m5_5rlsd6l9fk2w4ngj13k6m0000gn/T/swbuild.tmp.I9GXyx3j/Data.noindex/Test/aProject/build/Debug/TargetA.framework/Versions/A/Modules/TargetA.swiftmodule/arm64-apple-macos.swiftmodule", "/private/var/folders/xr/m5_5rlsd6l9fk2w4ngj13k6m0000gn/T/swbuild.tmp.I9GXyx3j/Data.noindex/Test/aProject/build/aProject.build/Debug/TargetA.build/Objects-normal/arm64/TargetA.swiftmodule"]), Task(forTarget: TargetA, ruleInfo: ["Gate", "target-TargetA-T-TargetA-44525--modules-ready"]), Task(forTarget: TargetB, ruleInfo: ["SwiftCompile", "normal", "arm64", "Compiling fileB1.swift", "/private/var/folders/xr/m5_5rlsd6l9fk2w4ngj13k6m0000gn/T/swbuild.tmp.I9GXyx3j/Data.noindex/Test/aProject/Sources/fileB1.swift"]), Task(forTarget: <none>, ruleInfo: ["Gate", "target-TargetB-T-TargetB-44533--Barrier-CodeSign"]), Task(forTarget: <none>, ruleInfo: ["Gate", "target-TargetB-T-TargetB-44533--generated-headers"]), Task(forTarget: <none>, ruleInfo: ["CreateBuildDirectory", "/private/var/folders/xr/m5_5rlsd6l9fk2w4ngj13k6m0000gn/T/swbuild.tmp.I9GXyx3j/Data.noindex/Test/aProject/build/SwiftExplicitPrecompiledModules"]), Task(forTarget: <none>, ruleInfo: ["Gate", "target-TargetA-T-TargetA-44525--SanitizerTaskProducer"]), Task(forTarget: TargetA, ruleInfo: ["SwiftDriver Compilation Requirements", "TargetA", "normal", "arm64", "com.apple.xcode.tools.swift.compiler"]), Task(forTarget: <none>, ruleInfo: ["CreateBuildDirectory", "/var/folders/xr/m5_5rlsd6l9fk2w4ngj13k6m0000gn/C/com.apple.DeveloperTools/26.4.1-17E202/Xcode/CompilationCache.noindex"]), Task(forTarget: <none>, ruleInfo: ["Gate", "target-TargetA-T-TargetA-44525--AppIntentsMetadataTaskProducer"]), Task(forTarget: TargetB, ruleInfo: ["SymLink", "/private/var/folders/xr/m5_5rlsd6l9fk2w4ngj13k6m0000gn/T/swbuild.tmp.I9GXyx3j/Data.noindex/Test/aProject/build/Debug/TargetB.framework/Versions/Current", "A"]), Task(forTarget: TargetA, ruleInfo: ["Copy", "/private/var/folders/xr/m5_5rlsd6l9fk2w4ngj13k6m0000gn/T/swbuild.tmp.I9GXyx3j/Data.noindex/Test/aProject/build/Debug/TargetA.framework/Versions/A/Modules/TargetA.swiftmodule/arm64-apple-macos.swiftdoc", "/private/var/folders/xr/m5_5rlsd6l9fk2w4ngj13k6m0000gn/T/swbuild.tmp.I9GXyx3j/Data.noindex/Test/aProject/build/aProject.build/Debug/TargetA.build/Objects-normal/arm64/TargetA.swiftdoc"]), Task(forTarget: TargetA, ruleInfo: ["RegisterExecutionPolicyException", "/private/var/folders/xr/m5_5rlsd6l9fk2w4ngj13k6m0000gn/T/swbuild.tmp.I9GXyx3j/Data.noindex/Test/aProject/build/Debug/TargetA.framework"]), Task(forTarget: <none>, ruleInfo: ["Gate", "target-TargetA-T-TargetA-44525--SwiftPackageCopyFilesTaskProducer"]), Task(forTarget: TargetA, ruleInfo: ["Copy", "/private/var/folders/xr/m5_5rlsd6l9fk2w4ngj13k6m0000gn/T/swbuild.tmp.I9GXyx3j/Data.noindex/Test/aProject/build/Debug/TargetA.framework/Versions/A/Modules/TargetA.swiftmodule/arm64-apple-macos.abi.json", "/private/var/folders/xr/m5_5rlsd6l9fk2w4ngj13k6m0000gn/T/swbuild.tmp.I9GXyx3j/Data.noindex/Test/aProject/build/aProject.build/Debug/TargetA.build/Objects-normal/arm64/TargetA.abi.json"]), Task(forTarget: TargetB, ruleInfo: ["SwiftEmitModule", "normal", "arm64", "Emitting module for TargetB"]), Task(forTarget: TargetA, ruleInfo: ["Touch", "/private/var/folders/xr/m5_5rlsd6l9fk2w4ngj13k6m0000gn/T/swbuild.tmp.I9GXyx3j/Data.noindex/Test/aProject/build/Debug/TargetA.framework"]), Task(forTarget: TargetA, ruleInfo: ["Gate", "target-TargetA-T-TargetA-44525--linker-inputs-ready"]), Task(forTarget: <none>, ruleInfo: ["Gate", "target-TargetB-T-TargetB-44533--ProductStructureTaskProducer"]), Task(forTarget: TargetB, ruleInfo: ["SwiftDriver Compilation", "TargetB", "normal", "arm64", "com.apple.xcode.tools.swift.compiler"]), Task(forTarget: <none>, ruleInfo: ["Gate", "target-TargetB-T-TargetB-44533--Barrier-RegisterExecutionPolicyException"]), Task(forTarget: TargetA, ruleInfo: ["WriteAuxiliaryFile", "/private/var/folders/xr/m5_5rlsd6l9fk2w4ngj13k6m0000gn/T/swbuild.tmp.I9GXyx3j/Data.noindex/Test/aProject/build/aProject.build/Debug/TargetA.build/Objects-normal/arm64/TargetA-OutputFileMap.json"]), Task(forTarget: <none>, ruleInfo: ["Gate", "target-TargetA-T-TargetA-44525--HeadermapTaskProducer"]), Task(forTarget: TargetB, ruleInfo: ["WriteAuxiliaryFile", "/private/var/folders/xr/m5_5rlsd6l9fk2w4ngj13k6m0000gn/T/swbuild.tmp.I9GXyx3j/Data.noindex/Test/aProject/build/aProject.build/Debug/TargetB.build/TargetB.DependencyStaticMetadataFileList"]), Task(forTarget: TargetA, ruleInfo: ["Gate", "target-TargetA-T-TargetA-44525--begin-compiling"]), Task(forTarget: <none>, ruleInfo: ["Gate", "target-TargetA-T-TargetA-44525--GeneratedFilesTaskProducer"]), Task(forTarget: <none>, ruleInfo: ["Gate", "target-TargetA-T-TargetA-44525--DocumentationTaskProducer"]), Task(forTarget: <none>, ruleInfo: ["Gate", "target-TargetB-T-TargetB-44533--InfoPlistTaskProducer"]), Task(forTarget: <none>, ruleInfo: ["Gate", "target-TargetA-T-TargetA-44525--SwiftFrameworkABICheckerTaskProducer"]), Task(forTarget: TargetB, ruleInfo: ["Gate", "target-TargetB-T-TargetB-44533--end"]), Task(forTarget: TargetA, ruleInfo: ["MkDir", "/private/var/folders/xr/m5_5rlsd6l9fk2w4ngj13k6m0000gn/T/swbuild.tmp.I9GXyx3j/Data.noindex/Test/aProject/build/Debug/TargetA.framework/Versions/A"]), Task(forTarget: <none>, ruleInfo: ["Gate", "target-TargetB-T-TargetB-44533--fused-phase0-compile-sources&link-binary"]), Task(forTarget: <none>, ruleInfo: ["Gate", "target-TargetB-T-TargetB-44533--SwiftStandardLibrariesTaskProducer"]), Task(forTarget: <none>, ruleInfo: ["Gate", "target-TargetB-T-TargetB-44533--SwiftABIBaselineGenerationTaskProducer"]), Task(forTarget: <none>, ruleInfo: ["Gate", "target-TargetA-T-TargetA-44525--TestTargetPostprocessingTaskProducer"]), Task(forTarget: <none>, ruleInfo: ["Gate", "target-TargetA-T-TargetA-44525--ProductPostprocessingTaskProducer"]), Task(forTarget: <none>, ruleInfo: ["Gate", "target-TargetB-T-TargetB-44533--RealityAssetsTaskProducer"]), Task(forTarget: TargetA, ruleInfo: ["Copy", "/private/var/folders/xr/m5_5rlsd6l9fk2w4ngj13k6m0000gn/T/swbuild.tmp.I9GXyx3j/Data.noindex/Test/aProject/build/Debug/TargetA.framework/Versions/A/Modules/TargetA.swiftmodule/Project/arm64-apple-macos.swiftsourceinfo", "/private/var/folders/xr/m5_5rlsd6l9fk2w4ngj13k6m0000gn/T/swbuild.tmp.I9GXyx3j/Data.noindex/Test/aProject/build/aProject.build/Debug/TargetA.build/Objects-normal/arm64/TargetA.swiftsourceinfo"]), Task(forTarget: TargetB, ruleInfo: ["Copy", "/private/var/folders/xr/m5_5rlsd6l9fk2w4ngj13k6m0000gn/T/swbuild.tmp.I9GXyx3j/Data.noindex/Test/aProject/build/Debug/TargetB.framework/Versions/A/Modules/TargetB.swiftmodule/Project/arm64-apple-macos.swiftsourceinfo", "/private/var/folders/xr/m5_5rlsd6l9fk2w4ngj13k6m0000gn/T/swbuild.tmp.I9GXyx3j/Data.noindex/Test/aProject/build/aProject.build/Debug/TargetB.build/Objects-normal/arm64/TargetB.swiftsourceinfo"]), Task(forTarget: TargetB, ruleInfo: ["WriteAuxiliaryFile", "/private/var/folders/xr/m5_5rlsd6l9fk2w4ngj13k6m0000gn/T/swbuild.tmp.I9GXyx3j/Data.noindex/Test/aProject/build/aProject.build/Debug/TargetB.build/TargetB-all-non-framework-target-headers.hmap"]), Task(forTarget: <none>, ruleInfo: ["Gate", "target-TargetB-T-TargetB-44533--Barrier-GenerateStubAPI"]), Task(forTarget: TargetB, ruleInfo: ["RegisterExecutionPolicyException", "/private/var/folders/xr/m5_5rlsd6l9fk2w4ngj13k6m0000gn/T/swbuild.tmp.I9GXyx3j/Data.noindex/Test/aProject/build/Debug/TargetB.framework"]), Task(forTarget: TargetA, ruleInfo: ["SwiftEmitModule", "normal", "arm64", "Emitting module for TargetA"]), Task(forTarget: <none>, ruleInfo: ["SwiftExplicitDependencyCompileModuleFromInterface", "arm64", "/private/var/folders/xr/m5_5rlsd6l9fk2w4ngj13k6m0000gn/T/swbuild.tmp.I9GXyx3j/Data.noindex/Test/aProject/build/SwiftExplicitPrecompiledModules/_StringProcessing-1O0ZQ2K74RYD5.swiftmodule"]), Task(forTarget: TargetB, ruleInfo: ["Gate", "target-TargetB-T-TargetB-44533--begin-linking"]), Task(forTarget: TargetB, ruleInfo: ["Gate", "target-TargetB-T-TargetB-44533--unsigned-product-ready"]), Task(forTarget: TargetB, ruleInfo: ["MkDir", "/private/var/folders/xr/m5_5rlsd6l9fk2w4ngj13k6m0000gn/T/swbuild.tmp.I9GXyx3j/Data.noindex/Test/aProject/build/Debug/TargetB.framework"]), Task(forTarget: <none>, ruleInfo: ["Gate", "target-TargetB-T-TargetB-44533--ExtensionPointExtractorTaskProducer"]), Task(forTarget: TargetA, ruleInfo: ["WriteAuxiliaryFile", "/private/var/folders/xr/m5_5rlsd6l9fk2w4ngj13k6m0000gn/T/swbuild.tmp.I9GXyx3j/Data.noindex/Test/aProject/build/aProject.build/Debug/TargetA.build/Objects-normal/arm64/TargetA_const_extract_protocols.json"]), Task(forTarget: <none>, ruleInfo: ["Gate", "target-TargetA-T-TargetA-44525--CustomTaskProducer"]), Task(forTarget: <none>, ruleInfo: ["ClangStatCache", "/Applications/Xcode17E.app/Contents/Developer/Toolchains/XcodeDefault.xctoolchain/usr/bin/clang-stat-cache", "/Applications/Xcode17E.app/Contents/Developer/Platforms/MacOSX.platform/Developer/SDKs/MacOSX26.4.sdk", "/private/var/folders/xr/m5_5rlsd6l9fk2w4ngj13k6m0000gn/T/swbuild.tmp.I9GXyx3j/Data.noindex/Test/SDKStatCaches.noindex/macosx26.4-25E260-95aa6cf8f3effd57bda17e0c125410c0.sdkstatcache"]), Task(forTarget: <none>, ruleInfo: ["Gate", "target-TargetB-T-TargetB-44533--TestEntryPointTaskProducerFactory"]), Task(forTarget: TargetA, ruleInfo: ["Gate", "target-TargetA-T-TargetA-44525--immediate"]), Task(forTarget: <none>, ruleInfo: ["CreateBuildDirectory", "/private/var/folders/xr/m5_5rlsd6l9fk2w4ngj13k6m0000gn/T/swbuild.tmp.I9GXyx3j/Data.noindex/Test/aProject/build/Debug"]), Task(forTarget: TargetA, ruleInfo: ["Gate", "target-TargetA-T-TargetA-44525--entry"]), Task(forTarget: <none>, ruleInfo: ["Gate", "target-TargetA-T-TargetA-44525--SwiftStandardLibrariesTaskProducer"]), Task(forTarget: <none>, ruleInfo: ["Gate", "target-TargetA-T-TargetA-44525--TestEntryPointTaskProducerFactory"]), Task(forTarget: TargetA, ruleInfo: ["WriteAuxiliaryFile", "/private/var/folders/xr/m5_5rlsd6l9fk2w4ngj13k6m0000gn/T/swbuild.tmp.I9GXyx3j/Data.noindex/Test/aProject/build/aProject.build/Debug/TargetA.build/TargetA-project-headers.hmap"]), Task(forTarget: <none>, ruleInfo: ["Gate", "target-TargetA-T-TargetA-44525--Barrier-GenerateStubAPI"]), Task(forTarget: TargetA, ruleInfo: ["MkDir", "/private/var/folders/xr/m5_5rlsd6l9fk2w4ngj13k6m0000gn/T/swbuild.tmp.I9GXyx3j/Data.noindex/Test/aProject/build/Debug/TargetA.framework"]), Task(forTarget: TargetB, ruleInfo: ["WriteAuxiliaryFile", "/private/var/folders/xr/m5_5rlsd6l9fk2w4ngj13k6m0000gn/T/swbuild.tmp.I9GXyx3j/Data.noindex/Test/aProject/build/aProject.build/Debug/TargetB.build/TargetB-generated-files.hmap"]), Task(forTarget: TargetB, ruleInfo: ["WriteAuxiliaryFile", "/private/var/folders/xr/m5_5rlsd6l9fk2w4ngj13k6m0000gn/T/swbuild.tmp.I9GXyx3j/Data.noindex/Test/aProject/build/aProject.build/Debug/TargetB.build/Objects-normal/arm64/TargetB_const_extract_protocols.json"]), Task(forTarget: TargetB, ruleInfo: ["MkDir", "/private/var/folders/xr/m5_5rlsd6l9fk2w4ngj13k6m0000gn/T/swbuild.tmp.I9GXyx3j/Data.noindex/Test/aProject/build/Debug/TargetB.framework/Versions"]), Task(forTarget: <none>, ruleInfo: ["Gate", "target-TargetA-T-TargetA-44525--CopySwiftPackageResourcesTaskProducer"]), Task(forTarget: <none>, ruleInfo: ["Gate", "target-TargetA-T-TargetA-44525--Barrier-ChangeAlternatePermissions"]), Task(forTarget: TargetA, ruleInfo: ["SymLink", "/private/var/folders/xr/m5_5rlsd6l9fk2w4ngj13k6m0000gn/T/swbuild.tmp.I9GXyx3j/Data.noindex/Test/aProject/build/EagerLinkingTBDs/Debug/TargetA.framework/TargetA.tbd", "/private/var/folders/xr/m5_5rlsd6l9fk2w4ngj13k6m0000gn/T/swbuild.tmp.I9GXyx3j/Data.noindex/Test/aProject/build/EagerLinkingTBDs/Debug/TargetA.framework/Versions/A/TargetA.tbd"]), Task(forTarget: <none>, ruleInfo: ["Gate", "target-TargetA-T-TargetA-44525--Barrier-RegisterExecutionPolicyException"]), Task(forTarget: <none>, ruleInfo: ["Gate", "target-TargetB-T-TargetB-44533--SwiftPackageCopyFilesTaskProducer"]), Task(forTarget: TargetA, ruleInfo: ["SwiftCompile", "normal", "arm64", "Compiling fileA1.swift", "/private/var/folders/xr/m5_5rlsd6l9fk2w4ngj13k6m0000gn/T/swbuild.tmp.I9GXyx3j/Data.noindex/Test/aProject/Sources/fileA1.swift"]), Task(forTarget: <none>, ruleInfo: ["Gate", "target-TargetB-T-TargetB-44533--Barrier-StripSymbols"]), Task(forTarget: TargetA, ruleInfo: ["WriteAuxiliaryFile", "/private/var/folders/xr/m5_5rlsd6l9fk2w4ngj13k6m0000gn/T/swbuild.tmp.I9GXyx3j/Data.noindex/Test/aProject/build/aProject.build/Debug/TargetA.build/TargetA-all-non-framework-target-headers.hmap"]), Task(forTarget: <none>, ruleInfo: ["Gate", "target-TargetB-T-TargetB-44533--SanitizerTaskProducer"]), Task(forTarget: <none>, ruleInfo: ["Gate", "target-TargetB-T-TargetB-44533--swift-generated-headers"]), Task(forTarget: <none>, ruleInfo: ["Gate", "target-TargetB-T-TargetB-44533--Barrier-RegisterProduct"]), Task(forTarget: <none>, ruleInfo: ["Gate", "target-TargetB-T-TargetB-44533--GeneratedFilesTaskProducer"]), Task(forTarget: <none>, ruleInfo: ["Gate", "target-TargetA-T-TargetA-44525--Barrier-StripSymbols"]), Task(forTarget: TargetB, ruleInfo: ["GenerateTAPI", "/private/var/folders/xr/m5_5rlsd6l9fk2w4ngj13k6m0000gn/T/swbuild.tmp.I9GXyx3j/Data.noindex/Test/aProject/build/EagerLinkingTBDs/Debug/TargetB.framework/Versions/A/TargetB.tbd"]), Task(forTarget: <none>, ruleInfo: ["Gate", "target-TargetA-T-TargetA-44525--GenerateAppPlaygroundAssetCatalogTaskProducer"]), Task(forTarget: <none>, ruleInfo: ["Gate", "target-TargetA-T-TargetA-44525--Barrier-ChangePermissions"]), Task(forTarget: TargetA, ruleInfo: ["WriteAuxiliaryFile", "/private/var/folders/xr/m5_5rlsd6l9fk2w4ngj13k6m0000gn/T/swbuild.tmp.I9GXyx3j/Data.noindex/Test/aProject/build/aProject.build/Debug/TargetA.build/Objects-normal/arm64/TargetA.SwiftConstValuesFileList"]), Task(forTarget: TargetA, ruleInfo: ["MkDir", "/private/var/folders/xr/m5_5rlsd6l9fk2w4ngj13k6m0000gn/T/swbuild.tmp.I9GXyx3j/Data.noindex/Test/aProject/build/Debug/TargetA.framework/Versions"]), Task(forTarget: <none>, ruleInfo: ["Gate", "target-TargetA-T-TargetA-44525--StubBinaryTaskProducer"]), Task(forTarget: <none>, ruleInfo: ["Gate", "target-TargetB-T-TargetB-44533--ProductPostprocessingTaskProducer"]), Task(forTarget: TargetA, ruleInfo: ["WriteAuxiliaryFile", "/private/var/folders/xr/m5_5rlsd6l9fk2w4ngj13k6m0000gn/T/swbuild.tmp.I9GXyx3j/Data.noindex/Test/aProject/build/aProject.build/Debug/TargetA.build/Objects-normal/arm64/TargetA.LinkFileList"]), Task(forTarget: <none>, ruleInfo: ["Gate", "target-TargetA-T-TargetA-44525--ModuleMapTaskProducer"]), Task(forTarget: TargetA, ruleInfo: ["ExtractAppIntentsMetadata"]), Task(forTarget: TargetB, ruleInfo: ["WriteAuxiliaryFile", "/private/var/folders/xr/m5_5rlsd6l9fk2w4ngj13k6m0000gn/T/swbuild.tmp.I9GXyx3j/Data.noindex/Test/aProject/build/aProject.build/Debug/TargetB.build/TargetB.hmap"]), Task(forTarget: TargetA, ruleInfo: ["SymLink", "/private/var/folders/xr/m5_5rlsd6l9fk2w4ngj13k6m0000gn/T/swbuild.tmp.I9GXyx3j/Data.noindex/Test/aProject/build/Debug/TargetA.framework/TargetA", "Versions/Current/TargetA"]), Task(forTarget: TargetB, ruleInfo: ["MkDir", "/private/var/folders/xr/m5_5rlsd6l9fk2w4ngj13k6m0000gn/T/swbuild.tmp.I9GXyx3j/Data.noindex/Test/aProject/build/Debug/TargetB.framework/Versions/A/Headers"]), Task(forTarget: <none>, ruleInfo: ["CreateBuildDirectory", "/private/var/folders/xr/m5_5rlsd6l9fk2w4ngj13k6m0000gn/T/swbuild.tmp.I9GXyx3j/Data.noindex/Test/aProject/build/ExplicitPrecompiledModules"]), Task(forTarget: <none>, ruleInfo: ["Gate", "target-TargetA-T-TargetA-44525--RealityAssetsTaskProducer"]), Task(forTarget: <none>, ruleInfo: ["Gate", "target-TargetA-T-TargetA-44525--TestHostTaskProducer"]), Task(forTarget: TargetA, ruleInfo: ["Gate", "target-TargetA-T-TargetA-44525--will-sign"]), Task(forTarget: <none>, ruleInfo: ["CreateBuildDirectory", "/private/var/folders/xr/m5_5rlsd6l9fk2w4ngj13k6m0000gn/T/swbuild.tmp.I9GXyx3j/Data.noindex/Test/aProject/build/SharedPrecompiledHeaders"]), Task(forTarget: TargetA, ruleInfo: ["WriteAuxiliaryFile", "/private/var/folders/xr/m5_5rlsd6l9fk2w4ngj13k6m0000gn/T/swbuild.tmp.I9GXyx3j/Data.noindex/Test/aProject/build/aProject.build/Debug/TargetA.build/TargetA.hmap"]), Task(forTarget: TargetA, ruleInfo: ["SymLink", "/private/var/folders/xr/m5_5rlsd6l9fk2w4ngj13k6m0000gn/T/swbuild.tmp.I9GXyx3j/Data.noindex/Test/aProject/build/Debug/TargetA.framework/Modules", "Versions/Current/Modules"]), Task(forTarget: <none>, ruleInfo: ["Gate", "target-TargetA-T-TargetA-44525--copy-headers-completion"]), Task(forTarget: <none>, ruleInfo: ["Gate", "target-TargetA-T-TargetA-44525--fused-phase0-compile-sources"]), Task(forTarget: <none>, ruleInfo: ["Gate", "WorkspaceHeaderMapVFSFilesWritten"]), Task(forTarget: TargetB, ruleInfo: ["SymLink", "/private/var/folders/xr/m5_5rlsd6l9fk2w4ngj13k6m0000gn/T/swbuild.tmp.I9GXyx3j/Data.noindex/Test/aProject/build/Debug/TargetB.framework/Headers", "Versions/Current/Headers"]), Task(forTarget: TargetB, ruleInfo: ["SwiftDriver Compilation Requirements", "TargetB", "normal", "arm64", "com.apple.xcode.tools.swift.compiler"]), Task(forTarget: <none>, ruleInfo: ["Gate", "target-TargetA-T-TargetA-44525--Barrier-RegisterProduct"]), Task(forTarget: TargetB, ruleInfo: ["Gate", "target-TargetB-T-TargetB-44533--modules-ready"]), Task(forTarget: <none>, ruleInfo: ["CreateBuildDirectory", "/private/var/folders/xr/m5_5rlsd6l9fk2w4ngj13k6m0000gn/T/swbuild.tmp.I9GXyx3j/Data.noindex/Test/aProject/build/EagerLinkingTBDs/Debug"]), Task(forTarget: TargetB, ruleInfo: ["WriteAuxiliaryFile", "/private/var/folders/xr/m5_5rlsd6l9fk2w4ngj13k6m0000gn/T/swbuild.tmp.I9GXyx3j/Data.noindex/Test/aProject/build/aProject.build/Debug/TargetB.build/TargetB-all-target-headers.hmap"]), Task(forTarget: <none>, ruleInfo: ["Gate", "target-TargetB-T-TargetB-44533--ModuleVerifierTaskProducer"]), Task(forTarget: TargetA, ruleInfo: ["Gate", "target-TargetA-T-TargetA-44525--begin-scanning"]), Task(forTarget: TargetB, ruleInfo: ["Gate", "target-TargetB-T-TargetB-44533--immediate"]), Task(forTarget: TargetA, ruleInfo: ["GenerateTAPI", "/private/var/folders/xr/m5_5rlsd6l9fk2w4ngj13k6m0000gn/T/swbuild.tmp.I9GXyx3j/Data.noindex/Test/aProject/build/EagerLinkingTBDs/Debug/TargetA.framework/Versions/A/TargetA.tbd"]), Task(forTarget: TargetB, ruleInfo: ["SymLink", "/private/var/folders/xr/m5_5rlsd6l9fk2w4ngj13k6m0000gn/T/swbuild.tmp.I9GXyx3j/Data.noindex/Test/aProject/build/Debug/TargetB.framework/TargetB", "Versions/Current/TargetB"]), Task(forTarget: TargetB, ruleInfo: ["SwiftCompile", "normal", "arm64", "Compiling fileB2.swift", "/private/var/folders/xr/m5_5rlsd6l9fk2w4ngj13k6m0000gn/T/swbuild.tmp.I9GXyx3j/Data.noindex/Test/aProject/Sources/fileB2.swift"])]
↳ Occasionally fails in CI due to SwiftExplicitDependencyCompileModuleFromInterface missing from the dependency graph
━ Test swiftEagerCompilationWithExplicitModules() recorded a known issue at SwiftDriverTests.swift:3600:55: Issue recorded
↳ Task Task(forTarget: TargetB, ruleInfo: ["SwiftEmitModule", "normal", "arm64", "Emitting module for TargetB"]) does not follow any tasks matching [Rule matches [SWBTestSupport.StringPattern.equal("SwiftExplicitDependencyGeneratePcm"), SWBTestSupport.StringPattern.equal("normal"), SWBTestSupport.StringPattern.equal("arm64"), SWBTestSupport.StringPattern.contains("_SwiftConcurrencyShims-")]]. Found: [] in [Task(forTarget: <none>, ruleInfo: ["Gate", "target-TargetA-T-TargetA-44525--Barrier-CopyAside"]), Task(forTarget: <none>, ruleInfo: ["Gate", "target-TargetA-T-TargetA-44525--InfoPlistTaskProducer"]), Task(forTarget: <none>, ruleInfo: ["Gate", "target-TargetB-T-TargetB-44533--Barrier-ChangeAlternatePermissions"]), Task(forTarget: <none>, ruleInfo: ["Gate", "target-TargetA-T-TargetA-44525--swift-generated-headers"]), Task(forTarget: TargetB, ruleInfo: ["ExtractAppIntentsMetadata"]), Task(forTarget: TargetB, ruleInfo: ["SwiftDriver", "TargetB", "normal", "arm64", "com.apple.xcode.tools.swift.compiler"]), Task(forTarget: TargetB, ruleInfo: ["WriteAuxiliaryFile", "/private/var/folders/xr/m5_5rlsd6l9fk2w4ngj13k6m0000gn/T/swbuild.tmp.I9GXyx3j/Data.noindex/Test/aProject/build/aProject.build/Debug/TargetB.build/TargetB-own-target-headers.hmap"]), Task(forTarget: TargetA, ruleInfo: ["WriteAuxiliaryFile", "/private/var/folders/xr/m5_5rlsd6l9fk2w4ngj13k6m0000gn/T/swbuild.tmp.I9GXyx3j/Data.noindex/Test/aProject/build/aProject.build/Debug/TargetA.build/TargetA-generated-files.hmap"]), Task(forTarget: TargetA, ruleInfo: ["SwiftDriver Compilation", "TargetA", "normal", "arm64", "com.apple.xcode.tools.swift.compiler"]), Task(forTarget: TargetA, ruleInfo: ["Ld", "/private/var/folders/xr/m5_5rlsd6l9fk2w4ngj13k6m0000gn/T/swbuild.tmp.I9GXyx3j/Data.noindex/Test/aProject/build/Debug/TargetA.framework/Versions/A/TargetA", "normal"]), Task(forTarget: <none>, ruleInfo: ["SwiftExplicitDependencyCompileModuleFromInterface", "arm64", "/private/var/folders/xr/m5_5rlsd6l9fk2w4ngj13k6m0000gn/T/swbuild.tmp.I9GXyx3j/Data.noindex/Test/aProject/build/SwiftExplicitPrecompiledModules/Swift-NBB0GQDQYZZH.swiftmodule"]), Task(forTarget: TargetB, ruleInfo: ["SwiftMergeGeneratedHeaders", "/private/var/folders/xr/m5_5rlsd6l9fk2w4ngj13k6m0000gn/T/swbuild.tmp.I9GXyx3j/Data.noindex/Test/aProject/build/Debug/TargetB.framework/Versions/A/Headers/TargetB-Swift.h", "/private/var/folders/xr/m5_5rlsd6l9fk2w4ngj13k6m0000gn/T/swbuild.tmp.I9GXyx3j/Data.noindex/Test/aProject/build/aProject.build/Debug/TargetB.build/Objects-normal/arm64/TargetB-Swift.h"]), Task(forTarget: <none>, ruleInfo: ["Gate", "target-TargetB-T-TargetB-44533--TestHostTaskProducer"]), Task(forTarget: TargetB, ruleInfo: ["WriteAuxiliaryFile", "/private/var/folders/xr/m5_5rlsd6l9fk2w4ngj13k6m0000gn/T/swbuild.tmp.I9GXyx3j/Data.noindex/Test/aProject/build/aProject.build/Debug/TargetB.build/Objects-normal/arm64/TargetB.SwiftConstValuesFileList"]), Task(forTarget: <none>, ruleInfo: ["Gate", "target-TargetB-T-TargetB-44533--ModuleMapTaskProducer"]), Task(forTarget: <none>, ruleInfo: ["Gate", "target-TargetB-T-TargetB-44533--SwiftFrameworkABICheckerTaskProducer"]), Task(forTarget: <none>, ruleInfo: ["Gate", "target-TargetB-T-TargetB-44533--Barrier-ChangePermissions"]), Task(forTarget: TargetB, ruleInfo: ["Gate", "target-TargetB-T-TargetB-44533--begin-compiling"]), Task(forTarget: <none>, ruleInfo: ["Gate", "target-TargetB-T-TargetB-44533--TestTargetTaskProducer"]), Task(forTarget: <none>, ruleInfo: ["Gate", "target-TargetB-T-TargetB-44533--TAPISymbolExtractorTaskProducer"]), Task(forTarget: <none>, ruleInfo: ["Gate", "target-TargetB-T-TargetB-44533--HeadermapTaskProducer"]), Task(forTarget: TargetB, ruleInfo: ["Ld", "/private/var/folders/xr/m5_5rlsd6l9fk2w4ngj13k6m0000gn/T/swbuild.tmp.I9GXyx3j/Data.noindex/Test/aProject/build/Debug/TargetB.framework/Versions/A/TargetB", "normal"]), Task(forTarget: TargetB, ruleInfo: ["WriteAuxiliaryFile", "/private/var/folders/xr/m5_5rlsd6l9fk2w4ngj13k6m0000gn/T/swbuild.tmp.I9GXyx3j/Data.noindex/Test/aProject/build/aProject.build/Debug/TargetB.build/Objects-normal/arm64/TargetB.LinkFileList"]), Task(forTarget: <none>, ruleInfo: ["Gate", "target-TargetB-T-TargetB-44533--TestTargetPostprocessingTaskProducer"]), Task(forTarget: <none>, ruleInfo: ["SwiftExplicitDependencyGeneratePcm", "arm64", "/private/var/folders/xr/m5_5rlsd6l9fk2w4ngj13k6m0000gn/T/swbuild.tmp.I9GXyx3j/Data.noindex/Test/aProject/build/SwiftExplicitPrecompiledModules/_SwiftConcurrencyShims-AIZW70LS1W2L0PXECXLASUUHS.pcm"]), Task(forTarget: TargetA, ruleInfo: ["SymLink", "/private/var/folders/xr/m5_5rlsd6l9fk2w4ngj13k6m0000gn/T/swbuild.tmp.I9GXyx3j/Data.noindex/Test/aProject/build/Debug/TargetA.framework/Versions/Current", "A"]), Task(forTarget: <none>, ruleInfo: ["CreateBuildDirectory", "/private/var/folders/xr/m5_5rlsd6l9fk2w4ngj13k6m0000gn/T/swbuild.tmp.I9GXyx3j/Data.noindex/Test/aProject/build"]), Task(forTarget: TargetB, ruleInfo: ["WriteAuxiliaryFile", "/private/var/folders/xr/m5_5rlsd6l9fk2w4ngj13k6m0000gn/T/swbuild.tmp.I9GXyx3j/Data.noindex/Test/aProject/build/aProject.build/Debug/TargetB.build/TargetB.DependencyMetadataFileList"]), Task(forTarget: TargetA, ruleInfo: ["WriteAuxiliaryFile", "/private/var/folders/xr/m5_5rlsd6l9fk2w4ngj13k6m0000gn/T/swbuild.tmp.I9GXyx3j/Data.noindex/Test/aProject/build/aProject.build/Debug/TargetA.build/TargetA.DependencyMetadataFileList"]), Task(forTarget: <none>, ruleInfo: ["Gate", "target-TargetB-T-TargetB-44533--AppExtensionInfoPlistGeneratorTaskProducer"]), Task(forTarget: <none>, ruleInfo: ["Gate", "target-TargetA-T-TargetA-44525--SwiftABIBaselineGenerationTaskProducer"]), Task(forTarget: <none>, ruleInfo: ["Gate", "target-TargetA-T-TargetA-44525--Barrier-Validate"]), Task(forTarget: <none>, ruleInfo: ["SwiftExplicitDependencyGeneratePcm", "arm64", "/private/var/folders/xr/m5_5rlsd6l9fk2w4ngj13k6m0000gn/T/swbuild.tmp.I9GXyx3j/Data.noindex/Test/aProject/build/SwiftExplicitPrecompiledModules/SwiftShims-1XRNFTFX3SVGVJQLDAOI208RW.pcm"]), Task(forTarget: TargetA, ruleInfo: ["SymLink", "/private/var/folders/xr/m5_5rlsd6l9fk2w4ngj13k6m0000gn/T/swbuild.tmp.I9GXyx3j/Data.noindex/Test/aProject/build/Debug/TargetA.framework/Headers", "Versions/Current/Headers"]), Task(forTarget: <none>, ruleInfo: ["Gate", "target-TargetA-T-TargetA-44525--generated-headers"]), Task(forTarget: TargetB, ruleInfo: ["SymLink", "/private/var/folders/xr/m5_5rlsd6l9fk2w4ngj13k6m0000gn/T/swbuild.tmp.I9GXyx3j/Data.noindex/Test/aProject/build/Debug/TargetB.framework/Modules", "Versions/Current/Modules"]), Task(forTarget: <none>, ruleInfo: ["WriteAuxiliaryFile", "/private/var/folders/xr/m5_5rlsd6l9fk2w4ngj13k6m0000gn/T/swbuild.tmp.I9GXyx3j/Data.noindex/Test/aProject/build/aProject.build/Debug/aProject-P44536-VFS/all-product-headers.yaml"]), Task(forTarget: <none>, ruleInfo: ["Gate", "target-TargetA-T-TargetA-44525--TAPISymbolExtractorTaskProducer"]), Task(forTarget: <none>, ruleInfo: ["Gate", "target-TargetA-T-TargetA-44525--TestTargetTaskProducer"]), Task(forTarget: <none>, ruleInfo: ["Gate", "target-TargetB-T-TargetB-44533--CopySwiftPackageResourcesTaskProducer"]), Task(forTarget: <none>, ruleInfo: ["Gate", "target-TargetB-T-TargetB-44533--AppIntentsMetadataTaskProducer"]), Task(forTarget: TargetA, ruleInfo: ["WriteAuxiliaryFile", "/private/var/folders/xr/m5_5rlsd6l9fk2w4ngj13k6m0000gn/T/swbuild.tmp.I9GXyx3j/Data.noindex/Test/aProject/build/aProject.build/Debug/TargetA.build/TargetA-all-target-headers.hmap"]), Task(forTarget: TargetB, ruleInfo: ["MkDir", "/private/var/folders/xr/m5_5rlsd6l9fk2w4ngj13k6m0000gn/T/swbuild.tmp.I9GXyx3j/Data.noindex/Test/aProject/build/Debug/TargetB.framework/Versions/A"]), Task(forTarget: <none>, ruleInfo: ["Gate", "target-TargetB-T-TargetB-44533--CustomTaskProducer"]), Task(forTarget: TargetB, ruleInfo: ["WriteAuxiliaryFile", "/private/var/folders/xr/m5_5rlsd6l9fk2w4ngj13k6m0000gn/T/swbuild.tmp.I9GXyx3j/Data.noindex/Test/aProject/build/aProject.build/Debug/TargetB.build/Objects-normal/arm64/TargetB.SwiftFileList"]), Task(forTarget: TargetB, ruleInfo: ["WriteAuxiliaryFile", "/private/var/folders/xr/m5_5rlsd6l9fk2w4ngj13k6m0000gn/T/swbuild.tmp.I9GXyx3j/Data.noindex/Test/aProject/build/aProject.build/Debug/TargetB.build/Objects-normal/arm64/TargetB-OutputFileMap.json"]), Task(forTarget: TargetA, ruleInfo: ["MkDir", "/private/var/folders/xr/m5_5rlsd6l9fk2w4ngj13k6m0000gn/T/swbuild.tmp.I9GXyx3j/Data.noindex/Test/aProject/build/Debug/TargetA.framework/Versions/A/Headers"]), Task(forTarget: <none>, ruleInfo: ["Gate", "target-TargetB-T-TargetB-44533--StubBinaryTaskProducer"]), Task(forTarget: <none>, ruleInfo: ["Gate", "target-TargetB-T-TargetB-44533--DocumentationTaskProducer"]), Task(forTarget: TargetA, ruleInfo: ["SwiftDriver", "TargetA", "normal", "arm64", "com.apple.xcode.tools.swift.compiler"]), Task(forTarget: <none>, ruleInfo: ["Gate", "target-TargetB-T-TargetB-44533--GenerateAppPlaygroundAssetCatalogTaskProducer"]), Task(forTarget: <none>, ruleInfo: ["Gate", "target-TargetA-T-TargetA-44525--Barrier-CodeSign"]), Task(forTarget: <none>, ruleInfo: ["Gate", "target-TargetA-T-TargetA-44525--AppExtensionInfoPlistGeneratorTaskProducer"]), Task(forTarget: TargetB, ruleInfo: ["Gate", "target-TargetB-T-TargetB-44533--entry"]), Task(forTarget: TargetB, ruleInfo: ["Gate", "target-TargetB-T-TargetB-44533--will-sign"]), Task(forTarget: <none>, ruleInfo: ["Gate", "target-TargetB-T-TargetB-44533--Barrier-CopyAside"]), Task(forTarget: <none>, ruleInfo: ["Gate", "target-TargetA-T-TargetA-44525--ProductStructureTaskProducer"]), Task(forTarget: TargetA, ruleInfo: ["Gate", "target-TargetA-T-TargetA-44525--begin-linking"]), Task(forTarget: TargetB, ruleInfo: ["Copy", "/private/var/folders/xr/m5_5rlsd6l9fk2w4ngj13k6m0000gn/T/swbuild.tmp.I9GXyx3j/Data.noindex/Test/aProject/build/Debug/TargetB.framework/Versions/A/Modules/TargetB.swiftmodule/arm64-apple-macos.swiftdoc", "/private/var/folders/xr/m5_5rlsd6l9fk2w4ngj13k6m0000gn/T/swbuild.tmp.I9GXyx3j/Data.noindex/Test/aProject/build/aProject.build/Debug/TargetB.build/Objects-normal/arm64/TargetB.swiftdoc"]), Task(forTarget: TargetB, ruleInfo: ["Copy", "/private/var/folders/xr/m5_5rlsd6l9fk2w4ngj13k6m0000gn/T/swbuild.tmp.I9GXyx3j/Data.noindex/Test/aProject/build/Debug/TargetB.framework/Versions/A/Modules/TargetB.swiftmodule/arm64-apple-macos.swiftmodule", "/private/var/folders/xr/m5_5rlsd6l9fk2w4ngj13k6m0000gn/T/swbuild.tmp.I9GXyx3j/Data.noindex/Test/aProject/build/aProject.build/Debug/TargetB.build/Objects-normal/arm64/TargetB.swiftmodule"]), Task(forTarget: TargetB, ruleInfo: ["SymLink", "/private/var/folders/xr/m5_5rlsd6l9fk2w4ngj13k6m0000gn/T/swbuild.tmp.I9GXyx3j/Data.noindex/Test/aProject/build/EagerLinkingTBDs/Debug/TargetB.framework/TargetB.tbd", "/private/var/folders/xr/m5_5rlsd6l9fk2w4ngj13k6m0000gn/T/swbuild.tmp.I9GXyx3j/Data.noindex/Test/aProject/build/EagerLinkingTBDs/Debug/TargetB.framework/Versions/A/TargetB.tbd"]), Task(forTarget: TargetA, ruleInfo: ["SwiftMergeGeneratedHeaders", "/private/var/folders/xr/m5_5rlsd6l9fk2w4ngj13k6m0000gn/T/swbuild.tmp.I9GXyx3j/Data.noindex/Test/aProject/build/Debug/TargetA.framework/Versions/A/Headers/TargetA-Swift.h", "/private/var/folders/xr/m5_5rlsd6l9fk2w4ngj13k6m0000gn/T/swbuild.tmp.I9GXyx3j/Data.noindex/Test/aProject/build/aProject.build/Debug/TargetA.build/Objects-normal/arm64/TargetA-Swift.h"]), Task(forTarget: <none>, ruleInfo: ["SwiftExplicitDependencyCompileModuleFromInterface", "arm64", "/private/var/folders/xr/m5_5rlsd6l9fk2w4ngj13k6m0000gn/T/swbuild.tmp.I9GXyx3j/Data.noindex/Test/aProject/build/SwiftExplicitPrecompiledModules/_Concurrency-CB34E6W1YOX6.swiftmodule"]), Task(forTarget: TargetA, ruleInfo: ["Gate", "target-TargetA-T-TargetA-44525--unsigned-product-ready"]), Task(forTarget: TargetA, ruleInfo: ["Gate", "target-TargetA-T-TargetA-44525--end"]), Task(forTarget: <none>, ruleInfo: ["Gate", "target-TargetA-T-TargetA-44525--ExtensionPointExtractorTaskProducer"]), Task(forTarget: TargetB, ruleInfo: ["Touch", "/private/var/folders/xr/m5_5rlsd6l9fk2w4ngj13k6m0000gn/T/swbuild.tmp.I9GXyx3j/Data.noindex/Test/aProject/build/Debug/TargetB.framework"]), Task(forTarget: TargetB, ruleInfo: ["Gate", "target-TargetB-T-TargetB-44533--linker-inputs-ready"]), Task(forTarget: TargetA, ruleInfo: ["WriteAuxiliaryFile", "/private/var/folders/xr/m5_5rlsd6l9fk2w4ngj13k6m0000gn/T/swbuild.tmp.I9GXyx3j/Data.noindex/Test/aProject/build/aProject.build/Debug/TargetA.build/Objects-normal/arm64/TargetA.SwiftFileList"]), Task(forTarget: TargetB, ruleInfo: ["WriteAuxiliaryFile", "/private/var/folders/xr/m5_5rlsd6l9fk2w4ngj13k6m0000gn/T/swbuild.tmp.I9GXyx3j/Data.noindex/Test/aProject/build/aProject.build/Debug/TargetB.build/TargetB-project-headers.hmap"]), Task(forTarget: <none>, ruleInfo: ["Gate", "target-TargetB-T-TargetB-44533--copy-headers-completion"]), Task(forTarget: <none>, ruleInfo: ["Gate", "target-TargetB-T-TargetB-44533--Barrier-Validate"]), Task(forTarget: TargetB, ruleInfo: ["Copy", "/private/var/folders/xr/m5_5rlsd6l9fk2w4ngj13k6m0000gn/T/swbuild.tmp.I9GXyx3j/Data.noindex/Test/aProject/build/Debug/TargetB.framework/Versions/A/Modules/TargetB.swiftmodule/arm64-apple-macos.abi.json", "/private/var/folders/xr/m5_5rlsd6l9fk2w4ngj13k6m0000gn/T/swbuild.tmp.I9GXyx3j/Data.noindex/Test/aProject/build/aProject.build/Debug/TargetB.build/Objects-normal/arm64/TargetB.abi.json"]), Task(forTarget: TargetA, ruleInfo: ["WriteAuxiliaryFile", "/private/var/folders/xr/m5_5rlsd6l9fk2w4ngj13k6m0000gn/T/swbuild.tmp.I9GXyx3j/Data.noindex/Test/aProject/build/aProject.build/Debug/TargetA.build/TargetA-own-target-headers.hmap"]), Task(forTarget: TargetB, ruleInfo: ["Gate", "target-TargetB-T-TargetB-44533--begin-scanning"]), Task(forTarget: TargetA, ruleInfo: ["WriteAuxiliaryFile", "/private/var/folders/xr/m5_5rlsd6l9fk2w4ngj13k6m0000gn/T/swbuild.tmp.I9GXyx3j/Data.noindex/Test/aProject/build/aProject.build/Debug/TargetA.build/TargetA.DependencyStaticMetadataFileList"]), Task(forTarget: <none>, ruleInfo: ["Gate", "target-TargetA-T-TargetA-44525--ModuleVerifierTaskProducer"]), Task(forTarget: TargetA, ruleInfo: ["SwiftCompile", "normal", "arm64", "Compiling fileA2.swift", "/private/var/folders/xr/m5_5rlsd6l9fk2w4ngj13k6m0000gn/T/swbuild.tmp.I9GXyx3j/Data.noindex/Test/aProject/Sources/fileA2.swift"]), Task(forTarget: TargetA, ruleInfo: ["Copy", "/private/var/folders/xr/m5_5rlsd6l9fk2w4ngj13k6m0000gn/T/swbuild.tmp.I9GXyx3j/Data.noindex/Test/aProject/build/Debug/TargetA.framework/Versions/A/Modules/TargetA.swiftmodule/arm64-apple-macos.swiftmodule", "/private/var/folders/xr/m5_5rlsd6l9fk2w4ngj13k6m0000gn/T/swbuild.tmp.I9GXyx3j/Data.noindex/Test/aProject/build/aProject.build/Debug/TargetA.build/Objects-normal/arm64/TargetA.swiftmodule"]), Task(forTarget: TargetA, ruleInfo: ["Gate", "target-TargetA-T-TargetA-44525--modules-ready"]), Task(forTarget: TargetB, ruleInfo: ["SwiftCompile", "normal", "arm64", "Compiling fileB1.swift", "/private/var/folders/xr/m5_5rlsd6l9fk2w4ngj13k6m0000gn/T/swbuild.tmp.I9GXyx3j/Data.noindex/Test/aProject/Sources/fileB1.swift"]), Task(forTarget: <none>, ruleInfo: ["Gate", "target-TargetB-T-TargetB-44533--Barrier-CodeSign"]), Task(forTarget: <none>, ruleInfo: ["Gate", "target-TargetB-T-TargetB-44533--generated-headers"]), Task(forTarget: <none>, ruleInfo: ["CreateBuildDirectory", "/private/var/folders/xr/m5_5rlsd6l9fk2w4ngj13k6m0000gn/T/swbuild.tmp.I9GXyx3j/Data.noindex/Test/aProject/build/SwiftExplicitPrecompiledModules"]), Task(forTarget: <none>, ruleInfo: ["Gate", "target-TargetA-T-TargetA-44525--SanitizerTaskProducer"]), Task(forTarget: TargetA, ruleInfo: ["SwiftDriver Compilation Requirements", "TargetA", "normal", "arm64", "com.apple.xcode.tools.swift.compiler"]), Task(forTarget: <none>, ruleInfo: ["CreateBuildDirectory", "/var/folders/xr/m5_5rlsd6l9fk2w4ngj13k6m0000gn/C/com.apple.DeveloperTools/26.4.1-17E202/Xcode/CompilationCache.noindex"]), Task(forTarget: <none>, ruleInfo: ["Gate", "target-TargetA-T-TargetA-44525--AppIntentsMetadataTaskProducer"]), Task(forTarget: TargetB, ruleInfo: ["SymLink", "/private/var/folders/xr/m5_5rlsd6l9fk2w4ngj13k6m0000gn/T/swbuild.tmp.I9GXyx3j/Data.noindex/Test/aProject/build/Debug/TargetB.framework/Versions/Current", "A"]), Task(forTarget: TargetA, ruleInfo: ["Copy", "/private/var/folders/xr/m5_5rlsd6l9fk2w4ngj13k6m0000gn/T/swbuild.tmp.I9GXyx3j/Data.noindex/Test/aProject/build/Debug/TargetA.framework/Versions/A/Modules/TargetA.swiftmodule/arm64-apple-macos.swiftdoc", "/private/var/folders/xr/m5_5rlsd6l9fk2w4ngj13k6m0000gn/T/swbuild.tmp.I9GXyx3j/Data.noindex/Test/aProject/build/aProject.build/Debug/TargetA.build/Objects-normal/arm64/TargetA.swiftdoc"]), Task(forTarget: TargetA, ruleInfo: ["RegisterExecutionPolicyException", "/private/var/folders/xr/m5_5rlsd6l9fk2w4ngj13k6m0000gn/T/swbuild.tmp.I9GXyx3j/Data.noindex/Test/aProject/build/Debug/TargetA.framework"]), Task(forTarget: <none>, ruleInfo: ["Gate", "target-TargetA-T-TargetA-44525--SwiftPackageCopyFilesTaskProducer"]), Task(forTarget: TargetA, ruleInfo: ["Copy", "/private/var/folders/xr/m5_5rlsd6l9fk2w4ngj13k6m0000gn/T/swbuild.tmp.I9GXyx3j/Data.noindex/Test/aProject/build/Debug/TargetA.framework/Versions/A/Modules/TargetA.swiftmodule/arm64-apple-macos.abi.json", "/private/var/folders/xr/m5_5rlsd6l9fk2w4ngj13k6m0000gn/T/swbuild.tmp.I9GXyx3j/Data.noindex/Test/aProject/build/aProject.build/Debug/TargetA.build/Objects-normal/arm64/TargetA.abi.json"]), Task(forTarget: TargetB, ruleInfo: ["SwiftEmitModule", "normal", "arm64", "Emitting module for TargetB"]), Task(forTarget: TargetA, ruleInfo: ["Touch", "/private/var/folders/xr/m5_5rlsd6l9fk2w4ngj13k6m0000gn/T/swbuild.tmp.I9GXyx3j/Data.noindex/Test/aProject/build/Debug/TargetA.framework"]), Task(forTarget: TargetA, ruleInfo: ["Gate", "target-TargetA-T-TargetA-44525--linker-inputs-ready"]), Task(forTarget: <none>, ruleInfo: ["Gate", "target-TargetB-T-TargetB-44533--ProductStructureTaskProducer"]), Task(forTarget: TargetB, ruleInfo: ["SwiftDriver Compilation", "TargetB", "normal", "arm64", "com.apple.xcode.tools.swift.compiler"]), Task(forTarget: <none>, ruleInfo: ["Gate", "target-TargetB-T-TargetB-44533--Barrier-RegisterExecutionPolicyException"]), Task(forTarget: TargetA, ruleInfo: ["WriteAuxiliaryFile", "/private/var/folders/xr/m5_5rlsd6l9fk2w4ngj13k6m0000gn/T/swbuild.tmp.I9GXyx3j/Data.noindex/Test/aProject/build/aProject.build/Debug/TargetA.build/Objects-normal/arm64/TargetA-OutputFileMap.json"]), Task(forTarget: <none>, ruleInfo: ["Gate", "target-TargetA-T-TargetA-44525--HeadermapTaskProducer"]), Task(forTarget: TargetB, ruleInfo: ["WriteAuxiliaryFile", "/private/var/folders/xr/m5_5rlsd6l9fk2w4ngj13k6m0000gn/T/swbuild.tmp.I9GXyx3j/Data.noindex/Test/aProject/build/aProject.build/Debug/TargetB.build/TargetB.DependencyStaticMetadataFileList"]), Task(forTarget: TargetA, ruleInfo: ["Gate", "target-TargetA-T-TargetA-44525--begin-compiling"]), Task(forTarget: <none>, ruleInfo: ["Gate", "target-TargetA-T-TargetA-44525--GeneratedFilesTaskProducer"]), Task(forTarget: <none>, ruleInfo: ["Gate", "target-TargetA-T-TargetA-44525--DocumentationTaskProducer"]), Task(forTarget: <none>, ruleInfo: ["Gate", "target-TargetB-T-TargetB-44533--InfoPlistTaskProducer"]), Task(forTarget: <none>, ruleInfo: ["Gate", "target-TargetA-T-TargetA-44525--SwiftFrameworkABICheckerTaskProducer"]), Task(forTarget: TargetB, ruleInfo: ["Gate", "target-TargetB-T-TargetB-44533--end"]), Task(forTarget: TargetA, ruleInfo: ["MkDir", "/private/var/folders/xr/m5_5rlsd6l9fk2w4ngj13k6m0000gn/T/swbuild.tmp.I9GXyx3j/Data.noindex/Test/aProject/build/Debug/TargetA.framework/Versions/A"]), Task(forTarget: <none>, ruleInfo: ["Gate", "target-TargetB-T-TargetB-44533--fused-phase0-compile-sources&link-binary"]), Task(forTarget: <none>, ruleInfo: ["Gate", "target-TargetB-T-TargetB-44533--SwiftStandardLibrariesTaskProducer"]), Task(forTarget: <none>, ruleInfo: ["Gate", "target-TargetB-T-TargetB-44533--SwiftABIBaselineGenerationTaskProducer"]), Task(forTarget: <none>, ruleInfo: ["Gate", "target-TargetA-T-TargetA-44525--TestTargetPostprocessingTaskProducer"]), Task(forTarget: <none>, ruleInfo: ["Gate", "target-TargetA-T-TargetA-44525--ProductPostprocessingTaskProducer"]), Task(forTarget: <none>, ruleInfo: ["Gate", "target-TargetB-T-TargetB-44533--RealityAssetsTaskProducer"]), Task(forTarget: TargetA, ruleInfo: ["Copy", "/private/var/folders/xr/m5_5rlsd6l9fk2w4ngj13k6m0000gn/T/swbuild.tmp.I9GXyx3j/Data.noindex/Test/aProject/build/Debug/TargetA.framework/Versions/A/Modules/TargetA.swiftmodule/Project/arm64-apple-macos.swiftsourceinfo", "/private/var/folders/xr/m5_5rlsd6l9fk2w4ngj13k6m0000gn/T/swbuild.tmp.I9GXyx3j/Data.noindex/Test/aProject/build/aProject.build/Debug/TargetA.build/Objects-normal/arm64/TargetA.swiftsourceinfo"]), Task(forTarget: TargetB, ruleInfo: ["Copy", "/private/var/folders/xr/m5_5rlsd6l9fk2w4ngj13k6m0000gn/T/swbuild.tmp.I9GXyx3j/Data.noindex/Test/aProject/build/Debug/TargetB.framework/Versions/A/Modules/TargetB.swiftmodule/Project/arm64-apple-macos.swiftsourceinfo", "/private/var/folders/xr/m5_5rlsd6l9fk2w4ngj13k6m0000gn/T/swbuild.tmp.I9GXyx3j/Data.noindex/Test/aProject/build/aProject.build/Debug/TargetB.build/Objects-normal/arm64/TargetB.swiftsourceinfo"]), Task(forTarget: TargetB, ruleInfo: ["WriteAuxiliaryFile", "/private/var/folders/xr/m5_5rlsd6l9fk2w4ngj13k6m0000gn/T/swbuild.tmp.I9GXyx3j/Data.noindex/Test/aProject/build/aProject.build/Debug/TargetB.build/TargetB-all-non-framework-target-headers.hmap"]), Task(forTarget: <none>, ruleInfo: ["Gate", "target-TargetB-T-TargetB-44533--Barrier-GenerateStubAPI"]), Task(forTarget: TargetB, ruleInfo: ["RegisterExecutionPolicyException", "/private/var/folders/xr/m5_5rlsd6l9fk2w4ngj13k6m0000gn/T/swbuild.tmp.I9GXyx3j/Data.noindex/Test/aProject/build/Debug/TargetB.framework"]), Task(forTarget: TargetA, ruleInfo: ["SwiftEmitModule", "normal", "arm64", "Emitting module for TargetA"]), Task(forTarget: <none>, ruleInfo: ["SwiftExplicitDependencyCompileModuleFromInterface", "arm64", "/private/var/folders/xr/m5_5rlsd6l9fk2w4ngj13k6m0000gn/T/swbuild.tmp.I9GXyx3j/Data.noindex/Test/aProject/build/SwiftExplicitPrecompiledModules/_StringProcessing-1O0ZQ2K74RYD5.swiftmodule"]), Task(forTarget: TargetB, ruleInfo: ["Gate", "target-TargetB-T-TargetB-44533--begin-linking"]), Task(forTarget: TargetB, ruleInfo: ["Gate", "target-TargetB-T-TargetB-44533--unsigned-product-ready"]), Task(forTarget: TargetB, ruleInfo: ["MkDir", "/private/var/folders/xr/m5_5rlsd6l9fk2w4ngj13k6m0000gn/T/swbuild.tmp.I9GXyx3j/Data.noindex/Test/aProject/build/Debug/TargetB.framework"]), Task(forTarget: <none>, ruleInfo: ["Gate", "target-TargetB-T-TargetB-44533--ExtensionPointExtractorTaskProducer"]), Task(forTarget: TargetA, ruleInfo: ["WriteAuxiliaryFile", "/private/var/folders/xr/m5_5rlsd6l9fk2w4ngj13k6m0000gn/T/swbuild.tmp.I9GXyx3j/Data.noindex/Test/aProject/build/aProject.build/Debug/TargetA.build/Objects-normal/arm64/TargetA_const_extract_protocols.json"]), Task(forTarget: <none>, ruleInfo: ["Gate", "target-TargetA-T-TargetA-44525--CustomTaskProducer"]), Task(forTarget: <none>, ruleInfo: ["ClangStatCache", "/Applications/Xcode17E.app/Contents/Developer/Toolchains/XcodeDefault.xctoolchain/usr/bin/clang-stat-cache", "/Applications/Xcode17E.app/Contents/Developer/Platforms/MacOSX.platform/Developer/SDKs/MacOSX26.4.sdk", "/private/var/folders/xr/m5_5rlsd6l9fk2w4ngj13k6m0000gn/T/swbuild.tmp.I9GXyx3j/Data.noindex/Test/SDKStatCaches.noindex/macosx26.4-25E260-95aa6cf8f3effd57bda17e0c125410c0.sdkstatcache"]), Task(forTarget: <none>, ruleInfo: ["Gate", "target-TargetB-T-TargetB-44533--TestEntryPointTaskProducerFactory"]), Task(forTarget: TargetA, ruleInfo: ["Gate", "target-TargetA-T-TargetA-44525--immediate"]), Task(forTarget: <none>, ruleInfo: ["CreateBuildDirectory", "/private/var/folders/xr/m5_5rlsd6l9fk2w4ngj13k6m0000gn/T/swbuild.tmp.I9GXyx3j/Data.noindex/Test/aProject/build/Debug"]), Task(forTarget: TargetA, ruleInfo: ["Gate", "target-TargetA-T-TargetA-44525--entry"]), Task(forTarget: <none>, ruleInfo: ["Gate", "target-TargetA-T-TargetA-44525--SwiftStandardLibrariesTaskProducer"]), Task(forTarget: <none>, ruleInfo: ["Gate", "target-TargetA-T-TargetA-44525--TestEntryPointTaskProducerFactory"]), Task(forTarget: TargetA, ruleInfo: ["WriteAuxiliaryFile", "/private/var/folders/xr/m5_5rlsd6l9fk2w4ngj13k6m0000gn/T/swbuild.tmp.I9GXyx3j/Data.noindex/Test/aProject/build/aProject.build/Debug/TargetA.build/TargetA-project-headers.hmap"]), Task(forTarget: <none>, ruleInfo: ["Gate", "target-TargetA-T-TargetA-44525--Barrier-GenerateStubAPI"]), Task(forTarget: TargetA, ruleInfo: ["MkDir", "/private/var/folders/xr/m5_5rlsd6l9fk2w4ngj13k6m0000gn/T/swbuild.tmp.I9GXyx3j/Data.noindex/Test/aProject/build/Debug/TargetA.framework"]), Task(forTarget: TargetB, ruleInfo: ["WriteAuxiliaryFile", "/private/var/folders/xr/m5_5rlsd6l9fk2w4ngj13k6m0000gn/T/swbuild.tmp.I9GXyx3j/Data.noindex/Test/aProject/build/aProject.build/Debug/TargetB.build/TargetB-generated-files.hmap"]), Task(forTarget: TargetB, ruleInfo: ["WriteAuxiliaryFile", "/private/var/folders/xr/m5_5rlsd6l9fk2w4ngj13k6m0000gn/T/swbuild.tmp.I9GXyx3j/Data.noindex/Test/aProject/build/aProject.build/Debug/TargetB.build/Objects-normal/arm64/TargetB_const_extract_protocols.json"]), Task(forTarget: TargetB, ruleInfo: ["MkDir", "/private/var/folders/xr/m5_5rlsd6l9fk2w4ngj13k6m0000gn/T/swbuild.tmp.I9GXyx3j/Data.noindex/Test/aProject/build/Debug/TargetB.framework/Versions"]), Task(forTarget: <none>, ruleInfo: ["Gate", "target-TargetA-T-TargetA-44525--CopySwiftPackageResourcesTaskProducer"]), Task(forTarget: <none>, ruleInfo: ["Gate", "target-TargetA-T-TargetA-44525--Barrier-ChangeAlternatePermissions"]), Task(forTarget: TargetA, ruleInfo: ["SymLink", "/private/var/folders/xr/m5_5rlsd6l9fk2w4ngj13k6m0000gn/T/swbuild.tmp.I9GXyx3j/Data.noindex/Test/aProject/build/EagerLinkingTBDs/Debug/TargetA.framework/TargetA.tbd", "/private/var/folders/xr/m5_5rlsd6l9fk2w4ngj13k6m0000gn/T/swbuild.tmp.I9GXyx3j/Data.noindex/Test/aProject/build/EagerLinkingTBDs/Debug/TargetA.framework/Versions/A/TargetA.tbd"]), Task(forTarget: <none>, ruleInfo: ["Gate", "target-TargetA-T-TargetA-44525--Barrier-RegisterExecutionPolicyException"]), Task(forTarget: <none>, ruleInfo: ["Gate", "target-TargetB-T-TargetB-44533--SwiftPackageCopyFilesTaskProducer"]), Task(forTarget: TargetA, ruleInfo: ["SwiftCompile", "normal", "arm64", "Compiling fileA1.swift", "/private/var/folders/xr/m5_5rlsd6l9fk2w4ngj13k6m0000gn/T/swbuild.tmp.I9GXyx3j/Data.noindex/Test/aProject/Sources/fileA1.swift"]), Task(forTarget: <none>, ruleInfo: ["Gate", "target-TargetB-T-TargetB-44533--Barrier-StripSymbols"]), Task(forTarget: TargetA, ruleInfo: ["WriteAuxiliaryFile", "/private/var/folders/xr/m5_5rlsd6l9fk2w4ngj13k6m0000gn/T/swbuild.tmp.I9GXyx3j/Data.noindex/Test/aProject/build/aProject.build/Debug/TargetA.build/TargetA-all-non-framework-target-headers.hmap"]), Task(forTarget: <none>, ruleInfo: ["Gate", "target-TargetB-T-TargetB-44533--SanitizerTaskProducer"]), Task(forTarget: <none>, ruleInfo: ["Gate", "target-TargetB-T-TargetB-44533--swift-generated-headers"]), Task(forTarget: <none>, ruleInfo: ["Gate", "target-TargetB-T-TargetB-44533--Barrier-RegisterProduct"]), Task(forTarget: <none>, ruleInfo: ["Gate", "target-TargetB-T-TargetB-44533--GeneratedFilesTaskProducer"]), Task(forTarget: <none>, ruleInfo: ["Gate", "target-TargetA-T-TargetA-44525--Barrier-StripSymbols"]), Task(forTarget: TargetB, ruleInfo: ["GenerateTAPI", "/private/var/folders/xr/m5_5rlsd6l9fk2w4ngj13k6m0000gn/T/swbuild.tmp.I9GXyx3j/Data.noindex/Test/aProject/build/EagerLinkingTBDs/Debug/TargetB.framework/Versions/A/TargetB.tbd"]), Task(forTarget: <none>, ruleInfo: ["Gate", "target-TargetA-T-TargetA-44525--GenerateAppPlaygroundAssetCatalogTaskProducer"]), Task(forTarget: <none>, ruleInfo: ["Gate", "target-TargetA-T-TargetA-44525--Barrier-ChangePermissions"]), Task(forTarget: TargetA, ruleInfo: ["WriteAuxiliaryFile", "/private/var/folders/xr/m5_5rlsd6l9fk2w4ngj13k6m0000gn/T/swbuild.tmp.I9GXyx3j/Data.noindex/Test/aProject/build/aProject.build/Debug/TargetA.build/Objects-normal/arm64/TargetA.SwiftConstValuesFileList"]), Task(forTarget: TargetA, ruleInfo: ["MkDir", "/private/var/folders/xr/m5_5rlsd6l9fk2w4ngj13k6m0000gn/T/swbuild.tmp.I9GXyx3j/Data.noindex/Test/aProject/build/Debug/TargetA.framework/Versions"]), Task(forTarget: <none>, ruleInfo: ["Gate", "target-TargetA-T-TargetA-44525--StubBinaryTaskProducer"]), Task(forTarget: <none>, ruleInfo: ["Gate", "target-TargetB-T-TargetB-44533--ProductPostprocessingTaskProducer"]), Task(forTarget: TargetA, ruleInfo: ["WriteAuxiliaryFile", "/private/var/folders/xr/m5_5rlsd6l9fk2w4ngj13k6m0000gn/T/swbuild.tmp.I9GXyx3j/Data.noindex/Test/aProject/build/aProject.build/Debug/TargetA.build/Objects-normal/arm64/TargetA.LinkFileList"]), Task(forTarget: <none>, ruleInfo: ["Gate", "target-TargetA-T-TargetA-44525--ModuleMapTaskProducer"]), Task(forTarget: TargetA, ruleInfo: ["ExtractAppIntentsMetadata"]), Task(forTarget: TargetB, ruleInfo: ["WriteAuxiliaryFile", "/private/var/folders/xr/m5_5rlsd6l9fk2w4ngj13k6m0000gn/T/swbuild.tmp.I9GXyx3j/Data.noindex/Test/aProject/build/aProject.build/Debug/TargetB.build/TargetB.hmap"]), Task(forTarget: TargetA, ruleInfo: ["SymLink", "/private/var/folders/xr/m5_5rlsd6l9fk2w4ngj13k6m0000gn/T/swbuild.tmp.I9GXyx3j/Data.noindex/Test/aProject/build/Debug/TargetA.framework/TargetA", "Versions/Current/TargetA"]), Task(forTarget: TargetB, ruleInfo: ["MkDir", "/private/var/folders/xr/m5_5rlsd6l9fk2w4ngj13k6m0000gn/T/swbuild.tmp.I9GXyx3j/Data.noindex/Test/aProject/build/Debug/TargetB.framework/Versions/A/Headers"]), Task(forTarget: <none>, ruleInfo: ["CreateBuildDirectory", "/private/var/folders/xr/m5_5rlsd6l9fk2w4ngj13k6m0000gn/T/swbuild.tmp.I9GXyx3j/Data.noindex/Test/aProject/build/ExplicitPrecompiledModules"]), Task(forTarget: <none>, ruleInfo: ["Gate", "target-TargetA-T-TargetA-44525--RealityAssetsTaskProducer"]), Task(forTarget: <none>, ruleInfo: ["Gate", "target-TargetA-T-TargetA-44525--TestHostTaskProducer"]), Task(forTarget: TargetA, ruleInfo: ["Gate", "target-TargetA-T-TargetA-44525--will-sign"]), Task(forTarget: <none>, ruleInfo: ["CreateBuildDirectory", "/private/var/folders/xr/m5_5rlsd6l9fk2w4ngj13k6m0000gn/T/swbuild.tmp.I9GXyx3j/Data.noindex/Test/aProject/build/SharedPrecompiledHeaders"]), Task(forTarget: TargetA, ruleInfo: ["WriteAuxiliaryFile", "/private/var/folders/xr/m5_5rlsd6l9fk2w4ngj13k6m0000gn/T/swbuild.tmp.I9GXyx3j/Data.noindex/Test/aProject/build/aProject.build/Debug/TargetA.build/TargetA.hmap"]), Task(forTarget: TargetA, ruleInfo: ["SymLink", "/private/var/folders/xr/m5_5rlsd6l9fk2w4ngj13k6m0000gn/T/swbuild.tmp.I9GXyx3j/Data.noindex/Test/aProject/build/Debug/TargetA.framework/Modules", "Versions/Current/Modules"]), Task(forTarget: <none>, ruleInfo: ["Gate", "target-TargetA-T-TargetA-44525--copy-headers-completion"]), Task(forTarget: <none>, ruleInfo: ["Gate", "target-TargetA-T-TargetA-44525--fused-phase0-compile-sources"]), Task(forTarget: <none>, ruleInfo: ["Gate", "WorkspaceHeaderMapVFSFilesWritten"]), Task(forTarget: TargetB, ruleInfo: ["SymLink", "/private/var/folders/xr/m5_5rlsd6l9fk2w4ngj13k6m0000gn/T/swbuild.tmp.I9GXyx3j/Data.noindex/Test/aProject/build/Debug/TargetB.framework/Headers", "Versions/Current/Headers"]), Task(forTarget: TargetB, ruleInfo: ["SwiftDriver Compilation Requirements", "TargetB", "normal", "arm64", "com.apple.xcode.tools.swift.compiler"]), Task(forTarget: <none>, ruleInfo: ["Gate", "target-TargetA-T-TargetA-44525--Barrier-RegisterProduct"]), Task(forTarget: TargetB, ruleInfo: ["Gate", "target-TargetB-T-TargetB-44533--modules-ready"]), Task(forTarget: <none>, ruleInfo: ["CreateBuildDirectory", "/private/var/folders/xr/m5_5rlsd6l9fk2w4ngj13k6m0000gn/T/swbuild.tmp.I9GXyx3j/Data.noindex/Test/aProject/build/EagerLinkingTBDs/Debug"]), Task(forTarget: TargetB, ruleInfo: ["WriteAuxiliaryFile", "/private/var/folders/xr/m5_5rlsd6l9fk2w4ngj13k6m0000gn/T/swbuild.tmp.I9GXyx3j/Data.noindex/Test/aProject/build/aProject.build/Debug/TargetB.build/TargetB-all-target-headers.hmap"]), Task(forTarget: <none>, ruleInfo: ["Gate", "target-TargetB-T-TargetB-44533--ModuleVerifierTaskProducer"]), Task(forTarget: TargetA, ruleInfo: ["Gate", "target-TargetA-T-TargetA-44525--begin-scanning"]), Task(forTarget: TargetB, ruleInfo: ["Gate", "target-TargetB-T-TargetB-44533--immediate"]), Task(forTarget: TargetA, ruleInfo: ["GenerateTAPI", "/private/var/folders/xr/m5_5rlsd6l9fk2w4ngj13k6m0000gn/T/swbuild.tmp.I9GXyx3j/Data.noindex/Test/aProject/build/EagerLinkingTBDs/Debug/TargetA.framework/Versions/A/TargetA.tbd"]), Task(forTarget: TargetB, ruleInfo: ["SymLink", "/private/var/folders/xr/m5_5rlsd6l9fk2w4ngj13k6m0000gn/T/swbuild.tmp.I9GXyx3j/Data.noindex/Test/aProject/build/Debug/TargetB.framework/TargetB", "Versions/Current/TargetB"]), Task(forTarget: TargetB, ruleInfo: ["SwiftCompile", "normal", "arm64", "Compiling fileB2.swift", "/private/var/folders/xr/m5_5rlsd6l9fk2w4ngj13k6m0000gn/T/swbuild.tmp.I9GXyx3j/Data.noindex/Test/aProject/Sources/fileB2.swift"])]
↳ Occasionally fails in CI due to SwiftExplicitDependencyCompileModuleFromInterface missing from the dependency graph
━ Test swiftEagerCompilationWithExplicitModules() recorded a known issue at SwiftDriverTests.swift:3601:55: Issue recorded
↳ Task Task(forTarget: TargetB, ruleInfo: ["SwiftEmitModule", "normal", "arm64", "Emitting module for TargetB"]) does not follow any tasks matching [Rule matches [SWBTestSupport.StringPattern.equal("SwiftExplicitDependencyGeneratePcm"), SWBTestSupport.StringPattern.equal("normal"), SWBTestSupport.StringPattern.equal("arm64"), SWBTestSupport.StringPattern.contains("SwiftShims-")]]. Found: [] in [Task(forTarget: <none>, ruleInfo: ["Gate", "target-TargetA-T-TargetA-44525--Barrier-CopyAside"]), Task(forTarget: <none>, ruleInfo: ["Gate", "target-TargetA-T-TargetA-44525--InfoPlistTaskProducer"]), Task(forTarget: <none>, ruleInfo: ["Gate", "target-TargetB-T-TargetB-44533--Barrier-ChangeAlternatePermissions"]), Task(forTarget: <none>, ruleInfo: ["Gate", "target-TargetA-T-TargetA-44525--swift-generated-headers"]), Task(forTarget: TargetB, ruleInfo: ["ExtractAppIntentsMetadata"]), Task(forTarget: TargetB, ruleInfo: ["SwiftDriver", "TargetB", "normal", "arm64", "com.apple.xcode.tools.swift.compiler"]), Task(forTarget: TargetB, ruleInfo: ["WriteAuxiliaryFile", "/private/var/folders/xr/m5_5rlsd6l9fk2w4ngj13k6m0000gn/T/swbuild.tmp.I9GXyx3j/Data.noindex/Test/aProject/build/aProject.build/Debug/TargetB.build/TargetB-own-target-headers.hmap"]), Task(forTarget: TargetA, ruleInfo: ["WriteAuxiliaryFile", "/private/var/folders/xr/m5_5rlsd6l9fk2w4ngj13k6m0000gn/T/swbuild.tmp.I9GXyx3j/Data.noindex/Test/aProject/build/aProject.build/Debug/TargetA.build/TargetA-generated-files.hmap"]), Task(forTarget: TargetA, ruleInfo: ["SwiftDriver Compilation", "TargetA", "normal", "arm64", "com.apple.xcode.tools.swift.compiler"]), Task(forTarget: TargetA, ruleInfo: ["Ld", "/private/var/folders/xr/m5_5rlsd6l9fk2w4ngj13k6m0000gn/T/swbuild.tmp.I9GXyx3j/Data.noindex/Test/aProject/build/Debug/TargetA.framework/Versions/A/TargetA", "normal"]), Task(forTarget: <none>, ruleInfo: ["SwiftExplicitDependencyCompileModuleFromInterface", "arm64", "/private/var/folders/xr/m5_5rlsd6l9fk2w4ngj13k6m0000gn/T/swbuild.tmp.I9GXyx3j/Data.noindex/Test/aProject/build/SwiftExplicitPrecompiledModules/Swift-NBB0GQDQYZZH.swiftmodule"]), Task(forTarget: TargetB, ruleInfo: ["SwiftMergeGeneratedHeaders", "/private/var/folders/xr/m5_5rlsd6l9fk2w4ngj13k6m0000gn/T/swbuild.tmp.I9GXyx3j/Data.noindex/Test/aProject/build/Debug/TargetB.framework/Versions/A/Headers/TargetB-Swift.h", "/private/var/folders/xr/m5_5rlsd6l9fk2w4ngj13k6m0000gn/T/swbuild.tmp.I9GXyx3j/Data.noindex/Test/aProject/build/aProject.build/Debug/TargetB.build/Objects-normal/arm64/TargetB-Swift.h"]), Task(forTarget: <none>, ruleInfo: ["Gate", "target-TargetB-T-TargetB-44533--TestHostTaskProducer"]), Task(forTarget: TargetB, ruleInfo: ["WriteAuxiliaryFile", "/private/var/folders/xr/m5_5rlsd6l9fk2w4ngj13k6m0000gn/T/swbuild.tmp.I9GXyx3j/Data.noindex/Test/aProject/build/aProject.build/Debug/TargetB.build/Objects-normal/arm64/TargetB.SwiftConstValuesFileList"]), Task(forTarget: <none>, ruleInfo: ["Gate", "target-TargetB-T-TargetB-44533--ModuleMapTaskProducer"]), Task(forTarget: <none>, ruleInfo: ["Gate", "target-TargetB-T-TargetB-44533--SwiftFrameworkABICheckerTaskProducer"]), Task(forTarget: <none>, ruleInfo: ["Gate", "target-TargetB-T-TargetB-44533--Barrier-ChangePermissions"]), Task(forTarget: TargetB, ruleInfo: ["Gate", "target-TargetB-T-TargetB-44533--begin-compiling"]), Task(forTarget: <none>, ruleInfo: ["Gate", "target-TargetB-T-TargetB-44533--TestTargetTaskProducer"]), Task(forTarget: <none>, ruleInfo: ["Gate", "target-TargetB-T-TargetB-44533--TAPISymbolExtractorTaskProducer"]), Task(forTarget: <none>, ruleInfo: ["Gate", "target-TargetB-T-TargetB-44533--HeadermapTaskProducer"]), Task(forTarget: TargetB, ruleInfo: ["Ld", "/private/var/folders/xr/m5_5rlsd6l9fk2w4ngj13k6m0000gn/T/swbuild.tmp.I9GXyx3j/Data.noindex/Test/aProject/build/Debug/TargetB.framework/Versions/A/TargetB", "normal"]), Task(forTarget: TargetB, ruleInfo: ["WriteAuxiliaryFile", "/private/var/folders/xr/m5_5rlsd6l9fk2w4ngj13k6m0000gn/T/swbuild.tmp.I9GXyx3j/Data.noindex/Test/aProject/build/aProject.build/Debug/TargetB.build/Objects-normal/arm64/TargetB.LinkFileList"]), Task(forTarget: <none>, ruleInfo: ["Gate", "target-TargetB-T-TargetB-44533--TestTargetPostprocessingTaskProducer"]), Task(forTarget: <none>, ruleInfo: ["SwiftExplicitDependencyGeneratePcm", "arm64", "/private/var/folders/xr/m5_5rlsd6l9fk2w4ngj13k6m0000gn/T/swbuild.tmp.I9GXyx3j/Data.noindex/Test/aProject/build/SwiftExplicitPrecompiledModules/_SwiftConcurrencyShims-AIZW70LS1W2L0PXECXLASUUHS.pcm"]), Task(forTarget: TargetA, ruleInfo: ["SymLink", "/private/var/folders/xr/m5_5rlsd6l9fk2w4ngj13k6m0000gn/T/swbuild.tmp.I9GXyx3j/Data.noindex/Test/aProject/build/Debug/TargetA.framework/Versions/Current", "A"]), Task(forTarget: <none>, ruleInfo: ["CreateBuildDirectory", "/private/var/folders/xr/m5_5rlsd6l9fk2w4ngj13k6m0000gn/T/swbuild.tmp.I9GXyx3j/Data.noindex/Test/aProject/build"]), Task(forTarget: TargetB, ruleInfo: ["WriteAuxiliaryFile", "/private/var/folders/xr/m5_5rlsd6l9fk2w4ngj13k6m0000gn/T/swbuild.tmp.I9GXyx3j/Data.noindex/Test/aProject/build/aProject.build/Debug/TargetB.build/TargetB.DependencyMetadataFileList"]), Task(forTarget: TargetA, ruleInfo: ["WriteAuxiliaryFile", "/private/var/folders/xr/m5_5rlsd6l9fk2w4ngj13k6m0000gn/T/swbuild.tmp.I9GXyx3j/Data.noindex/Test/aProject/build/aProject.build/Debug/TargetA.build/TargetA.DependencyMetadataFileList"]), Task(forTarget: <none>, ruleInfo: ["Gate", "target-TargetB-T-TargetB-44533--AppExtensionInfoPlistGeneratorTaskProducer"]), Task(forTarget: <none>, ruleInfo: ["Gate", "target-TargetA-T-TargetA-44525--SwiftABIBaselineGenerationTaskProducer"]), Task(forTarget: <none>, ruleInfo: ["Gate", "target-TargetA-T-TargetA-44525--Barrier-Validate"]), Task(forTarget: <none>, ruleInfo: ["SwiftExplicitDependencyGeneratePcm", "arm64", "/private/var/folders/xr/m5_5rlsd6l9fk2w4ngj13k6m0000gn/T/swbuild.tmp.I9GXyx3j/Data.noindex/Test/aProject/build/SwiftExplicitPrecompiledModules/SwiftShims-1XRNFTFX3SVGVJQLDAOI208RW.pcm"]), Task(forTarget: TargetA, ruleInfo: ["SymLink", "/private/var/folders/xr/m5_5rlsd6l9fk2w4ngj13k6m0000gn/T/swbuild.tmp.I9GXyx3j/Data.noindex/Test/aProject/build/Debug/TargetA.framework/Headers", "Versions/Current/Headers"]), Task(forTarget: <none>, ruleInfo: ["Gate", "target-TargetA-T-TargetA-44525--generated-headers"]), Task(forTarget: TargetB, ruleInfo: ["SymLink", "/private/var/folders/xr/m5_5rlsd6l9fk2w4ngj13k6m0000gn/T/swbuild.tmp.I9GXyx3j/Data.noindex/Test/aProject/build/Debug/TargetB.framework/Modules", "Versions/Current/Modules"]), Task(forTarget: <none>, ruleInfo: ["WriteAuxiliaryFile", "/private/var/folders/xr/m5_5rlsd6l9fk2w4ngj13k6m0000gn/T/swbuild.tmp.I9GXyx3j/Data.noindex/Test/aProject/build/aProject.build/Debug/aProject-P44536-VFS/all-product-headers.yaml"]), Task(forTarget: <none>, ruleInfo: ["Gate", "target-TargetA-T-TargetA-44525--TAPISymbolExtractorTaskProducer"]), Task(forTarget: <none>, ruleInfo: ["Gate", "target-TargetA-T-TargetA-44525--TestTargetTaskProducer"]), Task(forTarget: <none>, ruleInfo: ["Gate", "target-TargetB-T-TargetB-44533--CopySwiftPackageResourcesTaskProducer"]), Task(forTarget: <none>, ruleInfo: ["Gate", "target-TargetB-T-TargetB-44533--AppIntentsMetadataTaskProducer"]), Task(forTarget: TargetA, ruleInfo: ["WriteAuxiliaryFile", "/private/var/folders/xr/m5_5rlsd6l9fk2w4ngj13k6m0000gn/T/swbuild.tmp.I9GXyx3j/Data.noindex/Test/aProject/build/aProject.build/Debug/TargetA.build/TargetA-all-target-headers.hmap"]), Task(forTarget: TargetB, ruleInfo: ["MkDir", "/private/var/folders/xr/m5_5rlsd6l9fk2w4ngj13k6m0000gn/T/swbuild.tmp.I9GXyx3j/Data.noindex/Test/aProject/build/Debug/TargetB.framework/Versions/A"]), Task(forTarget: <none>, ruleInfo: ["Gate", "target-TargetB-T-TargetB-44533--CustomTaskProducer"]), Task(forTarget: TargetB, ruleInfo: ["WriteAuxiliaryFile", "/private/var/folders/xr/m5_5rlsd6l9fk2w4ngj13k6m0000gn/T/swbuild.tmp.I9GXyx3j/Data.noindex/Test/aProject/build/aProject.build/Debug/TargetB.build/Objects-normal/arm64/TargetB.SwiftFileList"]), Task(forTarget: TargetB, ruleInfo: ["WriteAuxiliaryFile", "/private/var/folders/xr/m5_5rlsd6l9fk2w4ngj13k6m0000gn/T/swbuild.tmp.I9GXyx3j/Data.noindex/Test/aProject/build/aProject.build/Debug/TargetB.build/Objects-normal/arm64/TargetB-OutputFileMap.json"]), Task(forTarget: TargetA, ruleInfo: ["MkDir", "/private/var/folders/xr/m5_5rlsd6l9fk2w4ngj13k6m0000gn/T/swbuild.tmp.I9GXyx3j/Data.noindex/Test/aProject/build/Debug/TargetA.framework/Versions/A/Headers"]), Task(forTarget: <none>, ruleInfo: ["Gate", "target-TargetB-T-TargetB-44533--StubBinaryTaskProducer"]), Task(forTarget: <none>, ruleInfo: ["Gate", "target-TargetB-T-TargetB-44533--DocumentationTaskProducer"]), Task(forTarget: TargetA, ruleInfo: ["SwiftDriver", "TargetA", "normal", "arm64", "com.apple.xcode.tools.swift.compiler"]), Task(forTarget: <none>, ruleInfo: ["Gate", "target-TargetB-T-TargetB-44533--GenerateAppPlaygroundAssetCatalogTaskProducer"]), Task(forTarget: <none>, ruleInfo: ["Gate", "target-TargetA-T-TargetA-44525--Barrier-CodeSign"]), Task(forTarget: <none>, ruleInfo: ["Gate", "target-TargetA-T-TargetA-44525--AppExtensionInfoPlistGeneratorTaskProducer"]), Task(forTarget: TargetB, ruleInfo: ["Gate", "target-TargetB-T-TargetB-44533--entry"]), Task(forTarget: TargetB, ruleInfo: ["Gate", "target-TargetB-T-TargetB-44533--will-sign"]), Task(forTarget: <none>, ruleInfo: ["Gate", "target-TargetB-T-TargetB-44533--Barrier-CopyAside"]), Task(forTarget: <none>, ruleInfo: ["Gate", "target-TargetA-T-TargetA-44525--ProductStructureTaskProducer"]), Task(forTarget: TargetA, ruleInfo: ["Gate", "target-TargetA-T-TargetA-44525--begin-linking"]), Task(forTarget: TargetB, ruleInfo: ["Copy", "/private/var/folders/xr/m5_5rlsd6l9fk2w4ngj13k6m0000gn/T/swbuild.tmp.I9GXyx3j/Data.noindex/Test/aProject/build/Debug/TargetB.framework/Versions/A/Modules/TargetB.swiftmodule/arm64-apple-macos.swiftdoc", "/private/var/folders/xr/m5_5rlsd6l9fk2w4ngj13k6m0000gn/T/swbuild.tmp.I9GXyx3j/Data.noindex/Test/aProject/build/aProject.build/Debug/TargetB.build/Objects-normal/arm64/TargetB.swiftdoc"]), Task(forTarget: TargetB, ruleInfo: ["Copy", "/private/var/folders/xr/m5_5rlsd6l9fk2w4ngj13k6m0000gn/T/swbuild.tmp.I9GXyx3j/Data.noindex/Test/aProject/build/Debug/TargetB.framework/Versions/A/Modules/TargetB.swiftmodule/arm64-apple-macos.swiftmodule", "/private/var/folders/xr/m5_5rlsd6l9fk2w4ngj13k6m0000gn/T/swbuild.tmp.I9GXyx3j/Data.noindex/Test/aProject/build/aProject.build/Debug/TargetB.build/Objects-normal/arm64/TargetB.swiftmodule"]), Task(forTarget: TargetB, ruleInfo: ["SymLink", "/private/var/folders/xr/m5_5rlsd6l9fk2w4ngj13k6m0000gn/T/swbuild.tmp.I9GXyx3j/Data.noindex/Test/aProject/build/EagerLinkingTBDs/Debug/TargetB.framework/TargetB.tbd", "/private/var/folders/xr/m5_5rlsd6l9fk2w4ngj13k6m0000gn/T/swbuild.tmp.I9GXyx3j/Data.noindex/Test/aProject/build/EagerLinkingTBDs/Debug/TargetB.framework/Versions/A/TargetB.tbd"]), Task(forTarget: TargetA, ruleInfo: ["SwiftMergeGeneratedHeaders", "/private/var/folders/xr/m5_5rlsd6l9fk2w4ngj13k6m0000gn/T/swbuild.tmp.I9GXyx3j/Data.noindex/Test/aProject/build/Debug/TargetA.framework/Versions/A/Headers/TargetA-Swift.h", "/private/var/folders/xr/m5_5rlsd6l9fk2w4ngj13k6m0000gn/T/swbuild.tmp.I9GXyx3j/Data.noindex/Test/aProject/build/aProject.build/Debug/TargetA.build/Objects-normal/arm64/TargetA-Swift.h"]), Task(forTarget: <none>, ruleInfo: ["SwiftExplicitDependencyCompileModuleFromInterface", "arm64", "/private/var/folders/xr/m5_5rlsd6l9fk2w4ngj13k6m0000gn/T/swbuild.tmp.I9GXyx3j/Data.noindex/Test/aProject/build/SwiftExplicitPrecompiledModules/_Concurrency-CB34E6W1YOX6.swiftmodule"]), Task(forTarget: TargetA, ruleInfo: ["Gate", "target-TargetA-T-TargetA-44525--unsigned-product-ready"]), Task(forTarget: TargetA, ruleInfo: ["Gate", "target-TargetA-T-TargetA-44525--end"]), Task(forTarget: <none>, ruleInfo: ["Gate", "target-TargetA-T-TargetA-44525--ExtensionPointExtractorTaskProducer"]), Task(forTarget: TargetB, ruleInfo: ["Touch", "/private/var/folders/xr/m5_5rlsd6l9fk2w4ngj13k6m0000gn/T/swbuild.tmp.I9GXyx3j/Data.noindex/Test/aProject/build/Debug/TargetB.framework"]), Task(forTarget: TargetB, ruleInfo: ["Gate", "target-TargetB-T-TargetB-44533--linker-inputs-ready"]), Task(forTarget: TargetA, ruleInfo: ["WriteAuxiliaryFile", "/private/var/folders/xr/m5_5rlsd6l9fk2w4ngj13k6m0000gn/T/swbuild.tmp.I9GXyx3j/Data.noindex/Test/aProject/build/aProject.build/Debug/TargetA.build/Objects-normal/arm64/TargetA.SwiftFileList"]), Task(forTarget: TargetB, ruleInfo: ["WriteAuxiliaryFile", "/private/var/folders/xr/m5_5rlsd6l9fk2w4ngj13k6m0000gn/T/swbuild.tmp.I9GXyx3j/Data.noindex/Test/aProject/build/aProject.build/Debug/TargetB.build/TargetB-project-headers.hmap"]), Task(forTarget: <none>, ruleInfo: ["Gate", "target-TargetB-T-TargetB-44533--copy-headers-completion"]), Task(forTarget: <none>, ruleInfo: ["Gate", "target-TargetB-T-TargetB-44533--Barrier-Validate"]), Task(forTarget: TargetB, ruleInfo: ["Copy", "/private/var/folders/xr/m5_5rlsd6l9fk2w4ngj13k6m0000gn/T/swbuild.tmp.I9GXyx3j/Data.noindex/Test/aProject/build/Debug/TargetB.framework/Versions/A/Modules/TargetB.swiftmodule/arm64-apple-macos.abi.json", "/private/var/folders/xr/m5_5rlsd6l9fk2w4ngj13k6m0000gn/T/swbuild.tmp.I9GXyx3j/Data.noindex/Test/aProject/build/aProject.build/Debug/TargetB.build/Objects-normal/arm64/TargetB.abi.json"]), Task(forTarget: TargetA, ruleInfo: ["WriteAuxiliaryFile", "/private/var/folders/xr/m5_5rlsd6l9fk2w4ngj13k6m0000gn/T/swbuild.tmp.I9GXyx3j/Data.noindex/Test/aProject/build/aProject.build/Debug/TargetA.build/TargetA-own-target-headers.hmap"]), Task(forTarget: TargetB, ruleInfo: ["Gate", "target-TargetB-T-TargetB-44533--begin-scanning"]), Task(forTarget: TargetA, ruleInfo: ["WriteAuxiliaryFile", "/private/var/folders/xr/m5_5rlsd6l9fk2w4ngj13k6m0000gn/T/swbuild.tmp.I9GXyx3j/Data.noindex/Test/aProject/build/aProject.build/Debug/TargetA.build/TargetA.DependencyStaticMetadataFileList"]), Task(forTarget: <none>, ruleInfo: ["Gate", "target-TargetA-T-TargetA-44525--ModuleVerifierTaskProducer"]), Task(forTarget: TargetA, ruleInfo: ["SwiftCompile", "normal", "arm64", "Compiling fileA2.swift", "/private/var/folders/xr/m5_5rlsd6l9fk2w4ngj13k6m0000gn/T/swbuild.tmp.I9GXyx3j/Data.noindex/Test/aProject/Sources/fileA2.swift"]), Task(forTarget: TargetA, ruleInfo: ["Copy", "/private/var/folders/xr/m5_5rlsd6l9fk2w4ngj13k6m0000gn/T/swbuild.tmp.I9GXyx3j/Data.noindex/Test/aProject/build/Debug/TargetA.framework/Versions/A/Modules/TargetA.swiftmodule/arm64-apple-macos.swiftmodule", "/private/var/folders/xr/m5_5rlsd6l9fk2w4ngj13k6m0000gn/T/swbuild.tmp.I9GXyx3j/Data.noindex/Test/aProject/build/aProject.build/Debug/TargetA.build/Objects-normal/arm64/TargetA.swiftmodule"]), Task(forTarget: TargetA, ruleInfo: ["Gate", "target-TargetA-T-TargetA-44525--modules-ready"]), Task(forTarget: TargetB, ruleInfo: ["SwiftCompile", "normal", "arm64", "Compiling fileB1.swift", "/private/var/folders/xr/m5_5rlsd6l9fk2w4ngj13k6m0000gn/T/swbuild.tmp.I9GXyx3j/Data.noindex/Test/aProject/Sources/fileB1.swift"]), Task(forTarget: <none>, ruleInfo: ["Gate", "target-TargetB-T-TargetB-44533--Barrier-CodeSign"]), Task(forTarget: <none>, ruleInfo: ["Gate", "target-TargetB-T-TargetB-44533--generated-headers"]), Task(forTarget: <none>, ruleInfo: ["CreateBuildDirectory", "/private/var/folders/xr/m5_5rlsd6l9fk2w4ngj13k6m0000gn/T/swbuild.tmp.I9GXyx3j/Data.noindex/Test/aProject/build/SwiftExplicitPrecompiledModules"]), Task(forTarget: <none>, ruleInfo: ["Gate", "target-TargetA-T-TargetA-44525--SanitizerTaskProducer"]), Task(forTarget: TargetA, ruleInfo: ["SwiftDriver Compilation Requirements", "TargetA", "normal", "arm64", "com.apple.xcode.tools.swift.compiler"]), Task(forTarget: <none>, ruleInfo: ["CreateBuildDirectory", "/var/folders/xr/m5_5rlsd6l9fk2w4ngj13k6m0000gn/C/com.apple.DeveloperTools/26.4.1-17E202/Xcode/CompilationCache.noindex"]), Task(forTarget: <none>, ruleInfo: ["Gate", "target-TargetA-T-TargetA-44525--AppIntentsMetadataTaskProducer"]), Task(forTarget: TargetB, ruleInfo: ["SymLink", "/private/var/folders/xr/m5_5rlsd6l9fk2w4ngj13k6m0000gn/T/swbuild.tmp.I9GXyx3j/Data.noindex/Test/aProject/build/Debug/TargetB.framework/Versions/Current", "A"]), Task(forTarget: TargetA, ruleInfo: ["Copy", "/private/var/folders/xr/m5_5rlsd6l9fk2w4ngj13k6m0000gn/T/swbuild.tmp.I9GXyx3j/Data.noindex/Test/aProject/build/Debug/TargetA.framework/Versions/A/Modules/TargetA.swiftmodule/arm64-apple-macos.swiftdoc", "/private/var/folders/xr/m5_5rlsd6l9fk2w4ngj13k6m0000gn/T/swbuild.tmp.I9GXyx3j/Data.noindex/Test/aProject/build/aProject.build/Debug/TargetA.build/Objects-normal/arm64/TargetA.swiftdoc"]), Task(forTarget: TargetA, ruleInfo: ["RegisterExecutionPolicyException", "/private/var/folders/xr/m5_5rlsd6l9fk2w4ngj13k6m0000gn/T/swbuild.tmp.I9GXyx3j/Data.noindex/Test/aProject/build/Debug/TargetA.framework"]), Task(forTarget: <none>, ruleInfo: ["Gate", "target-TargetA-T-TargetA-44525--SwiftPackageCopyFilesTaskProducer"]), Task(forTarget: TargetA, ruleInfo: ["Copy", "/private/var/folders/xr/m5_5rlsd6l9fk2w4ngj13k6m0000gn/T/swbuild.tmp.I9GXyx3j/Data.noindex/Test/aProject/build/Debug/TargetA.framework/Versions/A/Modules/TargetA.swiftmodule/arm64-apple-macos.abi.json", "/private/var/folders/xr/m5_5rlsd6l9fk2w4ngj13k6m0000gn/T/swbuild.tmp.I9GXyx3j/Data.noindex/Test/aProject/build/aProject.build/Debug/TargetA.build/Objects-normal/arm64/TargetA.abi.json"]), Task(forTarget: TargetB, ruleInfo: ["SwiftEmitModule", "normal", "arm64", "Emitting module for TargetB"]), Task(forTarget: TargetA, ruleInfo: ["Touch", "/private/var/folders/xr/m5_5rlsd6l9fk2w4ngj13k6m0000gn/T/swbuild.tmp.I9GXyx3j/Data.noindex/Test/aProject/build/Debug/TargetA.framework"]), Task(forTarget: TargetA, ruleInfo: ["Gate", "target-TargetA-T-TargetA-44525--linker-inputs-ready"]), Task(forTarget: <none>, ruleInfo: ["Gate", "target-TargetB-T-TargetB-44533--ProductStructureTaskProducer"]), Task(forTarget: TargetB, ruleInfo: ["SwiftDriver Compilation", "TargetB", "normal", "arm64", "com.apple.xcode.tools.swift.compiler"]), Task(forTarget: <none>, ruleInfo: ["Gate", "target-TargetB-T-TargetB-44533--Barrier-RegisterExecutionPolicyException"]), Task(forTarget: TargetA, ruleInfo: ["WriteAuxiliaryFile", "/private/var/folders/xr/m5_5rlsd6l9fk2w4ngj13k6m0000gn/T/swbuild.tmp.I9GXyx3j/Data.noindex/Test/aProject/build/aProject.build/Debug/TargetA.build/Objects-normal/arm64/TargetA-OutputFileMap.json"]), Task(forTarget: <none>, ruleInfo: ["Gate", "target-TargetA-T-TargetA-44525--HeadermapTaskProducer"]), Task(forTarget: TargetB, ruleInfo: ["WriteAuxiliaryFile", "/private/var/folders/xr/m5_5rlsd6l9fk2w4ngj13k6m0000gn/T/swbuild.tmp.I9GXyx3j/Data.noindex/Test/aProject/build/aProject.build/Debug/TargetB.build/TargetB.DependencyStaticMetadataFileList"]), Task(forTarget: TargetA, ruleInfo: ["Gate", "target-TargetA-T-TargetA-44525--begin-compiling"]), Task(forTarget: <none>, ruleInfo: ["Gate", "target-TargetA-T-TargetA-44525--GeneratedFilesTaskProducer"]), Task(forTarget: <none>, ruleInfo: ["Gate", "target-TargetA-T-TargetA-44525--DocumentationTaskProducer"]), Task(forTarget: <none>, ruleInfo: ["Gate", "target-TargetB-T-TargetB-44533--InfoPlistTaskProducer"]), Task(forTarget: <none>, ruleInfo: ["Gate", "target-TargetA-T-TargetA-44525--SwiftFrameworkABICheckerTaskProducer"]), Task(forTarget: TargetB, ruleInfo: ["Gate", "target-TargetB-T-TargetB-44533--end"]), Task(forTarget: TargetA, ruleInfo: ["MkDir", "/private/var/folders/xr/m5_5rlsd6l9fk2w4ngj13k6m0000gn/T/swbuild.tmp.I9GXyx3j/Data.noindex/Test/aProject/build/Debug/TargetA.framework/Versions/A"]), Task(forTarget: <none>, ruleInfo: ["Gate", "target-TargetB-T-TargetB-44533--fused-phase0-compile-sources&link-binary"]), Task(forTarget: <none>, ruleInfo: ["Gate", "target-TargetB-T-TargetB-44533--SwiftStandardLibrariesTaskProducer"]), Task(forTarget: <none>, ruleInfo: ["Gate", "target-TargetB-T-TargetB-44533--SwiftABIBaselineGenerationTaskProducer"]), Task(forTarget: <none>, ruleInfo: ["Gate", "target-TargetA-T-TargetA-44525--TestTargetPostprocessingTaskProducer"]), Task(forTarget: <none>, ruleInfo: ["Gate", "target-TargetA-T-TargetA-44525--ProductPostprocessingTaskProducer"]), Task(forTarget: <none>, ruleInfo: ["Gate", "target-TargetB-T-TargetB-44533--RealityAssetsTaskProducer"]), Task(forTarget: TargetA, ruleInfo: ["Copy", "/private/var/folders/xr/m5_5rlsd6l9fk2w4ngj13k6m0000gn/T/swbuild.tmp.I9GXyx3j/Data.noindex/Test/aProject/build/Debug/TargetA.framework/Versions/A/Modules/TargetA.swiftmodule/Project/arm64-apple-macos.swiftsourceinfo", "/private/var/folders/xr/m5_5rlsd6l9fk2w4ngj13k6m0000gn/T/swbuild.tmp.I9GXyx3j/Data.noindex/Test/aProject/build/aProject.build/Debug/TargetA.build/Objects-normal/arm64/TargetA.swiftsourceinfo"]), Task(forTarget: TargetB, ruleInfo: ["Copy", "/private/var/folders/xr/m5_5rlsd6l9fk2w4ngj13k6m0000gn/T/swbuild.tmp.I9GXyx3j/Data.noindex/Test/aProject/build/Debug/TargetB.framework/Versions/A/Modules/TargetB.swiftmodule/Project/arm64-apple-macos.swiftsourceinfo", "/private/var/folders/xr/m5_5rlsd6l9fk2w4ngj13k6m0000gn/T/swbuild.tmp.I9GXyx3j/Data.noindex/Test/aProject/build/aProject.build/Debug/TargetB.build/Objects-normal/arm64/TargetB.swiftsourceinfo"]), Task(forTarget: TargetB, ruleInfo: ["WriteAuxiliaryFile", "/private/var/folders/xr/m5_5rlsd6l9fk2w4ngj13k6m0000gn/T/swbuild.tmp.I9GXyx3j/Data.noindex/Test/aProject/build/aProject.build/Debug/TargetB.build/TargetB-all-non-framework-target-headers.hmap"]), Task(forTarget: <none>, ruleInfo: ["Gate", "target-TargetB-T-TargetB-44533--Barrier-GenerateStubAPI"]), Task(forTarget: TargetB, ruleInfo: ["RegisterExecutionPolicyException", "/private/var/folders/xr/m5_5rlsd6l9fk2w4ngj13k6m0000gn/T/swbuild.tmp.I9GXyx3j/Data.noindex/Test/aProject/build/Debug/TargetB.framework"]), Task(forTarget: TargetA, ruleInfo: ["SwiftEmitModule", "normal", "arm64", "Emitting module for TargetA"]), Task(forTarget: <none>, ruleInfo: ["SwiftExplicitDependencyCompileModuleFromInterface", "arm64", "/private/var/folders/xr/m5_5rlsd6l9fk2w4ngj13k6m0000gn/T/swbuild.tmp.I9GXyx3j/Data.noindex/Test/aProject/build/SwiftExplicitPrecompiledModules/_StringProcessing-1O0ZQ2K74RYD5.swiftmodule"]), Task(forTarget: TargetB, ruleInfo: ["Gate", "target-TargetB-T-TargetB-44533--begin-linking"]), Task(forTarget: TargetB, ruleInfo: ["Gate", "target-TargetB-T-TargetB-44533--unsigned-product-ready"]), Task(forTarget: TargetB, ruleInfo: ["MkDir", "/private/var/folders/xr/m5_5rlsd6l9fk2w4ngj13k6m0000gn/T/swbuild.tmp.I9GXyx3j/Data.noindex/Test/aProject/build/Debug/TargetB.framework"]), Task(forTarget: <none>, ruleInfo: ["Gate", "target-TargetB-T-TargetB-44533--ExtensionPointExtractorTaskProducer"]), Task(forTarget: TargetA, ruleInfo: ["WriteAuxiliaryFile", "/private/var/folders/xr/m5_5rlsd6l9fk2w4ngj13k6m0000gn/T/swbuild.tmp.I9GXyx3j/Data.noindex/Test/aProject/build/aProject.build/Debug/TargetA.build/Objects-normal/arm64/TargetA_const_extract_protocols.json"]), Task(forTarget: <none>, ruleInfo: ["Gate", "target-TargetA-T-TargetA-44525--CustomTaskProducer"]), Task(forTarget: <none>, ruleInfo: ["ClangStatCache", "/Applications/Xcode17E.app/Contents/Developer/Toolchains/XcodeDefault.xctoolchain/usr/bin/clang-stat-cache", "/Applications/Xcode17E.app/Contents/Developer/Platforms/MacOSX.platform/Developer/SDKs/MacOSX26.4.sdk", "/private/var/folders/xr/m5_5rlsd6l9fk2w4ngj13k6m0000gn/T/swbuild.tmp.I9GXyx3j/Data.noindex/Test/SDKStatCaches.noindex/macosx26.4-25E260-95aa6cf8f3effd57bda17e0c125410c0.sdkstatcache"]), Task(forTarget: <none>, ruleInfo: ["Gate", "target-TargetB-T-TargetB-44533--TestEntryPointTaskProducerFactory"]), Task(forTarget: TargetA, ruleInfo: ["Gate", "target-TargetA-T-TargetA-44525--immediate"]), Task(forTarget: <none>, ruleInfo: ["CreateBuildDirectory", "/private/var/folders/xr/m5_5rlsd6l9fk2w4ngj13k6m0000gn/T/swbuild.tmp.I9GXyx3j/Data.noindex/Test/aProject/build/Debug"]), Task(forTarget: TargetA, ruleInfo: ["Gate", "target-TargetA-T-TargetA-44525--entry"]), Task(forTarget: <none>, ruleInfo: ["Gate", "target-TargetA-T-TargetA-44525--SwiftStandardLibrariesTaskProducer"]), Task(forTarget: <none>, ruleInfo: ["Gate", "target-TargetA-T-TargetA-44525--TestEntryPointTaskProducerFactory"]), Task(forTarget: TargetA, ruleInfo: ["WriteAuxiliaryFile", "/private/var/folders/xr/m5_5rlsd6l9fk2w4ngj13k6m0000gn/T/swbuild.tmp.I9GXyx3j/Data.noindex/Test/aProject/build/aProject.build/Debug/TargetA.build/TargetA-project-headers.hmap"]), Task(forTarget: <none>, ruleInfo: ["Gate", "target-TargetA-T-TargetA-44525--Barrier-GenerateStubAPI"]), Task(forTarget: TargetA, ruleInfo: ["MkDir", "/private/var/folders/xr/m5_5rlsd6l9fk2w4ngj13k6m0000gn/T/swbuild.tmp.I9GXyx3j/Data.noindex/Test/aProject/build/Debug/TargetA.framework"]), Task(forTarget: TargetB, ruleInfo: ["WriteAuxiliaryFile", "/private/var/folders/xr/m5_5rlsd6l9fk2w4ngj13k6m0000gn/T/swbuild.tmp.I9GXyx3j/Data.noindex/Test/aProject/build/aProject.build/Debug/TargetB.build/TargetB-generated-files.hmap"]), Task(forTarget: TargetB, ruleInfo: ["WriteAuxiliaryFile", "/private/var/folders/xr/m5_5rlsd6l9fk2w4ngj13k6m0000gn/T/swbuild.tmp.I9GXyx3j/Data.noindex/Test/aProject/build/aProject.build/Debug/TargetB.build/Objects-normal/arm64/TargetB_const_extract_protocols.json"]), Task(forTarget: TargetB, ruleInfo: ["MkDir", "/private/var/folders/xr/m5_5rlsd6l9fk2w4ngj13k6m0000gn/T/swbuild.tmp.I9GXyx3j/Data.noindex/Test/aProject/build/Debug/TargetB.framework/Versions"]), Task(forTarget: <none>, ruleInfo: ["Gate", "target-TargetA-T-TargetA-44525--CopySwiftPackageResourcesTaskProducer"]), Task(forTarget: <none>, ruleInfo: ["Gate", "target-TargetA-T-TargetA-44525--Barrier-ChangeAlternatePermissions"]), Task(forTarget: TargetA, ruleInfo: ["SymLink", "/private/var/folders/xr/m5_5rlsd6l9fk2w4ngj13k6m0000gn/T/swbuild.tmp.I9GXyx3j/Data.noindex/Test/aProject/build/EagerLinkingTBDs/Debug/TargetA.framework/TargetA.tbd", "/private/var/folders/xr/m5_5rlsd6l9fk2w4ngj13k6m0000gn/T/swbuild.tmp.I9GXyx3j/Data.noindex/Test/aProject/build/EagerLinkingTBDs/Debug/TargetA.framework/Versions/A/TargetA.tbd"]), Task(forTarget: <none>, ruleInfo: ["Gate", "target-TargetA-T-TargetA-44525--Barrier-RegisterExecutionPolicyException"]), Task(forTarget: <none>, ruleInfo: ["Gate", "target-TargetB-T-TargetB-44533--SwiftPackageCopyFilesTaskProducer"]), Task(forTarget: TargetA, ruleInfo: ["SwiftCompile", "normal", "arm64", "Compiling fileA1.swift", "/private/var/folders/xr/m5_5rlsd6l9fk2w4ngj13k6m0000gn/T/swbuild.tmp.I9GXyx3j/Data.noindex/Test/aProject/Sources/fileA1.swift"]), Task(forTarget: <none>, ruleInfo: ["Gate", "target-TargetB-T-TargetB-44533--Barrier-StripSymbols"]), Task(forTarget: TargetA, ruleInfo: ["WriteAuxiliaryFile", "/private/var/folders/xr/m5_5rlsd6l9fk2w4ngj13k6m0000gn/T/swbuild.tmp.I9GXyx3j/Data.noindex/Test/aProject/build/aProject.build/Debug/TargetA.build/TargetA-all-non-framework-target-headers.hmap"]), Task(forTarget: <none>, ruleInfo: ["Gate", "target-TargetB-T-TargetB-44533--SanitizerTaskProducer"]), Task(forTarget: <none>, ruleInfo: ["Gate", "target-TargetB-T-TargetB-44533--swift-generated-headers"]), Task(forTarget: <none>, ruleInfo: ["Gate", "target-TargetB-T-TargetB-44533--Barrier-RegisterProduct"]), Task(forTarget: <none>, ruleInfo: ["Gate", "target-TargetB-T-TargetB-44533--GeneratedFilesTaskProducer"]), Task(forTarget: <none>, ruleInfo: ["Gate", "target-TargetA-T-TargetA-44525--Barrier-StripSymbols"]), Task(forTarget: TargetB, ruleInfo: ["GenerateTAPI", "/private/var/folders/xr/m5_5rlsd6l9fk2w4ngj13k6m0000gn/T/swbuild.tmp.I9GXyx3j/Data.noindex/Test/aProject/build/EagerLinkingTBDs/Debug/TargetB.framework/Versions/A/TargetB.tbd"]), Task(forTarget: <none>, ruleInfo: ["Gate", "target-TargetA-T-TargetA-44525--GenerateAppPlaygroundAssetCatalogTaskProducer"]), Task(forTarget: <none>, ruleInfo: ["Gate", "target-TargetA-T-TargetA-44525--Barrier-ChangePermissions"]), Task(forTarget: TargetA, ruleInfo: ["WriteAuxiliaryFile", "/private/var/folders/xr/m5_5rlsd6l9fk2w4ngj13k6m0000gn/T/swbuild.tmp.I9GXyx3j/Data.noindex/Test/aProject/build/aProject.build/Debug/TargetA.build/Objects-normal/arm64/TargetA.SwiftConstValuesFileList"]), Task(forTarget: TargetA, ruleInfo: ["MkDir", "/private/var/folders/xr/m5_5rlsd6l9fk2w4ngj13k6m0000gn/T/swbuild.tmp.I9GXyx3j/Data.noindex/Test/aProject/build/Debug/TargetA.framework/Versions"]), Task(forTarget: <none>, ruleInfo: ["Gate", "target-TargetA-T-TargetA-44525--StubBinaryTaskProducer"]), Task(forTarget: <none>, ruleInfo: ["Gate", "target-TargetB-T-TargetB-44533--ProductPostprocessingTaskProducer"]), Task(forTarget: TargetA, ruleInfo: ["WriteAuxiliaryFile", "/private/var/folders/xr/m5_5rlsd6l9fk2w4ngj13k6m0000gn/T/swbuild.tmp.I9GXyx3j/Data.noindex/Test/aProject/build/aProject.build/Debug/TargetA.build/Objects-normal/arm64/TargetA.LinkFileList"]), Task(forTarget: <none>, ruleInfo: ["Gate", "target-TargetA-T-TargetA-44525--ModuleMapTaskProducer"]), Task(forTarget: TargetA, ruleInfo: ["ExtractAppIntentsMetadata"]), Task(forTarget: TargetB, ruleInfo: ["WriteAuxiliaryFile", "/private/var/folders/xr/m5_5rlsd6l9fk2w4ngj13k6m0000gn/T/swbuild.tmp.I9GXyx3j/Data.noindex/Test/aProject/build/aProject.build/Debug/TargetB.build/TargetB.hmap"]), Task(forTarget: TargetA, ruleInfo: ["SymLink", "/private/var/folders/xr/m5_5rlsd6l9fk2w4ngj13k6m0000gn/T/swbuild.tmp.I9GXyx3j/Data.noindex/Test/aProject/build/Debug/TargetA.framework/TargetA", "Versions/Current/TargetA"]), Task(forTarget: TargetB, ruleInfo: ["MkDir", "/private/var/folders/xr/m5_5rlsd6l9fk2w4ngj13k6m0000gn/T/swbuild.tmp.I9GXyx3j/Data.noindex/Test/aProject/build/Debug/TargetB.framework/Versions/A/Headers"]), Task(forTarget: <none>, ruleInfo: ["CreateBuildDirectory", "/private/var/folders/xr/m5_5rlsd6l9fk2w4ngj13k6m0000gn/T/swbuild.tmp.I9GXyx3j/Data.noindex/Test/aProject/build/ExplicitPrecompiledModules"]), Task(forTarget: <none>, ruleInfo: ["Gate", "target-TargetA-T-TargetA-44525--RealityAssetsTaskProducer"]), Task(forTarget: <none>, ruleInfo: ["Gate", "target-TargetA-T-TargetA-44525--TestHostTaskProducer"]), Task(forTarget: TargetA, ruleInfo: ["Gate", "target-TargetA-T-TargetA-44525--will-sign"]), Task(forTarget: <none>, ruleInfo: ["CreateBuildDirectory", "/private/var/folders/xr/m5_5rlsd6l9fk2w4ngj13k6m0000gn/T/swbuild.tmp.I9GXyx3j/Data.noindex/Test/aProject/build/SharedPrecompiledHeaders"]), Task(forTarget: TargetA, ruleInfo: ["WriteAuxiliaryFile", "/private/var/folders/xr/m5_5rlsd6l9fk2w4ngj13k6m0000gn/T/swbuild.tmp.I9GXyx3j/Data.noindex/Test/aProject/build/aProject.build/Debug/TargetA.build/TargetA.hmap"]), Task(forTarget: TargetA, ruleInfo: ["SymLink", "/private/var/folders/xr/m5_5rlsd6l9fk2w4ngj13k6m0000gn/T/swbuild.tmp.I9GXyx3j/Data.noindex/Test/aProject/build/Debug/TargetA.framework/Modules", "Versions/Current/Modules"]), Task(forTarget: <none>, ruleInfo: ["Gate", "target-TargetA-T-TargetA-44525--copy-headers-completion"]), Task(forTarget: <none>, ruleInfo: ["Gate", "target-TargetA-T-TargetA-44525--fused-phase0-compile-sources"]), Task(forTarget: <none>, ruleInfo: ["Gate", "WorkspaceHeaderMapVFSFilesWritten"]), Task(forTarget: TargetB, ruleInfo: ["SymLink", "/private/var/folders/xr/m5_5rlsd6l9fk2w4ngj13k6m0000gn/T/swbuild.tmp.I9GXyx3j/Data.noindex/Test/aProject/build/Debug/TargetB.framework/Headers", "Versions/Current/Headers"]), Task(forTarget: TargetB, ruleInfo: ["SwiftDriver Compilation Requirements", "TargetB", "normal", "arm64", "com.apple.xcode.tools.swift.compiler"]), Task(forTarget: <none>, ruleInfo: ["Gate", "target-TargetA-T-TargetA-44525--Barrier-RegisterProduct"]), Task(forTarget: TargetB, ruleInfo: ["Gate", "target-TargetB-T-TargetB-44533--modules-ready"]), Task(forTarget: <none>, ruleInfo: ["CreateBuildDirectory", "/private/var/folders/xr/m5_5rlsd6l9fk2w4ngj13k6m0000gn/T/swbuild.tmp.I9GXyx3j/Data.noindex/Test/aProject/build/EagerLinkingTBDs/Debug"]), Task(forTarget: TargetB, ruleInfo: ["WriteAuxiliaryFile", "/private/var/folders/xr/m5_5rlsd6l9fk2w4ngj13k6m0000gn/T/swbuild.tmp.I9GXyx3j/Data.noindex/Test/aProject/build/aProject.build/Debug/TargetB.build/TargetB-all-target-headers.hmap"]), Task(forTarget: <none>, ruleInfo: ["Gate", "target-TargetB-T-TargetB-44533--ModuleVerifierTaskProducer"]), Task(forTarget: TargetA, ruleInfo: ["Gate", "target-TargetA-T-TargetA-44525--begin-scanning"]), Task(forTarget: TargetB, ruleInfo: ["Gate", "target-TargetB-T-TargetB-44533--immediate"]), Task(forTarget: TargetA, ruleInfo: ["GenerateTAPI", "/private/var/folders/xr/m5_5rlsd6l9fk2w4ngj13k6m0000gn/T/swbuild.tmp.I9GXyx3j/Data.noindex/Test/aProject/build/EagerLinkingTBDs/Debug/TargetA.framework/Versions/A/TargetA.tbd"]), Task(forTarget: TargetB, ruleInfo: ["SymLink", "/private/var/folders/xr/m5_5rlsd6l9fk2w4ngj13k6m0000gn/T/swbuild.tmp.I9GXyx3j/Data.noindex/Test/aProject/build/Debug/TargetB.framework/TargetB", "Versions/Current/TargetB"]), Task(forTarget: TargetB, ruleInfo: ["SwiftCompile", "normal", "arm64", "Compiling fileB2.swift", "/private/var/folders/xr/m5_5rlsd6l9fk2w4ngj13k6m0000gn/T/swbuild.tmp.I9GXyx3j/Data.noindex/Test/aProject/Sources/fileB2.swift"])]
↳ Occasionally fails in CI due to SwiftExplicitDependencyCompileModuleFromInterface missing from the dependency graph
━ Test swiftEagerCompilationWithExplicitModules() passed after 362.848 seconds with 90 known issues.
⎙ Attached 'Build Transcript.txt' to configSwitchNullBuild().
⎙ Attached 'Build Description.txt' to configSwitchNullBuild().
⎙ Attached 'Build Transcript.txt' to incrementalRebuildAcrossPlatforms().
⎙ Attached 'Build Description.txt' to incrementalRebuildAcrossPlatforms().
⎙ Attached 'Build Transcript.txt' to incrementalTUChangeDoesNotForceModuleRebuilds().
⎙ Attached 'Build Description.txt' to incrementalTUChangeDoesNotForceModuleRebuilds().
✔ Test incrementalTUChangeDoesNotForceModuleRebuilds() passed after 363.092 seconds.
⎙ Attached 'Build Transcript.txt' to incrementalBuildBasics().
⎙ Attached 'Build Description.txt' to incrementalBuildBasics().
✔ Test incrementalBuildBasics() passed after 363.197 seconds.
⎙ Attached 'Build Transcript.txt' to appShortcutsStringsValidation().
⎙ Attached 'Build Description.txt' to appShortcutsStringsValidation().
⎙ Attached 'Build Transcript.txt' to xCFrameworkProcessingStatic().
✔ Test appShortcutsStringsValidation() passed after 363.407 seconds.
✔ Suite AppShortcutsStringsValidationTests passed after 363.437 seconds.
⎙ Attached 'Build Transcript.txt' to xCFrameworkProcessingStaticSkipAutoEmbed().
⎙ Attached 'Build Transcript.txt' to preparingForIndexingOnlyTheseTargets().
⎙ Attached 'Build Description.txt' to preparingForIndexingOnlyTheseTargets().
⎙ Attached 'Build Transcript.txt' to xCFrameworkProcessingObjectSkipAutoEmbed().
⎙ Attached 'Build Transcript.txt' to intentsCodeGeneration().
⎙ Attached 'Build Description.txt' to intentsCodeGeneration().
⎙ Attached 'Build Transcript.txt' to coreDataCodeGeneration().
⎙ Attached 'Build Description.txt' to coreDataCodeGeneration().
⎙ Attached 'Build Transcript.txt' to xCFrameworkProcessingObject().
⎙ Attached 'Build Transcript.txt' to xCFrameworkProcessing().
✔ Test intentsCodeGeneration() passed after 364.088 seconds.
⎙ Attached 'Build Transcript.txt' to preparingForIndexingPackages().
⎙ Attached 'Build Description.txt' to preparingForIndexingPackages().
⎙ Attached 'Build Transcript.txt' to xCFrameworkProcessingSkipDynamicAutoEmbed().
✔ Test preparingForIndexingPackages() passed after 364.199 seconds.
⎙ Attached 'Build Transcript.txt' to buildContextDependentHeadermapNonDependency().
⎙ Attached 'Build Description.txt' to buildContextDependentHeadermapNonDependency().
⎙ Attached 'Build Transcript for Build Operation "Release".txt' to automaticMergedFrameworkCreation().
⎙ Attached 'Build Description for Build Operation "Release".txt' to automaticMergedFrameworkCreation().
⎙ Attached 'Build Transcript.txt' to coreMLCodeGeneration().
⎙ Attached 'Build Description.txt' to coreMLCodeGeneration().
✔ Test coreMLCodeGeneration() passed after 365.084 seconds.
⎙ Attached 'Build Transcript.txt' to actualMutableBehaviors().
⎙ Attached 'Build Description.txt' to actualMutableBehaviors().
⎙ Attached 'Build Transcript.txt' to pointerAuthenticationBuildSetting_iOS().
⎙ Attached 'Build Description.txt' to pointerAuthenticationBuildSetting_iOS().
⎙ Attached 'Build Transcript.txt' to cachingModulesBasicPlugin().
⎙ Attached 'Build Transcript.txt' to dSYMAccompaniesProductRebuild().
⎙ Attached 'Build Description.txt' to dSYMAccompaniesProductRebuild().
✔ Test dSYMAccompaniesProductRebuild() passed after 366.057 seconds.
⎙ Attached 'Build Transcript.txt' to previewThunkBuilds().
⎙ Attached 'Build Description.txt' to previewThunkBuilds().
⎙ Attached 'Build Transcript.txt' to incrementalDatabasePruningWithModules().
⎙ Attached 'Build Description.txt' to incrementalDatabasePruningWithModules().
⎙ Attached 'Build Transcript.txt' to validateCAS(usePlugin:enableCaching:includePostBuild:).
⎙ Attached 'Build Transcript.txt' to cachingModulesBasic().
⎙ Attached 'Build Transcript.txt' to mutatingTaskBacktraceRecording().
⎙ Attached 'Build Description.txt' to mutatingTaskBacktraceRecording().
✔ Test mutatingTaskBacktraceRecording() passed after 366.830 seconds.
⎙ Attached 'Build Transcript.txt' to cacheCleanup().
⎙ Attached 'Build Description.txt' to cacheCleanup().
⎙ Attached 'Build Transcript.txt' to cachingBasicPlugin().
⎙ Attached 'Build Description.txt' to cachingBasicPlugin().
⎙ Attached 'Build Transcript.txt' to validateCAS(usePlugin:enableCaching:includePostBuild:).
⎙ Attached 'Build Transcript.txt' to validateCAS(usePlugin:enableCaching:includePostBuild:).
⎙ Attached 'Build Transcript.txt' to validateCAS(usePlugin:enableCaching:includePostBuild:).
⎙ Attached 'Build Transcript.txt' to dSYMBundleCleanupOnDebugInfoFormatChange().
⎙ Attached 'Build Description.txt' to dSYMBundleCleanupOnDebugInfoFormatChange().
⎙ Attached 'Build Transcript.txt' to validateCAS(usePlugin:enableCaching:includePostBuild:).
✔ Test dSYMBundleCleanupOnDebugInfoFormatChange() passed after 367.174 seconds.
⎙ Attached 'Build Transcript.txt' to validateCAS(usePlugin:enableCaching:includePostBuild:).
⎙ Attached 'Build Transcript.txt' to cachingBasic().
⎙ Attached 'Build Description.txt' to cachingBasic().
⎙ Attached 'Build Transcript.txt' to switchingBetweenSanitizerModes().
⎙ Attached 'Build Description.txt' to switchingBetweenSanitizerModes().
⎙ Attached 'Build Transcript.txt' to cachingModulesWithPrecompiledHeader().
⎙ Attached 'Build Description.txt' to cachingModulesWithPrecompiledHeader().
✔ Test cachingModulesWithPrecompiledHeader() passed after 367.526 seconds.
⎙ Attached 'Build Transcript.txt' to switchingBetweenSanitizerModesNew().
⎙ Attached 'Build Description.txt' to switchingBetweenSanitizerModesNew().
⎙ Attached 'Build Transcript.txt' to complexSymlinkCaseWithDiscoveredDependencies().
⎙ Attached 'Build Description.txt' to complexSymlinkCaseWithDiscoveredDependencies().
✔ Test complexSymlinkCaseWithDiscoveredDependencies() passed after 367.735 seconds.
⎙ Attached 'Build Transcript.txt' to pointerAuthenticationBuildSetting_macOS().
⎙ Attached 'Build Description.txt' to pointerAuthenticationBuildSetting_macOS().
⎙ Attached 'Build Transcript.txt' to cachedBuild().
⎙ Attached 'Build Description.txt' to cachedBuild().
✔ Test cachedBuild() passed after 368.005 seconds.
✔ Suite ClangModuleVerifierTests passed after 368.018 seconds.
✔ Test previewThunkBuilds() passed after 368.022 seconds.
⎙ Attached 'Build Transcript.txt' to prefixHeaderDependencies().
⎙ Attached 'Build Description.txt' to prefixHeaderDependencies().
✔ Test prefixHeaderDependencies() passed after 368.103 seconds.
⎙ Attached 'Build Transcript.txt' to prefixMapping().
⎙ Attached 'Build Description.txt' to prefixMapping().
⎙ Attached 'Build Transcript.txt' to backtraceTextRendering().
⎙ Attached 'Build Description.txt' to backtraceTextRendering().
✔ Test backtraceTextRendering() passed after 369.110 seconds.
⎙ Attached 'Build Transcript.txt' to entitlementsProcessingNotInvalidatedByUnrelatedSettingsChange().
⎙ Attached 'Build Description.txt' to entitlementsProcessingNotInvalidatedByUnrelatedSettingsChange().
⎙ Attached 'Build Transcript.txt' to implicitDependency().
⎙ Attached 'Build Description.txt' to implicitDependency().
✔ Test entitlementsProcessingNotInvalidatedByUnrelatedSettingsChange() passed after 369.154 seconds.
✔ Suite CodeSigningBuildOperationTests passed after 369.175 seconds.
✔ Test implicitDependency() passed after 369.184 seconds.
✔ Suite HeadermapModuleCompatibilityTests passed after 369.194 seconds.
⎙ Attached 'Build Transcript.txt' to incrementalCodesignForCopyFileChanges().
⎙ Attached 'Build Description.txt' to incrementalCodesignForCopyFileChanges().
⎙ Attached 'Build Transcript.txt' to copiedFrameworks().
⎙ Attached 'Build Description.txt' to copiedFrameworks().
⎙ Attached 'Build Transcript.txt' to incrementalDatabasePruningWithPrecompiledHeader().
⎙ Attached 'Build Description.txt' to incrementalDatabasePruningWithPrecompiledHeader().
⎙ Attached 'Build Transcript.txt' to LLBuildBacktraceRecording().
⎙ Attached 'Build Description.txt' to LLBuildBacktraceRecording().
⎙ Attached 'Build Transcript.txt' to incrementalDatabasePruningWithPrecompiledHeaderAndModules().
⎙ Attached 'Build Description.txt' to incrementalDatabasePruningWithPrecompiledHeaderAndModules().
⎙ Attached 'Build Transcript.txt' to deeplyLinkedStaticLibraryIncrementalBuild().
⎙ Attached 'Build Description.txt' to deeplyLinkedStaticLibraryIncrementalBuild().
⎙ Attached 'Build Transcript.txt' to incrementalCodesignForCopyFileChanges_MixedOnOff().
⎙ Attached 'Build Description.txt' to incrementalCodesignForCopyFileChanges_MixedOnOff().
⎙ Attached 'Build Transcript.txt' to prefixMappingWithModuleVerifier().
⎙ Attached 'Build Description.txt' to prefixMappingWithModuleVerifier().
⎙ Attached 'Build Transcript.txt' to clangExplicitModulesScannerDependencyRollupIsComplete().
⎙ Attached 'Build Description.txt' to clangExplicitModulesScannerDependencyRollupIsComplete().
⎙ Attached 'Build Transcript.txt' to deeplyLinkedStaticLibraryIncrementalBuildForInstallBuilds().
⎙ Attached 'Build Description.txt' to deeplyLinkedStaticLibraryIncrementalBuildForInstallBuilds().
⎙ Attached 'Build Transcript.txt' to upwardIncludeModuleCycle(eagerParallelCompilation:).
⎙ Attached 'Build Description.txt' to upwardIncludeModuleCycle(eagerParallelCompilation:).
⎙ Attached 'Build Transcript.txt' to realityToolCachingBasics().
⎙ Attached 'Build Transcript.txt' to upwardIncludeModuleCycle(eagerParallelCompilation:).
⎙ Attached 'Build Description.txt' to upwardIncludeModuleCycle(eagerParallelCompilation:).
⎙ Attached 'Build Transcript.txt' to dSYMNullBuild().
⎙ Attached 'Build Description.txt' to dSYMNullBuild().
⎙ Attached 'Build Transcript for Build Operation "Link".txt' to usingMergeableXCFramework().
⎙ Attached 'Build Description for Build Operation "Link".txt' to usingMergeableXCFramework().
⎙ Attached 'Build Transcript.txt' to preprocessSingleFile().
⎙ Attached 'Build Description.txt' to preprocessSingleFile().
✔ Test preprocessSingleFile() passed after 372.051 seconds.
⎙ Attached 'Build Transcript.txt' to explicitModulesIncrementalBuildInvalidatingProjectModule().
⎙ Attached 'Build Description.txt' to explicitModulesIncrementalBuildInvalidatingProjectModule().
✔ Test usingMergeableXCFramework() passed after 372.346 seconds.
✔ Test explicitModulesIncrementalBuildInvalidatingProjectModule() passed after 372.362 seconds.
⎙ Attached 'Build Transcript.txt' to explicitBuildDefaultFromBlocklist().
⎙ Attached 'Build Description.txt' to explicitBuildDefaultFromBlocklist().
⎙ Attached 'Build Transcript.txt' to diagnosingLanguageFeatureEnablement().
⎙ Attached 'Build Description.txt' to diagnosingLanguageFeatureEnablement().
⎙ Attached 'Build Transcript.txt' to userModuleHeaderChangeInvalidatesPlanning().
⎙ Attached 'Build Description.txt' to userModuleHeaderChangeInvalidatesPlanning().
⎙ Attached 'Build Transcript.txt' to incrementalBuild_changeSameFile().
⎙ Attached 'Build Description.txt' to incrementalBuild_changeSameFile().
✔ Test userModuleHeaderChangeInvalidatesPlanning() passed after 373.438 seconds.
⎙ Attached 'Build Transcript.txt' to validateEmbeddedBinary().
⎙ Attached 'Build Description.txt' to validateEmbeddedBinary().
✔ Test validateEmbeddedBinary() passed after 373.511 seconds.
✔ Suite EmbeddedBinaryValidationTests passed after 373.536 seconds.
⎙ Attached 'Build Transcript for Build Operation "Release".txt' to mergedFrameworkCreationWithMultipleProjects().
⎙ Attached 'Build Description for Build Operation "Release".txt' to mergedFrameworkCreationWithMultipleProjects().
⎙ Attached 'Build Transcript.txt' to systemModuleOutsideSysrootHeaderChangeInvalidatesPlanning().
⎙ Attached 'Build Description.txt' to systemModuleOutsideSysrootHeaderChangeInvalidatesPlanning().
✔ Test systemModuleOutsideSysrootHeaderChangeInvalidatesPlanning() passed after 373.704 seconds.
⎙ Attached 'Build Transcript.txt' to resourceEmbedInCodeIncrementalRebuild().
⎙ Attached 'Build Description.txt' to resourceEmbedInCodeIncrementalRebuild().
✔ Test resourceEmbedInCodeIncrementalRebuild() passed after 373.756 seconds.
✔ Suite PackageBuildOperationTests passed after 373.780 seconds.
⎙ Attached 'Build Transcript.txt' to incrementalBuild_nullBuildPlanning().
⎙ Attached 'Build Description.txt' to incrementalBuild_nullBuildPlanning().
✔ Test incrementalBuild_nullBuildPlanning() passed after 373.877 seconds.
⎙ Attached 'Build Transcript.txt' to incrementalBuild_invalidateDownstreamPlanning().
⎙ Attached 'Build Description.txt' to incrementalBuild_invalidateDownstreamPlanning().
✔ Test incrementalBuild_invalidateDownstreamPlanning() passed after 373.960 seconds.
⎙ Attached 'Build Transcript.txt' to headerDependenciesOnSystemModuleOutsideSysroot().
⎙ Attached 'Build Description.txt' to headerDependenciesOnSystemModuleOutsideSysroot().
⎙ Attached 'Build Transcript.txt' to incrementalBuild_eagerCompilation().
⎙ Attached 'Build Description.txt' to incrementalBuild_eagerCompilation().
⎙ Attached 'Build Transcript.txt' to discoveredDependencies().
⎙ Attached 'Build Description.txt' to discoveredDependencies().
⎙ Attached 'Build Transcript.txt' to incrementalBuildRecordCorrectlyPersistsCompileFailures().
⎙ Attached 'Build Description.txt' to incrementalBuildRecordCorrectlyPersistsCompileFailures().
✔ Test incrementalBuildRecordCorrectlyPersistsCompileFailures() passed after 374.442 seconds.
⎙ Attached 'Build Transcript.txt' to preparingWithDuplicateProducts().
⎙ Attached 'Build Description.txt' to preparingWithDuplicateProducts().
⎙ Attached 'Build Transcript.txt' to validateCAS().
⎙ Attached 'Build Transcript.txt' to diagnosingMissingTargetDependencies().
⎙ Attached 'Build Description.txt' to diagnosingMissingTargetDependencies().
⎙ Attached 'Build Transcript.txt' to preparingWithDuplicateScriptOutput().
⎙ Attached 'Build Description.txt' to preparingWithDuplicateScriptOutput().
⎙ Attached 'Build Transcript.txt' to wrapperFileTypeMonitoring().
⎙ Attached 'Build Description.txt' to wrapperFileTypeMonitoring().
✔ Test preparingWithDuplicateScriptOutput() passed after 374.936 seconds.
✔ Test wrapperFileTypeMonitoring() passed after 374.941 seconds.
⎙ Attached 'Build Transcript.txt' to swiftCASLimiting().
⎙ Attached 'Build Description.txt' to swiftCASLimiting().
⎙ Attached 'Build Transcript.txt' to swiftDiscoveredDeps().
⎙ Attached 'Build Description.txt' to swiftDiscoveredDeps().
⎙ Attached 'Build Transcript.txt' to diagnosingMissingTargetDependencies().
⎙ Attached 'Build Description.txt' to diagnosingMissingTargetDependencies().
⎙ Attached 'Build Transcript.txt' to swiftCachingSimple().
⎙ Attached 'Build Description.txt' to swiftCachingSimple().
⎙ Attached 'Build Transcript.txt' to swiftSubtaskReporting().
⎙ Attached 'Build Description.txt' to swiftSubtaskReporting().
✔ Test swiftCachingSimple() passed after 375.235 seconds.
✔ Test swiftSubtaskReporting() passed after 375.263 seconds.
⎙ Attached 'Build Transcript.txt' to consumingObjectLibraryIncrementalBuild().
⎙ Attached 'Build Description.txt' to consumingObjectLibraryIncrementalBuild().
⎙ Attached 'Build Transcript.txt' to outputAgnosticsFlagsRebuild().
⎙ Attached 'Build Description.txt' to outputAgnosticsFlagsRebuild().
⎙ Attached 'Build Transcript.txt' to indexingAndPreviewInfo().
⎙ Attached 'Build Description.txt' to indexingAndPreviewInfo().
⎙ Attached 'Build Transcript.txt' to actualMinimalFramework().
⎙ Attached 'Build Description.txt' to actualMinimalFramework().
⎙ Attached 'Build Transcript.txt' to singleFileCompile().
⎙ Attached 'Build Description.txt' to singleFileCompile().
⎙ Attached 'Build Transcript.txt' to signatureDiffing().
⎙ Attached 'Build Description.txt' to signatureDiffing().
⎙ Attached 'Build Transcript.txt' to dylibIncrementalInstallAPI().
⎙ Attached 'Build Description.txt' to dylibIncrementalInstallAPI().
⎙ Attached 'Build Transcript.txt' to frameworkIncrementalInstallAPIPostHeaderRemoval().
⎙ Attached 'Build Description.txt' to frameworkIncrementalInstallAPIPostHeaderRemoval().
⎙ Attached 'Build Transcript.txt' to frameworkIncrementalInstallAPI().
⎙ Attached 'Build Description.txt' to frameworkIncrementalInstallAPI().
⎙ Attached 'Build Transcript.txt' to incrementalFwkTAPI().
⎙ Attached 'Build Description.txt' to incrementalFwkTAPI().
✔ Test incrementalFwkTAPI() passed after 376.073 seconds.
⎙ Attached 'Build Transcript.txt' to incrementalCodesignForCopyFileChangesWithAppHostedTests().
⎙ Attached 'Build Description.txt' to incrementalCodesignForCopyFileChangesWithAppHostedTests().
⎙ Attached 'Build Transcript.txt' to appHostedTestTargetRebuild().
⎙ Attached 'Build Description.txt' to appHostedTestTargetRebuild().
━ Test appHostedTestTargetRebuild() recorded a known issue at UnitTestBuildOperationTests.swift:827:50: Issue recorded
↳ unable to find any task matching conditions '[Target == AppTarget, RuleType == SwiftDriver]', among tasks: 'Task(forTarget: AppTarget, ruleInfo: ["CodeSign", "/private/var/folders/xr/m5_5rlsd6l9fk2w4ngj13k6m0000gn/T/swbuild.tmp.Jfd1gu5V/Data.noindex/Test/aProject/build/Debug/AppTarget.app"]),
  	Task(forTarget: AppTarget, ruleInfo: ["RegisterWithLaunchServices", "/private/var/folders/xr/m5_5rlsd6l9fk2w4ngj13k6m0000gn/T/swbuild.tmp.Jfd1gu5V/Data.noindex/Test/aProject/build/Debug/AppTarget.app"]),
  	Task(forTarget: AppTarget, ruleInfo: ["Validate", "/private/var/folders/xr/m5_5rlsd6l9fk2w4ngj13k6m0000gn/T/swbuild.tmp.Jfd1gu5V/Data.noindex/Test/aProject/build/Debug/AppTarget.app"]),
  	Task(forTarget: UnitTestTarget, ruleInfo: ["CodeSign", "/private/var/folders/xr/m5_5rlsd6l9fk2w4ngj13k6m0000gn/T/swbuild.tmp.Jfd1gu5V/Data.noindex/Test/aProject/build/Debug/AppTarget.app/Contents/PlugIns/UnitTestTarget.xctest"]),
  	Task(forTarget: UnitTestTarget, ruleInfo: ["Copy", "/private/var/folders/xr/m5_5rlsd6l9fk2w4ngj13k6m0000gn/T/swbuild.tmp.Jfd1gu5V/Data.noindex/Test/aProject/build/Debug/UnitTestTarget.swiftmodule/Project/arm64-apple-macos.swiftsourceinfo", "/private/var/folders/xr/m5_5rlsd6l9fk2w4ngj13k6m0000gn/T/swbuild.tmp.Jfd1gu5V/Data.noindex/Test/aProject/build/aProject.build/Debug/UnitTestTarget.build/Objects-normal/arm64/UnitTestTarget.swiftsourceinfo"]),
  	Task(forTarget: UnitTestTarget, ruleInfo: ["Copy", "/private/var/folders/xr/m5_5rlsd6l9fk2w4ngj13k6m0000gn/T/swbuild.tmp.Jfd1gu5V/Data.noindex/Test/aProject/build/Debug/UnitTestTarget.swiftmodule/arm64-apple-macos.abi.json", "/private/var/folders/xr/m5_5rlsd6l9fk2w4ngj13k6m0000gn/T/swbuild.tmp.Jfd1gu5V/Data.noindex/Test/aProject/build/aProject.build/Debug/UnitTestTarget.build/Objects-normal/arm64/UnitTestTarget.abi.json"]),
  	Task(forTarget: UnitTestTarget, ruleInfo: ["CopySwiftLibs", "/private/var/folders/xr/m5_5rlsd6l9fk2w4ngj13k6m0000gn/T/swbuild.tmp.Jfd1gu5V/Data.noindex/Test/aProject/build/Debug/AppTarget.app/Contents/PlugIns/UnitTestTarget.xctest"]),
  	Task(forTarget: UnitTestTarget, ruleInfo: ["ExtractAppIntentsMetadata"]),
  	Task(forTarget: UnitTestTarget, ruleInfo: ["Gate", "target-UnitTestTarget-T-UnitTestTarget-26811--end"]),
  	Task(forTarget: UnitTestTarget, ruleInfo: ["Gate", "target-UnitTestTarget-T-UnitTestTarget-26811--linker-inputs-ready"]),
  	Task(forTarget: UnitTestTarget, ruleInfo: ["Gate", "target-UnitTestTarget-T-UnitTestTarget-26811--modules-ready"]),
  	Task(forTarget: UnitTestTarget, ruleInfo: ["Gate", "target-UnitTestTarget-T-UnitTestTarget-26811--unsigned-product-ready"]),
  	Task(forTarget: UnitTestTarget, ruleInfo: ["Ld", "/private/var/folders/xr/m5_5rlsd6l9fk2w4ngj13k6m0000gn/T/swbuild.tmp.Jfd1gu5V/Data.noindex/Test/aProject/build/Debug/AppTarget.app/Contents/PlugIns/UnitTestTarget.xctest/Contents/MacOS/UnitTestTarget", "normal"]),
  	Task(forTarget: UnitTestTarget, ruleInfo: ["SwiftCompile", "normal", "arm64", "Compiling TestOne.swift", "/private/var/folders/xr/m5_5rlsd6l9fk2w4ngj13k6m0000gn/T/swbuild.tmp.Jfd1gu5V/Data.noindex/Test/aProject/TestOne.swift"]),
  	Task(forTarget: UnitTestTarget, ruleInfo: ["SwiftDriver", "UnitTestTarget", "normal", "arm64", "com.apple.xcode.tools.swift.compiler"]),
  	Task(forTarget: UnitTestTarget, ruleInfo: ["SwiftDriver Compilation", "UnitTestTarget", "normal", "arm64", "com.apple.xcode.tools.swift.compiler"]),
  	Task(forTarget: UnitTestTarget, ruleInfo: ["SwiftDriver Compilation Requirements", "UnitTestTarget", "normal", "arm64", "com.apple.xcode.tools.swift.compiler"]),
  	Task(forTarget: UnitTestTarget, ruleInfo: ["SwiftEmitModule", "normal", "arm64", "Emitting module for UnitTestTarget"]),
  	Task(forTarget: <none>, ruleInfo: ["ClangStatCache", "/Applications/Xcode17E.app/Contents/Developer/Toolchains/XcodeDefault.xctoolchain/usr/bin/clang-stat-cache", "/Applications/Xcode17E.app/Contents/Developer/Platforms/MacOSX.platform/Developer/SDKs/MacOSX26.4.sdk", "/private/var/folders/xr/m5_5rlsd6l9fk2w4ngj13k6m0000gn/T/swbuild.tmp.Jfd1gu5V/Data.noindex/Test/SDKStatCaches.noindex/macosx26.4-25E260-95aa6cf8f3effd57bda17e0c125410c0.sdkstatcache"]),
  	Task(forTarget: <none>, ruleInfo: ["Gate", "target-UnitTestTarget-T-UnitTestTarget-26811--fused-phase0-compile-sources"]),
  	Task(forTarget: <none>, ruleInfo: ["Gate", "target-UnitTestTarget-T-UnitTestTarget-26811--swift-generated-headers"])'
↳ fails due to rdar://72202535
━ Test appHostedTestTargetRebuild() recorded a known issue at UnitTestBuildOperationTests.swift:830:50: Issue recorded
↳ unable to find any task matching conditions '[Target == AppTarget, RuleType == Ld]', among tasks: 'Task(forTarget: AppTarget, ruleInfo: ["CodeSign", "/private/var/folders/xr/m5_5rlsd6l9fk2w4ngj13k6m0000gn/T/swbuild.tmp.Jfd1gu5V/Data.noindex/Test/aProject/build/Debug/AppTarget.app"]),
  	Task(forTarget: AppTarget, ruleInfo: ["RegisterWithLaunchServices", "/private/var/folders/xr/m5_5rlsd6l9fk2w4ngj13k6m0000gn/T/swbuild.tmp.Jfd1gu5V/Data.noindex/Test/aProject/build/Debug/AppTarget.app"]),
  	Task(forTarget: AppTarget, ruleInfo: ["Validate", "/private/var/folders/xr/m5_5rlsd6l9fk2w4ngj13k6m0000gn/T/swbuild.tmp.Jfd1gu5V/Data.noindex/Test/aProject/build/Debug/AppTarget.app"]),
  	Task(forTarget: UnitTestTarget, ruleInfo: ["CodeSign", "/private/var/folders/xr/m5_5rlsd6l9fk2w4ngj13k6m0000gn/T/swbuild.tmp.Jfd1gu5V/Data.noindex/Test/aProject/build/Debug/AppTarget.app/Contents/PlugIns/UnitTestTarget.xctest"]),
  	Task(forTarget: UnitTestTarget, ruleInfo: ["Copy", "/private/var/folders/xr/m5_5rlsd6l9fk2w4ngj13k6m0000gn/T/swbuild.tmp.Jfd1gu5V/Data.noindex/Test/aProject/build/Debug/UnitTestTarget.swiftmodule/Project/arm64-apple-macos.swiftsourceinfo", "/private/var/folders/xr/m5_5rlsd6l9fk2w4ngj13k6m0000gn/T/swbuild.tmp.Jfd1gu5V/Data.noindex/Test/aProject/build/aProject.build/Debug/UnitTestTarget.build/Objects-normal/arm64/UnitTestTarget.swiftsourceinfo"]),
  	Task(forTarget: UnitTestTarget, ruleInfo: ["Copy", "/private/var/folders/xr/m5_5rlsd6l9fk2w4ngj13k6m0000gn/T/swbuild.tmp.Jfd1gu5V/Data.noindex/Test/aProject/build/Debug/UnitTestTarget.swiftmodule/arm64-apple-macos.abi.json", "/private/var/folders/xr/m5_5rlsd6l9fk2w4ngj13k6m0000gn/T/swbuild.tmp.Jfd1gu5V/Data.noindex/Test/aProject/build/aProject.build/Debug/UnitTestTarget.build/Objects-normal/arm64/UnitTestTarget.abi.json"]),
  	Task(forTarget: UnitTestTarget, ruleInfo: ["CopySwiftLibs", "/private/var/folders/xr/m5_5rlsd6l9fk2w4ngj13k6m0000gn/T/swbuild.tmp.Jfd1gu5V/Data.noindex/Test/aProject/build/Debug/AppTarget.app/Contents/PlugIns/UnitTestTarget.xctest"]),
  	Task(forTarget: UnitTestTarget, ruleInfo: ["ExtractAppIntentsMetadata"]),
  	Task(forTarget: UnitTestTarget, ruleInfo: ["Gate", "target-UnitTestTarget-T-UnitTestTarget-26811--end"]),
  	Task(forTarget: UnitTestTarget, ruleInfo: ["Gate", "target-UnitTestTarget-T-UnitTestTarget-26811--linker-inputs-ready"]),
  	Task(forTarget: UnitTestTarget, ruleInfo: ["Gate", "target-UnitTestTarget-T-UnitTestTarget-26811--modules-ready"]),
  	Task(forTarget: UnitTestTarget, ruleInfo: ["Gate", "target-UnitTestTarget-T-UnitTestTarget-26811--unsigned-product-ready"]),
  	Task(forTarget: UnitTestTarget, ruleInfo: ["Ld", "/private/var/folders/xr/m5_5rlsd6l9fk2w4ngj13k6m0000gn/T/swbuild.tmp.Jfd1gu5V/Data.noindex/Test/aProject/build/Debug/AppTarget.app/Contents/PlugIns/UnitTestTarget.xctest/Contents/MacOS/UnitTestTarget", "normal"]),
  	Task(forTarget: UnitTestTarget, ruleInfo: ["SwiftCompile", "normal", "arm64", "Compiling TestOne.swift", "/private/var/folders/xr/m5_5rlsd6l9fk2w4ngj13k6m0000gn/T/swbuild.tmp.Jfd1gu5V/Data.noindex/Test/aProject/TestOne.swift"]),
  	Task(forTarget: UnitTestTarget, ruleInfo: ["SwiftDriver", "UnitTestTarget", "normal", "arm64", "com.apple.xcode.tools.swift.compiler"]),
  	Task(forTarget: UnitTestTarget, ruleInfo: ["SwiftDriver Compilation", "UnitTestTarget", "normal", "arm64", "com.apple.xcode.tools.swift.compiler"]),
  	Task(forTarget: UnitTestTarget, ruleInfo: ["SwiftDriver Compilation Requirements", "UnitTestTarget", "normal", "arm64", "com.apple.xcode.tools.swift.compiler"]),
  	Task(forTarget: UnitTestTarget, ruleInfo: ["SwiftEmitModule", "normal", "arm64", "Emitting module for UnitTestTarget"]),
  	Task(forTarget: <none>, ruleInfo: ["ClangStatCache", "/Applications/Xcode17E.app/Contents/Developer/Toolchains/XcodeDefault.xctoolchain/usr/bin/clang-stat-cache", "/Applications/Xcode17E.app/Contents/Developer/Platforms/MacOSX.platform/Developer/SDKs/MacOSX26.4.sdk", "/private/var/folders/xr/m5_5rlsd6l9fk2w4ngj13k6m0000gn/T/swbuild.tmp.Jfd1gu5V/Data.noindex/Test/SDKStatCaches.noindex/macosx26.4-25E260-95aa6cf8f3effd57bda17e0c125410c0.sdkstatcache"]),
  	Task(forTarget: <none>, ruleInfo: ["Gate", "target-UnitTestTarget-T-UnitTestTarget-26811--fused-phase0-compile-sources"]),
  	Task(forTarget: <none>, ruleInfo: ["Gate", "target-UnitTestTarget-T-UnitTestTarget-26811--swift-generated-headers"])'
↳ fails due to rdar://72202535
⎙ Attached 'Build Transcript.txt' to shellScriptContentAwareIncrementalBehaviorWithTwoPhases().
⎙ Attached 'Build Description.txt' to shellScriptContentAwareIncrementalBehaviorWithTwoPhases().
⎙ Attached 'Build Transcript.txt' to architectureSwitching().
⎙ Attached 'Build Description.txt' to architectureSwitching().
⎙ Attached 'Build Transcript.txt' to buildDescriptionUseInBuildSystemCaching().
⎙ Attached 'Build Description.txt' to buildDescriptionUseInBuildSystemCaching().
⎙ Attached 'Build Transcript.txt' to directoryInputBasic().
⎙ Attached 'Build Description.txt' to directoryInputBasic().
━ Test appHostedTestTargetRebuild() passed after 376.250 seconds with 9 known issues.
✔ Test buildDescriptionUseInBuildSystemCaching() passed after 376.262 seconds.
✔ Test directoryInputBasic() passed after 313.669 seconds.
◇ Test directoryInputAndOutput() started.
⎙ Attached 'Build Transcript.txt' to incrementalCodesignForCopyFileChanges_iOS().
⎙ Attached 'Build Description.txt' to incrementalCodesignForCopyFileChanges_iOS().
⎙ Attached 'Build Transcript.txt' to cachingPluginOniOSPlatform().
⎙ Attached 'Build Description.txt' to cachingPluginOniOSPlatform().
⎙ Attached 'Build Transcript.txt' to copiedFrameworkContentPruning(runDestination:).
⎙ Attached 'Build Description.txt' to copiedFrameworkContentPruning(runDestination:).
⎙ Attached 'Build Transcript.txt' to targetedDeviceFamilyFiltering_watchOS().
⎙ Attached 'Build Description.txt' to targetedDeviceFamilyFiltering_watchOS().
⎙ Attached 'Build Transcript.txt' to targetedDeviceFamilyFiltering_tvOS().
⎙ Attached 'Build Description.txt' to targetedDeviceFamilyFiltering_tvOS().
⎙ Attached 'Build Transcript.txt' to targetedDeviceFamilyFiltering_macOS().
⎙ Attached 'Build Description.txt' to targetedDeviceFamilyFiltering_macOS().
⎙ Attached 'Build Transcript.txt' to stubifyAvoidsRelinkingWhenExportedSymbolsDoNotChange().
⎙ Attached 'Build Description.txt' to stubifyAvoidsRelinkingWhenExportedSymbolsDoNotChange().
⎙ Attached 'Build Transcript.txt' to shellScriptContentAwareIncrementalBehaviors().
⎙ Attached 'Build Description.txt' to shellScriptContentAwareIncrementalBehaviors().
✔ Test shellScriptContentAwareIncrementalBehaviors() passed after 376.787 seconds.
⎙ Attached 'Build Transcript.txt' to copiedFrameworkContentPruning(runDestination:).
⎙ Attached 'Build Description.txt' to copiedFrameworkContentPruning(runDestination:).
⎙ Attached 'Build Transcript.txt' to buildingHostTools().
⎙ Attached 'Build Description.txt' to buildingHostTools().
⎙ Attached 'Build Transcript.txt' to prepareForIndexResultInfo().
⎙ Attached 'Build Description.txt' to prepareForIndexResultInfo().
⎙ Attached 'Build Transcript.txt' to onDiskBuildDescriptionCache().
⎙ Attached 'Build Description.txt' to onDiskBuildDescriptionCache().
⎙ Attached 'Build Transcript.txt' to inMemoryBuildDescriptionCache().
⎙ Attached 'Build Description.txt' to inMemoryBuildDescriptionCache().
✔ Test inMemoryBuildDescriptionCache() passed after 378.057 seconds.
⎙ Attached 'Build Transcript.txt' to previewXOJITBuilds(linkerDriver:).
⎙ Attached 'Build Description.txt' to previewXOJITBuilds(linkerDriver:).
⎙ Attached 'Build Transcript.txt' to previewXOJITBuilds(linkerDriver:).
⎙ Attached 'Build Description.txt' to previewXOJITBuilds(linkerDriver:).
⎙ Attached 'Build Transcript.txt' to minimalCopiedBundle().
⎙ Attached 'Build Description.txt' to minimalCopiedBundle().
⎙ Attached 'Build Transcript.txt' to infoPlistPreprocessingMerging().
⎙ Attached 'Build Description.txt' to infoPlistPreprocessingMerging().
⎙ Attached 'Build Transcript.txt' to assetCatalogCachingBasics().
✔ Test infoPlistPreprocessingMerging() passed after 378.258 seconds.
✔ Suite InfoPlistBuildOperationTests passed after 378.285 seconds.
⎙ Attached 'Build Transcript.txt' to targetedDeviceFamilyFiltering_iOS().
⎙ Attached 'Build Description.txt' to targetedDeviceFamilyFiltering_iOS().
⎙ Attached 'Build Transcript.txt' to ibtoolCachingBasics().
⎙ Attached 'Build Transcript.txt' to copiedFrameworkContentPruning(runDestination:).
⎙ Attached 'Build Description.txt' to copiedFrameworkContentPruning(runDestination:).
✔ Test copiedFrameworkContentPruning(runDestination:) with 3 test cases passed after 378.433 seconds.
⎙ Attached 'Build Transcript.txt' to configSwitchNullBuild().
⎙ Attached 'Build Description.txt' to configSwitchNullBuild().
✔ Test configSwitchNullBuild() passed after 378.585 seconds.
⎙ Attached 'Build Transcript.txt' to assembleSingleFile().
⎙ Attached 'Build Description.txt' to assembleSingleFile().
⎙ Attached 'Build Transcript.txt' to assetCatalogIncrementalRebuild().
⎙ Attached 'Build Description.txt' to assetCatalogIncrementalRebuild().
✔ Test assembleSingleFile() passed after 378.660 seconds.
⎙ Attached 'Build Transcript.txt' to uiTestTarget_iOS().
⎙ Attached 'Build Description.txt' to uiTestTarget_iOS().
✔ Test uiTestTarget_iOS() passed after 380.950 seconds.
⎙ Attached 'Build Transcript.txt' to xCFrameworkProcessingStaticSkipAutoEmbed().
⎙ Attached 'Build Description.txt' to xCFrameworkProcessingStaticSkipAutoEmbed().
⎙ Attached 'Build Transcript.txt' to xCFrameworkProcessingObjectSkipAutoEmbed().
⎙ Attached 'Build Description.txt' to xCFrameworkProcessingObjectSkipAutoEmbed().
⎙ Attached 'Build Transcript.txt' to buildContextDependentHeadermapNonDependency().
⎙ Attached 'Build Description.txt' to buildContextDependentHeadermapNonDependency().
⎙ Attached 'Build Transcript.txt' to xCFrameworkProcessingStatic().
⎙ Attached 'Build Description.txt' to xCFrameworkProcessingStatic().
✔ Test buildContextDependentHeadermapNonDependency() passed after 381.159 seconds.
⎙ Attached 'Build Transcript.txt' to incrementalRebuildAcrossPlatforms().
⎙ Attached 'Build Description.txt' to incrementalRebuildAcrossPlatforms().
⎙ Attached 'Build Transcript.txt' to actualMutableBehaviors().
⎙ Attached 'Build Description.txt' to actualMutableBehaviors().
⎙ Attached 'Build Transcript.txt' to appHostedTestTarget_iOS().
⎙ Attached 'Build Description.txt' to appHostedTestTarget_iOS().
✔ Test appHostedTestTarget_iOS() passed after 381.664 seconds.
⎙ Attached 'Build Transcript.txt' to preparingForIndexingOnlyTheseTargets().
⎙ Attached 'Build Description.txt' to preparingForIndexingOnlyTheseTargets().
⎙ Attached 'Build Transcript.txt' to xCFrameworkProcessing().
⎙ Attached 'Build Description.txt' to xCFrameworkProcessing().
⎙ Attached 'Build Transcript.txt' to xCFrameworkProcessingSkipDynamicAutoEmbed().
⎙ Attached 'Build Description.txt' to xCFrameworkProcessingSkipDynamicAutoEmbed().
⎙ Attached 'Build Transcript.txt' to xCFrameworkProcessingObject().
⎙ Attached 'Build Description.txt' to xCFrameworkProcessingObject().
✔ Test preparingForIndexingOnlyTheseTargets() passed after 382.634 seconds.
⎙ Attached 'Build Transcript.txt' to incrementalDatabasePruningWithModules().
⎙ Attached 'Build Description.txt' to incrementalDatabasePruningWithModules().
⎙ Attached 'Build Transcript.txt' to cacheCleanup().
⎙ Attached 'Build Transcript.txt' to validateCAS(usePlugin:enableCaching:includePostBuild:).
⎙ Attached 'Build Description.txt' to validateCAS(usePlugin:enableCaching:includePostBuild:).
⎙ Attached 'Build Transcript.txt' to cachingModulesBasicPlugin().
⎙ Attached 'Build Description.txt' to cachingModulesBasicPlugin().
✔ Test incrementalDatabasePruningWithModules() passed after 382.829 seconds.
⎙ Attached 'Build Transcript.txt' to cachingBasicPlugin().
⎙ Attached 'Build Description.txt' to cachingBasicPlugin().
⎙ Attached 'Build Transcript.txt' to validateCAS(usePlugin:enableCaching:includePostBuild:).
⎙ Attached 'Build Description.txt' to validateCAS(usePlugin:enableCaching:includePostBuild:).
✔ Test cachingBasicPlugin() passed after 382.978 seconds.
⎙ Attached 'Build Transcript.txt' to cachingModulesBasic().
⎙ Attached 'Build Description.txt' to cachingModulesBasic().
⎙ Attached 'Build Transcript.txt' to validateCAS(usePlugin:enableCaching:includePostBuild:).
⎙ Attached 'Build Description.txt' to validateCAS(usePlugin:enableCaching:includePostBuild:).
⎙ Attached 'Build Transcript.txt' to validateCAS(usePlugin:enableCaching:includePostBuild:).
⎙ Attached 'Build Description.txt' to validateCAS(usePlugin:enableCaching:includePostBuild:).
⎙ Attached 'Build Transcript.txt' to validateCAS(usePlugin:enableCaching:includePostBuild:).
⎙ Attached 'Build Description.txt' to validateCAS(usePlugin:enableCaching:includePostBuild:).
⎙ Attached 'Build Transcript.txt' to cachingBasic().
⎙ Attached 'Build Description.txt' to cachingBasic().
✔ Test cachingBasic() passed after 383.316 seconds.
⎙ Attached 'Build Transcript.txt' to switchingBetweenSanitizerModes().
⎙ Attached 'Build Description.txt' to switchingBetweenSanitizerModes().
⎙ Attached 'Build Transcript.txt' to validateCAS(usePlugin:enableCaching:includePostBuild:).
⎙ Attached 'Build Description.txt' to validateCAS(usePlugin:enableCaching:includePostBuild:).
⎙ Attached 'Build Transcript.txt' to prefixMapping().
⎙ Attached 'Build Transcript.txt' to switchingBetweenSanitizerModesNew().
⎙ Attached 'Build Description.txt' to switchingBetweenSanitizerModesNew().
✔ Test validateCAS(usePlugin:enableCaching:includePostBuild:) with 6 test cases passed after 383.405 seconds.
✔ Test prefixMapping() passed after 383.408 seconds.
⎙ Attached 'Build Transcript.txt' to pointerAuthenticationBuildSetting_iOS().
⎙ Attached 'Build Description.txt' to pointerAuthenticationBuildSetting_iOS().
⎙ Attached 'Build Transcript.txt' to incrementalCodesignForCopyFileChanges().
⎙ Attached 'Build Description.txt' to incrementalCodesignForCopyFileChanges().
⎙ Attached 'Build Transcript.txt' to copiedFrameworks().
⎙ Attached 'Build Description.txt' to copiedFrameworks().
⎙ Attached 'Build Transcript.txt' to incrementalDatabasePruningWithPrecompiledHeader().
⎙ Attached 'Build Description.txt' to incrementalDatabasePruningWithPrecompiledHeader().
✔ Test incrementalDatabasePruningWithPrecompiledHeader() passed after 385.323 seconds.
⎙ Attached 'Build Transcript.txt' to incrementalDatabasePruningWithPrecompiledHeaderAndModules().
⎙ Attached 'Build Description.txt' to incrementalDatabasePruningWithPrecompiledHeaderAndModules().
⎙ Attached 'Build Transcript.txt' to LLBuildBacktraceRecording().
⎙ Attached 'Build Description.txt' to LLBuildBacktraceRecording().
✔ Test incrementalDatabasePruningWithPrecompiledHeaderAndModules() passed after 385.499 seconds.
⎙ Attached 'Build Transcript.txt' to prefixMappingWithModuleVerifier().
✔ Test LLBuildBacktraceRecording() passed after 385.506 seconds.
✔ Test prefixMappingWithModuleVerifier() passed after 385.509 seconds.
⎙ Attached 'Build Transcript.txt' to deeplyLinkedStaticLibraryIncrementalBuild().
⎙ Attached 'Build Description.txt' to deeplyLinkedStaticLibraryIncrementalBuild().
✔ Test deeplyLinkedStaticLibraryIncrementalBuild() passed after 385.631 seconds.
⎙ Attached 'Build Transcript.txt' to clangExplicitModulesScannerDependencyRollupIsComplete().
⎙ Attached 'Build Description.txt' to clangExplicitModulesScannerDependencyRollupIsComplete().
✔ Test clangExplicitModulesScannerDependencyRollupIsComplete() passed after 385.718 seconds.
⎙ Attached 'Build Transcript.txt' to coreDataCodeGeneration().
⎙ Attached 'Build Description.txt' to coreDataCodeGeneration().
⎙ Attached 'Build Transcript.txt' to incrementalCodesignForCopyFileChanges_MixedOnOff().
⎙ Attached 'Build Description.txt' to incrementalCodesignForCopyFileChanges_MixedOnOff().
⎙ Attached 'Build Transcript.txt' to upwardIncludeModuleCycle(eagerParallelCompilation:).
⎙ Attached 'Build Description.txt' to upwardIncludeModuleCycle(eagerParallelCompilation:).
⎙ Attached 'Build Transcript.txt' to upwardIncludeModuleCycle(eagerParallelCompilation:).
⎙ Attached 'Build Description.txt' to upwardIncludeModuleCycle(eagerParallelCompilation:).
⎙ Attached 'Build Transcript.txt' to explicitBuildDefaultFromBlocklist().
⎙ Attached 'Build Description.txt' to explicitBuildDefaultFromBlocklist().
✔ Test upwardIncludeModuleCycle(eagerParallelCompilation:) with 2 test cases passed after 385.867 seconds.
✔ Suite DependencyCycleDiagnosticsTests passed after 385.895 seconds.
⎙ Attached 'Build Transcript.txt' to diagnosingLanguageFeatureEnablement().
⎙ Attached 'Build Description.txt' to diagnosingLanguageFeatureEnablement().
✔ Test explicitBuildDefaultFromBlocklist() passed after 385.902 seconds.
⎙ Attached 'Build Transcript.txt' to dSYMNullBuild().
⎙ Attached 'Build Description.txt' to dSYMNullBuild().
✔ Test dSYMNullBuild() passed after 385.938 seconds.
✔ Suite DsymGenerationBuildOperationTests passed after 385.960 seconds.
⎙ Attached 'Build Transcript.txt' to deeplyLinkedStaticLibraryIncrementalBuildForInstallBuilds().
⎙ Attached 'Build Description.txt' to deeplyLinkedStaticLibraryIncrementalBuildForInstallBuilds().
✔ Test deeplyLinkedStaticLibraryIncrementalBuildForInstallBuilds() passed after 386.016 seconds.
⎙ Attached 'Build Transcript.txt' to incrementalBuild_eagerCompilation().
⎙ Attached 'Build Description.txt' to incrementalBuild_eagerCompilation().
⎙ Attached 'Build Transcript.txt' to pointerAuthenticationBuildSetting_macOS().
⎙ Attached 'Build Description.txt' to pointerAuthenticationBuildSetting_macOS().
⎙ Attached 'Build Transcript.txt' to discoveredDependencies().
⎙ Attached 'Build Description.txt' to discoveredDependencies().
⎙ Attached 'Build Transcript.txt' to headerDependenciesOnSystemModuleOutsideSysroot().
⎙ Attached 'Build Description.txt' to headerDependenciesOnSystemModuleOutsideSysroot().
✔ Test headerDependenciesOnSystemModuleOutsideSysroot() passed after 386.415 seconds.
✔ Suite ClangBuildOperationTests passed after 386.426 seconds.
⎙ Attached 'Build Transcript.txt' to preparingWithDuplicateProducts().
⎙ Attached 'Build Description.txt' to preparingWithDuplicateProducts().
⎙ Attached 'Build Transcript.txt' to diagnosingMissingTargetDependencies().
✔ Test preparingWithDuplicateProducts() passed after 386.464 seconds.
⎙ Attached 'Build Transcript.txt' to swiftCASLimiting().
⎙ Attached 'Build Transcript.txt' to incrementalBuild_changeSameFile().
⎙ Attached 'Build Description.txt' to incrementalBuild_changeSameFile().
✔ Test incrementalBuild_changeSameFile() passed after 386.523 seconds.
⎙ Attached 'Build Transcript.txt' to diagnosingMissingTargetDependencies().
✔ Test diagnosingMissingTargetDependencies() passed after 386.528 seconds.
⎙ Attached 'Build Transcript.txt' to validateCAS().
⎙ Attached 'Build Description.txt' to validateCAS().
✔ Test validateCAS() passed after 386.599 seconds.
⎙ Attached 'Build Transcript.txt' to swiftDiscoveredDeps().
⎙ Attached 'Build Description.txt' to swiftDiscoveredDeps().
⎙ Attached 'Build Transcript.txt' to consumingObjectLibraryIncrementalBuild().
⎙ Attached 'Build Description.txt' to consumingObjectLibraryIncrementalBuild().
⎙ Attached 'Build Transcript.txt' to outputAgnosticsFlagsRebuild().
⎙ Attached 'Build Description.txt' to outputAgnosticsFlagsRebuild().
✔ Test consumingObjectLibraryIncrementalBuild() passed after 386.778 seconds.
✔ Suite ObjectLibraryBuildOperationTests passed after 386.792 seconds.
⎙ Attached 'Build Transcript.txt' to singleFileCompile().
⎙ Attached 'Build Description.txt' to singleFileCompile().
✔ Test singleFileCompile() passed after 386.867 seconds.
✔ Suite BuildCommandTests passed after 386.891 seconds.
⎙ Attached 'Build Transcript.txt' to actualMinimalFramework().
⎙ Attached 'Build Description.txt' to actualMinimalFramework().
⎙ Attached 'Build Transcript.txt' to dylibIncrementalInstallAPI().
⎙ Attached 'Build Description.txt' to dylibIncrementalInstallAPI().
⎙ Attached 'Build Transcript.txt' to frameworkIncrementalInstallAPIPostHeaderRemoval().
⎙ Attached 'Build Description.txt' to frameworkIncrementalInstallAPIPostHeaderRemoval().
⎙ Attached 'Build Transcript.txt' to realityToolCachingBasics().
⎙ Attached 'Build Description.txt' to realityToolCachingBasics().
⎙ Attached 'Build Transcript.txt' to indexingAndPreviewInfo().
⎙ Attached 'Build Description.txt' to indexingAndPreviewInfo().
✔ Test indexingAndPreviewInfo() passed after 387.130 seconds.
⎙ Attached 'Build Transcript.txt' to shellScriptContentAwareIncrementalBehaviorWithTwoPhases().
⎙ Attached 'Build Description.txt' to shellScriptContentAwareIncrementalBehaviorWithTwoPhases().
✔ Test shellScriptContentAwareIncrementalBehaviorWithTwoPhases() passed after 387.141 seconds.
⎙ Attached 'Build Transcript.txt' to signatureDiffing().
⎙ Attached 'Build Description.txt' to signatureDiffing().
✔ Test signatureDiffing() passed after 387.157 seconds.
✔ Suite BuildBacktraceTests passed after 387.180 seconds.
⎙ Attached 'Build Transcript.txt' to frameworkIncrementalInstallAPI().
⎙ Attached 'Build Description.txt' to frameworkIncrementalInstallAPI().
⎙ Attached 'Build Transcript.txt' to incrementalCodesignForCopyFileChanges_iOS().
⎙ Attached 'Build Description.txt' to incrementalCodesignForCopyFileChanges_iOS().
⎙ Attached 'Build Transcript.txt' to cachingPluginOniOSPlatform().
⎙ Attached 'Build Description.txt' to cachingPluginOniOSPlatform().
✔ Test cachingPluginOniOSPlatform() passed after 387.286 seconds.
⎙ Attached 'Build Transcript.txt' to incrementalCodesignForCopyFileChangesWithAppHostedTests().
⎙ Attached 'Build Description.txt' to incrementalCodesignForCopyFileChangesWithAppHostedTests().
⎙ Attached 'Build Transcript.txt' to targetedDeviceFamilyFiltering_watchOS().
⎙ Attached 'Build Description.txt' to targetedDeviceFamilyFiltering_watchOS().
✔ Test targetedDeviceFamilyFiltering_watchOS() passed after 387.344 seconds.
⎙ Attached 'Build Transcript.txt' to targetedDeviceFamilyFiltering_tvOS().
⎙ Attached 'Build Description.txt' to targetedDeviceFamilyFiltering_tvOS().
✔ Test incrementalCodesignForCopyFileChangesWithAppHostedTests() passed after 387.555 seconds.
━ Suite UnitTestBuildOperationTests passed after 387.584 seconds with 9 known issues.
⎙ Attached 'Build Transcript.txt' to targetedDeviceFamilyFiltering_macOS().
⎙ Attached 'Build Description.txt' to targetedDeviceFamilyFiltering_macOS().
⎙ Attached 'Build Transcript.txt' to buildingHostTools().
⎙ Attached 'Build Transcript.txt' to minimalCopiedBundle().
⎙ Attached 'Build Description.txt' to minimalCopiedBundle().
⎙ Attached 'Build Transcript.txt' to prepareForIndexResultInfo().
⎙ Attached 'Build Description.txt' to prepareForIndexResultInfo().
⎙ Attached 'Build Transcript.txt' to previewXOJITBuilds(linkerDriver:).
⎙ Attached 'Build Description.txt' to previewXOJITBuilds(linkerDriver:).
✔ Test minimalCopiedBundle() passed after 387.803 seconds.
⎙ Attached 'Build Transcript.txt' to previewXOJITBuilds(linkerDriver:).
⎙ Attached 'Build Description.txt' to previewXOJITBuilds(linkerDriver:).
⎙ Attached 'Build Transcript.txt' to architectureSwitching().
⎙ Attached 'Build Description.txt' to architectureSwitching().
⎙ Attached 'Build Transcript.txt' to directoryInputAndOutput().
⎙ Attached 'Build Description.txt' to directoryInputAndOutput().
⎙ Attached 'Build Transcript.txt' to targetedDeviceFamilyFiltering_iOS().
⎙ Attached 'Build Description.txt' to targetedDeviceFamilyFiltering_iOS().
⎙ Attached 'Build Transcript.txt' to assetCatalogCachingBasics().
⎙ Attached 'Build Description.txt' to assetCatalogCachingBasics().
⎙ Attached 'Build Transcript.txt' to assetCatalogIncrementalRebuild().
⎙ Attached 'Build Description.txt' to assetCatalogIncrementalRebuild().
✔ Test assetCatalogIncrementalRebuild() passed after 390.015 seconds.
⎙ Attached 'Build Transcript.txt' to xCFrameworkProcessingStaticSkipAutoEmbed().
⎙ Attached 'Build Transcript.txt' to xCFrameworkProcessingObjectSkipAutoEmbed().
⎙ Attached 'Build Transcript.txt' to stubifyAvoidsRelinkingWhenExportedSymbolsDoNotChange().
⎙ Attached 'Build Description.txt' to stubifyAvoidsRelinkingWhenExportedSymbolsDoNotChange().
⎙ Attached 'Build Transcript.txt' to xCFrameworkProcessingStatic().
⎙ Attached 'Build Transcript.txt' to incrementalRebuildAcrossPlatforms().
⎙ Attached 'Build Description.txt' to incrementalRebuildAcrossPlatforms().
✔ Test incrementalRebuildAcrossPlatforms() passed after 390.247 seconds.
⎙ Attached 'Build Transcript.txt' to xCFrameworkProcessing().
⎙ Attached 'Build Transcript.txt' to cachingModulesBasicPlugin().
⎙ Attached 'Build Description.txt' to cachingModulesBasicPlugin().
⎙ Attached 'Build Transcript.txt' to xCFrameworkProcessingSkipDynamicAutoEmbed().
✔ Test cachingModulesBasicPlugin() passed after 390.376 seconds.
⎙ Attached 'Build Transcript.txt' to xCFrameworkProcessingObject().
⎙ Attached 'Build Transcript.txt' to cachingModulesBasic().
⎙ Attached 'Build Description.txt' to cachingModulesBasic().
⎙ Attached 'Build Transcript.txt' to cacheCleanup().
⎙ Attached 'Build Description.txt' to cacheCleanup().
✔ Test cacheCleanup() passed after 390.655 seconds.
✔ Test cachingModulesBasic() passed after 390.659 seconds.
✔ Suite ClangCompilationCachingTests passed after 390.683 seconds.
⎙ Attached 'Build Transcript.txt' to switchingBetweenSanitizerModes().
⎙ Attached 'Build Description.txt' to switchingBetweenSanitizerModes().
⎙ Attached 'Build Transcript.txt' to switchingBetweenSanitizerModesNew().
⎙ Attached 'Build Description.txt' to switchingBetweenSanitizerModesNew().
⎙ Attached 'Build Transcript.txt' to copiedFrameworks().
⎙ Attached 'Build Description.txt' to copiedFrameworks().
⎙ Attached 'Build Transcript.txt' to ibtoolCachingBasics().
⎙ Attached 'Build Description.txt' to ibtoolCachingBasics().
⎙ Attached 'Build Transcript for Build Operation "Debug".txt' to automaticMergedFrameworkCreation().
⎙ Attached 'Build Description for Build Operation "Debug".txt' to automaticMergedFrameworkCreation().
⎙ Attached 'Build Transcript.txt' to coreDataCodeGeneration().
⎙ Attached 'Build Description.txt' to coreDataCodeGeneration().
⎙ Attached 'Build Transcript.txt' to onDiskBuildDescriptionCache().
⎙ Attached 'Build Description.txt' to onDiskBuildDescriptionCache().
⎙ Attached 'Build Transcript.txt' to incrementalCodesignForCopyFileChanges().
⎙ Attached 'Build Description.txt' to incrementalCodesignForCopyFileChanges().
✔ Test onDiskBuildDescriptionCache() passed after 392.217 seconds.
✔ Suite BuildOperationDescriptionTests passed after 392.239 seconds.
⎙ Attached 'Build Transcript.txt' to diagnosingLanguageFeatureEnablement().
⎙ Attached 'Build Description.txt' to diagnosingLanguageFeatureEnablement().
⎙ Attached 'Build Transcript.txt' to incrementalBuild_eagerCompilation().
⎙ Attached 'Build Description.txt' to incrementalBuild_eagerCompilation().
⎙ Attached 'Build Transcript.txt' to actualMutableBehaviors().
⎙ Attached 'Build Description.txt' to actualMutableBehaviors().
✔ Test incrementalBuild_eagerCompilation() passed after 392.747 seconds.
⎙ Attached 'Build Transcript.txt' to discoveredDependencies().
⎙ Attached 'Build Description.txt' to discoveredDependencies().
⎙ Attached 'Build Transcript.txt' to pointerAuthenticationBuildSetting_iOS().
⎙ Attached 'Build Description.txt' to pointerAuthenticationBuildSetting_iOS().
⎙ Attached 'Build Transcript.txt' to incrementalCodesignForCopyFileChanges_MixedOnOff().
⎙ Attached 'Build Description.txt' to incrementalCodesignForCopyFileChanges_MixedOnOff().
⎙ Attached 'Build Transcript.txt' to outputAgnosticsFlagsRebuild().
⎙ Attached 'Build Description.txt' to outputAgnosticsFlagsRebuild().
⎙ Attached 'Build Transcript.txt' to dylibIncrementalInstallAPI().
⎙ Attached 'Build Description.txt' to dylibIncrementalInstallAPI().
⎙ Attached 'Build Transcript.txt' to frameworkIncrementalInstallAPIPostHeaderRemoval().
⎙ Attached 'Build Description.txt' to frameworkIncrementalInstallAPIPostHeaderRemoval().
⎙ Attached 'Build Transcript.txt' to swiftCASLimiting().
⎙ Attached 'Build Description.txt' to swiftCASLimiting().
⎙ Attached 'Build Transcript.txt' to realityToolCachingBasics().
✔ Test swiftCASLimiting() passed after 394.142 seconds.
✔ Suite SwiftCompilationCachingTests passed after 394.171 seconds.
⎙ Attached 'Build Transcript.txt' to frameworkIncrementalInstallAPI().
⎙ Attached 'Build Description.txt' to frameworkIncrementalInstallAPI().
⎙ Attached 'Build Transcript.txt' to swiftDiscoveredDeps().
⎙ Attached 'Build Description.txt' to swiftDiscoveredDeps().
⎙ Attached 'Build Transcript.txt' to incrementalCodesignForCopyFileChanges_iOS().
⎙ Attached 'Build Description.txt' to incrementalCodesignForCopyFileChanges_iOS().
⎙ Attached 'Build Transcript.txt' to targetedDeviceFamilyFiltering_tvOS().
⎙ Attached 'Build Description.txt' to targetedDeviceFamilyFiltering_tvOS().
✔ Test targetedDeviceFamilyFiltering_tvOS() passed after 394.209 seconds.
⎙ Attached 'Build Transcript.txt' to previewXOJITBuilds(linkerDriver:).
⎙ Attached 'Build Description.txt' to previewXOJITBuilds(linkerDriver:).
⎙ Attached 'Build Transcript.txt' to targetedDeviceFamilyFiltering_macOS().
⎙ Attached 'Build Description.txt' to targetedDeviceFamilyFiltering_macOS().
⎙ Attached 'Build Transcript.txt' to previewXOJITBuilds(linkerDriver:).
⎙ Attached 'Build Description.txt' to previewXOJITBuilds(linkerDriver:).
⎙ Attached 'Build Transcript.txt' to directoryInputAndOutput().
⎙ Attached 'Build Description.txt' to directoryInputAndOutput().
⎙ Attached 'Build Transcript.txt' to prepareForIndexResultInfo().
⎙ Attached 'Build Description.txt' to prepareForIndexResultInfo().
⎙ Attached 'Build Transcript.txt' to architectureSwitching().
⎙ Attached 'Build Description.txt' to architectureSwitching().
⎙ Attached 'Build Transcript.txt' to actualMinimalFramework().
⎙ Attached 'Build Description.txt' to actualMinimalFramework().
⎙ Attached 'Build Transcript.txt' to assetCatalogCachingBasics().
✔ Test prepareForIndexResultInfo() passed after 394.364 seconds.
✔ Suite IndexBuildOperationTests passed after 394.384 seconds.
⎙ Attached 'Build Transcript.txt' to targetedDeviceFamilyFiltering_iOS().
⎙ Attached 'Build Description.txt' to targetedDeviceFamilyFiltering_iOS().
⎙ Attached 'Build Transcript.txt' to stubifyAvoidsRelinkingWhenExportedSymbolsDoNotChange().
⎙ Attached 'Build Description.txt' to stubifyAvoidsRelinkingWhenExportedSymbolsDoNotChange().
⎙ Attached 'Build Transcript for Build Operation "Debug".txt' to mergedFrameworkCreationWithMultipleProjects().
⎙ Attached 'Build Description for Build Operation "Debug".txt' to mergedFrameworkCreationWithMultipleProjects().
⎙ Attached 'Build Transcript.txt' to copiedFrameworks().
⎙ Attached 'Build Description.txt' to copiedFrameworks().
⎙ Attached 'Build Transcript.txt' to xCFrameworkProcessingStaticSkipAutoEmbed().
⎙ Attached 'Build Description.txt' to xCFrameworkProcessingStaticSkipAutoEmbed().
⎙ Attached 'Build Transcript.txt' to switchingBetweenSanitizerModes().
⎙ Attached 'Build Description.txt' to switchingBetweenSanitizerModes().
⎙ Attached 'Build Transcript.txt' to switchingBetweenSanitizerModesNew().
⎙ Attached 'Build Description.txt' to switchingBetweenSanitizerModesNew().
⎙ Attached 'Build Transcript.txt' to xCFrameworkProcessingObjectSkipAutoEmbed().
⎙ Attached 'Build Description.txt' to xCFrameworkProcessingObjectSkipAutoEmbed().
⎙ Attached 'Build Transcript.txt' to pointerAuthenticationBuildSetting_macOS().
⎙ Attached 'Build Description.txt' to pointerAuthenticationBuildSetting_macOS().
⎙ Attached 'Build Transcript.txt' to ibtoolCachingBasics().
⎙ Attached 'Build Transcript.txt' to xCFrameworkProcessingStatic().
⎙ Attached 'Build Description.txt' to xCFrameworkProcessingStatic().
⎙ Attached 'Build Transcript.txt' to xCFrameworkProcessing().
⎙ Attached 'Build Description.txt' to xCFrameworkProcessing().
⎙ Attached 'Build Transcript.txt' to xCFrameworkProcessingSkipDynamicAutoEmbed().
⎙ Attached 'Build Description.txt' to xCFrameworkProcessingSkipDynamicAutoEmbed().
⎙ Attached 'Build Transcript.txt' to incrementalCodesignForCopyFileChanges().
⎙ Attached 'Build Description.txt' to incrementalCodesignForCopyFileChanges().
⎙ Attached 'Build Transcript.txt' to diagnosingLanguageFeatureEnablement().
⎙ Attached 'Build Description.txt' to diagnosingLanguageFeatureEnablement().
⎙ Attached 'Build Transcript.txt' to xCFrameworkProcessingObject().
⎙ Attached 'Build Description.txt' to xCFrameworkProcessingObject().
⎙ Attached 'Build Transcript.txt' to actualMutableBehaviors().
⎙ Attached 'Build Description.txt' to actualMutableBehaviors().
⎙ Attached 'Build Transcript.txt' to buildingHostTools().
⎙ Attached 'Build Description.txt' to buildingHostTools().
⎙ Attached 'Build Transcript.txt' to incrementalCodesignForCopyFileChanges_MixedOnOff().
⎙ Attached 'Build Description.txt' to incrementalCodesignForCopyFileChanges_MixedOnOff().
✔ Test buildingHostTools() passed after 396.194 seconds.
✔ Suite HostBuildToolBuildOperationTests passed after 396.213 seconds.
⎙ Attached 'Build Transcript.txt' to dylibIncrementalInstallAPI().
⎙ Attached 'Build Description.txt' to dylibIncrementalInstallAPI().
⎙ Attached 'Build Transcript.txt' to discoveredDependencies().
⎙ Attached 'Build Description.txt' to discoveredDependencies().
⎙ Attached 'Build Transcript.txt' to frameworkIncrementalInstallAPIPostHeaderRemoval().
✔ Test discoveredDependencies() passed after 396.448 seconds.
⎙ Attached 'Build Transcript.txt' to realityToolCachingBasics().
⎙ Attached 'Build Description.txt' to realityToolCachingBasics().
⎙ Attached 'Build Transcript.txt' to frameworkIncrementalInstallAPI().
✔ Test realityToolCachingBasics() passed after 396.481 seconds.
⎙ Attached 'Build Transcript.txt' to outputAgnosticsFlagsRebuild().
⎙ Attached 'Build Description.txt' to outputAgnosticsFlagsRebuild().
⎙ Attached 'Build Transcript.txt' to swiftDiscoveredDeps().
⎙ Attached 'Build Description.txt' to swiftDiscoveredDeps().
⎙ Attached 'Build Transcript.txt' to previewXOJITBuilds(linkerDriver:).
⎙ Attached 'Build Description.txt' to previewXOJITBuilds(linkerDriver:).
⎙ Attached 'Build Transcript.txt' to previewXOJITBuilds(linkerDriver:).
⎙ Attached 'Build Description.txt' to previewXOJITBuilds(linkerDriver:).
⎙ Attached 'Build Transcript.txt' to incrementalCodesignForCopyFileChanges_iOS().
⎙ Attached 'Build Description.txt' to incrementalCodesignForCopyFileChanges_iOS().
✔ Test swiftDiscoveredDeps() passed after 397.054 seconds.
✔ Suite DiscoveredDependenciesBuildOperationTests passed after 397.068 seconds.
⎙ Attached 'Build Transcript.txt' to targetedDeviceFamilyFiltering_macOS().
⎙ Attached 'Build Description.txt' to targetedDeviceFamilyFiltering_macOS().
⎙ Attached 'Build Transcript.txt' to directoryInputAndOutput().
⎙ Attached 'Build Description.txt' to directoryInputAndOutput().
⎙ Attached 'Build Transcript.txt' to assetCatalogCachingBasics().
⎙ Attached 'Build Description.txt' to assetCatalogCachingBasics().
✔ Test assetCatalogCachingBasics() passed after 397.398 seconds.
⎙ Attached 'Build Transcript.txt' to actualMinimalFramework().
⎙ Attached 'Build Description.txt' to actualMinimalFramework().
⎙ Attached 'Build Transcript.txt' to targetedDeviceFamilyFiltering_iOS().
⎙ Attached 'Build Description.txt' to targetedDeviceFamilyFiltering_iOS().
⎙ Attached 'Build Transcript.txt' to stubifyAvoidsRelinkingWhenExportedSymbolsDoNotChange().
⎙ Attached 'Build Description.txt' to stubifyAvoidsRelinkingWhenExportedSymbolsDoNotChange().
⎙ Attached 'Build Transcript.txt' to copiedFrameworks().
⎙ Attached 'Build Description.txt' to copiedFrameworks().
✔ Test stubifyAvoidsRelinkingWhenExportedSymbolsDoNotChange() passed after 397.978 seconds.
✔ Test copiedFrameworks() passed after 397.980 seconds.
⎙ Attached 'Build Transcript.txt' to switchingBetweenSanitizerModes().
⎙ Attached 'Build Description.txt' to switchingBetweenSanitizerModes().
⎙ Attached 'Build Transcript.txt' to switchingBetweenSanitizerModesNew().
⎙ Attached 'Build Description.txt' to switchingBetweenSanitizerModesNew().
⎙ Attached 'Build Transcript.txt' to coreDataCodeGeneration().
⎙ Attached 'Build Description.txt' to coreDataCodeGeneration().
⎙ Attached 'Build Transcript.txt' to xCFrameworkProcessingStaticSkipAutoEmbed().
⎙ Attached 'Build Transcript.txt' to xCFrameworkProcessingObjectSkipAutoEmbed().
⎙ Attached 'Build Transcript.txt' to pointerAuthenticationBuildSetting_iOS().
⎙ Attached 'Build Description.txt' to pointerAuthenticationBuildSetting_iOS().
⎙ Attached 'Build Transcript.txt' to diagnosingMissingTargetDependencies().
⎙ Attached 'Build Description.txt' to diagnosingMissingTargetDependencies().
⎙ Attached 'Build Transcript.txt' to xCFrameworkProcessingStatic().
✔ Test coreDataCodeGeneration() passed after 398.627 seconds.
✔ Suite CodeGenerationToolTests passed after 398.654 seconds.
⎙ Attached 'Build Transcript.txt' to ibtoolCachingBasics().
⎙ Attached 'Build Description.txt' to ibtoolCachingBasics().
✔ Test ibtoolCachingBasics() passed after 398.689 seconds.
✔ Suite GenericTaskCachingTests passed after 398.699 seconds.
⎙ Attached 'Build Transcript.txt' to architectureSwitching().
⎙ Attached 'Build Description.txt' to architectureSwitching().
⎙ Attached 'Build Transcript.txt' to xCFrameworkProcessing().
✔ Test architectureSwitching() passed after 398.787 seconds.
✔ Suite RebuildTests passed after 398.809 seconds.
⎙ Attached 'Build Transcript.txt' to xCFrameworkProcessingSkipDynamicAutoEmbed().
⎙ Attached 'Build Transcript.txt' to incrementalCodesignForCopyFileChanges().
⎙ Attached 'Build Description.txt' to incrementalCodesignForCopyFileChanges().
⎙ Attached 'Build Transcript.txt' to incrementalCodesignForCopyFileChanges_MixedOnOff().
⎙ Attached 'Build Description.txt' to incrementalCodesignForCopyFileChanges_MixedOnOff().
⎙ Attached 'Build Transcript.txt' to xCFrameworkProcessingObject().
⎙ Attached 'Build Transcript.txt' to dylibIncrementalInstallAPI().
⎙ Attached 'Build Transcript.txt' to actualMutableBehaviors().
⎙ Attached 'Build Description.txt' to actualMutableBehaviors().
⎙ Attached 'Build Transcript.txt' to diagnosingLanguageFeatureEnablement().
⎙ Attached 'Build Description.txt' to diagnosingLanguageFeatureEnablement().
⎙ Attached 'Build Transcript.txt' to previewXOJITBuilds(linkerDriver:).
⎙ Attached 'Build Description.txt' to previewXOJITBuilds(linkerDriver:).
⎙ Attached 'Build Transcript.txt' to outputAgnosticsFlagsRebuild().
⎙ Attached 'Build Description.txt' to outputAgnosticsFlagsRebuild().
⎙ Attached 'Build Transcript.txt' to frameworkIncrementalInstallAPIPostHeaderRemoval().
⎙ Attached 'Build Description.txt' to frameworkIncrementalInstallAPIPostHeaderRemoval().
⎙ Attached 'Build Transcript.txt' to previewXOJITBuilds(linkerDriver:).
⎙ Attached 'Build Description.txt' to previewXOJITBuilds(linkerDriver:).
⎙ Attached 'Build Transcript.txt' to directoryInputAndOutput().
⎙ Attached 'Build Description.txt' to directoryInputAndOutput().
⎙ Attached 'Build Transcript.txt' to targetedDeviceFamilyFiltering_macOS().
⎙ Attached 'Build Description.txt' to targetedDeviceFamilyFiltering_macOS().
✔ Test directoryInputAndOutput() passed after 23.112 seconds.
◇ Test downstreamTaskConsumeFileFromOutputDirectory() started.
⎙ Attached 'Build Transcript.txt' to frameworkIncrementalInstallAPI().
⎙ Attached 'Build Description.txt' to frameworkIncrementalInstallAPI().
⎙ Attached 'Build Transcript.txt' to incrementalCodesignForCopyFileChanges_iOS().
⎙ Attached 'Build Description.txt' to incrementalCodesignForCopyFileChanges_iOS().
⎙ Attached 'Build Transcript.txt' to targetedDeviceFamilyFiltering_iOS().
⎙ Attached 'Build Description.txt' to targetedDeviceFamilyFiltering_iOS().
✔ Test targetedDeviceFamilyFiltering_iOS() passed after 399.471 seconds.
⎙ Attached 'Build Transcript.txt' to actualMinimalFramework().
⎙ Attached 'Build Description.txt' to actualMinimalFramework().
⎙ Attached 'Build Transcript.txt' to switchingBetweenSanitizerModes().
⎙ Attached 'Build Description.txt' to switchingBetweenSanitizerModes().
⎙ Attached 'Build Transcript.txt' to switchingBetweenSanitizerModesNew().
⎙ Attached 'Build Description.txt' to switchingBetweenSanitizerModesNew().
✔ Test actualMinimalFramework() passed after 399.578 seconds.
⎙ Attached 'Build Transcript.txt' to diagnosingMissingTargetDependencies().
✔ Test diagnosingMissingTargetDependencies() passed after 399.593 seconds.
✔ Suite ClangExplicitModulesTests passed after 399.606 seconds.
⎙ Attached 'Build Transcript.txt' to xCFrameworkProcessingStaticSkipAutoEmbed().
⎙ Attached 'Build Description.txt' to xCFrameworkProcessingStaticSkipAutoEmbed().
⎙ Attached 'Build Transcript.txt' to xCFrameworkProcessingObjectSkipAutoEmbed().
⎙ Attached 'Build Description.txt' to xCFrameworkProcessingObjectSkipAutoEmbed().
⎙ Attached 'Build Transcript.txt' to xCFrameworkProcessingStatic().
⎙ Attached 'Build Description.txt' to xCFrameworkProcessingStatic().
⎙ Attached 'Build Transcript.txt' to xCFrameworkProcessing().
⎙ Attached 'Build Description.txt' to xCFrameworkProcessing().
✔ Test xCFrameworkProcessingStaticSkipAutoEmbed() passed after 399.755 seconds.
⎙ Attached 'Build Transcript.txt' to xCFrameworkProcessingSkipDynamicAutoEmbed().
⎙ Attached 'Build Description.txt' to xCFrameworkProcessingSkipDynamicAutoEmbed().
✔ Test xCFrameworkProcessingObjectSkipAutoEmbed() passed after 399.788 seconds.
✔ Test xCFrameworkProcessingStatic() passed after 399.808 seconds.
✔ Test xCFrameworkProcessing() passed after 399.817 seconds.
✔ Test xCFrameworkProcessingSkipDynamicAutoEmbed() passed after 399.845 seconds.
⎙ Attached 'Build Transcript.txt' to incrementalCodesignForCopyFileChanges().
⎙ Attached 'Build Description.txt' to incrementalCodesignForCopyFileChanges().
⎙ Attached 'Build Transcript.txt' to xCFrameworkProcessingObject().
⎙ Attached 'Build Description.txt' to xCFrameworkProcessingObject().
✔ Test xCFrameworkProcessingObject() passed after 399.968 seconds.
✔ Suite XCFrameworkBuildOperationTests passed after 399.995 seconds.
⎙ Attached 'Build Transcript.txt' to dylibIncrementalInstallAPI().
⎙ Attached 'Build Description.txt' to dylibIncrementalInstallAPI().
⎙ Attached 'Build Transcript.txt' to actualMutableBehaviors().
⎙ Attached 'Build Description.txt' to actualMutableBehaviors().
⎙ Attached 'Build Transcript.txt' to diagnosingLanguageFeatureEnablement().
⎙ Attached 'Build Description.txt' to diagnosingLanguageFeatureEnablement().
⎙ Attached 'Build Transcript.txt' to previewXOJITBuilds(linkerDriver:).
⎙ Attached 'Build Description.txt' to previewXOJITBuilds(linkerDriver:).
⎙ Attached 'Build Transcript.txt' to incrementalCodesignForCopyFileChanges_MixedOnOff().
⎙ Attached 'Build Description.txt' to incrementalCodesignForCopyFileChanges_MixedOnOff().
⎙ Attached 'Build Transcript.txt' to previewXOJITBuilds(linkerDriver:).
⎙ Attached 'Build Description.txt' to previewXOJITBuilds(linkerDriver:).
✔ Test previewXOJITBuilds(linkerDriver:) with 2 test cases passed after 400.512 seconds.
✔ Suite PreviewsBuildOperationTests passed after 400.532 seconds.
⎙ Attached 'Build Transcript.txt' to outputAgnosticsFlagsRebuild().
⎙ Attached 'Build Description.txt' to outputAgnosticsFlagsRebuild().
✔ Test outputAgnosticsFlagsRebuild() passed after 400.663 seconds.
⎙ Attached 'Build Transcript.txt' to frameworkIncrementalInstallAPIPostHeaderRemoval().
⎙ Attached 'Build Description.txt' to frameworkIncrementalInstallAPIPostHeaderRemoval().
⎙ Attached 'Build Transcript.txt' to frameworkIncrementalInstallAPI().
⎙ Attached 'Build Description.txt' to frameworkIncrementalInstallAPI().
⎙ Attached 'Build Transcript.txt' to targetedDeviceFamilyFiltering_macOS().
⎙ Attached 'Build Description.txt' to targetedDeviceFamilyFiltering_macOS().
⎙ Attached 'Build Transcript.txt' to incrementalCodesignForCopyFileChanges_iOS().
⎙ Attached 'Build Description.txt' to incrementalCodesignForCopyFileChanges_iOS().
⎙ Attached 'Build Transcript.txt' to switchingBetweenSanitizerModes().
⎙ Attached 'Build Description.txt' to switchingBetweenSanitizerModes().
⎙ Attached 'Build Transcript.txt' to switchingBetweenSanitizerModesNew().
⎙ Attached 'Build Description.txt' to switchingBetweenSanitizerModesNew().
⎙ Attached 'Build Transcript.txt' to pointerAuthenticationBuildSetting_macOS().
⎙ Attached 'Build Description.txt' to pointerAuthenticationBuildSetting_macOS().
⎙ Attached 'Build Transcript.txt' to downstreamTaskConsumeFileFromOutputDirectory().
⎙ Attached 'Build Description.txt' to downstreamTaskConsumeFileFromOutputDirectory().
⎙ Attached 'Build Transcript.txt' to dylibIncrementalInstallAPI().
⎙ Attached 'Build Description.txt' to dylibIncrementalInstallAPI().
⎙ Attached 'Build Transcript.txt' to pointerAuthenticationBuildSetting_iOS().
⎙ Attached 'Build Description.txt' to pointerAuthenticationBuildSetting_iOS().
✔ Test pointerAuthenticationBuildSetting_iOS() passed after 401.549 seconds.
⎙ Attached 'Build Transcript.txt' to incrementalCodesignForCopyFileChanges().
⎙ Attached 'Build Description.txt' to incrementalCodesignForCopyFileChanges().
⎙ Attached 'Build Transcript.txt' to incrementalCodesignForCopyFileChanges_MixedOnOff().
⎙ Attached 'Build Description.txt' to incrementalCodesignForCopyFileChanges_MixedOnOff().
⎙ Attached 'Build Transcript.txt' to frameworkIncrementalInstallAPIPostHeaderRemoval().
⎙ Attached 'Build Description.txt' to frameworkIncrementalInstallAPIPostHeaderRemoval().
⎙ Attached 'Build Transcript.txt' to frameworkIncrementalInstallAPI().
⎙ Attached 'Build Description.txt' to frameworkIncrementalInstallAPI().
⎙ Attached 'Build Transcript.txt' to diagnosingLanguageFeatureEnablement().
⎙ Attached 'Build Description.txt' to diagnosingLanguageFeatureEnablement().
✔ Test incrementalCodesignForCopyFileChanges_MixedOnOff() passed after 402.033 seconds.
⎙ Attached 'Build Transcript.txt' to targetedDeviceFamilyFiltering_macOS().
⎙ Attached 'Build Description.txt' to targetedDeviceFamilyFiltering_macOS().
⎙ Attached 'Build Transcript.txt' to switchingBetweenSanitizerModes().
⎙ Attached 'Build Description.txt' to switchingBetweenSanitizerModes().
⎙ Attached 'Build Transcript.txt' to downstreamTaskConsumeFileFromOutputDirectory().
⎙ Attached 'Build Description.txt' to downstreamTaskConsumeFileFromOutputDirectory().
⎙ Attached 'Build Transcript.txt' to incrementalCodesignForCopyFileChanges_iOS().
⎙ Attached 'Build Description.txt' to incrementalCodesignForCopyFileChanges_iOS().
✔ Test incrementalCodesignForCopyFileChanges_iOS() passed after 402.143 seconds.
⎙ Attached 'Build Transcript.txt' to frameworkIncrementalInstallAPI().
⎙ Attached 'Build Description.txt' to frameworkIncrementalInstallAPI().
⎙ Attached 'Build Transcript.txt' to switchingBetweenSanitizerModes().
⎙ Attached 'Build Description.txt' to switchingBetweenSanitizerModes().
⎙ Attached 'Build Transcript.txt' to dylibIncrementalInstallAPI().
⎙ Attached 'Build Description.txt' to dylibIncrementalInstallAPI().
⎙ Attached 'Build Transcript.txt' to diagnosingLanguageFeatureEnablement().
⎙ Attached 'Build Description.txt' to diagnosingLanguageFeatureEnablement().
⎙ Attached 'Build Transcript.txt' to switchingBetweenSanitizerModesNew().
⎙ Attached 'Build Description.txt' to switchingBetweenSanitizerModesNew().
⎙ Attached 'Build Transcript.txt' to frameworkIncrementalInstallAPI().
⎙ Attached 'Build Description.txt' to frameworkIncrementalInstallAPI().
⎙ Attached 'Build Transcript.txt' to dylibIncrementalInstallAPI().
⎙ Attached 'Build Description.txt' to dylibIncrementalInstallAPI().
⎙ Attached 'Build Transcript.txt' to targetedDeviceFamilyFiltering_macOS().
⎙ Attached 'Build Description.txt' to targetedDeviceFamilyFiltering_macOS().
⎙ Attached 'Build Transcript.txt' to frameworkIncrementalInstallAPIPostHeaderRemoval().
⎙ Attached 'Build Description.txt' to frameworkIncrementalInstallAPIPostHeaderRemoval().
⎙ Attached 'Build Transcript.txt' to frameworkIncrementalInstallAPI().
⎙ Attached 'Build Transcript.txt' to switchingBetweenSanitizerModes().
⎙ Attached 'Build Description.txt' to switchingBetweenSanitizerModes().
✔ Test frameworkIncrementalInstallAPI() passed after 402.358 seconds.
⎙ Attached 'Build Transcript.txt' to switchingBetweenSanitizerModesNew().
⎙ Attached 'Build Transcript.txt' to frameworkIncrementalInstallAPIPostHeaderRemoval().
⎙ Attached 'Build Description.txt' to switchingBetweenSanitizerModesNew().
⎙ Attached 'Build Description.txt' to frameworkIncrementalInstallAPIPostHeaderRemoval().
⎙ Attached 'Build Transcript.txt' to dylibIncrementalInstallAPI().
⎙ Attached 'Build Description.txt' to dylibIncrementalInstallAPI().
⎙ Attached 'Build Transcript.txt' to switchingBetweenSanitizerModes().
⎙ Attached 'Build Description.txt' to switchingBetweenSanitizerModes().
⎙ Attached 'Build Transcript.txt' to frameworkIncrementalInstallAPIPostHeaderRemoval().
✔ Test frameworkIncrementalInstallAPIPostHeaderRemoval() passed after 402.583 seconds.
⎙ Attached 'Build Transcript.txt' to dylibIncrementalInstallAPI().
⎙ Attached 'Build Description.txt' to dylibIncrementalInstallAPI().
⎙ Attached 'Build Transcript.txt' to switchingBetweenSanitizerModesNew().
⎙ Attached 'Build Description.txt' to switchingBetweenSanitizerModesNew().
⎙ Attached 'Build Transcript.txt' to dylibIncrementalInstallAPI().
✔ Test dylibIncrementalInstallAPI() passed after 402.658 seconds.
✔ Suite InstallAPIBuildOperationTests passed after 402.668 seconds.
⎙ Attached 'Build Transcript.txt' to targetedDeviceFamilyFiltering_macOS().
⎙ Attached 'Build Description.txt' to targetedDeviceFamilyFiltering_macOS().
⎙ Attached 'Build Transcript.txt' to switchingBetweenSanitizerModes().
⎙ Attached 'Build Description.txt' to switchingBetweenSanitizerModes().
⎙ Attached 'Build Transcript.txt' to downstreamTaskConsumeFileFromOutputDirectory().
⎙ Attached 'Build Description.txt' to downstreamTaskConsumeFileFromOutputDirectory().
⎙ Attached 'Build Transcript.txt' to downstreamTaskConsumeFileFromOutputDirectory().
⎙ Attached 'Build Description.txt' to downstreamTaskConsumeFileFromOutputDirectory().
⎙ Attached 'Build Transcript.txt' to switchingBetweenSanitizerModesNew().
⎙ Attached 'Build Description.txt' to switchingBetweenSanitizerModesNew().
⎙ Attached 'Build Transcript.txt' to incrementalCodesignForCopyFileChanges().
⎙ Attached 'Build Description.txt' to incrementalCodesignForCopyFileChanges().
⎙ Attached 'Build Transcript.txt' to switchingBetweenSanitizerModes().
⎙ Attached 'Build Description.txt' to switchingBetweenSanitizerModes().
⎙ Attached 'Build Transcript.txt' to targetedDeviceFamilyFiltering_macOS().
⎙ Attached 'Build Description.txt' to targetedDeviceFamilyFiltering_macOS().
⎙ Attached 'Build Transcript.txt' to diagnosingLanguageFeatureEnablement().
⎙ Attached 'Build Description.txt' to diagnosingLanguageFeatureEnablement().
⎙ Attached 'Build Transcript.txt' to switchingBetweenSanitizerModes().
⎙ Attached 'Build Description.txt' to switchingBetweenSanitizerModes().
⎙ Attached 'Build Transcript.txt' to switchingBetweenSanitizerModesNew().
⎙ Attached 'Build Description.txt' to switchingBetweenSanitizerModesNew().
⎙ Attached 'Build Transcript.txt' to diagnosingLanguageFeatureEnablement().
⎙ Attached 'Build Description.txt' to diagnosingLanguageFeatureEnablement().
⎙ Attached 'Build Transcript.txt' to switchingBetweenSanitizerModes().
⎙ Attached 'Build Description.txt' to switchingBetweenSanitizerModes().
⎙ Attached 'Build Transcript.txt' to downstreamTaskConsumeFileFromOutputDirectory().
⎙ Attached 'Build Description.txt' to downstreamTaskConsumeFileFromOutputDirectory().
⎙ Attached 'Build Transcript.txt' to switchingBetweenSanitizerModesNew().
⎙ Attached 'Build Description.txt' to switchingBetweenSanitizerModesNew().
⎙ Attached 'Build Transcript.txt' to targetedDeviceFamilyFiltering_macOS().
⎙ Attached 'Build Description.txt' to targetedDeviceFamilyFiltering_macOS().
⎙ Attached 'Build Transcript.txt' to incrementalCodesignForCopyFileChanges().
⎙ Attached 'Build Description.txt' to incrementalCodesignForCopyFileChanges().
✔ Test incrementalCodesignForCopyFileChanges() passed after 403.312 seconds.
⎙ Attached 'Build Transcript.txt' to switchingBetweenSanitizerModesNew().
⎙ Attached 'Build Description.txt' to switchingBetweenSanitizerModesNew().
⎙ Attached 'Build Transcript.txt' to switchingBetweenSanitizerModes().
⎙ Attached 'Build Description.txt' to switchingBetweenSanitizerModes().
⎙ Attached 'Build Transcript.txt' to downstreamTaskConsumeFileFromOutputDirectory().
⎙ Attached 'Build Description.txt' to downstreamTaskConsumeFileFromOutputDirectory().
⎙ Attached 'Build Transcript.txt' to downstreamTaskConsumeFileFromOutputDirectory().
⎙ Attached 'Build Description.txt' to downstreamTaskConsumeFileFromOutputDirectory().
⎙ Attached 'Build Transcript.txt' to targetedDeviceFamilyFiltering_macOS().
⎙ Attached 'Build Description.txt' to targetedDeviceFamilyFiltering_macOS().
⎙ Attached 'Build Transcript.txt' to switchingBetweenSanitizerModesNew().
⎙ Attached 'Build Description.txt' to switchingBetweenSanitizerModesNew().
⎙ Attached 'Build Transcript.txt' to switchingBetweenSanitizerModes().
⎙ Attached 'Build Description.txt' to switchingBetweenSanitizerModes().
⎙ Attached 'Build Transcript.txt' to switchingBetweenSanitizerModes().
⎙ Attached 'Build Description.txt' to switchingBetweenSanitizerModes().
⎙ Attached 'Build Transcript.txt' to switchingBetweenSanitizerModesNew().
⎙ Attached 'Build Description.txt' to switchingBetweenSanitizerModesNew().
⎙ Attached 'Build Transcript.txt' to switchingBetweenSanitizerModesNew().
⎙ Attached 'Build Description.txt' to switchingBetweenSanitizerModesNew().
⎙ Attached 'Build Transcript.txt' to targetedDeviceFamilyFiltering_macOS().
⎙ Attached 'Build Description.txt' to targetedDeviceFamilyFiltering_macOS().
⎙ Attached 'Build Transcript.txt' to diagnosingLanguageFeatureEnablement().
⎙ Attached 'Build Description.txt' to diagnosingLanguageFeatureEnablement().
⎙ Attached 'Build Transcript.txt' to diagnosingLanguageFeatureEnablement().
⎙ Attached 'Build Description.txt' to diagnosingLanguageFeatureEnablement().
⎙ Attached 'Build Transcript.txt' to switchingBetweenSanitizerModes().
⎙ Attached 'Build Description.txt' to switchingBetweenSanitizerModes().
⎙ Attached 'Build Transcript.txt' to downstreamTaskConsumeFileFromOutputDirectory().
⎙ Attached 'Build Description.txt' to downstreamTaskConsumeFileFromOutputDirectory().
⎙ Attached 'Build Transcript.txt' to downstreamTaskConsumeFileFromOutputDirectory().
⎙ Attached 'Build Description.txt' to downstreamTaskConsumeFileFromOutputDirectory().
⎙ Attached 'Build Transcript.txt' to switchingBetweenSanitizerModes().
⎙ Attached 'Build Description.txt' to switchingBetweenSanitizerModes().
⎙ Attached 'Build Transcript.txt' to switchingBetweenSanitizerModesNew().
⎙ Attached 'Build Description.txt' to switchingBetweenSanitizerModesNew().
⎙ Attached 'Build Transcript.txt' to switchingBetweenSanitizerModes().
⎙ Attached 'Build Description.txt' to switchingBetweenSanitizerModes().
⎙ Attached 'Build Transcript.txt' to targetedDeviceFamilyFiltering_macOS().
⎙ Attached 'Build Description.txt' to targetedDeviceFamilyFiltering_macOS().
⎙ Attached 'Build Transcript.txt' to targetedDeviceFamilyFiltering_macOS().
⎙ Attached 'Build Description.txt' to targetedDeviceFamilyFiltering_macOS().
⎙ Attached 'Build Transcript.txt' to downstreamTaskConsumeFileFromOutputDirectory().
⎙ Attached 'Build Description.txt' to downstreamTaskConsumeFileFromOutputDirectory().
⎙ Attached 'Build Transcript.txt' to switchingBetweenSanitizerModesNew().
⎙ Attached 'Build Description.txt' to switchingBetweenSanitizerModesNew().
✔ Test downstreamTaskConsumeFileFromOutputDirectory() passed after 4.713 seconds.
◇ Test blockTaskWritingToOwnedDirectory() started.
⎙ Attached 'Build Transcript.txt' to switchingBetweenSanitizerModesNew().
⎙ Attached 'Build Description.txt' to switchingBetweenSanitizerModesNew().
⎙ Attached 'Build Transcript.txt' to switchingBetweenSanitizerModes().
⎙ Attached 'Build Description.txt' to switchingBetweenSanitizerModes().
⎙ Attached 'Build Transcript.txt' to diagnosingLanguageFeatureEnablement().
⎙ Attached 'Build Description.txt' to diagnosingLanguageFeatureEnablement().
⎙ Attached 'Build Transcript.txt' to blockTaskWritingToOwnedDirectory().
⎙ Attached 'Build Description.txt' to blockTaskWritingToOwnedDirectory().
✔ Test blockTaskWritingToOwnedDirectory() passed after 0.081 seconds.
◇ Test blockMultipleOwnersWithinSameTarget() started.
⎙ Attached 'Build Transcript.txt' to diagnosingLanguageFeatureEnablement().
⎙ Attached 'Build Description.txt' to diagnosingLanguageFeatureEnablement().
⎙ Attached 'Build Transcript.txt' to targetedDeviceFamilyFiltering_macOS().
⎙ Attached 'Build Description.txt' to targetedDeviceFamilyFiltering_macOS().
✔ Test targetedDeviceFamilyFiltering_macOS() passed after 404.254 seconds.
✔ Suite DeviceFamilyBuildOperationTests passed after 404.277 seconds.
✔ Test diagnosingLanguageFeatureEnablement() passed after 404.269 seconds.
━ Suite SwiftDriverTests passed after 404.280 seconds with 98 known issues.
⎙ Attached 'Build Transcript.txt' to blockMultipleOwnersWithinSameTarget().
⎙ Attached 'Build Description.txt' to blockMultipleOwnersWithinSameTarget().
⎙ Attached 'Build Transcript.txt' to switchingBetweenSanitizerModesNew().
⎙ Attached 'Build Description.txt' to switchingBetweenSanitizerModesNew().
✔ Test blockMultipleOwnersWithinSameTarget() passed after 0.247 seconds.
◇ Test twoTasksWritingToDirectoryOneTaskConsuming() started.
⎙ Attached 'Build Transcript.txt' to switchingBetweenSanitizerModes().
⎙ Attached 'Build Description.txt' to switchingBetweenSanitizerModes().
⎙ Attached 'Build Transcript.txt' to switchingBetweenSanitizerModes().
⎙ Attached 'Build Transcript.txt' to switchingBetweenSanitizerModesNew().
⎙ Attached 'Build Description.txt' to switchingBetweenSanitizerModes().
⎙ Attached 'Build Description.txt' to switchingBetweenSanitizerModesNew().
⎙ Attached 'Build Transcript.txt' to actualMutableBehaviors().
⎙ Attached 'Build Description.txt' to actualMutableBehaviors().
⎙ Attached 'Build Transcript.txt' to switchingBetweenSanitizerModes().
⎙ Attached 'Build Description.txt' to switchingBetweenSanitizerModes().
⎙ Attached 'Build Transcript.txt' to switchingBetweenSanitizerModesNew().
⎙ Attached 'Build Description.txt' to switchingBetweenSanitizerModesNew().
✔ Test switchingBetweenSanitizerModes() passed after 404.786 seconds.
⎙ Attached 'Build Transcript.txt' to actualMutableBehaviors().
⎙ Attached 'Build Description.txt' to actualMutableBehaviors().
⎙ Attached 'Build Transcript.txt' to switchingBetweenSanitizerModesNew().
⎙ Attached 'Build Description.txt' to switchingBetweenSanitizerModesNew().
⎙ Attached 'Build Transcript.txt' to switchingBetweenSanitizerModesNew().
⎙ Attached 'Build Description.txt' to switchingBetweenSanitizerModesNew().
⎙ Attached 'Build Transcript.txt' to actualMutableBehaviors().
⎙ Attached 'Build Description.txt' to actualMutableBehaviors().
⎙ Attached 'Build Transcript.txt' to pointerAuthenticationBuildSetting_macOS().
⎙ Attached 'Build Description.txt' to pointerAuthenticationBuildSetting_macOS().
⎙ Attached 'Build Transcript.txt' to actualMutableBehaviors().
⎙ Attached 'Build Description.txt' to actualMutableBehaviors().
✔ Test pointerAuthenticationBuildSetting_macOS() passed after 405.129 seconds.
⎙ Attached 'Build Transcript.txt' to switchingBetweenSanitizerModesNew().
⎙ Attached 'Build Description.txt' to switchingBetweenSanitizerModesNew().
⎙ Attached 'Build Transcript.txt' to switchingBetweenSanitizerModesNew().
⎙ Attached 'Build Description.txt' to switchingBetweenSanitizerModesNew().
⎙ Attached 'Build Transcript.txt' to switchingBetweenSanitizerModesNew().
⎙ Attached 'Build Description.txt' to switchingBetweenSanitizerModesNew().
⎙ Attached 'Build Transcript.txt' to switchingBetweenSanitizerModesNew().
⎙ Attached 'Build Description.txt' to switchingBetweenSanitizerModesNew().
⎙ Attached 'Build Transcript.txt' to switchingBetweenSanitizerModesNew().
⎙ Attached 'Build Description.txt' to switchingBetweenSanitizerModesNew().
⎙ Attached 'Build Transcript.txt' to switchingBetweenSanitizerModesNew().
⎙ Attached 'Build Description.txt' to switchingBetweenSanitizerModesNew().
⎙ Attached 'Build Transcript.txt' to switchingBetweenSanitizerModesNew().
⎙ Attached 'Build Description.txt' to switchingBetweenSanitizerModesNew().
⎙ Attached 'Build Transcript.txt' to switchingBetweenSanitizerModesNew().
⎙ Attached 'Build Description.txt' to switchingBetweenSanitizerModesNew().
⎙ Attached 'Build Transcript.txt' to switchingBetweenSanitizerModesNew().
⎙ Attached 'Build Description.txt' to switchingBetweenSanitizerModesNew().
⎙ Attached 'Build Transcript.txt' to switchingBetweenSanitizerModesNew().
⎙ Attached 'Build Description.txt' to switchingBetweenSanitizerModesNew().
⎙ Attached 'Build Transcript.txt' to switchingBetweenSanitizerModesNew().
⎙ Attached 'Build Description.txt' to switchingBetweenSanitizerModesNew().
⎙ Attached 'Build Transcript.txt' to switchingBetweenSanitizerModesNew().
⎙ Attached 'Build Description.txt' to switchingBetweenSanitizerModesNew().
⎙ Attached 'Build Transcript.txt' to switchingBetweenSanitizerModesNew().
⎙ Attached 'Build Description.txt' to switchingBetweenSanitizerModesNew().
⎙ Attached 'Build Transcript.txt' to switchingBetweenSanitizerModesNew().
⎙ Attached 'Build Description.txt' to switchingBetweenSanitizerModesNew().
⎙ Attached 'Build Transcript.txt' to switchingBetweenSanitizerModesNew().
⎙ Attached 'Build Description.txt' to switchingBetweenSanitizerModesNew().
⎙ Attached 'Build Transcript.txt' to twoTasksWritingToDirectoryOneTaskConsuming().
⎙ Attached 'Build Description.txt' to twoTasksWritingToDirectoryOneTaskConsuming().
⎙ Attached 'Build Transcript.txt' to twoTasksWritingToDirectoryOneTaskConsuming().
⎙ Attached 'Build Description.txt' to twoTasksWritingToDirectoryOneTaskConsuming().
⎙ Attached 'Build Transcript.txt' to twoTasksWritingToDirectoryOneTaskConsuming().
⎙ Attached 'Build Description.txt' to twoTasksWritingToDirectoryOneTaskConsuming().
⎙ Attached 'Build Transcript.txt' to switchingBetweenSanitizerModesNew().
⎙ Attached 'Build Description.txt' to switchingBetweenSanitizerModesNew().
⎙ Attached 'Build Transcript.txt' to twoTasksWritingToDirectoryOneTaskConsuming().
⎙ Attached 'Build Description.txt' to twoTasksWritingToDirectoryOneTaskConsuming().
⎙ Attached 'Build Transcript.txt' to twoTasksWritingToDirectoryOneTaskConsuming().
⎙ Attached 'Build Description.txt' to twoTasksWritingToDirectoryOneTaskConsuming().
⎙ Attached 'Build Transcript.txt' to twoTasksWritingToDirectoryOneTaskConsuming().
⎙ Attached 'Build Description.txt' to twoTasksWritingToDirectoryOneTaskConsuming().
⎙ Attached 'Build Transcript.txt' to twoTasksWritingToDirectoryOneTaskConsuming().
⎙ Attached 'Build Description.txt' to twoTasksWritingToDirectoryOneTaskConsuming().
⎙ Attached 'Build Transcript.txt' to switchingBetweenSanitizerModesNew().
⎙ Attached 'Build Description.txt' to switchingBetweenSanitizerModesNew().
⎙ Attached 'Build Transcript.txt' to twoTasksWritingToDirectoryOneTaskConsuming().
⎙ Attached 'Build Description.txt' to twoTasksWritingToDirectoryOneTaskConsuming().
✔ Test twoTasksWritingToDirectoryOneTaskConsuming() passed after 2.629 seconds.
◇ Test modernBlockUndeclaredInputOutputFromDiskWhenRecursiveScriptInputIsOn() started.
⎙ Attached 'Build Transcript.txt' to switchingBetweenSanitizerModesNew().
⎙ Attached 'Build Description.txt' to switchingBetweenSanitizerModesNew().
⎙ Attached 'Build Transcript.txt' to actualMutableBehaviors().
⎙ Attached 'Build Description.txt' to actualMutableBehaviors().
⎙ Attached 'Build Transcript.txt' to switchingBetweenSanitizerModesNew().
⎙ Attached 'Build Description.txt' to switchingBetweenSanitizerModesNew().
⎙ Attached 'Build Transcript.txt' to actualMutableBehaviors().
⎙ Attached 'Build Description.txt' to actualMutableBehaviors().
⎙ Attached 'Build Transcript.txt' to switchingBetweenSanitizerModesNew().
⎙ Attached 'Build Description.txt' to switchingBetweenSanitizerModesNew().
⎙ Attached 'Build Transcript.txt' to switchingBetweenSanitizerModesNew().
⎙ Attached 'Build Description.txt' to switchingBetweenSanitizerModesNew().
⎙ Attached 'Build Transcript.txt' to actualMutableBehaviors().
⎙ Attached 'Build Description.txt' to actualMutableBehaviors().
⎙ Attached 'Build Transcript.txt' to actualMutableBehaviors().
⎙ Attached 'Build Description.txt' to actualMutableBehaviors().
⎙ Attached 'Build Transcript.txt' to switchingBetweenSanitizerModesNew().
⎙ Attached 'Build Description.txt' to switchingBetweenSanitizerModesNew().
⎙ Attached 'Build Transcript.txt' to switchingBetweenSanitizerModesNew().
⎙ Attached 'Build Description.txt' to switchingBetweenSanitizerModesNew().
⎙ Attached 'Build Transcript.txt' to switchingBetweenSanitizerModesNew().
⎙ Attached 'Build Description.txt' to switchingBetweenSanitizerModesNew().
⎙ Attached 'Build Transcript.txt' to switchingBetweenSanitizerModesNew().
⎙ Attached 'Build Description.txt' to switchingBetweenSanitizerModesNew().
⎙ Attached 'Build Transcript.txt' to switchingBetweenSanitizerModesNew().
⎙ Attached 'Build Description.txt' to switchingBetweenSanitizerModesNew().
⎙ Attached 'Build Transcript.txt' to switchingBetweenSanitizerModesNew().
⎙ Attached 'Build Description.txt' to switchingBetweenSanitizerModesNew().
⎙ Attached 'Build Transcript.txt' to switchingBetweenSanitizerModesNew().
⎙ Attached 'Build Description.txt' to switchingBetweenSanitizerModesNew().
⎙ Attached 'Build Transcript.txt' to switchingBetweenSanitizerModesNew().
⎙ Attached 'Build Description.txt' to switchingBetweenSanitizerModesNew().
⎙ Attached 'Build Transcript.txt' to switchingBetweenSanitizerModesNew().
⎙ Attached 'Build Description.txt' to switchingBetweenSanitizerModesNew().
⎙ Attached 'Build Transcript.txt' to switchingBetweenSanitizerModesNew().
⎙ Attached 'Build Description.txt' to switchingBetweenSanitizerModesNew().
⎙ Attached 'Build Transcript for Build Operation "Release".txt' to mergedFrameworkCreationWithMultipleProjects().
⎙ Attached 'Build Description for Build Operation "Release".txt' to mergedFrameworkCreationWithMultipleProjects().
⎙ Attached 'Build Transcript for Build Operation "Release".txt' to automaticMergedFrameworkCreation().
⎙ Attached 'Build Description for Build Operation "Release".txt' to automaticMergedFrameworkCreation().
⎙ Attached 'Build Transcript.txt' to switchingBetweenSanitizerModesNew().
⎙ Attached 'Build Description.txt' to switchingBetweenSanitizerModesNew().
✔ Test mergedFrameworkCreationWithMultipleProjects() passed after 408.691 seconds.
⎙ Attached 'Build Transcript.txt' to switchingBetweenSanitizerModesNew().
⎙ Attached 'Build Description.txt' to switchingBetweenSanitizerModesNew().
✔ Test automaticMergedFrameworkCreation() passed after 408.761 seconds.
✔ Suite MergeableLibrariesBuildOperationTests passed after 408.785 seconds.
⎙ Attached 'Build Transcript.txt' to modernBlockUndeclaredInputOutputFromDiskWhenRecursiveScriptInputIsOn().
⎙ Attached 'Build Description.txt' to modernBlockUndeclaredInputOutputFromDiskWhenRecursiveScriptInputIsOn().
⎙ Attached 'Build Transcript.txt' to switchingBetweenSanitizerModesNew().
⎙ Attached 'Build Description.txt' to switchingBetweenSanitizerModesNew().
⎙ Attached 'Build Transcript.txt' to switchingBetweenSanitizerModesNew().
⎙ Attached 'Build Description.txt' to switchingBetweenSanitizerModesNew().
⎙ Attached 'Build Transcript.txt' to switchingBetweenSanitizerModesNew().
⎙ Attached 'Build Description.txt' to switchingBetweenSanitizerModesNew().
⎙ Attached 'Build Transcript.txt' to switchingBetweenSanitizerModesNew().
⎙ Attached 'Build Description.txt' to switchingBetweenSanitizerModesNew().
⎙ Attached 'Build Transcript.txt' to switchingBetweenSanitizerModesNew().
⎙ Attached 'Build Description.txt' to switchingBetweenSanitizerModesNew().
✔ Test switchingBetweenSanitizerModesNew() passed after 409.231 seconds.
✔ Suite StaleFileRemovalTests passed after 409.256 seconds.
⎙ Attached 'Build Transcript.txt' to actualMutableBehaviors().
⎙ Attached 'Build Description.txt' to actualMutableBehaviors().
⎙ Attached 'Build Transcript.txt' to actualMutableBehaviors().
⎙ Attached 'Build Description.txt' to actualMutableBehaviors().
⎙ Attached 'Build Transcript.txt' to actualMutableBehaviors().
⎙ Attached 'Build Description.txt' to actualMutableBehaviors().
⎙ Attached 'Build Transcript.txt' to actualMutableBehaviors().
⎙ Attached 'Build Description.txt' to actualMutableBehaviors().
✔ Test actualMutableBehaviors() passed after 409.883 seconds.
✔ Suite BuildOperationTests passed after 409.903 seconds.
⎙ Attached 'Build Transcript.txt' to modernBlockUndeclaredInputOutputFromDiskWhenRecursiveScriptInputIsOn().
⎙ Attached 'Build Description.txt' to modernBlockUndeclaredInputOutputFromDiskWhenRecursiveScriptInputIsOn().
✔ Test modernBlockUndeclaredInputOutputFromDiskWhenRecursiveScriptInputIsOn() passed after 3.111 seconds.
◇ Test legacyBlockUndeclaredInputOutputFromDiskWhenRecursiveScriptInputIsOn() started.
⎙ Attached 'Build Transcript.txt' to legacyBlockUndeclaredInputOutputFromDiskWhenRecursiveScriptInputIsOn().
⎙ Attached 'Build Description.txt' to legacyBlockUndeclaredInputOutputFromDiskWhenRecursiveScriptInputIsOn().
⎙ Attached 'Build Transcript.txt' to legacyBlockUndeclaredInputOutputFromDiskWhenRecursiveScriptInputIsOn().
⎙ Attached 'Build Description.txt' to legacyBlockUndeclaredInputOutputFromDiskWhenRecursiveScriptInputIsOn().
✔ Test legacyBlockUndeclaredInputOutputFromDiskWhenRecursiveScriptInputIsOn() passed after 2.717 seconds.
◇ Test ensureMkdirSucceedsInDeclaredOutput() started.
⎙ Attached 'Build Transcript.txt' to ensureMkdirSucceedsInDeclaredOutput().
⎙ Attached 'Build Description.txt' to ensureMkdirSucceedsInDeclaredOutput().
✔ Test ensureMkdirSucceedsInDeclaredOutput() passed after 0.279 seconds.
◇ Test ensureProperlyDeclaredInputOutputViaXCFileListSucceeds() started.
⎙ Attached 'Build Transcript.txt' to ensureProperlyDeclaredInputOutputViaXCFileListSucceeds().
⎙ Attached 'Build Description.txt' to ensureProperlyDeclaredInputOutputViaXCFileListSucceeds().
✔ Test ensureProperlyDeclaredInputOutputViaXCFileListSucceeds() passed after 0.284 seconds.
◇ Test blockUndeclaredInputOrOutputFromDisk() started.
⎙ Attached 'Build Transcript.txt' to blockUndeclaredInputOrOutputFromDisk().
⎙ Attached 'Build Description.txt' to blockUndeclaredInputOrOutputFromDisk().
⎙ Attached 'Build Transcript.txt' to blockUndeclaredInputOrOutputFromDisk().
⎙ Attached 'Build Description.txt' to blockUndeclaredInputOrOutputFromDisk().
✔ Test blockUndeclaredInputOrOutputFromDisk() passed after 2.613 seconds.
◇ Test blockUndeclaredInputFromAnotherPhase() started.
⎙ Attached 'Build Transcript.txt' to blockUndeclaredInputFromAnotherPhase().
⎙ Attached 'Build Description.txt' to blockUndeclaredInputFromAnotherPhase().
✔ Test blockUndeclaredInputFromAnotherPhase() passed after 1.532 seconds.
◇ Test blockDeclaredDependencyOnUndeclaredEmissionFromAnotherTarget() started.
⎙ Attached 'Build Transcript.txt' to blockDeclaredDependencyOnUndeclaredEmissionFromAnotherTarget().
⎙ Attached 'Build Description.txt' to blockDeclaredDependencyOnUndeclaredEmissionFromAnotherTarget().
✔ Test blockDeclaredDependencyOnUndeclaredEmissionFromAnotherTarget() passed after 1.595 seconds.
◇ Test ensureFoundationDataWorksWithRelativePath() started.
⎙ Attached 'Build Transcript.txt' to ensureFoundationDataWorksWithRelativePath().
⎙ Attached 'Build Description.txt' to ensureFoundationDataWorksWithRelativePath().
✔ Test ensureFoundationDataWorksWithRelativePath() passed after 0.982 seconds.
◇ Test ensureProjectDirIsBlocked() started.
⎙ Attached 'Build Transcript.txt' to ensureProjectDirIsBlocked().
⎙ Attached 'Build Description.txt' to ensureProjectDirIsBlocked().
✔ Test ensureProjectDirIsBlocked() passed after 1.280 seconds.
◇ Test ensureDerivedDataIsWritable() started.
⎙ Attached 'Build Transcript.txt' to ensureDerivedDataIsWritable().
⎙ Attached 'Build Description.txt' to ensureDerivedDataIsWritable().
✔ Test ensureDerivedDataIsWritable() passed after 0.282 seconds.
◇ Test ensureSandboxingAppliesToBuildRules() started.
⎙ Attached 'Build Transcript.txt' to ensureSandboxingAppliesToBuildRules().
⎙ Attached 'Build Description.txt' to ensureSandboxingAppliesToBuildRules().
✔ Test ensureSandboxingAppliesToBuildRules() passed after 1.519 seconds.
✔ Suite ShellScriptSandboxingTests passed after 423.271 seconds.
━ Test run with 2751 tests in 391 suites passed after 423.272 seconds with 115 known issues.
